
framed_multi<float,-4,4>
Clifford algebra expressions test:
Fill: 0.5
Cl( 1, 0) in Cl( 1, 0) CPU =        0.007 ms (setup)        0.006 (comm)        0.008 (pade)        0.004 (series)        0.001 (mix)        0.003 (add) 
Cl( 1, 1) in Cl( 1, 1) CPU =        0.002 ms (setup)        0.002 (comm)        0.007 (pade)        0.001 (series)        0.001 (mix)        0.003 (add) 
Cl( 2, 1) in Cl( 2, 1) CPU =        0.002 ms (setup)        0.009 (comm)        0.018 (pade)        0.011 (series)        0.003 (mix)        0.003 (add) 
Cl( 2, 2) in Cl( 2, 2) CPU =        0.004 ms (setup)        0.015 (comm)        0.022 (pade)        0.019 (series)        1.404 (mix)        0.003 (add) 
Cl( 3, 2) in Cl( 3, 2) CPU =        0.006 ms (setup)        0.033 (comm)        0.097 (pade)        0.033 (series)        0.012 (mix)        0.005 (add) 
Cl( 3, 3) in Cl( 3, 3) CPU =        0.015 ms (setup)        1.604 (comm)        0.130 (pade)        0.136 (series)        0.032 (mix)        0.009 (add) 
Cl( 4, 3) in Cl( 4, 3) CPU =        0.030 ms (setup)        0.220 (comm)        1.940 (pade)        1.893 (series)        0.077 (mix)        0.020 (add) 
Cl( 4, 4) in Cl( 4, 4) CPU =        0.063 ms (setup)        4.362 (comm)        2.134 (pade)        9.928 (series)        0.216 (mix)        0.050 (add) 
Cl( 1, 0) in Cl( 4, 4) CPU =        0.002 ms (setup)        0.001 (comm)        0.007 (pade)        0.005 (series)        0.001 (mix)        0.002 (add) 
Cl( 1, 1) in Cl( 4, 4) CPU =        0.002 ms (setup)        0.004 (comm)        0.007 (pade)        0.005 (series)        0.001 (mix)        0.003 (add) 
Cl( 2, 1) in Cl( 4, 4) CPU =        0.003 ms (setup)        0.009 (comm)        0.018 (pade)        0.013 (series)        0.004 (mix)        0.003 (add) 
Cl( 2, 2) in Cl( 4, 4) CPU =        0.004 ms (setup)        0.016 (comm)        0.021 (pade)        0.022 (series)        0.005 (mix)        0.003 (add) 
Cl( 3, 2) in Cl( 4, 4) CPU =        0.007 ms (setup)        0.035 (comm)        1.598 (pade)        0.052 (series)        0.013 (mix)        0.005 (add) 
Cl( 3, 3) in Cl( 4, 4) CPU =        0.015 ms (setup)        0.088 (comm)        1.646 (pade)        0.139 (series)        0.034 (mix)        0.012 (add) 
Cl( 4, 3) in Cl( 4, 4) CPU =        0.029 ms (setup)        1.696 (comm)        1.938 (pade)        1.857 (series)        0.069 (mix)        0.018 (add) 
Cl( 4, 4) in Cl( 4, 4) CPU =        0.062 ms (setup)        5.830 (comm)        3.627 (pade)        9.930 (series)        0.205 (mix)        1.548 (add) 
Fill: 1
Cl( 1, 0) in Cl( 1, 0) CPU =        0.002 ms (setup)        0.005 (comm)        0.007 (pade)        0.007 (series)        0.002 (mix)        0.003 (add) 
Cl( 1, 1) in Cl( 1, 1) CPU =        0.002 ms (setup)        0.007 (comm)        0.007 (pade)        0.009 (series)        0.003 (mix)        0.003 (add) 
Cl( 2, 1) in Cl( 2, 1) CPU =        0.003 ms (setup)        0.011 (comm)        0.019 (pade)        0.014 (series)        0.004 (mix)        0.003 (add) 
Cl( 2, 2) in Cl( 2, 2) CPU =        0.005 ms (setup)        0.022 (comm)        0.029 (pade)        0.028 (series)        0.007 (mix)        0.004 (add) 
Cl( 3, 2) in Cl( 3, 2) CPU =        0.011 ms (setup)        1.560 (comm)        0.094 (pade)        0.072 (series)        0.018 (mix)        0.007 (add) 
Cl( 3, 3) in Cl( 3, 3) CPU =        0.022 ms (setup)        1.661 (comm)        0.137 (pade)        1.719 (series)        0.043 (mix)        0.013 (add) 
Cl( 4, 3) in Cl( 4, 3) CPU =        0.047 ms (setup)        0.453 (comm)        1.974 (pade)        2.194 (series)        0.106 (mix)        0.028 (add) 
Cl( 4, 4) in Cl( 4, 4) CPU =        0.104 ms (setup)        7.689 (comm)        3.751 (pade)       10.287 (series)        0.285 (mix)        1.585 (add) 
Cl( 1, 0) in Cl( 4, 4) CPU =        0.002 ms (setup)        0.005 (comm)        0.007 (pade)        0.007 (series)        0.002 (mix)        0.003 (add) 
Cl( 1, 1) in Cl( 4, 4) CPU =        0.002 ms (setup)        0.007 (comm)        0.007 (pade)        0.009 (series)        0.003 (mix)        0.003 (add) 
Cl( 2, 1) in Cl( 4, 4) CPU =        0.004 ms (setup)        0.011 (comm)        0.019 (pade)        0.013 (series)        0.004 (mix)        0.003 (add) 
Cl( 2, 2) in Cl( 4, 4) CPU =        0.005 ms (setup)        0.022 (comm)        0.029 (pade)        0.028 (series)        0.007 (mix)        0.004 (add) 
Cl( 3, 2) in Cl( 4, 4) CPU =        0.011 ms (setup)        0.054 (comm)        0.095 (pade)        0.079 (series)        0.018 (mix)        0.007 (add) 
Cl( 3, 3) in Cl( 4, 4) CPU =        0.022 ms (setup)        1.656 (comm)        0.138 (pade)        1.721 (series)        0.043 (mix)        0.013 (add) 
Cl( 4, 3) in Cl( 4, 4) CPU =        0.046 ms (setup)        1.959 (comm)        1.974 (pade)        2.194 (series)        0.106 (mix)        0.028 (add) 
Cl( 4, 4) in Cl( 4, 4) CPU =        1.611 ms (setup)        7.690 (comm)        3.718 (pade)       10.652 (series)        0.260 (mix)        0.077 (add) 

matrix_multi<float,-4,4>
Clifford algebra expressions test:
Fill: 0.5
Cl( 1, 0) in Cl( 1, 0) CPU =        0.002 ms (setup)        0.007 (comm)        0.003 (pade)        0.003 (series)        0.007 (mix)        0.001 (add) 
Cl( 1, 1) in Cl( 1, 1) CPU =        0.004 ms (setup)        0.015 (comm)        0.003 (pade)        0.003 (series)        0.041 (mix)        0.001 (add) 
Cl( 2, 1) in Cl( 2, 1) CPU =        0.005 ms (setup)        0.072 (comm)        0.003 (pade)        0.002 (series)        0.069 (mix)        0.001 (add) 
Cl( 2, 2) in Cl( 2, 2) CPU =        0.007 ms (setup)        0.103 (comm)        0.003 (pade)        0.003 (series)        0.101 (mix)        0.001 (add) 
Cl( 3, 2) in Cl( 3, 2) CPU =        0.034 ms (setup)        0.373 (comm)        0.005 (pade)        0.004 (series)        0.341 (mix)        0.001 (add) 
Cl( 3, 3) in Cl( 3, 3) CPU =        0.063 ms (setup)        0.668 (comm)        0.007 (pade)        0.005 (series)        0.751 (mix)        0.001 (add) 
Cl( 4, 3) in Cl( 4, 3) CPU =        0.140 ms (setup)        2.699 (comm)        0.011 (pade)        0.009 (series)        2.689 (mix)        0.001 (add) 
Cl( 4, 4) in Cl( 4, 4) CPU =        0.318 ms (setup)        4.360 (comm)        0.011 (pade)        0.009 (series)        4.205 (mix)        0.001 (add) 
Cl( 1, 0) in Cl( 4, 4) CPU =        0.005 ms (setup)        0.064 (comm)        0.010 (pade)        0.009 (series)        0.057 (mix)        0.001 (add) 
Cl( 1, 1) in Cl( 4, 4) CPU =        0.007 ms (setup)        0.088 (comm)        0.010 (pade)        0.009 (series)        0.074 (mix)        0.001 (add) 
Cl( 2, 1) in Cl( 4, 4) CPU =        0.019 ms (setup)        0.194 (comm)        0.011 (pade)        0.009 (series)        0.183 (mix)        0.001 (add) 
Cl( 2, 2) in Cl( 4, 4) CPU =        0.035 ms (setup)        0.236 (comm)        0.011 (pade)        0.009 (series)        0.235 (mix)        0.001 (add) 
Cl( 3, 2) in Cl( 4, 4) CPU =        0.132 ms (setup)        0.647 (comm)        0.011 (pade)        0.009 (series)        0.640 (mix)        0.001 (add) 
Cl( 3, 3) in Cl( 4, 4) CPU =        0.202 ms (setup)        0.962 (comm)        0.011 (pade)        0.009 (series)        0.958 (mix)        0.001 (add) 
Cl( 4, 3) in Cl( 4, 4) CPU =        0.530 ms (setup)        2.571 (comm)        0.011 (pade)        0.009 (series)        2.554 (mix)        0.001 (add) 
Cl( 4, 4) in Cl( 4, 4) CPU =        0.283 ms (setup)        4.099 (comm)        0.011 (pade)        0.009 (series)        4.102 (mix)        0.001 (add) 
Fill: 1
Cl( 1, 0) in Cl( 1, 0) CPU =        0.003 ms (setup)        0.016 (comm)        0.003 (pade)        0.003 (series)        0.016 (mix)        0.001 (add) 
Cl( 1, 1) in Cl( 1, 1) CPU =        0.005 ms (setup)        0.025 (comm)        0.003 (pade)        0.002 (series)        0.023 (mix)        0.001 (add) 
Cl( 2, 1) in Cl( 2, 1) CPU =        0.007 ms (setup)        0.081 (comm)        0.003 (pade)        0.003 (series)        0.084 (mix)        0.001 (add) 
Cl( 2, 2) in Cl( 2, 2) CPU =        0.016 ms (setup)        0.131 (comm)        0.003 (pade)        0.002 (series)        0.134 (mix)        0.001 (add) 
Cl( 3, 2) in Cl( 3, 2) CPU =        0.042 ms (setup)        0.480 (comm)        0.005 (pade)        0.005 (series)        0.476 (mix)        0.001 (add) 
Cl( 3, 3) in Cl( 3, 3) CPU =        0.079 ms (setup)        0.761 (comm)        0.005 (pade)        0.005 (series)        0.761 (mix)        0.001 (add) 
Cl( 4, 3) in Cl( 4, 3) CPU =        0.191 ms (setup)        3.178 (comm)        0.011 (pade)        0.009 (series)        3.129 (mix)        0.001 (add) 
Cl( 4, 4) in Cl( 4, 4) CPU =        0.394 ms (setup)        5.056 (comm)        0.011 (pade)        0.009 (series)        4.753 (mix)        0.001 (add) 
Cl( 1, 0) in Cl( 4, 4) CPU =        0.006 ms (setup)        0.114 (comm)        0.010 (pade)        0.009 (series)        0.110 (mix)        0.001 (add) 
Cl( 1, 1) in Cl( 4, 4) CPU =        0.009 ms (setup)        0.158 (comm)        0.010 (pade)        0.009 (series)        0.152 (mix)        0.001 (add) 
Cl( 2, 1) in Cl( 4, 4) CPU =        0.026 ms (setup)        0.236 (comm)        0.010 (pade)        0.009 (series)        0.225 (mix)        0.001 (add) 
Cl( 2, 2) in Cl( 4, 4) CPU =        0.064 ms (setup)        0.352 (comm)        0.011 (pade)        0.009 (series)        0.345 (mix)        0.001 (add) 
Cl( 3, 2) in Cl( 4, 4) CPU =        0.150 ms (setup)        0.712 (comm)        0.015 (pade)        0.009 (series)        0.711 (mix)        0.001 (add) 
Cl( 3, 3) in Cl( 4, 4) CPU =        0.249 ms (setup)        1.126 (comm)        0.011 (pade)        0.009 (series)        1.119 (mix)        0.001 (add) 
Cl( 4, 3) in Cl( 4, 4) CPU =        0.676 ms (setup)        3.287 (comm)        0.011 (pade)        0.009 (series)        3.276 (mix)        0.001 (add) 
Cl( 4, 4) in Cl( 4, 4) CPU =        0.390 ms (setup)        4.734 (comm)        0.011 (pade)        0.009 (series)        4.702 (mix)        0.001 (add) 

framed_multi<double>
Clifford algebra expressions test:
Fill: 0.5
Cl( 1, 0) in Cl( 1, 0) CPU =        0.004 ms (setup)        0.003 (comm)        0.007 (pade)        0.003 (series)        0.001 (mix)        0.002 (add) 
Cl( 1, 1) in Cl( 1, 1) CPU =        0.002 ms (setup)        0.001 (comm)        0.007 (pade)        0.002 (series)        0.001 (mix)        0.002 (add) 
Cl( 2, 1) in Cl( 2, 1) CPU =        0.003 ms (setup)        0.010 (comm)        0.015 (pade)        0.011 (series)        0.003 (mix)        0.003 (add) 
Cl( 2, 2) in Cl( 2, 2) CPU =        0.005 ms (setup)        0.018 (comm)        0.019 (pade)        0.022 (series)        0.007 (mix)        0.003 (add) 
Cl( 3, 2) in Cl( 3, 2) CPU =        0.007 ms (setup)        0.042 (comm)        0.084 (pade)        0.040 (series)        0.014 (mix)        0.005 (add) 
Cl( 3, 3) in Cl( 3, 3) CPU =        0.015 ms (setup)        0.107 (comm)        0.108 (pade)        0.181 (series)        0.035 (mix)        0.007 (add) 
Cl( 4, 3) in Cl( 4, 3) CPU =        0.030 ms (setup)        0.263 (comm)        0.379 (pade)        0.495 (series)        0.081 (mix)        0.013 (add) 
Cl( 4, 4) in Cl( 4, 4) CPU =        0.061 ms (setup)        1.196 (comm)        0.526 (pade)        2.010 (series)        0.216 (mix)        0.024 (add) 
Cl( 5, 4) in Cl( 5, 4) CPU =        0.118 ms (setup)        3.803 (comm)        6.466 (pade)       30.103 (series)        2.114 (mix)        0.071 (add) 
Cl( 5, 5) in Cl( 5, 5) CPU =        0.269 ms (setup)       27.696 (comm)       11.796 (pade)       42.187 (series)        6.150 (mix)        1.611 (add) 
Cl( 6, 5) in Cl( 6, 5) CPU =        2.072 ms (setup)       64.422 (comm)       37.799 (pade)      110.061 (series)        3.912 (mix)        0.181 (add) 
Cl( 6, 6) in Cl( 6, 6) CPU =        0.982 ms (setup)       32.310 (comm)       52.026 (pade)       98.389 (series)       10.989 (mix)        0.369 (add) 
Cl( 7, 6) in Cl( 7, 6) CPU =        1.992 ms (setup)      464.178 (comm)      179.735 (pade)      679.714 (series)       78.331 (mix)        0.771 (add) 
Cl( 7, 7) in Cl( 7, 7) CPU =        3.924 ms (setup)      649.932 (comm)      249.730 (pade)      964.135 (series)       93.878 (mix)        1.598 (add) 
Cl( 8, 7) in Cl( 8, 7) CPU =        8.011 ms (setup)     1201.399 (comm)      489.627 (pade)     1914.557 (series)      278.418 (mix)        3.622 (add) 
Cl( 8, 8) in Cl( 8, 8) CPU =       16.245 ms (setup)     1923.167 (comm)      567.995 (pade)     2233.660 (series)      857.197 (mix)        7.915 (add) 
Cl( 1, 0) in Cl( 8, 8) CPU =        0.002 ms (setup)        0.002 (comm)        0.005 (pade)        0.003 (series)        0.001 (mix)        0.002 (add) 
Cl( 1, 1) in Cl( 8, 8) CPU =        0.004 ms (setup)        0.001 (comm)        0.007 (pade)        0.001 (series)        0.001 (mix)        0.002 (add) 
Cl( 2, 1) in Cl( 8, 8) CPU =        0.002 ms (setup)        0.009 (comm)        0.015 (pade)        0.009 (series)        0.003 (mix)        0.002 (add) 
Cl( 2, 2) in Cl( 8, 8) CPU =        0.005 ms (setup)        0.025 (comm)        0.021 (pade)        0.021 (series)        0.007 (mix)        0.003 (add) 
Cl( 3, 2) in Cl( 8, 8) CPU =        0.006 ms (setup)        0.033 (comm)        0.056 (pade)        0.033 (series)        0.011 (mix)        0.003 (add) 
Cl( 3, 3) in Cl( 8, 8) CPU =        0.015 ms (setup)        0.112 (comm)        0.108 (pade)        0.158 (series)        0.043 (mix)        0.007 (add) 
Cl( 4, 3) in Cl( 8, 8) CPU =        0.030 ms (setup)        0.255 (comm)        0.374 (pade)        0.484 (series)        0.082 (mix)        0.012 (add) 
Cl( 4, 4) in Cl( 8, 8) CPU =        0.064 ms (setup)        1.157 (comm)        0.519 (pade)        1.959 (series)        0.207 (mix)        0.022 (add) 
Cl( 5, 4) in Cl( 8, 8) CPU =        0.122 ms (setup)        3.845 (comm)        7.913 (pade)       29.954 (series)        2.095 (mix)        0.049 (add) 
Cl( 5, 5) in Cl( 8, 8) CPU =        1.768 ms (setup)       25.963 (comm)       10.173 (pade)       41.983 (series)        6.046 (mix)        0.098 (add) 
Cl( 6, 5) in Cl( 8, 8) CPU =        2.044 ms (setup)       67.840 (comm)       36.067 (pade)      112.177 (series)        4.032 (mix)        0.178 (add) 
Cl( 6, 6) in Cl( 8, 8) CPU =        0.972 ms (setup)       31.470 (comm)       51.782 (pade)      102.761 (series)       10.788 (mix)        0.360 (add) 
Cl( 7, 6) in Cl( 8, 8) CPU =        1.966 ms (setup)      461.942 (comm)      175.791 (pade)      675.971 (series)       79.260 (mix)        0.763 (add) 
Cl( 7, 7) in Cl( 8, 8) CPU =        3.949 ms (setup)      649.606 (comm)      247.953 (pade)      969.986 (series)       93.757 (mix)        1.576 (add) 
Cl( 8, 7) in Cl( 8, 8) CPU =        8.023 ms (setup)     1213.282 (comm)      490.214 (pade)     1901.255 (series)      283.740 (mix)        3.308 (add) 
Cl( 8, 8) in Cl( 8, 8) CPU =       16.201 ms (setup)     1925.436 (comm)      568.787 (pade)     2226.107 (series)      865.181 (mix)        8.306 (add) 
Fill: 1
Cl( 1, 0) in Cl( 1, 0) CPU =        0.004 ms (setup)        0.005 (comm)        0.007 (pade)        0.007 (series)        0.002 (mix)        0.003 (add) 
Cl( 1, 1) in Cl( 1, 1) CPU =        0.002 ms (setup)        0.007 (comm)        0.007 (pade)        0.009 (series)        0.003 (mix)        0.004 (add) 
Cl( 2, 1) in Cl( 2, 1) CPU =        0.005 ms (setup)        0.013 (comm)        0.018 (pade)        0.015 (series)        0.005 (mix)        0.003 (add) 
Cl( 2, 2) in Cl( 2, 2) CPU =        0.015 ms (setup)        0.029 (comm)        0.026 (pade)        0.034 (series)        0.009 (mix)        0.004 (add) 
Cl( 3, 2) in Cl( 3, 2) CPU =        0.012 ms (setup)        0.066 (comm)        0.085 (pade)        0.100 (series)        0.019 (mix)        0.006 (add) 
Cl( 3, 3) in Cl( 3, 3) CPU =        0.025 ms (setup)        0.183 (comm)        0.119 (pade)        0.278 (series)        0.046 (mix)        0.011 (add) 
Cl( 4, 3) in Cl( 4, 3) CPU =        0.051 ms (setup)        0.580 (comm)        0.403 (pade)        0.915 (series)        0.113 (mix)        0.020 (add) 
Cl( 4, 4) in Cl( 4, 4) CPU =        0.099 ms (setup)        1.423 (comm)        0.581 (pade)        2.261 (series)        0.281 (mix)        0.040 (add) 
Cl( 5, 4) in Cl( 5, 4) CPU =        0.204 ms (setup)        4.426 (comm)        8.120 (pade)       32.312 (series)        3.824 (mix)        0.089 (add) 
Cl( 5, 5) in Cl( 5, 5) CPU =        1.947 ms (setup)       32.285 (comm)       12.125 (pade)       49.863 (series)        8.158 (mix)        1.683 (add) 
Cl( 6, 5) in Cl( 6, 5) CPU =        3.913 ms (setup)       50.923 (comm)       41.692 (pade)      108.853 (series)        5.330 (mix)        0.325 (add) 
Cl( 6, 6) in Cl( 6, 6) CPU =        1.627 ms (setup)       41.229 (comm)       60.052 (pade)       94.752 (series)       14.844 (mix)        0.711 (add) 
Cl( 7, 6) in Cl( 7, 6) CPU =        3.268 ms (setup)      563.336 (comm)      199.989 (pade)      773.645 (series)       70.841 (mix)        1.413 (add) 
Cl( 7, 7) in Cl( 7, 7) CPU =        6.601 ms (setup)      767.970 (comm)      299.783 (pade)     1175.922 (series)      127.671 (mix)        2.869 (add) 
Cl( 8, 7) in Cl( 8, 7) CPU =       13.657 ms (setup)     1401.464 (comm)      527.301 (pade)     2024.786 (series)      389.889 (mix)        8.087 (add) 
Cl( 8, 8) in Cl( 8, 8) CPU =       28.323 ms (setup)     2457.922 (comm)      647.553 (pade)     2479.363 (series)     1221.010 (mix)       14.283 (add) 
Cl( 1, 0) in Cl( 8, 8) CPU =        0.003 ms (setup)        0.005 (comm)        0.007 (pade)        0.007 (series)        0.002 (mix)        0.003 (add) 
Cl( 1, 1) in Cl( 8, 8) CPU =        0.002 ms (setup)        0.007 (comm)        0.009 (pade)        0.009 (series)        0.003 (mix)        0.003 (add) 
Cl( 2, 1) in Cl( 8, 8) CPU =        0.005 ms (setup)        0.013 (comm)        1.081 (pade)        0.015 (series)        0.005 (mix)        0.003 (add) 
Cl( 2, 2) in Cl( 8, 8) CPU =        0.007 ms (setup)        0.027 (comm)        0.026 (pade)        0.034 (series)        0.009 (mix)        0.004 (add) 
Cl( 3, 2) in Cl( 8, 8) CPU =        0.011 ms (setup)        0.069 (comm)        0.084 (pade)        0.091 (series)        0.019 (mix)        0.006 (add) 
Cl( 3, 3) in Cl( 8, 8) CPU =        0.024 ms (setup)        0.188 (comm)        0.118 (pade)        0.281 (series)        0.046 (mix)        0.011 (add) 
Cl( 4, 3) in Cl( 8, 8) CPU =        0.052 ms (setup)        0.571 (comm)        0.402 (pade)        0.916 (series)        0.113 (mix)        0.019 (add) 
Cl( 4, 4) in Cl( 8, 8) CPU =        0.100 ms (setup)        1.421 (comm)        0.581 (pade)        2.261 (series)        0.281 (mix)        0.044 (add) 
Cl( 5, 4) in Cl( 8, 8) CPU =        0.200 ms (setup)        4.429 (comm)        8.116 (pade)       33.815 (series)        2.317 (mix)        1.595 (add) 
Cl( 5, 5) in Cl( 8, 8) CPU =        1.950 ms (setup)       33.808 (comm)       12.108 (pade)       49.772 (series)        8.158 (mix)        0.178 (add) 
Cl( 6, 5) in Cl( 8, 8) CPU =        3.924 ms (setup)       51.498 (comm)       40.191 (pade)      108.558 (series)        5.413 (mix)        0.332 (add) 
Cl( 6, 6) in Cl( 8, 8) CPU =        1.615 ms (setup)       41.099 (comm)       61.584 (pade)       95.630 (series)       14.694 (mix)        0.688 (add) 
Cl( 7, 6) in Cl( 8, 8) CPU =        3.292 ms (setup)      561.984 (comm)      198.094 (pade)      773.857 (series)       70.686 (mix)        1.413 (add) 
Cl( 7, 7) in Cl( 8, 8) CPU =        6.611 ms (setup)      769.806 (comm)      299.712 (pade)     1168.022 (series)      128.696 (mix)        2.883 (add) 
Cl( 8, 7) in Cl( 8, 8) CPU =       13.633 ms (setup)     1401.113 (comm)      519.657 (pade)     2025.152 (series)      387.963 (mix)        7.050 (add) 
Cl( 8, 8) in Cl( 8, 8) CPU =       28.128 ms (setup)     2446.546 (comm)      635.343 (pade)     2484.570 (series)     1210.434 (mix)       15.243 (add) 

matrix_multi<double>
Clifford algebra expressions test:
Fill: 0.5
Cl( 1, 0) in Cl( 1, 0) CPU =        0.004 ms (setup)        0.009 (comm)        0.003 (pade)        0.003 (series)        0.009 (mix)        0.001 (add) 
Cl( 1, 1) in Cl( 1, 1) CPU =        0.011 ms (setup)        0.009 (comm)        0.003 (pade)        0.002 (series)        0.007 (mix)        0.001 (add) 
Cl( 2, 1) in Cl( 2, 1) CPU =        0.005 ms (setup)        0.066 (comm)        0.003 (pade)        0.003 (series)        0.070 (mix)        0.001 (add) 
Cl( 2, 2) in Cl( 2, 2) CPU =        0.007 ms (setup)        0.123 (comm)        0.004 (pade)        0.003 (series)        0.111 (mix)        0.001 (add) 
Cl( 3, 2) in Cl( 3, 2) CPU =        0.042 ms (setup)        0.325 (comm)        0.005 (pade)        0.005 (series)        0.329 (mix)        0.001 (add) 
Cl( 3, 3) in Cl( 3, 3) CPU =        0.064 ms (setup)        0.582 (comm)        0.005 (pade)        0.005 (series)        0.585 (mix)        0.001 (add) 
Cl( 4, 3) in Cl( 4, 3) CPU =        0.160 ms (setup)        2.595 (comm)        0.013 (pade)        0.014 (series)        2.580 (mix)        0.002 (add) 
Cl( 4, 4) in Cl( 4, 4) CPU =        0.312 ms (setup)        3.962 (comm)        0.013 (pade)        0.013 (series)        3.986 (mix)        0.002 (add) 
Cl( 5, 4) in Cl( 5, 4) CPU =        0.695 ms (setup)       15.384 (comm)        0.048 (pade)        0.057 (series)       69.770 (mix)        0.005 (add) 
Cl( 5, 5) in Cl( 5, 5) CPU =        5.981 ms (setup)       39.130 (comm)        0.047 (pade)        0.459 (series)      100.033 (mix)        0.005 (add) 
Cl( 6, 5) in Cl( 6, 5) CPU =       13.813 ms (setup)       86.803 (comm)        0.240 (pade)        0.314 (series)       85.573 (mix)        0.018 (add) 
Cl( 6, 6) in Cl( 6, 6) CPU =        5.873 ms (setup)      120.936 (comm)        0.239 (pade)        0.315 (series)      121.468 (mix)        0.018 (add) 
Cl( 7, 6) in Cl( 7, 6) CPU =       13.421 ms (setup)     1303.055 (comm)        6.087 (pade)        2.342 (series)     1121.665 (mix)        0.093 (add) 
Cl( 7, 7) in Cl( 7, 7) CPU =       26.636 ms (setup)     1581.683 (comm)        5.720 (pade)        3.844 (series)     1293.907 (mix)        0.097 (add) 
Cl( 8, 7) in Cl( 8, 7) CPU =       62.401 ms (setup)     5073.317 (comm)       48.091 (pade)       26.099 (series)     4611.631 (mix)        0.411 (add) 
Cl( 8, 8) in Cl( 8, 8) CPU =      130.600 ms (setup)     5437.399 (comm)       48.093 (pade)       27.561 (series)     5115.718 (mix)        0.400 (add) 
Cl( 1, 0) in Cl( 8, 8) CPU =        0.065 ms (setup)      146.011 (comm)       45.974 (pade)       24.305 (series)      121.656 (mix)        0.446 (add) 
Cl( 1, 1) in Cl( 8, 8) CPU =        0.098 ms (setup)      184.144 (comm)       46.209 (pade)       25.883 (series)      173.911 (mix)        1.971 (add) 
Cl( 2, 1) in Cl( 8, 8) CPU =        1.361 ms (setup)      268.018 (comm)       47.838 (pade)       25.867 (series)      255.507 (mix)        1.968 (add) 
Cl( 2, 2) in Cl( 8, 8) CPU =        1.857 ms (setup)      371.996 (comm)       47.840 (pade)       25.942 (series)      360.058 (mix)        0.463 (add) 
Cl( 3, 2) in Cl( 8, 8) CPU =        8.223 ms (setup)      474.123 (comm)       49.639 (pade)       25.905 (series)      461.748 (mix)        1.970 (add) 
Cl( 3, 3) in Cl( 8, 8) CPU =       14.210 ms (setup)      619.917 (comm)       48.047 (pade)       21.925 (series)      608.185 (mix)        1.940 (add) 
Cl( 4, 3) in Cl( 8, 8) CPU =       16.001 ms (setup)      709.719 (comm)       48.093 (pade)       21.936 (series)      665.993 (mix)        1.967 (add) 
Cl( 4, 4) in Cl( 8, 8) CPU =       18.021 ms (setup)      932.252 (comm)       48.114 (pade)       21.942 (series)      887.860 (mix)        1.951 (add) 
Cl( 5, 4) in Cl( 8, 8) CPU =       24.220 ms (setup)     1238.223 (comm)       48.255 (pade)       20.472 (series)     1201.890 (mix)        1.960 (add) 
Cl( 5, 5) in Cl( 8, 8) CPU =       34.171 ms (setup)     1404.014 (comm)       48.180 (pade)       20.441 (series)     1392.159 (mix)        1.953 (add) 
Cl( 6, 5) in Cl( 8, 8) CPU =       55.983 ms (setup)     1840.107 (comm)       49.699 (pade)       25.983 (series)     1783.946 (mix)        0.476 (add) 
Cl( 6, 6) in Cl( 8, 8) CPU =       24.518 ms (setup)     2044.403 (comm)       48.119 (pade)       25.997 (series)     1904.797 (mix)        0.428 (add) 
Cl( 7, 6) in Cl( 8, 8) CPU =       56.334 ms (setup)     2591.977 (comm)       48.112 (pade)       26.035 (series)     2328.642 (mix)        0.419 (add) 
Cl( 7, 7) in Cl( 8, 8) CPU =      101.608 ms (setup)     3048.149 (comm)       48.092 (pade)       25.905 (series)     2783.481 (mix)        0.408 (add) 
Cl( 8, 7) in Cl( 8, 8) CPU =      252.363 ms (setup)     4672.809 (comm)       48.073 (pade)       26.070 (series)     4431.935 (mix)        0.416 (add) 
Cl( 8, 8) in Cl( 8, 8) CPU =      128.908 ms (setup)     5358.116 (comm)       48.142 (pade)       27.686 (series)     5052.145 (mix)        0.410 (add) 
Fill: 1
Cl( 1, 0) in Cl( 1, 0) CPU =        0.004 ms (setup)        0.022 (comm)        0.003 (pade)        0.003 (series)        0.017 (mix)        0.001 (add) 
Cl( 1, 1) in Cl( 1, 1) CPU =        0.004 ms (setup)        0.025 (comm)        0.003 (pade)        0.002 (series)        0.022 (mix)        0.001 (add) 
Cl( 2, 1) in Cl( 2, 1) CPU =        0.007 ms (setup)        0.084 (comm)        0.004 (pade)        0.003 (series)        0.083 (mix)        0.001 (add) 
Cl( 2, 2) in Cl( 2, 2) CPU =        0.018 ms (setup)        0.140 (comm)        0.004 (pade)        0.003 (series)        0.138 (mix)        0.001 (add) 
Cl( 3, 2) in Cl( 3, 2) CPU =        0.053 ms (setup)        0.486 (comm)        0.005 (pade)        0.005 (series)        0.482 (mix)        0.001 (add) 
Cl( 3, 3) in Cl( 3, 3) CPU =        0.088 ms (setup)        0.835 (comm)        0.005 (pade)        0.005 (series)        0.945 (mix)        0.001 (add) 
Cl( 4, 3) in Cl( 4, 3) CPU =        0.222 ms (setup)        3.220 (comm)        0.013 (pade)        0.014 (series)        3.165 (mix)        0.002 (add) 
Cl( 4, 4) in Cl( 4, 4) CPU =        0.403 ms (setup)        4.715 (comm)        0.013 (pade)        0.015 (series)        4.688 (mix)        0.002 (add) 
Cl( 5, 4) in Cl( 5, 4) CPU =        0.959 ms (setup)       17.029 (comm)        0.048 (pade)        0.058 (series)       76.085 (mix)        0.005 (add) 
Cl( 5, 5) in Cl( 5, 5) CPU =        8.110 ms (setup)       24.720 (comm)        0.049 (pade)        0.057 (series)      110.213 (mix)        0.005 (add) 
Cl( 6, 5) in Cl( 6, 5) CPU =       10.409 ms (setup)       93.589 (comm)        0.769 (pade)        1.817 (series)       93.141 (mix)        0.018 (add) 
Cl( 6, 6) in Cl( 6, 6) CPU =        8.742 ms (setup)      130.231 (comm)        0.240 (pade)        1.790 (series)      130.885 (mix)        0.018 (add) 
Cl( 7, 6) in Cl( 7, 6) CPU =       20.683 ms (setup)     1386.552 (comm)        5.564 (pade)        3.846 (series)     1188.458 (mix)        0.103 (add) 
Cl( 7, 7) in Cl( 7, 7) CPU =       41.919 ms (setup)     1645.487 (comm)        6.067 (pade)        3.843 (series)     1358.722 (mix)        0.101 (add) 
Cl( 8, 7) in Cl( 8, 7) CPU =      106.934 ms (setup)     5794.385 (comm)       48.052 (pade)       27.626 (series)     5303.035 (mix)        0.401 (add) 
Cl( 8, 8) in Cl( 8, 8) CPU =      209.862 ms (setup)     5873.223 (comm)       48.087 (pade)       22.105 (series)     5533.865 (mix)        0.420 (add) 
Cl( 1, 0) in Cl( 8, 8) CPU =        0.084 ms (setup)      185.839 (comm)       46.215 (pade)       21.880 (series)      172.385 (mix)        1.967 (add) 
Cl( 1, 1) in Cl( 8, 8) CPU =        0.145 ms (setup)      237.814 (comm)       46.275 (pade)       20.354 (series)      224.018 (mix)        1.967 (add) 
Cl( 2, 1) in Cl( 8, 8) CPU =        1.800 ms (setup)      304.365 (comm)       47.871 (pade)       21.942 (series)      293.967 (mix)        1.968 (add) 
Cl( 2, 2) in Cl( 8, 8) CPU =       17.586 ms (setup)      403.985 (comm)       47.836 (pade)       21.898 (series)      389.690 (mix)        1.942 (add) 
Cl( 3, 2) in Cl( 8, 8) CPU =       14.018 ms (setup)      511.575 (comm)       47.919 (pade)       21.930 (series)      496.284 (mix)        1.943 (add) 
Cl( 3, 3) in Cl( 8, 8) CPU =       14.151 ms (setup)      685.924 (comm)       48.115 (pade)       21.921 (series)      649.997 (mix)        1.969 (add) 
Cl( 4, 3) in Cl( 8, 8) CPU =       17.708 ms (setup)      922.320 (comm)       48.173 (pade)       21.968 (series)      907.686 (mix)        1.944 (add) 
Cl( 4, 4) in Cl( 8, 8) CPU =       19.886 ms (setup)     1144.026 (comm)       48.316 (pade)       21.951 (series)     1107.898 (mix)        1.943 (add) 
Cl( 5, 4) in Cl( 8, 8) CPU =       28.271 ms (setup)     1381.781 (comm)       48.151 (pade)       21.966 (series)     1366.028 (mix)        0.438 (add) 
Cl( 5, 5) in Cl( 8, 8) CPU =       41.877 ms (setup)     1621.898 (comm)       48.194 (pade)       25.966 (series)     1609.754 (mix)        1.965 (add) 
Cl( 6, 5) in Cl( 8, 8) CPU =       46.136 ms (setup)     1983.821 (comm)       48.104 (pade)       26.026 (series)     1914.638 (mix)        0.420 (add) 
Cl( 6, 6) in Cl( 8, 8) CPU =       32.483 ms (setup)     2289.889 (comm)       48.169 (pade)       25.989 (series)     2105.417 (mix)        0.397 (add) 
Cl( 7, 6) in Cl( 8, 8) CPU =       74.460 ms (setup)     2902.443 (comm)       49.617 (pade)       25.922 (series)     2602.593 (mix)        0.402 (add) 
Cl( 7, 7) in Cl( 8, 8) CPU =      139.688 ms (setup)     3254.700 (comm)       48.187 (pade)       22.012 (series)     2936.448 (mix)        0.415 (add) 
Cl( 8, 7) in Cl( 8, 8) CPU =      340.454 ms (setup)     4915.731 (comm)       48.099 (pade)       23.575 (series)     4615.887 (mix)        0.401 (add) 
Cl( 8, 8) in Cl( 8, 8) CPU =      210.614 ms (setup)     5851.651 (comm)       48.085 (pade)       22.066 (series)     5544.896 (mix)        0.438 (add) 
