
framed_multi<float,-4,4>
Clifford algebra expressions test:
Fill: 0.5
Cl( 1, 0) in Cl( 1, 0) CPU =        0.001 ms (setup)        0.002 (comm)        0.010 (pade)        0.003 (series)        0.001 (mix)        0.002 (add) 
Cl( 1, 1) in Cl( 1, 1) CPU =        0.001 ms (setup)        0.001 (comm)        0.002 (pade)        0.001 (series)        0.001 (mix)        0.001 (add) 
Cl( 2, 1) in Cl( 2, 1) CPU =        0.001 ms (setup)        0.004 (comm)        0.005 (pade)        0.004 (series)        0.001 (mix)        0.001 (add) 
Cl( 2, 2) in Cl( 2, 2) CPU =        0.001 ms (setup)        0.005 (comm)        0.006 (pade)        0.005 (series)        0.002 (mix)        0.001 (add) 
Cl( 3, 2) in Cl( 3, 2) CPU =        0.003 ms (setup)        0.011 (comm)        0.029 (pade)        0.011 (series)        0.004 (mix)        0.003 (add) 
Cl( 3, 3) in Cl( 3, 3) CPU =        0.007 ms (setup)        0.027 (comm)        0.037 (pade)        0.043 (series)        0.007 (mix)        0.005 (add) 
Cl( 4, 3) in Cl( 4, 3) CPU =        0.013 ms (setup)        0.075 (comm)        0.144 (pade)        0.116 (series)        0.021 (mix)        0.011 (add) 
Cl( 4, 4) in Cl( 4, 4) CPU =        0.026 ms (setup)        0.449 (comm)        0.197 (pade)        0.738 (series)        0.079 (mix)        0.023 (add) 
Cl( 1, 0) in Cl( 4, 4) CPU =        0.001 ms (setup)        0.001 (comm)        0.002 (pade)        0.001 (series)        0.000 (mix)        0.001 (add) 
Cl( 1, 1) in Cl( 4, 4) CPU =        0.001 ms (setup)        0.002 (comm)        0.002 (pade)        0.001 (series)        0.001 (mix)        0.001 (add) 
Cl( 2, 1) in Cl( 4, 4) CPU =        0.001 ms (setup)        0.004 (comm)        0.005 (pade)        0.004 (series)        0.001 (mix)        0.001 (add) 
Cl( 2, 2) in Cl( 4, 4) CPU =        0.002 ms (setup)        0.005 (comm)        0.006 (pade)        0.006 (series)        0.002 (mix)        0.001 (add) 
Cl( 3, 2) in Cl( 4, 4) CPU =        0.003 ms (setup)        0.011 (comm)        0.027 (pade)        0.017 (series)        0.003 (mix)        0.003 (add) 
Cl( 3, 3) in Cl( 4, 4) CPU =        0.007 ms (setup)        0.028 (comm)        0.040 (pade)        0.043 (series)        0.007 (mix)        0.006 (add) 
Cl( 4, 3) in Cl( 4, 4) CPU =        0.013 ms (setup)        0.064 (comm)        0.142 (pade)        0.106 (series)        0.020 (mix)        0.009 (add) 
Cl( 4, 4) in Cl( 4, 4) CPU =        0.026 ms (setup)        0.424 (comm)        0.196 (pade)        0.744 (series)        0.082 (mix)        0.022 (add) 
Fill: 1
Cl( 1, 0) in Cl( 1, 0) CPU =        0.001 ms (setup)        0.002 (comm)        0.003 (pade)        0.009 (series)        0.001 (mix)        0.002 (add) 
Cl( 1, 1) in Cl( 1, 1) CPU =        0.001 ms (setup)        0.003 (comm)        0.002 (pade)        0.003 (series)        0.001 (mix)        0.001 (add) 
Cl( 2, 1) in Cl( 2, 1) CPU =        0.001 ms (setup)        0.004 (comm)        0.005 (pade)        0.004 (series)        0.001 (mix)        0.001 (add) 
Cl( 2, 2) in Cl( 2, 2) CPU =        0.001 ms (setup)        0.006 (comm)        0.007 (pade)        0.007 (series)        0.002 (mix)        0.001 (add) 
Cl( 3, 2) in Cl( 3, 2) CPU =        0.003 ms (setup)        0.016 (comm)        0.028 (pade)        0.022 (series)        0.005 (mix)        0.003 (add) 
Cl( 3, 3) in Cl( 3, 3) CPU =        0.007 ms (setup)        0.043 (comm)        0.041 (pade)        0.062 (series)        0.010 (mix)        0.005 (add) 
Cl( 4, 3) in Cl( 4, 3) CPU =        0.015 ms (setup)        0.124 (comm)        0.152 (pade)        0.191 (series)        0.026 (mix)        0.010 (add) 
Cl( 4, 4) in Cl( 4, 4) CPU =        0.035 ms (setup)        0.486 (comm)        0.211 (pade)        0.827 (series)        0.070 (mix)        0.024 (add) 
Cl( 1, 0) in Cl( 4, 4) CPU =        0.001 ms (setup)        0.002 (comm)        0.002 (pade)        0.002 (series)        0.001 (mix)        0.001 (add) 
Cl( 1, 1) in Cl( 4, 4) CPU =        0.001 ms (setup)        0.002 (comm)        0.002 (pade)        0.003 (series)        0.001 (mix)        0.001 (add) 
Cl( 2, 1) in Cl( 4, 4) CPU =        0.001 ms (setup)        0.003 (comm)        0.005 (pade)        0.004 (series)        0.001 (mix)        0.001 (add) 
Cl( 2, 2) in Cl( 4, 4) CPU =        0.002 ms (setup)        0.005 (comm)        0.007 (pade)        0.007 (series)        0.002 (mix)        0.001 (add) 
Cl( 3, 2) in Cl( 4, 4) CPU =        0.003 ms (setup)        0.015 (comm)        0.028 (pade)        0.021 (series)        0.005 (mix)        0.003 (add) 
Cl( 3, 3) in Cl( 4, 4) CPU =        0.007 ms (setup)        0.042 (comm)        0.041 (pade)        0.061 (series)        0.010 (mix)        0.005 (add) 
Cl( 4, 3) in Cl( 4, 4) CPU =        0.015 ms (setup)        0.122 (comm)        0.153 (pade)        0.190 (series)        0.026 (mix)        0.009 (add) 
Cl( 4, 4) in Cl( 4, 4) CPU =        0.035 ms (setup)        0.486 (comm)        0.211 (pade)        0.831 (series)        0.069 (mix)        0.024 (add) 

matrix_multi<float,-4,4>
Clifford algebra expressions test:
Fill: 0.5
Cl( 1, 0) in Cl( 1, 0) CPU =        0.009 ms (setup)        0.003 (comm)        0.001 (pade)        0.001 (series)        0.002 (mix)        0.001 (add) 
Cl( 1, 1) in Cl( 1, 1) CPU =        0.002 ms (setup)        0.005 (comm)        0.001 (pade)        0.001 (series)        0.004 (mix)        0.001 (add) 
Cl( 2, 1) in Cl( 2, 1) CPU =        0.002 ms (setup)        0.019 (comm)        0.001 (pade)        0.001 (series)        0.018 (mix)        0.000 (add) 
Cl( 2, 2) in Cl( 2, 2) CPU =        0.003 ms (setup)        0.029 (comm)        0.001 (pade)        0.001 (series)        0.026 (mix)        0.001 (add) 
Cl( 3, 2) in Cl( 3, 2) CPU =        0.012 ms (setup)        0.112 (comm)        0.002 (pade)        0.001 (series)        0.105 (mix)        0.001 (add) 
Cl( 3, 3) in Cl( 3, 3) CPU =        0.022 ms (setup)        0.181 (comm)        0.002 (pade)        0.001 (series)        0.173 (mix)        0.001 (add) 
Cl( 4, 3) in Cl( 4, 3) CPU =        0.050 ms (setup)        0.866 (comm)        0.005 (pade)        0.003 (series)        0.838 (mix)        0.001 (add) 
Cl( 4, 4) in Cl( 4, 4) CPU =        0.103 ms (setup)        1.353 (comm)        0.005 (pade)        0.003 (series)        1.313 (mix)        0.000 (add) 
Cl( 1, 0) in Cl( 4, 4) CPU =        0.003 ms (setup)        0.015 (comm)        0.005 (pade)        0.003 (series)        0.014 (mix)        0.000 (add) 
Cl( 1, 1) in Cl( 4, 4) CPU =        0.003 ms (setup)        0.023 (comm)        0.004 (pade)        0.002 (series)        0.021 (mix)        0.000 (add) 
Cl( 2, 1) in Cl( 4, 4) CPU =        0.005 ms (setup)        0.051 (comm)        0.004 (pade)        0.002 (series)        0.049 (mix)        0.001 (add) 
Cl( 2, 2) in Cl( 4, 4) CPU =        0.010 ms (setup)        0.066 (comm)        0.004 (pade)        0.002 (series)        0.062 (mix)        0.001 (add) 
Cl( 3, 2) in Cl( 4, 4) CPU =        0.044 ms (setup)        0.199 (comm)        0.005 (pade)        0.002 (series)        0.190 (mix)        0.000 (add) 
Cl( 3, 3) in Cl( 4, 4) CPU =        0.072 ms (setup)        0.281 (comm)        0.005 (pade)        0.002 (series)        0.272 (mix)        0.001 (add) 
Cl( 4, 3) in Cl( 4, 4) CPU =        0.183 ms (setup)        0.817 (comm)        0.005 (pade)        0.003 (series)        0.796 (mix)        0.001 (add) 
Cl( 4, 4) in Cl( 4, 4) CPU =        0.103 ms (setup)        1.387 (comm)        0.005 (pade)        0.003 (series)        1.349 (mix)        0.001 (add) 
Fill: 1
Cl( 1, 0) in Cl( 1, 0) CPU =        0.001 ms (setup)        0.005 (comm)        0.001 (pade)        0.003 (series)        0.004 (mix)        0.001 (add) 
Cl( 1, 1) in Cl( 1, 1) CPU =        0.001 ms (setup)        0.007 (comm)        0.001 (pade)        0.001 (series)        0.007 (mix)        0.001 (add) 
Cl( 2, 1) in Cl( 2, 1) CPU =        0.002 ms (setup)        0.023 (comm)        0.001 (pade)        0.001 (series)        0.022 (mix)        0.001 (add) 
Cl( 2, 2) in Cl( 2, 2) CPU =        0.004 ms (setup)        0.036 (comm)        0.001 (pade)        0.001 (series)        0.034 (mix)        0.001 (add) 
Cl( 3, 2) in Cl( 3, 2) CPU =        0.013 ms (setup)        0.139 (comm)        0.002 (pade)        0.002 (series)        0.132 (mix)        0.001 (add) 
Cl( 3, 3) in Cl( 3, 3) CPU =        0.025 ms (setup)        0.221 (comm)        0.002 (pade)        0.002 (series)        0.215 (mix)        0.000 (add) 
Cl( 4, 3) in Cl( 4, 3) CPU =        0.067 ms (setup)        0.988 (comm)        0.005 (pade)        0.002 (series)        0.970 (mix)        0.001 (add) 
Cl( 4, 4) in Cl( 4, 4) CPU =        0.131 ms (setup)        1.538 (comm)        0.005 (pade)        0.003 (series)        1.523 (mix)        0.001 (add) 
Cl( 1, 0) in Cl( 4, 4) CPU =        0.002 ms (setup)        0.033 (comm)        0.005 (pade)        0.003 (series)        0.030 (mix)        0.000 (add) 
Cl( 1, 1) in Cl( 4, 4) CPU =        0.003 ms (setup)        0.044 (comm)        0.004 (pade)        0.002 (series)        0.043 (mix)        0.001 (add) 
Cl( 2, 1) in Cl( 4, 4) CPU =        0.007 ms (setup)        0.066 (comm)        0.004 (pade)        0.003 (series)        0.064 (mix)        0.001 (add) 
Cl( 2, 2) in Cl( 4, 4) CPU =        0.019 ms (setup)        0.099 (comm)        0.004 (pade)        0.002 (series)        0.097 (mix)        0.000 (add) 
Cl( 3, 2) in Cl( 4, 4) CPU =        0.046 ms (setup)        0.211 (comm)        0.004 (pade)        0.002 (series)        0.206 (mix)        0.001 (add) 
Cl( 3, 3) in Cl( 4, 4) CPU =        0.086 ms (setup)        0.333 (comm)        0.005 (pade)        0.002 (series)        0.328 (mix)        0.001 (add) 
Cl( 4, 3) in Cl( 4, 4) CPU =        0.227 ms (setup)        1.042 (comm)        0.005 (pade)        0.002 (series)        1.026 (mix)        0.001 (add) 
Cl( 4, 4) in Cl( 4, 4) CPU =        0.132 ms (setup)        1.540 (comm)        0.005 (pade)        0.002 (series)        1.526 (mix)        0.001 (add) 

framed_multi<double>
Clifford algebra expressions test:
Fill: 0.5
Cl( 1, 0) in Cl( 1, 0) CPU =        0.001 ms (setup)        0.002 (comm)        0.009 (pade)        0.003 (series)        0.001 (mix)        0.002 (add) 
Cl( 1, 1) in Cl( 1, 1) CPU =        0.001 ms (setup)        0.001 (comm)        0.002 (pade)        0.001 (series)        0.000 (mix)        0.001 (add) 
Cl( 2, 1) in Cl( 2, 1) CPU =        0.001 ms (setup)        0.004 (comm)        0.005 (pade)        0.004 (series)        0.001 (mix)        0.001 (add) 
Cl( 2, 2) in Cl( 2, 2) CPU =        0.001 ms (setup)        0.006 (comm)        0.006 (pade)        0.007 (series)        0.002 (mix)        0.002 (add) 
Cl( 3, 2) in Cl( 3, 2) CPU =        0.003 ms (setup)        0.013 (comm)        0.029 (pade)        0.013 (series)        0.004 (mix)        0.003 (add) 
Cl( 3, 3) in Cl( 3, 3) CPU =        0.007 ms (setup)        0.034 (comm)        0.036 (pade)        0.050 (series)        0.008 (mix)        0.003 (add) 
Cl( 4, 3) in Cl( 4, 3) CPU =        0.013 ms (setup)        0.091 (comm)        0.133 (pade)        0.136 (series)        0.026 (mix)        0.005 (add) 
Cl( 4, 4) in Cl( 4, 4) CPU =        0.026 ms (setup)        0.438 (comm)        0.180 (pade)        0.690 (series)        0.102 (mix)        0.009 (add) 
Cl( 5, 4) in Cl( 5, 4) CPU =        0.053 ms (setup)        1.486 (comm)        1.182 (pade)        2.479 (series)        0.291 (mix)        0.018 (add) 
Cl( 5, 5) in Cl( 5, 5) CPU =        0.108 ms (setup)        2.534 (comm)        1.464 (pade)        3.544 (series)        0.802 (mix)        0.034 (add) 
Cl( 6, 5) in Cl( 6, 5) CPU =        0.227 ms (setup)        8.340 (comm)        3.852 (pade)       12.681 (series)        2.269 (mix)        0.076 (add) 
Cl( 6, 6) in Cl( 6, 6) CPU =        0.466 ms (setup)       14.931 (comm)        5.226 (pade)       18.001 (series)        6.585 (mix)        0.151 (add) 
Cl( 7, 6) in Cl( 7, 6) CPU =        0.950 ms (setup)       49.178 (comm)       16.643 (pade)       64.219 (series)       19.107 (mix)        0.329 (add) 
Cl( 7, 7) in Cl( 7, 7) CPU =        1.958 ms (setup)       98.243 (comm)       23.346 (pade)       91.205 (series)       56.924 (mix)        0.653 (add) 
Cl( 8, 7) in Cl( 8, 7) CPU =        3.897 ms (setup)      311.262 (comm)       82.743 (pade)      315.178 (series)      164.996 (mix)        1.377 (add) 
Cl( 8, 8) in Cl( 8, 8) CPU =        7.913 ms (setup)      702.278 (comm)      119.386 (pade)      457.042 (series)      498.364 (mix)        2.951 (add) 
Cl( 1, 0) in Cl( 8, 8) CPU =        0.001 ms (setup)        0.001 (comm)        0.003 (pade)        0.002 (series)        0.001 (mix)        0.001 (add) 
Cl( 1, 1) in Cl( 8, 8) CPU =        0.001 ms (setup)        0.001 (comm)        0.002 (pade)        0.001 (series)        0.000 (mix)        0.001 (add) 
Cl( 2, 1) in Cl( 8, 8) CPU =        0.001 ms (setup)        0.004 (comm)        0.006 (pade)        0.004 (series)        0.001 (mix)        0.001 (add) 
Cl( 2, 2) in Cl( 8, 8) CPU =        0.002 ms (setup)        0.006 (comm)        0.007 (pade)        0.007 (series)        0.002 (mix)        0.001 (add) 
Cl( 3, 2) in Cl( 8, 8) CPU =        0.002 ms (setup)        0.011 (comm)        0.019 (pade)        0.011 (series)        0.003 (mix)        0.001 (add) 
Cl( 3, 3) in Cl( 8, 8) CPU =        0.006 ms (setup)        0.035 (comm)        0.036 (pade)        0.047 (series)        0.009 (mix)        0.003 (add) 
Cl( 4, 3) in Cl( 8, 8) CPU =        0.013 ms (setup)        0.093 (comm)        0.134 (pade)        0.133 (series)        0.032 (mix)        0.005 (add) 
Cl( 4, 4) in Cl( 8, 8) CPU =        0.026 ms (setup)        0.428 (comm)        0.181 (pade)        0.682 (series)        0.101 (mix)        0.009 (add) 
Cl( 5, 4) in Cl( 8, 8) CPU =        0.054 ms (setup)        1.494 (comm)        1.161 (pade)        2.453 (series)        0.289 (mix)        0.017 (add) 
Cl( 5, 5) in Cl( 8, 8) CPU =        0.106 ms (setup)        2.428 (comm)        1.427 (pade)        3.480 (series)        0.775 (mix)        0.032 (add) 
Cl( 6, 5) in Cl( 8, 8) CPU =        0.226 ms (setup)        8.278 (comm)        3.791 (pade)       12.637 (series)        2.256 (mix)        0.075 (add) 
Cl( 6, 6) in Cl( 8, 8) CPU =        0.459 ms (setup)       14.780 (comm)        5.160 (pade)       17.884 (series)        6.524 (mix)        0.148 (add) 
Cl( 7, 6) in Cl( 8, 8) CPU =        0.950 ms (setup)       49.337 (comm)       16.560 (pade)       64.210 (series)       19.193 (mix)        0.323 (add) 
Cl( 7, 7) in Cl( 8, 8) CPU =        1.961 ms (setup)       98.484 (comm)       23.517 (pade)       91.697 (series)       56.868 (mix)        0.658 (add) 
Cl( 8, 7) in Cl( 8, 8) CPU =        3.917 ms (setup)      314.784 (comm)       83.111 (pade)      315.562 (series)      168.483 (mix)        1.398 (add) 
Cl( 8, 8) in Cl( 8, 8) CPU =        7.903 ms (setup)      700.032 (comm)      119.371 (pade)      457.975 (series)      495.635 (mix)        2.954 (add) 
Fill: 1
Cl( 1, 0) in Cl( 1, 0) CPU =        0.001 ms (setup)        0.002 (comm)        0.003 (pade)        0.003 (series)        0.001 (mix)        0.002 (add) 
Cl( 1, 1) in Cl( 1, 1) CPU =        0.001 ms (setup)        0.003 (comm)        0.003 (pade)        0.003 (series)        0.001 (mix)        0.001 (add) 
Cl( 2, 1) in Cl( 2, 1) CPU =        0.001 ms (setup)        0.004 (comm)        0.006 (pade)        0.005 (series)        0.001 (mix)        0.001 (add) 
Cl( 2, 2) in Cl( 2, 2) CPU =        0.002 ms (setup)        0.007 (comm)        0.007 (pade)        0.009 (series)        0.002 (mix)        0.001 (add) 
Cl( 3, 2) in Cl( 3, 2) CPU =        0.004 ms (setup)        0.018 (comm)        0.029 (pade)        0.024 (series)        0.005 (mix)        0.002 (add) 
Cl( 3, 3) in Cl( 3, 3) CPU =        0.009 ms (setup)        0.054 (comm)        0.040 (pade)        0.072 (series)        0.013 (mix)        0.004 (add) 
Cl( 4, 3) in Cl( 4, 3) CPU =        0.018 ms (setup)        0.165 (comm)        0.146 (pade)        0.229 (series)        0.039 (mix)        0.006 (add) 
Cl( 4, 4) in Cl( 4, 4) CPU =        0.036 ms (setup)        0.505 (comm)        0.203 (pade)        0.786 (series)        0.103 (mix)        0.011 (add) 
Cl( 5, 4) in Cl( 5, 4) CPU =        0.073 ms (setup)        1.675 (comm)        1.236 (pade)        2.734 (series)        0.283 (mix)        0.021 (add) 
Cl( 5, 5) in Cl( 5, 5) CPU =        0.150 ms (setup)        2.848 (comm)        1.582 (pade)        4.058 (series)        0.727 (mix)        0.041 (add) 
Cl( 6, 5) in Cl( 6, 5) CPU =        0.309 ms (setup)        9.241 (comm)        4.270 (pade)       14.441 (series)        1.973 (mix)        0.083 (add) 
Cl( 6, 6) in Cl( 6, 6) CPU =        0.642 ms (setup)       16.367 (comm)        6.080 (pade)       21.695 (series)        5.410 (mix)        0.171 (add) 
Cl( 7, 6) in Cl( 7, 6) CPU =        1.365 ms (setup)       52.658 (comm)       19.051 (pade)       74.436 (series)       15.486 (mix)        0.348 (add) 
Cl( 7, 7) in Cl( 7, 7) CPU =        2.903 ms (setup)      100.566 (comm)       28.615 (pade)      112.701 (series)       44.371 (mix)        0.684 (add) 
Cl( 8, 7) in Cl( 8, 7) CPU =        5.677 ms (setup)      315.566 (comm)       97.585 (pade)      373.815 (series)      129.626 (mix)        1.462 (add) 
Cl( 8, 8) in Cl( 8, 8) CPU =       11.841 ms (setup)      675.355 (comm)      149.667 (pade)      581.630 (series)      384.668 (mix)        2.768 (add) 
Cl( 1, 0) in Cl( 8, 8) CPU =        0.001 ms (setup)        0.003 (comm)        0.003 (pade)        0.003 (series)        0.001 (mix)        0.001 (add) 
Cl( 1, 1) in Cl( 8, 8) CPU =        0.001 ms (setup)        0.003 (comm)        0.002 (pade)        0.003 (series)        0.001 (mix)        0.001 (add) 
Cl( 2, 1) in Cl( 8, 8) CPU =        0.001 ms (setup)        0.004 (comm)        0.005 (pade)        0.005 (series)        0.001 (mix)        0.001 (add) 
Cl( 2, 2) in Cl( 8, 8) CPU =        0.002 ms (setup)        0.007 (comm)        0.007 (pade)        0.009 (series)        0.003 (mix)        0.001 (add) 
Cl( 3, 2) in Cl( 8, 8) CPU =        0.004 ms (setup)        0.019 (comm)        0.029 (pade)        0.024 (series)        0.004 (mix)        0.002 (add) 
Cl( 3, 3) in Cl( 8, 8) CPU =        0.008 ms (setup)        0.053 (comm)        0.040 (pade)        0.072 (series)        0.013 (mix)        0.004 (add) 
Cl( 4, 3) in Cl( 8, 8) CPU =        0.018 ms (setup)        0.165 (comm)        0.147 (pade)        0.229 (series)        0.040 (mix)        0.006 (add) 
Cl( 4, 4) in Cl( 8, 8) CPU =        0.036 ms (setup)        0.507 (comm)        0.204 (pade)        0.787 (series)        0.103 (mix)        0.011 (add) 
Cl( 5, 4) in Cl( 8, 8) CPU =        0.075 ms (setup)        1.699 (comm)        1.236 (pade)        2.739 (series)        0.281 (mix)        0.021 (add) 
Cl( 5, 5) in Cl( 8, 8) CPU =        0.151 ms (setup)        2.838 (comm)        1.571 (pade)        4.055 (series)        0.726 (mix)        0.041 (add) 
Cl( 6, 5) in Cl( 8, 8) CPU =        0.310 ms (setup)        9.213 (comm)        4.264 (pade)       14.454 (series)        1.975 (mix)        0.082 (add) 
Cl( 6, 6) in Cl( 8, 8) CPU =        0.645 ms (setup)       16.328 (comm)        6.072 (pade)       21.721 (series)        5.474 (mix)        0.172 (add) 
Cl( 7, 6) in Cl( 8, 8) CPU =        1.365 ms (setup)       52.644 (comm)       19.056 (pade)       74.323 (series)       15.354 (mix)        0.347 (add) 
Cl( 7, 7) in Cl( 8, 8) CPU =        2.912 ms (setup)      100.653 (comm)       28.621 (pade)      112.792 (series)       44.379 (mix)        0.685 (add) 
Cl( 8, 7) in Cl( 8, 8) CPU =        5.675 ms (setup)      315.808 (comm)       97.242 (pade)      374.125 (series)      129.649 (mix)        1.462 (add) 
Cl( 8, 8) in Cl( 8, 8) CPU =       11.826 ms (setup)      675.054 (comm)      149.827 (pade)      582.173 (series)      384.681 (mix)        2.770 (add) 

matrix_multi<double>
Clifford algebra expressions test:
Fill: 0.5
Cl( 1, 0) in Cl( 1, 0) CPU =        0.003 ms (setup)        0.004 (comm)        0.001 (pade)        0.002 (series)        0.002 (mix)        0.001 (add) 
Cl( 1, 1) in Cl( 1, 1) CPU =        0.004 ms (setup)        0.003 (comm)        0.001 (pade)        0.001 (series)        0.002 (mix)        0.001 (add) 
Cl( 2, 1) in Cl( 2, 1) CPU =        0.002 ms (setup)        0.019 (comm)        0.001 (pade)        0.001 (series)        0.017 (mix)        0.001 (add) 
Cl( 2, 2) in Cl( 2, 2) CPU =        0.002 ms (setup)        0.030 (comm)        0.001 (pade)        0.001 (series)        0.028 (mix)        0.000 (add) 
Cl( 3, 2) in Cl( 3, 2) CPU =        0.013 ms (setup)        0.100 (comm)        0.002 (pade)        0.002 (series)        0.095 (mix)        0.000 (add) 
Cl( 3, 3) in Cl( 3, 3) CPU =        0.021 ms (setup)        0.173 (comm)        0.002 (pade)        0.002 (series)        0.166 (mix)        0.000 (add) 
Cl( 4, 3) in Cl( 4, 3) CPU =        0.054 ms (setup)        0.820 (comm)        0.005 (pade)        0.005 (series)        0.798 (mix)        0.001 (add) 
Cl( 4, 4) in Cl( 4, 4) CPU =        0.104 ms (setup)        1.276 (comm)        0.005 (pade)        0.004 (series)        1.256 (mix)        0.001 (add) 
Cl( 5, 4) in Cl( 5, 4) CPU =        0.250 ms (setup)        5.156 (comm)        0.128 (pade)        0.015 (series)        5.143 (mix)        0.002 (add) 
Cl( 5, 5) in Cl( 5, 5) CPU =        0.488 ms (setup)        7.793 (comm)        0.023 (pade)        0.015 (series)        7.782 (mix)        0.002 (add) 
Cl( 6, 5) in Cl( 6, 5) CPU =        1.139 ms (setup)       29.666 (comm)        0.346 (pade)        0.078 (series)       29.605 (mix)        0.005 (add) 
Cl( 6, 6) in Cl( 6, 6) CPU =        2.288 ms (setup)       42.739 (comm)        0.091 (pade)        0.822 (series)       42.691 (mix)        0.005 (add) 
Cl( 7, 6) in Cl( 7, 6) CPU =        5.420 ms (setup)      202.653 (comm)        1.143 (pade)        0.243 (series)      202.043 (mix)        0.038 (add) 
Cl( 7, 7) in Cl( 7, 7) CPU =       10.913 ms (setup)      270.147 (comm)        1.134 (pade)        0.252 (series)      269.161 (mix)        0.030 (add) 
Cl( 8, 7) in Cl( 8, 7) CPU =       25.611 ms (setup)     1194.786 (comm)        5.317 (pade)        6.430 (series)     1165.812 (mix)        0.120 (add) 
Cl( 8, 8) in Cl( 8, 8) CPU =       51.722 ms (setup)     1492.806 (comm)        5.327 (pade)        6.024 (series)     1489.262 (mix)        0.120 (add) 
Cl( 1, 0) in Cl( 8, 8) CPU =        0.013 ms (setup)        7.138 (comm)        5.099 (pade)        6.125 (series)        3.951 (mix)        0.120 (add) 
Cl( 1, 1) in Cl( 8, 8) CPU =        0.025 ms (setup)       12.666 (comm)        5.196 (pade)        6.012 (series)        9.456 (mix)        0.121 (add) 
Cl( 2, 1) in Cl( 8, 8) CPU =        0.053 ms (setup)       30.561 (comm)        5.290 (pade)        6.002 (series)       27.140 (mix)        0.121 (add) 
Cl( 2, 2) in Cl( 8, 8) CPU =        0.101 ms (setup)       57.678 (comm)        5.266 (pade)        6.005 (series)       53.583 (mix)        0.121 (add) 
Cl( 3, 2) in Cl( 8, 8) CPU =        0.533 ms (setup)       82.021 (comm)        5.366 (pade)        5.891 (series)       77.505 (mix)        0.121 (add) 
Cl( 3, 3) in Cl( 8, 8) CPU =        0.867 ms (setup)      112.539 (comm)        5.319 (pade)        6.011 (series)      107.251 (mix)        0.123 (add) 
Cl( 4, 3) in Cl( 8, 8) CPU =        0.982 ms (setup)      116.396 (comm)        5.307 (pade)        6.048 (series)      111.323 (mix)        0.122 (add) 
Cl( 4, 4) in Cl( 8, 8) CPU =        1.173 ms (setup)      160.814 (comm)        5.355 (pade)        6.029 (series)      154.944 (mix)        0.123 (add) 
Cl( 5, 4) in Cl( 8, 8) CPU =        1.690 ms (setup)      208.732 (comm)        5.357 (pade)        5.696 (series)      201.731 (mix)        0.124 (add) 
Cl( 5, 5) in Cl( 8, 8) CPU =        2.619 ms (setup)      247.600 (comm)        5.314 (pade)        6.346 (series)      240.291 (mix)        0.123 (add) 
Cl( 6, 5) in Cl( 8, 8) CPU =        5.270 ms (setup)      328.183 (comm)        5.370 (pade)        5.963 (series)      319.483 (mix)        0.123 (add) 
Cl( 6, 6) in Cl( 8, 8) CPU =        9.581 ms (setup)      364.014 (comm)        5.361 (pade)        6.027 (series)      354.868 (mix)        0.121 (add) 
Cl( 7, 6) in Cl( 8, 8) CPU =       21.784 ms (setup)      511.579 (comm)        5.348 (pade)        6.516 (series)      502.776 (mix)        0.122 (add) 
Cl( 7, 7) in Cl( 8, 8) CPU =       41.770 ms (setup)      647.104 (comm)        5.346 (pade)        6.038 (series)      636.434 (mix)        0.122 (add) 
Cl( 8, 7) in Cl( 8, 8) CPU =       98.353 ms (setup)     1210.883 (comm)        5.354 (pade)        6.168 (series)     1206.470 (mix)        0.123 (add) 
Cl( 8, 8) in Cl( 8, 8) CPU =       51.815 ms (setup)     1480.224 (comm)        5.362 (pade)        6.249 (series)     1475.623 (mix)        0.120 (add) 
Fill: 1
Cl( 1, 0) in Cl( 1, 0) CPU =        0.001 ms (setup)        0.006 (comm)        0.001 (pade)        0.002 (series)        0.004 (mix)        0.001 (add) 
Cl( 1, 1) in Cl( 1, 1) CPU =        0.001 ms (setup)        0.007 (comm)        0.001 (pade)        0.001 (series)        0.007 (mix)        0.000 (add) 
Cl( 2, 1) in Cl( 2, 1) CPU =        0.002 ms (setup)        0.022 (comm)        0.001 (pade)        0.001 (series)        0.022 (mix)        0.000 (add) 
Cl( 2, 2) in Cl( 2, 2) CPU =        0.005 ms (setup)        0.037 (comm)        0.001 (pade)        0.001 (series)        0.035 (mix)        0.001 (add) 
Cl( 3, 2) in Cl( 3, 2) CPU =        0.014 ms (setup)        0.139 (comm)        0.002 (pade)        0.002 (series)        0.133 (mix)        0.001 (add) 
Cl( 3, 3) in Cl( 3, 3) CPU =        0.026 ms (setup)        0.223 (comm)        0.002 (pade)        0.001 (series)        0.217 (mix)        0.000 (add) 
Cl( 4, 3) in Cl( 4, 3) CPU =        0.071 ms (setup)        0.985 (comm)        0.006 (pade)        0.005 (series)        0.971 (mix)        0.001 (add) 
Cl( 4, 4) in Cl( 4, 4) CPU =        0.138 ms (setup)        1.514 (comm)        0.005 (pade)        0.005 (series)        1.501 (mix)        0.001 (add) 
Cl( 5, 4) in Cl( 5, 4) CPU =        0.345 ms (setup)        5.722 (comm)        0.024 (pade)        0.015 (series)        5.705 (mix)        0.001 (add) 
Cl( 5, 5) in Cl( 5, 5) CPU =        0.707 ms (setup)        8.582 (comm)        0.025 (pade)        0.015 (series)        8.558 (mix)        0.002 (add) 
Cl( 6, 5) in Cl( 6, 5) CPU =        1.738 ms (setup)       32.446 (comm)        0.213 (pade)        0.078 (series)       32.391 (mix)        0.005 (add) 
Cl( 6, 6) in Cl( 6, 6) CPU =        3.573 ms (setup)       46.122 (comm)        0.092 (pade)        0.078 (series)       46.058 (mix)        0.005 (add) 
Cl( 7, 6) in Cl( 7, 6) CPU =        8.840 ms (setup)      218.098 (comm)        1.157 (pade)        0.239 (series)      216.971 (mix)        0.030 (add) 
Cl( 7, 7) in Cl( 7, 7) CPU =       17.891 ms (setup)      291.903 (comm)        1.153 (pade)        0.248 (series)      290.771 (mix)        0.036 (add) 
Cl( 8, 7) in Cl( 8, 7) CPU =       44.212 ms (setup)     1247.718 (comm)        5.310 (pade)        5.832 (series)     1243.916 (mix)        0.121 (add) 
Cl( 8, 8) in Cl( 8, 8) CPU =       90.565 ms (setup)     1633.736 (comm)        5.307 (pade)        6.492 (series)     1627.622 (mix)        0.120 (add) 
Cl( 1, 0) in Cl( 8, 8) CPU =        0.017 ms (setup)       16.544 (comm)        5.210 (pade)        6.027 (series)       13.332 (mix)        0.122 (add) 
Cl( 1, 1) in Cl( 8, 8) CPU =        0.043 ms (setup)       27.931 (comm)        5.216 (pade)        6.378 (series)       24.422 (mix)        0.122 (add) 
Cl( 2, 1) in Cl( 8, 8) CPU =        0.083 ms (setup)       43.883 (comm)        5.317 (pade)        5.999 (series)       40.028 (mix)        0.121 (add) 
Cl( 2, 2) in Cl( 8, 8) CPU =        0.806 ms (setup)       64.537 (comm)        5.288 (pade)        6.010 (series)       60.194 (mix)        0.124 (add) 
Cl( 3, 2) in Cl( 8, 8) CPU =        0.835 ms (setup)       90.310 (comm)        5.310 (pade)        5.588 (series)       85.365 (mix)        0.124 (add) 
Cl( 3, 3) in Cl( 8, 8) CPU =        0.896 ms (setup)      122.702 (comm)        5.332 (pade)        6.000 (series)      117.089 (mix)        0.123 (add) 
Cl( 4, 3) in Cl( 8, 8) CPU =        1.062 ms (setup)      161.177 (comm)        5.361 (pade)        6.199 (series)      154.901 (mix)        0.122 (add) 
Cl( 4, 4) in Cl( 8, 8) CPU =        1.298 ms (setup)      202.363 (comm)        5.333 (pade)        6.000 (series)      195.478 (mix)        0.122 (add) 
Cl( 5, 4) in Cl( 8, 8) CPU =        2.063 ms (setup)      250.034 (comm)        5.336 (pade)        6.007 (series)      241.924 (mix)        0.122 (add) 
Cl( 5, 5) in Cl( 8, 8) CPU =        3.267 ms (setup)      295.421 (comm)        5.348 (pade)        5.998 (series)      286.787 (mix)        0.122 (add) 
Cl( 6, 5) in Cl( 8, 8) CPU =        6.934 ms (setup)      366.088 (comm)        5.366 (pade)        6.038 (series)      356.723 (mix)        0.122 (add) 
Cl( 6, 6) in Cl( 8, 8) CPU =       12.882 ms (setup)      423.726 (comm)        5.362 (pade)        6.040 (series)      413.696 (mix)        0.122 (add) 
Cl( 7, 6) in Cl( 8, 8) CPU =       30.127 ms (setup)      594.485 (comm)        5.365 (pade)        6.350 (series)      584.040 (mix)        0.125 (add) 
Cl( 7, 7) in Cl( 8, 8) CPU =       58.717 ms (setup)      708.683 (comm)        5.359 (pade)        6.042 (series)      698.014 (mix)        0.122 (add) 
Cl( 8, 7) in Cl( 8, 8) CPU =      141.550 ms (setup)     1294.525 (comm)        5.347 (pade)        6.064 (series)     1291.512 (mix)        0.121 (add) 
Cl( 8, 8) in Cl( 8, 8) CPU =       90.484 ms (setup)     1633.727 (comm)        5.346 (pade)        6.085 (series)     1628.162 (mix)        0.121 (add) 
