
framed_multi<float,-4,4>
Clifford algebra products test:
Fill: 0.5
Cl( 1, 0) in Cl( 1, 0) CPU =        0.001 ms (setup)        0.001 (*)        0.001 (^)        0.000 (&)        0.001 (%) 
Cl( 1, 1) in Cl( 1, 1) CPU =        0.001 ms (setup)        0.001 (*)        0.001 (^)        0.001 (&)        0.001 (%) 
Cl( 2, 1) in Cl( 2, 1) CPU =        0.001 ms (setup)        0.001 (*)        0.001 (^)        0.001 (&)        0.001 (%) 
Cl( 2, 2) in Cl( 2, 2) CPU =        0.001 ms (setup)        0.002 (*)        0.002 (^)        0.001 (&)        0.001 (%) 
Cl( 3, 2) in Cl( 3, 2) CPU =        0.002 ms (setup)        0.004 (*)        0.003 (^)        0.002 (&)        0.002 (%) 
Cl( 3, 3) in Cl( 3, 3) CPU =        0.003 ms (setup)        0.008 (*)        0.006 (^)        0.004 (&)        0.003 (%) 
Cl( 4, 3) in Cl( 4, 3) CPU =        0.007 ms (setup)        0.022 (*)        0.017 (^)        0.009 (&)        0.007 (%) 
Cl( 4, 4) in Cl( 4, 4) CPU =        0.013 ms (setup)        0.170 (*)        0.046 (^)        0.026 (&)        0.018 (%) 
Cl( 1, 0) in Cl( 4, 4) CPU =        0.001 ms (setup)        0.000 (*)        0.000 (^)        0.000 (&)        0.001 (%) 
Cl( 1, 1) in Cl( 4, 4) CPU =        0.001 ms (setup)        0.000 (*)        0.001 (^)        0.000 (&)        0.001 (%) 
Cl( 2, 1) in Cl( 4, 4) CPU =        0.001 ms (setup)        0.001 (*)        0.001 (^)        0.001 (&)        0.001 (%) 
Cl( 2, 2) in Cl( 4, 4) CPU =        0.001 ms (setup)        0.002 (*)        0.002 (^)        0.001 (&)        0.001 (%) 
Cl( 3, 2) in Cl( 4, 4) CPU =        0.002 ms (setup)        0.004 (*)        0.003 (^)        0.002 (&)        0.002 (%) 
Cl( 3, 3) in Cl( 4, 4) CPU =        0.004 ms (setup)        0.007 (*)        0.006 (^)        0.003 (&)        0.003 (%) 
Cl( 4, 3) in Cl( 4, 4) CPU =        0.007 ms (setup)        0.024 (*)        0.015 (^)        0.009 (&)        0.007 (%) 
Cl( 4, 4) in Cl( 4, 4) CPU =        0.013 ms (setup)        0.162 (*)        0.052 (^)        0.031 (&)        0.020 (%) 
Fill: 1
Cl( 1, 0) in Cl( 1, 0) CPU =        0.001 ms (setup)        0.001 (*)        0.001 (^)        0.001 (&)        0.001 (%) 
Cl( 1, 1) in Cl( 1, 1) CPU =        0.001 ms (setup)        0.001 (*)        0.001 (^)        0.000 (&)        0.001 (%) 
Cl( 2, 1) in Cl( 2, 1) CPU =        0.001 ms (setup)        0.001 (*)        0.001 (^)        0.001 (&)        0.001 (%) 
Cl( 2, 2) in Cl( 2, 2) CPU =        0.001 ms (setup)        0.002 (*)        0.002 (^)        0.002 (&)        0.001 (%) 
Cl( 3, 2) in Cl( 3, 2) CPU =        0.002 ms (setup)        0.005 (*)        0.003 (^)        0.003 (&)        0.002 (%) 
Cl( 3, 3) in Cl( 3, 3) CPU =        0.005 ms (setup)        0.015 (*)        0.006 (^)        0.005 (&)        0.004 (%) 
Cl( 4, 3) in Cl( 4, 3) CPU =        0.009 ms (setup)        0.049 (*)        0.013 (^)        0.014 (&)        0.010 (%) 
Cl( 4, 4) in Cl( 4, 4) CPU =        0.019 ms (setup)        0.205 (*)        0.035 (^)        0.038 (&)        0.026 (%) 
Cl( 1, 0) in Cl( 4, 4) CPU =        0.000 ms (setup)        0.001 (*)        0.001 (^)        0.000 (&)        0.000 (%) 
Cl( 1, 1) in Cl( 4, 4) CPU =        0.001 ms (setup)        0.001 (*)        0.001 (^)        0.000 (&)        0.001 (%) 
Cl( 2, 1) in Cl( 4, 4) CPU =        0.001 ms (setup)        0.001 (*)        0.001 (^)        0.001 (&)        0.001 (%) 
Cl( 2, 2) in Cl( 4, 4) CPU =        0.001 ms (setup)        0.002 (*)        0.001 (^)        0.001 (&)        0.001 (%) 
Cl( 3, 2) in Cl( 4, 4) CPU =        0.002 ms (setup)        0.005 (*)        0.003 (^)        0.003 (&)        0.002 (%) 
Cl( 3, 3) in Cl( 4, 4) CPU =        0.005 ms (setup)        0.015 (*)        0.005 (^)        0.005 (&)        0.004 (%) 
Cl( 4, 3) in Cl( 4, 4) CPU =        0.009 ms (setup)        0.049 (*)        0.013 (^)        0.013 (&)        0.009 (%) 
Cl( 4, 4) in Cl( 4, 4) CPU =        0.020 ms (setup)        0.202 (*)        0.035 (^)        0.037 (&)        0.025 (%) 

matrix_multi<float,-4,4>
Clifford algebra products test:
Fill: 0.5
Cl( 1, 0) in Cl( 1, 0) CPU =        0.008 ms (setup)        0.001 (*)        0.002 (^)        0.001 (&)        0.001 (%) 
Cl( 1, 1) in Cl( 1, 1) CPU =        0.002 ms (setup)        0.000 (*)        0.004 (^)        0.003 (&)        0.004 (%) 
Cl( 2, 1) in Cl( 2, 1) CPU =        0.003 ms (setup)        0.001 (*)        0.007 (^)        0.005 (&)        0.006 (%) 
Cl( 2, 2) in Cl( 2, 2) CPU =        0.005 ms (setup)        0.000 (*)        0.015 (^)        0.013 (&)        0.016 (%) 
Cl( 3, 2) in Cl( 3, 2) CPU =        0.011 ms (setup)        0.001 (*)        0.049 (^)        0.045 (&)        0.052 (%) 
Cl( 3, 3) in Cl( 3, 3) CPU =        0.010 ms (setup)        0.000 (*)        0.089 (^)        0.086 (&)        0.095 (%) 
Cl( 4, 3) in Cl( 4, 3) CPU =        0.025 ms (setup)        0.001 (*)        0.386 (^)        0.361 (&)        0.379 (%) 
Cl( 4, 4) in Cl( 4, 4) CPU =        0.051 ms (setup)        0.001 (*)        0.669 (^)        0.657 (&)        0.680 (%) 
Cl( 1, 0) in Cl( 4, 4) CPU =        0.003 ms (setup)        0.001 (*)        0.019 (^)        0.013 (&)        0.016 (%) 
Cl( 1, 1) in Cl( 4, 4) CPU =        0.004 ms (setup)        0.001 (*)        0.011 (^)        0.010 (&)        0.011 (%) 
Cl( 2, 1) in Cl( 4, 4) CPU =        0.004 ms (setup)        0.001 (*)        0.036 (^)        0.024 (&)        0.027 (%) 
Cl( 2, 2) in Cl( 4, 4) CPU =        0.007 ms (setup)        0.001 (*)        0.032 (^)        0.027 (&)        0.027 (%) 
Cl( 3, 2) in Cl( 4, 4) CPU =        0.021 ms (setup)        0.001 (*)        0.085 (^)        0.065 (&)        0.070 (%) 
Cl( 3, 3) in Cl( 4, 4) CPU =        0.036 ms (setup)        0.001 (*)        0.149 (^)        0.113 (&)        0.125 (%) 
Cl( 4, 3) in Cl( 4, 4) CPU =        0.089 ms (setup)        0.001 (*)        0.444 (^)        0.373 (&)        0.399 (%) 
Cl( 4, 4) in Cl( 4, 4) CPU =        0.051 ms (setup)        0.001 (*)        0.631 (^)        0.633 (&)        0.635 (%) 
Fill: 1
Cl( 1, 0) in Cl( 1, 0) CPU =        0.001 ms (setup)        0.001 (*)        0.003 (^)        0.002 (&)        0.003 (%) 
Cl( 1, 1) in Cl( 1, 1) CPU =        0.001 ms (setup)        0.001 (*)        0.004 (^)        0.003 (&)        0.004 (%) 
Cl( 2, 1) in Cl( 2, 1) CPU =        0.001 ms (setup)        0.001 (*)        0.011 (^)        0.010 (&)        0.011 (%) 
Cl( 2, 2) in Cl( 2, 2) CPU =        0.003 ms (setup)        0.001 (*)        0.018 (^)        0.015 (&)        0.018 (%) 
Cl( 3, 2) in Cl( 3, 2) CPU =        0.006 ms (setup)        0.001 (*)        0.067 (^)        0.060 (&)        0.068 (%) 
Cl( 3, 3) in Cl( 3, 3) CPU =        0.012 ms (setup)        0.001 (*)        0.106 (^)        0.102 (&)        0.108 (%) 
Cl( 4, 3) in Cl( 4, 3) CPU =        0.034 ms (setup)        0.001 (*)        0.470 (^)        0.480 (&)        0.481 (%) 
Cl( 4, 4) in Cl( 4, 4) CPU =        0.070 ms (setup)        0.001 (*)        0.745 (^)        0.739 (&)        0.751 (%) 
Cl( 1, 0) in Cl( 4, 4) CPU =        0.003 ms (setup)        0.001 (*)        0.019 (^)        0.013 (&)        0.015 (%) 
Cl( 1, 1) in Cl( 4, 4) CPU =        0.003 ms (setup)        0.001 (*)        0.023 (^)        0.014 (&)        0.020 (%) 
Cl( 2, 1) in Cl( 4, 4) CPU =        0.005 ms (setup)        0.001 (*)        0.038 (^)        0.026 (&)        0.029 (%) 
Cl( 2, 2) in Cl( 4, 4) CPU =        0.009 ms (setup)        0.001 (*)        0.053 (^)        0.036 (&)        0.042 (%) 
Cl( 3, 2) in Cl( 4, 4) CPU =        0.024 ms (setup)        0.001 (*)        0.116 (^)        0.088 (&)        0.090 (%) 
Cl( 3, 3) in Cl( 4, 4) CPU =        0.044 ms (setup)        0.001 (*)        0.175 (^)        0.142 (&)        0.151 (%) 
Cl( 4, 3) in Cl( 4, 4) CPU =        0.114 ms (setup)        0.001 (*)        0.521 (^)        0.479 (&)        0.477 (%) 
Cl( 4, 4) in Cl( 4, 4) CPU =        0.068 ms (setup)        0.001 (*)        0.752 (^)        0.742 (&)        0.750 (%) 

framed_multi<double>
Clifford algebra products test:
Fill: 0.5
Cl( 1, 0) in Cl( 1, 0) CPU =        0.001 ms (setup)        0.001 (*)        0.001 (^)        0.008 (&)        0.001 (%) 
Cl( 1, 1) in Cl( 1, 1) CPU =        0.000 ms (setup)        0.001 (*)        0.000 (^)        0.001 (&)        0.001 (%) 
Cl( 2, 1) in Cl( 2, 1) CPU =        0.001 ms (setup)        0.001 (*)        0.001 (^)        0.001 (&)        0.001 (%) 
Cl( 2, 2) in Cl( 2, 2) CPU =        0.001 ms (setup)        0.002 (*)        0.002 (^)        0.002 (&)        0.002 (%) 
Cl( 3, 2) in Cl( 3, 2) CPU =        0.002 ms (setup)        0.005 (*)        0.002 (^)        0.004 (&)        0.003 (%) 
Cl( 3, 3) in Cl( 3, 3) CPU =        0.003 ms (setup)        0.011 (*)        0.005 (^)        0.007 (&)        0.007 (%) 
Cl( 4, 3) in Cl( 4, 3) CPU =        0.007 ms (setup)        0.028 (*)        0.017 (^)        0.018 (&)        0.014 (%) 
Cl( 4, 4) in Cl( 4, 4) CPU =        0.013 ms (setup)        0.157 (*)        0.052 (^)        0.048 (&)        0.036 (%) 
Cl( 5, 4) in Cl( 5, 4) CPU =        0.027 ms (setup)        0.571 (*)        0.154 (^)        0.133 (&)        0.090 (%) 
Cl( 5, 5) in Cl( 5, 5) CPU =        0.055 ms (setup)        0.788 (*)        0.450 (^)        0.355 (&)        0.239 (%) 
Cl( 6, 5) in Cl( 6, 5) CPU =        0.114 ms (setup)        2.942 (*)        1.271 (^)        0.999 (&)        0.585 (%) 
Cl( 6, 6) in Cl( 6, 6) CPU =        0.233 ms (setup)        4.037 (*)        3.693 (^)        2.800 (&)        1.602 (%) 
Cl( 7, 6) in Cl( 7, 6) CPU =        0.477 ms (setup)       14.997 (*)       10.986 (^)        8.473 (&)        4.671 (%) 
Cl( 7, 7) in Cl( 7, 7) CPU =        0.963 ms (setup)       20.441 (*)       32.076 (^)       24.585 (&)       13.139 (%) 
Cl( 8, 7) in Cl( 8, 7) CPU =        1.968 ms (setup)       72.828 (*)       95.375 (^)       72.603 (&)       38.209 (%) 
Cl( 8, 8) in Cl( 8, 8) CPU =        3.971 ms (setup)      100.524 (*)      281.497 (^)      211.488 (&)      109.670 (%) 
Cl( 1, 0) in Cl( 8, 8) CPU =        0.001 ms (setup)        0.001 (*)        0.000 (^)        0.001 (&)        0.001 (%) 
Cl( 1, 1) in Cl( 8, 8) CPU =        0.001 ms (setup)        0.001 (*)        0.000 (^)        0.001 (&)        0.001 (%) 
Cl( 2, 1) in Cl( 8, 8) CPU =        0.001 ms (setup)        0.001 (*)        0.001 (^)        0.001 (&)        0.001 (%) 
Cl( 2, 2) in Cl( 8, 8) CPU =        0.001 ms (setup)        0.002 (*)        0.001 (^)        0.002 (&)        0.002 (%) 
Cl( 3, 2) in Cl( 8, 8) CPU =        0.002 ms (setup)        0.004 (*)        0.002 (^)        0.004 (&)        0.003 (%) 
Cl( 3, 3) in Cl( 8, 8) CPU =        0.004 ms (setup)        0.012 (*)        0.005 (^)        0.008 (&)        0.007 (%) 
Cl( 4, 3) in Cl( 8, 8) CPU =        0.007 ms (setup)        0.026 (*)        0.015 (^)        0.018 (&)        0.014 (%) 
Cl( 4, 4) in Cl( 8, 8) CPU =        0.013 ms (setup)        0.156 (*)        0.051 (^)        0.049 (&)        0.036 (%) 
Cl( 5, 4) in Cl( 8, 8) CPU =        0.027 ms (setup)        0.577 (*)        0.160 (^)        0.131 (&)        0.091 (%) 
Cl( 5, 5) in Cl( 8, 8) CPU =        0.054 ms (setup)        0.787 (*)        0.445 (^)        0.345 (&)        0.222 (%) 
Cl( 6, 5) in Cl( 8, 8) CPU =        0.113 ms (setup)        2.927 (*)        1.272 (^)        0.998 (&)        0.593 (%) 
Cl( 6, 6) in Cl( 8, 8) CPU =        0.228 ms (setup)        3.998 (*)        3.688 (^)        2.821 (&)        1.632 (%) 
Cl( 7, 6) in Cl( 8, 8) CPU =        0.473 ms (setup)       14.898 (*)       10.903 (^)        8.357 (&)        4.554 (%) 
Cl( 7, 7) in Cl( 8, 8) CPU =        0.962 ms (setup)       20.315 (*)       32.010 (^)       24.358 (&)       12.927 (%) 
Cl( 8, 7) in Cl( 8, 8) CPU =        1.956 ms (setup)       72.534 (*)       94.789 (^)       71.593 (&)       37.456 (%) 
Cl( 8, 8) in Cl( 8, 8) CPU =        3.981 ms (setup)      100.701 (*)      282.111 (^)      213.711 (&)      110.596 (%) 
Fill: 1
Cl( 1, 0) in Cl( 1, 0) CPU =        0.001 ms (setup)        0.001 (*)        0.001 (^)        0.009 (&)        0.002 (%) 
Cl( 1, 1) in Cl( 1, 1) CPU =        0.001 ms (setup)        0.001 (*)        0.001 (^)        0.001 (&)        0.001 (%) 
Cl( 2, 1) in Cl( 2, 1) CPU =        0.001 ms (setup)        0.002 (*)        0.001 (^)        0.001 (&)        0.001 (%) 
Cl( 2, 2) in Cl( 2, 2) CPU =        0.002 ms (setup)        0.003 (*)        0.001 (^)        0.002 (&)        0.002 (%) 
Cl( 3, 2) in Cl( 3, 2) CPU =        0.003 ms (setup)        0.007 (*)        0.003 (^)        0.005 (&)        0.004 (%) 
Cl( 3, 3) in Cl( 3, 3) CPU =        0.005 ms (setup)        0.019 (*)        0.007 (^)        0.009 (&)        0.008 (%) 
Cl( 4, 3) in Cl( 4, 3) CPU =        0.009 ms (setup)        0.061 (*)        0.018 (^)        0.022 (&)        0.019 (%) 
Cl( 4, 4) in Cl( 4, 4) CPU =        0.019 ms (setup)        0.194 (*)        0.049 (^)        0.058 (&)        0.044 (%) 
Cl( 5, 4) in Cl( 5, 4) CPU =        0.039 ms (setup)        0.690 (*)        0.130 (^)        0.150 (&)        0.108 (%) 
Cl( 5, 5) in Cl( 5, 5) CPU =        0.080 ms (setup)        1.005 (*)        0.338 (^)        0.387 (&)        0.268 (%) 
Cl( 6, 5) in Cl( 6, 5) CPU =        0.160 ms (setup)        3.578 (*)        0.904 (^)        1.048 (&)        0.686 (%) 
Cl( 6, 6) in Cl( 6, 6) CPU =        0.326 ms (setup)        5.343 (*)        2.485 (^)        2.902 (&)        1.788 (%) 
Cl( 7, 6) in Cl( 7, 6) CPU =        0.690 ms (setup)       18.442 (*)        7.017 (^)        8.326 (&)        4.854 (%) 
Cl( 7, 7) in Cl( 7, 7) CPU =        1.460 ms (setup)       27.849 (*)       20.065 (^)       24.299 (&)       13.534 (%) 
Cl( 8, 7) in Cl( 8, 7) CPU =        2.836 ms (setup)       92.824 (*)       58.026 (^)       71.558 (&)       38.676 (%) 
Cl( 8, 8) in Cl( 8, 8) CPU =        5.968 ms (setup)      144.606 (*)      169.796 (^)      213.243 (&)      113.145 (%) 
Cl( 1, 0) in Cl( 8, 8) CPU =        0.001 ms (setup)        0.001 (*)        0.000 (^)        0.001 (&)        0.001 (%) 
Cl( 1, 1) in Cl( 8, 8) CPU =        0.001 ms (setup)        0.001 (*)        0.001 (^)        0.001 (&)        0.001 (%) 
Cl( 2, 1) in Cl( 8, 8) CPU =        0.001 ms (setup)        0.002 (*)        0.001 (^)        0.001 (&)        0.002 (%) 
Cl( 2, 2) in Cl( 8, 8) CPU =        0.002 ms (setup)        0.003 (*)        0.002 (^)        0.002 (&)        0.002 (%) 
Cl( 3, 2) in Cl( 8, 8) CPU =        0.003 ms (setup)        0.007 (*)        0.003 (^)        0.005 (&)        0.004 (%) 
Cl( 3, 3) in Cl( 8, 8) CPU =        0.005 ms (setup)        0.019 (*)        0.007 (^)        0.009 (&)        0.008 (%) 
Cl( 4, 3) in Cl( 8, 8) CPU =        0.009 ms (setup)        0.063 (*)        0.019 (^)        0.022 (&)        0.018 (%) 
Cl( 4, 4) in Cl( 8, 8) CPU =        0.019 ms (setup)        0.196 (*)        0.046 (^)        0.057 (&)        0.045 (%) 
Cl( 5, 4) in Cl( 8, 8) CPU =        0.040 ms (setup)        0.679 (*)        0.128 (^)        0.148 (&)        0.110 (%) 
Cl( 5, 5) in Cl( 8, 8) CPU =        0.080 ms (setup)        1.012 (*)        0.337 (^)        0.389 (&)        0.270 (%) 
Cl( 6, 5) in Cl( 8, 8) CPU =        0.160 ms (setup)        3.573 (*)        0.906 (^)        1.048 (&)        0.684 (%) 
Cl( 6, 6) in Cl( 8, 8) CPU =        0.326 ms (setup)        5.338 (*)        2.491 (^)        2.904 (&)        1.795 (%) 
Cl( 7, 6) in Cl( 8, 8) CPU =        0.689 ms (setup)       18.400 (*)        7.019 (^)        8.325 (&)        4.854 (%) 
Cl( 7, 7) in Cl( 8, 8) CPU =        1.454 ms (setup)       27.872 (*)       20.059 (^)       24.282 (&)       13.539 (%) 
Cl( 8, 7) in Cl( 8, 8) CPU =        2.845 ms (setup)       92.919 (*)       58.098 (^)       71.564 (&)       38.678 (%) 
Cl( 8, 8) in Cl( 8, 8) CPU =        5.909 ms (setup)      144.684 (*)      169.660 (^)      212.958 (&)      112.569 (%) 

matrix_multi<double>
Clifford algebra products test:
Fill: 0.5
Cl( 1, 0) in Cl( 1, 0) CPU =        0.005 ms (setup)        0.001 (*)        0.001 (^)        0.002 (&)        0.001 (%) 
Cl( 1, 1) in Cl( 1, 1) CPU =        0.004 ms (setup)        0.000 (*)        0.004 (^)        0.002 (&)        0.003 (%) 
Cl( 2, 1) in Cl( 2, 1) CPU =        0.003 ms (setup)        0.001 (*)        0.009 (^)        0.007 (&)        0.009 (%) 
Cl( 2, 2) in Cl( 2, 2) CPU =        0.005 ms (setup)        0.001 (*)        0.015 (^)        0.011 (&)        0.015 (%) 
Cl( 3, 2) in Cl( 3, 2) CPU =        0.011 ms (setup)        0.001 (*)        0.049 (^)        0.042 (&)        0.052 (%) 
Cl( 3, 3) in Cl( 3, 3) CPU =        0.011 ms (setup)        0.001 (*)        0.094 (^)        0.087 (&)        0.090 (%) 
Cl( 4, 3) in Cl( 4, 3) CPU =        0.026 ms (setup)        0.001 (*)        0.380 (^)        0.374 (&)        0.374 (%) 
Cl( 4, 4) in Cl( 4, 4) CPU =        0.050 ms (setup)        0.001 (*)        0.615 (^)        0.593 (&)        0.605 (%) 
Cl( 5, 4) in Cl( 5, 4) CPU =        0.124 ms (setup)        0.004 (*)        2.385 (^)        2.537 (&)        2.482 (%) 
Cl( 5, 5) in Cl( 5, 5) CPU =        0.236 ms (setup)        0.004 (*)        3.567 (^)        3.729 (&)        3.693 (%) 
Cl( 6, 5) in Cl( 6, 5) CPU =        0.569 ms (setup)        0.017 (*)       14.476 (^)       15.402 (&)       14.834 (%) 
Cl( 6, 6) in Cl( 6, 6) CPU =        1.125 ms (setup)        0.017 (*)       20.198 (^)       21.547 (&)       20.748 (%) 
Cl( 7, 6) in Cl( 7, 6) CPU =        2.664 ms (setup)        0.047 (*)       90.395 (^)      103.813 (&)       90.335 (%) 
Cl( 7, 7) in Cl( 7, 7) CPU =        5.329 ms (setup)        0.046 (*)      128.897 (^)      143.000 (&)      127.974 (%) 
Cl( 8, 7) in Cl( 8, 7) CPU =       12.783 ms (setup)        1.339 (*)      545.056 (^)      640.906 (&)      545.416 (%) 
Cl( 8, 8) in Cl( 8, 8) CPU =       25.657 ms (setup)        1.125 (*)      706.385 (^)      818.269 (&)      720.133 (%) 
Cl( 1, 0) in Cl( 8, 8) CPU =        0.011 ms (setup)        0.897 (*)        8.271 (^)        3.844 (&)        7.035 (%) 
Cl( 1, 1) in Cl( 8, 8) CPU =        0.015 ms (setup)        1.224 (*)        8.601 (^)        3.889 (&)        7.200 (%) 
Cl( 2, 1) in Cl( 8, 8) CPU =        0.035 ms (setup)        0.666 (*)       23.738 (^)       14.558 (&)       16.502 (%) 
Cl( 2, 2) in Cl( 8, 8) CPU =        0.056 ms (setup)        0.915 (*)       23.844 (^)       14.594 (&)       16.556 (%) 
Cl( 3, 2) in Cl( 8, 8) CPU =        0.362 ms (setup)        1.276 (*)       35.069 (^)       34.187 (&)       22.913 (%) 
Cl( 3, 3) in Cl( 8, 8) CPU =        0.558 ms (setup)        1.367 (*)       48.531 (^)       47.204 (&)       31.125 (%) 
Cl( 4, 3) in Cl( 8, 8) CPU =        0.620 ms (setup)        1.593 (*)       88.407 (^)       68.166 (&)       53.659 (%) 
Cl( 4, 4) in Cl( 8, 8) CPU =        0.753 ms (setup)        0.896 (*)       85.418 (^)       66.176 (&)       52.563 (%) 
Cl( 5, 4) in Cl( 8, 8) CPU =        0.954 ms (setup)        1.465 (*)      105.588 (^)      106.008 (&)       66.070 (%) 
Cl( 5, 5) in Cl( 8, 8) CPU =        1.463 ms (setup)        0.231 (*)      146.300 (^)      129.906 (&)       92.719 (%) 
Cl( 6, 5) in Cl( 8, 8) CPU =        2.671 ms (setup)        0.684 (*)      138.614 (^)      141.359 (&)       91.529 (%) 
Cl( 6, 6) in Cl( 8, 8) CPU =        4.787 ms (setup)        1.334 (*)      184.156 (^)      174.178 (&)      127.222 (%) 
Cl( 7, 6) in Cl( 8, 8) CPU =       10.925 ms (setup)        0.224 (*)      270.481 (^)      262.271 (&)      202.062 (%) 
Cl( 7, 7) in Cl( 8, 8) CPU =       20.785 ms (setup)        1.195 (*)      301.641 (^)      317.335 (&)      247.718 (%) 
Cl( 8, 7) in Cl( 8, 8) CPU =       48.790 ms (setup)        1.143 (*)      553.269 (^)      644.248 (&)      530.090 (%) 
Cl( 8, 8) in Cl( 8, 8) CPU =       25.566 ms (setup)        0.910 (*)      673.178 (^)      784.582 (&)      672.506 (%) 
Fill: 1
Cl( 1, 0) in Cl( 1, 0) CPU =        0.001 ms (setup)        0.001 (*)        0.003 (^)        0.002 (&)        0.002 (%) 
Cl( 1, 1) in Cl( 1, 1) CPU =        0.001 ms (setup)        0.000 (*)        0.004 (^)        0.003 (&)        0.004 (%) 
Cl( 2, 1) in Cl( 2, 1) CPU =        0.002 ms (setup)        0.001 (*)        0.011 (^)        0.011 (&)        0.011 (%) 
Cl( 2, 2) in Cl( 2, 2) CPU =        0.003 ms (setup)        0.001 (*)        0.018 (^)        0.015 (&)        0.018 (%) 
Cl( 3, 2) in Cl( 3, 2) CPU =        0.007 ms (setup)        0.001 (*)        0.071 (^)        0.066 (&)        0.069 (%) 
Cl( 3, 3) in Cl( 3, 3) CPU =        0.013 ms (setup)        0.001 (*)        0.111 (^)        0.104 (&)        0.109 (%) 
Cl( 4, 3) in Cl( 4, 3) CPU =        0.036 ms (setup)        0.001 (*)        0.480 (^)        0.485 (&)        0.480 (%) 
Cl( 4, 4) in Cl( 4, 4) CPU =        0.070 ms (setup)        0.001 (*)        0.732 (^)        0.729 (&)        0.734 (%) 
Cl( 5, 4) in Cl( 5, 4) CPU =        0.176 ms (setup)        0.004 (*)        2.760 (^)        2.828 (&)        2.782 (%) 
Cl( 5, 5) in Cl( 5, 5) CPU =        0.352 ms (setup)        0.003 (*)        4.153 (^)        4.213 (&)        4.170 (%) 
Cl( 6, 5) in Cl( 6, 5) CPU =        0.852 ms (setup)        0.017 (*)       15.646 (^)       16.323 (&)       15.761 (%) 
Cl( 6, 6) in Cl( 6, 6) CPU =        1.749 ms (setup)        0.017 (*)       22.262 (^)       22.963 (&)       22.314 (%) 
Cl( 7, 6) in Cl( 7, 6) CPU =        4.377 ms (setup)        0.054 (*)      101.651 (^)      113.613 (&)      100.549 (%) 
Cl( 7, 7) in Cl( 7, 7) CPU =        8.849 ms (setup)        0.046 (*)      136.302 (^)      150.315 (&)      135.458 (%) 
Cl( 8, 7) in Cl( 8, 7) CPU =       22.131 ms (setup)        0.224 (*)      669.047 (^)      663.451 (&)      566.841 (%) 
Cl( 8, 8) in Cl( 8, 8) CPU =       44.934 ms (setup)        1.000 (*)      755.315 (^)      873.858 (&)      748.493 (%) 
Cl( 1, 0) in Cl( 8, 8) CPU =        0.011 ms (setup)        0.891 (*)        8.278 (^)        3.824 (&)        7.035 (%) 
Cl( 1, 1) in Cl( 8, 8) CPU =        0.022 ms (setup)        0.980 (*)       14.843 (^)        7.990 (&)       11.193 (%) 
Cl( 2, 1) in Cl( 8, 8) CPU =        0.043 ms (setup)        0.904 (*)       23.848 (^)       14.595 (&)       16.537 (%) 
Cl( 2, 2) in Cl( 8, 8) CPU =        0.413 ms (setup)        0.747 (*)       34.757 (^)       23.062 (&)       22.970 (%) 
Cl( 3, 2) in Cl( 8, 8) CPU =        0.447 ms (setup)        1.280 (*)       48.309 (^)       34.409 (&)       30.643 (%) 
Cl( 3, 3) in Cl( 8, 8) CPU =        0.481 ms (setup)        0.224 (*)       64.768 (^)       48.157 (&)       40.403 (%) 
Cl( 4, 3) in Cl( 8, 8) CPU =        0.694 ms (setup)        1.387 (*)       84.695 (^)       65.730 (&)       51.909 (%) 
Cl( 4, 4) in Cl( 8, 8) CPU =        0.683 ms (setup)        0.227 (*)      105.410 (^)       83.622 (&)       63.568 (%) 
Cl( 5, 4) in Cl( 8, 8) CPU =        1.173 ms (setup)        0.899 (*)      128.594 (^)      106.794 (&)       78.477 (%) 
Cl( 5, 5) in Cl( 8, 8) CPU =        1.727 ms (setup)        0.935 (*)      147.763 (^)      130.970 (&)       94.085 (%) 
Cl( 6, 5) in Cl( 8, 8) CPU =        3.426 ms (setup)        1.589 (*)      178.757 (^)      167.587 (&)      120.511 (%) 
Cl( 6, 6) in Cl( 8, 8) CPU =        6.545 ms (setup)        1.516 (*)      198.344 (^)      202.504 (&)      144.569 (%) 
Cl( 7, 6) in Cl( 8, 8) CPU =       15.086 ms (setup)        0.506 (*)      279.127 (^)      289.731 (&)      219.243 (%) 
Cl( 7, 7) in Cl( 8, 8) CPU =       29.162 ms (setup)        0.232 (*)      322.868 (^)      363.329 (&)      278.061 (%) 
Cl( 8, 7) in Cl( 8, 8) CPU =       70.356 ms (setup)        0.234 (*)      610.263 (^)      664.880 (&)      568.439 (%) 
Cl( 8, 8) in Cl( 8, 8) CPU =       45.097 ms (setup)        1.710 (*)      746.519 (^)      857.037 (&)      746.562 (%) 
