
framed_multi<double>
Clifford algebra squaring test:
Fill: 0.5
Cl( 1, 0) in Cl( 1, 0) CPU =        0.045 ms (setup)        0.017 (*) 
Cl( 1, 1) in Cl( 1, 1) CPU =        0.001 ms (setup)        0.002 (*) 
Cl( 2, 1) in Cl( 2, 1) CPU =        0.001 ms (setup)        0.003 (*) 
Cl( 2, 2) in Cl( 2, 2) CPU =        0.001 ms (setup)        0.003 (*) 
Cl( 3, 2) in Cl( 3, 2) CPU =        0.001 ms (setup)        0.006 (*) 
Cl( 3, 3) in Cl( 3, 3) CPU =        0.004 ms (setup)        0.014 (*) 
Cl( 4, 3) in Cl( 4, 3) CPU =        0.007 ms (setup)        0.033 (*) 
Cl( 4, 4) in Cl( 4, 4) CPU =        0.014 ms (setup)        0.281 (*) 
Cl( 5, 4) in Cl( 5, 4) CPU =        0.029 ms (setup)        0.642 (*) 
Cl( 5, 5) in Cl( 5, 5) CPU =        0.057 ms (setup)        0.835 (*) 
Cl( 6, 5) in Cl( 6, 5) CPU =        0.115 ms (setup)        3.003 (*) 
Cl( 6, 6) in Cl( 6, 6) CPU =        0.229 ms (setup)        4.054 (*) 
Cl( 7, 6) in Cl( 7, 6) CPU =        0.466 ms (setup)       15.479 (*) 
Cl( 7, 7) in Cl( 7, 7) CPU =        0.957 ms (setup)       20.441 (*) 
Cl( 8, 7) in Cl( 8, 7) CPU =        1.960 ms (setup)       73.808 (*) 
Cl( 8, 8) in Cl( 8, 8) CPU =        3.958 ms (setup)      101.583 (*) 
Cl( 9, 8) in Cl( 9, 8) CPU =        8.130 ms (setup)      272.990 (*) 
Cl( 9, 9) in Cl( 9, 9) CPU =       16.756 ms (setup)      537.168 (*) 
Cl(10, 9) in Cl(10, 9) CPU =       35.754 ms (setup)     2073.035 (*) 
Cl(10,10) in Cl(10,10) CPU =       73.710 ms (setup)     3044.402 (*) 
Cl(11,10) in Cl(11,10) CPU =      152.277 ms (setup)    12471.039 (*) 
Cl(11,11) in Cl(11,11) CPU =      292.641 ms (setup)    18868.085 (*) 
Fill: 1
Cl( 1, 0) in Cl( 1, 0) CPU =        0.019 ms (setup)        0.004 (*) 
Cl( 1, 1) in Cl( 1, 1) CPU =        0.001 ms (setup)        0.002 (*) 
Cl( 2, 1) in Cl( 2, 1) CPU =        0.002 ms (setup)        0.003 (*) 
Cl( 2, 2) in Cl( 2, 2) CPU =        0.001 ms (setup)        0.004 (*) 
Cl( 3, 2) in Cl( 3, 2) CPU =        0.004 ms (setup)        0.011 (*) 
Cl( 3, 3) in Cl( 3, 3) CPU =        0.006 ms (setup)        0.024 (*) 
Cl( 4, 3) in Cl( 4, 3) CPU =        0.012 ms (setup)        0.069 (*) 
Cl( 4, 4) in Cl( 4, 4) CPU =        0.022 ms (setup)        0.243 (*) 
Cl( 5, 4) in Cl( 5, 4) CPU =        0.043 ms (setup)        0.748 (*) 
Cl( 5, 5) in Cl( 5, 5) CPU =        0.087 ms (setup)        1.074 (*) 
Cl( 6, 5) in Cl( 6, 5) CPU =        0.171 ms (setup)        3.626 (*) 
Cl( 6, 6) in Cl( 6, 6) CPU =        0.342 ms (setup)        5.399 (*) 
Cl( 7, 6) in Cl( 7, 6) CPU =        0.699 ms (setup)       18.585 (*) 
Cl( 7, 7) in Cl( 7, 7) CPU =        1.458 ms (setup)       27.944 (*) 
Cl( 8, 7) in Cl( 8, 7) CPU =        2.860 ms (setup)       93.177 (*) 
Cl( 8, 8) in Cl( 8, 8) CPU =        5.922 ms (setup)      144.725 (*) 
Cl( 9, 8) in Cl( 9, 8) CPU =       12.858 ms (setup)      391.533 (*) 
Cl( 9, 9) in Cl( 9, 9) CPU =       27.059 ms (setup)      805.297 (*) 
Cl(10, 9) in Cl(10, 9) CPU =       59.450 ms (setup)     2862.683 (*) 
Cl(10,10) in Cl(10,10) CPU =      127.836 ms (setup)     4824.121 (*) 
Cl(11,10) in Cl(11,10) CPU =      252.746 ms (setup)    17913.645 (*) 
Cl(11,11) in Cl(11,11) CPU =      471.428 ms (setup)    31211.437 (*) 

matrix_multi<double>
Clifford algebra squaring test:
Fill: 0.5
Cl( 1, 0) in Cl( 1, 0) CPU =        0.003 ms (setup)        0.002 (*) 
Cl( 1, 1) in Cl( 1, 1) CPU =        0.035 ms (setup)        0.001 (*) 
Cl( 2, 1) in Cl( 2, 1) CPU =        0.009 ms (setup)        0.000 (*) 
Cl( 2, 2) in Cl( 2, 2) CPU =        0.005 ms (setup)        0.001 (*) 
Cl( 3, 2) in Cl( 3, 2) CPU =        0.017 ms (setup)        0.005 (*) 
Cl( 3, 3) in Cl( 3, 3) CPU =        0.020 ms (setup)        0.001 (*) 
Cl( 4, 3) in Cl( 4, 3) CPU =        0.028 ms (setup)        0.001 (*) 
Cl( 4, 4) in Cl( 4, 4) CPU =        0.054 ms (setup)        0.001 (*) 
Cl( 5, 4) in Cl( 5, 4) CPU =        0.130 ms (setup)        0.005 (*) 
Cl( 5, 5) in Cl( 5, 5) CPU =        0.237 ms (setup)        0.003 (*) 
Cl( 6, 5) in Cl( 6, 5) CPU =        0.577 ms (setup)        0.018 (*) 
Cl( 6, 6) in Cl( 6, 6) CPU =        1.139 ms (setup)        0.016 (*) 
Cl( 7, 6) in Cl( 7, 6) CPU =        2.683 ms (setup)        0.075 (*) 
Cl( 7, 7) in Cl( 7, 7) CPU =        5.997 ms (setup)        0.068 (*) 
Cl( 8, 7) in Cl( 8, 7) CPU =       13.312 ms (setup)        0.283 (*) 
Cl( 8, 8) in Cl( 8, 8) CPU =       26.948 ms (setup)        0.277 (*) 
Cl( 9, 8) in Cl( 9, 8) CPU =       65.015 ms (setup)        4.337 (*) 
Cl( 9, 9) in Cl( 9, 9) CPU =      130.070 ms (setup)        5.539 (*) 
Cl(10, 9) in Cl(10, 9) CPU =      331.528 ms (setup)       42.877 (*) 
Cl(10,10) in Cl(10,10) CPU =      678.620 ms (setup)       45.503 (*) 
Cl(11,10) in Cl(11,10) CPU =     1862.160 ms (setup)      364.308 (*) 
Cl(11,11) in Cl(11,11) CPU =     3835.278 ms (setup)      363.145 (*) 
Fill: 1
Cl( 1, 0) in Cl( 1, 0) CPU =        0.009 ms (setup)        0.001 (*) 
Cl( 1, 1) in Cl( 1, 1) CPU =        0.005 ms (setup)        0.000 (*) 
Cl( 2, 1) in Cl( 2, 1) CPU =        0.004 ms (setup)        0.001 (*) 
Cl( 2, 2) in Cl( 2, 2) CPU =        0.008 ms (setup)        0.000 (*) 
Cl( 3, 2) in Cl( 3, 2) CPU =        0.011 ms (setup)        0.002 (*) 
Cl( 3, 3) in Cl( 3, 3) CPU =        0.015 ms (setup)        0.001 (*) 
Cl( 4, 3) in Cl( 4, 3) CPU =        4.628 ms (setup)        0.002 (*) 
Cl( 4, 4) in Cl( 4, 4) CPU =        0.077 ms (setup)        0.001 (*) 
Cl( 5, 4) in Cl( 5, 4) CPU =        0.188 ms (setup)        0.003 (*) 
Cl( 5, 5) in Cl( 5, 5) CPU =        0.365 ms (setup)        0.003 (*) 
Cl( 6, 5) in Cl( 6, 5) CPU =        0.894 ms (setup)        0.017 (*) 
Cl( 6, 6) in Cl( 6, 6) CPU =        1.789 ms (setup)        0.016 (*) 
Cl( 7, 6) in Cl( 7, 6) CPU =        4.391 ms (setup)        0.069 (*) 
Cl( 7, 7) in Cl( 7, 7) CPU =        9.480 ms (setup)        0.065 (*) 
Cl( 8, 7) in Cl( 8, 7) CPU =       22.739 ms (setup)        0.253 (*) 
Cl( 8, 8) in Cl( 8, 8) CPU =       46.420 ms (setup)        0.704 (*) 
Cl( 9, 8) in Cl( 9, 8) CPU =      120.006 ms (setup)        6.568 (*) 
Cl( 9, 9) in Cl( 9, 9) CPU =      242.946 ms (setup)        5.743 (*) 
Cl(10, 9) in Cl(10, 9) CPU =      673.874 ms (setup)       46.575 (*) 
Cl(10,10) in Cl(10,10) CPU =     1400.296 ms (setup)       44.485 (*) 
Cl(11,10) in Cl(11,10) CPU =     4163.065 ms (setup)      363.592 (*) 
Cl(11,11) in Cl(11,11) CPU =     8691.941 ms (setup)      363.282 (*) 
