
framed_multi<float,-4,4>
Clifford algebra expressions test:
Fill: 0.5
Cl( 1, 0) in Cl( 1, 0) CPU =        0.001 ms (setup)        0.001 (comm)        0.002 (pade)        0.001 (series)        0.001 (mix)        0.001 (add) 
Cl( 1, 1) in Cl( 1, 1) CPU =        0.001 ms (setup)        0.001 (comm)        0.002 (pade)        0.001 (series)        0.001 (mix)        0.001 (add) 
Cl( 2, 1) in Cl( 2, 1) CPU =        0.001 ms (setup)        0.003 (comm)        0.005 (pade)        0.003 (series)        0.001 (mix)        0.001 (add) 
Cl( 2, 2) in Cl( 2, 2) CPU =        0.002 ms (setup)        0.004 (comm)        0.006 (pade)        0.005 (series)        0.002 (mix)        0.001 (add) 
Cl( 3, 2) in Cl( 3, 2) CPU =        0.002 ms (setup)        0.009 (comm)        0.028 (pade)        0.009 (series)        0.003 (mix)        0.002 (add) 
Cl( 3, 3) in Cl( 3, 3) CPU =        0.005 ms (setup)        0.026 (comm)        0.035 (pade)        0.040 (series)        0.006 (mix)        0.003 (add) 
Cl( 4, 3) in Cl( 4, 3) CPU =        0.011 ms (setup)        0.060 (comm)        0.133 (pade)        0.106 (series)        0.015 (mix)        0.007 (add) 
Cl( 4, 4) in Cl( 4, 4) CPU =        0.022 ms (setup)        0.436 (comm)        0.187 (pade)        0.720 (series)        0.057 (mix)        0.011 (add) 
Cl( 1, 0) in Cl( 4, 4) CPU =        0.001 ms (setup)        0.001 (comm)        0.002 (pade)        0.001 (series)        0.000 (mix)        0.001 (add) 
Cl( 1, 1) in Cl( 4, 4) CPU =        0.001 ms (setup)        0.001 (comm)        0.002 (pade)        0.001 (series)        0.001 (mix)        0.001 (add) 
Cl( 2, 1) in Cl( 4, 4) CPU =        0.001 ms (setup)        0.003 (comm)        0.005 (pade)        0.004 (series)        0.001 (mix)        0.001 (add) 
Cl( 2, 2) in Cl( 4, 4) CPU =        0.002 ms (setup)        0.005 (comm)        0.007 (pade)        0.006 (series)        0.002 (mix)        0.001 (add) 
Cl( 3, 2) in Cl( 4, 4) CPU =        0.002 ms (setup)        0.009 (comm)        0.026 (pade)        0.015 (series)        0.003 (mix)        0.002 (add) 
Cl( 3, 3) in Cl( 4, 4) CPU =        0.005 ms (setup)        0.024 (comm)        0.037 (pade)        0.040 (series)        0.007 (mix)        0.004 (add) 
Cl( 4, 3) in Cl( 4, 4) CPU =        0.011 ms (setup)        0.052 (comm)        0.137 (pade)        0.097 (series)        0.018 (mix)        0.005 (add) 
Cl( 4, 4) in Cl( 4, 4) CPU =        0.023 ms (setup)        0.438 (comm)        0.266 (pade)        0.727 (series)        0.054 (mix)        0.009 (add) 
Fill: 1
Cl( 1, 0) in Cl( 1, 0) CPU =        0.001 ms (setup)        0.002 (comm)        0.002 (pade)        0.002 (series)        0.001 (mix)        0.001 (add) 
Cl( 1, 1) in Cl( 1, 1) CPU =        0.001 ms (setup)        0.002 (comm)        0.002 (pade)        0.002 (series)        0.001 (mix)        0.001 (add) 
Cl( 2, 1) in Cl( 2, 1) CPU =        0.001 ms (setup)        0.003 (comm)        0.005 (pade)        0.004 (series)        0.001 (mix)        0.001 (add) 
Cl( 2, 2) in Cl( 2, 2) CPU =        0.002 ms (setup)        0.005 (comm)        0.007 (pade)        0.007 (series)        0.002 (mix)        0.001 (add) 
Cl( 3, 2) in Cl( 3, 2) CPU =        0.003 ms (setup)        0.013 (comm)        0.026 (pade)        0.019 (series)        0.004 (mix)        0.002 (add) 
Cl( 3, 3) in Cl( 3, 3) CPU =        0.007 ms (setup)        0.042 (comm)        0.038 (pade)        0.056 (series)        0.010 (mix)        0.003 (add) 
Cl( 4, 3) in Cl( 4, 3) CPU =        0.015 ms (setup)        0.116 (comm)        0.148 (pade)        0.179 (series)        0.026 (mix)        0.005 (add) 
Cl( 4, 4) in Cl( 4, 4) CPU =        0.032 ms (setup)        0.480 (comm)        0.213 (pade)        0.826 (series)        0.072 (mix)        0.016 (add) 
Cl( 1, 0) in Cl( 4, 4) CPU =        0.001 ms (setup)        0.002 (comm)        0.002 (pade)        0.002 (series)        0.001 (mix)        0.001 (add) 
Cl( 1, 1) in Cl( 4, 4) CPU =        0.001 ms (setup)        0.003 (comm)        0.002 (pade)        0.002 (series)        0.001 (mix)        0.001 (add) 
Cl( 2, 1) in Cl( 4, 4) CPU =        0.001 ms (setup)        0.003 (comm)        0.005 (pade)        0.004 (series)        0.002 (mix)        0.001 (add) 
Cl( 2, 2) in Cl( 4, 4) CPU =        0.002 ms (setup)        0.005 (comm)        0.007 (pade)        0.007 (series)        0.002 (mix)        0.001 (add) 
Cl( 3, 2) in Cl( 4, 4) CPU =        0.004 ms (setup)        0.015 (comm)        0.026 (pade)        0.019 (series)        0.005 (mix)        0.002 (add) 
Cl( 3, 3) in Cl( 4, 4) CPU =        0.007 ms (setup)        0.040 (comm)        0.039 (pade)        0.058 (series)        0.011 (mix)        0.003 (add) 
Cl( 4, 3) in Cl( 4, 4) CPU =        0.015 ms (setup)        0.122 (comm)        0.147 (pade)        0.184 (series)        0.026 (mix)        0.006 (add) 
Cl( 4, 4) in Cl( 4, 4) CPU =        0.031 ms (setup)        0.479 (comm)        0.208 (pade)        0.831 (series)        0.071 (mix)        0.016 (add) 

matrix_multi<float,-4,4>
Clifford algebra expressions test:
Fill: 0.5
Cl( 1, 0) in Cl( 1, 0) CPU =        0.001 ms (setup)        0.003 (comm)        0.001 (pade)        0.001 (series)        0.002 (mix)        0.001 (add) 
Cl( 1, 1) in Cl( 1, 1) CPU =        0.001 ms (setup)        0.005 (comm)        0.001 (pade)        0.001 (series)        0.004 (mix)        0.000 (add) 
Cl( 2, 1) in Cl( 2, 1) CPU =        0.002 ms (setup)        0.021 (comm)        0.001 (pade)        0.001 (series)        0.019 (mix)        0.001 (add) 
Cl( 2, 2) in Cl( 2, 2) CPU =        0.002 ms (setup)        0.030 (comm)        0.001 (pade)        0.001 (series)        0.029 (mix)        0.001 (add) 
Cl( 3, 2) in Cl( 3, 2) CPU =        0.011 ms (setup)        0.117 (comm)        0.002 (pade)        0.002 (series)        0.111 (mix)        0.001 (add) 
Cl( 3, 3) in Cl( 3, 3) CPU =        0.019 ms (setup)        0.188 (comm)        0.002 (pade)        0.002 (series)        0.177 (mix)        0.001 (add) 
Cl( 4, 3) in Cl( 4, 3) CPU =        0.048 ms (setup)        0.868 (comm)        0.005 (pade)        0.003 (series)        0.857 (mix)        0.001 (add) 
Cl( 4, 4) in Cl( 4, 4) CPU =        0.099 ms (setup)        1.345 (comm)        0.005 (pade)        0.003 (series)        1.336 (mix)        0.001 (add) 
Cl( 1, 0) in Cl( 4, 4) CPU =        0.002 ms (setup)        0.018 (comm)        0.005 (pade)        0.003 (series)        0.016 (mix)        0.001 (add) 
Cl( 1, 1) in Cl( 4, 4) CPU =        0.002 ms (setup)        0.024 (comm)        0.005 (pade)        0.003 (series)        0.022 (mix)        0.001 (add) 
Cl( 2, 1) in Cl( 4, 4) CPU =        0.006 ms (setup)        0.054 (comm)        0.004 (pade)        0.003 (series)        0.052 (mix)        0.000 (add) 
Cl( 2, 2) in Cl( 4, 4) CPU =        0.011 ms (setup)        0.066 (comm)        0.005 (pade)        0.003 (series)        0.067 (mix)        0.001 (add) 
Cl( 3, 2) in Cl( 4, 4) CPU =        0.044 ms (setup)        0.191 (comm)        0.005 (pade)        0.003 (series)        0.188 (mix)        0.001 (add) 
Cl( 3, 3) in Cl( 4, 4) CPU =        0.068 ms (setup)        0.288 (comm)        0.005 (pade)        0.003 (series)        0.277 (mix)        0.001 (add) 
Cl( 4, 3) in Cl( 4, 4) CPU =        0.180 ms (setup)        0.826 (comm)        0.005 (pade)        0.003 (series)        0.808 (mix)        0.001 (add) 
Cl( 4, 4) in Cl( 4, 4) CPU =        0.103 ms (setup)        1.377 (comm)        0.005 (pade)        0.003 (series)        1.373 (mix)        0.001 (add) 
Fill: 1
Cl( 1, 0) in Cl( 1, 0) CPU =        0.001 ms (setup)        0.005 (comm)        0.001 (pade)        0.001 (series)        0.005 (mix)        0.001 (add) 
Cl( 1, 1) in Cl( 1, 1) CPU =        0.001 ms (setup)        0.009 (comm)        0.001 (pade)        0.001 (series)        0.007 (mix)        0.001 (add) 
Cl( 2, 1) in Cl( 2, 1) CPU =        0.002 ms (setup)        0.026 (comm)        0.001 (pade)        0.001 (series)        0.025 (mix)        0.001 (add) 
Cl( 2, 2) in Cl( 2, 2) CPU =        0.005 ms (setup)        0.043 (comm)        0.001 (pade)        0.001 (series)        0.038 (mix)        0.001 (add) 
Cl( 3, 2) in Cl( 3, 2) CPU =        0.012 ms (setup)        0.144 (comm)        0.002 (pade)        0.002 (series)        0.146 (mix)        0.000 (add) 
Cl( 3, 3) in Cl( 3, 3) CPU =        0.024 ms (setup)        0.227 (comm)        0.002 (pade)        0.001 (series)        0.224 (mix)        0.001 (add) 
Cl( 4, 3) in Cl( 4, 3) CPU =        0.067 ms (setup)        1.006 (comm)        0.005 (pade)        0.003 (series)        0.999 (mix)        0.001 (add) 
Cl( 4, 4) in Cl( 4, 4) CPU =        0.126 ms (setup)        1.567 (comm)        0.005 (pade)        0.003 (series)        1.550 (mix)        0.001 (add) 
Cl( 1, 0) in Cl( 4, 4) CPU =        0.002 ms (setup)        0.035 (comm)        0.005 (pade)        0.003 (series)        0.032 (mix)        0.001 (add) 
Cl( 1, 1) in Cl( 4, 4) CPU =        0.003 ms (setup)        0.046 (comm)        0.005 (pade)        0.003 (series)        0.045 (mix)        0.001 (add) 
Cl( 2, 1) in Cl( 4, 4) CPU =        0.007 ms (setup)        0.068 (comm)        0.005 (pade)        0.003 (series)        0.066 (mix)        0.001 (add) 
Cl( 2, 2) in Cl( 4, 4) CPU =        0.021 ms (setup)        0.100 (comm)        0.005 (pade)        0.003 (series)        0.096 (mix)        0.001 (add) 
Cl( 3, 2) in Cl( 4, 4) CPU =        0.049 ms (setup)        0.211 (comm)        0.005 (pade)        0.003 (series)        0.204 (mix)        0.001 (add) 
Cl( 3, 3) in Cl( 4, 4) CPU =        0.086 ms (setup)        0.336 (comm)        0.005 (pade)        0.004 (series)        0.337 (mix)        0.001 (add) 
Cl( 4, 3) in Cl( 4, 4) CPU =        0.239 ms (setup)        1.052 (comm)        0.005 (pade)        0.003 (series)        1.042 (mix)        0.001 (add) 
Cl( 4, 4) in Cl( 4, 4) CPU =        0.124 ms (setup)        1.556 (comm)        0.005 (pade)        0.003 (series)        1.542 (mix)        0.001 (add) 

framed_multi<double>
Clifford algebra expressions test:
Fill: 0.5
Cl( 1, 0) in Cl( 1, 0) CPU =        0.001 ms (setup)        0.001 (comm)        0.002 (pade)        0.001 (series)        0.001 (mix)        0.001 (add) 
Cl( 1, 1) in Cl( 1, 1) CPU =        0.001 ms (setup)        0.001 (comm)        0.002 (pade)        0.000 (series)        0.000 (mix)        0.001 (add) 
Cl( 2, 1) in Cl( 2, 1) CPU =        0.001 ms (setup)        0.004 (comm)        0.005 (pade)        0.004 (series)        0.001 (mix)        0.001 (add) 
Cl( 2, 2) in Cl( 2, 2) CPU =        0.002 ms (setup)        0.005 (comm)        0.007 (pade)        0.007 (series)        0.002 (mix)        0.001 (add) 
Cl( 3, 2) in Cl( 3, 2) CPU =        0.003 ms (setup)        0.011 (comm)        0.028 (pade)        0.012 (series)        0.004 (mix)        0.002 (add) 
Cl( 3, 3) in Cl( 3, 3) CPU =        0.007 ms (setup)        0.028 (comm)        0.035 (pade)        0.044 (series)        0.011 (mix)        0.003 (add) 
Cl( 4, 3) in Cl( 4, 3) CPU =        0.013 ms (setup)        0.069 (comm)        0.134 (pade)        0.127 (series)        0.018 (mix)        0.004 (add) 
Cl( 4, 4) in Cl( 4, 4) CPU =        0.026 ms (setup)        0.429 (comm)        0.184 (pade)        0.696 (series)        0.066 (mix)        0.007 (add) 
Cl( 5, 4) in Cl( 5, 4) CPU =        0.053 ms (setup)        1.524 (comm)        0.678 (pade)        2.575 (series)        0.254 (mix)        0.013 (add) 
Cl( 5, 5) in Cl( 5, 5) CPU =        0.102 ms (setup)        2.506 (comm)        0.957 (pade)        3.622 (series)        0.761 (mix)        0.027 (add) 
Cl( 6, 5) in Cl( 6, 5) CPU =        0.210 ms (setup)        9.040 (comm)        3.521 (pade)       13.162 (series)        2.085 (mix)        0.068 (add) 
Cl( 6, 6) in Cl( 6, 6) CPU =        0.445 ms (setup)       14.156 (comm)        4.801 (pade)       17.907 (series)        5.974 (mix)        0.108 (add) 
Cl( 7, 6) in Cl( 7, 6) CPU =        0.907 ms (setup)       47.074 (comm)       16.809 (pade)       63.965 (series)       17.501 (mix)        0.342 (add) 
Cl( 7, 7) in Cl( 7, 7) CPU =        1.827 ms (setup)       91.573 (comm)       23.882 (pade)       85.998 (series)       52.144 (mix)        0.502 (add) 
Cl( 8, 7) in Cl( 8, 7) CPU =        3.748 ms (setup)      297.237 (comm)       83.989 (pade)      306.724 (series)      153.635 (mix)        1.165 (add) 
Cl( 8, 8) in Cl( 8, 8) CPU =        8.314 ms (setup)      665.385 (comm)      115.206 (pade)      434.641 (series)      471.562 (mix)        2.349 (add) 
Cl( 1, 0) in Cl( 8, 8) CPU =        0.002 ms (setup)        0.001 (comm)        0.001 (pade)        0.001 (series)        0.001 (mix)        0.001 (add) 
Cl( 1, 1) in Cl( 8, 8) CPU =        0.001 ms (setup)        0.001 (comm)        0.002 (pade)        0.001 (series)        0.001 (mix)        0.001 (add) 
Cl( 2, 1) in Cl( 8, 8) CPU =        0.001 ms (setup)        0.003 (comm)        0.005 (pade)        0.003 (series)        0.001 (mix)        0.001 (add) 
Cl( 2, 2) in Cl( 8, 8) CPU =        0.002 ms (setup)        0.005 (comm)        0.005 (pade)        0.006 (series)        0.002 (mix)        0.001 (add) 
Cl( 3, 2) in Cl( 8, 8) CPU =        0.002 ms (setup)        0.010 (comm)        0.019 (pade)        0.009 (series)        0.004 (mix)        0.001 (add) 
Cl( 3, 3) in Cl( 8, 8) CPU =        0.005 ms (setup)        0.028 (comm)        0.035 (pade)        0.046 (series)        0.011 (mix)        0.003 (add) 
Cl( 4, 3) in Cl( 8, 8) CPU =        0.011 ms (setup)        0.074 (comm)        0.128 (pade)        0.127 (series)        0.019 (mix)        0.004 (add) 
Cl( 4, 4) in Cl( 8, 8) CPU =        0.025 ms (setup)        0.416 (comm)        0.185 (pade)        0.687 (series)        0.060 (mix)        0.007 (add) 
Cl( 5, 4) in Cl( 8, 8) CPU =        0.049 ms (setup)        1.514 (comm)        0.651 (pade)        2.530 (series)        0.249 (mix)        0.013 (add) 
Cl( 5, 5) in Cl( 8, 8) CPU =        0.103 ms (setup)        2.391 (comm)        0.944 (pade)        3.542 (series)        0.723 (mix)        0.026 (add) 
Cl( 6, 5) in Cl( 8, 8) CPU =        0.209 ms (setup)        8.088 (comm)        3.292 (pade)       12.735 (series)        2.023 (mix)        0.056 (add) 
Cl( 6, 6) in Cl( 8, 8) CPU =        0.433 ms (setup)       14.137 (comm)        4.599 (pade)       17.711 (series)        5.902 (mix)        0.114 (add) 
Cl( 7, 6) in Cl( 8, 8) CPU =        0.879 ms (setup)       46.260 (comm)       16.232 (pade)       60.748 (series)       17.603 (mix)        0.508 (add) 
Cl( 7, 7) in Cl( 8, 8) CPU =        1.850 ms (setup)       93.294 (comm)       22.166 (pade)       85.453 (series)       54.048 (mix)        0.526 (add) 
Cl( 8, 7) in Cl( 8, 8) CPU =        3.704 ms (setup)      299.024 (comm)       80.807 (pade)      306.397 (series)      159.012 (mix)        1.121 (add) 
Cl( 8, 8) in Cl( 8, 8) CPU =        7.314 ms (setup)      662.520 (comm)      113.909 (pade)      437.145 (series)      468.397 (mix)        2.400 (add) 
Fill: 1
Cl( 1, 0) in Cl( 1, 0) CPU =        0.001 ms (setup)        0.002 (comm)        0.002 (pade)        0.002 (series)        0.001 (mix)        0.001 (add) 
Cl( 1, 1) in Cl( 1, 1) CPU =        0.001 ms (setup)        0.003 (comm)        0.002 (pade)        0.003 (series)        0.001 (mix)        0.001 (add) 
Cl( 2, 1) in Cl( 2, 1) CPU =        0.002 ms (setup)        0.004 (comm)        0.006 (pade)        0.005 (series)        0.002 (mix)        0.001 (add) 
Cl( 2, 2) in Cl( 2, 2) CPU =        0.003 ms (setup)        0.007 (comm)        0.007 (pade)        0.009 (series)        0.003 (mix)        0.001 (add) 
Cl( 3, 2) in Cl( 3, 2) CPU =        0.004 ms (setup)        0.017 (comm)        0.028 (pade)        0.022 (series)        0.005 (mix)        0.002 (add) 
Cl( 3, 3) in Cl( 3, 3) CPU =        0.009 ms (setup)        0.047 (comm)        0.038 (pade)        0.067 (series)        0.012 (mix)        0.003 (add) 
Cl( 4, 3) in Cl( 4, 3) CPU =        0.017 ms (setup)        0.143 (comm)        0.144 (pade)        0.223 (series)        0.033 (mix)        0.005 (add) 
Cl( 4, 4) in Cl( 4, 4) CPU =        0.032 ms (setup)        0.517 (comm)        0.207 (pade)        0.830 (series)        0.087 (mix)        0.009 (add) 
Cl( 5, 4) in Cl( 5, 4) CPU =        0.068 ms (setup)        1.702 (comm)        0.729 (pade)        2.839 (series)        0.251 (mix)        0.017 (add) 
Cl( 5, 5) in Cl( 5, 5) CPU =        0.153 ms (setup)        2.797 (comm)        1.070 (pade)        4.143 (series)        0.656 (mix)        0.033 (add) 
Cl( 6, 5) in Cl( 6, 5) CPU =        0.332 ms (setup)        9.069 (comm)        3.760 (pade)       14.527 (series)        1.742 (mix)        0.068 (add) 
Cl( 6, 6) in Cl( 6, 6) CPU =        0.709 ms (setup)       15.402 (comm)        5.476 (pade)       21.209 (series)        4.794 (mix)        0.134 (add) 
Cl( 7, 6) in Cl( 7, 6) CPU =        1.437 ms (setup)       48.748 (comm)       18.148 (pade)       70.113 (series)       13.731 (mix)        0.296 (add) 
Cl( 7, 7) in Cl( 7, 7) CPU =        3.058 ms (setup)       91.097 (comm)       26.673 (pade)      106.181 (series)       38.909 (mix)        0.583 (add) 
Cl( 8, 7) in Cl( 8, 7) CPU =        6.333 ms (setup)      290.213 (comm)       96.826 (pade)      356.200 (series)      112.328 (mix)        1.332 (add) 
Cl( 8, 8) in Cl( 8, 8) CPU =       12.729 ms (setup)      605.436 (comm)      147.597 (pade)      549.082 (series)      333.276 (mix)        3.974 (add) 
Cl( 1, 0) in Cl( 8, 8) CPU =        0.001 ms (setup)        0.002 (comm)        0.002 (pade)        0.002 (series)        0.001 (mix)        0.001 (add) 
Cl( 1, 1) in Cl( 8, 8) CPU =        0.001 ms (setup)        0.003 (comm)        0.002 (pade)        0.003 (series)        0.001 (mix)        0.001 (add) 
Cl( 2, 1) in Cl( 8, 8) CPU =        0.002 ms (setup)        0.004 (comm)        0.006 (pade)        0.004 (series)        0.002 (mix)        0.001 (add) 
Cl( 2, 2) in Cl( 8, 8) CPU =        0.003 ms (setup)        0.007 (comm)        0.007 (pade)        0.009 (series)        0.003 (mix)        0.001 (add) 
Cl( 3, 2) in Cl( 8, 8) CPU =        0.004 ms (setup)        0.017 (comm)        0.027 (pade)        0.022 (series)        0.005 (mix)        0.002 (add) 
Cl( 3, 3) in Cl( 8, 8) CPU =        0.008 ms (setup)        0.046 (comm)        0.038 (pade)        0.070 (series)        0.011 (mix)        0.003 (add) 
Cl( 4, 3) in Cl( 8, 8) CPU =        0.018 ms (setup)        0.141 (comm)        0.145 (pade)        0.211 (series)        0.030 (mix)        0.005 (add) 
Cl( 4, 4) in Cl( 8, 8) CPU =        0.035 ms (setup)        0.523 (comm)        0.216 (pade)        0.832 (series)        0.093 (mix)        0.011 (add) 
Cl( 5, 4) in Cl( 8, 8) CPU =        0.072 ms (setup)        1.710 (comm)        0.738 (pade)        2.865 (series)        0.251 (mix)        0.017 (add) 
Cl( 5, 5) in Cl( 8, 8) CPU =        0.152 ms (setup)        2.766 (comm)        1.076 (pade)        4.125 (series)        0.656 (mix)        0.033 (add) 
Cl( 6, 5) in Cl( 8, 8) CPU =        0.352 ms (setup)        9.091 (comm)        3.730 (pade)       14.526 (series)        1.735 (mix)        0.065 (add) 
Cl( 6, 6) in Cl( 8, 8) CPU =        1.540 ms (setup)       15.720 (comm)        5.508 (pade)       21.353 (series)        4.791 (mix)        0.137 (add) 
Cl( 7, 6) in Cl( 8, 8) CPU =        1.489 ms (setup)       48.736 (comm)       18.128 (pade)       71.391 (series)       13.677 (mix)        0.281 (add) 
Cl( 7, 7) in Cl( 8, 8) CPU =        3.031 ms (setup)       91.059 (comm)       26.863 (pade)      103.814 (series)       38.900 (mix)        0.681 (add) 
Cl( 8, 7) in Cl( 8, 8) CPU =        6.546 ms (setup)      291.349 (comm)       96.507 (pade)      357.498 (series)      113.183 (mix)        1.296 (add) 
Cl( 8, 8) in Cl( 8, 8) CPU =       13.010 ms (setup)      604.758 (comm)      142.618 (pade)      545.588 (series)      334.644 (mix)        4.071 (add) 

matrix_multi<double>
Clifford algebra expressions test:
Fill: 0.5
Cl( 1, 0) in Cl( 1, 0) CPU =        0.003 ms (setup)        0.003 (comm)        0.001 (pade)        0.001 (series)        0.003 (mix)        0.001 (add) 
Cl( 1, 1) in Cl( 1, 1) CPU =        0.005 ms (setup)        0.003 (comm)        0.001 (pade)        0.001 (series)        0.003 (mix)        0.001 (add) 
Cl( 2, 1) in Cl( 2, 1) CPU =        0.002 ms (setup)        0.019 (comm)        0.002 (pade)        0.001 (series)        0.018 (mix)        0.001 (add) 
Cl( 2, 2) in Cl( 2, 2) CPU =        0.002 ms (setup)        0.034 (comm)        0.001 (pade)        0.001 (series)        0.030 (mix)        0.000 (add) 
Cl( 3, 2) in Cl( 3, 2) CPU =        0.013 ms (setup)        0.098 (comm)        0.002 (pade)        0.001 (series)        0.092 (mix)        0.000 (add) 
Cl( 3, 3) in Cl( 3, 3) CPU =        0.019 ms (setup)        0.167 (comm)        0.002 (pade)        0.001 (series)        0.163 (mix)        0.000 (add) 
Cl( 4, 3) in Cl( 4, 3) CPU =        0.052 ms (setup)        0.847 (comm)        0.007 (pade)        0.003 (series)        0.826 (mix)        0.001 (add) 
Cl( 4, 4) in Cl( 4, 4) CPU =        0.099 ms (setup)        1.310 (comm)        0.005 (pade)        0.003 (series)        1.318 (mix)        0.001 (add) 
Cl( 5, 4) in Cl( 5, 4) CPU =        0.240 ms (setup)        5.247 (comm)        0.019 (pade)        0.009 (series)        5.249 (mix)        0.001 (add) 
Cl( 5, 5) in Cl( 5, 5) CPU =        0.465 ms (setup)        7.965 (comm)        0.022 (pade)        0.010 (series)        7.886 (mix)        0.001 (add) 
Cl( 6, 5) in Cl( 6, 5) CPU =        1.091 ms (setup)       29.994 (comm)        0.100 (pade)        0.052 (series)       30.110 (mix)        0.005 (add) 
Cl( 6, 6) in Cl( 6, 6) CPU =        2.148 ms (setup)       43.100 (comm)        0.096 (pade)        0.053 (series)       44.367 (mix)        0.005 (add) 
Cl( 7, 6) in Cl( 7, 6) CPU =        5.224 ms (setup)      174.171 (comm)        0.636 (pade)        0.357 (series)      170.529 (mix)        0.021 (add) 
Cl( 7, 7) in Cl( 7, 7) CPU =       10.184 ms (setup)      236.072 (comm)        0.621 (pade)        0.354 (series)      234.769 (mix)        0.022 (add) 
Cl( 8, 7) in Cl( 8, 7) CPU =       26.983 ms (setup)     1040.724 (comm)        4.553 (pade)        2.307 (series)     1034.873 (mix)        0.097 (add) 
Cl( 8, 8) in Cl( 8, 8) CPU =       51.415 ms (setup)     1370.706 (comm)        4.517 (pade)        2.290 (series)     1339.411 (mix)        0.089 (add) 
Cl( 1, 0) in Cl( 8, 8) CPU =        0.013 ms (setup)       19.935 (comm)        4.052 (pade)        2.288 (series)       17.982 (mix)        0.132 (add) 
Cl( 1, 1) in Cl( 8, 8) CPU =        0.027 ms (setup)       25.694 (comm)        4.311 (pade)        2.280 (series)       25.445 (mix)        0.096 (add) 
Cl( 2, 1) in Cl( 8, 8) CPU =        0.051 ms (setup)       33.170 (comm)        4.350 (pade)        2.279 (series)       31.589 (mix)        0.092 (add) 
Cl( 2, 2) in Cl( 8, 8) CPU =        0.095 ms (setup)       44.374 (comm)        4.433 (pade)        2.278 (series)       44.691 (mix)        0.093 (add) 
Cl( 3, 2) in Cl( 8, 8) CPU =        1.298 ms (setup)       55.136 (comm)        4.484 (pade)        2.279 (series)       53.616 (mix)        0.099 (add) 
Cl( 3, 3) in Cl( 8, 8) CPU =        0.710 ms (setup)       74.979 (comm)        4.421 (pade)        2.284 (series)       70.825 (mix)        0.088 (add) 
Cl( 4, 3) in Cl( 8, 8) CPU =        0.827 ms (setup)       83.603 (comm)        4.423 (pade)        2.283 (series)       73.473 (mix)        0.098 (add) 
Cl( 4, 4) in Cl( 8, 8) CPU =        1.018 ms (setup)      111.017 (comm)        4.497 (pade)        2.276 (series)       99.086 (mix)        0.099 (add) 
Cl( 5, 4) in Cl( 8, 8) CPU =        1.596 ms (setup)      139.130 (comm)        4.541 (pade)        2.288 (series)      136.349 (mix)        0.092 (add) 
Cl( 5, 5) in Cl( 8, 8) CPU =        2.557 ms (setup)      161.419 (comm)        4.510 (pade)        2.296 (series)      158.075 (mix)        0.096 (add) 
Cl( 6, 5) in Cl( 8, 8) CPU =        5.166 ms (setup)      213.076 (comm)        4.673 (pade)        2.369 (series)      213.273 (mix)        0.096 (add) 
Cl( 6, 6) in Cl( 8, 8) CPU =       11.620 ms (setup)      240.936 (comm)        4.540 (pade)        2.292 (series)      239.078 (mix)        0.093 (add) 
Cl( 7, 6) in Cl( 8, 8) CPU =       23.056 ms (setup)      383.201 (comm)        4.534 (pade)        2.284 (series)      383.034 (mix)        0.098 (add) 
Cl( 7, 7) in Cl( 8, 8) CPU =       43.850 ms (setup)      487.584 (comm)        4.492 (pade)        2.291 (series)      483.130 (mix)        0.096 (add) 
Cl( 8, 7) in Cl( 8, 8) CPU =       99.192 ms (setup)     1069.529 (comm)        4.551 (pade)        2.292 (series)     1058.905 (mix)        0.101 (add) 
Cl( 8, 8) in Cl( 8, 8) CPU =       49.936 ms (setup)     1362.474 (comm)        4.544 (pade)        2.308 (series)     1361.147 (mix)        0.094 (add) 
Fill: 1
Cl( 1, 0) in Cl( 1, 0) CPU =        0.002 ms (setup)        0.005 (comm)        0.001 (pade)        0.001 (series)        0.005 (mix)        0.000 (add) 
Cl( 1, 1) in Cl( 1, 1) CPU =        0.002 ms (setup)        0.007 (comm)        0.001 (pade)        0.001 (series)        0.007 (mix)        0.000 (add) 
Cl( 2, 1) in Cl( 2, 1) CPU =        0.002 ms (setup)        0.026 (comm)        0.001 (pade)        0.001 (series)        0.025 (mix)        0.000 (add) 
Cl( 2, 2) in Cl( 2, 2) CPU =        0.005 ms (setup)        0.039 (comm)        0.001 (pade)        0.001 (series)        0.038 (mix)        0.000 (add) 
Cl( 3, 2) in Cl( 3, 2) CPU =        0.013 ms (setup)        0.135 (comm)        0.002 (pade)        0.001 (series)        0.133 (mix)        0.001 (add) 
Cl( 3, 3) in Cl( 3, 3) CPU =        0.024 ms (setup)        0.222 (comm)        0.002 (pade)        0.001 (series)        0.224 (mix)        0.000 (add) 
Cl( 4, 3) in Cl( 4, 3) CPU =        0.068 ms (setup)        0.991 (comm)        0.006 (pade)        0.003 (series)        0.965 (mix)        0.001 (add) 
Cl( 4, 4) in Cl( 4, 4) CPU =        0.129 ms (setup)        1.530 (comm)        0.005 (pade)        0.003 (series)        1.528 (mix)        0.001 (add) 
Cl( 5, 4) in Cl( 5, 4) CPU =        0.332 ms (setup)        5.804 (comm)        0.019 (pade)        0.010 (series)        5.802 (mix)        0.002 (add) 
Cl( 5, 5) in Cl( 5, 5) CPU =        0.648 ms (setup)        8.730 (comm)        0.019 (pade)        0.010 (series)        8.677 (mix)        0.002 (add) 
Cl( 6, 5) in Cl( 6, 5) CPU =        1.727 ms (setup)       32.828 (comm)        0.098 (pade)        0.052 (series)       32.815 (mix)        0.005 (add) 
Cl( 6, 6) in Cl( 6, 6) CPU =        3.557 ms (setup)       46.508 (comm)        0.097 (pade)        0.052 (series)       46.477 (mix)        0.005 (add) 
Cl( 7, 6) in Cl( 7, 6) CPU =        8.583 ms (setup)      185.875 (comm)        0.622 (pade)        0.358 (series)      183.603 (mix)        0.019 (add) 
Cl( 7, 7) in Cl( 7, 7) CPU =       17.286 ms (setup)      254.835 (comm)        0.621 (pade)        0.352 (series)      252.222 (mix)        0.021 (add) 
Cl( 8, 7) in Cl( 8, 7) CPU =       46.200 ms (setup)     1105.244 (comm)        4.559 (pade)        2.295 (series)     1102.795 (mix)        0.091 (add) 
Cl( 8, 8) in Cl( 8, 8) CPU =       93.987 ms (setup)     1482.897 (comm)        4.614 (pade)        2.353 (series)     1478.396 (mix)        0.095 (add) 
Cl( 1, 0) in Cl( 8, 8) CPU =        0.018 ms (setup)       28.762 (comm)        4.302 (pade)        2.290 (series)       26.090 (mix)        0.102 (add) 
Cl( 1, 1) in Cl( 8, 8) CPU =        0.033 ms (setup)       31.994 (comm)        4.328 (pade)        2.278 (series)       30.451 (mix)        0.094 (add) 
Cl( 2, 1) in Cl( 8, 8) CPU =        0.075 ms (setup)       38.590 (comm)        4.436 (pade)        2.300 (series)       37.458 (mix)        0.092 (add) 
Cl( 2, 2) in Cl( 8, 8) CPU =        0.663 ms (setup)       47.398 (comm)        4.460 (pade)        2.283 (series)       45.313 (mix)        0.088 (add) 
Cl( 3, 2) in Cl( 8, 8) CPU =        0.688 ms (setup)       60.620 (comm)        4.399 (pade)        2.284 (series)       56.657 (mix)        0.087 (add) 
Cl( 3, 3) in Cl( 8, 8) CPU =        0.746 ms (setup)       80.222 (comm)        4.546 (pade)        2.498 (series)       71.391 (mix)        0.097 (add) 
Cl( 4, 3) in Cl( 8, 8) CPU =        0.912 ms (setup)      108.674 (comm)        4.471 (pade)        2.286 (series)      104.213 (mix)        0.093 (add) 
Cl( 4, 4) in Cl( 8, 8) CPU =        1.177 ms (setup)      129.017 (comm)        4.559 (pade)        2.288 (series)      128.249 (mix)        0.093 (add) 
Cl( 5, 4) in Cl( 8, 8) CPU =        1.977 ms (setup)      158.440 (comm)        4.585 (pade)        2.296 (series)      157.525 (mix)        0.098 (add) 
Cl( 5, 5) in Cl( 8, 8) CPU =        3.256 ms (setup)      184.259 (comm)        4.545 (pade)        2.292 (series)      183.841 (mix)        0.095 (add) 
Cl( 6, 5) in Cl( 8, 8) CPU =        7.674 ms (setup)      237.090 (comm)        4.567 (pade)        2.321 (series)      234.612 (mix)        0.095 (add) 
Cl( 6, 6) in Cl( 8, 8) CPU =       14.005 ms (setup)      271.298 (comm)        4.563 (pade)        2.293 (series)      270.506 (mix)        0.092 (add) 
Cl( 7, 6) in Cl( 8, 8) CPU =       31.215 ms (setup)      428.375 (comm)        4.577 (pade)        2.292 (series)      427.692 (mix)        0.091 (add) 
Cl( 7, 7) in Cl( 8, 8) CPU =       57.761 ms (setup)      525.131 (comm)        4.679 (pade)        2.301 (series)      523.589 (mix)        0.111 (add) 
Cl( 8, 7) in Cl( 8, 8) CPU =      140.270 ms (setup)     1138.618 (comm)        4.565 (pade)        2.297 (series)     1126.288 (mix)        0.096 (add) 
Cl( 8, 8) in Cl( 8, 8) CPU =       92.497 ms (setup)     1483.975 (comm)        4.560 (pade)        2.334 (series)     1478.491 (mix)        0.092 (add) 
