
framed_multi<float,-4,4>
Clifford algebra products test:
Fill: 0.5
Cl( 1, 0) in Cl( 1, 0) CPU =        0.001 ms (setup)        0.002 (*)        0.001 (^)        0.001 (&)        0.001 (%) 
Cl( 1, 1) in Cl( 1, 1) CPU =        0.001 ms (setup)        0.001 (*)        0.001 (^)        0.001 (&)        0.001 (%) 
Cl( 2, 1) in Cl( 2, 1) CPU =        0.002 ms (setup)        0.002 (*)        0.002 (^)        0.002 (&)        0.001 (%) 
Cl( 2, 2) in Cl( 2, 2) CPU =        0.002 ms (setup)        0.003 (*)        0.002 (^)        0.002 (&)        0.002 (%) 
Cl( 3, 2) in Cl( 3, 2) CPU =        0.003 ms (setup)        0.006 (*)        0.003 (^)        0.004 (&)        0.003 (%) 
Cl( 3, 3) in Cl( 3, 3) CPU =        0.005 ms (setup)        0.014 (*)        0.005 (^)        0.006 (&)        0.005 (%) 
Cl( 4, 3) in Cl( 4, 3) CPU =        0.011 ms (setup)        0.040 (*)        0.015 (^)        0.014 (&)        0.011 (%) 
Cl( 4, 4) in Cl( 4, 4) CPU =        0.019 ms (setup)        0.168 (*)        0.021 (^)        0.019 (&)        0.015 (%) 
Cl( 1, 0) in Cl( 4, 4) CPU =        0.001 ms (setup)        0.000 (*)        0.001 (^)        0.001 (&)        0.000 (%) 
Cl( 1, 1) in Cl( 4, 4) CPU =        0.001 ms (setup)        0.001 (*)        0.000 (^)        0.000 (&)        0.000 (%) 
Cl( 2, 1) in Cl( 4, 4) CPU =        0.001 ms (setup)        0.001 (*)        0.001 (^)        0.001 (&)        0.001 (%) 
Cl( 2, 2) in Cl( 4, 4) CPU =        0.001 ms (setup)        0.002 (*)        0.001 (^)        0.001 (&)        0.001 (%) 
Cl( 3, 2) in Cl( 4, 4) CPU =        0.002 ms (setup)        0.004 (*)        0.002 (^)        0.002 (&)        0.002 (%) 
Cl( 3, 3) in Cl( 4, 4) CPU =        0.003 ms (setup)        0.007 (*)        0.004 (^)        0.003 (&)        0.003 (%) 
Cl( 4, 3) in Cl( 4, 4) CPU =        0.005 ms (setup)        0.024 (*)        0.007 (^)        0.009 (&)        0.007 (%) 
Cl( 4, 4) in Cl( 4, 4) CPU =        0.011 ms (setup)        0.163 (*)        0.022 (^)        0.021 (&)        0.015 (%) 
Fill: 1
Cl( 1, 0) in Cl( 1, 0) CPU =        0.000 ms (setup)        0.001 (*)        0.001 (^)        0.001 (&)        0.001 (%) 
Cl( 1, 1) in Cl( 1, 1) CPU =        0.000 ms (setup)        0.001 (*)        0.001 (^)        0.001 (&)        0.001 (%) 
Cl( 2, 1) in Cl( 2, 1) CPU =        0.001 ms (setup)        0.001 (*)        0.001 (^)        0.001 (&)        0.001 (%) 
Cl( 2, 2) in Cl( 2, 2) CPU =        0.001 ms (setup)        0.002 (*)        0.001 (^)        0.002 (&)        0.001 (%) 
Cl( 3, 2) in Cl( 3, 2) CPU =        0.002 ms (setup)        0.005 (*)        0.002 (^)        0.003 (&)        0.002 (%) 
Cl( 3, 3) in Cl( 3, 3) CPU =        0.004 ms (setup)        0.014 (*)        0.005 (^)        0.005 (&)        0.005 (%) 
Cl( 4, 3) in Cl( 4, 3) CPU =        0.008 ms (setup)        0.044 (*)        0.011 (^)        0.017 (&)        0.011 (%) 
Cl( 4, 4) in Cl( 4, 4) CPU =        0.015 ms (setup)        0.204 (*)        0.028 (^)        0.038 (&)        0.026 (%) 
Cl( 1, 0) in Cl( 4, 4) CPU =        0.001 ms (setup)        0.001 (*)        0.001 (^)        0.000 (&)        0.001 (%) 
Cl( 1, 1) in Cl( 4, 4) CPU =        0.001 ms (setup)        0.001 (*)        0.001 (^)        0.001 (&)        0.001 (%) 
Cl( 2, 1) in Cl( 4, 4) CPU =        0.001 ms (setup)        0.001 (*)        0.001 (^)        0.001 (&)        0.001 (%) 
Cl( 2, 2) in Cl( 4, 4) CPU =        0.001 ms (setup)        0.002 (*)        0.001 (^)        0.001 (&)        0.001 (%) 
Cl( 3, 2) in Cl( 4, 4) CPU =        0.002 ms (setup)        0.005 (*)        0.002 (^)        0.003 (&)        0.002 (%) 
Cl( 3, 3) in Cl( 4, 4) CPU =        0.004 ms (setup)        0.015 (*)        0.005 (^)        0.005 (&)        0.005 (%) 
Cl( 4, 3) in Cl( 4, 4) CPU =        0.007 ms (setup)        0.044 (*)        0.011 (^)        0.015 (&)        0.011 (%) 
Cl( 4, 4) in Cl( 4, 4) CPU =        0.018 ms (setup)        0.193 (*)        0.029 (^)        0.041 (&)        0.027 (%) 

matrix_multi<float,-4,4>
Clifford algebra products test:
Fill: 0.5
Cl( 1, 0) in Cl( 1, 0) CPU =        0.001 ms (setup)        0.001 (*)        0.001 (^)        0.001 (&)        0.001 (%) 
Cl( 1, 1) in Cl( 1, 1) CPU =        0.002 ms (setup)        0.001 (*)        0.002 (^)        0.002 (&)        0.002 (%) 
Cl( 2, 1) in Cl( 2, 1) CPU =        0.002 ms (setup)        0.001 (*)        0.009 (^)        0.007 (&)        0.007 (%) 
Cl( 2, 2) in Cl( 2, 2) CPU =        0.005 ms (setup)        0.001 (*)        0.017 (^)        0.015 (&)        0.018 (%) 
Cl( 3, 2) in Cl( 3, 2) CPU =        0.008 ms (setup)        0.001 (*)        0.037 (^)        0.035 (&)        0.036 (%) 
Cl( 3, 3) in Cl( 3, 3) CPU =        0.011 ms (setup)        0.001 (*)        0.091 (^)        0.084 (&)        0.096 (%) 
Cl( 4, 3) in Cl( 4, 3) CPU =        0.025 ms (setup)        0.001 (*)        0.386 (^)        0.361 (&)        0.382 (%) 
Cl( 4, 4) in Cl( 4, 4) CPU =        0.050 ms (setup)        0.001 (*)        0.672 (^)        0.670 (&)        0.694 (%) 
Cl( 1, 0) in Cl( 4, 4) CPU =        0.002 ms (setup)        0.001 (*)        0.011 (^)        0.011 (&)        0.011 (%) 
Cl( 1, 1) in Cl( 4, 4) CPU =        0.003 ms (setup)        0.001 (*)        0.017 (^)        0.015 (&)        0.018 (%) 
Cl( 2, 1) in Cl( 4, 4) CPU =        0.007 ms (setup)        0.001 (*)        0.025 (^)        0.015 (&)        0.022 (%) 
Cl( 2, 2) in Cl( 4, 4) CPU =        0.007 ms (setup)        0.001 (*)        0.042 (^)        0.034 (&)        0.037 (%) 
Cl( 3, 2) in Cl( 4, 4) CPU =        0.022 ms (setup)        0.001 (*)        0.078 (^)        0.072 (&)        0.064 (%) 
Cl( 3, 3) in Cl( 4, 4) CPU =        0.034 ms (setup)        0.001 (*)        0.127 (^)        0.099 (&)        0.113 (%) 
Cl( 4, 3) in Cl( 4, 4) CPU =        0.087 ms (setup)        0.001 (*)        0.441 (^)        0.391 (&)        0.401 (%) 
Cl( 4, 4) in Cl( 4, 4) CPU =        0.050 ms (setup)        0.001 (*)        0.671 (^)        0.658 (&)        0.684 (%) 
Fill: 1
Cl( 1, 0) in Cl( 1, 0) CPU =        0.001 ms (setup)        0.001 (*)        0.003 (^)        0.002 (&)        0.003 (%) 
Cl( 1, 1) in Cl( 1, 1) CPU =        0.001 ms (setup)        0.000 (*)        0.004 (^)        0.003 (&)        0.004 (%) 
Cl( 2, 1) in Cl( 2, 1) CPU =        0.002 ms (setup)        0.000 (*)        0.013 (^)        0.011 (&)        0.013 (%) 
Cl( 2, 2) in Cl( 2, 2) CPU =        0.003 ms (setup)        0.000 (*)        0.021 (^)        0.018 (&)        0.021 (%) 
Cl( 3, 2) in Cl( 3, 2) CPU =        0.007 ms (setup)        0.001 (*)        0.075 (^)        0.071 (&)        0.071 (%) 
Cl( 3, 3) in Cl( 3, 3) CPU =        0.012 ms (setup)        0.001 (*)        0.117 (^)        0.106 (&)        0.114 (%) 
Cl( 4, 3) in Cl( 4, 3) CPU =        0.036 ms (setup)        0.001 (*)        0.504 (^)        0.505 (&)        0.509 (%) 
Cl( 4, 4) in Cl( 4, 4) CPU =        0.072 ms (setup)        0.001 (*)        0.782 (^)        0.777 (&)        0.847 (%) 
Cl( 1, 0) in Cl( 4, 4) CPU =        0.002 ms (setup)        0.001 (*)        0.019 (^)        0.013 (&)        0.017 (%) 
Cl( 1, 1) in Cl( 4, 4) CPU =        0.002 ms (setup)        0.001 (*)        0.024 (^)        0.015 (&)        0.021 (%) 
Cl( 2, 1) in Cl( 4, 4) CPU =        0.005 ms (setup)        0.001 (*)        0.040 (^)        0.027 (&)        0.029 (%) 
Cl( 2, 2) in Cl( 4, 4) CPU =        0.011 ms (setup)        0.001 (*)        0.052 (^)        0.035 (&)        0.042 (%) 
Cl( 3, 2) in Cl( 4, 4) CPU =        0.024 ms (setup)        0.001 (*)        0.119 (^)        0.085 (&)        0.086 (%) 
Cl( 3, 3) in Cl( 4, 4) CPU =        0.042 ms (setup)        0.001 (*)        0.184 (^)        0.145 (&)        0.160 (%) 
Cl( 4, 3) in Cl( 4, 4) CPU =        0.119 ms (setup)        0.001 (*)        0.546 (^)        0.508 (&)        0.511 (%) 
Cl( 4, 4) in Cl( 4, 4) CPU =        0.065 ms (setup)        0.001 (*)        0.784 (^)        0.778 (&)        0.795 (%) 

framed_multi<double>
Clifford algebra products test:
Fill: 0.5
Cl( 1, 0) in Cl( 1, 0) CPU =        0.001 ms (setup)        0.001 (*)        0.001 (^)        0.001 (&)        0.001 (%) 
Cl( 1, 1) in Cl( 1, 1) CPU =        0.001 ms (setup)        0.001 (*)        0.001 (^)        0.001 (&)        0.001 (%) 
Cl( 2, 1) in Cl( 2, 1) CPU =        0.001 ms (setup)        0.002 (*)        0.001 (^)        0.001 (&)        0.001 (%) 
Cl( 2, 2) in Cl( 2, 2) CPU =        0.001 ms (setup)        0.002 (*)        0.002 (^)        0.001 (&)        0.001 (%) 
Cl( 3, 2) in Cl( 3, 2) CPU =        0.002 ms (setup)        0.004 (*)        0.002 (^)        0.002 (&)        0.002 (%) 
Cl( 3, 3) in Cl( 3, 3) CPU =        0.003 ms (setup)        0.009 (*)        0.005 (^)        0.004 (&)        0.004 (%) 
Cl( 4, 3) in Cl( 4, 3) CPU =        0.007 ms (setup)        0.025 (*)        0.009 (^)        0.010 (&)        0.008 (%) 
Cl( 4, 4) in Cl( 4, 4) CPU =        0.013 ms (setup)        0.164 (*)        0.029 (^)        0.028 (&)        0.020 (%) 
Cl( 5, 4) in Cl( 5, 4) CPU =        0.028 ms (setup)        0.616 (*)        0.107 (^)        0.093 (&)        0.069 (%) 
Cl( 5, 5) in Cl( 5, 5) CPU =        0.053 ms (setup)        0.806 (*)        0.399 (^)        0.287 (&)        0.181 (%) 
Cl( 6, 5) in Cl( 6, 5) CPU =        0.104 ms (setup)        3.208 (*)        1.181 (^)        0.879 (&)        0.533 (%) 
Cl( 6, 6) in Cl( 6, 6) CPU =        0.230 ms (setup)        4.136 (*)        3.209 (^)        2.643 (&)        1.456 (%) 
Cl( 7, 6) in Cl( 7, 6) CPU =        0.455 ms (setup)       15.098 (*)       10.009 (^)        8.321 (&)        4.450 (%) 
Cl( 7, 7) in Cl( 7, 7) CPU =        0.968 ms (setup)       19.997 (*)       28.096 (^)       23.736 (&)       12.412 (%) 
Cl( 8, 7) in Cl( 8, 7) CPU =        1.952 ms (setup)       75.088 (*)       84.066 (^)       71.907 (&)       36.444 (%) 
Cl( 8, 8) in Cl( 8, 8) CPU =        3.861 ms (setup)       98.430 (*)      251.996 (^)      213.571 (&)      109.788 (%) 
Cl( 1, 0) in Cl( 8, 8) CPU =        0.001 ms (setup)        0.000 (*)        0.001 (^)        0.000 (&)        0.000 (%) 
Cl( 1, 1) in Cl( 8, 8) CPU =        0.001 ms (setup)        0.001 (*)        0.001 (^)        0.001 (&)        0.000 (%) 
Cl( 2, 1) in Cl( 8, 8) CPU =        0.001 ms (setup)        0.000 (*)        0.000 (^)        0.000 (&)        0.000 (%) 
Cl( 2, 2) in Cl( 8, 8) CPU =        0.001 ms (setup)        0.003 (*)        0.001 (^)        0.001 (&)        0.001 (%) 
Cl( 3, 2) in Cl( 8, 8) CPU =        0.002 ms (setup)        0.003 (*)        0.002 (^)        0.002 (&)        0.002 (%) 
Cl( 3, 3) in Cl( 8, 8) CPU =        0.003 ms (setup)        0.009 (*)        0.004 (^)        0.004 (&)        0.004 (%) 
Cl( 4, 3) in Cl( 8, 8) CPU =        0.007 ms (setup)        0.021 (*)        0.009 (^)        0.008 (&)        0.007 (%) 
Cl( 4, 4) in Cl( 8, 8) CPU =        0.013 ms (setup)        0.160 (*)        0.026 (^)        0.027 (&)        0.021 (%) 
Cl( 5, 4) in Cl( 8, 8) CPU =        0.025 ms (setup)        0.588 (*)        0.107 (^)        0.086 (&)        0.059 (%) 
Cl( 5, 5) in Cl( 8, 8) CPU =        0.052 ms (setup)        0.804 (*)        0.377 (^)        0.278 (&)        0.161 (%) 
Cl( 6, 5) in Cl( 8, 8) CPU =        0.107 ms (setup)        2.982 (*)        1.121 (^)        0.877 (&)        0.505 (%) 
Cl( 6, 6) in Cl( 8, 8) CPU =        0.216 ms (setup)        3.952 (*)        3.199 (^)        2.566 (&)        1.421 (%) 
Cl( 7, 6) in Cl( 8, 8) CPU =        0.438 ms (setup)       13.912 (*)        9.675 (^)        8.039 (&)        4.208 (%) 
Cl( 7, 7) in Cl( 8, 8) CPU =        0.910 ms (setup)       19.073 (*)       28.162 (^)       24.088 (&)       12.382 (%) 
Cl( 8, 7) in Cl( 8, 8) CPU =        1.826 ms (setup)       72.564 (*)       85.570 (^)       70.245 (&)       36.224 (%) 
Cl( 8, 8) in Cl( 8, 8) CPU =        3.741 ms (setup)       98.358 (*)      249.353 (^)      215.731 (&)      108.547 (%) 
Fill: 1
Cl( 1, 0) in Cl( 1, 0) CPU =        0.001 ms (setup)        0.001 (*)        0.001 (^)        0.001 (&)        0.001 (%) 
Cl( 1, 1) in Cl( 1, 1) CPU =        0.001 ms (setup)        0.001 (*)        0.001 (^)        0.001 (&)        0.001 (%) 
Cl( 2, 1) in Cl( 2, 1) CPU =        0.001 ms (setup)        0.002 (*)        0.001 (^)        0.001 (&)        0.001 (%) 
Cl( 2, 2) in Cl( 2, 2) CPU =        0.001 ms (setup)        0.003 (*)        0.002 (^)        0.001 (&)        0.001 (%) 
Cl( 3, 2) in Cl( 3, 2) CPU =        0.003 ms (setup)        0.007 (*)        0.003 (^)        0.003 (&)        0.002 (%) 
Cl( 3, 3) in Cl( 3, 3) CPU =        0.007 ms (setup)        0.021 (*)        0.005 (^)        0.007 (&)        0.005 (%) 
Cl( 4, 3) in Cl( 4, 3) CPU =        0.013 ms (setup)        0.060 (*)        0.013 (^)        0.016 (&)        0.013 (%) 
Cl( 4, 4) in Cl( 4, 4) CPU =        0.022 ms (setup)        0.208 (*)        0.035 (^)        0.043 (&)        0.032 (%) 
Cl( 5, 4) in Cl( 5, 4) CPU =        0.048 ms (setup)        0.704 (*)        0.093 (^)        0.121 (&)        0.086 (%) 
Cl( 5, 5) in Cl( 5, 5) CPU =        0.086 ms (setup)        1.039 (*)        0.283 (^)        0.353 (&)        0.248 (%) 
Cl( 6, 5) in Cl( 6, 5) CPU =        0.184 ms (setup)        3.623 (*)        0.746 (^)        0.988 (&)        0.650 (%) 
Cl( 6, 6) in Cl( 6, 6) CPU =        0.360 ms (setup)        5.316 (*)        1.992 (^)        2.749 (&)        1.710 (%) 
Cl( 7, 6) in Cl( 7, 6) CPU =        0.764 ms (setup)       17.298 (*)        5.546 (^)        7.923 (&)        4.669 (%) 
Cl( 7, 7) in Cl( 7, 7) CPU =        1.537 ms (setup)       26.213 (*)       15.411 (^)       22.817 (&)       12.863 (%) 
Cl( 8, 7) in Cl( 8, 7) CPU =        3.210 ms (setup)       89.197 (*)       43.517 (^)       66.302 (&)       37.267 (%) 
Cl( 8, 8) in Cl( 8, 8) CPU =        6.502 ms (setup)      139.023 (*)      126.653 (^)      199.689 (&)      104.983 (%) 
Cl( 1, 0) in Cl( 8, 8) CPU =        0.001 ms (setup)        0.001 (*)        0.000 (^)        0.001 (&)        0.001 (%) 
Cl( 1, 1) in Cl( 8, 8) CPU =        0.001 ms (setup)        0.001 (*)        0.001 (^)        0.001 (&)        0.001 (%) 
Cl( 2, 1) in Cl( 8, 8) CPU =        0.001 ms (setup)        0.002 (*)        0.001 (^)        0.003 (&)        0.001 (%) 
Cl( 2, 2) in Cl( 8, 8) CPU =        0.002 ms (setup)        0.003 (*)        0.001 (^)        0.002 (&)        0.002 (%) 
Cl( 3, 2) in Cl( 8, 8) CPU =        0.002 ms (setup)        0.006 (*)        0.003 (^)        0.003 (&)        0.003 (%) 
Cl( 3, 3) in Cl( 8, 8) CPU =        0.005 ms (setup)        0.019 (*)        0.006 (^)        0.007 (&)        0.005 (%) 
Cl( 4, 3) in Cl( 8, 8) CPU =        0.009 ms (setup)        0.057 (*)        0.014 (^)        0.017 (&)        0.013 (%) 
Cl( 4, 4) in Cl( 8, 8) CPU =        0.018 ms (setup)        0.208 (*)        0.036 (^)        0.044 (&)        0.032 (%) 
Cl( 5, 4) in Cl( 8, 8) CPU =        0.038 ms (setup)        0.730 (*)        0.094 (^)        0.127 (&)        0.088 (%) 
Cl( 5, 5) in Cl( 8, 8) CPU =        0.079 ms (setup)        1.036 (*)        0.285 (^)        0.365 (&)        0.245 (%) 
Cl( 6, 5) in Cl( 8, 8) CPU =        0.171 ms (setup)        3.590 (*)        0.749 (^)        0.995 (&)        0.653 (%) 
Cl( 6, 6) in Cl( 8, 8) CPU =        0.366 ms (setup)        6.270 (*)        2.037 (^)        2.777 (&)        1.719 (%) 
Cl( 7, 6) in Cl( 8, 8) CPU =        0.781 ms (setup)       17.491 (*)        5.492 (^)        7.917 (&)        4.644 (%) 
Cl( 7, 7) in Cl( 8, 8) CPU =        1.552 ms (setup)       27.320 (*)       15.572 (^)       22.831 (&)       12.906 (%) 
Cl( 8, 7) in Cl( 8, 8) CPU =        3.037 ms (setup)       87.079 (*)       44.264 (^)       66.232 (&)       36.165 (%) 
Cl( 8, 8) in Cl( 8, 8) CPU =        6.319 ms (setup)      139.278 (*)      128.058 (^)      200.479 (&)      106.721 (%) 

matrix_multi<double>
Clifford algebra products test:
Fill: 0.5
Cl( 1, 0) in Cl( 1, 0) CPU =        0.004 ms (setup)        0.001 (*)        0.003 (^)        0.002 (&)        0.003 (%) 
Cl( 1, 1) in Cl( 1, 1) CPU =        0.002 ms (setup)        0.001 (*)        0.002 (^)        0.002 (&)        0.002 (%) 
Cl( 2, 1) in Cl( 2, 1) CPU =        0.003 ms (setup)        0.001 (*)        0.012 (^)        0.009 (&)        0.011 (%) 
Cl( 2, 2) in Cl( 2, 2) CPU =        0.005 ms (setup)        0.000 (*)        0.009 (^)        0.011 (&)        0.013 (%) 
Cl( 3, 2) in Cl( 3, 2) CPU =        0.012 ms (setup)        0.001 (*)        0.049 (^)        0.054 (&)        0.058 (%) 
Cl( 3, 3) in Cl( 3, 3) CPU =        0.011 ms (setup)        0.001 (*)        0.070 (^)        0.083 (&)        0.087 (%) 
Cl( 4, 3) in Cl( 4, 3) CPU =        0.026 ms (setup)        0.001 (*)        0.385 (^)        0.413 (&)        0.415 (%) 
Cl( 4, 4) in Cl( 4, 4) CPU =        0.052 ms (setup)        0.001 (*)        0.627 (^)        0.638 (&)        0.659 (%) 
Cl( 5, 4) in Cl( 5, 4) CPU =        0.124 ms (setup)        0.002 (*)        2.435 (^)        2.658 (&)        2.627 (%) 
Cl( 5, 5) in Cl( 5, 5) CPU =        0.236 ms (setup)        0.002 (*)        3.865 (^)        3.920 (&)        3.933 (%) 
Cl( 6, 5) in Cl( 6, 5) CPU =        0.568 ms (setup)        0.011 (*)       14.149 (^)       15.082 (&)       14.804 (%) 
Cl( 6, 6) in Cl( 6, 6) CPU =        1.125 ms (setup)        0.011 (*)       21.347 (^)       21.545 (&)       21.433 (%) 
Cl( 7, 6) in Cl( 7, 6) CPU =        2.703 ms (setup)        0.082 (*)       83.663 (^)       90.022 (&)       84.237 (%) 
Cl( 7, 7) in Cl( 7, 7) CPU =        5.304 ms (setup)        0.081 (*)      112.079 (^)      118.943 (&)      113.392 (%) 
Cl( 8, 7) in Cl( 8, 7) CPU =       12.412 ms (setup)        0.562 (*)      489.275 (^)      540.594 (&)      489.918 (%) 
Cl( 8, 8) in Cl( 8, 8) CPU =       24.974 ms (setup)        0.555 (*)      647.366 (^)      706.215 (&)      651.457 (%) 
Cl( 1, 0) in Cl( 8, 8) CPU =        0.015 ms (setup)        0.545 (*)        6.732 (^)        6.333 (&)        6.418 (%) 
Cl( 1, 1) in Cl( 8, 8) CPU =        0.029 ms (setup)        0.598 (*)        9.133 (^)        6.373 (&)        8.063 (%) 
Cl( 2, 1) in Cl( 8, 8) CPU =        0.041 ms (setup)        0.535 (*)       11.474 (^)        8.428 (&)        9.819 (%) 
Cl( 2, 2) in Cl( 8, 8) CPU =        0.071 ms (setup)        0.539 (*)       15.521 (^)       11.273 (&)       12.121 (%) 
Cl( 3, 2) in Cl( 8, 8) CPU =        0.222 ms (setup)        0.526 (*)       21.107 (^)       15.078 (&)       14.938 (%) 
Cl( 3, 3) in Cl( 8, 8) CPU =        0.331 ms (setup)        0.529 (*)       29.331 (^)       22.585 (&)       20.896 (%) 
Cl( 4, 3) in Cl( 8, 8) CPU =        0.413 ms (setup)        0.526 (*)       38.102 (^)       39.102 (&)       27.880 (%) 
Cl( 4, 4) in Cl( 8, 8) CPU =        0.491 ms (setup)        0.529 (*)       51.323 (^)       40.282 (&)       35.910 (%) 
Cl( 5, 4) in Cl( 8, 8) CPU =        0.774 ms (setup)        0.533 (*)       67.343 (^)       53.203 (&)       46.263 (%) 
Cl( 5, 5) in Cl( 8, 8) CPU =        1.225 ms (setup)        0.535 (*)       87.132 (^)       79.312 (&)       59.913 (%) 
Cl( 6, 5) in Cl( 8, 8) CPU =        2.599 ms (setup)        0.542 (*)      107.538 (^)       89.261 (&)       75.189 (%) 
Cl( 6, 6) in Cl( 8, 8) CPU =        4.668 ms (setup)        0.545 (*)      127.303 (^)      124.325 (&)       97.140 (%) 
Cl( 7, 6) in Cl( 8, 8) CPU =       10.946 ms (setup)        0.552 (*)      187.483 (^)      197.445 (&)      154.794 (%) 
Cl( 7, 7) in Cl( 8, 8) CPU =       20.593 ms (setup)        0.548 (*)      238.522 (^)      249.275 (&)      211.460 (%) 
Cl( 8, 7) in Cl( 8, 8) CPU =       48.923 ms (setup)        0.557 (*)      505.922 (^)      522.577 (&)      475.454 (%) 
Cl( 8, 8) in Cl( 8, 8) CPU =       24.726 ms (setup)        0.562 (*)      629.721 (^)      701.206 (&)      642.782 (%) 
Fill: 1
Cl( 1, 0) in Cl( 1, 0) CPU =        0.001 ms (setup)        0.001 (*)        0.003 (^)        0.002 (&)        0.003 (%) 
Cl( 1, 1) in Cl( 1, 1) CPU =        0.001 ms (setup)        0.000 (*)        0.005 (^)        0.003 (&)        0.004 (%) 
Cl( 2, 1) in Cl( 2, 1) CPU =        0.002 ms (setup)        0.001 (*)        0.013 (^)        0.012 (&)        0.013 (%) 
Cl( 2, 2) in Cl( 2, 2) CPU =        0.003 ms (setup)        0.001 (*)        0.021 (^)        0.018 (&)        0.021 (%) 
Cl( 3, 2) in Cl( 3, 2) CPU =        0.007 ms (setup)        0.001 (*)        0.064 (^)        0.066 (&)        0.062 (%) 
Cl( 3, 3) in Cl( 3, 3) CPU =        0.013 ms (setup)        0.001 (*)        0.108 (^)        0.107 (&)        0.108 (%) 
Cl( 4, 3) in Cl( 4, 3) CPU =        0.034 ms (setup)        0.001 (*)        0.485 (^)        0.493 (&)        0.489 (%) 
Cl( 4, 4) in Cl( 4, 4) CPU =        0.073 ms (setup)        0.001 (*)        0.777 (^)        0.754 (&)        0.767 (%) 
Cl( 5, 4) in Cl( 5, 4) CPU =        0.176 ms (setup)        0.003 (*)        2.823 (^)        2.913 (&)        2.895 (%) 
Cl( 5, 5) in Cl( 5, 5) CPU =        0.363 ms (setup)        0.003 (*)        4.276 (^)        4.311 (&)        4.279 (%) 
Cl( 6, 5) in Cl( 6, 5) CPU =        0.890 ms (setup)        0.011 (*)       15.898 (^)       16.296 (&)       16.178 (%) 
Cl( 6, 6) in Cl( 6, 6) CPU =        1.851 ms (setup)        0.012 (*)       23.730 (^)       23.104 (&)       22.727 (%) 
Cl( 7, 6) in Cl( 7, 6) CPU =        4.413 ms (setup)        0.082 (*)       88.345 (^)       93.228 (&)       89.865 (%) 
Cl( 7, 7) in Cl( 7, 7) CPU =        9.075 ms (setup)        0.082 (*)      121.644 (^)      127.086 (&)      122.974 (%) 
Cl( 8, 7) in Cl( 8, 7) CPU =       21.696 ms (setup)        0.557 (*)      662.813 (^)      558.700 (&)      513.234 (%) 
Cl( 8, 8) in Cl( 8, 8) CPU =       46.825 ms (setup)        0.566 (*)      690.602 (^)      741.320 (&)      689.752 (%) 
Cl( 1, 0) in Cl( 8, 8) CPU =        0.019 ms (setup)        0.577 (*)        8.732 (^)        7.200 (&)        8.623 (%) 
Cl( 1, 1) in Cl( 8, 8) CPU =        0.024 ms (setup)        0.547 (*)       11.892 (^)        8.468 (&)        9.848 (%) 
Cl( 2, 1) in Cl( 8, 8) CPU =        0.044 ms (setup)        0.541 (*)       15.409 (^)       11.108 (&)       12.079 (%) 
Cl( 2, 2) in Cl( 8, 8) CPU =        0.307 ms (setup)        0.526 (*)       20.379 (^)       14.890 (&)       14.938 (%) 
Cl( 3, 2) in Cl( 8, 8) CPU =        0.325 ms (setup)        0.527 (*)       28.541 (^)       20.363 (&)       18.526 (%) 
Cl( 3, 3) in Cl( 8, 8) CPU =        0.357 ms (setup)        0.529 (*)       37.080 (^)       29.050 (&)       25.527 (%) 
Cl( 4, 3) in Cl( 8, 8) CPU =        0.438 ms (setup)        0.528 (*)       53.315 (^)       40.951 (&)       35.027 (%) 
Cl( 4, 4) in Cl( 8, 8) CPU =        0.568 ms (setup)        0.530 (*)       63.605 (^)       51.335 (&)       41.908 (%) 
Cl( 5, 4) in Cl( 8, 8) CPU =        0.955 ms (setup)        0.551 (*)       78.306 (^)       64.517 (&)       51.627 (%) 
Cl( 5, 5) in Cl( 8, 8) CPU =        1.607 ms (setup)        0.545 (*)       88.217 (^)       78.336 (&)       62.709 (%) 
Cl( 6, 5) in Cl( 8, 8) CPU =        3.430 ms (setup)        0.537 (*)      114.909 (^)      104.712 (&)       83.133 (%) 
Cl( 6, 6) in Cl( 8, 8) CPU =        6.442 ms (setup)        0.551 (*)      129.193 (^)      128.976 (&)      100.998 (%) 
Cl( 7, 6) in Cl( 8, 8) CPU =       15.052 ms (setup)        0.548 (*)      211.187 (^)      204.802 (&)      168.839 (%) 
Cl( 7, 7) in Cl( 8, 8) CPU =       29.620 ms (setup)        0.569 (*)      245.323 (^)      260.464 (&)      219.606 (%) 
Cl( 8, 7) in Cl( 8, 8) CPU =       69.385 ms (setup)        0.555 (*)      554.535 (^)      561.975 (&)      516.262 (%) 
Cl( 8, 8) in Cl( 8, 8) CPU =       45.630 ms (setup)        0.567 (*)      686.081 (^)      746.083 (&)      694.139 (%) 
