
framed_multi<float,-4,4>
Clifford algebra expressions test:
Fill: 0.5
Cl( 1, 0) in Cl( 1, 0) CPU =        0.005 ms (setup)        0.004 (comm)        0.015 (pade)        0.004 (series)        0.002 (mix)        0.003 (add) 
Cl( 1, 1) in Cl( 1, 1) CPU =        0.002 ms (setup)        0.002 (comm)        0.013 (pade)        0.002 (series)        0.001 (mix)        0.003 (add) 
Cl( 2, 1) in Cl( 2, 1) CPU =        0.003 ms (setup)        0.011 (comm)        0.028 (pade)        0.013 (series)        0.004 (mix)        0.004 (add) 
Cl( 2, 2) in Cl( 2, 2) CPU =        0.005 ms (setup)        0.018 (comm)        0.032 (pade)        0.024 (series)        0.007 (mix)        1.510 (add) 
Cl( 3, 2) in Cl( 3, 2) CPU =        0.007 ms (setup)        0.040 (comm)        0.120 (pade)        0.039 (series)        0.013 (mix)        0.007 (add) 
Cl( 3, 3) in Cl( 3, 3) CPU =        0.017 ms (setup)        1.619 (comm)        0.155 (pade)        1.665 (series)        0.035 (mix)        0.011 (add) 
Cl( 4, 3) in Cl( 4, 3) CPU =        0.034 ms (setup)        1.760 (comm)        2.038 (pade)        1.959 (series)        0.087 (mix)        0.024 (add) 
Cl( 4, 4) in Cl( 4, 4) CPU =        0.071 ms (setup)        6.120 (comm)        3.787 (pade)       11.850 (series)        1.747 (mix)        0.052 (add) 
Cl( 1, 0) in Cl( 4, 4) CPU =        0.002 ms (setup)        0.001 (comm)        0.013 (pade)        0.005 (series)        0.001 (mix)        0.003 (add) 
Cl( 1, 1) in Cl( 4, 4) CPU =        0.002 ms (setup)        0.005 (comm)        0.013 (pade)        0.005 (series)        0.002 (mix)        0.003 (add) 
Cl( 2, 1) in Cl( 4, 4) CPU =        0.003 ms (setup)        0.011 (comm)        0.029 (pade)        1.521 (series)        0.004 (mix)        0.004 (add) 
Cl( 2, 2) in Cl( 4, 4) CPU =        0.005 ms (setup)        0.019 (comm)        0.033 (pade)        0.027 (series)        0.007 (mix)        0.004 (add) 
Cl( 3, 2) in Cl( 4, 4) CPU =        0.007 ms (setup)        0.041 (comm)        0.119 (pade)        1.567 (series)        0.015 (mix)        0.007 (add) 
Cl( 3, 3) in Cl( 4, 4) CPU =        0.017 ms (setup)        0.101 (comm)        1.672 (pade)        0.155 (series)        0.033 (mix)        0.014 (add) 
Cl( 4, 3) in Cl( 4, 4) CPU =        0.031 ms (setup)        0.209 (comm)        2.006 (pade)        1.895 (series)        0.074 (mix)        0.019 (add) 
Cl( 4, 4) in Cl( 4, 4) CPU =        0.067 ms (setup)        5.943 (comm)        3.656 (pade)        9.975 (series)        1.708 (mix)        0.044 (add) 
Fill: 1
Cl( 1, 0) in Cl( 1, 0) CPU =        0.002 ms (setup)        0.005 (comm)        0.011 (pade)        0.007 (series)        0.002 (mix)        0.003 (add) 
Cl( 1, 1) in Cl( 1, 1) CPU =        0.002 ms (setup)        0.007 (comm)        0.012 (pade)        0.009 (series)        0.003 (mix)        0.003 (add) 
Cl( 2, 1) in Cl( 2, 1) CPU =        0.003 ms (setup)        0.012 (comm)        0.025 (pade)        0.015 (series)        0.004 (mix)        0.004 (add) 
Cl( 2, 2) in Cl( 2, 2) CPU =        0.005 ms (setup)        0.022 (comm)        0.037 (pade)        1.534 (series)        0.007 (mix)        0.005 (add) 
Cl( 3, 2) in Cl( 3, 2) CPU =        0.011 ms (setup)        0.056 (comm)        0.106 (pade)        0.074 (series)        0.018 (mix)        0.007 (add) 
Cl( 3, 3) in Cl( 3, 3) CPU =        1.528 ms (setup)        0.153 (comm)        0.148 (pade)        0.217 (series)        0.043 (mix)        0.014 (add) 
Cl( 4, 3) in Cl( 4, 3) CPU =        0.046 ms (setup)        1.971 (comm)        2.002 (pade)        3.732 (series)        0.106 (mix)        0.027 (add) 
Cl( 4, 4) in Cl( 4, 4) CPU =        0.104 ms (setup)        6.196 (comm)        3.740 (pade)       11.809 (series)        1.784 (mix)        0.078 (add) 
Cl( 1, 0) in Cl( 4, 4) CPU =        0.002 ms (setup)        0.005 (comm)        0.011 (pade)        0.007 (series)        0.002 (mix)        0.003 (add) 
Cl( 1, 1) in Cl( 4, 4) CPU =        0.003 ms (setup)        0.007 (comm)        0.013 (pade)        0.009 (series)        0.003 (mix)        0.003 (add) 
Cl( 2, 1) in Cl( 4, 4) CPU =        0.003 ms (setup)        1.517 (comm)        0.026 (pade)        0.015 (series)        0.004 (mix)        0.004 (add) 
Cl( 2, 2) in Cl( 4, 4) CPU =        0.005 ms (setup)        0.022 (comm)        0.036 (pade)        0.028 (series)        0.008 (mix)        0.005 (add) 
Cl( 3, 2) in Cl( 4, 4) CPU =        0.011 ms (setup)        0.055 (comm)        1.613 (pade)        0.074 (series)        0.018 (mix)        0.007 (add) 
Cl( 3, 3) in Cl( 4, 4) CPU =        0.022 ms (setup)        0.154 (comm)        0.146 (pade)        1.723 (series)        0.043 (mix)        0.014 (add) 
Cl( 4, 3) in Cl( 4, 4) CPU =        0.046 ms (setup)        1.969 (comm)        2.003 (pade)        2.219 (series)        0.106 (mix)        0.027 (add) 
Cl( 4, 4) in Cl( 4, 4) CPU =        0.105 ms (setup)        7.701 (comm)        2.232 (pade)       10.313 (series)        0.282 (mix)        1.582 (add) 

matrix_multi<float,-4,4>
Clifford algebra expressions test:
Fill: 0.5
Cl( 1, 0) in Cl( 1, 0) CPU =        0.003 ms (setup)        0.008 (comm)        0.007 (pade)        0.002 (series)        0.007 (mix)        0.001 (add) 
Cl( 1, 1) in Cl( 1, 1) CPU =        0.005 ms (setup)        0.018 (comm)        0.007 (pade)        0.002 (series)        0.016 (mix)        0.001 (add) 
Cl( 2, 1) in Cl( 2, 1) CPU =        0.005 ms (setup)        0.088 (comm)        0.008 (pade)        0.002 (series)        1.592 (mix)        0.001 (add) 
Cl( 2, 2) in Cl( 2, 2) CPU =        0.007 ms (setup)        0.128 (comm)        0.008 (pade)        0.003 (series)        0.126 (mix)        0.001 (add) 
Cl( 3, 2) in Cl( 3, 2) CPU =        1.543 ms (setup)        1.926 (comm)        0.012 (pade)        0.007 (series)        1.925 (mix)        0.001 (add) 
Cl( 3, 3) in Cl( 3, 3) CPU =        0.066 ms (setup)        3.774 (comm)        0.011 (pade)        0.006 (series)        2.261 (mix)        0.001 (add) 
Cl( 4, 3) in Cl( 4, 3) CPU =        0.156 ms (setup)       12.335 (comm)        0.021 (pade)        0.013 (series)       12.309 (mix)        0.001 (add) 
Cl( 4, 4) in Cl( 4, 4) CPU =        0.305 ms (setup)       19.888 (comm)        0.020 (pade)        0.012 (series)       19.873 (mix)        0.001 (add) 
Cl( 1, 0) in Cl( 4, 4) CPU =        0.006 ms (setup)        0.088 (comm)        0.011 (pade)        0.013 (series)        1.587 (mix)        0.001 (add) 
Cl( 1, 1) in Cl( 4, 4) CPU =        0.009 ms (setup)        0.111 (comm)        0.018 (pade)        0.012 (series)        0.104 (mix)        0.002 (add) 
Cl( 2, 1) in Cl( 4, 4) CPU =        1.528 ms (setup)        0.251 (comm)        0.020 (pade)        0.012 (series)        0.243 (mix)        0.002 (add) 
Cl( 2, 2) in Cl( 4, 4) CPU =        0.037 ms (setup)        0.306 (comm)        0.020 (pade)        0.013 (series)        0.298 (mix)        0.001 (add) 
Cl( 3, 2) in Cl( 4, 4) CPU =        1.667 ms (setup)        2.322 (comm)        0.020 (pade)        0.013 (series)        3.828 (mix)        0.001 (add) 
Cl( 3, 3) in Cl( 4, 4) CPU =        1.744 ms (setup)        4.206 (comm)        1.526 (pade)        0.013 (series)        4.193 (mix)        0.001 (add) 
Cl( 4, 3) in Cl( 4, 4) CPU =        2.121 ms (setup)       13.683 (comm)        0.019 (pade)        0.012 (series)       12.140 (mix)        0.002 (add) 
Cl( 4, 4) in Cl( 4, 4) CPU =        0.307 ms (setup)       19.986 (comm)        0.021 (pade)        0.013 (series)       20.000 (mix)        0.002 (add) 
Fill: 1
Cl( 1, 0) in Cl( 1, 0) CPU =        0.003 ms (setup)        0.018 (comm)        0.007 (pade)        0.002 (series)        0.017 (mix)        0.001 (add) 
Cl( 1, 1) in Cl( 1, 1) CPU =        0.004 ms (setup)        0.028 (comm)        0.007 (pade)        0.002 (series)        0.027 (mix)        0.001 (add) 
Cl( 2, 1) in Cl( 2, 1) CPU =        0.007 ms (setup)        0.100 (comm)        0.009 (pade)        0.003 (series)        0.099 (mix)        0.001 (add) 
Cl( 2, 2) in Cl( 2, 2) CPU =        0.017 ms (setup)        0.163 (comm)        0.009 (pade)        0.003 (series)        1.665 (mix)        0.001 (add) 
Cl( 3, 2) in Cl( 3, 2) CPU =        0.044 ms (setup)        3.607 (comm)        0.012 (pade)        0.007 (series)        2.103 (mix)        0.001 (add) 
Cl( 3, 3) in Cl( 3, 3) CPU =        0.084 ms (setup)        3.936 (comm)        0.011 (pade)        0.007 (series)        2.434 (mix)        0.001 (add) 
Cl( 4, 3) in Cl( 4, 3) CPU =        0.215 ms (setup)       17.413 (comm)        0.020 (pade)        0.013 (series)       14.337 (mix)        0.001 (add) 
Cl( 4, 4) in Cl( 4, 4) CPU =        1.935 ms (setup)       22.201 (comm)        0.019 (pade)        0.012 (series)       22.248 (mix)        0.001 (add) 
Cl( 1, 0) in Cl( 4, 4) CPU =        0.009 ms (setup)        1.669 (comm)        0.018 (pade)        0.013 (series)        0.153 (mix)        0.001 (add) 
Cl( 1, 1) in Cl( 4, 4) CPU =        0.011 ms (setup)        0.219 (comm)        0.018 (pade)        0.013 (series)        1.717 (mix)        0.001 (add) 
Cl( 2, 1) in Cl( 4, 4) CPU =        0.031 ms (setup)        1.821 (comm)        0.019 (pade)        0.013 (series)        1.812 (mix)        0.001 (add) 
Cl( 2, 2) in Cl( 4, 4) CPU =        0.077 ms (setup)        1.969 (comm)        0.018 (pade)        0.013 (series)        1.959 (mix)        0.001 (add) 
Cl( 3, 2) in Cl( 4, 4) CPU =        1.689 ms (setup)        3.924 (comm)        0.019 (pade)        0.012 (series)        2.406 (mix)        0.001 (add) 
Cl( 3, 3) in Cl( 4, 4) CPU =        0.291 ms (setup)        5.926 (comm)        0.020 (pade)        0.012 (series)        5.924 (mix)        0.001 (add) 
Cl( 4, 3) in Cl( 4, 4) CPU =        2.300 ms (setup)       16.079 (comm)        0.022 (pade)        0.014 (series)       16.064 (mix)        0.002 (add) 
Cl( 4, 4) in Cl( 4, 4) CPU =        0.431 ms (setup)       23.726 (comm)        0.020 (pade)        0.013 (series)       23.719 (mix)        0.001 (add) 

framed_multi<double>
Clifford algebra expressions test:
Fill: 0.5
Cl( 1, 0) in Cl( 1, 0) CPU =        0.005 ms (setup)        0.003 (comm)        0.012 (pade)        0.004 (series)        0.002 (mix)        0.003 (add) 
Cl( 1, 1) in Cl( 1, 1) CPU =        0.002 ms (setup)        0.002 (comm)        0.013 (pade)        0.002 (series)        0.001 (mix)        0.003 (add) 
Cl( 2, 1) in Cl( 2, 1) CPU =        0.002 ms (setup)        0.012 (comm)        0.024 (pade)        0.014 (series)        0.004 (mix)        0.004 (add) 
Cl( 2, 2) in Cl( 2, 2) CPU =        0.004 ms (setup)        1.526 (comm)        0.027 (pade)        0.026 (series)        0.007 (mix)        0.004 (add) 
Cl( 3, 2) in Cl( 3, 2) CPU =        0.007 ms (setup)        0.044 (comm)        0.105 (pade)        0.044 (series)        0.016 (mix)        0.005 (add) 
Cl( 3, 3) in Cl( 3, 3) CPU =        0.017 ms (setup)        0.114 (comm)        0.132 (pade)        0.188 (series)        0.038 (mix)        0.008 (add) 
Cl( 4, 3) in Cl( 4, 3) CPU =        0.033 ms (setup)        1.792 (comm)        1.940 (pade)        2.050 (series)        0.091 (mix)        0.015 (add) 
Cl( 4, 4) in Cl( 4, 4) CPU =        1.572 ms (setup)        5.832 (comm)        2.106 (pade)        8.261 (series)        1.742 (mix)        0.027 (add) 
Cl( 5, 4) in Cl( 5, 4) CPU =        0.132 ms (setup)       17.841 (comm)        8.021 (pade)       30.201 (series)        2.111 (mix)        0.059 (add) 
Cl( 5, 5) in Cl( 5, 5) CPU =        1.772 ms (setup)       26.181 (comm)       11.795 (pade)       42.282 (series)        6.134 (mix)        1.616 (add) 
Cl( 6, 5) in Cl( 6, 5) CPU =        2.065 ms (setup)       64.041 (comm)       39.613 (pade)      109.242 (series)        3.946 (mix)        0.201 (add) 
Cl( 6, 6) in Cl( 6, 6) CPU =        0.993 ms (setup)       32.047 (comm)       53.827 (pade)       99.558 (series)       11.095 (mix)        0.373 (add) 
Cl( 7, 6) in Cl( 7, 6) CPU =        1.989 ms (setup)      467.956 (comm)      175.804 (pade)      689.559 (series)       77.845 (mix)        0.740 (add) 
Cl( 7, 7) in Cl( 7, 7) CPU =        3.931 ms (setup)      650.939 (comm)      247.511 (pade)      965.869 (series)       94.929 (mix)        1.510 (add) 
Cl( 8, 7) in Cl( 8, 7) CPU =        8.036 ms (setup)     1214.170 (comm)      484.740 (pade)     1913.859 (series)      283.053 (mix)        3.222 (add) 
Cl( 8, 8) in Cl( 8, 8) CPU =       16.195 ms (setup)     1931.823 (comm)      567.679 (pade)     2230.610 (series)      875.247 (mix)        7.135 (add) 
Cl( 1, 0) in Cl( 8, 8) CPU =        0.002 ms (setup)        0.003 (comm)        0.005 (pade)        0.003 (series)        0.001 (mix)        0.002 (add) 
Cl( 1, 1) in Cl( 8, 8) CPU =        0.002 ms (setup)        0.001 (comm)        0.013 (pade)        0.002 (series)        0.002 (mix)        0.003 (add) 
Cl( 2, 1) in Cl( 8, 8) CPU =        0.002 ms (setup)        0.011 (comm)        0.035 (pade)        0.018 (series)        0.005 (mix)        0.005 (add) 
Cl( 2, 2) in Cl( 8, 8) CPU =        0.006 ms (setup)        0.033 (comm)        0.042 (pade)        0.038 (series)        0.011 (mix)        0.005 (add) 
Cl( 3, 2) in Cl( 8, 8) CPU =        0.009 ms (setup)        0.052 (comm)        0.117 (pade)        0.059 (series)        0.019 (mix)        0.005 (add) 
Cl( 3, 3) in Cl( 8, 8) CPU =        0.022 ms (setup)        0.176 (comm)        1.730 (pade)        0.272 (series)        0.059 (mix)        0.010 (add) 
Cl( 4, 3) in Cl( 8, 8) CPU =        0.044 ms (setup)        1.935 (comm)        2.156 (pade)        3.817 (series)        0.137 (mix)        0.018 (add) 
Cl( 4, 4) in Cl( 8, 8) CPU =        0.092 ms (setup)        7.939 (comm)        3.893 (pade)       13.832 (series)        1.839 (mix)        0.033 (add) 
Cl( 5, 4) in Cl( 8, 8) CPU =        1.694 ms (setup)       17.783 (comm)        7.967 (pade)       31.611 (series)        2.095 (mix)        0.050 (add) 
Cl( 5, 5) in Cl( 8, 8) CPU =        0.261 ms (setup)       25.986 (comm)       10.205 (pade)       41.992 (series)        6.037 (mix)        0.097 (add) 
Cl( 6, 5) in Cl( 8, 8) CPU =        2.041 ms (setup)       67.317 (comm)       36.207 (pade)      109.743 (series)        3.879 (mix)        0.183 (add) 
Cl( 6, 6) in Cl( 8, 8) CPU =        0.952 ms (setup)       32.089 (comm)       50.291 (pade)      100.189 (series)       10.962 (mix)        0.362 (add) 
Cl( 7, 6) in Cl( 8, 8) CPU =        1.956 ms (setup)      467.909 (comm)      174.169 (pade)      684.195 (series)       78.100 (mix)        0.741 (add) 
Cl( 7, 7) in Cl( 8, 8) CPU =        3.942 ms (setup)      651.605 (comm)      247.852 (pade)      966.000 (series)       96.051 (mix)        1.536 (add) 
Cl( 8, 7) in Cl( 8, 8) CPU =        8.140 ms (setup)     1218.823 (comm)      489.931 (pade)     1914.426 (series)      291.818 (mix)        3.186 (add) 
Cl( 8, 8) in Cl( 8, 8) CPU =       16.448 ms (setup)     1926.083 (comm)      565.937 (pade)     2225.021 (series)      871.828 (mix)        7.429 (add) 
Fill: 1
Cl( 1, 0) in Cl( 1, 0) CPU =        0.002 ms (setup)        0.007 (comm)        0.011 (pade)        0.007 (series)        0.002 (mix)        0.002 (add) 
Cl( 1, 1) in Cl( 1, 1) CPU =        0.003 ms (setup)        0.009 (comm)        0.013 (pade)        0.011 (series)        0.003 (mix)        0.003 (add) 
Cl( 2, 1) in Cl( 2, 1) CPU =        0.004 ms (setup)        0.184 (comm)        0.025 (pade)        0.018 (series)        0.005 (mix)        0.004 (add) 
Cl( 2, 2) in Cl( 2, 2) CPU =        0.006 ms (setup)        0.030 (comm)        0.036 (pade)        0.037 (series)        0.010 (mix)        0.005 (add) 
Cl( 3, 2) in Cl( 3, 2) CPU =        0.013 ms (setup)        0.074 (comm)        0.106 (pade)        0.102 (series)        0.022 (mix)        0.007 (add) 
Cl( 3, 3) in Cl( 3, 3) CPU =        0.026 ms (setup)        0.206 (comm)        0.143 (pade)        0.304 (series)        0.052 (mix)        1.518 (add) 
Cl( 4, 3) in Cl( 4, 3) CPU =        0.055 ms (setup)        3.643 (comm)        1.975 (pade)        4.027 (series)        1.631 (mix)        0.022 (add) 
Cl( 4, 4) in Cl( 4, 4) CPU =        0.108 ms (setup)        6.098 (comm)        3.669 (pade)       10.042 (series)        0.318 (mix)        0.044 (add) 
Cl( 5, 4) in Cl( 5, 4) CPU =        0.222 ms (setup)       20.052 (comm)        8.168 (pade)       33.987 (series)        3.815 (mix)        0.091 (add) 
Cl( 5, 5) in Cl( 5, 5) CPU =        0.433 ms (setup)       32.292 (comm)       12.133 (pade)       49.751 (series)        8.152 (mix)        1.683 (add) 
Cl( 6, 5) in Cl( 6, 5) CPU =        2.394 ms (setup)       51.123 (comm)       40.290 (pade)      107.034 (series)        5.295 (mix)        0.330 (add) 
Cl( 6, 6) in Cl( 6, 6) CPU =        1.583 ms (setup)       41.537 (comm)       60.055 (pade)       94.351 (series)       15.127 (mix)        0.667 (add) 
Cl( 7, 6) in Cl( 7, 6) CPU =        3.232 ms (setup)      565.940 (comm)      200.071 (pade)      779.996 (series)       70.028 (mix)        1.414 (add) 
Cl( 7, 7) in Cl( 7, 7) CPU =        6.587 ms (setup)      769.104 (comm)      301.997 (pade)     1168.571 (series)      131.437 (mix)        2.777 (add) 
Cl( 8, 7) in Cl( 8, 7) CPU =       13.674 ms (setup)     1412.864 (comm)      516.245 (pade)     2031.898 (series)      401.870 (mix)        6.405 (add) 
Cl( 8, 8) in Cl( 8, 8) CPU =       28.282 ms (setup)     2461.936 (comm)      630.881 (pade)     2487.394 (series)     1231.318 (mix)       14.510 (add) 
Cl( 1, 0) in Cl( 8, 8) CPU =        0.002 ms (setup)        0.005 (comm)        0.011 (pade)        0.007 (series)        0.002 (mix)        0.003 (add) 
Cl( 1, 1) in Cl( 8, 8) CPU =        0.004 ms (setup)        0.009 (comm)        0.014 (pade)        0.011 (series)        0.003 (mix)        0.003 (add) 
Cl( 2, 1) in Cl( 8, 8) CPU =        0.004 ms (setup)        0.181 (comm)        0.038 (pade)        0.029 (series)        0.008 (mix)        0.005 (add) 
Cl( 2, 2) in Cl( 8, 8) CPU =        0.008 ms (setup)        0.045 (comm)        0.052 (pade)        0.059 (series)        0.016 (mix)        0.006 (add) 
Cl( 3, 2) in Cl( 8, 8) CPU =        1.463 ms (setup)        0.114 (comm)        0.158 (pade)        0.157 (series)        0.036 (mix)        0.009 (add) 
Cl( 3, 3) in Cl( 8, 8) CPU =        0.037 ms (setup)        1.825 (comm)        1.720 (pade)        1.970 (series)        0.083 (mix)        0.016 (add) 
Cl( 4, 3) in Cl( 8, 8) CPU =        0.077 ms (setup)        3.979 (comm)        3.704 (pade)        6.040 (series)        0.201 (mix)        0.028 (add) 
Cl( 4, 4) in Cl( 8, 8) CPU =        1.659 ms (setup)        9.957 (comm)        3.976 (pade)       14.248 (series)        2.006 (mix)        0.052 (add) 
Cl( 5, 4) in Cl( 8, 8) CPU =        1.826 ms (setup)       21.839 (comm)        9.678 (pade)       33.978 (series)        2.312 (mix)        0.088 (add) 
Cl( 5, 5) in Cl( 8, 8) CPU =        1.941 ms (setup)       33.854 (comm)       12.123 (pade)       48.245 (series)        8.156 (mix)        0.178 (add) 
Cl( 6, 5) in Cl( 8, 8) CPU =        3.903 ms (setup)       50.644 (comm)       41.800 (pade)      106.948 (series)        5.521 (mix)        0.341 (add) 
Cl( 6, 6) in Cl( 8, 8) CPU =        1.612 ms (setup)       41.480 (comm)       60.311 (pade)       94.152 (series)       14.973 (mix)        0.657 (add) 
Cl( 7, 6) in Cl( 8, 8) CPU =        3.242 ms (setup)      567.466 (comm)      200.076 (pade)      782.251 (series)       67.139 (mix)        1.364 (add) 
Cl( 7, 7) in Cl( 8, 8) CPU =        6.551 ms (setup)      769.013 (comm)      297.791 (pade)     1167.669 (series)      130.674 (mix)        2.800 (add) 
Cl( 8, 7) in Cl( 8, 8) CPU =       14.769 ms (setup)     1414.747 (comm)      519.430 (pade)     2038.747 (series)      391.484 (mix)        6.347 (add) 
Cl( 8, 8) in Cl( 8, 8) CPU =       27.681 ms (setup)     2466.573 (comm)      634.377 (pade)     2478.340 (series)     1209.361 (mix)       17.305 (add) 

matrix_multi<double>
Clifford algebra expressions test:
Fill: 0.5
Cl( 1, 0) in Cl( 1, 0) CPU =        0.004 ms (setup)        0.011 (comm)        0.005 (pade)        0.002 (series)        0.010 (mix)        0.001 (add) 
Cl( 1, 1) in Cl( 1, 1) CPU =        0.011 ms (setup)        0.011 (comm)        0.007 (pade)        0.003 (series)        0.009 (mix)        0.001 (add) 
Cl( 2, 1) in Cl( 2, 1) CPU =        0.007 ms (setup)        0.075 (comm)        0.009 (pade)        0.003 (series)        0.076 (mix)        0.001 (add) 
Cl( 2, 2) in Cl( 2, 2) CPU =        0.007 ms (setup)        0.134 (comm)        0.009 (pade)        0.003 (series)        0.130 (mix)        0.001 (add) 
Cl( 3, 2) in Cl( 3, 2) CPU =        0.044 ms (setup)        1.907 (comm)        0.013 (pade)        0.006 (series)        1.905 (mix)        0.001 (add) 
Cl( 3, 3) in Cl( 3, 3) CPU =        0.067 ms (setup)        3.727 (comm)        0.012 (pade)        0.007 (series)        3.722 (mix)        0.001 (add) 
Cl( 4, 3) in Cl( 4, 3) CPU =        0.165 ms (setup)       15.914 (comm)        0.024 (pade)        0.018 (series)       12.111 (mix)        0.003 (add) 
Cl( 4, 4) in Cl( 4, 4) CPU =        0.314 ms (setup)       19.733 (comm)        0.024 (pade)        0.018 (series)       18.271 (mix)        0.002 (add) 
Cl( 5, 4) in Cl( 5, 4) CPU =        3.731 ms (setup)       72.346 (comm)        1.563 (pade)        0.058 (series)       73.782 (mix)        0.005 (add) 
Cl( 5, 5) in Cl( 5, 5) CPU =        5.921 ms (setup)       32.576 (comm)        0.060 (pade)        0.059 (series)      104.138 (mix)        0.005 (add) 
Cl( 6, 5) in Cl( 6, 5) CPU =       13.715 ms (setup)       90.797 (comm)        0.173 (pade)        1.486 (series)       90.910 (mix)        0.019 (add) 
Cl( 6, 6) in Cl( 6, 6) CPU =        5.642 ms (setup)      125.561 (comm)        0.394 (pade)        1.823 (series)      126.672 (mix)        0.028 (add) 
Cl( 7, 6) in Cl( 7, 6) CPU =       13.197 ms (setup)     1324.246 (comm)        3.356 (pade)        2.367 (series)     1141.272 (mix)        0.100 (add) 
Cl( 7, 7) in Cl( 7, 7) CPU =       26.403 ms (setup)     1602.023 (comm)        3.767 (pade)        3.875 (series)     1311.202 (mix)        0.099 (add) 
Cl( 8, 7) in Cl( 8, 7) CPU =       65.054 ms (setup)     5043.840 (comm)       13.896 (pade)       22.128 (series)     4621.453 (mix)        0.417 (add) 
Cl( 8, 8) in Cl( 8, 8) CPU =      122.519 ms (setup)     5395.235 (comm)       13.956 (pade)       24.123 (series)     5100.636 (mix)        0.413 (add) 
Cl( 1, 0) in Cl( 8, 8) CPU =        0.069 ms (setup)      136.022 (comm)        4.325 (pade)       22.348 (series)      121.850 (mix)        2.156 (add) 
Cl( 1, 1) in Cl( 8, 8) CPU =        0.102 ms (setup)      170.377 (comm)       11.626 (pade)       23.886 (series)      161.634 (mix)        1.961 (add) 
Cl( 2, 1) in Cl( 8, 8) CPU =        0.232 ms (setup)      249.963 (comm)       11.915 (pade)       23.991 (series)      238.188 (mix)        1.960 (add) 
Cl( 2, 2) in Cl( 8, 8) CPU =        1.958 ms (setup)      352.100 (comm)       10.421 (pade)       22.459 (series)      341.673 (mix)        1.961 (add) 
Cl( 3, 2) in Cl( 8, 8) CPU =        9.778 ms (setup)      448.064 (comm)       13.903 (pade)       24.108 (series)      433.772 (mix)        1.951 (add) 
Cl( 3, 3) in Cl( 8, 8) CPU =       12.151 ms (setup)      597.927 (comm)       13.877 (pade)       23.766 (series)      586.065 (mix)        1.959 (add) 
Cl( 4, 3) in Cl( 8, 8) CPU =       14.081 ms (setup)      677.953 (comm)       16.317 (pade)       22.206 (series)      611.871 (mix)        1.961 (add) 
Cl( 4, 4) in Cl( 8, 8) CPU =       20.150 ms (setup)      899.606 (comm)       17.896 (pade)       25.582 (series)      884.060 (mix)        1.955 (add) 
Cl( 5, 4) in Cl( 8, 8) CPU =       22.168 ms (setup)     1174.016 (comm)       24.280 (pade)       24.125 (series)     1157.800 (mix)        1.971 (add) 
Cl( 5, 5) in Cl( 8, 8) CPU =       47.924 ms (setup)     1381.712 (comm)       24.223 (pade)       24.083 (series)     1375.530 (mix)        0.465 (add) 
Cl( 6, 5) in Cl( 8, 8) CPU =       47.309 ms (setup)     1785.339 (comm)       14.144 (pade)       24.127 (series)     1724.062 (mix)        0.400 (add) 
Cl( 6, 6) in Cl( 8, 8) CPU =       24.617 ms (setup)     1974.649 (comm)       15.867 (pade)       23.820 (series)     1833.158 (mix)        0.412 (add) 
Cl( 7, 6) in Cl( 8, 8) CPU =       60.025 ms (setup)     2536.901 (comm)       14.020 (pade)       24.136 (series)     2260.269 (mix)        0.402 (add) 
Cl( 7, 7) in Cl( 8, 8) CPU =      106.261 ms (setup)     2977.541 (comm)       13.952 (pade)       23.998 (series)     2663.227 (mix)        0.426 (add) 
Cl( 8, 7) in Cl( 8, 8) CPU =      252.305 ms (setup)     4654.882 (comm)       14.074 (pade)       22.160 (series)     4352.329 (mix)        0.431 (add) 
Cl( 8, 8) in Cl( 8, 8) CPU =      128.036 ms (setup)     5352.133 (comm)       13.933 (pade)       22.149 (series)     5040.208 (mix)        0.583 (add) 
Fill: 1
Cl( 1, 0) in Cl( 1, 0) CPU =        0.004 ms (setup)        0.018 (comm)        0.011 (pade)        0.003 (series)        0.025 (mix)        0.001 (add) 
Cl( 1, 1) in Cl( 1, 1) CPU =        0.006 ms (setup)        0.043 (comm)        0.008 (pade)        0.003 (series)        0.038 (mix)        0.001 (add) 
Cl( 2, 1) in Cl( 2, 1) CPU =        0.011 ms (setup)        0.144 (comm)        0.011 (pade)        0.004 (series)        0.155 (mix)        0.001 (add) 
Cl( 2, 2) in Cl( 2, 2) CPU =        0.028 ms (setup)        0.260 (comm)        0.012 (pade)        0.004 (series)        0.256 (mix)        0.001 (add) 
Cl( 3, 2) in Cl( 3, 2) CPU =        0.072 ms (setup)        3.888 (comm)        0.018 (pade)        0.011 (series)        3.928 (mix)        0.002 (add) 
Cl( 3, 3) in Cl( 3, 3) CPU =        1.641 ms (setup)        5.956 (comm)        0.018 (pade)        0.011 (series)        4.434 (mix)        0.002 (add) 
Cl( 4, 3) in Cl( 4, 3) CPU =        1.889 ms (setup)       15.853 (comm)        0.025 (pade)        0.018 (series)       15.816 (mix)        0.003 (add) 
Cl( 4, 4) in Cl( 4, 4) CPU =        1.944 ms (setup)       22.075 (comm)        0.027 (pade)        0.018 (series)       23.567 (mix)        0.003 (add) 
Cl( 5, 4) in Cl( 5, 4) CPU =        4.056 ms (setup)       81.811 (comm)        0.059 (pade)        0.059 (series)       81.844 (mix)        0.005 (add) 
Cl( 5, 5) in Cl( 5, 5) CPU =        8.075 ms (setup)       25.942 (comm)        0.060 (pade)        0.059 (series)      117.567 (mix)        0.005 (add) 
Cl( 6, 5) in Cl( 6, 5) CPU =        4.321 ms (setup)       98.451 (comm)        0.172 (pade)        1.490 (series)       99.437 (mix)        0.019 (add) 
Cl( 6, 6) in Cl( 6, 6) CPU =        8.546 ms (setup)      135.300 (comm)        0.173 (pade)        1.819 (series)      134.736 (mix)        0.019 (add) 
Cl( 7, 6) in Cl( 7, 6) CPU =       20.210 ms (setup)     1409.930 (comm)        2.918 (pade)        3.901 (series)     1180.901 (mix)        0.112 (add) 
Cl( 7, 7) in Cl( 7, 7) CPU =       40.907 ms (setup)     1663.026 (comm)        2.161 (pade)        3.869 (series)     1372.567 (mix)        0.097 (add) 
Cl( 8, 7) in Cl( 8, 7) CPU =      106.832 ms (setup)     4757.359 (comm)       14.235 (pade)       25.627 (series)     4459.193 (mix)        0.430 (add) 
Cl( 8, 8) in Cl( 8, 8) CPU =      210.927 ms (setup)     5825.860 (comm)       13.962 (pade)       24.097 (series)     5510.457 (mix)        0.584 (add) 
Cl( 1, 0) in Cl( 8, 8) CPU =        0.090 ms (setup)      186.131 (comm)       10.125 (pade)       23.913 (series)      176.242 (mix)        1.969 (add) 
Cl( 1, 1) in Cl( 8, 8) CPU =        0.176 ms (setup)      234.078 (comm)       11.621 (pade)       23.962 (series)      223.891 (mix)        1.960 (add) 
Cl( 2, 1) in Cl( 8, 8) CPU =        1.880 ms (setup)      298.291 (comm)       11.909 (pade)       24.013 (series)      289.530 (mix)        1.960 (add) 
Cl( 2, 2) in Cl( 8, 8) CPU =       12.006 ms (setup)      379.805 (comm)       11.910 (pade)       25.530 (series)      364.144 (mix)        1.941 (add) 
Cl( 3, 2) in Cl( 8, 8) CPU =       12.113 ms (setup)      489.750 (comm)       13.860 (pade)       22.226 (series)      477.748 (mix)        1.961 (add) 
Cl( 3, 3) in Cl( 8, 8) CPU =       13.752 ms (setup)      661.543 (comm)       13.915 (pade)       23.779 (series)      599.950 (mix)        1.962 (add) 
Cl( 4, 3) in Cl( 8, 8) CPU =       15.991 ms (setup)      905.498 (comm)       16.381 (pade)       24.021 (series)      891.765 (mix)        1.960 (add) 
Cl( 4, 4) in Cl( 8, 8) CPU =       17.764 ms (setup)     1077.676 (comm)       17.928 (pade)       24.190 (series)     1064.203 (mix)        1.965 (add) 
Cl( 5, 4) in Cl( 8, 8) CPU =       42.079 ms (setup)     1356.193 (comm)       25.732 (pade)       24.033 (series)     1349.851 (mix)        1.964 (add) 
Cl( 5, 5) in Cl( 8, 8) CPU =       54.446 ms (setup)     1564.096 (comm)       25.744 (pade)       24.105 (series)     1556.077 (mix)        0.476 (add) 
Cl( 6, 5) in Cl( 8, 8) CPU =       36.626 ms (setup)     1969.621 (comm)       14.005 (pade)       24.149 (series)     1843.879 (mix)        0.406 (add) 
Cl( 6, 6) in Cl( 8, 8) CPU =       34.578 ms (setup)     2219.709 (comm)       14.107 (pade)       23.843 (series)     2034.827 (mix)        0.420 (add) 
Cl( 7, 6) in Cl( 8, 8) CPU =       77.969 ms (setup)     2837.678 (comm)       13.960 (pade)       24.061 (series)     2539.773 (mix)        0.410 (add) 
Cl( 7, 7) in Cl( 8, 8) CPU =      140.448 ms (setup)     3177.347 (comm)       14.009 (pade)       22.109 (series)     2883.727 (mix)        0.408 (add) 
Cl( 8, 7) in Cl( 8, 8) CPU =      345.867 ms (setup)     4901.259 (comm)       13.979 (pade)       22.249 (series)     4604.493 (mix)        0.409 (add) 
Cl( 8, 8) in Cl( 8, 8) CPU =      208.743 ms (setup)     5830.957 (comm)       14.005 (pade)       24.149 (series)     5517.244 (mix)        0.439 (add) 
