expressions/expressions
	linux-vdso.so.1 (0x000076d6d8bd9000)
	libarmadillo.so.14 => /lib/libarmadillo.so.14 (0x000076d6d8b88000)
	libopenblas.so.0 => /lib/x86_64-linux-gnu/libopenblas.so.0 (0x000076d6d5a80000)
	libstdc++.so.6 => /lib/x86_64-linux-gnu/libstdc++.so.6 (0x000076d6d5600000)
	libm.so.6 => /lib/x86_64-linux-gnu/libm.so.6 (0x000076d6d5989000)
	libgcc_s.so.1 => /lib/x86_64-linux-gnu/libgcc_s.so.1 (0x000076d6d595c000)
	libc.so.6 => /lib/x86_64-linux-gnu/libc.so.6 (0x000076d6d5200000)
	libblas.so.3 => /lib/x86_64-linux-gnu/libblas.so.3 (0x000076d6d4a00000)
	libarpack.so.2 => /lib/x86_64-linux-gnu/libarpack.so.2 (0x000076d6d590a000)
	/lib64/ld-linux-x86-64.so.2 (0x000076d6d8bdb000)
	libmvec.so.1 => /lib/x86_64-linux-gnu/libmvec.so.1 (0x000076d6d5506000)
	libgfortran.so.5 => /lib/x86_64-linux-gnu/libgfortran.so.5 (0x000076d6d4600000)
gfft_test/gfft_test
	linux-vdso.so.1 (0x0000721a9e5c6000)
	libarmadillo.so.14 => /lib/libarmadillo.so.14 (0x0000721a9e575000)
	libopenblas.so.0 => /lib/x86_64-linux-gnu/libopenblas.so.0 (0x0000721a9b468000)
	libstdc++.so.6 => /lib/x86_64-linux-gnu/libstdc++.so.6 (0x0000721a9b000000)
	libm.so.6 => /lib/x86_64-linux-gnu/libm.so.6 (0x0000721a9b371000)
	libgcc_s.so.1 => /lib/x86_64-linux-gnu/libgcc_s.so.1 (0x0000721a9b344000)
	libc.so.6 => /lib/x86_64-linux-gnu/libc.so.6 (0x0000721a9ac00000)
	libblas.so.3 => /lib/x86_64-linux-gnu/libblas.so.3 (0x0000721a9a400000)
	libarpack.so.2 => /lib/x86_64-linux-gnu/libarpack.so.2 (0x0000721a9b2f2000)
	/lib64/ld-linux-x86-64.so.2 (0x0000721a9e5c8000)
	libmvec.so.1 => /lib/x86_64-linux-gnu/libmvec.so.1 (0x0000721a9af06000)
	libgfortran.so.5 => /lib/x86_64-linux-gnu/libgfortran.so.5 (0x0000721a9a000000)
products/products
	linux-vdso.so.1 (0x00007e43264a5000)
	libarmadillo.so.14 => /lib/libarmadillo.so.14 (0x00007e4326454000)
	libopenblas.so.0 => /lib/x86_64-linux-gnu/libopenblas.so.0 (0x00007e4323348000)
	libstdc++.so.6 => /lib/x86_64-linux-gnu/libstdc++.so.6 (0x00007e4323000000)
	libm.so.6 => /lib/x86_64-linux-gnu/libm.so.6 (0x00007e4322f09000)
	libgcc_s.so.1 => /lib/x86_64-linux-gnu/libgcc_s.so.1 (0x00007e432331b000)
	libc.so.6 => /lib/x86_64-linux-gnu/libc.so.6 (0x00007e4322c00000)
	libblas.so.3 => /lib/x86_64-linux-gnu/libblas.so.3 (0x00007e4322400000)
	libarpack.so.2 => /lib/x86_64-linux-gnu/libarpack.so.2 (0x00007e43232c9000)
	/lib64/ld-linux-x86-64.so.2 (0x00007e43264a7000)
	libmvec.so.1 => /lib/x86_64-linux-gnu/libmvec.so.1 (0x00007e4322306000)
	libgfortran.so.5 => /lib/x86_64-linux-gnu/libgfortran.so.5 (0x00007e4321e00000)
squaring/squaring
	linux-vdso.so.1 (0x000079bd05b7b000)
	libarmadillo.so.14 => /lib/libarmadillo.so.14 (0x000079bd05b2a000)
	libopenblas.so.0 => /lib/x86_64-linux-gnu/libopenblas.so.0 (0x000079bd02a20000)
	libstdc++.so.6 => /lib/x86_64-linux-gnu/libstdc++.so.6 (0x000079bd02600000)
	libm.so.6 => /lib/x86_64-linux-gnu/libm.so.6 (0x000079bd02929000)
	libgcc_s.so.1 => /lib/x86_64-linux-gnu/libgcc_s.so.1 (0x000079bd028fc000)
	libc.so.6 => /lib/x86_64-linux-gnu/libc.so.6 (0x000079bd02200000)
	libblas.so.3 => /lib/x86_64-linux-gnu/libblas.so.3 (0x000079bd01a00000)
	libarpack.so.2 => /lib/x86_64-linux-gnu/libarpack.so.2 (0x000079bd028aa000)
	/lib64/ld-linux-x86-64.so.2 (0x000079bd05b7d000)
	libmvec.so.1 => /lib/x86_64-linux-gnu/libmvec.so.1 (0x000079bd02506000)
	libgfortran.so.5 => /lib/x86_64-linux-gnu/libgfortran.so.5 (0x000079bd01600000)
transforms/transforms
	linux-vdso.so.1 (0x00007e1cc4352000)
	libarmadillo.so.14 => /lib/libarmadillo.so.14 (0x00007e1cc4301000)
	libopenblas.so.0 => /lib/x86_64-linux-gnu/libopenblas.so.0 (0x00007e1cc11f8000)
	libstdc++.so.6 => /lib/x86_64-linux-gnu/libstdc++.so.6 (0x00007e1cc0e00000)
	libm.so.6 => /lib/x86_64-linux-gnu/libm.so.6 (0x00007e1cc1101000)
	libgcc_s.so.1 => /lib/x86_64-linux-gnu/libgcc_s.so.1 (0x00007e1cc10d4000)
	libc.so.6 => /lib/x86_64-linux-gnu/libc.so.6 (0x00007e1cc0a00000)
	libblas.so.3 => /lib/x86_64-linux-gnu/libblas.so.3 (0x00007e1cc0200000)
	libarpack.so.2 => /lib/x86_64-linux-gnu/libarpack.so.2 (0x00007e1cc0dae000)
	/lib64/ld-linux-x86-64.so.2 (0x00007e1cc4354000)
	libmvec.so.1 => /lib/x86_64-linux-gnu/libmvec.so.1 (0x00007e1cc0cb4000)
	libgfortran.so.5 => /lib/x86_64-linux-gnu/libgfortran.so.5 (0x00007e1cbfe00000)
versor/versor
	linux-vdso.so.1 (0x000077ca03980000)
	libarmadillo.so.14 => /lib/libarmadillo.so.14 (0x000077ca0392f000)
	libopenblas.so.0 => /lib/x86_64-linux-gnu/libopenblas.so.0 (0x000077ca00828000)
	libstdc++.so.6 => /lib/x86_64-linux-gnu/libstdc++.so.6 (0x000077ca00400000)
	libm.so.6 => /lib/x86_64-linux-gnu/libm.so.6 (0x000077ca00731000)
	libgcc_s.so.1 => /lib/x86_64-linux-gnu/libgcc_s.so.1 (0x000077ca00704000)
	libc.so.6 => /lib/x86_64-linux-gnu/libc.so.6 (0x000077ca00000000)
	libblas.so.3 => /lib/x86_64-linux-gnu/libblas.so.3 (0x000077c9ff800000)
	libarpack.so.2 => /lib/x86_64-linux-gnu/libarpack.so.2 (0x000077ca006b2000)
	/lib64/ld-linux-x86-64.so.2 (0x000077ca03982000)
	libmvec.so.1 => /lib/x86_64-linux-gnu/libmvec.so.1 (0x000077ca00306000)
	libgfortran.so.5 => /lib/x86_64-linux-gnu/libgfortran.so.5 (0x000077c9ff400000)
