
framed_multi<float,-4,4>
Clifford algebra products test:
Fill: 0.5
Cl( 1, 0) in Cl( 1, 0) CPU =        0.004 ms (setup)        0.004 (*)        1.507 (^)        0.002 (&)        0.002 (%) 
Cl( 1, 1) in Cl( 1, 1) CPU =        0.002 ms (setup)        0.002 (*)        0.001 (^)        0.001 (&)        0.001 (%) 
Cl( 2, 1) in Cl( 2, 1) CPU =        0.002 ms (setup)        0.004 (*)        0.002 (^)        0.002 (&)        0.002 (%) 
Cl( 2, 2) in Cl( 2, 2) CPU =        0.002 ms (setup)        0.005 (*)        0.004 (^)        0.003 (&)        0.003 (%) 
Cl( 3, 2) in Cl( 3, 2) CPU =        0.005 ms (setup)        0.011 (*)        0.006 (^)        0.006 (&)        0.005 (%) 
Cl( 3, 3) in Cl( 3, 3) CPU =        0.007 ms (setup)        0.026 (*)        0.013 (^)        0.013 (&)        0.011 (%) 
Cl( 4, 3) in Cl( 4, 3) CPU =        0.018 ms (setup)        0.080 (*)        0.041 (^)        0.041 (&)        0.030 (%) 
Cl( 4, 4) in Cl( 4, 4) CPU =        0.034 ms (setup)        2.123 (*)        0.100 (^)        0.096 (&)        1.594 (%) 
Cl( 1, 0) in Cl( 4, 4) CPU =        0.001 ms (setup)        0.001 (*)        0.001 (^)        0.001 (&)        0.001 (%) 
Cl( 1, 1) in Cl( 4, 4) CPU =        0.002 ms (setup)        0.002 (*)        0.001 (^)        0.001 (&)        0.001 (%) 
Cl( 2, 1) in Cl( 4, 4) CPU =        0.002 ms (setup)        0.003 (*)        0.002 (^)        0.002 (&)        0.002 (%) 
Cl( 2, 2) in Cl( 4, 4) CPU =        0.002 ms (setup)        0.004 (*)        0.003 (^)        0.002 (&)        0.002 (%) 
Cl( 3, 2) in Cl( 4, 4) CPU =        0.004 ms (setup)        0.013 (*)        0.007 (^)        0.007 (&)        0.006 (%) 
Cl( 3, 3) in Cl( 4, 4) CPU =        0.008 ms (setup)        0.026 (*)        0.015 (^)        0.013 (&)        0.011 (%) 
Cl( 4, 3) in Cl( 4, 4) CPU =        0.017 ms (setup)        1.593 (*)        0.039 (^)        0.043 (&)        0.031 (%) 
Cl( 4, 4) in Cl( 4, 4) CPU =        0.034 ms (setup)        2.124 (*)        0.104 (^)        1.623 (&)        0.071 (%) 
Fill: 1
Cl( 1, 0) in Cl( 1, 0) CPU =        0.001 ms (setup)        0.002 (*)        0.001 (^)        0.001 (&)        0.001 (%) 
Cl( 1, 1) in Cl( 1, 1) CPU =        0.001 ms (setup)        0.003 (*)        0.002 (^)        0.002 (&)        0.002 (%) 
Cl( 2, 1) in Cl( 2, 1) CPU =        0.002 ms (setup)        0.004 (*)        0.002 (^)        0.003 (&)        0.002 (%) 
Cl( 2, 2) in Cl( 2, 2) CPU =        0.003 ms (setup)        0.007 (*)        0.004 (^)        0.004 (&)        0.004 (%) 
Cl( 3, 2) in Cl( 3, 2) CPU =        0.005 ms (setup)        0.018 (*)        0.007 (^)        0.009 (&)        0.008 (%) 
Cl( 3, 3) in Cl( 3, 3) CPU =        0.011 ms (setup)        0.053 (*)        0.018 (^)        1.532 (&)        0.018 (%) 
Cl( 4, 3) in Cl( 4, 3) CPU =        0.023 ms (setup)        0.175 (*)        0.041 (^)        1.565 (&)        0.045 (%) 
Cl( 4, 4) in Cl( 4, 4) CPU =        0.052 ms (setup)        2.200 (*)        0.101 (^)        1.673 (&)        0.116 (%) 
Cl( 1, 0) in Cl( 4, 4) CPU =        0.001 ms (setup)        0.002 (*)        0.002 (^)        0.001 (&)        0.001 (%) 
Cl( 1, 1) in Cl( 4, 4) CPU =        0.001 ms (setup)        0.002 (*)        0.002 (^)        0.002 (&)        0.002 (%) 
Cl( 2, 1) in Cl( 4, 4) CPU =        0.002 ms (setup)        0.004 (*)        0.002 (^)        0.003 (&)        0.002 (%) 
Cl( 2, 2) in Cl( 4, 4) CPU =        0.004 ms (setup)        0.007 (*)        0.004 (^)        0.004 (&)        0.004 (%) 
Cl( 3, 2) in Cl( 4, 4) CPU =        0.005 ms (setup)        0.018 (*)        0.007 (^)        0.009 (&)        0.008 (%) 
Cl( 3, 3) in Cl( 4, 4) CPU =        0.011 ms (setup)        0.053 (*)        0.017 (^)        0.024 (&)        0.018 (%) 
Cl( 4, 3) in Cl( 4, 4) CPU =        0.023 ms (setup)        1.679 (*)        0.040 (^)        0.062 (&)        0.044 (%) 
Cl( 4, 4) in Cl( 4, 4) CPU =        0.053 ms (setup)        2.192 (*)        1.604 (^)        0.170 (&)        0.117 (%) 

matrix_multi<float,-4,4>
Clifford algebra products test:
Fill: 0.5
Cl( 1, 0) in Cl( 1, 0) CPU =        0.012 ms (setup)        0.001 (*)        0.009 (^)        0.008 (&)        0.009 (%) 
Cl( 1, 1) in Cl( 1, 1) CPU =        0.005 ms (setup)        0.001 (*)        0.007 (^)        0.007 (&)        0.007 (%) 
Cl( 2, 1) in Cl( 2, 1) CPU =        0.003 ms (setup)        0.001 (*)        0.015 (^)        0.026 (&)        0.025 (%) 
Cl( 2, 2) in Cl( 2, 2) CPU =        0.010 ms (setup)        0.001 (*)        0.063 (^)        0.040 (&)        0.053 (%) 
Cl( 3, 2) in Cl( 3, 2) CPU =        1.524 ms (setup)        0.002 (*)        0.251 (^)        0.211 (&)        1.734 (%) 
Cl( 3, 3) in Cl( 3, 3) CPU =        0.034 ms (setup)        0.002 (*)        1.842 (^)        1.867 (&)        0.362 (%) 
Cl( 4, 3) in Cl( 4, 3) CPU =        1.586 ms (setup)        0.003 (*)        5.987 (^)        5.995 (&)        6.036 (%) 
Cl( 4, 4) in Cl( 4, 4) CPU =        0.156 ms (setup)        0.003 (*)        9.937 (^)        9.979 (&)       11.559 (%) 
Cl( 1, 0) in Cl( 4, 4) CPU =        0.001 ms (setup)        0.003 (*)        0.012 (^)        0.011 (&)        0.011 (%) 
Cl( 1, 1) in Cl( 4, 4) CPU =        0.007 ms (setup)        0.003 (*)        0.114 (^)        0.072 (&)        1.606 (%) 
Cl( 2, 1) in Cl( 4, 4) CPU =        0.015 ms (setup)        0.003 (*)        0.134 (^)        0.088 (&)        1.613 (%) 
Cl( 2, 2) in Cl( 4, 4) CPU =        0.030 ms (setup)        0.003 (*)        1.741 (^)        0.158 (&)        1.691 (%) 
Cl( 3, 2) in Cl( 4, 4) CPU =        0.085 ms (setup)        0.003 (*)        1.797 (^)        1.772 (&)        0.259 (%) 
Cl( 3, 3) in Cl( 4, 4) CPU =        0.120 ms (setup)        0.003 (*)        3.565 (^)        1.998 (&)        1.984 (%) 
Cl( 4, 3) in Cl( 4, 4) CPU =        0.303 ms (setup)        0.003 (*)        6.064 (^)        6.064 (&)        1.531 (%) 
Cl( 4, 4) in Cl( 4, 4) CPU =        0.137 ms (setup)        0.002 (*)        2.081 (^)        2.223 (&)        2.240 (%) 
Fill: 1
Cl( 1, 0) in Cl( 1, 0) CPU =        0.003 ms (setup)        0.001 (*)        0.009 (^)        0.007 (&)        0.009 (%) 
Cl( 1, 1) in Cl( 1, 1) CPU =        0.003 ms (setup)        0.001 (*)        0.014 (^)        0.009 (&)        0.013 (%) 
Cl( 2, 1) in Cl( 2, 1) CPU =        0.004 ms (setup)        0.001 (*)        0.048 (^)        0.039 (&)        0.044 (%) 
Cl( 2, 2) in Cl( 2, 2) CPU =        0.008 ms (setup)        0.001 (*)        0.075 (^)        0.059 (&)        0.072 (%) 
Cl( 3, 2) in Cl( 3, 2) CPU =        0.021 ms (setup)        0.002 (*)        0.256 (^)        0.262 (&)        0.268 (%) 
Cl( 3, 3) in Cl( 3, 3) CPU =        0.039 ms (setup)        0.002 (*)        0.410 (^)        0.393 (&)        0.418 (%) 
Cl( 4, 3) in Cl( 4, 3) CPU =        0.099 ms (setup)        0.003 (*)        1.690 (^)        1.721 (&)        1.891 (%) 
Cl( 4, 4) in Cl( 4, 4) CPU =        0.197 ms (setup)        0.002 (*)        2.578 (^)        2.569 (&)        2.641 (%) 
Cl( 1, 0) in Cl( 4, 4) CPU =        0.005 ms (setup)        0.003 (*)        0.086 (^)        0.057 (&)        0.071 (%) 
Cl( 1, 1) in Cl( 4, 4) CPU =        0.007 ms (setup)        0.003 (*)        0.117 (^)        0.065 (&)        0.089 (%) 
Cl( 2, 1) in Cl( 4, 4) CPU =        0.015 ms (setup)        0.003 (*)        0.179 (^)        0.109 (&)        0.123 (%) 
Cl( 2, 2) in Cl( 4, 4) CPU =        0.055 ms (setup)        0.005 (*)        0.223 (^)        0.174 (&)        0.174 (%) 
Cl( 3, 2) in Cl( 4, 4) CPU =        0.108 ms (setup)        0.003 (*)        0.468 (^)        0.350 (&)        0.355 (%) 
Cl( 3, 3) in Cl( 4, 4) CPU =        0.144 ms (setup)        0.003 (*)        0.700 (^)        0.570 (&)        0.602 (%) 
Cl( 4, 3) in Cl( 4, 4) CPU =        0.355 ms (setup)        0.003 (*)        1.877 (^)        1.750 (&)        1.727 (%) 
Cl( 4, 4) in Cl( 4, 4) CPU =        0.198 ms (setup)        0.003 (*)        2.499 (^)        2.507 (&)        2.557 (%) 

framed_multi<double>
Clifford algebra products test:
Fill: 0.5
Cl( 1, 0) in Cl( 1, 0) CPU =        0.001 ms (setup)        0.002 (*)        0.001 (^)        0.001 (&)        0.001 (%) 
Cl( 1, 1) in Cl( 1, 1) CPU =        0.002 ms (setup)        0.001 (*)        0.001 (^)        0.001 (&)        0.001 (%) 
Cl( 2, 1) in Cl( 2, 1) CPU =        0.002 ms (setup)        0.004 (*)        0.002 (^)        0.003 (&)        0.002 (%) 
Cl( 2, 2) in Cl( 2, 2) CPU =        0.002 ms (setup)        0.006 (*)        0.004 (^)        0.003 (&)        0.003 (%) 
Cl( 3, 2) in Cl( 3, 2) CPU =        0.005 ms (setup)        0.013 (*)        0.007 (^)        0.009 (&)        0.006 (%) 
Cl( 3, 3) in Cl( 3, 3) CPU =        0.009 ms (setup)        0.032 (*)        0.015 (^)        0.015 (&)        0.013 (%) 
Cl( 4, 3) in Cl( 4, 3) CPU =        0.016 ms (setup)        0.089 (*)        0.041 (^)        0.041 (&)        0.032 (%) 
Cl( 4, 4) in Cl( 4, 4) CPU =        0.030 ms (setup)        0.495 (*)        0.098 (^)        0.091 (&)        0.072 (%) 
Cl( 5, 4) in Cl( 5, 4) CPU =        0.063 ms (setup)        1.719 (*)        0.279 (^)        0.279 (&)        0.198 (%) 
Cl( 5, 5) in Cl( 5, 5) CPU =        0.122 ms (setup)        2.291 (*)        0.713 (^)        0.672 (&)        0.440 (%) 
Cl( 6, 5) in Cl( 6, 5) CPU =        0.252 ms (setup)        8.451 (*)        2.073 (^)        1.990 (&)        1.266 (%) 
Cl( 6, 6) in Cl( 6, 6) CPU =        0.512 ms (setup)       10.846 (*)        5.502 (^)        5.370 (&)        3.109 (%) 
Cl( 7, 6) in Cl( 7, 6) CPU =        1.022 ms (setup)      165.730 (*)       73.953 (^)       15.992 (&)        9.404 (%) 
Cl( 7, 7) in Cl( 7, 7) CPU =        2.036 ms (setup)      224.158 (*)       63.986 (^)       45.537 (&)       25.057 (%) 
Cl( 8, 7) in Cl( 8, 7) CPU =        4.135 ms (setup)      471.020 (*)      143.649 (^)      135.121 (&)       71.999 (%) 
Cl( 8, 8) in Cl( 8, 8) CPU =        8.265 ms (setup)      536.273 (*)      429.425 (^)      412.883 (&)      213.111 (%) 
Cl( 1, 0) in Cl( 8, 8) CPU =        0.001 ms (setup)        0.001 (*)        0.001 (^)        0.001 (&)        0.001 (%) 
Cl( 1, 1) in Cl( 8, 8) CPU =        0.001 ms (setup)        0.001 (*)        0.001 (^)        0.001 (&)        0.001 (%) 
Cl( 2, 1) in Cl( 8, 8) CPU =        0.002 ms (setup)        0.001 (*)        0.001 (^)        0.001 (&)        0.001 (%) 
Cl( 2, 2) in Cl( 8, 8) CPU =        0.002 ms (setup)        0.005 (*)        0.004 (^)        0.003 (&)        0.005 (%) 
Cl( 3, 2) in Cl( 8, 8) CPU =        0.005 ms (setup)        0.011 (*)        0.009 (^)        0.005 (&)        0.005 (%) 
Cl( 3, 3) in Cl( 8, 8) CPU =        0.008 ms (setup)        0.033 (*)        0.015 (^)        0.013 (&)        0.012 (%) 
Cl( 4, 3) in Cl( 8, 8) CPU =        0.015 ms (setup)        0.069 (*)        0.038 (^)        0.032 (&)        0.028 (%) 
Cl( 4, 4) in Cl( 8, 8) CPU =        0.032 ms (setup)        0.493 (*)        0.104 (^)        0.111 (&)        0.076 (%) 
Cl( 5, 4) in Cl( 8, 8) CPU =        0.060 ms (setup)        1.671 (*)        0.275 (^)        0.272 (&)        0.191 (%) 
Cl( 5, 5) in Cl( 8, 8) CPU =        0.123 ms (setup)        2.236 (*)        0.697 (^)        0.696 (&)        0.444 (%) 
Cl( 6, 5) in Cl( 8, 8) CPU =        0.248 ms (setup)        7.824 (*)        1.967 (^)        1.937 (&)        1.189 (%) 
Cl( 6, 6) in Cl( 8, 8) CPU =        0.478 ms (setup)       10.505 (*)        5.518 (^)        5.154 (&)        3.029 (%) 
Cl( 7, 6) in Cl( 8, 8) CPU =        0.985 ms (setup)      165.703 (*)       70.278 (^)       15.075 (&)        8.452 (%) 
Cl( 7, 7) in Cl( 8, 8) CPU =        2.023 ms (setup)      225.853 (*)       64.368 (^)       45.355 (&)       24.461 (%) 
Cl( 8, 7) in Cl( 8, 8) CPU =        4.024 ms (setup)      471.957 (*)      143.151 (^)      135.672 (&)       72.362 (%) 
Cl( 8, 8) in Cl( 8, 8) CPU =        8.293 ms (setup)      537.971 (*)      428.899 (^)      417.035 (&)      215.674 (%) 
Fill: 1
Cl( 1, 0) in Cl( 1, 0) CPU =        0.001 ms (setup)        0.002 (*)        0.002 (^)        0.001 (&)        0.001 (%) 
Cl( 1, 1) in Cl( 1, 1) CPU =        0.002 ms (setup)        0.004 (*)        0.002 (^)        0.002 (&)        0.002 (%) 
Cl( 2, 1) in Cl( 2, 1) CPU =        0.002 ms (setup)        0.005 (*)        0.003 (^)        0.003 (&)        0.003 (%) 
Cl( 2, 2) in Cl( 2, 2) CPU =        0.003 ms (setup)        0.009 (*)        0.005 (^)        0.005 (&)        0.005 (%) 
Cl( 3, 2) in Cl( 3, 2) CPU =        0.008 ms (setup)        0.025 (*)        0.009 (^)        0.010 (&)        0.009 (%) 
Cl( 3, 3) in Cl( 3, 3) CPU =        0.013 ms (setup)        0.067 (*)        0.020 (^)        0.026 (&)        0.029 (%) 
Cl( 4, 3) in Cl( 4, 3) CPU =        0.028 ms (setup)        0.223 (*)        0.046 (^)        0.069 (&)        0.051 (%) 
Cl( 4, 4) in Cl( 4, 4) CPU =        0.052 ms (setup)        0.597 (*)        0.111 (^)        0.177 (&)        0.119 (%) 
Cl( 5, 4) in Cl( 5, 4) CPU =        0.100 ms (setup)        1.917 (*)        0.279 (^)        0.446 (&)        0.295 (%) 
Cl( 5, 5) in Cl( 5, 5) CPU =        0.208 ms (setup)        2.778 (*)        0.687 (^)        1.216 (&)        0.761 (%) 
Cl( 6, 5) in Cl( 6, 5) CPU =        0.403 ms (setup)        9.116 (*)        1.823 (^)        3.456 (&)        2.046 (%) 
Cl( 6, 6) in Cl( 6, 6) CPU =        0.794 ms (setup)       13.312 (*)        4.907 (^)        9.963 (&)        5.616 (%) 
Cl( 7, 6) in Cl( 7, 6) CPU =        1.639 ms (setup)      197.850 (*)       61.927 (^)       30.287 (&)       15.978 (%) 
Cl( 7, 7) in Cl( 7, 7) CPU =        3.420 ms (setup)      293.886 (*)       68.282 (^)       88.133 (&)       46.255 (%) 
Cl( 8, 7) in Cl( 8, 7) CPU =        7.005 ms (setup)      513.036 (*)      119.919 (^)      269.832 (&)      138.274 (%) 
Cl( 8, 8) in Cl( 8, 8) CPU =       14.832 ms (setup)      627.082 (*)      364.642 (^)      825.911 (&)      417.269 (%) 
Cl( 1, 0) in Cl( 8, 8) CPU =        0.002 ms (setup)        0.002 (*)        0.001 (^)        0.001 (&)        0.001 (%) 
Cl( 1, 1) in Cl( 8, 8) CPU =        0.002 ms (setup)        0.003 (*)        0.002 (^)        0.002 (&)        0.001 (%) 
Cl( 2, 1) in Cl( 8, 8) CPU =        0.003 ms (setup)        0.005 (*)        0.003 (^)        0.003 (&)        0.003 (%) 
Cl( 2, 2) in Cl( 8, 8) CPU =        0.003 ms (setup)        0.009 (*)        0.005 (^)        0.005 (&)        0.005 (%) 
Cl( 3, 2) in Cl( 8, 8) CPU =        0.006 ms (setup)        0.023 (*)        0.011 (^)        0.010 (&)        0.009 (%) 
Cl( 3, 3) in Cl( 8, 8) CPU =        0.013 ms (setup)        0.067 (*)        0.020 (^)        0.026 (&)        0.021 (%) 
Cl( 4, 3) in Cl( 8, 8) CPU =        0.026 ms (setup)        0.224 (*)        0.053 (^)        0.064 (&)        0.049 (%) 
Cl( 4, 4) in Cl( 8, 8) CPU =        0.051 ms (setup)        0.586 (*)        0.111 (^)        0.170 (&)        0.119 (%) 
Cl( 5, 4) in Cl( 8, 8) CPU =        0.100 ms (setup)        1.922 (*)        0.278 (^)        0.444 (&)        0.295 (%) 
Cl( 5, 5) in Cl( 8, 8) CPU =        0.200 ms (setup)        2.772 (*)        0.687 (^)        1.220 (&)        0.761 (%) 
Cl( 6, 5) in Cl( 8, 8) CPU =        0.403 ms (setup)        9.158 (*)        1.810 (^)        3.442 (&)        2.052 (%) 
Cl( 6, 6) in Cl( 8, 8) CPU =        0.811 ms (setup)       13.327 (*)        4.869 (^)        9.929 (&)        5.694 (%) 
Cl( 7, 6) in Cl( 8, 8) CPU =        1.687 ms (setup)      198.036 (*)       61.949 (^)       29.392 (&)       15.889 (%) 
Cl( 7, 7) in Cl( 8, 8) CPU =        3.388 ms (setup)      292.120 (*)       68.686 (^)       88.103 (&)       46.303 (%) 
Cl( 8, 7) in Cl( 8, 8) CPU =        7.057 ms (setup)      512.344 (*)      119.737 (^)      269.237 (&)      138.233 (%) 
Cl( 8, 8) in Cl( 8, 8) CPU =       14.387 ms (setup)      625.419 (*)      366.772 (^)      827.302 (&)      419.548 (%) 

matrix_multi<double>
Clifford algebra products test:
Fill: 0.5
Cl( 1, 0) in Cl( 1, 0) CPU =        0.005 ms (setup)        0.001 (*)        0.011 (^)        0.007 (&)        0.009 (%) 
Cl( 1, 1) in Cl( 1, 1) CPU =        0.005 ms (setup)        0.001 (*)        0.006 (^)        0.007 (&)        0.007 (%) 
Cl( 2, 1) in Cl( 2, 1) CPU =        0.007 ms (setup)        0.001 (*)        0.044 (^)        0.029 (&)        0.037 (%) 
Cl( 2, 2) in Cl( 2, 2) CPU =        0.009 ms (setup)        0.001 (*)        0.030 (^)        0.044 (&)        0.048 (%) 
Cl( 3, 2) in Cl( 3, 2) CPU =        0.042 ms (setup)        0.002 (*)        0.180 (^)        0.209 (&)        0.211 (%) 
Cl( 3, 3) in Cl( 3, 3) CPU =        0.039 ms (setup)        0.002 (*)        0.259 (^)        0.315 (&)        0.306 (%) 
Cl( 4, 3) in Cl( 4, 3) CPU =        0.080 ms (setup)        0.004 (*)        1.331 (^)        1.435 (&)        1.423 (%) 
Cl( 4, 4) in Cl( 4, 4) CPU =        0.142 ms (setup)        0.004 (*)        2.085 (^)        2.103 (&)        2.159 (%) 
Cl( 5, 4) in Cl( 5, 4) CPU =        0.366 ms (setup)        0.011 (*)        7.636 (^)        8.571 (&)        8.256 (%) 
Cl( 5, 5) in Cl( 5, 5) CPU =        0.634 ms (setup)        0.011 (*)       11.723 (^)       12.004 (&)       11.899 (%) 
Cl( 6, 5) in Cl( 6, 5) CPU =        1.470 ms (setup)        0.061 (*)       42.593 (^)       46.169 (&)       43.873 (%) 
Cl( 6, 6) in Cl( 6, 6) CPU =        2.852 ms (setup)        0.060 (*)       61.742 (^)       63.980 (&)       61.348 (%) 
Cl( 7, 6) in Cl( 7, 6) CPU =        6.551 ms (setup)        0.681 (*)      560.436 (^)      591.719 (&)      558.510 (%) 
Cl( 7, 7) in Cl( 7, 7) CPU =       12.886 ms (setup)        0.171 (*)      624.578 (^)      679.065 (&)      634.667 (%) 
Cl( 8, 7) in Cl( 8, 7) CPU =       33.490 ms (setup)        5.802 (*)     1995.914 (^)     2324.912 (&)     1965.443 (%) 
Cl( 8, 8) in Cl( 8, 8) CPU =       63.470 ms (setup)        4.103 (*)     2428.120 (^)     2833.624 (&)     2415.645 (%) 
Cl( 1, 0) in Cl( 8, 8) CPU =        0.131 ms (setup)        4.205 (*)       51.767 (^)       50.098 (&)       50.017 (%) 
Cl( 1, 1) in Cl( 8, 8) CPU =        0.096 ms (setup)        4.213 (*)       72.021 (^)       50.127 (&)       65.860 (%) 
Cl( 2, 1) in Cl( 8, 8) CPU =        0.131 ms (setup)        4.206 (*)       98.148 (^)       66.055 (&)       83.927 (%) 
Cl( 2, 2) in Cl( 8, 8) CPU =        1.838 ms (setup)        4.213 (*)      141.778 (^)       97.948 (&)      108.124 (%) 
Cl( 3, 2) in Cl( 8, 8) CPU =        8.031 ms (setup)        4.099 (*)      187.994 (^)      130.054 (&)      134.328 (%) 
Cl( 3, 3) in Cl( 8, 8) CPU =       14.011 ms (setup)        4.098 (*)      266.045 (^)      195.994 (&)      186.072 (%) 
Cl( 4, 3) in Cl( 8, 8) CPU =       15.732 ms (setup)        5.719 (*)      343.760 (^)      342.235 (&)      255.977 (%) 
Cl( 4, 4) in Cl( 8, 8) CPU =       13.731 ms (setup)        4.161 (*)      457.568 (^)      363.881 (&)      325.978 (%) 
Cl( 5, 4) in Cl( 8, 8) CPU =       10.347 ms (setup)        5.680 (*)      609.993 (^)      480.151 (&)      421.987 (%) 
Cl( 5, 5) in Cl( 8, 8) CPU =       16.091 ms (setup)        5.659 (*)      779.859 (^)      678.039 (&)      550.385 (%) 
Cl( 6, 5) in Cl( 8, 8) CPU =       33.674 ms (setup)        4.157 (*)      878.787 (^)      799.850 (&)      666.525 (%) 
Cl( 6, 6) in Cl( 8, 8) CPU =       14.120 ms (setup)        4.202 (*)      991.756 (^)     1006.469 (&)      796.426 (%) 
Cl( 7, 6) in Cl( 8, 8) CPU =       30.362 ms (setup)        4.097 (*)     1108.396 (^)     1271.177 (&)      950.202 (%) 
Cl( 7, 7) in Cl( 8, 8) CPU =       53.184 ms (setup)        5.601 (*)     1333.314 (^)     1476.688 (&)     1166.423 (%) 
Cl( 8, 7) in Cl( 8, 8) CPU =      129.584 ms (setup)        5.669 (*)     2018.774 (^)     2233.808 (&)     1852.599 (%) 
Cl( 8, 8) in Cl( 8, 8) CPU =       62.950 ms (setup)        4.112 (*)     2295.191 (^)     2822.149 (&)     2372.370 (%) 
Fill: 1
Cl( 1, 0) in Cl( 1, 0) CPU =        0.002 ms (setup)        0.001 (*)        0.009 (^)        0.007 (&)        0.011 (%) 
Cl( 1, 1) in Cl( 1, 1) CPU =        0.004 ms (setup)        0.001 (*)        0.013 (^)        0.009 (&)        0.012 (%) 
Cl( 2, 1) in Cl( 2, 1) CPU =        0.005 ms (setup)        0.001 (*)        0.048 (^)        0.041 (&)        0.052 (%) 
Cl( 2, 2) in Cl( 2, 2) CPU =        0.010 ms (setup)        0.001 (*)        0.074 (^)        0.060 (&)        0.073 (%) 
Cl( 3, 2) in Cl( 3, 2) CPU =        0.023 ms (setup)        0.002 (*)        0.255 (^)        0.252 (&)        0.319 (%) 
Cl( 3, 3) in Cl( 3, 3) CPU =        0.050 ms (setup)        0.002 (*)        0.475 (^)        0.426 (&)        0.429 (%) 
Cl( 4, 3) in Cl( 4, 3) CPU =        0.118 ms (setup)        0.004 (*)        1.691 (^)        1.712 (&)        1.705 (%) 
Cl( 4, 4) in Cl( 4, 4) CPU =        0.205 ms (setup)        0.004 (*)        2.460 (^)        2.465 (&)        2.519 (%) 
Cl( 5, 4) in Cl( 5, 4) CPU =        0.496 ms (setup)        0.018 (*)        8.896 (^)        9.281 (&)        9.001 (%) 
Cl( 5, 5) in Cl( 5, 5) CPU =        0.923 ms (setup)        0.011 (*)       12.790 (^)       12.930 (&)       12.792 (%) 
Cl( 6, 5) in Cl( 6, 5) CPU =        2.147 ms (setup)        0.060 (*)       48.047 (^)       50.174 (&)       48.063 (%) 
Cl( 6, 6) in Cl( 6, 6) CPU =        4.290 ms (setup)        0.061 (*)       65.740 (^)       68.439 (&)       66.749 (%) 
Cl( 7, 6) in Cl( 7, 6) CPU =       10.181 ms (setup)        0.172 (*)      572.533 (^)      604.356 (&)      569.942 (%) 
Cl( 7, 7) in Cl( 7, 7) CPU =       20.450 ms (setup)        0.169 (*)      664.682 (^)      702.816 (&)      696.003 (%) 
Cl( 8, 7) in Cl( 8, 7) CPU =       53.820 ms (setup)        4.129 (*)     2390.921 (^)     2385.063 (&)     2033.161 (%) 
Cl( 8, 8) in Cl( 8, 8) CPU =      107.454 ms (setup)        4.232 (*)     2542.142 (^)     2946.716 (&)     2516.496 (%) 
Cl( 1, 0) in Cl( 8, 8) CPU =        0.143 ms (setup)        4.207 (*)       72.044 (^)       50.052 (&)       65.977 (%) 
Cl( 1, 1) in Cl( 8, 8) CPU =        0.113 ms (setup)        5.718 (*)      100.061 (^)       66.013 (&)       83.904 (%) 
Cl( 2, 1) in Cl( 8, 8) CPU =        0.213 ms (setup)        4.216 (*)      141.260 (^)       95.919 (&)      106.027 (%) 
Cl( 2, 2) in Cl( 8, 8) CPU =       13.950 ms (setup)        4.099 (*)      186.188 (^)      129.786 (&)      135.689 (%) 
Cl( 3, 2) in Cl( 8, 8) CPU =       13.995 ms (setup)        4.119 (*)      246.010 (^)      180.264 (&)      170.132 (%) 
Cl( 3, 3) in Cl( 8, 8) CPU =       14.053 ms (setup)        5.716 (*)      333.880 (^)      255.908 (&)      232.279 (%) 
Cl( 4, 3) in Cl( 8, 8) CPU =       12.021 ms (setup)        4.151 (*)      455.760 (^)      366.251 (&)      316.042 (%) 
Cl( 4, 4) in Cl( 8, 8) CPU =        9.687 ms (setup)        4.155 (*)      561.202 (^)      449.617 (&)      385.815 (%) 
Cl( 5, 4) in Cl( 8, 8) CPU =       13.937 ms (setup)        4.173 (*)      688.406 (^)      574.072 (&)      477.739 (%) 
Cl( 5, 5) in Cl( 8, 8) CPU =       19.996 ms (setup)        5.647 (*)      793.851 (^)      691.773 (&)      567.938 (%) 
Cl( 6, 5) in Cl( 8, 8) CPU =       50.138 ms (setup)        5.770 (*)      933.948 (^)      901.936 (&)      721.462 (%) 
Cl( 6, 6) in Cl( 8, 8) CPU =       17.917 ms (setup)        4.101 (*)     1002.605 (^)     1012.947 (&)      801.238 (%) 
Cl( 7, 6) in Cl( 8, 8) CPU =       39.811 ms (setup)        4.203 (*)     1246.445 (^)     1286.785 (&)     1026.052 (%) 
Cl( 7, 7) in Cl( 8, 8) CPU =       71.793 ms (setup)        4.126 (*)     1361.743 (^)     1500.157 (&)     1189.515 (%) 
Cl( 8, 7) in Cl( 8, 8) CPU =      176.500 ms (setup)        5.604 (*)     2198.432 (^)     2402.505 (&)     2044.711 (%) 
Cl( 8, 8) in Cl( 8, 8) CPU =      104.673 ms (setup)        5.714 (*)     2542.289 (^)     2922.660 (&)     2528.881 (%) 
