
framed_multi<double>
Clifford algebra squaring test:
Fill: 0.5
Cl( 1, 0) in Cl( 1, 0) CPU =        0.090 ms (setup)        0.011 (*) 
Cl( 1, 1) in Cl( 1, 1) CPU =        0.002 ms (setup)        0.002 (*) 
Cl( 2, 1) in Cl( 2, 1) CPU =        0.003 ms (setup)        0.005 (*) 
Cl( 2, 2) in Cl( 2, 2) CPU =        0.003 ms (setup)        0.010 (*) 
Cl( 3, 2) in Cl( 3, 2) CPU =        0.005 ms (setup)        0.014 (*) 
Cl( 3, 3) in Cl( 3, 3) CPU =        0.009 ms (setup)        0.038 (*) 
Cl( 4, 3) in Cl( 4, 3) CPU =        0.018 ms (setup)        0.110 (*) 
Cl( 4, 4) in Cl( 4, 4) CPU =        0.034 ms (setup)        3.698 (*) 
Cl( 5, 4) in Cl( 5, 4) CPU =        0.072 ms (setup)        7.936 (*) 
Cl( 5, 5) in Cl( 5, 5) CPU =        0.138 ms (setup)       11.573 (*) 
Cl( 6, 5) in Cl( 6, 5) CPU =        0.276 ms (setup)       36.347 (*) 
Cl( 6, 6) in Cl( 6, 6) CPU =        3.551 ms (setup)       47.956 (*) 
Cl( 7, 6) in Cl( 7, 6) CPU =        4.192 ms (setup)      168.088 (*) 
Cl( 7, 7) in Cl( 7, 7) CPU =        8.236 ms (setup)      223.350 (*) 
Cl( 8, 7) in Cl( 8, 7) CPU =       16.526 ms (setup)      660.456 (*) 
Cl( 8, 8) in Cl( 8, 8) CPU =        8.588 ms (setup)      533.683 (*) 
Cl( 9, 8) in Cl( 9, 8) CPU =       17.980 ms (setup)      976.984 (*) 
Cl( 9, 9) in Cl( 9, 9) CPU =       38.156 ms (setup)     1573.934 (*) 
Cl(10, 9) in Cl(10, 9) CPU =       80.785 ms (setup)     5357.080 (*) 
Cl(10,10) in Cl(10,10) CPU =      161.281 ms (setup)     7302.352 (*) 
Cl(11,10) in Cl(11,10) CPU =      340.722 ms (setup)    29336.426 (*) 
Cl(11,11) in Cl(11,11) CPU =      718.747 ms (setup)    42927.758 (*) 
Fill: 1
Cl( 1, 0) in Cl( 1, 0) CPU =        0.011 ms (setup)        0.007 (*) 
Cl( 1, 1) in Cl( 1, 1) CPU =        0.002 ms (setup)        0.005 (*) 
Cl( 2, 1) in Cl( 2, 1) CPU =        0.002 ms (setup)        0.006 (*) 
Cl( 2, 2) in Cl( 2, 2) CPU =        0.004 ms (setup)        0.011 (*) 
Cl( 3, 2) in Cl( 3, 2) CPU =        0.009 ms (setup)        0.025 (*) 
Cl( 3, 3) in Cl( 3, 3) CPU =        0.014 ms (setup)        0.074 (*) 
Cl( 4, 3) in Cl( 4, 3) CPU =        0.030 ms (setup)        0.233 (*) 
Cl( 4, 4) in Cl( 4, 4) CPU =        0.057 ms (setup)        0.605 (*) 
Cl( 5, 4) in Cl( 5, 4) CPU =        0.110 ms (setup)        1.912 (*) 
Cl( 5, 5) in Cl( 5, 5) CPU =        0.210 ms (setup)        2.750 (*) 
Cl( 6, 5) in Cl( 6, 5) CPU =        0.424 ms (setup)        9.380 (*) 
Cl( 6, 6) in Cl( 6, 6) CPU =        0.836 ms (setup)       13.316 (*) 
Cl( 7, 6) in Cl( 7, 6) CPU =        1.691 ms (setup)      127.987 (*) 
Cl( 7, 7) in Cl( 7, 7) CPU =       15.810 ms (setup)      291.843 (*) 
Cl( 8, 7) in Cl( 8, 7) CPU =       31.902 ms (setup)      683.804 (*) 
Cl( 8, 8) in Cl( 8, 8) CPU =       14.162 ms (setup)      621.068 (*) 
Cl( 9, 8) in Cl( 9, 8) CPU =       29.983 ms (setup)     1219.511 (*) 
Cl( 9, 9) in Cl( 9, 9) CPU =       71.408 ms (setup)     2104.991 (*) 
Cl(10, 9) in Cl(10, 9) CPU =      137.460 ms (setup)     6849.019 (*) 
Cl(10,10) in Cl(10,10) CPU =      309.295 ms (setup)    10938.943 (*) 
Cl(11,10) in Cl(11,10) CPU =      655.281 ms (setup)    40078.147 (*) 
Cl(11,11) in Cl(11,11) CPU =     1334.854 ms (setup)    67539.199 (*) 

matrix_multi<double>
Clifford algebra squaring test:
Fill: 0.5
Cl( 1, 0) in Cl( 1, 0) CPU =        0.042 ms (setup)        0.004 (*) 
Cl( 1, 1) in Cl( 1, 1) CPU =        0.005 ms (setup)        0.001 (*) 
Cl( 2, 1) in Cl( 2, 1) CPU =        0.021 ms (setup)        0.002 (*) 
Cl( 2, 2) in Cl( 2, 2) CPU =        0.018 ms (setup)        0.001 (*) 
Cl( 3, 2) in Cl( 3, 2) CPU =        0.051 ms (setup)        0.008 (*) 
Cl( 3, 3) in Cl( 3, 3) CPU =        0.050 ms (setup)        0.003 (*) 
Cl( 4, 3) in Cl( 4, 3) CPU =        0.079 ms (setup)        0.006 (*) 
Cl( 4, 4) in Cl( 4, 4) CPU =        0.149 ms (setup)        0.005 (*) 
Cl( 5, 4) in Cl( 5, 4) CPU =        0.359 ms (setup)        0.015 (*) 
Cl( 5, 5) in Cl( 5, 5) CPU =        0.615 ms (setup)        0.013 (*) 
Cl( 6, 5) in Cl( 6, 5) CPU =        1.587 ms (setup)        0.064 (*) 
Cl( 6, 6) in Cl( 6, 6) CPU =        2.910 ms (setup)        0.064 (*) 
Cl( 7, 6) in Cl( 7, 6) CPU =        7.157 ms (setup)        0.295 (*) 
Cl( 7, 7) in Cl( 7, 7) CPU =       57.501 ms (setup)        0.177 (*) 
Cl( 8, 7) in Cl( 8, 7) CPU =      147.506 ms (setup)        4.324 (*) 
Cl( 8, 8) in Cl( 8, 8) CPU =      271.723 ms (setup)        4.337 (*) 
Cl( 9, 8) in Cl( 9, 8) CPU =      438.577 ms (setup)       30.573 (*) 
Cl( 9, 9) in Cl( 9, 9) CPU =      576.956 ms (setup)       27.800 (*) 
Cl(10, 9) in Cl(10, 9) CPU =     1053.716 ms (setup)      212.964 (*) 
Cl(10,10) in Cl(10,10) CPU =     1790.771 ms (setup)      213.983 (*) 
Cl(11,10) in Cl(11,10) CPU =     4426.025 ms (setup)     1726.773 (*) 
Cl(11,11) in Cl(11,11) CPU =     8634.288 ms (setup)     1647.709 (*) 
Fill: 1
Cl( 1, 0) in Cl( 1, 0) CPU =        0.021 ms (setup)        0.003 (*) 
Cl( 1, 1) in Cl( 1, 1) CPU =        0.013 ms (setup)        0.002 (*) 
Cl( 2, 1) in Cl( 2, 1) CPU =        3.024 ms (setup)        0.002 (*) 
Cl( 2, 2) in Cl( 2, 2) CPU =        0.023 ms (setup)        0.002 (*) 
Cl( 3, 2) in Cl( 3, 2) CPU =       84.675 ms (setup)        0.010 (*) 
Cl( 3, 3) in Cl( 3, 3) CPU =        0.054 ms (setup)        0.003 (*) 
Cl( 4, 3) in Cl( 4, 3) CPU =        0.119 ms (setup)        0.006 (*) 
Cl( 4, 4) in Cl( 4, 4) CPU =        0.225 ms (setup)        0.006 (*) 
Cl( 5, 4) in Cl( 5, 4) CPU =        0.526 ms (setup)        0.015 (*) 
Cl( 5, 5) in Cl( 5, 5) CPU =        4.036 ms (setup)        0.016 (*) 
Cl( 6, 5) in Cl( 6, 5) CPU =       11.639 ms (setup)        0.073 (*) 
Cl( 6, 6) in Cl( 6, 6) CPU =       19.996 ms (setup)        0.071 (*) 
Cl( 7, 6) in Cl( 7, 6) CPU =       48.284 ms (setup)        3.209 (*) 
Cl( 7, 7) in Cl( 7, 7) CPU =       92.363 ms (setup)        0.191 (*) 
Cl( 8, 7) in Cl( 8, 7) CPU =      235.314 ms (setup)        4.331 (*) 
Cl( 8, 8) in Cl( 8, 8) CPU =      388.316 ms (setup)        2.112 (*) 
Cl( 9, 8) in Cl( 9, 8) CPU =      550.825 ms (setup)       25.626 (*) 
Cl( 9, 9) in Cl( 9, 9) CPU =      813.302 ms (setup)       28.006 (*) 
Cl(10, 9) in Cl(10, 9) CPU =     1718.915 ms (setup)      218.908 (*) 
Cl(10,10) in Cl(10,10) CPU =     3195.507 ms (setup)      216.090 (*) 
Cl(11,10) in Cl(11,10) CPU =     8724.173 ms (setup)     1691.689 (*) 
Cl(11,11) in Cl(11,11) CPU =    17947.397 ms (setup)     1642.349 (*) 
