expressions/expressions
	linux-vdso.so.1 (0x00007ab269ddb000)
	libflexiblas.so.3 => /usr/lib/x86_64-linux-gnu/libflexiblas.so.3 (0x00007ab269000000)
	libstdc++.so.6 => /usr/lib/x86_64-linux-gnu/libstdc++.so.6 (0x00007ab268c00000)
	libm.so.6 => /usr/lib/x86_64-linux-gnu/libm.so.6 (0x00007ab268eda000)
	libgcc_s.so.1 => /usr/lib/x86_64-linux-gnu/libgcc_s.so.1 (0x00007ab2697d2000)
	libc.so.6 => /usr/lib/x86_64-linux-gnu/libc.so.6 (0x00007ab268800000)
	/lib64/ld-linux-x86-64.so.2 (0x00007ab269ddd000)
gfft_test/gfft_test
	linux-vdso.so.1 (0x0000701413005000)
	libflexiblas.so.3 => /usr/lib/x86_64-linux-gnu/libflexiblas.so.3 (0x0000701412400000)
	libstdc++.so.6 => /usr/lib/x86_64-linux-gnu/libstdc++.so.6 (0x0000701412000000)
	libm.so.6 => /usr/lib/x86_64-linux-gnu/libm.so.6 (0x00007014122da000)
	libgcc_s.so.1 => /usr/lib/x86_64-linux-gnu/libgcc_s.so.1 (0x0000701412fa7000)
	libc.so.6 => /usr/lib/x86_64-linux-gnu/libc.so.6 (0x0000701411c00000)
	/lib64/ld-linux-x86-64.so.2 (0x0000701413007000)
products/products
	linux-vdso.so.1 (0x00007eb22db8e000)
	libflexiblas.so.3 => /usr/lib/x86_64-linux-gnu/libflexiblas.so.3 (0x00007eb22ce00000)
	libstdc++.so.6 => /usr/lib/x86_64-linux-gnu/libstdc++.so.6 (0x00007eb22ca00000)
	libm.so.6 => /usr/lib/x86_64-linux-gnu/libm.so.6 (0x00007eb22ccda000)
	libgcc_s.so.1 => /usr/lib/x86_64-linux-gnu/libgcc_s.so.1 (0x00007eb22db30000)
	libc.so.6 => /usr/lib/x86_64-linux-gnu/libc.so.6 (0x00007eb22c600000)
	/lib64/ld-linux-x86-64.so.2 (0x00007eb22db90000)
squaring/squaring
	linux-vdso.so.1 (0x000077348222f000)
	libflexiblas.so.3 => /usr/lib/x86_64-linux-gnu/libflexiblas.so.3 (0x0000773481600000)
	libstdc++.so.6 => /usr/lib/x86_64-linux-gnu/libstdc++.so.6 (0x0000773481200000)
	libm.so.6 => /usr/lib/x86_64-linux-gnu/libm.so.6 (0x00007734814da000)
	libgcc_s.so.1 => /usr/lib/x86_64-linux-gnu/libgcc_s.so.1 (0x00007734821d1000)
	libc.so.6 => /usr/lib/x86_64-linux-gnu/libc.so.6 (0x0000773480e00000)
	/lib64/ld-linux-x86-64.so.2 (0x0000773482231000)
transforms/transforms
	linux-vdso.so.1 (0x00007f14634b1000)
	libflexiblas.so.3 => /usr/lib/x86_64-linux-gnu/libflexiblas.so.3 (0x00007f1462800000)
	libstdc++.so.6 => /usr/lib/x86_64-linux-gnu/libstdc++.so.6 (0x00007f1462400000)
	libm.so.6 => /usr/lib/x86_64-linux-gnu/libm.so.6 (0x00007f146335b000)
	libgcc_s.so.1 => /usr/lib/x86_64-linux-gnu/libgcc_s.so.1 (0x00007f146332d000)
	libc.so.6 => /usr/lib/x86_64-linux-gnu/libc.so.6 (0x00007f1462000000)
	/lib64/ld-linux-x86-64.so.2 (0x00007f14634b3000)
versor/versor
	linux-vdso.so.1 (0x0000736f9fbaa000)
	libflexiblas.so.3 => /usr/lib/x86_64-linux-gnu/libflexiblas.so.3 (0x0000736f9f000000)
	libstdc++.so.6 => /usr/lib/x86_64-linux-gnu/libstdc++.so.6 (0x0000736f9ec00000)
	libm.so.6 => /usr/lib/x86_64-linux-gnu/libm.so.6 (0x0000736f9eeda000)
	libgcc_s.so.1 => /usr/lib/x86_64-linux-gnu/libgcc_s.so.1 (0x0000736f9fb4c000)
	libc.so.6 => /usr/lib/x86_64-linux-gnu/libc.so.6 (0x0000736f9e800000)
	/lib64/ld-linux-x86-64.so.2 (0x0000736f9fbac000)
