(CDPATH="${ZSH_VERSION+.}:" && cd . && /bin/bash '/home/leopardi/sync/src/penguian/glucat.13/admin/missing' autoheader)
rm -f stamp-h1
touch config.h.in
rm -f stamp-h1
cd . && /bin/bash ./config.status config.h
config.status: creating config.h
config.status: config.h is unchanged
make  all-recursive
make[1]: Entering directory '/home/leopardi/sync/src/penguian/glucat.13'
Making all in glucat
make[2]: Entering directory '/home/leopardi/sync/src/penguian/glucat.13/glucat'
make[2]: Nothing to be done for 'all'.
make[2]: Leaving directory '/home/leopardi/sync/src/penguian/glucat.13/glucat'
Making all in expressions
make[2]: Entering directory '/home/leopardi/sync/src/penguian/glucat.13/expressions'
g++ -std=c++23 -DHAVE_CONFIG_H -I. -I..  -I. -I. -I.. -I..   -std=c++23 -DEIGEN_USE_BLAS -DEIGEN_USE_LAPACKE -D_GLUCAT_USE_BOOST_UNORDERED_FLAT_MAP -DNDEBUG -DHAVE_BITS_WORDSIZE_H   -Wall -g -O3  -march=native -finline-limit=8000 --param large-function-insns=8000 --param max-inline-insns-auto=8000 --param max-inline-insns-single=8000 --param inline-unit-growth=1000 --param large-function-growth=1000 -funroll-loops -fvariable-expansion-in-unroller -fno-var-tracking-assignments -flto=auto -fuse-linker-plugin -Werror=return-type -Werror=uninitialized -Werror=format -fno-check-new -Wno-psabi -Wno-maybe-uninitialized -fexceptions -MT expressions.o -MD -MP -MF .deps/expressions.Tpo -c -o expressions.o expressions.cpp
mv -f .deps/expressions.Tpo .deps/expressions.Po
g++ -std=c++23  -Wall -g -O3  -march=native -finline-limit=8000 --param large-function-insns=8000 --param max-inline-insns-auto=8000 --param max-inline-insns-single=8000 --param inline-unit-growth=1000 --param large-function-growth=1000 -funroll-loops -fvariable-expansion-in-unroller -fno-var-tracking-assignments -flto=auto -fuse-linker-plugin -Werror=return-type -Werror=uninitialized -Werror=format -fno-check-new -Wno-psabi -Wno-maybe-uninitialized -fexceptions   -o expressions expressions.o  -lflexiblas
make[2]: Leaving directory '/home/leopardi/sync/src/penguian/glucat.13/expressions'
Making all in gfft_test
make[2]: Entering directory '/home/leopardi/sync/src/penguian/glucat.13/gfft_test'
g++ -std=c++23 -DHAVE_CONFIG_H -I. -I..  -I. -I. -I.. -I..   -std=c++23 -DEIGEN_USE_BLAS -DEIGEN_USE_LAPACKE -D_GLUCAT_USE_BOOST_UNORDERED_FLAT_MAP -DNDEBUG -DHAVE_BITS_WORDSIZE_H   -Wall -g -O3  -march=native -finline-limit=8000 --param large-function-insns=8000 --param max-inline-insns-auto=8000 --param max-inline-insns-single=8000 --param inline-unit-growth=1000 --param large-function-growth=1000 -funroll-loops -fvariable-expansion-in-unroller -fno-var-tracking-assignments -flto=auto -fuse-linker-plugin -Werror=return-type -Werror=uninitialized -Werror=format -fno-check-new -Wno-psabi -Wno-maybe-uninitialized -fexceptions -MT gfft_test.o -MD -MP -MF .deps/gfft_test.Tpo -c -o gfft_test.o gfft_test.cpp
mv -f .deps/gfft_test.Tpo .deps/gfft_test.Po
g++ -std=c++23  -Wall -g -O3  -march=native -finline-limit=8000 --param large-function-insns=8000 --param max-inline-insns-auto=8000 --param max-inline-insns-single=8000 --param inline-unit-growth=1000 --param large-function-growth=1000 -funroll-loops -fvariable-expansion-in-unroller -fno-var-tracking-assignments -flto=auto -fuse-linker-plugin -Werror=return-type -Werror=uninitialized -Werror=format -fno-check-new -Wno-psabi -Wno-maybe-uninitialized -fexceptions   -o gfft_test gfft_test.o  -lflexiblas
make[2]: Leaving directory '/home/leopardi/sync/src/penguian/glucat.13/gfft_test'
Making all in products
make[2]: Entering directory '/home/leopardi/sync/src/penguian/glucat.13/products'
g++ -std=c++23 -DHAVE_CONFIG_H -I. -I..  -I. -I. -I.. -I..   -std=c++23 -DEIGEN_USE_BLAS -DEIGEN_USE_LAPACKE -D_GLUCAT_USE_BOOST_UNORDERED_FLAT_MAP -DNDEBUG -DHAVE_BITS_WORDSIZE_H   -Wall -g -O3  -march=native -finline-limit=8000 --param large-function-insns=8000 --param max-inline-insns-auto=8000 --param max-inline-insns-single=8000 --param inline-unit-growth=1000 --param large-function-growth=1000 -funroll-loops -fvariable-expansion-in-unroller -fno-var-tracking-assignments -flto=auto -fuse-linker-plugin -Werror=return-type -Werror=uninitialized -Werror=format -fno-check-new -Wno-psabi -Wno-maybe-uninitialized -fexceptions -MT products.o -MD -MP -MF .deps/products.Tpo -c -o products.o products.cpp
mv -f .deps/products.Tpo .deps/products.Po
g++ -std=c++23  -Wall -g -O3  -march=native -finline-limit=8000 --param large-function-insns=8000 --param max-inline-insns-auto=8000 --param max-inline-insns-single=8000 --param inline-unit-growth=1000 --param large-function-growth=1000 -funroll-loops -fvariable-expansion-in-unroller -fno-var-tracking-assignments -flto=auto -fuse-linker-plugin -Werror=return-type -Werror=uninitialized -Werror=format -fno-check-new -Wno-psabi -Wno-maybe-uninitialized -fexceptions   -o products products.o  -lflexiblas
make[2]: Leaving directory '/home/leopardi/sync/src/penguian/glucat.13/products'
Making all in versor
make[2]: Entering directory '/home/leopardi/sync/src/penguian/glucat.13/versor'
g++ -std=c++23 -DHAVE_CONFIG_H -I. -I..  -I. -I. -I.. -I..   -std=c++23 -DEIGEN_USE_BLAS -DEIGEN_USE_LAPACKE -D_GLUCAT_USE_BOOST_UNORDERED_FLAT_MAP -DNDEBUG -DHAVE_BITS_WORDSIZE_H   -Wall -g -O3  -march=native -finline-limit=8000 --param large-function-insns=8000 --param max-inline-insns-auto=8000 --param max-inline-insns-single=8000 --param inline-unit-growth=1000 --param large-function-growth=1000 -funroll-loops -fvariable-expansion-in-unroller -fno-var-tracking-assignments -flto=auto -fuse-linker-plugin -Werror=return-type -Werror=uninitialized -Werror=format -fno-check-new -Wno-psabi -Wno-maybe-uninitialized -fexceptions -MT versor.o -MD -MP -MF .deps/versor.Tpo -c -o versor.o versor.cpp
mv -f .deps/versor.Tpo .deps/versor.Po
g++ -std=c++23  -Wall -g -O3  -march=native -finline-limit=8000 --param large-function-insns=8000 --param max-inline-insns-auto=8000 --param max-inline-insns-single=8000 --param inline-unit-growth=1000 --param large-function-growth=1000 -funroll-loops -fvariable-expansion-in-unroller -fno-var-tracking-assignments -flto=auto -fuse-linker-plugin -Werror=return-type -Werror=uninitialized -Werror=format -fno-check-new -Wno-psabi -Wno-maybe-uninitialized -fexceptions   -o versor versor.o  -lflexiblas
make[2]: Leaving directory '/home/leopardi/sync/src/penguian/glucat.13/versor'
Making all in squaring
make[2]: Entering directory '/home/leopardi/sync/src/penguian/glucat.13/squaring'
g++ -std=c++23 -DHAVE_CONFIG_H -I. -I..  -I. -I. -I.. -I..   -std=c++23 -DEIGEN_USE_BLAS -DEIGEN_USE_LAPACKE -D_GLUCAT_USE_BOOST_UNORDERED_FLAT_MAP -DNDEBUG -DHAVE_BITS_WORDSIZE_H   -Wall -g -O3  -march=native -finline-limit=8000 --param large-function-insns=8000 --param max-inline-insns-auto=8000 --param max-inline-insns-single=8000 --param inline-unit-growth=1000 --param large-function-growth=1000 -funroll-loops -fvariable-expansion-in-unroller -fno-var-tracking-assignments -flto=auto -fuse-linker-plugin -Werror=return-type -Werror=uninitialized -Werror=format -fno-check-new -Wno-psabi -Wno-maybe-uninitialized -fexceptions -MT squaring.o -MD -MP -MF .deps/squaring.Tpo -c -o squaring.o squaring.cpp
mv -f .deps/squaring.Tpo .deps/squaring.Po
g++ -std=c++23  -Wall -g -O3  -march=native -finline-limit=8000 --param large-function-insns=8000 --param max-inline-insns-auto=8000 --param max-inline-insns-single=8000 --param inline-unit-growth=1000 --param large-function-growth=1000 -funroll-loops -fvariable-expansion-in-unroller -fno-var-tracking-assignments -flto=auto -fuse-linker-plugin -Werror=return-type -Werror=uninitialized -Werror=format -fno-check-new -Wno-psabi -Wno-maybe-uninitialized -fexceptions   -o squaring squaring.o  -lflexiblas
make[2]: Leaving directory '/home/leopardi/sync/src/penguian/glucat.13/squaring'
Making all in transforms
make[2]: Entering directory '/home/leopardi/sync/src/penguian/glucat.13/transforms'
g++ -std=c++23 -DHAVE_CONFIG_H -I. -I..  -I. -I. -I.. -I..   -std=c++23 -DEIGEN_USE_BLAS -DEIGEN_USE_LAPACKE -D_GLUCAT_USE_BOOST_UNORDERED_FLAT_MAP -DNDEBUG -DHAVE_BITS_WORDSIZE_H   -Wall -g -O3  -march=native -finline-limit=8000 --param large-function-insns=8000 --param max-inline-insns-auto=8000 --param max-inline-insns-single=8000 --param inline-unit-growth=1000 --param large-function-growth=1000 -funroll-loops -fvariable-expansion-in-unroller -fno-var-tracking-assignments -flto=auto -fuse-linker-plugin -Werror=return-type -Werror=uninitialized -Werror=format -fno-check-new -Wno-psabi -Wno-maybe-uninitialized -fexceptions -MT transforms.o -MD -MP -MF .deps/transforms.Tpo -c -o transforms.o transforms.cpp
mv -f .deps/transforms.Tpo .deps/transforms.Po
g++ -std=c++23  -Wall -g -O3  -march=native -finline-limit=8000 --param large-function-insns=8000 --param max-inline-insns-auto=8000 --param max-inline-insns-single=8000 --param inline-unit-growth=1000 --param large-function-growth=1000 -funroll-loops -fvariable-expansion-in-unroller -fno-var-tracking-assignments -flto=auto -fuse-linker-plugin -Werror=return-type -Werror=uninitialized -Werror=format -fno-check-new -Wno-psabi -Wno-maybe-uninitialized -fexceptions   -o transforms transforms.o  -lflexiblas
make[2]: Leaving directory '/home/leopardi/sync/src/penguian/glucat.13/transforms'
make[2]: Entering directory '/home/leopardi/sync/src/penguian/glucat.13'
ln -sf INSTALL.md INSTALL
make[2]: Leaving directory '/home/leopardi/sync/src/penguian/glucat.13'
make[1]: Leaving directory '/home/leopardi/sync/src/penguian/glucat.13'
