
framed_multi<double>
Clifford algebra squaring test:
Fill: 0.5
Cl( 1, 0) in Cl( 1, 0) CPU =        0.026 ms (setup)        0.010 (*) 
Cl( 1, 1) in Cl( 1, 1) CPU =        0.001 ms (setup)        0.001 (*) 
Cl( 2, 1) in Cl( 2, 1) CPU =        0.002 ms (setup)        0.003 (*) 
Cl( 2, 2) in Cl( 2, 2) CPU =        0.002 ms (setup)        0.003 (*) 
Cl( 3, 2) in Cl( 3, 2) CPU =        0.002 ms (setup)        0.005 (*) 
Cl( 3, 3) in Cl( 3, 3) CPU =        0.006 ms (setup)        0.014 (*) 
Cl( 4, 3) in Cl( 4, 3) CPU =        0.008 ms (setup)        0.036 (*) 
Cl( 4, 4) in Cl( 4, 4) CPU =        0.014 ms (setup)        0.252 (*) 
Cl( 5, 4) in Cl( 5, 4) CPU =        0.029 ms (setup)        0.622 (*) 
Cl( 5, 5) in Cl( 5, 5) CPU =        0.059 ms (setup)        0.739 (*) 
Cl( 6, 5) in Cl( 6, 5) CPU =        0.118 ms (setup)        2.800 (*) 
Cl( 6, 6) in Cl( 6, 6) CPU =        0.236 ms (setup)        3.691 (*) 
Cl( 7, 6) in Cl( 7, 6) CPU =        0.492 ms (setup)       46.880 (*) 
Cl( 7, 7) in Cl( 7, 7) CPU =        0.985 ms (setup)       47.963 (*) 
Cl( 8, 7) in Cl( 8, 7) CPU =        2.247 ms (setup)       99.341 (*) 
Cl( 8, 8) in Cl( 8, 8) CPU =        4.163 ms (setup)      126.395 (*) 
Cl( 9, 8) in Cl( 9, 8) CPU =        9.225 ms (setup)      291.695 (*) 
Cl( 9, 9) in Cl( 9, 9) CPU =       17.049 ms (setup)      531.271 (*) 
Cl(10, 9) in Cl(10, 9) CPU =       35.496 ms (setup)     1937.307 (*) 
Cl(10,10) in Cl(10,10) CPU =       83.231 ms (setup)     2841.635 (*) 
Cl(11,10) in Cl(11,10) CPU =      186.675 ms (setup)    11780.970 (*) 
Cl(11,11) in Cl(11,11) CPU =      381.802 ms (setup)    17196.480 (*) 
Fill: 1
Cl( 1, 0) in Cl( 1, 0) CPU =        0.017 ms (setup)        0.006 (*) 
Cl( 1, 1) in Cl( 1, 1) CPU =        0.001 ms (setup)        0.004 (*) 
Cl( 2, 1) in Cl( 2, 1) CPU =        0.001 ms (setup)        0.003 (*) 
Cl( 2, 2) in Cl( 2, 2) CPU =        0.003 ms (setup)        0.004 (*) 
Cl( 3, 2) in Cl( 3, 2) CPU =        0.005 ms (setup)        0.009 (*) 
Cl( 3, 3) in Cl( 3, 3) CPU =        0.008 ms (setup)        0.024 (*) 
Cl( 4, 3) in Cl( 4, 3) CPU =        0.010 ms (setup)        0.071 (*) 
Cl( 4, 4) in Cl( 4, 4) CPU =        0.021 ms (setup)        4.941 (*) 
Cl( 5, 4) in Cl( 5, 4) CPU =        0.045 ms (setup)       11.097 (*) 
Cl( 5, 5) in Cl( 5, 5) CPU =        0.097 ms (setup)        0.915 (*) 
Cl( 6, 5) in Cl( 6, 5) CPU =        0.227 ms (setup)        3.176 (*) 
Cl( 6, 6) in Cl( 6, 6) CPU =        0.367 ms (setup)        4.672 (*) 
Cl( 7, 6) in Cl( 7, 6) CPU =        0.756 ms (setup)       46.298 (*) 
Cl( 7, 7) in Cl( 7, 7) CPU =        1.494 ms (setup)       56.367 (*) 
Cl( 8, 7) in Cl( 8, 7) CPU =        3.125 ms (setup)      112.253 (*) 
Cl( 8, 8) in Cl( 8, 8) CPU =        6.147 ms (setup)      155.644 (*) 
Cl( 9, 8) in Cl( 9, 8) CPU =       12.322 ms (setup)      380.875 (*) 
Cl( 9, 9) in Cl( 9, 9) CPU =       26.274 ms (setup)      717.902 (*) 
Cl(10, 9) in Cl(10, 9) CPU =       59.343 ms (setup)     2564.101 (*) 
Cl(10,10) in Cl(10,10) CPU =      156.399 ms (setup)     4268.940 (*) 
Cl(11,10) in Cl(11,10) CPU =      330.079 ms (setup)    16185.653 (*) 
Cl(11,11) in Cl(11,11) CPU =      677.065 ms (setup)    27059.630 (*) 

matrix_multi<double>
Clifford algebra squaring test:
Fill: 0.5
Cl( 1, 0) in Cl( 1, 0) CPU =        0.053 ms (setup)        0.003 (*) 
Cl( 1, 1) in Cl( 1, 1) CPU =        0.005 ms (setup)        0.001 (*) 
Cl( 2, 1) in Cl( 2, 1) CPU =        0.014 ms (setup)        0.002 (*) 
Cl( 2, 2) in Cl( 2, 2) CPU =        0.008 ms (setup)        0.001 (*) 
Cl( 3, 2) in Cl( 3, 2) CPU =        0.019 ms (setup)        0.005 (*) 
Cl( 3, 3) in Cl( 3, 3) CPU =        0.023 ms (setup)        0.001 (*) 
Cl( 4, 3) in Cl( 4, 3) CPU =        0.031 ms (setup)        0.001 (*) 
Cl( 4, 4) in Cl( 4, 4) CPU =        0.052 ms (setup)        0.001 (*) 
Cl( 5, 4) in Cl( 5, 4) CPU =        0.125 ms (setup)        0.002 (*) 
Cl( 5, 5) in Cl( 5, 5) CPU =        0.224 ms (setup)        0.003 (*) 
Cl( 6, 5) in Cl( 6, 5) CPU =        0.563 ms (setup)        0.011 (*) 
Cl( 6, 6) in Cl( 6, 6) CPU =        1.063 ms (setup)        0.011 (*) 
Cl( 7, 6) in Cl( 7, 6) CPU =        2.494 ms (setup)        0.096 (*) 
Cl( 7, 7) in Cl( 7, 7) CPU =       38.093 ms (setup)        0.059 (*) 
Cl( 8, 7) in Cl( 8, 7) CPU =       40.368 ms (setup)        0.222 (*) 
Cl( 8, 8) in Cl( 8, 8) CPU =       57.039 ms (setup)        0.226 (*) 
Cl( 9, 8) in Cl( 9, 8) CPU =       94.692 ms (setup)        3.243 (*) 
Cl( 9, 9) in Cl( 9, 9) CPU =      158.417 ms (setup)        7.522 (*) 
Cl(10, 9) in Cl(10, 9) CPU =      374.076 ms (setup)       50.973 (*) 
Cl(10,10) in Cl(10,10) CPU =      701.392 ms (setup)       61.947 (*) 
Cl(11,10) in Cl(11,10) CPU =     2019.296 ms (setup)      504.324 (*) 
Cl(11,11) in Cl(11,11) CPU =     3870.457 ms (setup)      498.692 (*) 
Fill: 1
Cl( 1, 0) in Cl( 1, 0) CPU =        0.021 ms (setup)        0.004 (*) 
Cl( 1, 1) in Cl( 1, 1) CPU =        0.012 ms (setup)        0.001 (*) 
Cl( 2, 1) in Cl( 2, 1) CPU =        0.008 ms (setup)        0.001 (*) 
Cl( 2, 2) in Cl( 2, 2) CPU =        0.015 ms (setup)        0.001 (*) 
Cl( 3, 2) in Cl( 3, 2) CPU =        0.011 ms (setup)        0.004 (*) 
Cl( 3, 3) in Cl( 3, 3) CPU =        0.016 ms (setup)        0.001 (*) 
Cl( 4, 3) in Cl( 4, 3) CPU =        0.042 ms (setup)        0.002 (*) 
Cl( 4, 4) in Cl( 4, 4) CPU =        0.071 ms (setup)        0.001 (*) 
Cl( 5, 4) in Cl( 5, 4) CPU =        0.176 ms (setup)        0.003 (*) 
Cl( 5, 5) in Cl( 5, 5) CPU =        0.328 ms (setup)        0.002 (*) 
Cl( 6, 5) in Cl( 6, 5) CPU =        0.820 ms (setup)        0.012 (*) 
Cl( 6, 6) in Cl( 6, 6) CPU =        1.597 ms (setup)        0.011 (*) 
Cl( 7, 6) in Cl( 7, 6) CPU =        3.967 ms (setup)        0.083 (*) 
Cl( 7, 7) in Cl( 7, 7) CPU =       40.930 ms (setup)        0.073 (*) 
Cl( 8, 7) in Cl( 8, 7) CPU =       53.860 ms (setup)        0.235 (*) 
Cl( 8, 8) in Cl( 8, 8) CPU =       71.323 ms (setup)        0.393 (*) 
Cl( 9, 8) in Cl( 9, 8) CPU =      139.163 ms (setup)        1.838 (*) 
Cl( 9, 9) in Cl( 9, 9) CPU =      251.812 ms (setup)        4.802 (*) 
Cl(10, 9) in Cl(10, 9) CPU =      668.638 ms (setup)       57.193 (*) 
Cl(10,10) in Cl(10,10) CPU =     1331.108 ms (setup)       56.202 (*) 
Cl(11,10) in Cl(11,10) CPU =     3925.792 ms (setup)      451.282 (*) 
Cl(11,11) in Cl(11,11) CPU =     7784.660 ms (setup)      397.447 (*) 
