
framed_multi<float,-4,4>
Clifford algebra expressions test:
Fill: 0.5
Cl( 1, 0) in Cl( 1, 0) CPU =        0.001 ms (setup)        0.003 (comm)        0.009 (pade)        0.002 (series)        0.001 (mix)        0.006 (add) 
Cl( 1, 1) in Cl( 1, 1) CPU =        0.001 ms (setup)        0.001 (comm)        0.005 (pade)        0.001 (series)        0.001 (mix)        0.001 (add) 
Cl( 2, 1) in Cl( 2, 1) CPU =        0.001 ms (setup)        0.004 (comm)        0.009 (pade)        0.004 (series)        0.001 (mix)        0.002 (add) 
Cl( 2, 2) in Cl( 2, 2) CPU =        0.002 ms (setup)        0.005 (comm)        0.009 (pade)        0.005 (series)        0.002 (mix)        0.002 (add) 
Cl( 3, 2) in Cl( 3, 2) CPU =        0.003 ms (setup)        0.011 (comm)        0.031 (pade)        2.500 (series)        0.004 (mix)        0.003 (add) 
Cl( 3, 3) in Cl( 3, 3) CPU =        0.006 ms (setup)        0.024 (comm)        0.036 (pade)        0.034 (series)        0.006 (mix)        0.005 (add) 
Cl( 4, 3) in Cl( 4, 3) CPU =        0.012 ms (setup)        0.057 (comm)        3.658 (pade)        0.100 (series)        0.016 (mix)        0.011 (add) 
Cl( 4, 4) in Cl( 4, 4) CPU =        0.025 ms (setup)        0.399 (comm)        0.182 (pade)        4.151 (series)        0.050 (mix)        0.030 (add) 
Cl( 1, 0) in Cl( 4, 4) CPU =        0.001 ms (setup)        0.001 (comm)        0.005 (pade)        0.002 (series)        0.001 (mix)        0.001 (add) 
Cl( 1, 1) in Cl( 4, 4) CPU =        0.001 ms (setup)        0.002 (comm)        0.005 (pade)        0.002 (series)        0.001 (mix)        0.001 (add) 
Cl( 2, 1) in Cl( 4, 4) CPU =        0.001 ms (setup)        0.004 (comm)        0.009 (pade)        0.004 (series)        0.001 (mix)        0.001 (add) 
Cl( 2, 2) in Cl( 4, 4) CPU =        0.002 ms (setup)        0.005 (comm)        0.009 (pade)        0.006 (series)        0.002 (mix)        0.002 (add) 
Cl( 3, 2) in Cl( 4, 4) CPU =        3.504 ms (setup)        0.010 (comm)        0.029 (pade)        0.015 (series)        0.003 (mix)        0.003 (add) 
Cl( 3, 3) in Cl( 4, 4) CPU =        0.007 ms (setup)        0.024 (comm)        0.038 (pade)        0.036 (series)        0.007 (mix)        0.006 (add) 
Cl( 4, 3) in Cl( 4, 4) CPU =        0.013 ms (setup)        0.051 (comm)        3.635 (pade)        0.089 (series)        0.014 (mix)        0.009 (add) 
Cl( 4, 4) in Cl( 4, 4) CPU =        0.025 ms (setup)        0.368 (comm)        0.168 (pade)        4.131 (series)        0.045 (mix)        0.021 (add) 
Fill: 1
Cl( 1, 0) in Cl( 1, 0) CPU =        0.001 ms (setup)        0.004 (comm)        0.006 (pade)        0.003 (series)        0.001 (mix)        0.004 (add) 
Cl( 1, 1) in Cl( 1, 1) CPU =        0.001 ms (setup)        0.003 (comm)        0.005 (pade)        0.003 (series)        0.001 (mix)        0.001 (add) 
Cl( 2, 1) in Cl( 2, 1) CPU =        0.001 ms (setup)        0.004 (comm)        0.009 (pade)        0.004 (series)        0.002 (mix)        0.001 (add) 
Cl( 2, 2) in Cl( 2, 2) CPU =        0.002 ms (setup)        0.007 (comm)        0.011 (pade)        0.007 (series)        0.003 (mix)        0.002 (add) 
Cl( 3, 2) in Cl( 3, 2) CPU =        0.004 ms (setup)        0.015 (comm)        3.537 (pade)        0.019 (series)        0.005 (mix)        0.004 (add) 
Cl( 3, 3) in Cl( 3, 3) CPU =        0.007 ms (setup)        0.040 (comm)        0.040 (pade)        0.056 (series)        0.011 (mix)        0.005 (add) 
Cl( 4, 3) in Cl( 4, 3) CPU =        0.015 ms (setup)        3.625 (comm)        0.137 (pade)        3.684 (series)        0.026 (mix)        0.011 (add) 
Cl( 4, 4) in Cl( 4, 4) CPU =        0.034 ms (setup)        3.933 (comm)        3.691 (pade)        7.727 (series)        0.072 (mix)        0.030 (add) 
Cl( 1, 0) in Cl( 4, 4) CPU =        0.001 ms (setup)        0.003 (comm)        0.005 (pade)        0.002 (series)        0.001 (mix)        0.002 (add) 
Cl( 1, 1) in Cl( 4, 4) CPU =        0.001 ms (setup)        0.003 (comm)        0.005 (pade)        0.003 (series)        0.001 (mix)        0.001 (add) 
Cl( 2, 1) in Cl( 4, 4) CPU =        0.001 ms (setup)        0.004 (comm)        0.009 (pade)        0.004 (series)        0.001 (mix)        0.001 (add) 
Cl( 2, 2) in Cl( 4, 4) CPU =        0.002 ms (setup)        0.006 (comm)        0.011 (pade)        3.513 (series)        0.003 (mix)        0.002 (add) 
Cl( 3, 2) in Cl( 4, 4) CPU =        0.004 ms (setup)        0.015 (comm)        0.030 (pade)        0.019 (series)        0.005 (mix)        0.003 (add) 
Cl( 3, 3) in Cl( 4, 4) CPU =        0.007 ms (setup)        0.040 (comm)        0.039 (pade)        0.054 (series)        0.011 (mix)        0.005 (add) 
Cl( 4, 3) in Cl( 4, 4) CPU =        0.015 ms (setup)        3.622 (comm)        0.137 (pade)        3.686 (series)        0.026 (mix)        0.011 (add) 
Cl( 4, 4) in Cl( 4, 4) CPU =        0.034 ms (setup)        3.934 (comm)        3.690 (pade)        4.211 (series)        0.070 (mix)        0.030 (add) 

matrix_multi<float,-4,4>
Clifford algebra expressions test:
Fill: 0.5
Cl( 1, 0) in Cl( 1, 0) CPU =        0.003 ms (setup)        0.006 (comm)        0.004 (pade)        0.004 (series)        0.003 (mix)        0.001 (add) 
Cl( 1, 1) in Cl( 1, 1) CPU =        0.002 ms (setup)        0.006 (comm)        0.003 (pade)        0.001 (series)        3.509 (mix)        0.001 (add) 
Cl( 2, 1) in Cl( 2, 1) CPU =        0.002 ms (setup)        0.024 (comm)        0.004 (pade)        0.002 (series)        0.022 (mix)        0.001 (add) 
Cl( 2, 2) in Cl( 2, 2) CPU =        0.002 ms (setup)        0.033 (comm)        0.003 (pade)        0.001 (series)        0.031 (mix)        0.000 (add) 
Cl( 3, 2) in Cl( 3, 2) CPU =        0.013 ms (setup)        0.119 (comm)        0.005 (pade)        0.003 (series)        0.115 (mix)        0.001 (add) 
Cl( 3, 3) in Cl( 3, 3) CPU =        0.020 ms (setup)        3.692 (comm)        0.005 (pade)        0.002 (series)        0.177 (mix)        0.001 (add) 
Cl( 4, 3) in Cl( 4, 3) CPU =        0.050 ms (setup)        7.883 (comm)        0.008 (pade)        0.003 (series)        7.861 (mix)        0.001 (add) 
Cl( 4, 4) in Cl( 4, 4) CPU =        0.093 ms (setup)        1.321 (comm)        0.008 (pade)        0.003 (series)       11.834 (mix)        0.001 (add) 
Cl( 1, 0) in Cl( 4, 4) CPU =        0.003 ms (setup)        0.023 (comm)        0.005 (pade)        0.003 (series)        0.021 (mix)        0.001 (add) 
Cl( 1, 1) in Cl( 4, 4) CPU =        0.003 ms (setup)        0.030 (comm)        0.007 (pade)        0.003 (series)        0.028 (mix)        0.001 (add) 
Cl( 2, 1) in Cl( 4, 4) CPU =        0.007 ms (setup)        0.065 (comm)        0.007 (pade)        0.003 (series)        0.062 (mix)        0.001 (add) 
Cl( 2, 2) in Cl( 4, 4) CPU =        0.011 ms (setup)        0.076 (comm)        0.007 (pade)        0.003 (series)        0.075 (mix)        0.001 (add) 
Cl( 3, 2) in Cl( 4, 4) CPU =        0.044 ms (setup)        0.208 (comm)        0.007 (pade)        0.003 (series)        0.209 (mix)        0.001 (add) 
Cl( 3, 3) in Cl( 4, 4) CPU =        0.069 ms (setup)        0.293 (comm)        0.007 (pade)        0.002 (series)        3.787 (mix)        0.001 (add) 
Cl( 4, 3) in Cl( 4, 4) CPU =        3.679 ms (setup)        7.844 (comm)        0.008 (pade)        0.003 (series)        7.814 (mix)        0.001 (add) 
Cl( 4, 4) in Cl( 4, 4) CPU =        0.093 ms (setup)        1.347 (comm)        0.008 (pade)        0.003 (series)       11.841 (mix)        0.001 (add) 
Fill: 1
Cl( 1, 0) in Cl( 1, 0) CPU =        0.001 ms (setup)        0.011 (comm)        0.004 (pade)        0.004 (series)        0.005 (mix)        0.002 (add) 
Cl( 1, 1) in Cl( 1, 1) CPU =        0.002 ms (setup)        0.009 (comm)        0.003 (pade)        0.001 (series)        0.008 (mix)        0.001 (add) 
Cl( 2, 1) in Cl( 2, 1) CPU =        0.003 ms (setup)        0.029 (comm)        0.004 (pade)        0.001 (series)        0.028 (mix)        0.001 (add) 
Cl( 2, 2) in Cl( 2, 2) CPU =        0.005 ms (setup)        0.042 (comm)        0.004 (pade)        0.002 (series)        0.041 (mix)        0.001 (add) 
Cl( 3, 2) in Cl( 3, 2) CPU =        0.013 ms (setup)        0.152 (comm)        0.005 (pade)        0.003 (series)        0.149 (mix)        0.001 (add) 
Cl( 3, 3) in Cl( 3, 3) CPU =        0.022 ms (setup)        3.726 (comm)        0.005 (pade)        0.002 (series)        0.220 (mix)        0.001 (add) 
Cl( 4, 3) in Cl( 4, 3) CPU =        0.060 ms (setup)        4.479 (comm)        0.009 (pade)        0.003 (series)        7.989 (mix)        0.001 (add) 
Cl( 4, 4) in Cl( 4, 4) CPU =        0.117 ms (setup)        1.456 (comm)        0.008 (pade)        0.003 (series)       16.244 (mix)        0.001 (add) 
Cl( 1, 0) in Cl( 4, 4) CPU =        0.003 ms (setup)        2.859 (comm)        0.007 (pade)        0.003 (series)        0.040 (mix)        0.001 (add) 
Cl( 1, 1) in Cl( 4, 4) CPU =        0.004 ms (setup)        0.054 (comm)        0.007 (pade)        0.003 (series)        0.053 (mix)        0.001 (add) 
Cl( 2, 1) in Cl( 4, 4) CPU =        0.008 ms (setup)        0.076 (comm)        0.007 (pade)        0.002 (series)        2.184 (mix)        0.001 (add) 
Cl( 2, 2) in Cl( 4, 4) CPU =        0.019 ms (setup)        0.107 (comm)        0.007 (pade)        0.003 (series)        0.104 (mix)        0.001 (add) 
Cl( 3, 2) in Cl( 4, 4) CPU =        3.561 ms (setup)        0.220 (comm)        0.007 (pade)        0.003 (series)        3.436 (mix)        0.001 (add) 
Cl( 3, 3) in Cl( 4, 4) CPU =        0.077 ms (setup)        0.336 (comm)        0.008 (pade)        0.003 (series)        0.331 (mix)        0.001 (add) 
Cl( 4, 3) in Cl( 4, 4) CPU =        0.213 ms (setup)        7.774 (comm)        0.009 (pade)        0.003 (series)        7.532 (mix)        0.001 (add) 
Cl( 4, 4) in Cl( 4, 4) CPU =        3.622 ms (setup)        1.493 (comm)        0.009 (pade)        0.003 (series)       11.986 (mix)        0.001 (add) 

framed_multi<double>
Clifford algebra expressions test:
Fill: 0.5
Cl( 1, 0) in Cl( 1, 0) CPU =        0.001 ms (setup)        0.313 (comm)        0.009 (pade)        0.004 (series)        0.001 (mix)        0.002 (add) 
Cl( 1, 1) in Cl( 1, 1) CPU =        0.001 ms (setup)        0.001 (comm)        0.005 (pade)        0.001 (series)        0.001 (mix)        0.001 (add) 
Cl( 2, 1) in Cl( 2, 1) CPU =        0.001 ms (setup)        0.005 (comm)        0.009 (pade)        0.004 (series)        0.002 (mix)        0.001 (add) 
Cl( 2, 2) in Cl( 2, 2) CPU =        0.002 ms (setup)        0.005 (comm)        0.009 (pade)        0.007 (series)        0.002 (mix)        0.001 (add) 
Cl( 3, 2) in Cl( 3, 2) CPU =        0.003 ms (setup)        0.013 (comm)        0.030 (pade)        0.012 (series)        0.004 (mix)        0.002 (add) 
Cl( 3, 3) in Cl( 3, 3) CPU =        0.008 ms (setup)        0.030 (comm)        0.036 (pade)        0.048 (series)        0.008 (mix)        0.002 (add) 
Cl( 4, 3) in Cl( 4, 3) CPU =        0.014 ms (setup)        0.083 (comm)        3.630 (pade)        0.141 (series)        0.022 (mix)        0.005 (add) 
Cl( 4, 4) in Cl( 4, 4) CPU =        0.028 ms (setup)        3.894 (comm)        0.162 (pade)        4.104 (series)        0.066 (mix)        0.007 (add) 
Cl( 5, 4) in Cl( 5, 4) CPU =        0.056 ms (setup)        3.560 (comm)        2.857 (pade)        8.167 (series)        0.262 (mix)        0.026 (add) 
Cl( 5, 5) in Cl( 5, 5) CPU =        0.120 ms (setup)        2.308 (comm)        6.009 (pade)        7.614 (series)        0.740 (mix)        0.030 (add) 
Cl( 6, 5) in Cl( 6, 5) CPU =        0.250 ms (setup)        7.244 (comm)       23.969 (pade)       10.962 (series)        2.058 (mix)        0.091 (add) 
Cl( 6, 6) in Cl( 6, 6) CPU =        0.498 ms (setup)       13.088 (comm)       31.639 (pade)       15.288 (series)        5.972 (mix)        0.115 (add) 
Cl( 7, 6) in Cl( 7, 6) CPU =        1.000 ms (setup)      105.297 (comm)       46.307 (pade)      180.425 (series)       17.369 (mix)        0.226 (add) 
Cl( 7, 7) in Cl( 7, 7) CPU =        1.955 ms (setup)      150.691 (comm)       52.212 (pade)      199.584 (series)       51.763 (mix)        0.484 (add) 
Cl( 8, 7) in Cl( 8, 7) CPU =        4.027 ms (setup)      342.984 (comm)      104.248 (pade)      395.643 (series)      154.292 (mix)        1.024 (add) 
Cl( 8, 8) in Cl( 8, 8) CPU =        8.265 ms (setup)      703.224 (comm)      135.166 (pade)      513.032 (series)      465.978 (mix)        2.257 (add) 
Cl( 1, 0) in Cl( 8, 8) CPU =        0.002 ms (setup)        0.002 (comm)        0.004 (pade)        0.004 (series)        0.001 (mix)        0.001 (add) 
Cl( 1, 1) in Cl( 8, 8) CPU =        0.001 ms (setup)        0.001 (comm)        0.005 (pade)        0.001 (series)        0.000 (mix)        0.001 (add) 
Cl( 2, 1) in Cl( 8, 8) CPU =        0.001 ms (setup)        0.005 (comm)        0.009 (pade)        0.003 (series)        0.001 (mix)        0.001 (add) 
Cl( 2, 2) in Cl( 8, 8) CPU =        0.002 ms (setup)        0.006 (comm)        0.009 (pade)        0.006 (series)        0.002 (mix)        0.001 (add) 
Cl( 3, 2) in Cl( 8, 8) CPU =        0.003 ms (setup)        0.009 (comm)        0.022 (pade)        0.009 (series)        0.003 (mix)        0.001 (add) 
Cl( 3, 3) in Cl( 8, 8) CPU =        0.007 ms (setup)        2.037 (comm)        0.036 (pade)        0.044 (series)        0.008 (mix)        0.003 (add) 
Cl( 4, 3) in Cl( 8, 8) CPU =        0.013 ms (setup)        0.083 (comm)        3.649 (pade)        0.291 (series)        0.019 (mix)        0.005 (add) 
Cl( 4, 4) in Cl( 8, 8) CPU =        0.057 ms (setup)        3.562 (comm)        0.162 (pade)        3.913 (series)        0.066 (mix)        0.007 (add) 
Cl( 5, 4) in Cl( 8, 8) CPU =        0.057 ms (setup)        4.476 (comm)        5.738 (pade)        8.489 (series)        0.254 (mix)        0.013 (add) 
Cl( 5, 5) in Cl( 8, 8) CPU =        0.117 ms (setup)        2.212 (comm)        4.326 (pade)        5.420 (series)        0.720 (mix)        0.025 (add) 
Cl( 6, 5) in Cl( 8, 8) CPU =        0.242 ms (setup)        7.290 (comm)       20.271 (pade)       10.779 (series)        2.054 (mix)        0.050 (add) 
Cl( 6, 6) in Cl( 8, 8) CPU =        0.475 ms (setup)       12.885 (comm)       31.960 (pade)       15.162 (series)        5.910 (mix)        0.104 (add) 
Cl( 7, 6) in Cl( 8, 8) CPU =        0.976 ms (setup)      105.618 (comm)       45.791 (pade)      181.106 (series)       17.585 (mix)        0.234 (add) 
Cl( 7, 7) in Cl( 8, 8) CPU =        1.964 ms (setup)      152.864 (comm)       51.012 (pade)      200.393 (series)       52.188 (mix)        0.482 (add) 
Cl( 8, 7) in Cl( 8, 8) CPU =        4.051 ms (setup)      344.896 (comm)      102.992 (pade)      400.783 (series)      155.627 (mix)        1.053 (add) 
Cl( 8, 8) in Cl( 8, 8) CPU =        8.287 ms (setup)      700.955 (comm)      133.037 (pade)      513.885 (series)      465.168 (mix)        2.287 (add) 
Fill: 1
Cl( 1, 0) in Cl( 1, 0) CPU =        0.001 ms (setup)        0.003 (comm)        0.007 (pade)        0.005 (series)        0.002 (mix)        0.001 (add) 
Cl( 1, 1) in Cl( 1, 1) CPU =        0.002 ms (setup)        0.003 (comm)        0.005 (pade)        0.003 (series)        0.001 (mix)        0.001 (add) 
Cl( 2, 1) in Cl( 2, 1) CPU =        0.002 ms (setup)        0.004 (comm)        0.009 (pade)        0.005 (series)        0.002 (mix)        0.001 (add) 
Cl( 2, 2) in Cl( 2, 2) CPU =        0.003 ms (setup)        0.007 (comm)        0.010 (pade)        0.009 (series)        0.003 (mix)        0.001 (add) 
Cl( 3, 2) in Cl( 3, 2) CPU =        0.005 ms (setup)        0.018 (comm)        1.913 (pade)        0.025 (series)        0.006 (mix)        0.002 (add) 
Cl( 3, 3) in Cl( 3, 3) CPU =        0.009 ms (setup)        0.052 (comm)        0.038 (pade)        0.075 (series)        0.012 (mix)        0.003 (add) 
Cl( 4, 3) in Cl( 4, 3) CPU =        0.018 ms (setup)        3.702 (comm)        0.129 (pade)        0.257 (series)        0.035 (mix)        0.005 (add) 
Cl( 4, 4) in Cl( 4, 4) CPU =        0.034 ms (setup)        3.953 (comm)        0.181 (pade)        4.187 (series)        3.594 (mix)        0.009 (add) 
Cl( 5, 4) in Cl( 5, 4) CPU =        0.072 ms (setup)        1.502 (comm)        3.022 (pade)        9.743 (series)        0.259 (mix)        0.017 (add) 
Cl( 5, 5) in Cl( 5, 5) CPU =        0.163 ms (setup)        2.523 (comm)        6.883 (pade)        4.413 (series)        0.709 (mix)        0.034 (add) 
Cl( 6, 5) in Cl( 6, 5) CPU =        0.348 ms (setup)        8.236 (comm)       24.133 (pade)       12.287 (series)        1.938 (mix)        0.065 (add) 
Cl( 6, 6) in Cl( 6, 6) CPU =        0.710 ms (setup)       14.526 (comm)       34.264 (pade)       18.073 (series)        5.401 (mix)        0.133 (add) 
Cl( 7, 6) in Cl( 7, 6) CPU =        1.451 ms (setup)      109.447 (comm)       48.414 (pade)      187.896 (series)       15.536 (mix)        0.291 (add) 
Cl( 7, 7) in Cl( 7, 7) CPU =        2.914 ms (setup)      154.644 (comm)       55.324 (pade)      217.207 (series)       44.643 (mix)        0.568 (add) 
Cl( 8, 7) in Cl( 8, 7) CPU =        6.240 ms (setup)      349.276 (comm)      117.663 (pade)      439.504 (series)      131.145 (mix)        1.249 (add) 
Cl( 8, 8) in Cl( 8, 8) CPU =       12.534 ms (setup)      693.454 (comm)      162.399 (pade)      609.514 (series)      391.645 (mix)        4.280 (add) 
Cl( 1, 0) in Cl( 8, 8) CPU =        0.001 ms (setup)        0.004 (comm)        0.007 (pade)        0.005 (series)        0.002 (mix)        0.001 (add) 
Cl( 1, 1) in Cl( 8, 8) CPU =        0.001 ms (setup)        0.003 (comm)        0.005 (pade)        0.003 (series)        0.001 (mix)        0.001 (add) 
Cl( 2, 1) in Cl( 8, 8) CPU =        0.002 ms (setup)        0.004 (comm)        0.009 (pade)        0.004 (series)        0.002 (mix)        0.001 (add) 
Cl( 2, 2) in Cl( 8, 8) CPU =        0.003 ms (setup)        0.007 (comm)        0.010 (pade)        0.009 (series)        0.003 (mix)        0.001 (add) 
Cl( 3, 2) in Cl( 8, 8) CPU =        0.005 ms (setup)        0.019 (comm)        0.030 (pade)        0.025 (series)        0.006 (mix)        0.002 (add) 
Cl( 3, 3) in Cl( 8, 8) CPU =        0.009 ms (setup)        0.052 (comm)        3.432 (pade)        0.075 (series)        0.013 (mix)        0.003 (add) 
Cl( 4, 3) in Cl( 8, 8) CPU =        0.017 ms (setup)        0.171 (comm)        0.130 (pade)        3.795 (series)        0.033 (mix)        0.005 (add) 
Cl( 4, 4) in Cl( 8, 8) CPU =        0.034 ms (setup)        3.945 (comm)        3.683 (pade)        7.686 (series)        0.092 (mix)        0.011 (add) 
Cl( 5, 4) in Cl( 8, 8) CPU =        0.072 ms (setup)        1.484 (comm)        4.133 (pade)        9.812 (series)        0.251 (mix)        0.017 (add) 
Cl( 5, 5) in Cl( 8, 8) CPU =        0.150 ms (setup)        2.474 (comm)        4.410 (pade)        6.090 (series)        0.689 (mix)        0.033 (add) 
Cl( 6, 5) in Cl( 8, 8) CPU =        0.345 ms (setup)        8.009 (comm)       27.688 (pade)       12.144 (series)        1.960 (mix)        0.068 (add) 
Cl( 6, 6) in Cl( 8, 8) CPU =        0.732 ms (setup)       14.792 (comm)       37.806 (pade)       17.938 (series)        5.340 (mix)        0.132 (add) 
Cl( 7, 6) in Cl( 8, 8) CPU =        1.440 ms (setup)      108.569 (comm)       47.817 (pade)      192.154 (series)       15.707 (mix)        0.279 (add) 
Cl( 7, 7) in Cl( 8, 8) CPU =        2.938 ms (setup)      153.936 (comm)       55.410 (pade)      218.130 (series)       44.269 (mix)        0.553 (add) 
Cl( 8, 7) in Cl( 8, 8) CPU =        6.227 ms (setup)      345.788 (comm)      116.269 (pade)      441.175 (series)      130.442 (mix)        1.242 (add) 
Cl( 8, 8) in Cl( 8, 8) CPU =       12.415 ms (setup)      696.978 (comm)      164.116 (pade)      611.433 (series)      398.104 (mix)        4.103 (add) 

matrix_multi<double>
Clifford algebra expressions test:
Fill: 0.5
Cl( 1, 0) in Cl( 1, 0) CPU =        0.005 ms (setup)        0.009 (comm)        0.004 (pade)        0.002 (series)        0.003 (mix)        0.001 (add) 
Cl( 1, 1) in Cl( 1, 1) CPU =        0.007 ms (setup)        0.003 (comm)        0.004 (pade)        0.001 (series)        0.003 (mix)        0.000 (add) 
Cl( 2, 1) in Cl( 2, 1) CPU =        0.003 ms (setup)        0.021 (comm)        0.004 (pade)        0.001 (series)        0.020 (mix)        0.001 (add) 
Cl( 2, 2) in Cl( 2, 2) CPU =        0.003 ms (setup)        0.035 (comm)        0.004 (pade)        0.001 (series)        0.030 (mix)        0.001 (add) 
Cl( 3, 2) in Cl( 3, 2) CPU =        0.015 ms (setup)        0.103 (comm)        0.005 (pade)        0.002 (series)        0.098 (mix)        0.001 (add) 
Cl( 3, 3) in Cl( 3, 3) CPU =        0.019 ms (setup)        0.171 (comm)        0.005 (pade)        0.002 (series)        3.666 (mix)        0.001 (add) 
Cl( 4, 3) in Cl( 4, 3) CPU =        0.051 ms (setup)        4.357 (comm)        0.009 (pade)        0.005 (series)        7.835 (mix)        0.001 (add) 
Cl( 4, 4) in Cl( 4, 4) CPU =        0.098 ms (setup)        1.256 (comm)        0.010 (pade)        0.005 (series)        8.245 (mix)        0.001 (add) 
Cl( 5, 4) in Cl( 5, 4) CPU =        3.748 ms (setup)        4.921 (comm)        0.018 (pade)        0.010 (series)        4.917 (mix)        0.002 (add) 
Cl( 5, 5) in Cl( 5, 5) CPU =        0.442 ms (setup)        7.159 (comm)        0.021 (pade)        0.010 (series)        7.147 (mix)        0.002 (add) 
Cl( 6, 5) in Cl( 6, 5) CPU =        1.041 ms (setup)       27.218 (comm)        0.052 (pade)        0.050 (series)       28.041 (mix)        0.006 (add) 
Cl( 6, 6) in Cl( 6, 6) CPU =        2.066 ms (setup)       38.090 (comm)        0.052 (pade)        0.049 (series)       38.099 (mix)        0.006 (add) 
Cl( 7, 6) in Cl( 7, 6) CPU =        4.809 ms (setup)      281.774 (comm)        0.221 (pade)        3.429 (series)      247.876 (mix)        0.034 (add) 
Cl( 7, 7) in Cl( 7, 7) CPU =        9.545 ms (setup)      347.344 (comm)        0.218 (pade)        0.197 (series)      308.721 (mix)        0.024 (add) 
Cl( 8, 7) in Cl( 8, 7) CPU =       26.666 ms (setup)     1433.314 (comm)        8.019 (pade)        7.939 (series)     1364.884 (mix)        0.090 (add) 
Cl( 8, 8) in Cl( 8, 8) CPU =       54.554 ms (setup)     1541.725 (comm)        8.020 (pade)        7.901 (series)     1508.212 (mix)        0.229 (add) 
Cl( 1, 0) in Cl( 8, 8) CPU =        0.015 ms (setup)       49.603 (comm)        0.606 (pade)        7.884 (series)       15.730 (mix)        0.141 (add) 
Cl( 1, 1) in Cl( 8, 8) CPU =        0.026 ms (setup)       72.138 (comm)        1.040 (pade)        4.399 (series)       56.962 (mix)        0.104 (add) 
Cl( 2, 1) in Cl( 8, 8) CPU =        0.056 ms (setup)      118.008 (comm)        1.153 (pade)        7.865 (series)      107.596 (mix)        0.122 (add) 
Cl( 2, 2) in Cl( 8, 8) CPU =        0.115 ms (setup)      148.742 (comm)        1.162 (pade)        7.829 (series)      129.890 (mix)        0.105 (add) 
Cl( 3, 2) in Cl( 8, 8) CPU =        1.400 ms (setup)      177.465 (comm)        1.415 (pade)        8.006 (series)      156.388 (mix)        0.103 (add) 
Cl( 3, 3) in Cl( 8, 8) CPU =        0.698 ms (setup)      212.224 (comm)        2.269 (pade)       11.685 (series)      184.063 (mix)        0.095 (add) 
Cl( 4, 3) in Cl( 8, 8) CPU =        3.086 ms (setup)      230.480 (comm)        1.679 (pade)        7.848 (series)      194.978 (mix)        0.093 (add) 
Cl( 4, 4) in Cl( 8, 8) CPU =        1.038 ms (setup)      270.643 (comm)        1.610 (pade)        7.826 (series)      227.713 (mix)        0.101 (add) 
Cl( 5, 4) in Cl( 8, 8) CPU =        3.785 ms (setup)      319.788 (comm)        1.984 (pade)        4.358 (series)      278.646 (mix)        0.093 (add) 
Cl( 5, 5) in Cl( 8, 8) CPU =        2.347 ms (setup)      350.629 (comm)        1.899 (pade)        7.838 (series)      333.010 (mix)        0.096 (add) 
Cl( 6, 5) in Cl( 8, 8) CPU =        5.692 ms (setup)      431.652 (comm)        8.016 (pade)        7.918 (series)      394.543 (mix)        0.104 (add) 
Cl( 6, 6) in Cl( 8, 8) CPU =        8.387 ms (setup)      462.657 (comm)        8.005 (pade)        4.355 (series)      424.998 (mix)        0.119 (add) 
Cl( 7, 6) in Cl( 8, 8) CPU =       20.430 ms (setup)      608.150 (comm)        8.057 (pade)        7.895 (series)      568.605 (mix)        0.093 (add) 
Cl( 7, 7) in Cl( 8, 8) CPU =       36.261 ms (setup)      731.441 (comm)        7.991 (pade)        4.389 (series)      688.200 (mix)        0.103 (add) 
Cl( 8, 7) in Cl( 8, 8) CPU =       90.811 ms (setup)     1266.389 (comm)        8.022 (pade)        7.877 (series)     1230.430 (mix)        0.136 (add) 
Cl( 8, 8) in Cl( 8, 8) CPU =       50.034 ms (setup)     1522.572 (comm)        8.192 (pade)        7.897 (series)     1454.034 (mix)        0.267 (add) 
Fill: 1
Cl( 1, 0) in Cl( 1, 0) CPU =        0.002 ms (setup)        0.009 (comm)        0.005 (pade)        0.003 (series)        0.005 (mix)        0.001 (add) 
Cl( 1, 1) in Cl( 1, 1) CPU =        0.001 ms (setup)        0.007 (comm)        0.003 (pade)        0.001 (series)        0.007 (mix)        0.001 (add) 
Cl( 2, 1) in Cl( 2, 1) CPU =        0.002 ms (setup)        0.026 (comm)        0.004 (pade)        0.001 (series)        0.026 (mix)        0.001 (add) 
Cl( 2, 2) in Cl( 2, 2) CPU =        0.005 ms (setup)        0.039 (comm)        0.004 (pade)        0.001 (series)        0.037 (mix)        0.001 (add) 
Cl( 3, 2) in Cl( 3, 2) CPU =        0.013 ms (setup)        0.139 (comm)        0.007 (pade)        0.002 (series)        0.133 (mix)        0.001 (add) 
Cl( 3, 3) in Cl( 3, 3) CPU =        0.023 ms (setup)        3.716 (comm)        0.005 (pade)        0.002 (series)        0.213 (mix)        0.001 (add) 
Cl( 4, 3) in Cl( 4, 3) CPU =        3.567 ms (setup)        4.449 (comm)        0.013 (pade)        0.005 (series)        4.455 (mix)        0.001 (add) 
Cl( 4, 4) in Cl( 4, 4) CPU =        0.119 ms (setup)        1.435 (comm)        0.011 (pade)        0.004 (series)        8.395 (mix)        0.002 (add) 
Cl( 5, 4) in Cl( 5, 4) CPU =        0.299 ms (setup)        5.385 (comm)        0.018 (pade)        0.011 (series)        5.420 (mix)        0.002 (add) 
Cl( 5, 5) in Cl( 5, 5) CPU =        0.598 ms (setup)        7.815 (comm)        0.137 (pade)        0.011 (series)        7.790 (mix)        0.002 (add) 
Cl( 6, 5) in Cl( 6, 5) CPU =        1.510 ms (setup)       29.399 (comm)        0.052 (pade)        0.050 (series)       29.349 (mix)        0.007 (add) 
Cl( 6, 6) in Cl( 6, 6) CPU =        3.069 ms (setup)       42.426 (comm)        0.053 (pade)        0.056 (series)       40.995 (mix)        0.007 (add) 
Cl( 7, 6) in Cl( 7, 6) CPU =        7.446 ms (setup)      339.394 (comm)        0.222 (pade)        3.248 (series)      295.790 (mix)        0.023 (add) 
Cl( 7, 7) in Cl( 7, 7) CPU =       15.041 ms (setup)      357.505 (comm)        0.225 (pade)        3.387 (series)      325.900 (mix)        0.021 (add) 
Cl( 8, 7) in Cl( 8, 7) CPU =       42.995 ms (setup)     1464.089 (comm)        8.053 (pade)        4.366 (series)     1393.578 (mix)        0.264 (add) 
Cl( 8, 8) in Cl( 8, 8) CPU =       85.543 ms (setup)     1652.674 (comm)        7.950 (pade)        8.060 (series)     1609.767 (mix)        0.093 (add) 
Cl( 1, 0) in Cl( 8, 8) CPU =        0.024 ms (setup)       98.365 (comm)        1.054 (pade)        7.932 (series)       86.522 (mix)        2.163 (add) 
Cl( 1, 1) in Cl( 8, 8) CPU =        0.041 ms (setup)      114.273 (comm)        1.050 (pade)        7.867 (series)      103.308 (mix)        2.027 (add) 
Cl( 2, 1) in Cl( 8, 8) CPU =        0.089 ms (setup)      137.269 (comm)        1.157 (pade)        7.906 (series)      119.405 (mix)        4.019 (add) 
Cl( 2, 2) in Cl( 8, 8) CPU =        2.908 ms (setup)      160.107 (comm)        1.244 (pade)        4.354 (series)      137.404 (mix)        0.760 (add) 
Cl( 3, 2) in Cl( 8, 8) CPU =        2.963 ms (setup)      183.066 (comm)        1.460 (pade)        7.832 (series)      163.786 (mix)        0.121 (add) 
Cl( 3, 3) in Cl( 8, 8) CPU =        2.985 ms (setup)      226.439 (comm)        1.393 (pade)        7.824 (series)      194.674 (mix)        0.098 (add) 
Cl( 4, 3) in Cl( 8, 8) CPU =        3.155 ms (setup)      270.646 (comm)        1.726 (pade)        7.841 (series)      236.668 (mix)        0.095 (add) 
Cl( 4, 4) in Cl( 8, 8) CPU =        3.351 ms (setup)      307.225 (comm)        1.698 (pade)        7.825 (series)      273.413 (mix)        0.093 (add) 
Cl( 5, 4) in Cl( 8, 8) CPU =        2.636 ms (setup)      358.879 (comm)        1.909 (pade)        4.271 (series)      321.171 (mix)        0.101 (add) 
Cl( 5, 5) in Cl( 8, 8) CPU =        2.744 ms (setup)      393.284 (comm)        1.909 (pade)        7.906 (series)      359.192 (mix)        0.095 (add) 
Cl( 6, 5) in Cl( 8, 8) CPU =        7.082 ms (setup)      457.861 (comm)        8.158 (pade)        8.252 (series)      430.839 (mix)        0.102 (add) 
Cl( 6, 6) in Cl( 8, 8) CPU =       13.277 ms (setup)      511.961 (comm)        7.986 (pade)        7.908 (series)      484.471 (mix)        0.099 (add) 
Cl( 7, 6) in Cl( 8, 8) CPU =       26.822 ms (setup)      680.412 (comm)        8.052 (pade)       11.924 (series)      641.555 (mix)        0.106 (add) 
Cl( 7, 7) in Cl( 8, 8) CPU =       52.310 ms (setup)      788.897 (comm)        8.036 (pade)       11.872 (series)      742.005 (mix)        0.092 (add) 
Cl( 8, 7) in Cl( 8, 8) CPU =      122.705 ms (setup)     1330.224 (comm)        8.023 (pade)        7.909 (series)     1288.773 (mix)        0.110 (add) 
Cl( 8, 8) in Cl( 8, 8) CPU =       84.383 ms (setup)     1656.360 (comm)        7.975 (pade)        7.976 (series)     1610.853 (mix)        0.093 (add) 
