
framed_multi<float,-4,4>
Clifford algebra products test:
Fill: 0.5
Cl( 1, 0) in Cl( 1, 0) CPU =        0.002 ms (setup)        0.001 (*)        0.003 (^)        0.001 (&)        0.001 (%) 
Cl( 1, 1) in Cl( 1, 1) CPU =        0.001 ms (setup)        0.001 (*)        0.001 (^)        0.001 (&)        0.001 (%) 
Cl( 2, 1) in Cl( 2, 1) CPU =        0.001 ms (setup)        0.002 (*)        0.002 (^)        0.001 (&)        0.001 (%) 
Cl( 2, 2) in Cl( 2, 2) CPU =        0.001 ms (setup)        0.002 (*)        0.002 (^)        0.001 (&)        0.001 (%) 
Cl( 3, 2) in Cl( 3, 2) CPU =        0.002 ms (setup)        0.005 (*)        0.003 (^)        0.002 (&)        0.002 (%) 
Cl( 3, 3) in Cl( 3, 3) CPU =        0.003 ms (setup)        0.008 (*)        0.005 (^)        0.003 (&)        0.003 (%) 
Cl( 4, 3) in Cl( 4, 3) CPU =        0.007 ms (setup)        0.022 (*)        0.013 (^)        0.008 (&)        0.006 (%) 
Cl( 4, 4) in Cl( 4, 4) CPU =        0.015 ms (setup)        0.147 (*)        0.036 (^)        0.021 (&)        0.015 (%) 
Cl( 1, 0) in Cl( 4, 4) CPU =        0.001 ms (setup)        0.000 (*)        0.001 (^)        0.001 (&)        0.001 (%) 
Cl( 1, 1) in Cl( 4, 4) CPU =        0.001 ms (setup)        0.001 (*)        0.001 (^)        0.001 (&)        0.001 (%) 
Cl( 2, 1) in Cl( 4, 4) CPU =        0.001 ms (setup)        0.002 (*)        0.001 (^)        0.001 (&)        0.001 (%) 
Cl( 2, 2) in Cl( 4, 4) CPU =        0.001 ms (setup)        0.001 (*)        0.001 (^)        0.001 (&)        0.001 (%) 
Cl( 3, 2) in Cl( 4, 4) CPU =        0.002 ms (setup)        0.004 (*)        0.003 (^)        0.002 (&)        0.002 (%) 
Cl( 3, 3) in Cl( 4, 4) CPU =        0.004 ms (setup)        0.007 (*)        0.005 (^)        0.003 (&)        0.003 (%) 
Cl( 4, 3) in Cl( 4, 4) CPU =        0.007 ms (setup)        0.021 (*)        0.013 (^)        0.009 (&)        0.007 (%) 
Cl( 4, 4) in Cl( 4, 4) CPU =        0.013 ms (setup)        0.149 (*)        0.034 (^)        0.022 (&)        0.015 (%) 
Fill: 1
Cl( 1, 0) in Cl( 1, 0) CPU =        0.002 ms (setup)        0.001 (*)        0.004 (^)        0.001 (&)        0.001 (%) 
Cl( 1, 1) in Cl( 1, 1) CPU =        0.001 ms (setup)        0.001 (*)        0.001 (^)        0.001 (&)        0.001 (%) 
Cl( 2, 1) in Cl( 2, 1) CPU =        0.001 ms (setup)        0.002 (*)        0.001 (^)        0.001 (&)        0.001 (%) 
Cl( 2, 2) in Cl( 2, 2) CPU =        0.001 ms (setup)        0.002 (*)        0.002 (^)        0.002 (&)        0.002 (%) 
Cl( 3, 2) in Cl( 3, 2) CPU =        0.002 ms (setup)        0.005 (*)        0.003 (^)        0.003 (&)        0.003 (%) 
Cl( 3, 3) in Cl( 3, 3) CPU =        0.004 ms (setup)        0.014 (*)        0.005 (^)        0.005 (&)        0.005 (%) 
Cl( 4, 3) in Cl( 4, 3) CPU =        0.009 ms (setup)        0.044 (*)        0.011 (^)        0.014 (&)        0.011 (%) 
Cl( 4, 4) in Cl( 4, 4) CPU =        0.021 ms (setup)        0.177 (*)        0.027 (^)        0.039 (&)        0.026 (%) 
Cl( 1, 0) in Cl( 4, 4) CPU =        0.001 ms (setup)        0.001 (*)        0.001 (^)        0.001 (&)        0.001 (%) 
Cl( 1, 1) in Cl( 4, 4) CPU =        0.001 ms (setup)        0.001 (*)        0.001 (^)        0.001 (&)        0.001 (%) 
Cl( 2, 1) in Cl( 4, 4) CPU =        0.001 ms (setup)        0.001 (*)        0.001 (^)        0.001 (&)        0.001 (%) 
Cl( 2, 2) in Cl( 4, 4) CPU =        0.001 ms (setup)        0.002 (*)        0.002 (^)        0.001 (&)        0.001 (%) 
Cl( 3, 2) in Cl( 4, 4) CPU =        0.002 ms (setup)        0.005 (*)        0.005 (^)        0.004 (&)        0.003 (%) 
Cl( 3, 3) in Cl( 4, 4) CPU =        0.005 ms (setup)        0.014 (*)        0.005 (^)        0.005 (&)        0.005 (%) 
Cl( 4, 3) in Cl( 4, 4) CPU =        0.009 ms (setup)        0.044 (*)        0.011 (^)        0.015 (&)        0.010 (%) 
Cl( 4, 4) in Cl( 4, 4) CPU =        0.018 ms (setup)        0.180 (*)        0.026 (^)        0.040 (&)        0.026 (%) 

matrix_multi<float,-4,4>
Clifford algebra products test:
Fill: 0.5
Cl( 1, 0) in Cl( 1, 0) CPU =        0.015 ms (setup)        0.002 (*)        0.004 (^)        0.003 (&)        0.003 (%) 
Cl( 1, 1) in Cl( 1, 1) CPU =        0.002 ms (setup)        0.001 (*)        0.002 (^)        0.002 (&)        0.002 (%) 
Cl( 2, 1) in Cl( 2, 1) CPU =        0.001 ms (setup)        0.000 (*)        0.004 (^)        0.007 (&)        0.007 (%) 
Cl( 2, 2) in Cl( 2, 2) CPU =        0.004 ms (setup)        0.001 (*)        0.017 (^)        0.011 (&)        0.015 (%) 
Cl( 3, 2) in Cl( 3, 2) CPU =        0.006 ms (setup)        0.001 (*)        0.070 (^)        0.052 (&)        0.059 (%) 
Cl( 3, 3) in Cl( 3, 3) CPU =        0.010 ms (setup)        0.001 (*)        0.085 (^)        0.089 (&)        0.084 (%) 
Cl( 4, 3) in Cl( 4, 3) CPU =        0.024 ms (setup)        0.001 (*)        0.390 (^)        0.370 (&)        0.386 (%) 
Cl( 4, 4) in Cl( 4, 4) CPU =        0.049 ms (setup)        0.001 (*)        0.643 (^)        0.645 (&)        0.669 (%) 
Cl( 1, 0) in Cl( 4, 4) CPU =        0.001 ms (setup)        0.001 (*)        0.004 (^)        0.004 (&)        0.003 (%) 
Cl( 1, 1) in Cl( 4, 4) CPU =        0.005 ms (setup)        0.001 (*)        0.029 (^)        0.018 (&)        0.026 (%) 
Cl( 2, 1) in Cl( 4, 4) CPU =        0.005 ms (setup)        0.001 (*)        0.034 (^)        0.023 (&)        0.028 (%) 
Cl( 2, 2) in Cl( 4, 4) CPU =        0.011 ms (setup)        0.001 (*)        0.056 (^)        0.037 (&)        0.044 (%) 
Cl( 3, 2) in Cl( 4, 4) CPU =        0.025 ms (setup)        0.001 (*)        0.073 (^)        0.066 (&)        0.067 (%) 
Cl( 3, 3) in Cl( 4, 4) CPU =        0.035 ms (setup)        0.001 (*)        0.138 (^)        0.116 (&)        0.122 (%) 
Cl( 4, 3) in Cl( 4, 4) CPU =        0.087 ms (setup)        0.001 (*)        0.412 (^)        0.401 (&)        0.407 (%) 
Cl( 4, 4) in Cl( 4, 4) CPU =        0.048 ms (setup)        0.001 (*)        0.625 (^)        0.655 (&)        0.668 (%) 
Fill: 1
Cl( 1, 0) in Cl( 1, 0) CPU =        0.001 ms (setup)        0.002 (*)        0.004 (^)        0.003 (&)        0.003 (%) 
Cl( 1, 1) in Cl( 1, 1) CPU =        0.001 ms (setup)        0.001 (*)        0.005 (^)        0.003 (&)        0.004 (%) 
Cl( 2, 1) in Cl( 2, 1) CPU =        0.001 ms (setup)        0.001 (*)        0.013 (^)        0.012 (&)        0.013 (%) 
Cl( 2, 2) in Cl( 2, 2) CPU =        0.003 ms (setup)        0.000 (*)        0.021 (^)        0.017 (&)        0.020 (%) 
Cl( 3, 2) in Cl( 3, 2) CPU =        0.007 ms (setup)        0.001 (*)        0.070 (^)        0.075 (&)        0.073 (%) 
Cl( 3, 3) in Cl( 3, 3) CPU =        0.012 ms (setup)        0.001 (*)        0.110 (^)        0.110 (&)        0.111 (%) 
Cl( 4, 3) in Cl( 4, 3) CPU =        0.032 ms (setup)        0.001 (*)        0.476 (^)        0.486 (&)        0.490 (%) 
Cl( 4, 4) in Cl( 4, 4) CPU =        0.067 ms (setup)        0.001 (*)        0.728 (^)        0.720 (&)        0.734 (%) 
Cl( 1, 0) in Cl( 4, 4) CPU =        0.003 ms (setup)        0.001 (*)        0.024 (^)        0.017 (&)        0.021 (%) 
Cl( 1, 1) in Cl( 4, 4) CPU =        0.003 ms (setup)        0.001 (*)        0.033 (^)        0.018 (&)        0.025 (%) 
Cl( 2, 1) in Cl( 4, 4) CPU =        0.005 ms (setup)        0.001 (*)        0.043 (^)        0.030 (&)        0.035 (%) 
Cl( 2, 2) in Cl( 4, 4) CPU =        0.010 ms (setup)        0.001 (*)        0.058 (^)        0.038 (&)        0.052 (%) 
Cl( 3, 2) in Cl( 4, 4) CPU =        0.024 ms (setup)        0.001 (*)        0.127 (^)        0.088 (&)        0.101 (%) 
Cl( 3, 3) in Cl( 4, 4) CPU =        0.041 ms (setup)        0.001 (*)        0.178 (^)        0.151 (&)        0.153 (%) 
Cl( 4, 3) in Cl( 4, 4) CPU =        0.114 ms (setup)        0.001 (*)        0.536 (^)        0.490 (&)        0.487 (%) 
Cl( 4, 4) in Cl( 4, 4) CPU =        0.063 ms (setup)        0.001 (*)        0.730 (^)        0.726 (&)        0.738 (%) 

framed_multi<double>
Clifford algebra products test:
Fill: 0.5
Cl( 1, 0) in Cl( 1, 0) CPU =        0.001 ms (setup)        0.001 (*)        0.001 (^)        0.001 (&)        0.005 (%) 
Cl( 1, 1) in Cl( 1, 1) CPU =        0.001 ms (setup)        0.001 (*)        0.001 (^)        0.001 (&)        0.001 (%) 
Cl( 2, 1) in Cl( 2, 1) CPU =        0.001 ms (setup)        0.002 (*)        0.001 (^)        0.001 (&)        0.002 (%) 
Cl( 2, 2) in Cl( 2, 2) CPU =        0.001 ms (setup)        0.002 (*)        0.002 (^)        0.002 (&)        0.002 (%) 
Cl( 3, 2) in Cl( 3, 2) CPU =        0.002 ms (setup)        0.004 (*)        0.002 (^)        0.003 (&)        0.003 (%) 
Cl( 3, 3) in Cl( 3, 3) CPU =        0.004 ms (setup)        0.010 (*)        0.005 (^)        0.005 (&)        0.006 (%) 
Cl( 4, 3) in Cl( 4, 3) CPU =        0.007 ms (setup)        0.028 (*)        0.012 (^)        0.012 (&)        0.013 (%) 
Cl( 4, 4) in Cl( 4, 4) CPU =        0.015 ms (setup)        0.141 (*)        0.032 (^)        0.030 (&)        0.031 (%) 
Cl( 5, 4) in Cl( 5, 4) CPU =        0.026 ms (setup)        0.525 (*)        0.123 (^)        0.105 (&)        0.085 (%) 
Cl( 5, 5) in Cl( 5, 5) CPU =        0.053 ms (setup)        0.730 (*)        0.429 (^)        0.288 (&)        0.203 (%) 
Cl( 6, 5) in Cl( 6, 5) CPU =        0.108 ms (setup)        2.755 (*)        1.244 (^)        0.888 (&)        0.570 (%) 
Cl( 6, 6) in Cl( 6, 6) CPU =        0.224 ms (setup)        3.691 (*)        3.546 (^)        2.598 (&)        1.489 (%) 
Cl( 7, 6) in Cl( 7, 6) CPU =        0.474 ms (setup)       43.938 (*)       10.690 (^)        8.078 (&)        4.572 (%) 
Cl( 7, 7) in Cl( 7, 7) CPU =        0.963 ms (setup)       49.584 (*)       32.191 (^)       24.082 (&)       12.800 (%) 
Cl( 8, 7) in Cl( 8, 7) CPU =        1.972 ms (setup)       96.151 (*)       93.573 (^)       70.721 (&)       37.836 (%) 
Cl( 8, 8) in Cl( 8, 8) CPU =        3.957 ms (setup)      119.889 (*)      276.136 (^)      215.936 (&)      113.341 (%) 
Cl( 1, 0) in Cl( 8, 8) CPU =        0.002 ms (setup)        0.001 (*)        0.001 (^)        0.001 (&)        0.001 (%) 
Cl( 1, 1) in Cl( 8, 8) CPU =        0.001 ms (setup)        0.001 (*)        0.000 (^)        0.001 (&)        0.001 (%) 
Cl( 2, 1) in Cl( 8, 8) CPU =        0.001 ms (setup)        0.001 (*)        0.000 (^)        0.001 (&)        0.001 (%) 
Cl( 2, 2) in Cl( 8, 8) CPU =        0.001 ms (setup)        0.002 (*)        0.001 (^)        0.001 (&)        0.002 (%) 
Cl( 3, 2) in Cl( 8, 8) CPU =        0.002 ms (setup)        0.004 (*)        0.003 (^)        0.002 (&)        0.003 (%) 
Cl( 3, 3) in Cl( 8, 8) CPU =        0.003 ms (setup)        0.009 (*)        0.005 (^)        0.004 (&)        0.005 (%) 
Cl( 4, 3) in Cl( 8, 8) CPU =        0.007 ms (setup)        0.030 (*)        0.011 (^)        0.009 (&)        0.013 (%) 
Cl( 4, 4) in Cl( 8, 8) CPU =        0.014 ms (setup)        0.145 (*)        0.035 (^)        0.036 (&)        0.034 (%) 
Cl( 5, 4) in Cl( 8, 8) CPU =        0.026 ms (setup)        0.530 (*)        0.127 (^)        0.105 (&)        0.079 (%) 
Cl( 5, 5) in Cl( 8, 8) CPU =        0.054 ms (setup)        0.706 (*)        0.443 (^)        0.313 (&)        0.200 (%) 
Cl( 6, 5) in Cl( 8, 8) CPU =        0.111 ms (setup)        2.647 (*)        1.248 (^)        0.923 (&)        0.552 (%) 
Cl( 6, 6) in Cl( 8, 8) CPU =        0.221 ms (setup)        3.527 (*)        3.575 (^)        2.530 (&)        1.453 (%) 
Cl( 7, 6) in Cl( 8, 8) CPU =        0.445 ms (setup)       44.074 (*)       10.395 (^)        7.877 (&)        4.266 (%) 
Cl( 7, 7) in Cl( 8, 8) CPU =        0.970 ms (setup)       48.274 (*)       30.878 (^)       23.542 (&)       12.690 (%) 
Cl( 8, 7) in Cl( 8, 8) CPU =        1.927 ms (setup)       96.181 (*)       91.780 (^)       70.689 (&)       37.538 (%) 
Cl( 8, 8) in Cl( 8, 8) CPU =        3.932 ms (setup)      128.133 (*)      273.988 (^)      216.988 (&)      112.216 (%) 
Fill: 1
Cl( 1, 0) in Cl( 1, 0) CPU =        0.001 ms (setup)        0.001 (*)        0.001 (^)        0.001 (&)        0.005 (%) 
Cl( 1, 1) in Cl( 1, 1) CPU =        0.001 ms (setup)        0.001 (*)        0.001 (^)        0.001 (&)        0.001 (%) 
Cl( 2, 1) in Cl( 2, 1) CPU =        0.001 ms (setup)        0.002 (*)        0.001 (^)        0.001 (&)        0.001 (%) 
Cl( 2, 2) in Cl( 2, 2) CPU =        0.002 ms (setup)        0.003 (*)        0.002 (^)        0.002 (&)        0.002 (%) 
Cl( 3, 2) in Cl( 3, 2) CPU =        0.003 ms (setup)        0.007 (*)        0.003 (^)        0.003 (&)        0.004 (%) 
Cl( 3, 3) in Cl( 3, 3) CPU =        0.005 ms (setup)        0.021 (*)        0.007 (^)        0.007 (&)        0.007 (%) 
Cl( 4, 3) in Cl( 4, 3) CPU =        0.010 ms (setup)        0.078 (*)        0.014 (^)        0.019 (&)        0.018 (%) 
Cl( 4, 4) in Cl( 4, 4) CPU =        0.018 ms (setup)        0.173 (*)        0.037 (^)        0.051 (&)        0.044 (%) 
Cl( 5, 4) in Cl( 5, 4) CPU =        0.038 ms (setup)        0.589 (*)        0.088 (^)        0.141 (&)        0.106 (%) 
Cl( 5, 5) in Cl( 5, 5) CPU =        0.080 ms (setup)        0.879 (*)        0.255 (^)        0.396 (&)        0.277 (%) 
Cl( 6, 5) in Cl( 6, 5) CPU =        0.163 ms (setup)        3.081 (*)        0.724 (^)        1.198 (&)        0.744 (%) 
Cl( 6, 6) in Cl( 6, 6) CPU =        0.323 ms (setup)        4.498 (*)        1.957 (^)        3.394 (&)        2.006 (%) 
Cl( 7, 6) in Cl( 7, 6) CPU =        0.680 ms (setup)       48.248 (*)        5.427 (^)       10.768 (&)        5.698 (%) 
Cl( 7, 7) in Cl( 7, 7) CPU =        1.494 ms (setup)       54.925 (*)       15.133 (^)       28.926 (&)       15.928 (%) 
Cl( 8, 7) in Cl( 8, 7) CPU =        2.921 ms (setup)      114.186 (*)       43.842 (^)       85.535 (&)       47.139 (%) 
Cl( 8, 8) in Cl( 8, 8) CPU =        6.108 ms (setup)      154.038 (*)      128.014 (^)      256.187 (&)      134.663 (%) 
Cl( 1, 0) in Cl( 8, 8) CPU =        0.002 ms (setup)        0.002 (*)        0.001 (^)        0.001 (&)        0.001 (%) 
Cl( 1, 1) in Cl( 8, 8) CPU =        0.001 ms (setup)        0.001 (*)        0.001 (^)        0.001 (&)        0.001 (%) 
Cl( 2, 1) in Cl( 8, 8) CPU =        0.001 ms (setup)        0.001 (*)        0.001 (^)        0.001 (&)        0.002 (%) 
Cl( 2, 2) in Cl( 8, 8) CPU =        0.001 ms (setup)        0.003 (*)        0.002 (^)        0.002 (&)        0.002 (%) 
Cl( 3, 2) in Cl( 8, 8) CPU =        0.003 ms (setup)        0.007 (*)        0.003 (^)        0.003 (&)        0.004 (%) 
Cl( 3, 3) in Cl( 8, 8) CPU =        0.005 ms (setup)        0.022 (*)        0.005 (^)        0.007 (&)        0.008 (%) 
Cl( 4, 3) in Cl( 8, 8) CPU =        0.010 ms (setup)        0.071 (*)        0.015 (^)        0.019 (&)        0.018 (%) 
Cl( 4, 4) in Cl( 8, 8) CPU =        0.018 ms (setup)        0.176 (*)        0.036 (^)        0.051 (&)        0.043 (%) 
Cl( 5, 4) in Cl( 8, 8) CPU =        0.038 ms (setup)        0.615 (*)        0.091 (^)        0.145 (&)        0.105 (%) 
Cl( 5, 5) in Cl( 8, 8) CPU =        0.079 ms (setup)        0.886 (*)        0.265 (^)        0.410 (&)        0.281 (%) 
Cl( 6, 5) in Cl( 8, 8) CPU =        0.165 ms (setup)        3.098 (*)        0.726 (^)        1.185 (&)        0.740 (%) 
Cl( 6, 6) in Cl( 8, 8) CPU =        0.329 ms (setup)        4.588 (*)        1.959 (^)        3.373 (&)        1.986 (%) 
Cl( 7, 6) in Cl( 8, 8) CPU =        0.668 ms (setup)       47.002 (*)        5.367 (^)        9.724 (&)        5.524 (%) 
Cl( 7, 7) in Cl( 8, 8) CPU =        1.421 ms (setup)       53.916 (*)       15.104 (^)       28.410 (&)       15.665 (%) 
Cl( 8, 7) in Cl( 8, 8) CPU =        2.896 ms (setup)      112.871 (*)       43.230 (^)       86.026 (&)       45.273 (%) 
Cl( 8, 8) in Cl( 8, 8) CPU =        5.878 ms (setup)      156.174 (*)      128.110 (^)      254.109 (&)      134.915 (%) 

matrix_multi<double>
Clifford algebra products test:
Fill: 0.5
Cl( 1, 0) in Cl( 1, 0) CPU =        0.007 ms (setup)        0.002 (*)        0.004 (^)        0.003 (&)        0.003 (%) 
Cl( 1, 1) in Cl( 1, 1) CPU =        0.004 ms (setup)        0.000 (*)        0.002 (^)        0.002 (&)        0.002 (%) 
Cl( 2, 1) in Cl( 2, 1) CPU =        0.003 ms (setup)        0.000 (*)        0.013 (^)        0.009 (&)        0.011 (%) 
Cl( 2, 2) in Cl( 2, 2) CPU =        0.005 ms (setup)        0.000 (*)        0.009 (^)        0.011 (&)        0.017 (%) 
Cl( 3, 2) in Cl( 3, 2) CPU =        0.013 ms (setup)        0.001 (*)        0.048 (^)        0.051 (&)        0.058 (%) 
Cl( 3, 3) in Cl( 3, 3) CPU =        0.011 ms (setup)        0.001 (*)        0.070 (^)        0.083 (&)        0.079 (%) 
Cl( 4, 3) in Cl( 4, 3) CPU =        0.026 ms (setup)        0.001 (*)        0.377 (^)        0.393 (&)        0.408 (%) 
Cl( 4, 4) in Cl( 4, 4) CPU =        0.049 ms (setup)        0.001 (*)        0.580 (^)        0.575 (&)        0.597 (%) 
Cl( 5, 4) in Cl( 5, 4) CPU =        0.111 ms (setup)        0.002 (*)        2.280 (^)        2.477 (&)        2.430 (%) 
Cl( 5, 5) in Cl( 5, 5) CPU =        0.220 ms (setup)        0.002 (*)        3.579 (^)        3.579 (&)        3.595 (%) 
Cl( 6, 5) in Cl( 6, 5) CPU =        0.519 ms (setup)        0.011 (*)       12.732 (^)       13.540 (&)       13.261 (%) 
Cl( 6, 6) in Cl( 6, 6) CPU =        1.005 ms (setup)        0.011 (*)       18.717 (^)       19.023 (&)       19.768 (%) 
Cl( 7, 6) in Cl( 7, 6) CPU =        2.430 ms (setup)        0.035 (*)      118.960 (^)      131.781 (&)      119.201 (%) 
Cl( 7, 7) in Cl( 7, 7) CPU =        4.729 ms (setup)        0.032 (*)      140.464 (^)      162.888 (&)      146.112 (%) 
Cl( 8, 7) in Cl( 8, 7) CPU =       13.223 ms (setup)        0.248 (*)      553.998 (^)      648.628 (&)      557.390 (%) 
Cl( 8, 8) in Cl( 8, 8) CPU =       25.011 ms (setup)        0.246 (*)      701.101 (^)      814.688 (&)      706.789 (%) 
Cl( 1, 0) in Cl( 8, 8) CPU =        0.025 ms (setup)        0.264 (*)       31.211 (^)       31.569 (&)       27.988 (%) 
Cl( 1, 1) in Cl( 8, 8) CPU =        0.033 ms (setup)        0.261 (*)       45.142 (^)       28.190 (&)       36.054 (%) 
Cl( 2, 1) in Cl( 8, 8) CPU =        0.043 ms (setup)        0.261 (*)       45.505 (^)       35.703 (&)       42.324 (%) 
Cl( 2, 2) in Cl( 8, 8) CPU =        3.602 ms (setup)        1.951 (*)       55.983 (^)       45.673 (&)       47.722 (%) 
Cl( 3, 2) in Cl( 8, 8) CPU =        1.116 ms (setup)        0.179 (*)       68.047 (^)       53.081 (&)       56.778 (%) 
Cl( 3, 3) in Cl( 8, 8) CPU =        0.396 ms (setup)        0.895 (*)       85.443 (^)       72.300 (&)       69.102 (%) 
Cl( 4, 3) in Cl( 8, 8) CPU =        0.454 ms (setup)        1.841 (*)      101.002 (^)      108.733 (&)       78.398 (%) 
Cl( 4, 4) in Cl( 8, 8) CPU =        0.537 ms (setup)        0.902 (*)      120.666 (^)      101.695 (&)       92.546 (%) 
Cl( 5, 4) in Cl( 8, 8) CPU =        0.806 ms (setup)        0.185 (*)      146.114 (^)      123.782 (&)      104.228 (%) 
Cl( 5, 5) in Cl( 8, 8) CPU =        2.031 ms (setup)        0.252 (*)      181.143 (^)      162.703 (&)      131.693 (%) 
Cl( 6, 5) in Cl( 8, 8) CPU =        4.171 ms (setup)        1.619 (*)      201.071 (^)      175.111 (&)      144.411 (%) 
Cl( 6, 6) in Cl( 8, 8) CPU =        4.352 ms (setup)        1.556 (*)      229.153 (^)      227.944 (&)      174.827 (%) 
Cl( 7, 6) in Cl( 8, 8) CPU =       11.349 ms (setup)        0.186 (*)      272.579 (^)      307.793 (&)      227.531 (%) 
Cl( 7, 7) in Cl( 8, 8) CPU =       18.169 ms (setup)        0.182 (*)      341.239 (^)      374.334 (&)      302.687 (%) 
Cl( 8, 7) in Cl( 8, 8) CPU =       45.851 ms (setup)        1.018 (*)      560.505 (^)      618.907 (&)      523.461 (%) 
Cl( 8, 8) in Cl( 8, 8) CPU =       26.102 ms (setup)        0.179 (*)      672.274 (^)      811.969 (&)      682.082 (%) 
Fill: 1
Cl( 1, 0) in Cl( 1, 0) CPU =        0.003 ms (setup)        0.001 (*)        0.004 (^)        0.003 (&)        0.004 (%) 
Cl( 1, 1) in Cl( 1, 1) CPU =        0.002 ms (setup)        0.001 (*)        0.004 (^)        0.003 (&)        0.004 (%) 
Cl( 2, 1) in Cl( 2, 1) CPU =        0.002 ms (setup)        0.001 (*)        0.015 (^)        0.012 (&)        0.013 (%) 
Cl( 2, 2) in Cl( 2, 2) CPU =        0.004 ms (setup)        0.001 (*)        0.019 (^)        0.016 (&)        0.019 (%) 
Cl( 3, 2) in Cl( 3, 2) CPU =        0.007 ms (setup)        0.001 (*)        0.066 (^)        0.066 (&)        0.070 (%) 
Cl( 3, 3) in Cl( 3, 3) CPU =        0.011 ms (setup)        0.001 (*)        0.106 (^)        0.097 (&)        0.107 (%) 
Cl( 4, 3) in Cl( 4, 3) CPU =        0.033 ms (setup)        0.001 (*)        0.462 (^)        0.474 (&)        0.482 (%) 
Cl( 4, 4) in Cl( 4, 4) CPU =        0.063 ms (setup)        0.001 (*)        0.697 (^)        0.688 (&)        0.714 (%) 
Cl( 5, 4) in Cl( 5, 4) CPU =        0.154 ms (setup)        0.002 (*)        2.656 (^)        2.694 (&)        2.663 (%) 
Cl( 5, 5) in Cl( 5, 5) CPU =        0.307 ms (setup)        0.003 (*)        3.830 (^)        3.861 (&)        3.877 (%) 
Cl( 6, 5) in Cl( 6, 5) CPU =        0.768 ms (setup)        0.011 (*)       14.303 (^)       14.710 (&)       14.392 (%) 
Cl( 6, 6) in Cl( 6, 6) CPU =        1.505 ms (setup)        0.010 (*)       20.968 (^)       20.416 (&)       19.870 (%) 
Cl( 7, 6) in Cl( 7, 6) CPU =        3.734 ms (setup)        0.033 (*)      124.021 (^)      136.014 (&)      122.344 (%) 
Cl( 7, 7) in Cl( 7, 7) CPU =        7.511 ms (setup)        0.032 (*)      156.069 (^)      167.137 (&)      153.732 (%) 
Cl( 8, 7) in Cl( 8, 7) CPU =       21.402 ms (setup)        1.056 (*)      577.507 (^)      663.545 (&)      579.009 (%) 
Cl( 8, 8) in Cl( 8, 8) CPU =       41.873 ms (setup)        0.191 (*)      734.089 (^)      840.208 (&)      734.308 (%) 
Cl( 1, 0) in Cl( 8, 8) CPU =        0.076 ms (setup)        0.275 (*)       35.988 (^)       31.608 (&)       35.942 (%) 
Cl( 1, 1) in Cl( 8, 8) CPU =        0.036 ms (setup)        0.244 (*)       46.572 (^)       34.812 (&)       43.082 (%) 
Cl( 2, 1) in Cl( 8, 8) CPU =        0.061 ms (setup)        0.252 (*)       59.397 (^)       42.803 (&)       48.225 (%) 
Cl( 2, 2) in Cl( 8, 8) CPU =        1.137 ms (setup)        1.788 (*)       68.224 (^)       53.779 (&)       53.106 (%) 
Cl( 3, 2) in Cl( 8, 8) CPU =        0.407 ms (setup)        0.182 (*)       81.606 (^)       65.903 (&)       64.177 (%) 
Cl( 3, 3) in Cl( 8, 8) CPU =        0.540 ms (setup)        0.252 (*)      100.417 (^)       83.740 (&)       78.879 (%) 
Cl( 4, 3) in Cl( 8, 8) CPU =        0.491 ms (setup)        1.876 (*)      121.633 (^)      103.642 (&)       92.737 (%) 
Cl( 4, 4) in Cl( 8, 8) CPU =        0.603 ms (setup)        1.239 (*)      141.922 (^)      119.392 (&)      102.040 (%) 
Cl( 5, 4) in Cl( 8, 8) CPU =        1.659 ms (setup)        1.959 (*)      164.205 (^)      146.738 (&)      115.970 (%) 
Cl( 5, 5) in Cl( 8, 8) CPU =        2.957 ms (setup)        1.379 (*)      183.407 (^)      164.021 (&)      132.391 (%) 
Cl( 6, 5) in Cl( 8, 8) CPU =        3.143 ms (setup)        0.183 (*)      214.083 (^)      199.183 (&)      158.297 (%) 
Cl( 6, 6) in Cl( 8, 8) CPU =        7.072 ms (setup)        0.183 (*)      233.923 (^)      243.306 (&)      180.049 (%) 
Cl( 7, 6) in Cl( 8, 8) CPU =       13.091 ms (setup)        1.625 (*)      315.296 (^)      320.584 (&)      252.042 (%) 
Cl( 7, 7) in Cl( 8, 8) CPU =       28.034 ms (setup)        0.176 (*)      348.147 (^)      379.912 (&)      303.096 (%) 
Cl( 8, 7) in Cl( 8, 8) CPU =       61.157 ms (setup)        1.767 (*)      621.746 (^)      667.312 (&)      576.822 (%) 
Cl( 8, 8) in Cl( 8, 8) CPU =       43.310 ms (setup)        1.792 (*)      743.950 (^)      846.575 (&)      734.770 (%) 
