
framed_multi<float,-4,4>
Clifford algebra expressions test:
Fill: 0.5
Cl( 1, 0) in Cl( 1, 0) CPU =        0.002 ms (setup)        0.007 (comm)        0.015 (pade)        0.007 (series)        0.002 (mix)        0.005 (add) 
Cl( 1, 1) in Cl( 1, 1) CPU =        0.002 ms (setup)        0.003 (comm)        0.011 (pade)        0.002 (series)        0.001 (mix)        0.003 (add) 
Cl( 2, 1) in Cl( 2, 1) CPU =        0.002 ms (setup)        0.010 (comm)        0.024 (pade)        0.011 (series)        0.003 (mix)        0.004 (add) 
Cl( 2, 2) in Cl( 2, 2) CPU =        0.005 ms (setup)        0.015 (comm)        0.058 (pade)        0.021 (series)        0.005 (mix)        0.004 (add) 
Cl( 3, 2) in Cl( 3, 2) CPU =        0.005 ms (setup)        0.036 (comm)        0.096 (pade)        0.031 (series)        0.011 (mix)        0.006 (add) 
Cl( 3, 3) in Cl( 3, 3) CPU =        0.013 ms (setup)        0.108 (comm)        0.120 (pade)        0.132 (series)        0.052 (mix)        0.009 (add) 
Cl( 4, 3) in Cl( 4, 3) CPU =        0.026 ms (setup)        0.198 (comm)        0.428 (pade)        0.409 (series)        0.065 (mix)        0.019 (add) 
Cl( 4, 4) in Cl( 4, 4) CPU =        0.054 ms (setup)        1.262 (comm)        0.569 (pade)        2.188 (series)        0.180 (mix)        0.041 (add) 
Cl( 1, 0) in Cl( 4, 4) CPU =        0.001 ms (setup)        0.002 (comm)        0.013 (pade)        0.005 (series)        0.001 (mix)        0.002 (add) 
Cl( 1, 1) in Cl( 4, 4) CPU =        0.001 ms (setup)        0.004 (comm)        0.011 (pade)        0.006 (series)        0.002 (mix)        0.003 (add) 
Cl( 2, 1) in Cl( 4, 4) CPU =        0.002 ms (setup)        0.011 (comm)        0.027 (pade)        0.013 (series)        0.004 (mix)        0.003 (add) 
Cl( 2, 2) in Cl( 4, 4) CPU =        0.005 ms (setup)        0.017 (comm)        0.029 (pade)        0.021 (series)        0.005 (mix)        0.004 (add) 
Cl( 3, 2) in Cl( 4, 4) CPU =        0.007 ms (setup)        0.037 (comm)        0.097 (pade)        0.052 (series)        0.011 (mix)        0.007 (add) 
Cl( 3, 3) in Cl( 4, 4) CPU =        0.013 ms (setup)        0.082 (comm)        0.127 (pade)        0.128 (series)        0.026 (mix)        0.012 (add) 
Cl( 4, 3) in Cl( 4, 4) CPU =        0.025 ms (setup)        0.207 (comm)        0.445 (pade)        0.394 (series)        0.058 (mix)        0.018 (add) 
Cl( 4, 4) in Cl( 4, 4) CPU =        0.062 ms (setup)        1.150 (comm)        0.554 (pade)        2.081 (series)        0.174 (mix)        0.039 (add) 
Fill: 1
Cl( 1, 0) in Cl( 1, 0) CPU =        0.002 ms (setup)        0.006 (comm)        0.011 (pade)        0.010 (series)        0.002 (mix)        0.005 (add) 
Cl( 1, 1) in Cl( 1, 1) CPU =        0.002 ms (setup)        0.009 (comm)        0.011 (pade)        0.009 (series)        0.003 (mix)        0.004 (add) 
Cl( 2, 1) in Cl( 2, 1) CPU =        0.002 ms (setup)        0.011 (comm)        0.027 (pade)        0.013 (series)        0.004 (mix)        0.004 (add) 
Cl( 2, 2) in Cl( 2, 2) CPU =        0.004 ms (setup)        0.022 (comm)        0.037 (pade)        0.026 (series)        0.007 (mix)        0.005 (add) 
Cl( 3, 2) in Cl( 3, 2) CPU =        0.009 ms (setup)        0.052 (comm)        0.099 (pade)        0.067 (series)        0.015 (mix)        0.007 (add) 
Cl( 3, 3) in Cl( 3, 3) CPU =        0.019 ms (setup)        0.140 (comm)        0.132 (pade)        0.202 (series)        0.036 (mix)        0.013 (add) 
Cl( 4, 3) in Cl( 4, 3) CPU =        0.040 ms (setup)        0.420 (comm)        0.436 (pade)        0.661 (series)        0.090 (mix)        0.030 (add) 
Cl( 4, 4) in Cl( 4, 4) CPU =        0.085 ms (setup)        1.419 (comm)        0.627 (pade)        2.369 (series)        0.232 (mix)        0.074 (add) 
Cl( 1, 0) in Cl( 4, 4) CPU =        0.002 ms (setup)        0.005 (comm)        0.011 (pade)        0.007 (series)        0.002 (mix)        0.004 (add) 
Cl( 1, 1) in Cl( 4, 4) CPU =        0.002 ms (setup)        0.008 (comm)        0.013 (pade)        0.011 (series)        0.003 (mix)        0.003 (add) 
Cl( 2, 1) in Cl( 4, 4) CPU =        0.003 ms (setup)        0.011 (comm)        0.028 (pade)        0.013 (series)        0.004 (mix)        0.004 (add) 
Cl( 2, 2) in Cl( 4, 4) CPU =        0.006 ms (setup)        0.022 (comm)        0.037 (pade)        0.026 (series)        0.007 (mix)        0.005 (add) 
Cl( 3, 2) in Cl( 4, 4) CPU =        0.009 ms (setup)        0.057 (comm)        0.098 (pade)        0.067 (series)        0.015 (mix)        0.007 (add) 
Cl( 3, 3) in Cl( 4, 4) CPU =        0.019 ms (setup)        0.142 (comm)        0.129 (pade)        0.203 (series)        0.036 (mix)        0.013 (add) 
Cl( 4, 3) in Cl( 4, 4) CPU =        0.039 ms (setup)        0.426 (comm)        0.432 (pade)        0.659 (series)        0.090 (mix)        0.030 (add) 
Cl( 4, 4) in Cl( 4, 4) CPU =        0.088 ms (setup)        1.421 (comm)        0.617 (pade)        2.345 (series)        0.232 (mix)        0.071 (add) 

matrix_multi<float,-4,4>
Clifford algebra expressions test:
Fill: 0.5
Cl( 1, 0) in Cl( 1, 0) CPU =        0.002 ms (setup)        0.015 (comm)        0.009 (pade)        0.009 (series)        0.007 (mix)        0.002 (add) 
Cl( 1, 1) in Cl( 1, 1) CPU =        0.004 ms (setup)        0.019 (comm)        0.006 (pade)        0.003 (series)        0.016 (mix)        0.001 (add) 
Cl( 2, 1) in Cl( 2, 1) CPU =        0.005 ms (setup)        0.089 (comm)        0.007 (pade)        0.004 (series)        0.085 (mix)        0.001 (add) 
Cl( 2, 2) in Cl( 2, 2) CPU =        0.005 ms (setup)        0.120 (comm)        0.007 (pade)        0.003 (series)        0.116 (mix)        0.001 (add) 
Cl( 3, 2) in Cl( 3, 2) CPU =        0.033 ms (setup)        0.379 (comm)        0.010 (pade)        0.007 (series)        0.375 (mix)        0.001 (add) 
Cl( 3, 3) in Cl( 3, 3) CPU =        0.057 ms (setup)        0.671 (comm)        0.010 (pade)        0.006 (series)        0.665 (mix)        0.001 (add) 
Cl( 4, 3) in Cl( 4, 3) CPU =        0.137 ms (setup)        2.938 (comm)        0.017 (pade)        0.010 (series)        2.920 (mix)        0.001 (add) 
Cl( 4, 4) in Cl( 4, 4) CPU =        0.250 ms (setup)        4.309 (comm)        0.017 (pade)        0.018 (series)        4.262 (mix)        0.002 (add) 
Cl( 1, 0) in Cl( 4, 4) CPU =        0.005 ms (setup)        0.087 (comm)        0.009 (pade)        0.013 (series)        0.081 (mix)        0.001 (add) 
Cl( 1, 1) in Cl( 4, 4) CPU =        0.007 ms (setup)        0.144 (comm)        0.016 (pade)        0.010 (series)        0.103 (mix)        0.002 (add) 
Cl( 2, 1) in Cl( 4, 4) CPU =        0.021 ms (setup)        0.273 (comm)        0.017 (pade)        0.010 (series)        0.312 (mix)        0.001 (add) 
Cl( 2, 2) in Cl( 4, 4) CPU =        0.035 ms (setup)        0.310 (comm)        0.019 (pade)        0.011 (series)        0.313 (mix)        0.001 (add) 
Cl( 3, 2) in Cl( 4, 4) CPU =        0.145 ms (setup)        0.828 (comm)        0.018 (pade)        0.011 (series)        0.762 (mix)        0.001 (add) 
Cl( 3, 3) in Cl( 4, 4) CPU =        0.218 ms (setup)        1.103 (comm)        0.018 (pade)        0.011 (series)        1.060 (mix)        0.001 (add) 
Cl( 4, 3) in Cl( 4, 4) CPU =        0.553 ms (setup)        2.758 (comm)        0.017 (pade)        0.010 (series)        2.752 (mix)        0.002 (add) 
Cl( 4, 4) in Cl( 4, 4) CPU =        0.249 ms (setup)        4.312 (comm)        0.018 (pade)        0.011 (series)        4.304 (mix)        0.001 (add) 
Fill: 1
Cl( 1, 0) in Cl( 1, 0) CPU =        0.004 ms (setup)        0.026 (comm)        0.006 (pade)        0.005 (series)        0.017 (mix)        0.001 (add) 
Cl( 1, 1) in Cl( 1, 1) CPU =        0.004 ms (setup)        0.029 (comm)        0.007 (pade)        0.003 (series)        0.025 (mix)        0.001 (add) 
Cl( 2, 1) in Cl( 2, 1) CPU =        0.005 ms (setup)        0.095 (comm)        0.007 (pade)        0.003 (series)        0.091 (mix)        0.001 (add) 
Cl( 2, 2) in Cl( 2, 2) CPU =        0.015 ms (setup)        0.144 (comm)        0.007 (pade)        0.004 (series)        0.140 (mix)        0.001 (add) 
Cl( 3, 2) in Cl( 3, 2) CPU =        0.039 ms (setup)        0.528 (comm)        0.011 (pade)        0.007 (series)        0.521 (mix)        0.002 (add) 
Cl( 3, 3) in Cl( 3, 3) CPU =        0.070 ms (setup)        0.810 (comm)        0.010 (pade)        0.006 (series)        0.810 (mix)        0.001 (add) 
Cl( 4, 3) in Cl( 4, 3) CPU =        0.176 ms (setup)        3.396 (comm)        0.017 (pade)        0.010 (series)        3.379 (mix)        0.001 (add) 
Cl( 4, 4) in Cl( 4, 4) CPU =        0.354 ms (setup)        4.964 (comm)        0.018 (pade)        0.011 (series)        5.235 (mix)        0.002 (add) 
Cl( 1, 0) in Cl( 4, 4) CPU =        0.007 ms (setup)        0.163 (comm)        0.035 (pade)        0.011 (series)        0.156 (mix)        0.002 (add) 
Cl( 1, 1) in Cl( 4, 4) CPU =        0.009 ms (setup)        0.204 (comm)        0.017 (pade)        0.011 (series)        0.216 (mix)        0.001 (add) 
Cl( 2, 1) in Cl( 4, 4) CPU =        0.027 ms (setup)        0.317 (comm)        0.018 (pade)        0.011 (series)        0.286 (mix)        0.002 (add) 
Cl( 2, 2) in Cl( 4, 4) CPU =        0.073 ms (setup)        0.413 (comm)        0.017 (pade)        0.011 (series)        0.408 (mix)        0.001 (add) 
Cl( 3, 2) in Cl( 4, 4) CPU =        0.163 ms (setup)        0.807 (comm)        0.018 (pade)        0.011 (series)        0.797 (mix)        0.002 (add) 
Cl( 3, 3) in Cl( 4, 4) CPU =        0.253 ms (setup)        1.262 (comm)        0.018 (pade)        0.011 (series)        1.265 (mix)        0.002 (add) 
Cl( 4, 3) in Cl( 4, 4) CPU =        0.691 ms (setup)        3.606 (comm)        0.019 (pade)        0.011 (series)        3.571 (mix)        0.002 (add) 
Cl( 4, 4) in Cl( 4, 4) CPU =        0.354 ms (setup)        4.910 (comm)        0.022 (pade)        0.011 (series)        4.925 (mix)        0.001 (add) 

framed_multi<double>
Clifford algebra expressions test:
Fill: 0.5
Cl( 1, 0) in Cl( 1, 0) CPU =        0.002 ms (setup)        0.005 (comm)        0.013 (pade)        0.007 (series)        0.002 (mix)        0.007 (add) 
Cl( 1, 1) in Cl( 1, 1) CPU =        0.002 ms (setup)        0.001 (comm)        0.011 (pade)        0.002 (series)        0.001 (mix)        0.003 (add) 
Cl( 2, 1) in Cl( 2, 1) CPU =        0.002 ms (setup)        0.011 (comm)        0.022 (pade)        0.012 (series)        0.003 (mix)        0.003 (add) 
Cl( 2, 2) in Cl( 2, 2) CPU =        0.005 ms (setup)        0.018 (comm)        0.025 (pade)        0.022 (series)        0.006 (mix)        0.004 (add) 
Cl( 3, 2) in Cl( 3, 2) CPU =        0.006 ms (setup)        0.038 (comm)        0.095 (pade)        0.036 (series)        0.012 (mix)        0.005 (add) 
Cl( 3, 3) in Cl( 3, 3) CPU =        0.015 ms (setup)        0.092 (comm)        0.127 (pade)        0.151 (series)        0.030 (mix)        0.007 (add) 
Cl( 4, 3) in Cl( 4, 3) CPU =        0.029 ms (setup)        0.233 (comm)        0.382 (pade)        0.455 (series)        0.071 (mix)        0.013 (add) 
Cl( 4, 4) in Cl( 4, 4) CPU =        0.059 ms (setup)        1.111 (comm)        0.516 (pade)        1.907 (series)        0.189 (mix)        0.043 (add) 
Cl( 5, 4) in Cl( 5, 4) CPU =        0.120 ms (setup)        3.606 (comm)        1.686 (pade)        6.850 (series)        0.502 (mix)        0.072 (add) 
Cl( 5, 5) in Cl( 5, 5) CPU =        0.223 ms (setup)        5.548 (comm)        2.319 (pade)        8.938 (series)        1.332 (mix)        0.106 (add) 
Cl( 6, 5) in Cl( 6, 5) CPU =        0.476 ms (setup)       18.168 (comm)        7.955 (pade)       30.790 (series)        3.590 (mix)        0.197 (add) 
Cl( 6, 6) in Cl( 6, 6) CPU =        0.985 ms (setup)       30.013 (comm)       10.857 (pade)       42.096 (series)       10.266 (mix)        0.377 (add) 
Cl( 7, 6) in Cl( 7, 6) CPU =        1.899 ms (setup)       98.647 (comm)       37.601 (pade)      145.069 (series)       29.221 (mix)        0.772 (add) 
Cl( 7, 7) in Cl( 7, 7) CPU =        3.825 ms (setup)      181.192 (comm)       51.958 (pade)      203.708 (series)       88.651 (mix)        1.567 (add) 
Cl( 8, 7) in Cl( 8, 7) CPU =        7.791 ms (setup)      598.894 (comm)      182.516 (pade)      726.956 (series)      264.449 (mix)        3.243 (add) 
Cl( 8, 8) in Cl( 8, 8) CPU =       16.058 ms (setup)     1263.366 (comm)      261.815 (pade)     1022.798 (series)      813.472 (mix)        7.990 (add) 
Cl( 1, 0) in Cl( 8, 8) CPU =        0.003 ms (setup)        0.003 (comm)        0.006 (pade)        0.007 (series)        0.002 (mix)        0.004 (add) 
Cl( 1, 1) in Cl( 8, 8) CPU =        0.002 ms (setup)        0.001 (comm)        0.011 (pade)        0.002 (series)        0.001 (mix)        0.003 (add) 
Cl( 2, 1) in Cl( 8, 8) CPU =        0.002 ms (setup)        0.009 (comm)        0.024 (pade)        0.010 (series)        0.003 (mix)        0.003 (add) 
Cl( 2, 2) in Cl( 8, 8) CPU =        0.005 ms (setup)        0.024 (comm)        0.026 (pade)        0.020 (series)        0.006 (mix)        0.004 (add) 
Cl( 3, 2) in Cl( 8, 8) CPU =        0.006 ms (setup)        0.028 (comm)        0.066 (pade)        0.030 (series)        0.010 (mix)        0.004 (add) 
Cl( 3, 3) in Cl( 8, 8) CPU =        0.013 ms (setup)        0.104 (comm)        0.115 (pade)        0.144 (series)        0.038 (mix)        0.009 (add) 
Cl( 4, 3) in Cl( 8, 8) CPU =        0.027 ms (setup)        0.232 (comm)        0.369 (pade)        0.451 (series)        0.072 (mix)        0.012 (add) 
Cl( 4, 4) in Cl( 8, 8) CPU =        0.058 ms (setup)        1.097 (comm)        0.507 (pade)        1.892 (series)        0.185 (mix)        0.024 (add) 
Cl( 5, 4) in Cl( 8, 8) CPU =        0.113 ms (setup)        3.589 (comm)        1.720 (pade)        6.454 (series)        0.478 (mix)        0.045 (add) 
Cl( 5, 5) in Cl( 8, 8) CPU =        0.218 ms (setup)        5.577 (comm)        2.253 (pade)        9.792 (series)        1.258 (mix)        0.088 (add) 
Cl( 6, 5) in Cl( 8, 8) CPU =        0.456 ms (setup)       17.959 (comm)        7.716 (pade)       30.405 (series)        3.535 (mix)        0.186 (add) 
Cl( 6, 6) in Cl( 8, 8) CPU =        0.915 ms (setup)       31.460 (comm)       10.670 (pade)       42.583 (series)       10.017 (mix)        0.372 (add) 
Cl( 7, 6) in Cl( 8, 8) CPU =        1.861 ms (setup)       98.490 (comm)       36.840 (pade)      146.819 (series)       29.928 (mix)        0.773 (add) 
Cl( 7, 7) in Cl( 8, 8) CPU =        3.847 ms (setup)      184.810 (comm)       52.665 (pade)      206.311 (series)       89.407 (mix)        1.575 (add) 
Cl( 8, 7) in Cl( 8, 8) CPU =        7.682 ms (setup)      609.089 (comm)      185.569 (pade)      720.458 (series)      271.436 (mix)        3.424 (add) 
Cl( 8, 8) in Cl( 8, 8) CPU =       15.690 ms (setup)     1263.603 (comm)      260.850 (pade)     1020.870 (series)      808.667 (mix)        7.909 (add) 
Fill: 1
Cl( 1, 0) in Cl( 1, 0) CPU =        0.001 ms (setup)        0.007 (comm)        0.014 (pade)        0.010 (series)        0.002 (mix)        0.004 (add) 
Cl( 1, 1) in Cl( 1, 1) CPU =        0.002 ms (setup)        0.009 (comm)        0.011 (pade)        0.009 (series)        0.003 (mix)        0.005 (add) 
Cl( 2, 1) in Cl( 2, 1) CPU =        0.005 ms (setup)        0.013 (comm)        0.022 (pade)        0.015 (series)        0.004 (mix)        0.004 (add) 
Cl( 2, 2) in Cl( 2, 2) CPU =        0.007 ms (setup)        0.025 (comm)        0.035 (pade)        0.047 (series)        0.008 (mix)        0.005 (add) 
Cl( 3, 2) in Cl( 3, 2) CPU =        0.011 ms (setup)        0.061 (comm)        0.095 (pade)        0.082 (series)        0.018 (mix)        0.007 (add) 
Cl( 3, 3) in Cl( 3, 3) CPU =        0.023 ms (setup)        0.175 (comm)        0.127 (pade)        0.256 (series)        0.043 (mix)        0.011 (add) 
Cl( 4, 3) in Cl( 4, 3) CPU =        0.050 ms (setup)        0.539 (comm)        0.407 (pade)        0.986 (series)        0.108 (mix)        0.020 (add) 
Cl( 4, 4) in Cl( 4, 4) CPU =        0.155 ms (setup)        1.346 (comm)        0.564 (pade)        2.139 (series)        0.264 (mix)        0.040 (add) 
Cl( 5, 4) in Cl( 5, 4) CPU =        0.194 ms (setup)        4.356 (comm)        1.833 (pade)        7.354 (series)        0.705 (mix)        0.085 (add) 
Cl( 5, 5) in Cl( 5, 5) CPU =        0.378 ms (setup)        6.986 (comm)        2.619 (pade)       11.031 (series)        1.985 (mix)        0.170 (add) 
Cl( 6, 5) in Cl( 6, 5) CPU =        0.778 ms (setup)       22.130 (comm)        8.786 (pade)       34.306 (series)        5.136 (mix)        0.335 (add) 
Cl( 6, 6) in Cl( 6, 6) CPU =        1.534 ms (setup)       39.623 (comm)       12.624 (pade)       50.642 (series)       15.242 (mix)        0.692 (add) 
Cl( 7, 6) in Cl( 7, 6) CPU =        3.123 ms (setup)      126.263 (comm)       41.940 (pade)      168.306 (series)       42.749 (mix)        1.419 (add) 
Cl( 7, 7) in Cl( 7, 7) CPU =        6.453 ms (setup)      252.791 (comm)       62.239 (pade)      245.717 (series)      127.819 (mix)        2.907 (add) 
Cl( 8, 7) in Cl( 8, 7) CPU =       13.279 ms (setup)      811.254 (comm)      216.551 (pade)      840.163 (series)      392.096 (mix)        7.077 (add) 
Cl( 8, 8) in Cl( 8, 8) CPU =       26.768 ms (setup)     1824.839 (comm)      327.204 (pade)     1265.014 (series)     1198.043 (mix)       14.526 (add) 
Cl( 1, 0) in Cl( 8, 8) CPU =        0.002 ms (setup)        0.013 (comm)        0.013 (pade)        0.010 (series)        0.003 (mix)        0.004 (add) 
Cl( 1, 1) in Cl( 8, 8) CPU =        0.004 ms (setup)        0.009 (comm)        0.012 (pade)        0.009 (series)        0.003 (mix)        0.003 (add) 
Cl( 2, 1) in Cl( 8, 8) CPU =        0.004 ms (setup)        0.013 (comm)        0.026 (pade)        0.015 (series)        0.004 (mix)        0.004 (add) 
Cl( 2, 2) in Cl( 8, 8) CPU =        0.007 ms (setup)        0.025 (comm)        0.035 (pade)        0.030 (series)        0.008 (mix)        0.004 (add) 
Cl( 3, 2) in Cl( 8, 8) CPU =        0.011 ms (setup)        0.062 (comm)        0.094 (pade)        0.082 (series)        0.018 (mix)        0.007 (add) 
Cl( 3, 3) in Cl( 8, 8) CPU =        0.022 ms (setup)        0.177 (comm)        0.127 (pade)        0.249 (series)        0.043 (mix)        0.011 (add) 
Cl( 4, 3) in Cl( 8, 8) CPU =        0.048 ms (setup)        0.541 (comm)        0.420 (pade)        0.998 (series)        0.138 (mix)        0.022 (add) 
Cl( 4, 4) in Cl( 8, 8) CPU =        0.103 ms (setup)        1.465 (comm)        0.609 (pade)        2.245 (series)        0.293 (mix)        0.044 (add) 
Cl( 5, 4) in Cl( 8, 8) CPU =        0.203 ms (setup)        4.280 (comm)        1.846 (pade)        7.142 (series)        0.688 (mix)        0.081 (add) 
Cl( 5, 5) in Cl( 8, 8) CPU =        0.372 ms (setup)        7.108 (comm)        2.630 (pade)       10.284 (series)        1.841 (mix)        0.161 (add) 
Cl( 6, 5) in Cl( 8, 8) CPU =        0.773 ms (setup)       22.226 (comm)        8.711 (pade)       34.005 (series)        5.102 (mix)        0.333 (add) 
Cl( 6, 6) in Cl( 8, 8) CPU =        1.560 ms (setup)       39.517 (comm)       12.696 (pade)       50.049 (series)       14.612 (mix)        0.739 (add) 
Cl( 7, 6) in Cl( 8, 8) CPU =        3.105 ms (setup)      124.629 (comm)       41.863 (pade)      164.708 (series)       42.572 (mix)        1.419 (add) 
Cl( 7, 7) in Cl( 8, 8) CPU =        6.655 ms (setup)      250.316 (comm)       62.504 (pade)      246.699 (series)      128.437 (mix)        2.998 (add) 
Cl( 8, 7) in Cl( 8, 8) CPU =       13.385 ms (setup)      806.963 (comm)      218.925 (pade)      840.659 (series)      393.668 (mix)        8.566 (add) 
Cl( 8, 8) in Cl( 8, 8) CPU =       26.721 ms (setup)     1824.011 (comm)      323.743 (pade)     1269.948 (series)     1199.812 (mix)       18.998 (add) 

matrix_multi<double>
Clifford algebra expressions test:
Fill: 0.5
Cl( 1, 0) in Cl( 1, 0) CPU =        0.006 ms (setup)        0.014 (comm)        0.005 (pade)        0.005 (series)        0.009 (mix)        0.001 (add) 
Cl( 1, 1) in Cl( 1, 1) CPU =        0.013 ms (setup)        0.011 (comm)        0.005 (pade)        0.003 (series)        0.008 (mix)        0.001 (add) 
Cl( 2, 1) in Cl( 2, 1) CPU =        0.004 ms (setup)        0.084 (comm)        0.007 (pade)        0.004 (series)        0.071 (mix)        0.001 (add) 
Cl( 2, 2) in Cl( 2, 2) CPU =        0.006 ms (setup)        0.123 (comm)        0.007 (pade)        0.003 (series)        0.128 (mix)        0.001 (add) 
Cl( 3, 2) in Cl( 3, 2) CPU =        0.037 ms (setup)        0.359 (comm)        0.011 (pade)        0.007 (series)        0.352 (mix)        0.001 (add) 
Cl( 3, 3) in Cl( 3, 3) CPU =        0.057 ms (setup)        0.624 (comm)        0.011 (pade)        0.007 (series)        0.618 (mix)        0.001 (add) 
Cl( 4, 3) in Cl( 4, 3) CPU =        0.147 ms (setup)        2.760 (comm)        0.021 (pade)        0.016 (series)        2.739 (mix)        0.002 (add) 
Cl( 4, 4) in Cl( 4, 4) CPU =        0.255 ms (setup)        4.060 (comm)        0.021 (pade)        0.015 (series)        4.018 (mix)        0.002 (add) 
Cl( 5, 4) in Cl( 5, 4) CPU =        0.611 ms (setup)       15.758 (comm)        0.057 (pade)        0.049 (series)       15.750 (mix)        0.005 (add) 
Cl( 5, 5) in Cl( 5, 5) CPU =        1.155 ms (setup)       22.758 (comm)        0.056 (pade)        0.049 (series)       22.173 (mix)        0.005 (add) 
Cl( 6, 5) in Cl( 6, 5) CPU =        2.660 ms (setup)       86.210 (comm)        0.192 (pade)        0.274 (series)       86.472 (mix)        0.019 (add) 
Cl( 6, 6) in Cl( 6, 6) CPU =        5.223 ms (setup)      117.550 (comm)        0.192 (pade)        0.272 (series)      119.004 (mix)        0.019 (add) 
Cl( 7, 6) in Cl( 7, 6) CPU =       12.121 ms (setup)      500.389 (comm)        0.949 (pade)        1.723 (series)      489.685 (mix)        0.104 (add) 
Cl( 7, 7) in Cl( 7, 7) CPU =       24.133 ms (setup)      645.966 (comm)        0.944 (pade)        1.724 (series)      642.036 (mix)        0.099 (add) 
Cl( 8, 7) in Cl( 8, 7) CPU =       62.628 ms (setup)     3545.495 (comm)        5.859 (pade)       11.992 (series)     3396.156 (mix)        0.422 (add) 
Cl( 8, 8) in Cl( 8, 8) CPU =      120.800 ms (setup)     3833.465 (comm)        5.589 (pade)       11.947 (series)     3817.502 (mix)        0.400 (add) 
Cl( 1, 0) in Cl( 8, 8) CPU =        0.070 ms (setup)       33.386 (comm)        1.205 (pade)       11.960 (series)       27.331 (mix)        0.412 (add) 
Cl( 1, 1) in Cl( 8, 8) CPU =        0.110 ms (setup)       44.393 (comm)        2.425 (pade)       11.993 (series)       40.141 (mix)        0.398 (add) 
Cl( 2, 1) in Cl( 8, 8) CPU =        0.187 ms (setup)       84.463 (comm)        2.675 (pade)       11.970 (series)       78.793 (mix)        0.403 (add) 
Cl( 2, 2) in Cl( 8, 8) CPU =        0.349 ms (setup)      148.052 (comm)        2.663 (pade)       12.835 (series)      143.007 (mix)        0.403 (add) 
Cl( 3, 2) in Cl( 8, 8) CPU =        3.616 ms (setup)      204.732 (comm)        3.139 (pade)       11.990 (series)      196.572 (mix)        0.397 (add) 
Cl( 3, 3) in Cl( 8, 8) CPU =        2.800 ms (setup)      279.601 (comm)        3.088 (pade)       11.938 (series)      271.618 (mix)        0.393 (add) 
Cl( 4, 3) in Cl( 8, 8) CPU =        6.022 ms (setup)      296.608 (comm)        3.950 (pade)       12.114 (series)      285.248 (mix)        0.394 (add) 
Cl( 4, 4) in Cl( 8, 8) CPU =        3.599 ms (setup)      410.701 (comm)        3.920 (pade)       11.959 (series)      393.906 (mix)        0.406 (add) 
Cl( 5, 4) in Cl( 8, 8) CPU =        5.981 ms (setup)      532.498 (comm)        5.782 (pade)       11.941 (series)      528.281 (mix)        0.396 (add) 
Cl( 5, 5) in Cl( 8, 8) CPU =        6.902 ms (setup)      620.241 (comm)        5.540 (pade)       11.989 (series)      612.563 (mix)        0.398 (add) 
Cl( 6, 5) in Cl( 8, 8) CPU =       14.250 ms (setup)      818.345 (comm)        5.656 (pade)       12.132 (series)      812.807 (mix)        0.398 (add) 
Cl( 6, 6) in Cl( 8, 8) CPU =       25.464 ms (setup)      910.900 (comm)        5.626 (pade)       11.991 (series)      905.047 (mix)        0.436 (add) 
Cl( 7, 6) in Cl( 8, 8) CPU =       53.665 ms (setup)     1293.249 (comm)        5.597 (pade)       12.062 (series)     1289.336 (mix)        0.409 (add) 
Cl( 7, 7) in Cl( 8, 8) CPU =       96.689 ms (setup)     1623.796 (comm)        5.633 (pade)       11.981 (series)     1615.956 (mix)        0.397 (add) 
Cl( 8, 7) in Cl( 8, 8) CPU =      238.319 ms (setup)     3148.686 (comm)        5.624 (pade)       12.183 (series)     3133.966 (mix)        0.403 (add) 
Cl( 8, 8) in Cl( 8, 8) CPU =      119.510 ms (setup)     3774.760 (comm)        5.710 (pade)       11.970 (series)     3759.269 (mix)        0.403 (add) 
Fill: 1
Cl( 1, 0) in Cl( 1, 0) CPU =        0.004 ms (setup)        0.022 (comm)        0.007 (pade)        0.005 (series)        0.017 (mix)        0.001 (add) 
Cl( 1, 1) in Cl( 1, 1) CPU =        0.005 ms (setup)        0.028 (comm)        0.005 (pade)        0.003 (series)        0.025 (mix)        0.001 (add) 
Cl( 2, 1) in Cl( 2, 1) CPU =        0.005 ms (setup)        0.102 (comm)        0.007 (pade)        0.003 (series)        0.144 (mix)        0.001 (add) 
Cl( 2, 2) in Cl( 2, 2) CPU =        0.017 ms (setup)        0.157 (comm)        0.007 (pade)        0.003 (series)        0.202 (mix)        0.001 (add) 
Cl( 3, 2) in Cl( 3, 2) CPU =        0.042 ms (setup)        0.570 (comm)        0.011 (pade)        0.007 (series)        0.612 (mix)        0.001 (add) 
Cl( 3, 3) in Cl( 3, 3) CPU =        0.072 ms (setup)        0.880 (comm)        0.012 (pade)        0.009 (series)        0.862 (mix)        0.001 (add) 
Cl( 4, 3) in Cl( 4, 3) CPU =        0.214 ms (setup)        3.491 (comm)        0.021 (pade)        0.021 (series)        3.279 (mix)        0.002 (add) 
Cl( 4, 4) in Cl( 4, 4) CPU =        0.364 ms (setup)        4.750 (comm)        0.024 (pade)        0.015 (series)        4.667 (mix)        0.003 (add) 
Cl( 5, 4) in Cl( 5, 4) CPU =        0.883 ms (setup)       17.319 (comm)        0.056 (pade)        0.049 (series)       17.517 (mix)        0.005 (add) 
Cl( 5, 5) in Cl( 5, 5) CPU =        1.710 ms (setup)       24.478 (comm)        0.056 (pade)        0.049 (series)       26.488 (mix)        0.005 (add) 
Cl( 6, 5) in Cl( 6, 5) CPU =        4.077 ms (setup)       93.776 (comm)        0.192 (pade)        0.268 (series)       94.825 (mix)        0.019 (add) 
Cl( 6, 6) in Cl( 6, 6) CPU =        8.098 ms (setup)      127.466 (comm)        0.192 (pade)        0.274 (series)      126.894 (mix)        0.019 (add) 
Cl( 7, 6) in Cl( 7, 6) CPU =       19.309 ms (setup)      534.389 (comm)        0.942 (pade)        1.716 (series)      531.918 (mix)        0.096 (add) 
Cl( 7, 7) in Cl( 7, 7) CPU =       38.996 ms (setup)      695.505 (comm)        0.973 (pade)        1.719 (series)      696.760 (mix)        0.162 (add) 
Cl( 8, 7) in Cl( 8, 7) CPU =      103.344 ms (setup)     4259.753 (comm)        5.841 (pade)       11.995 (series)     4075.755 (mix)        0.480 (add) 
Cl( 8, 8) in Cl( 8, 8) CPU =      200.054 ms (setup)     4143.284 (comm)        5.730 (pade)       12.752 (series)     4159.047 (mix)        0.399 (add) 
Cl( 1, 0) in Cl( 8, 8) CPU =        0.091 ms (setup)       55.083 (comm)        2.403 (pade)       11.989 (series)       48.220 (mix)        0.410 (add) 
Cl( 1, 1) in Cl( 8, 8) CPU =        0.141 ms (setup)       81.279 (comm)        2.392 (pade)       11.967 (series)       73.068 (mix)        0.412 (add) 
Cl( 2, 1) in Cl( 8, 8) CPU =        0.293 ms (setup)      115.427 (comm)        2.670 (pade)       12.020 (series)      110.026 (mix)        0.399 (add) 
Cl( 2, 2) in Cl( 8, 8) CPU =        5.341 ms (setup)      162.358 (comm)        2.647 (pade)       11.989 (series)      156.236 (mix)        0.399 (add) 
Cl( 3, 2) in Cl( 8, 8) CPU =        3.714 ms (setup)      222.353 (comm)        3.094 (pade)       12.045 (series)      214.476 (mix)        0.392 (add) 
Cl( 3, 3) in Cl( 8, 8) CPU =        3.897 ms (setup)      306.488 (comm)        3.082 (pade)       12.018 (series)      290.828 (mix)        0.394 (add) 
Cl( 4, 3) in Cl( 8, 8) CPU =        3.232 ms (setup)      411.041 (comm)        3.929 (pade)       12.001 (series)      400.401 (mix)        0.397 (add) 
Cl( 4, 4) in Cl( 8, 8) CPU =        4.112 ms (setup)      510.127 (comm)        3.934 (pade)       12.261 (series)      503.346 (mix)        0.391 (add) 
Cl( 5, 4) in Cl( 8, 8) CPU =        5.851 ms (setup)      621.615 (comm)        5.605 (pade)       12.356 (series)      622.284 (mix)        0.417 (add) 
Cl( 5, 5) in Cl( 8, 8) CPU =        8.458 ms (setup)      733.060 (comm)        5.850 (pade)       11.982 (series)      728.962 (mix)        0.395 (add) 
Cl( 6, 5) in Cl( 8, 8) CPU =       20.828 ms (setup)      910.486 (comm)        5.606 (pade)       12.840 (series)      900.712 (mix)        0.403 (add) 
Cl( 6, 6) in Cl( 8, 8) CPU =       30.079 ms (setup)     1052.783 (comm)        5.585 (pade)       12.470 (series)     1044.092 (mix)        0.402 (add) 
Cl( 7, 6) in Cl( 8, 8) CPU =       72.540 ms (setup)     1488.841 (comm)        5.593 (pade)       11.960 (series)     1476.634 (mix)        0.468 (add) 
Cl( 7, 7) in Cl( 8, 8) CPU =      134.499 ms (setup)     1766.270 (comm)        5.936 (pade)       12.096 (series)     1755.624 (mix)        0.393 (add) 
Cl( 8, 7) in Cl( 8, 8) CPU =      328.706 ms (setup)     3366.447 (comm)        5.571 (pade)       12.199 (series)     3343.209 (mix)        0.402 (add) 
Cl( 8, 8) in Cl( 8, 8) CPU =      203.987 ms (setup)     4152.641 (comm)        5.851 (pade)       11.959 (series)     4152.520 (mix)        0.393 (add) 
