expressions/expressions
	linux-vdso.so.1 (0x000075eaa6723000)
	libarmadillo.so.14 => /lib/libarmadillo.so.14 (0x000075eaa66d2000)
	libopenblas.so.0 => /lib/x86_64-linux-gnu/libopenblas.so.0 (0x000075eaa2ef8000)
	libstdc++.so.6 => /lib/x86_64-linux-gnu/libstdc++.so.6 (0x000075eaa2c00000)
	libm.so.6 => /lib/x86_64-linux-gnu/libm.so.6 (0x000075eaa2b09000)
	libgcc_s.so.1 => /lib/x86_64-linux-gnu/libgcc_s.so.1 (0x000075eaa66a5000)
	libc.so.6 => /lib/x86_64-linux-gnu/libc.so.6 (0x000075eaa2800000)
	libblas.so.3 => /lib/x86_64-linux-gnu/libblas.so.3 (0x000075eaa2000000)
	libarpack.so.2 => /lib/x86_64-linux-gnu/libarpack.so.2 (0x000075eaa6651000)
	/lib64/ld-linux-x86-64.so.2 (0x000075eaa6725000)
	libmvec.so.1 => /lib/x86_64-linux-gnu/libmvec.so.1 (0x000075eaa1f06000)
	libgfortran.so.5 => /lib/x86_64-linux-gnu/libgfortran.so.5 (0x000075eaa1a00000)
gfft_test/gfft_test
	linux-vdso.so.1 (0x000075d4b946f000)
	libarmadillo.so.14 => /lib/libarmadillo.so.14 (0x000075d4b941e000)
	libopenblas.so.0 => /lib/x86_64-linux-gnu/libopenblas.so.0 (0x000075d4b5ef8000)
	libstdc++.so.6 => /lib/x86_64-linux-gnu/libstdc++.so.6 (0x000075d4b5c00000)
	libm.so.6 => /lib/x86_64-linux-gnu/libm.so.6 (0x000075d4b9327000)
	libgcc_s.so.1 => /lib/x86_64-linux-gnu/libgcc_s.so.1 (0x000075d4b92fa000)
	libc.so.6 => /lib/x86_64-linux-gnu/libc.so.6 (0x000075d4b5800000)
	libblas.so.3 => /lib/x86_64-linux-gnu/libblas.so.3 (0x000075d4b5000000)
	libarpack.so.2 => /lib/x86_64-linux-gnu/libarpack.so.2 (0x000075d4b5ea6000)
	/lib64/ld-linux-x86-64.so.2 (0x000075d4b9471000)
	libmvec.so.1 => /lib/x86_64-linux-gnu/libmvec.so.1 (0x000075d4b5b06000)
	libgfortran.so.5 => /lib/x86_64-linux-gnu/libgfortran.so.5 (0x000075d4b4c00000)
products/products
	linux-vdso.so.1 (0x000077712c0e0000)
	libarmadillo.so.14 => /lib/libarmadillo.so.14 (0x000077712c08f000)
	libopenblas.so.0 => /lib/x86_64-linux-gnu/libopenblas.so.0 (0x00007771288f8000)
	libstdc++.so.6 => /lib/x86_64-linux-gnu/libstdc++.so.6 (0x0000777128600000)
	libm.so.6 => /lib/x86_64-linux-gnu/libm.so.6 (0x000077712bf98000)
	libgcc_s.so.1 => /lib/x86_64-linux-gnu/libgcc_s.so.1 (0x000077712bf6b000)
	libc.so.6 => /lib/x86_64-linux-gnu/libc.so.6 (0x0000777128200000)
	libblas.so.3 => /lib/x86_64-linux-gnu/libblas.so.3 (0x0000777127a00000)
	libarpack.so.2 => /lib/x86_64-linux-gnu/libarpack.so.2 (0x00007771288a6000)
	/lib64/ld-linux-x86-64.so.2 (0x000077712c0e2000)
	libmvec.so.1 => /lib/x86_64-linux-gnu/libmvec.so.1 (0x0000777128506000)
	libgfortran.so.5 => /lib/x86_64-linux-gnu/libgfortran.so.5 (0x0000777127600000)
squaring/squaring
	linux-vdso.so.1 (0x00007c34125a6000)
	libarmadillo.so.14 => /lib/libarmadillo.so.14 (0x00007c3412555000)
	libopenblas.so.0 => /lib/x86_64-linux-gnu/libopenblas.so.0 (0x00007c340f0f8000)
	libstdc++.so.6 => /lib/x86_64-linux-gnu/libstdc++.so.6 (0x00007c340ee00000)
	libm.so.6 => /lib/x86_64-linux-gnu/libm.so.6 (0x00007c340ed09000)
	libgcc_s.so.1 => /lib/x86_64-linux-gnu/libgcc_s.so.1 (0x00007c3412528000)
	libc.so.6 => /lib/x86_64-linux-gnu/libc.so.6 (0x00007c340ea00000)
	libblas.so.3 => /lib/x86_64-linux-gnu/libblas.so.3 (0x00007c340e200000)
	libarpack.so.2 => /lib/x86_64-linux-gnu/libarpack.so.2 (0x00007c34124d4000)
	/lib64/ld-linux-x86-64.so.2 (0x00007c34125a8000)
	libmvec.so.1 => /lib/x86_64-linux-gnu/libmvec.so.1 (0x00007c340e106000)
	libgfortran.so.5 => /lib/x86_64-linux-gnu/libgfortran.so.5 (0x00007c340dc00000)
transforms/transforms
	linux-vdso.so.1 (0x00007a52d7acb000)
	libarmadillo.so.14 => /lib/libarmadillo.so.14 (0x00007a52d77b5000)
	libopenblas.so.0 => /lib/x86_64-linux-gnu/libopenblas.so.0 (0x00007a52d46a8000)
	libstdc++.so.6 => /lib/x86_64-linux-gnu/libstdc++.so.6 (0x00007a52d4400000)
	libm.so.6 => /lib/x86_64-linux-gnu/libm.so.6 (0x00007a52d4309000)
	libgcc_s.so.1 => /lib/x86_64-linux-gnu/libgcc_s.so.1 (0x00007a52d42dc000)
	libc.so.6 => /lib/x86_64-linux-gnu/libc.so.6 (0x00007a52d4000000)
	libblas.so.3 => /lib/x86_64-linux-gnu/libblas.so.3 (0x00007a52d3800000)
	libarpack.so.2 => /lib/x86_64-linux-gnu/libarpack.so.2 (0x00007a52d428a000)
	/lib64/ld-linux-x86-64.so.2 (0x00007a52d7acd000)
	libmvec.so.1 => /lib/x86_64-linux-gnu/libmvec.so.1 (0x00007a52d3706000)
	libgfortran.so.5 => /lib/x86_64-linux-gnu/libgfortran.so.5 (0x00007a52d3200000)
versor/versor
	linux-vdso.so.1 (0x000075c2945e1000)
	libarmadillo.so.14 => /lib/libarmadillo.so.14 (0x000075c294590000)
	libopenblas.so.0 => /lib/x86_64-linux-gnu/libopenblas.so.0 (0x000075c2910f8000)
	libstdc++.so.6 => /lib/x86_64-linux-gnu/libstdc++.so.6 (0x000075c290e00000)
	libm.so.6 => /lib/x86_64-linux-gnu/libm.so.6 (0x000075c290d09000)
	libgcc_s.so.1 => /lib/x86_64-linux-gnu/libgcc_s.so.1 (0x000075c294563000)
	libc.so.6 => /lib/x86_64-linux-gnu/libc.so.6 (0x000075c290a00000)
	libblas.so.3 => /lib/x86_64-linux-gnu/libblas.so.3 (0x000075c290200000)
	libarpack.so.2 => /lib/x86_64-linux-gnu/libarpack.so.2 (0x000075c29450f000)
	/lib64/ld-linux-x86-64.so.2 (0x000075c2945e3000)
	libmvec.so.1 => /lib/x86_64-linux-gnu/libmvec.so.1 (0x000075c290106000)
	libgfortran.so.5 => /lib/x86_64-linux-gnu/libgfortran.so.5 (0x000075c28fc00000)
