
framed_multi<float,-4,4>
Clifford algebra products test:
Fill: 0.5
Cl( 1, 0) in Cl( 1, 0) CPU =        0.002 ms (setup)        0.003 (*)        0.005 (^)        0.001 (&)        0.002 (%) 
Cl( 1, 1) in Cl( 1, 1) CPU =        0.002 ms (setup)        0.001 (*)        0.002 (^)        0.001 (&)        0.002 (%) 
Cl( 2, 1) in Cl( 2, 1) CPU =        0.002 ms (setup)        0.004 (*)        0.003 (^)        0.003 (&)        0.002 (%) 
Cl( 2, 2) in Cl( 2, 2) CPU =        0.002 ms (setup)        0.006 (*)        0.004 (^)        0.004 (&)        0.003 (%) 
Cl( 3, 2) in Cl( 3, 2) CPU =        0.005 ms (setup)        0.013 (*)        0.013 (^)        0.007 (&)        0.005 (%) 
Cl( 3, 3) in Cl( 3, 3) CPU =        0.008 ms (setup)        0.028 (*)        0.015 (^)        0.014 (&)        0.011 (%) 
Cl( 4, 3) in Cl( 4, 3) CPU =        0.018 ms (setup)        0.084 (*)        0.043 (^)        0.041 (&)        0.060 (%) 
Cl( 4, 4) in Cl( 4, 4) CPU =        0.034 ms (setup)        0.647 (*)        0.100 (^)        0.092 (&)        0.072 (%) 
Cl( 1, 0) in Cl( 4, 4) CPU =        0.001 ms (setup)        0.001 (*)        0.001 (^)        0.001 (&)        0.001 (%) 
Cl( 1, 1) in Cl( 4, 4) CPU =        0.002 ms (setup)        0.002 (*)        0.002 (^)        0.001 (&)        0.001 (%) 
Cl( 2, 1) in Cl( 4, 4) CPU =        0.002 ms (setup)        0.003 (*)        0.003 (^)        0.002 (&)        0.002 (%) 
Cl( 2, 2) in Cl( 4, 4) CPU =        0.003 ms (setup)        0.004 (*)        0.004 (^)        0.003 (&)        0.002 (%) 
Cl( 3, 2) in Cl( 4, 4) CPU =        0.005 ms (setup)        0.013 (*)        0.008 (^)        0.007 (&)        0.006 (%) 
Cl( 3, 3) in Cl( 4, 4) CPU =        0.009 ms (setup)        0.028 (*)        0.017 (^)        0.014 (&)        0.012 (%) 
Cl( 4, 3) in Cl( 4, 4) CPU =        0.018 ms (setup)        0.108 (*)        0.041 (^)        0.042 (&)        0.030 (%) 
Cl( 4, 4) in Cl( 4, 4) CPU =        0.035 ms (setup)        0.674 (*)        0.103 (^)        0.107 (&)        0.071 (%) 
Fill: 1
Cl( 1, 0) in Cl( 1, 0) CPU =        0.002 ms (setup)        0.002 (*)        0.003 (^)        0.001 (&)        0.001 (%) 
Cl( 1, 1) in Cl( 1, 1) CPU =        0.002 ms (setup)        0.002 (*)        0.003 (^)        0.002 (&)        0.002 (%) 
Cl( 2, 1) in Cl( 2, 1) CPU =        0.002 ms (setup)        0.004 (*)        0.003 (^)        0.003 (&)        0.002 (%) 
Cl( 2, 2) in Cl( 2, 2) CPU =        0.004 ms (setup)        0.008 (*)        0.005 (^)        0.005 (&)        0.004 (%) 
Cl( 3, 2) in Cl( 3, 2) CPU =        0.006 ms (setup)        0.021 (*)        0.009 (^)        0.067 (&)        0.009 (%) 
Cl( 3, 3) in Cl( 3, 3) CPU =        0.013 ms (setup)        0.062 (*)        0.019 (^)        0.026 (&)        0.020 (%) 
Cl( 4, 3) in Cl( 4, 3) CPU =        0.026 ms (setup)        0.258 (*)        0.044 (^)        0.068 (&)        0.048 (%) 
Cl( 4, 4) in Cl( 4, 4) CPU =        0.087 ms (setup)        0.792 (*)        0.107 (^)        0.200 (&)        0.117 (%) 
Cl( 1, 0) in Cl( 4, 4) CPU =        0.001 ms (setup)        0.002 (*)        0.002 (^)        0.002 (&)        0.002 (%) 
Cl( 1, 1) in Cl( 4, 4) CPU =        0.002 ms (setup)        0.003 (*)        0.002 (^)        0.002 (&)        0.002 (%) 
Cl( 2, 1) in Cl( 4, 4) CPU =        0.002 ms (setup)        0.004 (*)        0.003 (^)        0.002 (&)        0.002 (%) 
Cl( 2, 2) in Cl( 4, 4) CPU =        0.004 ms (setup)        0.008 (*)        0.005 (^)        0.005 (&)        0.004 (%) 
Cl( 3, 2) in Cl( 4, 4) CPU =        0.006 ms (setup)        0.021 (*)        0.009 (^)        0.011 (&)        0.009 (%) 
Cl( 3, 3) in Cl( 4, 4) CPU =        0.013 ms (setup)        0.062 (*)        0.019 (^)        0.026 (&)        0.020 (%) 
Cl( 4, 3) in Cl( 4, 4) CPU =        0.027 ms (setup)        0.211 (*)        0.044 (^)        0.068 (&)        0.048 (%) 
Cl( 4, 4) in Cl( 4, 4) CPU =        0.061 ms (setup)        0.813 (*)        0.107 (^)        0.210 (&)        0.118 (%) 

matrix_multi<float,-4,4>
Clifford algebra products test:
Fill: 0.5
Cl( 1, 0) in Cl( 1, 0) CPU =        0.028 ms (setup)        0.004 (*)        0.013 (^)        0.009 (&)        0.013 (%) 
Cl( 1, 1) in Cl( 1, 1) CPU =        0.005 ms (setup)        0.001 (*)        0.008 (^)        0.009 (&)        0.009 (%) 
Cl( 2, 1) in Cl( 2, 1) CPU =        0.003 ms (setup)        0.001 (*)        0.019 (^)        0.032 (&)        0.032 (%) 
Cl( 2, 2) in Cl( 2, 2) CPU =        0.010 ms (setup)        0.001 (*)        0.073 (^)        0.045 (&)        0.061 (%) 
Cl( 3, 2) in Cl( 3, 2) CPU =        0.021 ms (setup)        0.002 (*)        0.311 (^)        0.265 (&)        0.246 (%) 
Cl( 3, 3) in Cl( 3, 3) CPU =        0.034 ms (setup)        0.002 (*)        0.372 (^)        0.388 (&)        0.387 (%) 
Cl( 4, 3) in Cl( 4, 3) CPU =        0.084 ms (setup)        0.003 (*)        1.435 (^)        1.298 (&)        1.357 (%) 
Cl( 4, 4) in Cl( 4, 4) CPU =        0.134 ms (setup)        0.003 (*)        2.129 (^)        2.171 (&)        2.226 (%) 
Cl( 1, 0) in Cl( 4, 4) CPU =        0.002 ms (setup)        0.003 (*)        0.011 (^)        0.018 (&)        0.012 (%) 
Cl( 1, 1) in Cl( 4, 4) CPU =        0.007 ms (setup)        0.002 (*)        0.108 (^)        0.068 (&)        0.094 (%) 
Cl( 2, 1) in Cl( 4, 4) CPU =        0.019 ms (setup)        0.003 (*)        0.126 (^)        0.083 (&)        0.111 (%) 
Cl( 2, 2) in Cl( 4, 4) CPU =        0.030 ms (setup)        0.003 (*)        0.212 (^)        0.147 (&)        0.168 (%) 
Cl( 3, 2) in Cl( 4, 4) CPU =        0.084 ms (setup)        0.003 (*)        0.259 (^)        0.238 (&)        0.239 (%) 
Cl( 3, 3) in Cl( 4, 4) CPU =        0.105 ms (setup)        0.003 (*)        0.499 (^)        0.456 (&)        0.436 (%) 
Cl( 4, 3) in Cl( 4, 4) CPU =        0.264 ms (setup)        0.003 (*)        1.433 (^)        1.376 (&)        1.401 (%) 
Cl( 4, 4) in Cl( 4, 4) CPU =        0.132 ms (setup)        0.002 (*)        2.018 (^)        2.173 (&)        2.183 (%) 
Fill: 1
Cl( 1, 0) in Cl( 1, 0) CPU =        0.002 ms (setup)        0.002 (*)        0.010 (^)        0.008 (&)        0.011 (%) 
Cl( 1, 1) in Cl( 1, 1) CPU =        0.004 ms (setup)        0.001 (*)        0.015 (^)        0.011 (&)        0.013 (%) 
Cl( 2, 1) in Cl( 2, 1) CPU =        0.003 ms (setup)        0.001 (*)        0.050 (^)        0.041 (&)        0.053 (%) 
Cl( 2, 2) in Cl( 2, 2) CPU =        0.009 ms (setup)        0.001 (*)        0.071 (^)        0.055 (&)        0.070 (%) 
Cl( 3, 2) in Cl( 3, 2) CPU =        0.021 ms (setup)        0.002 (*)        0.245 (^)        0.254 (&)        0.265 (%) 
Cl( 3, 3) in Cl( 3, 3) CPU =        0.038 ms (setup)        0.002 (*)        0.405 (^)        0.385 (&)        0.408 (%) 
Cl( 4, 3) in Cl( 4, 3) CPU =        0.096 ms (setup)        0.003 (*)        1.651 (^)        1.680 (&)        1.702 (%) 
Cl( 4, 4) in Cl( 4, 4) CPU =        0.175 ms (setup)        0.003 (*)        2.416 (^)        2.409 (&)        2.442 (%) 
Cl( 1, 0) in Cl( 4, 4) CPU =        0.007 ms (setup)        0.003 (*)        0.093 (^)        0.059 (&)        0.074 (%) 
Cl( 1, 1) in Cl( 4, 4) CPU =        0.006 ms (setup)        0.003 (*)        0.106 (^)        0.073 (&)        0.093 (%) 
Cl( 2, 1) in Cl( 4, 4) CPU =        0.015 ms (setup)        0.003 (*)        0.163 (^)        0.110 (&)        0.124 (%) 
Cl( 2, 2) in Cl( 4, 4) CPU =        0.039 ms (setup)        0.003 (*)        0.221 (^)        0.146 (&)        0.172 (%) 
Cl( 3, 2) in Cl( 4, 4) CPU =        0.083 ms (setup)        0.003 (*)        0.450 (^)        0.332 (&)        0.338 (%) 
Cl( 3, 3) in Cl( 4, 4) CPU =        0.128 ms (setup)        0.003 (*)        0.662 (^)        0.547 (&)        0.579 (%) 
Cl( 4, 3) in Cl( 4, 4) CPU =        0.348 ms (setup)        0.003 (*)        1.832 (^)        1.687 (&)        1.692 (%) 
Cl( 4, 4) in Cl( 4, 4) CPU =        0.181 ms (setup)        0.002 (*)        2.424 (^)        2.418 (&)        2.470 (%) 

framed_multi<double>
Clifford algebra products test:
Fill: 0.5
Cl( 1, 0) in Cl( 1, 0) CPU =        0.002 ms (setup)        0.002 (*)        0.001 (^)        0.001 (&)        0.003 (%) 
Cl( 1, 1) in Cl( 1, 1) CPU =        0.001 ms (setup)        0.001 (*)        0.001 (^)        0.001 (&)        0.001 (%) 
Cl( 2, 1) in Cl( 2, 1) CPU =        0.002 ms (setup)        0.004 (*)        0.002 (^)        0.002 (&)        0.003 (%) 
Cl( 2, 2) in Cl( 2, 2) CPU =        0.002 ms (setup)        0.005 (*)        0.003 (^)        0.003 (&)        0.004 (%) 
Cl( 3, 2) in Cl( 3, 2) CPU =        0.005 ms (setup)        0.011 (*)        0.006 (^)        0.007 (&)        0.005 (%) 
Cl( 3, 3) in Cl( 3, 3) CPU =        0.008 ms (setup)        0.029 (*)        0.013 (^)        0.013 (&)        0.012 (%) 
Cl( 4, 3) in Cl( 4, 3) CPU =        0.016 ms (setup)        0.093 (*)        0.036 (^)        0.036 (&)        0.030 (%) 
Cl( 4, 4) in Cl( 4, 4) CPU =        0.029 ms (setup)        0.433 (*)        0.089 (^)        0.082 (&)        0.064 (%) 
Cl( 5, 4) in Cl( 5, 4) CPU =        0.059 ms (setup)        1.552 (*)        0.259 (^)        0.257 (&)        0.183 (%) 
Cl( 5, 5) in Cl( 5, 5) CPU =        0.118 ms (setup)        2.090 (*)        0.645 (^)        0.613 (&)        0.419 (%) 
Cl( 6, 5) in Cl( 6, 5) CPU =        0.244 ms (setup)        7.463 (*)        1.859 (^)        1.814 (&)        1.185 (%) 
Cl( 6, 6) in Cl( 6, 6) CPU =        0.486 ms (setup)        9.957 (*)        5.107 (^)        5.048 (&)        3.287 (%) 
Cl( 7, 6) in Cl( 7, 6) CPU =        1.034 ms (setup)       35.145 (*)       15.641 (^)       15.124 (&)        8.944 (%) 
Cl( 7, 7) in Cl( 7, 7) CPU =        1.951 ms (setup)       47.121 (*)       44.641 (^)       43.565 (&)       24.537 (%) 
Cl( 8, 7) in Cl( 8, 7) CPU =        3.968 ms (setup)      168.708 (*)      134.295 (^)      128.460 (&)       71.537 (%) 
Cl( 8, 8) in Cl( 8, 8) CPU =        7.926 ms (setup)      228.417 (*)      404.146 (^)      398.019 (&)      213.745 (%) 
Cl( 1, 0) in Cl( 8, 8) CPU =        0.002 ms (setup)        0.001 (*)        0.001 (^)        0.001 (&)        0.001 (%) 
Cl( 1, 1) in Cl( 8, 8) CPU =        0.001 ms (setup)        0.001 (*)        0.001 (^)        0.001 (&)        0.001 (%) 
Cl( 2, 1) in Cl( 8, 8) CPU =        0.002 ms (setup)        0.001 (*)        0.001 (^)        0.001 (&)        0.001 (%) 
Cl( 2, 2) in Cl( 8, 8) CPU =        0.002 ms (setup)        0.004 (*)        0.003 (^)        0.003 (&)        0.005 (%) 
Cl( 3, 2) in Cl( 8, 8) CPU =        0.005 ms (setup)        0.017 (*)        0.007 (^)        0.005 (&)        0.007 (%) 
Cl( 3, 3) in Cl( 8, 8) CPU =        0.009 ms (setup)        0.026 (*)        0.015 (^)        0.011 (&)        0.011 (%) 
Cl( 4, 3) in Cl( 8, 8) CPU =        0.014 ms (setup)        0.062 (*)        0.033 (^)        0.028 (&)        0.026 (%) 
Cl( 4, 4) in Cl( 8, 8) CPU =        0.030 ms (setup)        0.463 (*)        0.093 (^)        0.090 (&)        0.072 (%) 
Cl( 5, 4) in Cl( 8, 8) CPU =        0.058 ms (setup)        1.530 (*)        0.246 (^)        0.252 (&)        0.181 (%) 
Cl( 5, 5) in Cl( 8, 8) CPU =        0.114 ms (setup)        2.053 (*)        0.633 (^)        0.642 (&)        0.417 (%) 
Cl( 6, 5) in Cl( 8, 8) CPU =        0.235 ms (setup)        7.171 (*)        1.808 (^)        1.812 (&)        1.135 (%) 
Cl( 6, 6) in Cl( 8, 8) CPU =        0.461 ms (setup)        9.582 (*)        5.316 (^)        5.107 (&)        3.008 (%) 
Cl( 7, 6) in Cl( 8, 8) CPU =        0.939 ms (setup)       34.368 (*)       14.775 (^)       14.476 (&)        8.525 (%) 
Cl( 7, 7) in Cl( 8, 8) CPU =        1.942 ms (setup)       45.736 (*)       44.526 (^)       43.057 (&)       24.815 (%) 
Cl( 8, 7) in Cl( 8, 8) CPU =        3.843 ms (setup)      170.237 (*)      134.034 (^)      129.974 (&)       71.374 (%) 
Cl( 8, 8) in Cl( 8, 8) CPU =        7.961 ms (setup)      230.204 (*)      404.493 (^)      397.493 (&)      214.626 (%) 
Fill: 1
Cl( 1, 0) in Cl( 1, 0) CPU =        0.002 ms (setup)        0.002 (*)        0.001 (^)        0.002 (&)        0.003 (%) 
Cl( 1, 1) in Cl( 1, 1) CPU =        0.002 ms (setup)        0.003 (*)        0.002 (^)        0.002 (&)        0.002 (%) 
Cl( 2, 1) in Cl( 2, 1) CPU =        0.002 ms (setup)        0.004 (*)        0.002 (^)        0.003 (&)        0.003 (%) 
Cl( 2, 2) in Cl( 2, 2) CPU =        0.004 ms (setup)        0.008 (*)        0.004 (^)        0.005 (&)        0.005 (%) 
Cl( 3, 2) in Cl( 3, 2) CPU =        0.007 ms (setup)        0.022 (*)        0.009 (^)        0.011 (&)        0.010 (%) 
Cl( 3, 3) in Cl( 3, 3) CPU =        0.013 ms (setup)        0.069 (*)        0.021 (^)        0.026 (&)        0.022 (%) 
Cl( 4, 3) in Cl( 4, 3) CPU =        0.041 ms (setup)        0.237 (*)        0.047 (^)        0.070 (&)        0.047 (%) 
Cl( 4, 4) in Cl( 4, 4) CPU =        0.052 ms (setup)        0.541 (*)        0.101 (^)        0.155 (&)        0.121 (%) 
Cl( 5, 4) in Cl( 5, 4) CPU =        0.095 ms (setup)        1.764 (*)        0.252 (^)        0.420 (&)        0.282 (%) 
Cl( 5, 5) in Cl( 5, 5) CPU =        0.195 ms (setup)        2.521 (*)        0.655 (^)        1.161 (&)        0.736 (%) 
Cl( 6, 5) in Cl( 6, 5) CPU =        0.391 ms (setup)        8.995 (*)        1.761 (^)        3.365 (&)        2.043 (%) 
Cl( 6, 6) in Cl( 6, 6) CPU =        0.826 ms (setup)       12.172 (*)        4.848 (^)        9.790 (&)        5.659 (%) 
Cl( 7, 6) in Cl( 7, 6) CPU =        1.614 ms (setup)       40.697 (*)       13.705 (^)       28.682 (&)       16.195 (%) 
Cl( 7, 7) in Cl( 7, 7) CPU =        3.184 ms (setup)       61.480 (*)       40.476 (^)       86.023 (&)       46.844 (%) 
Cl( 8, 7) in Cl( 8, 7) CPU =        6.845 ms (setup)      213.597 (*)      123.794 (^)      265.918 (&)      140.119 (%) 
Cl( 8, 8) in Cl( 8, 8) CPU =       13.675 ms (setup)      317.361 (*)      370.133 (^)      823.927 (&)      424.527 (%) 
Cl( 1, 0) in Cl( 8, 8) CPU =        0.002 ms (setup)        0.002 (*)        0.001 (^)        0.001 (&)        0.002 (%) 
Cl( 1, 1) in Cl( 8, 8) CPU =        0.028 ms (setup)        0.004 (*)        0.002 (^)        0.002 (&)        0.002 (%) 
Cl( 2, 1) in Cl( 8, 8) CPU =        0.003 ms (setup)        0.004 (*)        0.003 (^)        0.004 (&)        0.003 (%) 
Cl( 2, 2) in Cl( 8, 8) CPU =        0.003 ms (setup)        0.007 (*)        0.004 (^)        0.005 (&)        0.004 (%) 
Cl( 3, 2) in Cl( 8, 8) CPU =        0.008 ms (setup)        0.022 (*)        0.008 (^)        0.009 (&)        0.009 (%) 
Cl( 3, 3) in Cl( 8, 8) CPU =        0.012 ms (setup)        0.062 (*)        0.018 (^)        0.023 (&)        0.019 (%) 
Cl( 4, 3) in Cl( 8, 8) CPU =        0.026 ms (setup)        0.210 (*)        0.042 (^)        0.059 (&)        0.053 (%) 
Cl( 4, 4) in Cl( 8, 8) CPU =        0.048 ms (setup)        0.540 (*)        0.106 (^)        0.156 (&)        0.117 (%) 
Cl( 5, 4) in Cl( 8, 8) CPU =        0.101 ms (setup)        1.758 (*)        0.260 (^)        0.429 (&)        0.282 (%) 
Cl( 5, 5) in Cl( 8, 8) CPU =        0.192 ms (setup)        2.528 (*)        0.645 (^)        1.165 (&)        0.752 (%) 
Cl( 6, 5) in Cl( 8, 8) CPU =        0.384 ms (setup)        8.438 (*)        1.742 (^)        3.341 (&)        2.005 (%) 
Cl( 6, 6) in Cl( 8, 8) CPU =        0.769 ms (setup)       12.229 (*)        4.786 (^)        9.659 (&)        5.595 (%) 
Cl( 7, 6) in Cl( 8, 8) CPU =        1.580 ms (setup)       41.983 (*)       13.721 (^)       28.905 (&)       15.890 (%) 
Cl( 7, 7) in Cl( 8, 8) CPU =        3.199 ms (setup)       60.561 (*)       41.830 (^)       85.726 (&)       46.421 (%) 
Cl( 8, 7) in Cl( 8, 8) CPU =        6.725 ms (setup)      214.947 (*)      122.819 (^)      266.517 (&)      140.672 (%) 
Cl( 8, 8) in Cl( 8, 8) CPU =       13.703 ms (setup)      317.380 (*)      370.887 (^)      824.186 (&)      423.591 (%) 

matrix_multi<double>
Clifford algebra products test:
Fill: 0.5
Cl( 1, 0) in Cl( 1, 0) CPU =        0.008 ms (setup)        0.002 (*)        0.011 (^)        0.007 (&)        0.009 (%) 
Cl( 1, 1) in Cl( 1, 1) CPU =        0.008 ms (setup)        0.001 (*)        0.006 (^)        0.008 (&)        0.007 (%) 
Cl( 2, 1) in Cl( 2, 1) CPU =        0.007 ms (setup)        0.001 (*)        0.043 (^)        0.034 (&)        0.037 (%) 
Cl( 2, 2) in Cl( 2, 2) CPU =        0.010 ms (setup)        0.001 (*)        0.030 (^)        0.038 (&)        0.049 (%) 
Cl( 3, 2) in Cl( 3, 2) CPU =        0.033 ms (setup)        0.004 (*)        0.184 (^)        0.186 (&)        0.204 (%) 
Cl( 3, 3) in Cl( 3, 3) CPU =        0.030 ms (setup)        0.002 (*)        0.245 (^)        0.312 (&)        0.305 (%) 
Cl( 4, 3) in Cl( 4, 3) CPU =        0.069 ms (setup)        0.004 (*)        1.276 (^)        1.385 (&)        1.393 (%) 
Cl( 4, 4) in Cl( 4, 4) CPU =        0.126 ms (setup)        0.004 (*)        1.925 (^)        1.988 (&)        2.046 (%) 
Cl( 5, 4) in Cl( 5, 4) CPU =        0.315 ms (setup)        0.011 (*)        7.234 (^)        8.081 (&)        7.777 (%) 
Cl( 5, 5) in Cl( 5, 5) CPU =        0.570 ms (setup)        0.011 (*)       10.844 (^)       11.074 (&)       11.130 (%) 
Cl( 6, 5) in Cl( 6, 5) CPU =        1.361 ms (setup)        0.059 (*)       39.678 (^)       43.382 (&)       41.482 (%) 
Cl( 6, 6) in Cl( 6, 6) CPU =        2.606 ms (setup)        0.059 (*)       57.099 (^)       58.717 (&)       56.850 (%) 
Cl( 7, 6) in Cl( 7, 6) CPU =        6.371 ms (setup)        0.391 (*)      237.316 (^)      259.814 (&)      237.925 (%) 
Cl( 7, 7) in Cl( 7, 7) CPU =       11.998 ms (setup)        0.395 (*)      295.665 (^)      335.077 (&)      304.700 (%) 
Cl( 8, 7) in Cl( 8, 7) CPU =       31.085 ms (setup)        2.997 (*)     1575.905 (^)     1661.695 (&)     1425.995 (%) 
Cl( 8, 8) in Cl( 8, 8) CPU =       59.606 ms (setup)        2.882 (*)     1794.244 (^)     2063.488 (&)     1810.175 (%) 
Cl( 1, 0) in Cl( 8, 8) CPU =        0.059 ms (setup)        2.920 (*)       13.101 (^)       12.998 (&)       13.203 (%) 
Cl( 1, 1) in Cl( 8, 8) CPU =        0.144 ms (setup)        2.922 (*)       23.499 (^)       13.273 (&)       20.020 (%) 
Cl( 2, 1) in Cl( 8, 8) CPU =        0.171 ms (setup)        2.916 (*)       39.922 (^)       22.091 (&)       29.483 (%) 
Cl( 2, 2) in Cl( 8, 8) CPU =        0.323 ms (setup)        2.949 (*)       60.343 (^)       38.547 (&)       42.084 (%) 
Cl( 3, 2) in Cl( 8, 8) CPU =        1.861 ms (setup)        2.981 (*)       87.335 (^)       59.315 (&)       57.173 (%) 
Cl( 3, 3) in Cl( 8, 8) CPU =        1.416 ms (setup)        2.845 (*)      125.275 (^)       88.871 (&)       79.240 (%) 
Cl( 4, 3) in Cl( 8, 8) CPU =        2.662 ms (setup)        2.837 (*)      166.190 (^)      166.264 (&)      108.806 (%) 
Cl( 4, 4) in Cl( 8, 8) CPU =        1.796 ms (setup)        2.827 (*)      219.773 (^)      171.127 (&)      138.629 (%) 
Cl( 5, 4) in Cl( 8, 8) CPU =        2.519 ms (setup)        2.833 (*)      284.825 (^)      222.584 (&)      174.150 (%) 
Cl( 5, 5) in Cl( 8, 8) CPU =        3.478 ms (setup)        2.837 (*)      375.531 (^)      332.284 (&)      242.037 (%) 
Cl( 6, 5) in Cl( 8, 8) CPU =        7.814 ms (setup)        2.845 (*)      420.727 (^)      365.082 (&)      275.247 (%) 
Cl( 6, 6) in Cl( 8, 8) CPU =       11.351 ms (setup)        2.828 (*)      499.853 (^)      511.346 (&)      370.624 (%) 
Cl( 7, 6) in Cl( 8, 8) CPU =       28.896 ms (setup)        2.913 (*)      624.002 (^)      729.682 (&)      516.391 (%) 
Cl( 7, 7) in Cl( 8, 8) CPU =       49.877 ms (setup)        2.997 (*)      795.175 (^)      890.170 (&)      687.172 (%) 
Cl( 8, 7) in Cl( 8, 8) CPU =      117.023 ms (setup)        2.844 (*)     1442.378 (^)     1571.917 (&)     1341.883 (%) 
Cl( 8, 8) in Cl( 8, 8) CPU =       58.604 ms (setup)        2.864 (*)     1694.579 (^)     2067.176 (&)     1758.522 (%) 
Fill: 1
Cl( 1, 0) in Cl( 1, 0) CPU =        0.003 ms (setup)        0.002 (*)        0.011 (^)        0.010 (&)        0.010 (%) 
Cl( 1, 1) in Cl( 1, 1) CPU =        0.003 ms (setup)        0.001 (*)        0.014 (^)        0.009 (&)        0.015 (%) 
Cl( 2, 1) in Cl( 2, 1) CPU =        0.004 ms (setup)        0.001 (*)        0.049 (^)        0.040 (&)        0.045 (%) 
Cl( 2, 2) in Cl( 2, 2) CPU =        0.009 ms (setup)        0.001 (*)        0.082 (^)        0.057 (&)        0.071 (%) 
Cl( 3, 2) in Cl( 3, 2) CPU =        0.021 ms (setup)        0.002 (*)        0.248 (^)        0.239 (&)        0.240 (%) 
Cl( 3, 3) in Cl( 3, 3) CPU =        0.040 ms (setup)        0.002 (*)        0.394 (^)        0.383 (&)        0.406 (%) 
Cl( 4, 3) in Cl( 4, 3) CPU =        0.096 ms (setup)        0.004 (*)        1.587 (^)        1.629 (&)        1.633 (%) 
Cl( 4, 4) in Cl( 4, 4) CPU =        0.176 ms (setup)        0.004 (*)        2.280 (^)        2.282 (&)        2.317 (%) 
Cl( 5, 4) in Cl( 5, 4) CPU =        0.428 ms (setup)        0.011 (*)        8.389 (^)        8.672 (&)        8.609 (%) 
Cl( 5, 5) in Cl( 5, 5) CPU =        0.837 ms (setup)        0.011 (*)       11.981 (^)       12.099 (&)       11.871 (%) 
Cl( 6, 5) in Cl( 6, 5) CPU =        2.009 ms (setup)        0.060 (*)       44.794 (^)       47.276 (&)       45.169 (%) 
Cl( 6, 6) in Cl( 6, 6) CPU =        3.962 ms (setup)        0.060 (*)       61.593 (^)       63.547 (&)       61.247 (%) 
Cl( 7, 6) in Cl( 7, 6) CPU =        9.498 ms (setup)        0.397 (*)      247.731 (^)      272.721 (&)      248.868 (%) 
Cl( 7, 7) in Cl( 7, 7) CPU =       19.088 ms (setup)        0.401 (*)      326.137 (^)      353.100 (&)      329.431 (%) 
Cl( 8, 7) in Cl( 8, 7) CPU =       51.306 ms (setup)        2.885 (*)     1779.654 (^)     1711.868 (&)     1482.200 (%) 
Cl( 8, 8) in Cl( 8, 8) CPU =      101.156 ms (setup)        2.930 (*)     1889.735 (^)     2167.510 (&)     1903.216 (%) 
Cl( 1, 0) in Cl( 8, 8) CPU =        0.132 ms (setup)        3.009 (*)       23.438 (^)       13.193 (&)       20.218 (%) 
Cl( 1, 1) in Cl( 8, 8) CPU =        0.158 ms (setup)        2.933 (*)       38.822 (^)       22.069 (&)       29.547 (%) 
Cl( 2, 1) in Cl( 8, 8) CPU =        0.236 ms (setup)        2.918 (*)       60.261 (^)       38.714 (&)       42.271 (%) 
Cl( 2, 2) in Cl( 8, 8) CPU =        1.315 ms (setup)        2.835 (*)       87.255 (^)       58.521 (&)       57.170 (%) 
Cl( 3, 2) in Cl( 8, 8) CPU =        1.359 ms (setup)        2.870 (*)      120.227 (^)       85.334 (&)       75.906 (%) 
Cl( 3, 3) in Cl( 8, 8) CPU =        1.423 ms (setup)        2.836 (*)      164.022 (^)      123.243 (&)      102.513 (%) 
Cl( 4, 3) in Cl( 8, 8) CPU =        1.658 ms (setup)        2.825 (*)      218.553 (^)      170.167 (&)      135.695 (%) 
Cl( 4, 4) in Cl( 8, 8) CPU =        2.018 ms (setup)        2.875 (*)      270.945 (^)      215.724 (&)      165.521 (%) 
Cl( 5, 4) in Cl( 8, 8) CPU =        3.280 ms (setup)        2.897 (*)      328.921 (^)      274.796 (&)      204.500 (%) 
Cl( 5, 5) in Cl( 8, 8) CPU =        4.245 ms (setup)        2.825 (*)      377.740 (^)      336.329 (&)      246.829 (%) 
Cl( 6, 5) in Cl( 8, 8) CPU =        9.985 ms (setup)        2.880 (*)      457.330 (^)      431.128 (&)      319.656 (%) 
Cl( 6, 6) in Cl( 8, 8) CPU =       15.060 ms (setup)        2.817 (*)      512.588 (^)      518.653 (&)      376.846 (%) 
Cl( 7, 6) in Cl( 8, 8) CPU =       35.738 ms (setup)        2.819 (*)      719.065 (^)      745.437 (&)      568.683 (%) 
Cl( 7, 7) in Cl( 8, 8) CPU =       67.736 ms (setup)        2.837 (*)      818.123 (^)      914.375 (&)      710.546 (%) 
Cl( 8, 7) in Cl( 8, 8) CPU =      163.782 ms (setup)        2.969 (*)     1579.767 (^)     1712.155 (&)     1476.471 (%) 
Cl( 8, 8) in Cl( 8, 8) CPU =      100.703 ms (setup)        2.937 (*)     1893.102 (^)     2160.413 (&)     1900.747 (%) 
