
framed_multi<double>
Clifford algebra squaring test:
Fill: 0.5
Cl( 1, 0) in Cl( 1, 0) CPU =        0.038 ms (setup)        0.012 (*) 
Cl( 1, 1) in Cl( 1, 1) CPU =        0.002 ms (setup)        0.002 (*) 
Cl( 2, 1) in Cl( 2, 1) CPU =        0.002 ms (setup)        0.005 (*) 
Cl( 2, 2) in Cl( 2, 2) CPU =        0.003 ms (setup)        0.006 (*) 
Cl( 3, 2) in Cl( 3, 2) CPU =        0.008 ms (setup)        0.016 (*) 
Cl( 3, 3) in Cl( 3, 3) CPU =        0.009 ms (setup)        0.040 (*) 
Cl( 4, 3) in Cl( 4, 3) CPU =        0.029 ms (setup)        0.107 (*) 
Cl( 4, 4) in Cl( 4, 4) CPU =        0.031 ms (setup)        0.566 (*) 
Cl( 5, 4) in Cl( 5, 4) CPU =        0.066 ms (setup)        1.889 (*) 
Cl( 5, 5) in Cl( 5, 5) CPU =        0.127 ms (setup)        2.214 (*) 
Cl( 6, 5) in Cl( 6, 5) CPU =        0.244 ms (setup)        8.084 (*) 
Cl( 6, 6) in Cl( 6, 6) CPU =        0.477 ms (setup)       10.044 (*) 
Cl( 7, 6) in Cl( 7, 6) CPU =        0.958 ms (setup)       37.210 (*) 
Cl( 7, 7) in Cl( 7, 7) CPU =        1.938 ms (setup)       46.973 (*) 
Cl( 8, 7) in Cl( 8, 7) CPU =        3.854 ms (setup)      172.994 (*) 
Cl( 8, 8) in Cl( 8, 8) CPU =        8.135 ms (setup)      234.969 (*) 
Cl( 9, 8) in Cl( 9, 8) CPU =       15.807 ms (setup)      647.218 (*) 
Cl( 9, 9) in Cl( 9, 9) CPU =       37.666 ms (setup)     1211.843 (*) 
Cl(10, 9) in Cl(10, 9) CPU =       77.747 ms (setup)     4648.216 (*) 
Cl(10,10) in Cl(10,10) CPU =      163.142 ms (setup)     6576.607 (*) 
Cl(11,10) in Cl(11,10) CPU =      333.963 ms (setup)    27360.880 (*) 
Cl(11,11) in Cl(11,11) CPU =      684.036 ms (setup)    40778.059 (*) 
Fill: 1
Cl( 1, 0) in Cl( 1, 0) CPU =        0.007 ms (setup)        0.008 (*) 
Cl( 1, 1) in Cl( 1, 1) CPU =        0.003 ms (setup)        0.006 (*) 
Cl( 2, 1) in Cl( 2, 1) CPU =        0.002 ms (setup)        0.005 (*) 
Cl( 2, 2) in Cl( 2, 2) CPU =        0.004 ms (setup)        0.010 (*) 
Cl( 3, 2) in Cl( 3, 2) CPU =        0.009 ms (setup)        0.024 (*) 
Cl( 3, 3) in Cl( 3, 3) CPU =        0.014 ms (setup)        0.074 (*) 
Cl( 4, 3) in Cl( 4, 3) CPU =        0.028 ms (setup)        0.233 (*) 
Cl( 4, 4) in Cl( 4, 4) CPU =        0.051 ms (setup)        0.591 (*) 
Cl( 5, 4) in Cl( 5, 4) CPU =        0.107 ms (setup)        1.849 (*) 
Cl( 5, 5) in Cl( 5, 5) CPU =        0.200 ms (setup)        2.600 (*) 
Cl( 6, 5) in Cl( 6, 5) CPU =        0.392 ms (setup)        8.611 (*) 
Cl( 6, 6) in Cl( 6, 6) CPU =        0.798 ms (setup)       12.459 (*) 
Cl( 7, 6) in Cl( 7, 6) CPU =        1.606 ms (setup)       42.120 (*) 
Cl( 7, 7) in Cl( 7, 7) CPU =        3.180 ms (setup)       62.043 (*) 
Cl( 8, 7) in Cl( 8, 7) CPU =        6.498 ms (setup)      212.773 (*) 
Cl( 8, 8) in Cl( 8, 8) CPU =       13.325 ms (setup)      319.665 (*) 
Cl( 9, 8) in Cl( 9, 8) CPU =       30.147 ms (setup)      882.575 (*) 
Cl( 9, 9) in Cl( 9, 9) CPU =       62.887 ms (setup)     1731.713 (*) 
Cl(10, 9) in Cl(10, 9) CPU =      141.277 ms (setup)     6151.649 (*) 
Cl(10,10) in Cl(10,10) CPU =      301.488 ms (setup)    10187.807 (*) 
Cl(11,10) in Cl(11,10) CPU =      615.978 ms (setup)    37649.201 (*) 
Cl(11,11) in Cl(11,11) CPU =     1281.977 ms (setup)    64681.736 (*) 

matrix_multi<double>
Clifford algebra squaring test:
Fill: 0.5
Cl( 1, 0) in Cl( 1, 0) CPU =        0.063 ms (setup)        0.004 (*) 
Cl( 1, 1) in Cl( 1, 1) CPU =        0.007 ms (setup)        0.001 (*) 
Cl( 2, 1) in Cl( 2, 1) CPU =        0.023 ms (setup)        0.001 (*) 
Cl( 2, 2) in Cl( 2, 2) CPU =        0.018 ms (setup)        0.001 (*) 
Cl( 3, 2) in Cl( 3, 2) CPU =        0.045 ms (setup)        0.009 (*) 
Cl( 3, 3) in Cl( 3, 3) CPU =        0.066 ms (setup)        0.004 (*) 
Cl( 4, 3) in Cl( 4, 3) CPU =        0.081 ms (setup)        0.006 (*) 
Cl( 4, 4) in Cl( 4, 4) CPU =        0.138 ms (setup)        0.005 (*) 
Cl( 5, 4) in Cl( 5, 4) CPU =        0.315 ms (setup)        0.013 (*) 
Cl( 5, 5) in Cl( 5, 5) CPU =        0.695 ms (setup)        0.013 (*) 
Cl( 6, 5) in Cl( 6, 5) CPU =        1.466 ms (setup)        0.062 (*) 
Cl( 6, 6) in Cl( 6, 6) CPU =        2.894 ms (setup)        0.062 (*) 
Cl( 7, 6) in Cl( 7, 6) CPU =        6.297 ms (setup)        0.399 (*) 
Cl( 7, 7) in Cl( 7, 7) CPU =       12.185 ms (setup)        0.404 (*) 
Cl( 8, 7) in Cl( 8, 7) CPU =       30.143 ms (setup)        2.906 (*) 
Cl( 8, 8) in Cl( 8, 8) CPU =       57.067 ms (setup)        2.978 (*) 
Cl( 9, 8) in Cl( 9, 8) CPU =      148.195 ms (setup)       21.727 (*) 
Cl( 9, 9) in Cl( 9, 9) CPU =      277.169 ms (setup)       21.683 (*) 
Cl(10, 9) in Cl(10, 9) CPU =      746.022 ms (setup)      174.903 (*) 
Cl(10,10) in Cl(10,10) CPU =     1495.517 ms (setup)      176.333 (*) 
Cl(11,10) in Cl(11,10) CPU =     4174.047 ms (setup)     1318.070 (*) 
Cl(11,11) in Cl(11,11) CPU =     8256.902 ms (setup)     1331.777 (*) 
Fill: 1
Cl( 1, 0) in Cl( 1, 0) CPU =        0.020 ms (setup)        0.003 (*) 
Cl( 1, 1) in Cl( 1, 1) CPU =        0.011 ms (setup)        0.002 (*) 
Cl( 2, 1) in Cl( 2, 1) CPU =        0.013 ms (setup)        0.001 (*) 
Cl( 2, 2) in Cl( 2, 2) CPU =       10.002 ms (setup)        0.003 (*) 
Cl( 3, 2) in Cl( 3, 2) CPU =        4.642 ms (setup)        0.009 (*) 
Cl( 3, 3) in Cl( 3, 3) CPU =        0.059 ms (setup)        0.003 (*) 
Cl( 4, 3) in Cl( 4, 3) CPU =        0.108 ms (setup)        0.005 (*) 
Cl( 4, 4) in Cl( 4, 4) CPU =        0.192 ms (setup)        0.006 (*) 
Cl( 5, 4) in Cl( 5, 4) CPU =        0.448 ms (setup)        0.013 (*) 
Cl( 5, 5) in Cl( 5, 5) CPU =        0.875 ms (setup)        0.013 (*) 
Cl( 6, 5) in Cl( 6, 5) CPU =        2.135 ms (setup)        0.062 (*) 
Cl( 6, 6) in Cl( 6, 6) CPU =        4.193 ms (setup)        0.062 (*) 
Cl( 7, 6) in Cl( 7, 6) CPU =       10.137 ms (setup)        0.400 (*) 
Cl( 7, 7) in Cl( 7, 7) CPU =       19.999 ms (setup)        0.415 (*) 
Cl( 8, 7) in Cl( 8, 7) CPU =       49.793 ms (setup)        3.014 (*) 
Cl( 8, 8) in Cl( 8, 8) CPU =       98.926 ms (setup)        2.963 (*) 
Cl( 9, 8) in Cl( 9, 8) CPU =      260.639 ms (setup)       23.676 (*) 
Cl( 9, 9) in Cl( 9, 9) CPU =      529.936 ms (setup)       21.862 (*) 
Cl(10, 9) in Cl(10, 9) CPU =     1410.226 ms (setup)      170.771 (*) 
Cl(10,10) in Cl(10,10) CPU =     2923.164 ms (setup)      167.789 (*) 
Cl(11,10) in Cl(11,10) CPU =     8474.056 ms (setup)     1307.537 (*) 
Cl(11,11) in Cl(11,11) CPU =    17765.833 ms (setup)     1311.151 (*) 
