
framed_multi<float,-4,4>
Clifford algebra expressions test:
Fill: 0.5
Cl( 1, 0) in Cl( 1, 0) CPU =        0.002 ms (setup)        0.002 (comm)        0.005 (pade)        0.002 (series)        0.001 (mix)        0.002 (add) 
Cl( 1, 1) in Cl( 1, 1) CPU =        0.001 ms (setup)        0.001 (comm)        0.005 (pade)        0.001 (series)        0.001 (mix)        0.001 (add) 
Cl( 2, 1) in Cl( 2, 1) CPU =        0.001 ms (setup)        0.005 (comm)        0.013 (pade)        0.007 (series)        0.002 (mix)        0.002 (add) 
Cl( 2, 2) in Cl( 2, 2) CPU =        0.003 ms (setup)        0.009 (comm)        0.014 (pade)        0.011 (series)        0.003 (mix)        0.002 (add) 
Cl( 3, 2) in Cl( 3, 2) CPU =        0.005 ms (setup)        0.021 (comm)        0.059 (pade)        0.022 (series)        0.007 (mix)        0.003 (add) 
Cl( 3, 3) in Cl( 3, 3) CPU =        0.011 ms (setup)        0.058 (comm)        0.076 (pade)        0.089 (series)        0.018 (mix)        0.006 (add) 
Cl( 4, 3) in Cl( 4, 3) CPU =        0.022 ms (setup)        0.152 (comm)        0.286 (pade)        0.268 (series)        0.053 (mix)        0.015 (add) 
Cl( 4, 4) in Cl( 4, 4) CPU =        0.047 ms (setup)        0.868 (comm)        0.400 (pade)        1.482 (series)        0.152 (mix)        0.036 (add) 
Cl( 1, 0) in Cl( 4, 4) CPU =        0.001 ms (setup)        0.001 (comm)        0.005 (pade)        0.002 (series)        0.000 (mix)        0.002 (add) 
Cl( 1, 1) in Cl( 4, 4) CPU =        0.001 ms (setup)        0.002 (comm)        0.005 (pade)        0.003 (series)        0.001 (mix)        0.002 (add) 
Cl( 2, 1) in Cl( 4, 4) CPU =        0.002 ms (setup)        0.005 (comm)        0.013 (pade)        0.007 (series)        0.002 (mix)        0.002 (add) 
Cl( 2, 2) in Cl( 4, 4) CPU =        0.003 ms (setup)        0.010 (comm)        0.015 (pade)        0.013 (series)        0.003 (mix)        0.002 (add) 
Cl( 3, 2) in Cl( 4, 4) CPU =        0.005 ms (setup)        0.022 (comm)        0.057 (pade)        0.033 (series)        0.007 (mix)        0.004 (add) 
Cl( 3, 3) in Cl( 4, 4) CPU =        0.011 ms (setup)        0.058 (comm)        0.080 (pade)        0.090 (series)        0.018 (mix)        0.007 (add) 
Cl( 4, 3) in Cl( 4, 4) CPU =        0.022 ms (setup)        0.135 (comm)        0.281 (pade)        0.108 (series)        0.026 (mix)        0.005 (add) 
Cl( 4, 4) in Cl( 4, 4) CPU =        0.026 ms (setup)        0.437 (comm)        0.194 (pade)        0.729 (series)        0.085 (mix)        0.013 (add) 
Fill: 1
Cl( 1, 0) in Cl( 1, 0) CPU =        0.000 ms (setup)        0.002 (comm)        0.003 (pade)        0.002 (series)        0.001 (mix)        0.001 (add) 
Cl( 1, 1) in Cl( 1, 1) CPU =        0.001 ms (setup)        0.003 (comm)        0.003 (pade)        0.003 (series)        0.001 (mix)        0.001 (add) 
Cl( 2, 1) in Cl( 2, 1) CPU =        0.001 ms (setup)        0.004 (comm)        0.006 (pade)        0.004 (series)        0.001 (mix)        0.001 (add) 
Cl( 2, 2) in Cl( 2, 2) CPU =        0.001 ms (setup)        0.006 (comm)        0.008 (pade)        0.007 (series)        0.002 (mix)        0.001 (add) 
Cl( 3, 2) in Cl( 3, 2) CPU =        0.004 ms (setup)        0.015 (comm)        0.030 (pade)        0.020 (series)        0.005 (mix)        0.002 (add) 
Cl( 3, 3) in Cl( 3, 3) CPU =        0.007 ms (setup)        0.042 (comm)        0.041 (pade)        0.058 (series)        0.011 (mix)        0.003 (add) 
Cl( 4, 3) in Cl( 4, 3) CPU =        0.015 ms (setup)        0.123 (comm)        0.151 (pade)        0.184 (series)        0.030 (mix)        0.007 (add) 
Cl( 4, 4) in Cl( 4, 4) CPU =        0.034 ms (setup)        0.495 (comm)        0.210 (pade)        0.811 (series)        0.082 (mix)        0.020 (add) 
Cl( 1, 0) in Cl( 4, 4) CPU =        0.001 ms (setup)        0.002 (comm)        0.003 (pade)        0.002 (series)        0.001 (mix)        0.001 (add) 
Cl( 1, 1) in Cl( 4, 4) CPU =        0.001 ms (setup)        0.002 (comm)        0.003 (pade)        0.003 (series)        0.001 (mix)        0.001 (add) 
Cl( 2, 1) in Cl( 4, 4) CPU =        0.001 ms (setup)        0.003 (comm)        0.006 (pade)        0.004 (series)        0.002 (mix)        0.001 (add) 
Cl( 2, 2) in Cl( 4, 4) CPU =        0.002 ms (setup)        0.006 (comm)        0.009 (pade)        0.007 (series)        0.002 (mix)        0.001 (add) 
Cl( 3, 2) in Cl( 4, 4) CPU =        0.003 ms (setup)        0.015 (comm)        0.030 (pade)        0.019 (series)        0.005 (mix)        0.002 (add) 
Cl( 3, 3) in Cl( 4, 4) CPU =        0.007 ms (setup)        0.042 (comm)        0.041 (pade)        0.058 (series)        0.011 (mix)        0.004 (add) 
Cl( 4, 3) in Cl( 4, 4) CPU =        0.015 ms (setup)        0.123 (comm)        0.151 (pade)        0.184 (series)        0.029 (mix)        0.007 (add) 
Cl( 4, 4) in Cl( 4, 4) CPU =        0.034 ms (setup)        0.489 (comm)        0.210 (pade)        0.807 (series)        0.081 (mix)        0.021 (add) 

matrix_multi<float,-4,4>
Clifford algebra expressions test:
Fill: 0.5
Cl( 1, 0) in Cl( 1, 0) CPU =        0.003 ms (setup)        0.003 (comm)        0.001 (pade)        0.001 (series)        0.003 (mix)        0.000 (add) 
Cl( 1, 1) in Cl( 1, 1) CPU =        0.005 ms (setup)        0.005 (comm)        0.001 (pade)        0.001 (series)        0.005 (mix)        0.000 (add) 
Cl( 2, 1) in Cl( 2, 1) CPU =        0.003 ms (setup)        0.016 (comm)        0.002 (pade)        0.001 (series)        0.015 (mix)        0.000 (add) 
Cl( 2, 2) in Cl( 2, 2) CPU =        0.003 ms (setup)        0.031 (comm)        0.002 (pade)        0.001 (series)        0.030 (mix)        0.001 (add) 
Cl( 3, 2) in Cl( 3, 2) CPU =        0.013 ms (setup)        0.121 (comm)        0.003 (pade)        0.002 (series)        0.117 (mix)        0.000 (add) 
Cl( 3, 3) in Cl( 3, 3) CPU =        0.021 ms (setup)        0.217 (comm)        0.003 (pade)        0.002 (series)        0.209 (mix)        0.001 (add) 
Cl( 4, 3) in Cl( 4, 3) CPU =        0.051 ms (setup)        0.949 (comm)        0.007 (pade)        0.004 (series)        0.924 (mix)        0.000 (add) 
Cl( 4, 4) in Cl( 4, 4) CPU =        0.103 ms (setup)        1.500 (comm)        0.007 (pade)        0.004 (series)        1.478 (mix)        0.000 (add) 
Cl( 1, 0) in Cl( 4, 4) CPU =        0.002 ms (setup)        0.028 (comm)        0.007 (pade)        0.004 (series)        0.026 (mix)        0.001 (add) 
Cl( 1, 1) in Cl( 4, 4) CPU =        0.002 ms (setup)        0.031 (comm)        0.006 (pade)        0.004 (series)        0.029 (mix)        0.000 (add) 
Cl( 2, 1) in Cl( 4, 4) CPU =        0.007 ms (setup)        0.070 (comm)        0.007 (pade)        0.004 (series)        0.067 (mix)        0.000 (add) 
Cl( 2, 2) in Cl( 4, 4) CPU =        0.011 ms (setup)        0.109 (comm)        0.007 (pade)        0.004 (series)        0.105 (mix)        0.001 (add) 
Cl( 3, 2) in Cl( 4, 4) CPU =        0.043 ms (setup)        0.214 (comm)        0.007 (pade)        0.003 (series)        0.208 (mix)        0.001 (add) 
Cl( 3, 3) in Cl( 4, 4) CPU =        0.071 ms (setup)        0.330 (comm)        0.008 (pade)        0.003 (series)        0.320 (mix)        0.000 (add) 
Cl( 4, 3) in Cl( 4, 4) CPU =        0.189 ms (setup)        1.005 (comm)        0.007 (pade)        0.004 (series)        0.989 (mix)        0.001 (add) 
Cl( 4, 4) in Cl( 4, 4) CPU =        0.102 ms (setup)        1.491 (comm)        0.007 (pade)        0.004 (series)        1.472 (mix)        0.000 (add) 
Fill: 1
Cl( 1, 0) in Cl( 1, 0) CPU =        0.001 ms (setup)        0.005 (comm)        0.001 (pade)        0.001 (series)        0.004 (mix)        0.001 (add) 
Cl( 1, 1) in Cl( 1, 1) CPU =        0.001 ms (setup)        0.008 (comm)        0.001 (pade)        0.001 (series)        0.007 (mix)        0.001 (add) 
Cl( 2, 1) in Cl( 2, 1) CPU =        0.002 ms (setup)        0.027 (comm)        0.002 (pade)        0.001 (series)        0.026 (mix)        0.001 (add) 
Cl( 2, 2) in Cl( 2, 2) CPU =        0.005 ms (setup)        0.044 (comm)        0.001 (pade)        0.001 (series)        0.043 (mix)        0.000 (add) 
Cl( 3, 2) in Cl( 3, 2) CPU =        0.013 ms (setup)        0.166 (comm)        0.003 (pade)        0.002 (series)        0.162 (mix)        0.000 (add) 
Cl( 3, 3) in Cl( 3, 3) CPU =        0.024 ms (setup)        0.254 (comm)        0.003 (pade)        0.002 (series)        0.251 (mix)        0.001 (add) 
Cl( 4, 3) in Cl( 4, 3) CPU =        0.063 ms (setup)        1.086 (comm)        0.007 (pade)        0.004 (series)        1.075 (mix)        0.001 (add) 
Cl( 4, 4) in Cl( 4, 4) CPU =        0.125 ms (setup)        1.649 (comm)        0.007 (pade)        0.004 (series)        1.634 (mix)        0.000 (add) 
Cl( 1, 0) in Cl( 4, 4) CPU =        0.003 ms (setup)        0.046 (comm)        0.007 (pade)        0.004 (series)        0.044 (mix)        0.001 (add) 
Cl( 1, 1) in Cl( 4, 4) CPU =        0.003 ms (setup)        0.064 (comm)        0.007 (pade)        0.003 (series)        0.061 (mix)        0.001 (add) 
Cl( 2, 1) in Cl( 4, 4) CPU =        0.008 ms (setup)        0.091 (comm)        0.007 (pade)        0.004 (series)        0.089 (mix)        0.000 (add) 
Cl( 2, 2) in Cl( 4, 4) CPU =        0.019 ms (setup)        0.132 (comm)        0.007 (pade)        0.004 (series)        0.130 (mix)        0.000 (add) 
Cl( 3, 2) in Cl( 4, 4) CPU =        0.049 ms (setup)        0.248 (comm)        0.007 (pade)        0.004 (series)        0.242 (mix)        0.001 (add) 
Cl( 3, 3) in Cl( 4, 4) CPU =        0.085 ms (setup)        0.394 (comm)        0.007 (pade)        0.004 (series)        0.389 (mix)        0.000 (add) 
Cl( 4, 3) in Cl( 4, 4) CPU =        0.228 ms (setup)        1.147 (comm)        0.007 (pade)        0.004 (series)        1.133 (mix)        0.001 (add) 
Cl( 4, 4) in Cl( 4, 4) CPU =        0.128 ms (setup)        1.640 (comm)        0.007 (pade)        0.004 (series)        1.623 (mix)        0.001 (add) 

framed_multi<double>
Clifford algebra expressions test:
Fill: 0.5
Cl( 1, 0) in Cl( 1, 0) CPU =        0.001 ms (setup)        0.001 (comm)        0.003 (pade)        0.001 (series)        0.001 (mix)        0.001 (add) 
Cl( 1, 1) in Cl( 1, 1) CPU =        0.001 ms (setup)        0.000 (comm)        0.003 (pade)        0.001 (series)        0.000 (mix)        0.001 (add) 
Cl( 2, 1) in Cl( 2, 1) CPU =        0.001 ms (setup)        0.004 (comm)        0.005 (pade)        0.004 (series)        0.001 (mix)        0.001 (add) 
Cl( 2, 2) in Cl( 2, 2) CPU =        0.002 ms (setup)        0.006 (comm)        0.007 (pade)        0.007 (series)        0.002 (mix)        0.001 (add) 
Cl( 3, 2) in Cl( 3, 2) CPU =        0.003 ms (setup)        0.014 (comm)        0.030 (pade)        0.012 (series)        0.004 (mix)        0.002 (add) 
Cl( 3, 3) in Cl( 3, 3) CPU =        0.007 ms (setup)        0.036 (comm)        0.037 (pade)        0.049 (series)        0.009 (mix)        0.002 (add) 
Cl( 4, 3) in Cl( 4, 3) CPU =        0.013 ms (setup)        0.097 (comm)        0.139 (pade)        0.137 (series)        0.033 (mix)        0.005 (add) 
Cl( 4, 4) in Cl( 4, 4) CPU =        0.027 ms (setup)        0.444 (comm)        0.186 (pade)        0.697 (series)        0.107 (mix)        0.007 (add) 
Cl( 5, 4) in Cl( 5, 4) CPU =        0.054 ms (setup)        1.512 (comm)        0.655 (pade)        2.514 (series)        0.302 (mix)        0.013 (add) 
Cl( 5, 5) in Cl( 5, 5) CPU =        0.113 ms (setup)        2.579 (comm)        0.935 (pade)        3.577 (series)        0.839 (mix)        0.028 (add) 
Cl( 6, 5) in Cl( 6, 5) CPU =        0.235 ms (setup)        8.460 (comm)        3.293 (pade)       12.779 (series)        2.339 (mix)        0.061 (add) 
Cl( 6, 6) in Cl( 6, 6) CPU =        0.481 ms (setup)       15.029 (comm)        4.638 (pade)       18.048 (series)        6.671 (mix)        0.137 (add) 
Cl( 7, 6) in Cl( 7, 6) CPU =        0.974 ms (setup)       48.661 (comm)       16.043 (pade)       62.160 (series)       19.596 (mix)        0.301 (add) 
Cl( 7, 7) in Cl( 7, 7) CPU =        1.977 ms (setup)       97.553 (comm)       22.556 (pade)       88.678 (series)       57.614 (mix)        0.617 (add) 
Cl( 8, 7) in Cl( 8, 7) CPU =        3.992 ms (setup)      312.977 (comm)       79.719 (pade)      313.541 (series)      168.470 (mix)        1.293 (add) 
Cl( 8, 8) in Cl( 8, 8) CPU =        8.029 ms (setup)      710.119 (comm)      115.420 (pade)      452.000 (series)      508.484 (mix)        2.766 (add) 
Cl( 1, 0) in Cl( 8, 8) CPU =        0.001 ms (setup)        0.001 (comm)        0.002 (pade)        0.001 (series)        0.000 (mix)        0.001 (add) 
Cl( 1, 1) in Cl( 8, 8) CPU =        0.001 ms (setup)        0.000 (comm)        0.003 (pade)        0.001 (series)        0.000 (mix)        0.001 (add) 
Cl( 2, 1) in Cl( 8, 8) CPU =        0.001 ms (setup)        0.003 (comm)        0.006 (pade)        0.003 (series)        0.001 (mix)        0.001 (add) 
Cl( 2, 2) in Cl( 8, 8) CPU =        0.001 ms (setup)        0.006 (comm)        0.007 (pade)        0.007 (series)        0.002 (mix)        0.001 (add) 
Cl( 3, 2) in Cl( 8, 8) CPU =        0.003 ms (setup)        0.010 (comm)        0.022 (pade)        0.011 (series)        0.003 (mix)        0.001 (add) 
Cl( 3, 3) in Cl( 8, 8) CPU =        0.006 ms (setup)        0.038 (comm)        0.038 (pade)        0.046 (series)        0.009 (mix)        0.002 (add) 
Cl( 4, 3) in Cl( 8, 8) CPU =        0.013 ms (setup)        0.100 (comm)        0.137 (pade)        0.135 (series)        0.034 (mix)        0.004 (add) 
Cl( 4, 4) in Cl( 8, 8) CPU =        0.026 ms (setup)        0.435 (comm)        0.183 (pade)        0.690 (series)        0.104 (mix)        0.007 (add) 
Cl( 5, 4) in Cl( 8, 8) CPU =        0.055 ms (setup)        1.525 (comm)        0.648 (pade)        2.499 (series)        0.299 (mix)        0.013 (add) 
Cl( 5, 5) in Cl( 8, 8) CPU =        0.110 ms (setup)        2.492 (comm)        0.907 (pade)        3.516 (series)        0.792 (mix)        0.026 (add) 
Cl( 6, 5) in Cl( 8, 8) CPU =        0.233 ms (setup)        8.383 (comm)        3.271 (pade)       12.748 (series)        2.327 (mix)        0.059 (add) 
Cl( 6, 6) in Cl( 8, 8) CPU =        0.472 ms (setup)       14.862 (comm)        4.583 (pade)       17.905 (series)        6.619 (mix)        0.133 (add) 
Cl( 7, 6) in Cl( 8, 8) CPU =        0.974 ms (setup)       48.769 (comm)       15.888 (pade)       62.084 (series)       19.643 (mix)        0.301 (add) 
Cl( 7, 7) in Cl( 8, 8) CPU =        1.983 ms (setup)       98.130 (comm)       22.637 (pade)       88.734 (series)       57.970 (mix)        0.621 (add) 
Cl( 8, 7) in Cl( 8, 8) CPU =        4.004 ms (setup)      316.986 (comm)       80.144 (pade)      313.041 (series)      171.746 (mix)        1.314 (add) 
Cl( 8, 8) in Cl( 8, 8) CPU =        8.005 ms (setup)      706.630 (comm)      115.556 (pade)      452.124 (series)      505.981 (mix)        2.780 (add) 
Fill: 1
Cl( 1, 0) in Cl( 1, 0) CPU =        0.001 ms (setup)        0.002 (comm)        0.003 (pade)        0.002 (series)        0.001 (mix)        0.001 (add) 
Cl( 1, 1) in Cl( 1, 1) CPU =        0.001 ms (setup)        0.003 (comm)        0.003 (pade)        0.003 (series)        0.001 (mix)        0.001 (add) 
Cl( 2, 1) in Cl( 2, 1) CPU =        0.001 ms (setup)        0.004 (comm)        0.007 (pade)        0.005 (series)        0.001 (mix)        0.001 (add) 
Cl( 2, 2) in Cl( 2, 2) CPU =        0.002 ms (setup)        0.007 (comm)        0.009 (pade)        0.009 (series)        0.003 (mix)        0.001 (add) 
Cl( 3, 2) in Cl( 3, 2) CPU =        0.004 ms (setup)        0.019 (comm)        0.030 (pade)        0.024 (series)        0.005 (mix)        0.002 (add) 
Cl( 3, 3) in Cl( 3, 3) CPU =        0.008 ms (setup)        0.059 (comm)        0.041 (pade)        0.072 (series)        0.016 (mix)        0.003 (add) 
Cl( 4, 3) in Cl( 4, 3) CPU =        0.018 ms (setup)        0.175 (comm)        0.150 (pade)        0.232 (series)        0.046 (mix)        0.005 (add) 
Cl( 4, 4) in Cl( 4, 4) CPU =        0.039 ms (setup)        0.517 (comm)        0.204 (pade)        0.784 (series)        0.120 (mix)        0.009 (add) 
Cl( 5, 4) in Cl( 5, 4) CPU =        0.085 ms (setup)        1.718 (comm)        0.705 (pade)        2.772 (series)        0.303 (mix)        0.019 (add) 
Cl( 5, 5) in Cl( 5, 5) CPU =        0.183 ms (setup)        2.894 (comm)        1.052 (pade)        4.120 (series)        0.781 (mix)        0.040 (add) 
Cl( 6, 5) in Cl( 6, 5) CPU =        0.372 ms (setup)        9.342 (comm)        3.694 (pade)       14.465 (series)        2.065 (mix)        0.080 (add) 
Cl( 6, 6) in Cl( 6, 6) CPU =        0.761 ms (setup)       16.407 (comm)        5.493 (pade)       21.709 (series)        5.562 (mix)        0.165 (add) 
Cl( 7, 6) in Cl( 7, 6) CPU =        1.571 ms (setup)       51.870 (comm)       18.270 (pade)       71.980 (series)       15.851 (mix)        0.335 (add) 
Cl( 7, 7) in Cl( 7, 7) CPU =        3.139 ms (setup)      100.370 (comm)       27.618 (pade)      109.461 (series)       45.657 (mix)        0.671 (add) 
Cl( 8, 7) in Cl( 8, 7) CPU =        6.408 ms (setup)      316.781 (comm)       93.918 (pade)      369.728 (series)      132.744 (mix)        1.357 (add) 
Cl( 8, 8) in Cl( 8, 8) CPU =       12.739 ms (setup)      673.395 (comm)      145.109 (pade)      573.442 (series)      387.789 (mix)        2.723 (add) 
Cl( 1, 0) in Cl( 8, 8) CPU =        0.001 ms (setup)        0.002 (comm)        0.003 (pade)        0.002 (series)        0.001 (mix)        0.001 (add) 
Cl( 1, 1) in Cl( 8, 8) CPU =        0.001 ms (setup)        0.002 (comm)        0.003 (pade)        0.003 (series)        0.001 (mix)        0.001 (add) 
Cl( 2, 1) in Cl( 8, 8) CPU =        0.002 ms (setup)        0.004 (comm)        0.007 (pade)        0.005 (series)        0.001 (mix)        0.001 (add) 
Cl( 2, 2) in Cl( 8, 8) CPU =        0.002 ms (setup)        0.007 (comm)        0.008 (pade)        0.009 (series)        0.003 (mix)        0.001 (add) 
Cl( 3, 2) in Cl( 8, 8) CPU =        0.004 ms (setup)        0.019 (comm)        0.030 (pade)        0.025 (series)        0.006 (mix)        0.002 (add) 
Cl( 3, 3) in Cl( 8, 8) CPU =        0.008 ms (setup)        0.056 (comm)        0.042 (pade)        0.072 (series)        0.013 (mix)        0.003 (add) 
Cl( 4, 3) in Cl( 8, 8) CPU =        0.017 ms (setup)        0.171 (comm)        0.148 (pade)        0.229 (series)        0.044 (mix)        0.005 (add) 
Cl( 4, 4) in Cl( 8, 8) CPU =        0.039 ms (setup)        0.514 (comm)        0.203 (pade)        0.792 (series)        0.120 (mix)        0.010 (add) 
Cl( 5, 4) in Cl( 8, 8) CPU =        0.086 ms (setup)        1.719 (comm)        0.709 (pade)        2.777 (series)        0.301 (mix)        0.020 (add) 
Cl( 5, 5) in Cl( 8, 8) CPU =        0.183 ms (setup)        2.893 (comm)        1.056 (pade)        4.115 (series)        0.775 (mix)        0.040 (add) 
Cl( 6, 5) in Cl( 8, 8) CPU =        0.374 ms (setup)        9.327 (comm)        3.712 (pade)       14.529 (series)        2.049 (mix)        0.080 (add) 
Cl( 6, 6) in Cl( 8, 8) CPU =        0.761 ms (setup)       16.439 (comm)        5.501 (pade)       21.723 (series)        5.582 (mix)        0.165 (add) 
Cl( 7, 6) in Cl( 8, 8) CPU =        1.572 ms (setup)       51.867 (comm)       18.288 (pade)       71.981 (series)       15.857 (mix)        0.335 (add) 
Cl( 7, 7) in Cl( 8, 8) CPU =        3.136 ms (setup)      100.346 (comm)       27.640 (pade)      109.493 (series)       45.648 (mix)        0.670 (add) 
Cl( 8, 7) in Cl( 8, 8) CPU =        6.377 ms (setup)      316.904 (comm)       93.820 (pade)      370.075 (series)      132.716 (mix)        1.355 (add) 
Cl( 8, 8) in Cl( 8, 8) CPU =       12.746 ms (setup)      673.755 (comm)      145.348 (pade)      573.358 (series)      388.190 (mix)        2.723 (add) 

matrix_multi<double>
Clifford algebra expressions test:
Fill: 0.5
Cl( 1, 0) in Cl( 1, 0) CPU =        0.002 ms (setup)        0.003 (comm)        0.001 (pade)        0.001 (series)        0.003 (mix)        0.000 (add) 
Cl( 1, 1) in Cl( 1, 1) CPU =        0.006 ms (setup)        0.003 (comm)        0.001 (pade)        0.001 (series)        0.003 (mix)        0.000 (add) 
Cl( 2, 1) in Cl( 2, 1) CPU =        0.002 ms (setup)        0.021 (comm)        0.002 (pade)        0.001 (series)        0.019 (mix)        0.000 (add) 
Cl( 2, 2) in Cl( 2, 2) CPU =        0.003 ms (setup)        0.035 (comm)        0.002 (pade)        0.001 (series)        0.034 (mix)        0.001 (add) 
Cl( 3, 2) in Cl( 3, 2) CPU =        0.015 ms (setup)        0.120 (comm)        0.003 (pade)        0.002 (series)        0.116 (mix)        0.001 (add) 
Cl( 3, 3) in Cl( 3, 3) CPU =        0.021 ms (setup)        0.203 (comm)        0.003 (pade)        0.002 (series)        0.196 (mix)        0.001 (add) 
Cl( 4, 3) in Cl( 4, 3) CPU =        0.055 ms (setup)        0.911 (comm)        0.008 (pade)        0.005 (series)        0.896 (mix)        0.001 (add) 
Cl( 4, 4) in Cl( 4, 4) CPU =        0.104 ms (setup)        1.389 (comm)        0.008 (pade)        0.005 (series)        1.375 (mix)        0.001 (add) 
Cl( 5, 4) in Cl( 5, 4) CPU =        0.249 ms (setup)        5.644 (comm)        0.022 (pade)        0.017 (series)        5.637 (mix)        0.002 (add) 
Cl( 5, 5) in Cl( 5, 5) CPU =        0.490 ms (setup)        8.325 (comm)        0.022 (pade)        0.017 (series)        8.302 (mix)        0.002 (add) 
Cl( 6, 5) in Cl( 6, 5) CPU =        1.136 ms (setup)       32.003 (comm)        0.077 (pade)        0.081 (series)       31.992 (mix)        0.005 (add) 
Cl( 6, 6) in Cl( 6, 6) CPU =        2.286 ms (setup)       45.526 (comm)        0.079 (pade)        0.081 (series)       45.488 (mix)        0.005 (add) 
Cl( 7, 6) in Cl( 7, 6) CPU =        5.359 ms (setup)      183.368 (comm)        0.346 (pade)        0.488 (series)      183.051 (mix)        0.029 (add) 
Cl( 7, 7) in Cl( 7, 7) CPU =       10.755 ms (setup)      249.368 (comm)        0.347 (pade)        0.488 (series)      248.871 (mix)        0.029 (add) 
Cl( 8, 7) in Cl( 8, 7) CPU =       25.422 ms (setup)     1087.108 (comm)        1.988 (pade)        3.297 (series)     1087.147 (mix)        0.113 (add) 
Cl( 8, 8) in Cl( 8, 8) CPU =       51.704 ms (setup)     1418.637 (comm)        1.989 (pade)        3.306 (series)     1415.617 (mix)        0.114 (add) 
Cl( 1, 0) in Cl( 8, 8) CPU =        0.010 ms (setup)        5.170 (comm)        0.391 (pade)        3.297 (series)        3.448 (mix)        0.113 (add) 
Cl( 1, 1) in Cl( 8, 8) CPU =        0.018 ms (setup)        8.180 (comm)        0.574 (pade)        3.296 (series)        6.458 (mix)        0.113 (add) 
Cl( 2, 1) in Cl( 8, 8) CPU =        0.041 ms (setup)       18.475 (comm)        0.585 (pade)        3.295 (series)       16.742 (mix)        0.113 (add) 
Cl( 2, 2) in Cl( 8, 8) CPU =        0.084 ms (setup)       35.044 (comm)        0.589 (pade)        3.295 (series)       33.361 (mix)        0.113 (add) 
Cl( 3, 2) in Cl( 8, 8) CPU =        0.602 ms (setup)       49.886 (comm)        0.623 (pade)        3.298 (series)       48.230 (mix)        0.114 (add) 
Cl( 3, 3) in Cl( 8, 8) CPU =        1.004 ms (setup)       68.758 (comm)        0.622 (pade)        3.296 (series)       67.050 (mix)        0.114 (add) 
Cl( 4, 3) in Cl( 8, 8) CPU =        1.129 ms (setup)       72.600 (comm)        0.694 (pade)        3.305 (series)       69.187 (mix)        0.114 (add) 
Cl( 4, 4) in Cl( 8, 8) CPU =        1.324 ms (setup)      101.451 (comm)        0.694 (pade)        3.299 (series)       97.788 (mix)        0.116 (add) 
Cl( 5, 4) in Cl( 8, 8) CPU =        1.873 ms (setup)      133.986 (comm)        0.872 (pade)        3.297 (series)      132.197 (mix)        0.114 (add) 
Cl( 5, 5) in Cl( 8, 8) CPU =        2.538 ms (setup)      159.879 (comm)        0.877 (pade)        3.353 (series)      158.020 (mix)        0.115 (add) 
Cl( 6, 5) in Cl( 8, 8) CPU =        5.478 ms (setup)      221.252 (comm)        1.998 (pade)        3.302 (series)      219.834 (mix)        0.115 (add) 
Cl( 6, 6) in Cl( 8, 8) CPU =        9.712 ms (setup)      250.173 (comm)        1.992 (pade)        3.317 (series)      248.594 (mix)        0.114 (add) 
Cl( 7, 6) in Cl( 8, 8) CPU =       22.578 ms (setup)      399.298 (comm)        1.993 (pade)        3.303 (series)      397.450 (mix)        0.114 (add) 
Cl( 7, 7) in Cl( 8, 8) CPU =       42.217 ms (setup)      511.510 (comm)        1.990 (pade)        3.304 (series)      509.841 (mix)        0.116 (add) 
Cl( 8, 7) in Cl( 8, 8) CPU =      102.079 ms (setup)     1122.915 (comm)        1.990 (pade)        3.363 (series)     1121.684 (mix)        0.115 (add) 
Cl( 8, 8) in Cl( 8, 8) CPU =       51.443 ms (setup)     1406.592 (comm)        1.992 (pade)        3.363 (series)     1405.030 (mix)        0.113 (add) 
Fill: 1
Cl( 1, 0) in Cl( 1, 0) CPU =        0.001 ms (setup)        0.005 (comm)        0.002 (pade)        0.001 (series)        0.005 (mix)        0.000 (add) 
Cl( 1, 1) in Cl( 1, 1) CPU =        0.001 ms (setup)        0.008 (comm)        0.001 (pade)        0.001 (series)        0.007 (mix)        0.000 (add) 
Cl( 2, 1) in Cl( 2, 1) CPU =        0.003 ms (setup)        0.026 (comm)        0.002 (pade)        0.001 (series)        0.026 (mix)        0.000 (add) 
Cl( 2, 2) in Cl( 2, 2) CPU =        0.005 ms (setup)        0.044 (comm)        0.002 (pade)        0.001 (series)        0.042 (mix)        0.000 (add) 
Cl( 3, 2) in Cl( 3, 2) CPU =        0.013 ms (setup)        0.169 (comm)        0.003 (pade)        0.002 (series)        0.164 (mix)        0.001 (add) 
Cl( 3, 3) in Cl( 3, 3) CPU =        0.026 ms (setup)        0.258 (comm)        0.003 (pade)        0.002 (series)        0.253 (mix)        0.000 (add) 
Cl( 4, 3) in Cl( 4, 3) CPU =        0.072 ms (setup)        1.081 (comm)        0.008 (pade)        0.005 (series)        1.070 (mix)        0.001 (add) 
Cl( 4, 4) in Cl( 4, 4) CPU =        0.138 ms (setup)        1.640 (comm)        0.009 (pade)        0.005 (series)        1.609 (mix)        0.001 (add) 
Cl( 5, 4) in Cl( 5, 4) CPU =        0.357 ms (setup)        6.205 (comm)        0.022 (pade)        0.017 (series)        6.188 (mix)        0.002 (add) 
Cl( 5, 5) in Cl( 5, 5) CPU =        0.738 ms (setup)        9.111 (comm)        0.022 (pade)        0.017 (series)        9.092 (mix)        0.002 (add) 
Cl( 6, 5) in Cl( 6, 5) CPU =        1.755 ms (setup)       34.790 (comm)        0.078 (pade)        0.081 (series)       34.772 (mix)        0.005 (add) 
Cl( 6, 6) in Cl( 6, 6) CPU =        3.596 ms (setup)       49.116 (comm)        0.079 (pade)        0.081 (series)       49.026 (mix)        0.005 (add) 
Cl( 7, 6) in Cl( 7, 6) CPU =        8.826 ms (setup)      196.188 (comm)        0.347 (pade)        0.488 (series)      195.903 (mix)        0.029 (add) 
Cl( 7, 7) in Cl( 7, 7) CPU =       18.012 ms (setup)      268.387 (comm)        0.346 (pade)        0.489 (series)      267.904 (mix)        0.029 (add) 
Cl( 8, 7) in Cl( 8, 7) CPU =       44.366 ms (setup)     1152.280 (comm)        1.990 (pade)        3.299 (series)     1149.068 (mix)        0.114 (add) 
Cl( 8, 8) in Cl( 8, 8) CPU =       90.412 ms (setup)     1533.273 (comm)        2.007 (pade)        3.300 (series)     1529.159 (mix)        0.113 (add) 
Cl( 1, 0) in Cl( 8, 8) CPU =        0.030 ms (setup)       10.559 (comm)        0.576 (pade)        3.296 (series)        8.829 (mix)        0.113 (add) 
Cl( 1, 1) in Cl( 8, 8) CPU =        0.029 ms (setup)       17.139 (comm)        0.575 (pade)        3.296 (series)       15.436 (mix)        0.113 (add) 
Cl( 2, 1) in Cl( 8, 8) CPU =        0.067 ms (setup)       26.675 (comm)        0.598 (pade)        3.296 (series)       24.925 (mix)        0.114 (add) 
Cl( 2, 2) in Cl( 8, 8) CPU =        0.950 ms (setup)       39.129 (comm)        0.589 (pade)        3.296 (series)       37.392 (mix)        0.113 (add) 
Cl( 3, 2) in Cl( 8, 8) CPU =        0.981 ms (setup)       54.898 (comm)        0.622 (pade)        3.296 (series)       53.145 (mix)        0.114 (add) 
Cl( 3, 3) in Cl( 8, 8) CPU =        1.025 ms (setup)       75.555 (comm)        0.626 (pade)        3.308 (series)       72.211 (mix)        0.115 (add) 
Cl( 4, 3) in Cl( 8, 8) CPU =        1.310 ms (setup)      100.976 (comm)        0.693 (pade)        3.297 (series)       99.160 (mix)        0.114 (add) 
Cl( 4, 4) in Cl( 8, 8) CPU =        1.425 ms (setup)      127.129 (comm)        0.694 (pade)        3.299 (series)      125.243 (mix)        0.115 (add) 
Cl( 5, 4) in Cl( 8, 8) CPU =        2.107 ms (setup)      159.399 (comm)        0.872 (pade)        3.303 (series)      157.556 (mix)        0.115 (add) 
Cl( 5, 5) in Cl( 8, 8) CPU =        3.317 ms (setup)      188.455 (comm)        0.876 (pade)        3.304 (series)      186.833 (mix)        0.115 (add) 
Cl( 6, 5) in Cl( 8, 8) CPU =        7.214 ms (setup)      246.124 (comm)        1.987 (pade)        3.304 (series)      244.312 (mix)        0.115 (add) 
Cl( 6, 6) in Cl( 8, 8) CPU =       12.994 ms (setup)      288.830 (comm)        1.994 (pade)        3.305 (series)      287.132 (mix)        0.114 (add) 
Cl( 7, 6) in Cl( 8, 8) CPU =       31.042 ms (setup)      454.585 (comm)        1.994 (pade)        3.302 (series)      452.279 (mix)        0.115 (add) 
Cl( 7, 7) in Cl( 8, 8) CPU =       58.577 ms (setup)      557.239 (comm)        1.992 (pade)        3.301 (series)      553.461 (mix)        0.115 (add) 
Cl( 8, 7) in Cl( 8, 8) CPU =      144.947 ms (setup)     1194.782 (comm)        1.992 (pade)        3.302 (series)     1191.332 (mix)        0.114 (add) 
Cl( 8, 8) in Cl( 8, 8) CPU =       90.434 ms (setup)     1536.408 (comm)        1.994 (pade)        3.307 (series)     1534.844 (mix)        0.114 (add) 
