
framed_multi<double>
Clifford algebra squaring test:
Fill: 0.5
Cl( 1, 0) in Cl( 1, 0) CPU =        0.027 ms (setup)        0.006 (*) 
Cl( 1, 1) in Cl( 1, 1) CPU =        0.001 ms (setup)        0.002 (*) 
Cl( 2, 1) in Cl( 2, 1) CPU =        0.001 ms (setup)        0.004 (*) 
Cl( 2, 2) in Cl( 2, 2) CPU =        0.001 ms (setup)        0.004 (*) 
Cl( 3, 2) in Cl( 3, 2) CPU =        0.003 ms (setup)        0.010 (*) 
Cl( 3, 3) in Cl( 3, 3) CPU =        0.006 ms (setup)        0.025 (*) 
Cl( 4, 3) in Cl( 4, 3) CPU =        0.013 ms (setup)        0.070 (*) 
Cl( 4, 4) in Cl( 4, 4) CPU =        0.023 ms (setup)        0.440 (*) 
Cl( 5, 4) in Cl( 5, 4) CPU =        0.052 ms (setup)        1.220 (*) 
Cl( 5, 5) in Cl( 5, 5) CPU =        0.102 ms (setup)        1.609 (*) 
Cl( 6, 5) in Cl( 6, 5) CPU =        0.204 ms (setup)        5.796 (*) 
Cl( 6, 6) in Cl( 6, 6) CPU =        0.405 ms (setup)        7.543 (*) 
Cl( 7, 6) in Cl( 7, 6) CPU =        0.470 ms (setup)       14.919 (*) 
Cl( 7, 7) in Cl( 7, 7) CPU =        0.942 ms (setup)       20.308 (*) 
Cl( 8, 7) in Cl( 8, 7) CPU =        1.946 ms (setup)       74.045 (*) 
Cl( 8, 8) in Cl( 8, 8) CPU =        3.919 ms (setup)      101.925 (*) 
Cl( 9, 8) in Cl( 9, 8) CPU =        8.086 ms (setup)      278.894 (*) 
Cl( 9, 9) in Cl( 9, 9) CPU =       16.764 ms (setup)      537.054 (*) 
Cl(10, 9) in Cl(10, 9) CPU =       34.496 ms (setup)     2093.187 (*) 
Cl(10,10) in Cl(10,10) CPU =       72.219 ms (setup)     3052.324 (*) 
Cl(11,10) in Cl(11,10) CPU =      149.817 ms (setup)    12504.276 (*) 
Cl(11,11) in Cl(11,11) CPU =      295.295 ms (setup)    18877.196 (*) 
Fill: 1
Cl( 1, 0) in Cl( 1, 0) CPU =        0.003 ms (setup)        0.003 (*) 
Cl( 1, 1) in Cl( 1, 1) CPU =        0.001 ms (setup)        0.002 (*) 
Cl( 2, 1) in Cl( 2, 1) CPU =        0.001 ms (setup)        0.003 (*) 
Cl( 2, 2) in Cl( 2, 2) CPU =        0.001 ms (setup)        0.004 (*) 
Cl( 3, 2) in Cl( 3, 2) CPU =        0.003 ms (setup)        0.009 (*) 
Cl( 3, 3) in Cl( 3, 3) CPU =        0.005 ms (setup)        0.024 (*) 
Cl( 4, 3) in Cl( 4, 3) CPU =        0.010 ms (setup)        0.071 (*) 
Cl( 4, 4) in Cl( 4, 4) CPU =        0.022 ms (setup)        0.241 (*) 
Cl( 5, 4) in Cl( 5, 4) CPU =        0.043 ms (setup)        0.755 (*) 
Cl( 5, 5) in Cl( 5, 5) CPU =        0.090 ms (setup)        1.099 (*) 
Cl( 6, 5) in Cl( 6, 5) CPU =        0.185 ms (setup)        3.665 (*) 
Cl( 6, 6) in Cl( 6, 6) CPU =        0.361 ms (setup)        5.464 (*) 
Cl( 7, 6) in Cl( 7, 6) CPU =        0.751 ms (setup)       18.113 (*) 
Cl( 7, 7) in Cl( 7, 7) CPU =        1.506 ms (setup)       27.560 (*) 
Cl( 8, 7) in Cl( 8, 7) CPU =        3.113 ms (setup)       93.028 (*) 
Cl( 8, 8) in Cl( 8, 8) CPU =        6.193 ms (setup)      143.885 (*) 
Cl( 9, 8) in Cl( 9, 8) CPU =       13.237 ms (setup)      394.554 (*) 
Cl( 9, 9) in Cl( 9, 9) CPU =       27.324 ms (setup)      796.617 (*) 
Cl(10, 9) in Cl(10, 9) CPU =       59.273 ms (setup)     2859.147 (*) 
Cl(10,10) in Cl(10,10) CPU =      125.862 ms (setup)     4797.061 (*) 
Cl(11,10) in Cl(11,10) CPU =      255.566 ms (setup)    17894.917 (*) 
Cl(11,11) in Cl(11,11) CPU =      507.613 ms (setup)    31136.584 (*) 

matrix_multi<double>
Clifford algebra squaring test:
Fill: 0.5
Cl( 1, 0) in Cl( 1, 0) CPU =        0.004 ms (setup)        0.002 (*) 
Cl( 1, 1) in Cl( 1, 1) CPU =        0.015 ms (setup)        0.001 (*) 
Cl( 2, 1) in Cl( 2, 1) CPU =        0.012 ms (setup)        0.001 (*) 
Cl( 2, 2) in Cl( 2, 2) CPU =        0.006 ms (setup)        0.000 (*) 
Cl( 3, 2) in Cl( 3, 2) CPU =        0.020 ms (setup)        0.004 (*) 
Cl( 3, 3) in Cl( 3, 3) CPU =        0.118 ms (setup)        0.001 (*) 
Cl( 4, 3) in Cl( 4, 3) CPU =        0.027 ms (setup)        0.002 (*) 
Cl( 4, 4) in Cl( 4, 4) CPU =        0.055 ms (setup)        0.002 (*) 
Cl( 5, 4) in Cl( 5, 4) CPU =        0.133 ms (setup)        0.004 (*) 
Cl( 5, 5) in Cl( 5, 5) CPU =        0.244 ms (setup)        0.003 (*) 
Cl( 6, 5) in Cl( 6, 5) CPU =        0.588 ms (setup)        0.018 (*) 
Cl( 6, 6) in Cl( 6, 6) CPU =        1.175 ms (setup)        0.017 (*) 
Cl( 7, 6) in Cl( 7, 6) CPU =        2.726 ms (setup)        0.112 (*) 
Cl( 7, 7) in Cl( 7, 7) CPU =        5.423 ms (setup)        0.110 (*) 
Cl( 8, 7) in Cl( 8, 7) CPU =       12.992 ms (setup)        0.771 (*) 
Cl( 8, 8) in Cl( 8, 8) CPU =       25.841 ms (setup)        0.769 (*) 
Cl( 9, 8) in Cl( 9, 8) CPU =       63.747 ms (setup)        5.707 (*) 
Cl( 9, 9) in Cl( 9, 9) CPU =      126.882 ms (setup)        5.771 (*) 
Cl(10, 9) in Cl(10, 9) CPU =      328.412 ms (setup)       44.166 (*) 
Cl(10,10) in Cl(10,10) CPU =      670.279 ms (setup)       44.107 (*) 
Cl(11,10) in Cl(11,10) CPU =     1845.224 ms (setup)      347.497 (*) 
Cl(11,11) in Cl(11,11) CPU =     3825.993 ms (setup)      347.367 (*) 
Fill: 1
Cl( 1, 0) in Cl( 1, 0) CPU =        0.009 ms (setup)        0.001 (*) 
Cl( 1, 1) in Cl( 1, 1) CPU =        0.004 ms (setup)        0.000 (*) 
Cl( 2, 1) in Cl( 2, 1) CPU =        0.004 ms (setup)        0.000 (*) 
Cl( 2, 2) in Cl( 2, 2) CPU =        0.006 ms (setup)        0.000 (*) 
Cl( 3, 2) in Cl( 3, 2) CPU =        0.702 ms (setup)        0.003 (*) 
Cl( 3, 3) in Cl( 3, 3) CPU =        0.017 ms (setup)        0.001 (*) 
Cl( 4, 3) in Cl( 4, 3) CPU =        2.896 ms (setup)        0.003 (*) 
Cl( 4, 4) in Cl( 4, 4) CPU =        0.081 ms (setup)        0.001 (*) 
Cl( 5, 4) in Cl( 5, 4) CPU =        0.193 ms (setup)        0.004 (*) 
Cl( 5, 5) in Cl( 5, 5) CPU =        0.383 ms (setup)        0.004 (*) 
Cl( 6, 5) in Cl( 6, 5) CPU =        0.920 ms (setup)        0.017 (*) 
Cl( 6, 6) in Cl( 6, 6) CPU =        1.841 ms (setup)        0.017 (*) 
Cl( 7, 6) in Cl( 7, 6) CPU =        4.448 ms (setup)        0.110 (*) 
Cl( 7, 7) in Cl( 7, 7) CPU =        8.949 ms (setup)        0.110 (*) 
Cl( 8, 7) in Cl( 8, 7) CPU =       22.450 ms (setup)        0.771 (*) 
Cl( 8, 8) in Cl( 8, 8) CPU =       45.112 ms (setup)        0.768 (*) 
Cl( 9, 8) in Cl( 9, 8) CPU =      117.320 ms (setup)        5.760 (*) 
Cl( 9, 9) in Cl( 9, 9) CPU =      239.309 ms (setup)        5.764 (*) 
Cl(10, 9) in Cl(10, 9) CPU =      661.823 ms (setup)       44.050 (*) 
Cl(10,10) in Cl(10,10) CPU =     1384.477 ms (setup)       44.007 (*) 
Cl(11,10) in Cl(11,10) CPU =     4086.521 ms (setup)      348.589 (*) 
Cl(11,11) in Cl(11,11) CPU =     8609.310 ms (setup)      346.467 (*) 
