
framed_multi<float,-4,4>
Clifford algebra products test:
Fill: 0.5
Cl( 1, 0) in Cl( 1, 0) CPU =        0.001 ms (setup)        0.002 (*)        0.001 (^)        0.001 (&)        0.001 (%) 
Cl( 1, 1) in Cl( 1, 1) CPU =        0.001 ms (setup)        0.001 (*)        0.000 (^)        0.001 (&)        0.000 (%) 
Cl( 2, 1) in Cl( 2, 1) CPU =        0.001 ms (setup)        0.003 (*)        0.001 (^)        0.002 (&)        0.001 (%) 
Cl( 2, 2) in Cl( 2, 2) CPU =        0.001 ms (setup)        0.003 (*)        0.002 (^)        0.002 (&)        0.002 (%) 
Cl( 3, 2) in Cl( 3, 2) CPU =        0.003 ms (setup)        0.007 (*)        0.004 (^)        0.004 (&)        0.004 (%) 
Cl( 3, 3) in Cl( 3, 3) CPU =        0.005 ms (setup)        0.017 (*)        0.007 (^)        0.007 (&)        0.006 (%) 
Cl( 4, 3) in Cl( 4, 3) CPU =        0.012 ms (setup)        0.049 (*)        0.026 (^)        0.024 (&)        0.017 (%) 
Cl( 4, 4) in Cl( 4, 4) CPU =        0.024 ms (setup)        0.340 (*)        0.069 (^)        0.061 (&)        0.045 (%) 
Cl( 1, 0) in Cl( 4, 4) CPU =        0.001 ms (setup)        0.000 (*)        0.000 (^)        0.001 (&)        0.000 (%) 
Cl( 1, 1) in Cl( 4, 4) CPU =        0.001 ms (setup)        0.001 (*)        0.001 (^)        0.001 (&)        0.001 (%) 
Cl( 2, 1) in Cl( 4, 4) CPU =        0.001 ms (setup)        0.002 (*)        0.001 (^)        0.001 (&)        0.001 (%) 
Cl( 2, 2) in Cl( 4, 4) CPU =        0.001 ms (setup)        0.002 (*)        0.002 (^)        0.001 (&)        0.002 (%) 
Cl( 3, 2) in Cl( 4, 4) CPU =        0.003 ms (setup)        0.007 (*)        0.004 (^)        0.004 (&)        0.003 (%) 
Cl( 3, 3) in Cl( 4, 4) CPU =        0.005 ms (setup)        0.015 (*)        0.009 (^)        0.008 (&)        0.007 (%) 
Cl( 4, 3) in Cl( 4, 4) CPU =        0.012 ms (setup)        0.052 (*)        0.024 (^)        0.025 (&)        0.018 (%) 
Cl( 4, 4) in Cl( 4, 4) CPU =        0.024 ms (setup)        0.336 (*)        0.071 (^)        0.068 (&)        0.048 (%) 
Fill: 1
Cl( 1, 0) in Cl( 1, 0) CPU =        0.001 ms (setup)        0.001 (*)        0.001 (^)        0.001 (&)        0.001 (%) 
Cl( 1, 1) in Cl( 1, 1) CPU =        0.001 ms (setup)        0.002 (*)        0.001 (^)        0.001 (&)        0.001 (%) 
Cl( 2, 1) in Cl( 2, 1) CPU =        0.001 ms (setup)        0.002 (*)        0.002 (^)        0.001 (&)        0.001 (%) 
Cl( 2, 2) in Cl( 2, 2) CPU =        0.002 ms (setup)        0.004 (*)        0.002 (^)        0.002 (&)        0.002 (%) 
Cl( 3, 2) in Cl( 3, 2) CPU =        0.004 ms (setup)        0.011 (*)        0.005 (^)        0.006 (&)        0.005 (%) 
Cl( 3, 3) in Cl( 3, 3) CPU =        0.008 ms (setup)        0.036 (*)        0.011 (^)        0.014 (&)        0.011 (%) 
Cl( 4, 3) in Cl( 4, 3) CPU =        0.016 ms (setup)        0.120 (*)        0.025 (^)        0.037 (&)        0.028 (%) 
Cl( 4, 4) in Cl( 4, 4) CPU =        0.036 ms (setup)        0.418 (*)        0.064 (^)        0.103 (&)        0.072 (%) 
Cl( 1, 0) in Cl( 4, 4) CPU =        0.001 ms (setup)        0.002 (*)        0.001 (^)        0.001 (&)        0.001 (%) 
Cl( 1, 1) in Cl( 4, 4) CPU =        0.001 ms (setup)        0.001 (*)        0.001 (^)        0.001 (&)        0.001 (%) 
Cl( 2, 1) in Cl( 4, 4) CPU =        0.001 ms (setup)        0.003 (*)        0.001 (^)        0.001 (&)        0.001 (%) 
Cl( 2, 2) in Cl( 4, 4) CPU =        0.002 ms (setup)        0.004 (*)        0.002 (^)        0.002 (&)        0.003 (%) 
Cl( 3, 2) in Cl( 4, 4) CPU =        0.004 ms (setup)        0.012 (*)        0.004 (^)        0.005 (&)        0.005 (%) 
Cl( 3, 3) in Cl( 4, 4) CPU =        0.007 ms (setup)        0.036 (*)        0.011 (^)        0.015 (&)        0.011 (%) 
Cl( 4, 3) in Cl( 4, 4) CPU =        0.017 ms (setup)        0.119 (*)        0.024 (^)        0.037 (&)        0.027 (%) 
Cl( 4, 4) in Cl( 4, 4) CPU =        0.036 ms (setup)        0.410 (*)        0.064 (^)        0.103 (&)        0.072 (%) 

matrix_multi<float,-4,4>
Clifford algebra products test:
Fill: 0.5
Cl( 1, 0) in Cl( 1, 0) CPU =        0.009 ms (setup)        0.001 (*)        0.005 (^)        0.004 (&)        0.005 (%) 
Cl( 1, 1) in Cl( 1, 1) CPU =        0.003 ms (setup)        0.000 (*)        0.004 (^)        0.004 (&)        0.004 (%) 
Cl( 2, 1) in Cl( 2, 1) CPU =        0.002 ms (setup)        0.000 (*)        0.008 (^)        0.013 (&)        0.013 (%) 
Cl( 2, 2) in Cl( 2, 2) CPU =        0.006 ms (setup)        0.000 (*)        0.035 (^)        0.023 (&)        0.030 (%) 
Cl( 3, 2) in Cl( 3, 2) CPU =        0.011 ms (setup)        0.001 (*)        0.145 (^)        0.121 (&)        0.134 (%) 
Cl( 3, 3) in Cl( 3, 3) CPU =        0.020 ms (setup)        0.001 (*)        0.206 (^)        0.203 (&)        0.199 (%) 
Cl( 4, 3) in Cl( 4, 3) CPU =        0.049 ms (setup)        0.002 (*)        0.870 (^)        0.842 (&)        0.560 (%) 
Cl( 4, 4) in Cl( 4, 4) CPU =        0.053 ms (setup)        0.001 (*)        0.721 (^)        0.712 (&)        0.733 (%) 
Cl( 1, 0) in Cl( 4, 4) CPU =        0.001 ms (setup)        0.001 (*)        0.005 (^)        0.004 (&)        0.004 (%) 
Cl( 1, 1) in Cl( 4, 4) CPU =        0.002 ms (setup)        0.001 (*)        0.035 (^)        0.022 (&)        0.029 (%) 
Cl( 2, 1) in Cl( 4, 4) CPU =        0.005 ms (setup)        0.001 (*)        0.040 (^)        0.026 (&)        0.032 (%) 
Cl( 2, 2) in Cl( 4, 4) CPU =        0.011 ms (setup)        0.001 (*)        0.069 (^)        0.046 (&)        0.054 (%) 
Cl( 3, 2) in Cl( 4, 4) CPU =        0.026 ms (setup)        0.001 (*)        0.086 (^)        0.080 (&)        0.079 (%) 
Cl( 3, 3) in Cl( 4, 4) CPU =        0.037 ms (setup)        0.001 (*)        0.158 (^)        0.134 (&)        0.133 (%) 
Cl( 4, 3) in Cl( 4, 4) CPU =        0.093 ms (setup)        0.001 (*)        0.457 (^)        0.447 (&)        0.446 (%) 
Cl( 4, 4) in Cl( 4, 4) CPU =        0.052 ms (setup)        0.001 (*)        0.677 (^)        0.722 (&)        0.721 (%) 
Fill: 1
Cl( 1, 0) in Cl( 1, 0) CPU =        0.001 ms (setup)        0.000 (*)        0.003 (^)        0.002 (&)        0.003 (%) 
Cl( 1, 1) in Cl( 1, 1) CPU =        0.001 ms (setup)        0.000 (*)        0.005 (^)        0.003 (&)        0.004 (%) 
Cl( 2, 1) in Cl( 2, 1) CPU =        0.001 ms (setup)        0.001 (*)        0.013 (^)        0.012 (&)        0.013 (%) 
Cl( 2, 2) in Cl( 2, 2) CPU =        0.002 ms (setup)        0.000 (*)        0.022 (^)        0.018 (&)        0.022 (%) 
Cl( 3, 2) in Cl( 3, 2) CPU =        0.007 ms (setup)        0.001 (*)        0.077 (^)        0.080 (&)        0.082 (%) 
Cl( 3, 3) in Cl( 3, 3) CPU =        0.012 ms (setup)        0.001 (*)        0.124 (^)        0.120 (&)        0.126 (%) 
Cl( 4, 3) in Cl( 4, 3) CPU =        0.034 ms (setup)        0.001 (*)        0.528 (^)        0.533 (&)        0.533 (%) 
Cl( 4, 4) in Cl( 4, 4) CPU =        0.069 ms (setup)        0.001 (*)        0.814 (^)        0.798 (&)        0.810 (%) 
Cl( 1, 0) in Cl( 4, 4) CPU =        0.001 ms (setup)        0.001 (*)        0.027 (^)        0.018 (&)        0.023 (%) 
Cl( 1, 1) in Cl( 4, 4) CPU =        0.002 ms (setup)        0.001 (*)        0.034 (^)        0.021 (&)        0.030 (%) 
Cl( 2, 1) in Cl( 4, 4) CPU =        0.004 ms (setup)        0.001 (*)        0.053 (^)        0.036 (&)        0.041 (%) 
Cl( 2, 2) in Cl( 4, 4) CPU =        0.010 ms (setup)        0.001 (*)        0.072 (^)        0.048 (&)        0.057 (%) 
Cl( 3, 2) in Cl( 4, 4) CPU =        0.025 ms (setup)        0.001 (*)        0.152 (^)        0.108 (&)        0.112 (%) 
Cl( 3, 3) in Cl( 4, 4) CPU =        0.044 ms (setup)        0.001 (*)        0.208 (^)        0.171 (&)        0.179 (%) 
Cl( 4, 3) in Cl( 4, 4) CPU =        0.117 ms (setup)        0.001 (*)        0.588 (^)        0.539 (&)        0.532 (%) 
Cl( 4, 4) in Cl( 4, 4) CPU =        0.069 ms (setup)        0.001 (*)        0.808 (^)        0.803 (&)        0.807 (%) 

framed_multi<double>
Clifford algebra products test:
Fill: 0.5
Cl( 1, 0) in Cl( 1, 0) CPU =        0.001 ms (setup)        0.001 (*)        0.001 (^)        0.001 (&)        0.000 (%) 
Cl( 1, 1) in Cl( 1, 1) CPU =        0.000 ms (setup)        0.000 (*)        0.001 (^)        0.000 (&)        0.000 (%) 
Cl( 2, 1) in Cl( 2, 1) CPU =        0.001 ms (setup)        0.001 (*)        0.000 (^)        0.000 (&)        0.000 (%) 
Cl( 2, 2) in Cl( 2, 2) CPU =        0.001 ms (setup)        0.002 (*)        0.001 (^)        0.001 (&)        0.001 (%) 
Cl( 3, 2) in Cl( 3, 2) CPU =        0.002 ms (setup)        0.005 (*)        0.002 (^)        0.002 (&)        0.002 (%) 
Cl( 3, 3) in Cl( 3, 3) CPU =        0.003 ms (setup)        0.011 (*)        0.006 (^)        0.005 (&)        0.005 (%) 
Cl( 4, 3) in Cl( 4, 3) CPU =        0.007 ms (setup)        0.029 (*)        0.015 (^)        0.013 (&)        0.013 (%) 
Cl( 4, 4) in Cl( 4, 4) CPU =        0.013 ms (setup)        0.165 (*)        0.053 (^)        0.042 (&)        0.033 (%) 
Cl( 5, 4) in Cl( 5, 4) CPU =        0.028 ms (setup)        0.597 (*)        0.166 (^)        0.131 (&)        0.088 (%) 
Cl( 5, 5) in Cl( 5, 5) CPU =        0.056 ms (setup)        0.827 (*)        0.473 (^)        0.346 (&)        0.223 (%) 
Cl( 6, 5) in Cl( 6, 5) CPU =        0.118 ms (setup)        3.036 (*)        1.328 (^)        0.956 (&)        0.578 (%) 
Cl( 6, 6) in Cl( 6, 6) CPU =        0.240 ms (setup)        4.145 (*)        3.864 (^)        2.784 (&)        1.602 (%) 
Cl( 7, 6) in Cl( 7, 6) CPU =        0.489 ms (setup)       14.716 (*)       11.440 (^)        8.514 (&)        4.803 (%) 
Cl( 7, 7) in Cl( 7, 7) CPU =        0.993 ms (setup)       20.187 (*)       33.488 (^)       24.609 (&)       13.105 (%) 
Cl( 8, 7) in Cl( 8, 7) CPU =        2.006 ms (setup)       73.159 (*)       97.844 (^)       70.404 (&)       37.054 (%) 
Cl( 8, 8) in Cl( 8, 8) CPU =        4.019 ms (setup)      101.094 (*)      292.318 (^)      211.489 (&)      109.584 (%) 
Cl( 1, 0) in Cl( 8, 8) CPU =        0.001 ms (setup)        0.000 (*)        0.000 (^)        0.000 (&)        0.001 (%) 
Cl( 1, 1) in Cl( 8, 8) CPU =        0.001 ms (setup)        0.001 (*)        0.001 (^)        0.001 (&)        0.000 (%) 
Cl( 2, 1) in Cl( 8, 8) CPU =        0.001 ms (setup)        0.002 (*)        0.001 (^)        0.001 (&)        0.001 (%) 
Cl( 2, 2) in Cl( 8, 8) CPU =        0.001 ms (setup)        0.002 (*)        0.001 (^)        0.001 (&)        0.001 (%) 
Cl( 3, 2) in Cl( 8, 8) CPU =        0.002 ms (setup)        0.004 (*)        0.002 (^)        0.002 (&)        0.002 (%) 
Cl( 3, 3) in Cl( 8, 8) CPU =        0.003 ms (setup)        0.009 (*)        0.005 (^)        0.005 (&)        0.004 (%) 
Cl( 4, 3) in Cl( 8, 8) CPU =        0.007 ms (setup)        0.025 (*)        0.015 (^)        0.013 (&)        0.011 (%) 
Cl( 4, 4) in Cl( 8, 8) CPU =        0.013 ms (setup)        0.165 (*)        0.053 (^)        0.044 (&)        0.035 (%) 
Cl( 5, 4) in Cl( 8, 8) CPU =        0.027 ms (setup)        0.603 (*)        0.164 (^)        0.123 (&)        0.085 (%) 
Cl( 5, 5) in Cl( 8, 8) CPU =        0.057 ms (setup)        0.815 (*)        0.450 (^)        0.336 (&)        0.209 (%) 
Cl( 6, 5) in Cl( 8, 8) CPU =        0.117 ms (setup)        3.017 (*)        1.319 (^)        0.941 (&)        0.581 (%) 
Cl( 6, 6) in Cl( 8, 8) CPU =        0.236 ms (setup)        4.103 (*)        3.864 (^)        2.778 (&)        1.611 (%) 
Cl( 7, 6) in Cl( 8, 8) CPU =        0.486 ms (setup)       14.525 (*)       11.285 (^)        8.319 (&)        4.569 (%) 
Cl( 7, 7) in Cl( 8, 8) CPU =        0.982 ms (setup)       19.968 (*)       33.199 (^)       24.101 (&)       12.836 (%) 
Cl( 8, 7) in Cl( 8, 8) CPU =        1.992 ms (setup)       73.037 (*)       98.829 (^)       70.904 (&)       37.587 (%) 
Cl( 8, 8) in Cl( 8, 8) CPU =        4.022 ms (setup)      101.297 (*)      291.264 (^)      210.079 (&)      109.131 (%) 
Fill: 1
Cl( 1, 0) in Cl( 1, 0) CPU =        0.001 ms (setup)        0.001 (*)        0.000 (^)        0.001 (&)        0.000 (%) 
Cl( 1, 1) in Cl( 1, 1) CPU =        0.001 ms (setup)        0.001 (*)        0.001 (^)        0.001 (&)        0.001 (%) 
Cl( 2, 1) in Cl( 2, 1) CPU =        0.001 ms (setup)        0.002 (*)        0.001 (^)        0.001 (&)        0.001 (%) 
Cl( 2, 2) in Cl( 2, 2) CPU =        0.001 ms (setup)        0.003 (*)        0.002 (^)        0.001 (&)        0.002 (%) 
Cl( 3, 2) in Cl( 3, 2) CPU =        0.003 ms (setup)        0.007 (*)        0.003 (^)        0.004 (&)        0.003 (%) 
Cl( 3, 3) in Cl( 3, 3) CPU =        0.005 ms (setup)        0.021 (*)        0.007 (^)        0.008 (&)        0.007 (%) 
Cl( 4, 3) in Cl( 4, 3) CPU =        0.009 ms (setup)        0.066 (*)        0.022 (^)        0.024 (&)        0.018 (%) 
Cl( 4, 4) in Cl( 4, 4) CPU =        0.020 ms (setup)        0.204 (*)        0.056 (^)        0.060 (&)        0.050 (%) 
Cl( 5, 4) in Cl( 5, 4) CPU =        0.044 ms (setup)        0.710 (*)        0.145 (^)        0.156 (&)        0.118 (%) 
Cl( 5, 5) in Cl( 5, 5) CPU =        0.092 ms (setup)        1.042 (*)        0.366 (^)        0.406 (&)        0.291 (%) 
Cl( 6, 5) in Cl( 6, 5) CPU =        0.188 ms (setup)        3.655 (*)        0.966 (^)        1.074 (&)        0.727 (%) 
Cl( 6, 6) in Cl( 6, 6) CPU =        0.379 ms (setup)        5.426 (*)        2.623 (^)        2.904 (&)        1.850 (%) 
Cl( 7, 6) in Cl( 7, 6) CPU =        0.783 ms (setup)       18.057 (*)        7.344 (^)        8.425 (&)        5.014 (%) 
Cl( 7, 7) in Cl( 7, 7) CPU =        1.565 ms (setup)       27.396 (*)       20.730 (^)       24.659 (&)       13.886 (%) 
Cl( 8, 7) in Cl( 8, 7) CPU =        3.195 ms (setup)       92.898 (*)       59.669 (^)       72.374 (&)       39.559 (%) 
Cl( 8, 8) in Cl( 8, 8) CPU =        6.385 ms (setup)      143.985 (*)      173.101 (^)      214.067 (&)      114.255 (%) 
Cl( 1, 0) in Cl( 8, 8) CPU =        0.001 ms (setup)        0.001 (*)        0.001 (^)        0.000 (&)        0.001 (%) 
Cl( 1, 1) in Cl( 8, 8) CPU =        0.000 ms (setup)        0.001 (*)        0.001 (^)        0.001 (&)        0.001 (%) 
Cl( 2, 1) in Cl( 8, 8) CPU =        0.001 ms (setup)        0.002 (*)        0.001 (^)        0.001 (&)        0.001 (%) 
Cl( 2, 2) in Cl( 8, 8) CPU =        0.001 ms (setup)        0.003 (*)        0.002 (^)        0.002 (&)        0.001 (%) 
Cl( 3, 2) in Cl( 8, 8) CPU =        0.002 ms (setup)        0.007 (*)        0.003 (^)        0.003 (&)        0.003 (%) 
Cl( 3, 3) in Cl( 8, 8) CPU =        0.004 ms (setup)        0.021 (*)        0.007 (^)        0.009 (&)        0.008 (%) 
Cl( 4, 3) in Cl( 8, 8) CPU =        0.009 ms (setup)        0.067 (*)        0.019 (^)        0.022 (&)        0.019 (%) 
Cl( 4, 4) in Cl( 8, 8) CPU =        0.021 ms (setup)        0.204 (*)        0.054 (^)        0.060 (&)        0.051 (%) 
Cl( 5, 4) in Cl( 8, 8) CPU =        0.043 ms (setup)        0.707 (*)        0.145 (^)        0.157 (&)        0.119 (%) 
Cl( 5, 5) in Cl( 8, 8) CPU =        0.092 ms (setup)        1.044 (*)        0.366 (^)        0.405 (&)        0.291 (%) 
Cl( 6, 5) in Cl( 8, 8) CPU =        0.188 ms (setup)        3.647 (*)        0.964 (^)        1.069 (&)        0.726 (%) 
Cl( 6, 6) in Cl( 8, 8) CPU =        0.381 ms (setup)        5.428 (*)        2.619 (^)        2.905 (&)        1.854 (%) 
Cl( 7, 6) in Cl( 8, 8) CPU =        0.780 ms (setup)       18.070 (*)        7.335 (^)        8.428 (&)        5.011 (%) 
Cl( 7, 7) in Cl( 8, 8) CPU =        1.567 ms (setup)       27.392 (*)       20.732 (^)       24.663 (&)       13.879 (%) 
Cl( 8, 7) in Cl( 8, 8) CPU =        3.183 ms (setup)       92.535 (*)       59.732 (^)       72.390 (&)       39.589 (%) 
Cl( 8, 8) in Cl( 8, 8) CPU =        6.370 ms (setup)      143.886 (*)      172.977 (^)      214.246 (&)      114.398 (%) 

matrix_multi<double>
Clifford algebra products test:
Fill: 0.5
Cl( 1, 0) in Cl( 1, 0) CPU =        0.001 ms (setup)        0.001 (*)        0.001 (^)        0.001 (&)        0.001 (%) 
Cl( 1, 1) in Cl( 1, 1) CPU =        0.001 ms (setup)        0.000 (*)        0.002 (^)        0.003 (&)        0.003 (%) 
Cl( 2, 1) in Cl( 2, 1) CPU =        0.003 ms (setup)        0.001 (*)        0.011 (^)        0.009 (&)        0.011 (%) 
Cl( 2, 2) in Cl( 2, 2) CPU =        0.003 ms (setup)        0.000 (*)        0.014 (^)        0.011 (&)        0.014 (%) 
Cl( 3, 2) in Cl( 3, 2) CPU =        0.011 ms (setup)        0.001 (*)        0.065 (^)        0.068 (&)        0.067 (%) 
Cl( 3, 3) in Cl( 3, 3) CPU =        0.011 ms (setup)        0.000 (*)        0.103 (^)        0.094 (&)        0.107 (%) 
Cl( 4, 3) in Cl( 4, 3) CPU =        0.027 ms (setup)        0.002 (*)        0.418 (^)        0.447 (&)        0.439 (%) 
Cl( 4, 4) in Cl( 4, 4) CPU =        0.053 ms (setup)        0.001 (*)        0.663 (^)        0.709 (&)        0.709 (%) 
Cl( 5, 4) in Cl( 5, 4) CPU =        0.127 ms (setup)        0.004 (*)        2.690 (^)        2.705 (&)        2.734 (%) 
Cl( 5, 5) in Cl( 5, 5) CPU =        0.243 ms (setup)        0.003 (*)        3.897 (^)        4.142 (&)        4.091 (%) 
Cl( 6, 5) in Cl( 6, 5) CPU =        0.578 ms (setup)        0.018 (*)       25.798 (^)       16.503 (&)       15.854 (%) 
Cl( 6, 6) in Cl( 6, 6) CPU =        1.159 ms (setup)        0.017 (*)       21.963 (^)       23.743 (&)       22.729 (%) 
Cl( 7, 6) in Cl( 7, 6) CPU =        2.698 ms (setup)        0.110 (*)       89.709 (^)       93.559 (&)       89.115 (%) 
Cl( 7, 7) in Cl( 7, 7) CPU =        5.396 ms (setup)        0.109 (*)      121.378 (^)      126.184 (&)      120.982 (%) 
Cl( 8, 7) in Cl( 8, 7) CPU =       12.808 ms (setup)        0.850 (*)      640.548 (^)      901.507 (&)      822.784 (%) 
Cl( 8, 8) in Cl( 8, 8) CPU =       25.608 ms (setup)        0.856 (*)      692.317 (^)      751.025 (&)      685.032 (%) 
Cl( 1, 0) in Cl( 8, 8) CPU =        0.009 ms (setup)        0.868 (*)        0.982 (^)        0.965 (&)        0.977 (%) 
Cl( 1, 1) in Cl( 8, 8) CPU =        0.015 ms (setup)        0.866 (*)        5.210 (^)        5.003 (&)        4.394 (%) 
Cl( 2, 1) in Cl( 8, 8) CPU =        0.026 ms (setup)        0.865 (*)       15.985 (^)        9.505 (&)       10.648 (%) 
Cl( 2, 2) in Cl( 8, 8) CPU =        0.052 ms (setup)        0.865 (*)        9.969 (^)        9.550 (&)        7.182 (%) 
Cl( 3, 2) in Cl( 8, 8) CPU =        0.318 ms (setup)        0.863 (*)       23.979 (^)       15.655 (&)       15.245 (%) 
Cl( 3, 3) in Cl( 8, 8) CPU =        0.449 ms (setup)        0.854 (*)       33.828 (^)       24.052 (&)       21.264 (%) 
Cl( 4, 3) in Cl( 8, 8) CPU =        0.523 ms (setup)        0.854 (*)       46.849 (^)       45.443 (&)       28.890 (%) 
Cl( 4, 4) in Cl( 8, 8) CPU =        0.613 ms (setup)        0.854 (*)       48.385 (^)       47.061 (&)       30.245 (%) 
Cl( 5, 4) in Cl( 8, 8) CPU =        0.907 ms (setup)        0.855 (*)       92.275 (^)       76.238 (&)       55.961 (%) 
Cl( 5, 5) in Cl( 8, 8) CPU =        1.359 ms (setup)        0.855 (*)       88.959 (^)       93.962 (&)       58.248 (%) 
Cl( 6, 5) in Cl( 8, 8) CPU =        2.655 ms (setup)        0.855 (*)      134.661 (^)      124.394 (&)       90.345 (%) 
Cl( 6, 6) in Cl( 8, 8) CPU =        4.860 ms (setup)        0.854 (*)      142.469 (^)      133.286 (&)       99.511 (%) 
Cl( 7, 6) in Cl( 8, 8) CPU =       11.418 ms (setup)        0.854 (*)      203.825 (^)      212.146 (&)      160.187 (%) 
Cl( 7, 7) in Cl( 8, 8) CPU =       21.154 ms (setup)        0.854 (*)      261.569 (^)      269.089 (&)      219.274 (%) 
Cl( 8, 7) in Cl( 8, 8) CPU =       50.934 ms (setup)        0.851 (*)      538.330 (^)      574.327 (&)      504.603 (%) 
Cl( 8, 8) in Cl( 8, 8) CPU =       25.957 ms (setup)        0.870 (*)      665.166 (^)      751.201 (&)      672.291 (%) 
Fill: 1
Cl( 1, 0) in Cl( 1, 0) CPU =        0.001 ms (setup)        0.001 (*)        0.003 (^)        0.002 (&)        0.003 (%) 
Cl( 1, 1) in Cl( 1, 1) CPU =        0.001 ms (setup)        0.000 (*)        0.005 (^)        0.003 (&)        0.004 (%) 
Cl( 2, 1) in Cl( 2, 1) CPU =        0.001 ms (setup)        0.000 (*)        0.013 (^)        0.012 (&)        0.013 (%) 
Cl( 2, 2) in Cl( 2, 2) CPU =        0.003 ms (setup)        0.001 (*)        0.024 (^)        0.019 (&)        0.022 (%) 
Cl( 3, 2) in Cl( 3, 2) CPU =        0.007 ms (setup)        0.001 (*)        0.079 (^)        0.078 (&)        0.081 (%) 
Cl( 3, 3) in Cl( 3, 3) CPU =        0.015 ms (setup)        0.000 (*)        0.126 (^)        0.120 (&)        0.127 (%) 
Cl( 4, 3) in Cl( 4, 3) CPU =        0.038 ms (setup)        0.002 (*)        0.533 (^)        0.533 (&)        0.537 (%) 
Cl( 4, 4) in Cl( 4, 4) CPU =        0.074 ms (setup)        0.001 (*)        0.798 (^)        0.791 (&)        0.797 (%) 
Cl( 5, 4) in Cl( 5, 4) CPU =        0.185 ms (setup)        0.004 (*)        3.074 (^)        3.126 (&)        3.097 (%) 
Cl( 5, 5) in Cl( 5, 5) CPU =        0.374 ms (setup)        0.004 (*)        4.508 (^)        4.558 (&)        4.529 (%) 
Cl( 6, 5) in Cl( 6, 5) CPU =        0.900 ms (setup)        0.017 (*)       17.083 (^)       17.945 (&)       17.320 (%) 
Cl( 6, 6) in Cl( 6, 6) CPU =        1.795 ms (setup)        0.017 (*)       24.140 (^)       25.335 (&)       24.501 (%) 
Cl( 7, 6) in Cl( 7, 6) CPU =        4.413 ms (setup)        0.109 (*)       94.573 (^)      101.202 (&)       95.126 (%) 
Cl( 7, 7) in Cl( 7, 7) CPU =        8.928 ms (setup)        0.110 (*)      129.846 (^)      137.188 (&)      130.676 (%) 
Cl( 8, 7) in Cl( 8, 7) CPU =       22.345 ms (setup)        0.852 (*)      722.109 (^)      622.206 (&)      553.592 (%) 
Cl( 8, 8) in Cl( 8, 8) CPU =       45.105 ms (setup)        0.862 (*)      735.403 (^)      817.058 (&)      741.751 (%) 
Cl( 1, 0) in Cl( 8, 8) CPU =        0.009 ms (setup)        0.865 (*)        5.399 (^)        2.450 (&)        4.413 (%) 
Cl( 1, 1) in Cl( 8, 8) CPU =        0.017 ms (setup)        0.868 (*)        9.745 (^)        5.027 (&)        7.154 (%) 
Cl( 2, 1) in Cl( 8, 8) CPU =        0.036 ms (setup)        0.866 (*)       16.056 (^)        9.566 (&)       10.695 (%) 
Cl( 2, 2) in Cl( 8, 8) CPU =        0.414 ms (setup)        0.856 (*)       23.704 (^)       15.395 (&)       15.123 (%) 
Cl( 3, 2) in Cl( 8, 8) CPU =        0.443 ms (setup)        0.856 (*)       33.539 (^)       23.436 (&)       20.539 (%) 
Cl( 3, 3) in Cl( 8, 8) CPU =        0.473 ms (setup)        0.857 (*)       45.529 (^)       33.575 (&)       27.703 (%) 
Cl( 4, 3) in Cl( 8, 8) CPU =        0.562 ms (setup)        0.857 (*)       60.436 (^)       46.519 (&)       36.361 (%) 
Cl( 4, 4) in Cl( 8, 8) CPU =        0.687 ms (setup)        0.857 (*)       75.559 (^)       59.659 (&)       44.970 (%) 
Cl( 5, 4) in Cl( 8, 8) CPU =        1.079 ms (setup)        0.857 (*)       93.419 (^)       77.200 (&)       56.601 (%) 
Cl( 5, 5) in Cl( 8, 8) CPU =        1.619 ms (setup)        0.858 (*)      107.816 (^)       95.207 (&)       68.532 (%) 
Cl( 6, 5) in Cl( 8, 8) CPU =        3.538 ms (setup)        0.857 (*)      136.901 (^)      126.562 (&)       92.344 (%) 
Cl( 6, 6) in Cl( 8, 8) CPU =        6.444 ms (setup)        0.857 (*)      153.758 (^)      154.865 (&)      113.036 (%) 
Cl( 7, 6) in Cl( 8, 8) CPU =       15.556 ms (setup)        0.858 (*)      237.716 (^)      239.745 (&)      188.636 (%) 
Cl( 7, 7) in Cl( 8, 8) CPU =       29.415 ms (setup)        0.857 (*)      277.933 (^)      302.464 (&)      242.779 (%) 
Cl( 8, 7) in Cl( 8, 8) CPU =       72.451 ms (setup)        0.856 (*)      593.061 (^)      624.765 (&)      555.743 (%) 
Cl( 8, 8) in Cl( 8, 8) CPU =       45.419 ms (setup)        0.877 (*)      737.724 (^)      819.703 (&)      741.521 (%) 
