
framed_multi<double>
Clifford algebra squaring test:
Fill: 0.5
Cl( 1, 0) in Cl( 1, 0) CPU =        0.027 ms (setup)        0.006 (*) 
Cl( 1, 1) in Cl( 1, 1) CPU =        0.001 ms (setup)        0.002 (*) 
Cl( 2, 1) in Cl( 2, 1) CPU =        0.001 ms (setup)        0.004 (*) 
Cl( 2, 2) in Cl( 2, 2) CPU =        0.002 ms (setup)        0.005 (*) 
Cl( 3, 2) in Cl( 3, 2) CPU =        0.003 ms (setup)        0.010 (*) 
Cl( 3, 3) in Cl( 3, 3) CPU =        0.006 ms (setup)        0.026 (*) 
Cl( 4, 3) in Cl( 4, 3) CPU =        0.012 ms (setup)        0.071 (*) 
Cl( 4, 4) in Cl( 4, 4) CPU =        0.023 ms (setup)        0.434 (*) 
Cl( 5, 4) in Cl( 5, 4) CPU =        0.052 ms (setup)        1.215 (*) 
Cl( 5, 5) in Cl( 5, 5) CPU =        0.103 ms (setup)        1.614 (*) 
Cl( 6, 5) in Cl( 6, 5) CPU =        0.205 ms (setup)        5.841 (*) 
Cl( 6, 6) in Cl( 6, 6) CPU =        0.411 ms (setup)        6.160 (*) 
Cl( 7, 6) in Cl( 7, 6) CPU =        0.481 ms (setup)       14.980 (*) 
Cl( 7, 7) in Cl( 7, 7) CPU =        0.956 ms (setup)       20.283 (*) 
Cl( 8, 7) in Cl( 8, 7) CPU =        1.930 ms (setup)       73.914 (*) 
Cl( 8, 8) in Cl( 8, 8) CPU =        3.900 ms (setup)      101.828 (*) 
Cl( 9, 8) in Cl( 9, 8) CPU =        8.054 ms (setup)      276.866 (*) 
Cl( 9, 9) in Cl( 9, 9) CPU =       16.565 ms (setup)      536.990 (*) 
Cl(10, 9) in Cl(10, 9) CPU =       34.647 ms (setup)     2088.375 (*) 
Cl(10,10) in Cl(10,10) CPU =       71.884 ms (setup)     3046.696 (*) 
Cl(11,10) in Cl(11,10) CPU =      149.647 ms (setup)    12487.662 (*) 
Cl(11,11) in Cl(11,11) CPU =      294.245 ms (setup)    18855.414 (*) 
Fill: 1
Cl( 1, 0) in Cl( 1, 0) CPU =        0.002 ms (setup)        0.004 (*) 
Cl( 1, 1) in Cl( 1, 1) CPU =        0.001 ms (setup)        0.002 (*) 
Cl( 2, 1) in Cl( 2, 1) CPU =        0.001 ms (setup)        0.002 (*) 
Cl( 2, 2) in Cl( 2, 2) CPU =        0.002 ms (setup)        0.004 (*) 
Cl( 3, 2) in Cl( 3, 2) CPU =        0.003 ms (setup)        0.009 (*) 
Cl( 3, 3) in Cl( 3, 3) CPU =        0.005 ms (setup)        0.024 (*) 
Cl( 4, 3) in Cl( 4, 3) CPU =        0.011 ms (setup)        0.072 (*) 
Cl( 4, 4) in Cl( 4, 4) CPU =        0.021 ms (setup)        0.329 (*) 
Cl( 5, 4) in Cl( 5, 4) CPU =        0.044 ms (setup)        0.757 (*) 
Cl( 5, 5) in Cl( 5, 5) CPU =        0.092 ms (setup)        1.101 (*) 
Cl( 6, 5) in Cl( 6, 5) CPU =        0.183 ms (setup)        3.677 (*) 
Cl( 6, 6) in Cl( 6, 6) CPU =        0.362 ms (setup)        5.474 (*) 
Cl( 7, 6) in Cl( 7, 6) CPU =        0.759 ms (setup)       18.131 (*) 
Cl( 7, 7) in Cl( 7, 7) CPU =        1.498 ms (setup)       27.525 (*) 
Cl( 8, 7) in Cl( 8, 7) CPU =        3.140 ms (setup)       92.901 (*) 
Cl( 8, 8) in Cl( 8, 8) CPU =        6.199 ms (setup)      144.011 (*) 
Cl( 9, 8) in Cl( 9, 8) CPU =       13.201 ms (setup)      395.175 (*) 
Cl( 9, 9) in Cl( 9, 9) CPU =       27.706 ms (setup)      798.134 (*) 
Cl(10, 9) in Cl(10, 9) CPU =       58.956 ms (setup)     2856.835 (*) 
Cl(10,10) in Cl(10,10) CPU =      128.323 ms (setup)     4805.226 (*) 
Cl(11,10) in Cl(11,10) CPU =      257.380 ms (setup)    17912.328 (*) 
Cl(11,11) in Cl(11,11) CPU =      513.745 ms (setup)    31176.753 (*) 

matrix_multi<double>
Clifford algebra squaring test:
Fill: 0.5
Cl( 1, 0) in Cl( 1, 0) CPU =        0.019 ms (setup)        0.002 (*) 
Cl( 1, 1) in Cl( 1, 1) CPU =        0.002 ms (setup)        0.000 (*) 
Cl( 2, 1) in Cl( 2, 1) CPU =        0.012 ms (setup)        0.001 (*) 
Cl( 2, 2) in Cl( 2, 2) CPU =        0.008 ms (setup)        0.001 (*) 
Cl( 3, 2) in Cl( 3, 2) CPU =        0.017 ms (setup)        0.007 (*) 
Cl( 3, 3) in Cl( 3, 3) CPU =        0.017 ms (setup)        0.001 (*) 
Cl( 4, 3) in Cl( 4, 3) CPU =        0.029 ms (setup)        0.002 (*) 
Cl( 4, 4) in Cl( 4, 4) CPU =        0.054 ms (setup)        0.002 (*) 
Cl( 5, 4) in Cl( 5, 4) CPU =        0.131 ms (setup)        0.004 (*) 
Cl( 5, 5) in Cl( 5, 5) CPU =        0.240 ms (setup)        0.004 (*) 
Cl( 6, 5) in Cl( 6, 5) CPU =        0.583 ms (setup)        0.018 (*) 
Cl( 6, 6) in Cl( 6, 6) CPU =        1.170 ms (setup)        0.017 (*) 
Cl( 7, 6) in Cl( 7, 6) CPU =        2.719 ms (setup)        0.112 (*) 
Cl( 7, 7) in Cl( 7, 7) CPU =        5.387 ms (setup)        0.110 (*) 
Cl( 8, 7) in Cl( 8, 7) CPU =       12.750 ms (setup)        0.771 (*) 
Cl( 8, 8) in Cl( 8, 8) CPU =       25.813 ms (setup)        0.767 (*) 
Cl( 9, 8) in Cl( 9, 8) CPU =       63.045 ms (setup)        5.708 (*) 
Cl( 9, 9) in Cl( 9, 9) CPU =      126.385 ms (setup)        5.765 (*) 
Cl(10, 9) in Cl(10, 9) CPU =      328.107 ms (setup)       43.971 (*) 
Cl(10,10) in Cl(10,10) CPU =      668.634 ms (setup)       44.047 (*) 
Cl(11,10) in Cl(11,10) CPU =     1845.419 ms (setup)      346.661 (*) 
Cl(11,11) in Cl(11,11) CPU =     3812.868 ms (setup)      346.940 (*) 
Fill: 1
Cl( 1, 0) in Cl( 1, 0) CPU =        0.011 ms (setup)        0.001 (*) 
Cl( 1, 1) in Cl( 1, 1) CPU =        0.004 ms (setup)        0.001 (*) 
Cl( 2, 1) in Cl( 2, 1) CPU =        0.006 ms (setup)        0.001 (*) 
Cl( 2, 2) in Cl( 2, 2) CPU =        0.005 ms (setup)        0.000 (*) 
Cl( 3, 2) in Cl( 3, 2) CPU =        0.009 ms (setup)        0.002 (*) 
Cl( 3, 3) in Cl( 3, 3) CPU =        0.017 ms (setup)        0.001 (*) 
Cl( 4, 3) in Cl( 4, 3) CPU =        2.576 ms (setup)        0.002 (*) 
Cl( 4, 4) in Cl( 4, 4) CPU =        0.078 ms (setup)        0.001 (*) 
Cl( 5, 4) in Cl( 5, 4) CPU =        0.197 ms (setup)        0.003 (*) 
Cl( 5, 5) in Cl( 5, 5) CPU =        0.384 ms (setup)        0.003 (*) 
Cl( 6, 5) in Cl( 6, 5) CPU =        0.929 ms (setup)        0.018 (*) 
Cl( 6, 6) in Cl( 6, 6) CPU =        1.826 ms (setup)        0.017 (*) 
Cl( 7, 6) in Cl( 7, 6) CPU =        4.466 ms (setup)        0.110 (*) 
Cl( 7, 7) in Cl( 7, 7) CPU =        8.971 ms (setup)        0.110 (*) 
Cl( 8, 7) in Cl( 8, 7) CPU =       22.311 ms (setup)        0.770 (*) 
Cl( 8, 8) in Cl( 8, 8) CPU =       45.318 ms (setup)        0.773 (*) 
Cl( 9, 8) in Cl( 9, 8) CPU =      117.423 ms (setup)        5.807 (*) 
Cl( 9, 9) in Cl( 9, 9) CPU =      241.017 ms (setup)        5.757 (*) 
Cl(10, 9) in Cl(10, 9) CPU =      664.824 ms (setup)       44.879 (*) 
Cl(10,10) in Cl(10,10) CPU =     1388.283 ms (setup)       44.043 (*) 
Cl(11,10) in Cl(11,10) CPU =     4092.613 ms (setup)      346.781 (*) 
Cl(11,11) in Cl(11,11) CPU =     8603.094 ms (setup)      355.147 (*) 
