expressions/expressions
	linux-vdso.so.1 (0x00007ac439e3a000)
	libflexiblas.so.3 => /lib/x86_64-linux-gnu/libflexiblas.so.3 (0x00007ac439600000)
	libstdc++.so.6 => /lib/x86_64-linux-gnu/libstdc++.so.6 (0x00007ac439200000)
	libm.so.6 => /lib/x86_64-linux-gnu/libm.so.6 (0x00007ac439509000)
	libgcc_s.so.1 => /lib/x86_64-linux-gnu/libgcc_s.so.1 (0x00007ac439dcf000)
	libc.so.6 => /lib/x86_64-linux-gnu/libc.so.6 (0x00007ac438e00000)
	/lib64/ld-linux-x86-64.so.2 (0x00007ac439e3c000)
gfft_test/gfft_test
	linux-vdso.so.1 (0x000078984d270000)
	libflexiblas.so.3 => /lib/x86_64-linux-gnu/libflexiblas.so.3 (0x000078984ca00000)
	libstdc++.so.6 => /lib/x86_64-linux-gnu/libstdc++.so.6 (0x000078984c600000)
	libm.so.6 => /lib/x86_64-linux-gnu/libm.so.6 (0x000078984d13b000)
	libgcc_s.so.1 => /lib/x86_64-linux-gnu/libgcc_s.so.1 (0x000078984c9d3000)
	libc.so.6 => /lib/x86_64-linux-gnu/libc.so.6 (0x000078984c200000)
	/lib64/ld-linux-x86-64.so.2 (0x000078984d272000)
products/products
	linux-vdso.so.1 (0x0000791076b85000)
	libflexiblas.so.3 => /lib/x86_64-linux-gnu/libflexiblas.so.3 (0x0000791076400000)
	libstdc++.so.6 => /lib/x86_64-linux-gnu/libstdc++.so.6 (0x0000791076000000)
	libm.so.6 => /lib/x86_64-linux-gnu/libm.so.6 (0x0000791076309000)
	libgcc_s.so.1 => /lib/x86_64-linux-gnu/libgcc_s.so.1 (0x0000791076b1a000)
	libc.so.6 => /lib/x86_64-linux-gnu/libc.so.6 (0x0000791075c00000)
	/lib64/ld-linux-x86-64.so.2 (0x0000791076b87000)
squaring/squaring
	linux-vdso.so.1 (0x0000758de7ca2000)
	libflexiblas.so.3 => /lib/x86_64-linux-gnu/libflexiblas.so.3 (0x0000758de7400000)
	libstdc++.so.6 => /lib/x86_64-linux-gnu/libstdc++.so.6 (0x0000758de7000000)
	libm.so.6 => /lib/x86_64-linux-gnu/libm.so.6 (0x0000758de7b6d000)
	libgcc_s.so.1 => /lib/x86_64-linux-gnu/libgcc_s.so.1 (0x0000758de7b40000)
	libc.so.6 => /lib/x86_64-linux-gnu/libc.so.6 (0x0000758de6c00000)
	/lib64/ld-linux-x86-64.so.2 (0x0000758de7ca4000)
transforms/transforms
	linux-vdso.so.1 (0x00007174eb876000)
	libflexiblas.so.3 => /lib/x86_64-linux-gnu/libflexiblas.so.3 (0x00007174eb000000)
	libstdc++.so.6 => /lib/x86_64-linux-gnu/libstdc++.so.6 (0x00007174eac00000)
	libm.so.6 => /lib/x86_64-linux-gnu/libm.so.6 (0x00007174eb741000)
	libgcc_s.so.1 => /lib/x86_64-linux-gnu/libgcc_s.so.1 (0x00007174eafd3000)
	libc.so.6 => /lib/x86_64-linux-gnu/libc.so.6 (0x00007174ea800000)
	/lib64/ld-linux-x86-64.so.2 (0x00007174eb878000)
versor/versor
	linux-vdso.so.1 (0x0000735274084000)
	libflexiblas.so.3 => /lib/x86_64-linux-gnu/libflexiblas.so.3 (0x0000735273800000)
	libstdc++.so.6 => /lib/x86_64-linux-gnu/libstdc++.so.6 (0x0000735273400000)
	libm.so.6 => /lib/x86_64-linux-gnu/libm.so.6 (0x0000735273f4f000)
	libgcc_s.so.1 => /lib/x86_64-linux-gnu/libgcc_s.so.1 (0x0000735273f22000)
	libc.so.6 => /lib/x86_64-linux-gnu/libc.so.6 (0x0000735273000000)
	/lib64/ld-linux-x86-64.so.2 (0x0000735274086000)
