
framed_multi<double>
Clifford algebra squaring test:
Fill: 0.5
Cl( 1, 0) in Cl( 1, 0) CPU =        0.088 ms (setup)        0.011 (*) 
Cl( 1, 1) in Cl( 1, 1) CPU =        0.002 ms (setup)        0.002 (*) 
Cl( 2, 1) in Cl( 2, 1) CPU =        0.002 ms (setup)        0.007 (*) 
Cl( 2, 2) in Cl( 2, 2) CPU =        0.002 ms (setup)        0.006 (*) 
Cl( 3, 2) in Cl( 3, 2) CPU =        0.005 ms (setup)        0.013 (*) 
Cl( 3, 3) in Cl( 3, 3) CPU =        0.012 ms (setup)        0.035 (*) 
Cl( 4, 3) in Cl( 4, 3) CPU =        0.017 ms (setup)        0.103 (*) 
Cl( 4, 4) in Cl( 4, 4) CPU =        0.033 ms (setup)        0.667 (*) 
Cl( 5, 4) in Cl( 5, 4) CPU =        0.069 ms (setup)        2.028 (*) 
Cl( 5, 5) in Cl( 5, 5) CPU =        0.134 ms (setup)        2.656 (*) 
Cl( 6, 5) in Cl( 6, 5) CPU =        0.251 ms (setup)        9.042 (*) 
Cl( 6, 6) in Cl( 6, 6) CPU =        0.487 ms (setup)       11.184 (*) 
Cl( 7, 6) in Cl( 7, 6) CPU =        1.000 ms (setup)       43.763 (*) 
Cl( 7, 7) in Cl( 7, 7) CPU =        2.003 ms (setup)       56.822 (*) 
Cl( 8, 7) in Cl( 8, 7) CPU =        4.065 ms (setup)      195.531 (*) 
Cl( 8, 8) in Cl( 8, 8) CPU =        8.298 ms (setup)      267.344 (*) 
Cl( 9, 8) in Cl( 9, 8) CPU =       16.600 ms (setup)      735.168 (*) 
Cl( 9, 9) in Cl( 9, 9) CPU =       39.066 ms (setup)     1334.821 (*) 
Cl(10, 9) in Cl(10, 9) CPU =       71.934 ms (setup)     5080.545 (*) 
Cl(10,10) in Cl(10,10) CPU =      162.052 ms (setup)     7239.372 (*) 
Cl(11,10) in Cl(11,10) CPU =      312.988 ms (setup)    29589.494 (*) 
Cl(11,11) in Cl(11,11) CPU =      717.633 ms (setup)    43822.405 (*) 
Fill: 1
Cl( 1, 0) in Cl( 1, 0) CPU =        0.008 ms (setup)        0.010 (*) 
Cl( 1, 1) in Cl( 1, 1) CPU =        0.002 ms (setup)        0.004 (*) 
Cl( 2, 1) in Cl( 2, 1) CPU =        0.003 ms (setup)        0.006 (*) 
Cl( 2, 2) in Cl( 2, 2) CPU =        0.004 ms (setup)        0.011 (*) 
Cl( 3, 2) in Cl( 3, 2) CPU =        0.009 ms (setup)        0.026 (*) 
Cl( 3, 3) in Cl( 3, 3) CPU =        0.014 ms (setup)        0.074 (*) 
Cl( 4, 3) in Cl( 4, 3) CPU =        0.029 ms (setup)        0.256 (*) 
Cl( 4, 4) in Cl( 4, 4) CPU =        0.056 ms (setup)        0.629 (*) 
Cl( 5, 4) in Cl( 5, 4) CPU =        0.126 ms (setup)        2.044 (*) 
Cl( 5, 5) in Cl( 5, 5) CPU =        0.209 ms (setup)        2.896 (*) 
Cl( 6, 5) in Cl( 6, 5) CPU =        0.415 ms (setup)        9.756 (*) 
Cl( 6, 6) in Cl( 6, 6) CPU =        0.810 ms (setup)       14.142 (*) 
Cl( 7, 6) in Cl( 7, 6) CPU =        1.663 ms (setup)       52.470 (*) 
Cl( 7, 7) in Cl( 7, 7) CPU =        3.513 ms (setup)       75.964 (*) 
Cl( 8, 7) in Cl( 8, 7) CPU =        6.947 ms (setup)      236.488 (*) 
Cl( 8, 8) in Cl( 8, 8) CPU =       14.025 ms (setup)      349.318 (*) 
Cl( 9, 8) in Cl( 9, 8) CPU =       29.423 ms (setup)      963.379 (*) 
Cl( 9, 9) in Cl( 9, 9) CPU =       60.522 ms (setup)     1861.242 (*) 
Cl(10, 9) in Cl(10, 9) CPU =      129.479 ms (setup)     6596.334 (*) 
Cl(10,10) in Cl(10,10) CPU =      292.429 ms (setup)    10726.847 (*) 
Cl(11,10) in Cl(11,10) CPU =      640.871 ms (setup)    39945.508 (*) 
Cl(11,11) in Cl(11,11) CPU =     1213.929 ms (setup)    68396.511 (*) 

matrix_multi<double>
Clifford algebra squaring test:
Fill: 0.5
Cl( 1, 0) in Cl( 1, 0) CPU =        0.040 ms (setup)        0.003 (*) 
Cl( 1, 1) in Cl( 1, 1) CPU =        0.005 ms (setup)        0.002 (*) 
Cl( 2, 1) in Cl( 2, 1) CPU =        0.022 ms (setup)        0.002 (*) 
Cl( 2, 2) in Cl( 2, 2) CPU =        0.019 ms (setup)        0.002 (*) 
Cl( 3, 2) in Cl( 3, 2) CPU =        0.050 ms (setup)        0.009 (*) 
Cl( 3, 3) in Cl( 3, 3) CPU =       22.704 ms (setup)        0.010 (*) 
Cl( 4, 3) in Cl( 4, 3) CPU =        0.093 ms (setup)        0.005 (*) 
Cl( 4, 4) in Cl( 4, 4) CPU =        0.161 ms (setup)        0.005 (*) 
Cl( 5, 4) in Cl( 5, 4) CPU =        0.374 ms (setup)        0.014 (*) 
Cl( 5, 5) in Cl( 5, 5) CPU =        0.704 ms (setup)        0.014 (*) 
Cl( 6, 5) in Cl( 6, 5) CPU =        1.599 ms (setup)        0.063 (*) 
Cl( 6, 6) in Cl( 6, 6) CPU =        3.113 ms (setup)        0.063 (*) 
Cl( 7, 6) in Cl( 7, 6) CPU =        7.159 ms (setup)        0.311 (*) 
Cl( 7, 7) in Cl( 7, 7) CPU =       18.507 ms (setup)        0.263 (*) 
Cl( 8, 7) in Cl( 8, 7) CPU =       36.718 ms (setup)        2.479 (*) 
Cl( 8, 8) in Cl( 8, 8) CPU =       71.426 ms (setup)        4.125 (*) 
Cl( 9, 8) in Cl( 9, 8) CPU =      159.881 ms (setup)       26.876 (*) 
Cl( 9, 9) in Cl( 9, 9) CPU =      317.902 ms (setup)       25.914 (*) 
Cl(10, 9) in Cl(10, 9) CPU =      824.370 ms (setup)      211.951 (*) 
Cl(10,10) in Cl(10,10) CPU =     1627.471 ms (setup)      217.981 (*) 
Cl(11,10) in Cl(11,10) CPU =     4450.861 ms (setup)     1654.502 (*) 
Cl(11,11) in Cl(11,11) CPU =     8773.495 ms (setup)     1654.336 (*) 
Fill: 1
Cl( 1, 0) in Cl( 1, 0) CPU =        0.019 ms (setup)        0.003 (*) 
Cl( 1, 1) in Cl( 1, 1) CPU =        0.012 ms (setup)        0.001 (*) 
Cl( 2, 1) in Cl( 2, 1) CPU =        0.017 ms (setup)        0.002 (*) 
Cl( 2, 2) in Cl( 2, 2) CPU =        0.022 ms (setup)        0.002 (*) 
Cl( 3, 2) in Cl( 3, 2) CPU =        0.045 ms (setup)        0.008 (*) 
Cl( 3, 3) in Cl( 3, 3) CPU =        0.056 ms (setup)        0.003 (*) 
Cl( 4, 3) in Cl( 4, 3) CPU =        0.134 ms (setup)        0.006 (*) 
Cl( 4, 4) in Cl( 4, 4) CPU =       10.099 ms (setup)        0.009 (*) 
Cl( 5, 4) in Cl( 5, 4) CPU =        0.516 ms (setup)        0.014 (*) 
Cl( 5, 5) in Cl( 5, 5) CPU =        1.009 ms (setup)        0.013 (*) 
Cl( 6, 5) in Cl( 6, 5) CPU =        2.353 ms (setup)        0.065 (*) 
Cl( 6, 6) in Cl( 6, 6) CPU =        4.708 ms (setup)        0.063 (*) 
Cl( 7, 6) in Cl( 7, 6) CPU =       10.786 ms (setup)        0.268 (*) 
Cl( 7, 7) in Cl( 7, 7) CPU =       25.777 ms (setup)        0.382 (*) 
Cl( 8, 7) in Cl( 8, 7) CPU =       56.430 ms (setup)        1.476 (*) 
Cl( 8, 8) in Cl( 8, 8) CPU =      111.679 ms (setup)        2.201 (*) 
Cl( 9, 8) in Cl( 9, 8) CPU =      272.202 ms (setup)       26.059 (*) 
Cl( 9, 9) in Cl( 9, 9) CPU =      556.284 ms (setup)       26.628 (*) 
Cl(10, 9) in Cl(10, 9) CPU =     1479.588 ms (setup)      210.379 (*) 
Cl(10,10) in Cl(10,10) CPU =     3002.692 ms (setup)      212.059 (*) 
Cl(11,10) in Cl(11,10) CPU =     8633.111 ms (setup)     1630.546 (*) 
Cl(11,11) in Cl(11,11) CPU =    17943.662 ms (setup)     1679.574 (*) 
