
framed_multi<float,-4,4>
Clifford algebra expressions test:
Fill: 0.5
Cl( 1, 0) in Cl( 1, 0) CPU =        0.001 ms (setup)        0.002 (comm)        0.003 (pade)        0.001 (series)        0.001 (mix)        0.001 (add) 
Cl( 1, 1) in Cl( 1, 1) CPU =        0.001 ms (setup)        0.001 (comm)        0.002 (pade)        0.001 (series)        0.001 (mix)        0.001 (add) 
Cl( 2, 1) in Cl( 2, 1) CPU =        0.001 ms (setup)        0.003 (comm)        0.005 (pade)        0.003 (series)        0.001 (mix)        0.001 (add) 
Cl( 2, 2) in Cl( 2, 2) CPU =        0.002 ms (setup)        0.004 (comm)        0.006 (pade)        0.005 (series)        0.002 (mix)        0.001 (add) 
Cl( 3, 2) in Cl( 3, 2) CPU =        0.002 ms (setup)        0.011 (comm)        0.027 (pade)        0.009 (series)        0.003 (mix)        0.002 (add) 
Cl( 3, 3) in Cl( 3, 3) CPU =        0.005 ms (setup)        0.024 (comm)        0.037 (pade)        0.036 (series)        0.006 (mix)        0.003 (add) 
Cl( 4, 3) in Cl( 4, 3) CPU =        0.011 ms (setup)        0.058 (comm)        0.135 (pade)        0.108 (series)        0.016 (mix)        0.005 (add) 
Cl( 4, 4) in Cl( 4, 4) CPU =        0.022 ms (setup)        0.422 (comm)        0.194 (pade)        0.723 (series)        0.052 (mix)        0.011 (add) 
Cl( 1, 0) in Cl( 4, 4) CPU =        0.001 ms (setup)        0.001 (comm)        0.002 (pade)        0.001 (series)        0.000 (mix)        0.001 (add) 
Cl( 1, 1) in Cl( 4, 4) CPU =        0.001 ms (setup)        0.001 (comm)        0.002 (pade)        0.001 (series)        0.001 (mix)        0.001 (add) 
Cl( 2, 1) in Cl( 4, 4) CPU =        0.001 ms (setup)        0.003 (comm)        0.005 (pade)        0.004 (series)        0.001 (mix)        0.001 (add) 
Cl( 2, 2) in Cl( 4, 4) CPU =        0.002 ms (setup)        0.005 (comm)        0.005 (pade)        0.006 (series)        0.002 (mix)        0.001 (add) 
Cl( 3, 2) in Cl( 4, 4) CPU =        0.003 ms (setup)        0.009 (comm)        0.027 (pade)        0.015 (series)        0.003 (mix)        0.002 (add) 
Cl( 3, 3) in Cl( 4, 4) CPU =        0.005 ms (setup)        0.024 (comm)        0.038 (pade)        0.041 (series)        0.007 (mix)        0.004 (add) 
Cl( 4, 3) in Cl( 4, 4) CPU =        0.011 ms (setup)        0.054 (comm)        0.135 (pade)        0.097 (series)        0.015 (mix)        0.005 (add) 
Cl( 4, 4) in Cl( 4, 4) CPU =        0.023 ms (setup)        0.408 (comm)        0.182 (pade)        0.720 (series)        0.049 (mix)        0.009 (add) 
Fill: 1
Cl( 1, 0) in Cl( 1, 0) CPU =        0.001 ms (setup)        0.002 (comm)        0.002 (pade)        0.002 (series)        0.001 (mix)        0.001 (add) 
Cl( 1, 1) in Cl( 1, 1) CPU =        0.001 ms (setup)        0.004 (comm)        0.002 (pade)        0.003 (series)        0.001 (mix)        0.001 (add) 
Cl( 2, 1) in Cl( 2, 1) CPU =        0.001 ms (setup)        0.003 (comm)        0.005 (pade)        0.004 (series)        0.002 (mix)        0.001 (add) 
Cl( 2, 2) in Cl( 2, 2) CPU =        0.002 ms (setup)        0.006 (comm)        0.007 (pade)        0.007 (series)        0.002 (mix)        0.001 (add) 
Cl( 3, 2) in Cl( 3, 2) CPU =        0.004 ms (setup)        0.015 (comm)        0.027 (pade)        0.019 (series)        0.005 (mix)        0.002 (add) 
Cl( 3, 3) in Cl( 3, 3) CPU =        0.007 ms (setup)        0.041 (comm)        0.038 (pade)        0.059 (series)        0.011 (mix)        0.003 (add) 
Cl( 4, 3) in Cl( 4, 3) CPU =        0.015 ms (setup)        0.122 (comm)        0.152 (pade)        0.188 (series)        0.026 (mix)        0.006 (add) 
Cl( 4, 4) in Cl( 4, 4) CPU =        0.032 ms (setup)        0.493 (comm)        0.216 (pade)        0.828 (series)        0.072 (mix)        0.016 (add) 
Cl( 1, 0) in Cl( 4, 4) CPU =        0.001 ms (setup)        0.002 (comm)        0.002 (pade)        0.002 (series)        0.001 (mix)        0.001 (add) 
Cl( 1, 1) in Cl( 4, 4) CPU =        0.001 ms (setup)        0.002 (comm)        0.002 (pade)        0.003 (series)        0.001 (mix)        0.001 (add) 
Cl( 2, 1) in Cl( 4, 4) CPU =        0.001 ms (setup)        0.003 (comm)        0.005 (pade)        0.004 (series)        0.002 (mix)        0.001 (add) 
Cl( 2, 2) in Cl( 4, 4) CPU =        0.002 ms (setup)        0.005 (comm)        0.007 (pade)        0.007 (series)        0.002 (mix)        0.001 (add) 
Cl( 3, 2) in Cl( 4, 4) CPU =        0.004 ms (setup)        0.015 (comm)        0.027 (pade)        0.019 (series)        0.005 (mix)        0.004 (add) 
Cl( 3, 3) in Cl( 4, 4) CPU =        0.007 ms (setup)        0.041 (comm)        0.040 (pade)        0.059 (series)        0.011 (mix)        0.004 (add) 
Cl( 4, 3) in Cl( 4, 4) CPU =        0.015 ms (setup)        0.121 (comm)        0.150 (pade)        0.186 (series)        0.029 (mix)        0.006 (add) 
Cl( 4, 4) in Cl( 4, 4) CPU =        0.032 ms (setup)        0.494 (comm)        0.215 (pade)        0.830 (series)        0.074 (mix)        0.016 (add) 

matrix_multi<float,-4,4>
Clifford algebra expressions test:
Fill: 0.5
Cl( 1, 0) in Cl( 1, 0) CPU =        0.001 ms (setup)        0.003 (comm)        0.001 (pade)        0.001 (series)        0.002 (mix)        0.000 (add) 
Cl( 1, 1) in Cl( 1, 1) CPU =        0.002 ms (setup)        0.005 (comm)        0.001 (pade)        0.001 (series)        0.005 (mix)        0.000 (add) 
Cl( 2, 1) in Cl( 2, 1) CPU =        0.002 ms (setup)        0.022 (comm)        0.001 (pade)        0.001 (series)        0.021 (mix)        0.001 (add) 
Cl( 2, 2) in Cl( 2, 2) CPU =        0.003 ms (setup)        0.032 (comm)        0.001 (pade)        0.001 (series)        0.030 (mix)        0.000 (add) 
Cl( 3, 2) in Cl( 3, 2) CPU =        0.011 ms (setup)        0.107 (comm)        0.002 (pade)        0.001 (series)        0.108 (mix)        0.001 (add) 
Cl( 3, 3) in Cl( 3, 3) CPU =        0.020 ms (setup)        0.189 (comm)        0.002 (pade)        0.002 (series)        0.182 (mix)        0.001 (add) 
Cl( 4, 3) in Cl( 4, 3) CPU =        0.049 ms (setup)        0.864 (comm)        0.005 (pade)        0.004 (series)        0.854 (mix)        0.001 (add) 
Cl( 4, 4) in Cl( 4, 4) CPU =        0.097 ms (setup)        1.364 (comm)        0.005 (pade)        0.003 (series)        1.356 (mix)        0.001 (add) 
Cl( 1, 0) in Cl( 4, 4) CPU =        0.002 ms (setup)        0.017 (comm)        0.005 (pade)        0.004 (series)        0.015 (mix)        0.001 (add) 
Cl( 1, 1) in Cl( 4, 4) CPU =        0.003 ms (setup)        0.024 (comm)        0.004 (pade)        0.003 (series)        0.025 (mix)        0.000 (add) 
Cl( 2, 1) in Cl( 4, 4) CPU =        0.006 ms (setup)        0.056 (comm)        0.005 (pade)        0.003 (series)        0.053 (mix)        0.001 (add) 
Cl( 2, 2) in Cl( 4, 4) CPU =        0.011 ms (setup)        0.068 (comm)        0.005 (pade)        0.003 (series)        0.065 (mix)        0.001 (add) 
Cl( 3, 2) in Cl( 4, 4) CPU =        0.046 ms (setup)        0.182 (comm)        0.005 (pade)        0.003 (series)        0.182 (mix)        0.001 (add) 
Cl( 3, 3) in Cl( 4, 4) CPU =        0.068 ms (setup)        0.287 (comm)        0.005 (pade)        0.005 (series)        0.280 (mix)        0.001 (add) 
Cl( 4, 3) in Cl( 4, 4) CPU =        0.179 ms (setup)        0.812 (comm)        0.005 (pade)        0.003 (series)        0.801 (mix)        0.001 (add) 
Cl( 4, 4) in Cl( 4, 4) CPU =        0.098 ms (setup)        1.404 (comm)        0.005 (pade)        0.003 (series)        1.382 (mix)        0.001 (add) 
Fill: 1
Cl( 1, 0) in Cl( 1, 0) CPU =        0.001 ms (setup)        0.005 (comm)        0.001 (pade)        0.001 (series)        0.005 (mix)        0.001 (add) 
Cl( 1, 1) in Cl( 1, 1) CPU =        0.001 ms (setup)        0.008 (comm)        0.001 (pade)        0.001 (series)        0.007 (mix)        0.000 (add) 
Cl( 2, 1) in Cl( 2, 1) CPU =        0.002 ms (setup)        0.026 (comm)        0.001 (pade)        0.001 (series)        0.026 (mix)        0.000 (add) 
Cl( 2, 2) in Cl( 2, 2) CPU =        0.005 ms (setup)        0.041 (comm)        0.001 (pade)        0.001 (series)        0.044 (mix)        0.001 (add) 
Cl( 3, 2) in Cl( 3, 2) CPU =        0.012 ms (setup)        0.140 (comm)        0.002 (pade)        0.001 (series)        0.138 (mix)        0.001 (add) 
Cl( 3, 3) in Cl( 3, 3) CPU =        0.026 ms (setup)        0.228 (comm)        0.002 (pade)        0.002 (series)        0.228 (mix)        0.001 (add) 
Cl( 4, 3) in Cl( 4, 3) CPU =        0.065 ms (setup)        1.000 (comm)        0.005 (pade)        0.003 (series)        0.987 (mix)        0.001 (add) 
Cl( 4, 4) in Cl( 4, 4) CPU =        0.135 ms (setup)        1.566 (comm)        0.005 (pade)        0.004 (series)        1.554 (mix)        0.001 (add) 
Cl( 1, 0) in Cl( 4, 4) CPU =        0.002 ms (setup)        0.035 (comm)        0.005 (pade)        0.003 (series)        0.033 (mix)        0.001 (add) 
Cl( 1, 1) in Cl( 4, 4) CPU =        0.004 ms (setup)        0.046 (comm)        0.005 (pade)        0.004 (series)        0.044 (mix)        0.001 (add) 
Cl( 2, 1) in Cl( 4, 4) CPU =        0.008 ms (setup)        0.067 (comm)        0.005 (pade)        0.004 (series)        0.065 (mix)        0.001 (add) 
Cl( 2, 2) in Cl( 4, 4) CPU =        0.021 ms (setup)        0.099 (comm)        0.005 (pade)        0.003 (series)        0.099 (mix)        0.000 (add) 
Cl( 3, 2) in Cl( 4, 4) CPU =        0.052 ms (setup)        0.214 (comm)        0.005 (pade)        0.003 (series)        0.206 (mix)        0.001 (add) 
Cl( 3, 3) in Cl( 4, 4) CPU =        0.086 ms (setup)        0.342 (comm)        0.005 (pade)        0.003 (series)        0.339 (mix)        0.001 (add) 
Cl( 4, 3) in Cl( 4, 4) CPU =        0.230 ms (setup)        1.066 (comm)        0.005 (pade)        0.004 (series)        1.053 (mix)        0.001 (add) 
Cl( 4, 4) in Cl( 4, 4) CPU =        0.128 ms (setup)        1.568 (comm)        0.005 (pade)        0.003 (series)        1.554 (mix)        0.001 (add) 

framed_multi<double>
Clifford algebra expressions test:
Fill: 0.5
Cl( 1, 0) in Cl( 1, 0) CPU =        0.001 ms (setup)        0.001 (comm)        0.002 (pade)        0.001 (series)        0.001 (mix)        0.001 (add) 
Cl( 1, 1) in Cl( 1, 1) CPU =        0.001 ms (setup)        0.001 (comm)        0.002 (pade)        0.001 (series)        0.001 (mix)        0.001 (add) 
Cl( 2, 1) in Cl( 2, 1) CPU =        0.001 ms (setup)        0.004 (comm)        0.005 (pade)        0.004 (series)        0.002 (mix)        0.001 (add) 
Cl( 2, 2) in Cl( 2, 2) CPU =        0.002 ms (setup)        0.005 (comm)        0.006 (pade)        0.007 (series)        0.002 (mix)        0.001 (add) 
Cl( 3, 2) in Cl( 3, 2) CPU =        0.003 ms (setup)        0.012 (comm)        0.028 (pade)        0.012 (series)        0.004 (mix)        0.002 (add) 
Cl( 3, 3) in Cl( 3, 3) CPU =        0.006 ms (setup)        0.029 (comm)        0.035 (pade)        0.052 (series)        0.007 (mix)        0.002 (add) 
Cl( 4, 3) in Cl( 4, 3) CPU =        0.011 ms (setup)        0.069 (comm)        0.134 (pade)        0.131 (series)        0.018 (mix)        0.004 (add) 
Cl( 4, 4) in Cl( 4, 4) CPU =        0.025 ms (setup)        0.419 (comm)        0.188 (pade)        0.711 (series)        0.077 (mix)        0.009 (add) 
Cl( 5, 4) in Cl( 5, 4) CPU =        0.050 ms (setup)        1.512 (comm)        0.668 (pade)        2.579 (series)        0.258 (mix)        0.015 (add) 
Cl( 5, 5) in Cl( 5, 5) CPU =        0.106 ms (setup)        2.509 (comm)        0.939 (pade)        3.638 (series)        0.773 (mix)        0.029 (add) 
Cl( 6, 5) in Cl( 6, 5) CPU =        0.223 ms (setup)        8.230 (comm)        3.446 (pade)       12.957 (series)        2.074 (mix)        0.061 (add) 
Cl( 6, 6) in Cl( 6, 6) CPU =        0.435 ms (setup)       14.127 (comm)        4.723 (pade)       17.846 (series)        6.016 (mix)        0.130 (add) 
Cl( 7, 6) in Cl( 7, 6) CPU =        0.876 ms (setup)       46.641 (comm)       16.904 (pade)       63.549 (series)       17.515 (mix)        0.274 (add) 
Cl( 7, 7) in Cl( 7, 7) CPU =        1.804 ms (setup)       91.720 (comm)       23.479 (pade)       86.097 (series)       52.271 (mix)        0.526 (add) 
Cl( 8, 7) in Cl( 8, 7) CPU =        3.671 ms (setup)      296.343 (comm)       81.757 (pade)      308.123 (series)      153.899 (mix)        1.117 (add) 
Cl( 8, 8) in Cl( 8, 8) CPU =        8.274 ms (setup)      664.672 (comm)      114.099 (pade)      435.579 (series)      472.491 (mix)        2.807 (add) 
Cl( 1, 0) in Cl( 8, 8) CPU =        0.002 ms (setup)        0.001 (comm)        0.001 (pade)        0.001 (series)        0.001 (mix)        0.001 (add) 
Cl( 1, 1) in Cl( 8, 8) CPU =        0.001 ms (setup)        0.001 (comm)        0.002 (pade)        0.001 (series)        0.001 (mix)        0.001 (add) 
Cl( 2, 1) in Cl( 8, 8) CPU =        0.001 ms (setup)        0.004 (comm)        0.006 (pade)        0.003 (series)        0.001 (mix)        0.001 (add) 
Cl( 2, 2) in Cl( 8, 8) CPU =        0.002 ms (setup)        0.005 (comm)        0.005 (pade)        0.006 (series)        0.002 (mix)        0.001 (add) 
Cl( 3, 2) in Cl( 8, 8) CPU =        0.002 ms (setup)        0.009 (comm)        0.019 (pade)        0.011 (series)        0.003 (mix)        0.001 (add) 
Cl( 3, 3) in Cl( 8, 8) CPU =        0.005 ms (setup)        0.029 (comm)        0.035 (pade)        0.042 (series)        0.007 (mix)        0.002 (add) 
Cl( 4, 3) in Cl( 8, 8) CPU =        0.011 ms (setup)        0.071 (comm)        0.130 (pade)        0.124 (series)        0.018 (mix)        0.004 (add) 
Cl( 4, 4) in Cl( 8, 8) CPU =        0.028 ms (setup)        0.416 (comm)        0.179 (pade)        0.699 (series)        0.064 (mix)        0.008 (add) 
Cl( 5, 4) in Cl( 8, 8) CPU =        0.049 ms (setup)        1.506 (comm)        0.653 (pade)        2.513 (series)        0.256 (mix)        0.014 (add) 
Cl( 5, 5) in Cl( 8, 8) CPU =        0.097 ms (setup)        2.402 (comm)        0.909 (pade)        3.506 (series)        0.719 (mix)        0.025 (add) 
Cl( 6, 5) in Cl( 8, 8) CPU =        0.208 ms (setup)        8.002 (comm)        3.224 (pade)       12.588 (series)        2.031 (mix)        0.056 (add) 
Cl( 6, 6) in Cl( 8, 8) CPU =        0.438 ms (setup)       14.087 (comm)        4.553 (pade)       17.623 (series)        5.918 (mix)        0.108 (add) 
Cl( 7, 6) in Cl( 8, 8) CPU =        0.876 ms (setup)       45.861 (comm)       17.286 (pade)       60.213 (series)       17.543 (mix)        0.253 (add) 
Cl( 7, 7) in Cl( 8, 8) CPU =        1.818 ms (setup)       93.266 (comm)       21.887 (pade)       85.169 (series)       52.718 (mix)        0.523 (add) 
Cl( 8, 7) in Cl( 8, 8) CPU =        3.668 ms (setup)      297.966 (comm)       80.169 (pade)      307.072 (series)      158.441 (mix)        1.124 (add) 
Cl( 8, 8) in Cl( 8, 8) CPU =        7.453 ms (setup)      659.073 (comm)      112.454 (pade)      432.582 (series)      466.868 (mix)        2.713 (add) 
Fill: 1
Cl( 1, 0) in Cl( 1, 0) CPU =        0.001 ms (setup)        0.002 (comm)        0.002 (pade)        0.002 (series)        0.001 (mix)        0.001 (add) 
Cl( 1, 1) in Cl( 1, 1) CPU =        0.002 ms (setup)        0.003 (comm)        0.002 (pade)        0.003 (series)        0.001 (mix)        0.001 (add) 
Cl( 2, 1) in Cl( 2, 1) CPU =        0.002 ms (setup)        0.004 (comm)        0.007 (pade)        0.005 (series)        0.002 (mix)        0.001 (add) 
Cl( 2, 2) in Cl( 2, 2) CPU =        0.002 ms (setup)        0.007 (comm)        0.007 (pade)        0.009 (series)        0.003 (mix)        0.001 (add) 
Cl( 3, 2) in Cl( 3, 2) CPU =        0.004 ms (setup)        0.017 (comm)        0.288 (pade)        0.022 (series)        0.005 (mix)        0.002 (add) 
Cl( 3, 3) in Cl( 3, 3) CPU =        0.009 ms (setup)        0.048 (comm)        0.038 (pade)        0.069 (series)        0.011 (mix)        0.003 (add) 
Cl( 4, 3) in Cl( 4, 3) CPU =        0.017 ms (setup)        0.140 (comm)        0.148 (pade)        0.216 (series)        0.029 (mix)        0.005 (add) 
Cl( 4, 4) in Cl( 4, 4) CPU =        0.033 ms (setup)        0.496 (comm)        0.210 (pade)        0.827 (series)        0.080 (mix)        0.009 (add) 
Cl( 5, 4) in Cl( 5, 4) CPU =        0.075 ms (setup)        1.683 (comm)        0.721 (pade)        2.850 (series)        0.232 (mix)        0.017 (add) 
Cl( 5, 5) in Cl( 5, 5) CPU =        0.148 ms (setup)        2.753 (comm)        1.056 (pade)        4.190 (series)        0.645 (mix)        0.034 (add) 
Cl( 6, 5) in Cl( 6, 5) CPU =        0.333 ms (setup)        8.964 (comm)        3.654 (pade)       14.341 (series)        1.730 (mix)        0.065 (add) 
Cl( 6, 6) in Cl( 6, 6) CPU =        0.739 ms (setup)       15.521 (comm)        5.460 (pade)       21.329 (series)        4.813 (mix)        0.138 (add) 
Cl( 7, 6) in Cl( 7, 6) CPU =        1.486 ms (setup)       50.077 (comm)       17.878 (pade)       69.868 (series)       13.524 (mix)        0.277 (add) 
Cl( 7, 7) in Cl( 7, 7) CPU =        3.001 ms (setup)       92.515 (comm)       26.543 (pade)      106.069 (series)       38.472 (mix)        0.581 (add) 
Cl( 8, 7) in Cl( 8, 7) CPU =        6.106 ms (setup)      287.545 (comm)       98.492 (pade)      356.914 (series)      110.643 (mix)        2.678 (add) 
Cl( 8, 8) in Cl( 8, 8) CPU =       12.812 ms (setup)      601.696 (comm)      147.409 (pade)      549.223 (series)      328.091 (mix)        6.676 (add) 
Cl( 1, 0) in Cl( 8, 8) CPU =        0.001 ms (setup)        0.002 (comm)        0.002 (pade)        0.003 (series)        0.001 (mix)        0.001 (add) 
Cl( 1, 1) in Cl( 8, 8) CPU =        0.001 ms (setup)        0.003 (comm)        0.002 (pade)        0.003 (series)        0.001 (mix)        0.001 (add) 
Cl( 2, 1) in Cl( 8, 8) CPU =        0.002 ms (setup)        0.004 (comm)        0.007 (pade)        0.005 (series)        0.002 (mix)        0.001 (add) 
Cl( 2, 2) in Cl( 8, 8) CPU =        0.002 ms (setup)        0.007 (comm)        0.007 (pade)        0.009 (series)        0.003 (mix)        0.001 (add) 
Cl( 3, 2) in Cl( 8, 8) CPU =        0.004 ms (setup)        0.017 (comm)        0.027 (pade)        0.022 (series)        0.005 (mix)        0.002 (add) 
Cl( 3, 3) in Cl( 8, 8) CPU =        0.009 ms (setup)        0.046 (comm)        0.041 (pade)        0.066 (series)        0.011 (mix)        0.003 (add) 
Cl( 4, 3) in Cl( 8, 8) CPU =        0.016 ms (setup)        0.140 (comm)        0.146 (pade)        0.218 (series)        0.029 (mix)        0.005 (add) 
Cl( 4, 4) in Cl( 8, 8) CPU =        0.032 ms (setup)        0.520 (comm)        0.216 (pade)        0.820 (series)        0.087 (mix)        0.009 (add) 
Cl( 5, 4) in Cl( 8, 8) CPU =        0.074 ms (setup)        1.687 (comm)        0.731 (pade)        2.861 (series)        0.228 (mix)        0.017 (add) 
Cl( 5, 5) in Cl( 8, 8) CPU =        0.146 ms (setup)        2.784 (comm)        1.053 (pade)        4.171 (series)        0.641 (mix)        0.036 (add) 
Cl( 6, 5) in Cl( 8, 8) CPU =        0.335 ms (setup)        9.034 (comm)        3.668 (pade)       14.393 (series)        1.721 (mix)        0.067 (add) 
Cl( 6, 6) in Cl( 8, 8) CPU =        0.724 ms (setup)       15.598 (comm)        5.435 (pade)       22.492 (series)        4.907 (mix)        0.139 (add) 
Cl( 7, 6) in Cl( 8, 8) CPU =        1.537 ms (setup)       48.562 (comm)       18.099 (pade)       70.517 (series)       13.529 (mix)        0.276 (add) 
Cl( 7, 7) in Cl( 8, 8) CPU =        2.991 ms (setup)       91.237 (comm)       26.578 (pade)      105.933 (series)       38.575 (mix)        0.692 (add) 
Cl( 8, 7) in Cl( 8, 8) CPU =        6.121 ms (setup)      287.938 (comm)       97.816 (pade)      359.266 (series)      110.847 (mix)        2.708 (add) 
Cl( 8, 8) in Cl( 8, 8) CPU =       12.867 ms (setup)      596.402 (comm)      146.145 (pade)      544.860 (series)      326.699 (mix)        3.851 (add) 

matrix_multi<double>
Clifford algebra expressions test:
Fill: 0.5
Cl( 1, 0) in Cl( 1, 0) CPU =        0.003 ms (setup)        0.003 (comm)        0.001 (pade)        0.001 (series)        0.003 (mix)        0.000 (add) 
Cl( 1, 1) in Cl( 1, 1) CPU =        0.005 ms (setup)        0.003 (comm)        0.001 (pade)        0.001 (series)        0.002 (mix)        0.001 (add) 
Cl( 2, 1) in Cl( 2, 1) CPU =        0.002 ms (setup)        0.018 (comm)        0.002 (pade)        0.001 (series)        0.018 (mix)        0.001 (add) 
Cl( 2, 2) in Cl( 2, 2) CPU =        0.003 ms (setup)        0.030 (comm)        0.001 (pade)        0.001 (series)        0.030 (mix)        0.000 (add) 
Cl( 3, 2) in Cl( 3, 2) CPU =        0.013 ms (setup)        0.091 (comm)        0.002 (pade)        0.001 (series)        0.083 (mix)        0.001 (add) 
Cl( 3, 3) in Cl( 3, 3) CPU =        0.019 ms (setup)        0.168 (comm)        0.002 (pade)        0.001 (series)        0.160 (mix)        0.001 (add) 
Cl( 4, 3) in Cl( 4, 3) CPU =        0.051 ms (setup)        0.833 (comm)        0.006 (pade)        0.004 (series)        0.816 (mix)        0.001 (add) 
Cl( 4, 4) in Cl( 4, 4) CPU =        0.099 ms (setup)        1.302 (comm)        0.005 (pade)        0.004 (series)        1.292 (mix)        0.001 (add) 
Cl( 5, 4) in Cl( 5, 4) CPU =        0.242 ms (setup)        5.392 (comm)        0.017 (pade)        0.011 (series)        5.362 (mix)        0.001 (add) 
Cl( 5, 5) in Cl( 5, 5) CPU =        0.467 ms (setup)        7.891 (comm)        0.017 (pade)        0.011 (series)        7.907 (mix)        0.001 (add) 
Cl( 6, 5) in Cl( 6, 5) CPU =        1.089 ms (setup)       29.840 (comm)        0.079 (pade)        0.057 (series)       29.704 (mix)        0.005 (add) 
Cl( 6, 6) in Cl( 6, 6) CPU =        2.171 ms (setup)       42.991 (comm)        0.079 (pade)        0.057 (series)       42.978 (mix)        0.005 (add) 
Cl( 7, 6) in Cl( 7, 6) CPU =        5.242 ms (setup)      169.589 (comm)        0.526 (pade)        0.332 (series)      169.532 (mix)        0.022 (add) 
Cl( 7, 7) in Cl( 7, 7) CPU =       10.443 ms (setup)      234.939 (comm)        0.525 (pade)        0.335 (series)      234.361 (mix)        0.021 (add) 
Cl( 8, 7) in Cl( 8, 7) CPU =       27.289 ms (setup)     1021.907 (comm)        3.944 (pade)        2.272 (series)     1012.450 (mix)        0.104 (add) 
Cl( 8, 8) in Cl( 8, 8) CPU =       52.715 ms (setup)     1341.967 (comm)        3.896 (pade)        2.226 (series)     1329.183 (mix)        0.091 (add) 
Cl( 1, 0) in Cl( 8, 8) CPU =        0.013 ms (setup)       20.508 (comm)        3.465 (pade)        2.919 (series)       17.561 (mix)        0.120 (add) 
Cl( 1, 1) in Cl( 8, 8) CPU =        0.023 ms (setup)       25.752 (comm)        3.759 (pade)        3.047 (series)       23.806 (mix)        0.124 (add) 
Cl( 2, 1) in Cl( 8, 8) CPU =        0.052 ms (setup)       32.540 (comm)        3.714 (pade)        2.894 (series)       30.549 (mix)        0.088 (add) 
Cl( 2, 2) in Cl( 8, 8) CPU =        0.091 ms (setup)       43.383 (comm)        3.779 (pade)        2.928 (series)       43.258 (mix)        0.090 (add) 
Cl( 3, 2) in Cl( 8, 8) CPU =        0.639 ms (setup)       53.709 (comm)        3.829 (pade)        2.913 (series)       51.664 (mix)        0.089 (add) 
Cl( 3, 3) in Cl( 8, 8) CPU =        0.797 ms (setup)       72.571 (comm)        3.751 (pade)        2.929 (series)       68.636 (mix)        0.088 (add) 
Cl( 4, 3) in Cl( 8, 8) CPU =        0.832 ms (setup)       81.474 (comm)        3.802 (pade)        2.213 (series)       76.762 (mix)        0.090 (add) 
Cl( 4, 4) in Cl( 8, 8) CPU =        1.006 ms (setup)      105.253 (comm)        3.803 (pade)        2.204 (series)      101.223 (mix)        0.089 (add) 
Cl( 5, 4) in Cl( 8, 8) CPU =        1.641 ms (setup)      132.840 (comm)        3.860 (pade)        2.911 (series)      129.781 (mix)        0.089 (add) 
Cl( 5, 5) in Cl( 8, 8) CPU =        2.561 ms (setup)      154.261 (comm)        3.827 (pade)        2.929 (series)      151.343 (mix)        0.095 (add) 
Cl( 6, 5) in Cl( 8, 8) CPU =        5.223 ms (setup)      207.924 (comm)        3.859 (pade)        2.214 (series)      205.425 (mix)        0.093 (add) 
Cl( 6, 6) in Cl( 8, 8) CPU =        9.506 ms (setup)      234.284 (comm)        3.924 (pade)        2.208 (series)      232.593 (mix)        0.093 (add) 
Cl( 7, 6) in Cl( 8, 8) CPU =       22.111 ms (setup)      376.935 (comm)        3.972 (pade)        2.223 (series)      373.682 (mix)        0.090 (add) 
Cl( 7, 7) in Cl( 8, 8) CPU =       40.949 ms (setup)      475.603 (comm)        3.847 (pade)        2.221 (series)      471.208 (mix)        0.090 (add) 
Cl( 8, 7) in Cl( 8, 8) CPU =      101.248 ms (setup)     1050.814 (comm)        3.968 (pade)        2.227 (series)     1051.412 (mix)        0.091 (add) 
Cl( 8, 8) in Cl( 8, 8) CPU =       54.566 ms (setup)     1341.072 (comm)        3.845 (pade)        2.228 (series)     1328.988 (mix)        0.099 (add) 
Fill: 1
Cl( 1, 0) in Cl( 1, 0) CPU =        0.002 ms (setup)        0.007 (comm)        0.002 (pade)        0.001 (series)        0.005 (mix)        0.001 (add) 
Cl( 1, 1) in Cl( 1, 1) CPU =        0.002 ms (setup)        0.008 (comm)        0.001 (pade)        0.001 (series)        0.007 (mix)        0.001 (add) 
Cl( 2, 1) in Cl( 2, 1) CPU =        0.003 ms (setup)        0.025 (comm)        0.001 (pade)        0.001 (series)        0.024 (mix)        0.001 (add) 
Cl( 2, 2) in Cl( 2, 2) CPU =        0.007 ms (setup)        0.038 (comm)        0.001 (pade)        0.001 (series)        0.037 (mix)        0.000 (add) 
Cl( 3, 2) in Cl( 3, 2) CPU =        0.014 ms (setup)        0.135 (comm)        0.002 (pade)        0.001 (series)        0.126 (mix)        0.000 (add) 
Cl( 3, 3) in Cl( 3, 3) CPU =        0.024 ms (setup)        0.229 (comm)        0.002 (pade)        0.001 (series)        0.231 (mix)        0.001 (add) 
Cl( 4, 3) in Cl( 4, 3) CPU =        0.071 ms (setup)        0.983 (comm)        0.006 (pade)        0.004 (series)        0.969 (mix)        0.001 (add) 
Cl( 4, 4) in Cl( 4, 4) CPU =        0.134 ms (setup)        1.532 (comm)        0.005 (pade)        0.004 (series)        1.522 (mix)        0.001 (add) 
Cl( 5, 4) in Cl( 5, 4) CPU =        0.342 ms (setup)        5.965 (comm)        0.018 (pade)        0.013 (series)        5.942 (mix)        0.002 (add) 
Cl( 5, 5) in Cl( 5, 5) CPU =        0.713 ms (setup)        8.749 (comm)        0.018 (pade)        0.011 (series)        8.789 (mix)        0.001 (add) 
Cl( 6, 5) in Cl( 6, 5) CPU =        1.764 ms (setup)       32.724 (comm)        0.081 (pade)        0.058 (series)       32.700 (mix)        0.005 (add) 
Cl( 6, 6) in Cl( 6, 6) CPU =        3.599 ms (setup)       47.610 (comm)        0.081 (pade)        0.058 (series)       46.449 (mix)        0.006 (add) 
Cl( 7, 6) in Cl( 7, 6) CPU =        8.780 ms (setup)      183.297 (comm)        0.531 (pade)        0.344 (series)      184.214 (mix)        0.020 (add) 
Cl( 7, 7) in Cl( 7, 7) CPU =       17.726 ms (setup)      252.078 (comm)        0.538 (pade)        0.332 (series)      251.149 (mix)        0.021 (add) 
Cl( 8, 7) in Cl( 8, 7) CPU =       47.597 ms (setup)     1086.210 (comm)        3.864 (pade)        2.248 (series)     1082.822 (mix)        0.101 (add) 
Cl( 8, 8) in Cl( 8, 8) CPU =       92.299 ms (setup)     1454.667 (comm)        3.889 (pade)        2.958 (series)     1440.889 (mix)        0.096 (add) 
Cl( 1, 0) in Cl( 8, 8) CPU =        0.023 ms (setup)       27.224 (comm)        3.629 (pade)        2.924 (series)       25.457 (mix)        0.121 (add) 
Cl( 1, 1) in Cl( 8, 8) CPU =        0.045 ms (setup)       31.414 (comm)        3.678 (pade)        2.922 (series)       29.604 (mix)        0.089 (add) 
Cl( 2, 1) in Cl( 8, 8) CPU =        0.073 ms (setup)       38.315 (comm)        3.730 (pade)        2.922 (series)       35.886 (mix)        0.096 (add) 
Cl( 2, 2) in Cl( 8, 8) CPU =        0.660 ms (setup)       46.360 (comm)        3.803 (pade)        2.934 (series)       45.812 (mix)        0.091 (add) 
Cl( 3, 2) in Cl( 8, 8) CPU =        0.716 ms (setup)       57.497 (comm)        3.798 (pade)        2.923 (series)       55.492 (mix)        0.093 (add) 
Cl( 3, 3) in Cl( 8, 8) CPU =        0.748 ms (setup)       78.549 (comm)        3.739 (pade)        2.924 (series)       74.279 (mix)        0.095 (add) 
Cl( 4, 3) in Cl( 8, 8) CPU =        0.923 ms (setup)      102.930 (comm)        3.852 (pade)        2.225 (series)       99.413 (mix)        0.089 (add) 
Cl( 4, 4) in Cl( 8, 8) CPU =        1.244 ms (setup)      122.986 (comm)        3.880 (pade)        2.938 (series)      121.555 (mix)        0.096 (add) 
Cl( 5, 4) in Cl( 8, 8) CPU =        1.966 ms (setup)      152.098 (comm)        3.841 (pade)        2.851 (series)      148.138 (mix)        0.096 (add) 
Cl( 5, 5) in Cl( 8, 8) CPU =        3.160 ms (setup)      177.340 (comm)        3.913 (pade)        2.902 (series)      173.954 (mix)        0.096 (add) 
Cl( 6, 5) in Cl( 8, 8) CPU =        6.892 ms (setup)      225.897 (comm)        3.889 (pade)        2.222 (series)      225.767 (mix)        0.093 (add) 
Cl( 6, 6) in Cl( 8, 8) CPU =       12.511 ms (setup)      266.108 (comm)        4.034 (pade)        2.295 (series)      261.140 (mix)        0.091 (add) 
Cl( 7, 6) in Cl( 8, 8) CPU =       30.133 ms (setup)      422.493 (comm)        3.844 (pade)        2.220 (series)      418.602 (mix)        0.120 (add) 
Cl( 7, 7) in Cl( 8, 8) CPU =       58.767 ms (setup)      513.705 (comm)        3.885 (pade)        2.236 (series)      511.595 (mix)        0.093 (add) 
Cl( 8, 7) in Cl( 8, 8) CPU =      137.830 ms (setup)     1115.977 (comm)        3.976 (pade)        2.226 (series)     1104.473 (mix)        0.089 (add) 
Cl( 8, 8) in Cl( 8, 8) CPU =       91.418 ms (setup)     1447.807 (comm)        3.941 (pade)        2.235 (series)     1435.938 (mix)        0.089 (add) 
