expressions/expressions
	linux-vdso.so.1 (0x00007dbc7a025000)
	libstdc++.so.6 => /usr/lib/x86_64-linux-gnu/libstdc++.so.6 (0x00007dbc79c00000)
	libm.so.6 => /usr/lib/x86_64-linux-gnu/libm.so.6 (0x00007dbc79ada000)
	libgcc_s.so.1 => /usr/lib/x86_64-linux-gnu/libgcc_s.so.1 (0x00007dbc79ebb000)
	libc.so.6 => /usr/lib/x86_64-linux-gnu/libc.so.6 (0x00007dbc79800000)
	/lib64/ld-linux-x86-64.so.2 (0x00007dbc7a027000)
gfft_test/gfft_test
	linux-vdso.so.1 (0x00007fd5caa72000)
	libstdc++.so.6 => /usr/lib/x86_64-linux-gnu/libstdc++.so.6 (0x00007fd5ca600000)
	libm.so.6 => /usr/lib/x86_64-linux-gnu/libm.so.6 (0x00007fd5ca4da000)
	libgcc_s.so.1 => /usr/lib/x86_64-linux-gnu/libgcc_s.so.1 (0x00007fd5ca98e000)
	libc.so.6 => /usr/lib/x86_64-linux-gnu/libc.so.6 (0x00007fd5ca200000)
	/lib64/ld-linux-x86-64.so.2 (0x00007fd5caa74000)
products/products
	linux-vdso.so.1 (0x000078ff78bdc000)
	libstdc++.so.6 => /usr/lib/x86_64-linux-gnu/libstdc++.so.6 (0x000078ff78800000)
	libm.so.6 => /usr/lib/x86_64-linux-gnu/libm.so.6 (0x000078ff786da000)
	libgcc_s.so.1 => /usr/lib/x86_64-linux-gnu/libgcc_s.so.1 (0x000078ff786ac000)
	libc.so.6 => /usr/lib/x86_64-linux-gnu/libc.so.6 (0x000078ff78400000)
	/lib64/ld-linux-x86-64.so.2 (0x000078ff78bde000)
squaring/squaring
	linux-vdso.so.1 (0x00007e19758fe000)
	libstdc++.so.6 => /usr/lib/x86_64-linux-gnu/libstdc++.so.6 (0x00007e1975400000)
	libm.so.6 => /usr/lib/x86_64-linux-gnu/libm.so.6 (0x00007e1975720000)
	libgcc_s.so.1 => /usr/lib/x86_64-linux-gnu/libgcc_s.so.1 (0x00007e19756f2000)
	libc.so.6 => /usr/lib/x86_64-linux-gnu/libc.so.6 (0x00007e1975000000)
	/lib64/ld-linux-x86-64.so.2 (0x00007e1975900000)
transforms/transforms
	linux-vdso.so.1 (0x000076e3fc9f1000)
	libstdc++.so.6 => /usr/lib/x86_64-linux-gnu/libstdc++.so.6 (0x000076e3fc600000)
	libm.so.6 => /usr/lib/x86_64-linux-gnu/libm.so.6 (0x000076e3fc4da000)
	libgcc_s.so.1 => /usr/lib/x86_64-linux-gnu/libgcc_s.so.1 (0x000076e3fc90c000)
	libc.so.6 => /usr/lib/x86_64-linux-gnu/libc.so.6 (0x000076e3fc200000)
	/lib64/ld-linux-x86-64.so.2 (0x000076e3fc9f3000)
versor/versor
	linux-vdso.so.1 (0x00007a41b4d78000)
	libstdc++.so.6 => /usr/lib/x86_64-linux-gnu/libstdc++.so.6 (0x00007a41b4a00000)
	libm.so.6 => /usr/lib/x86_64-linux-gnu/libm.so.6 (0x00007a41b48da000)
	libgcc_s.so.1 => /usr/lib/x86_64-linux-gnu/libgcc_s.so.1 (0x00007a41b48ac000)
	libc.so.6 => /usr/lib/x86_64-linux-gnu/libc.so.6 (0x00007a41b4600000)
	/lib64/ld-linux-x86-64.so.2 (0x00007a41b4d7a000)
