
framed_multi<float,-4,4>
Clifford algebra products test:
Fill: 0.5
Cl( 1, 0) in Cl( 1, 0) CPU =        0.001 ms (setup)        0.001 (*)        0.001 (^)        0.001 (&)        0.001 (%) 
Cl( 1, 1) in Cl( 1, 1) CPU =        0.001 ms (setup)        0.001 (*)        0.001 (^)        0.001 (&)        0.001 (%) 
Cl( 2, 1) in Cl( 2, 1) CPU =        0.001 ms (setup)        0.001 (*)        0.001 (^)        0.001 (&)        0.001 (%) 
Cl( 2, 2) in Cl( 2, 2) CPU =        0.001 ms (setup)        0.002 (*)        0.001 (^)        0.001 (&)        0.001 (%) 
Cl( 3, 2) in Cl( 3, 2) CPU =        0.002 ms (setup)        0.004 (*)        0.007 (^)        0.002 (&)        0.002 (%) 
Cl( 3, 3) in Cl( 3, 3) CPU =        0.003 ms (setup)        0.007 (*)        0.004 (^)        0.003 (&)        0.003 (%) 
Cl( 4, 3) in Cl( 4, 3) CPU =        0.006 ms (setup)        0.021 (*)        0.008 (^)        0.008 (&)        0.006 (%) 
Cl( 4, 4) in Cl( 4, 4) CPU =        0.011 ms (setup)        0.166 (*)        0.021 (^)        0.019 (&)        0.018 (%) 
Cl( 1, 0) in Cl( 4, 4) CPU =        0.000 ms (setup)        0.000 (*)        0.000 (^)        0.001 (&)        0.000 (%) 
Cl( 1, 1) in Cl( 4, 4) CPU =        0.001 ms (setup)        0.000 (*)        0.001 (^)        0.001 (&)        0.001 (%) 
Cl( 2, 1) in Cl( 4, 4) CPU =        0.001 ms (setup)        0.001 (*)        0.001 (^)        0.001 (&)        0.001 (%) 
Cl( 2, 2) in Cl( 4, 4) CPU =        0.001 ms (setup)        0.002 (*)        0.001 (^)        0.001 (&)        0.001 (%) 
Cl( 3, 2) in Cl( 4, 4) CPU =        0.002 ms (setup)        0.004 (*)        0.002 (^)        0.002 (&)        0.002 (%) 
Cl( 3, 3) in Cl( 4, 4) CPU =        0.003 ms (setup)        0.008 (*)        0.004 (^)        0.004 (&)        0.003 (%) 
Cl( 4, 3) in Cl( 4, 4) CPU =        0.005 ms (setup)        0.022 (*)        0.007 (^)        0.008 (&)        0.007 (%) 
Cl( 4, 4) in Cl( 4, 4) CPU =        0.011 ms (setup)        0.174 (*)        0.024 (^)        0.021 (&)        0.015 (%) 
Fill: 1
Cl( 1, 0) in Cl( 1, 0) CPU =        0.001 ms (setup)        0.001 (*)        0.001 (^)        0.001 (&)        0.001 (%) 
Cl( 1, 1) in Cl( 1, 1) CPU =        0.001 ms (setup)        0.001 (*)        0.001 (^)        0.001 (&)        0.001 (%) 
Cl( 2, 1) in Cl( 2, 1) CPU =        0.001 ms (setup)        0.001 (*)        0.001 (^)        0.001 (&)        0.001 (%) 
Cl( 2, 2) in Cl( 2, 2) CPU =        0.001 ms (setup)        0.002 (*)        0.001 (^)        0.001 (&)        0.001 (%) 
Cl( 3, 2) in Cl( 3, 2) CPU =        0.002 ms (setup)        0.005 (*)        0.002 (^)        0.002 (&)        0.002 (%) 
Cl( 3, 3) in Cl( 3, 3) CPU =        0.004 ms (setup)        0.015 (*)        0.005 (^)        0.005 (&)        0.005 (%) 
Cl( 4, 3) in Cl( 4, 3) CPU =        0.007 ms (setup)        0.045 (*)        0.011 (^)        0.015 (&)        0.011 (%) 
Cl( 4, 4) in Cl( 4, 4) CPU =        0.016 ms (setup)        0.208 (*)        0.028 (^)        0.039 (&)        0.027 (%) 
Cl( 1, 0) in Cl( 4, 4) CPU =        0.001 ms (setup)        0.001 (*)        0.001 (^)        0.001 (&)        0.000 (%) 
Cl( 1, 1) in Cl( 4, 4) CPU =        0.001 ms (setup)        0.001 (*)        0.001 (^)        0.001 (&)        0.001 (%) 
Cl( 2, 1) in Cl( 4, 4) CPU =        0.001 ms (setup)        0.002 (*)        0.001 (^)        0.001 (&)        0.001 (%) 
Cl( 2, 2) in Cl( 4, 4) CPU =        0.001 ms (setup)        0.002 (*)        0.001 (^)        0.001 (&)        0.001 (%) 
Cl( 3, 2) in Cl( 4, 4) CPU =        0.002 ms (setup)        0.005 (*)        0.002 (^)        0.003 (&)        0.004 (%) 
Cl( 3, 3) in Cl( 4, 4) CPU =        0.004 ms (setup)        0.015 (*)        0.005 (^)        0.005 (&)        0.005 (%) 
Cl( 4, 3) in Cl( 4, 4) CPU =        0.008 ms (setup)        0.045 (*)        0.011 (^)        0.015 (&)        0.011 (%) 
Cl( 4, 4) in Cl( 4, 4) CPU =        0.017 ms (setup)        0.208 (*)        0.028 (^)        0.039 (&)        0.026 (%) 

matrix_multi<float,-4,4>
Clifford algebra products test:
Fill: 0.5
Cl( 1, 0) in Cl( 1, 0) CPU =        0.001 ms (setup)        0.001 (*)        0.003 (^)        0.002 (&)        0.003 (%) 
Cl( 1, 1) in Cl( 1, 1) CPU =        0.003 ms (setup)        0.000 (*)        0.002 (^)        0.003 (&)        0.003 (%) 
Cl( 2, 1) in Cl( 2, 1) CPU =        0.002 ms (setup)        0.001 (*)        0.011 (^)        0.007 (&)        0.009 (%) 
Cl( 2, 2) in Cl( 2, 2) CPU =        0.005 ms (setup)        0.001 (*)        0.017 (^)        0.015 (&)        0.018 (%) 
Cl( 3, 2) in Cl( 3, 2) CPU =        0.005 ms (setup)        0.000 (*)        0.050 (^)        0.051 (&)        0.054 (%) 
Cl( 3, 3) in Cl( 3, 3) CPU =        0.009 ms (setup)        0.001 (*)        0.095 (^)        0.088 (&)        0.102 (%) 
Cl( 4, 3) in Cl( 4, 3) CPU =        0.026 ms (setup)        0.001 (*)        0.417 (^)        0.417 (&)        0.434 (%) 
Cl( 4, 4) in Cl( 4, 4) CPU =        0.051 ms (setup)        0.001 (*)        0.713 (^)        0.820 (&)        0.901 (%) 
Cl( 1, 0) in Cl( 4, 4) CPU =        0.002 ms (setup)        0.001 (*)        0.011 (^)        0.011 (&)        0.011 (%) 
Cl( 1, 1) in Cl( 4, 4) CPU =        0.002 ms (setup)        0.001 (*)        0.017 (^)        0.018 (&)        0.017 (%) 
Cl( 2, 1) in Cl( 4, 4) CPU =        0.004 ms (setup)        0.001 (*)        0.028 (^)        0.018 (&)        0.022 (%) 
Cl( 2, 2) in Cl( 4, 4) CPU =        0.008 ms (setup)        0.001 (*)        0.042 (^)        0.029 (&)        0.034 (%) 
Cl( 3, 2) in Cl( 4, 4) CPU =        0.021 ms (setup)        0.001 (*)        0.084 (^)        0.058 (&)        0.066 (%) 
Cl( 3, 3) in Cl( 4, 4) CPU =        0.036 ms (setup)        0.001 (*)        0.134 (^)        0.101 (&)        0.107 (%) 
Cl( 4, 3) in Cl( 4, 4) CPU =        0.090 ms (setup)        0.001 (*)        0.384 (^)        0.398 (&)        0.406 (%) 
Cl( 4, 4) in Cl( 4, 4) CPU =        0.050 ms (setup)        0.001 (*)        0.652 (^)        1.446 (&)        0.684 (%) 
Fill: 1
Cl( 1, 0) in Cl( 1, 0) CPU =        0.001 ms (setup)        0.000 (*)        0.003 (^)        0.002 (&)        0.003 (%) 
Cl( 1, 1) in Cl( 1, 1) CPU =        0.001 ms (setup)        0.001 (*)        0.004 (^)        0.003 (&)        0.004 (%) 
Cl( 2, 1) in Cl( 2, 1) CPU =        0.001 ms (setup)        0.001 (*)        0.013 (^)        0.014 (&)        0.013 (%) 
Cl( 2, 2) in Cl( 2, 2) CPU =        0.003 ms (setup)        0.001 (*)        0.021 (^)        0.018 (&)        0.021 (%) 
Cl( 3, 2) in Cl( 3, 2) CPU =        0.007 ms (setup)        0.001 (*)        0.070 (^)        0.069 (&)        0.071 (%) 
Cl( 3, 3) in Cl( 3, 3) CPU =        0.012 ms (setup)        0.000 (*)        0.117 (^)        0.115 (&)        0.120 (%) 
Cl( 4, 3) in Cl( 4, 3) CPU =        0.036 ms (setup)        0.001 (*)        0.506 (^)        0.510 (&)        0.514 (%) 
Cl( 4, 4) in Cl( 4, 4) CPU =        0.067 ms (setup)        0.001 (*)        0.806 (^)        0.792 (&)        0.804 (%) 
Cl( 1, 0) in Cl( 4, 4) CPU =        0.001 ms (setup)        0.001 (*)        0.021 (^)        0.014 (&)        0.018 (%) 
Cl( 1, 1) in Cl( 4, 4) CPU =        0.002 ms (setup)        0.001 (*)        0.025 (^)        0.015 (&)        0.022 (%) 
Cl( 2, 1) in Cl( 4, 4) CPU =        0.005 ms (setup)        0.001 (*)        0.039 (^)        0.028 (&)        0.030 (%) 
Cl( 2, 2) in Cl( 4, 4) CPU =        0.011 ms (setup)        0.001 (*)        0.056 (^)        0.036 (&)        0.044 (%) 
Cl( 3, 2) in Cl( 4, 4) CPU =        0.027 ms (setup)        0.001 (*)        0.111 (^)        0.083 (&)        0.087 (%) 
Cl( 3, 3) in Cl( 4, 4) CPU =        0.048 ms (setup)        0.001 (*)        0.190 (^)        0.153 (&)        0.162 (%) 
Cl( 4, 3) in Cl( 4, 4) CPU =        0.122 ms (setup)        0.001 (*)        0.564 (^)        0.513 (&)        0.515 (%) 
Cl( 4, 4) in Cl( 4, 4) CPU =        0.076 ms (setup)        0.001 (*)        0.796 (^)        0.801 (&)        0.820 (%) 

framed_multi<double>
Clifford algebra products test:
Fill: 0.5
Cl( 1, 0) in Cl( 1, 0) CPU =        0.001 ms (setup)        0.001 (*)        0.001 (^)        0.001 (&)        0.001 (%) 
Cl( 1, 1) in Cl( 1, 1) CPU =        0.001 ms (setup)        0.001 (*)        0.001 (^)        0.001 (&)        0.001 (%) 
Cl( 2, 1) in Cl( 2, 1) CPU =        0.001 ms (setup)        0.002 (*)        0.001 (^)        0.001 (&)        0.001 (%) 
Cl( 2, 2) in Cl( 2, 2) CPU =        0.001 ms (setup)        0.002 (*)        0.002 (^)        0.002 (&)        0.001 (%) 
Cl( 3, 2) in Cl( 3, 2) CPU =        0.002 ms (setup)        0.004 (*)        0.003 (^)        0.002 (&)        0.002 (%) 
Cl( 3, 3) in Cl( 3, 3) CPU =        0.003 ms (setup)        0.009 (*)        0.004 (^)        0.005 (&)        0.004 (%) 
Cl( 4, 3) in Cl( 4, 3) CPU =        0.007 ms (setup)        0.026 (*)        0.010 (^)        0.011 (&)        0.009 (%) 
Cl( 4, 4) in Cl( 4, 4) CPU =        0.013 ms (setup)        0.169 (*)        0.027 (^)        0.025 (&)        0.021 (%) 
Cl( 5, 4) in Cl( 5, 4) CPU =        0.028 ms (setup)        0.626 (*)        0.114 (^)        0.098 (&)        0.060 (%) 
Cl( 5, 5) in Cl( 5, 5) CPU =        0.053 ms (setup)        0.959 (*)        0.397 (^)        0.290 (&)        0.186 (%) 
Cl( 6, 5) in Cl( 6, 5) CPU =        0.105 ms (setup)        3.185 (*)        1.189 (^)        0.909 (&)        0.524 (%) 
Cl( 6, 6) in Cl( 6, 6) CPU =        0.224 ms (setup)        4.160 (*)        3.276 (^)        2.608 (&)        1.440 (%) 
Cl( 7, 6) in Cl( 7, 6) CPU =        0.460 ms (setup)       15.117 (*)        9.713 (^)        8.000 (&)        4.371 (%) 
Cl( 7, 7) in Cl( 7, 7) CPU =        0.938 ms (setup)       20.096 (*)       28.355 (^)       23.726 (&)       12.337 (%) 
Cl( 8, 7) in Cl( 8, 7) CPU =        1.937 ms (setup)       72.957 (*)       84.171 (^)       70.168 (&)       35.974 (%) 
Cl( 8, 8) in Cl( 8, 8) CPU =        3.811 ms (setup)       99.983 (*)      251.831 (^)      211.115 (&)      106.478 (%) 
Cl( 1, 0) in Cl( 8, 8) CPU =        0.001 ms (setup)        0.001 (*)        0.001 (^)        0.001 (&)        0.000 (%) 
Cl( 1, 1) in Cl( 8, 8) CPU =        0.001 ms (setup)        0.001 (*)        0.001 (^)        0.000 (&)        0.001 (%) 
Cl( 2, 1) in Cl( 8, 8) CPU =        0.001 ms (setup)        0.001 (*)        0.001 (^)        0.000 (&)        0.000 (%) 
Cl( 2, 2) in Cl( 8, 8) CPU =        0.001 ms (setup)        0.002 (*)        0.001 (^)        0.001 (&)        0.002 (%) 
Cl( 3, 2) in Cl( 8, 8) CPU =        0.002 ms (setup)        0.004 (*)        0.002 (^)        0.002 (&)        0.002 (%) 
Cl( 3, 3) in Cl( 8, 8) CPU =        0.003 ms (setup)        0.009 (*)        0.004 (^)        0.004 (&)        0.004 (%) 
Cl( 4, 3) in Cl( 8, 8) CPU =        0.007 ms (setup)        0.020 (*)        0.009 (^)        0.008 (&)        0.007 (%) 
Cl( 4, 4) in Cl( 8, 8) CPU =        0.013 ms (setup)        0.160 (*)        0.028 (^)        0.024 (&)        0.019 (%) 
Cl( 5, 4) in Cl( 8, 8) CPU =        0.025 ms (setup)        0.607 (*)        0.113 (^)        0.087 (&)        0.061 (%) 
Cl( 5, 5) in Cl( 8, 8) CPU =        0.056 ms (setup)        0.809 (*)        0.378 (^)        0.294 (&)        0.164 (%) 
Cl( 6, 5) in Cl( 8, 8) CPU =        0.105 ms (setup)        3.013 (*)        1.113 (^)        0.880 (&)        0.511 (%) 
Cl( 6, 6) in Cl( 8, 8) CPU =        0.213 ms (setup)        4.027 (*)        3.237 (^)        2.565 (&)        1.433 (%) 
Cl( 7, 6) in Cl( 8, 8) CPU =        0.439 ms (setup)       14.264 (*)       10.601 (^)        7.899 (&)        4.162 (%) 
Cl( 7, 7) in Cl( 8, 8) CPU =        0.901 ms (setup)       19.325 (*)       28.191 (^)       23.306 (&)       12.115 (%) 
Cl( 8, 7) in Cl( 8, 8) CPU =        1.812 ms (setup)       71.201 (*)       84.347 (^)       69.764 (&)       36.961 (%) 
Cl( 8, 8) in Cl( 8, 8) CPU =        3.732 ms (setup)       97.080 (*)      252.143 (^)      213.984 (&)      108.370 (%) 
Fill: 1
Cl( 1, 0) in Cl( 1, 0) CPU =        0.001 ms (setup)        0.001 (*)        0.000 (^)        0.001 (&)        0.001 (%) 
Cl( 1, 1) in Cl( 1, 1) CPU =        0.001 ms (setup)        0.001 (*)        0.001 (^)        0.001 (&)        0.001 (%) 
Cl( 2, 1) in Cl( 2, 1) CPU =        0.001 ms (setup)        0.001 (*)        0.001 (^)        0.001 (&)        0.001 (%) 
Cl( 2, 2) in Cl( 2, 2) CPU =        0.002 ms (setup)        0.003 (*)        0.002 (^)        0.002 (&)        0.002 (%) 
Cl( 3, 2) in Cl( 3, 2) CPU =        0.003 ms (setup)        0.006 (*)        0.003 (^)        0.003 (&)        0.003 (%) 
Cl( 3, 3) in Cl( 3, 3) CPU =        0.005 ms (setup)        0.018 (*)        0.005 (^)        0.007 (&)        0.006 (%) 
Cl( 4, 3) in Cl( 4, 3) CPU =        0.010 ms (setup)        0.058 (*)        0.013 (^)        0.016 (&)        0.014 (%) 
Cl( 4, 4) in Cl( 4, 4) CPU =        0.019 ms (setup)        0.218 (*)        0.036 (^)        0.045 (&)        0.035 (%) 
Cl( 5, 4) in Cl( 5, 4) CPU =        0.043 ms (setup)        0.736 (*)        0.095 (^)        0.121 (&)        0.086 (%) 
Cl( 5, 5) in Cl( 5, 5) CPU =        0.079 ms (setup)        1.089 (*)        0.289 (^)        0.367 (&)        0.252 (%) 
Cl( 6, 5) in Cl( 6, 5) CPU =        0.181 ms (setup)        3.628 (*)        0.768 (^)        1.002 (&)        0.659 (%) 
Cl( 6, 6) in Cl( 6, 6) CPU =        0.361 ms (setup)        5.264 (*)        2.013 (^)        2.756 (&)        1.721 (%) 
Cl( 7, 6) in Cl( 7, 6) CPU =        0.746 ms (setup)       17.364 (*)        5.514 (^)        8.002 (&)        4.659 (%) 
Cl( 7, 7) in Cl( 7, 7) CPU =        1.531 ms (setup)       26.005 (*)       15.409 (^)       22.759 (&)       12.836 (%) 
Cl( 8, 7) in Cl( 8, 7) CPU =        3.076 ms (setup)       92.258 (*)       43.931 (^)       68.710 (&)       36.377 (%) 
Cl( 8, 8) in Cl( 8, 8) CPU =        6.439 ms (setup)      141.783 (*)      128.784 (^)      201.208 (&)      105.430 (%) 
Cl( 1, 0) in Cl( 8, 8) CPU =        0.001 ms (setup)        0.001 (*)        0.001 (^)        0.001 (&)        0.001 (%) 
Cl( 1, 1) in Cl( 8, 8) CPU =        0.001 ms (setup)        0.001 (*)        0.001 (^)        0.001 (&)        0.001 (%) 
Cl( 2, 1) in Cl( 8, 8) CPU =        0.001 ms (setup)        0.002 (*)        0.001 (^)        0.001 (&)        0.001 (%) 
Cl( 2, 2) in Cl( 8, 8) CPU =        0.001 ms (setup)        0.003 (*)        0.002 (^)        0.002 (&)        0.002 (%) 
Cl( 3, 2) in Cl( 8, 8) CPU =        0.003 ms (setup)        0.007 (*)        0.003 (^)        0.003 (&)        0.003 (%) 
Cl( 3, 3) in Cl( 8, 8) CPU =        0.006 ms (setup)        0.018 (*)        0.005 (^)        0.007 (&)        0.005 (%) 
Cl( 4, 3) in Cl( 8, 8) CPU =        0.012 ms (setup)        0.061 (*)        0.013 (^)        0.017 (&)        0.016 (%) 
Cl( 4, 4) in Cl( 8, 8) CPU =        0.019 ms (setup)        0.218 (*)        0.036 (^)        0.044 (&)        0.033 (%) 
Cl( 5, 4) in Cl( 8, 8) CPU =        0.042 ms (setup)        0.709 (*)        0.098 (^)        0.122 (&)        0.086 (%) 
Cl( 5, 5) in Cl( 8, 8) CPU =        0.083 ms (setup)        1.059 (*)        0.286 (^)        0.362 (&)        0.249 (%) 
Cl( 6, 5) in Cl( 8, 8) CPU =        0.170 ms (setup)        3.624 (*)        0.759 (^)        0.976 (&)        0.661 (%) 
Cl( 6, 6) in Cl( 8, 8) CPU =        0.360 ms (setup)        5.280 (*)        2.002 (^)        2.808 (&)        1.722 (%) 
Cl( 7, 6) in Cl( 8, 8) CPU =        1.548 ms (setup)       17.738 (*)        5.603 (^)        7.989 (&)        4.665 (%) 
Cl( 7, 7) in Cl( 8, 8) CPU =        1.527 ms (setup)       25.861 (*)       15.431 (^)       22.835 (&)       12.857 (%) 
Cl( 8, 7) in Cl( 8, 8) CPU =        3.095 ms (setup)       94.073 (*)       43.893 (^)       67.288 (&)       36.966 (%) 
Cl( 8, 8) in Cl( 8, 8) CPU =        6.658 ms (setup)      140.616 (*)      128.162 (^)      200.965 (&)      105.076 (%) 

matrix_multi<double>
Clifford algebra products test:
Fill: 0.5
Cl( 1, 0) in Cl( 1, 0) CPU =        0.004 ms (setup)        0.001 (*)        0.003 (^)        0.002 (&)        0.003 (%) 
Cl( 1, 1) in Cl( 1, 1) CPU =        0.002 ms (setup)        0.001 (*)        0.002 (^)        0.002 (&)        0.002 (%) 
Cl( 2, 1) in Cl( 2, 1) CPU =        0.004 ms (setup)        0.001 (*)        0.013 (^)        0.009 (&)        0.011 (%) 
Cl( 2, 2) in Cl( 2, 2) CPU =        0.005 ms (setup)        0.001 (*)        0.009 (^)        0.011 (&)        0.013 (%) 
Cl( 3, 2) in Cl( 3, 2) CPU =        0.015 ms (setup)        0.001 (*)        0.040 (^)        0.610 (&)        0.051 (%) 
Cl( 3, 3) in Cl( 3, 3) CPU =        0.011 ms (setup)        0.001 (*)        0.070 (^)        0.086 (&)        0.082 (%) 
Cl( 4, 3) in Cl( 4, 3) CPU =        0.026 ms (setup)        0.001 (*)        0.389 (^)        0.420 (&)        0.421 (%) 
Cl( 4, 4) in Cl( 4, 4) CPU =        0.050 ms (setup)        0.001 (*)        0.625 (^)        0.637 (&)        0.658 (%) 
Cl( 5, 4) in Cl( 5, 4) CPU =        0.122 ms (setup)        0.003 (*)        2.545 (^)        2.759 (&)        2.726 (%) 
Cl( 5, 5) in Cl( 5, 5) CPU =        0.232 ms (setup)        0.003 (*)        4.028 (^)        4.051 (&)        4.093 (%) 
Cl( 6, 5) in Cl( 6, 5) CPU =        0.562 ms (setup)        0.013 (*)       14.316 (^)       15.316 (&)       15.195 (%) 
Cl( 6, 6) in Cl( 6, 6) CPU =        1.147 ms (setup)        0.013 (*)       21.485 (^)       21.802 (&)       21.464 (%) 
Cl( 7, 6) in Cl( 7, 6) CPU =        2.615 ms (setup)        0.075 (*)       86.013 (^)       89.267 (&)       86.665 (%) 
Cl( 7, 7) in Cl( 7, 7) CPU =        5.372 ms (setup)        0.077 (*)      113.672 (^)      120.356 (&)      116.148 (%) 
Cl( 8, 7) in Cl( 8, 7) CPU =       12.255 ms (setup)        0.532 (*)      501.861 (^)      542.073 (&)      499.267 (%) 
Cl( 8, 8) in Cl( 8, 8) CPU =       26.994 ms (setup)        0.553 (*)      648.730 (^)      701.755 (&)      651.135 (%) 
Cl( 1, 0) in Cl( 8, 8) CPU =        0.018 ms (setup)        0.571 (*)        6.503 (^)        6.324 (&)        6.780 (%) 
Cl( 1, 1) in Cl( 8, 8) CPU =        0.028 ms (setup)        0.579 (*)        9.574 (^)        6.663 (&)        8.476 (%) 
Cl( 2, 1) in Cl( 8, 8) CPU =        0.034 ms (setup)        0.558 (*)       11.225 (^)        8.323 (&)        9.624 (%) 
Cl( 2, 2) in Cl( 8, 8) CPU =        0.075 ms (setup)        0.531 (*)       15.110 (^)       11.104 (&)       11.935 (%) 
Cl( 3, 2) in Cl( 8, 8) CPU =        0.287 ms (setup)        0.508 (*)       19.942 (^)       14.649 (&)       14.752 (%) 
Cl( 3, 3) in Cl( 8, 8) CPU =        0.382 ms (setup)        0.507 (*)       30.544 (^)       21.979 (&)       20.334 (%) 
Cl( 4, 3) in Cl( 8, 8) CPU =        0.447 ms (setup)        0.512 (*)       36.644 (^)       37.800 (&)       27.529 (%) 
Cl( 4, 4) in Cl( 8, 8) CPU =        0.552 ms (setup)        0.539 (*)       50.281 (^)       40.491 (&)       35.755 (%) 
Cl( 5, 4) in Cl( 8, 8) CPU =        0.822 ms (setup)        0.522 (*)       68.392 (^)       52.372 (&)       44.489 (%) 
Cl( 5, 5) in Cl( 8, 8) CPU =        1.322 ms (setup)        0.530 (*)       85.509 (^)       75.732 (&)       60.864 (%) 
Cl( 6, 5) in Cl( 8, 8) CPU =        2.599 ms (setup)        0.521 (*)      105.114 (^)       88.892 (&)       73.232 (%) 
Cl( 6, 6) in Cl( 8, 8) CPU =        4.894 ms (setup)        0.527 (*)      125.587 (^)      124.631 (&)       96.245 (%) 
Cl( 7, 6) in Cl( 8, 8) CPU =       11.979 ms (setup)        0.549 (*)      187.317 (^)      197.298 (&)      157.018 (%) 
Cl( 7, 7) in Cl( 8, 8) CPU =       21.117 ms (setup)        0.534 (*)      237.573 (^)      244.251 (&)      211.143 (%) 
Cl( 8, 7) in Cl( 8, 8) CPU =       49.508 ms (setup)        0.533 (*)      516.411 (^)      523.662 (&)      480.023 (%) 
Cl( 8, 8) in Cl( 8, 8) CPU =       26.998 ms (setup)        0.541 (*)      633.812 (^)      698.413 (&)      645.788 (%) 
Fill: 1
Cl( 1, 0) in Cl( 1, 0) CPU =        0.001 ms (setup)        0.001 (*)        0.003 (^)        0.002 (&)        0.003 (%) 
Cl( 1, 1) in Cl( 1, 1) CPU =        0.001 ms (setup)        0.001 (*)        0.004 (^)        0.003 (&)        0.004 (%) 
Cl( 2, 1) in Cl( 2, 1) CPU =        0.002 ms (setup)        0.001 (*)        0.013 (^)        0.011 (&)        0.013 (%) 
Cl( 2, 2) in Cl( 2, 2) CPU =        0.003 ms (setup)        0.000 (*)        0.021 (^)        0.018 (&)        0.021 (%) 
Cl( 3, 2) in Cl( 3, 2) CPU =        0.007 ms (setup)        0.001 (*)        0.061 (^)        0.066 (&)        0.061 (%) 
Cl( 3, 3) in Cl( 3, 3) CPU =        0.013 ms (setup)        0.001 (*)        0.113 (^)        0.104 (&)        0.117 (%) 
Cl( 4, 3) in Cl( 4, 3) CPU =        0.036 ms (setup)        0.001 (*)        0.493 (^)        0.496 (&)        0.494 (%) 
Cl( 4, 4) in Cl( 4, 4) CPU =        0.070 ms (setup)        0.001 (*)        0.777 (^)        0.773 (&)        0.783 (%) 
Cl( 5, 4) in Cl( 5, 4) CPU =        0.186 ms (setup)        0.003 (*)        3.004 (^)        3.026 (&)        3.019 (%) 
Cl( 5, 5) in Cl( 5, 5) CPU =        0.363 ms (setup)        0.002 (*)        4.468 (^)        4.516 (&)        4.518 (%) 
Cl( 6, 5) in Cl( 6, 5) CPU =        0.932 ms (setup)        0.013 (*)       16.252 (^)       16.751 (&)       16.396 (%) 
Cl( 6, 6) in Cl( 6, 6) CPU =        1.833 ms (setup)        0.013 (*)       23.127 (^)       23.663 (&)       23.224 (%) 
Cl( 7, 6) in Cl( 7, 6) CPU =        4.469 ms (setup)        0.075 (*)       90.438 (^)       95.672 (&)       91.147 (%) 
Cl( 7, 7) in Cl( 7, 7) CPU =        8.864 ms (setup)        0.075 (*)      124.356 (^)      129.893 (&)      124.914 (%) 
Cl( 8, 7) in Cl( 8, 7) CPU =       23.066 ms (setup)        0.538 (*)      664.669 (^)      563.317 (&)      522.182 (%) 
Cl( 8, 8) in Cl( 8, 8) CPU =       46.659 ms (setup)        0.547 (*)      695.085 (^)      742.594 (&)      695.402 (%) 
Cl( 1, 0) in Cl( 8, 8) CPU =        0.018 ms (setup)        0.524 (*)        8.588 (^)        6.413 (&)        8.239 (%) 
Cl( 1, 1) in Cl( 8, 8) CPU =        0.030 ms (setup)        0.593 (*)       11.353 (^)        8.313 (&)        9.725 (%) 
Cl( 2, 1) in Cl( 8, 8) CPU =        0.045 ms (setup)        0.525 (*)       15.039 (^)       11.046 (&)       11.860 (%) 
Cl( 2, 2) in Cl( 8, 8) CPU =        0.361 ms (setup)        0.508 (*)       21.668 (^)       14.696 (&)       14.736 (%) 
Cl( 3, 2) in Cl( 8, 8) CPU =        0.379 ms (setup)        0.510 (*)       25.955 (^)       21.131 (&)       18.210 (%) 
Cl( 3, 3) in Cl( 8, 8) CPU =        0.402 ms (setup)        0.512 (*)       35.929 (^)       28.120 (&)       24.498 (%) 
Cl( 4, 3) in Cl( 8, 8) CPU =        0.482 ms (setup)        0.507 (*)       51.251 (^)       39.868 (&)       33.963 (%) 
Cl( 4, 4) in Cl( 8, 8) CPU =        0.619 ms (setup)        0.512 (*)       60.410 (^)       51.396 (&)       40.727 (%) 
Cl( 5, 4) in Cl( 8, 8) CPU =        1.012 ms (setup)        0.531 (*)       74.297 (^)       63.449 (&)       50.342 (%) 
Cl( 5, 5) in Cl( 8, 8) CPU =        1.691 ms (setup)        0.526 (*)       86.904 (^)       76.903 (&)       60.474 (%) 
Cl( 6, 5) in Cl( 8, 8) CPU =        3.616 ms (setup)        0.539 (*)      113.931 (^)      104.596 (&)       81.523 (%) 
Cl( 6, 6) in Cl( 8, 8) CPU =        6.354 ms (setup)        0.533 (*)      126.754 (^)      126.198 (&)       99.678 (%) 
Cl( 7, 6) in Cl( 8, 8) CPU =       15.352 ms (setup)        0.531 (*)      210.106 (^)      203.242 (&)      170.843 (%) 
Cl( 7, 7) in Cl( 8, 8) CPU =       28.618 ms (setup)        0.535 (*)      248.676 (^)      258.756 (&)      217.942 (%) 
Cl( 8, 7) in Cl( 8, 8) CPU =       69.520 ms (setup)        0.526 (*)      560.704 (^)      565.933 (&)      518.909 (%) 
Cl( 8, 8) in Cl( 8, 8) CPU =       45.837 ms (setup)        0.527 (*)      694.510 (^)      742.488 (&)      696.490 (%) 
