
framed_multi<float,-4,4>
Clifford algebra expressions test:
Fill: 0.5
Cl( 1, 0) in Cl( 1, 0) CPU =        0.001 ms (setup)        0.002 (comm)        0.009 (pade)        0.003 (series)        0.001 (mix)        0.002 (add) 
Cl( 1, 1) in Cl( 1, 1) CPU =        0.001 ms (setup)        0.001 (comm)        0.002 (pade)        0.001 (series)        0.000 (mix)        0.001 (add) 
Cl( 2, 1) in Cl( 2, 1) CPU =        0.001 ms (setup)        0.003 (comm)        0.005 (pade)        0.004 (series)        0.001 (mix)        0.001 (add) 
Cl( 2, 2) in Cl( 2, 2) CPU =        0.001 ms (setup)        0.005 (comm)        0.006 (pade)        0.005 (series)        0.002 (mix)        0.002 (add) 
Cl( 3, 2) in Cl( 3, 2) CPU =        0.002 ms (setup)        0.011 (comm)        0.028 (pade)        0.011 (series)        0.004 (mix)        0.003 (add) 
Cl( 3, 3) in Cl( 3, 3) CPU =        0.007 ms (setup)        0.028 (comm)        0.036 (pade)        0.042 (series)        0.007 (mix)        0.005 (add) 
Cl( 4, 3) in Cl( 4, 3) CPU =        0.013 ms (setup)        0.076 (comm)        0.140 (pade)        0.115 (series)        0.024 (mix)        0.011 (add) 
Cl( 4, 4) in Cl( 4, 4) CPU =        0.026 ms (setup)        0.427 (comm)        0.191 (pade)        0.724 (series)        0.088 (mix)        0.025 (add) 
Cl( 1, 0) in Cl( 4, 4) CPU =        0.000 ms (setup)        0.001 (comm)        0.002 (pade)        0.002 (series)        0.001 (mix)        0.001 (add) 
Cl( 1, 1) in Cl( 4, 4) CPU =        0.001 ms (setup)        0.002 (comm)        0.001 (pade)        0.002 (series)        0.001 (mix)        0.001 (add) 
Cl( 2, 1) in Cl( 4, 4) CPU =        0.001 ms (setup)        0.003 (comm)        0.005 (pade)        0.002 (series)        0.001 (mix)        0.001 (add) 
Cl( 2, 2) in Cl( 4, 4) CPU =        0.001 ms (setup)        0.005 (comm)        0.005 (pade)        0.005 (series)        0.002 (mix)        0.001 (add) 
Cl( 3, 2) in Cl( 4, 4) CPU =        0.003 ms (setup)        0.011 (comm)        0.025 (pade)        0.013 (series)        0.004 (mix)        0.002 (add) 
Cl( 3, 3) in Cl( 4, 4) CPU =        0.007 ms (setup)        0.026 (comm)        0.034 (pade)        0.043 (series)        0.007 (mix)        0.005 (add) 
Cl( 4, 3) in Cl( 4, 4) CPU =        0.013 ms (setup)        0.068 (comm)        0.133 (pade)        0.108 (series)        0.022 (mix)        0.009 (add) 
Cl( 4, 4) in Cl( 4, 4) CPU =        0.027 ms (setup)        0.419 (comm)        0.188 (pade)        0.719 (series)        0.087 (mix)        0.026 (add) 
Fill: 1
Cl( 1, 0) in Cl( 1, 0) CPU =        0.001 ms (setup)        0.002 (comm)        0.003 (pade)        0.009 (series)        0.001 (mix)        0.002 (add) 
Cl( 1, 1) in Cl( 1, 1) CPU =        0.001 ms (setup)        0.003 (comm)        0.002 (pade)        0.003 (series)        0.001 (mix)        0.001 (add) 
Cl( 2, 1) in Cl( 2, 1) CPU =        0.001 ms (setup)        0.003 (comm)        0.005 (pade)        0.004 (series)        0.001 (mix)        0.001 (add) 
Cl( 2, 2) in Cl( 2, 2) CPU =        0.001 ms (setup)        0.006 (comm)        0.007 (pade)        0.007 (series)        0.002 (mix)        0.001 (add) 
Cl( 3, 2) in Cl( 3, 2) CPU =        0.003 ms (setup)        0.015 (comm)        0.026 (pade)        0.021 (series)        0.005 (mix)        0.003 (add) 
Cl( 3, 3) in Cl( 3, 3) CPU =        0.007 ms (setup)        0.042 (comm)        0.039 (pade)        0.061 (series)        0.010 (mix)        0.005 (add) 
Cl( 4, 3) in Cl( 4, 3) CPU =        0.016 ms (setup)        0.123 (comm)        0.150 (pade)        0.191 (series)        0.026 (mix)        0.009 (add) 
Cl( 4, 4) in Cl( 4, 4) CPU =        0.036 ms (setup)        0.477 (comm)        0.205 (pade)        0.807 (series)        0.070 (mix)        0.024 (add) 
Cl( 1, 0) in Cl( 4, 4) CPU =        0.001 ms (setup)        0.002 (comm)        0.002 (pade)        0.002 (series)        0.001 (mix)        0.001 (add) 
Cl( 1, 1) in Cl( 4, 4) CPU =        0.001 ms (setup)        0.003 (comm)        0.002 (pade)        0.003 (series)        0.001 (mix)        0.001 (add) 
Cl( 2, 1) in Cl( 4, 4) CPU =        0.001 ms (setup)        0.004 (comm)        0.005 (pade)        0.004 (series)        0.001 (mix)        0.001 (add) 
Cl( 2, 2) in Cl( 4, 4) CPU =        0.002 ms (setup)        0.005 (comm)        0.007 (pade)        0.007 (series)        0.002 (mix)        0.001 (add) 
Cl( 3, 2) in Cl( 4, 4) CPU =        0.004 ms (setup)        0.015 (comm)        0.027 (pade)        0.021 (series)        0.005 (mix)        0.003 (add) 
Cl( 3, 3) in Cl( 4, 4) CPU =        0.007 ms (setup)        0.042 (comm)        0.039 (pade)        0.061 (series)        0.010 (mix)        0.005 (add) 
Cl( 4, 3) in Cl( 4, 4) CPU =        0.016 ms (setup)        0.123 (comm)        0.148 (pade)        0.191 (series)        0.028 (mix)        0.009 (add) 
Cl( 4, 4) in Cl( 4, 4) CPU =        0.035 ms (setup)        0.475 (comm)        0.205 (pade)        0.805 (series)        0.070 (mix)        0.024 (add) 

matrix_multi<float,-4,4>
Clifford algebra expressions test:
Fill: 0.5
Cl( 1, 0) in Cl( 1, 0) CPU =        0.003 ms (setup)        0.005 (comm)        0.007 (pade)        0.001 (series)        0.002 (mix)        0.001 (add) 
Cl( 1, 1) in Cl( 1, 1) CPU =        0.002 ms (setup)        0.007 (comm)        0.001 (pade)        0.001 (series)        0.005 (mix)        0.000 (add) 
Cl( 2, 1) in Cl( 2, 1) CPU =        0.002 ms (setup)        0.017 (comm)        0.001 (pade)        0.001 (series)        0.015 (mix)        0.001 (add) 
Cl( 2, 2) in Cl( 2, 2) CPU =        0.003 ms (setup)        0.029 (comm)        0.001 (pade)        0.001 (series)        0.026 (mix)        0.000 (add) 
Cl( 3, 2) in Cl( 3, 2) CPU =        0.007 ms (setup)        0.100 (comm)        0.002 (pade)        0.001 (series)        0.094 (mix)        0.000 (add) 
Cl( 3, 3) in Cl( 3, 3) CPU =        0.020 ms (setup)        0.166 (comm)        0.001 (pade)        0.001 (series)        0.158 (mix)        0.000 (add) 
Cl( 4, 3) in Cl( 4, 3) CPU =        0.048 ms (setup)        0.827 (comm)        0.004 (pade)        0.003 (series)        0.799 (mix)        0.001 (add) 
Cl( 4, 4) in Cl( 4, 4) CPU =        0.098 ms (setup)        1.323 (comm)        0.005 (pade)        0.002 (series)        1.308 (mix)        0.001 (add) 
Cl( 1, 0) in Cl( 4, 4) CPU =        0.002 ms (setup)        0.018 (comm)        0.004 (pade)        0.002 (series)        0.017 (mix)        0.000 (add) 
Cl( 1, 1) in Cl( 4, 4) CPU =        0.004 ms (setup)        0.034 (comm)        0.003 (pade)        0.002 (series)        0.032 (mix)        0.000 (add) 
Cl( 2, 1) in Cl( 4, 4) CPU =        0.007 ms (setup)        0.058 (comm)        0.003 (pade)        0.002 (series)        0.054 (mix)        0.001 (add) 
Cl( 2, 2) in Cl( 4, 4) CPU =        0.011 ms (setup)        0.072 (comm)        0.003 (pade)        0.002 (series)        0.070 (mix)        0.001 (add) 
Cl( 3, 2) in Cl( 4, 4) CPU =        0.033 ms (setup)        0.163 (comm)        0.003 (pade)        0.002 (series)        0.155 (mix)        0.000 (add) 
Cl( 3, 3) in Cl( 4, 4) CPU =        0.071 ms (setup)        0.254 (comm)        0.003 (pade)        0.002 (series)        0.245 (mix)        0.001 (add) 
Cl( 4, 3) in Cl( 4, 4) CPU =        0.180 ms (setup)        0.873 (comm)        0.004 (pade)        0.003 (series)        0.847 (mix)        0.001 (add) 
Cl( 4, 4) in Cl( 4, 4) CPU =        0.099 ms (setup)        1.330 (comm)        0.004 (pade)        0.002 (series)        1.299 (mix)        0.001 (add) 
Fill: 1
Cl( 1, 0) in Cl( 1, 0) CPU =        0.001 ms (setup)        0.006 (comm)        0.001 (pade)        0.003 (series)        0.004 (mix)        0.001 (add) 
Cl( 1, 1) in Cl( 1, 1) CPU =        0.001 ms (setup)        0.007 (comm)        0.001 (pade)        0.001 (series)        0.007 (mix)        0.001 (add) 
Cl( 2, 1) in Cl( 2, 1) CPU =        0.001 ms (setup)        0.023 (comm)        0.001 (pade)        0.002 (series)        0.022 (mix)        0.000 (add) 
Cl( 2, 2) in Cl( 2, 2) CPU =        0.005 ms (setup)        0.036 (comm)        0.001 (pade)        0.001 (series)        0.034 (mix)        0.000 (add) 
Cl( 3, 2) in Cl( 3, 2) CPU =        0.011 ms (setup)        0.132 (comm)        0.002 (pade)        0.002 (series)        0.127 (mix)        0.001 (add) 
Cl( 3, 3) in Cl( 3, 3) CPU =        0.022 ms (setup)        0.215 (comm)        0.001 (pade)        0.001 (series)        0.209 (mix)        0.000 (add) 
Cl( 4, 3) in Cl( 4, 3) CPU =        0.065 ms (setup)        0.970 (comm)        0.004 (pade)        0.003 (series)        0.954 (mix)        0.001 (add) 
Cl( 4, 4) in Cl( 4, 4) CPU =        0.123 ms (setup)        1.508 (comm)        0.004 (pade)        0.003 (series)        1.497 (mix)        0.001 (add) 
Cl( 1, 0) in Cl( 4, 4) CPU =        0.003 ms (setup)        0.032 (comm)        0.004 (pade)        0.002 (series)        0.030 (mix)        0.000 (add) 
Cl( 1, 1) in Cl( 4, 4) CPU =        0.003 ms (setup)        0.044 (comm)        0.003 (pade)        0.002 (series)        0.042 (mix)        0.000 (add) 
Cl( 2, 1) in Cl( 4, 4) CPU =        0.007 ms (setup)        0.066 (comm)        0.003 (pade)        0.002 (series)        0.064 (mix)        0.001 (add) 
Cl( 2, 2) in Cl( 4, 4) CPU =        0.019 ms (setup)        0.097 (comm)        0.003 (pade)        0.003 (series)        0.096 (mix)        0.001 (add) 
Cl( 3, 2) in Cl( 4, 4) CPU =        0.045 ms (setup)        0.206 (comm)        0.003 (pade)        0.002 (series)        0.199 (mix)        0.000 (add) 
Cl( 3, 3) in Cl( 4, 4) CPU =        0.083 ms (setup)        0.329 (comm)        0.004 (pade)        0.003 (series)        0.322 (mix)        0.001 (add) 
Cl( 4, 3) in Cl( 4, 4) CPU =        0.223 ms (setup)        1.024 (comm)        0.004 (pade)        0.002 (series)        1.018 (mix)        0.000 (add) 
Cl( 4, 4) in Cl( 4, 4) CPU =        0.126 ms (setup)        1.509 (comm)        0.004 (pade)        0.002 (series)        1.498 (mix)        0.001 (add) 

framed_multi<double>
Clifford algebra expressions test:
Fill: 0.5
Cl( 1, 0) in Cl( 1, 0) CPU =        0.001 ms (setup)        0.009 (comm)        0.004 (pade)        0.002 (series)        0.001 (mix)        0.002 (add) 
Cl( 1, 1) in Cl( 1, 1) CPU =        0.001 ms (setup)        0.001 (comm)        0.003 (pade)        0.001 (series)        0.000 (mix)        0.001 (add) 
Cl( 2, 1) in Cl( 2, 1) CPU =        0.001 ms (setup)        0.004 (comm)        0.005 (pade)        0.004 (series)        0.001 (mix)        0.001 (add) 
Cl( 2, 2) in Cl( 2, 2) CPU =        0.001 ms (setup)        0.006 (comm)        0.005 (pade)        0.007 (series)        0.002 (mix)        0.002 (add) 
Cl( 3, 2) in Cl( 3, 2) CPU =        0.003 ms (setup)        0.013 (comm)        0.028 (pade)        0.013 (series)        0.004 (mix)        0.002 (add) 
Cl( 3, 3) in Cl( 3, 3) CPU =        0.007 ms (setup)        0.036 (comm)        0.035 (pade)        0.049 (series)        0.009 (mix)        0.003 (add) 
Cl( 4, 3) in Cl( 4, 3) CPU =        0.013 ms (setup)        0.098 (comm)        0.133 (pade)        0.134 (series)        0.034 (mix)        0.005 (add) 
Cl( 4, 4) in Cl( 4, 4) CPU =        0.026 ms (setup)        0.427 (comm)        0.177 (pade)        0.673 (series)        0.104 (mix)        0.009 (add) 
Cl( 5, 4) in Cl( 5, 4) CPU =        0.053 ms (setup)        1.494 (comm)        0.634 (pade)        2.459 (series)        0.290 (mix)        0.018 (add) 
Cl( 5, 5) in Cl( 5, 5) CPU =        0.108 ms (setup)        2.501 (comm)        0.907 (pade)        3.489 (series)        0.831 (mix)        0.034 (add) 
Cl( 6, 5) in Cl( 6, 5) CPU =        0.225 ms (setup)        9.234 (comm)        3.276 (pade)       14.472 (series)        2.293 (mix)        0.070 (add) 
Cl( 6, 6) in Cl( 6, 6) CPU =        0.465 ms (setup)       15.774 (comm)        4.605 (pade)       19.601 (series)        6.596 (mix)        0.155 (add) 
Cl( 7, 6) in Cl( 7, 6) CPU =        0.946 ms (setup)       49.568 (comm)       16.058 (pade)       64.549 (series)       19.216 (mix)        0.336 (add) 
Cl( 7, 7) in Cl( 7, 7) CPU =        1.948 ms (setup)       97.771 (comm)       22.736 (pade)       91.040 (series)       56.431 (mix)        0.668 (add) 
Cl( 8, 7) in Cl( 8, 7) CPU =        3.899 ms (setup)      311.425 (comm)       82.058 (pade)      316.054 (series)      164.910 (mix)        1.377 (add) 
Cl( 8, 8) in Cl( 8, 8) CPU =        7.917 ms (setup)      703.668 (comm)      117.907 (pade)      457.050 (series)      499.441 (mix)        2.942 (add) 
Cl( 1, 0) in Cl( 8, 8) CPU =        0.001 ms (setup)        0.001 (comm)        0.003 (pade)        0.002 (series)        0.001 (mix)        0.001 (add) 
Cl( 1, 1) in Cl( 8, 8) CPU =        0.001 ms (setup)        0.001 (comm)        0.003 (pade)        0.000 (series)        0.000 (mix)        0.001 (add) 
Cl( 2, 1) in Cl( 8, 8) CPU =        0.001 ms (setup)        0.004 (comm)        0.005 (pade)        0.004 (series)        0.002 (mix)        0.001 (add) 
Cl( 2, 2) in Cl( 8, 8) CPU =        0.001 ms (setup)        0.006 (comm)        0.007 (pade)        0.007 (series)        0.002 (mix)        0.001 (add) 
Cl( 3, 2) in Cl( 8, 8) CPU =        0.002 ms (setup)        0.011 (comm)        0.019 (pade)        0.011 (series)        0.003 (mix)        0.001 (add) 
Cl( 3, 3) in Cl( 8, 8) CPU =        0.005 ms (setup)        0.035 (comm)        0.035 (pade)        0.047 (series)        0.009 (mix)        0.003 (add) 
Cl( 4, 3) in Cl( 8, 8) CPU =        0.012 ms (setup)        0.092 (comm)        0.130 (pade)        0.133 (series)        0.029 (mix)        0.005 (add) 
Cl( 4, 4) in Cl( 8, 8) CPU =        0.026 ms (setup)        0.427 (comm)        0.176 (pade)        0.669 (series)        0.102 (mix)        0.009 (add) 
Cl( 5, 4) in Cl( 8, 8) CPU =        0.053 ms (setup)        1.495 (comm)        0.631 (pade)        2.459 (series)        0.288 (mix)        0.016 (add) 
Cl( 5, 5) in Cl( 8, 8) CPU =        0.106 ms (setup)        2.439 (comm)        0.878 (pade)        3.448 (series)        0.782 (mix)        0.030 (add) 
Cl( 6, 5) in Cl( 8, 8) CPU =        0.224 ms (setup)        9.151 (comm)        3.235 (pade)       14.463 (series)        2.270 (mix)        0.068 (add) 
Cl( 6, 6) in Cl( 8, 8) CPU =        0.459 ms (setup)       15.651 (comm)        4.553 (pade)       19.474 (series)        6.540 (mix)        0.150 (add) 
Cl( 7, 6) in Cl( 8, 8) CPU =        0.944 ms (setup)       49.386 (comm)       15.947 (pade)       64.280 (series)       19.188 (mix)        0.333 (add) 
Cl( 7, 7) in Cl( 8, 8) CPU =        1.953 ms (setup)       98.180 (comm)       22.684 (pade)       90.953 (series)       56.852 (mix)        0.665 (add) 
Cl( 8, 7) in Cl( 8, 8) CPU =        3.920 ms (setup)      315.053 (comm)       82.135 (pade)      315.724 (series)      168.616 (mix)        1.399 (add) 
Cl( 8, 8) in Cl( 8, 8) CPU =        7.911 ms (setup)      702.266 (comm)      117.504 (pade)      456.255 (series)      498.716 (mix)        2.945 (add) 
Fill: 1
Cl( 1, 0) in Cl( 1, 0) CPU =        0.001 ms (setup)        0.002 (comm)        0.003 (pade)        0.003 (series)        0.001 (mix)        0.001 (add) 
Cl( 1, 1) in Cl( 1, 1) CPU =        0.001 ms (setup)        0.003 (comm)        0.003 (pade)        0.003 (series)        0.001 (mix)        0.001 (add) 
Cl( 2, 1) in Cl( 2, 1) CPU =        0.002 ms (setup)        0.004 (comm)        0.005 (pade)        0.005 (series)        0.002 (mix)        0.001 (add) 
Cl( 2, 2) in Cl( 2, 2) CPU =        0.002 ms (setup)        0.007 (comm)        0.007 (pade)        0.009 (series)        0.003 (mix)        0.001 (add) 
Cl( 3, 2) in Cl( 3, 2) CPU =        0.004 ms (setup)        0.019 (comm)        0.027 (pade)        0.025 (series)        0.005 (mix)        0.002 (add) 
Cl( 3, 3) in Cl( 3, 3) CPU =        0.008 ms (setup)        0.053 (comm)        0.038 (pade)        0.071 (series)        0.013 (mix)        0.003 (add) 
Cl( 4, 3) in Cl( 4, 3) CPU =        0.018 ms (setup)        0.159 (comm)        0.144 (pade)        0.227 (series)        0.035 (mix)        0.005 (add) 
Cl( 4, 4) in Cl( 4, 4) CPU =        0.037 ms (setup)        0.496 (comm)        0.198 (pade)        0.768 (series)        0.104 (mix)        0.011 (add) 
Cl( 5, 4) in Cl( 5, 4) CPU =        0.074 ms (setup)        1.688 (comm)        0.705 (pade)        2.711 (series)        0.282 (mix)        0.022 (add) 
Cl( 5, 5) in Cl( 5, 5) CPU =        0.152 ms (setup)        2.779 (comm)        1.034 (pade)        3.985 (series)        0.729 (mix)        0.041 (add) 
Cl( 6, 5) in Cl( 6, 5) CPU =        0.310 ms (setup)       10.104 (comm)        3.691 (pade)       16.218 (series)        1.971 (mix)        0.081 (add) 
Cl( 6, 6) in Cl( 6, 6) CPU =        0.641 ms (setup)       17.100 (comm)        5.450 (pade)       23.242 (series)        5.411 (mix)        0.172 (add) 
Cl( 7, 6) in Cl( 7, 6) CPU =        1.367 ms (setup)       52.575 (comm)       18.383 (pade)       74.392 (series)       15.367 (mix)        0.342 (add) 
Cl( 7, 7) in Cl( 7, 7) CPU =        2.905 ms (setup)      100.108 (comm)       27.752 (pade)      112.094 (series)       44.081 (mix)        0.684 (add) 
Cl( 8, 7) in Cl( 8, 7) CPU =        5.648 ms (setup)      315.942 (comm)       96.729 (pade)      373.308 (series)      129.192 (mix)        1.504 (add) 
Cl( 8, 8) in Cl( 8, 8) CPU =       11.902 ms (setup)      673.956 (comm)      148.030 (pade)      580.143 (series)      384.024 (mix)        2.744 (add) 
Cl( 1, 0) in Cl( 8, 8) CPU =        0.001 ms (setup)        0.003 (comm)        0.003 (pade)        0.004 (series)        0.001 (mix)        0.002 (add) 
Cl( 1, 1) in Cl( 8, 8) CPU =        0.001 ms (setup)        0.003 (comm)        0.002 (pade)        0.003 (series)        0.001 (mix)        0.001 (add) 
Cl( 2, 1) in Cl( 8, 8) CPU =        0.002 ms (setup)        0.004 (comm)        0.005 (pade)        0.005 (series)        0.001 (mix)        0.001 (add) 
Cl( 2, 2) in Cl( 8, 8) CPU =        0.002 ms (setup)        0.007 (comm)        0.007 (pade)        0.009 (series)        0.003 (mix)        0.001 (add) 
Cl( 3, 2) in Cl( 8, 8) CPU =        0.004 ms (setup)        0.018 (comm)        0.028 (pade)        0.024 (series)        0.005 (mix)        0.002 (add) 
Cl( 3, 3) in Cl( 8, 8) CPU =        0.008 ms (setup)        0.053 (comm)        0.039 (pade)        0.071 (series)        0.013 (mix)        0.003 (add) 
Cl( 4, 3) in Cl( 8, 8) CPU =        0.017 ms (setup)        0.164 (comm)        0.143 (pade)        0.228 (series)        0.040 (mix)        0.005 (add) 
Cl( 4, 4) in Cl( 8, 8) CPU =        0.036 ms (setup)        0.496 (comm)        0.197 (pade)        0.767 (series)        0.102 (mix)        0.011 (add) 
Cl( 5, 4) in Cl( 8, 8) CPU =        0.073 ms (setup)        1.654 (comm)        0.689 (pade)        2.717 (series)        0.281 (mix)        0.021 (add) 
Cl( 5, 5) in Cl( 8, 8) CPU =        0.153 ms (setup)        2.788 (comm)        1.037 (pade)        3.985 (series)        0.732 (mix)        0.041 (add) 
Cl( 6, 5) in Cl( 8, 8) CPU =        0.312 ms (setup)       10.088 (comm)        3.682 (pade)       16.259 (series)        1.972 (mix)        0.082 (add) 
Cl( 6, 6) in Cl( 8, 8) CPU =        0.643 ms (setup)       17.128 (comm)        5.456 (pade)       23.285 (series)        5.476 (mix)        0.171 (add) 
Cl( 7, 6) in Cl( 8, 8) CPU =        1.363 ms (setup)       52.507 (comm)       18.384 (pade)       74.422 (series)       15.405 (mix)        0.343 (add) 
Cl( 7, 7) in Cl( 8, 8) CPU =        2.898 ms (setup)      100.197 (comm)       27.777 (pade)      112.100 (series)       44.118 (mix)        0.684 (add) 
Cl( 8, 7) in Cl( 8, 8) CPU =        5.650 ms (setup)      315.880 (comm)       96.532 (pade)      373.609 (series)      129.191 (mix)        1.512 (add) 
Cl( 8, 8) in Cl( 8, 8) CPU =       11.884 ms (setup)      673.965 (comm)      147.875 (pade)      580.047 (series)      384.011 (mix)        3.222 (add) 

matrix_multi<double>
Clifford algebra expressions test:
Fill: 0.5
Cl( 1, 0) in Cl( 1, 0) CPU =        0.003 ms (setup)        0.005 (comm)        0.001 (pade)        0.002 (series)        0.002 (mix)        0.001 (add) 
Cl( 1, 1) in Cl( 1, 1) CPU =        0.004 ms (setup)        0.003 (comm)        0.000 (pade)        0.001 (series)        0.002 (mix)        0.001 (add) 
Cl( 2, 1) in Cl( 2, 1) CPU =        0.002 ms (setup)        0.018 (comm)        0.001 (pade)        0.001 (series)        0.017 (mix)        0.001 (add) 
Cl( 2, 2) in Cl( 2, 2) CPU =        0.002 ms (setup)        0.030 (comm)        0.001 (pade)        0.001 (series)        0.028 (mix)        0.000 (add) 
Cl( 3, 2) in Cl( 3, 2) CPU =        0.013 ms (setup)        0.100 (comm)        0.002 (pade)        0.002 (series)        0.095 (mix)        0.001 (add) 
Cl( 3, 3) in Cl( 3, 3) CPU =        0.021 ms (setup)        0.171 (comm)        0.001 (pade)        0.002 (series)        0.164 (mix)        0.000 (add) 
Cl( 4, 3) in Cl( 4, 3) CPU =        0.052 ms (setup)        0.816 (comm)        0.005 (pade)        0.004 (series)        0.792 (mix)        0.001 (add) 
Cl( 4, 4) in Cl( 4, 4) CPU =        0.101 ms (setup)        1.258 (comm)        0.005 (pade)        0.004 (series)        1.244 (mix)        0.001 (add) 
Cl( 5, 4) in Cl( 5, 4) CPU =        0.242 ms (setup)        5.163 (comm)        0.018 (pade)        0.016 (series)        5.135 (mix)        0.002 (add) 
Cl( 5, 5) in Cl( 5, 5) CPU =        0.475 ms (setup)        7.716 (comm)        0.018 (pade)        0.016 (series)        7.713 (mix)        0.001 (add) 
Cl( 6, 5) in Cl( 6, 5) CPU =        1.111 ms (setup)       39.843 (comm)        0.091 (pade)        0.216 (series)       39.450 (mix)        0.005 (add) 
Cl( 6, 6) in Cl( 6, 6) CPU =        2.236 ms (setup)       56.013 (comm)        0.094 (pade)        0.430 (series)       55.293 (mix)        0.007 (add) 
Cl( 7, 6) in Cl( 7, 6) CPU =        5.319 ms (setup)      220.519 (comm)        0.533 (pade)        1.344 (series)      217.949 (mix)        0.030 (add) 
Cl( 7, 7) in Cl( 7, 7) CPU =       10.634 ms (setup)      288.793 (comm)        0.528 (pade)        2.089 (series)      288.562 (mix)        0.030 (add) 
Cl( 8, 7) in Cl( 8, 7) CPU =       25.285 ms (setup)     1251.062 (comm)        4.384 (pade)        6.582 (series)     1247.064 (mix)        0.120 (add) 
Cl( 8, 8) in Cl( 8, 8) CPU =       51.255 ms (setup)     1575.903 (comm)        4.420 (pade)        7.056 (series)     1571.992 (mix)        0.121 (add) 
Cl( 1, 0) in Cl( 8, 8) CPU =        0.015 ms (setup)        7.459 (comm)        4.139 (pade)        6.593 (series)        4.104 (mix)        0.120 (add) 
Cl( 1, 1) in Cl( 8, 8) CPU =        0.029 ms (setup)       13.138 (comm)        4.228 (pade)        6.346 (series)        9.787 (mix)        0.120 (add) 
Cl( 2, 1) in Cl( 8, 8) CPU =        0.053 ms (setup)       32.089 (comm)        4.306 (pade)        6.604 (series)       28.648 (mix)        0.121 (add) 
Cl( 2, 2) in Cl( 8, 8) CPU =        0.101 ms (setup)       61.410 (comm)        4.306 (pade)        6.558 (series)       58.193 (mix)        0.121 (add) 
Cl( 3, 2) in Cl( 8, 8) CPU =        0.543 ms (setup)       87.874 (comm)        4.443 (pade)        6.226 (series)       84.507 (mix)        0.123 (add) 
Cl( 3, 3) in Cl( 8, 8) CPU =        0.870 ms (setup)      120.516 (comm)        4.346 (pade)        6.571 (series)      117.090 (mix)        0.122 (add) 
Cl( 4, 3) in Cl( 8, 8) CPU =        0.987 ms (setup)      138.982 (comm)        4.371 (pade)        6.561 (series)      135.675 (mix)        0.121 (add) 
Cl( 4, 4) in Cl( 8, 8) CPU =        1.177 ms (setup)      193.674 (comm)        4.378 (pade)        6.599 (series)      190.368 (mix)        0.121 (add) 
Cl( 5, 4) in Cl( 8, 8) CPU =        1.685 ms (setup)      269.837 (comm)        4.373 (pade)        6.615 (series)      266.665 (mix)        0.122 (add) 
Cl( 5, 5) in Cl( 8, 8) CPU =        2.589 ms (setup)      318.223 (comm)        4.378 (pade)        6.602 (series)      315.269 (mix)        0.122 (add) 
Cl( 6, 5) in Cl( 8, 8) CPU =        5.200 ms (setup)      447.294 (comm)        4.383 (pade)        6.917 (series)      443.981 (mix)        0.124 (add) 
Cl( 6, 6) in Cl( 8, 8) CPU =        9.492 ms (setup)      494.375 (comm)        4.392 (pade)        6.578 (series)      490.476 (mix)        0.123 (add) 
Cl( 7, 6) in Cl( 8, 8) CPU =       21.635 ms (setup)      690.091 (comm)        4.398 (pade)        6.582 (series)      765.423 (mix)        0.120 (add) 
Cl( 7, 7) in Cl( 8, 8) CPU =       41.340 ms (setup)      830.139 (comm)        4.423 (pade)       50.014 (series)      826.773 (mix)        0.121 (add) 
Cl( 8, 7) in Cl( 8, 8) CPU =       97.514 ms (setup)     1292.870 (comm)        4.418 (pade)        6.905 (series)     1289.444 (mix)        0.122 (add) 
Cl( 8, 8) in Cl( 8, 8) CPU =       51.140 ms (setup)     1557.043 (comm)        4.425 (pade)        6.946 (series)     1553.420 (mix)        0.120 (add) 
Fill: 1
Cl( 1, 0) in Cl( 1, 0) CPU =        0.002 ms (setup)        0.006 (comm)        0.001 (pade)        0.002 (series)        0.004 (mix)        0.001 (add) 
Cl( 1, 1) in Cl( 1, 1) CPU =        0.002 ms (setup)        0.007 (comm)        0.001 (pade)        0.001 (series)        0.007 (mix)        0.000 (add) 
Cl( 2, 1) in Cl( 2, 1) CPU =        0.002 ms (setup)        0.022 (comm)        0.001 (pade)        0.001 (series)        0.022 (mix)        0.000 (add) 
Cl( 2, 2) in Cl( 2, 2) CPU =        0.005 ms (setup)        0.037 (comm)        0.001 (pade)        0.001 (series)        0.035 (mix)        0.001 (add) 
Cl( 3, 2) in Cl( 3, 2) CPU =        0.013 ms (setup)        0.136 (comm)        0.002 (pade)        0.002 (series)        0.132 (mix)        0.001 (add) 
Cl( 3, 3) in Cl( 3, 3) CPU =        0.024 ms (setup)        0.218 (comm)        0.001 (pade)        0.002 (series)        0.211 (mix)        0.000 (add) 
Cl( 4, 3) in Cl( 4, 3) CPU =        0.069 ms (setup)        0.965 (comm)        0.005 (pade)        0.005 (series)        0.954 (mix)        0.001 (add) 
Cl( 4, 4) in Cl( 4, 4) CPU =        0.132 ms (setup)        1.471 (comm)        0.005 (pade)        0.005 (series)        1.454 (mix)        0.001 (add) 
Cl( 5, 4) in Cl( 5, 4) CPU =        0.341 ms (setup)        5.638 (comm)        0.018 (pade)        0.015 (series)        5.614 (mix)        0.001 (add) 
Cl( 5, 5) in Cl( 5, 5) CPU =        0.680 ms (setup)        8.391 (comm)        0.018 (pade)        0.016 (series)        8.376 (mix)        0.001 (add) 
Cl( 6, 5) in Cl( 6, 5) CPU =        1.697 ms (setup)       46.831 (comm)        0.091 (pade)        0.376 (series)       45.173 (mix)        0.005 (add) 
Cl( 6, 6) in Cl( 6, 6) CPU =        3.494 ms (setup)       60.819 (comm)        0.089 (pade)        0.160 (series)       62.742 (mix)        0.005 (add) 
Cl( 7, 6) in Cl( 7, 6) CPU =        8.722 ms (setup)      236.288 (comm)        0.535 (pade)        0.505 (series)      235.683 (mix)        0.030 (add) 
Cl( 7, 7) in Cl( 7, 7) CPU =       17.584 ms (setup)      311.002 (comm)        0.532 (pade)        1.897 (series)      312.101 (mix)        0.030 (add) 
Cl( 8, 7) in Cl( 8, 7) CPU =       43.999 ms (setup)     1333.466 (comm)        4.404 (pade)        6.693 (series)     1328.983 (mix)        0.123 (add) 
Cl( 8, 8) in Cl( 8, 8) CPU =       89.887 ms (setup)     1721.975 (comm)        4.392 (pade)        6.612 (series)     1717.861 (mix)        0.120 (add) 
Cl( 1, 0) in Cl( 8, 8) CPU =        0.018 ms (setup)       17.363 (comm)        4.231 (pade)        6.503 (series)       14.066 (mix)        0.120 (add) 
Cl( 1, 1) in Cl( 8, 8) CPU =        0.040 ms (setup)       29.335 (comm)        4.231 (pade)        6.541 (series)       26.000 (mix)        0.121 (add) 
Cl( 2, 1) in Cl( 8, 8) CPU =        0.083 ms (setup)       46.453 (comm)        4.343 (pade)        6.547 (series)       43.108 (mix)        0.120 (add) 
Cl( 2, 2) in Cl( 8, 8) CPU =        0.815 ms (setup)       68.724 (comm)        4.307 (pade)        6.198 (series)       65.486 (mix)        0.121 (add) 
Cl( 3, 2) in Cl( 8, 8) CPU =        0.848 ms (setup)       96.278 (comm)        4.329 (pade)        6.542 (series)       93.274 (mix)        0.120 (add) 
Cl( 3, 3) in Cl( 8, 8) CPU =        0.897 ms (setup)      131.256 (comm)        4.347 (pade)        6.585 (series)      128.010 (mix)        0.122 (add) 
Cl( 4, 3) in Cl( 8, 8) CPU =        1.070 ms (setup)      189.641 (comm)        4.370 (pade)        6.599 (series)      186.660 (mix)        0.122 (add) 
Cl( 4, 4) in Cl( 8, 8) CPU =        1.302 ms (setup)      238.587 (comm)        4.365 (pade)        6.689 (series)      235.534 (mix)        0.122 (add) 
Cl( 5, 4) in Cl( 8, 8) CPU =        2.040 ms (setup)      315.751 (comm)        4.375 (pade)        6.578 (series)      312.507 (mix)        0.121 (add) 
Cl( 5, 5) in Cl( 8, 8) CPU =        3.234 ms (setup)      370.804 (comm)        4.375 (pade)        6.641 (series)      367.200 (mix)        0.121 (add) 
Cl( 6, 5) in Cl( 8, 8) CPU =        6.878 ms (setup)      489.384 (comm)        4.380 (pade)        6.587 (series)      486.252 (mix)        0.121 (add) 
Cl( 6, 6) in Cl( 8, 8) CPU =       12.774 ms (setup)      553.769 (comm)        4.380 (pade)        6.579 (series)      551.181 (mix)        0.121 (add) 
Cl( 7, 6) in Cl( 8, 8) CPU =       29.932 ms (setup)      774.769 (comm)        4.389 (pade)        6.737 (series)      771.548 (mix)        0.121 (add) 
Cl( 7, 7) in Cl( 8, 8) CPU =       58.458 ms (setup)      897.151 (comm)        4.425 (pade)        6.529 (series)      894.253 (mix)        0.120 (add) 
Cl( 8, 7) in Cl( 8, 8) CPU =      141.439 ms (setup)     1382.171 (comm)        4.362 (pade)        6.928 (series)     1377.282 (mix)        0.120 (add) 
Cl( 8, 8) in Cl( 8, 8) CPU =       90.020 ms (setup)     1722.087 (comm)        4.395 (pade)        6.611 (series)     1717.986 (mix)        0.120 (add) 
