expressions/expressions
	linux-vdso.so.1 (0x0000ffff3b40c000)
	libopenblas.so.0 => /lib64/libopenblas.so.0 (0x0000ffff3a060000)
	libstdc++.so.6 => /lib64/libstdc++.so.6 (0x0000ffff39db0000)
	libm.so.6 => /lib64/libm.so.6 (0x0000ffff39ce0000)
	libgomp.so.1 => /lib64/libgomp.so.1 (0x0000ffff39c60000)
	libgcc_s.so.1 => /lib64/libgcc_s.so.1 (0x0000ffff39c20000)
	libc.so.6 => /lib64/libc.so.6 (0x0000ffff39a50000)
	libgfortran.so.5 => /lib64/libgfortran.so.5 (0x0000ffff39880000)
	/lib/ld-linux-aarch64.so.1 (0x0000ffff3b410000)
gfft_test/gfft_test
	linux-vdso.so.1 (0x0000ffff02f3c000)
	libopenblas.so.0 => /lib64/libopenblas.so.0 (0x0000ffff01b90000)
	libstdc++.so.6 => /lib64/libstdc++.so.6 (0x0000ffff018e0000)
	libm.so.6 => /lib64/libm.so.6 (0x0000ffff01810000)
	libgomp.so.1 => /lib64/libgomp.so.1 (0x0000ffff01790000)
	libgcc_s.so.1 => /lib64/libgcc_s.so.1 (0x0000ffff01750000)
	libc.so.6 => /lib64/libc.so.6 (0x0000ffff01580000)
	libgfortran.so.5 => /lib64/libgfortran.so.5 (0x0000ffff013b0000)
	/lib/ld-linux-aarch64.so.1 (0x0000ffff02f40000)
products/products
	linux-vdso.so.1 (0x0000fffef73ac000)
	libopenblas.so.0 => /lib64/libopenblas.so.0 (0x0000fffef6000000)
	libstdc++.so.6 => /lib64/libstdc++.so.6 (0x0000fffef5d50000)
	libm.so.6 => /lib64/libm.so.6 (0x0000fffef5c80000)
	libgomp.so.1 => /lib64/libgomp.so.1 (0x0000fffef5c00000)
	libgcc_s.so.1 => /lib64/libgcc_s.so.1 (0x0000fffef5bc0000)
	libc.so.6 => /lib64/libc.so.6 (0x0000fffef59f0000)
	libgfortran.so.5 => /lib64/libgfortran.so.5 (0x0000fffef5820000)
	/lib/ld-linux-aarch64.so.1 (0x0000fffef73b0000)
squaring/squaring
	linux-vdso.so.1 (0x0000fffedd73c000)
	libopenblas.so.0 => /lib64/libopenblas.so.0 (0x0000fffedc390000)
	libstdc++.so.6 => /lib64/libstdc++.so.6 (0x0000fffedc0e0000)
	libm.so.6 => /lib64/libm.so.6 (0x0000fffedc010000)
	libgomp.so.1 => /lib64/libgomp.so.1 (0x0000fffedbf90000)
	libgcc_s.so.1 => /lib64/libgcc_s.so.1 (0x0000fffedbf50000)
	libc.so.6 => /lib64/libc.so.6 (0x0000fffedbd80000)
	libgfortran.so.5 => /lib64/libgfortran.so.5 (0x0000fffedbbb0000)
	/lib/ld-linux-aarch64.so.1 (0x0000fffedd740000)
transforms/transforms
	linux-vdso.so.1 (0x0000ffff4b89c000)
	libopenblas.so.0 => /lib64/libopenblas.so.0 (0x0000ffff4a4f0000)
	libstdc++.so.6 => /lib64/libstdc++.so.6 (0x0000ffff4a240000)
	libm.so.6 => /lib64/libm.so.6 (0x0000ffff4a170000)
	libgomp.so.1 => /lib64/libgomp.so.1 (0x0000ffff4a0f0000)
	libgcc_s.so.1 => /lib64/libgcc_s.so.1 (0x0000ffff4a0b0000)
	libc.so.6 => /lib64/libc.so.6 (0x0000ffff49ee0000)
	libgfortran.so.5 => /lib64/libgfortran.so.5 (0x0000ffff49d10000)
	/lib/ld-linux-aarch64.so.1 (0x0000ffff4b8a0000)
versor/versor
	linux-vdso.so.1 (0x0000ffff3562c000)
	libopenblas.so.0 => /lib64/libopenblas.so.0 (0x0000ffff34280000)
	libstdc++.so.6 => /lib64/libstdc++.so.6 (0x0000ffff33fd0000)
	libm.so.6 => /lib64/libm.so.6 (0x0000ffff33f00000)
	libgomp.so.1 => /lib64/libgomp.so.1 (0x0000ffff33e80000)
	libgcc_s.so.1 => /lib64/libgcc_s.so.1 (0x0000ffff33e40000)
	libc.so.6 => /lib64/libc.so.6 (0x0000ffff33c70000)
	libgfortran.so.5 => /lib64/libgfortran.so.5 (0x0000ffff33aa0000)
	/lib/ld-linux-aarch64.so.1 (0x0000ffff35630000)
