expressions/expressions
	linux-vdso.so.1 (0x00007cdd4757e000)
	libarmadillo.so.15 => /lib/libarmadillo.so.15 (0x00007cdd47539000)
	libflexiblas.so.3 => /usr/lib/x86_64-linux-gnu/libflexiblas.so.3 (0x00007cdd46600000)
	libstdc++.so.6 => /usr/lib/x86_64-linux-gnu/libstdc++.so.6 (0x00007cdd46200000)
	libm.so.6 => /usr/lib/x86_64-linux-gnu/libm.so.6 (0x00007cdd464da000)
	libgcc_s.so.1 => /usr/lib/x86_64-linux-gnu/libgcc_s.so.1 (0x00007cdd4750b000)
	libc.so.6 => /usr/lib/x86_64-linux-gnu/libc.so.6 (0x00007cdd45e00000)
	libarpack.so.2 => /usr/lib/x86_64-linux-gnu/libarpack.so.2 (0x00007cdd474be000)
	libsuperlu.so.7 => /usr/lib/x86_64-linux-gnu/libsuperlu.so.7 (0x00007cdd46d8b000)
	/lib64/ld-linux-x86-64.so.2 (0x00007cdd47580000)
	libgfortran.so.5 => /usr/lib/x86_64-linux-gnu/libgfortran.so.5 (0x00007cdd45a00000)
gfft_test/gfft_test
	linux-vdso.so.1 (0x00007278d7d28000)
	libarmadillo.so.15 => /lib/libarmadillo.so.15 (0x00007278d79eb000)
	libflexiblas.so.3 => /usr/lib/x86_64-linux-gnu/libflexiblas.so.3 (0x00007278d7200000)
	libstdc++.so.6 => /usr/lib/x86_64-linux-gnu/libstdc++.so.6 (0x00007278d6e00000)
	libm.so.6 => /usr/lib/x86_64-linux-gnu/libm.so.6 (0x00007278d70da000)
	libgcc_s.so.1 => /usr/lib/x86_64-linux-gnu/libgcc_s.so.1 (0x00007278d79bd000)
	libc.so.6 => /usr/lib/x86_64-linux-gnu/libc.so.6 (0x00007278d6a00000)
	libarpack.so.2 => /usr/lib/x86_64-linux-gnu/libarpack.so.2 (0x00007278d7972000)
	libsuperlu.so.7 => /usr/lib/x86_64-linux-gnu/libsuperlu.so.7 (0x00007278d6d8b000)
	/lib64/ld-linux-x86-64.so.2 (0x00007278d7d2a000)
	libgfortran.so.5 => /usr/lib/x86_64-linux-gnu/libgfortran.so.5 (0x00007278d6600000)
products/products
	linux-vdso.so.1 (0x00007f5cd2c70000)
	libarmadillo.so.15 => /lib/libarmadillo.so.15 (0x00007f5cd2c2b000)
	libflexiblas.so.3 => /usr/lib/x86_64-linux-gnu/libflexiblas.so.3 (0x00007f5cd1e00000)
	libstdc++.so.6 => /usr/lib/x86_64-linux-gnu/libstdc++.so.6 (0x00007f5cd1a00000)
	libm.so.6 => /usr/lib/x86_64-linux-gnu/libm.so.6 (0x00007f5cd1cda000)
	libgcc_s.so.1 => /usr/lib/x86_64-linux-gnu/libgcc_s.so.1 (0x00007f5cd2bfd000)
	libc.so.6 => /usr/lib/x86_64-linux-gnu/libc.so.6 (0x00007f5cd1600000)
	libarpack.so.2 => /usr/lib/x86_64-linux-gnu/libarpack.so.2 (0x00007f5cd2bb0000)
	libsuperlu.so.7 => /usr/lib/x86_64-linux-gnu/libsuperlu.so.7 (0x00007f5cd258b000)
	/lib64/ld-linux-x86-64.so.2 (0x00007f5cd2c72000)
	libgfortran.so.5 => /usr/lib/x86_64-linux-gnu/libgfortran.so.5 (0x00007f5cd1200000)
squaring/squaring
	linux-vdso.so.1 (0x0000746b21922000)
	libarmadillo.so.15 => /lib/libarmadillo.so.15 (0x0000746b218dd000)
	libflexiblas.so.3 => /usr/lib/x86_64-linux-gnu/libflexiblas.so.3 (0x0000746b20c00000)
	libstdc++.so.6 => /usr/lib/x86_64-linux-gnu/libstdc++.so.6 (0x0000746b20800000)
	libm.so.6 => /usr/lib/x86_64-linux-gnu/libm.so.6 (0x0000746b217b7000)
	libgcc_s.so.1 => /usr/lib/x86_64-linux-gnu/libgcc_s.so.1 (0x0000746b21789000)
	libc.so.6 => /usr/lib/x86_64-linux-gnu/libc.so.6 (0x0000746b20400000)
	libarpack.so.2 => /usr/lib/x86_64-linux-gnu/libarpack.so.2 (0x0000746b2173c000)
	libsuperlu.so.7 => /usr/lib/x86_64-linux-gnu/libsuperlu.so.7 (0x0000746b2138b000)
	/lib64/ld-linux-x86-64.so.2 (0x0000746b21924000)
	libgfortran.so.5 => /usr/lib/x86_64-linux-gnu/libgfortran.so.5 (0x0000746b20000000)
transforms/transforms
	linux-vdso.so.1 (0x000076eabafd6000)
	libarmadillo.so.15 => /lib/libarmadillo.so.15 (0x000076eabaf91000)
	libflexiblas.so.3 => /usr/lib/x86_64-linux-gnu/libflexiblas.so.3 (0x000076eaba400000)
	libstdc++.so.6 => /usr/lib/x86_64-linux-gnu/libstdc++.so.6 (0x000076eaba000000)
	libm.so.6 => /usr/lib/x86_64-linux-gnu/libm.so.6 (0x000076eaba2da000)
	libgcc_s.so.1 => /usr/lib/x86_64-linux-gnu/libgcc_s.so.1 (0x000076eabaf63000)
	libc.so.6 => /usr/lib/x86_64-linux-gnu/libc.so.6 (0x000076eab9c00000)
	libarpack.so.2 => /usr/lib/x86_64-linux-gnu/libarpack.so.2 (0x000076eabaf16000)
	libsuperlu.so.7 => /usr/lib/x86_64-linux-gnu/libsuperlu.so.7 (0x000076eabab8b000)
	/lib64/ld-linux-x86-64.so.2 (0x000076eabafd8000)
	libgfortran.so.5 => /usr/lib/x86_64-linux-gnu/libgfortran.so.5 (0x000076eab9800000)
versor/versor
	linux-vdso.so.1 (0x00007e16e056e000)
	libarmadillo.so.15 => /lib/libarmadillo.so.15 (0x00007e16e01eb000)
	libflexiblas.so.3 => /usr/lib/x86_64-linux-gnu/libflexiblas.so.3 (0x00007e16dfa00000)
	libstdc++.so.6 => /usr/lib/x86_64-linux-gnu/libstdc++.so.6 (0x00007e16df600000)
	libm.so.6 => /usr/lib/x86_64-linux-gnu/libm.so.6 (0x00007e16df8da000)
	libgcc_s.so.1 => /usr/lib/x86_64-linux-gnu/libgcc_s.so.1 (0x00007e16e01bd000)
	libc.so.6 => /usr/lib/x86_64-linux-gnu/libc.so.6 (0x00007e16df200000)
	libarpack.so.2 => /usr/lib/x86_64-linux-gnu/libarpack.so.2 (0x00007e16e0172000)
	libsuperlu.so.7 => /usr/lib/x86_64-linux-gnu/libsuperlu.so.7 (0x00007e16df58b000)
	/lib64/ld-linux-x86-64.so.2 (0x00007e16e0570000)
	libgfortran.so.5 => /usr/lib/x86_64-linux-gnu/libgfortran.so.5 (0x00007e16dee00000)
