
framed_multi<float,-4,4>
Clifford algebra products test:
Fill: 0.5
Cl( 1, 0) in Cl( 1, 0) CPU =        0.002 ms (setup)        0.001 (*)        0.002 (^)        0.001 (&)        0.001 (%) 
Cl( 1, 1) in Cl( 1, 1) CPU =        0.001 ms (setup)        0.001 (*)        0.001 (^)        0.001 (&)        0.001 (%) 
Cl( 2, 1) in Cl( 2, 1) CPU =        0.001 ms (setup)        0.002 (*)        0.001 (^)        0.001 (&)        0.001 (%) 
Cl( 2, 2) in Cl( 2, 2) CPU =        0.001 ms (setup)        0.002 (*)        0.002 (^)        0.001 (&)        0.001 (%) 
Cl( 3, 2) in Cl( 3, 2) CPU =        0.002 ms (setup)        0.004 (*)        0.003 (^)        0.002 (&)        0.002 (%) 
Cl( 3, 3) in Cl( 3, 3) CPU =        0.003 ms (setup)        0.008 (*)        0.005 (^)        0.004 (&)        0.003 (%) 
Cl( 4, 3) in Cl( 4, 3) CPU =        0.009 ms (setup)        0.021 (*)        0.013 (^)        0.008 (&)        0.006 (%) 
Cl( 4, 4) in Cl( 4, 4) CPU =        0.013 ms (setup)        0.147 (*)        0.034 (^)        0.022 (&)        0.015 (%) 
Cl( 1, 0) in Cl( 4, 4) CPU =        0.001 ms (setup)        0.000 (*)        0.001 (^)        0.001 (&)        0.001 (%) 
Cl( 1, 1) in Cl( 4, 4) CPU =        0.001 ms (setup)        0.001 (*)        0.001 (^)        0.001 (&)        0.001 (%) 
Cl( 2, 1) in Cl( 4, 4) CPU =        0.001 ms (setup)        0.001 (*)        0.001 (^)        0.001 (&)        0.001 (%) 
Cl( 2, 2) in Cl( 4, 4) CPU =        0.001 ms (setup)        0.002 (*)        0.002 (^)        0.001 (&)        0.001 (%) 
Cl( 3, 2) in Cl( 4, 4) CPU =        0.002 ms (setup)        0.004 (*)        0.003 (^)        0.002 (&)        0.002 (%) 
Cl( 3, 3) in Cl( 4, 4) CPU =        0.004 ms (setup)        0.007 (*)        0.005 (^)        0.003 (&)        0.003 (%) 
Cl( 4, 3) in Cl( 4, 4) CPU =        0.007 ms (setup)        0.019 (*)        0.012 (^)        0.008 (&)        0.006 (%) 
Cl( 4, 4) in Cl( 4, 4) CPU =        0.013 ms (setup)        0.145 (*)        0.034 (^)        0.021 (&)        0.014 (%) 
Fill: 1
Cl( 1, 0) in Cl( 1, 0) CPU =        0.001 ms (setup)        0.001 (*)        0.002 (^)        0.001 (&)        0.001 (%) 
Cl( 1, 1) in Cl( 1, 1) CPU =        0.001 ms (setup)        0.001 (*)        0.002 (^)        0.001 (&)        0.001 (%) 
Cl( 2, 1) in Cl( 2, 1) CPU =        0.001 ms (setup)        0.001 (*)        0.001 (^)        0.001 (&)        0.001 (%) 
Cl( 2, 2) in Cl( 2, 2) CPU =        0.001 ms (setup)        0.002 (*)        0.002 (^)        0.001 (&)        0.001 (%) 
Cl( 3, 2) in Cl( 3, 2) CPU =        0.002 ms (setup)        0.005 (*)        0.003 (^)        0.003 (&)        0.003 (%) 
Cl( 3, 3) in Cl( 3, 3) CPU =        0.004 ms (setup)        0.013 (*)        0.005 (^)        0.006 (&)        0.005 (%) 
Cl( 4, 3) in Cl( 4, 3) CPU =        0.009 ms (setup)        0.044 (*)        0.011 (^)        0.014 (&)        0.010 (%) 
Cl( 4, 4) in Cl( 4, 4) CPU =        0.018 ms (setup)        0.183 (*)        0.027 (^)        0.038 (&)        0.026 (%) 
Cl( 1, 0) in Cl( 4, 4) CPU =        0.001 ms (setup)        0.001 (*)        0.001 (^)        0.001 (&)        0.001 (%) 
Cl( 1, 1) in Cl( 4, 4) CPU =        0.001 ms (setup)        0.001 (*)        0.001 (^)        0.001 (&)        0.001 (%) 
Cl( 2, 1) in Cl( 4, 4) CPU =        0.001 ms (setup)        0.001 (*)        0.001 (^)        0.001 (&)        0.001 (%) 
Cl( 2, 2) in Cl( 4, 4) CPU =        0.001 ms (setup)        0.002 (*)        0.002 (^)        0.002 (&)        0.001 (%) 
Cl( 3, 2) in Cl( 4, 4) CPU =        0.002 ms (setup)        0.005 (*)        0.003 (^)        0.003 (&)        0.002 (%) 
Cl( 3, 3) in Cl( 4, 4) CPU =        0.004 ms (setup)        0.017 (*)        0.005 (^)        0.006 (&)        0.005 (%) 
Cl( 4, 3) in Cl( 4, 4) CPU =        0.009 ms (setup)        0.044 (*)        0.011 (^)        0.014 (&)        0.011 (%) 
Cl( 4, 4) in Cl( 4, 4) CPU =        0.018 ms (setup)        0.178 (*)        0.030 (^)        0.040 (&)        0.026 (%) 

matrix_multi<float,-4,4>
Clifford algebra products test:
Fill: 0.5
Cl( 1, 0) in Cl( 1, 0) CPU =        0.018 ms (setup)        0.001 (*)        0.004 (^)        0.003 (&)        0.004 (%) 
Cl( 1, 1) in Cl( 1, 1) CPU =        0.002 ms (setup)        0.001 (*)        0.002 (^)        0.002 (&)        0.002 (%) 
Cl( 2, 1) in Cl( 2, 1) CPU =        0.001 ms (setup)        0.000 (*)        0.005 (^)        0.007 (&)        0.007 (%) 
Cl( 2, 2) in Cl( 2, 2) CPU =        0.004 ms (setup)        0.000 (*)        0.017 (^)        0.011 (&)        0.015 (%) 
Cl( 3, 2) in Cl( 3, 2) CPU =        0.005 ms (setup)        0.001 (*)        0.066 (^)        0.056 (&)        0.060 (%) 
Cl( 3, 3) in Cl( 3, 3) CPU =        0.011 ms (setup)        0.001 (*)        0.086 (^)        0.085 (&)        0.088 (%) 
Cl( 4, 3) in Cl( 4, 3) CPU =        0.024 ms (setup)        0.001 (*)        0.383 (^)        0.372 (&)        0.385 (%) 
Cl( 4, 4) in Cl( 4, 4) CPU =        0.050 ms (setup)        0.001 (*)        0.641 (^)        0.645 (&)        0.668 (%) 
Cl( 1, 0) in Cl( 4, 4) CPU =        0.003 ms (setup)        0.001 (*)        0.004 (^)        0.004 (&)        0.005 (%) 
Cl( 1, 1) in Cl( 4, 4) CPU =        0.005 ms (setup)        0.001 (*)        0.029 (^)        0.018 (&)        0.025 (%) 
Cl( 2, 1) in Cl( 4, 4) CPU =        0.005 ms (setup)        0.001 (*)        0.033 (^)        0.022 (&)        0.027 (%) 
Cl( 2, 2) in Cl( 4, 4) CPU =        0.011 ms (setup)        0.001 (*)        0.056 (^)        0.038 (&)        0.044 (%) 
Cl( 3, 2) in Cl( 4, 4) CPU =        0.025 ms (setup)        0.001 (*)        0.073 (^)        0.065 (&)        0.067 (%) 
Cl( 3, 3) in Cl( 4, 4) CPU =        0.034 ms (setup)        0.001 (*)        0.140 (^)        0.116 (&)        0.119 (%) 
Cl( 4, 3) in Cl( 4, 4) CPU =        0.088 ms (setup)        0.001 (*)        0.409 (^)        0.404 (&)        0.406 (%) 
Cl( 4, 4) in Cl( 4, 4) CPU =        0.048 ms (setup)        0.001 (*)        0.619 (^)        0.652 (&)        0.664 (%) 
Fill: 1
Cl( 1, 0) in Cl( 1, 0) CPU =        0.003 ms (setup)        0.001 (*)        0.004 (^)        0.003 (&)        0.003 (%) 
Cl( 1, 1) in Cl( 1, 1) CPU =        0.001 ms (setup)        0.001 (*)        0.005 (^)        0.003 (&)        0.005 (%) 
Cl( 2, 1) in Cl( 2, 1) CPU =        0.001 ms (setup)        0.001 (*)        0.013 (^)        0.012 (&)        0.013 (%) 
Cl( 2, 2) in Cl( 2, 2) CPU =        0.003 ms (setup)        0.000 (*)        0.020 (^)        0.017 (&)        0.020 (%) 
Cl( 3, 2) in Cl( 3, 2) CPU =        0.006 ms (setup)        0.001 (*)        0.070 (^)        0.072 (&)        0.073 (%) 
Cl( 3, 3) in Cl( 3, 3) CPU =        0.011 ms (setup)        0.001 (*)        0.108 (^)        0.103 (&)        0.112 (%) 
Cl( 4, 3) in Cl( 4, 3) CPU =        0.032 ms (setup)        0.001 (*)        0.480 (^)        0.485 (&)        0.493 (%) 
Cl( 4, 4) in Cl( 4, 4) CPU =        0.064 ms (setup)        0.001 (*)        0.732 (^)        0.725 (&)        0.737 (%) 
Cl( 1, 0) in Cl( 4, 4) CPU =        0.004 ms (setup)        0.001 (*)        0.024 (^)        0.017 (&)        0.021 (%) 
Cl( 1, 1) in Cl( 4, 4) CPU =        0.003 ms (setup)        0.001 (*)        0.028 (^)        0.018 (&)        0.027 (%) 
Cl( 2, 1) in Cl( 4, 4) CPU =        0.005 ms (setup)        0.001 (*)        0.044 (^)        0.030 (&)        0.034 (%) 
Cl( 2, 2) in Cl( 4, 4) CPU =        0.010 ms (setup)        0.001 (*)        0.058 (^)        0.039 (&)        0.046 (%) 
Cl( 3, 2) in Cl( 4, 4) CPU =        0.024 ms (setup)        0.001 (*)        0.128 (^)        0.089 (&)        0.095 (%) 
Cl( 3, 3) in Cl( 4, 4) CPU =        0.043 ms (setup)        0.001 (*)        0.179 (^)        0.147 (&)        0.153 (%) 
Cl( 4, 3) in Cl( 4, 4) CPU =        0.109 ms (setup)        0.001 (*)        0.534 (^)        0.492 (&)        0.485 (%) 
Cl( 4, 4) in Cl( 4, 4) CPU =        0.062 ms (setup)        0.001 (*)        0.727 (^)        0.725 (&)        0.737 (%) 

framed_multi<double>
Clifford algebra products test:
Fill: 0.5
Cl( 1, 0) in Cl( 1, 0) CPU =        0.002 ms (setup)        0.001 (*)        0.001 (^)        0.001 (&)        0.002 (%) 
Cl( 1, 1) in Cl( 1, 1) CPU =        0.001 ms (setup)        0.001 (*)        0.001 (^)        0.001 (&)        0.001 (%) 
Cl( 2, 1) in Cl( 2, 1) CPU =        0.001 ms (setup)        0.001 (*)        0.001 (^)        0.001 (&)        0.002 (%) 
Cl( 2, 2) in Cl( 2, 2) CPU =        0.001 ms (setup)        0.002 (*)        0.001 (^)        0.001 (&)        0.002 (%) 
Cl( 3, 2) in Cl( 3, 2) CPU =        0.002 ms (setup)        0.004 (*)        0.003 (^)        0.003 (&)        0.003 (%) 
Cl( 3, 3) in Cl( 3, 3) CPU =        0.003 ms (setup)        0.009 (*)        0.005 (^)        0.004 (&)        0.006 (%) 
Cl( 4, 3) in Cl( 4, 3) CPU =        0.007 ms (setup)        0.028 (*)        0.013 (^)        0.011 (&)        0.013 (%) 
Cl( 4, 4) in Cl( 4, 4) CPU =        0.013 ms (setup)        0.145 (*)        0.031 (^)        0.026 (&)        0.030 (%) 
Cl( 5, 4) in Cl( 5, 4) CPU =        0.026 ms (setup)        0.511 (*)        0.118 (^)        0.105 (&)        0.082 (%) 
Cl( 5, 5) in Cl( 5, 5) CPU =        0.053 ms (setup)        0.709 (*)        0.427 (^)        0.286 (&)        0.204 (%) 
Cl( 6, 5) in Cl( 6, 5) CPU =        0.112 ms (setup)        2.776 (*)        1.276 (^)        0.884 (&)        0.568 (%) 
Cl( 6, 6) in Cl( 6, 6) CPU =        0.232 ms (setup)        3.696 (*)        3.637 (^)        2.611 (&)        1.496 (%) 
Cl( 7, 6) in Cl( 7, 6) CPU =        0.478 ms (setup)       43.614 (*)       10.617 (^)        8.037 (&)        4.539 (%) 
Cl( 7, 7) in Cl( 7, 7) CPU =        0.964 ms (setup)       49.520 (*)       30.948 (^)       23.960 (&)       12.780 (%) 
Cl( 8, 7) in Cl( 8, 7) CPU =        1.962 ms (setup)       97.229 (*)       92.128 (^)       73.057 (&)       37.686 (%) 
Cl( 8, 8) in Cl( 8, 8) CPU =        3.942 ms (setup)      119.428 (*)      274.537 (^)      213.512 (&)      111.838 (%) 
Cl( 1, 0) in Cl( 8, 8) CPU =        0.002 ms (setup)        0.001 (*)        0.001 (^)        0.001 (&)        0.001 (%) 
Cl( 1, 1) in Cl( 8, 8) CPU =        0.001 ms (setup)        0.001 (*)        0.001 (^)        0.001 (&)        0.001 (%) 
Cl( 2, 1) in Cl( 8, 8) CPU =        0.001 ms (setup)        0.001 (*)        0.001 (^)        0.001 (&)        0.001 (%) 
Cl( 2, 2) in Cl( 8, 8) CPU =        0.001 ms (setup)        0.002 (*)        0.002 (^)        0.001 (&)        0.002 (%) 
Cl( 3, 2) in Cl( 8, 8) CPU =        0.002 ms (setup)        0.004 (*)        0.002 (^)        0.002 (&)        0.003 (%) 
Cl( 3, 3) in Cl( 8, 8) CPU =        0.003 ms (setup)        0.010 (*)        0.005 (^)        0.005 (&)        0.005 (%) 
Cl( 4, 3) in Cl( 8, 8) CPU =        0.007 ms (setup)        0.022 (*)        0.011 (^)        0.009 (&)        0.013 (%) 
Cl( 4, 4) in Cl( 8, 8) CPU =        0.013 ms (setup)        0.144 (*)        0.034 (^)        0.035 (&)        0.030 (%) 
Cl( 5, 4) in Cl( 8, 8) CPU =        0.026 ms (setup)        0.511 (*)        0.122 (^)        0.110 (&)        0.080 (%) 
Cl( 5, 5) in Cl( 8, 8) CPU =        0.053 ms (setup)        0.705 (*)        0.412 (^)        0.309 (&)        0.192 (%) 
Cl( 6, 5) in Cl( 8, 8) CPU =        0.107 ms (setup)        2.577 (*)        1.215 (^)        0.914 (&)        0.547 (%) 
Cl( 6, 6) in Cl( 8, 8) CPU =        0.217 ms (setup)        3.474 (*)        3.535 (^)        2.520 (&)        1.455 (%) 
Cl( 7, 6) in Cl( 8, 8) CPU =        0.450 ms (setup)       43.288 (*)       10.385 (^)        7.934 (&)        4.266 (%) 
Cl( 7, 7) in Cl( 8, 8) CPU =        0.951 ms (setup)       51.082 (*)       31.114 (^)       23.422 (&)       12.671 (%) 
Cl( 8, 7) in Cl( 8, 8) CPU =        1.959 ms (setup)       94.208 (*)       91.980 (^)       69.948 (&)       38.361 (%) 
Cl( 8, 8) in Cl( 8, 8) CPU =        4.014 ms (setup)      120.490 (*)      273.443 (^)      215.828 (&)      113.567 (%) 
Fill: 1
Cl( 1, 0) in Cl( 1, 0) CPU =        0.002 ms (setup)        0.002 (*)        0.001 (^)        0.001 (&)        0.002 (%) 
Cl( 1, 1) in Cl( 1, 1) CPU =        0.001 ms (setup)        0.001 (*)        0.001 (^)        0.001 (&)        0.002 (%) 
Cl( 2, 1) in Cl( 2, 1) CPU =        0.001 ms (setup)        0.002 (*)        0.001 (^)        0.001 (&)        0.002 (%) 
Cl( 2, 2) in Cl( 2, 2) CPU =        0.002 ms (setup)        0.003 (*)        0.002 (^)        0.002 (&)        0.002 (%) 
Cl( 3, 2) in Cl( 3, 2) CPU =        0.003 ms (setup)        0.007 (*)        0.003 (^)        0.003 (&)        0.004 (%) 
Cl( 3, 3) in Cl( 3, 3) CPU =        0.005 ms (setup)        0.021 (*)        0.006 (^)        0.007 (&)        0.008 (%) 
Cl( 4, 3) in Cl( 4, 3) CPU =        0.010 ms (setup)        0.069 (*)        0.015 (^)        0.019 (&)        0.018 (%) 
Cl( 4, 4) in Cl( 4, 4) CPU =        0.018 ms (setup)        0.174 (*)        0.036 (^)        0.053 (&)        0.044 (%) 
Cl( 5, 4) in Cl( 5, 4) CPU =        0.039 ms (setup)        0.601 (*)        0.101 (^)        0.141 (&)        0.109 (%) 
Cl( 5, 5) in Cl( 5, 5) CPU =        0.083 ms (setup)        0.879 (*)        0.264 (^)        0.408 (&)        0.279 (%) 
Cl( 6, 5) in Cl( 6, 5) CPU =        0.168 ms (setup)        3.071 (*)        0.723 (^)        1.172 (&)        0.734 (%) 
Cl( 6, 6) in Cl( 6, 6) CPU =        0.328 ms (setup)        4.484 (*)        1.933 (^)        3.337 (&)        1.987 (%) 
Cl( 7, 6) in Cl( 7, 6) CPU =        0.670 ms (setup)       47.440 (*)        5.354 (^)        9.752 (&)        5.524 (%) 
Cl( 7, 7) in Cl( 7, 7) CPU =        1.421 ms (setup)       54.607 (*)       15.077 (^)       28.430 (&)       16.634 (%) 
Cl( 8, 7) in Cl( 8, 7) CPU =        3.013 ms (setup)      110.288 (*)       43.254 (^)       87.918 (&)       45.456 (%) 
Cl( 8, 8) in Cl( 8, 8) CPU =        5.921 ms (setup)      155.328 (*)      127.553 (^)      256.529 (&)      134.207 (%) 
Cl( 1, 0) in Cl( 8, 8) CPU =        0.002 ms (setup)        0.001 (*)        0.001 (^)        0.001 (&)        0.001 (%) 
Cl( 1, 1) in Cl( 8, 8) CPU =        0.001 ms (setup)        0.001 (*)        0.001 (^)        0.001 (&)        0.001 (%) 
Cl( 2, 1) in Cl( 8, 8) CPU =        0.002 ms (setup)        0.001 (*)        0.001 (^)        0.001 (&)        0.001 (%) 
Cl( 2, 2) in Cl( 8, 8) CPU =        0.001 ms (setup)        0.003 (*)        0.002 (^)        0.002 (&)        0.002 (%) 
Cl( 3, 2) in Cl( 8, 8) CPU =        0.003 ms (setup)        0.007 (*)        0.003 (^)        0.004 (&)        0.004 (%) 
Cl( 3, 3) in Cl( 8, 8) CPU =        0.005 ms (setup)        0.021 (*)        0.006 (^)        0.007 (&)        0.008 (%) 
Cl( 4, 3) in Cl( 8, 8) CPU =        0.009 ms (setup)        0.067 (*)        0.014 (^)        0.019 (&)        0.018 (%) 
Cl( 4, 4) in Cl( 8, 8) CPU =        0.019 ms (setup)        0.168 (*)        0.034 (^)        0.052 (&)        0.043 (%) 
Cl( 5, 4) in Cl( 8, 8) CPU =        0.040 ms (setup)        0.596 (*)        0.103 (^)        0.139 (&)        0.109 (%) 
Cl( 5, 5) in Cl( 8, 8) CPU =        0.079 ms (setup)        0.880 (*)        0.254 (^)        0.392 (&)        0.267 (%) 
Cl( 6, 5) in Cl( 8, 8) CPU =        0.168 ms (setup)        3.039 (*)        0.715 (^)        1.158 (&)        0.739 (%) 
Cl( 6, 6) in Cl( 8, 8) CPU =        0.327 ms (setup)        4.524 (*)        1.925 (^)        3.367 (&)        2.010 (%) 
Cl( 7, 6) in Cl( 8, 8) CPU =        0.674 ms (setup)       47.064 (*)        5.383 (^)        9.732 (&)        5.531 (%) 
Cl( 7, 7) in Cl( 8, 8) CPU =        1.419 ms (setup)       53.694 (*)       15.411 (^)       28.317 (&)       15.728 (%) 
Cl( 8, 7) in Cl( 8, 8) CPU =        2.926 ms (setup)      112.353 (*)       44.712 (^)       84.782 (&)       45.382 (%) 
Cl( 8, 8) in Cl( 8, 8) CPU =        5.907 ms (setup)      157.275 (*)      128.906 (^)      256.276 (&)      133.854 (%) 

matrix_multi<double>
Clifford algebra products test:
Fill: 0.5
Cl( 1, 0) in Cl( 1, 0) CPU =        0.007 ms (setup)        0.001 (*)        0.004 (^)        0.003 (&)        0.004 (%) 
Cl( 1, 1) in Cl( 1, 1) CPU =        0.004 ms (setup)        0.000 (*)        0.002 (^)        0.002 (&)        0.002 (%) 
Cl( 2, 1) in Cl( 2, 1) CPU =        0.003 ms (setup)        0.001 (*)        0.013 (^)        0.009 (&)        0.011 (%) 
Cl( 2, 2) in Cl( 2, 2) CPU =        0.005 ms (setup)        0.000 (*)        0.009 (^)        0.011 (&)        0.014 (%) 
Cl( 3, 2) in Cl( 3, 2) CPU =        0.013 ms (setup)        0.001 (*)        0.050 (^)        0.056 (&)        0.059 (%) 
Cl( 3, 3) in Cl( 3, 3) CPU =        0.011 ms (setup)        0.001 (*)        0.070 (^)        0.083 (&)        0.086 (%) 
Cl( 4, 3) in Cl( 4, 3) CPU =        0.026 ms (setup)        0.001 (*)        0.373 (^)        0.401 (&)        0.408 (%) 
Cl( 4, 4) in Cl( 4, 4) CPU =        0.048 ms (setup)        0.001 (*)        0.584 (^)        0.585 (&)        0.603 (%) 
Cl( 5, 4) in Cl( 5, 4) CPU =        0.114 ms (setup)        0.003 (*)        2.296 (^)        2.481 (&)        2.441 (%) 
Cl( 5, 5) in Cl( 5, 5) CPU =        0.222 ms (setup)        0.003 (*)        3.549 (^)        3.565 (&)        3.579 (%) 
Cl( 6, 5) in Cl( 6, 5) CPU =        0.509 ms (setup)        0.011 (*)       13.627 (^)       13.797 (&)       13.377 (%) 
Cl( 6, 6) in Cl( 6, 6) CPU =        1.012 ms (setup)        0.011 (*)       18.633 (^)       19.111 (&)       18.808 (%) 
Cl( 7, 6) in Cl( 7, 6) CPU =        2.389 ms (setup)        0.036 (*)      121.112 (^)      131.732 (&)      120.607 (%) 
Cl( 7, 7) in Cl( 7, 7) CPU =        4.830 ms (setup)        0.032 (*)      140.629 (^)      160.876 (&)      145.106 (%) 
Cl( 8, 7) in Cl( 8, 7) CPU =       13.265 ms (setup)        2.286 (*)      555.142 (^)      656.500 (&)      559.022 (%) 
Cl( 8, 8) in Cl( 8, 8) CPU =       25.021 ms (setup)        2.457 (*)      707.095 (^)      809.986 (&)      698.462 (%) 
Cl( 1, 0) in Cl( 8, 8) CPU =        0.026 ms (setup)        0.267 (*)       28.409 (^)       27.965 (&)       27.966 (%) 
Cl( 1, 1) in Cl( 8, 8) CPU =        0.033 ms (setup)        0.261 (*)       39.657 (^)       28.030 (&)       35.899 (%) 
Cl( 2, 1) in Cl( 8, 8) CPU =        0.044 ms (setup)        0.255 (*)       43.586 (^)       32.236 (&)       39.380 (%) 
Cl( 2, 2) in Cl( 8, 8) CPU =        0.092 ms (setup)        1.482 (*)       56.553 (^)       45.971 (&)       48.163 (%) 
Cl( 3, 2) in Cl( 8, 8) CPU =        1.109 ms (setup)        0.181 (*)       66.167 (^)       53.556 (&)       57.395 (%) 
Cl( 3, 3) in Cl( 8, 8) CPU =        0.395 ms (setup)        0.928 (*)       83.945 (^)       69.058 (&)       66.570 (%) 
Cl( 4, 3) in Cl( 8, 8) CPU =        0.464 ms (setup)        0.181 (*)      100.076 (^)      100.413 (&)       97.257 (%) 
Cl( 4, 4) in Cl( 8, 8) CPU =        0.552 ms (setup)        0.183 (*)      122.089 (^)      108.225 (&)       92.097 (%) 
Cl( 5, 4) in Cl( 8, 8) CPU =        0.807 ms (setup)        1.236 (*)      149.858 (^)      122.847 (&)      106.406 (%) 
Cl( 5, 5) in Cl( 8, 8) CPU =        2.025 ms (setup)        0.249 (*)      181.947 (^)      160.397 (&)      130.556 (%) 
Cl( 6, 5) in Cl( 8, 8) CPU =        3.885 ms (setup)        1.395 (*)      199.038 (^)      174.703 (&)      145.459 (%) 
Cl( 6, 6) in Cl( 8, 8) CPU =        4.357 ms (setup)        1.240 (*)      232.131 (^)      229.142 (&)      176.389 (%) 
Cl( 7, 6) in Cl( 8, 8) CPU =       11.452 ms (setup)        0.894 (*)      270.862 (^)      316.895 (&)      231.846 (%) 
Cl( 7, 7) in Cl( 8, 8) CPU =       18.239 ms (setup)        2.021 (*)      348.966 (^)      375.595 (&)      295.897 (%) 
Cl( 8, 7) in Cl( 8, 8) CPU =       46.059 ms (setup)        1.204 (*)      562.934 (^)      616.846 (&)      524.692 (%) 
Cl( 8, 8) in Cl( 8, 8) CPU =       24.660 ms (setup)        1.451 (*)      673.342 (^)      812.469 (&)      687.871 (%) 
Fill: 1
Cl( 1, 0) in Cl( 1, 0) CPU =        0.003 ms (setup)        0.001 (*)        0.004 (^)        0.003 (&)        0.004 (%) 
Cl( 1, 1) in Cl( 1, 1) CPU =        0.002 ms (setup)        0.001 (*)        0.004 (^)        0.003 (&)        0.004 (%) 
Cl( 2, 1) in Cl( 2, 1) CPU =        0.002 ms (setup)        0.001 (*)        0.015 (^)        0.012 (&)        0.013 (%) 
Cl( 2, 2) in Cl( 2, 2) CPU =        0.004 ms (setup)        0.001 (*)        0.021 (^)        0.017 (&)        0.019 (%) 
Cl( 3, 2) in Cl( 3, 2) CPU =        0.007 ms (setup)        0.001 (*)        0.066 (^)        0.067 (&)        0.069 (%) 
Cl( 3, 3) in Cl( 3, 3) CPU =        0.011 ms (setup)        0.001 (*)        0.110 (^)        0.098 (&)        0.105 (%) 
Cl( 4, 3) in Cl( 4, 3) CPU =        0.038 ms (setup)        0.001 (*)        0.472 (^)        0.478 (&)        0.484 (%) 
Cl( 4, 4) in Cl( 4, 4) CPU =        0.064 ms (setup)        0.001 (*)        0.701 (^)        0.694 (&)        0.705 (%) 
Cl( 5, 4) in Cl( 5, 4) CPU =        0.153 ms (setup)        0.002 (*)        2.663 (^)        2.720 (&)        2.690 (%) 
Cl( 5, 5) in Cl( 5, 5) CPU =        0.304 ms (setup)        0.003 (*)        3.865 (^)        3.887 (&)        3.889 (%) 
Cl( 6, 5) in Cl( 6, 5) CPU =        0.768 ms (setup)        0.010 (*)       14.437 (^)       14.891 (&)       14.595 (%) 
Cl( 6, 6) in Cl( 6, 6) CPU =        1.562 ms (setup)        0.010 (*)       20.111 (^)       20.510 (&)       20.257 (%) 
Cl( 7, 6) in Cl( 7, 6) CPU =        4.708 ms (setup)        0.151 (*)      123.961 (^)      135.987 (&)      122.995 (%) 
Cl( 7, 7) in Cl( 7, 7) CPU =        7.560 ms (setup)        0.032 (*)      155.611 (^)      166.574 (&)      153.477 (%) 
Cl( 8, 7) in Cl( 8, 7) CPU =       21.392 ms (setup)        0.946 (*)      575.462 (^)      667.653 (&)      577.585 (%) 
Cl( 8, 8) in Cl( 8, 8) CPU =       43.779 ms (setup)        0.802 (*)      738.011 (^)      849.174 (&)      735.475 (%) 
Cl( 1, 0) in Cl( 8, 8) CPU =        0.079 ms (setup)        2.142 (*)       35.697 (^)       28.209 (&)       35.867 (%) 
Cl( 1, 1) in Cl( 8, 8) CPU =        0.037 ms (setup)        3.752 (*)       43.746 (^)       32.237 (&)       39.988 (%) 
Cl( 2, 1) in Cl( 8, 8) CPU =        0.062 ms (setup)        1.613 (*)       57.056 (^)       47.178 (&)       45.784 (%) 
Cl( 2, 2) in Cl( 8, 8) CPU =        1.101 ms (setup)        0.180 (*)       69.656 (^)       54.842 (&)       58.134 (%) 
Cl( 3, 2) in Cl( 8, 8) CPU =        0.379 ms (setup)        1.421 (*)       84.758 (^)       66.733 (&)       70.325 (%) 
Cl( 3, 3) in Cl( 8, 8) CPU =        0.538 ms (setup)        1.798 (*)       98.344 (^)       82.541 (&)       76.385 (%) 
Cl( 4, 3) in Cl( 8, 8) CPU =        0.489 ms (setup)        0.182 (*)      121.537 (^)      102.887 (&)       91.150 (%) 
Cl( 4, 4) in Cl( 8, 8) CPU =        0.597 ms (setup)        1.307 (*)      141.184 (^)      118.767 (&)      103.264 (%) 
Cl( 5, 4) in Cl( 8, 8) CPU =        1.671 ms (setup)        0.183 (*)      163.495 (^)      141.783 (&)      116.743 (%) 
Cl( 5, 5) in Cl( 8, 8) CPU =        2.936 ms (setup)        0.180 (*)      182.364 (^)      164.457 (&)      132.832 (%) 
Cl( 6, 5) in Cl( 8, 8) CPU =        3.088 ms (setup)        1.834 (*)      215.052 (^)      199.848 (&)      157.823 (%) 
Cl( 6, 6) in Cl( 8, 8) CPU =        7.043 ms (setup)        0.186 (*)      234.239 (^)      232.650 (&)      182.562 (%) 
Cl( 7, 6) in Cl( 8, 8) CPU =       13.343 ms (setup)        0.175 (*)      314.804 (^)      318.224 (&)      252.521 (%) 
Cl( 7, 7) in Cl( 8, 8) CPU =       26.538 ms (setup)        0.177 (*)      346.998 (^)      375.608 (&)      299.226 (%) 
Cl( 8, 7) in Cl( 8, 8) CPU =       62.956 ms (setup)        0.189 (*)      621.033 (^)      679.977 (&)      573.434 (%) 
Cl( 8, 8) in Cl( 8, 8) CPU =       42.965 ms (setup)        0.185 (*)      742.203 (^)      851.760 (&)      734.913 (%) 
