
framed_multi<float,-4,4>
Clifford algebra products test:
Fill: 0.5
Cl( 1, 0) in Cl( 1, 0) CPU =        0.002 ms (setup)        0.002 (*)        0.002 (^)        0.001 (&)        0.001 (%) 
Cl( 1, 1) in Cl( 1, 1) CPU =        0.001 ms (setup)        0.001 (*)        0.001 (^)        0.001 (&)        0.001 (%) 
Cl( 2, 1) in Cl( 2, 1) CPU =        0.002 ms (setup)        0.005 (*)        0.003 (^)        0.002 (&)        0.002 (%) 
Cl( 2, 2) in Cl( 2, 2) CPU =        0.002 ms (setup)        0.005 (*)        0.003 (^)        0.003 (&)        0.003 (%) 
Cl( 3, 2) in Cl( 3, 2) CPU =        0.005 ms (setup)        0.010 (*)        0.006 (^)        0.005 (&)        0.005 (%) 
Cl( 3, 3) in Cl( 3, 3) CPU =        0.007 ms (setup)        0.026 (*)        0.013 (^)        0.011 (&)        0.009 (%) 
Cl( 4, 3) in Cl( 4, 3) CPU =        0.015 ms (setup)        0.073 (*)        0.035 (^)        0.033 (&)        0.027 (%) 
Cl( 4, 4) in Cl( 4, 4) CPU =        0.030 ms (setup)        0.556 (*)        0.112 (^)        0.072 (&)        0.050 (%) 
Cl( 1, 0) in Cl( 4, 4) CPU =        0.001 ms (setup)        0.000 (*)        0.001 (^)        0.001 (&)        0.000 (%) 
Cl( 1, 1) in Cl( 4, 4) CPU =        0.001 ms (setup)        0.001 (*)        0.001 (^)        0.001 (&)        0.001 (%) 
Cl( 2, 1) in Cl( 4, 4) CPU =        0.001 ms (setup)        0.003 (*)        0.002 (^)        0.002 (&)        0.002 (%) 
Cl( 2, 2) in Cl( 4, 4) CPU =        0.002 ms (setup)        0.003 (*)        0.003 (^)        0.002 (&)        0.002 (%) 
Cl( 3, 2) in Cl( 4, 4) CPU =        0.004 ms (setup)        0.011 (*)        0.007 (^)        0.005 (&)        0.005 (%) 
Cl( 3, 3) in Cl( 4, 4) CPU =        0.007 ms (setup)        0.022 (*)        0.013 (^)        0.011 (&)        0.011 (%) 
Cl( 4, 3) in Cl( 4, 4) CPU =        0.016 ms (setup)        0.069 (*)        0.032 (^)        0.032 (&)        0.024 (%) 
Cl( 4, 4) in Cl( 4, 4) CPU =        0.030 ms (setup)        0.523 (*)        0.080 (^)        0.083 (&)        0.055 (%) 
Fill: 1
Cl( 1, 0) in Cl( 1, 0) CPU =        0.024 ms (setup)        0.002 (*)        0.003 (^)        0.001 (&)        0.001 (%) 
Cl( 1, 1) in Cl( 1, 1) CPU =        0.002 ms (setup)        0.002 (*)        0.002 (^)        0.002 (&)        0.001 (%) 
Cl( 2, 1) in Cl( 2, 1) CPU =        0.002 ms (setup)        0.003 (*)        0.002 (^)        0.002 (&)        0.002 (%) 
Cl( 2, 2) in Cl( 2, 2) CPU =        0.005 ms (setup)        0.008 (*)        0.004 (^)        0.004 (&)        0.004 (%) 
Cl( 3, 2) in Cl( 3, 2) CPU =        0.005 ms (setup)        0.017 (*)        0.009 (^)        0.008 (&)        0.007 (%) 
Cl( 3, 3) in Cl( 3, 3) CPU =        0.011 ms (setup)        0.049 (*)        0.015 (^)        0.019 (&)        0.015 (%) 
Cl( 4, 3) in Cl( 4, 3) CPU =        0.021 ms (setup)        0.179 (*)        0.035 (^)        0.052 (&)        0.037 (%) 
Cl( 4, 4) in Cl( 4, 4) CPU =        0.045 ms (setup)        0.645 (*)        0.085 (^)        0.143 (&)        0.108 (%) 
Cl( 1, 0) in Cl( 4, 4) CPU =        0.001 ms (setup)        0.003 (*)        0.001 (^)        0.001 (&)        0.001 (%) 
Cl( 1, 1) in Cl( 4, 4) CPU =        0.002 ms (setup)        0.002 (*)        0.002 (^)        0.002 (&)        0.002 (%) 
Cl( 2, 1) in Cl( 4, 4) CPU =        0.002 ms (setup)        0.003 (*)        0.003 (^)        0.002 (&)        0.002 (%) 
Cl( 2, 2) in Cl( 4, 4) CPU =        0.004 ms (setup)        0.007 (*)        0.004 (^)        0.004 (&)        0.004 (%) 
Cl( 3, 2) in Cl( 4, 4) CPU =        0.007 ms (setup)        0.018 (*)        0.007 (^)        0.008 (&)        0.007 (%) 
Cl( 3, 3) in Cl( 4, 4) CPU =        0.012 ms (setup)        0.049 (*)        0.015 (^)        0.020 (&)        0.015 (%) 
Cl( 4, 3) in Cl( 4, 4) CPU =        0.021 ms (setup)        0.190 (*)        0.035 (^)        0.052 (&)        0.037 (%) 
Cl( 4, 4) in Cl( 4, 4) CPU =        0.046 ms (setup)        0.616 (*)        0.103 (^)        0.148 (&)        0.091 (%) 

matrix_multi<float,-4,4>
Clifford algebra products test:
Fill: 0.5
Cl( 1, 0) in Cl( 1, 0) CPU =        0.024 ms (setup)        0.002 (*)        0.011 (^)        0.009 (&)        0.009 (%) 
Cl( 1, 1) in Cl( 1, 1) CPU =        0.006 ms (setup)        0.001 (*)        0.007 (^)        0.007 (&)        0.009 (%) 
Cl( 2, 1) in Cl( 2, 1) CPU =        0.003 ms (setup)        0.001 (*)        0.015 (^)        0.023 (&)        0.022 (%) 
Cl( 2, 2) in Cl( 2, 2) CPU =        0.008 ms (setup)        0.001 (*)        0.052 (^)        0.032 (&)        0.049 (%) 
Cl( 3, 2) in Cl( 3, 2) CPU =        0.019 ms (setup)        0.002 (*)        0.200 (^)        0.167 (&)        0.181 (%) 
Cl( 3, 3) in Cl( 3, 3) CPU =        0.036 ms (setup)        0.002 (*)        0.280 (^)        0.286 (&)        0.286 (%) 
Cl( 4, 3) in Cl( 4, 3) CPU =        0.086 ms (setup)        0.002 (*)        1.265 (^)        1.272 (&)        1.284 (%) 
Cl( 4, 4) in Cl( 4, 4) CPU =        0.144 ms (setup)        0.002 (*)        2.038 (^)        2.062 (&)        2.134 (%) 
Cl( 1, 0) in Cl( 4, 4) CPU =        0.001 ms (setup)        0.003 (*)        0.007 (^)        0.007 (&)        0.007 (%) 
Cl( 1, 1) in Cl( 4, 4) CPU =        0.007 ms (setup)        0.002 (*)        0.088 (^)        0.054 (&)        0.084 (%) 
Cl( 2, 1) in Cl( 4, 4) CPU =        0.015 ms (setup)        0.002 (*)        0.104 (^)        0.068 (&)        0.089 (%) 
Cl( 2, 2) in Cl( 4, 4) CPU =        0.030 ms (setup)        0.002 (*)        0.179 (^)        0.127 (&)        0.143 (%) 
Cl( 3, 2) in Cl( 4, 4) CPU =        0.075 ms (setup)        0.002 (*)        0.226 (^)        0.237 (&)        0.203 (%) 
Cl( 3, 3) in Cl( 4, 4) CPU =        0.133 ms (setup)        0.002 (*)        0.449 (^)        0.389 (&)        0.382 (%) 
Cl( 4, 3) in Cl( 4, 4) CPU =        0.267 ms (setup)        0.002 (*)        1.257 (^)        1.286 (&)        1.327 (%) 
Cl( 4, 4) in Cl( 4, 4) CPU =        0.146 ms (setup)        0.002 (*)        1.945 (^)        2.102 (&)        2.105 (%) 
Fill: 1
Cl( 1, 0) in Cl( 1, 0) CPU =        0.001 ms (setup)        0.001 (*)        0.011 (^)        0.007 (&)        0.011 (%) 
Cl( 1, 1) in Cl( 1, 1) CPU =        0.003 ms (setup)        0.001 (*)        0.013 (^)        0.011 (&)        0.013 (%) 
Cl( 2, 1) in Cl( 2, 1) CPU =        0.004 ms (setup)        0.001 (*)        0.063 (^)        0.037 (&)        0.041 (%) 
Cl( 2, 2) in Cl( 2, 2) CPU =        0.009 ms (setup)        0.001 (*)        0.064 (^)        0.051 (&)        0.062 (%) 
Cl( 3, 2) in Cl( 3, 2) CPU =        0.027 ms (setup)        0.001 (*)        0.221 (^)        0.230 (&)        0.237 (%) 
Cl( 3, 3) in Cl( 3, 3) CPU =        0.043 ms (setup)        0.001 (*)        0.375 (^)        0.356 (&)        0.380 (%) 
Cl( 4, 3) in Cl( 4, 3) CPU =        0.098 ms (setup)        0.002 (*)        1.565 (^)        1.601 (&)        1.649 (%) 
Cl( 4, 4) in Cl( 4, 4) CPU =        0.206 ms (setup)        0.003 (*)        2.472 (^)        2.410 (&)        2.394 (%) 
Cl( 1, 0) in Cl( 4, 4) CPU =        0.007 ms (setup)        0.002 (*)        0.073 (^)        0.049 (&)        0.061 (%) 
Cl( 1, 1) in Cl( 4, 4) CPU =        0.007 ms (setup)        0.002 (*)        0.087 (^)        0.083 (&)        0.076 (%) 
Cl( 2, 1) in Cl( 4, 4) CPU =        0.015 ms (setup)        0.002 (*)        0.138 (^)        0.105 (&)        0.105 (%) 
Cl( 2, 2) in Cl( 4, 4) CPU =        0.038 ms (setup)        0.002 (*)        0.199 (^)        0.131 (&)        0.162 (%) 
Cl( 3, 2) in Cl( 4, 4) CPU =        0.083 ms (setup)        0.002 (*)        0.410 (^)        0.295 (&)        0.299 (%) 
Cl( 3, 3) in Cl( 4, 4) CPU =        0.133 ms (setup)        0.002 (*)        0.603 (^)        0.501 (&)        0.527 (%) 
Cl( 4, 3) in Cl( 4, 4) CPU =        0.347 ms (setup)        0.003 (*)        1.740 (^)        1.605 (&)        1.607 (%) 
Cl( 4, 4) in Cl( 4, 4) CPU =        0.200 ms (setup)        0.002 (*)        2.351 (^)        2.344 (&)        2.386 (%) 

framed_multi<double>
Clifford algebra products test:
Fill: 0.5
Cl( 1, 0) in Cl( 1, 0) CPU =        0.002 ms (setup)        0.002 (*)        0.001 (^)        0.002 (&)        0.003 (%) 
Cl( 1, 1) in Cl( 1, 1) CPU =        0.001 ms (setup)        0.001 (*)        0.001 (^)        0.001 (&)        0.001 (%) 
Cl( 2, 1) in Cl( 2, 1) CPU =        0.002 ms (setup)        0.004 (*)        0.002 (^)        0.002 (&)        0.003 (%) 
Cl( 2, 2) in Cl( 2, 2) CPU =        0.002 ms (setup)        0.005 (*)        0.003 (^)        0.004 (&)        0.004 (%) 
Cl( 3, 2) in Cl( 3, 2) CPU =        0.006 ms (setup)        0.013 (*)        0.006 (^)        0.007 (&)        0.013 (%) 
Cl( 3, 3) in Cl( 3, 3) CPU =        0.007 ms (setup)        0.028 (*)        0.013 (^)        0.014 (&)        0.012 (%) 
Cl( 4, 3) in Cl( 4, 3) CPU =        0.015 ms (setup)        0.080 (*)        0.036 (^)        0.037 (&)        0.030 (%) 
Cl( 4, 4) in Cl( 4, 4) CPU =        0.029 ms (setup)        0.486 (*)        0.085 (^)        0.101 (&)        0.064 (%) 
Cl( 5, 4) in Cl( 5, 4) CPU =        0.059 ms (setup)        1.617 (*)        0.248 (^)        0.262 (&)        0.186 (%) 
Cl( 5, 5) in Cl( 5, 5) CPU =        0.112 ms (setup)        2.239 (*)        0.632 (^)        0.633 (&)        0.421 (%) 
Cl( 6, 5) in Cl( 6, 5) CPU =        0.234 ms (setup)        7.647 (*)        1.831 (^)        1.883 (&)        1.202 (%) 
Cl( 6, 6) in Cl( 6, 6) CPU =        0.482 ms (setup)       10.555 (*)        4.982 (^)        5.232 (&)        3.082 (%) 
Cl( 7, 6) in Cl( 7, 6) CPU =        0.948 ms (setup)       35.599 (*)       15.087 (^)       16.361 (&)        9.087 (%) 
Cl( 7, 7) in Cl( 7, 7) CPU =        1.886 ms (setup)       49.556 (*)       44.177 (^)       46.359 (&)       25.333 (%) 
Cl( 8, 7) in Cl( 8, 7) CPU =        4.113 ms (setup)      173.971 (*)      129.876 (^)      132.054 (&)       71.386 (%) 
Cl( 8, 8) in Cl( 8, 8) CPU =        7.750 ms (setup)      237.576 (*)      383.519 (^)      399.172 (&)      209.993 (%) 
Cl( 1, 0) in Cl( 8, 8) CPU =        0.002 ms (setup)        0.001 (*)        0.001 (^)        0.001 (&)        0.001 (%) 
Cl( 1, 1) in Cl( 8, 8) CPU =        0.001 ms (setup)        0.001 (*)        0.002 (^)        0.001 (&)        0.001 (%) 
Cl( 2, 1) in Cl( 8, 8) CPU =        0.002 ms (setup)        0.001 (*)        0.001 (^)        0.001 (&)        0.001 (%) 
Cl( 2, 2) in Cl( 8, 8) CPU =        0.002 ms (setup)        0.004 (*)        0.003 (^)        0.004 (&)        0.005 (%) 
Cl( 3, 2) in Cl( 8, 8) CPU =        0.005 ms (setup)        0.010 (*)        0.005 (^)        0.006 (&)        0.005 (%) 
Cl( 3, 3) in Cl( 8, 8) CPU =        0.008 ms (setup)        0.025 (*)        0.013 (^)        0.013 (&)        0.013 (%) 
Cl( 4, 3) in Cl( 8, 8) CPU =        0.014 ms (setup)        0.061 (*)        0.032 (^)        0.030 (&)        0.026 (%) 
Cl( 4, 4) in Cl( 8, 8) CPU =        0.029 ms (setup)        0.469 (*)        0.090 (^)        0.092 (&)        0.070 (%) 
Cl( 5, 4) in Cl( 8, 8) CPU =        0.061 ms (setup)        1.583 (*)        0.242 (^)        0.257 (&)        0.179 (%) 
Cl( 5, 5) in Cl( 8, 8) CPU =        0.114 ms (setup)        2.163 (*)        0.619 (^)        0.665 (&)        0.422 (%) 
Cl( 6, 5) in Cl( 8, 8) CPU =        0.230 ms (setup)        7.397 (*)        1.749 (^)        1.869 (&)        1.145 (%) 
Cl( 6, 6) in Cl( 8, 8) CPU =        0.464 ms (setup)       10.286 (*)        5.036 (^)        5.047 (&)        3.144 (%) 
Cl( 7, 6) in Cl( 8, 8) CPU =        0.940 ms (setup)       34.549 (*)       14.470 (^)       15.081 (&)        8.530 (%) 
Cl( 7, 7) in Cl( 8, 8) CPU =        1.895 ms (setup)       47.705 (*)       43.501 (^)       44.160 (&)       24.240 (%) 
Cl( 8, 7) in Cl( 8, 8) CPU =        3.817 ms (setup)      175.851 (*)      129.564 (^)      132.510 (&)       70.637 (%) 
Cl( 8, 8) in Cl( 8, 8) CPU =        7.780 ms (setup)      238.470 (*)      384.620 (^)      408.926 (&)      214.189 (%) 
Fill: 1
Cl( 1, 0) in Cl( 1, 0) CPU =        0.002 ms (setup)        0.002 (*)        0.001 (^)        0.002 (&)        0.002 (%) 
Cl( 1, 1) in Cl( 1, 1) CPU =        0.002 ms (setup)        0.003 (*)        0.002 (^)        0.002 (&)        0.002 (%) 
Cl( 2, 1) in Cl( 2, 1) CPU =        0.002 ms (setup)        0.004 (*)        0.002 (^)        0.003 (&)        0.003 (%) 
Cl( 2, 2) in Cl( 2, 2) CPU =        0.003 ms (setup)        0.007 (*)        0.004 (^)        0.005 (&)        0.005 (%) 
Cl( 3, 2) in Cl( 3, 2) CPU =        0.007 ms (setup)        0.021 (*)        0.008 (^)        0.009 (&)        0.009 (%) 
Cl( 3, 3) in Cl( 3, 3) CPU =        0.012 ms (setup)        0.061 (*)        0.026 (^)        0.026 (&)        0.019 (%) 
Cl( 4, 3) in Cl( 4, 3) CPU =        0.026 ms (setup)        0.209 (*)        0.050 (^)        0.061 (&)        0.046 (%) 
Cl( 4, 4) in Cl( 4, 4) CPU =        0.050 ms (setup)        0.571 (*)        0.105 (^)        0.176 (&)        0.117 (%) 
Cl( 5, 4) in Cl( 5, 4) CPU =        0.103 ms (setup)        1.912 (*)        0.265 (^)        0.459 (&)        0.298 (%) 
Cl( 5, 5) in Cl( 5, 5) CPU =        0.204 ms (setup)        2.825 (*)        0.728 (^)        1.242 (&)        0.801 (%) 
Cl( 6, 5) in Cl( 6, 5) CPU =        0.442 ms (setup)        9.046 (*)        1.929 (^)        3.522 (&)        2.096 (%) 
Cl( 6, 6) in Cl( 6, 6) CPU =        0.808 ms (setup)       12.858 (*)        4.783 (^)       10.073 (&)        5.745 (%) 
Cl( 7, 6) in Cl( 7, 6) CPU =        1.578 ms (setup)       41.758 (*)       13.590 (^)       29.591 (&)       16.341 (%) 
Cl( 7, 7) in Cl( 7, 7) CPU =        3.238 ms (setup)       63.134 (*)       39.535 (^)       89.611 (&)       47.614 (%) 
Cl( 8, 7) in Cl( 8, 7) CPU =        6.562 ms (setup)      216.947 (*)      119.149 (^)      271.507 (&)      141.665 (%) 
Cl( 8, 8) in Cl( 8, 8) CPU =       14.175 ms (setup)      332.108 (*)      365.159 (^)      846.529 (&)      430.782 (%) 
Cl( 1, 0) in Cl( 8, 8) CPU =        0.002 ms (setup)        0.002 (*)        0.001 (^)        0.003 (&)        0.002 (%) 
Cl( 1, 1) in Cl( 8, 8) CPU =        0.002 ms (setup)        0.004 (*)        0.002 (^)        0.002 (&)        0.002 (%) 
Cl( 2, 1) in Cl( 8, 8) CPU =        0.003 ms (setup)        0.004 (*)        0.002 (^)        0.003 (&)        0.003 (%) 
Cl( 2, 2) in Cl( 8, 8) CPU =        0.003 ms (setup)        0.009 (*)        0.004 (^)        0.005 (&)        0.005 (%) 
Cl( 3, 2) in Cl( 8, 8) CPU =        0.007 ms (setup)        0.021 (*)        0.009 (^)        0.009 (&)        0.009 (%) 
Cl( 3, 3) in Cl( 8, 8) CPU =        0.012 ms (setup)        0.061 (*)        0.022 (^)        0.025 (&)        0.020 (%) 
Cl( 4, 3) in Cl( 8, 8) CPU =        0.025 ms (setup)        0.209 (*)        0.050 (^)        0.066 (&)        0.046 (%) 
Cl( 4, 4) in Cl( 8, 8) CPU =        0.049 ms (setup)        0.582 (*)        0.102 (^)        0.164 (&)        0.113 (%) 
Cl( 5, 4) in Cl( 8, 8) CPU =        0.097 ms (setup)        1.837 (*)        0.259 (^)        0.439 (&)        0.289 (%) 
Cl( 5, 5) in Cl( 8, 8) CPU =        0.190 ms (setup)        2.675 (*)        0.648 (^)        1.207 (&)        0.755 (%) 
Cl( 6, 5) in Cl( 8, 8) CPU =        0.382 ms (setup)        8.689 (*)        1.744 (^)        3.466 (&)        2.058 (%) 
Cl( 6, 6) in Cl( 8, 8) CPU =        0.783 ms (setup)       12.876 (*)        4.796 (^)       10.098 (&)        5.909 (%) 
Cl( 7, 6) in Cl( 8, 8) CPU =        1.588 ms (setup)       42.108 (*)       13.526 (^)       29.601 (&)       16.522 (%) 
Cl( 7, 7) in Cl( 8, 8) CPU =        3.224 ms (setup)       63.508 (*)       39.552 (^)       89.291 (&)       47.605 (%) 
Cl( 8, 7) in Cl( 8, 8) CPU =        6.572 ms (setup)      215.562 (*)      118.725 (^)      271.242 (&)      142.102 (%) 
Cl( 8, 8) in Cl( 8, 8) CPU =       13.708 ms (setup)      328.836 (*)      363.606 (^)      846.128 (&)      433.180 (%) 

matrix_multi<double>
Clifford algebra products test:
Fill: 0.5
Cl( 1, 0) in Cl( 1, 0) CPU =        0.007 ms (setup)        0.001 (*)        0.011 (^)        0.007 (&)        0.009 (%) 
Cl( 1, 1) in Cl( 1, 1) CPU =        0.007 ms (setup)        0.001 (*)        0.012 (^)        0.007 (&)        0.007 (%) 
Cl( 2, 1) in Cl( 2, 1) CPU =        0.007 ms (setup)        0.001 (*)        0.041 (^)        0.026 (&)        0.034 (%) 
Cl( 2, 2) in Cl( 2, 2) CPU =        0.010 ms (setup)        0.001 (*)        0.030 (^)        0.036 (&)        0.045 (%) 
Cl( 3, 2) in Cl( 3, 2) CPU =        0.033 ms (setup)        0.007 (*)        0.160 (^)        0.240 (&)        0.185 (%) 
Cl( 3, 3) in Cl( 3, 3) CPU =        0.034 ms (setup)        0.002 (*)        0.224 (^)        0.276 (&)        0.282 (%) 
Cl( 4, 3) in Cl( 4, 3) CPU =        0.080 ms (setup)        0.003 (*)        1.214 (^)        1.322 (&)        1.335 (%) 
Cl( 4, 4) in Cl( 4, 4) CPU =        0.152 ms (setup)        0.003 (*)        1.888 (^)        1.956 (&)        2.002 (%) 
Cl( 5, 4) in Cl( 5, 4) CPU =        0.335 ms (setup)        0.011 (*)        6.983 (^)        8.168 (&)        7.591 (%) 
Cl( 5, 5) in Cl( 5, 5) CPU =        0.680 ms (setup)        0.010 (*)       10.886 (^)       11.040 (&)       10.994 (%) 
Cl( 6, 5) in Cl( 6, 5) CPU =        1.512 ms (setup)        0.059 (*)       39.513 (^)       43.231 (&)       40.854 (%) 
Cl( 6, 6) in Cl( 6, 6) CPU =        2.951 ms (setup)        0.059 (*)       57.197 (^)       59.359 (&)       57.248 (%) 
Cl( 7, 6) in Cl( 7, 6) CPU =        7.071 ms (setup)        0.408 (*)      235.242 (^)      257.997 (&)      236.413 (%) 
Cl( 7, 7) in Cl( 7, 7) CPU =       13.297 ms (setup)        0.399 (*)      298.397 (^)      339.142 (&)      305.929 (%) 
Cl( 8, 7) in Cl( 8, 7) CPU =       32.657 ms (setup)        2.855 (*)     1576.081 (^)     1659.957 (&)     1420.920 (%) 
Cl( 8, 8) in Cl( 8, 8) CPU =       65.164 ms (setup)        2.878 (*)     1814.708 (^)     2094.691 (&)     1819.840 (%) 
Cl( 1, 0) in Cl( 8, 8) CPU =        0.059 ms (setup)        2.879 (*)       15.549 (^)       15.864 (&)       15.479 (%) 
Cl( 1, 1) in Cl( 8, 8) CPU =        0.072 ms (setup)        2.926 (*)       26.550 (^)       15.531 (&)       23.616 (%) 
Cl( 2, 1) in Cl( 8, 8) CPU =        0.101 ms (setup)        3.081 (*)       42.279 (^)       25.523 (&)       33.657 (%) 
Cl( 2, 2) in Cl( 8, 8) CPU =        0.253 ms (setup)        2.855 (*)       65.231 (^)       41.629 (&)       46.412 (%) 
Cl( 3, 2) in Cl( 8, 8) CPU =        1.038 ms (setup)        2.857 (*)       92.835 (^)       63.790 (&)       61.732 (%) 
Cl( 3, 3) in Cl( 8, 8) CPU =        1.635 ms (setup)        2.843 (*)      129.357 (^)       94.022 (&)       84.913 (%) 
Cl( 4, 3) in Cl( 8, 8) CPU =        1.821 ms (setup)        2.839 (*)      173.595 (^)      174.626 (&)      113.055 (%) 
Cl( 4, 4) in Cl( 8, 8) CPU =        2.027 ms (setup)        2.849 (*)      227.787 (^)      178.174 (&)      144.517 (%) 
Cl( 5, 4) in Cl( 8, 8) CPU =        2.780 ms (setup)        2.853 (*)      291.748 (^)      232.709 (&)      181.908 (%) 
Cl( 5, 5) in Cl( 8, 8) CPU =        3.836 ms (setup)        2.855 (*)      386.060 (^)      343.240 (&)      251.666 (%) 
Cl( 6, 5) in Cl( 8, 8) CPU =        7.240 ms (setup)        2.845 (*)      432.202 (^)      375.184 (&)      283.245 (%) 
Cl( 6, 6) in Cl( 8, 8) CPU =       12.191 ms (setup)        2.826 (*)      516.812 (^)      524.404 (&)      378.177 (%) 
Cl( 7, 6) in Cl( 8, 8) CPU =       27.968 ms (setup)        2.837 (*)      630.341 (^)      748.229 (&)      520.575 (%) 
Cl( 7, 7) in Cl( 8, 8) CPU =       50.890 ms (setup)        2.984 (*)      807.066 (^)      905.106 (&)      695.976 (%) 
Cl( 8, 7) in Cl( 8, 8) CPU =      121.980 ms (setup)        2.853 (*)     1435.817 (^)     1575.074 (&)     1333.329 (%) 
Cl( 8, 8) in Cl( 8, 8) CPU =       65.299 ms (setup)        2.860 (*)     1723.159 (^)     2089.402 (&)     1770.390 (%) 
Fill: 1
Cl( 1, 0) in Cl( 1, 0) CPU =        0.003 ms (setup)        0.001 (*)        0.010 (^)        0.007 (&)        0.009 (%) 
Cl( 1, 1) in Cl( 1, 1) CPU =        0.003 ms (setup)        0.001 (*)        0.013 (^)        0.009 (&)        0.012 (%) 
Cl( 2, 1) in Cl( 2, 1) CPU =        0.005 ms (setup)        0.001 (*)        0.046 (^)        0.052 (&)        0.044 (%) 
Cl( 2, 2) in Cl( 2, 2) CPU =        0.011 ms (setup)        0.001 (*)        0.068 (^)        0.054 (&)        0.067 (%) 
Cl( 3, 2) in Cl( 3, 2) CPU =        0.024 ms (setup)        0.002 (*)        0.224 (^)        0.217 (&)        0.220 (%) 
Cl( 3, 3) in Cl( 3, 3) CPU =        0.044 ms (setup)        0.002 (*)        0.370 (^)        0.352 (&)        0.378 (%) 
Cl( 4, 3) in Cl( 4, 3) CPU =        0.106 ms (setup)        0.003 (*)        1.538 (^)        1.578 (&)        1.563 (%) 
Cl( 4, 4) in Cl( 4, 4) CPU =        0.209 ms (setup)        0.003 (*)        2.282 (^)        2.281 (&)        2.316 (%) 
Cl( 5, 4) in Cl( 5, 4) CPU =        0.479 ms (setup)        0.010 (*)        8.222 (^)        8.684 (&)        8.333 (%) 
Cl( 5, 5) in Cl( 5, 5) CPU =        0.951 ms (setup)        0.011 (*)       11.910 (^)       12.087 (&)       11.954 (%) 
Cl( 6, 5) in Cl( 6, 5) CPU =        2.220 ms (setup)        0.059 (*)       45.464 (^)       46.592 (&)       44.698 (%) 
Cl( 6, 6) in Cl( 6, 6) CPU =        4.389 ms (setup)        0.059 (*)       61.733 (^)       64.049 (&)       62.066 (%) 
Cl( 7, 6) in Cl( 7, 6) CPU =       10.428 ms (setup)        0.392 (*)      247.264 (^)      270.098 (&)      248.264 (%) 
Cl( 7, 7) in Cl( 7, 7) CPU =       20.800 ms (setup)        0.398 (*)      331.951 (^)      359.586 (&)      333.542 (%) 
Cl( 8, 7) in Cl( 8, 7) CPU =       54.110 ms (setup)        2.854 (*)     1780.449 (^)     1719.340 (&)     1474.760 (%) 
Cl( 8, 8) in Cl( 8, 8) CPU =      107.475 ms (setup)        2.868 (*)     1935.322 (^)     2197.883 (&)     1928.654 (%) 
Cl( 1, 0) in Cl( 8, 8) CPU =        0.070 ms (setup)        2.865 (*)       26.486 (^)       15.703 (&)       23.253 (%) 
Cl( 1, 1) in Cl( 8, 8) CPU =        0.086 ms (setup)        2.876 (*)       42.126 (^)       25.377 (&)       33.204 (%) 
Cl( 2, 1) in Cl( 8, 8) CPU =        0.161 ms (setup)        2.855 (*)       65.055 (^)       41.642 (&)       46.608 (%) 
Cl( 2, 2) in Cl( 8, 8) CPU =        1.552 ms (setup)        2.853 (*)       91.932 (^)       62.982 (&)       61.598 (%) 
Cl( 3, 2) in Cl( 8, 8) CPU =        1.609 ms (setup)        2.897 (*)      126.263 (^)       91.130 (&)       81.078 (%) 
Cl( 3, 3) in Cl( 8, 8) CPU =        1.673 ms (setup)        2.853 (*)      170.688 (^)      129.683 (&)      108.600 (%) 
Cl( 4, 3) in Cl( 8, 8) CPU =        1.988 ms (setup)        2.867 (*)      227.960 (^)      180.244 (&)      143.954 (%) 
Cl( 4, 4) in Cl( 8, 8) CPU =        2.236 ms (setup)        2.843 (*)      279.810 (^)      226.590 (&)      174.620 (%) 
Cl( 5, 4) in Cl( 8, 8) CPU =        3.234 ms (setup)        2.880 (*)      341.042 (^)      286.587 (&)      213.262 (%) 
Cl( 5, 5) in Cl( 8, 8) CPU =        4.631 ms (setup)        2.841 (*)      390.555 (^)      347.815 (&)      254.684 (%) 
Cl( 6, 5) in Cl( 8, 8) CPU =        9.308 ms (setup)        2.834 (*)      470.746 (^)      442.504 (&)      323.812 (%) 
Cl( 6, 6) in Cl( 8, 8) CPU =       16.561 ms (setup)        3.199 (*)      524.086 (^)      533.268 (&)      395.235 (%) 
Cl( 7, 6) in Cl( 8, 8) CPU =       36.790 ms (setup)        2.893 (*)      733.827 (^)      758.064 (&)      580.323 (%) 
Cl( 7, 7) in Cl( 8, 8) CPU =       69.626 ms (setup)        2.845 (*)      838.505 (^)      935.753 (&)      720.318 (%) 
Cl( 8, 7) in Cl( 8, 8) CPU =      172.475 ms (setup)        2.851 (*)     1598.661 (^)     1729.676 (&)     1482.547 (%) 
Cl( 8, 8) in Cl( 8, 8) CPU =      106.599 ms (setup)        2.868 (*)     1932.457 (^)     2203.253 (&)     1934.690 (%) 
