
framed_multi<double>
Clifford algebra squaring test:
Fill: 0.5
Cl( 1, 0) in Cl( 1, 0) CPU =        0.048 ms (setup)        0.013 (*) 
Cl( 1, 1) in Cl( 1, 1) CPU =        0.003 ms (setup)        0.002 (*) 
Cl( 2, 1) in Cl( 2, 1) CPU =        0.003 ms (setup)        0.007 (*) 
Cl( 2, 2) in Cl( 2, 2) CPU =        0.004 ms (setup)        0.008 (*) 
Cl( 3, 2) in Cl( 3, 2) CPU =        0.011 ms (setup)        0.017 (*) 
Cl( 3, 3) in Cl( 3, 3) CPU =        0.012 ms (setup)        0.047 (*) 
Cl( 4, 3) in Cl( 4, 3) CPU =        0.024 ms (setup)        0.137 (*) 
Cl( 4, 4) in Cl( 4, 4) CPU =        0.042 ms (setup)        0.881 (*) 
Cl( 5, 4) in Cl( 5, 4) CPU =        0.092 ms (setup)        2.477 (*) 
Cl( 5, 5) in Cl( 5, 5) CPU =        0.128 ms (setup)        2.255 (*) 
Cl( 6, 5) in Cl( 6, 5) CPU =        0.250 ms (setup)        8.368 (*) 
Cl( 6, 6) in Cl( 6, 6) CPU =        0.475 ms (setup)       11.632 (*) 
Cl( 7, 6) in Cl( 7, 6) CPU =        1.103 ms (setup)       36.380 (*) 
Cl( 7, 7) in Cl( 7, 7) CPU =        1.962 ms (setup)       50.455 (*) 
Cl( 8, 7) in Cl( 8, 7) CPU =        4.177 ms (setup)      174.780 (*) 
Cl( 8, 8) in Cl( 8, 8) CPU =        8.020 ms (setup)      241.094 (*) 
Cl( 9, 8) in Cl( 9, 8) CPU =       16.068 ms (setup)      673.575 (*) 
Cl( 9, 9) in Cl( 9, 9) CPU =       33.257 ms (setup)     1238.577 (*) 
Cl(10, 9) in Cl(10, 9) CPU =       77.449 ms (setup)     4743.833 (*) 
Cl(10,10) in Cl(10,10) CPU =      143.330 ms (setup)     6712.210 (*) 
Cl(11,10) in Cl(11,10) CPU =      338.733 ms (setup)    27529.183 (*) 
Cl(11,11) in Cl(11,11) CPU =      685.182 ms (setup)    41209.972 (*) 
Fill: 1
Cl( 1, 0) in Cl( 1, 0) CPU =        0.007 ms (setup)        0.007 (*) 
Cl( 1, 1) in Cl( 1, 1) CPU =        0.002 ms (setup)        0.004 (*) 
Cl( 2, 1) in Cl( 2, 1) CPU =        0.003 ms (setup)        0.006 (*) 
Cl( 2, 2) in Cl( 2, 2) CPU =        0.004 ms (setup)        0.010 (*) 
Cl( 3, 2) in Cl( 3, 2) CPU =        0.010 ms (setup)        0.024 (*) 
Cl( 3, 3) in Cl( 3, 3) CPU =        0.014 ms (setup)        0.067 (*) 
Cl( 4, 3) in Cl( 4, 3) CPU =        0.029 ms (setup)        0.221 (*) 
Cl( 4, 4) in Cl( 4, 4) CPU =        0.053 ms (setup)        0.649 (*) 
Cl( 5, 4) in Cl( 5, 4) CPU =        0.106 ms (setup)        1.893 (*) 
Cl( 5, 5) in Cl( 5, 5) CPU =        0.202 ms (setup)        2.877 (*) 
Cl( 6, 5) in Cl( 6, 5) CPU =        0.422 ms (setup)        8.778 (*) 
Cl( 6, 6) in Cl( 6, 6) CPU =        0.800 ms (setup)       12.932 (*) 
Cl( 7, 6) in Cl( 7, 6) CPU =        1.636 ms (setup)       42.116 (*) 
Cl( 7, 7) in Cl( 7, 7) CPU =        3.254 ms (setup)       63.431 (*) 
Cl( 8, 7) in Cl( 8, 7) CPU =        6.927 ms (setup)      210.102 (*) 
Cl( 8, 8) in Cl( 8, 8) CPU =       13.116 ms (setup)      324.524 (*) 
Cl( 9, 8) in Cl( 9, 8) CPU =       28.006 ms (setup)      894.379 (*) 
Cl( 9, 9) in Cl( 9, 9) CPU =       58.007 ms (setup)     1751.414 (*) 
Cl(10, 9) in Cl(10, 9) CPU =      127.571 ms (setup)     6222.531 (*) 
Cl(10,10) in Cl(10,10) CPU =      305.743 ms (setup)    10162.239 (*) 
Cl(11,10) in Cl(11,10) CPU =      620.364 ms (setup)    37822.042 (*) 
Cl(11,11) in Cl(11,11) CPU =     1180.984 ms (setup)    65226.803 (*) 

matrix_multi<double>
Clifford algebra squaring test:
Fill: 0.5
Cl( 1, 0) in Cl( 1, 0) CPU =        0.057 ms (setup)        0.004 (*) 
Cl( 1, 1) in Cl( 1, 1) CPU =        0.006 ms (setup)        0.001 (*) 
Cl( 2, 1) in Cl( 2, 1) CPU =        0.022 ms (setup)        0.002 (*) 
Cl( 2, 2) in Cl( 2, 2) CPU =        0.017 ms (setup)        0.001 (*) 
Cl( 3, 2) in Cl( 3, 2) CPU =        0.045 ms (setup)        0.008 (*) 
Cl( 3, 3) in Cl( 3, 3) CPU =        0.050 ms (setup)        0.003 (*) 
Cl( 4, 3) in Cl( 4, 3) CPU =        0.082 ms (setup)        0.005 (*) 
Cl( 4, 4) in Cl( 4, 4) CPU =        0.158 ms (setup)        0.005 (*) 
Cl( 5, 4) in Cl( 5, 4) CPU =        0.380 ms (setup)        0.013 (*) 
Cl( 5, 5) in Cl( 5, 5) CPU =        0.640 ms (setup)        0.013 (*) 
Cl( 6, 5) in Cl( 6, 5) CPU =        1.560 ms (setup)        0.062 (*) 
Cl( 6, 6) in Cl( 6, 6) CPU =        2.991 ms (setup)        0.062 (*) 
Cl( 7, 6) in Cl( 7, 6) CPU =        6.840 ms (setup)        0.401 (*) 
Cl( 7, 7) in Cl( 7, 7) CPU =       13.322 ms (setup)        0.394 (*) 
Cl( 8, 7) in Cl( 8, 7) CPU =       31.373 ms (setup)        2.936 (*) 
Cl( 8, 8) in Cl( 8, 8) CPU =       64.262 ms (setup)        2.909 (*) 
Cl( 9, 8) in Cl( 9, 8) CPU =      160.751 ms (setup)       22.058 (*) 
Cl( 9, 9) in Cl( 9, 9) CPU =      302.293 ms (setup)       21.841 (*) 
Cl(10, 9) in Cl(10, 9) CPU =      804.936 ms (setup)      175.869 (*) 
Cl(10,10) in Cl(10,10) CPU =     1581.095 ms (setup)      170.844 (*) 
Cl(11,10) in Cl(11,10) CPU =     4313.362 ms (setup)     1313.027 (*) 
Cl(11,11) in Cl(11,11) CPU =     8742.318 ms (setup)     1372.395 (*) 
Fill: 1
Cl( 1, 0) in Cl( 1, 0) CPU =        0.025 ms (setup)        0.003 (*) 
Cl( 1, 1) in Cl( 1, 1) CPU =        0.012 ms (setup)        0.001 (*) 
Cl( 2, 1) in Cl( 2, 1) CPU =        0.013 ms (setup)        0.001 (*) 
Cl( 2, 2) in Cl( 2, 2) CPU =        0.024 ms (setup)        0.002 (*) 
Cl( 3, 2) in Cl( 3, 2) CPU =        0.030 ms (setup)        0.007 (*) 
Cl( 3, 3) in Cl( 3, 3) CPU =        0.048 ms (setup)        0.002 (*) 
Cl( 4, 3) in Cl( 4, 3) CPU =        0.116 ms (setup)        0.005 (*) 
Cl( 4, 4) in Cl( 4, 4) CPU =        0.215 ms (setup)        0.004 (*) 
Cl( 5, 4) in Cl( 5, 4) CPU =        0.518 ms (setup)        0.012 (*) 
Cl( 5, 5) in Cl( 5, 5) CPU =        0.993 ms (setup)        0.012 (*) 
Cl( 6, 5) in Cl( 6, 5) CPU =        2.308 ms (setup)        0.062 (*) 
Cl( 6, 6) in Cl( 6, 6) CPU =        4.482 ms (setup)        0.061 (*) 
Cl( 7, 6) in Cl( 7, 6) CPU =       10.573 ms (setup)        0.402 (*) 
Cl( 7, 7) in Cl( 7, 7) CPU =       20.793 ms (setup)        0.396 (*) 
Cl( 8, 7) in Cl( 8, 7) CPU =       52.099 ms (setup)        2.929 (*) 
Cl( 8, 8) in Cl( 8, 8) CPU =      104.131 ms (setup)        2.970 (*) 
Cl( 9, 8) in Cl( 9, 8) CPU =      272.255 ms (setup)       25.103 (*) 
Cl( 9, 9) in Cl( 9, 9) CPU =      553.687 ms (setup)       21.831 (*) 
Cl(10, 9) in Cl(10, 9) CPU =     1489.471 ms (setup)      176.215 (*) 
Cl(10,10) in Cl(10,10) CPU =     3052.934 ms (setup)      179.555 (*) 
Cl(11,10) in Cl(11,10) CPU =     8826.872 ms (setup)     1313.837 (*) 
Cl(11,11) in Cl(11,11) CPU =    18483.782 ms (setup)     1322.304 (*) 
