
framed_multi<float,-4,4>
Clifford algebra expressions test:
Fill: 0.5
Cl( 1, 0) in Cl( 1, 0) CPU =        0.001 ms (setup)        0.001 (comm)        0.006 (pade)        0.001 (series)        0.001 (mix)        0.001 (add) 
Cl( 1, 1) in Cl( 1, 1) CPU =        0.001 ms (setup)        0.001 (comm)        0.005 (pade)        0.001 (series)        0.000 (mix)        0.001 (add) 
Cl( 2, 1) in Cl( 2, 1) CPU =        0.001 ms (setup)        0.003 (comm)        0.008 (pade)        0.003 (series)        0.001 (mix)        0.001 (add) 
Cl( 2, 2) in Cl( 2, 2) CPU =        0.002 ms (setup)        0.005 (comm)        0.009 (pade)        0.005 (series)        0.002 (mix)        0.001 (add) 
Cl( 3, 2) in Cl( 3, 2) CPU =        0.002 ms (setup)        0.011 (comm)        0.031 (pade)        0.009 (series)        0.004 (mix)        0.002 (add) 
Cl( 3, 3) in Cl( 3, 3) CPU =        0.005 ms (setup)        0.024 (comm)        0.037 (pade)        3.437 (series)        0.007 (mix)        0.003 (add) 
Cl( 4, 3) in Cl( 4, 3) CPU =        0.011 ms (setup)        0.059 (comm)        0.136 (pade)        3.627 (series)        0.015 (mix)        0.005 (add) 
Cl( 4, 4) in Cl( 4, 4) CPU =        0.024 ms (setup)        3.899 (comm)        3.695 (pade)        7.718 (series)        0.050 (mix)        0.013 (add) 
Cl( 1, 0) in Cl( 4, 4) CPU =        0.001 ms (setup)        0.001 (comm)        0.005 (pade)        0.001 (series)        0.001 (mix)        0.001 (add) 
Cl( 1, 1) in Cl( 4, 4) CPU =        0.001 ms (setup)        0.001 (comm)        0.005 (pade)        0.001 (series)        0.001 (mix)        0.001 (add) 
Cl( 2, 1) in Cl( 4, 4) CPU =        0.001 ms (setup)        0.003 (comm)        0.008 (pade)        0.004 (series)        0.001 (mix)        0.001 (add) 
Cl( 2, 2) in Cl( 4, 4) CPU =        0.001 ms (setup)        0.005 (comm)        0.009 (pade)        0.007 (series)        0.002 (mix)        0.001 (add) 
Cl( 3, 2) in Cl( 4, 4) CPU =        0.003 ms (setup)        0.010 (comm)        0.030 (pade)        0.015 (series)        3.509 (mix)        0.003 (add) 
Cl( 3, 3) in Cl( 4, 4) CPU =        0.005 ms (setup)        0.025 (comm)        0.042 (pade)        0.040 (series)        0.007 (mix)        0.004 (add) 
Cl( 4, 3) in Cl( 4, 4) CPU =        0.011 ms (setup)        0.053 (comm)        3.641 (pade)        0.101 (series)        0.015 (mix)        0.005 (add) 
Cl( 4, 4) in Cl( 4, 4) CPU =        0.024 ms (setup)        3.901 (comm)        3.684 (pade)        4.197 (series)        0.047 (mix)        0.009 (add) 
Fill: 1
Cl( 1, 0) in Cl( 1, 0) CPU =        0.001 ms (setup)        0.002 (comm)        0.004 (pade)        0.002 (series)        0.001 (mix)        0.001 (add) 
Cl( 1, 1) in Cl( 1, 1) CPU =        0.001 ms (setup)        0.002 (comm)        0.005 (pade)        0.003 (series)        0.001 (mix)        0.001 (add) 
Cl( 2, 1) in Cl( 2, 1) CPU =        0.001 ms (setup)        0.004 (comm)        0.007 (pade)        0.004 (series)        0.002 (mix)        0.001 (add) 
Cl( 2, 2) in Cl( 2, 2) CPU =        0.002 ms (setup)        0.005 (comm)        0.010 (pade)        0.007 (series)        0.002 (mix)        0.001 (add) 
Cl( 3, 2) in Cl( 3, 2) CPU =        0.004 ms (setup)        0.015 (comm)        0.030 (pade)        0.020 (series)        0.005 (mix)        0.002 (add) 
Cl( 3, 3) in Cl( 3, 3) CPU =        0.007 ms (setup)        0.041 (comm)        0.042 (pade)        0.059 (series)        0.011 (mix)        0.003 (add) 
Cl( 4, 3) in Cl( 4, 3) CPU =        0.016 ms (setup)        3.625 (comm)        0.143 (pade)        3.698 (series)        0.027 (mix)        0.007 (add) 
Cl( 4, 4) in Cl( 4, 4) CPU =        0.036 ms (setup)        3.991 (comm)        0.213 (pade)        7.814 (series)        0.072 (mix)        0.019 (add) 
Cl( 1, 0) in Cl( 4, 4) CPU =        0.001 ms (setup)        0.002 (comm)        0.005 (pade)        0.002 (series)        0.001 (mix)        0.001 (add) 
Cl( 1, 1) in Cl( 4, 4) CPU =        0.001 ms (setup)        0.002 (comm)        0.005 (pade)        0.002 (series)        0.001 (mix)        0.001 (add) 
Cl( 2, 1) in Cl( 4, 4) CPU =        0.001 ms (setup)        0.003 (comm)        0.008 (pade)        0.004 (series)        0.001 (mix)        0.001 (add) 
Cl( 2, 2) in Cl( 4, 4) CPU =        0.002 ms (setup)        0.005 (comm)        0.010 (pade)        0.007 (series)        0.002 (mix)        0.001 (add) 
Cl( 3, 2) in Cl( 4, 4) CPU =        0.004 ms (setup)        0.015 (comm)        0.030 (pade)        0.021 (series)        0.005 (mix)        0.002 (add) 
Cl( 3, 3) in Cl( 4, 4) CPU =        0.007 ms (setup)        0.042 (comm)        0.042 (pade)        0.058 (series)        0.011 (mix)        0.004 (add) 
Cl( 4, 3) in Cl( 4, 4) CPU =        0.015 ms (setup)        0.126 (comm)        3.650 (pade)        0.189 (series)        0.026 (mix)        0.006 (add) 
Cl( 4, 4) in Cl( 4, 4) CPU =        3.538 ms (setup)        3.990 (comm)        3.712 (pade)        4.321 (series)        0.072 (mix)        0.017 (add) 

matrix_multi<float,-4,4>
Clifford algebra expressions test:
Fill: 0.5
Cl( 1, 0) in Cl( 1, 0) CPU =        0.001 ms (setup)        0.003 (comm)        0.004 (pade)        0.001 (series)        0.002 (mix)        0.001 (add) 
Cl( 1, 1) in Cl( 1, 1) CPU =        0.002 ms (setup)        0.005 (comm)        0.003 (pade)        0.001 (series)        0.005 (mix)        0.000 (add) 
Cl( 2, 1) in Cl( 2, 1) CPU =        0.002 ms (setup)        0.021 (comm)        0.004 (pade)        0.001 (series)        0.021 (mix)        0.000 (add) 
Cl( 2, 2) in Cl( 2, 2) CPU =        0.003 ms (setup)        0.031 (comm)        0.004 (pade)        0.001 (series)        0.030 (mix)        0.001 (add) 
Cl( 3, 2) in Cl( 3, 2) CPU =        0.011 ms (setup)        0.117 (comm)        0.005 (pade)        0.002 (series)        0.117 (mix)        0.001 (add) 
Cl( 3, 3) in Cl( 3, 3) CPU =        0.018 ms (setup)        0.188 (comm)        0.004 (pade)        0.002 (series)        0.184 (mix)        0.001 (add) 
Cl( 4, 3) in Cl( 4, 3) CPU =        0.046 ms (setup)        7.926 (comm)        0.007 (pade)        0.003 (series)        7.900 (mix)        0.001 (add) 
Cl( 4, 4) in Cl( 4, 4) CPU =        0.093 ms (setup)        1.356 (comm)        0.008 (pade)        0.003 (series)       11.896 (mix)        0.001 (add) 
Cl( 1, 0) in Cl( 4, 4) CPU =        0.002 ms (setup)        0.024 (comm)        0.005 (pade)        0.003 (series)        0.022 (mix)        0.000 (add) 
Cl( 1, 1) in Cl( 4, 4) CPU =        0.003 ms (setup)        0.030 (comm)        0.007 (pade)        0.003 (series)        0.030 (mix)        0.001 (add) 
Cl( 2, 1) in Cl( 4, 4) CPU =        0.007 ms (setup)        0.068 (comm)        0.007 (pade)        0.003 (series)        0.064 (mix)        0.001 (add) 
Cl( 2, 2) in Cl( 4, 4) CPU =        0.011 ms (setup)        0.080 (comm)        0.007 (pade)        0.003 (series)        0.077 (mix)        0.001 (add) 
Cl( 3, 2) in Cl( 4, 4) CPU =        0.042 ms (setup)        3.719 (comm)        0.007 (pade)        0.003 (series)        3.715 (mix)        0.001 (add) 
Cl( 3, 3) in Cl( 4, 4) CPU =        0.067 ms (setup)        3.809 (comm)        0.009 (pade)        0.003 (series)        3.796 (mix)        0.001 (add) 
Cl( 4, 3) in Cl( 4, 4) CPU =        0.178 ms (setup)        7.862 (comm)        0.008 (pade)        0.003 (series)        4.339 (mix)        0.001 (add) 
Cl( 4, 4) in Cl( 4, 4) CPU =        0.090 ms (setup)        1.395 (comm)        0.008 (pade)        0.003 (series)       11.950 (mix)        0.001 (add) 
Fill: 1
Cl( 1, 0) in Cl( 1, 0) CPU =        0.001 ms (setup)        0.005 (comm)        0.004 (pade)        0.001 (series)        0.005 (mix)        0.001 (add) 
Cl( 1, 1) in Cl( 1, 1) CPU =        0.002 ms (setup)        0.008 (comm)        0.003 (pade)        0.001 (series)        0.007 (mix)        0.001 (add) 
Cl( 2, 1) in Cl( 2, 1) CPU =        0.002 ms (setup)        3.531 (comm)        0.004 (pade)        0.001 (series)        0.027 (mix)        0.000 (add) 
Cl( 2, 2) in Cl( 2, 2) CPU =        0.005 ms (setup)        0.043 (comm)        0.004 (pade)        0.001 (series)        0.042 (mix)        0.001 (add) 
Cl( 3, 2) in Cl( 3, 2) CPU =        0.012 ms (setup)        0.154 (comm)        0.005 (pade)        0.002 (series)        0.148 (mix)        0.000 (add) 
Cl( 3, 3) in Cl( 3, 3) CPU =        0.022 ms (setup)        3.745 (comm)        0.005 (pade)        0.001 (series)        0.230 (mix)        0.001 (add) 
Cl( 4, 3) in Cl( 4, 3) CPU =        0.064 ms (setup)        8.040 (comm)        0.008 (pade)        0.003 (series)        8.020 (mix)        0.000 (add) 
Cl( 4, 4) in Cl( 4, 4) CPU =        0.129 ms (setup)        1.554 (comm)        0.008 (pade)        0.003 (series)       12.271 (mix)        0.001 (add) 
Cl( 1, 0) in Cl( 4, 4) CPU =        0.002 ms (setup)        0.042 (comm)        0.007 (pade)        0.003 (series)        0.041 (mix)        0.001 (add) 
Cl( 1, 1) in Cl( 4, 4) CPU =        0.003 ms (setup)        0.056 (comm)        0.007 (pade)        0.003 (series)        0.054 (mix)        0.001 (add) 
Cl( 2, 1) in Cl( 4, 4) CPU =        0.007 ms (setup)        0.077 (comm)        0.007 (pade)        0.003 (series)        0.076 (mix)        0.001 (add) 
Cl( 2, 2) in Cl( 4, 4) CPU =        0.019 ms (setup)        3.613 (comm)        0.007 (pade)        0.003 (series)        0.110 (mix)        0.001 (add) 
Cl( 3, 2) in Cl( 4, 4) CPU =        0.048 ms (setup)        3.734 (comm)        0.007 (pade)        0.003 (series)        3.732 (mix)        0.001 (add) 
Cl( 3, 3) in Cl( 4, 4) CPU =        0.085 ms (setup)        3.864 (comm)        0.007 (pade)        0.003 (series)        3.868 (mix)        0.001 (add) 
Cl( 4, 3) in Cl( 4, 4) CPU =        3.776 ms (setup)        7.125 (comm)        0.009 (pade)        0.003 (series)       11.598 (mix)        0.001 (add) 
Cl( 4, 4) in Cl( 4, 4) CPU =        0.120 ms (setup)        1.536 (comm)        0.009 (pade)        0.003 (series)       14.774 (mix)        0.001 (add) 

framed_multi<double>
Clifford algebra expressions test:
Fill: 0.5
Cl( 1, 0) in Cl( 1, 0) CPU =        0.001 ms (setup)        0.001 (comm)        0.005 (pade)        0.001 (series)        0.001 (mix)        0.001 (add) 
Cl( 1, 1) in Cl( 1, 1) CPU =        0.001 ms (setup)        0.001 (comm)        0.005 (pade)        0.001 (series)        0.000 (mix)        0.001 (add) 
Cl( 2, 1) in Cl( 2, 1) CPU =        0.001 ms (setup)        0.004 (comm)        0.008 (pade)        0.004 (series)        0.001 (mix)        0.001 (add) 
Cl( 2, 2) in Cl( 2, 2) CPU =        0.002 ms (setup)        0.005 (comm)        0.009 (pade)        0.007 (series)        0.002 (mix)        0.001 (add) 
Cl( 3, 2) in Cl( 3, 2) CPU =        0.003 ms (setup)        0.012 (comm)        0.032 (pade)        0.011 (series)        0.004 (mix)        0.002 (add) 
Cl( 3, 3) in Cl( 3, 3) CPU =        0.007 ms (setup)        0.030 (comm)        0.039 (pade)        3.159 (series)        0.007 (mix)        0.003 (add) 
Cl( 4, 3) in Cl( 4, 3) CPU =        0.013 ms (setup)        0.072 (comm)        0.139 (pade)        3.639 (series)        0.021 (mix)        0.004 (add) 
Cl( 4, 4) in Cl( 4, 4) CPU =        0.025 ms (setup)        3.942 (comm)        0.198 (pade)        4.232 (series)        0.069 (mix)        0.013 (add) 
Cl( 5, 4) in Cl( 5, 4) CPU =        0.056 ms (setup)        1.552 (comm)        3.648 (pade)        8.440 (series)        0.253 (mix)        0.026 (add) 
Cl( 5, 5) in Cl( 5, 5) CPU =        0.106 ms (setup)        2.502 (comm)        7.011 (pade)        3.618 (series)        0.770 (mix)        0.029 (add) 
Cl( 6, 5) in Cl( 6, 5) CPU =        0.214 ms (setup)        8.272 (comm)       27.900 (pade)       13.050 (series)        2.080 (mix)        0.080 (add) 
Cl( 6, 6) in Cl( 6, 6) CPU =        0.444 ms (setup)       14.296 (comm)       36.924 (pade)       17.727 (series)        6.053 (mix)        0.118 (add) 
Cl( 7, 6) in Cl( 7, 6) CPU =        0.909 ms (setup)      108.771 (comm)       48.663 (pade)      186.614 (series)       17.716 (mix)        0.243 (add) 
Cl( 7, 7) in Cl( 7, 7) CPU =        1.820 ms (setup)      156.450 (comm)       54.848 (pade)      215.538 (series)       52.519 (mix)        0.533 (add) 
Cl( 8, 7) in Cl( 8, 7) CPU =        3.696 ms (setup)      362.868 (comm)      114.748 (pade)      435.822 (series)      156.469 (mix)        1.125 (add) 
Cl( 8, 8) in Cl( 8, 8) CPU =        7.521 ms (setup)      732.188 (comm)      145.280 (pade)      565.493 (series)      474.649 (mix)        2.402 (add) 
Cl( 1, 0) in Cl( 8, 8) CPU =        0.002 ms (setup)        0.001 (comm)        0.002 (pade)        0.001 (series)        0.001 (mix)        0.001 (add) 
Cl( 1, 1) in Cl( 8, 8) CPU =        0.001 ms (setup)        0.001 (comm)        0.005 (pade)        0.001 (series)        0.000 (mix)        0.001 (add) 
Cl( 2, 1) in Cl( 8, 8) CPU =        0.001 ms (setup)        0.005 (comm)        0.009 (pade)        0.003 (series)        0.001 (mix)        0.001 (add) 
Cl( 2, 2) in Cl( 8, 8) CPU =        0.002 ms (setup)        0.005 (comm)        0.009 (pade)        0.006 (series)        0.002 (mix)        0.001 (add) 
Cl( 3, 2) in Cl( 8, 8) CPU =        0.003 ms (setup)        0.010 (comm)        0.024 (pade)        0.013 (series)        0.003 (mix)        0.001 (add) 
Cl( 3, 3) in Cl( 8, 8) CPU =        0.005 ms (setup)        0.028 (comm)        0.038 (pade)        0.043 (series)        0.007 (mix)        0.002 (add) 
Cl( 4, 3) in Cl( 8, 8) CPU =        0.011 ms (setup)        0.069 (comm)        3.666 (pade)        0.122 (series)        0.019 (mix)        0.004 (add) 
Cl( 4, 4) in Cl( 8, 8) CPU =        0.025 ms (setup)        3.915 (comm)        0.193 (pade)        4.215 (series)        0.062 (mix)        0.007 (add) 
Cl( 5, 4) in Cl( 8, 8) CPU =        0.052 ms (setup)        1.518 (comm)        3.666 (pade)        8.540 (series)        0.255 (mix)        0.013 (add) 
Cl( 5, 5) in Cl( 8, 8) CPU =        0.105 ms (setup)        2.395 (comm)        6.175 (pade)        5.112 (series)        0.723 (mix)        0.026 (add) 
Cl( 6, 5) in Cl( 8, 8) CPU =        0.216 ms (setup)        8.208 (comm)       27.802 (pade)       12.723 (series)        2.070 (mix)        0.051 (add) 
Cl( 6, 6) in Cl( 8, 8) CPU =        0.420 ms (setup)       14.430 (comm)       34.420 (pade)       17.634 (series)        5.955 (mix)        0.113 (add) 
Cl( 7, 6) in Cl( 8, 8) CPU =        0.889 ms (setup)      111.719 (comm)       47.395 (pade)      189.022 (series)       18.198 (mix)        0.260 (add) 
Cl( 7, 7) in Cl( 8, 8) CPU =        1.866 ms (setup)      157.281 (comm)       53.306 (pade)      214.023 (series)       53.068 (mix)        0.529 (add) 
Cl( 8, 7) in Cl( 8, 8) CPU =        3.708 ms (setup)      365.394 (comm)      117.677 (pade)      433.689 (series)      157.864 (mix)        1.145 (add) 
Cl( 8, 8) in Cl( 8, 8) CPU =        7.510 ms (setup)      728.658 (comm)      146.367 (pade)      563.344 (series)      473.048 (mix)        2.468 (add) 
Fill: 1
Cl( 1, 0) in Cl( 1, 0) CPU =        0.001 ms (setup)        0.002 (comm)        0.005 (pade)        0.003 (series)        0.001 (mix)        0.001 (add) 
Cl( 1, 1) in Cl( 1, 1) CPU =        0.001 ms (setup)        0.003 (comm)        0.005 (pade)        0.003 (series)        0.001 (mix)        0.001 (add) 
Cl( 2, 1) in Cl( 2, 1) CPU =        0.001 ms (setup)        0.004 (comm)        0.009 (pade)        0.004 (series)        0.002 (mix)        0.001 (add) 
Cl( 2, 2) in Cl( 2, 2) CPU =        0.002 ms (setup)        0.007 (comm)        0.010 (pade)        0.009 (series)        0.003 (mix)        0.001 (add) 
Cl( 3, 2) in Cl( 3, 2) CPU =        0.005 ms (setup)        0.018 (comm)        0.033 (pade)        0.024 (series)        0.005 (mix)        0.002 (add) 
Cl( 3, 3) in Cl( 3, 3) CPU =        0.009 ms (setup)        0.049 (comm)        0.044 (pade)        0.072 (series)        0.011 (mix)        0.003 (add) 
Cl( 4, 3) in Cl( 4, 3) CPU =        0.017 ms (setup)        0.144 (comm)        0.155 (pade)        3.721 (series)        0.030 (mix)        0.005 (add) 
Cl( 4, 4) in Cl( 4, 4) CPU =        0.032 ms (setup)        4.011 (comm)        0.213 (pade)        4.318 (series)        0.086 (mix)        0.009 (add) 
Cl( 5, 4) in Cl( 5, 4) CPU =        0.074 ms (setup)        1.725 (comm)        4.006 (pade)        8.895 (series)        0.235 (mix)        0.017 (add) 
Cl( 5, 5) in Cl( 5, 5) CPU =        0.155 ms (setup)        2.792 (comm)        7.709 (pade)        4.177 (series)        0.651 (mix)        0.034 (add) 
Cl( 6, 5) in Cl( 6, 5) CPU =        0.342 ms (setup)        8.993 (comm)       28.157 (pade)       14.487 (series)        1.774 (mix)        0.066 (add) 
Cl( 6, 6) in Cl( 6, 6) CPU =        0.740 ms (setup)       15.904 (comm)       35.385 (pade)       21.279 (series)        4.859 (mix)        0.134 (add) 
Cl( 7, 6) in Cl( 7, 6) CPU =        1.498 ms (setup)      113.143 (comm)       50.843 (pade)      197.811 (series)       13.747 (mix)        0.281 (add) 
Cl( 7, 7) in Cl( 7, 7) CPU =        3.050 ms (setup)      157.034 (comm)       58.885 (pade)      230.039 (series)       39.278 (mix)        0.584 (add) 
Cl( 8, 7) in Cl( 8, 7) CPU =        6.383 ms (setup)      355.957 (comm)      127.615 (pade)      483.851 (series)      113.906 (mix)        1.281 (add) 
Cl( 8, 8) in Cl( 8, 8) CPU =       12.972 ms (setup)      674.662 (comm)      179.101 (pade)      672.394 (series)      336.774 (mix)        4.257 (add) 
Cl( 1, 0) in Cl( 8, 8) CPU =        0.001 ms (setup)        0.002 (comm)        0.005 (pade)        0.002 (series)        0.001 (mix)        0.001 (add) 
Cl( 1, 1) in Cl( 8, 8) CPU =        0.001 ms (setup)        0.002 (comm)        0.005 (pade)        0.003 (series)        0.001 (mix)        0.001 (add) 
Cl( 2, 1) in Cl( 8, 8) CPU =        0.002 ms (setup)        0.004 (comm)        0.009 (pade)        0.005 (series)        0.002 (mix)        0.001 (add) 
Cl( 2, 2) in Cl( 8, 8) CPU =        0.002 ms (setup)        0.007 (comm)        0.010 (pade)        0.009 (series)        0.003 (mix)        0.001 (add) 
Cl( 3, 2) in Cl( 8, 8) CPU =        0.004 ms (setup)        0.017 (comm)        0.032 (pade)        0.023 (series)        0.005 (mix)        0.002 (add) 
Cl( 3, 3) in Cl( 8, 8) CPU =        0.008 ms (setup)        0.046 (comm)        0.043 (pade)        0.069 (series)        0.011 (mix)        0.003 (add) 
Cl( 4, 3) in Cl( 8, 8) CPU =        0.017 ms (setup)        0.140 (comm)        0.149 (pade)        3.724 (series)        0.030 (mix)        0.005 (add) 
Cl( 4, 4) in Cl( 8, 8) CPU =        0.032 ms (setup)        4.021 (comm)        0.226 (pade)        4.288 (series)        0.092 (mix)        0.009 (add) 
Cl( 5, 4) in Cl( 8, 8) CPU =        0.070 ms (setup)        1.681 (comm)        7.166 (pade)        9.443 (series)        0.227 (mix)        0.017 (add) 
Cl( 5, 5) in Cl( 8, 8) CPU =        0.159 ms (setup)        2.784 (comm)        7.731 (pade)        4.153 (series)        0.651 (mix)        0.033 (add) 
Cl( 6, 5) in Cl( 8, 8) CPU =        0.335 ms (setup)        9.102 (comm)       28.287 (pade)       14.575 (series)        1.769 (mix)        0.066 (add) 
Cl( 6, 6) in Cl( 8, 8) CPU =        0.723 ms (setup)       15.534 (comm)       36.178 (pade)       21.326 (series)        4.882 (mix)        0.138 (add) 
Cl( 7, 6) in Cl( 8, 8) CPU =        1.498 ms (setup)      111.379 (comm)       50.637 (pade)      197.358 (series)       13.769 (mix)        0.284 (add) 
Cl( 7, 7) in Cl( 8, 8) CPU =        3.067 ms (setup)      156.637 (comm)       58.529 (pade)      234.783 (series)       38.884 (mix)        0.587 (add) 
Cl( 8, 7) in Cl( 8, 8) CPU =        6.386 ms (setup)      354.584 (comm)      127.002 (pade)      490.473 (series)      113.032 (mix)        1.292 (add) 
Cl( 8, 8) in Cl( 8, 8) CPU =       12.943 ms (setup)      673.870 (comm)      179.050 (pade)      674.587 (series)      334.839 (mix)        4.029 (add) 

matrix_multi<double>
Clifford algebra expressions test:
Fill: 0.5
Cl( 1, 0) in Cl( 1, 0) CPU =        0.003 ms (setup)        0.003 (comm)        0.003 (pade)        0.001 (series)        0.003 (mix)        0.001 (add) 
Cl( 1, 1) in Cl( 1, 1) CPU =        0.005 ms (setup)        0.003 (comm)        0.004 (pade)        0.001 (series)        0.003 (mix)        0.001 (add) 
Cl( 2, 1) in Cl( 2, 1) CPU =        0.003 ms (setup)        0.019 (comm)        0.004 (pade)        0.001 (series)        0.018 (mix)        0.001 (add) 
Cl( 2, 2) in Cl( 2, 2) CPU =        0.003 ms (setup)        0.033 (comm)        0.004 (pade)        0.001 (series)        0.031 (mix)        0.001 (add) 
Cl( 3, 2) in Cl( 3, 2) CPU =        0.015 ms (setup)        0.108 (comm)        0.005 (pade)        0.002 (series)        0.106 (mix)        0.001 (add) 
Cl( 3, 3) in Cl( 3, 3) CPU =        0.020 ms (setup)        0.190 (comm)        0.005 (pade)        0.001 (series)        0.184 (mix)        0.001 (add) 
Cl( 4, 3) in Cl( 4, 3) CPU =        0.055 ms (setup)        7.886 (comm)        0.009 (pade)        0.005 (series)        7.863 (mix)        0.001 (add) 
Cl( 4, 4) in Cl( 4, 4) CPU =        0.101 ms (setup)        1.333 (comm)        0.009 (pade)        0.005 (series)       11.867 (mix)        0.001 (add) 
Cl( 5, 4) in Cl( 5, 4) CPU =        4.416 ms (setup)        5.377 (comm)        0.019 (pade)        0.013 (series)        5.370 (mix)        0.002 (add) 
Cl( 5, 5) in Cl( 5, 5) CPU =        0.463 ms (setup)        7.986 (comm)        0.018 (pade)        0.012 (series)        8.008 (mix)        0.002 (add) 
Cl( 6, 5) in Cl( 6, 5) CPU =        1.105 ms (setup)       31.514 (comm)        0.054 (pade)        0.059 (series)       30.422 (mix)        0.005 (add) 
Cl( 6, 6) in Cl( 6, 6) CPU =        2.174 ms (setup)       43.344 (comm)        0.440 (pade)        0.059 (series)       43.267 (mix)        0.006 (add) 
Cl( 7, 6) in Cl( 7, 6) CPU =        5.088 ms (setup)      295.680 (comm)        2.676 (pade)        3.756 (series)      265.433 (mix)        0.025 (add) 
Cl( 7, 7) in Cl( 7, 7) CPU =       10.146 ms (setup)      367.806 (comm)        0.219 (pade)        0.231 (series)      336.433 (mix)        0.022 (add) 
Cl( 8, 7) in Cl( 8, 7) CPU =       27.419 ms (setup)     1341.200 (comm)        7.989 (pade)        8.409 (series)     1296.501 (mix)        0.091 (add) 
Cl( 8, 8) in Cl( 8, 8) CPU =       52.118 ms (setup)     1686.671 (comm)        4.499 (pade)       11.915 (series)     1633.427 (mix)        0.245 (add) 
Cl( 1, 0) in Cl( 8, 8) CPU =        0.013 ms (setup)       50.347 (comm)        0.618 (pade)        8.370 (series)       15.581 (mix)        0.093 (add) 
Cl( 1, 1) in Cl( 8, 8) CPU =        0.022 ms (setup)       79.046 (comm)        1.121 (pade)        8.293 (series)       54.606 (mix)        2.022 (add) 
Cl( 2, 1) in Cl( 8, 8) CPU =        0.048 ms (setup)      113.037 (comm)        1.196 (pade)       11.824 (series)      104.844 (mix)        0.089 (add) 
Cl( 2, 2) in Cl( 8, 8) CPU =        0.093 ms (setup)      141.495 (comm)        1.204 (pade)        8.342 (series)      131.031 (mix)        0.089 (add) 
Cl( 3, 2) in Cl( 8, 8) CPU =        1.246 ms (setup)      165.179 (comm)        1.503 (pade)        8.124 (series)      149.214 (mix)        0.098 (add) 
Cl( 3, 3) in Cl( 8, 8) CPU =        2.883 ms (setup)      208.049 (comm)        1.467 (pade)       11.681 (series)      186.365 (mix)        0.097 (add) 
Cl( 4, 3) in Cl( 8, 8) CPU =        3.047 ms (setup)      235.273 (comm)        1.756 (pade)        8.165 (series)      192.184 (mix)        0.096 (add) 
Cl( 4, 4) in Cl( 8, 8) CPU =        3.194 ms (setup)      272.252 (comm)        1.743 (pade)       11.659 (series)      233.107 (mix)        0.098 (add) 
Cl( 5, 4) in Cl( 8, 8) CPU =        3.803 ms (setup)      316.909 (comm)        2.016 (pade)        8.097 (series)      279.635 (mix)        0.100 (add) 
Cl( 5, 5) in Cl( 8, 8) CPU =        2.488 ms (setup)      352.981 (comm)        2.007 (pade)       11.770 (series)      324.217 (mix)        0.089 (add) 
Cl( 6, 5) in Cl( 8, 8) CPU =        5.197 ms (setup)      436.134 (comm)        8.063 (pade)       11.804 (series)      399.387 (mix)        0.089 (add) 
Cl( 6, 6) in Cl( 8, 8) CPU =        9.319 ms (setup)      465.391 (comm)        8.012 (pade)        8.125 (series)      429.894 (mix)        0.100 (add) 
Cl( 7, 6) in Cl( 8, 8) CPU =       23.671 ms (setup)      623.323 (comm)        7.791 (pade)       11.953 (series)      585.751 (mix)        0.088 (add) 
Cl( 7, 7) in Cl( 8, 8) CPU =       44.031 ms (setup)      757.990 (comm)        8.031 (pade)       11.909 (series)      720.443 (mix)        0.089 (add) 
Cl( 8, 7) in Cl( 8, 8) CPU =      102.275 ms (setup)     1385.916 (comm)        8.026 (pade)        8.053 (series)     1345.199 (mix)        0.142 (add) 
Cl( 8, 8) in Cl( 8, 8) CPU =       53.383 ms (setup)     1674.342 (comm)        8.039 (pade)        8.409 (series)     1625.322 (mix)        0.232 (add) 
Fill: 1
Cl( 1, 0) in Cl( 1, 0) CPU =        0.002 ms (setup)        0.005 (comm)        0.004 (pade)        0.001 (series)        0.005 (mix)        0.001 (add) 
Cl( 1, 1) in Cl( 1, 1) CPU =        0.002 ms (setup)        0.007 (comm)        0.003 (pade)        0.001 (series)        0.007 (mix)        0.001 (add) 
Cl( 2, 1) in Cl( 2, 1) CPU =        0.003 ms (setup)        0.026 (comm)        0.004 (pade)        0.001 (series)        0.027 (mix)        0.001 (add) 
Cl( 2, 2) in Cl( 2, 2) CPU =        0.005 ms (setup)        0.042 (comm)        0.004 (pade)        0.001 (series)        0.041 (mix)        0.001 (add) 
Cl( 3, 2) in Cl( 3, 2) CPU =        0.013 ms (setup)        3.551 (comm)        0.005 (pade)        0.001 (series)        0.147 (mix)        0.000 (add) 
Cl( 3, 3) in Cl( 3, 3) CPU =        0.026 ms (setup)        0.237 (comm)        0.005 (pade)        0.001 (series)        3.735 (mix)        0.001 (add) 
Cl( 4, 3) in Cl( 4, 3) CPU =        0.072 ms (setup)        8.023 (comm)        0.009 (pade)        0.005 (series)        8.021 (mix)        0.001 (add) 
Cl( 4, 4) in Cl( 4, 4) CPU =        3.642 ms (setup)        1.578 (comm)        0.011 (pade)        0.005 (series)       13.922 (mix)        0.001 (add) 
Cl( 5, 4) in Cl( 5, 4) CPU =        0.350 ms (setup)        5.919 (comm)        0.018 (pade)        0.013 (series)        5.883 (mix)        0.002 (add) 
Cl( 5, 5) in Cl( 5, 5) CPU =        0.690 ms (setup)        8.659 (comm)        0.214 (pade)        0.012 (series)        8.654 (mix)        0.002 (add) 
Cl( 6, 5) in Cl( 6, 5) CPU =        1.766 ms (setup)       32.601 (comm)        0.053 (pade)        0.058 (series)       32.715 (mix)        0.005 (add) 
Cl( 6, 6) in Cl( 6, 6) CPU =        3.534 ms (setup)       46.087 (comm)        0.054 (pade)        0.057 (series)       46.233 (mix)        0.005 (add) 
Cl( 7, 6) in Cl( 7, 6) CPU =        8.431 ms (setup)      314.692 (comm)        0.227 (pade)        0.246 (series)      282.224 (mix)        0.026 (add) 
Cl( 7, 7) in Cl( 7, 7) CPU =       17.015 ms (setup)      388.663 (comm)        0.220 (pade)        0.230 (series)      358.617 (mix)        0.025 (add) 
Cl( 8, 7) in Cl( 8, 7) CPU =       46.098 ms (setup)     1410.513 (comm)        7.998 (pade)       11.908 (series)     1355.742 (mix)        0.093 (add) 
Cl( 8, 8) in Cl( 8, 8) CPU =       90.865 ms (setup)     1810.716 (comm)        8.012 (pade)       11.991 (series)     1768.014 (mix)        0.115 (add) 
Cl( 1, 0) in Cl( 8, 8) CPU =        0.018 ms (setup)       91.776 (comm)        1.073 (pade)       11.837 (series)       86.487 (mix)        0.103 (add) 
Cl( 1, 1) in Cl( 8, 8) CPU =        0.034 ms (setup)      107.394 (comm)        1.090 (pade)       11.844 (series)       99.882 (mix)        0.096 (add) 
Cl( 2, 1) in Cl( 8, 8) CPU =        0.074 ms (setup)      125.543 (comm)        1.202 (pade)       11.873 (series)      113.651 (mix)        0.089 (add) 
Cl( 2, 2) in Cl( 8, 8) CPU =        2.854 ms (setup)      159.520 (comm)        1.259 (pade)        8.188 (series)      138.337 (mix)        0.098 (add) 
Cl( 3, 2) in Cl( 8, 8) CPU =        2.853 ms (setup)      177.575 (comm)        1.477 (pade)        8.171 (series)      163.043 (mix)        0.099 (add) 
Cl( 3, 3) in Cl( 8, 8) CPU =        2.921 ms (setup)      223.421 (comm)        1.460 (pade)       11.590 (series)      192.580 (mix)        0.095 (add) 
Cl( 4, 3) in Cl( 8, 8) CPU =        3.098 ms (setup)      270.278 (comm)        1.708 (pade)        8.133 (series)      232.226 (mix)        0.098 (add) 
Cl( 4, 4) in Cl( 8, 8) CPU =        3.359 ms (setup)      305.296 (comm)        1.716 (pade)        8.123 (series)      276.368 (mix)        0.099 (add) 
Cl( 5, 4) in Cl( 8, 8) CPU =        1.951 ms (setup)      354.247 (comm)        2.007 (pade)        8.242 (series)      318.752 (mix)        0.090 (add) 
Cl( 5, 5) in Cl( 8, 8) CPU =        3.218 ms (setup)      397.124 (comm)        1.925 (pade)        8.271 (series)      356.447 (mix)        0.092 (add) 
Cl( 6, 5) in Cl( 8, 8) CPU =        6.826 ms (setup)      465.179 (comm)        8.010 (pade)       11.626 (series)      432.211 (mix)        0.101 (add) 
Cl( 6, 6) in Cl( 8, 8) CPU =       14.113 ms (setup)      518.180 (comm)        7.990 (pade)       11.863 (series)      492.153 (mix)        0.099 (add) 
Cl( 7, 6) in Cl( 8, 8) CPU =       31.227 ms (setup)      703.373 (comm)        7.976 (pade)       11.921 (series)      665.036 (mix)        0.092 (add) 
Cl( 7, 7) in Cl( 8, 8) CPU =       56.936 ms (setup)      821.108 (comm)        7.982 (pade)        8.026 (series)      778.880 (mix)        0.092 (add) 
Cl( 8, 7) in Cl( 8, 8) CPU =      139.757 ms (setup)     1446.332 (comm)        8.011 (pade)       11.639 (series)     1434.437 (mix)        0.091 (add) 
Cl( 8, 8) in Cl( 8, 8) CPU =       93.128 ms (setup)     1806.624 (comm)        8.037 (pade)       11.917 (series)     1757.107 (mix)        0.091 (add) 
