expressions/expressions
	linux-vdso.so.1 (0x00007a6060969000)
	libarmadillo.so.15 => /lib/libarmadillo.so.15 (0x00007a6060835000)
	libflexiblas.so.3 => /usr/lib/x86_64-linux-gnu/libflexiblas.so.3 (0x00007a6060000000)
	libstdc++.so.6 => /usr/lib/x86_64-linux-gnu/libstdc++.so.6 (0x00007a605fc00000)
	libm.so.6 => /usr/lib/x86_64-linux-gnu/libm.so.6 (0x00007a605feda000)
	libgcc_s.so.1 => /usr/lib/x86_64-linux-gnu/libgcc_s.so.1 (0x00007a6060807000)
	libc.so.6 => /usr/lib/x86_64-linux-gnu/libc.so.6 (0x00007a605f800000)
	libarpack.so.2 => /usr/lib/x86_64-linux-gnu/libarpack.so.2 (0x00007a60607ba000)
	libsuperlu.so.7 => /usr/lib/x86_64-linux-gnu/libsuperlu.so.7 (0x00007a6060745000)
	/lib64/ld-linux-x86-64.so.2 (0x00007a606096b000)
	libgfortran.so.5 => /usr/lib/x86_64-linux-gnu/libgfortran.so.5 (0x00007a605f400000)
gfft_test/gfft_test
	linux-vdso.so.1 (0x00007ae47daa0000)
	libarmadillo.so.15 => /lib/libarmadillo.so.15 (0x00007ae47d9e4000)
	libflexiblas.so.3 => /usr/lib/x86_64-linux-gnu/libflexiblas.so.3 (0x00007ae47d200000)
	libstdc++.so.6 => /usr/lib/x86_64-linux-gnu/libstdc++.so.6 (0x00007ae47ce00000)
	libm.so.6 => /usr/lib/x86_64-linux-gnu/libm.so.6 (0x00007ae47d0da000)
	libgcc_s.so.1 => /usr/lib/x86_64-linux-gnu/libgcc_s.so.1 (0x00007ae47d9b6000)
	libc.so.6 => /usr/lib/x86_64-linux-gnu/libc.so.6 (0x00007ae47ca00000)
	libarpack.so.2 => /usr/lib/x86_64-linux-gnu/libarpack.so.2 (0x00007ae47d969000)
	libsuperlu.so.7 => /usr/lib/x86_64-linux-gnu/libsuperlu.so.7 (0x00007ae47cd8b000)
	/lib64/ld-linux-x86-64.so.2 (0x00007ae47daa2000)
	libgfortran.so.5 => /usr/lib/x86_64-linux-gnu/libgfortran.so.5 (0x00007ae47c600000)
products/products
	linux-vdso.so.1 (0x0000713176efc000)
	libarmadillo.so.15 => /lib/libarmadillo.so.15 (0x0000713176ddf000)
	libflexiblas.so.3 => /usr/lib/x86_64-linux-gnu/libflexiblas.so.3 (0x0000713176600000)
	libstdc++.so.6 => /usr/lib/x86_64-linux-gnu/libstdc++.so.6 (0x0000713176200000)
	libm.so.6 => /usr/lib/x86_64-linux-gnu/libm.so.6 (0x00007131764da000)
	libgcc_s.so.1 => /usr/lib/x86_64-linux-gnu/libgcc_s.so.1 (0x0000713176db1000)
	libc.so.6 => /usr/lib/x86_64-linux-gnu/libc.so.6 (0x0000713175e00000)
	libarpack.so.2 => /usr/lib/x86_64-linux-gnu/libarpack.so.2 (0x0000713176d64000)
	libsuperlu.so.7 => /usr/lib/x86_64-linux-gnu/libsuperlu.so.7 (0x000071317618b000)
	/lib64/ld-linux-x86-64.so.2 (0x0000713176efe000)
	libgfortran.so.5 => /usr/lib/x86_64-linux-gnu/libgfortran.so.5 (0x0000713175a00000)
squaring/squaring
	linux-vdso.so.1 (0x000072e410d50000)
	libarmadillo.so.15 => /lib/libarmadillo.so.15 (0x000072e410c91000)
	libflexiblas.so.3 => /usr/lib/x86_64-linux-gnu/libflexiblas.so.3 (0x000072e410400000)
	libstdc++.so.6 => /usr/lib/x86_64-linux-gnu/libstdc++.so.6 (0x000072e410000000)
	libm.so.6 => /usr/lib/x86_64-linux-gnu/libm.so.6 (0x000072e410b6b000)
	libgcc_s.so.1 => /usr/lib/x86_64-linux-gnu/libgcc_s.so.1 (0x000072e410b3d000)
	libc.so.6 => /usr/lib/x86_64-linux-gnu/libc.so.6 (0x000072e40fc00000)
	libarpack.so.2 => /usr/lib/x86_64-linux-gnu/libarpack.so.2 (0x000072e4103b5000)
	libsuperlu.so.7 => /usr/lib/x86_64-linux-gnu/libsuperlu.so.7 (0x000072e410340000)
	/lib64/ld-linux-x86-64.so.2 (0x000072e410d52000)
	libgfortran.so.5 => /usr/lib/x86_64-linux-gnu/libgfortran.so.5 (0x000072e40f800000)
transforms/transforms
	linux-vdso.so.1 (0x000076b2a4020000)
	libarmadillo.so.15 => /lib/libarmadillo.so.15 (0x000076b2a3f62000)
	libflexiblas.so.3 => /usr/lib/x86_64-linux-gnu/libflexiblas.so.3 (0x000076b2a3800000)
	libstdc++.so.6 => /usr/lib/x86_64-linux-gnu/libstdc++.so.6 (0x000076b2a3400000)
	libm.so.6 => /usr/lib/x86_64-linux-gnu/libm.so.6 (0x000076b2a36da000)
	libgcc_s.so.1 => /usr/lib/x86_64-linux-gnu/libgcc_s.so.1 (0x000076b2a3f34000)
	libc.so.6 => /usr/lib/x86_64-linux-gnu/libc.so.6 (0x000076b2a3000000)
	libarpack.so.2 => /usr/lib/x86_64-linux-gnu/libarpack.so.2 (0x000076b2a33b5000)
	libsuperlu.so.7 => /usr/lib/x86_64-linux-gnu/libsuperlu.so.7 (0x000076b2a3340000)
	/lib64/ld-linux-x86-64.so.2 (0x000076b2a4022000)
	libgfortran.so.5 => /usr/lib/x86_64-linux-gnu/libgfortran.so.5 (0x000076b2a2c00000)
versor/versor
	linux-vdso.so.1 (0x00007f65da7c6000)
	libarmadillo.so.15 => /lib/libarmadillo.so.15 (0x00007f65da705000)
	libflexiblas.so.3 => /usr/lib/x86_64-linux-gnu/libflexiblas.so.3 (0x00007f65d9e00000)
	libstdc++.so.6 => /usr/lib/x86_64-linux-gnu/libstdc++.so.6 (0x00007f65d9a00000)
	libm.so.6 => /usr/lib/x86_64-linux-gnu/libm.so.6 (0x00007f65da5df000)
	libgcc_s.so.1 => /usr/lib/x86_64-linux-gnu/libgcc_s.so.1 (0x00007f65da5b1000)
	libc.so.6 => /usr/lib/x86_64-linux-gnu/libc.so.6 (0x00007f65d9600000)
	libarpack.so.2 => /usr/lib/x86_64-linux-gnu/libarpack.so.2 (0x00007f65da564000)
	libsuperlu.so.7 => /usr/lib/x86_64-linux-gnu/libsuperlu.so.7 (0x00007f65d9d8b000)
	/lib64/ld-linux-x86-64.so.2 (0x00007f65da7c8000)
	libgfortran.so.5 => /usr/lib/x86_64-linux-gnu/libgfortran.so.5 (0x00007f65d9200000)
