
framed_multi<double>
Clifford algebra squaring test:
Fill: 0.5
Cl( 1, 0) in Cl( 1, 0) CPU =        0.026 ms (setup)        0.008 (*) 
Cl( 1, 1) in Cl( 1, 1) CPU =        0.001 ms (setup)        0.001 (*) 
Cl( 2, 1) in Cl( 2, 1) CPU =        0.002 ms (setup)        0.003 (*) 
Cl( 2, 2) in Cl( 2, 2) CPU =        0.002 ms (setup)        0.003 (*) 
Cl( 3, 2) in Cl( 3, 2) CPU =        0.002 ms (setup)        0.006 (*) 
Cl( 3, 3) in Cl( 3, 3) CPU =        0.005 ms (setup)        0.013 (*) 
Cl( 4, 3) in Cl( 4, 3) CPU =        0.007 ms (setup)        0.039 (*) 
Cl( 4, 4) in Cl( 4, 4) CPU =        0.012 ms (setup)        0.232 (*) 
Cl( 5, 4) in Cl( 5, 4) CPU =        0.027 ms (setup)        0.720 (*) 
Cl( 5, 5) in Cl( 5, 5) CPU =        0.053 ms (setup)        0.883 (*) 
Cl( 6, 5) in Cl( 6, 5) CPU =        0.108 ms (setup)        3.493 (*) 
Cl( 6, 6) in Cl( 6, 6) CPU =        0.229 ms (setup)        4.474 (*) 
Cl( 7, 6) in Cl( 7, 6) CPU =        0.474 ms (setup)       50.212 (*) 
Cl( 7, 7) in Cl( 7, 7) CPU =        0.912 ms (setup)       51.159 (*) 
Cl( 8, 7) in Cl( 8, 7) CPU =        1.773 ms (setup)      112.941 (*) 
Cl( 8, 8) in Cl( 8, 8) CPU =        3.729 ms (setup)      134.358 (*) 
Cl( 9, 8) in Cl( 9, 8) CPU =        8.393 ms (setup)      338.594 (*) 
Cl( 9, 9) in Cl( 9, 9) CPU =       16.708 ms (setup)      572.006 (*) 
Cl(10, 9) in Cl(10, 9) CPU =       35.431 ms (setup)     2200.991 (*) 
Cl(10,10) in Cl(10,10) CPU =       75.186 ms (setup)     2998.134 (*) 
Cl(11,10) in Cl(11,10) CPU =      145.105 ms (setup)    12817.055 (*) 
Cl(11,11) in Cl(11,11) CPU =      358.598 ms (setup)    18132.729 (*) 
Fill: 1
Cl( 1, 0) in Cl( 1, 0) CPU =        0.006 ms (setup)        0.004 (*) 
Cl( 1, 1) in Cl( 1, 1) CPU =        0.001 ms (setup)        0.004 (*) 
Cl( 2, 1) in Cl( 2, 1) CPU =        0.001 ms (setup)        0.003 (*) 
Cl( 2, 2) in Cl( 2, 2) CPU =        0.003 ms (setup)        0.005 (*) 
Cl( 3, 2) in Cl( 3, 2) CPU =        0.004 ms (setup)        0.009 (*) 
Cl( 3, 3) in Cl( 3, 3) CPU =        0.007 ms (setup)        0.023 (*) 
Cl( 4, 3) in Cl( 4, 3) CPU =        0.011 ms (setup)        0.066 (*) 
Cl( 4, 4) in Cl( 4, 4) CPU =        0.022 ms (setup)        0.264 (*) 
Cl( 5, 4) in Cl( 5, 4) CPU =        0.044 ms (setup)        0.754 (*) 
Cl( 5, 5) in Cl( 5, 5) CPU =        0.109 ms (setup)        1.080 (*) 
Cl( 6, 5) in Cl( 6, 5) CPU =        0.182 ms (setup)        3.805 (*) 
Cl( 6, 6) in Cl( 6, 6) CPU =        0.387 ms (setup)        5.517 (*) 
Cl( 7, 6) in Cl( 7, 6) CPU =        0.741 ms (setup)       51.885 (*) 
Cl( 7, 7) in Cl( 7, 7) CPU =        1.615 ms (setup)       60.083 (*) 
Cl( 8, 7) in Cl( 8, 7) CPU =        3.248 ms (setup)      126.544 (*) 
Cl( 8, 8) in Cl( 8, 8) CPU =        6.330 ms (setup)      173.948 (*) 
Cl( 9, 8) in Cl( 9, 8) CPU =       13.195 ms (setup)      423.139 (*) 
Cl( 9, 9) in Cl( 9, 9) CPU =       30.802 ms (setup)      802.337 (*) 
Cl(10, 9) in Cl(10, 9) CPU =       67.332 ms (setup)     2863.591 (*) 
Cl(10,10) in Cl(10,10) CPU =      136.840 ms (setup)     4529.918 (*) 
Cl(11,10) in Cl(11,10) CPU =      338.471 ms (setup)    17115.200 (*) 
Cl(11,11) in Cl(11,11) CPU =      684.869 ms (setup)    28470.212 (*) 

matrix_multi<double>
Clifford algebra squaring test:
Fill: 0.5
Cl( 1, 0) in Cl( 1, 0) CPU =        0.033 ms (setup)        0.002 (*) 
Cl( 1, 1) in Cl( 1, 1) CPU =        0.004 ms (setup)        0.000 (*) 
Cl( 2, 1) in Cl( 2, 1) CPU =        0.011 ms (setup)        0.001 (*) 
Cl( 2, 2) in Cl( 2, 2) CPU =        0.008 ms (setup)        0.001 (*) 
Cl( 3, 2) in Cl( 3, 2) CPU =        0.018 ms (setup)        0.006 (*) 
Cl( 3, 3) in Cl( 3, 3) CPU =        0.021 ms (setup)        0.001 (*) 
Cl( 4, 3) in Cl( 4, 3) CPU =        0.033 ms (setup)        0.002 (*) 
Cl( 4, 4) in Cl( 4, 4) CPU =       17.969 ms (setup)        0.004 (*) 
Cl( 5, 4) in Cl( 5, 4) CPU =        0.132 ms (setup)        0.003 (*) 
Cl( 5, 5) in Cl( 5, 5) CPU =        0.213 ms (setup)        0.002 (*) 
Cl( 6, 5) in Cl( 6, 5) CPU =        0.581 ms (setup)        0.013 (*) 
Cl( 6, 6) in Cl( 6, 6) CPU =        1.103 ms (setup)        0.014 (*) 
Cl( 7, 6) in Cl( 7, 6) CPU =        2.679 ms (setup)        0.124 (*) 
Cl( 7, 7) in Cl( 7, 7) CPU =       38.742 ms (setup)        0.074 (*) 
Cl( 8, 7) in Cl( 8, 7) CPU =       43.317 ms (setup)        0.259 (*) 
Cl( 8, 8) in Cl( 8, 8) CPU =       56.697 ms (setup)        0.255 (*) 
Cl( 9, 8) in Cl( 9, 8) CPU =      102.667 ms (setup)        1.440 (*) 
Cl( 9, 9) in Cl( 9, 9) CPU =      158.143 ms (setup)        5.386 (*) 
Cl(10, 9) in Cl(10, 9) CPU =      385.819 ms (setup)       52.756 (*) 
Cl(10,10) in Cl(10,10) CPU =      714.425 ms (setup)       65.676 (*) 
Cl(11,10) in Cl(11,10) CPU =     2057.602 ms (setup)      521.452 (*) 
Cl(11,11) in Cl(11,11) CPU =     3742.748 ms (setup)      422.701 (*) 
Fill: 1
Cl( 1, 0) in Cl( 1, 0) CPU =        0.016 ms (setup)        0.003 (*) 
Cl( 1, 1) in Cl( 1, 1) CPU =        0.008 ms (setup)        0.001 (*) 
Cl( 2, 1) in Cl( 2, 1) CPU =        0.011 ms (setup)        0.001 (*) 
Cl( 2, 2) in Cl( 2, 2) CPU =        0.013 ms (setup)        0.001 (*) 
Cl( 3, 2) in Cl( 3, 2) CPU =        0.017 ms (setup)        0.004 (*) 
Cl( 3, 3) in Cl( 3, 3) CPU =        0.024 ms (setup)        0.001 (*) 
Cl( 4, 3) in Cl( 4, 3) CPU =        0.066 ms (setup)        0.002 (*) 
Cl( 4, 4) in Cl( 4, 4) CPU =       61.995 ms (setup)        0.005 (*) 
Cl( 5, 4) in Cl( 5, 4) CPU =        0.206 ms (setup)        0.004 (*) 
Cl( 5, 5) in Cl( 5, 5) CPU =        0.365 ms (setup)        0.003 (*) 
Cl( 6, 5) in Cl( 6, 5) CPU =        0.908 ms (setup)        0.012 (*) 
Cl( 6, 6) in Cl( 6, 6) CPU =        1.795 ms (setup)        0.012 (*) 
Cl( 7, 6) in Cl( 7, 6) CPU =        4.581 ms (setup)        0.098 (*) 
Cl( 7, 7) in Cl( 7, 7) CPU =       51.514 ms (setup)        0.079 (*) 
Cl( 8, 7) in Cl( 8, 7) CPU =       54.606 ms (setup)        0.278 (*) 
Cl( 8, 8) in Cl( 8, 8) CPU =       75.808 ms (setup)        0.281 (*) 
Cl( 9, 8) in Cl( 9, 8) CPU =      151.588 ms (setup)        5.561 (*) 
Cl( 9, 9) in Cl( 9, 9) CPU =      266.290 ms (setup)        2.067 (*) 
Cl(10, 9) in Cl(10, 9) CPU =      715.974 ms (setup)       43.359 (*) 
Cl(10,10) in Cl(10,10) CPU =     1364.989 ms (setup)       50.824 (*) 
Cl(11,10) in Cl(11,10) CPU =     3932.555 ms (setup)      418.292 (*) 
Cl(11,11) in Cl(11,11) CPU =     7927.750 ms (setup)      411.875 (*) 
