
framed_multi<float,-4,4>
Clifford algebra expressions test:
Fill: 0.5
Cl( 1, 0) in Cl( 1, 0) CPU =        0.002 ms (setup)        0.002 (comm)        0.004 (pade)        0.002 (series)        0.001 (mix)        0.002 (add) 
Cl( 1, 1) in Cl( 1, 1) CPU =        0.001 ms (setup)        0.001 (comm)        0.004 (pade)        0.001 (series)        0.001 (mix)        0.001 (add) 
Cl( 2, 1) in Cl( 2, 1) CPU =        0.002 ms (setup)        0.005 (comm)        0.010 (pade)        0.007 (series)        0.002 (mix)        0.002 (add) 
Cl( 2, 2) in Cl( 2, 2) CPU =        0.003 ms (setup)        0.009 (comm)        0.011 (pade)        0.011 (series)        0.003 (mix)        0.002 (add) 
Cl( 3, 2) in Cl( 3, 2) CPU =        0.004 ms (setup)        0.021 (comm)        0.053 (pade)        0.022 (series)        0.007 (mix)        0.004 (add) 
Cl( 3, 3) in Cl( 3, 3) CPU =        0.011 ms (setup)        0.058 (comm)        0.071 (pade)        0.089 (series)        0.018 (mix)        0.005 (add) 
Cl( 4, 3) in Cl( 4, 3) CPU =        0.022 ms (setup)        0.153 (comm)        0.267 (pade)        0.269 (series)        0.053 (mix)        0.015 (add) 
Cl( 4, 4) in Cl( 4, 4) CPU =        0.046 ms (setup)        0.854 (comm)        0.387 (pade)        1.454 (series)        0.157 (mix)        0.034 (add) 
Cl( 1, 0) in Cl( 4, 4) CPU =        0.001 ms (setup)        0.001 (comm)        0.003 (pade)        0.003 (series)        0.000 (mix)        0.001 (add) 
Cl( 1, 1) in Cl( 4, 4) CPU =        0.001 ms (setup)        0.002 (comm)        0.004 (pade)        0.002 (series)        0.001 (mix)        0.002 (add) 
Cl( 2, 1) in Cl( 4, 4) CPU =        0.001 ms (setup)        0.005 (comm)        0.009 (pade)        0.007 (series)        0.002 (mix)        0.002 (add) 
Cl( 2, 2) in Cl( 4, 4) CPU =        0.003 ms (setup)        0.010 (comm)        0.011 (pade)        0.013 (series)        0.003 (mix)        0.002 (add) 
Cl( 3, 2) in Cl( 4, 4) CPU =        0.005 ms (setup)        0.022 (comm)        0.052 (pade)        0.033 (series)        0.007 (mix)        0.004 (add) 
Cl( 3, 3) in Cl( 4, 4) CPU =        0.011 ms (setup)        0.059 (comm)        0.073 (pade)        0.092 (series)        0.017 (mix)        0.007 (add) 
Cl( 4, 3) in Cl( 4, 4) CPU =        0.021 ms (setup)        0.136 (comm)        0.263 (pade)        0.242 (series)        0.048 (mix)        0.012 (add) 
Cl( 4, 4) in Cl( 4, 4) CPU =        0.046 ms (setup)        0.835 (comm)        0.383 (pade)        0.726 (series)        0.095 (mix)        0.014 (add) 
Fill: 1
Cl( 1, 0) in Cl( 1, 0) CPU =        0.001 ms (setup)        0.002 (comm)        0.002 (pade)        0.002 (series)        0.001 (mix)        0.001 (add) 
Cl( 1, 1) in Cl( 1, 1) CPU =        0.001 ms (setup)        0.003 (comm)        0.002 (pade)        0.003 (series)        0.001 (mix)        0.001 (add) 
Cl( 2, 1) in Cl( 2, 1) CPU =        0.001 ms (setup)        0.003 (comm)        0.005 (pade)        0.004 (series)        0.001 (mix)        0.001 (add) 
Cl( 2, 2) in Cl( 2, 2) CPU =        0.002 ms (setup)        0.006 (comm)        0.007 (pade)        0.007 (series)        0.002 (mix)        0.001 (add) 
Cl( 3, 2) in Cl( 3, 2) CPU =        0.004 ms (setup)        0.015 (comm)        0.027 (pade)        0.019 (series)        0.005 (mix)        0.002 (add) 
Cl( 3, 3) in Cl( 3, 3) CPU =        0.007 ms (setup)        0.042 (comm)        0.038 (pade)        0.058 (series)        0.011 (mix)        0.004 (add) 
Cl( 4, 3) in Cl( 4, 3) CPU =        0.015 ms (setup)        0.120 (comm)        0.145 (pade)        0.178 (series)        0.029 (mix)        0.007 (add) 
Cl( 4, 4) in Cl( 4, 4) CPU =        0.034 ms (setup)        0.482 (comm)        0.203 (pade)        0.785 (series)        0.080 (mix)        0.021 (add) 
Cl( 1, 0) in Cl( 4, 4) CPU =        0.001 ms (setup)        0.002 (comm)        0.002 (pade)        0.002 (series)        0.001 (mix)        0.001 (add) 
Cl( 1, 1) in Cl( 4, 4) CPU =        0.001 ms (setup)        0.002 (comm)        0.002 (pade)        0.003 (series)        0.001 (mix)        0.001 (add) 
Cl( 2, 1) in Cl( 4, 4) CPU =        0.001 ms (setup)        0.004 (comm)        0.005 (pade)        0.004 (series)        0.001 (mix)        0.001 (add) 
Cl( 2, 2) in Cl( 4, 4) CPU =        0.002 ms (setup)        0.006 (comm)        0.007 (pade)        0.007 (series)        0.002 (mix)        0.001 (add) 
Cl( 3, 2) in Cl( 4, 4) CPU =        0.004 ms (setup)        0.015 (comm)        0.026 (pade)        0.019 (series)        0.005 (mix)        0.002 (add) 
Cl( 3, 3) in Cl( 4, 4) CPU =        0.007 ms (setup)        0.041 (comm)        0.038 (pade)        0.057 (series)        0.011 (mix)        0.004 (add) 
Cl( 4, 3) in Cl( 4, 4) CPU =        0.015 ms (setup)        0.120 (comm)        0.143 (pade)        0.177 (series)        0.030 (mix)        0.007 (add) 
Cl( 4, 4) in Cl( 4, 4) CPU =        0.034 ms (setup)        0.478 (comm)        0.202 (pade)        0.784 (series)        0.081 (mix)        0.020 (add) 

matrix_multi<float,-4,4>
Clifford algebra expressions test:
Fill: 0.5
Cl( 1, 0) in Cl( 1, 0) CPU =        0.001 ms (setup)        0.002 (comm)        0.001 (pade)        0.001 (series)        0.002 (mix)        0.000 (add) 
Cl( 1, 1) in Cl( 1, 1) CPU =        0.002 ms (setup)        0.005 (comm)        0.001 (pade)        0.001 (series)        0.004 (mix)        0.000 (add) 
Cl( 2, 1) in Cl( 2, 1) CPU =        0.002 ms (setup)        0.020 (comm)        0.001 (pade)        0.001 (series)        0.018 (mix)        0.000 (add) 
Cl( 2, 2) in Cl( 2, 2) CPU =        0.002 ms (setup)        0.030 (comm)        0.001 (pade)        0.001 (series)        0.029 (mix)        0.000 (add) 
Cl( 3, 2) in Cl( 3, 2) CPU =        0.013 ms (setup)        0.114 (comm)        0.002 (pade)        0.001 (series)        0.110 (mix)        0.000 (add) 
Cl( 3, 3) in Cl( 3, 3) CPU =        0.021 ms (setup)        0.190 (comm)        0.002 (pade)        0.001 (series)        0.179 (mix)        0.001 (add) 
Cl( 4, 3) in Cl( 4, 3) CPU =        0.052 ms (setup)        0.871 (comm)        0.005 (pade)        0.002 (series)        0.844 (mix)        0.001 (add) 
Cl( 4, 4) in Cl( 4, 4) CPU =        0.103 ms (setup)        1.343 (comm)        0.005 (pade)        0.002 (series)        1.318 (mix)        0.001 (add) 
Cl( 1, 0) in Cl( 4, 4) CPU =        0.002 ms (setup)        0.016 (comm)        0.005 (pade)        0.002 (series)        0.014 (mix)        0.001 (add) 
Cl( 1, 1) in Cl( 4, 4) CPU =        0.002 ms (setup)        0.022 (comm)        0.005 (pade)        0.002 (series)        0.021 (mix)        0.001 (add) 
Cl( 2, 1) in Cl( 4, 4) CPU =        0.005 ms (setup)        0.051 (comm)        0.004 (pade)        0.002 (series)        0.049 (mix)        0.001 (add) 
Cl( 2, 2) in Cl( 4, 4) CPU =        0.010 ms (setup)        0.066 (comm)        0.005 (pade)        0.002 (series)        0.064 (mix)        0.001 (add) 
Cl( 3, 2) in Cl( 4, 4) CPU =        0.044 ms (setup)        0.197 (comm)        0.005 (pade)        0.002 (series)        0.192 (mix)        0.001 (add) 
Cl( 3, 3) in Cl( 4, 4) CPU =        0.070 ms (setup)        0.286 (comm)        0.005 (pade)        0.003 (series)        0.280 (mix)        0.000 (add) 
Cl( 4, 3) in Cl( 4, 4) CPU =        0.180 ms (setup)        0.816 (comm)        0.005 (pade)        0.002 (series)        0.798 (mix)        0.001 (add) 
Cl( 4, 4) in Cl( 4, 4) CPU =        0.103 ms (setup)        1.374 (comm)        0.005 (pade)        0.002 (series)        1.348 (mix)        0.001 (add) 
Fill: 1
Cl( 1, 0) in Cl( 1, 0) CPU =        0.001 ms (setup)        0.005 (comm)        0.001 (pade)        0.001 (series)        0.004 (mix)        0.000 (add) 
Cl( 1, 1) in Cl( 1, 1) CPU =        0.001 ms (setup)        0.007 (comm)        0.001 (pade)        0.001 (series)        0.007 (mix)        0.000 (add) 
Cl( 2, 1) in Cl( 2, 1) CPU =        0.002 ms (setup)        0.025 (comm)        0.001 (pade)        0.001 (series)        0.023 (mix)        0.000 (add) 
Cl( 2, 2) in Cl( 2, 2) CPU =        0.005 ms (setup)        0.040 (comm)        0.001 (pade)        0.001 (series)        0.038 (mix)        0.000 (add) 
Cl( 3, 2) in Cl( 3, 2) CPU =        0.012 ms (setup)        0.143 (comm)        0.002 (pade)        0.001 (series)        0.141 (mix)        0.001 (add) 
Cl( 3, 3) in Cl( 3, 3) CPU =        0.024 ms (setup)        0.229 (comm)        0.002 (pade)        0.001 (series)        0.226 (mix)        0.001 (add) 
Cl( 4, 3) in Cl( 4, 3) CPU =        0.064 ms (setup)        0.981 (comm)        0.005 (pade)        0.003 (series)        0.976 (mix)        0.001 (add) 
Cl( 4, 4) in Cl( 4, 4) CPU =        0.126 ms (setup)        1.538 (comm)        0.005 (pade)        0.002 (series)        1.522 (mix)        0.001 (add) 
Cl( 1, 0) in Cl( 4, 4) CPU =        0.002 ms (setup)        0.032 (comm)        0.005 (pade)        0.002 (series)        0.030 (mix)        0.001 (add) 
Cl( 1, 1) in Cl( 4, 4) CPU =        0.003 ms (setup)        0.045 (comm)        0.004 (pade)        0.002 (series)        0.044 (mix)        0.001 (add) 
Cl( 2, 1) in Cl( 4, 4) CPU =        0.007 ms (setup)        0.067 (comm)        0.005 (pade)        0.002 (series)        0.065 (mix)        0.001 (add) 
Cl( 2, 2) in Cl( 4, 4) CPU =        0.019 ms (setup)        0.103 (comm)        0.005 (pade)        0.002 (series)        0.100 (mix)        0.000 (add) 
Cl( 3, 2) in Cl( 4, 4) CPU =        0.046 ms (setup)        0.220 (comm)        0.005 (pade)        0.002 (series)        0.214 (mix)        0.001 (add) 
Cl( 3, 3) in Cl( 4, 4) CPU =        0.082 ms (setup)        0.343 (comm)        0.005 (pade)        0.002 (series)        0.337 (mix)        0.001 (add) 
Cl( 4, 3) in Cl( 4, 4) CPU =        0.218 ms (setup)        1.040 (comm)        0.005 (pade)        0.002 (series)        1.028 (mix)        0.001 (add) 
Cl( 4, 4) in Cl( 4, 4) CPU =        0.128 ms (setup)        1.537 (comm)        0.005 (pade)        0.002 (series)        1.524 (mix)        0.001 (add) 

framed_multi<double>
Clifford algebra expressions test:
Fill: 0.5
Cl( 1, 0) in Cl( 1, 0) CPU =        0.001 ms (setup)        0.001 (comm)        0.002 (pade)        0.001 (series)        0.000 (mix)        0.001 (add) 
Cl( 1, 1) in Cl( 1, 1) CPU =        0.001 ms (setup)        0.001 (comm)        0.002 (pade)        0.001 (series)        0.000 (mix)        0.001 (add) 
Cl( 2, 1) in Cl( 2, 1) CPU =        0.001 ms (setup)        0.004 (comm)        0.005 (pade)        0.004 (series)        0.001 (mix)        0.001 (add) 
Cl( 2, 2) in Cl( 2, 2) CPU =        0.001 ms (setup)        0.005 (comm)        0.005 (pade)        0.007 (series)        0.002 (mix)        0.001 (add) 
Cl( 3, 2) in Cl( 3, 2) CPU =        0.003 ms (setup)        0.013 (comm)        0.028 (pade)        0.013 (series)        0.004 (mix)        0.002 (add) 
Cl( 3, 3) in Cl( 3, 3) CPU =        0.007 ms (setup)        0.036 (comm)        0.035 (pade)        0.048 (series)        0.009 (mix)        0.002 (add) 
Cl( 4, 3) in Cl( 4, 3) CPU =        0.013 ms (setup)        0.093 (comm)        0.134 (pade)        0.134 (series)        0.028 (mix)        0.004 (add) 
Cl( 4, 4) in Cl( 4, 4) CPU =        0.026 ms (setup)        0.434 (comm)        0.181 (pade)        0.680 (series)        0.105 (mix)        0.007 (add) 
Cl( 5, 4) in Cl( 5, 4) CPU =        0.054 ms (setup)        1.496 (comm)        0.649 (pade)        2.454 (series)        0.296 (mix)        0.015 (add) 
Cl( 5, 5) in Cl( 5, 5) CPU =        0.113 ms (setup)        2.552 (comm)        0.931 (pade)        3.543 (series)        0.833 (mix)        0.028 (add) 
Cl( 6, 5) in Cl( 6, 5) CPU =        0.234 ms (setup)        8.335 (comm)        3.301 (pade)       12.569 (series)        2.296 (mix)        0.065 (add) 
Cl( 6, 6) in Cl( 6, 6) CPU =        0.478 ms (setup)       14.963 (comm)        4.659 (pade)       17.880 (series)        6.631 (mix)        0.137 (add) 
Cl( 7, 6) in Cl( 7, 6) CPU =        0.973 ms (setup)       47.991 (comm)       16.191 (pade)       61.493 (series)       19.258 (mix)        0.307 (add) 
Cl( 7, 7) in Cl( 7, 7) CPU =        1.975 ms (setup)       96.529 (comm)       22.864 (pade)       88.135 (series)       56.760 (mix)        0.611 (add) 
Cl( 8, 7) in Cl( 8, 7) CPU =        3.979 ms (setup)      310.031 (comm)       82.642 (pade)      310.390 (series)      166.464 (mix)        1.294 (add) 
Cl( 8, 8) in Cl( 8, 8) CPU =        8.047 ms (setup)      705.657 (comm)      118.611 (pade)      450.175 (series)      504.668 (mix)        2.951 (add) 
Cl( 1, 0) in Cl( 8, 8) CPU =        0.001 ms (setup)        0.001 (comm)        0.001 (pade)        0.001 (series)        0.001 (mix)        0.001 (add) 
Cl( 1, 1) in Cl( 8, 8) CPU =        0.001 ms (setup)        0.001 (comm)        0.002 (pade)        0.001 (series)        0.000 (mix)        0.001 (add) 
Cl( 2, 1) in Cl( 8, 8) CPU =        0.001 ms (setup)        0.003 (comm)        0.005 (pade)        0.003 (series)        0.001 (mix)        0.001 (add) 
Cl( 2, 2) in Cl( 8, 8) CPU =        0.001 ms (setup)        0.006 (comm)        0.006 (pade)        0.007 (series)        0.002 (mix)        0.001 (add) 
Cl( 3, 2) in Cl( 8, 8) CPU =        0.003 ms (setup)        0.011 (comm)        0.019 (pade)        0.011 (series)        0.003 (mix)        0.001 (add) 
Cl( 3, 3) in Cl( 8, 8) CPU =        0.005 ms (setup)        0.037 (comm)        0.036 (pade)        0.046 (series)        0.009 (mix)        0.002 (add) 
Cl( 4, 3) in Cl( 8, 8) CPU =        0.012 ms (setup)        0.100 (comm)        0.133 (pade)        0.136 (series)        0.032 (mix)        0.005 (add) 
Cl( 4, 4) in Cl( 8, 8) CPU =        0.026 ms (setup)        0.427 (comm)        0.180 (pade)        0.676 (series)        0.103 (mix)        0.007 (add) 
Cl( 5, 4) in Cl( 8, 8) CPU =        0.055 ms (setup)        1.495 (comm)        0.641 (pade)        2.436 (series)        0.288 (mix)        0.013 (add) 
Cl( 5, 5) in Cl( 8, 8) CPU =        0.111 ms (setup)        2.462 (comm)        0.901 (pade)        3.465 (series)        0.774 (mix)        0.027 (add) 
Cl( 6, 5) in Cl( 8, 8) CPU =        0.232 ms (setup)        8.249 (comm)        3.275 (pade)       12.495 (series)        2.279 (mix)        0.062 (add) 
Cl( 6, 6) in Cl( 8, 8) CPU =        0.472 ms (setup)       14.756 (comm)        4.593 (pade)       17.676 (series)        6.580 (mix)        0.133 (add) 
Cl( 7, 6) in Cl( 8, 8) CPU =        0.971 ms (setup)       47.942 (comm)       16.008 (pade)       61.194 (series)       19.294 (mix)        0.301 (add) 
Cl( 7, 7) in Cl( 8, 8) CPU =        1.981 ms (setup)       97.047 (comm)       22.878 (pade)       88.119 (series)       57.171 (mix)        0.620 (add) 
Cl( 8, 7) in Cl( 8, 8) CPU =        3.994 ms (setup)      313.419 (comm)       82.433 (pade)      309.357 (series)      169.743 (mix)        1.315 (add) 
Cl( 8, 8) in Cl( 8, 8) CPU =        8.018 ms (setup)      701.284 (comm)      118.168 (pade)      449.138 (series)      501.004 (mix)        2.821 (add) 
Fill: 1
Cl( 1, 0) in Cl( 1, 0) CPU =        0.001 ms (setup)        0.002 (comm)        0.002 (pade)        0.002 (series)        0.001 (mix)        0.001 (add) 
Cl( 1, 1) in Cl( 1, 1) CPU =        0.001 ms (setup)        0.003 (comm)        0.002 (pade)        0.003 (series)        0.001 (mix)        0.001 (add) 
Cl( 2, 1) in Cl( 2, 1) CPU =        0.001 ms (setup)        0.004 (comm)        0.005 (pade)        0.005 (series)        0.001 (mix)        0.001 (add) 
Cl( 2, 2) in Cl( 2, 2) CPU =        0.002 ms (setup)        0.007 (comm)        0.007 (pade)        0.009 (series)        0.003 (mix)        0.001 (add) 
Cl( 3, 2) in Cl( 3, 2) CPU =        0.004 ms (setup)        0.020 (comm)        0.028 (pade)        0.024 (series)        0.005 (mix)        0.002 (add) 
Cl( 3, 3) in Cl( 3, 3) CPU =        0.008 ms (setup)        0.057 (comm)        0.038 (pade)        0.072 (series)        0.015 (mix)        0.003 (add) 
Cl( 4, 3) in Cl( 4, 3) CPU =        0.017 ms (setup)        0.174 (comm)        0.145 (pade)        0.233 (series)        0.045 (mix)        0.005 (add) 
Cl( 4, 4) in Cl( 4, 4) CPU =        0.038 ms (setup)        0.505 (comm)        0.197 (pade)        0.762 (series)        0.119 (mix)        0.010 (add) 
Cl( 5, 4) in Cl( 5, 4) CPU =        0.084 ms (setup)        1.685 (comm)        0.701 (pade)        2.683 (series)        0.300 (mix)        0.019 (add) 
Cl( 5, 5) in Cl( 5, 5) CPU =        0.179 ms (setup)        2.855 (comm)        1.037 (pade)        4.022 (series)        0.774 (mix)        0.041 (add) 
Cl( 6, 5) in Cl( 6, 5) CPU =        0.366 ms (setup)        9.197 (comm)        3.690 (pade)       14.203 (series)        2.042 (mix)        0.084 (add) 
Cl( 6, 6) in Cl( 6, 6) CPU =        0.746 ms (setup)       16.275 (comm)        5.496 (pade)       21.454 (series)        5.538 (mix)        0.169 (add) 
Cl( 7, 6) in Cl( 7, 6) CPU =        1.542 ms (setup)       50.962 (comm)       18.339 (pade)       70.924 (series)       15.475 (mix)        0.343 (add) 
Cl( 7, 7) in Cl( 7, 7) CPU =        3.109 ms (setup)       98.766 (comm)       27.776 (pade)      108.517 (series)       44.522 (mix)        0.684 (add) 
Cl( 8, 7) in Cl( 8, 7) CPU =        6.362 ms (setup)      313.826 (comm)       96.692 (pade)      366.213 (series)      132.032 (mix)        1.435 (add) 
Cl( 8, 8) in Cl( 8, 8) CPU =       12.774 ms (setup)      667.269 (comm)      148.102 (pade)      570.297 (series)      381.865 (mix)        3.060 (add) 
Cl( 1, 0) in Cl( 8, 8) CPU =        0.001 ms (setup)        0.002 (comm)        0.002 (pade)        0.003 (series)        0.001 (mix)        0.001 (add) 
Cl( 1, 1) in Cl( 8, 8) CPU =        0.001 ms (setup)        0.003 (comm)        0.002 (pade)        0.002 (series)        0.001 (mix)        0.001 (add) 
Cl( 2, 1) in Cl( 8, 8) CPU =        0.001 ms (setup)        0.004 (comm)        0.005 (pade)        0.005 (series)        0.001 (mix)        0.001 (add) 
Cl( 2, 2) in Cl( 8, 8) CPU =        0.002 ms (setup)        0.007 (comm)        0.007 (pade)        0.009 (series)        0.003 (mix)        0.001 (add) 
Cl( 3, 2) in Cl( 8, 8) CPU =        0.004 ms (setup)        0.020 (comm)        0.028 (pade)        0.024 (series)        0.005 (mix)        0.002 (add) 
Cl( 3, 3) in Cl( 8, 8) CPU =        0.009 ms (setup)        0.056 (comm)        0.040 (pade)        0.072 (series)        0.014 (mix)        0.003 (add) 
Cl( 4, 3) in Cl( 8, 8) CPU =        0.018 ms (setup)        0.170 (comm)        0.147 (pade)        0.230 (series)        0.044 (mix)        0.005 (add) 
Cl( 4, 4) in Cl( 8, 8) CPU =        0.036 ms (setup)        0.510 (comm)        0.198 (pade)        0.764 (series)        0.120 (mix)        0.011 (add) 
Cl( 5, 4) in Cl( 8, 8) CPU =        0.085 ms (setup)        1.677 (comm)        0.698 (pade)        2.690 (series)        0.303 (mix)        0.019 (add) 
Cl( 5, 5) in Cl( 8, 8) CPU =        0.180 ms (setup)        2.857 (comm)        1.034 (pade)        4.018 (series)        0.782 (mix)        0.040 (add) 
Cl( 6, 5) in Cl( 8, 8) CPU =        0.368 ms (setup)        9.175 (comm)        3.676 (pade)       14.254 (series)        2.046 (mix)        0.084 (add) 
Cl( 6, 6) in Cl( 8, 8) CPU =        0.748 ms (setup)       16.282 (comm)        5.507 (pade)       21.469 (series)        5.540 (mix)        0.170 (add) 
Cl( 7, 6) in Cl( 8, 8) CPU =        1.549 ms (setup)       50.924 (comm)       18.401 (pade)       70.904 (series)       15.480 (mix)        0.342 (add) 
Cl( 7, 7) in Cl( 8, 8) CPU =        3.101 ms (setup)       98.817 (comm)       27.817 (pade)      108.573 (series)       44.503 (mix)        0.683 (add) 
Cl( 8, 7) in Cl( 8, 8) CPU =        6.365 ms (setup)      313.807 (comm)       95.736 (pade)      366.077 (series)      131.518 (mix)        1.370 (add) 
Cl( 8, 8) in Cl( 8, 8) CPU =       12.691 ms (setup)      667.175 (comm)      147.671 (pade)      570.029 (series)      381.956 (mix)        3.057 (add) 

matrix_multi<double>
Clifford algebra expressions test:
Fill: 0.5
Cl( 1, 0) in Cl( 1, 0) CPU =        0.002 ms (setup)        0.003 (comm)        0.001 (pade)        0.001 (series)        0.003 (mix)        0.000 (add) 
Cl( 1, 1) in Cl( 1, 1) CPU =        0.004 ms (setup)        0.003 (comm)        0.001 (pade)        0.001 (series)        0.002 (mix)        0.000 (add) 
Cl( 2, 1) in Cl( 2, 1) CPU =        0.002 ms (setup)        0.019 (comm)        0.001 (pade)        0.001 (series)        0.018 (mix)        0.001 (add) 
Cl( 2, 2) in Cl( 2, 2) CPU =        0.002 ms (setup)        0.031 (comm)        0.001 (pade)        0.001 (series)        0.030 (mix)        0.000 (add) 
Cl( 3, 2) in Cl( 3, 2) CPU =        0.015 ms (setup)        0.105 (comm)        0.002 (pade)        0.001 (series)        0.101 (mix)        0.001 (add) 
Cl( 3, 3) in Cl( 3, 3) CPU =        0.022 ms (setup)        0.181 (comm)        0.002 (pade)        0.002 (series)        0.175 (mix)        0.000 (add) 
Cl( 4, 3) in Cl( 4, 3) CPU =        0.055 ms (setup)        0.850 (comm)        0.006 (pade)        0.004 (series)        0.826 (mix)        0.001 (add) 
Cl( 4, 4) in Cl( 4, 4) CPU =        0.105 ms (setup)        1.308 (comm)        0.005 (pade)        0.004 (series)        1.284 (mix)        0.001 (add) 
Cl( 5, 4) in Cl( 5, 4) CPU =        0.252 ms (setup)        5.343 (comm)        0.023 (pade)        0.015 (series)        5.333 (mix)        0.003 (add) 
Cl( 5, 5) in Cl( 5, 5) CPU =        0.494 ms (setup)        8.009 (comm)        0.022 (pade)        0.015 (series)        7.998 (mix)        0.003 (add) 
Cl( 6, 5) in Cl( 6, 5) CPU =        1.155 ms (setup)       30.706 (comm)        0.104 (pade)        0.073 (series)       30.657 (mix)        0.007 (add) 
Cl( 6, 6) in Cl( 6, 6) CPU =        2.322 ms (setup)       44.223 (comm)        0.104 (pade)        0.074 (series)       44.191 (mix)        0.007 (add) 
Cl( 7, 6) in Cl( 7, 6) CPU =        5.482 ms (setup)      177.279 (comm)        0.592 (pade)        0.464 (series)      177.087 (mix)        0.029 (add) 
Cl( 7, 7) in Cl( 7, 7) CPU =       10.953 ms (setup)      243.263 (comm)        0.596 (pade)        0.463 (series)      243.053 (mix)        0.029 (add) 
Cl( 8, 7) in Cl( 8, 7) CPU =       25.755 ms (setup)     1063.366 (comm)        4.663 (pade)        3.179 (series)     1061.436 (mix)        0.116 (add) 
Cl( 8, 8) in Cl( 8, 8) CPU =       51.880 ms (setup)     1393.399 (comm)        4.665 (pade)        3.179 (series)     1390.347 (mix)        0.115 (add) 
Cl( 1, 0) in Cl( 8, 8) CPU =        0.011 ms (setup)        5.277 (comm)        4.413 (pade)        3.176 (series)        3.615 (mix)        0.114 (add) 
Cl( 1, 1) in Cl( 8, 8) CPU =        0.019 ms (setup)        9.472 (comm)        4.524 (pade)        3.179 (series)        7.873 (mix)        0.115 (add) 
Cl( 2, 1) in Cl( 8, 8) CPU =        0.041 ms (setup)       20.481 (comm)        4.579 (pade)        3.176 (series)       18.822 (mix)        0.115 (add) 
Cl( 2, 2) in Cl( 8, 8) CPU =        0.083 ms (setup)       37.326 (comm)        4.610 (pade)        3.176 (series)       35.675 (mix)        0.115 (add) 
Cl( 3, 2) in Cl( 8, 8) CPU =        0.498 ms (setup)       52.541 (comm)        4.709 (pade)        3.179 (series)       50.890 (mix)        0.114 (add) 
Cl( 3, 3) in Cl( 8, 8) CPU =        0.834 ms (setup)       72.032 (comm)        4.625 (pade)        3.178 (series)       70.406 (mix)        0.116 (add) 
Cl( 4, 3) in Cl( 8, 8) CPU =        0.964 ms (setup)       75.916 (comm)        4.649 (pade)        3.179 (series)       74.212 (mix)        0.117 (add) 
Cl( 4, 4) in Cl( 8, 8) CPU =        1.145 ms (setup)      105.064 (comm)        4.646 (pade)        3.179 (series)      103.240 (mix)        0.117 (add) 
Cl( 5, 4) in Cl( 8, 8) CPU =        1.682 ms (setup)      137.842 (comm)        4.693 (pade)        3.179 (series)      136.046 (mix)        0.117 (add) 
Cl( 5, 5) in Cl( 8, 8) CPU =        2.567 ms (setup)      163.680 (comm)        4.678 (pade)        3.179 (series)      161.909 (mix)        0.117 (add) 
Cl( 6, 5) in Cl( 8, 8) CPU =        5.347 ms (setup)      225.562 (comm)        4.673 (pade)        3.182 (series)      223.776 (mix)        0.118 (add) 
Cl( 6, 6) in Cl( 8, 8) CPU =        9.534 ms (setup)      254.595 (comm)        4.667 (pade)        3.180 (series)      252.826 (mix)        0.119 (add) 
Cl( 7, 6) in Cl( 8, 8) CPU =       22.115 ms (setup)      398.870 (comm)        4.673 (pade)        3.180 (series)      397.004 (mix)        0.117 (add) 
Cl( 7, 7) in Cl( 8, 8) CPU =       41.663 ms (setup)      510.099 (comm)        4.673 (pade)        3.184 (series)      508.286 (mix)        0.117 (add) 
Cl( 8, 7) in Cl( 8, 8) CPU =      100.255 ms (setup)     1099.448 (comm)        4.665 (pade)        3.182 (series)     1096.785 (mix)        0.117 (add) 
Cl( 8, 8) in Cl( 8, 8) CPU =       52.044 ms (setup)     1385.225 (comm)        4.657 (pade)        3.179 (series)     1382.647 (mix)        0.116 (add) 
Fill: 1
Cl( 1, 0) in Cl( 1, 0) CPU =        0.004 ms (setup)        0.005 (comm)        0.001 (pade)        0.001 (series)        0.004 (mix)        0.001 (add) 
Cl( 1, 1) in Cl( 1, 1) CPU =        0.002 ms (setup)        0.007 (comm)        0.001 (pade)        0.001 (series)        0.007 (mix)        0.000 (add) 
Cl( 2, 1) in Cl( 2, 1) CPU =        0.004 ms (setup)        0.025 (comm)        0.001 (pade)        0.001 (series)        0.024 (mix)        0.000 (add) 
Cl( 2, 2) in Cl( 2, 2) CPU =        0.005 ms (setup)        0.041 (comm)        0.001 (pade)        0.001 (series)        0.040 (mix)        0.000 (add) 
Cl( 3, 2) in Cl( 3, 2) CPU =        0.013 ms (setup)        0.151 (comm)        0.002 (pade)        0.001 (series)        0.146 (mix)        0.000 (add) 
Cl( 3, 3) in Cl( 3, 3) CPU =        0.026 ms (setup)        0.234 (comm)        0.002 (pade)        0.001 (series)        0.231 (mix)        0.001 (add) 
Cl( 4, 3) in Cl( 4, 3) CPU =        0.071 ms (setup)        1.012 (comm)        0.006 (pade)        0.005 (series)        1.004 (mix)        0.001 (add) 
Cl( 4, 4) in Cl( 4, 4) CPU =        0.140 ms (setup)        1.542 (comm)        0.006 (pade)        0.005 (series)        1.527 (mix)        0.001 (add) 
Cl( 5, 4) in Cl( 5, 4) CPU =        0.360 ms (setup)        5.912 (comm)        0.022 (pade)        0.015 (series)        5.891 (mix)        0.003 (add) 
Cl( 5, 5) in Cl( 5, 5) CPU =        0.734 ms (setup)        8.796 (comm)        0.023 (pade)        0.015 (series)        8.787 (mix)        0.002 (add) 
Cl( 6, 5) in Cl( 6, 5) CPU =        1.784 ms (setup)       33.593 (comm)        0.104 (pade)        0.073 (series)       33.558 (mix)        0.007 (add) 
Cl( 6, 6) in Cl( 6, 6) CPU =        3.622 ms (setup)       47.816 (comm)        0.103 (pade)        0.073 (series)       47.816 (mix)        0.007 (add) 
Cl( 7, 6) in Cl( 7, 6) CPU =        8.941 ms (setup)      190.229 (comm)        0.593 (pade)        0.461 (series)      189.958 (mix)        0.029 (add) 
Cl( 7, 7) in Cl( 7, 7) CPU =       18.044 ms (setup)      262.435 (comm)        0.593 (pade)        0.461 (series)      262.071 (mix)        0.029 (add) 
Cl( 8, 7) in Cl( 8, 7) CPU =       44.569 ms (setup)     1128.830 (comm)        4.680 (pade)        3.179 (series)     1127.362 (mix)        0.115 (add) 
Cl( 8, 8) in Cl( 8, 8) CPU =       90.891 ms (setup)     1515.463 (comm)        4.655 (pade)        3.179 (series)     1515.434 (mix)        0.116 (add) 
Cl( 1, 0) in Cl( 8, 8) CPU =        0.015 ms (setup)       11.710 (comm)        4.515 (pade)        3.178 (series)       10.117 (mix)        0.117 (add) 
Cl( 1, 1) in Cl( 8, 8) CPU =        0.029 ms (setup)       18.786 (comm)        4.513 (pade)        3.175 (series)       17.157 (mix)        0.116 (add) 
Cl( 2, 1) in Cl( 8, 8) CPU =        0.066 ms (setup)       28.695 (comm)        4.632 (pade)        3.174 (series)       27.069 (mix)        0.115 (add) 
Cl( 2, 2) in Cl( 8, 8) CPU =        0.780 ms (setup)       41.623 (comm)        4.607 (pade)        3.176 (series)       39.970 (mix)        0.116 (add) 
Cl( 3, 2) in Cl( 8, 8) CPU =        0.809 ms (setup)       57.755 (comm)        4.625 (pade)        3.175 (series)       56.099 (mix)        0.116 (add) 
Cl( 3, 3) in Cl( 8, 8) CPU =        0.860 ms (setup)       78.879 (comm)        4.636 (pade)        3.179 (series)       77.141 (mix)        0.117 (add) 
Cl( 4, 3) in Cl( 8, 8) CPU =        1.033 ms (setup)      104.801 (comm)        4.663 (pade)        3.179 (series)      103.084 (mix)        0.117 (add) 
Cl( 4, 4) in Cl( 8, 8) CPU =        1.268 ms (setup)      131.211 (comm)        4.643 (pade)        3.179 (series)      129.446 (mix)        0.118 (add) 
Cl( 5, 4) in Cl( 8, 8) CPU =        2.029 ms (setup)      163.582 (comm)        4.662 (pade)        3.179 (series)      161.877 (mix)        0.117 (add) 
Cl( 5, 5) in Cl( 8, 8) CPU =        3.247 ms (setup)      193.697 (comm)        4.673 (pade)        3.180 (series)      191.916 (mix)        0.117 (add) 
Cl( 6, 5) in Cl( 8, 8) CPU =        7.014 ms (setup)      250.584 (comm)        4.697 (pade)        3.179 (series)      248.697 (mix)        0.117 (add) 
Cl( 6, 6) in Cl( 8, 8) CPU =       12.860 ms (setup)      293.608 (comm)        4.657 (pade)        3.179 (series)      292.156 (mix)        0.118 (add) 
Cl( 7, 6) in Cl( 8, 8) CPU =       30.338 ms (setup)      454.654 (comm)        4.670 (pade)        3.184 (series)      452.728 (mix)        0.117 (add) 
Cl( 7, 7) in Cl( 8, 8) CPU =       58.330 ms (setup)      556.762 (comm)        4.689 (pade)        3.186 (series)      555.625 (mix)        0.118 (add) 
Cl( 8, 7) in Cl( 8, 8) CPU =      142.917 ms (setup)     1172.187 (comm)        4.667 (pade)        3.179 (series)     1168.627 (mix)        0.115 (add) 
Cl( 8, 8) in Cl( 8, 8) CPU =       90.938 ms (setup)     1517.098 (comm)        4.659 (pade)        3.178 (series)     1515.476 (mix)        0.115 (add) 
