expressions/expressions
	linux-vdso.so.1 (0x0000ffff632dc000)
	libopenblas.so.0 => /lib64/libopenblas.so.0 (0x0000ffff61f30000)
	libstdc++.so.6 => /lib64/libstdc++.so.6 (0x0000ffff61c80000)
	libm.so.6 => /lib64/libm.so.6 (0x0000ffff61bb0000)
	libgcc_s.so.1 => /lib64/libgcc_s.so.1 (0x0000ffff61b70000)
	libc.so.6 => /lib64/libc.so.6 (0x0000ffff619a0000)
	libgfortran.so.5 => /lib64/libgfortran.so.5 (0x0000ffff617d0000)
	/lib/ld-linux-aarch64.so.1 (0x0000ffff632e0000)
gfft_test/gfft_test
	linux-vdso.so.1 (0x0000ffff711fc000)
	libopenblas.so.0 => /lib64/libopenblas.so.0 (0x0000ffff6fe50000)
	libstdc++.so.6 => /lib64/libstdc++.so.6 (0x0000ffff6fba0000)
	libm.so.6 => /lib64/libm.so.6 (0x0000ffff6fad0000)
	libgcc_s.so.1 => /lib64/libgcc_s.so.1 (0x0000ffff6fa90000)
	libc.so.6 => /lib64/libc.so.6 (0x0000ffff6f8c0000)
	libgfortran.so.5 => /lib64/libgfortran.so.5 (0x0000ffff6f6f0000)
	/lib/ld-linux-aarch64.so.1 (0x0000ffff71200000)
products/products
	linux-vdso.so.1 (0x0000ffff23e8c000)
	libopenblas.so.0 => /lib64/libopenblas.so.0 (0x0000ffff22ae0000)
	libstdc++.so.6 => /lib64/libstdc++.so.6 (0x0000ffff22830000)
	libm.so.6 => /lib64/libm.so.6 (0x0000ffff22760000)
	libgcc_s.so.1 => /lib64/libgcc_s.so.1 (0x0000ffff22720000)
	libc.so.6 => /lib64/libc.so.6 (0x0000ffff22550000)
	libgfortran.so.5 => /lib64/libgfortran.so.5 (0x0000ffff22380000)
	/lib/ld-linux-aarch64.so.1 (0x0000ffff23e90000)
squaring/squaring
	linux-vdso.so.1 (0x0000fffedd74c000)
	libopenblas.so.0 => /lib64/libopenblas.so.0 (0x0000fffedc3a0000)
	libstdc++.so.6 => /lib64/libstdc++.so.6 (0x0000fffedc0f0000)
	libm.so.6 => /lib64/libm.so.6 (0x0000fffedc020000)
	libgcc_s.so.1 => /lib64/libgcc_s.so.1 (0x0000fffedbfe0000)
	libc.so.6 => /lib64/libc.so.6 (0x0000fffedbe10000)
	libgfortran.so.5 => /lib64/libgfortran.so.5 (0x0000fffedbc40000)
	/lib/ld-linux-aarch64.so.1 (0x0000fffedd750000)
transforms/transforms
	linux-vdso.so.1 (0x0000ffff0679c000)
	libopenblas.so.0 => /lib64/libopenblas.so.0 (0x0000ffff053f0000)
	libstdc++.so.6 => /lib64/libstdc++.so.6 (0x0000ffff05140000)
	libm.so.6 => /lib64/libm.so.6 (0x0000ffff05070000)
	libgcc_s.so.1 => /lib64/libgcc_s.so.1 (0x0000ffff05030000)
	libc.so.6 => /lib64/libc.so.6 (0x0000ffff04e60000)
	libgfortran.so.5 => /lib64/libgfortran.so.5 (0x0000ffff04c90000)
	/lib/ld-linux-aarch64.so.1 (0x0000ffff067a0000)
versor/versor
	linux-vdso.so.1 (0x0000ffff4394c000)
	libopenblas.so.0 => /lib64/libopenblas.so.0 (0x0000ffff425a0000)
	libstdc++.so.6 => /lib64/libstdc++.so.6 (0x0000ffff422f0000)
	libm.so.6 => /lib64/libm.so.6 (0x0000ffff42220000)
	libgcc_s.so.1 => /lib64/libgcc_s.so.1 (0x0000ffff421e0000)
	libc.so.6 => /lib64/libc.so.6 (0x0000ffff42010000)
	libgfortran.so.5 => /lib64/libgfortran.so.5 (0x0000ffff41e40000)
	/lib/ld-linux-aarch64.so.1 (0x0000ffff43950000)
