
framed_multi<float,-4,4>
Clifford algebra products test:
Fill: 0.5
Cl( 1, 0) in Cl( 1, 0) CPU =        0.001 ms (setup)        0.001 (*)        0.001 (^)        0.001 (&)        0.001 (%) 
Cl( 1, 1) in Cl( 1, 1) CPU =        0.001 ms (setup)        0.001 (*)        0.001 (^)        0.001 (&)        0.001 (%) 
Cl( 2, 1) in Cl( 2, 1) CPU =        0.001 ms (setup)        0.002 (*)        0.001 (^)        0.001 (&)        0.001 (%) 
Cl( 2, 2) in Cl( 2, 2) CPU =        0.001 ms (setup)        0.003 (*)        0.002 (^)        0.002 (&)        0.002 (%) 
Cl( 3, 2) in Cl( 3, 2) CPU =        0.003 ms (setup)        0.007 (*)        0.004 (^)        0.004 (&)        0.004 (%) 
Cl( 3, 3) in Cl( 3, 3) CPU =        0.005 ms (setup)        0.016 (*)        0.008 (^)        0.007 (&)        0.007 (%) 
Cl( 4, 3) in Cl( 4, 3) CPU =        0.012 ms (setup)        0.050 (*)        0.025 (^)        0.025 (&)        0.018 (%) 
Cl( 4, 4) in Cl( 4, 4) CPU =        0.023 ms (setup)        0.331 (*)        0.067 (^)        0.062 (&)        0.045 (%) 
Cl( 1, 0) in Cl( 4, 4) CPU =        0.001 ms (setup)        0.000 (*)        0.000 (^)        0.001 (&)        0.000 (%) 
Cl( 1, 1) in Cl( 4, 4) CPU =        0.001 ms (setup)        0.001 (*)        0.001 (^)        0.001 (&)        0.000 (%) 
Cl( 2, 1) in Cl( 4, 4) CPU =        0.001 ms (setup)        0.002 (*)        0.001 (^)        0.001 (&)        0.001 (%) 
Cl( 2, 2) in Cl( 4, 4) CPU =        0.001 ms (setup)        0.003 (*)        0.002 (^)        0.001 (&)        0.001 (%) 
Cl( 3, 2) in Cl( 4, 4) CPU =        0.003 ms (setup)        0.007 (*)        0.004 (^)        0.004 (&)        0.004 (%) 
Cl( 3, 3) in Cl( 4, 4) CPU =        0.005 ms (setup)        0.015 (*)        0.008 (^)        0.008 (&)        0.007 (%) 
Cl( 4, 3) in Cl( 4, 4) CPU =        0.012 ms (setup)        0.052 (*)        0.022 (^)        0.025 (&)        0.018 (%) 
Cl( 4, 4) in Cl( 4, 4) CPU =        0.023 ms (setup)        0.329 (*)        0.071 (^)        0.069 (&)        0.049 (%) 
Fill: 1
Cl( 1, 0) in Cl( 1, 0) CPU =        0.001 ms (setup)        0.001 (*)        0.001 (^)        0.001 (&)        0.001 (%) 
Cl( 1, 1) in Cl( 1, 1) CPU =        0.001 ms (setup)        0.002 (*)        0.001 (^)        0.001 (&)        0.001 (%) 
Cl( 2, 1) in Cl( 2, 1) CPU =        0.001 ms (setup)        0.003 (*)        0.001 (^)        0.002 (&)        0.001 (%) 
Cl( 2, 2) in Cl( 2, 2) CPU =        0.002 ms (setup)        0.005 (*)        0.002 (^)        0.003 (&)        0.002 (%) 
Cl( 3, 2) in Cl( 3, 2) CPU =        0.004 ms (setup)        0.012 (*)        0.005 (^)        0.006 (&)        0.005 (%) 
Cl( 3, 3) in Cl( 3, 3) CPU =        0.008 ms (setup)        0.036 (*)        0.011 (^)        0.014 (&)        0.011 (%) 
Cl( 4, 3) in Cl( 4, 3) CPU =        0.016 ms (setup)        0.120 (*)        0.025 (^)        0.037 (&)        0.028 (%) 
Cl( 4, 4) in Cl( 4, 4) CPU =        0.036 ms (setup)        0.405 (*)        0.065 (^)        0.104 (&)        0.072 (%) 
Cl( 1, 0) in Cl( 4, 4) CPU =        0.001 ms (setup)        0.001 (*)        0.001 (^)        0.001 (&)        0.001 (%) 
Cl( 1, 1) in Cl( 4, 4) CPU =        0.001 ms (setup)        0.002 (*)        0.001 (^)        0.001 (&)        0.001 (%) 
Cl( 2, 1) in Cl( 4, 4) CPU =        0.001 ms (setup)        0.002 (*)        0.002 (^)        0.001 (&)        0.002 (%) 
Cl( 2, 2) in Cl( 4, 4) CPU =        0.002 ms (setup)        0.004 (*)        0.002 (^)        0.003 (&)        0.002 (%) 
Cl( 3, 2) in Cl( 4, 4) CPU =        0.003 ms (setup)        0.013 (*)        0.005 (^)        0.005 (&)        0.005 (%) 
Cl( 3, 3) in Cl( 4, 4) CPU =        0.008 ms (setup)        0.036 (*)        0.011 (^)        0.015 (&)        0.011 (%) 
Cl( 4, 3) in Cl( 4, 4) CPU =        0.017 ms (setup)        0.120 (*)        0.025 (^)        0.038 (&)        0.028 (%) 
Cl( 4, 4) in Cl( 4, 4) CPU =        0.036 ms (setup)        0.403 (*)        0.064 (^)        0.104 (&)        0.072 (%) 

matrix_multi<float,-4,4>
Clifford algebra products test:
Fill: 0.5
Cl( 1, 0) in Cl( 1, 0) CPU =        0.008 ms (setup)        0.001 (*)        0.005 (^)        0.004 (&)        0.005 (%) 
Cl( 1, 1) in Cl( 1, 1) CPU =        0.003 ms (setup)        0.001 (*)        0.004 (^)        0.004 (&)        0.004 (%) 
Cl( 2, 1) in Cl( 2, 1) CPU =        0.002 ms (setup)        0.001 (*)        0.007 (^)        0.011 (&)        0.011 (%) 
Cl( 2, 2) in Cl( 2, 2) CPU =        0.005 ms (setup)        0.001 (*)        0.033 (^)        0.021 (&)        0.028 (%) 
Cl( 3, 2) in Cl( 3, 2) CPU =        0.011 ms (setup)        0.001 (*)        0.129 (^)        0.106 (&)        0.120 (%) 
Cl( 3, 3) in Cl( 3, 3) CPU =        0.021 ms (setup)        0.001 (*)        0.185 (^)        0.184 (&)        0.180 (%) 
Cl( 4, 3) in Cl( 4, 3) CPU =        0.050 ms (setup)        0.001 (*)        0.795 (^)        0.774 (&)        0.800 (%) 
Cl( 4, 4) in Cl( 4, 4) CPU =        0.101 ms (setup)        0.001 (*)        1.378 (^)        1.208 (&)        0.710 (%) 
Cl( 1, 0) in Cl( 4, 4) CPU =        0.001 ms (setup)        0.001 (*)        0.003 (^)        0.002 (&)        0.003 (%) 
Cl( 1, 1) in Cl( 4, 4) CPU =        0.002 ms (setup)        0.001 (*)        0.025 (^)        0.015 (&)        0.023 (%) 
Cl( 2, 1) in Cl( 4, 4) CPU =        0.004 ms (setup)        0.001 (*)        0.030 (^)        0.019 (&)        0.024 (%) 
Cl( 2, 2) in Cl( 4, 4) CPU =        0.009 ms (setup)        0.001 (*)        0.052 (^)        0.035 (&)        0.042 (%) 
Cl( 3, 2) in Cl( 4, 4) CPU =        0.024 ms (setup)        0.001 (*)        0.069 (^)        0.064 (&)        0.065 (%) 
Cl( 3, 3) in Cl( 4, 4) CPU =        0.036 ms (setup)        0.001 (*)        0.137 (^)        0.116 (&)        0.114 (%) 
Cl( 4, 3) in Cl( 4, 4) CPU =        0.090 ms (setup)        0.001 (*)        0.413 (^)        0.409 (&)        0.405 (%) 
Cl( 4, 4) in Cl( 4, 4) CPU =        0.053 ms (setup)        0.001 (*)        0.635 (^)        0.678 (&)        0.679 (%) 
Fill: 1
Cl( 1, 0) in Cl( 1, 0) CPU =        0.001 ms (setup)        0.000 (*)        0.003 (^)        0.002 (&)        0.003 (%) 
Cl( 1, 1) in Cl( 1, 1) CPU =        0.001 ms (setup)        0.001 (*)        0.004 (^)        0.003 (&)        0.004 (%) 
Cl( 2, 1) in Cl( 2, 1) CPU =        0.001 ms (setup)        0.000 (*)        0.011 (^)        0.011 (&)        0.011 (%) 
Cl( 2, 2) in Cl( 2, 2) CPU =        0.002 ms (setup)        0.000 (*)        0.019 (^)        0.017 (&)        0.020 (%) 
Cl( 3, 2) in Cl( 3, 2) CPU =        0.007 ms (setup)        0.000 (*)        0.068 (^)        0.071 (&)        0.072 (%) 
Cl( 3, 3) in Cl( 3, 3) CPU =        0.013 ms (setup)        0.000 (*)        0.112 (^)        0.107 (&)        0.114 (%) 
Cl( 4, 3) in Cl( 4, 3) CPU =        0.034 ms (setup)        0.001 (*)        0.488 (^)        0.489 (&)        0.489 (%) 
Cl( 4, 4) in Cl( 4, 4) CPU =        0.069 ms (setup)        0.001 (*)        0.768 (^)        0.753 (&)        0.770 (%) 
Cl( 1, 0) in Cl( 4, 4) CPU =        0.002 ms (setup)        0.001 (*)        0.019 (^)        0.013 (&)        0.015 (%) 
Cl( 1, 1) in Cl( 4, 4) CPU =        0.002 ms (setup)        0.001 (*)        0.024 (^)        0.015 (&)        0.021 (%) 
Cl( 2, 1) in Cl( 4, 4) CPU =        0.005 ms (setup)        0.001 (*)        0.039 (^)        0.026 (&)        0.030 (%) 
Cl( 2, 2) in Cl( 4, 4) CPU =        0.010 ms (setup)        0.001 (*)        0.055 (^)        0.037 (&)        0.044 (%) 
Cl( 3, 2) in Cl( 4, 4) CPU =        0.024 ms (setup)        0.001 (*)        0.129 (^)        0.090 (&)        0.095 (%) 
Cl( 3, 3) in Cl( 4, 4) CPU =        0.043 ms (setup)        0.001 (*)        0.182 (^)        0.150 (&)        0.157 (%) 
Cl( 4, 3) in Cl( 4, 4) CPU =        0.113 ms (setup)        0.001 (*)        0.536 (^)        0.492 (&)        0.485 (%) 
Cl( 4, 4) in Cl( 4, 4) CPU =        0.069 ms (setup)        0.001 (*)        0.761 (^)        0.752 (&)        0.763 (%) 

framed_multi<double>
Clifford algebra products test:
Fill: 0.5
Cl( 1, 0) in Cl( 1, 0) CPU =        0.000 ms (setup)        0.000 (*)        0.000 (^)        0.001 (&)        0.001 (%) 
Cl( 1, 1) in Cl( 1, 1) CPU =        0.001 ms (setup)        0.001 (*)        0.001 (^)        0.001 (&)        0.001 (%) 
Cl( 2, 1) in Cl( 2, 1) CPU =        0.001 ms (setup)        0.001 (*)        0.001 (^)        0.001 (&)        0.001 (%) 
Cl( 2, 2) in Cl( 2, 2) CPU =        0.001 ms (setup)        0.002 (*)        0.001 (^)        0.001 (&)        0.001 (%) 
Cl( 3, 2) in Cl( 3, 2) CPU =        0.002 ms (setup)        0.004 (*)        0.002 (^)        0.002 (&)        0.002 (%) 
Cl( 3, 3) in Cl( 3, 3) CPU =        0.003 ms (setup)        0.011 (*)        0.006 (^)        0.005 (&)        0.005 (%) 
Cl( 4, 3) in Cl( 4, 3) CPU =        0.007 ms (setup)        0.030 (*)        0.017 (^)        0.013 (&)        0.011 (%) 
Cl( 4, 4) in Cl( 4, 4) CPU =        0.013 ms (setup)        0.163 (*)        0.054 (^)        0.039 (&)        0.034 (%) 
Cl( 5, 4) in Cl( 5, 4) CPU =        0.029 ms (setup)        0.582 (*)        0.165 (^)        0.121 (&)        0.095 (%) 
Cl( 5, 5) in Cl( 5, 5) CPU =        0.057 ms (setup)        0.808 (*)        0.472 (^)        0.314 (&)        0.232 (%) 
Cl( 6, 5) in Cl( 6, 5) CPU =        0.118 ms (setup)        3.051 (*)        1.357 (^)        0.974 (&)        0.577 (%) 
Cl( 6, 6) in Cl( 6, 6) CPU =        0.240 ms (setup)        4.199 (*)        3.792 (^)        2.617 (&)        1.534 (%) 
Cl( 7, 6) in Cl( 7, 6) CPU =        0.488 ms (setup)       14.462 (*)       11.319 (^)        8.125 (&)        4.508 (%) 
Cl( 7, 7) in Cl( 7, 7) CPU =        0.984 ms (setup)       20.040 (*)       33.159 (^)       23.741 (&)       13.034 (%) 
Cl( 8, 7) in Cl( 8, 7) CPU =        1.998 ms (setup)       71.882 (*)       98.293 (^)       70.312 (&)       37.973 (%) 
Cl( 8, 8) in Cl( 8, 8) CPU =        4.004 ms (setup)      100.524 (*)      288.558 (^)      208.459 (&)      109.244 (%) 
Cl( 1, 0) in Cl( 8, 8) CPU =        0.001 ms (setup)        0.001 (*)        0.000 (^)        0.001 (&)        0.000 (%) 
Cl( 1, 1) in Cl( 8, 8) CPU =        0.000 ms (setup)        0.000 (*)        0.001 (^)        0.000 (&)        0.000 (%) 
Cl( 2, 1) in Cl( 8, 8) CPU =        0.001 ms (setup)        0.001 (*)        0.001 (^)        0.000 (&)        0.001 (%) 
Cl( 2, 2) in Cl( 8, 8) CPU =        0.001 ms (setup)        0.002 (*)        0.001 (^)        0.001 (&)        0.001 (%) 
Cl( 3, 2) in Cl( 8, 8) CPU =        0.002 ms (setup)        0.003 (*)        0.002 (^)        0.002 (&)        0.002 (%) 
Cl( 3, 3) in Cl( 8, 8) CPU =        0.003 ms (setup)        0.011 (*)        0.006 (^)        0.005 (&)        0.005 (%) 
Cl( 4, 3) in Cl( 8, 8) CPU =        0.007 ms (setup)        0.026 (*)        0.016 (^)        0.013 (&)        0.011 (%) 
Cl( 4, 4) in Cl( 8, 8) CPU =        0.013 ms (setup)        0.160 (*)        0.054 (^)        0.040 (&)        0.033 (%) 
Cl( 5, 4) in Cl( 8, 8) CPU =        0.027 ms (setup)        0.582 (*)        0.168 (^)        0.122 (&)        0.086 (%) 
Cl( 5, 5) in Cl( 8, 8) CPU =        0.057 ms (setup)        0.800 (*)        0.436 (^)        0.307 (&)        0.214 (%) 
Cl( 6, 5) in Cl( 8, 8) CPU =        0.118 ms (setup)        3.017 (*)        1.342 (^)        0.944 (&)        0.609 (%) 
Cl( 6, 6) in Cl( 8, 8) CPU =        0.235 ms (setup)        4.145 (*)        3.833 (^)        2.570 (&)        1.548 (%) 
Cl( 7, 6) in Cl( 8, 8) CPU =        0.485 ms (setup)       14.290 (*)       11.225 (^)        8.027 (&)        4.495 (%) 
Cl( 7, 7) in Cl( 8, 8) CPU =        0.984 ms (setup)       19.790 (*)       32.966 (^)       23.535 (&)       12.848 (%) 
Cl( 8, 7) in Cl( 8, 8) CPU =        1.986 ms (setup)       71.784 (*)       97.603 (^)       69.979 (&)       37.450 (%) 
Cl( 8, 8) in Cl( 8, 8) CPU =        4.009 ms (setup)      100.718 (*)      289.591 (^)      209.883 (&)      110.009 (%) 
Fill: 1
Cl( 1, 0) in Cl( 1, 0) CPU =        0.001 ms (setup)        0.001 (*)        0.001 (^)        0.000 (&)        0.001 (%) 
Cl( 1, 1) in Cl( 1, 1) CPU =        0.001 ms (setup)        0.001 (*)        0.001 (^)        0.001 (&)        0.001 (%) 
Cl( 2, 1) in Cl( 2, 1) CPU =        0.001 ms (setup)        0.001 (*)        0.001 (^)        0.001 (&)        0.001 (%) 
Cl( 2, 2) in Cl( 2, 2) CPU =        0.001 ms (setup)        0.003 (*)        0.002 (^)        0.001 (&)        0.002 (%) 
Cl( 3, 2) in Cl( 3, 2) CPU =        0.002 ms (setup)        0.007 (*)        0.004 (^)        0.004 (&)        0.003 (%) 
Cl( 3, 3) in Cl( 3, 3) CPU =        0.005 ms (setup)        0.020 (*)        0.007 (^)        0.008 (&)        0.007 (%) 
Cl( 4, 3) in Cl( 4, 3) CPU =        0.009 ms (setup)        0.065 (*)        0.022 (^)        0.024 (&)        0.018 (%) 
Cl( 4, 4) in Cl( 4, 4) CPU =        0.021 ms (setup)        0.199 (*)        0.054 (^)        0.061 (&)        0.050 (%) 
Cl( 5, 4) in Cl( 5, 4) CPU =        0.044 ms (setup)        0.688 (*)        0.144 (^)        0.156 (&)        0.119 (%) 
Cl( 5, 5) in Cl( 5, 5) CPU =        0.093 ms (setup)        1.020 (*)        0.367 (^)        0.404 (&)        0.290 (%) 
Cl( 6, 5) in Cl( 6, 5) CPU =        0.189 ms (setup)        3.672 (*)        0.967 (^)        1.065 (&)        0.727 (%) 
Cl( 6, 6) in Cl( 6, 6) CPU =        0.384 ms (setup)        5.541 (*)        2.627 (^)        2.893 (&)        1.855 (%) 
Cl( 7, 6) in Cl( 7, 6) CPU =        0.794 ms (setup)       17.841 (*)        7.332 (^)        8.344 (&)        5.008 (%) 
Cl( 7, 7) in Cl( 7, 7) CPU =        1.562 ms (setup)       27.306 (*)       20.686 (^)       24.210 (&)       13.768 (%) 
Cl( 8, 7) in Cl( 8, 7) CPU =        3.182 ms (setup)       91.573 (*)       59.724 (^)       70.953 (&)       39.171 (%) 
Cl( 8, 8) in Cl( 8, 8) CPU =        6.373 ms (setup)      143.714 (*)      172.667 (^)      209.363 (&)      111.788 (%) 
Cl( 1, 0) in Cl( 8, 8) CPU =        0.001 ms (setup)        0.001 (*)        0.001 (^)        0.001 (&)        0.000 (%) 
Cl( 1, 1) in Cl( 8, 8) CPU =        0.001 ms (setup)        0.001 (*)        0.001 (^)        0.001 (&)        0.001 (%) 
Cl( 2, 1) in Cl( 8, 8) CPU =        0.001 ms (setup)        0.002 (*)        0.001 (^)        0.001 (&)        0.001 (%) 
Cl( 2, 2) in Cl( 8, 8) CPU =        0.001 ms (setup)        0.003 (*)        0.001 (^)        0.002 (&)        0.002 (%) 
Cl( 3, 2) in Cl( 8, 8) CPU =        0.003 ms (setup)        0.007 (*)        0.003 (^)        0.004 (&)        0.003 (%) 
Cl( 3, 3) in Cl( 8, 8) CPU =        0.005 ms (setup)        0.021 (*)        0.008 (^)        0.009 (&)        0.009 (%) 
Cl( 4, 3) in Cl( 8, 8) CPU =        0.009 ms (setup)        0.064 (*)        0.020 (^)        0.023 (&)        0.019 (%) 
Cl( 4, 4) in Cl( 8, 8) CPU =        0.022 ms (setup)        0.195 (*)        0.057 (^)        0.062 (&)        0.051 (%) 
Cl( 5, 4) in Cl( 8, 8) CPU =        0.043 ms (setup)        0.694 (*)        0.145 (^)        0.157 (&)        0.118 (%) 
Cl( 5, 5) in Cl( 8, 8) CPU =        0.093 ms (setup)        1.023 (*)        0.367 (^)        0.404 (&)        0.293 (%) 
Cl( 6, 5) in Cl( 8, 8) CPU =        0.190 ms (setup)        3.671 (*)        0.965 (^)        1.065 (&)        0.727 (%) 
Cl( 6, 6) in Cl( 8, 8) CPU =        0.383 ms (setup)        5.527 (*)        2.624 (^)        2.891 (&)        1.854 (%) 
Cl( 7, 6) in Cl( 8, 8) CPU =        0.781 ms (setup)       17.821 (*)        7.325 (^)        8.347 (&)        5.000 (%) 
Cl( 7, 7) in Cl( 8, 8) CPU =        1.568 ms (setup)       27.300 (*)       20.697 (^)       24.221 (&)       13.707 (%) 
Cl( 8, 7) in Cl( 8, 8) CPU =        3.196 ms (setup)       91.572 (*)       59.812 (^)       71.516 (&)       39.598 (%) 
Cl( 8, 8) in Cl( 8, 8) CPU =        6.357 ms (setup)      143.328 (*)      172.540 (^)      208.893 (&)      111.627 (%) 

matrix_multi<double>
Clifford algebra products test:
Fill: 0.5
Cl( 1, 0) in Cl( 1, 0) CPU =        0.001 ms (setup)        0.000 (*)        0.002 (^)        0.002 (&)        0.002 (%) 
Cl( 1, 1) in Cl( 1, 1) CPU =        0.002 ms (setup)        0.000 (*)        0.004 (^)        0.003 (&)        0.004 (%) 
Cl( 2, 1) in Cl( 2, 1) CPU =        0.004 ms (setup)        0.001 (*)        0.006 (^)        0.006 (&)        0.006 (%) 
Cl( 2, 2) in Cl( 2, 2) CPU =        0.004 ms (setup)        0.000 (*)        0.008 (^)        0.009 (&)        0.011 (%) 
Cl( 3, 2) in Cl( 3, 2) CPU =        0.007 ms (setup)        0.000 (*)        0.051 (^)        0.049 (&)        0.051 (%) 
Cl( 3, 3) in Cl( 3, 3) CPU =        0.011 ms (setup)        0.001 (*)        0.102 (^)        0.091 (&)        0.100 (%) 
Cl( 4, 3) in Cl( 4, 3) CPU =        0.029 ms (setup)        0.001 (*)        0.363 (^)        0.395 (&)        0.392 (%) 
Cl( 4, 4) in Cl( 4, 4) CPU =        0.052 ms (setup)        0.001 (*)        0.622 (^)        0.615 (&)        0.643 (%) 
Cl( 5, 4) in Cl( 5, 4) CPU =        0.128 ms (setup)        0.003 (*)        2.323 (^)        2.544 (&)        2.541 (%) 
Cl( 5, 5) in Cl( 5, 5) CPU =        0.247 ms (setup)        0.003 (*)        3.811 (^)        4.012 (&)        3.952 (%) 
Cl( 6, 5) in Cl( 6, 5) CPU =        0.589 ms (setup)        0.015 (*)       15.084 (^)       15.515 (&)       15.242 (%) 
Cl( 6, 6) in Cl( 6, 6) CPU =        1.171 ms (setup)        0.015 (*)       21.816 (^)       22.613 (&)       21.973 (%) 
Cl( 7, 6) in Cl( 7, 6) CPU =        2.753 ms (setup)        0.103 (*)       84.070 (^)       93.291 (&)       85.907 (%) 
Cl( 7, 7) in Cl( 7, 7) CPU =        5.509 ms (setup)        0.103 (*)      115.308 (^)      126.135 (&)      118.050 (%) 
Cl( 8, 7) in Cl( 8, 7) CPU =       12.895 ms (setup)        0.824 (*)      650.962 (^)      588.409 (&)      519.311 (%) 
Cl( 8, 8) in Cl( 8, 8) CPU =       26.100 ms (setup)        0.826 (*)      681.641 (^)      739.609 (&)      673.975 (%) 
Cl( 1, 0) in Cl( 8, 8) CPU =        0.005 ms (setup)        0.829 (*)        3.231 (^)        1.617 (&)        3.287 (%) 
Cl( 1, 1) in Cl( 8, 8) CPU =        0.021 ms (setup)        0.831 (*)       11.051 (^)        6.048 (&)        8.401 (%) 
Cl( 2, 1) in Cl( 8, 8) CPU =        0.034 ms (setup)        0.831 (*)       17.648 (^)       10.817 (&)       12.133 (%) 
Cl( 2, 2) in Cl( 8, 8) CPU =        0.051 ms (setup)        0.830 (*)       11.322 (^)       10.825 (&)        8.408 (%) 
Cl( 3, 2) in Cl( 8, 8) CPU =        0.080 ms (setup)        0.826 (*)       17.787 (^)       17.000 (&)       12.179 (%) 
Cl( 3, 3) in Cl( 8, 8) CPU =        0.420 ms (setup)        0.825 (*)       26.076 (^)       25.067 (&)       17.040 (%) 
Cl( 4, 3) in Cl( 8, 8) CPU =        0.473 ms (setup)        0.826 (*)       61.910 (^)       47.575 (&)       37.534 (%) 
Cl( 4, 4) in Cl( 8, 8) CPU =        0.572 ms (setup)        0.827 (*)       63.370 (^)       61.517 (&)       39.122 (%) 
Cl( 5, 4) in Cl( 8, 8) CPU =        0.845 ms (setup)        0.825 (*)       82.315 (^)       64.334 (&)       49.778 (%) 
Cl( 5, 5) in Cl( 8, 8) CPU =        1.314 ms (setup)        0.826 (*)       98.090 (^)       80.977 (&)       60.621 (%) 
Cl( 6, 5) in Cl( 8, 8) CPU =        2.603 ms (setup)        0.826 (*)      108.356 (^)      108.311 (&)       72.146 (%) 
Cl( 6, 6) in Cl( 8, 8) CPU =        4.734 ms (setup)        0.825 (*)      153.114 (^)      153.838 (&)      111.642 (%) 
Cl( 7, 6) in Cl( 8, 8) CPU =       11.041 ms (setup)        0.826 (*)      202.113 (^)      211.768 (&)      158.786 (%) 
Cl( 7, 7) in Cl( 8, 8) CPU =       20.775 ms (setup)        0.825 (*)      260.740 (^)      268.291 (&)      217.953 (%) 
Cl( 8, 7) in Cl( 8, 8) CPU =       49.584 ms (setup)        0.827 (*)      549.397 (^)      564.369 (&)      504.531 (%) 
Cl( 8, 8) in Cl( 8, 8) CPU =       25.925 ms (setup)        0.839 (*)      655.016 (^)      739.354 (&)      657.296 (%) 
Fill: 1
Cl( 1, 0) in Cl( 1, 0) CPU =        0.001 ms (setup)        0.000 (*)        0.003 (^)        0.002 (&)        0.003 (%) 
Cl( 1, 1) in Cl( 1, 1) CPU =        0.001 ms (setup)        0.000 (*)        0.004 (^)        0.003 (&)        0.004 (%) 
Cl( 2, 1) in Cl( 2, 1) CPU =        0.002 ms (setup)        0.000 (*)        0.013 (^)        0.011 (&)        0.013 (%) 
Cl( 2, 2) in Cl( 2, 2) CPU =        0.003 ms (setup)        0.000 (*)        0.021 (^)        0.018 (&)        0.020 (%) 
Cl( 3, 2) in Cl( 3, 2) CPU =        0.007 ms (setup)        0.001 (*)        0.069 (^)        0.070 (&)        0.072 (%) 
Cl( 3, 3) in Cl( 3, 3) CPU =        0.014 ms (setup)        0.000 (*)        0.116 (^)        0.109 (&)        0.117 (%) 
Cl( 4, 3) in Cl( 4, 3) CPU =        0.037 ms (setup)        0.001 (*)        0.495 (^)        0.490 (&)        0.487 (%) 
Cl( 4, 4) in Cl( 4, 4) CPU =        0.074 ms (setup)        0.001 (*)        0.756 (^)        0.745 (&)        0.756 (%) 
Cl( 5, 4) in Cl( 5, 4) CPU =        0.185 ms (setup)        0.003 (*)        2.873 (^)        2.942 (&)        2.883 (%) 
Cl( 5, 5) in Cl( 5, 5) CPU =        0.377 ms (setup)        0.003 (*)        4.296 (^)        4.353 (&)        4.312 (%) 
Cl( 6, 5) in Cl( 6, 5) CPU =        0.900 ms (setup)        0.015 (*)       16.247 (^)       16.913 (&)       16.344 (%) 
Cl( 6, 6) in Cl( 6, 6) CPU =        1.828 ms (setup)        0.015 (*)       23.325 (^)       24.121 (&)       23.347 (%) 
Cl( 7, 6) in Cl( 7, 6) CPU =        4.471 ms (setup)        0.104 (*)       90.988 (^)       97.329 (&)       91.302 (%) 
Cl( 7, 7) in Cl( 7, 7) CPU =        9.015 ms (setup)        0.104 (*)      126.040 (^)      132.872 (&)      126.404 (%) 
Cl( 8, 7) in Cl( 8, 7) CPU =       22.249 ms (setup)        0.835 (*)      672.484 (^)      611.452 (&)      540.896 (%) 
Cl( 8, 8) in Cl( 8, 8) CPU =       45.452 ms (setup)        0.838 (*)      726.004 (^)      807.827 (&)      728.094 (%) 
Cl( 1, 0) in Cl( 8, 8) CPU =        0.009 ms (setup)        0.839 (*)        6.527 (^)        3.328 (&)        5.545 (%) 
Cl( 1, 1) in Cl( 8, 8) CPU =        0.017 ms (setup)        0.841 (*)       11.146 (^)        6.112 (&)        8.474 (%) 
Cl( 2, 1) in Cl( 8, 8) CPU =        0.036 ms (setup)        0.841 (*)       17.780 (^)       10.932 (&)       12.239 (%) 
Cl( 2, 2) in Cl( 8, 8) CPU =        0.393 ms (setup)        0.836 (*)       25.674 (^)       16.956 (&)       16.831 (%) 
Cl( 3, 2) in Cl( 8, 8) CPU =        0.408 ms (setup)        0.836 (*)       35.828 (^)       25.275 (&)       22.440 (%) 
Cl( 3, 3) in Cl( 8, 8) CPU =        0.433 ms (setup)        0.836 (*)       48.078 (^)       35.563 (&)       29.706 (%) 
Cl( 4, 3) in Cl( 8, 8) CPU =        0.525 ms (setup)        0.837 (*)       63.627 (^)       49.034 (&)       38.776 (%) 
Cl( 4, 4) in Cl( 8, 8) CPU =        0.650 ms (setup)        0.836 (*)       79.085 (^)       62.497 (&)       47.614 (%) 
Cl( 5, 4) in Cl( 8, 8) CPU =        1.032 ms (setup)        0.837 (*)       97.020 (^)       80.181 (&)       59.266 (%) 
Cl( 5, 5) in Cl( 8, 8) CPU =        1.642 ms (setup)        0.836 (*)      111.684 (^)       98.463 (&)       71.331 (%) 
Cl( 6, 5) in Cl( 8, 8) CPU =        3.512 ms (setup)        0.837 (*)      140.258 (^)      129.620 (&)       94.744 (%) 
Cl( 6, 6) in Cl( 8, 8) CPU =        6.442 ms (setup)        0.835 (*)      157.314 (^)      158.213 (&)      115.730 (%) 
Cl( 7, 6) in Cl( 8, 8) CPU =       15.157 ms (setup)        0.837 (*)      237.992 (^)      240.730 (&)      188.654 (%) 
Cl( 7, 7) in Cl( 8, 8) CPU =       29.205 ms (setup)        0.836 (*)      278.689 (^)      303.469 (&)      242.316 (%) 
Cl( 8, 7) in Cl( 8, 8) CPU =       71.251 ms (setup)        0.836 (*)      580.681 (^)      613.208 (&)      541.948 (%) 
Cl( 8, 8) in Cl( 8, 8) CPU =       45.538 ms (setup)        0.837 (*)      726.317 (^)      808.072 (&)      729.948 (%) 
