
framed_multi<float,-4,4>
Clifford algebra expressions test:
Fill: 0.5
Cl( 1, 0) in Cl( 1, 0) CPU =        0.007 ms (setup)        0.004 (comm)        0.011 (pade)        0.005 (series)        0.002 (mix)        0.004 (add) 
Cl( 1, 1) in Cl( 1, 1) CPU =        0.003 ms (setup)        0.003 (comm)        0.011 (pade)        0.002 (series)        0.001 (mix)        0.004 (add) 
Cl( 2, 1) in Cl( 2, 1) CPU =        0.004 ms (setup)        0.013 (comm)        0.029 (pade)        0.017 (series)        0.005 (mix)        0.004 (add) 
Cl( 2, 2) in Cl( 2, 2) CPU =        0.007 ms (setup)        0.022 (comm)        0.032 (pade)        0.030 (series)        0.007 (mix)        0.005 (add) 
Cl( 3, 2) in Cl( 3, 2) CPU =        0.012 ms (setup)        0.047 (comm)        0.141 (pade)        0.049 (series)        0.017 (mix)        0.009 (add) 
Cl( 3, 3) in Cl( 3, 3) CPU =        0.026 ms (setup)        0.116 (comm)        0.221 (pade)        0.184 (series)        0.041 (mix)        0.013 (add) 
Cl( 4, 3) in Cl( 4, 3) CPU =        0.071 ms (setup)        0.294 (comm)        0.740 (pade)        0.558 (series)        0.150 (mix)        0.026 (add) 
Cl( 4, 4) in Cl( 4, 4) CPU =        0.079 ms (setup)        1.855 (comm)        0.856 (pade)        2.989 (series)        0.243 (mix)        0.053 (add) 
Cl( 1, 0) in Cl( 4, 4) CPU =        0.002 ms (setup)        0.002 (comm)        0.009 (pade)        0.005 (series)        0.001 (mix)        0.002 (add) 
Cl( 1, 1) in Cl( 4, 4) CPU =        0.003 ms (setup)        0.007 (comm)        0.009 (pade)        0.005 (series)        0.002 (mix)        0.003 (add) 
Cl( 2, 1) in Cl( 4, 4) CPU =        0.004 ms (setup)        0.011 (comm)        0.021 (pade)        0.014 (series)        0.003 (mix)        0.004 (add) 
Cl( 2, 2) in Cl( 4, 4) CPU =        0.006 ms (setup)        0.018 (comm)        0.024 (pade)        0.026 (series)        0.007 (mix)        0.004 (add) 
Cl( 3, 2) in Cl( 4, 4) CPU =        0.011 ms (setup)        0.038 (comm)        0.117 (pade)        0.058 (series)        0.013 (mix)        0.007 (add) 
Cl( 3, 3) in Cl( 4, 4) CPU =        0.018 ms (setup)        0.098 (comm)        0.162 (pade)        0.155 (series)        0.033 (mix)        0.014 (add) 
Cl( 4, 3) in Cl( 4, 4) CPU =        0.037 ms (setup)        0.209 (comm)        0.514 (pade)        0.399 (series)        0.075 (mix)        0.019 (add) 
Cl( 4, 4) in Cl( 4, 4) CPU =        0.067 ms (setup)        1.237 (comm)        0.587 (pade)        2.272 (series)        0.183 (mix)        0.038 (add) 
Fill: 1
Cl( 1, 0) in Cl( 1, 0) CPU =        0.002 ms (setup)        0.008 (comm)        0.006 (pade)        0.007 (series)        0.002 (mix)        0.003 (add) 
Cl( 1, 1) in Cl( 1, 1) CPU =        0.003 ms (setup)        0.008 (comm)        0.007 (pade)        0.009 (series)        0.003 (mix)        0.003 (add) 
Cl( 2, 1) in Cl( 2, 1) CPU =        0.004 ms (setup)        0.010 (comm)        0.018 (pade)        0.013 (series)        0.004 (mix)        0.004 (add) 
Cl( 2, 2) in Cl( 2, 2) CPU =        0.005 ms (setup)        0.020 (comm)        0.027 (pade)        0.025 (series)        0.007 (mix)        0.004 (add) 
Cl( 3, 2) in Cl( 3, 2) CPU =        0.011 ms (setup)        0.054 (comm)        0.089 (pade)        0.067 (series)        0.016 (mix)        0.007 (add) 
Cl( 3, 3) in Cl( 3, 3) CPU =        0.020 ms (setup)        0.143 (comm)        0.127 (pade)        0.202 (series)        0.038 (mix)        0.012 (add) 
Cl( 4, 3) in Cl( 4, 3) CPU =        0.043 ms (setup)        0.420 (comm)        0.452 (pade)        0.640 (series)        0.095 (mix)        0.024 (add) 
Cl( 4, 4) in Cl( 4, 4) CPU =        0.092 ms (setup)        1.564 (comm)        0.664 (pade)        2.611 (series)        0.251 (mix)        0.080 (add) 
Cl( 1, 0) in Cl( 4, 4) CPU =        0.002 ms (setup)        0.009 (comm)        0.007 (pade)        0.007 (series)        0.002 (mix)        0.003 (add) 
Cl( 1, 1) in Cl( 4, 4) CPU =        0.003 ms (setup)        0.008 (comm)        0.007 (pade)        0.008 (series)        0.002 (mix)        0.003 (add) 
Cl( 2, 1) in Cl( 4, 4) CPU =        0.004 ms (setup)        0.011 (comm)        0.018 (pade)        0.013 (series)        0.004 (mix)        0.003 (add) 
Cl( 2, 2) in Cl( 4, 4) CPU =        0.007 ms (setup)        0.020 (comm)        0.028 (pade)        0.026 (series)        0.007 (mix)        0.004 (add) 
Cl( 3, 2) in Cl( 4, 4) CPU =        0.012 ms (setup)        0.053 (comm)        0.089 (pade)        0.067 (series)        0.015 (mix)        0.007 (add) 
Cl( 3, 3) in Cl( 4, 4) CPU =        0.021 ms (setup)        0.142 (comm)        0.128 (pade)        0.198 (series)        0.038 (mix)        0.012 (add) 
Cl( 4, 3) in Cl( 4, 4) CPU =        0.042 ms (setup)        0.422 (comm)        0.450 (pade)        0.647 (series)        0.094 (mix)        0.024 (add) 
Cl( 4, 4) in Cl( 4, 4) CPU =        0.092 ms (setup)        1.690 (comm)        0.799 (pade)        2.744 (series)        0.312 (mix)        0.071 (add) 

matrix_multi<float,-4,4>
Clifford algebra expressions test:
Fill: 0.5
Cl( 1, 0) in Cl( 1, 0) CPU =        0.003 ms (setup)        0.008 (comm)        0.003 (pade)        0.003 (series)        0.006 (mix)        0.001 (add) 
Cl( 1, 1) in Cl( 1, 1) CPU =        0.006 ms (setup)        0.016 (comm)        0.002 (pade)        0.003 (series)        0.015 (mix)        0.001 (add) 
Cl( 2, 1) in Cl( 2, 1) CPU =        0.007 ms (setup)        0.146 (comm)        0.003 (pade)        0.003 (series)        0.073 (mix)        0.001 (add) 
Cl( 2, 2) in Cl( 2, 2) CPU =        0.008 ms (setup)        0.112 (comm)        0.003 (pade)        0.003 (series)        0.177 (mix)        0.001 (add) 
Cl( 3, 2) in Cl( 3, 2) CPU =        0.033 ms (setup)        0.368 (comm)        0.005 (pade)        0.005 (series)        0.518 (mix)        0.001 (add) 
Cl( 3, 3) in Cl( 3, 3) CPU =        0.060 ms (setup)        0.673 (comm)        0.005 (pade)        0.005 (series)        0.666 (mix)        0.001 (add) 
Cl( 4, 3) in Cl( 4, 3) CPU =        0.152 ms (setup)        2.933 (comm)        0.011 (pade)        0.009 (series)        2.928 (mix)        0.001 (add) 
Cl( 4, 4) in Cl( 4, 4) CPU =        0.291 ms (setup)        4.351 (comm)        0.011 (pade)        0.009 (series)        4.340 (mix)        0.001 (add) 
Cl( 1, 0) in Cl( 4, 4) CPU =        0.009 ms (setup)        0.068 (comm)        0.010 (pade)        0.014 (series)        0.063 (mix)        0.001 (add) 
Cl( 1, 1) in Cl( 4, 4) CPU =        0.011 ms (setup)        0.088 (comm)        0.010 (pade)        0.009 (series)        0.085 (mix)        0.001 (add) 
Cl( 2, 1) in Cl( 4, 4) CPU =        0.019 ms (setup)        0.209 (comm)        0.011 (pade)        0.009 (series)        0.209 (mix)        0.001 (add) 
Cl( 2, 2) in Cl( 4, 4) CPU =        0.033 ms (setup)        0.261 (comm)        0.011 (pade)        0.009 (series)        0.255 (mix)        0.001 (add) 
Cl( 3, 2) in Cl( 4, 4) CPU =        0.140 ms (setup)        0.699 (comm)        0.011 (pade)        0.009 (series)        0.692 (mix)        0.001 (add) 
Cl( 3, 3) in Cl( 4, 4) CPU =        0.212 ms (setup)        1.026 (comm)        0.011 (pade)        0.009 (series)        1.027 (mix)        0.001 (add) 
Cl( 4, 3) in Cl( 4, 4) CPU =        0.558 ms (setup)        2.794 (comm)        0.011 (pade)        0.009 (series)        2.772 (mix)        0.001 (add) 
Cl( 4, 4) in Cl( 4, 4) CPU =        0.287 ms (setup)        4.729 (comm)        0.011 (pade)        0.009 (series)        4.394 (mix)        0.001 (add) 
Fill: 1
Cl( 1, 0) in Cl( 1, 0) CPU =        0.004 ms (setup)        0.019 (comm)        0.003 (pade)        0.003 (series)        0.015 (mix)        0.001 (add) 
Cl( 1, 1) in Cl( 1, 1) CPU =        0.005 ms (setup)        0.026 (comm)        0.003 (pade)        0.003 (series)        0.024 (mix)        0.001 (add) 
Cl( 2, 1) in Cl( 2, 1) CPU =        0.008 ms (setup)        0.093 (comm)        0.003 (pade)        0.003 (series)        0.081 (mix)        0.001 (add) 
Cl( 2, 2) in Cl( 2, 2) CPU =        0.016 ms (setup)        0.137 (comm)        0.003 (pade)        0.003 (series)        0.135 (mix)        0.001 (add) 
Cl( 3, 2) in Cl( 3, 2) CPU =        0.040 ms (setup)        0.518 (comm)        0.005 (pade)        0.005 (series)        0.511 (mix)        0.001 (add) 
Cl( 3, 3) in Cl( 3, 3) CPU =        0.077 ms (setup)        0.818 (comm)        0.005 (pade)        0.005 (series)        0.809 (mix)        0.001 (add) 
Cl( 4, 3) in Cl( 4, 3) CPU =        0.198 ms (setup)        3.392 (comm)        0.011 (pade)        0.009 (series)        3.388 (mix)        0.001 (add) 
Cl( 4, 4) in Cl( 4, 4) CPU =        0.403 ms (setup)        5.227 (comm)        0.011 (pade)        0.009 (series)        5.351 (mix)        0.001 (add) 
Cl( 1, 0) in Cl( 4, 4) CPU =        0.011 ms (setup)        0.128 (comm)        0.010 (pade)        0.009 (series)        0.124 (mix)        0.001 (add) 
Cl( 1, 1) in Cl( 4, 4) CPU =        0.012 ms (setup)        0.175 (comm)        0.011 (pade)        0.009 (series)        0.176 (mix)        0.001 (add) 
Cl( 2, 1) in Cl( 4, 4) CPU =        0.027 ms (setup)        0.252 (comm)        0.011 (pade)        0.009 (series)        0.248 (mix)        0.001 (add) 
Cl( 2, 2) in Cl( 4, 4) CPU =        0.072 ms (setup)        0.382 (comm)        0.011 (pade)        0.009 (series)        0.378 (mix)        0.001 (add) 
Cl( 3, 2) in Cl( 4, 4) CPU =        0.163 ms (setup)        0.914 (comm)        0.011 (pade)        0.009 (series)        0.774 (mix)        0.001 (add) 
Cl( 3, 3) in Cl( 4, 4) CPU =        0.265 ms (setup)        1.232 (comm)        0.011 (pade)        0.009 (series)        1.231 (mix)        0.001 (add) 
Cl( 4, 3) in Cl( 4, 4) CPU =        0.720 ms (setup)        3.574 (comm)        0.011 (pade)        0.009 (series)        3.650 (mix)        0.001 (add) 
Cl( 4, 4) in Cl( 4, 4) CPU =        0.410 ms (setup)        5.058 (comm)        0.011 (pade)        0.009 (series)        5.054 (mix)        0.001 (add) 

framed_multi<double>
Clifford algebra expressions test:
Fill: 0.5
Cl( 1, 0) in Cl( 1, 0) CPU =        0.003 ms (setup)        0.004 (comm)        0.007 (pade)        0.003 (series)        0.001 (mix)        0.003 (add) 
Cl( 1, 1) in Cl( 1, 1) CPU =        0.003 ms (setup)        0.002 (comm)        0.007 (pade)        0.002 (series)        0.001 (mix)        0.002 (add) 
Cl( 2, 1) in Cl( 2, 1) CPU =        0.003 ms (setup)        0.011 (comm)        0.017 (pade)        0.012 (series)        0.004 (mix)        0.003 (add) 
Cl( 2, 2) in Cl( 2, 2) CPU =        0.005 ms (setup)        0.018 (comm)        0.020 (pade)        0.023 (series)        0.007 (mix)        0.003 (add) 
Cl( 3, 2) in Cl( 3, 2) CPU =        0.008 ms (setup)        0.040 (comm)        0.091 (pade)        0.041 (series)        0.014 (mix)        0.005 (add) 
Cl( 3, 3) in Cl( 3, 3) CPU =        0.017 ms (setup)        0.102 (comm)        0.123 (pade)        0.167 (series)        0.035 (mix)        0.007 (add) 
Cl( 4, 3) in Cl( 4, 3) CPU =        0.029 ms (setup)        0.259 (comm)        0.392 (pade)        0.492 (series)        0.081 (mix)        0.013 (add) 
Cl( 4, 4) in Cl( 4, 4) CPU =        0.060 ms (setup)        1.244 (comm)        0.623 (pade)        2.155 (series)        0.212 (mix)        0.032 (add) 
Cl( 5, 4) in Cl( 5, 4) CPU =        0.122 ms (setup)        4.054 (comm)        5.431 (pade)        7.213 (series)        0.547 (mix)        0.061 (add) 
Cl( 5, 5) in Cl( 5, 5) CPU =        0.242 ms (setup)        6.292 (comm)        6.721 (pade)       10.180 (series)        1.459 (mix)        0.098 (add) 
Cl( 6, 5) in Cl( 6, 5) CPU =        0.512 ms (setup)       20.377 (comm)       13.091 (pade)       34.589 (series)        4.082 (mix)        0.196 (add) 
Cl( 6, 6) in Cl( 6, 6) CPU =        1.119 ms (setup)       34.160 (comm)       16.711 (pade)       48.105 (series)       11.081 (mix)        0.435 (add) 
Cl( 7, 6) in Cl( 7, 6) CPU =        2.054 ms (setup)      117.470 (comm)       45.947 (pade)      179.818 (series)       31.594 (mix)        0.743 (add) 
Cl( 7, 7) in Cl( 7, 7) CPU =        3.939 ms (setup)      207.263 (comm)       63.284 (pade)      246.330 (series)       93.904 (mix)        1.516 (add) 
Cl( 8, 7) in Cl( 8, 7) CPU =        7.997 ms (setup)      667.791 (comm)      215.837 (pade)      814.492 (series)      284.844 (mix)        3.440 (add) 
Cl( 8, 8) in Cl( 8, 8) CPU =       16.270 ms (setup)     1383.399 (comm)      301.266 (pade)     1151.709 (series)      857.188 (mix)        7.284 (add) 
Cl( 1, 0) in Cl( 8, 8) CPU =        0.002 ms (setup)        0.003 (comm)        0.005 (pade)        0.004 (series)        0.001 (mix)        0.003 (add) 
Cl( 1, 1) in Cl( 8, 8) CPU =        0.002 ms (setup)        0.001 (comm)        0.007 (pade)        0.001 (series)        0.001 (mix)        0.003 (add) 
Cl( 2, 1) in Cl( 8, 8) CPU =        0.004 ms (setup)        0.011 (comm)        1.562 (pade)        0.011 (series)        0.004 (mix)        0.003 (add) 
Cl( 2, 2) in Cl( 8, 8) CPU =        0.005 ms (setup)        0.019 (comm)        0.022 (pade)        0.022 (series)        0.007 (mix)        0.003 (add) 
Cl( 3, 2) in Cl( 8, 8) CPU =        0.007 ms (setup)        0.032 (comm)        0.061 (pade)        0.034 (series)        0.011 (mix)        0.003 (add) 
Cl( 3, 3) in Cl( 8, 8) CPU =        0.015 ms (setup)        0.104 (comm)        0.175 (pade)        0.158 (series)        0.035 (mix)        0.007 (add) 
Cl( 4, 3) in Cl( 8, 8) CPU =        0.029 ms (setup)        0.258 (comm)        0.400 (pade)        0.491 (series)        0.083 (mix)        0.013 (add) 
Cl( 4, 4) in Cl( 8, 8) CPU =        0.067 ms (setup)        1.239 (comm)        0.560 (pade)        2.147 (series)        0.207 (mix)        0.024 (add) 
Cl( 5, 4) in Cl( 8, 8) CPU =        0.122 ms (setup)        3.982 (comm)        5.646 (pade)        7.179 (series)        0.525 (mix)        0.045 (add) 
Cl( 5, 5) in Cl( 8, 8) CPU =        0.236 ms (setup)        6.078 (comm)        5.561 (pade)       10.347 (series)        1.401 (mix)        0.087 (add) 
Cl( 6, 5) in Cl( 8, 8) CPU =        0.485 ms (setup)       19.981 (comm)       12.723 (pade)       33.956 (series)        3.816 (mix)        0.185 (add) 
Cl( 6, 6) in Cl( 8, 8) CPU =        0.955 ms (setup)       33.197 (comm)       16.599 (pade)       47.849 (series)       10.969 (mix)        0.394 (add) 
Cl( 7, 6) in Cl( 8, 8) CPU =        2.025 ms (setup)      116.675 (comm)       46.046 (pade)      179.833 (series)       31.638 (mix)        0.743 (add) 
Cl( 7, 7) in Cl( 8, 8) CPU =        4.106 ms (setup)      209.895 (comm)       63.799 (pade)      246.031 (series)       97.355 (mix)        1.587 (add) 
Cl( 8, 7) in Cl( 8, 8) CPU =        8.046 ms (setup)      673.572 (comm)      220.920 (pade)      823.936 (series)      289.004 (mix)        3.514 (add) 
Cl( 8, 8) in Cl( 8, 8) CPU =       16.177 ms (setup)     1385.185 (comm)      300.248 (pade)     1153.053 (series)      851.299 (mix)        7.630 (add) 
Fill: 1
Cl( 1, 0) in Cl( 1, 0) CPU =        0.002 ms (setup)        0.005 (comm)        0.007 (pade)        0.007 (series)        0.002 (mix)        0.003 (add) 
Cl( 1, 1) in Cl( 1, 1) CPU =        0.002 ms (setup)        0.008 (comm)        0.007 (pade)        0.009 (series)        0.003 (mix)        0.009 (add) 
Cl( 2, 1) in Cl( 2, 1) CPU =        0.003 ms (setup)        0.013 (comm)        0.018 (pade)        0.015 (series)        0.005 (mix)        0.003 (add) 
Cl( 2, 2) in Cl( 2, 2) CPU =        0.007 ms (setup)        0.027 (comm)        0.029 (pade)        0.034 (series)        0.009 (mix)        0.004 (add) 
Cl( 3, 2) in Cl( 3, 2) CPU =        0.012 ms (setup)        0.068 (comm)        0.108 (pade)        0.091 (series)        0.019 (mix)        0.006 (add) 
Cl( 3, 3) in Cl( 3, 3) CPU =        0.025 ms (setup)        0.237 (comm)        0.128 (pade)        0.326 (series)        0.047 (mix)        0.011 (add) 
Cl( 4, 3) in Cl( 4, 3) CPU =        0.052 ms (setup)        0.621 (comm)        0.497 (pade)        0.915 (series)        0.114 (mix)        0.021 (add) 
Cl( 4, 4) in Cl( 4, 4) CPU =        0.101 ms (setup)        1.502 (comm)        0.620 (pade)        2.430 (series)        0.287 (mix)        0.040 (add) 
Cl( 5, 4) in Cl( 5, 4) CPU =        0.202 ms (setup)        5.224 (comm)        6.676 (pade)        7.891 (series)        0.721 (mix)        0.079 (add) 
Cl( 5, 5) in Cl( 5, 5) CPU =        0.408 ms (setup)        8.180 (comm)        7.774 (pade)       11.699 (series)        1.913 (mix)        0.160 (add) 
Cl( 6, 5) in Cl( 6, 5) CPU =        0.801 ms (setup)       24.222 (comm)       13.677 (pade)       37.824 (series)        5.254 (mix)        0.335 (add) 
Cl( 6, 6) in Cl( 6, 6) CPU =        1.586 ms (setup)       42.913 (comm)       18.694 (pade)       56.720 (series)       14.818 (mix)        0.655 (add) 
Cl( 7, 6) in Cl( 7, 6) CPU =        3.260 ms (setup)      144.433 (comm)       50.986 (pade)      199.672 (series)       44.055 (mix)        1.357 (add) 
Cl( 7, 7) in Cl( 7, 7) CPU =        7.314 ms (setup)      275.841 (comm)       76.237 (pade)      289.836 (series)      130.819 (mix)        2.788 (add) 
Cl( 8, 7) in Cl( 8, 7) CPU =       13.946 ms (setup)      861.465 (comm)      243.050 (pade)      938.969 (series)      396.257 (mix)        7.979 (add) 
Cl( 8, 8) in Cl( 8, 8) CPU =       28.213 ms (setup)     1897.736 (comm)      365.517 (pade)     1408.444 (series)     1191.567 (mix)       14.632 (add) 
Cl( 1, 0) in Cl( 8, 8) CPU =        0.004 ms (setup)        0.005 (comm)        0.007 (pade)        0.007 (series)        0.002 (mix)        0.003 (add) 
Cl( 1, 1) in Cl( 8, 8) CPU =        0.002 ms (setup)        0.008 (comm)        0.007 (pade)        0.009 (series)        0.003 (mix)        0.003 (add) 
Cl( 2, 1) in Cl( 8, 8) CPU =        0.005 ms (setup)        0.013 (comm)        0.019 (pade)        0.017 (series)        0.005 (mix)        0.003 (add) 
Cl( 2, 2) in Cl( 8, 8) CPU =        0.007 ms (setup)        0.027 (comm)        0.032 (pade)        0.038 (series)        0.009 (mix)        0.004 (add) 
Cl( 3, 2) in Cl( 8, 8) CPU =        0.011 ms (setup)        0.068 (comm)        0.091 (pade)        0.091 (series)        0.020 (mix)        0.013 (add) 
Cl( 3, 3) in Cl( 8, 8) CPU =        0.026 ms (setup)        0.183 (comm)        0.135 (pade)        0.273 (series)        0.051 (mix)        0.011 (add) 
Cl( 4, 3) in Cl( 8, 8) CPU =        0.051 ms (setup)        0.571 (comm)        0.436 (pade)        0.914 (series)        0.113 (mix)        0.021 (add) 
Cl( 4, 4) in Cl( 8, 8) CPU =        0.099 ms (setup)        1.520 (comm)        0.626 (pade)        2.438 (series)        0.287 (mix)        0.040 (add) 
Cl( 5, 4) in Cl( 8, 8) CPU =        0.201 ms (setup)        4.661 (comm)        6.747 (pade)        7.872 (series)        0.724 (mix)        0.080 (add) 
Cl( 5, 5) in Cl( 8, 8) CPU =        0.399 ms (setup)        7.760 (comm)        6.465 (pade)       11.565 (series)        1.913 (mix)        0.166 (add) 
Cl( 6, 5) in Cl( 8, 8) CPU =        0.806 ms (setup)       24.110 (comm)       13.790 (pade)       38.365 (series)        5.335 (mix)        0.336 (add) 
Cl( 6, 6) in Cl( 8, 8) CPU =        1.623 ms (setup)       43.347 (comm)       18.221 (pade)       55.566 (series)       15.024 (mix)        0.704 (add) 
Cl( 7, 6) in Cl( 8, 8) CPU =        3.313 ms (setup)      144.103 (comm)       51.184 (pade)      200.260 (series)       44.371 (mix)        1.359 (add) 
Cl( 7, 7) in Cl( 8, 8) CPU =        6.652 ms (setup)      276.757 (comm)       75.564 (pade)      289.852 (series)      131.553 (mix)        2.845 (add) 
Cl( 8, 7) in Cl( 8, 8) CPU =       13.966 ms (setup)      862.930 (comm)      252.982 (pade)      940.369 (series)      397.001 (mix)        7.940 (add) 
Cl( 8, 8) in Cl( 8, 8) CPU =       28.131 ms (setup)     1893.045 (comm)      368.897 (pade)     1407.115 (series)     1190.023 (mix)       17.604 (add) 

matrix_multi<double>
Clifford algebra expressions test:
Fill: 0.5
Cl( 1, 0) in Cl( 1, 0) CPU =        0.004 ms (setup)        0.011 (comm)        0.003 (pade)        0.003 (series)        0.011 (mix)        0.001 (add) 
Cl( 1, 1) in Cl( 1, 1) CPU =        0.011 ms (setup)        0.009 (comm)        0.003 (pade)        0.003 (series)        0.009 (mix)        0.001 (add) 
Cl( 2, 1) in Cl( 2, 1) CPU =        0.005 ms (setup)        0.081 (comm)        0.004 (pade)        0.003 (series)        0.071 (mix)        0.001 (add) 
Cl( 2, 2) in Cl( 2, 2) CPU =        0.007 ms (setup)        0.123 (comm)        0.003 (pade)        0.003 (series)        0.127 (mix)        0.001 (add) 
Cl( 3, 2) in Cl( 3, 2) CPU =        0.044 ms (setup)        0.369 (comm)        0.005 (pade)        0.005 (series)        0.360 (mix)        0.001 (add) 
Cl( 3, 3) in Cl( 3, 3) CPU =        0.068 ms (setup)        0.656 (comm)        0.005 (pade)        0.005 (series)        0.651 (mix)        0.001 (add) 
Cl( 4, 3) in Cl( 4, 3) CPU =        0.163 ms (setup)        2.849 (comm)        0.013 (pade)        0.012 (series)        2.840 (mix)        0.002 (add) 
Cl( 4, 4) in Cl( 4, 4) CPU =        0.308 ms (setup)        4.471 (comm)        0.013 (pade)        0.012 (series)        4.370 (mix)        0.002 (add) 
Cl( 5, 4) in Cl( 5, 4) CPU =        0.707 ms (setup)       16.930 (comm)        0.052 (pade)        0.052 (series)       17.676 (mix)        0.004 (add) 
Cl( 5, 5) in Cl( 5, 5) CPU =        1.439 ms (setup)       24.613 (comm)        0.052 (pade)        0.052 (series)       24.317 (mix)        0.004 (add) 
Cl( 6, 5) in Cl( 6, 5) CPU =        3.150 ms (setup)       94.132 (comm)        0.246 (pade)        0.303 (series)       92.883 (mix)        0.018 (add) 
Cl( 6, 6) in Cl( 6, 6) CPU =        6.286 ms (setup)      130.055 (comm)        0.247 (pade)        0.301 (series)      130.219 (mix)        0.018 (add) 
Cl( 7, 6) in Cl( 7, 6) CPU =       14.085 ms (setup)      602.066 (comm)        6.383 (pade)        3.855 (series)      595.351 (mix)        0.093 (add) 
Cl( 7, 7) in Cl( 7, 7) CPU =       29.099 ms (setup)      783.726 (comm)        6.159 (pade)        3.872 (series)      778.658 (mix)        0.100 (add) 
Cl( 8, 7) in Cl( 8, 7) CPU =       71.251 ms (setup)     4380.267 (comm)       17.704 (pade)       24.112 (series)     4204.824 (mix)        0.485 (add) 
Cl( 8, 8) in Cl( 8, 8) CPU =      135.197 ms (setup)     4705.165 (comm)       17.809 (pade)       22.205 (series)     4730.900 (mix)        0.569 (add) 
Cl( 1, 0) in Cl( 8, 8) CPU =        0.068 ms (setup)       44.210 (comm)       17.309 (pade)       24.110 (series)       31.038 (mix)        0.397 (add) 
Cl( 1, 1) in Cl( 8, 8) CPU =        0.105 ms (setup)       69.590 (comm)       16.550 (pade)       24.006 (series)       56.156 (mix)        0.396 (add) 
Cl( 2, 1) in Cl( 8, 8) CPU =        0.204 ms (setup)      145.654 (comm)       16.460 (pade)       24.018 (series)      131.804 (mix)        0.394 (add) 
Cl( 2, 2) in Cl( 8, 8) CPU =        0.464 ms (setup)      245.520 (comm)       17.780 (pade)       24.024 (series)      229.254 (mix)        0.392 (add) 
Cl( 3, 2) in Cl( 8, 8) CPU =        2.196 ms (setup)      333.828 (comm)       17.599 (pade)       23.992 (series)      320.018 (mix)        0.414 (add) 
Cl( 3, 3) in Cl( 8, 8) CPU =        3.195 ms (setup)      449.517 (comm)       18.056 (pade)       24.021 (series)      439.488 (mix)        0.400 (add) 
Cl( 4, 3) in Cl( 8, 8) CPU =        3.500 ms (setup)      474.632 (comm)       17.966 (pade)       24.050 (series)      448.741 (mix)        0.402 (add) 
Cl( 4, 4) in Cl( 8, 8) CPU =        4.037 ms (setup)      644.019 (comm)       19.503 (pade)       24.042 (series)      616.278 (mix)        0.401 (add) 
Cl( 5, 4) in Cl( 8, 8) CPU =        5.565 ms (setup)      824.505 (comm)       18.090 (pade)       24.056 (series)      811.667 (mix)        0.401 (add) 
Cl( 5, 5) in Cl( 8, 8) CPU =        7.836 ms (setup)      961.725 (comm)       16.541 (pade)       24.026 (series)      949.304 (mix)        0.410 (add) 
Cl( 6, 5) in Cl( 8, 8) CPU =       16.853 ms (setup)     1248.856 (comm)       16.595 (pade)       24.027 (series)     1233.167 (mix)        0.426 (add) 
Cl( 6, 6) in Cl( 8, 8) CPU =       27.403 ms (setup)     1358.295 (comm)       17.965 (pade)       23.992 (series)     1345.731 (mix)        0.394 (add) 
Cl( 7, 6) in Cl( 8, 8) CPU =       60.261 ms (setup)     1804.230 (comm)       17.723 (pade)       24.050 (series)     1785.580 (mix)        0.415 (add) 
Cl( 7, 7) in Cl( 8, 8) CPU =      108.621 ms (setup)     2242.925 (comm)       19.345 (pade)       22.104 (series)     2239.852 (mix)        0.402 (add) 
Cl( 8, 7) in Cl( 8, 8) CPU =      266.803 ms (setup)     3960.865 (comm)       17.675 (pade)       22.194 (series)     3942.341 (mix)        0.398 (add) 
Cl( 8, 8) in Cl( 8, 8) CPU =      134.887 ms (setup)     4681.213 (comm)       17.567 (pade)       24.272 (series)     4651.846 (mix)        0.387 (add) 
Fill: 1
Cl( 1, 0) in Cl( 1, 0) CPU =        0.004 ms (setup)        0.032 (comm)        0.003 (pade)        0.002 (series)        0.015 (mix)        0.001 (add) 
Cl( 1, 1) in Cl( 1, 1) CPU =        0.005 ms (setup)        0.026 (comm)        0.003 (pade)        0.003 (series)        0.023 (mix)        0.001 (add) 
Cl( 2, 1) in Cl( 2, 1) CPU =        0.007 ms (setup)        0.091 (comm)        0.004 (pade)        0.003 (series)        0.088 (mix)        0.005 (add) 
Cl( 2, 2) in Cl( 2, 2) CPU =        0.018 ms (setup)        0.147 (comm)        0.004 (pade)        0.003 (series)        0.146 (mix)        0.001 (add) 
Cl( 3, 2) in Cl( 3, 2) CPU =        0.050 ms (setup)        0.529 (comm)        0.005 (pade)        0.005 (series)        0.600 (mix)        0.013 (add) 
Cl( 3, 3) in Cl( 3, 3) CPU =        0.091 ms (setup)        0.903 (comm)        0.005 (pade)        0.005 (series)        0.835 (mix)        0.001 (add) 
Cl( 4, 3) in Cl( 4, 3) CPU =        0.224 ms (setup)        3.645 (comm)        0.017 (pade)        0.015 (series)        3.817 (mix)        0.002 (add) 
Cl( 4, 4) in Cl( 4, 4) CPU =        0.486 ms (setup)        5.085 (comm)        0.013 (pade)        0.013 (series)        5.280 (mix)        0.002 (add) 
Cl( 5, 4) in Cl( 5, 4) CPU =        1.004 ms (setup)       18.887 (comm)        0.052 (pade)        0.052 (series)       18.473 (mix)        0.004 (add) 
Cl( 5, 5) in Cl( 5, 5) CPU =        1.990 ms (setup)       27.149 (comm)        0.051 (pade)        0.052 (series)       26.524 (mix)        0.004 (add) 
Cl( 6, 5) in Cl( 6, 5) CPU =        4.614 ms (setup)      101.343 (comm)        0.245 (pade)        0.302 (series)      100.510 (mix)        0.018 (add) 
Cl( 6, 6) in Cl( 6, 6) CPU =        9.152 ms (setup)      138.965 (comm)        0.247 (pade)        1.736 (series)      138.801 (mix)        0.018 (add) 
Cl( 7, 6) in Cl( 7, 6) CPU =       21.470 ms (setup)      646.777 (comm)        5.772 (pade)        3.863 (series)      636.275 (mix)        0.096 (add) 
Cl( 7, 7) in Cl( 7, 7) CPU =       43.976 ms (setup)      847.640 (comm)        6.038 (pade)        3.864 (series)      840.600 (mix)        0.095 (add) 
Cl( 8, 7) in Cl( 8, 7) CPU =      110.578 ms (setup)     4073.794 (comm)       17.329 (pade)       24.180 (series)     4056.018 (mix)        0.396 (add) 
Cl( 8, 8) in Cl( 8, 8) CPU =      216.150 ms (setup)     5163.618 (comm)       17.936 (pade)       22.210 (series)     5158.172 (mix)        0.396 (add) 
Cl( 1, 0) in Cl( 8, 8) CPU =        0.088 ms (setup)       85.172 (comm)       16.771 (pade)       23.966 (series)       72.998 (mix)        0.399 (add) 
Cl( 1, 1) in Cl( 8, 8) CPU =        0.156 ms (setup)      129.513 (comm)       17.822 (pade)       24.029 (series)      116.503 (mix)        0.425 (add) 
Cl( 2, 1) in Cl( 8, 8) CPU =        0.337 ms (setup)      190.506 (comm)       17.895 (pade)       24.005 (series)      177.530 (mix)        0.431 (add) 
Cl( 2, 2) in Cl( 8, 8) CPU =        3.171 ms (setup)      267.263 (comm)       16.852 (pade)       23.990 (series)      255.030 (mix)        0.400 (add) 
Cl( 3, 2) in Cl( 8, 8) CPU =        3.108 ms (setup)      364.695 (comm)       17.365 (pade)       24.017 (series)      352.394 (mix)        0.401 (add) 
Cl( 3, 3) in Cl( 8, 8) CPU =        3.233 ms (setup)      491.830 (comm)       18.138 (pade)       25.963 (series)      470.440 (mix)        0.396 (add) 
Cl( 4, 3) in Cl( 8, 8) CPU =        3.730 ms (setup)      647.326 (comm)       18.540 (pade)       24.003 (series)      634.806 (mix)        0.403 (add) 
Cl( 4, 4) in Cl( 8, 8) CPU =        4.329 ms (setup)      799.621 (comm)       18.250 (pade)       24.010 (series)      790.576 (mix)        0.401 (add) 
Cl( 5, 4) in Cl( 8, 8) CPU =        6.548 ms (setup)      970.802 (comm)       18.087 (pade)       24.000 (series)      961.913 (mix)        0.401 (add) 
Cl( 5, 5) in Cl( 8, 8) CPU =       11.084 ms (setup)     1135.847 (comm)       17.716 (pade)       23.988 (series)     1123.751 (mix)        0.403 (add) 
Cl( 6, 5) in Cl( 8, 8) CPU =       21.068 ms (setup)     1374.290 (comm)       17.818 (pade)       24.037 (series)     1360.844 (mix)        0.403 (add) 
Cl( 6, 6) in Cl( 8, 8) CPU =       34.948 ms (setup)     1571.882 (comm)       17.593 (pade)       24.045 (series)     1558.090 (mix)        0.401 (add) 
Cl( 7, 6) in Cl( 8, 8) CPU =       81.095 ms (setup)     2090.354 (comm)       17.970 (pade)       23.599 (series)     2085.943 (mix)        0.398 (add) 
Cl( 7, 7) in Cl( 8, 8) CPU =      147.333 ms (setup)     2450.101 (comm)       19.268 (pade)       22.093 (series)     2440.762 (mix)        0.411 (add) 
Cl( 8, 7) in Cl( 8, 8) CPU =      359.815 ms (setup)     4215.606 (comm)       17.427 (pade)       22.235 (series)     4198.606 (mix)        0.394 (add) 
Cl( 8, 8) in Cl( 8, 8) CPU =      223.515 ms (setup)     5184.113 (comm)       17.538 (pade)       24.163 (series)     5176.391 (mix)        0.399 (add) 
