expressions/expressions
	linux-vdso.so.1 (0x0000787130b7d000)
	libstdc++.so.6 => /lib/x86_64-linux-gnu/libstdc++.so.6 (0x0000787130200000)
	libm.so.6 => /lib/x86_64-linux-gnu/libm.so.6 (0x0000787130509000)
	libgcc_s.so.1 => /lib/x86_64-linux-gnu/libgcc_s.so.1 (0x00007871304dc000)
	libc.so.6 => /lib/x86_64-linux-gnu/libc.so.6 (0x000078712fe00000)
	/lib64/ld-linux-x86-64.so.2 (0x0000787130b7f000)
gfft_test/gfft_test
	linux-vdso.so.1 (0x00007b48741ee000)
	libstdc++.so.6 => /lib/x86_64-linux-gnu/libstdc++.so.6 (0x00007b4873a00000)
	libm.so.6 => /lib/x86_64-linux-gnu/libm.so.6 (0x00007b48740b9000)
	libgcc_s.so.1 => /lib/x86_64-linux-gnu/libgcc_s.so.1 (0x00007b487408c000)
	libc.so.6 => /lib/x86_64-linux-gnu/libc.so.6 (0x00007b4873600000)
	/lib64/ld-linux-x86-64.so.2 (0x00007b48741f0000)
products/products
	linux-vdso.so.1 (0x000075f463a63000)
	libstdc++.so.6 => /lib/x86_64-linux-gnu/libstdc++.so.6 (0x000075f463000000)
	libm.so.6 => /lib/x86_64-linux-gnu/libm.so.6 (0x000075f46392e000)
	libgcc_s.so.1 => /lib/x86_64-linux-gnu/libgcc_s.so.1 (0x000075f463901000)
	libc.so.6 => /lib/x86_64-linux-gnu/libc.so.6 (0x000075f462c00000)
	/lib64/ld-linux-x86-64.so.2 (0x000075f463a65000)
squaring/squaring
	linux-vdso.so.1 (0x000074149993d000)
	libstdc++.so.6 => /lib/x86_64-linux-gnu/libstdc++.so.6 (0x0000741499200000)
	libm.so.6 => /lib/x86_64-linux-gnu/libm.so.6 (0x0000741499509000)
	libgcc_s.so.1 => /lib/x86_64-linux-gnu/libgcc_s.so.1 (0x00007414998d2000)
	libc.so.6 => /lib/x86_64-linux-gnu/libc.so.6 (0x0000741498e00000)
	/lib64/ld-linux-x86-64.so.2 (0x000074149993f000)
transforms/transforms
	linux-vdso.so.1 (0x00007613e3bb8000)
	libstdc++.so.6 => /lib/x86_64-linux-gnu/libstdc++.so.6 (0x00007613e3400000)
	libm.so.6 => /lib/x86_64-linux-gnu/libm.so.6 (0x00007613e3709000)
	libgcc_s.so.1 => /lib/x86_64-linux-gnu/libgcc_s.so.1 (0x00007613e3b4d000)
	libc.so.6 => /lib/x86_64-linux-gnu/libc.so.6 (0x00007613e3000000)
	/lib64/ld-linux-x86-64.so.2 (0x00007613e3bba000)
versor/versor
	linux-vdso.so.1 (0x000077d85f996000)
	libstdc++.so.6 => /lib/x86_64-linux-gnu/libstdc++.so.6 (0x000077d85f200000)
	libm.so.6 => /lib/x86_64-linux-gnu/libm.so.6 (0x000077d85f509000)
	libgcc_s.so.1 => /lib/x86_64-linux-gnu/libgcc_s.so.1 (0x000077d85f92b000)
	libc.so.6 => /lib/x86_64-linux-gnu/libc.so.6 (0x000077d85ee00000)
	/lib64/ld-linux-x86-64.so.2 (0x000077d85f998000)
