
framed_multi<float,-4,4>
Clifford algebra expressions test:
Fill: 0.5
Cl( 1, 0) in Cl( 1, 0) CPU =        0.006 ms (setup)        0.005 (comm)        0.016 (pade)        0.005 (series)        0.002 (mix)        0.004 (add) 
Cl( 1, 1) in Cl( 1, 1) CPU =        0.002 ms (setup)        0.002 (comm)        0.015 (pade)        0.002 (series)        0.001 (mix)        0.004 (add) 
Cl( 2, 1) in Cl( 2, 1) CPU =        0.003 ms (setup)        0.013 (comm)        0.032 (pade)        0.016 (series)        0.005 (mix)        0.004 (add) 
Cl( 2, 2) in Cl( 2, 2) CPU =        0.005 ms (setup)        0.021 (comm)        0.036 (pade)        0.028 (series)        0.007 (mix)        0.005 (add) 
Cl( 3, 2) in Cl( 3, 2) CPU =        0.009 ms (setup)        0.046 (comm)        0.129 (pade)        0.044 (series)        0.016 (mix)        0.007 (add) 
Cl( 3, 3) in Cl( 3, 3) CPU =        0.020 ms (setup)        0.120 (comm)        0.166 (pade)        0.188 (series)        0.042 (mix)        0.011 (add) 
Cl( 4, 3) in Cl( 4, 3) CPU =        0.039 ms (setup)        0.297 (comm)        0.591 (pade)        0.505 (series)        0.101 (mix)        0.025 (add) 
Cl( 4, 4) in Cl( 4, 4) CPU =        0.079 ms (setup)        1.673 (comm)        0.757 (pade)        2.708 (series)        0.247 (mix)        0.056 (add) 
Cl( 1, 0) in Cl( 4, 4) CPU =        0.001 ms (setup)        0.002 (comm)        0.011 (pade)        0.005 (series)        0.001 (mix)        0.002 (add) 
Cl( 1, 1) in Cl( 4, 4) CPU =        0.002 ms (setup)        0.004 (comm)        0.011 (pade)        0.005 (series)        0.002 (mix)        0.003 (add) 
Cl( 2, 1) in Cl( 4, 4) CPU =        0.003 ms (setup)        0.011 (comm)        0.026 (pade)        0.014 (series)        0.004 (mix)        0.003 (add) 
Cl( 2, 2) in Cl( 4, 4) CPU =        0.005 ms (setup)        0.018 (comm)        0.030 (pade)        0.025 (series)        0.007 (mix)        0.004 (add) 
Cl( 3, 2) in Cl( 4, 4) CPU =        0.007 ms (setup)        0.040 (comm)        0.110 (pade)        0.059 (series)        0.014 (mix)        0.006 (add) 
Cl( 3, 3) in Cl( 4, 4) CPU =        0.017 ms (setup)        0.100 (comm)        0.146 (pade)        0.149 (series)        0.033 (mix)        0.013 (add) 
Cl( 4, 3) in Cl( 4, 4) CPU =        0.032 ms (setup)        0.209 (comm)        0.477 (pade)        0.390 (series)        0.075 (mix)        0.019 (add) 
Cl( 4, 4) in Cl( 4, 4) CPU =        0.068 ms (setup)        1.407 (comm)        0.544 (pade)        2.058 (series)        0.181 (mix)        0.037 (add) 
Fill: 1
Cl( 1, 0) in Cl( 1, 0) CPU =        0.002 ms (setup)        0.005 (comm)        0.009 (pade)        0.007 (series)        0.002 (mix)        0.002 (add) 
Cl( 1, 1) in Cl( 1, 1) CPU =        0.002 ms (setup)        0.007 (comm)        0.010 (pade)        0.009 (series)        0.003 (mix)        0.003 (add) 
Cl( 2, 1) in Cl( 2, 1) CPU =        0.004 ms (setup)        0.011 (comm)        0.021 (pade)        0.012 (series)        0.004 (mix)        0.007 (add) 
Cl( 2, 2) in Cl( 2, 2) CPU =        0.005 ms (setup)        0.020 (comm)        0.031 (pade)        0.024 (series)        0.007 (mix)        0.004 (add) 
Cl( 3, 2) in Cl( 3, 2) CPU =        0.009 ms (setup)        0.051 (comm)        0.087 (pade)        0.064 (series)        0.019 (mix)        0.007 (add) 
Cl( 3, 3) in Cl( 3, 3) CPU =        0.021 ms (setup)        0.133 (comm)        0.120 (pade)        0.191 (series)        0.038 (mix)        0.011 (add) 
Cl( 4, 3) in Cl( 4, 3) CPU =        0.044 ms (setup)        0.417 (comm)        0.422 (pade)        0.625 (series)        0.095 (mix)        0.024 (add) 
Cl( 4, 4) in Cl( 4, 4) CPU =        0.095 ms (setup)        1.474 (comm)        0.621 (pade)        2.357 (series)        0.256 (mix)        0.071 (add) 
Cl( 1, 0) in Cl( 4, 4) CPU =        0.002 ms (setup)        0.005 (comm)        0.010 (pade)        0.007 (series)        0.002 (mix)        0.002 (add) 
Cl( 1, 1) in Cl( 4, 4) CPU =        0.002 ms (setup)        0.007 (comm)        0.011 (pade)        0.009 (series)        0.003 (mix)        0.004 (add) 
Cl( 2, 1) in Cl( 4, 4) CPU =        0.005 ms (setup)        0.010 (comm)        0.022 (pade)        0.012 (series)        0.004 (mix)        0.003 (add) 
Cl( 2, 2) in Cl( 4, 4) CPU =        0.006 ms (setup)        0.019 (comm)        0.031 (pade)        0.024 (series)        0.007 (mix)        0.004 (add) 
Cl( 3, 2) in Cl( 4, 4) CPU =        0.011 ms (setup)        0.051 (comm)        0.087 (pade)        0.065 (series)        0.015 (mix)        0.007 (add) 
Cl( 3, 3) in Cl( 4, 4) CPU =        0.021 ms (setup)        0.138 (comm)        0.120 (pade)        0.191 (series)        0.038 (mix)        0.011 (add) 
Cl( 4, 3) in Cl( 4, 4) CPU =        0.043 ms (setup)        0.411 (comm)        0.416 (pade)        0.627 (series)        0.100 (mix)        0.024 (add) 
Cl( 4, 4) in Cl( 4, 4) CPU =        0.096 ms (setup)        1.442 (comm)        0.616 (pade)        2.412 (series)        0.253 (mix)        0.071 (add) 

matrix_multi<float,-4,4>
Clifford algebra expressions test:
Fill: 0.5
Cl( 1, 0) in Cl( 1, 0) CPU =        0.002 ms (setup)        0.007 (comm)        0.013 (pade)        0.002 (series)        0.007 (mix)        0.001 (add) 
Cl( 1, 1) in Cl( 1, 1) CPU =        0.004 ms (setup)        0.017 (comm)        0.005 (pade)        0.002 (series)        0.015 (mix)        0.001 (add) 
Cl( 2, 1) in Cl( 2, 1) CPU =        0.005 ms (setup)        0.073 (comm)        0.007 (pade)        0.002 (series)        0.070 (mix)        0.001 (add) 
Cl( 2, 2) in Cl( 2, 2) CPU =        0.007 ms (setup)        0.115 (comm)        0.006 (pade)        0.002 (series)        0.104 (mix)        0.001 (add) 
Cl( 3, 2) in Cl( 3, 2) CPU =        0.033 ms (setup)        0.351 (comm)        0.010 (pade)        0.005 (series)        0.341 (mix)        0.001 (add) 
Cl( 3, 3) in Cl( 3, 3) CPU =        0.058 ms (setup)        0.635 (comm)        0.009 (pade)        0.005 (series)        0.632 (mix)        0.001 (add) 
Cl( 4, 3) in Cl( 4, 3) CPU =        0.129 ms (setup)        2.756 (comm)        0.024 (pade)        0.010 (series)        2.769 (mix)        0.001 (add) 
Cl( 4, 4) in Cl( 4, 4) CPU =        0.257 ms (setup)        4.061 (comm)        0.018 (pade)        0.011 (series)        4.044 (mix)        0.001 (add) 
Cl( 1, 0) in Cl( 4, 4) CPU =        0.005 ms (setup)        0.082 (comm)        0.009 (pade)        0.011 (series)        0.069 (mix)        0.001 (add) 
Cl( 1, 1) in Cl( 4, 4) CPU =        0.007 ms (setup)        0.094 (comm)        0.017 (pade)        0.011 (series)        0.094 (mix)        0.001 (add) 
Cl( 2, 1) in Cl( 4, 4) CPU =        0.018 ms (setup)        0.213 (comm)        0.018 (pade)        0.011 (series)        0.208 (mix)        0.001 (add) 
Cl( 2, 2) in Cl( 4, 4) CPU =        0.033 ms (setup)        0.261 (comm)        0.017 (pade)        0.010 (series)        0.258 (mix)        0.001 (add) 
Cl( 3, 2) in Cl( 4, 4) CPU =        0.131 ms (setup)        0.697 (comm)        0.022 (pade)        0.011 (series)        0.696 (mix)        0.001 (add) 
Cl( 3, 3) in Cl( 4, 4) CPU =        0.193 ms (setup)        1.022 (comm)        0.024 (pade)        0.011 (series)        1.052 (mix)        0.001 (add) 
Cl( 4, 3) in Cl( 4, 4) CPU =        0.527 ms (setup)        2.613 (comm)        0.018 (pade)        0.011 (series)        2.651 (mix)        0.001 (add) 
Cl( 4, 4) in Cl( 4, 4) CPU =        0.264 ms (setup)        4.259 (comm)        0.018 (pade)        0.011 (series)        4.141 (mix)        0.001 (add) 
Fill: 1
Cl( 1, 0) in Cl( 1, 0) CPU =        0.004 ms (setup)        0.015 (comm)        0.011 (pade)        0.002 (series)        0.013 (mix)        0.001 (add) 
Cl( 1, 1) in Cl( 1, 1) CPU =        0.005 ms (setup)        0.024 (comm)        0.007 (pade)        0.002 (series)        0.022 (mix)        0.001 (add) 
Cl( 2, 1) in Cl( 2, 1) CPU =        0.007 ms (setup)        0.080 (comm)        0.007 (pade)        0.002 (series)        0.078 (mix)        0.001 (add) 
Cl( 2, 2) in Cl( 2, 2) CPU =        0.014 ms (setup)        0.133 (comm)        0.007 (pade)        0.002 (series)        0.132 (mix)        0.001 (add) 
Cl( 3, 2) in Cl( 3, 2) CPU =        0.038 ms (setup)        0.498 (comm)        0.010 (pade)        0.005 (series)        0.494 (mix)        0.001 (add) 
Cl( 3, 3) in Cl( 3, 3) CPU =        0.072 ms (setup)        0.769 (comm)        0.010 (pade)        0.005 (series)        0.765 (mix)        0.001 (add) 
Cl( 4, 3) in Cl( 4, 3) CPU =        0.180 ms (setup)        3.170 (comm)        0.018 (pade)        0.010 (series)        3.154 (mix)        0.001 (add) 
Cl( 4, 4) in Cl( 4, 4) CPU =        0.360 ms (setup)        4.760 (comm)        0.018 (pade)        0.011 (series)        4.739 (mix)        0.001 (add) 
Cl( 1, 0) in Cl( 4, 4) CPU =        0.007 ms (setup)        0.134 (comm)        0.015 (pade)        0.011 (series)        0.128 (mix)        0.001 (add) 
Cl( 1, 1) in Cl( 4, 4) CPU =        0.009 ms (setup)        0.182 (comm)        0.021 (pade)        0.010 (series)        0.176 (mix)        0.001 (add) 
Cl( 2, 1) in Cl( 4, 4) CPU =        0.026 ms (setup)        0.266 (comm)        0.017 (pade)        0.011 (series)        0.261 (mix)        0.001 (add) 
Cl( 2, 2) in Cl( 4, 4) CPU =        0.063 ms (setup)        0.386 (comm)        0.017 (pade)        0.011 (series)        0.386 (mix)        0.001 (add) 
Cl( 3, 2) in Cl( 4, 4) CPU =        0.147 ms (setup)        0.767 (comm)        0.018 (pade)        0.010 (series)        0.763 (mix)        0.001 (add) 
Cl( 3, 3) in Cl( 4, 4) CPU =        0.236 ms (setup)        1.190 (comm)        0.018 (pade)        0.011 (series)        1.190 (mix)        0.002 (add) 
Cl( 4, 3) in Cl( 4, 4) CPU =        0.667 ms (setup)        3.359 (comm)        0.019 (pade)        0.011 (series)        3.345 (mix)        0.001 (add) 
Cl( 4, 4) in Cl( 4, 4) CPU =        0.363 ms (setup)        4.732 (comm)        0.018 (pade)        0.010 (series)        4.730 (mix)        0.001 (add) 

framed_multi<double>
Clifford algebra expressions test:
Fill: 0.5
Cl( 1, 0) in Cl( 1, 0) CPU =        0.004 ms (setup)        0.003 (comm)        0.010 (pade)        0.004 (series)        0.001 (mix)        0.003 (add) 
Cl( 1, 1) in Cl( 1, 1) CPU =        0.002 ms (setup)        0.003 (comm)        0.010 (pade)        0.002 (series)        0.001 (mix)        0.002 (add) 
Cl( 2, 1) in Cl( 2, 1) CPU =        0.003 ms (setup)        0.011 (comm)        0.022 (pade)        0.011 (series)        0.003 (mix)        0.003 (add) 
Cl( 2, 2) in Cl( 2, 2) CPU =        0.005 ms (setup)        0.018 (comm)        0.023 (pade)        0.022 (series)        0.006 (mix)        0.003 (add) 
Cl( 3, 2) in Cl( 3, 2) CPU =        0.007 ms (setup)        0.046 (comm)        0.087 (pade)        0.040 (series)        0.014 (mix)        0.005 (add) 
Cl( 3, 3) in Cl( 3, 3) CPU =        0.015 ms (setup)        0.102 (comm)        0.111 (pade)        0.167 (series)        0.034 (mix)        0.007 (add) 
Cl( 4, 3) in Cl( 4, 3) CPU =        0.030 ms (setup)        0.254 (comm)        0.371 (pade)        0.488 (series)        0.081 (mix)        0.012 (add) 
Cl( 4, 4) in Cl( 4, 4) CPU =        0.061 ms (setup)        1.131 (comm)        0.506 (pade)        1.902 (series)        0.216 (mix)        0.024 (add) 
Cl( 5, 4) in Cl( 5, 4) CPU =        0.118 ms (setup)        3.707 (comm)        1.713 (pade)        6.548 (series)        0.557 (mix)        0.049 (add) 
Cl( 5, 5) in Cl( 5, 5) CPU =        0.243 ms (setup)        6.208 (comm)        2.405 (pade)        9.093 (series)        1.496 (mix)        0.111 (add) 
Cl( 6, 5) in Cl( 6, 5) CPU =        0.513 ms (setup)       18.814 (comm)        8.353 (pade)       31.480 (series)        3.904 (mix)        0.180 (add) 
Cl( 6, 6) in Cl( 6, 6) CPU =        0.993 ms (setup)       31.330 (comm)       11.200 (pade)       43.086 (series)       11.072 (mix)        0.367 (add) 
Cl( 7, 6) in Cl( 7, 6) CPU =        2.021 ms (setup)      103.014 (comm)       38.554 (pade)      152.367 (series)       31.704 (mix)        0.763 (add) 
Cl( 7, 7) in Cl( 7, 7) CPU =        4.005 ms (setup)      190.174 (comm)       53.764 (pade)      208.490 (series)       95.014 (mix)        1.547 (add) 
Cl( 8, 7) in Cl( 8, 7) CPU =        8.216 ms (setup)      629.970 (comm)      190.170 (pade)      748.462 (series)      280.950 (mix)        3.239 (add) 
Cl( 8, 8) in Cl( 8, 8) CPU =       16.416 ms (setup)     1336.139 (comm)      270.101 (pade)     1054.808 (series)      861.771 (mix)        7.886 (add) 
Cl( 1, 0) in Cl( 8, 8) CPU =        0.002 ms (setup)        0.002 (comm)        0.005 (pade)        0.003 (series)        0.001 (mix)        0.002 (add) 
Cl( 1, 1) in Cl( 8, 8) CPU =        0.003 ms (setup)        0.002 (comm)        0.011 (pade)        0.001 (series)        0.001 (mix)        0.002 (add) 
Cl( 2, 1) in Cl( 8, 8) CPU =        0.003 ms (setup)        0.009 (comm)        0.019 (pade)        0.009 (series)        0.003 (mix)        0.003 (add) 
Cl( 2, 2) in Cl( 8, 8) CPU =        0.005 ms (setup)        0.018 (comm)        0.024 (pade)        0.021 (series)        0.007 (mix)        0.003 (add) 
Cl( 3, 2) in Cl( 8, 8) CPU =        0.008 ms (setup)        0.030 (comm)        0.065 (pade)        0.033 (series)        0.011 (mix)        0.003 (add) 
Cl( 3, 3) in Cl( 8, 8) CPU =        0.021 ms (setup)        0.103 (comm)        0.110 (pade)        0.221 (series)        0.035 (mix)        0.007 (add) 
Cl( 4, 3) in Cl( 8, 8) CPU =        0.028 ms (setup)        0.324 (comm)        0.429 (pade)        0.542 (series)        0.083 (mix)        0.012 (add) 
Cl( 4, 4) in Cl( 8, 8) CPU =        0.059 ms (setup)        1.115 (comm)        0.511 (pade)        1.879 (series)        0.211 (mix)        0.022 (add) 
Cl( 5, 4) in Cl( 8, 8) CPU =        0.119 ms (setup)        3.852 (comm)        1.770 (pade)        6.617 (series)        0.531 (mix)        0.043 (add) 
Cl( 5, 5) in Cl( 8, 8) CPU =        0.237 ms (setup)        5.566 (comm)        2.289 (pade)        9.104 (series)        1.383 (mix)        0.085 (add) 
Cl( 6, 5) in Cl( 8, 8) CPU =        0.487 ms (setup)       18.881 (comm)        7.896 (pade)       30.969 (series)        3.868 (mix)        0.181 (add) 
Cl( 6, 6) in Cl( 8, 8) CPU =        0.968 ms (setup)       31.105 (comm)       10.923 (pade)       43.742 (series)       10.880 (mix)        0.366 (add) 
Cl( 7, 6) in Cl( 8, 8) CPU =        2.004 ms (setup)      102.857 (comm)       37.999 (pade)      148.564 (series)       32.852 (mix)        0.760 (add) 
Cl( 7, 7) in Cl( 8, 8) CPU =        3.954 ms (setup)      192.731 (comm)       52.948 (pade)      208.101 (series)       95.261 (mix)        1.562 (add) 
Cl( 8, 7) in Cl( 8, 8) CPU =        8.060 ms (setup)      633.925 (comm)      192.711 (pade)      750.695 (series)      286.808 (mix)        3.264 (add) 
Cl( 8, 8) in Cl( 8, 8) CPU =       16.368 ms (setup)     1331.899 (comm)      268.007 (pade)     1053.218 (series)      858.218 (mix)        8.015 (add) 
Fill: 1
Cl( 1, 0) in Cl( 1, 0) CPU =        0.004 ms (setup)        0.005 (comm)        0.010 (pade)        0.007 (series)        0.002 (mix)        0.002 (add) 
Cl( 1, 1) in Cl( 1, 1) CPU =        0.002 ms (setup)        0.007 (comm)        0.010 (pade)        0.009 (series)        0.003 (mix)        0.002 (add) 
Cl( 2, 1) in Cl( 2, 1) CPU =        0.005 ms (setup)        0.013 (comm)        0.020 (pade)        0.015 (series)        0.005 (mix)        0.003 (add) 
Cl( 2, 2) in Cl( 2, 2) CPU =        0.005 ms (setup)        0.028 (comm)        0.038 (pade)        0.033 (series)        0.009 (mix)        0.004 (add) 
Cl( 3, 2) in Cl( 3, 2) CPU =        0.012 ms (setup)        0.066 (comm)        0.089 (pade)        0.097 (series)        0.020 (mix)        0.005 (add) 
Cl( 3, 3) in Cl( 3, 3) CPU =        0.025 ms (setup)        0.182 (comm)        0.134 (pade)        0.271 (series)        0.046 (mix)        0.011 (add) 
Cl( 4, 3) in Cl( 4, 3) CPU =        0.052 ms (setup)        0.571 (comm)        0.407 (pade)        0.905 (series)        0.113 (mix)        0.019 (add) 
Cl( 4, 4) in Cl( 4, 4) CPU =        0.100 ms (setup)        1.358 (comm)        0.566 (pade)        2.174 (series)        0.281 (mix)        0.042 (add) 
Cl( 5, 4) in Cl( 5, 4) CPU =        0.207 ms (setup)        4.352 (comm)        1.850 (pade)        7.181 (series)        0.734 (mix)        0.079 (add) 
Cl( 5, 5) in Cl( 5, 5) CPU =        0.406 ms (setup)        7.228 (comm)        2.675 (pade)       10.399 (series)        1.935 (mix)        0.158 (add) 
Cl( 6, 5) in Cl( 6, 5) CPU =        0.836 ms (setup)       22.639 (comm)        8.818 (pade)       34.634 (series)        5.564 (mix)        0.348 (add) 
Cl( 6, 6) in Cl( 6, 6) CPU =        1.708 ms (setup)       40.288 (comm)       13.070 (pade)       51.008 (series)       14.919 (mix)        0.685 (add) 
Cl( 7, 6) in Cl( 7, 6) CPU =        3.336 ms (setup)      128.757 (comm)       42.834 (pade)      169.013 (series)       43.440 (mix)        1.401 (add) 
Cl( 7, 7) in Cl( 7, 7) CPU =        6.627 ms (setup)      258.572 (comm)       64.650 (pade)      252.388 (series)      131.799 (mix)        3.016 (add) 
Cl( 8, 7) in Cl( 8, 7) CPU =       13.867 ms (setup)      829.828 (comm)      227.511 (pade)      860.845 (series)      400.001 (mix)        7.003 (add) 
Cl( 8, 8) in Cl( 8, 8) CPU =       28.657 ms (setup)     1865.818 (comm)      331.489 (pade)     1299.654 (series)     1218.978 (mix)       14.266 (add) 
Cl( 1, 0) in Cl( 8, 8) CPU =        0.002 ms (setup)        0.005 (comm)        0.009 (pade)        0.007 (series)        0.002 (mix)        0.002 (add) 
Cl( 1, 1) in Cl( 8, 8) CPU =        0.004 ms (setup)        0.007 (comm)        0.011 (pade)        0.009 (series)        0.003 (mix)        0.003 (add) 
Cl( 2, 1) in Cl( 8, 8) CPU =        0.005 ms (setup)        0.013 (comm)        0.024 (pade)        0.015 (series)        0.005 (mix)        0.003 (add) 
Cl( 2, 2) in Cl( 8, 8) CPU =        0.007 ms (setup)        0.026 (comm)        0.030 (pade)        0.034 (series)        0.009 (mix)        0.004 (add) 
Cl( 3, 2) in Cl( 8, 8) CPU =        0.011 ms (setup)        0.068 (comm)        0.088 (pade)        0.091 (series)        0.025 (mix)        0.005 (add) 
Cl( 3, 3) in Cl( 8, 8) CPU =        0.024 ms (setup)        0.183 (comm)        0.130 (pade)        0.272 (series)        0.051 (mix)        0.011 (add) 
Cl( 4, 3) in Cl( 8, 8) CPU =        0.052 ms (setup)        0.569 (comm)        0.416 (pade)        0.906 (series)        0.113 (mix)        0.020 (add) 
Cl( 4, 4) in Cl( 8, 8) CPU =        0.099 ms (setup)        1.363 (comm)        0.568 (pade)        2.155 (series)        0.281 (mix)        0.039 (add) 
Cl( 5, 4) in Cl( 8, 8) CPU =        0.204 ms (setup)        4.365 (comm)        1.868 (pade)        7.279 (series)        0.732 (mix)        0.079 (add) 
Cl( 5, 5) in Cl( 8, 8) CPU =        0.407 ms (setup)        7.203 (comm)        2.672 (pade)       10.474 (series)        1.935 (mix)        0.159 (add) 
Cl( 6, 5) in Cl( 8, 8) CPU =        0.834 ms (setup)       23.010 (comm)        8.872 (pade)       34.938 (series)        5.340 (mix)        0.327 (add) 
Cl( 6, 6) in Cl( 8, 8) CPU =        1.627 ms (setup)       40.424 (comm)       12.976 (pade)       51.781 (series)       15.058 (mix)        0.681 (add) 
Cl( 7, 6) in Cl( 8, 8) CPU =        3.311 ms (setup)      129.778 (comm)       43.114 (pade)      170.192 (series)       44.255 (mix)        1.405 (add) 
Cl( 7, 7) in Cl( 8, 8) CPU =        6.668 ms (setup)      257.416 (comm)       64.782 (pade)      253.069 (series)      132.103 (mix)        2.885 (add) 
Cl( 8, 7) in Cl( 8, 8) CPU =       13.863 ms (setup)      831.138 (comm)      229.275 (pade)      867.663 (series)      401.461 (mix)        6.986 (add) 
Cl( 8, 8) in Cl( 8, 8) CPU =       28.160 ms (setup)     1859.655 (comm)      336.584 (pade)     1311.226 (series)     1225.471 (mix)       14.181 (add) 

matrix_multi<double>
Clifford algebra expressions test:
Fill: 0.5
Cl( 1, 0) in Cl( 1, 0) CPU =        0.004 ms (setup)        0.009 (comm)        0.004 (pade)        0.004 (series)        0.008 (mix)        0.001 (add) 
Cl( 1, 1) in Cl( 1, 1) CPU =        0.011 ms (setup)        0.009 (comm)        0.005 (pade)        0.002 (series)        0.009 (mix)        0.001 (add) 
Cl( 2, 1) in Cl( 2, 1) CPU =        0.005 ms (setup)        0.068 (comm)        0.007 (pade)        0.002 (series)        0.064 (mix)        0.001 (add) 
Cl( 2, 2) in Cl( 2, 2) CPU =        0.007 ms (setup)        0.114 (comm)        0.007 (pade)        0.002 (series)        0.113 (mix)        0.001 (add) 
Cl( 3, 2) in Cl( 3, 2) CPU =        0.038 ms (setup)        0.339 (comm)        0.011 (pade)        0.011 (series)        0.344 (mix)        0.001 (add) 
Cl( 3, 3) in Cl( 3, 3) CPU =        0.058 ms (setup)        0.626 (comm)        0.010 (pade)        0.005 (series)        0.672 (mix)        0.001 (add) 
Cl( 4, 3) in Cl( 4, 3) CPU =        0.138 ms (setup)        2.623 (comm)        0.021 (pade)        0.021 (series)        2.804 (mix)        0.002 (add) 
Cl( 4, 4) in Cl( 4, 4) CPU =        0.286 ms (setup)        4.162 (comm)        0.022 (pade)        0.015 (series)        3.958 (mix)        0.002 (add) 
Cl( 5, 4) in Cl( 5, 4) CPU =        0.615 ms (setup)       15.905 (comm)        0.066 (pade)        0.051 (series)       15.639 (mix)        0.005 (add) 
Cl( 5, 5) in Cl( 5, 5) CPU =        1.196 ms (setup)       22.187 (comm)        0.057 (pade)        0.057 (series)       22.143 (mix)        0.005 (add) 
Cl( 6, 5) in Cl( 6, 5) CPU =        2.703 ms (setup)       87.438 (comm)        0.194 (pade)        0.280 (series)       86.493 (mix)        0.019 (add) 
Cl( 6, 6) in Cl( 6, 6) CPU =        5.421 ms (setup)      119.999 (comm)        0.194 (pade)        0.279 (series)      120.812 (mix)        0.020 (add) 
Cl( 7, 6) in Cl( 7, 6) CPU =       12.207 ms (setup)      499.541 (comm)        0.963 (pade)        1.796 (series)      499.013 (mix)        0.102 (add) 
Cl( 7, 7) in Cl( 7, 7) CPU =       24.339 ms (setup)      659.442 (comm)        0.947 (pade)        1.776 (series)      657.515 (mix)        0.099 (add) 
Cl( 8, 7) in Cl( 8, 7) CPU =       57.093 ms (setup)     3619.056 (comm)        5.746 (pade)       12.289 (series)     3478.532 (mix)        0.405 (add) 
Cl( 8, 8) in Cl( 8, 8) CPU =      120.005 ms (setup)     3914.265 (comm)        5.626 (pade)       12.716 (series)     3892.059 (mix)        0.438 (add) 
Cl( 1, 0) in Cl( 8, 8) CPU =        0.066 ms (setup)       33.429 (comm)        1.228 (pade)       12.220 (series)       27.165 (mix)        0.406 (add) 
Cl( 1, 1) in Cl( 8, 8) CPU =        0.091 ms (setup)       45.043 (comm)        2.399 (pade)       12.195 (series)       40.434 (mix)        0.406 (add) 
Cl( 2, 1) in Cl( 8, 8) CPU =        0.171 ms (setup)       85.099 (comm)        2.667 (pade)       12.219 (series)       79.680 (mix)        0.406 (add) 
Cl( 2, 2) in Cl( 8, 8) CPU =        0.329 ms (setup)      149.422 (comm)        2.704 (pade)       12.225 (series)      141.325 (mix)        0.406 (add) 
Cl( 3, 2) in Cl( 8, 8) CPU =        2.497 ms (setup)      206.007 (comm)        3.304 (pade)       12.327 (series)      200.975 (mix)        0.404 (add) 
Cl( 3, 3) in Cl( 8, 8) CPU =        3.763 ms (setup)      278.490 (comm)        3.337 (pade)       12.289 (series)      273.099 (mix)        0.403 (add) 
Cl( 4, 3) in Cl( 8, 8) CPU =        4.114 ms (setup)      297.261 (comm)        4.072 (pade)       12.256 (series)      290.959 (mix)        0.409 (add) 
Cl( 4, 4) in Cl( 8, 8) CPU =        4.513 ms (setup)      410.703 (comm)        4.097 (pade)       12.457 (series)      402.364 (mix)        0.406 (add) 
Cl( 5, 4) in Cl( 8, 8) CPU =        5.963 ms (setup)      529.596 (comm)        5.718 (pade)       12.357 (series)      521.768 (mix)        0.403 (add) 
Cl( 5, 5) in Cl( 8, 8) CPU =        7.296 ms (setup)      625.153 (comm)        5.641 (pade)       12.659 (series)      617.421 (mix)        0.405 (add) 
Cl( 6, 5) in Cl( 8, 8) CPU =       13.614 ms (setup)      825.715 (comm)        5.737 (pade)       12.883 (series)      816.236 (mix)        0.415 (add) 
Cl( 6, 6) in Cl( 8, 8) CPU =       22.918 ms (setup)      918.766 (comm)        5.756 (pade)       12.324 (series)      909.400 (mix)        0.455 (add) 
Cl( 7, 6) in Cl( 8, 8) CPU =       55.536 ms (setup)     1304.574 (comm)        5.657 (pade)       12.296 (series)     1295.046 (mix)        0.405 (add) 
Cl( 7, 7) in Cl( 8, 8) CPU =       99.811 ms (setup)     1637.138 (comm)        5.584 (pade)       12.284 (series)     1621.754 (mix)        0.404 (add) 
Cl( 8, 7) in Cl( 8, 8) CPU =      245.322 ms (setup)     3193.108 (comm)        5.615 (pade)       12.777 (series)     3185.074 (mix)        0.398 (add) 
Cl( 8, 8) in Cl( 8, 8) CPU =      118.413 ms (setup)     3851.662 (comm)        5.655 (pade)       12.216 (series)     3859.862 (mix)        0.402 (add) 
Fill: 1
Cl( 1, 0) in Cl( 1, 0) CPU =        0.004 ms (setup)        0.016 (comm)        0.005 (pade)        0.003 (series)        0.016 (mix)        0.001 (add) 
Cl( 1, 1) in Cl( 1, 1) CPU =        0.004 ms (setup)        0.024 (comm)        0.005 (pade)        0.002 (series)        0.022 (mix)        0.001 (add) 
Cl( 2, 1) in Cl( 2, 1) CPU =        0.007 ms (setup)        0.085 (comm)        0.006 (pade)        0.003 (series)        0.078 (mix)        0.001 (add) 
Cl( 2, 2) in Cl( 2, 2) CPU =        0.015 ms (setup)        0.136 (comm)        0.007 (pade)        0.003 (series)        0.138 (mix)        0.001 (add) 
Cl( 3, 2) in Cl( 3, 2) CPU =        0.042 ms (setup)        0.500 (comm)        0.011 (pade)        0.005 (series)        0.494 (mix)        0.001 (add) 
Cl( 3, 3) in Cl( 3, 3) CPU =        0.075 ms (setup)        0.791 (comm)        0.011 (pade)        0.005 (series)        0.768 (mix)        0.001 (add) 
Cl( 4, 3) in Cl( 4, 3) CPU =        0.227 ms (setup)        3.159 (comm)        0.022 (pade)        0.016 (series)        3.131 (mix)        0.002 (add) 
Cl( 4, 4) in Cl( 4, 4) CPU =        0.365 ms (setup)        4.638 (comm)        0.024 (pade)        0.016 (series)        4.606 (mix)        0.002 (add) 
Cl( 5, 4) in Cl( 5, 4) CPU =        0.890 ms (setup)       17.050 (comm)        0.056 (pade)        0.052 (series)       17.024 (mix)        0.005 (add) 
Cl( 5, 5) in Cl( 5, 5) CPU =        1.742 ms (setup)       24.123 (comm)        0.056 (pade)        0.052 (series)       24.318 (mix)        0.005 (add) 
Cl( 6, 5) in Cl( 6, 5) CPU =        4.160 ms (setup)       93.084 (comm)        0.198 (pade)        0.284 (series)       92.930 (mix)        0.019 (add) 
Cl( 6, 6) in Cl( 6, 6) CPU =        8.359 ms (setup)      127.956 (comm)        0.194 (pade)        0.315 (series)      127.721 (mix)        0.019 (add) 
Cl( 7, 6) in Cl( 7, 6) CPU =       19.587 ms (setup)      534.637 (comm)        0.944 (pade)        1.759 (series)      533.614 (mix)        0.100 (add) 
Cl( 7, 7) in Cl( 7, 7) CPU =       39.026 ms (setup)      711.851 (comm)        0.978 (pade)        1.772 (series)      709.888 (mix)        0.098 (add) 
Cl( 8, 7) in Cl( 8, 7) CPU =      102.496 ms (setup)     4334.587 (comm)        5.773 (pade)       12.315 (series)     4193.229 (mix)        0.409 (add) 
Cl( 8, 8) in Cl( 8, 8) CPU =      202.108 ms (setup)     4248.848 (comm)        5.785 (pade)       12.267 (series)     4228.913 (mix)        0.404 (add) 
Cl( 1, 0) in Cl( 8, 8) CPU =        0.093 ms (setup)       54.101 (comm)        2.401 (pade)       12.398 (series)       47.882 (mix)        0.405 (add) 
Cl( 1, 1) in Cl( 8, 8) CPU =        0.131 ms (setup)       79.427 (comm)        2.385 (pade)       12.209 (series)       73.746 (mix)        0.405 (add) 
Cl( 2, 1) in Cl( 8, 8) CPU =        0.274 ms (setup)      115.422 (comm)        2.667 (pade)       12.183 (series)      109.892 (mix)        0.402 (add) 
Cl( 2, 2) in Cl( 8, 8) CPU =        3.603 ms (setup)      163.314 (comm)        2.817 (pade)       12.243 (series)      159.821 (mix)        0.398 (add) 
Cl( 3, 2) in Cl( 8, 8) CPU =        3.748 ms (setup)      221.843 (comm)        3.220 (pade)       12.271 (series)      215.788 (mix)        0.399 (add) 
Cl( 3, 3) in Cl( 8, 8) CPU =        3.932 ms (setup)      303.964 (comm)        3.209 (pade)       12.300 (series)      296.489 (mix)        0.402 (add) 
Cl( 4, 3) in Cl( 8, 8) CPU =        4.307 ms (setup)      406.392 (comm)        4.074 (pade)       12.270 (series)      399.725 (mix)        0.410 (add) 
Cl( 4, 4) in Cl( 8, 8) CPU =        4.821 ms (setup)      507.017 (comm)        4.088 (pade)       12.476 (series)      499.327 (mix)        0.401 (add) 
Cl( 5, 4) in Cl( 8, 8) CPU =        6.897 ms (setup)      622.570 (comm)        5.708 (pade)       12.287 (series)      615.408 (mix)        0.406 (add) 
Cl( 5, 5) in Cl( 8, 8) CPU =        9.652 ms (setup)      734.490 (comm)        5.748 (pade)       12.229 (series)      724.652 (mix)        0.403 (add) 
Cl( 6, 5) in Cl( 8, 8) CPU =       19.562 ms (setup)      914.084 (comm)        5.623 (pade)       12.247 (series)      906.287 (mix)        0.407 (add) 
Cl( 6, 6) in Cl( 8, 8) CPU =       34.130 ms (setup)     1053.344 (comm)        5.624 (pade)       12.313 (series)     1046.713 (mix)        0.407 (add) 
Cl( 7, 6) in Cl( 8, 8) CPU =       75.588 ms (setup)     1496.770 (comm)        5.648 (pade)       12.183 (series)     1485.251 (mix)        0.399 (add) 
Cl( 7, 7) in Cl( 8, 8) CPU =      134.722 ms (setup)     1781.119 (comm)        5.625 (pade)       12.176 (series)     1774.192 (mix)        0.410 (add) 
Cl( 8, 7) in Cl( 8, 8) CPU =      334.531 ms (setup)     3406.436 (comm)        5.825 (pade)       12.570 (series)     3381.471 (mix)        0.422 (add) 
Cl( 8, 8) in Cl( 8, 8) CPU =      193.930 ms (setup)     4245.074 (comm)        5.764 (pade)       12.484 (series)     4239.647 (mix)        0.409 (add) 
