
framed_multi<float,-4,4>
Clifford algebra products test:
Fill: 0.5
Cl( 1, 0) in Cl( 1, 0) CPU =        0.005 ms (setup)        0.003 (*)        0.001 (^)        0.002 (&)        0.001 (%) 
Cl( 1, 1) in Cl( 1, 1) CPU =        0.002 ms (setup)        0.001 (*)        0.001 (^)        0.002 (&)        0.001 (%) 
Cl( 2, 1) in Cl( 2, 1) CPU =        0.002 ms (setup)        0.005 (*)        0.003 (^)        0.003 (&)        0.003 (%) 
Cl( 2, 2) in Cl( 2, 2) CPU =        0.003 ms (setup)        0.007 (*)        0.005 (^)        0.004 (&)        0.004 (%) 
Cl( 3, 2) in Cl( 3, 2) CPU =        0.006 ms (setup)        0.015 (*)        0.008 (^)        0.008 (&)        0.007 (%) 
Cl( 3, 3) in Cl( 3, 3) CPU =        0.009 ms (setup)        0.034 (*)        0.019 (^)        0.017 (&)        0.016 (%) 
Cl( 4, 3) in Cl( 4, 3) CPU =        0.022 ms (setup)        0.096 (*)        0.051 (^)        0.050 (&)        0.038 (%) 
Cl( 4, 4) in Cl( 4, 4) CPU =        0.045 ms (setup)        0.711 (*)        0.124 (^)        0.122 (&)        0.089 (%) 
Cl( 1, 0) in Cl( 4, 4) CPU =        0.001 ms (setup)        0.001 (*)        0.001 (^)        0.001 (&)        0.001 (%) 
Cl( 1, 1) in Cl( 4, 4) CPU =        0.002 ms (setup)        0.002 (*)        0.001 (^)        0.001 (&)        0.001 (%) 
Cl( 2, 1) in Cl( 4, 4) CPU =        0.002 ms (setup)        0.003 (*)        0.002 (^)        0.002 (&)        0.002 (%) 
Cl( 2, 2) in Cl( 4, 4) CPU =        0.003 ms (setup)        0.004 (*)        0.003 (^)        0.003 (&)        0.003 (%) 
Cl( 3, 2) in Cl( 4, 4) CPU =        0.005 ms (setup)        0.014 (*)        0.008 (^)        0.007 (&)        0.007 (%) 
Cl( 3, 3) in Cl( 4, 4) CPU =        0.010 ms (setup)        0.031 (*)        0.019 (^)        0.016 (&)        0.013 (%) 
Cl( 4, 3) in Cl( 4, 4) CPU =        0.021 ms (setup)        0.100 (*)        0.048 (^)        0.052 (&)        0.040 (%) 
Cl( 4, 4) in Cl( 4, 4) CPU =        0.043 ms (setup)        0.689 (*)        0.122 (^)        0.128 (&)        0.097 (%) 
Fill: 1
Cl( 1, 0) in Cl( 1, 0) CPU =        0.002 ms (setup)        0.002 (*)        0.001 (^)        0.001 (&)        0.001 (%) 
Cl( 1, 1) in Cl( 1, 1) CPU =        0.002 ms (setup)        0.003 (*)        0.002 (^)        0.002 (&)        0.002 (%) 
Cl( 2, 1) in Cl( 2, 1) CPU =        0.003 ms (setup)        0.004 (*)        0.003 (^)        0.003 (&)        0.003 (%) 
Cl( 2, 2) in Cl( 2, 2) CPU =        0.004 ms (setup)        0.009 (*)        0.005 (^)        0.005 (&)        0.005 (%) 
Cl( 3, 2) in Cl( 3, 2) CPU =        0.007 ms (setup)        0.022 (*)        0.009 (^)        0.011 (&)        0.010 (%) 
Cl( 3, 3) in Cl( 3, 3) CPU =        0.015 ms (setup)        0.066 (*)        0.022 (^)        0.035 (&)        0.024 (%) 
Cl( 4, 3) in Cl( 4, 3) CPU =        0.030 ms (setup)        0.217 (*)        0.054 (^)        0.079 (&)        0.059 (%) 
Cl( 4, 4) in Cl( 4, 4) CPU =        0.066 ms (setup)        0.781 (*)        0.123 (^)        0.208 (&)        0.145 (%) 
Cl( 1, 0) in Cl( 4, 4) CPU =        0.001 ms (setup)        0.002 (*)        0.001 (^)        0.002 (&)        0.001 (%) 
Cl( 1, 1) in Cl( 4, 4) CPU =        0.002 ms (setup)        0.003 (*)        0.002 (^)        0.002 (&)        0.002 (%) 
Cl( 2, 1) in Cl( 4, 4) CPU =        0.002 ms (setup)        0.005 (*)        0.003 (^)        0.003 (&)        0.003 (%) 
Cl( 2, 2) in Cl( 4, 4) CPU =        0.004 ms (setup)        0.007 (*)        0.004 (^)        0.005 (&)        0.005 (%) 
Cl( 3, 2) in Cl( 4, 4) CPU =        0.006 ms (setup)        0.021 (*)        0.009 (^)        0.011 (&)        0.009 (%) 
Cl( 3, 3) in Cl( 4, 4) CPU =        0.014 ms (setup)        0.062 (*)        0.021 (^)        0.029 (&)        0.023 (%) 
Cl( 4, 3) in Cl( 4, 4) CPU =        0.029 ms (setup)        0.208 (*)        0.049 (^)        0.074 (&)        0.056 (%) 
Cl( 4, 4) in Cl( 4, 4) CPU =        0.064 ms (setup)        0.763 (*)        0.117 (^)        0.202 (&)        0.138 (%) 

matrix_multi<float,-4,4>
Clifford algebra products test:
Fill: 0.5
Cl( 1, 0) in Cl( 1, 0) CPU =        0.013 ms (setup)        0.001 (*)        0.010 (^)        0.007 (&)        0.010 (%) 
Cl( 1, 1) in Cl( 1, 1) CPU =        0.005 ms (setup)        0.001 (*)        0.007 (^)        0.007 (&)        0.008 (%) 
Cl( 2, 1) in Cl( 2, 1) CPU =        0.003 ms (setup)        0.001 (*)        0.017 (^)        0.050 (&)        0.026 (%) 
Cl( 2, 2) in Cl( 2, 2) CPU =        0.011 ms (setup)        0.001 (*)        0.071 (^)        0.044 (&)        0.057 (%) 
Cl( 3, 2) in Cl( 3, 2) CPU =        0.021 ms (setup)        0.002 (*)        0.262 (^)        0.227 (&)        0.260 (%) 
Cl( 3, 3) in Cl( 3, 3) CPU =        0.036 ms (setup)        0.002 (*)        0.349 (^)        0.364 (&)        0.361 (%) 
Cl( 4, 3) in Cl( 4, 3) CPU =        0.088 ms (setup)        0.003 (*)        1.509 (^)        1.246 (&)        1.262 (%) 
Cl( 4, 4) in Cl( 4, 4) CPU =        0.127 ms (setup)        0.003 (*)        2.023 (^)        2.037 (&)        2.109 (%) 
Cl( 1, 0) in Cl( 4, 4) CPU =        0.001 ms (setup)        0.002 (*)        0.010 (^)        0.010 (&)        0.010 (%) 
Cl( 1, 1) in Cl( 4, 4) CPU =        0.006 ms (setup)        0.002 (*)        0.096 (^)        0.062 (&)        0.084 (%) 
Cl( 2, 1) in Cl( 4, 4) CPU =        0.013 ms (setup)        0.002 (*)        0.113 (^)        0.079 (&)        0.091 (%) 
Cl( 2, 2) in Cl( 4, 4) CPU =        0.026 ms (setup)        0.003 (*)        0.205 (^)        0.132 (&)        0.157 (%) 
Cl( 3, 2) in Cl( 4, 4) CPU =        0.071 ms (setup)        0.002 (*)        0.240 (^)        0.222 (&)        0.219 (%) 
Cl( 3, 3) in Cl( 4, 4) CPU =        0.099 ms (setup)        0.002 (*)        0.456 (^)        0.407 (&)        0.399 (%) 
Cl( 4, 3) in Cl( 4, 4) CPU =        0.251 ms (setup)        0.003 (*)        1.275 (^)        1.289 (&)        1.312 (%) 
Cl( 4, 4) in Cl( 4, 4) CPU =        0.127 ms (setup)        0.002 (*)        1.919 (^)        2.050 (&)        2.065 (%) 
Fill: 1
Cl( 1, 0) in Cl( 1, 0) CPU =        0.002 ms (setup)        0.001 (*)        0.009 (^)        0.007 (&)        0.008 (%) 
Cl( 1, 1) in Cl( 1, 1) CPU =        0.003 ms (setup)        0.001 (*)        0.013 (^)        0.009 (&)        0.014 (%) 
Cl( 2, 1) in Cl( 2, 1) CPU =        0.004 ms (setup)        0.001 (*)        0.049 (^)        0.036 (&)        0.041 (%) 
Cl( 2, 2) in Cl( 2, 2) CPU =        0.007 ms (setup)        0.001 (*)        0.068 (^)        0.054 (&)        0.067 (%) 
Cl( 3, 2) in Cl( 3, 2) CPU =        0.020 ms (setup)        0.001 (*)        0.233 (^)        0.239 (&)        0.252 (%) 
Cl( 3, 3) in Cl( 3, 3) CPU =        0.038 ms (setup)        0.002 (*)        0.381 (^)        0.363 (&)        0.387 (%) 
Cl( 4, 3) in Cl( 4, 3) CPU =        0.091 ms (setup)        0.005 (*)        1.549 (^)        1.571 (&)        1.585 (%) 
Cl( 4, 4) in Cl( 4, 4) CPU =        0.180 ms (setup)        0.002 (*)        2.317 (^)        2.295 (&)        2.335 (%) 
Cl( 1, 0) in Cl( 4, 4) CPU =        0.004 ms (setup)        0.003 (*)        0.077 (^)        0.053 (&)        0.068 (%) 
Cl( 1, 1) in Cl( 4, 4) CPU =        0.005 ms (setup)        0.003 (*)        0.097 (^)        0.061 (&)        0.085 (%) 
Cl( 2, 1) in Cl( 4, 4) CPU =        0.014 ms (setup)        0.003 (*)        0.151 (^)        0.102 (&)        0.120 (%) 
Cl( 2, 2) in Cl( 4, 4) CPU =        0.035 ms (setup)        0.002 (*)        0.208 (^)        0.137 (&)        0.162 (%) 
Cl( 3, 2) in Cl( 4, 4) CPU =        0.077 ms (setup)        0.002 (*)        0.425 (^)        0.317 (&)        0.321 (%) 
Cl( 3, 3) in Cl( 4, 4) CPU =        0.120 ms (setup)        0.002 (*)        0.620 (^)        0.513 (&)        0.540 (%) 
Cl( 4, 3) in Cl( 4, 4) CPU =        0.327 ms (setup)        0.002 (*)        1.713 (^)        1.649 (&)        1.657 (%) 
Cl( 4, 4) in Cl( 4, 4) CPU =        0.185 ms (setup)        0.003 (*)        2.417 (^)        2.308 (&)        2.349 (%) 

framed_multi<double>
Clifford algebra products test:
Fill: 0.5
Cl( 1, 0) in Cl( 1, 0) CPU =        0.001 ms (setup)        0.002 (*)        0.001 (^)        0.001 (&)        0.001 (%) 
Cl( 1, 1) in Cl( 1, 1) CPU =        0.001 ms (setup)        0.001 (*)        0.005 (^)        0.001 (&)        0.001 (%) 
Cl( 2, 1) in Cl( 2, 1) CPU =        0.001 ms (setup)        0.004 (*)        0.002 (^)        0.002 (&)        0.002 (%) 
Cl( 2, 2) in Cl( 2, 2) CPU =        0.002 ms (setup)        0.006 (*)        0.004 (^)        0.003 (&)        0.003 (%) 
Cl( 3, 2) in Cl( 3, 2) CPU =        0.005 ms (setup)        0.013 (*)        0.007 (^)        0.007 (&)        0.006 (%) 
Cl( 3, 3) in Cl( 3, 3) CPU =        0.008 ms (setup)        0.030 (*)        0.015 (^)        0.015 (&)        0.013 (%) 
Cl( 4, 3) in Cl( 4, 3) CPU =        0.016 ms (setup)        0.089 (*)        0.041 (^)        0.041 (&)        0.032 (%) 
Cl( 4, 4) in Cl( 4, 4) CPU =        0.032 ms (setup)        0.451 (*)        0.103 (^)        0.090 (&)        0.070 (%) 
Cl( 5, 4) in Cl( 5, 4) CPU =        0.064 ms (setup)        1.627 (*)        0.294 (^)        0.285 (&)        0.204 (%) 
Cl( 5, 5) in Cl( 5, 5) CPU =        0.119 ms (setup)        2.133 (*)        0.709 (^)        0.668 (&)        0.443 (%) 
Cl( 6, 5) in Cl( 6, 5) CPU =        0.247 ms (setup)        7.788 (*)        2.028 (^)        1.948 (&)        1.240 (%) 
Cl( 6, 6) in Cl( 6, 6) CPU =        0.501 ms (setup)       10.244 (*)        5.517 (^)        5.284 (&)        3.140 (%) 
Cl( 7, 6) in Cl( 7, 6) CPU =        1.028 ms (setup)       36.648 (*)       17.284 (^)       15.908 (&)        9.104 (%) 
Cl( 7, 7) in Cl( 7, 7) CPU =        2.026 ms (setup)       49.122 (*)       47.916 (^)       46.104 (&)       24.914 (%) 
Cl( 8, 7) in Cl( 8, 7) CPU =        4.131 ms (setup)      176.668 (*)      144.892 (^)      135.672 (&)       71.346 (%) 
Cl( 8, 8) in Cl( 8, 8) CPU =        8.280 ms (setup)      239.587 (*)      433.627 (^)      416.910 (&)      214.688 (%) 
Cl( 1, 0) in Cl( 8, 8) CPU =        0.001 ms (setup)        0.001 (*)        0.001 (^)        0.001 (&)        0.001 (%) 
Cl( 1, 1) in Cl( 8, 8) CPU =        0.001 ms (setup)        0.001 (*)        0.001 (^)        0.001 (&)        0.001 (%) 
Cl( 2, 1) in Cl( 8, 8) CPU =        0.002 ms (setup)        0.001 (*)        0.001 (^)        0.001 (&)        0.001 (%) 
Cl( 2, 2) in Cl( 8, 8) CPU =        0.002 ms (setup)        0.005 (*)        0.003 (^)        0.003 (&)        0.004 (%) 
Cl( 3, 2) in Cl( 8, 8) CPU =        0.005 ms (setup)        0.011 (*)        0.007 (^)        0.005 (&)        0.007 (%) 
Cl( 3, 3) in Cl( 8, 8) CPU =        0.007 ms (setup)        0.027 (*)        0.015 (^)        0.013 (&)        0.012 (%) 
Cl( 4, 3) in Cl( 8, 8) CPU =        0.015 ms (setup)        0.073 (*)        0.037 (^)        0.031 (&)        0.028 (%) 
Cl( 4, 4) in Cl( 8, 8) CPU =        0.030 ms (setup)        0.453 (*)        0.111 (^)        0.099 (&)        0.076 (%) 
Cl( 5, 4) in Cl( 8, 8) CPU =        0.061 ms (setup)        1.572 (*)        0.279 (^)        0.271 (&)        0.193 (%) 
Cl( 5, 5) in Cl( 8, 8) CPU =        0.122 ms (setup)        2.091 (*)        0.690 (^)        0.688 (&)        0.447 (%) 
Cl( 6, 5) in Cl( 8, 8) CPU =        0.243 ms (setup)        7.391 (*)        1.961 (^)        1.927 (&)        1.200 (%) 
Cl( 6, 6) in Cl( 8, 8) CPU =        0.478 ms (setup)        9.873 (*)        5.526 (^)        5.115 (&)        3.050 (%) 
Cl( 7, 6) in Cl( 8, 8) CPU =        1.010 ms (setup)       34.962 (*)       15.944 (^)       15.247 (&)        8.554 (%) 
Cl( 7, 7) in Cl( 8, 8) CPU =        1.965 ms (setup)       47.418 (*)       47.788 (^)       45.389 (&)       24.638 (%) 
Cl( 8, 7) in Cl( 8, 8) CPU =        4.140 ms (setup)      177.226 (*)      143.270 (^)      135.408 (&)       71.599 (%) 
Cl( 8, 8) in Cl( 8, 8) CPU =        8.304 ms (setup)      239.297 (*)      432.613 (^)      420.994 (&)      215.425 (%) 
Fill: 1
Cl( 1, 0) in Cl( 1, 0) CPU =        0.001 ms (setup)        0.002 (*)        0.001 (^)        0.001 (&)        0.001 (%) 
Cl( 1, 1) in Cl( 1, 1) CPU =        0.002 ms (setup)        0.002 (*)        0.001 (^)        0.002 (&)        0.002 (%) 
Cl( 2, 1) in Cl( 2, 1) CPU =        0.002 ms (setup)        0.004 (*)        0.003 (^)        0.003 (&)        0.002 (%) 
Cl( 2, 2) in Cl( 2, 2) CPU =        0.003 ms (setup)        0.009 (*)        0.005 (^)        0.005 (&)        0.005 (%) 
Cl( 3, 2) in Cl( 3, 2) CPU =        0.007 ms (setup)        0.022 (*)        0.011 (^)        0.010 (&)        0.009 (%) 
Cl( 3, 3) in Cl( 3, 3) CPU =        0.013 ms (setup)        0.067 (*)        0.020 (^)        0.027 (&)        0.021 (%) 
Cl( 4, 3) in Cl( 4, 3) CPU =        0.026 ms (setup)        0.224 (*)        0.053 (^)        0.064 (&)        0.049 (%) 
Cl( 4, 4) in Cl( 4, 4) CPU =        0.052 ms (setup)        0.542 (*)        0.110 (^)        0.169 (&)        0.119 (%) 
Cl( 5, 4) in Cl( 5, 4) CPU =        0.100 ms (setup)        1.804 (*)        0.275 (^)        0.443 (&)        0.298 (%) 
Cl( 5, 5) in Cl( 5, 5) CPU =        0.198 ms (setup)        2.611 (*)        0.684 (^)        1.210 (&)        0.762 (%) 
Cl( 6, 5) in Cl( 6, 5) CPU =        0.403 ms (setup)        8.717 (*)        1.802 (^)        3.436 (&)        2.045 (%) 
Cl( 6, 6) in Cl( 6, 6) CPU =        0.810 ms (setup)       12.659 (*)        4.865 (^)        9.936 (&)        5.635 (%) 
Cl( 7, 6) in Cl( 7, 6) CPU =        1.673 ms (setup)       42.315 (*)       13.704 (^)       29.422 (&)       15.902 (%) 
Cl( 7, 7) in Cl( 7, 7) CPU =        3.331 ms (setup)       62.772 (*)       39.814 (^)       88.347 (&)       46.345 (%) 
Cl( 8, 7) in Cl( 8, 7) CPU =        7.158 ms (setup)      216.905 (*)      120.303 (^)      271.621 (&)      139.106 (%) 
Cl( 8, 8) in Cl( 8, 8) CPU =       14.412 ms (setup)      328.174 (*)      367.238 (^)      839.726 (&)      419.187 (%) 
Cl( 1, 0) in Cl( 8, 8) CPU =        0.002 ms (setup)        0.002 (*)        0.001 (^)        0.001 (&)        0.001 (%) 
Cl( 1, 1) in Cl( 8, 8) CPU =        0.002 ms (setup)        0.003 (*)        0.002 (^)        0.002 (&)        0.002 (%) 
Cl( 2, 1) in Cl( 8, 8) CPU =        0.003 ms (setup)        0.004 (*)        0.003 (^)        0.003 (&)        0.002 (%) 
Cl( 2, 2) in Cl( 8, 8) CPU =        0.003 ms (setup)        0.009 (*)        0.005 (^)        0.005 (&)        0.005 (%) 
Cl( 3, 2) in Cl( 8, 8) CPU =        0.007 ms (setup)        0.023 (*)        0.009 (^)        0.011 (&)        0.009 (%) 
Cl( 3, 3) in Cl( 8, 8) CPU =        0.013 ms (setup)        0.067 (*)        0.020 (^)        0.026 (&)        0.027 (%) 
Cl( 4, 3) in Cl( 8, 8) CPU =        0.026 ms (setup)        0.224 (*)        0.046 (^)        0.066 (&)        0.049 (%) 
Cl( 4, 4) in Cl( 8, 8) CPU =        0.051 ms (setup)        0.543 (*)        0.111 (^)        0.166 (&)        0.119 (%) 
Cl( 5, 4) in Cl( 8, 8) CPU =        0.101 ms (setup)        1.816 (*)        0.271 (^)        0.444 (&)        0.299 (%) 
Cl( 5, 5) in Cl( 8, 8) CPU =        0.199 ms (setup)        2.753 (*)        0.767 (^)        1.257 (&)        0.808 (%) 
Cl( 6, 5) in Cl( 8, 8) CPU =        0.462 ms (setup)        8.703 (*)        1.800 (^)        3.458 (&)        2.041 (%) 
Cl( 6, 6) in Cl( 8, 8) CPU =        0.802 ms (setup)       12.697 (*)        4.912 (^)        9.999 (&)        5.740 (%) 
Cl( 7, 6) in Cl( 8, 8) CPU =        1.713 ms (setup)       42.235 (*)       13.774 (^)       29.376 (&)       15.899 (%) 
Cl( 7, 7) in Cl( 8, 8) CPU =        3.349 ms (setup)       62.746 (*)       40.133 (^)       88.270 (&)       46.721 (%) 
Cl( 8, 7) in Cl( 8, 8) CPU =        7.032 ms (setup)      218.120 (*)      121.367 (^)      271.990 (&)      138.633 (%) 
Cl( 8, 8) in Cl( 8, 8) CPU =       14.517 ms (setup)      328.002 (*)      366.836 (^)      841.823 (&)      419.779 (%) 

matrix_multi<double>
Clifford algebra products test:
Fill: 0.5
Cl( 1, 0) in Cl( 1, 0) CPU =        0.004 ms (setup)        0.001 (*)        0.009 (^)        0.007 (&)        0.007 (%) 
Cl( 1, 1) in Cl( 1, 1) CPU =        0.006 ms (setup)        0.001 (*)        0.005 (^)        0.006 (&)        0.006 (%) 
Cl( 2, 1) in Cl( 2, 1) CPU =        0.005 ms (setup)        0.001 (*)        0.041 (^)        0.025 (&)        0.042 (%) 
Cl( 2, 2) in Cl( 2, 2) CPU =        0.009 ms (setup)        0.001 (*)        0.030 (^)        0.035 (&)        0.044 (%) 
Cl( 3, 2) in Cl( 3, 2) CPU =        0.032 ms (setup)        0.002 (*)        0.176 (^)        0.179 (&)        0.201 (%) 
Cl( 3, 3) in Cl( 3, 3) CPU =        0.030 ms (setup)        0.002 (*)        0.256 (^)        0.300 (&)        0.292 (%) 
Cl( 4, 3) in Cl( 4, 3) CPU =        0.073 ms (setup)        0.003 (*)        1.232 (^)        1.341 (&)        1.335 (%) 
Cl( 4, 4) in Cl( 4, 4) CPU =        0.132 ms (setup)        0.004 (*)        1.913 (^)        1.969 (&)        2.015 (%) 
Cl( 5, 4) in Cl( 5, 4) CPU =        0.316 ms (setup)        0.011 (*)        7.127 (^)        8.027 (&)        7.785 (%) 
Cl( 5, 5) in Cl( 5, 5) CPU =        0.598 ms (setup)        0.011 (*)       10.910 (^)       11.127 (&)       11.470 (%) 
Cl( 6, 5) in Cl( 6, 5) CPU =        1.423 ms (setup)        0.060 (*)       40.145 (^)       43.583 (&)       41.788 (%) 
Cl( 6, 6) in Cl( 6, 6) CPU =        2.912 ms (setup)        0.063 (*)       58.282 (^)       59.878 (&)       58.450 (%) 
Cl( 7, 6) in Cl( 7, 6) CPU =        6.192 ms (setup)        0.397 (*)      241.139 (^)      264.555 (&)      242.111 (%) 
Cl( 7, 7) in Cl( 7, 7) CPU =       12.236 ms (setup)        0.402 (*)      303.996 (^)      345.138 (&)      314.618 (%) 
Cl( 8, 7) in Cl( 8, 7) CPU =       31.474 ms (setup)        2.952 (*)     1613.971 (^)     1694.744 (&)     1459.675 (%) 
Cl( 8, 8) in Cl( 8, 8) CPU =       59.959 ms (setup)        2.868 (*)     1849.111 (^)     2120.757 (&)     1852.160 (%) 
Cl( 1, 0) in Cl( 8, 8) CPU =        0.076 ms (setup)        2.872 (*)       13.747 (^)       13.277 (&)       13.349 (%) 
Cl( 1, 1) in Cl( 8, 8) CPU =        0.151 ms (setup)        3.035 (*)       23.634 (^)       13.309 (&)       20.341 (%) 
Cl( 2, 1) in Cl( 8, 8) CPU =        0.106 ms (setup)        2.968 (*)       38.632 (^)       22.165 (&)       30.224 (%) 
Cl( 2, 2) in Cl( 8, 8) CPU =        0.239 ms (setup)        3.150 (*)       61.103 (^)       38.446 (&)       42.288 (%) 
Cl( 3, 2) in Cl( 8, 8) CPU =        1.131 ms (setup)        2.962 (*)       87.879 (^)       57.815 (&)       58.157 (%) 
Cl( 3, 3) in Cl( 8, 8) CPU =        2.386 ms (setup)        2.954 (*)      123.899 (^)       88.612 (&)       79.105 (%) 
Cl( 4, 3) in Cl( 8, 8) CPU =        2.603 ms (setup)        2.949 (*)      165.938 (^)      164.313 (&)      108.229 (%) 
Cl( 4, 4) in Cl( 8, 8) CPU =        2.779 ms (setup)        2.948 (*)      220.285 (^)      169.672 (&)      138.457 (%) 
Cl( 5, 4) in Cl( 8, 8) CPU =        3.526 ms (setup)        3.032 (*)      283.890 (^)      223.233 (&)      176.153 (%) 
Cl( 5, 5) in Cl( 8, 8) CPU =        4.530 ms (setup)        3.021 (*)      376.638 (^)      333.415 (&)      242.666 (%) 
Cl( 6, 5) in Cl( 8, 8) CPU =        7.926 ms (setup)        3.096 (*)      425.214 (^)      366.408 (&)      279.332 (%) 
Cl( 6, 6) in Cl( 8, 8) CPU =       12.407 ms (setup)        3.031 (*)      502.201 (^)      512.970 (&)      372.099 (%) 
Cl( 7, 6) in Cl( 8, 8) CPU =       29.383 ms (setup)        3.026 (*)      632.683 (^)      737.965 (&)      520.982 (%) 
Cl( 7, 7) in Cl( 8, 8) CPU =       48.794 ms (setup)        3.038 (*)      806.624 (^)      897.890 (&)      699.452 (%) 
Cl( 8, 7) in Cl( 8, 8) CPU =      122.191 ms (setup)        2.877 (*)     1479.553 (^)     1615.199 (&)     1374.245 (%) 
Cl( 8, 8) in Cl( 8, 8) CPU =       57.514 ms (setup)        2.898 (*)     1749.783 (^)     2125.671 (&)     1808.916 (%) 
Fill: 1
Cl( 1, 0) in Cl( 1, 0) CPU =        0.002 ms (setup)        0.001 (*)        0.009 (^)        0.007 (&)        0.009 (%) 
Cl( 1, 1) in Cl( 1, 1) CPU =        0.002 ms (setup)        0.000 (*)        0.013 (^)        0.009 (&)        0.013 (%) 
Cl( 2, 1) in Cl( 2, 1) CPU =        0.005 ms (setup)        0.001 (*)        0.044 (^)        0.037 (&)        0.042 (%) 
Cl( 2, 2) in Cl( 2, 2) CPU =        0.009 ms (setup)        0.001 (*)        0.078 (^)        0.056 (&)        0.069 (%) 
Cl( 3, 2) in Cl( 3, 2) CPU =        0.022 ms (setup)        0.002 (*)        0.246 (^)        0.234 (&)        0.236 (%) 
Cl( 3, 3) in Cl( 3, 3) CPU =        0.041 ms (setup)        0.001 (*)        0.388 (^)        0.373 (&)        0.396 (%) 
Cl( 4, 3) in Cl( 4, 3) CPU =        0.099 ms (setup)        0.004 (*)        1.538 (^)        1.576 (&)        1.567 (%) 
Cl( 4, 4) in Cl( 4, 4) CPU =        0.186 ms (setup)        0.004 (*)        2.264 (^)        2.264 (&)        2.292 (%) 
Cl( 5, 4) in Cl( 5, 4) CPU =        0.448 ms (setup)        0.011 (*)        8.700 (^)        8.651 (&)        8.465 (%) 
Cl( 5, 5) in Cl( 5, 5) CPU =        0.873 ms (setup)        0.011 (*)       11.988 (^)       12.196 (&)       12.042 (%) 
Cl( 6, 5) in Cl( 6, 5) CPU =        2.071 ms (setup)        0.060 (*)       45.514 (^)       48.005 (&)       46.062 (%) 
Cl( 6, 6) in Cl( 6, 6) CPU =        4.112 ms (setup)        0.060 (*)       62.349 (^)       65.561 (&)       62.602 (%) 
Cl( 7, 6) in Cl( 7, 6) CPU =        9.796 ms (setup)        0.402 (*)      254.100 (^)      276.627 (&)      254.809 (%) 
Cl( 7, 7) in Cl( 7, 7) CPU =       19.712 ms (setup)        0.403 (*)      338.031 (^)      363.891 (&)      339.992 (%) 
Cl( 8, 7) in Cl( 8, 7) CPU =       51.010 ms (setup)        2.870 (*)     1837.975 (^)     1750.005 (&)     1510.603 (%) 
Cl( 8, 8) in Cl( 8, 8) CPU =      103.639 ms (setup)        3.060 (*)     1958.588 (^)     2227.071 (&)     1968.238 (%) 
Cl( 1, 0) in Cl( 8, 8) CPU =        0.090 ms (setup)        2.980 (*)       23.628 (^)       13.636 (&)       20.227 (%) 
Cl( 1, 1) in Cl( 8, 8) CPU =        0.101 ms (setup)        2.949 (*)       39.977 (^)       22.439 (&)       30.274 (%) 
Cl( 2, 1) in Cl( 8, 8) CPU =        0.170 ms (setup)        3.357 (*)       61.112 (^)       38.052 (&)       42.150 (%) 
Cl( 2, 2) in Cl( 8, 8) CPU =        2.323 ms (setup)        2.943 (*)       87.020 (^)       57.767 (&)       57.096 (%) 
Cl( 3, 2) in Cl( 8, 8) CPU =        2.390 ms (setup)        2.960 (*)      120.239 (^)       86.207 (&)       76.227 (%) 
Cl( 3, 3) in Cl( 8, 8) CPU =        2.429 ms (setup)        2.948 (*)      163.578 (^)      123.499 (&)      102.037 (%) 
Cl( 4, 3) in Cl( 8, 8) CPU =        2.702 ms (setup)        2.946 (*)      218.113 (^)      170.875 (&)      135.483 (%) 
Cl( 4, 4) in Cl( 8, 8) CPU =        2.967 ms (setup)        2.950 (*)      271.230 (^)      217.023 (&)      166.624 (%) 
Cl( 5, 4) in Cl( 8, 8) CPU =        4.072 ms (setup)        2.946 (*)      330.283 (^)      275.445 (&)      205.058 (%) 
Cl( 5, 5) in Cl( 8, 8) CPU =        5.290 ms (setup)        2.945 (*)      379.468 (^)      335.811 (&)      245.668 (%) 
Cl( 6, 5) in Cl( 8, 8) CPU =        9.915 ms (setup)        2.944 (*)      461.227 (^)      433.722 (&)      315.928 (%) 
Cl( 6, 6) in Cl( 8, 8) CPU =       17.149 ms (setup)        2.856 (*)      510.949 (^)      520.528 (&)      378.055 (%) 
Cl( 7, 6) in Cl( 8, 8) CPU =       38.138 ms (setup)        2.962 (*)      727.687 (^)      753.740 (&)      577.145 (%) 
Cl( 7, 7) in Cl( 8, 8) CPU =       68.877 ms (setup)        2.977 (*)      833.865 (^)      928.049 (&)      717.543 (%) 
Cl( 8, 7) in Cl( 8, 8) CPU =      172.469 ms (setup)        3.000 (*)     1617.958 (^)     1750.707 (&)     1506.654 (%) 
Cl( 8, 8) in Cl( 8, 8) CPU =      102.227 ms (setup)        3.051 (*)     1956.020 (^)     2231.524 (&)     1965.715 (%) 
