
framed_multi<float,-4,4>
Clifford algebra expressions test:
Fill: 0.5
Cl( 1, 0) in Cl( 1, 0) CPU =        0.001 ms (setup)        0.005 (comm)        0.007 (pade)        0.002 (series)        0.001 (mix)        0.006 (add) 
Cl( 1, 1) in Cl( 1, 1) CPU =        0.001 ms (setup)        0.001 (comm)        0.003 (pade)        0.001 (series)        0.000 (mix)        0.001 (add) 
Cl( 2, 1) in Cl( 2, 1) CPU =        0.001 ms (setup)        0.004 (comm)        0.007 (pade)        0.003 (series)        0.001 (mix)        0.001 (add) 
Cl( 2, 2) in Cl( 2, 2) CPU =        0.002 ms (setup)        0.005 (comm)        0.007 (pade)        0.005 (series)        0.002 (mix)        0.002 (add) 
Cl( 3, 2) in Cl( 3, 2) CPU =        0.003 ms (setup)        0.011 (comm)        0.045 (pade)        0.013 (series)        0.005 (mix)        0.005 (add) 
Cl( 3, 3) in Cl( 3, 3) CPU =        0.009 ms (setup)        0.036 (comm)        0.056 (pade)        0.052 (series)        0.009 (mix)        0.007 (add) 
Cl( 4, 3) in Cl( 4, 3) CPU =        0.018 ms (setup)        0.087 (comm)        0.124 (pade)        0.098 (series)        0.015 (mix)        0.010 (add) 
Cl( 4, 4) in Cl( 4, 4) CPU =        0.024 ms (setup)        0.374 (comm)        0.171 (pade)        0.608 (series)        0.048 (mix)        0.023 (add) 
Cl( 1, 0) in Cl( 4, 4) CPU =        0.001 ms (setup)        0.001 (comm)        0.004 (pade)        0.001 (series)        0.001 (mix)        0.001 (add) 
Cl( 1, 1) in Cl( 4, 4) CPU =        0.001 ms (setup)        0.002 (comm)        0.003 (pade)        0.001 (series)        0.001 (mix)        0.002 (add) 
Cl( 2, 1) in Cl( 4, 4) CPU =        0.001 ms (setup)        0.004 (comm)        0.007 (pade)        0.004 (series)        0.001 (mix)        0.001 (add) 
Cl( 2, 2) in Cl( 4, 4) CPU =        0.002 ms (setup)        0.005 (comm)        0.007 (pade)        0.006 (series)        0.002 (mix)        0.002 (add) 
Cl( 3, 2) in Cl( 4, 4) CPU =        0.003 ms (setup)        0.010 (comm)        0.026 (pade)        0.014 (series)        0.003 (mix)        0.003 (add) 
Cl( 3, 3) in Cl( 4, 4) CPU =        0.006 ms (setup)        0.022 (comm)        0.092 (pade)        0.062 (series)        0.014 (mix)        0.011 (add) 
Cl( 4, 3) in Cl( 4, 4) CPU =        0.022 ms (setup)        0.087 (comm)        0.213 (pade)        0.110 (series)        0.014 (mix)        0.008 (add) 
Cl( 4, 4) in Cl( 4, 4) CPU =        0.024 ms (setup)        0.368 (comm)        0.164 (pade)        0.619 (series)        0.047 (mix)        0.019 (add) 
Fill: 1
Cl( 1, 0) in Cl( 1, 0) CPU =        0.001 ms (setup)        0.004 (comm)        0.005 (pade)        0.004 (series)        0.001 (mix)        0.004 (add) 
Cl( 1, 1) in Cl( 1, 1) CPU =        0.001 ms (setup)        0.003 (comm)        0.003 (pade)        0.003 (series)        0.001 (mix)        0.001 (add) 
Cl( 2, 1) in Cl( 2, 1) CPU =        0.001 ms (setup)        0.004 (comm)        0.007 (pade)        0.004 (series)        0.002 (mix)        0.001 (add) 
Cl( 2, 2) in Cl( 2, 2) CPU =        0.002 ms (setup)        0.006 (comm)        0.009 (pade)        0.007 (series)        0.002 (mix)        0.002 (add) 
Cl( 3, 2) in Cl( 3, 2) CPU =        0.004 ms (setup)        0.015 (comm)        0.027 (pade)        0.018 (series)        0.005 (mix)        0.003 (add) 
Cl( 3, 3) in Cl( 3, 3) CPU =        0.007 ms (setup)        0.038 (comm)        0.036 (pade)        0.053 (series)        0.010 (mix)        0.005 (add) 
Cl( 4, 3) in Cl( 4, 3) CPU =        0.015 ms (setup)        0.115 (comm)        0.132 (pade)        0.176 (series)        0.025 (mix)        0.011 (add) 
Cl( 4, 4) in Cl( 4, 4) CPU =        0.033 ms (setup)        0.423 (comm)        0.183 (pade)        0.715 (series)        0.069 (mix)        0.030 (add) 
Cl( 1, 0) in Cl( 4, 4) CPU =        0.001 ms (setup)        0.002 (comm)        0.004 (pade)        0.002 (series)        0.001 (mix)        0.002 (add) 
Cl( 1, 1) in Cl( 4, 4) CPU =        0.001 ms (setup)        0.003 (comm)        0.004 (pade)        0.003 (series)        0.001 (mix)        0.001 (add) 
Cl( 2, 1) in Cl( 4, 4) CPU =        0.001 ms (setup)        0.004 (comm)        0.007 (pade)        0.004 (series)        0.002 (mix)        0.001 (add) 
Cl( 2, 2) in Cl( 4, 4) CPU =        0.002 ms (setup)        0.006 (comm)        0.009 (pade)        0.007 (series)        0.002 (mix)        0.001 (add) 
Cl( 3, 2) in Cl( 4, 4) CPU =        0.004 ms (setup)        0.015 (comm)        0.028 (pade)        0.019 (series)        0.005 (mix)        0.003 (add) 
Cl( 3, 3) in Cl( 4, 4) CPU =        0.007 ms (setup)        0.043 (comm)        0.038 (pade)        0.054 (series)        0.010 (mix)        0.005 (add) 
Cl( 4, 3) in Cl( 4, 4) CPU =        0.015 ms (setup)        0.120 (comm)        0.136 (pade)        0.179 (series)        0.026 (mix)        0.011 (add) 
Cl( 4, 4) in Cl( 4, 4) CPU =        0.036 ms (setup)        0.434 (comm)        0.187 (pade)        0.756 (series)        0.104 (mix)        0.046 (add) 

matrix_multi<float,-4,4>
Clifford algebra expressions test:
Fill: 0.5
Cl( 1, 0) in Cl( 1, 0) CPU =        0.004 ms (setup)        0.008 (comm)        0.004 (pade)        0.004 (series)        0.004 (mix)        0.002 (add) 
Cl( 1, 1) in Cl( 1, 1) CPU =        0.003 ms (setup)        0.009 (comm)        0.003 (pade)        0.002 (series)        0.007 (mix)        0.001 (add) 
Cl( 2, 1) in Cl( 2, 1) CPU =        0.003 ms (setup)        0.041 (comm)        0.003 (pade)        0.002 (series)        0.033 (mix)        0.001 (add) 
Cl( 2, 2) in Cl( 2, 2) CPU =        0.004 ms (setup)        0.033 (comm)        0.002 (pade)        0.001 (series)        0.031 (mix)        0.001 (add) 
Cl( 3, 2) in Cl( 3, 2) CPU =        0.013 ms (setup)        0.174 (comm)        0.004 (pade)        0.003 (series)        0.114 (mix)        0.001 (add) 
Cl( 3, 3) in Cl( 3, 3) CPU =        0.020 ms (setup)        0.180 (comm)        0.004 (pade)        0.002 (series)        0.172 (mix)        0.001 (add) 
Cl( 4, 3) in Cl( 4, 3) CPU =        0.046 ms (setup)        0.901 (comm)        0.007 (pade)        0.003 (series)        0.853 (mix)        0.001 (add) 
Cl( 4, 4) in Cl( 4, 4) CPU =        0.092 ms (setup)        1.515 (comm)        0.007 (pade)        0.003 (series)        1.275 (mix)        0.001 (add) 
Cl( 1, 0) in Cl( 4, 4) CPU =        0.003 ms (setup)        0.025 (comm)        0.004 (pade)        0.003 (series)        0.021 (mix)        0.001 (add) 
Cl( 1, 1) in Cl( 4, 4) CPU =        0.003 ms (setup)        0.029 (comm)        0.006 (pade)        0.002 (series)        0.030 (mix)        0.001 (add) 
Cl( 2, 1) in Cl( 4, 4) CPU =        0.007 ms (setup)        0.061 (comm)        0.006 (pade)        0.002 (series)        0.061 (mix)        0.001 (add) 
Cl( 2, 2) in Cl( 4, 4) CPU =        0.011 ms (setup)        0.073 (comm)        0.006 (pade)        0.003 (series)        0.072 (mix)        0.001 (add) 
Cl( 3, 2) in Cl( 4, 4) CPU =        0.042 ms (setup)        0.202 (comm)        0.006 (pade)        0.003 (series)        0.197 (mix)        0.001 (add) 
Cl( 3, 3) in Cl( 4, 4) CPU =        0.065 ms (setup)        0.287 (comm)        0.007 (pade)        0.003 (series)        0.279 (mix)        0.001 (add) 
Cl( 4, 3) in Cl( 4, 4) CPU =        0.175 ms (setup)        0.829 (comm)        0.007 (pade)        0.003 (series)        0.800 (mix)        0.001 (add) 
Cl( 4, 4) in Cl( 4, 4) CPU =        0.093 ms (setup)        1.369 (comm)        0.007 (pade)        0.003 (series)        1.336 (mix)        0.001 (add) 
Fill: 1
Cl( 1, 0) in Cl( 1, 0) CPU =        0.002 ms (setup)        0.010 (comm)        0.003 (pade)        0.004 (series)        0.005 (mix)        0.002 (add) 
Cl( 1, 1) in Cl( 1, 1) CPU =        0.002 ms (setup)        0.009 (comm)        0.002 (pade)        0.001 (series)        0.007 (mix)        0.001 (add) 
Cl( 2, 1) in Cl( 2, 1) CPU =        0.002 ms (setup)        0.028 (comm)        0.002 (pade)        0.001 (series)        0.026 (mix)        0.001 (add) 
Cl( 2, 2) in Cl( 2, 2) CPU =        0.005 ms (setup)        0.040 (comm)        0.002 (pade)        0.001 (series)        0.041 (mix)        0.001 (add) 
Cl( 3, 2) in Cl( 3, 2) CPU =        0.011 ms (setup)        0.146 (comm)        0.004 (pade)        0.003 (series)        0.146 (mix)        0.001 (add) 
Cl( 3, 3) in Cl( 3, 3) CPU =        0.022 ms (setup)        0.221 (comm)        0.004 (pade)        0.002 (series)        0.218 (mix)        0.001 (add) 
Cl( 4, 3) in Cl( 4, 3) CPU =        0.059 ms (setup)        1.002 (comm)        0.007 (pade)        0.003 (series)        0.980 (mix)        0.001 (add) 
Cl( 4, 4) in Cl( 4, 4) CPU =        0.119 ms (setup)        1.477 (comm)        0.007 (pade)        0.003 (series)        1.472 (mix)        0.001 (add) 
Cl( 1, 0) in Cl( 4, 4) CPU =        0.003 ms (setup)        0.041 (comm)        0.007 (pade)        0.005 (series)        0.040 (mix)        0.001 (add) 
Cl( 1, 1) in Cl( 4, 4) CPU =        0.004 ms (setup)        0.053 (comm)        0.006 (pade)        0.002 (series)        0.052 (mix)        0.001 (add) 
Cl( 2, 1) in Cl( 4, 4) CPU =        0.008 ms (setup)        0.077 (comm)        0.007 (pade)        0.002 (series)        0.076 (mix)        0.001 (add) 
Cl( 2, 2) in Cl( 4, 4) CPU =        0.018 ms (setup)        0.105 (comm)        0.005 (pade)        0.002 (series)        0.103 (mix)        0.001 (add) 
Cl( 3, 2) in Cl( 4, 4) CPU =        0.046 ms (setup)        0.214 (comm)        0.007 (pade)        0.003 (series)        0.216 (mix)        0.001 (add) 
Cl( 3, 3) in Cl( 4, 4) CPU =        0.076 ms (setup)        0.336 (comm)        0.007 (pade)        0.002 (series)        0.330 (mix)        0.001 (add) 
Cl( 4, 3) in Cl( 4, 4) CPU =        0.212 ms (setup)        1.032 (comm)        0.007 (pade)        0.003 (series)        1.020 (mix)        0.001 (add) 
Cl( 4, 4) in Cl( 4, 4) CPU =        0.117 ms (setup)        1.459 (comm)        0.007 (pade)        0.003 (series)        1.459 (mix)        0.001 (add) 

framed_multi<double>
Clifford algebra expressions test:
Fill: 0.5
Cl( 1, 0) in Cl( 1, 0) CPU =        0.001 ms (setup)        0.003 (comm)        0.007 (pade)        0.004 (series)        0.001 (mix)        0.002 (add) 
Cl( 1, 1) in Cl( 1, 1) CPU =        0.001 ms (setup)        0.001 (comm)        0.004 (pade)        0.001 (series)        0.000 (mix)        0.001 (add) 
Cl( 2, 1) in Cl( 2, 1) CPU =        0.001 ms (setup)        0.005 (comm)        0.009 (pade)        0.004 (series)        0.002 (mix)        0.001 (add) 
Cl( 2, 2) in Cl( 2, 2) CPU =        0.002 ms (setup)        0.005 (comm)        0.007 (pade)        0.007 (series)        0.002 (mix)        0.001 (add) 
Cl( 3, 2) in Cl( 3, 2) CPU =        0.003 ms (setup)        0.011 (comm)        0.028 (pade)        0.011 (series)        0.004 (mix)        0.002 (add) 
Cl( 3, 3) in Cl( 3, 3) CPU =        0.007 ms (setup)        0.029 (comm)        0.034 (pade)        0.047 (series)        0.008 (mix)        0.003 (add) 
Cl( 4, 3) in Cl( 4, 3) CPU =        0.013 ms (setup)        0.081 (comm)        0.120 (pade)        0.138 (series)        0.019 (mix)        0.004 (add) 
Cl( 4, 4) in Cl( 4, 4) CPU =        0.028 ms (setup)        0.384 (comm)        0.162 (pade)        0.598 (series)        0.065 (mix)        0.007 (add) 
Cl( 5, 4) in Cl( 5, 4) CPU =        0.055 ms (setup)        1.363 (comm)        0.574 (pade)        2.215 (series)        0.249 (mix)        0.033 (add) 
Cl( 5, 5) in Cl( 5, 5) CPU =        0.118 ms (setup)        2.253 (comm)        0.821 (pade)        3.107 (series)        0.743 (mix)        0.029 (add) 
Cl( 6, 5) in Cl( 6, 5) CPU =        0.252 ms (setup)        7.287 (comm)        2.927 (pade)       10.991 (series)        2.061 (mix)        0.062 (add) 
Cl( 6, 6) in Cl( 6, 6) CPU =        0.494 ms (setup)       13.159 (comm)        4.069 (pade)       15.438 (series)        6.002 (mix)        0.111 (add) 
Cl( 7, 6) in Cl( 7, 6) CPU =        1.008 ms (setup)       42.495 (comm)       14.159 (pade)       54.366 (series)       17.512 (mix)        0.229 (add) 
Cl( 7, 7) in Cl( 7, 7) CPU =        2.015 ms (setup)       86.687 (comm)       19.896 (pade)       74.880 (series)       51.967 (mix)        0.486 (add) 
Cl( 8, 7) in Cl( 8, 7) CPU =        4.162 ms (setup)      278.825 (comm)       70.176 (pade)      266.221 (series)      155.269 (mix)        1.159 (add) 
Cl( 8, 8) in Cl( 8, 8) CPU =        8.309 ms (setup)      642.427 (comm)      101.871 (pade)      386.714 (series)      471.493 (mix)        2.295 (add) 
Cl( 1, 0) in Cl( 8, 8) CPU =        0.002 ms (setup)        0.002 (comm)        0.004 (pade)        0.004 (series)        0.001 (mix)        0.001 (add) 
Cl( 1, 1) in Cl( 8, 8) CPU =        0.001 ms (setup)        0.001 (comm)        0.004 (pade)        0.001 (series)        0.000 (mix)        0.001 (add) 
Cl( 2, 1) in Cl( 8, 8) CPU =        0.001 ms (setup)        0.004 (comm)        0.007 (pade)        0.003 (series)        0.002 (mix)        0.001 (add) 
Cl( 2, 2) in Cl( 8, 8) CPU =        0.002 ms (setup)        0.006 (comm)        0.007 (pade)        0.006 (series)        0.002 (mix)        0.001 (add) 
Cl( 3, 2) in Cl( 8, 8) CPU =        0.004 ms (setup)        0.009 (comm)        0.021 (pade)        0.009 (series)        0.003 (mix)        0.001 (add) 
Cl( 3, 3) in Cl( 8, 8) CPU =        0.007 ms (setup)        0.032 (comm)        0.034 (pade)        0.045 (series)        0.009 (mix)        0.003 (add) 
Cl( 4, 3) in Cl( 8, 8) CPU =        0.015 ms (setup)        0.079 (comm)        0.116 (pade)        0.136 (series)        0.020 (mix)        0.004 (add) 
Cl( 4, 4) in Cl( 8, 8) CPU =        0.028 ms (setup)        0.374 (comm)        0.157 (pade)        0.592 (series)        0.066 (mix)        0.008 (add) 
Cl( 5, 4) in Cl( 8, 8) CPU =        0.057 ms (setup)        1.355 (comm)        0.568 (pade)        2.166 (series)        0.251 (mix)        0.015 (add) 
Cl( 5, 5) in Cl( 8, 8) CPU =        0.116 ms (setup)        2.194 (comm)        0.795 (pade)        3.038 (series)        0.709 (mix)        0.025 (add) 
Cl( 6, 5) in Cl( 8, 8) CPU =        0.239 ms (setup)        7.226 (comm)        2.808 (pade)       10.870 (series)        2.042 (mix)        0.055 (add) 
Cl( 6, 6) in Cl( 8, 8) CPU =        0.480 ms (setup)       12.985 (comm)        3.933 (pade)       15.220 (series)        5.901 (mix)        0.104 (add) 
Cl( 7, 6) in Cl( 8, 8) CPU =        0.993 ms (setup)       42.168 (comm)       13.652 (pade)       52.269 (series)       17.564 (mix)        0.230 (add) 
Cl( 7, 7) in Cl( 8, 8) CPU =        2.022 ms (setup)       87.077 (comm)       19.069 (pade)       74.617 (series)       52.356 (mix)        0.499 (add) 
Cl( 8, 7) in Cl( 8, 8) CPU =        4.090 ms (setup)      281.713 (comm)       69.842 (pade)      265.035 (series)      156.543 (mix)        1.073 (add) 
Cl( 8, 8) in Cl( 8, 8) CPU =        8.344 ms (setup)      638.411 (comm)       99.832 (pade)      387.995 (series)      468.134 (mix)        2.401 (add) 
Fill: 1
Cl( 1, 0) in Cl( 1, 0) CPU =        0.001 ms (setup)        0.003 (comm)        0.005 (pade)        0.005 (series)        0.002 (mix)        0.001 (add) 
Cl( 1, 1) in Cl( 1, 1) CPU =        0.001 ms (setup)        0.003 (comm)        0.003 (pade)        0.004 (series)        0.001 (mix)        0.001 (add) 
Cl( 2, 1) in Cl( 2, 1) CPU =        0.002 ms (setup)        0.006 (comm)        0.007 (pade)        0.005 (series)        0.002 (mix)        0.001 (add) 
Cl( 2, 2) in Cl( 2, 2) CPU =        0.002 ms (setup)        0.007 (comm)        0.009 (pade)        0.009 (series)        0.003 (mix)        0.001 (add) 
Cl( 3, 2) in Cl( 3, 2) CPU =        0.005 ms (setup)        0.018 (comm)        0.028 (pade)        0.025 (series)        0.005 (mix)        0.002 (add) 
Cl( 3, 3) in Cl( 3, 3) CPU =        0.009 ms (setup)        0.053 (comm)        0.036 (pade)        0.077 (series)        0.012 (mix)        0.003 (add) 
Cl( 4, 3) in Cl( 4, 3) CPU =        0.017 ms (setup)        0.168 (comm)        0.130 (pade)        0.248 (series)        0.033 (mix)        0.005 (add) 
Cl( 4, 4) in Cl( 4, 4) CPU =        0.036 ms (setup)        0.438 (comm)        0.179 (pade)        0.671 (series)        0.089 (mix)        0.009 (add) 
Cl( 5, 4) in Cl( 5, 4) CPU =        0.072 ms (setup)        1.480 (comm)        0.622 (pade)        2.369 (series)        0.250 (mix)        0.017 (add) 
Cl( 5, 5) in Cl( 5, 5) CPU =        0.153 ms (setup)        2.474 (comm)        0.898 (pade)        3.433 (series)        0.696 (mix)        0.033 (add) 
Cl( 6, 5) in Cl( 6, 5) CPU =        0.345 ms (setup)        8.050 (comm)        3.135 (pade)       12.222 (series)        1.940 (mix)        0.064 (add) 
Cl( 6, 6) in Cl( 6, 6) CPU =        0.718 ms (setup)       14.490 (comm)        4.587 (pade)       18.057 (series)        5.407 (mix)        0.138 (add) 
Cl( 7, 6) in Cl( 7, 6) CPU =        1.457 ms (setup)       46.724 (comm)       15.347 (pade)       60.053 (series)       15.558 (mix)        0.286 (add) 
Cl( 7, 7) in Cl( 7, 7) CPU =        3.003 ms (setup)       91.914 (comm)       22.867 (pade)       90.420 (series)       45.959 (mix)        0.602 (add) 
Cl( 8, 7) in Cl( 8, 7) CPU =        6.317 ms (setup)      285.589 (comm)       83.830 (pade)      309.750 (series)      132.476 (mix)        1.380 (add) 
Cl( 8, 8) in Cl( 8, 8) CPU =       12.607 ms (setup)      631.820 (comm)      127.011 (pade)      483.228 (series)      397.444 (mix)        3.925 (add) 
Cl( 1, 0) in Cl( 8, 8) CPU =        0.001 ms (setup)        0.004 (comm)        0.005 (pade)        0.005 (series)        0.001 (mix)        0.002 (add) 
Cl( 1, 1) in Cl( 8, 8) CPU =        0.001 ms (setup)        0.003 (comm)        0.004 (pade)        0.003 (series)        0.001 (mix)        0.001 (add) 
Cl( 2, 1) in Cl( 8, 8) CPU =        0.002 ms (setup)        0.004 (comm)        0.007 (pade)        0.004 (series)        0.001 (mix)        0.001 (add) 
Cl( 2, 2) in Cl( 8, 8) CPU =        0.002 ms (setup)        0.007 (comm)        0.009 (pade)        0.009 (series)        0.003 (mix)        0.001 (add) 
Cl( 3, 2) in Cl( 8, 8) CPU =        0.005 ms (setup)        0.019 (comm)        0.028 (pade)        0.025 (series)        0.005 (mix)        0.002 (add) 
Cl( 3, 3) in Cl( 8, 8) CPU =        0.009 ms (setup)        0.054 (comm)        0.036 (pade)        0.075 (series)        0.012 (mix)        0.003 (add) 
Cl( 4, 3) in Cl( 8, 8) CPU =        0.017 ms (setup)        0.171 (comm)        0.129 (pade)        0.254 (series)        0.035 (mix)        0.005 (add) 
Cl( 4, 4) in Cl( 8, 8) CPU =        0.034 ms (setup)        0.440 (comm)        0.175 (pade)        0.664 (series)        0.088 (mix)        0.013 (add) 
Cl( 5, 4) in Cl( 8, 8) CPU =        0.072 ms (setup)        1.473 (comm)        0.611 (pade)        2.321 (series)        0.249 (mix)        0.017 (add) 
Cl( 5, 5) in Cl( 8, 8) CPU =        0.154 ms (setup)        2.456 (comm)        0.891 (pade)        3.452 (series)        0.690 (mix)        0.033 (add) 
Cl( 6, 5) in Cl( 8, 8) CPU =        0.344 ms (setup)        8.079 (comm)        3.118 (pade)       12.212 (series)        1.929 (mix)        0.066 (add) 
Cl( 6, 6) in Cl( 8, 8) CPU =        0.714 ms (setup)       14.473 (comm)        4.588 (pade)       18.056 (series)        5.394 (mix)        0.135 (add) 
Cl( 7, 6) in Cl( 8, 8) CPU =        1.443 ms (setup)       45.416 (comm)       15.302 (pade)       60.172 (series)       15.452 (mix)        0.283 (add) 
Cl( 7, 7) in Cl( 8, 8) CPU =        3.009 ms (setup)       91.382 (comm)       23.082 (pade)       90.462 (series)       44.541 (mix)        0.656 (add) 
Cl( 8, 7) in Cl( 8, 8) CPU =        7.237 ms (setup)      285.701 (comm)       85.239 (pade)      311.802 (series)      130.835 (mix)        1.228 (add) 
Cl( 8, 8) in Cl( 8, 8) CPU =       12.484 ms (setup)      632.299 (comm)      130.062 (pade)      480.960 (series)      396.154 (mix)        3.925 (add) 

matrix_multi<double>
Clifford algebra expressions test:
Fill: 0.5
Cl( 1, 0) in Cl( 1, 0) CPU =        0.005 ms (setup)        0.009 (comm)        0.004 (pade)        0.003 (series)        0.004 (mix)        0.001 (add) 
Cl( 1, 1) in Cl( 1, 1) CPU =        0.009 ms (setup)        0.005 (comm)        0.003 (pade)        0.002 (series)        0.004 (mix)        0.001 (add) 
Cl( 2, 1) in Cl( 2, 1) CPU =        0.003 ms (setup)        0.033 (comm)        0.004 (pade)        0.001 (series)        0.030 (mix)        0.001 (add) 
Cl( 2, 2) in Cl( 2, 2) CPU =        0.004 ms (setup)        0.051 (comm)        0.003 (pade)        0.001 (series)        0.048 (mix)        0.001 (add) 
Cl( 3, 2) in Cl( 3, 2) CPU =        0.022 ms (setup)        0.100 (comm)        0.004 (pade)        0.002 (series)        0.096 (mix)        0.001 (add) 
Cl( 3, 3) in Cl( 3, 3) CPU =        0.019 ms (setup)        0.173 (comm)        0.003 (pade)        0.002 (series)        0.163 (mix)        0.001 (add) 
Cl( 4, 3) in Cl( 4, 3) CPU =        0.052 ms (setup)        0.816 (comm)        0.008 (pade)        0.004 (series)        0.806 (mix)        0.001 (add) 
Cl( 4, 4) in Cl( 4, 4) CPU =        0.098 ms (setup)        1.253 (comm)        0.009 (pade)        0.004 (series)        1.222 (mix)        0.001 (add) 
Cl( 5, 4) in Cl( 5, 4) CPU =        0.223 ms (setup)        4.909 (comm)        0.021 (pade)        0.011 (series)        4.903 (mix)        0.002 (add) 
Cl( 5, 5) in Cl( 5, 5) CPU =        0.448 ms (setup)        7.179 (comm)        0.021 (pade)        0.010 (series)        7.173 (mix)        0.002 (add) 
Cl( 6, 5) in Cl( 6, 5) CPU =        1.037 ms (setup)       27.123 (comm)        0.071 (pade)        0.049 (series)       27.103 (mix)        0.005 (add) 
Cl( 6, 6) in Cl( 6, 6) CPU =        2.015 ms (setup)       38.227 (comm)        0.072 (pade)        0.049 (series)       38.243 (mix)        0.005 (add) 
Cl( 7, 6) in Cl( 7, 6) CPU =        4.829 ms (setup)      155.555 (comm)        0.354 (pade)        0.348 (series)      154.335 (mix)        0.054 (add) 
Cl( 7, 7) in Cl( 7, 7) CPU =        9.550 ms (setup)      208.049 (comm)        0.349 (pade)        0.343 (series)      206.453 (mix)        0.047 (add) 
Cl( 8, 7) in Cl( 8, 7) CPU =       26.889 ms (setup)     1133.238 (comm)        2.054 (pade)        2.257 (series)     1094.067 (mix)        0.253 (add) 
Cl( 8, 8) in Cl( 8, 8) CPU =       50.155 ms (setup)     1232.542 (comm)        2.088 (pade)        2.284 (series)     1215.578 (mix)        0.101 (add) 
Cl( 1, 0) in Cl( 8, 8) CPU =        0.015 ms (setup)       18.114 (comm)        0.589 (pade)        2.206 (series)       15.953 (mix)        0.102 (add) 
Cl( 1, 1) in Cl( 8, 8) CPU =        0.026 ms (setup)       20.351 (comm)        1.066 (pade)        2.239 (series)       19.672 (mix)        0.133 (add) 
Cl( 2, 1) in Cl( 8, 8) CPU =        0.058 ms (setup)       29.109 (comm)        1.175 (pade)        2.243 (series)       27.867 (mix)        0.094 (add) 
Cl( 2, 2) in Cl( 8, 8) CPU =        0.105 ms (setup)       42.169 (comm)        1.159 (pade)        2.243 (series)       40.069 (mix)        0.095 (add) 
Cl( 3, 2) in Cl( 8, 8) CPU =        2.071 ms (setup)       52.117 (comm)        1.346 (pade)        2.247 (series)       52.247 (mix)        0.093 (add) 
Cl( 3, 3) in Cl( 8, 8) CPU =        2.256 ms (setup)       70.083 (comm)        1.343 (pade)        2.269 (series)       68.214 (mix)        0.107 (add) 
Cl( 4, 3) in Cl( 8, 8) CPU =        2.498 ms (setup)       79.207 (comm)        1.632 (pade)        2.264 (series)       76.853 (mix)        0.093 (add) 
Cl( 4, 4) in Cl( 8, 8) CPU =        3.518 ms (setup)      104.936 (comm)        1.620 (pade)        2.287 (series)      104.040 (mix)        0.096 (add) 
Cl( 5, 4) in Cl( 8, 8) CPU =        3.026 ms (setup)      132.693 (comm)        1.948 (pade)        2.269 (series)      130.001 (mix)        0.098 (add) 
Cl( 5, 5) in Cl( 8, 8) CPU =        3.841 ms (setup)      153.231 (comm)        1.923 (pade)        2.258 (series)      150.661 (mix)        0.093 (add) 
Cl( 6, 5) in Cl( 8, 8) CPU =        6.352 ms (setup)      209.392 (comm)        2.018 (pade)        2.291 (series)      207.954 (mix)        0.097 (add) 
Cl( 6, 6) in Cl( 8, 8) CPU =       10.027 ms (setup)      236.927 (comm)        2.094 (pade)        2.269 (series)      238.947 (mix)        0.130 (add) 
Cl( 7, 6) in Cl( 8, 8) CPU =       19.727 ms (setup)      367.842 (comm)        2.022 (pade)        2.264 (series)      367.350 (mix)        0.115 (add) 
Cl( 7, 7) in Cl( 8, 8) CPU =       37.737 ms (setup)      452.961 (comm)        2.111 (pade)        2.242 (series)      456.932 (mix)        0.130 (add) 
Cl( 8, 7) in Cl( 8, 8) CPU =       89.285 ms (setup)      958.553 (comm)        2.138 (pade)        2.297 (series)      982.855 (mix)        0.092 (add) 
Cl( 8, 8) in Cl( 8, 8) CPU =       52.033 ms (setup)     1216.593 (comm)        2.042 (pade)        3.022 (series)     1195.218 (mix)        0.170 (add) 
Fill: 1
Cl( 1, 0) in Cl( 1, 0) CPU =        0.002 ms (setup)        0.009 (comm)        0.003 (pade)        0.004 (series)        0.005 (mix)        0.001 (add) 
Cl( 1, 1) in Cl( 1, 1) CPU =        0.002 ms (setup)        0.008 (comm)        0.002 (pade)        0.001 (series)        0.007 (mix)        0.001 (add) 
Cl( 2, 1) in Cl( 2, 1) CPU =        0.003 ms (setup)        0.026 (comm)        0.002 (pade)        0.001 (series)        0.025 (mix)        0.001 (add) 
Cl( 2, 2) in Cl( 2, 2) CPU =        0.005 ms (setup)        0.039 (comm)        0.002 (pade)        0.001 (series)        0.037 (mix)        0.001 (add) 
Cl( 3, 2) in Cl( 3, 2) CPU =        0.017 ms (setup)        0.134 (comm)        0.004 (pade)        0.002 (series)        0.132 (mix)        0.001 (add) 
Cl( 3, 3) in Cl( 3, 3) CPU =        0.022 ms (setup)        0.214 (comm)        0.004 (pade)        0.002 (series)        0.215 (mix)        0.001 (add) 
Cl( 4, 3) in Cl( 4, 3) CPU =        0.061 ms (setup)        0.973 (comm)        0.008 (pade)        0.004 (series)        0.957 (mix)        0.001 (add) 
Cl( 4, 4) in Cl( 4, 4) CPU =        0.118 ms (setup)        1.433 (comm)        0.009 (pade)        0.004 (series)        1.426 (mix)        0.001 (add) 
Cl( 5, 4) in Cl( 5, 4) CPU =        0.291 ms (setup)        5.399 (comm)        0.020 (pade)        0.010 (series)        5.383 (mix)        0.002 (add) 
Cl( 5, 5) in Cl( 5, 5) CPU =        0.600 ms (setup)        7.771 (comm)        0.020 (pade)        0.010 (series)        7.772 (mix)        0.002 (add) 
Cl( 6, 5) in Cl( 6, 5) CPU =        1.522 ms (setup)       30.460 (comm)        0.072 (pade)        0.050 (series)       29.256 (mix)        0.005 (add) 
Cl( 6, 6) in Cl( 6, 6) CPU =        3.061 ms (setup)       40.617 (comm)        0.070 (pade)        0.049 (series)       40.605 (mix)        0.005 (add) 
Cl( 7, 6) in Cl( 7, 6) CPU =        7.478 ms (setup)      208.418 (comm)        0.359 (pade)        0.352 (series)      196.456 (mix)        0.049 (add) 
Cl( 7, 7) in Cl( 7, 7) CPU =       15.005 ms (setup)      221.959 (comm)        0.363 (pade)        0.348 (series)      220.207 (mix)        0.024 (add) 
Cl( 8, 7) in Cl( 8, 7) CPU =       42.482 ms (setup)     1163.435 (comm)        2.052 (pade)        2.258 (series)     1119.475 (mix)        0.102 (add) 
Cl( 8, 8) in Cl( 8, 8) CPU =       86.563 ms (setup)     1311.305 (comm)        1.990 (pade)        2.255 (series)     1307.264 (mix)        0.091 (add) 
Cl( 1, 0) in Cl( 8, 8) CPU =        0.024 ms (setup)       23.160 (comm)        1.016 (pade)        2.241 (series)       22.096 (mix)        0.120 (add) 
Cl( 1, 1) in Cl( 8, 8) CPU =        0.044 ms (setup)       28.178 (comm)        1.069 (pade)        2.240 (series)       28.333 (mix)        0.095 (add) 
Cl( 2, 1) in Cl( 8, 8) CPU =        0.088 ms (setup)       35.495 (comm)        1.137 (pade)        2.240 (series)       33.848 (mix)        0.095 (add) 
Cl( 2, 2) in Cl( 8, 8) CPU =        2.190 ms (setup)       44.104 (comm)        1.171 (pade)        2.256 (series)       43.461 (mix)        0.094 (add) 
Cl( 3, 2) in Cl( 8, 8) CPU =        2.276 ms (setup)       56.225 (comm)        1.352 (pade)        2.248 (series)       54.211 (mix)        0.090 (add) 
Cl( 3, 3) in Cl( 8, 8) CPU =        2.255 ms (setup)       78.079 (comm)        1.355 (pade)        2.243 (series)       73.772 (mix)        0.093 (add) 
Cl( 4, 3) in Cl( 8, 8) CPU =        2.402 ms (setup)      103.931 (comm)        1.600 (pade)        2.235 (series)       99.466 (mix)        0.095 (add) 
Cl( 4, 4) in Cl( 8, 8) CPU =        2.583 ms (setup)      123.081 (comm)        1.650 (pade)        2.241 (series)      123.120 (mix)        0.095 (add) 
Cl( 5, 4) in Cl( 8, 8) CPU =        3.323 ms (setup)      154.020 (comm)        1.953 (pade)        2.233 (series)      151.725 (mix)        0.092 (add) 
Cl( 5, 5) in Cl( 8, 8) CPU =        2.732 ms (setup)      178.054 (comm)        1.930 (pade)        2.249 (series)      177.436 (mix)        0.100 (add) 
Cl( 6, 5) in Cl( 8, 8) CPU =        7.771 ms (setup)      237.538 (comm)        2.087 (pade)        2.332 (series)      237.048 (mix)        0.108 (add) 
Cl( 6, 6) in Cl( 8, 8) CPU =       10.800 ms (setup)      261.957 (comm)        2.014 (pade)        2.247 (series)      259.397 (mix)        0.098 (add) 
Cl( 7, 6) in Cl( 8, 8) CPU =       25.985 ms (setup)      403.830 (comm)        2.043 (pade)        2.244 (series)      396.226 (mix)        0.143 (add) 
Cl( 7, 7) in Cl( 8, 8) CPU =       49.099 ms (setup)      489.108 (comm)        2.109 (pade)        2.267 (series)      488.896 (mix)        0.140 (add) 
Cl( 8, 7) in Cl( 8, 8) CPU =      121.122 ms (setup)     1021.900 (comm)        2.067 (pade)        2.277 (series)     1006.138 (mix)        0.128 (add) 
Cl( 8, 8) in Cl( 8, 8) CPU =       85.103 ms (setup)     1317.399 (comm)        1.971 (pade)        2.252 (series)     1314.550 (mix)        0.134 (add) 
