expressions/expressions
	linux-vdso.so.1 (0x0000ffff9118c000)
	libarmadillo.so.12 => /lib64/libarmadillo.so.12 (0x0000ffff91120000)
	libopenblas.so.0 => /lib64/libopenblas.so.0 (0x0000ffff8fdb0000)
	libstdc++.so.6 => /lib64/libstdc++.so.6 (0x0000ffff8fb00000)
	libm.so.6 => /lib64/libm.so.6 (0x0000ffff8fa30000)
	libgomp.so.1 => /lib64/libgomp.so.1 (0x0000ffff8f9b0000)
	libgcc_s.so.1 => /lib64/libgcc_s.so.1 (0x0000ffff8f970000)
	libc.so.6 => /lib64/libc.so.6 (0x0000ffff8f7a0000)
	libflexiblas.so.3 => /lib64/libflexiblas.so.3 (0x0000ffff8f1d0000)
	libarpack.so.2 => /lib64/libarpack.so.2 (0x0000ffff8f170000)
	libgfortran.so.5 => /lib64/libgfortran.so.5 (0x0000ffff8efa0000)
	/lib/ld-linux-aarch64.so.1 (0x0000ffff91190000)
gfft_test/gfft_test
	linux-vdso.so.1 (0x0000fffecd18c000)
	libarmadillo.so.12 => /lib64/libarmadillo.so.12 (0x0000fffecd120000)
	libopenblas.so.0 => /lib64/libopenblas.so.0 (0x0000fffecbdb0000)
	libstdc++.so.6 => /lib64/libstdc++.so.6 (0x0000fffecbb00000)
	libm.so.6 => /lib64/libm.so.6 (0x0000fffecba30000)
	libgomp.so.1 => /lib64/libgomp.so.1 (0x0000fffecb9b0000)
	libgcc_s.so.1 => /lib64/libgcc_s.so.1 (0x0000fffecb970000)
	libc.so.6 => /lib64/libc.so.6 (0x0000fffecb7a0000)
	libflexiblas.so.3 => /lib64/libflexiblas.so.3 (0x0000fffecb1d0000)
	libarpack.so.2 => /lib64/libarpack.so.2 (0x0000fffecb170000)
	libgfortran.so.5 => /lib64/libgfortran.so.5 (0x0000fffecafa0000)
	/lib/ld-linux-aarch64.so.1 (0x0000fffecd190000)
products/products
	linux-vdso.so.1 (0x0000ffff5e03c000)
	libarmadillo.so.12 => /lib64/libarmadillo.so.12 (0x0000ffff5dfd0000)
	libopenblas.so.0 => /lib64/libopenblas.so.0 (0x0000ffff5cc60000)
	libstdc++.so.6 => /lib64/libstdc++.so.6 (0x0000ffff5c9b0000)
	libm.so.6 => /lib64/libm.so.6 (0x0000ffff5c8e0000)
	libgomp.so.1 => /lib64/libgomp.so.1 (0x0000ffff5c860000)
	libgcc_s.so.1 => /lib64/libgcc_s.so.1 (0x0000ffff5c820000)
	libc.so.6 => /lib64/libc.so.6 (0x0000ffff5c650000)
	libflexiblas.so.3 => /lib64/libflexiblas.so.3 (0x0000ffff5c080000)
	libarpack.so.2 => /lib64/libarpack.so.2 (0x0000ffff5c020000)
	libgfortran.so.5 => /lib64/libgfortran.so.5 (0x0000ffff5be50000)
	/lib/ld-linux-aarch64.so.1 (0x0000ffff5e040000)
squaring/squaring
	linux-vdso.so.1 (0x0000ffff1f21c000)
	libarmadillo.so.12 => /lib64/libarmadillo.so.12 (0x0000ffff1f1b0000)
	libopenblas.so.0 => /lib64/libopenblas.so.0 (0x0000ffff1de40000)
	libstdc++.so.6 => /lib64/libstdc++.so.6 (0x0000ffff1db90000)
	libm.so.6 => /lib64/libm.so.6 (0x0000ffff1dac0000)
	libgomp.so.1 => /lib64/libgomp.so.1 (0x0000ffff1da40000)
	libgcc_s.so.1 => /lib64/libgcc_s.so.1 (0x0000ffff1da00000)
	libc.so.6 => /lib64/libc.so.6 (0x0000ffff1d830000)
	libflexiblas.so.3 => /lib64/libflexiblas.so.3 (0x0000ffff1d260000)
	libarpack.so.2 => /lib64/libarpack.so.2 (0x0000ffff1d200000)
	libgfortran.so.5 => /lib64/libgfortran.so.5 (0x0000ffff1d030000)
	/lib/ld-linux-aarch64.so.1 (0x0000ffff1f220000)
transforms/transforms
	linux-vdso.so.1 (0x0000fffed96fc000)
	libarmadillo.so.12 => /lib64/libarmadillo.so.12 (0x0000fffed9690000)
	libopenblas.so.0 => /lib64/libopenblas.so.0 (0x0000fffed8320000)
	libstdc++.so.6 => /lib64/libstdc++.so.6 (0x0000fffed8070000)
	libm.so.6 => /lib64/libm.so.6 (0x0000fffed7fa0000)
	libgomp.so.1 => /lib64/libgomp.so.1 (0x0000fffed7f20000)
	libgcc_s.so.1 => /lib64/libgcc_s.so.1 (0x0000fffed7ee0000)
	libc.so.6 => /lib64/libc.so.6 (0x0000fffed7d10000)
	libflexiblas.so.3 => /lib64/libflexiblas.so.3 (0x0000fffed7740000)
	libarpack.so.2 => /lib64/libarpack.so.2 (0x0000fffed76e0000)
	libgfortran.so.5 => /lib64/libgfortran.so.5 (0x0000fffed7510000)
	/lib/ld-linux-aarch64.so.1 (0x0000fffed9700000)
versor/versor
	linux-vdso.so.1 (0x0000ffff7e97c000)
	libarmadillo.so.12 => /lib64/libarmadillo.so.12 (0x0000ffff7e910000)
	libopenblas.so.0 => /lib64/libopenblas.so.0 (0x0000ffff7d5a0000)
	libstdc++.so.6 => /lib64/libstdc++.so.6 (0x0000ffff7d2f0000)
	libm.so.6 => /lib64/libm.so.6 (0x0000ffff7d220000)
	libgomp.so.1 => /lib64/libgomp.so.1 (0x0000ffff7d1a0000)
	libgcc_s.so.1 => /lib64/libgcc_s.so.1 (0x0000ffff7d160000)
	libc.so.6 => /lib64/libc.so.6 (0x0000ffff7cf90000)
	libflexiblas.so.3 => /lib64/libflexiblas.so.3 (0x0000ffff7c9c0000)
	libarpack.so.2 => /lib64/libarpack.so.2 (0x0000ffff7c960000)
	libgfortran.so.5 => /lib64/libgfortran.so.5 (0x0000ffff7c790000)
	/lib/ld-linux-aarch64.so.1 (0x0000ffff7e980000)
