
framed_multi<float,-4,4>
Clifford algebra products test:
Fill: 0.5
Cl( 1, 0) in Cl( 1, 0) CPU =        0.004 ms (setup)        0.002 (*)        0.001 (^)        0.001 (&)        0.001 (%) 
Cl( 1, 1) in Cl( 1, 1) CPU =        0.001 ms (setup)        0.001 (*)        0.001 (^)        0.001 (&)        0.001 (%) 
Cl( 2, 1) in Cl( 2, 1) CPU =        0.002 ms (setup)        0.003 (*)        0.002 (^)        0.002 (&)        0.002 (%) 
Cl( 2, 2) in Cl( 2, 2) CPU =        0.002 ms (setup)        0.004 (*)        0.003 (^)        0.003 (&)        0.003 (%) 
Cl( 3, 2) in Cl( 3, 2) CPU =        0.004 ms (setup)        0.009 (*)        0.005 (^)        0.005 (&)        0.005 (%) 
Cl( 3, 3) in Cl( 3, 3) CPU =        0.007 ms (setup)        0.024 (*)        0.011 (^)        0.011 (&)        0.009 (%) 
Cl( 4, 3) in Cl( 4, 3) CPU =        0.015 ms (setup)        0.063 (*)        0.034 (^)        0.036 (&)        0.026 (%) 
Cl( 4, 4) in Cl( 4, 4) CPU =        0.030 ms (setup)        1.000 (*)        0.171 (^)        0.166 (&)        0.175 (%) 
Cl( 1, 0) in Cl( 4, 4) CPU =        0.001 ms (setup)        0.001 (*)        0.001 (^)        0.001 (&)        0.001 (%) 
Cl( 1, 1) in Cl( 4, 4) CPU =        0.002 ms (setup)        0.002 (*)        0.002 (^)        0.002 (&)        0.002 (%) 
Cl( 2, 1) in Cl( 4, 4) CPU =        0.003 ms (setup)        0.004 (*)        0.003 (^)        0.003 (&)        0.003 (%) 
Cl( 2, 2) in Cl( 4, 4) CPU =        0.003 ms (setup)        0.005 (*)        0.004 (^)        0.004 (&)        0.003 (%) 
Cl( 3, 2) in Cl( 4, 4) CPU =        0.007 ms (setup)        0.018 (*)        0.011 (^)        0.011 (&)        0.009 (%) 
Cl( 3, 3) in Cl( 4, 4) CPU =        0.013 ms (setup)        0.041 (*)        0.025 (^)        0.041 (&)        0.018 (%) 
Cl( 4, 3) in Cl( 4, 4) CPU =        0.027 ms (setup)        0.127 (*)        0.062 (^)        0.072 (&)        0.051 (%) 
Cl( 4, 4) in Cl( 4, 4) CPU =        0.053 ms (setup)        0.953 (*)        0.165 (^)        0.178 (&)        0.126 (%) 
Fill: 1
Cl( 1, 0) in Cl( 1, 0) CPU =        0.002 ms (setup)        0.003 (*)        0.002 (^)        0.002 (&)        0.002 (%) 
Cl( 1, 1) in Cl( 1, 1) CPU =        0.002 ms (setup)        0.004 (*)        0.002 (^)        0.003 (&)        0.003 (%) 
Cl( 2, 1) in Cl( 2, 1) CPU =        0.003 ms (setup)        0.006 (*)        0.004 (^)        0.004 (&)        0.004 (%) 
Cl( 2, 2) in Cl( 2, 2) CPU =        0.005 ms (setup)        0.011 (*)        0.006 (^)        0.007 (&)        0.013 (%) 
Cl( 3, 2) in Cl( 3, 2) CPU =        0.009 ms (setup)        0.030 (*)        0.013 (^)        0.016 (&)        0.014 (%) 
Cl( 3, 3) in Cl( 3, 3) CPU =        0.019 ms (setup)        0.089 (*)        0.030 (^)        0.041 (&)        0.033 (%) 
Cl( 4, 3) in Cl( 4, 3) CPU =        0.040 ms (setup)        0.300 (*)        0.072 (^)        0.107 (&)        0.080 (%) 
Cl( 4, 4) in Cl( 4, 4) CPU =        0.096 ms (setup)        1.164 (*)        0.191 (^)        0.296 (&)        0.206 (%) 
Cl( 1, 0) in Cl( 4, 4) CPU =        0.002 ms (setup)        0.003 (*)        0.002 (^)        0.002 (&)        0.002 (%) 
Cl( 1, 1) in Cl( 4, 4) CPU =        0.002 ms (setup)        0.004 (*)        0.003 (^)        0.003 (&)        0.003 (%) 
Cl( 2, 1) in Cl( 4, 4) CPU =        0.003 ms (setup)        0.005 (*)        0.004 (^)        0.004 (&)        0.004 (%) 
Cl( 2, 2) in Cl( 4, 4) CPU =        0.005 ms (setup)        0.011 (*)        0.015 (^)        0.007 (&)        0.007 (%) 
Cl( 3, 2) in Cl( 4, 4) CPU =        0.009 ms (setup)        0.030 (*)        0.013 (^)        0.016 (&)        0.014 (%) 
Cl( 3, 3) in Cl( 4, 4) CPU =        0.019 ms (setup)        0.089 (*)        0.030 (^)        0.041 (&)        0.042 (%) 
Cl( 4, 3) in Cl( 4, 4) CPU =        0.041 ms (setup)        0.298 (*)        0.071 (^)        0.107 (&)        0.080 (%) 
Cl( 4, 4) in Cl( 4, 4) CPU =        0.097 ms (setup)        1.153 (*)        0.184 (^)        0.296 (&)        0.206 (%) 

matrix_multi<float,-4,4>
Clifford algebra products test:
Fill: 0.5
Cl( 1, 0) in Cl( 1, 0) CPU =        0.017 ms (setup)        0.001 (*)        0.015 (^)        0.011 (&)        0.022 (%) 
Cl( 1, 1) in Cl( 1, 1) CPU =        0.008 ms (setup)        0.001 (*)        0.011 (^)        0.012 (&)        0.011 (%) 
Cl( 2, 1) in Cl( 2, 1) CPU =        0.005 ms (setup)        0.001 (*)        0.024 (^)        0.040 (&)        0.038 (%) 
Cl( 2, 2) in Cl( 2, 2) CPU =        0.016 ms (setup)        0.002 (*)        0.097 (^)        0.061 (&)        0.083 (%) 
Cl( 3, 2) in Cl( 3, 2) CPU =        0.033 ms (setup)        0.002 (*)        0.377 (^)        0.321 (&)        0.352 (%) 
Cl( 3, 3) in Cl( 3, 3) CPU =        0.058 ms (setup)        0.002 (*)        0.522 (^)        0.558 (&)        0.561 (%) 
Cl( 4, 3) in Cl( 4, 3) CPU =        0.138 ms (setup)        0.004 (*)        2.251 (^)        2.045 (&)        1.983 (%) 
Cl( 4, 4) in Cl( 4, 4) CPU =        0.226 ms (setup)        0.003 (*)        2.948 (^)        2.775 (&)        2.684 (%) 
Cl( 1, 0) in Cl( 4, 4) CPU =        0.002 ms (setup)        0.003 (*)        0.008 (^)        0.007 (&)        0.008 (%) 
Cl( 1, 1) in Cl( 4, 4) CPU =        0.007 ms (setup)        0.003 (*)        0.105 (^)        0.066 (&)        0.091 (%) 
Cl( 2, 1) in Cl( 4, 4) CPU =        0.016 ms (setup)        0.003 (*)        0.125 (^)        0.083 (&)        0.103 (%) 
Cl( 2, 2) in Cl( 4, 4) CPU =        0.030 ms (setup)        0.003 (*)        0.212 (^)        0.147 (&)        0.170 (%) 
Cl( 3, 2) in Cl( 4, 4) CPU =        0.082 ms (setup)        0.003 (*)        0.266 (^)        0.254 (&)        0.250 (%) 
Cl( 3, 3) in Cl( 4, 4) CPU =        0.121 ms (setup)        0.003 (*)        0.528 (^)        0.469 (&)        0.371 (%) 
Cl( 4, 3) in Cl( 4, 4) CPU =        0.249 ms (setup)        0.002 (*)        1.212 (^)        1.320 (&)        1.254 (%) 
Cl( 4, 4) in Cl( 4, 4) CPU =        0.134 ms (setup)        0.002 (*)        1.879 (^)        2.019 (&)        2.067 (%) 
Fill: 1
Cl( 1, 0) in Cl( 1, 0) CPU =        0.002 ms (setup)        0.001 (*)        0.009 (^)        0.007 (&)        0.008 (%) 
Cl( 1, 1) in Cl( 1, 1) CPU =        0.003 ms (setup)        0.001 (*)        0.013 (^)        0.009 (&)        0.013 (%) 
Cl( 2, 1) in Cl( 2, 1) CPU =        0.005 ms (setup)        0.001 (*)        0.043 (^)        0.040 (&)        0.039 (%) 
Cl( 2, 2) in Cl( 2, 2) CPU =        0.008 ms (setup)        0.001 (*)        0.068 (^)        0.052 (&)        0.064 (%) 
Cl( 3, 2) in Cl( 3, 2) CPU =        0.020 ms (setup)        0.001 (*)        0.221 (^)        0.234 (&)        0.232 (%) 
Cl( 3, 3) in Cl( 3, 3) CPU =        0.044 ms (setup)        0.001 (*)        0.374 (^)        0.360 (&)        0.382 (%) 
Cl( 4, 3) in Cl( 4, 3) CPU =        0.096 ms (setup)        0.002 (*)        1.578 (^)        1.523 (&)        1.540 (%) 
Cl( 4, 4) in Cl( 4, 4) CPU =        0.195 ms (setup)        0.002 (*)        2.256 (^)        2.248 (&)        2.295 (%) 
Cl( 1, 0) in Cl( 4, 4) CPU =        0.006 ms (setup)        0.003 (*)        0.066 (^)        0.051 (&)        0.057 (%) 
Cl( 1, 1) in Cl( 4, 4) CPU =        0.005 ms (setup)        0.002 (*)        0.082 (^)        0.051 (&)        0.071 (%) 
Cl( 2, 1) in Cl( 4, 4) CPU =        0.013 ms (setup)        0.002 (*)        0.128 (^)        0.088 (&)        0.099 (%) 
Cl( 2, 2) in Cl( 4, 4) CPU =        0.038 ms (setup)        0.002 (*)        0.180 (^)        0.125 (&)        0.144 (%) 
Cl( 3, 2) in Cl( 4, 4) CPU =        0.078 ms (setup)        0.002 (*)        0.386 (^)        0.288 (&)        0.291 (%) 
Cl( 3, 3) in Cl( 4, 4) CPU =        0.128 ms (setup)        0.002 (*)        0.581 (^)        0.487 (&)        0.512 (%) 
Cl( 4, 3) in Cl( 4, 4) CPU =        0.331 ms (setup)        0.002 (*)        1.661 (^)        1.540 (&)        1.558 (%) 
Cl( 4, 4) in Cl( 4, 4) CPU =        0.189 ms (setup)        0.002 (*)        2.310 (^)        2.353 (&)        2.398 (%) 

framed_multi<double>
Clifford algebra products test:
Fill: 0.5
Cl( 1, 0) in Cl( 1, 0) CPU =        0.001 ms (setup)        0.002 (*)        0.002 (^)        0.001 (&)        0.001 (%) 
Cl( 1, 1) in Cl( 1, 1) CPU =        0.001 ms (setup)        0.001 (*)        0.001 (^)        0.001 (&)        0.001 (%) 
Cl( 2, 1) in Cl( 2, 1) CPU =        0.002 ms (setup)        0.004 (*)        0.002 (^)        0.002 (&)        0.002 (%) 
Cl( 2, 2) in Cl( 2, 2) CPU =        0.002 ms (setup)        0.006 (*)        0.004 (^)        0.003 (&)        0.003 (%) 
Cl( 3, 2) in Cl( 3, 2) CPU =        0.005 ms (setup)        0.013 (*)        0.008 (^)        0.007 (&)        0.006 (%) 
Cl( 3, 3) in Cl( 3, 3) CPU =        0.008 ms (setup)        0.030 (*)        0.015 (^)        0.015 (&)        0.013 (%) 
Cl( 4, 3) in Cl( 4, 3) CPU =        0.016 ms (setup)        0.088 (*)        0.042 (^)        0.040 (&)        0.032 (%) 
Cl( 4, 4) in Cl( 4, 4) CPU =        0.030 ms (setup)        0.457 (*)        0.105 (^)        0.090 (&)        0.070 (%) 
Cl( 5, 4) in Cl( 5, 4) CPU =        0.064 ms (setup)        1.718 (*)        0.336 (^)        0.320 (&)        0.200 (%) 
Cl( 5, 5) in Cl( 5, 5) CPU =        0.167 ms (setup)        2.361 (*)        0.790 (^)        0.669 (&)        0.442 (%) 
Cl( 6, 5) in Cl( 6, 5) CPU =        0.245 ms (setup)       34.925 (*)        9.335 (^)        8.815 (&)        5.634 (%) 
Cl( 6, 6) in Cl( 6, 6) CPU =        2.268 ms (setup)       47.619 (*)       25.258 (^)       24.092 (&)       14.197 (%) 
Cl( 7, 6) in Cl( 7, 6) CPU =        4.611 ms (setup)      164.943 (*)       76.244 (^)       73.022 (&)       41.776 (%) 
Cl( 7, 7) in Cl( 7, 7) CPU =        9.154 ms (setup)      228.430 (*)      220.823 (^)       45.389 (&)       24.610 (%) 
Cl( 8, 7) in Cl( 8, 7) CPU =        4.019 ms (setup)      810.773 (*)      144.941 (^)      133.252 (&)       70.103 (%) 
Cl( 8, 8) in Cl( 8, 8) CPU =        8.131 ms (setup)      873.052 (*)      423.699 (^)      402.435 (&)      209.464 (%) 
Cl( 1, 0) in Cl( 8, 8) CPU =        0.001 ms (setup)        0.001 (*)        0.001 (^)        0.001 (&)        0.001 (%) 
Cl( 1, 1) in Cl( 8, 8) CPU =        0.001 ms (setup)        0.001 (*)        0.001 (^)        0.001 (&)        0.001 (%) 
Cl( 2, 1) in Cl( 8, 8) CPU =        0.002 ms (setup)        0.001 (*)        0.001 (^)        0.001 (&)        0.001 (%) 
Cl( 2, 2) in Cl( 8, 8) CPU =        0.002 ms (setup)        0.005 (*)        0.003 (^)        0.003 (&)        0.003 (%) 
Cl( 3, 2) in Cl( 8, 8) CPU =        0.004 ms (setup)        0.011 (*)        0.007 (^)        0.005 (&)        0.007 (%) 
Cl( 3, 3) in Cl( 8, 8) CPU =        0.008 ms (setup)        0.028 (*)        0.015 (^)        0.013 (&)        0.012 (%) 
Cl( 4, 3) in Cl( 8, 8) CPU =        0.015 ms (setup)        0.069 (*)        0.037 (^)        0.032 (&)        0.032 (%) 
Cl( 4, 4) in Cl( 8, 8) CPU =        0.031 ms (setup)        0.463 (*)        0.104 (^)        0.107 (&)        0.081 (%) 
Cl( 5, 4) in Cl( 8, 8) CPU =        0.062 ms (setup)        1.584 (*)        0.277 (^)        0.273 (&)        0.193 (%) 
Cl( 5, 5) in Cl( 8, 8) CPU =        0.120 ms (setup)        2.204 (*)        0.691 (^)        0.691 (&)        0.449 (%) 
Cl( 6, 5) in Cl( 8, 8) CPU =        0.245 ms (setup)       34.049 (*)        9.143 (^)        9.007 (&)        5.450 (%) 
Cl( 6, 6) in Cl( 8, 8) CPU =        2.220 ms (setup)       46.858 (*)       25.490 (^)       23.368 (&)       13.966 (%) 
Cl( 7, 6) in Cl( 8, 8) CPU =        4.523 ms (setup)      163.002 (*)       73.665 (^)       69.728 (&)       39.139 (%) 
Cl( 7, 7) in Cl( 8, 8) CPU =        9.723 ms (setup)      225.150 (*)      220.404 (^)       45.636 (&)       24.713 (%) 
Cl( 8, 7) in Cl( 8, 8) CPU =        4.011 ms (setup)      806.175 (*)      141.515 (^)      134.428 (&)       71.689 (%) 
Cl( 8, 8) in Cl( 8, 8) CPU =        8.065 ms (setup)      873.990 (*)      423.653 (^)      408.529 (&)      209.746 (%) 
Fill: 1
Cl( 1, 0) in Cl( 1, 0) CPU =        0.001 ms (setup)        0.002 (*)        0.001 (^)        0.001 (&)        0.001 (%) 
Cl( 1, 1) in Cl( 1, 1) CPU =        0.002 ms (setup)        0.003 (*)        0.002 (^)        0.002 (&)        0.001 (%) 
Cl( 2, 1) in Cl( 2, 1) CPU =        0.002 ms (setup)        0.004 (*)        0.003 (^)        0.003 (&)        0.003 (%) 
Cl( 2, 2) in Cl( 2, 2) CPU =        0.003 ms (setup)        0.009 (*)        0.005 (^)        0.005 (&)        0.006 (%) 
Cl( 3, 2) in Cl( 3, 2) CPU =        0.008 ms (setup)        0.026 (*)        0.009 (^)        0.011 (&)        0.009 (%) 
Cl( 3, 3) in Cl( 3, 3) CPU =        0.013 ms (setup)        0.067 (*)        0.020 (^)        0.026 (&)        0.021 (%) 
Cl( 4, 3) in Cl( 4, 3) CPU =        0.026 ms (setup)        0.223 (*)        0.046 (^)        0.074 (&)        0.056 (%) 
Cl( 4, 4) in Cl( 4, 4) CPU =        0.052 ms (setup)        0.562 (*)        0.112 (^)        0.166 (&)        0.122 (%) 
Cl( 5, 4) in Cl( 5, 4) CPU =        0.101 ms (setup)        1.828 (*)        0.270 (^)        0.445 (&)        0.298 (%) 
Cl( 5, 5) in Cl( 5, 5) CPU =        0.197 ms (setup)        2.690 (*)        0.683 (^)        1.212 (&)        0.764 (%) 
Cl( 6, 5) in Cl( 6, 5) CPU =        0.403 ms (setup)       40.782 (*)        8.745 (^)       17.393 (&)       13.149 (%) 
Cl( 6, 6) in Cl( 6, 6) CPU =        3.763 ms (setup)       60.118 (*)       22.544 (^)       45.953 (&)       25.988 (%) 
Cl( 7, 6) in Cl( 7, 6) CPU =        7.642 ms (setup)      197.662 (*)       62.611 (^)      134.091 (&)       27.439 (%) 
Cl( 7, 7) in Cl( 7, 7) CPU =        3.273 ms (setup)      297.194 (*)      186.436 (^)       88.730 (&)       46.961 (%) 
Cl( 8, 7) in Cl( 8, 7) CPU =        6.785 ms (setup)      850.519 (*)      119.059 (^)      272.697 (&)      139.337 (%) 
Cl( 8, 8) in Cl( 8, 8) CPU =       14.428 ms (setup)      960.973 (*)      359.355 (^)      809.802 (&)      408.792 (%) 
Cl( 1, 0) in Cl( 8, 8) CPU =        0.003 ms (setup)        0.002 (*)        0.001 (^)        0.001 (&)        0.001 (%) 
Cl( 1, 1) in Cl( 8, 8) CPU =        0.001 ms (setup)        0.003 (*)        0.002 (^)        0.002 (&)        0.002 (%) 
Cl( 2, 1) in Cl( 8, 8) CPU =        0.003 ms (setup)        0.005 (*)        0.003 (^)        0.003 (&)        0.004 (%) 
Cl( 2, 2) in Cl( 8, 8) CPU =        0.003 ms (setup)        0.009 (*)        0.005 (^)        0.005 (&)        0.007 (%) 
Cl( 3, 2) in Cl( 8, 8) CPU =        0.007 ms (setup)        0.025 (*)        0.011 (^)        0.012 (&)        0.009 (%) 
Cl( 3, 3) in Cl( 8, 8) CPU =        0.017 ms (setup)        0.067 (*)        0.020 (^)        0.026 (&)        0.027 (%) 
Cl( 4, 3) in Cl( 8, 8) CPU =        0.026 ms (setup)        0.228 (*)        0.049 (^)        0.066 (&)        0.051 (%) 
Cl( 4, 4) in Cl( 8, 8) CPU =        0.052 ms (setup)        0.573 (*)        0.112 (^)        0.179 (&)        0.120 (%) 
Cl( 5, 4) in Cl( 8, 8) CPU =        0.105 ms (setup)        1.852 (*)        0.281 (^)        0.448 (&)        0.300 (%) 
Cl( 5, 5) in Cl( 8, 8) CPU =        0.203 ms (setup)        2.671 (*)        0.686 (^)        1.211 (&)        0.766 (%) 
Cl( 6, 5) in Cl( 8, 8) CPU =        0.416 ms (setup)       40.407 (*)        8.487 (^)       15.779 (&)        9.574 (%) 
Cl( 6, 6) in Cl( 8, 8) CPU =        3.694 ms (setup)       60.386 (*)       22.538 (^)       45.968 (&)       26.331 (%) 
Cl( 7, 6) in Cl( 8, 8) CPU =        7.490 ms (setup)      198.364 (*)       62.803 (^)      134.696 (&)       25.960 (%) 
Cl( 7, 7) in Cl( 8, 8) CPU =        3.337 ms (setup)      297.347 (*)      185.465 (^)       88.073 (&)       48.147 (%) 
Cl( 8, 7) in Cl( 8, 8) CPU =        6.771 ms (setup)      849.846 (*)      119.350 (^)      273.044 (&)      140.207 (%) 
Cl( 8, 8) in Cl( 8, 8) CPU =       13.665 ms (setup)      968.635 (*)      351.743 (^)      803.123 (&)      408.125 (%) 

matrix_multi<double>
Clifford algebra products test:
Fill: 0.5
Cl( 1, 0) in Cl( 1, 0) CPU =        0.004 ms (setup)        0.001 (*)        0.011 (^)        0.007 (&)        0.009 (%) 
Cl( 1, 1) in Cl( 1, 1) CPU =        0.005 ms (setup)        0.001 (*)        0.007 (^)        0.006 (&)        0.007 (%) 
Cl( 2, 1) in Cl( 2, 1) CPU =        0.006 ms (setup)        0.001 (*)        0.045 (^)        0.026 (&)        0.034 (%) 
Cl( 2, 2) in Cl( 2, 2) CPU =        0.009 ms (setup)        0.001 (*)        0.032 (^)        0.040 (&)        0.044 (%) 
Cl( 3, 2) in Cl( 3, 2) CPU =        0.034 ms (setup)        0.001 (*)        0.167 (^)        0.187 (&)        0.193 (%) 
Cl( 3, 3) in Cl( 3, 3) CPU =        0.036 ms (setup)        0.002 (*)        0.239 (^)        0.427 (&)        0.283 (%) 
Cl( 4, 3) in Cl( 4, 3) CPU =        0.096 ms (setup)        0.003 (*)        1.192 (^)        1.266 (&)        1.286 (%) 
Cl( 4, 4) in Cl( 4, 4) CPU =        0.147 ms (setup)        0.003 (*)        1.865 (^)        2.207 (&)        2.132 (%) 
Cl( 5, 4) in Cl( 5, 4) CPU =        0.329 ms (setup)        0.011 (*)        6.873 (^)        7.678 (&)        7.474 (%) 
Cl( 5, 5) in Cl( 5, 5) CPU =        0.630 ms (setup)        0.010 (*)       10.761 (^)       10.963 (&)       10.936 (%) 
Cl( 6, 5) in Cl( 6, 5) CPU =        1.474 ms (setup)        0.167 (*)      175.274 (^)      184.921 (&)      183.191 (%) 
Cl( 6, 6) in Cl( 6, 6) CPU =       13.521 ms (setup)        0.145 (*)      258.640 (^)      260.711 (&)      259.017 (%) 
Cl( 7, 6) in Cl( 7, 6) CPU =       30.861 ms (setup)        0.720 (*)      896.886 (^)      928.085 (&)      892.700 (%) 
Cl( 7, 7) in Cl( 7, 7) CPU =       32.254 ms (setup)        0.539 (*)      958.303 (^)     1019.966 (&)      966.536 (%) 
Cl( 8, 7) in Cl( 8, 7) CPU =       30.524 ms (setup)        4.077 (*)     2500.716 (^)     2684.590 (&)     2289.167 (%) 
Cl( 8, 8) in Cl( 8, 8) CPU =       62.075 ms (setup)        4.019 (*)     2777.825 (^)     3175.739 (&)     2732.289 (%) 
Cl( 1, 0) in Cl( 8, 8) CPU =        0.056 ms (setup)        4.008 (*)       57.952 (^)       57.858 (&)       57.812 (%) 
Cl( 1, 1) in Cl( 8, 8) CPU =        0.315 ms (setup)        4.234 (*)       82.121 (^)       57.598 (&)       75.379 (%) 
Cl( 2, 1) in Cl( 8, 8) CPU =        0.435 ms (setup)        4.106 (*)      113.169 (^)       76.672 (&)       96.225 (%) 
Cl( 2, 2) in Cl( 8, 8) CPU =        1.078 ms (setup)        4.509 (*)      156.653 (^)      109.795 (&)      122.389 (%) 
Cl( 3, 2) in Cl( 8, 8) CPU =        4.236 ms (setup)        3.816 (*)      208.081 (^)      146.114 (&)      151.939 (%) 
Cl( 3, 3) in Cl( 8, 8) CPU =        7.096 ms (setup)        4.588 (*)      283.714 (^)      214.100 (&)      203.215 (%) 
Cl( 4, 3) in Cl( 8, 8) CPU =        7.931 ms (setup)        4.252 (*)      372.564 (^)      369.430 (&)      276.921 (%) 
Cl( 4, 4) in Cl( 8, 8) CPU =        8.889 ms (setup)        4.889 (*)      495.206 (^)      401.416 (&)      358.159 (%) 
Cl( 5, 4) in Cl( 8, 8) CPU =       12.499 ms (setup)        5.317 (*)      651.841 (^)      517.746 (&)      456.763 (%) 
Cl( 5, 5) in Cl( 8, 8) CPU =       17.487 ms (setup)        5.955 (*)      835.024 (^)      730.041 (&)      591.860 (%) 
Cl( 6, 5) in Cl( 8, 8) CPU =       33.443 ms (setup)        4.850 (*)     1054.689 (^)      880.930 (&)      753.106 (%) 
Cl( 6, 6) in Cl( 8, 8) CPU =       57.364 ms (setup)        4.197 (*)     1261.435 (^)     1204.083 (&)      976.364 (%) 
Cl( 7, 6) in Cl( 8, 8) CPU =      130.685 ms (setup)        4.148 (*)     1491.480 (^)     1661.572 (&)     1319.402 (%) 
Cl( 7, 7) in Cl( 8, 8) CPU =       50.120 ms (setup)        4.240 (*)     1724.803 (^)     1874.169 (&)     1539.709 (%) 
Cl( 8, 7) in Cl( 8, 8) CPU =      122.142 ms (setup)        3.743 (*)     2320.691 (^)     2567.316 (&)     2176.759 (%) 
Cl( 8, 8) in Cl( 8, 8) CPU =       61.843 ms (setup)        3.884 (*)     2626.797 (^)     3180.532 (&)     2664.193 (%) 
Fill: 1
Cl( 1, 0) in Cl( 1, 0) CPU =        0.002 ms (setup)        0.001 (*)        0.009 (^)        0.007 (&)        0.008 (%) 
Cl( 1, 1) in Cl( 1, 1) CPU =        0.004 ms (setup)        0.001 (*)        0.013 (^)        0.009 (&)        0.013 (%) 
Cl( 2, 1) in Cl( 2, 1) CPU =        0.005 ms (setup)        0.001 (*)        0.045 (^)        0.038 (&)        0.045 (%) 
Cl( 2, 2) in Cl( 2, 2) CPU =        0.018 ms (setup)        0.001 (*)        0.070 (^)        0.060 (&)        0.069 (%) 
Cl( 3, 2) in Cl( 3, 2) CPU =        0.026 ms (setup)        0.002 (*)        0.255 (^)        0.229 (&)        0.228 (%) 
Cl( 3, 3) in Cl( 3, 3) CPU =        0.046 ms (setup)        0.002 (*)        0.387 (^)        0.421 (&)        0.401 (%) 
Cl( 4, 3) in Cl( 4, 3) CPU =        0.104 ms (setup)        0.004 (*)        1.554 (^)        1.544 (&)        1.521 (%) 
Cl( 4, 4) in Cl( 4, 4) CPU =        0.202 ms (setup)        0.003 (*)        2.270 (^)        2.257 (&)        2.299 (%) 
Cl( 5, 4) in Cl( 5, 4) CPU =        0.470 ms (setup)        0.010 (*)        8.129 (^)        8.470 (&)        8.228 (%) 
Cl( 5, 5) in Cl( 5, 5) CPU =        0.930 ms (setup)        0.011 (*)       11.835 (^)       12.186 (&)       11.950 (%) 
Cl( 6, 5) in Cl( 6, 5) CPU =        2.172 ms (setup)        0.169 (*)      196.519 (^)      204.204 (&)      198.421 (%) 
Cl( 6, 6) in Cl( 6, 6) CPU =       20.265 ms (setup)        0.134 (*)      278.896 (^)      284.853 (&)      281.306 (%) 
Cl( 7, 6) in Cl( 7, 6) CPU =       48.401 ms (setup)        0.580 (*)      906.900 (^)      944.625 (&)      908.128 (%) 
Cl( 7, 7) in Cl( 7, 7) CPU =       22.157 ms (setup)        0.748 (*)      999.443 (^)     1040.610 (&)      997.264 (%) 
Cl( 8, 7) in Cl( 8, 7) CPU =       52.410 ms (setup)        3.841 (*)     2703.170 (^)     2742.452 (&)     2351.249 (%) 
Cl( 8, 8) in Cl( 8, 8) CPU =      103.308 ms (setup)        3.485 (*)     2890.593 (^)     3288.405 (&)     2852.841 (%) 
Cl( 1, 0) in Cl( 8, 8) CPU =        0.064 ms (setup)        4.441 (*)       82.510 (^)       57.715 (&)       76.745 (%) 
Cl( 1, 1) in Cl( 8, 8) CPU =        0.350 ms (setup)        4.559 (*)      112.710 (^)       76.626 (&)       96.358 (%) 
Cl( 2, 1) in Cl( 8, 8) CPU =        0.714 ms (setup)        4.521 (*)      155.395 (^)      109.820 (&)      121.624 (%) 
Cl( 2, 2) in Cl( 8, 8) CPU =        6.621 ms (setup)        5.264 (*)      203.612 (^)      144.707 (&)      150.740 (%) 
Cl( 3, 2) in Cl( 8, 8) CPU =        6.889 ms (setup)        3.468 (*)      268.522 (^)      198.585 (&)      187.326 (%) 
Cl( 3, 3) in Cl( 8, 8) CPU =        7.375 ms (setup)        5.601 (*)      359.106 (^)      278.784 (&)      252.574 (%) 
Cl( 4, 3) in Cl( 8, 8) CPU =        8.364 ms (setup)        5.830 (*)      493.781 (^)      396.466 (&)      347.773 (%) 
Cl( 4, 4) in Cl( 8, 8) CPU =        9.801 ms (setup)        3.482 (*)      597.086 (^)      486.036 (&)      411.575 (%) 
Cl( 5, 4) in Cl( 8, 8) CPU =       14.569 ms (setup)        4.885 (*)      737.225 (^)      622.333 (&)      510.021 (%) 
Cl( 5, 5) in Cl( 8, 8) CPU =       21.410 ms (setup)        4.939 (*)      852.868 (^)      744.305 (&)      601.821 (%) 
Cl( 6, 5) in Cl( 8, 8) CPU =       42.700 ms (setup)        4.183 (*)     1146.683 (^)     1014.762 (&)      830.887 (%) 
Cl( 6, 6) in Cl( 8, 8) CPU =       74.282 ms (setup)        3.912 (*)     1300.229 (^)     1233.507 (&)     1011.420 (%) 
Cl( 7, 6) in Cl( 8, 8) CPU =      145.668 ms (setup)        3.647 (*)     1630.883 (^)     1682.842 (&)     1397.079 (%) 
Cl( 7, 7) in Cl( 8, 8) CPU =       69.058 ms (setup)        4.832 (*)     1753.622 (^)     1893.442 (&)     1566.606 (%) 
Cl( 8, 7) in Cl( 8, 8) CPU =      173.329 ms (setup)        3.777 (*)     2534.976 (^)     2752.563 (&)     2361.866 (%) 
Cl( 8, 8) in Cl( 8, 8) CPU =      103.186 ms (setup)        4.056 (*)     2889.805 (^)     3323.068 (&)     2849.022 (%) 
