
framed_multi<float,-4,4>
Clifford algebra products test:
Fill: 0.5
Cl( 1, 0) in Cl( 1, 0) CPU =        0.005 ms (setup)        0.003 (*)        0.002 (^)        0.002 (&)        0.002 (%) 
Cl( 1, 1) in Cl( 1, 1) CPU =        0.002 ms (setup)        0.002 (*)        0.001 (^)        0.002 (&)        0.001 (%) 
Cl( 2, 1) in Cl( 2, 1) CPU =        0.002 ms (setup)        0.005 (*)        0.003 (^)        0.003 (&)        0.003 (%) 
Cl( 2, 2) in Cl( 2, 2) CPU =        0.003 ms (setup)        0.007 (*)        0.005 (^)        0.004 (&)        0.004 (%) 
Cl( 3, 2) in Cl( 3, 2) CPU =        0.006 ms (setup)        0.015 (*)        0.008 (^)        0.008 (&)        0.007 (%) 
Cl( 3, 3) in Cl( 3, 3) CPU =        0.010 ms (setup)        0.037 (*)        0.018 (^)        0.018 (&)        0.015 (%) 
Cl( 4, 3) in Cl( 4, 3) CPU =        0.022 ms (setup)        0.116 (*)        0.051 (^)        0.049 (&)        0.038 (%) 
Cl( 4, 4) in Cl( 4, 4) CPU =        0.042 ms (setup)        0.799 (*)        0.127 (^)        0.141 (&)        0.088 (%) 
Cl( 1, 0) in Cl( 4, 4) CPU =        0.002 ms (setup)        0.001 (*)        0.001 (^)        0.001 (&)        0.001 (%) 
Cl( 1, 1) in Cl( 4, 4) CPU =        0.002 ms (setup)        0.001 (*)        0.001 (^)        0.001 (&)        0.001 (%) 
Cl( 2, 1) in Cl( 4, 4) CPU =        0.002 ms (setup)        0.004 (*)        0.002 (^)        0.002 (&)        0.002 (%) 
Cl( 2, 2) in Cl( 4, 4) CPU =        0.003 ms (setup)        0.005 (*)        0.003 (^)        0.003 (&)        0.003 (%) 
Cl( 3, 2) in Cl( 4, 4) CPU =        0.005 ms (setup)        0.015 (*)        0.008 (^)        0.008 (&)        0.007 (%) 
Cl( 3, 3) in Cl( 4, 4) CPU =        0.009 ms (setup)        0.034 (*)        0.019 (^)        0.016 (&)        0.014 (%) 
Cl( 4, 3) in Cl( 4, 4) CPU =        0.021 ms (setup)        0.107 (*)        0.049 (^)        0.052 (&)        0.039 (%) 
Cl( 4, 4) in Cl( 4, 4) CPU =        0.042 ms (setup)        0.733 (*)        0.122 (^)        0.132 (&)        0.093 (%) 
Fill: 1
Cl( 1, 0) in Cl( 1, 0) CPU =        0.002 ms (setup)        0.003 (*)        0.001 (^)        0.001 (&)        0.002 (%) 
Cl( 1, 1) in Cl( 1, 1) CPU =        0.002 ms (setup)        0.003 (*)        0.002 (^)        0.002 (&)        0.002 (%) 
Cl( 2, 1) in Cl( 2, 1) CPU =        0.002 ms (setup)        0.005 (*)        0.003 (^)        0.003 (&)        0.003 (%) 
Cl( 2, 2) in Cl( 2, 2) CPU =        0.004 ms (setup)        0.009 (*)        0.005 (^)        0.005 (&)        0.005 (%) 
Cl( 3, 2) in Cl( 3, 2) CPU =        0.007 ms (setup)        0.024 (*)        0.009 (^)        0.012 (&)        0.011 (%) 
Cl( 3, 3) in Cl( 3, 3) CPU =        0.015 ms (setup)        0.076 (*)        0.022 (^)        0.030 (&)        0.024 (%) 
Cl( 4, 3) in Cl( 4, 3) CPU =        0.030 ms (setup)        0.241 (*)        0.051 (^)        0.078 (&)        0.058 (%) 
Cl( 4, 4) in Cl( 4, 4) CPU =        0.066 ms (setup)        0.861 (*)        0.122 (^)        0.202 (&)        0.142 (%) 
Cl( 1, 0) in Cl( 4, 4) CPU =        0.002 ms (setup)        0.002 (*)        0.002 (^)        0.002 (&)        0.002 (%) 
Cl( 1, 1) in Cl( 4, 4) CPU =        0.002 ms (setup)        0.003 (*)        0.002 (^)        0.002 (&)        0.002 (%) 
Cl( 2, 1) in Cl( 4, 4) CPU =        0.002 ms (setup)        0.005 (*)        0.002 (^)        0.003 (&)        0.003 (%) 
Cl( 2, 2) in Cl( 4, 4) CPU =        0.004 ms (setup)        0.009 (*)        0.005 (^)        0.005 (&)        0.005 (%) 
Cl( 3, 2) in Cl( 4, 4) CPU =        0.007 ms (setup)        0.022 (*)        0.009 (^)        0.011 (&)        0.010 (%) 
Cl( 3, 3) in Cl( 4, 4) CPU =        0.013 ms (setup)        0.068 (*)        0.021 (^)        0.028 (&)        0.023 (%) 
Cl( 4, 3) in Cl( 4, 4) CPU =        0.028 ms (setup)        0.226 (*)        0.049 (^)        0.096 (&)        0.056 (%) 
Cl( 4, 4) in Cl( 4, 4) CPU =        0.064 ms (setup)        0.807 (*)        0.117 (^)        0.192 (&)        0.139 (%) 

matrix_multi<float,-4,4>
Clifford algebra products test:
Fill: 0.5
Cl( 1, 0) in Cl( 1, 0) CPU =        0.013 ms (setup)        0.001 (*)        0.011 (^)        0.009 (&)        0.011 (%) 
Cl( 1, 1) in Cl( 1, 1) CPU =        0.005 ms (setup)        0.001 (*)        0.009 (^)        0.009 (&)        0.009 (%) 
Cl( 2, 1) in Cl( 2, 1) CPU =        0.003 ms (setup)        0.001 (*)        0.017 (^)        0.028 (&)        0.027 (%) 
Cl( 2, 2) in Cl( 2, 2) CPU =        0.011 ms (setup)        0.001 (*)        0.076 (^)        0.044 (&)        0.059 (%) 
Cl( 3, 2) in Cl( 3, 2) CPU =        0.022 ms (setup)        0.002 (*)        0.280 (^)        0.240 (&)        0.252 (%) 
Cl( 3, 3) in Cl( 3, 3) CPU =        0.040 ms (setup)        0.002 (*)        0.362 (^)        0.386 (&)        0.389 (%) 
Cl( 4, 3) in Cl( 4, 3) CPU =        0.097 ms (setup)        0.003 (*)        1.508 (^)        1.324 (&)        1.339 (%) 
Cl( 4, 4) in Cl( 4, 4) CPU =        0.142 ms (setup)        0.002 (*)        2.150 (^)        2.389 (&)        2.618 (%) 
Cl( 1, 0) in Cl( 4, 4) CPU =        0.001 ms (setup)        0.002 (*)        0.013 (^)        0.007 (&)        0.007 (%) 
Cl( 1, 1) in Cl( 4, 4) CPU =        0.005 ms (setup)        0.003 (*)        0.100 (^)        0.060 (&)        0.084 (%) 
Cl( 2, 1) in Cl( 4, 4) CPU =        0.015 ms (setup)        0.002 (*)        0.113 (^)        0.073 (&)        0.097 (%) 
Cl( 2, 2) in Cl( 4, 4) CPU =        0.026 ms (setup)        0.003 (*)        0.201 (^)        0.134 (&)        0.154 (%) 
Cl( 3, 2) in Cl( 4, 4) CPU =        0.083 ms (setup)        0.002 (*)        0.249 (^)        0.289 (&)        0.282 (%) 
Cl( 3, 3) in Cl( 4, 4) CPU =        0.118 ms (setup)        0.002 (*)        0.528 (^)        0.446 (&)        0.411 (%) 
Cl( 4, 3) in Cl( 4, 4) CPU =        0.272 ms (setup)        0.002 (*)        1.345 (^)        1.370 (&)        1.414 (%) 
Cl( 4, 4) in Cl( 4, 4) CPU =        0.141 ms (setup)        0.002 (*)        2.068 (^)        2.222 (&)        2.248 (%) 
Fill: 1
Cl( 1, 0) in Cl( 1, 0) CPU =        0.002 ms (setup)        0.001 (*)        0.009 (^)        0.007 (&)        0.009 (%) 
Cl( 1, 1) in Cl( 1, 1) CPU =        0.003 ms (setup)        0.001 (*)        0.014 (^)        0.011 (&)        0.013 (%) 
Cl( 2, 1) in Cl( 2, 1) CPU =        0.004 ms (setup)        0.001 (*)        0.044 (^)        0.047 (&)        0.044 (%) 
Cl( 2, 2) in Cl( 2, 2) CPU =        0.009 ms (setup)        0.001 (*)        0.071 (^)        0.058 (&)        0.071 (%) 
Cl( 3, 2) in Cl( 3, 2) CPU =        0.022 ms (setup)        0.002 (*)        0.241 (^)        0.252 (&)        0.263 (%) 
Cl( 3, 3) in Cl( 3, 3) CPU =        0.043 ms (setup)        0.001 (*)        0.400 (^)        0.379 (&)        0.403 (%) 
Cl( 4, 3) in Cl( 4, 3) CPU =        0.101 ms (setup)        0.002 (*)        1.661 (^)        1.685 (&)        1.693 (%) 
Cl( 4, 4) in Cl( 4, 4) CPU =        0.203 ms (setup)        0.002 (*)        2.486 (^)        2.466 (&)        2.515 (%) 
Cl( 1, 0) in Cl( 4, 4) CPU =        0.005 ms (setup)        0.002 (*)        0.077 (^)        0.055 (&)        0.068 (%) 
Cl( 1, 1) in Cl( 4, 4) CPU =        0.005 ms (setup)        0.002 (*)        0.102 (^)        0.060 (&)        0.082 (%) 
Cl( 2, 1) in Cl( 4, 4) CPU =        0.020 ms (setup)        0.002 (*)        0.148 (^)        0.100 (&)        0.120 (%) 
Cl( 2, 2) in Cl( 4, 4) CPU =        0.036 ms (setup)        0.002 (*)        0.207 (^)        0.137 (&)        0.163 (%) 
Cl( 3, 2) in Cl( 4, 4) CPU =        0.090 ms (setup)        0.002 (*)        0.437 (^)        0.324 (&)        0.332 (%) 
Cl( 3, 3) in Cl( 4, 4) CPU =        0.132 ms (setup)        0.002 (*)        0.647 (^)        0.534 (&)        0.573 (%) 
Cl( 4, 3) in Cl( 4, 4) CPU =        0.360 ms (setup)        0.003 (*)        1.828 (^)        1.694 (&)        1.694 (%) 
Cl( 4, 4) in Cl( 4, 4) CPU =        0.198 ms (setup)        0.002 (*)        2.470 (^)        2.474 (&)        2.814 (%) 

framed_multi<double>
Clifford algebra products test:
Fill: 0.5
Cl( 1, 0) in Cl( 1, 0) CPU =        0.001 ms (setup)        0.002 (*)        0.001 (^)        0.001 (&)        0.002 (%) 
Cl( 1, 1) in Cl( 1, 1) CPU =        0.002 ms (setup)        0.001 (*)        0.001 (^)        0.001 (&)        0.001 (%) 
Cl( 2, 1) in Cl( 2, 1) CPU =        0.002 ms (setup)        0.004 (*)        0.003 (^)        0.002 (&)        0.002 (%) 
Cl( 2, 2) in Cl( 2, 2) CPU =        0.002 ms (setup)        0.005 (*)        0.004 (^)        0.004 (&)        0.005 (%) 
Cl( 3, 2) in Cl( 3, 2) CPU =        0.006 ms (setup)        0.013 (*)        0.009 (^)        0.007 (&)        0.006 (%) 
Cl( 3, 3) in Cl( 3, 3) CPU =        0.009 ms (setup)        0.031 (*)        0.015 (^)        0.015 (&)        0.013 (%) 
Cl( 4, 3) in Cl( 4, 3) CPU =        0.016 ms (setup)        0.096 (*)        0.043 (^)        0.042 (&)        0.032 (%) 
Cl( 4, 4) in Cl( 4, 4) CPU =        0.032 ms (setup)        0.505 (*)        0.098 (^)        0.090 (&)        0.069 (%) 
Cl( 5, 4) in Cl( 5, 4) CPU =        0.069 ms (setup)        1.790 (*)        0.291 (^)        0.279 (&)        0.199 (%) 
Cl( 5, 5) in Cl( 5, 5) CPU =        0.119 ms (setup)        2.522 (*)        0.725 (^)        0.665 (&)        0.442 (%) 
Cl( 6, 5) in Cl( 6, 5) CPU =        0.257 ms (setup)        8.178 (*)        2.038 (^)        1.949 (&)        1.224 (%) 
Cl( 6, 6) in Cl( 6, 6) CPU =        0.501 ms (setup)       11.149 (*)        5.547 (^)        5.639 (&)        3.295 (%) 
Cl( 7, 6) in Cl( 7, 6) CPU =        1.031 ms (setup)       38.377 (*)       16.608 (^)       15.984 (&)        9.753 (%) 
Cl( 7, 7) in Cl( 7, 7) CPU =        1.998 ms (setup)       52.246 (*)       48.717 (^)       46.200 (&)       25.511 (%) 
Cl( 8, 7) in Cl( 8, 7) CPU =        4.197 ms (setup)      185.625 (*)      144.686 (^)      134.395 (&)       71.729 (%) 
Cl( 8, 8) in Cl( 8, 8) CPU =        8.087 ms (setup)      252.367 (*)      429.207 (^)      418.868 (&)      217.123 (%) 
Cl( 1, 0) in Cl( 8, 8) CPU =        0.003 ms (setup)        0.001 (*)        0.001 (^)        0.001 (&)        0.001 (%) 
Cl( 1, 1) in Cl( 8, 8) CPU =        0.001 ms (setup)        0.001 (*)        0.001 (^)        0.001 (&)        0.001 (%) 
Cl( 2, 1) in Cl( 8, 8) CPU =        0.002 ms (setup)        0.001 (*)        0.001 (^)        0.001 (&)        0.001 (%) 
Cl( 2, 2) in Cl( 8, 8) CPU =        0.002 ms (setup)        0.005 (*)        0.004 (^)        0.007 (&)        0.003 (%) 
Cl( 3, 2) in Cl( 8, 8) CPU =        0.004 ms (setup)        0.012 (*)        0.007 (^)        0.006 (&)        0.006 (%) 
Cl( 3, 3) in Cl( 8, 8) CPU =        0.006 ms (setup)        0.026 (*)        0.015 (^)        0.013 (&)        0.012 (%) 
Cl( 4, 3) in Cl( 8, 8) CPU =        0.014 ms (setup)        0.077 (*)        0.038 (^)        0.032 (&)        0.028 (%) 
Cl( 4, 4) in Cl( 8, 8) CPU =        0.030 ms (setup)        0.505 (*)        0.104 (^)        0.099 (&)        0.075 (%) 
Cl( 5, 4) in Cl( 8, 8) CPU =        0.061 ms (setup)        1.710 (*)        0.272 (^)        0.271 (&)        0.192 (%) 
Cl( 5, 5) in Cl( 8, 8) CPU =        0.119 ms (setup)        2.309 (*)        0.692 (^)        0.690 (&)        0.441 (%) 
Cl( 6, 5) in Cl( 8, 8) CPU =        0.242 ms (setup)        7.971 (*)        1.955 (^)        1.928 (&)        1.181 (%) 
Cl( 6, 6) in Cl( 8, 8) CPU =        0.476 ms (setup)       10.838 (*)        5.528 (^)        5.126 (&)        3.027 (%) 
Cl( 7, 6) in Cl( 8, 8) CPU =        0.981 ms (setup)       37.906 (*)       15.963 (^)       15.264 (&)        8.494 (%) 
Cl( 7, 7) in Cl( 8, 8) CPU =        1.970 ms (setup)       50.927 (*)       48.662 (^)       46.789 (&)       25.023 (%) 
Cl( 8, 7) in Cl( 8, 8) CPU =        3.997 ms (setup)      183.012 (*)      143.539 (^)      140.338 (&)       73.791 (%) 
Cl( 8, 8) in Cl( 8, 8) CPU =        8.118 ms (setup)      252.358 (*)      422.945 (^)      418.911 (&)      217.320 (%) 
Fill: 1
Cl( 1, 0) in Cl( 1, 0) CPU =        0.002 ms (setup)        0.002 (*)        0.001 (^)        0.001 (&)        0.001 (%) 
Cl( 1, 1) in Cl( 1, 1) CPU =        0.001 ms (setup)        0.003 (*)        0.002 (^)        0.002 (&)        0.002 (%) 
Cl( 2, 1) in Cl( 2, 1) CPU =        0.002 ms (setup)        0.004 (*)        0.003 (^)        0.002 (&)        0.002 (%) 
Cl( 2, 2) in Cl( 2, 2) CPU =        0.003 ms (setup)        0.009 (*)        0.005 (^)        0.005 (&)        0.006 (%) 
Cl( 3, 2) in Cl( 3, 2) CPU =        0.008 ms (setup)        0.029 (*)        0.009 (^)        0.011 (&)        0.009 (%) 
Cl( 3, 3) in Cl( 3, 3) CPU =        0.013 ms (setup)        0.069 (*)        0.020 (^)        0.026 (&)        0.021 (%) 
Cl( 4, 3) in Cl( 4, 3) CPU =        0.026 ms (setup)        0.228 (*)        0.046 (^)        0.065 (&)        0.050 (%) 
Cl( 4, 4) in Cl( 4, 4) CPU =        0.056 ms (setup)        0.589 (*)        0.114 (^)        0.166 (&)        0.120 (%) 
Cl( 5, 4) in Cl( 5, 4) CPU =        0.101 ms (setup)        1.951 (*)        0.273 (^)        0.443 (&)        0.295 (%) 
Cl( 5, 5) in Cl( 5, 5) CPU =        0.196 ms (setup)        3.046 (*)        0.755 (^)        1.298 (&)        0.814 (%) 
Cl( 6, 5) in Cl( 6, 5) CPU =        0.414 ms (setup)        9.327 (*)        1.811 (^)        3.437 (&)        2.028 (%) 
Cl( 6, 6) in Cl( 6, 6) CPU =        0.814 ms (setup)       14.470 (*)        4.833 (^)        9.879 (&)        5.611 (%) 
Cl( 7, 6) in Cl( 7, 6) CPU =        1.653 ms (setup)       44.590 (*)       14.002 (^)       29.377 (&)       15.953 (%) 
Cl( 7, 7) in Cl( 7, 7) CPU =        3.480 ms (setup)       67.512 (*)       40.041 (^)       88.058 (&)       46.233 (%) 
Cl( 8, 7) in Cl( 8, 7) CPU =        6.829 ms (setup)      223.219 (*)      123.499 (^)      270.869 (&)      138.102 (%) 
Cl( 8, 8) in Cl( 8, 8) CPU =       13.940 ms (setup)      345.406 (*)      349.588 (^)      824.636 (&)      422.158 (%) 
Cl( 1, 0) in Cl( 8, 8) CPU =        0.002 ms (setup)        0.002 (*)        0.001 (^)        0.001 (&)        0.002 (%) 
Cl( 1, 1) in Cl( 8, 8) CPU =        0.002 ms (setup)        0.003 (*)        0.002 (^)        0.001 (&)        0.002 (%) 
Cl( 2, 1) in Cl( 8, 8) CPU =        0.003 ms (setup)        0.004 (*)        0.003 (^)        0.003 (&)        0.003 (%) 
Cl( 2, 2) in Cl( 8, 8) CPU =        0.003 ms (setup)        0.009 (*)        0.005 (^)        0.007 (&)        0.005 (%) 
Cl( 3, 2) in Cl( 8, 8) CPU =        0.008 ms (setup)        0.025 (*)        0.009 (^)        0.011 (&)        0.009 (%) 
Cl( 3, 3) in Cl( 8, 8) CPU =        0.013 ms (setup)        0.068 (*)        0.020 (^)        0.029 (&)        0.021 (%) 
Cl( 4, 3) in Cl( 8, 8) CPU =        0.025 ms (setup)        0.224 (*)        0.050 (^)        0.064 (&)        0.050 (%) 
Cl( 4, 4) in Cl( 8, 8) CPU =        0.052 ms (setup)        0.598 (*)        0.113 (^)        0.167 (&)        0.118 (%) 
Cl( 5, 4) in Cl( 8, 8) CPU =        0.102 ms (setup)        1.935 (*)        0.269 (^)        0.443 (&)        0.293 (%) 
Cl( 5, 5) in Cl( 8, 8) CPU =        0.197 ms (setup)        2.822 (*)        0.689 (^)        1.211 (&)        0.765 (%) 
Cl( 6, 5) in Cl( 8, 8) CPU =        0.409 ms (setup)        9.310 (*)        1.794 (^)        3.609 (&)        2.134 (%) 
Cl( 6, 6) in Cl( 8, 8) CPU =        0.909 ms (setup)       13.595 (*)        4.910 (^)       11.845 (&)        6.822 (%) 
Cl( 7, 6) in Cl( 8, 8) CPU =        1.770 ms (setup)       44.552 (*)       13.986 (^)       29.452 (&)       15.950 (%) 
Cl( 7, 7) in Cl( 8, 8) CPU =        3.368 ms (setup)       67.683 (*)       39.337 (^)       87.102 (&)       48.239 (%) 
Cl( 8, 7) in Cl( 8, 8) CPU =        6.852 ms (setup)      224.481 (*)      121.350 (^)      274.552 (&)      140.364 (%) 
Cl( 8, 8) in Cl( 8, 8) CPU =       13.908 ms (setup)      339.812 (*)      356.683 (^)      829.203 (&)      423.921 (%) 

matrix_multi<double>
Clifford algebra products test:
Fill: 0.5
Cl( 1, 0) in Cl( 1, 0) CPU =        0.004 ms (setup)        0.001 (*)        0.009 (^)        0.007 (&)        0.009 (%) 
Cl( 1, 1) in Cl( 1, 1) CPU =        0.005 ms (setup)        0.001 (*)        0.006 (^)        0.007 (&)        0.007 (%) 
Cl( 2, 1) in Cl( 2, 1) CPU =        0.006 ms (setup)        0.001 (*)        0.046 (^)        0.029 (&)        0.037 (%) 
Cl( 2, 2) in Cl( 2, 2) CPU =        0.009 ms (setup)        0.001 (*)        0.033 (^)        0.040 (&)        0.049 (%) 
Cl( 3, 2) in Cl( 3, 2) CPU =        0.035 ms (setup)        0.002 (*)        0.176 (^)        0.196 (&)        0.206 (%) 
Cl( 3, 3) in Cl( 3, 3) CPU =        0.034 ms (setup)        0.002 (*)        0.254 (^)        0.306 (&)        0.303 (%) 
Cl( 4, 3) in Cl( 4, 3) CPU =        0.081 ms (setup)        0.003 (*)        1.329 (^)        1.427 (&)        1.449 (%) 
Cl( 4, 4) in Cl( 4, 4) CPU =        0.170 ms (setup)        0.003 (*)        2.087 (^)        2.127 (&)        2.194 (%) 
Cl( 5, 4) in Cl( 5, 4) CPU =        0.340 ms (setup)        0.011 (*)        7.628 (^)        8.505 (&)        8.280 (%) 
Cl( 5, 5) in Cl( 5, 5) CPU =        0.656 ms (setup)        0.010 (*)       12.051 (^)       12.021 (&)       11.985 (%) 
Cl( 6, 5) in Cl( 6, 5) CPU =        1.515 ms (setup)        0.059 (*)       43.046 (^)       46.706 (&)       44.925 (%) 
Cl( 6, 6) in Cl( 6, 6) CPU =        2.982 ms (setup)        0.059 (*)       63.117 (^)       65.021 (&)       63.594 (%) 
Cl( 7, 6) in Cl( 7, 6) CPU =        6.801 ms (setup)        0.401 (*)      256.959 (^)      279.817 (&)      257.831 (%) 
Cl( 7, 7) in Cl( 7, 7) CPU =       13.444 ms (setup)        0.398 (*)      324.885 (^)      363.264 (&)      333.534 (%) 
Cl( 8, 7) in Cl( 8, 7) CPU =       31.123 ms (setup)        2.856 (*)     1532.883 (^)     1772.736 (&)     1525.915 (%) 
Cl( 8, 8) in Cl( 8, 8) CPU =       62.486 ms (setup)        2.869 (*)     1957.699 (^)     2225.947 (&)     1960.432 (%) 
Cl( 1, 0) in Cl( 8, 8) CPU =        0.058 ms (setup)        2.871 (*)       15.854 (^)       15.655 (&)       15.675 (%) 
Cl( 1, 1) in Cl( 8, 8) CPU =        0.073 ms (setup)        2.861 (*)       27.337 (^)       15.722 (&)       23.462 (%) 
Cl( 2, 1) in Cl( 8, 8) CPU =        0.102 ms (setup)        2.866 (*)       42.866 (^)       25.826 (&)       33.627 (%) 
Cl( 2, 2) in Cl( 8, 8) CPU =        0.263 ms (setup)        3.131 (*)       65.844 (^)       42.161 (&)       46.803 (%) 
Cl( 3, 2) in Cl( 8, 8) CPU =        0.956 ms (setup)        2.854 (*)       93.431 (^)       63.006 (&)       63.386 (%) 
Cl( 3, 3) in Cl( 8, 8) CPU =        1.528 ms (setup)        2.847 (*)      130.962 (^)       94.521 (&)       85.425 (%) 
Cl( 4, 3) in Cl( 8, 8) CPU =        1.697 ms (setup)        2.863 (*)      174.879 (^)      174.424 (&)      113.791 (%) 
Cl( 4, 4) in Cl( 8, 8) CPU =        1.925 ms (setup)        2.849 (*)      229.124 (^)      180.654 (&)      146.278 (%) 
Cl( 5, 4) in Cl( 8, 8) CPU =        2.750 ms (setup)        2.865 (*)      295.139 (^)      233.804 (&)      184.151 (%) 
Cl( 5, 5) in Cl( 8, 8) CPU =        3.961 ms (setup)        2.868 (*)      390.360 (^)      351.735 (&)      254.458 (%) 
Cl( 6, 5) in Cl( 8, 8) CPU =        7.524 ms (setup)        2.852 (*)      442.099 (^)      381.149 (&)      290.038 (%) 
Cl( 6, 6) in Cl( 8, 8) CPU =       12.496 ms (setup)        2.845 (*)      527.517 (^)      534.403 (&)      386.856 (%) 
Cl( 7, 6) in Cl( 8, 8) CPU =       29.602 ms (setup)        2.859 (*)      666.956 (^)      766.126 (&)      545.091 (%) 
Cl( 7, 7) in Cl( 8, 8) CPU =       52.502 ms (setup)        2.847 (*)      842.505 (^)      935.115 (&)      729.823 (%) 
Cl( 8, 7) in Cl( 8, 8) CPU =      127.969 ms (setup)        2.837 (*)     1548.817 (^)     1693.451 (&)     1441.135 (%) 
Cl( 8, 8) in Cl( 8, 8) CPU =       62.968 ms (setup)        2.869 (*)     1851.237 (^)     2230.803 (&)     1914.880 (%) 
Fill: 1
Cl( 1, 0) in Cl( 1, 0) CPU =        0.002 ms (setup)        0.001 (*)        0.009 (^)        0.007 (&)        0.009 (%) 
Cl( 1, 1) in Cl( 1, 1) CPU =        0.002 ms (setup)        0.001 (*)        0.013 (^)        0.009 (&)        0.019 (%) 
Cl( 2, 1) in Cl( 2, 1) CPU =        0.005 ms (setup)        0.001 (*)        0.052 (^)        0.042 (&)        0.046 (%) 
Cl( 2, 2) in Cl( 2, 2) CPU =        0.010 ms (setup)        0.001 (*)        0.075 (^)        0.060 (&)        0.075 (%) 
Cl( 3, 2) in Cl( 3, 2) CPU =        0.024 ms (setup)        0.002 (*)        0.272 (^)        0.239 (&)        0.251 (%) 
Cl( 3, 3) in Cl( 3, 3) CPU =        0.045 ms (setup)        0.002 (*)        0.422 (^)        0.457 (&)        0.480 (%) 
Cl( 4, 3) in Cl( 4, 3) CPU =        0.112 ms (setup)        0.003 (*)        1.713 (^)        1.687 (&)        1.696 (%) 
Cl( 4, 4) in Cl( 4, 4) CPU =        0.204 ms (setup)        0.003 (*)        2.470 (^)        2.481 (&)        2.525 (%) 
Cl( 5, 4) in Cl( 5, 4) CPU =        0.488 ms (setup)        0.010 (*)        9.014 (^)        9.271 (&)        9.156 (%) 
Cl( 5, 5) in Cl( 5, 5) CPU =        0.961 ms (setup)        0.011 (*)       12.973 (^)       13.155 (&)       13.024 (%) 
Cl( 6, 5) in Cl( 6, 5) CPU =        2.238 ms (setup)        0.059 (*)       50.189 (^)       50.763 (&)       48.815 (%) 
Cl( 6, 6) in Cl( 6, 6) CPU =        4.497 ms (setup)        0.059 (*)       67.226 (^)       69.231 (&)       67.151 (%) 
Cl( 7, 6) in Cl( 7, 6) CPU =       10.394 ms (setup)        0.403 (*)      268.219 (^)      292.536 (&)      270.082 (%) 
Cl( 7, 7) in Cl( 7, 7) CPU =       20.901 ms (setup)        0.398 (*)      366.635 (^)      385.708 (&)      361.817 (%) 
Cl( 8, 7) in Cl( 8, 7) CPU =       51.980 ms (setup)        2.846 (*)     1929.454 (^)     1828.790 (&)     1583.538 (%) 
Cl( 8, 8) in Cl( 8, 8) CPU =      104.204 ms (setup)        2.885 (*)     2068.048 (^)     2337.267 (&)     2065.981 (%) 
Cl( 1, 0) in Cl( 8, 8) CPU =        0.067 ms (setup)        2.869 (*)       26.896 (^)       15.985 (&)       23.457 (%) 
Cl( 1, 1) in Cl( 8, 8) CPU =        0.085 ms (setup)        2.860 (*)       42.640 (^)       25.701 (&)       33.590 (%) 
Cl( 2, 1) in Cl( 8, 8) CPU =        0.172 ms (setup)        2.856 (*)       65.472 (^)       41.766 (&)       46.400 (%) 
Cl( 2, 2) in Cl( 8, 8) CPU =        1.444 ms (setup)        2.849 (*)       93.563 (^)       63.163 (&)       62.467 (%) 
Cl( 3, 2) in Cl( 8, 8) CPU =        1.554 ms (setup)        2.865 (*)      127.373 (^)       91.138 (&)       82.232 (%) 
Cl( 3, 3) in Cl( 8, 8) CPU =        1.564 ms (setup)        2.873 (*)      172.054 (^)      130.553 (&)      109.389 (%) 
Cl( 4, 3) in Cl( 8, 8) CPU =        1.800 ms (setup)        2.850 (*)      228.193 (^)      180.399 (&)      144.208 (%) 
Cl( 4, 4) in Cl( 8, 8) CPU =        2.113 ms (setup)        2.852 (*)      282.623 (^)      227.638 (&)      175.362 (%) 
Cl( 5, 4) in Cl( 8, 8) CPU =        3.195 ms (setup)        2.913 (*)      343.038 (^)      290.760 (&)      216.094 (%) 
Cl( 5, 5) in Cl( 8, 8) CPU =        4.672 ms (setup)        2.861 (*)      393.379 (^)      348.526 (&)      256.798 (%) 
Cl( 6, 5) in Cl( 8, 8) CPU =        9.503 ms (setup)        2.851 (*)      481.132 (^)      448.615 (&)      329.360 (%) 
Cl( 6, 6) in Cl( 8, 8) CPU =       17.393 ms (setup)        2.880 (*)      533.288 (^)      541.033 (&)      405.303 (%) 
Cl( 7, 6) in Cl( 8, 8) CPU =       38.631 ms (setup)        2.864 (*)      763.712 (^)      780.346 (&)      606.992 (%) 
Cl( 7, 7) in Cl( 8, 8) CPU =       71.698 ms (setup)        2.845 (*)      873.906 (^)      965.521 (&)      759.471 (%) 
Cl( 8, 7) in Cl( 8, 8) CPU =      178.518 ms (setup)        2.894 (*)     1703.522 (^)     1835.451 (&)     1593.607 (%) 
Cl( 8, 8) in Cl( 8, 8) CPU =      104.477 ms (setup)        2.916 (*)     2064.575 (^)     2342.679 (&)     2070.227 (%) 
