
framed_multi<double>
Clifford algebra squaring test:
Fill: 0.5
Cl( 1, 0) in Cl( 1, 0) CPU =        0.097 ms (setup)        0.008 (*) 
Cl( 1, 1) in Cl( 1, 1) CPU =        0.003 ms (setup)        0.002 (*) 
Cl( 2, 1) in Cl( 2, 1) CPU =        0.003 ms (setup)        0.007 (*) 
Cl( 2, 2) in Cl( 2, 2) CPU =        0.004 ms (setup)        0.009 (*) 
Cl( 3, 2) in Cl( 3, 2) CPU =        0.006 ms (setup)        0.020 (*) 
Cl( 3, 3) in Cl( 3, 3) CPU =        0.013 ms (setup)        0.055 (*) 
Cl( 4, 3) in Cl( 4, 3) CPU =        0.025 ms (setup)        0.158 (*) 
Cl( 4, 4) in Cl( 4, 4) CPU =        0.046 ms (setup)        0.930 (*) 
Cl( 5, 4) in Cl( 5, 4) CPU =        0.095 ms (setup)        2.719 (*) 
Cl( 5, 5) in Cl( 5, 5) CPU =        0.186 ms (setup)        3.541 (*) 
Cl( 6, 5) in Cl( 6, 5) CPU =        0.361 ms (setup)       11.813 (*) 
Cl( 6, 6) in Cl( 6, 6) CPU =        0.649 ms (setup)       14.008 (*) 
Cl( 7, 6) in Cl( 7, 6) CPU =        1.280 ms (setup)       38.718 (*) 
Cl( 7, 7) in Cl( 7, 7) CPU =        2.067 ms (setup)       52.564 (*) 
Cl( 8, 7) in Cl( 8, 7) CPU =        4.087 ms (setup)      188.082 (*) 
Cl( 8, 8) in Cl( 8, 8) CPU =        8.260 ms (setup)      255.886 (*) 
Cl( 9, 8) in Cl( 9, 8) CPU =       16.726 ms (setup)      718.790 (*) 
Cl( 9, 9) in Cl( 9, 9) CPU =       37.545 ms (setup)     1308.555 (*) 
Cl(10, 9) in Cl(10, 9) CPU =       80.652 ms (setup)     5031.354 (*) 
Cl(10,10) in Cl(10,10) CPU =      151.637 ms (setup)     7178.620 (*) 
Cl(11,10) in Cl(11,10) CPU =      324.167 ms (setup)    29280.060 (*) 
Cl(11,11) in Cl(11,11) CPU =      711.674 ms (setup)    43192.571 (*) 
Fill: 1
Cl( 1, 0) in Cl( 1, 0) CPU =        0.010 ms (setup)        0.007 (*) 
Cl( 1, 1) in Cl( 1, 1) CPU =        0.002 ms (setup)        0.004 (*) 
Cl( 2, 1) in Cl( 2, 1) CPU =        0.003 ms (setup)        0.007 (*) 
Cl( 2, 2) in Cl( 2, 2) CPU =        0.004 ms (setup)        0.011 (*) 
Cl( 3, 2) in Cl( 3, 2) CPU =        0.009 ms (setup)        0.026 (*) 
Cl( 3, 3) in Cl( 3, 3) CPU =        0.015 ms (setup)        0.081 (*) 
Cl( 4, 3) in Cl( 4, 3) CPU =        0.032 ms (setup)        0.240 (*) 
Cl( 4, 4) in Cl( 4, 4) CPU =        0.055 ms (setup)       22.274 (*) 
Cl( 5, 4) in Cl( 5, 4) CPU =        0.114 ms (setup)        2.059 (*) 
Cl( 5, 5) in Cl( 5, 5) CPU =        0.219 ms (setup)        2.823 (*) 
Cl( 6, 5) in Cl( 6, 5) CPU =        0.449 ms (setup)        9.340 (*) 
Cl( 6, 6) in Cl( 6, 6) CPU =        0.820 ms (setup)       13.720 (*) 
Cl( 7, 6) in Cl( 7, 6) CPU =        1.646 ms (setup)       45.551 (*) 
Cl( 7, 7) in Cl( 7, 7) CPU =        3.283 ms (setup)       66.703 (*) 
Cl( 8, 7) in Cl( 8, 7) CPU =        6.765 ms (setup)      226.933 (*) 
Cl( 8, 8) in Cl( 8, 8) CPU =       13.855 ms (setup)      342.444 (*) 
Cl( 9, 8) in Cl( 9, 8) CPU =       29.757 ms (setup)      941.975 (*) 
Cl( 9, 9) in Cl( 9, 9) CPU =       66.234 ms (setup)     1855.226 (*) 
Cl(10, 9) in Cl(10, 9) CPU =      128.039 ms (setup)     6601.339 (*) 
Cl(10,10) in Cl(10,10) CPU =      290.086 ms (setup)    10625.691 (*) 
Cl(11,10) in Cl(11,10) CPU =      590.908 ms (setup)    39490.795 (*) 
Cl(11,11) in Cl(11,11) CPU =     1212.811 ms (setup)    67620.787 (*) 

matrix_multi<double>
Clifford algebra squaring test:
Fill: 0.5
Cl( 1, 0) in Cl( 1, 0) CPU =        0.051 ms (setup)        0.004 (*) 
Cl( 1, 1) in Cl( 1, 1) CPU =        0.005 ms (setup)        0.002 (*) 
Cl( 2, 1) in Cl( 2, 1) CPU =        0.021 ms (setup)        0.002 (*) 
Cl( 2, 2) in Cl( 2, 2) CPU =        0.019 ms (setup)        0.001 (*) 
Cl( 3, 2) in Cl( 3, 2) CPU =        0.048 ms (setup)        0.008 (*) 
Cl( 3, 3) in Cl( 3, 3) CPU =        0.043 ms (setup)        0.003 (*) 
Cl( 4, 3) in Cl( 4, 3) CPU =        0.082 ms (setup)        0.005 (*) 
Cl( 4, 4) in Cl( 4, 4) CPU =        0.157 ms (setup)        0.005 (*) 
Cl( 5, 4) in Cl( 5, 4) CPU =        0.378 ms (setup)        0.014 (*) 
Cl( 5, 5) in Cl( 5, 5) CPU =        0.670 ms (setup)        0.042 (*) 
Cl( 6, 5) in Cl( 6, 5) CPU =        1.546 ms (setup)        0.064 (*) 
Cl( 6, 6) in Cl( 6, 6) CPU =        3.027 ms (setup)        0.063 (*) 
Cl( 7, 6) in Cl( 7, 6) CPU =        7.406 ms (setup)        0.401 (*) 
Cl( 7, 7) in Cl( 7, 7) CPU =       13.622 ms (setup)        0.396 (*) 
Cl( 8, 7) in Cl( 8, 7) CPU =       33.867 ms (setup)        3.011 (*) 
Cl( 8, 8) in Cl( 8, 8) CPU =       63.430 ms (setup)        3.010 (*) 
Cl( 9, 8) in Cl( 9, 8) CPU =      159.570 ms (setup)       22.838 (*) 
Cl( 9, 9) in Cl( 9, 9) CPU =      304.509 ms (setup)       23.698 (*) 
Cl(10, 9) in Cl(10, 9) CPU =      805.318 ms (setup)      178.386 (*) 
Cl(10,10) in Cl(10,10) CPU =     1578.350 ms (setup)      170.294 (*) 
Cl(11,10) in Cl(11,10) CPU =     4307.405 ms (setup)     1316.739 (*) 
Cl(11,11) in Cl(11,11) CPU =     8619.997 ms (setup)     1335.529 (*) 
Fill: 1
Cl( 1, 0) in Cl( 1, 0) CPU =        0.021 ms (setup)        0.002 (*) 
Cl( 1, 1) in Cl( 1, 1) CPU =        0.011 ms (setup)        0.001 (*) 
Cl( 2, 1) in Cl( 2, 1) CPU =        0.015 ms (setup)        0.001 (*) 
Cl( 2, 2) in Cl( 2, 2) CPU =        0.018 ms (setup)        0.001 (*) 
Cl( 3, 2) in Cl( 3, 2) CPU =        0.033 ms (setup)        0.007 (*) 
Cl( 3, 3) in Cl( 3, 3) CPU =        0.047 ms (setup)        0.003 (*) 
Cl( 4, 3) in Cl( 4, 3) CPU =        0.117 ms (setup)        0.005 (*) 
Cl( 4, 4) in Cl( 4, 4) CPU =        0.215 ms (setup)        0.005 (*) 
Cl( 5, 4) in Cl( 5, 4) CPU =       12.900 ms (setup)        0.019 (*) 
Cl( 5, 5) in Cl( 5, 5) CPU =        0.982 ms (setup)        0.013 (*) 
Cl( 6, 5) in Cl( 6, 5) CPU =        2.285 ms (setup)        0.064 (*) 
Cl( 6, 6) in Cl( 6, 6) CPU =        4.535 ms (setup)        0.062 (*) 
Cl( 7, 6) in Cl( 7, 6) CPU =       11.240 ms (setup)        0.403 (*) 
Cl( 7, 7) in Cl( 7, 7) CPU =       21.345 ms (setup)        0.406 (*) 
Cl( 8, 7) in Cl( 8, 7) CPU =       53.587 ms (setup)        3.024 (*) 
Cl( 8, 8) in Cl( 8, 8) CPU =      106.144 ms (setup)        3.014 (*) 
Cl( 9, 8) in Cl( 9, 8) CPU =      272.696 ms (setup)       22.862 (*) 
Cl( 9, 9) in Cl( 9, 9) CPU =      552.868 ms (setup)       22.156 (*) 
Cl(10, 9) in Cl(10, 9) CPU =     1485.161 ms (setup)      173.130 (*) 
Cl(10,10) in Cl(10,10) CPU =     3014.181 ms (setup)      179.133 (*) 
Cl(11,10) in Cl(11,10) CPU =     8755.731 ms (setup)     1312.371 (*) 
Cl(11,11) in Cl(11,11) CPU =    17965.409 ms (setup)     1316.475 (*) 
