framed_multi<double,DEFAULT_LO,DEFAULT_HI,tuning_naive_p>
Clifford algebra transform test:
Fill: 0.5
Cl( 1, 0) in Cl(16, 0) CPU = mm:       1.10 (old)       5.66 (new) fm:    4686.72 (old)       0.71 (new)  diff: old: 6.43e-15 new: 0.00e+00 fm: 0.00e+00 mm: 6.43e-15
Cl( 2, 0) in Cl(16, 0) CPU = mm:       0.04 (old)       3.36 (new) fm:     145.28 (old)       0.50 (new)  diff: old: 5.10e-15 new: 3.36e-17 fm: 0.00e+00 mm: 5.10e-15
Cl( 3, 0) in Cl(16, 0) CPU = mm:       0.04 (old)       3.30 (new) fm:     146.41 (old)       0.50 (new)  diff: old: 2.68e-15 new: 0.00e+00 fm: 0.00e+00 mm: 2.68e-15
Cl( 4, 0) in Cl(16, 0) CPU = mm:       0.04 (old)       3.28 (new) fm:     146.29 (old)       0.54 (new)  diff: old: 2.34e-15 new: 6.47e-17 fm: 0.00e+00 mm: 2.35e-15
Cl( 5, 0) in Cl(16, 0) CPU = mm:       0.06 (old)       3.33 (new) fm:     145.36 (old)       0.57 (new)  diff: old: 2.83e-15 new: 2.38e-16 fm: 0.00e+00 mm: 2.82e-15
Cl( 6, 0) in Cl(16, 0) CPU = mm:       0.10 (old)       3.55 (new) fm:     146.40 (old)       0.66 (new)  diff: old: 3.08e-15 new: 1.72e-16 fm: 0.00e+00 mm: 3.15e-15
Cl( 7, 0) in Cl(16, 0) CPU = mm:       0.19 (old)       3.56 (new) fm:     146.95 (old)       0.91 (new)  diff: old: 3.97e-15 new: 1.26e-16 fm: 0.00e+00 mm: 3.98e-15
Cl( 8, 0) in Cl(16, 0) CPU = mm:       0.34 (old)       4.49 (new) fm:     147.18 (old)       1.42 (new)  diff: old: 3.04e-15 new: 1.57e-16 fm: 0.00e+00 mm: 3.04e-15
Cl( 9, 0) in Cl(16, 0) CPU = mm:       0.79 (old)       5.50 (new) fm:     145.82 (old)       2.48 (new)  diff: old: 3.16e-15 new: 2.40e-16 fm: 0.00e+00 mm: 2.95e-15
Cl(10, 0) in Cl(16, 0) CPU = mm:       1.44 (old)       7.12 (new) fm:     154.85 (old)       4.29 (new)  diff: old: 2.68e-15 new: 2.15e-16 fm: 5.10e-17 mm: 2.48e-15
Cl(11, 0) in Cl(16, 0) CPU = mm:       3.15 (old)       8.92 (new) fm:     152.72 (old)       7.90 (new)  diff: old: 2.12e-15 new: 3.56e-16 fm: 1.00e-16 mm: 1.99e-15
Cl(12, 0) in Cl(16, 0) CPU = mm:       6.19 (old)      13.98 (new) fm:     152.59 (old)      14.32 (new)  diff: old: 2.12e-15 new: 7.06e-16 fm: 1.36e-16 mm: 1.99e-15
Cl(13, 0) in Cl(16, 0) CPU = mm:      12.29 (old)      18.27 (new) fm:     155.16 (old)      29.12 (new)  diff: old: 2.23e-15 new: 1.39e-15 fm: 1.76e-16 mm: 1.36e-15
Cl(14, 0) in Cl(16, 0) CPU = mm:      25.23 (old)      29.93 (new) fm:     157.33 (old)      46.05 (new)  diff: old: 1.63e-15 new: 9.98e-16 fm: 2.30e-16 mm: 9.81e-16
Cl(15, 0) in Cl(16, 0) CPU = mm:      52.86 (old)      41.25 (new) fm:     160.08 (old)      69.55 (new)  diff: old: 1.15e-15 new: 7.51e-16 fm: 3.03e-16 mm: 7.03e-16
Cl(16, 0) in Cl(16, 0) CPU = mm:     111.77 (old)      64.88 (new) fm:     172.53 (old)     121.39 (new)  diff: old: 6.43e-16 new: 4.09e-16 fm: 4.07e-16 mm: 6.08e-16
Cl( 1, 0) in Cl( 8, 8) CPU = mm:       0.09 (old)       1.76 (new) fm:    4711.18 (old)       0.62 (new)  diff: old: 1.59e-15 new: 0.00e+00 fm: 0.00e+00 mm: 1.59e-15
Cl( 1, 1) in Cl( 8, 8) CPU = mm:       0.03 (old)       1.97 (new) fm:     173.99 (old)       0.43 (new)  diff: old: 3.96e-15 new: 0.00e+00 fm: 0.00e+00 mm: 3.96e-15
Cl( 2, 1) in Cl( 8, 8) CPU = mm:       0.04 (old)       3.14 (new) fm:     176.52 (old)       0.66 (new)  diff: old: 2.92e-15 new: 4.13e-17 fm: 0.00e+00 mm: 2.89e-15
Cl( 2, 2) in Cl( 8, 8) CPU = mm:       0.05 (old)       2.52 (new) fm:     175.01 (old)       0.52 (new)  diff: old: 8.17e-16 new: 2.79e-17 fm: 5.57e-17 mm: 7.93e-16
Cl( 3, 2) in Cl( 8, 8) CPU = mm:       0.07 (old)       3.15 (new) fm:     174.36 (old)       0.55 (new)  diff: old: 3.95e-15 new: 1.93e-16 fm: 4.45e-17 mm: 4.07e-15
Cl( 3, 3) in Cl( 8, 8) CPU = mm:       0.14 (old)       3.27 (new) fm:     175.52 (old)       0.60 (new)  diff: old: 2.47e-15 new: 1.28e-16 fm: 7.87e-17 mm: 2.46e-15
Cl( 4, 3) in Cl( 8, 8) CPU = mm:       0.19 (old)       3.29 (new) fm:     174.58 (old)       0.68 (new)  diff: old: 2.16e-15 new: 1.47e-16 fm: 8.07e-17 mm: 2.21e-15
Cl( 4, 4) in Cl( 8, 8) CPU = mm:       0.34 (old)       3.40 (new) fm:     174.77 (old)       0.85 (new)  diff: old: 8.73e-16 new: 2.05e-16 fm: 1.31e-16 mm: 8.68e-16
Cl( 5, 4) in Cl( 8, 8) CPU = mm:       0.67 (old)       3.61 (new) fm:     174.99 (old)       1.28 (new)  diff: old: 1.04e-15 new: 2.22e-16 fm: 1.16e-16 mm: 1.03e-15
Cl( 5, 5) in Cl( 8, 8) CPU = mm:       1.39 (old)       4.26 (new) fm:     178.13 (old)       2.15 (new)  diff: old: 7.03e-16 new: 2.85e-16 fm: 1.80e-16 mm: 6.78e-16
Cl( 6, 5) in Cl( 8, 8) CPU = mm:       2.82 (old)       4.23 (new) fm:     176.06 (old)       3.80 (new)  diff: old: 7.71e-16 new: 3.09e-16 fm: 1.75e-16 mm: 7.00e-16
Cl( 6, 6) in Cl( 8, 8) CPU = mm:       5.99 (old)       6.12 (new) fm:     175.54 (old)       7.73 (new)  diff: old: 5.36e-16 new: 3.84e-16 fm: 2.32e-16 mm: 5.37e-16
Cl( 7, 6) in Cl( 8, 8) CPU = mm:      13.15 (old)       9.12 (new) fm:     181.04 (old)      15.31 (new)  diff: old: 5.17e-16 new: 4.19e-16 fm: 2.32e-16 mm: 5.13e-16
Cl( 7, 7) in Cl( 8, 8) CPU = mm:      26.29 (old)      15.62 (new) fm:     191.14 (old)      30.91 (new)  diff: old: 5.32e-16 new: 5.15e-16 fm: 3.01e-16 mm: 5.10e-16
Cl( 8, 7) in Cl( 8, 8) CPU = mm:      55.77 (old)      29.87 (new) fm:     187.71 (old)      63.32 (new)  diff: old: 5.31e-16 new: 5.75e-16 fm: 3.04e-16 mm: 5.10e-16
Cl( 8, 8) in Cl( 8, 8) CPU = mm:     114.31 (old)      57.36 (new) fm:     195.03 (old)     105.51 (new)  diff: old: 6.44e-16 new: 4.07e-16 fm: 4.06e-16 mm: 6.03e-16
Cl( 1, 0) in Cl( 1, 0) CPU = mm:       0.01 (old)       0.01 (new) fm:       0.01 (old)       0.00 (new)  diff: old: 0.00e+00 new: 0.00e+00 fm: 0.00e+00 mm: 0.00e+00
Cl( 1, 1) in Cl( 1, 1) CPU = mm:       0.02 (old)       0.00 (new) fm:       0.01 (old)       0.00 (new)  diff: old: 0.00e+00 new: 0.00e+00 fm: 0.00e+00 mm: 0.00e+00
Cl( 2, 1) in Cl( 2, 1) CPU = mm:       0.01 (old)       0.01 (new) fm:       0.01 (old)       0.02 (new)  diff: old: 3.59e-17 new: 3.59e-17 fm: 0.00e+00 mm: 0.00e+00
Cl( 2, 2) in Cl( 2, 2) CPU = mm:       0.01 (old)       0.01 (new) fm:       0.02 (old)       0.01 (new)  diff: old: 5.64e-17 new: 4.57e-17 fm: 9.97e-18 mm: 4.46e-17
Cl( 3, 2) in Cl( 3, 2) CPU = mm:       0.03 (old)       0.02 (new) fm:       0.04 (old)       0.09 (new)  diff: old: 9.33e-17 new: 3.24e-17 fm: 0.00e+00 mm: 7.62e-17
Cl( 3, 3) in Cl( 3, 3) CPU = mm:       0.04 (old)       0.03 (new) fm:       0.07 (old)       0.04 (new)  diff: old: 1.07e-16 new: 1.19e-16 fm: 1.42e-16 mm: 1.67e-16
Cl( 4, 3) in Cl( 4, 3) CPU = mm:       0.08 (old)       0.08 (new) fm:       0.12 (old)       0.13 (new)  diff: old: 1.82e-16 new: 6.91e-17 fm: 8.87e-17 mm: 1.96e-16
Cl( 4, 4) in Cl( 4, 4) CPU = mm:       0.22 (old)       0.15 (new) fm:       0.25 (old)       0.18 (new)  diff: old: 1.49e-16 new: 1.40e-16 fm: 1.37e-16 mm: 1.83e-16
Cl( 5, 4) in Cl( 5, 4) CPU = mm:       0.36 (old)       0.33 (new) fm:       0.58 (old)       0.64 (new)  diff: old: 2.08e-16 new: 1.27e-16 fm: 1.33e-16 mm: 2.04e-16
Cl( 5, 5) in Cl( 5, 5) CPU = mm:       0.81 (old)       0.74 (new) fm:       1.25 (old)       1.09 (new)  diff: old: 2.40e-16 new: 1.83e-16 fm: 1.91e-16 mm: 2.61e-16
Cl( 6, 5) in Cl( 6, 5) CPU = mm:       1.68 (old)       1.43 (new) fm:       2.69 (old)       2.82 (new)  diff: old: 2.85e-16 new: 1.76e-16 fm: 1.79e-16 mm: 2.87e-16
Cl( 6, 6) in Cl( 6, 6) CPU = mm:       3.19 (old)       2.73 (new) fm:       5.58 (old)       4.70 (new)  diff: old: 3.31e-16 new: 2.39e-16 fm: 2.33e-16 mm: 3.31e-16
Cl( 7, 6) in Cl( 7, 6) CPU = mm:       8.91 (old)       6.18 (new) fm:      15.73 (old)      14.12 (new)  diff: old: 3.71e-16 new: 2.29e-16 fm: 2.30e-16 mm: 3.71e-16
Cl( 7, 7) in Cl( 7, 7) CPU = mm:      17.69 (old)      12.13 (new) fm:      32.73 (old)      22.39 (new)  diff: old: 4.56e-16 new: 3.04e-16 fm: 3.02e-16 mm: 4.40e-16
Cl( 8, 7) in Cl( 8, 7) CPU = mm:      56.08 (old)      30.82 (new) fm:     102.74 (old)      64.11 (new)  diff: old: 5.26e-16 new: 3.05e-16 fm: 3.05e-16 mm: 5.07e-16
Cl( 8, 8) in Cl( 8, 8) CPU = mm:     113.32 (old)      57.43 (new) fm:     195.44 (old)     107.30 (new)  diff: old: 6.38e-16 new: 4.09e-16 fm: 4.08e-16 mm: 6.06e-16
Fill: 1
Cl( 1, 0) in Cl(16, 0) CPU = mm:       0.08 (old)       1.84 (new) fm:     154.61 (old)       0.52 (new)  diff: old: 4.99e-15 new: 0.00e+00 fm: 0.00e+00 mm: 4.99e-15
Cl( 2, 0) in Cl(16, 0) CPU = mm:       0.04 (old)       1.68 (new) fm:     155.58 (old)       0.51 (new)  diff: old: 3.56e-15 new: 3.91e-17 fm: 0.00e+00 mm: 3.56e-15
Cl( 3, 0) in Cl(16, 0) CPU = mm:       0.05 (old)       1.61 (new) fm:     159.62 (old)       0.53 (new)  diff: old: 2.13e-15 new: 1.15e-17 fm: 0.00e+00 mm: 2.13e-15
Cl( 4, 0) in Cl(16, 0) CPU = mm:       0.09 (old)       2.25 (new) fm:     154.55 (old)       0.55 (new)  diff: old: 3.30e-15 new: 1.64e-16 fm: 0.00e+00 mm: 3.26e-15
Cl( 5, 0) in Cl(16, 0) CPU = mm:       0.12 (old)       1.65 (new) fm:     155.26 (old)       0.62 (new)  diff: old: 3.33e-15 new: 1.70e-16 fm: 0.00e+00 mm: 3.31e-15
Cl( 6, 0) in Cl(16, 0) CPU = mm:       0.21 (old)       1.76 (new) fm:     155.13 (old)       0.76 (new)  diff: old: 3.27e-15 new: 1.48e-16 fm: 0.00e+00 mm: 3.25e-15
Cl( 7, 0) in Cl(16, 0) CPU = mm:       0.44 (old)       2.04 (new) fm:     155.62 (old)       1.09 (new)  diff: old: 3.58e-15 new: 1.71e-16 fm: 0.00e+00 mm: 3.59e-15
Cl( 8, 0) in Cl(16, 0) CPU = mm:       0.83 (old)       2.81 (new) fm:     156.98 (old)       1.81 (new)  diff: old: 3.19e-15 new: 2.07e-16 fm: 0.00e+00 mm: 3.16e-15
Cl( 9, 0) in Cl(16, 0) CPU = mm:       1.60 (old)       3.96 (new) fm:     162.24 (old)       4.33 (new)  diff: old: 2.92e-15 new: 3.00e-16 fm: 0.00e+00 mm: 2.65e-15
Cl(10, 0) in Cl(16, 0) CPU = mm:       3.12 (old)       6.48 (new) fm:     157.23 (old)       5.53 (new)  diff: old: 2.55e-15 new: 3.08e-16 fm: 9.24e-17 mm: 2.31e-15
Cl(11, 0) in Cl(16, 0) CPU = mm:       6.41 (old)       9.34 (new) fm:     157.43 (old)       9.77 (new)  diff: old: 1.95e-15 new: 4.36e-16 fm: 1.36e-16 mm: 1.83e-15
Cl(12, 0) in Cl(16, 0) CPU = mm:      13.34 (old)      15.39 (new) fm:     159.54 (old)      16.86 (new)  diff: old: 2.14e-15 new: 7.81e-16 fm: 1.74e-16 mm: 2.01e-15
Cl(13, 0) in Cl(16, 0) CPU = mm:      26.75 (old)      23.53 (new) fm:     164.18 (old)      32.17 (new)  diff: old: 2.21e-15 new: 1.38e-15 fm: 2.26e-16 mm: 1.38e-15
Cl(14, 0) in Cl(16, 0) CPU = mm:      54.88 (old)      42.18 (new) fm:     162.44 (old)      48.41 (new)  diff: old: 1.55e-15 new: 1.02e-15 fm: 2.98e-16 mm: 9.83e-16
Cl(15, 0) in Cl(16, 0) CPU = mm:     112.08 (old)      61.12 (new) fm:     167.53 (old)      73.96 (new)  diff: old: 1.23e-15 new: 8.97e-16 fm: 4.07e-16 mm: 8.02e-16
Cl(16, 0) in Cl(16, 0) CPU = mm:     229.91 (old)     107.95 (new) fm:     175.47 (old)     127.63 (new)  diff: old: 7.38e-16 new: 5.53e-16 fm: 5.56e-16 mm: 7.78e-16
Cl( 1, 0) in Cl( 8, 8) CPU = mm:       0.08 (old)       1.79 (new) fm:     184.94 (old)       0.59 (new)  diff: old: 4.52e-15 new: 0.00e+00 fm: 0.00e+00 mm: 4.52e-15
Cl( 1, 1) in Cl( 8, 8) CPU = mm:       0.04 (old)       1.55 (new) fm:     185.23 (old)       0.53 (new)  diff: old: 2.02e-15 new: 0.00e+00 fm: 0.00e+00 mm: 2.01e-15
Cl( 2, 1) in Cl( 8, 8) CPU = mm:       0.05 (old)       1.55 (new) fm:     184.52 (old)       0.52 (new)  diff: old: 1.68e-15 new: 4.26e-17 fm: 0.00e+00 mm: 1.64e-15
Cl( 2, 2) in Cl( 8, 8) CPU = mm:       0.07 (old)       1.58 (new) fm:     185.82 (old)       0.52 (new)  diff: old: 1.45e-15 new: 1.48e-16 fm: 1.01e-16 mm: 1.44e-15
Cl( 3, 2) in Cl( 8, 8) CPU = mm:       0.12 (old)       1.56 (new) fm:     185.55 (old)       0.54 (new)  diff: old: 1.82e-15 new: 1.08e-16 fm: 6.92e-17 mm: 1.89e-15
Cl( 3, 3) in Cl( 8, 8) CPU = mm:       0.21 (old)       1.61 (new) fm:     186.21 (old)       0.59 (new)  diff: old: 1.34e-15 new: 1.51e-16 fm: 1.18e-16 mm: 1.30e-15
Cl( 4, 3) in Cl( 8, 8) CPU = mm:       0.39 (old)       1.71 (new) fm:     183.56 (old)       0.69 (new)  diff: old: 1.25e-15 new: 2.15e-16 fm: 1.22e-16 mm: 1.24e-15
Cl( 4, 4) in Cl( 8, 8) CPU = mm:       0.75 (old)       1.83 (new) fm:     184.14 (old)       0.90 (new)  diff: old: 9.27e-16 new: 2.63e-16 fm: 1.61e-16 mm: 9.11e-16
Cl( 5, 4) in Cl( 8, 8) CPU = mm:       1.47 (old)       2.14 (new) fm:     185.19 (old)       1.38 (new)  diff: old: 8.91e-16 new: 2.96e-16 fm: 1.89e-16 mm: 8.68e-16
Cl( 5, 5) in Cl( 8, 8) CPU = mm:       2.91 (old)       2.71 (new) fm:     184.59 (old)       2.24 (new)  diff: old: 7.35e-16 new: 3.66e-16 fm: 2.31e-16 mm: 7.05e-16
Cl( 6, 5) in Cl( 8, 8) CPU = mm:       6.49 (old)       4.01 (new) fm:     186.06 (old)       4.19 (new)  diff: old: 7.62e-16 new: 3.84e-16 fm: 2.29e-16 mm: 6.80e-16
Cl( 6, 6) in Cl( 8, 8) CPU = mm:      12.84 (old)       6.61 (new) fm:     187.76 (old)       8.14 (new)  diff: old: 5.49e-16 new: 5.05e-16 fm: 3.03e-16 mm: 5.82e-16
Cl( 7, 6) in Cl( 8, 8) CPU = mm:      27.16 (old)      12.30 (new) fm:     189.51 (old)      16.44 (new)  diff: old: 5.56e-16 new: 5.35e-16 fm: 3.07e-16 mm: 5.83e-16
Cl( 7, 7) in Cl( 8, 8) CPU = mm:      55.19 (old)      23.28 (new) fm:     190.04 (old)      33.86 (new)  diff: old: 5.83e-16 new: 7.04e-16 fm: 4.06e-16 mm: 6.12e-16
Cl( 8, 7) in Cl( 8, 8) CPU = mm:     117.91 (old)      48.00 (new) fm:     195.42 (old)      69.89 (new)  diff: old: 5.85e-16 new: 7.41e-16 fm: 4.07e-16 mm: 6.20e-16
Cl( 8, 8) in Cl( 8, 8) CPU = mm:     232.49 (old)      95.10 (new) fm:     205.67 (old)     116.96 (new)  diff: old: 7.43e-16 new: 5.54e-16 fm: 5.58e-16 mm: 7.84e-16
Cl( 1, 0) in Cl( 1, 0) CPU = mm:       0.01 (old)       0.01 (new) fm:       0.01 (old)       0.01 (new)  diff: old: 0.00e+00 new: 0.00e+00 fm: 0.00e+00 mm: 0.00e+00
Cl( 1, 1) in Cl( 1, 1) CPU = mm:       0.01 (old)       0.00 (new) fm:       0.01 (old)       0.00 (new)  diff: old: 0.00e+00 new: 0.00e+00 fm: 0.00e+00 mm: 0.00e+00
Cl( 2, 1) in Cl( 2, 1) CPU = mm:       0.02 (old)       0.02 (new) fm:       0.01 (old)       0.01 (new)  diff: old: 4.15e-17 new: 2.07e-17 fm: 0.00e+00 mm: 2.93e-17
Cl( 2, 2) in Cl( 2, 2) CPU = mm:       0.03 (old)       0.01 (new) fm:       0.01 (old)       0.01 (new)  diff: old: 6.72e-17 new: 7.99e-17 fm: 1.37e-16 mm: 1.65e-16
Cl( 3, 2) in Cl( 3, 2) CPU = mm:       0.05 (old)       0.03 (new) fm:       0.03 (old)       0.04 (new)  diff: old: 1.14e-16 new: 5.76e-17 fm: 1.15e-16 mm: 1.36e-16
Cl( 3, 3) in Cl( 3, 3) CPU = mm:       0.10 (old)       0.04 (new) fm:       0.05 (old)       0.05 (new)  diff: old: 1.39e-16 new: 7.99e-17 fm: 1.08e-16 mm: 1.70e-16
Cl( 4, 3) in Cl( 4, 3) CPU = mm:       0.15 (old)       0.10 (new) fm:       0.11 (old)       0.16 (new)  diff: old: 1.54e-16 new: 1.37e-16 fm: 1.34e-16 mm: 1.92e-16
Cl( 4, 4) in Cl( 4, 4) CPU = mm:       0.30 (old)       0.18 (new) fm:       0.23 (old)       0.34 (new)  diff: old: 1.94e-16 new: 1.64e-16 fm: 1.70e-16 mm: 2.24e-16
Cl( 5, 4) in Cl( 5, 4) CPU = mm:       0.81 (old)       0.46 (new) fm:       0.52 (old)       0.71 (new)  diff: old: 2.07e-16 new: 1.76e-16 fm: 1.70e-16 mm: 2.45e-16
Cl( 5, 5) in Cl( 5, 5) CPU = mm:       1.35 (old)       0.84 (new) fm:       1.07 (old)       1.02 (new)  diff: old: 2.77e-16 new: 2.10e-16 fm: 2.31e-16 mm: 3.18e-16
Cl( 6, 5) in Cl( 6, 5) CPU = mm:       3.27 (old)       1.97 (new) fm:       2.55 (old)       3.20 (new)  diff: old: 3.00e-16 new: 2.13e-16 fm: 2.35e-16 mm: 3.41e-16
Cl( 6, 6) in Cl( 6, 6) CPU = mm:       6.26 (old)       3.87 (new) fm:       5.41 (old)       4.87 (new)  diff: old: 3.78e-16 new: 2.95e-16 fm: 3.05e-16 mm: 4.27e-16
Cl( 7, 6) in Cl( 7, 6) CPU = mm:      19.40 (old)       9.32 (new) fm:      16.36 (old)      14.84 (new)  diff: old: 4.10e-16 new: 2.99e-16 fm: 3.04e-16 mm: 4.47e-16
Cl( 7, 7) in Cl( 7, 7) CPU = mm:      35.41 (old)      18.64 (new) fm:      34.45 (old)      23.54 (new)  diff: old: 5.32e-16 new: 4.02e-16 fm: 4.09e-16 mm: 5.65e-16
Cl( 8, 7) in Cl( 8, 7) CPU = mm:     111.74 (old)      47.87 (new) fm:     106.05 (old)      69.35 (new)  diff: old: 5.80e-16 new: 4.05e-16 fm: 4.13e-16 mm: 6.19e-16
Cl( 8, 8) in Cl( 8, 8) CPU = mm:     232.09 (old)      94.34 (new) fm:     202.90 (old)     113.34 (new)  diff: old: 7.39e-16 new: 5.57e-16 fm: 5.59e-16 mm: 7.84e-16
