
framed_multi<float,-4,4>
Clifford algebra expressions test:
Fill: 0.5
Cl( 1, 0) in Cl( 1, 0) CPU =        0.007 ms (setup)        0.004 (comm)        0.018 (pade)        0.005 (series)        0.002 (mix)        0.003 (add) 
Cl( 1, 1) in Cl( 1, 1) CPU =        0.002 ms (setup)        0.002 (comm)        0.017 (pade)        0.002 (series)        0.001 (mix)        0.003 (add) 
Cl( 2, 1) in Cl( 2, 1) CPU =        0.003 ms (setup)        0.013 (comm)        0.034 (pade)        0.016 (series)        0.004 (mix)        0.004 (add) 
Cl( 2, 2) in Cl( 2, 2) CPU =        0.005 ms (setup)        0.049 (comm)        0.036 (pade)        0.026 (series)        0.007 (mix)        0.005 (add) 
Cl( 3, 2) in Cl( 3, 2) CPU =        0.008 ms (setup)        0.044 (comm)        0.137 (pade)        0.044 (series)        0.016 (mix)        0.007 (add) 
Cl( 3, 3) in Cl( 3, 3) CPU =        0.020 ms (setup)        0.116 (comm)        0.220 (pade)        0.180 (series)        0.072 (mix)        0.011 (add) 
Cl( 4, 3) in Cl( 4, 3) CPU =        0.039 ms (setup)        0.331 (comm)        0.651 (pade)        0.528 (series)        0.136 (mix)        0.025 (add) 
Cl( 4, 4) in Cl( 4, 4) CPU =        0.079 ms (setup)        1.758 (comm)        0.822 (pade)        2.784 (series)        0.246 (mix)        0.052 (add) 
Cl( 1, 0) in Cl( 4, 4) CPU =        0.002 ms (setup)        0.001 (comm)        0.013 (pade)        0.024 (series)        0.001 (mix)        0.002 (add) 
Cl( 1, 1) in Cl( 4, 4) CPU =        0.002 ms (setup)        0.004 (comm)        0.013 (pade)        0.005 (series)        0.002 (mix)        0.003 (add) 
Cl( 2, 1) in Cl( 4, 4) CPU =        0.003 ms (setup)        0.010 (comm)        0.026 (pade)        0.013 (series)        0.004 (mix)        0.003 (add) 
Cl( 2, 2) in Cl( 4, 4) CPU =        0.004 ms (setup)        0.018 (comm)        0.031 (pade)        0.024 (series)        0.007 (mix)        0.004 (add) 
Cl( 3, 2) in Cl( 4, 4) CPU =        0.009 ms (setup)        0.037 (comm)        0.126 (pade)        0.056 (series)        0.013 (mix)        0.006 (add) 
Cl( 3, 3) in Cl( 4, 4) CPU =        0.017 ms (setup)        0.095 (comm)        0.156 (pade)        0.149 (series)        0.033 (mix)        0.013 (add) 
Cl( 4, 3) in Cl( 4, 4) CPU =        0.040 ms (setup)        0.209 (comm)        0.480 (pade)        0.391 (series)        0.074 (mix)        0.019 (add) 
Cl( 4, 4) in Cl( 4, 4) CPU =        0.067 ms (setup)        1.144 (comm)        0.547 (pade)        2.063 (series)        0.181 (mix)        0.044 (add) 
Fill: 1
Cl( 1, 0) in Cl( 1, 0) CPU =        0.002 ms (setup)        0.005 (comm)        0.011 (pade)        0.007 (series)        0.002 (mix)        0.002 (add) 
Cl( 1, 1) in Cl( 1, 1) CPU =        0.002 ms (setup)        0.007 (comm)        0.011 (pade)        0.008 (series)        0.002 (mix)        0.002 (add) 
Cl( 2, 1) in Cl( 2, 1) CPU =        0.004 ms (setup)        0.011 (comm)        0.022 (pade)        0.012 (series)        0.004 (mix)        0.003 (add) 
Cl( 2, 2) in Cl( 2, 2) CPU =        0.006 ms (setup)        0.019 (comm)        0.033 (pade)        0.024 (series)        0.007 (mix)        0.004 (add) 
Cl( 3, 2) in Cl( 3, 2) CPU =        0.010 ms (setup)        0.050 (comm)        0.089 (pade)        0.065 (series)        0.015 (mix)        0.007 (add) 
Cl( 3, 3) in Cl( 3, 3) CPU =        0.021 ms (setup)        0.140 (comm)        0.123 (pade)        0.188 (series)        0.038 (mix)        0.012 (add) 
Cl( 4, 3) in Cl( 4, 3) CPU =        0.043 ms (setup)        0.413 (comm)        0.425 (pade)        0.624 (series)        0.095 (mix)        0.026 (add) 
Cl( 4, 4) in Cl( 4, 4) CPU =        0.095 ms (setup)        1.441 (comm)        0.623 (pade)        2.365 (series)        0.257 (mix)        0.071 (add) 
Cl( 1, 0) in Cl( 4, 4) CPU =        0.001 ms (setup)        0.005 (comm)        0.011 (pade)        0.007 (series)        0.002 (mix)        0.002 (add) 
Cl( 1, 1) in Cl( 4, 4) CPU =        0.002 ms (setup)        0.007 (comm)        0.013 (pade)        0.008 (series)        0.002 (mix)        0.002 (add) 
Cl( 2, 1) in Cl( 4, 4) CPU =        0.005 ms (setup)        0.010 (comm)        0.031 (pade)        0.013 (series)        0.004 (mix)        0.003 (add) 
Cl( 2, 2) in Cl( 4, 4) CPU =        0.006 ms (setup)        0.019 (comm)        0.032 (pade)        0.024 (series)        0.007 (mix)        0.004 (add) 
Cl( 3, 2) in Cl( 4, 4) CPU =        0.009 ms (setup)        0.050 (comm)        0.088 (pade)        0.070 (series)        0.015 (mix)        0.006 (add) 
Cl( 3, 3) in Cl( 4, 4) CPU =        0.021 ms (setup)        0.133 (comm)        0.128 (pade)        0.190 (series)        0.038 (mix)        0.013 (add) 
Cl( 4, 3) in Cl( 4, 4) CPU =        0.044 ms (setup)        0.412 (comm)        0.426 (pade)        0.625 (series)        0.095 (mix)        0.024 (add) 
Cl( 4, 4) in Cl( 4, 4) CPU =        0.100 ms (setup)        1.440 (comm)        0.623 (pade)        2.360 (series)        0.257 (mix)        0.071 (add) 

matrix_multi<float,-4,4>
Clifford algebra expressions test:
Fill: 0.5
Cl( 1, 0) in Cl( 1, 0) CPU =        0.003 ms (setup)        0.007 (comm)        0.007 (pade)        0.002 (series)        0.005 (mix)        0.001 (add) 
Cl( 1, 1) in Cl( 1, 1) CPU =        0.004 ms (setup)        0.015 (comm)        0.007 (pade)        0.002 (series)        0.013 (mix)        0.001 (add) 
Cl( 2, 1) in Cl( 2, 1) CPU =        0.006 ms (setup)        0.071 (comm)        0.008 (pade)        0.002 (series)        0.077 (mix)        0.001 (add) 
Cl( 2, 2) in Cl( 2, 2) CPU =        0.007 ms (setup)        0.104 (comm)        0.007 (pade)        0.002 (series)        0.102 (mix)        0.001 (add) 
Cl( 3, 2) in Cl( 3, 2) CPU =        0.033 ms (setup)        0.351 (comm)        0.011 (pade)        0.005 (series)        0.348 (mix)        0.001 (add) 
Cl( 3, 3) in Cl( 3, 3) CPU =        0.057 ms (setup)        0.634 (comm)        0.011 (pade)        0.005 (series)        0.648 (mix)        0.001 (add) 
Cl( 4, 3) in Cl( 4, 3) CPU =        0.128 ms (setup)        2.772 (comm)        0.018 (pade)        0.011 (series)        2.760 (mix)        0.001 (add) 
Cl( 4, 4) in Cl( 4, 4) CPU =        0.248 ms (setup)        4.048 (comm)        0.024 (pade)        0.011 (series)        4.024 (mix)        0.001 (add) 
Cl( 1, 0) in Cl( 4, 4) CPU =        0.005 ms (setup)        0.074 (comm)        0.009 (pade)        0.011 (series)        0.067 (mix)        0.001 (add) 
Cl( 1, 1) in Cl( 4, 4) CPU =        0.007 ms (setup)        0.100 (comm)        0.017 (pade)        0.010 (series)        0.087 (mix)        0.001 (add) 
Cl( 2, 1) in Cl( 4, 4) CPU =        0.018 ms (setup)        0.217 (comm)        0.018 (pade)        0.011 (series)        0.205 (mix)        0.001 (add) 
Cl( 2, 2) in Cl( 4, 4) CPU =        0.044 ms (setup)        0.256 (comm)        0.018 (pade)        0.011 (series)        0.249 (mix)        0.001 (add) 
Cl( 3, 2) in Cl( 4, 4) CPU =        0.134 ms (setup)        0.699 (comm)        0.018 (pade)        0.010 (series)        0.687 (mix)        0.001 (add) 
Cl( 3, 3) in Cl( 4, 4) CPU =        0.198 ms (setup)        1.002 (comm)        0.018 (pade)        0.011 (series)        0.987 (mix)        0.001 (add) 
Cl( 4, 3) in Cl( 4, 4) CPU =        0.510 ms (setup)        2.714 (comm)        0.019 (pade)        0.011 (series)        2.668 (mix)        0.001 (add) 
Cl( 4, 4) in Cl( 4, 4) CPU =        0.250 ms (setup)        4.144 (comm)        0.019 (pade)        0.011 (series)        4.213 (mix)        0.001 (add) 
Fill: 1
Cl( 1, 0) in Cl( 1, 0) CPU =        0.004 ms (setup)        0.015 (comm)        0.007 (pade)        0.002 (series)        0.015 (mix)        0.001 (add) 
Cl( 1, 1) in Cl( 1, 1) CPU =        0.005 ms (setup)        0.025 (comm)        0.006 (pade)        0.002 (series)        0.022 (mix)        0.001 (add) 
Cl( 2, 1) in Cl( 2, 1) CPU =        0.007 ms (setup)        0.082 (comm)        0.008 (pade)        0.002 (series)        0.084 (mix)        0.001 (add) 
Cl( 2, 2) in Cl( 2, 2) CPU =        0.015 ms (setup)        0.132 (comm)        0.008 (pade)        0.002 (series)        0.135 (mix)        0.001 (add) 
Cl( 3, 2) in Cl( 3, 2) CPU =        0.036 ms (setup)        0.498 (comm)        0.011 (pade)        0.005 (series)        0.495 (mix)        0.001 (add) 
Cl( 3, 3) in Cl( 3, 3) CPU =        0.070 ms (setup)        0.769 (comm)        0.011 (pade)        0.005 (series)        0.776 (mix)        0.001 (add) 
Cl( 4, 3) in Cl( 4, 3) CPU =        0.178 ms (setup)        3.189 (comm)        0.019 (pade)        0.010 (series)        3.158 (mix)        0.001 (add) 
Cl( 4, 4) in Cl( 4, 4) CPU =        0.361 ms (setup)        4.748 (comm)        0.018 (pade)        0.011 (series)        5.282 (mix)        0.001 (add) 
Cl( 1, 0) in Cl( 4, 4) CPU =        0.007 ms (setup)        0.173 (comm)        0.016 (pade)        0.013 (series)        0.130 (mix)        0.001 (add) 
Cl( 1, 1) in Cl( 4, 4) CPU =        0.012 ms (setup)        0.194 (comm)        0.019 (pade)        0.013 (series)        0.231 (mix)        0.001 (add) 
Cl( 2, 1) in Cl( 4, 4) CPU =        0.028 ms (setup)        0.302 (comm)        0.019 (pade)        0.016 (series)        0.289 (mix)        0.001 (add) 
Cl( 2, 2) in Cl( 4, 4) CPU =        0.064 ms (setup)        0.426 (comm)        0.018 (pade)        0.013 (series)        0.427 (mix)        0.001 (add) 
Cl( 3, 2) in Cl( 4, 4) CPU =        0.156 ms (setup)        0.854 (comm)        0.019 (pade)        0.011 (series)        0.808 (mix)        0.001 (add) 
Cl( 3, 3) in Cl( 4, 4) CPU =        0.247 ms (setup)        1.250 (comm)        0.019 (pade)        0.011 (series)        1.234 (mix)        0.001 (add) 
Cl( 4, 3) in Cl( 4, 4) CPU =        0.685 ms (setup)        3.365 (comm)        0.021 (pade)        0.011 (series)        3.347 (mix)        0.001 (add) 
Cl( 4, 4) in Cl( 4, 4) CPU =        0.367 ms (setup)        4.749 (comm)        0.019 (pade)        0.011 (series)        4.718 (mix)        0.001 (add) 

framed_multi<double>
Clifford algebra expressions test:
Fill: 0.5
Cl( 1, 0) in Cl( 1, 0) CPU =        0.004 ms (setup)        0.002 (comm)        0.011 (pade)        0.004 (series)        0.001 (mix)        0.003 (add) 
Cl( 1, 1) in Cl( 1, 1) CPU =        0.002 ms (setup)        0.003 (comm)        0.011 (pade)        0.001 (series)        0.001 (mix)        0.003 (add) 
Cl( 2, 1) in Cl( 2, 1) CPU =        0.002 ms (setup)        0.010 (comm)        0.022 (pade)        0.017 (series)        0.004 (mix)        0.003 (add) 
Cl( 2, 2) in Cl( 2, 2) CPU =        0.005 ms (setup)        0.018 (comm)        0.025 (pade)        0.022 (series)        0.007 (mix)        0.003 (add) 
Cl( 3, 2) in Cl( 3, 2) CPU =        0.007 ms (setup)        0.042 (comm)        0.089 (pade)        0.040 (series)        0.014 (mix)        0.005 (add) 
Cl( 3, 3) in Cl( 3, 3) CPU =        0.016 ms (setup)        0.101 (comm)        0.113 (pade)        0.172 (series)        0.034 (mix)        0.007 (add) 
Cl( 4, 3) in Cl( 4, 3) CPU =        0.030 ms (setup)        0.260 (comm)        0.376 (pade)        0.491 (series)        0.084 (mix)        0.012 (add) 
Cl( 4, 4) in Cl( 4, 4) CPU =        0.062 ms (setup)        1.129 (comm)        0.511 (pade)        1.899 (series)        0.213 (mix)        0.023 (add) 
Cl( 5, 4) in Cl( 5, 4) CPU =        0.124 ms (setup)        3.684 (comm)        1.753 (pade)        6.538 (series)        0.550 (mix)        0.049 (add) 
Cl( 5, 5) in Cl( 5, 5) CPU =        0.239 ms (setup)        5.726 (comm)        2.409 (pade)        9.062 (series)        1.471 (mix)        0.108 (add) 
Cl( 6, 5) in Cl( 6, 5) CPU =        0.502 ms (setup)       18.813 (comm)        8.092 (pade)       31.517 (series)        3.921 (mix)        0.185 (add) 
Cl( 6, 6) in Cl( 6, 6) CPU =        1.000 ms (setup)       31.005 (comm)       11.546 (pade)       43.276 (series)       11.144 (mix)        0.371 (add) 
Cl( 7, 6) in Cl( 7, 6) CPU =        2.010 ms (setup)      102.849 (comm)       39.497 (pade)      152.285 (series)       31.624 (mix)        0.761 (add) 
Cl( 7, 7) in Cl( 7, 7) CPU =        4.003 ms (setup)      191.058 (comm)       53.428 (pade)      210.509 (series)       95.324 (mix)        1.556 (add) 
Cl( 8, 7) in Cl( 8, 7) CPU =        8.140 ms (setup)      629.181 (comm)      191.277 (pade)      748.922 (series)      284.615 (mix)        3.293 (add) 
Cl( 8, 8) in Cl( 8, 8) CPU =       17.302 ms (setup)     1348.167 (comm)      271.797 (pade)     1054.546 (series)      872.602 (mix)        7.944 (add) 
Cl( 1, 0) in Cl( 8, 8) CPU =        0.002 ms (setup)        0.002 (comm)        0.005 (pade)        0.003 (series)        0.001 (mix)        0.002 (add) 
Cl( 1, 1) in Cl( 8, 8) CPU =        0.002 ms (setup)        0.001 (comm)        0.011 (pade)        0.002 (series)        0.001 (mix)        0.002 (add) 
Cl( 2, 1) in Cl( 8, 8) CPU =        0.003 ms (setup)        0.012 (comm)        0.022 (pade)        0.010 (series)        0.004 (mix)        0.002 (add) 
Cl( 2, 2) in Cl( 8, 8) CPU =        0.005 ms (setup)        0.019 (comm)        0.025 (pade)        0.021 (series)        0.008 (mix)        0.003 (add) 
Cl( 3, 2) in Cl( 8, 8) CPU =        0.006 ms (setup)        0.032 (comm)        0.104 (pade)        0.033 (series)        0.011 (mix)        0.003 (add) 
Cl( 3, 3) in Cl( 8, 8) CPU =        0.014 ms (setup)        0.110 (comm)        0.122 (pade)        0.165 (series)        0.035 (mix)        0.009 (add) 
Cl( 4, 3) in Cl( 8, 8) CPU =        0.030 ms (setup)        0.269 (comm)        0.379 (pade)        0.506 (series)        0.082 (mix)        0.012 (add) 
Cl( 4, 4) in Cl( 8, 8) CPU =        0.061 ms (setup)        1.155 (comm)        0.536 (pade)        1.887 (series)        0.207 (mix)        0.023 (add) 
Cl( 5, 4) in Cl( 8, 8) CPU =        0.145 ms (setup)        3.651 (comm)        1.699 (pade)        6.499 (series)        0.531 (mix)        0.044 (add) 
Cl( 5, 5) in Cl( 8, 8) CPU =        0.238 ms (setup)        5.569 (comm)        2.300 (pade)        8.979 (series)        1.377 (mix)        0.086 (add) 
Cl( 6, 5) in Cl( 8, 8) CPU =        0.488 ms (setup)       18.630 (comm)        8.011 (pade)       31.480 (series)        3.864 (mix)        0.182 (add) 
Cl( 6, 6) in Cl( 8, 8) CPU =        0.963 ms (setup)       31.175 (comm)       10.953 (pade)       42.748 (series)       10.890 (mix)        0.363 (add) 
Cl( 7, 6) in Cl( 8, 8) CPU =        1.978 ms (setup)      102.686 (comm)       37.864 (pade)      149.445 (series)       31.973 (mix)        0.768 (add) 
Cl( 7, 7) in Cl( 8, 8) CPU =        3.954 ms (setup)      191.606 (comm)       53.142 (pade)      208.488 (series)       95.498 (mix)        1.575 (add) 
Cl( 8, 7) in Cl( 8, 8) CPU =        8.092 ms (setup)      636.210 (comm)      190.708 (pade)      752.187 (series)      287.936 (mix)        3.254 (add) 
Cl( 8, 8) in Cl( 8, 8) CPU =       16.186 ms (setup)     1337.057 (comm)      268.341 (pade)     1054.726 (series)      870.866 (mix)        7.910 (add) 
Fill: 1
Cl( 1, 0) in Cl( 1, 0) CPU =        0.003 ms (setup)        0.006 (comm)        0.011 (pade)        0.007 (series)        0.002 (mix)        0.003 (add) 
Cl( 1, 1) in Cl( 1, 1) CPU =        0.003 ms (setup)        0.008 (comm)        0.011 (pade)        0.009 (series)        0.003 (mix)        0.003 (add) 
Cl( 2, 1) in Cl( 2, 1) CPU =        0.004 ms (setup)        0.013 (comm)        0.022 (pade)        0.015 (series)        0.005 (mix)        0.003 (add) 
Cl( 2, 2) in Cl( 2, 2) CPU =        0.007 ms (setup)        0.031 (comm)        0.032 (pade)        0.033 (series)        0.009 (mix)        0.004 (add) 
Cl( 3, 2) in Cl( 3, 2) CPU =        0.015 ms (setup)        0.066 (comm)        0.090 (pade)        0.096 (series)        0.020 (mix)        0.006 (add) 
Cl( 3, 3) in Cl( 3, 3) CPU =        0.027 ms (setup)        0.182 (comm)        0.127 (pade)        0.278 (series)        0.049 (mix)        0.011 (add) 
Cl( 4, 3) in Cl( 4, 3) CPU =        0.049 ms (setup)        0.575 (comm)        0.405 (pade)        0.916 (series)        0.112 (mix)        0.019 (add) 
Cl( 4, 4) in Cl( 4, 4) CPU =        0.100 ms (setup)        1.415 (comm)        0.587 (pade)        2.152 (series)        0.286 (mix)        0.039 (add) 
Cl( 5, 4) in Cl( 5, 4) CPU =        0.202 ms (setup)        4.354 (comm)        1.857 (pade)        7.263 (series)        0.747 (mix)        0.144 (add) 
Cl( 5, 5) in Cl( 5, 5) CPU =        0.457 ms (setup)        7.698 (comm)        2.863 (pade)       10.812 (series)        1.952 (mix)        0.162 (add) 
Cl( 6, 5) in Cl( 6, 5) CPU =        0.819 ms (setup)       22.858 (comm)        8.865 (pade)       35.425 (series)        5.396 (mix)        0.331 (add) 
Cl( 6, 6) in Cl( 6, 6) CPU =        1.659 ms (setup)       40.490 (comm)       12.941 (pade)       51.804 (series)       14.962 (mix)        0.684 (add) 
Cl( 7, 6) in Cl( 7, 6) CPU =        3.381 ms (setup)      128.492 (comm)       43.921 (pade)      172.350 (series)       43.556 (mix)        1.421 (add) 
Cl( 7, 7) in Cl( 7, 7) CPU =        6.561 ms (setup)      258.065 (comm)       64.162 (pade)      252.870 (series)      129.096 (mix)        2.920 (add) 
Cl( 8, 7) in Cl( 8, 7) CPU =       13.523 ms (setup)      824.345 (comm)      225.729 (pade)      869.121 (series)      401.058 (mix)        8.962 (add) 
Cl( 8, 8) in Cl( 8, 8) CPU =       27.980 ms (setup)     1864.298 (comm)      333.679 (pade)     1305.195 (series)     1184.254 (mix)       14.319 (add) 
Cl( 1, 0) in Cl( 8, 8) CPU =        0.002 ms (setup)        0.005 (comm)        0.011 (pade)        0.007 (series)        0.002 (mix)        0.003 (add) 
Cl( 1, 1) in Cl( 8, 8) CPU =        0.002 ms (setup)        0.007 (comm)        0.013 (pade)        0.009 (series)        0.003 (mix)        0.003 (add) 
Cl( 2, 1) in Cl( 8, 8) CPU =        0.005 ms (setup)        0.013 (comm)        0.033 (pade)        0.015 (series)        0.005 (mix)        0.003 (add) 
Cl( 2, 2) in Cl( 8, 8) CPU =        0.007 ms (setup)        0.027 (comm)        0.032 (pade)        0.033 (series)        0.009 (mix)        0.004 (add) 
Cl( 3, 2) in Cl( 8, 8) CPU =        0.011 ms (setup)        0.068 (comm)        0.093 (pade)        0.090 (series)        0.020 (mix)        0.005 (add) 
Cl( 3, 3) in Cl( 8, 8) CPU =        0.024 ms (setup)        0.191 (comm)        0.120 (pade)        0.275 (series)        0.046 (mix)        0.011 (add) 
Cl( 4, 3) in Cl( 8, 8) CPU =        0.052 ms (setup)        0.568 (comm)        0.413 (pade)        0.906 (series)        0.113 (mix)        0.019 (add) 
Cl( 4, 4) in Cl( 8, 8) CPU =        0.105 ms (setup)        1.391 (comm)        0.572 (pade)        2.155 (series)        0.285 (mix)        0.040 (add) 
Cl( 5, 4) in Cl( 8, 8) CPU =        0.206 ms (setup)        4.361 (comm)        1.919 (pade)        7.363 (series)        0.730 (mix)        0.079 (add) 
Cl( 5, 5) in Cl( 8, 8) CPU =        0.399 ms (setup)        7.178 (comm)        2.682 (pade)       10.467 (series)        1.936 (mix)        0.158 (add) 
Cl( 6, 5) in Cl( 8, 8) CPU =        0.819 ms (setup)       22.764 (comm)        9.236 (pade)       35.028 (series)        5.327 (mix)        0.328 (add) 
Cl( 6, 6) in Cl( 8, 8) CPU =        1.610 ms (setup)       40.404 (comm)       12.975 (pade)       50.980 (series)       14.901 (mix)        0.683 (add) 
Cl( 7, 6) in Cl( 8, 8) CPU =        3.270 ms (setup)      129.204 (comm)       43.214 (pade)      169.829 (series)       43.654 (mix)        1.415 (add) 
Cl( 7, 7) in Cl( 8, 8) CPU =        6.707 ms (setup)      256.332 (comm)       65.308 (pade)      253.108 (series)      129.260 (mix)        2.972 (add) 
Cl( 8, 7) in Cl( 8, 8) CPU =       13.516 ms (setup)      826.743 (comm)      226.042 (pade)      864.518 (series)      394.204 (mix)        7.094 (add) 
Cl( 8, 8) in Cl( 8, 8) CPU =       27.636 ms (setup)     1850.356 (comm)      336.920 (pade)     1309.891 (series)     1219.436 (mix)       14.338 (add) 

matrix_multi<double>
Clifford algebra expressions test:
Fill: 0.5
Cl( 1, 0) in Cl( 1, 0) CPU =        0.004 ms (setup)        0.009 (comm)        0.007 (pade)        0.002 (series)        0.008 (mix)        0.001 (add) 
Cl( 1, 1) in Cl( 1, 1) CPU =        0.011 ms (setup)        0.009 (comm)        0.007 (pade)        0.002 (series)        0.009 (mix)        0.001 (add) 
Cl( 2, 1) in Cl( 2, 1) CPU =        0.006 ms (setup)        0.067 (comm)        0.008 (pade)        0.003 (series)        0.062 (mix)        0.001 (add) 
Cl( 2, 2) in Cl( 2, 2) CPU =        0.007 ms (setup)        0.112 (comm)        0.008 (pade)        0.002 (series)        0.116 (mix)        0.001 (add) 
Cl( 3, 2) in Cl( 3, 2) CPU =        0.037 ms (setup)        0.380 (comm)        0.011 (pade)        0.005 (series)        0.357 (mix)        0.001 (add) 
Cl( 3, 3) in Cl( 3, 3) CPU =        0.058 ms (setup)        0.628 (comm)        0.011 (pade)        0.005 (series)        0.612 (mix)        0.001 (add) 
Cl( 4, 3) in Cl( 4, 3) CPU =        0.145 ms (setup)        2.685 (comm)        0.022 (pade)        0.015 (series)        2.614 (mix)        0.002 (add) 
Cl( 4, 4) in Cl( 4, 4) CPU =        0.267 ms (setup)        3.979 (comm)        0.022 (pade)        0.015 (series)        3.956 (mix)        0.002 (add) 
Cl( 5, 4) in Cl( 5, 4) CPU =        0.613 ms (setup)       15.636 (comm)        0.064 (pade)        0.052 (series)       15.585 (mix)        0.005 (add) 
Cl( 5, 5) in Cl( 5, 5) CPU =        1.183 ms (setup)       22.236 (comm)        0.058 (pade)        0.051 (series)       22.207 (mix)        0.005 (add) 
Cl( 6, 5) in Cl( 6, 5) CPU =        2.831 ms (setup)       86.909 (comm)        0.194 (pade)        0.285 (series)       87.412 (mix)        0.024 (add) 
Cl( 6, 6) in Cl( 6, 6) CPU =        5.333 ms (setup)      119.931 (comm)        0.193 (pade)        0.285 (series)      120.767 (mix)        0.019 (add) 
Cl( 7, 6) in Cl( 7, 6) CPU =       12.450 ms (setup)      500.423 (comm)        0.947 (pade)        1.826 (series)      495.636 (mix)        0.101 (add) 
Cl( 7, 7) in Cl( 7, 7) CPU =       24.621 ms (setup)      660.871 (comm)        0.945 (pade)        1.770 (series)      659.917 (mix)        0.098 (add) 
Cl( 8, 7) in Cl( 8, 7) CPU =       62.114 ms (setup)     3641.704 (comm)        5.623 (pade)       12.271 (series)     3480.976 (mix)        0.492 (add) 
Cl( 8, 8) in Cl( 8, 8) CPU =      121.385 ms (setup)     3912.366 (comm)        5.575 (pade)       12.171 (series)     3873.635 (mix)        0.580 (add) 
Cl( 1, 0) in Cl( 8, 8) CPU =        0.067 ms (setup)       33.233 (comm)        1.224 (pade)       12.428 (series)       26.973 (mix)        0.423 (add) 
Cl( 1, 1) in Cl( 8, 8) CPU =        0.088 ms (setup)       45.565 (comm)        2.402 (pade)       12.751 (series)       38.990 (mix)        0.413 (add) 
Cl( 2, 1) in Cl( 8, 8) CPU =        0.175 ms (setup)       84.686 (comm)        2.667 (pade)       12.188 (series)       78.931 (mix)        0.413 (add) 
Cl( 2, 2) in Cl( 8, 8) CPU =        0.320 ms (setup)      149.322 (comm)        2.942 (pade)       12.312 (series)      142.629 (mix)        0.449 (add) 
Cl( 3, 2) in Cl( 8, 8) CPU =        3.653 ms (setup)      204.899 (comm)        3.109 (pade)       12.239 (series)      198.143 (mix)        0.413 (add) 
Cl( 3, 3) in Cl( 8, 8) CPU =        2.848 ms (setup)      279.983 (comm)        3.113 (pade)       12.287 (series)      272.925 (mix)        0.413 (add) 
Cl( 4, 3) in Cl( 8, 8) CPU =        3.317 ms (setup)      299.031 (comm)        4.022 (pade)       12.409 (series)      279.897 (mix)        0.639 (add) 
Cl( 4, 4) in Cl( 8, 8) CPU =        6.106 ms (setup)      411.540 (comm)        3.969 (pade)       12.235 (series)      390.262 (mix)        0.575 (add) 
Cl( 5, 4) in Cl( 8, 8) CPU =        5.138 ms (setup)      527.760 (comm)        5.683 (pade)       12.305 (series)      523.466 (mix)        0.418 (add) 
Cl( 5, 5) in Cl( 8, 8) CPU =        7.709 ms (setup)      624.471 (comm)        5.781 (pade)       12.277 (series)      617.744 (mix)        0.419 (add) 
Cl( 6, 5) in Cl( 8, 8) CPU =       13.737 ms (setup)      834.976 (comm)        5.722 (pade)       12.451 (series)      817.882 (mix)        0.405 (add) 
Cl( 6, 6) in Cl( 8, 8) CPU =       23.917 ms (setup)      917.062 (comm)        5.618 (pade)       12.207 (series)      912.320 (mix)        0.404 (add) 
Cl( 7, 6) in Cl( 8, 8) CPU =       54.620 ms (setup)     1305.440 (comm)        5.604 (pade)       12.294 (series)     1293.939 (mix)        0.406 (add) 
Cl( 7, 7) in Cl( 8, 8) CPU =       99.249 ms (setup)     1644.715 (comm)        5.733 (pade)       12.385 (series)     1628.612 (mix)        0.412 (add) 
Cl( 8, 7) in Cl( 8, 8) CPU =      243.275 ms (setup)     3177.697 (comm)        5.756 (pade)       12.558 (series)     3185.789 (mix)        0.403 (add) 
Cl( 8, 8) in Cl( 8, 8) CPU =      121.245 ms (setup)     3875.798 (comm)        5.740 (pade)       12.305 (series)     3837.367 (mix)        0.571 (add) 
Fill: 1
Cl( 1, 0) in Cl( 1, 0) CPU =        0.004 ms (setup)        0.016 (comm)        0.007 (pade)        0.003 (series)        0.017 (mix)        0.001 (add) 
Cl( 1, 1) in Cl( 1, 1) CPU =        0.004 ms (setup)        0.026 (comm)        0.007 (pade)        0.002 (series)        0.022 (mix)        0.002 (add) 
Cl( 2, 1) in Cl( 2, 1) CPU =        0.007 ms (setup)        0.082 (comm)        0.007 (pade)        0.002 (series)        0.082 (mix)        0.001 (add) 
Cl( 2, 2) in Cl( 2, 2) CPU =        0.021 ms (setup)        0.136 (comm)        0.008 (pade)        0.002 (series)        0.133 (mix)        0.001 (add) 
Cl( 3, 2) in Cl( 3, 2) CPU =        0.050 ms (setup)        0.496 (comm)        0.012 (pade)        0.005 (series)        0.493 (mix)        0.001 (add) 
Cl( 3, 3) in Cl( 3, 3) CPU =        0.076 ms (setup)        0.770 (comm)        0.013 (pade)        0.005 (series)        0.770 (mix)        0.001 (add) 
Cl( 4, 3) in Cl( 4, 3) CPU =        0.189 ms (setup)        3.167 (comm)        0.022 (pade)        0.015 (series)        3.151 (mix)        0.002 (add) 
Cl( 4, 4) in Cl( 4, 4) CPU =        0.368 ms (setup)        4.601 (comm)        0.025 (pade)        0.015 (series)        4.596 (mix)        0.002 (add) 
Cl( 5, 4) in Cl( 5, 4) CPU =        0.889 ms (setup)       17.099 (comm)        0.057 (pade)        0.052 (series)       17.681 (mix)        0.005 (add) 
Cl( 5, 5) in Cl( 5, 5) CPU =        1.747 ms (setup)       24.162 (comm)        0.058 (pade)        0.052 (series)       24.268 (mix)        0.005 (add) 
Cl( 6, 5) in Cl( 6, 5) CPU =        4.152 ms (setup)       93.557 (comm)        0.194 (pade)        0.279 (series)       93.067 (mix)        0.020 (add) 
Cl( 6, 6) in Cl( 6, 6) CPU =        8.219 ms (setup)      127.508 (comm)        0.201 (pade)        0.285 (series)      127.725 (mix)        0.020 (add) 
Cl( 7, 6) in Cl( 7, 6) CPU =       19.687 ms (setup)      536.731 (comm)        0.947 (pade)        1.785 (series)      534.065 (mix)        0.164 (add) 
Cl( 7, 7) in Cl( 7, 7) CPU =       39.069 ms (setup)      711.269 (comm)        0.941 (pade)        1.770 (series)      708.323 (mix)        0.098 (add) 
Cl( 8, 7) in Cl( 8, 7) CPU =      100.919 ms (setup)     4329.503 (comm)        5.588 (pade)       12.224 (series)     4154.141 (mix)        0.414 (add) 
Cl( 8, 8) in Cl( 8, 8) CPU =      196.815 ms (setup)     4241.932 (comm)        5.774 (pade)       12.296 (series)     4226.431 (mix)        0.402 (add) 
Cl( 1, 0) in Cl( 8, 8) CPU =        0.265 ms (setup)       54.186 (comm)        2.382 (pade)       12.270 (series)       47.731 (mix)        0.412 (add) 
Cl( 1, 1) in Cl( 8, 8) CPU =        0.137 ms (setup)       79.133 (comm)        2.432 (pade)       12.245 (series)       72.948 (mix)        0.412 (add) 
Cl( 2, 1) in Cl( 8, 8) CPU =        0.280 ms (setup)      115.052 (comm)        2.740 (pade)       12.210 (series)      109.431 (mix)        0.412 (add) 
Cl( 2, 2) in Cl( 8, 8) CPU =        3.113 ms (setup)      163.976 (comm)        2.702 (pade)       12.246 (series)      157.411 (mix)        0.416 (add) 
Cl( 3, 2) in Cl( 8, 8) CPU =        2.799 ms (setup)      223.030 (comm)        3.099 (pade)       12.347 (series)      218.832 (mix)        0.444 (add) 
Cl( 3, 3) in Cl( 8, 8) CPU =        2.985 ms (setup)      308.123 (comm)        3.142 (pade)       12.220 (series)      287.029 (mix)        0.582 (add) 
Cl( 4, 3) in Cl( 8, 8) CPU =        4.086 ms (setup)      404.336 (comm)        3.986 (pade)       12.275 (series)      398.411 (mix)        0.397 (add) 
Cl( 4, 4) in Cl( 8, 8) CPU =        3.941 ms (setup)      504.489 (comm)        4.026 (pade)       13.018 (series)      499.167 (mix)        0.425 (add) 
Cl( 5, 4) in Cl( 8, 8) CPU =        5.993 ms (setup)      623.200 (comm)        5.660 (pade)       12.301 (series)      613.346 (mix)        0.416 (add) 
Cl( 5, 5) in Cl( 8, 8) CPU =        8.630 ms (setup)      734.194 (comm)        5.774 (pade)       12.254 (series)      728.137 (mix)        0.408 (add) 
Cl( 6, 5) in Cl( 8, 8) CPU =       18.531 ms (setup)      910.654 (comm)        5.673 (pade)       12.322 (series)      905.784 (mix)        0.402 (add) 
Cl( 6, 6) in Cl( 8, 8) CPU =       31.733 ms (setup)     1058.353 (comm)        5.641 (pade)       12.228 (series)     1050.425 (mix)        0.408 (add) 
Cl( 7, 6) in Cl( 8, 8) CPU =       79.735 ms (setup)     1501.476 (comm)        5.630 (pade)       12.237 (series)     1496.455 (mix)        0.415 (add) 
Cl( 7, 7) in Cl( 8, 8) CPU =      134.935 ms (setup)     1789.273 (comm)        5.716 (pade)       12.505 (series)     1775.130 (mix)        0.407 (add) 
Cl( 8, 7) in Cl( 8, 8) CPU =      337.595 ms (setup)     3406.979 (comm)        5.612 (pade)       12.194 (series)     3399.580 (mix)        0.423 (add) 
Cl( 8, 8) in Cl( 8, 8) CPU =      204.104 ms (setup)     4250.476 (comm)        5.615 (pade)       12.212 (series)     4226.320 (mix)        0.411 (add) 
