expressions/expressions
	linux-vdso.so.1 (0x0000771932730000)
	libarmadillo.so.14 => /lib/libarmadillo.so.14 (0x00007719325ef000)
	libflexiblas.so.3 => /lib/x86_64-linux-gnu/libflexiblas.so.3 (0x0000771931e00000)
	libstdc++.so.6 => /lib/x86_64-linux-gnu/libstdc++.so.6 (0x0000771931a00000)
	libm.so.6 => /lib/x86_64-linux-gnu/libm.so.6 (0x0000771931d09000)
	libomp.so.5 => /lib/x86_64-linux-gnu/libomp.so.5 (0x00007719318cd000)
	libgcc_s.so.1 => /lib/x86_64-linux-gnu/libgcc_s.so.1 (0x00007719325c0000)
	libc.so.6 => /lib/x86_64-linux-gnu/libc.so.6 (0x0000771931600000)
	libarpack.so.2 => /lib/x86_64-linux-gnu/libarpack.so.2 (0x000077193256e000)
	/lib64/ld-linux-x86-64.so.2 (0x0000771932732000)
	libgfortran.so.5 => /lib/x86_64-linux-gnu/libgfortran.so.5 (0x0000771931200000)
gfft_test/gfft_test
	linux-vdso.so.1 (0x0000735081ab6000)
	libarmadillo.so.14 => /lib/libarmadillo.so.14 (0x00007350819f1000)
	libflexiblas.so.3 => /lib/x86_64-linux-gnu/libflexiblas.so.3 (0x0000735081200000)
	libstdc++.so.6 => /lib/x86_64-linux-gnu/libstdc++.so.6 (0x0000735080e00000)
	libm.so.6 => /lib/x86_64-linux-gnu/libm.so.6 (0x0000735081109000)
	libomp.so.5 => /lib/x86_64-linux-gnu/libomp.so.5 (0x0000735080ccd000)
	libgcc_s.so.1 => /lib/x86_64-linux-gnu/libgcc_s.so.1 (0x00007350819c2000)
	libc.so.6 => /lib/x86_64-linux-gnu/libc.so.6 (0x0000735080a00000)
	libarpack.so.2 => /lib/x86_64-linux-gnu/libarpack.so.2 (0x0000735081970000)
	/lib64/ld-linux-x86-64.so.2 (0x0000735081ab8000)
	libgfortran.so.5 => /lib/x86_64-linux-gnu/libgfortran.so.5 (0x0000735080600000)
products/products
	linux-vdso.so.1 (0x000074a8c0a14000)
	libarmadillo.so.14 => /lib/libarmadillo.so.14 (0x000074a8c08eb000)
	libflexiblas.so.3 => /lib/x86_64-linux-gnu/libflexiblas.so.3 (0x000074a8c0000000)
	libstdc++.so.6 => /lib/x86_64-linux-gnu/libstdc++.so.6 (0x000074a8bfc00000)
	libm.so.6 => /lib/x86_64-linux-gnu/libm.so.6 (0x000074a8c07f4000)
	libomp.so.5 => /lib/x86_64-linux-gnu/libomp.so.5 (0x000074a8bfecd000)
	libgcc_s.so.1 => /lib/x86_64-linux-gnu/libgcc_s.so.1 (0x000074a8c07c5000)
	libc.so.6 => /lib/x86_64-linux-gnu/libc.so.6 (0x000074a8bf800000)
	libarpack.so.2 => /lib/x86_64-linux-gnu/libarpack.so.2 (0x000074a8c0773000)
	/lib64/ld-linux-x86-64.so.2 (0x000074a8c0a16000)
	libgfortran.so.5 => /lib/x86_64-linux-gnu/libgfortran.so.5 (0x000074a8bf400000)
squaring/squaring
	linux-vdso.so.1 (0x000071faa1fbd000)
	libarmadillo.so.14 => /lib/libarmadillo.so.14 (0x000071faa1ef5000)
	libflexiblas.so.3 => /lib/x86_64-linux-gnu/libflexiblas.so.3 (0x000071faa1600000)
	libstdc++.so.6 => /lib/x86_64-linux-gnu/libstdc++.so.6 (0x000071faa1200000)
	libm.so.6 => /lib/x86_64-linux-gnu/libm.so.6 (0x000071faa1dfe000)
	libomp.so.5 => /lib/x86_64-linux-gnu/libomp.so.5 (0x000071faa14cd000)
	libgcc_s.so.1 => /lib/x86_64-linux-gnu/libgcc_s.so.1 (0x000071faa1dcf000)
	libc.so.6 => /lib/x86_64-linux-gnu/libc.so.6 (0x000071faa0e00000)
	libarpack.so.2 => /lib/x86_64-linux-gnu/libarpack.so.2 (0x000071faa1d7d000)
	/lib64/ld-linux-x86-64.so.2 (0x000071faa1fbf000)
	libgfortran.so.5 => /lib/x86_64-linux-gnu/libgfortran.so.5 (0x000071faa0a00000)
transforms/transforms
	linux-vdso.so.1 (0x00007caeca062000)
	libarmadillo.so.14 => /lib/libarmadillo.so.14 (0x00007caec9f9b000)
	libflexiblas.so.3 => /lib/x86_64-linux-gnu/libflexiblas.so.3 (0x00007caec9800000)
	libstdc++.so.6 => /lib/x86_64-linux-gnu/libstdc++.so.6 (0x00007caec9400000)
	libm.so.6 => /lib/x86_64-linux-gnu/libm.so.6 (0x00007caec9709000)
	libomp.so.5 => /lib/x86_64-linux-gnu/libomp.so.5 (0x00007caec92cd000)
	libgcc_s.so.1 => /lib/x86_64-linux-gnu/libgcc_s.so.1 (0x00007caec9f6c000)
	libc.so.6 => /lib/x86_64-linux-gnu/libc.so.6 (0x00007caec9000000)
	libarpack.so.2 => /lib/x86_64-linux-gnu/libarpack.so.2 (0x00007caec9f1a000)
	/lib64/ld-linux-x86-64.so.2 (0x00007caeca064000)
	libgfortran.so.5 => /lib/x86_64-linux-gnu/libgfortran.so.5 (0x00007caec8c00000)
versor/versor
	linux-vdso.so.1 (0x00007fb4961e1000)
	libarmadillo.so.14 => /lib/libarmadillo.so.14 (0x00007fb496117000)
	libflexiblas.so.3 => /lib/x86_64-linux-gnu/libflexiblas.so.3 (0x00007fb495a00000)
	libstdc++.so.6 => /lib/x86_64-linux-gnu/libstdc++.so.6 (0x00007fb495600000)
	libm.so.6 => /lib/x86_64-linux-gnu/libm.so.6 (0x00007fb495909000)
	libomp.so.5 => /lib/x86_64-linux-gnu/libomp.so.5 (0x00007fb4954cd000)
	libgcc_s.so.1 => /lib/x86_64-linux-gnu/libgcc_s.so.1 (0x00007fb4958da000)
	libc.so.6 => /lib/x86_64-linux-gnu/libc.so.6 (0x00007fb495200000)
	libarpack.so.2 => /lib/x86_64-linux-gnu/libarpack.so.2 (0x00007fb49547b000)
	/lib64/ld-linux-x86-64.so.2 (0x00007fb4961e3000)
	libgfortran.so.5 => /lib/x86_64-linux-gnu/libgfortran.so.5 (0x00007fb494e00000)
