
framed_multi<double>
Clifford algebra squaring test:
Fill: 0.5
Cl( 1, 0) in Cl( 1, 0) CPU =        0.048 ms (setup)        0.009 (*) 
Cl( 1, 1) in Cl( 1, 1) CPU =        0.002 ms (setup)        0.003 (*) 
Cl( 2, 1) in Cl( 2, 1) CPU =        0.003 ms (setup)        0.007 (*) 
Cl( 2, 2) in Cl( 2, 2) CPU =        0.004 ms (setup)        0.008 (*) 
Cl( 3, 2) in Cl( 3, 2) CPU =        0.006 ms (setup)        0.024 (*) 
Cl( 3, 3) in Cl( 3, 3) CPU =        0.012 ms (setup)        0.053 (*) 
Cl( 4, 3) in Cl( 4, 3) CPU =        0.025 ms (setup)        0.153 (*) 
Cl( 4, 4) in Cl( 4, 4) CPU =        0.104 ms (setup)        0.591 (*) 
Cl( 5, 4) in Cl( 5, 4) CPU =        0.067 ms (setup)        2.251 (*) 
Cl( 5, 5) in Cl( 5, 5) CPU =        0.185 ms (setup)        3.198 (*) 
Cl( 6, 5) in Cl( 6, 5) CPU =        0.367 ms (setup)       10.982 (*) 
Cl( 6, 6) in Cl( 6, 6) CPU =        0.709 ms (setup)       13.523 (*) 
Cl( 7, 6) in Cl( 7, 6) CPU =        1.219 ms (setup)       38.191 (*) 
Cl( 7, 7) in Cl( 7, 7) CPU =        2.256 ms (setup)       52.115 (*) 
Cl( 8, 7) in Cl( 8, 7) CPU =        4.067 ms (setup)      182.053 (*) 
Cl( 8, 8) in Cl( 8, 8) CPU =        8.723 ms (setup)      238.616 (*) 
Cl( 9, 8) in Cl( 9, 8) CPU =       18.507 ms (setup)      689.106 (*) 
Cl( 9, 9) in Cl( 9, 9) CPU =       37.007 ms (setup)     1244.935 (*) 
Cl(10, 9) in Cl(10, 9) CPU =       77.621 ms (setup)     4788.421 (*) 
Cl(10,10) in Cl(10,10) CPU =      163.849 ms (setup)     6823.188 (*) 
Cl(11,10) in Cl(11,10) CPU =      313.731 ms (setup)    28080.812 (*) 
Cl(11,11) in Cl(11,11) CPU =      719.461 ms (setup)    42350.296 (*) 
Fill: 1
Cl( 1, 0) in Cl( 1, 0) CPU =        0.008 ms (setup)        0.007 (*) 
Cl( 1, 1) in Cl( 1, 1) CPU =        0.003 ms (setup)        0.006 (*) 
Cl( 2, 1) in Cl( 2, 1) CPU =        0.004 ms (setup)        0.007 (*) 
Cl( 2, 2) in Cl( 2, 2) CPU =        0.006 ms (setup)        0.014 (*) 
Cl( 3, 2) in Cl( 3, 2) CPU =        0.012 ms (setup)        0.029 (*) 
Cl( 3, 3) in Cl( 3, 3) CPU =        0.019 ms (setup)        0.072 (*) 
Cl( 4, 3) in Cl( 4, 3) CPU =        0.036 ms (setup)        0.225 (*) 
Cl( 4, 4) in Cl( 4, 4) CPU =        0.060 ms (setup)        0.585 (*) 
Cl( 5, 4) in Cl( 5, 4) CPU =        0.114 ms (setup)        1.833 (*) 
Cl( 5, 5) in Cl( 5, 5) CPU =        0.209 ms (setup)        2.618 (*) 
Cl( 6, 5) in Cl( 6, 5) CPU =        0.422 ms (setup)        8.950 (*) 
Cl( 6, 6) in Cl( 6, 6) CPU =        0.812 ms (setup)       12.832 (*) 
Cl( 7, 6) in Cl( 7, 6) CPU =        1.650 ms (setup)       43.024 (*) 
Cl( 7, 7) in Cl( 7, 7) CPU =        3.453 ms (setup)       63.421 (*) 
Cl( 8, 7) in Cl( 8, 7) CPU =        6.876 ms (setup)      215.576 (*) 
Cl( 8, 8) in Cl( 8, 8) CPU =       14.069 ms (setup)      325.660 (*) 
Cl( 9, 8) in Cl( 9, 8) CPU =       29.350 ms (setup)      902.293 (*) 
Cl( 9, 9) in Cl( 9, 9) CPU =       65.623 ms (setup)     1770.958 (*) 
Cl(10, 9) in Cl(10, 9) CPU =      137.744 ms (setup)     6387.456 (*) 
Cl(10,10) in Cl(10,10) CPU =      313.169 ms (setup)    10328.295 (*) 
Cl(11,10) in Cl(11,10) CPU =      650.801 ms (setup)    38620.627 (*) 
Cl(11,11) in Cl(11,11) CPU =     1320.358 ms (setup)    66797.269 (*) 

matrix_multi<double>
Clifford algebra squaring test:
Fill: 0.5
Cl( 1, 0) in Cl( 1, 0) CPU =        0.039 ms (setup)        0.003 (*) 
Cl( 1, 1) in Cl( 1, 1) CPU =        0.006 ms (setup)        0.001 (*) 
Cl( 2, 1) in Cl( 2, 1) CPU =        0.019 ms (setup)        0.001 (*) 
Cl( 2, 2) in Cl( 2, 2) CPU =        0.017 ms (setup)        0.001 (*) 
Cl( 3, 2) in Cl( 3, 2) CPU =        0.044 ms (setup)        0.008 (*) 
Cl( 3, 3) in Cl( 3, 3) CPU =       27.952 ms (setup)        0.010 (*) 
Cl( 4, 3) in Cl( 4, 3) CPU =        0.091 ms (setup)        0.005 (*) 
Cl( 4, 4) in Cl( 4, 4) CPU =        0.145 ms (setup)        0.005 (*) 
Cl( 5, 4) in Cl( 5, 4) CPU =        0.334 ms (setup)        0.013 (*) 
Cl( 5, 5) in Cl( 5, 5) CPU =        0.579 ms (setup)        0.013 (*) 
Cl( 6, 5) in Cl( 6, 5) CPU =        1.394 ms (setup)        0.064 (*) 
Cl( 6, 6) in Cl( 6, 6) CPU =        2.688 ms (setup)        0.070 (*) 
Cl( 7, 6) in Cl( 7, 6) CPU =        6.323 ms (setup)        0.405 (*) 
Cl( 7, 7) in Cl( 7, 7) CPU =       12.193 ms (setup)        0.397 (*) 
Cl( 8, 7) in Cl( 8, 7) CPU =       29.066 ms (setup)        2.895 (*) 
Cl( 8, 8) in Cl( 8, 8) CPU =       58.089 ms (setup)        3.047 (*) 
Cl( 9, 8) in Cl( 9, 8) CPU =      146.081 ms (setup)       21.794 (*) 
Cl( 9, 9) in Cl( 9, 9) CPU =      283.617 ms (setup)       24.080 (*) 
Cl(10, 9) in Cl(10, 9) CPU =      755.355 ms (setup)      180.805 (*) 
Cl(10,10) in Cl(10,10) CPU =     1484.516 ms (setup)      170.240 (*) 
Cl(11,10) in Cl(11,10) CPU =     4083.028 ms (setup)     1313.735 (*) 
Cl(11,11) in Cl(11,11) CPU =     8135.969 ms (setup)     1309.796 (*) 
Fill: 1
Cl( 1, 0) in Cl( 1, 0) CPU =        0.027 ms (setup)        0.004 (*) 
Cl( 1, 1) in Cl( 1, 1) CPU =        0.010 ms (setup)        0.001 (*) 
Cl( 2, 1) in Cl( 2, 1) CPU =        0.014 ms (setup)        0.001 (*) 
Cl( 2, 2) in Cl( 2, 2) CPU =        8.966 ms (setup)        0.002 (*) 
Cl( 3, 2) in Cl( 3, 2) CPU =        0.035 ms (setup)        0.008 (*) 
Cl( 3, 3) in Cl( 3, 3) CPU =        0.043 ms (setup)        0.002 (*) 
Cl( 4, 3) in Cl( 4, 3) CPU =        0.109 ms (setup)        0.005 (*) 
Cl( 4, 4) in Cl( 4, 4) CPU =        0.197 ms (setup)        0.005 (*) 
Cl( 5, 4) in Cl( 5, 4) CPU =        0.459 ms (setup)        0.014 (*) 
Cl( 5, 5) in Cl( 5, 5) CPU =        0.899 ms (setup)        0.013 (*) 
Cl( 6, 5) in Cl( 6, 5) CPU =        2.095 ms (setup)        0.064 (*) 
Cl( 6, 6) in Cl( 6, 6) CPU =        4.237 ms (setup)        0.064 (*) 
Cl( 7, 6) in Cl( 7, 6) CPU =        9.881 ms (setup)        0.405 (*) 
Cl( 7, 7) in Cl( 7, 7) CPU =       19.577 ms (setup)        0.401 (*) 
Cl( 8, 7) in Cl( 8, 7) CPU =       47.928 ms (setup)        2.974 (*) 
Cl( 8, 8) in Cl( 8, 8) CPU =       97.037 ms (setup)        3.003 (*) 
Cl( 9, 8) in Cl( 9, 8) CPU =      249.008 ms (setup)       21.814 (*) 
Cl( 9, 9) in Cl( 9, 9) CPU =      504.675 ms (setup)       21.952 (*) 
Cl(10, 9) in Cl(10, 9) CPU =     1360.883 ms (setup)      168.514 (*) 
Cl(10,10) in Cl(10,10) CPU =     2803.027 ms (setup)      169.307 (*) 
Cl(11,10) in Cl(11,10) CPU =     8252.614 ms (setup)     1307.386 (*) 
Cl(11,11) in Cl(11,11) CPU =    17282.942 ms (setup)     1307.595 (*) 
