
framed_multi<float,-4,4>
Clifford algebra expressions test:
Fill: 0.5
Cl( 1, 0) in Cl( 1, 0) CPU =        0.002 ms (setup)        0.011 (comm)        0.010 (pade)        0.007 (series)        0.002 (mix)        0.005 (add) 
Cl( 1, 1) in Cl( 1, 1) CPU =        0.001 ms (setup)        0.002 (comm)        0.007 (pade)        0.002 (series)        0.001 (mix)        0.003 (add) 
Cl( 2, 1) in Cl( 2, 1) CPU =        0.002 ms (setup)        0.010 (comm)        0.021 (pade)        0.011 (series)        0.003 (mix)        0.003 (add) 
Cl( 2, 2) in Cl( 2, 2) CPU =        0.005 ms (setup)        0.015 (comm)        0.020 (pade)        0.019 (series)        0.005 (mix)        0.004 (add) 
Cl( 3, 2) in Cl( 3, 2) CPU =        0.007 ms (setup)        0.036 (comm)        0.092 (pade)        0.032 (series)        0.011 (mix)        0.006 (add) 
Cl( 3, 3) in Cl( 3, 3) CPU =        0.013 ms (setup)        0.079 (comm)        0.146 (pade)        0.126 (series)        0.027 (mix)        0.009 (add) 
Cl( 4, 3) in Cl( 4, 3) CPU =        0.026 ms (setup)        0.200 (comm)        0.424 (pade)        0.366 (series)        0.128 (mix)        0.022 (add) 
Cl( 4, 4) in Cl( 4, 4) CPU =        0.053 ms (setup)        1.380 (comm)        0.633 (pade)        2.178 (series)        0.175 (mix)        0.041 (add) 
Cl( 1, 0) in Cl( 4, 4) CPU =        0.001 ms (setup)        0.003 (comm)        0.007 (pade)        0.005 (series)        0.001 (mix)        0.002 (add) 
Cl( 1, 1) in Cl( 4, 4) CPU =        0.001 ms (setup)        0.004 (comm)        0.008 (pade)        0.005 (series)        0.001 (mix)        0.003 (add) 
Cl( 2, 1) in Cl( 4, 4) CPU =        0.002 ms (setup)        0.017 (comm)        0.022 (pade)        0.013 (series)        0.003 (mix)        0.003 (add) 
Cl( 2, 2) in Cl( 4, 4) CPU =        0.004 ms (setup)        0.016 (comm)        0.021 (pade)        0.022 (series)        0.005 (mix)        0.004 (add) 
Cl( 3, 2) in Cl( 4, 4) CPU =        0.005 ms (setup)        0.034 (comm)        0.087 (pade)        0.057 (series)        0.011 (mix)        0.007 (add) 
Cl( 3, 3) in Cl( 4, 4) CPU =        0.013 ms (setup)        0.081 (comm)        0.123 (pade)        0.141 (series)        0.026 (mix)        0.012 (add) 
Cl( 4, 3) in Cl( 4, 4) CPU =        0.026 ms (setup)        0.171 (comm)        0.399 (pade)        0.334 (series)        0.058 (mix)        0.017 (add) 
Cl( 4, 4) in Cl( 4, 4) CPU =        0.053 ms (setup)        1.181 (comm)        0.582 (pade)        2.359 (series)        0.176 (mix)        0.038 (add) 
Fill: 1
Cl( 1, 0) in Cl( 1, 0) CPU =        0.002 ms (setup)        0.005 (comm)        0.011 (pade)        0.009 (series)        0.002 (mix)        0.006 (add) 
Cl( 1, 1) in Cl( 1, 1) CPU =        0.002 ms (setup)        0.007 (comm)        0.007 (pade)        0.009 (series)        0.002 (mix)        0.004 (add) 
Cl( 2, 1) in Cl( 2, 1) CPU =        0.002 ms (setup)        0.011 (comm)        0.022 (pade)        0.034 (series)        0.006 (mix)        0.004 (add) 
Cl( 2, 2) in Cl( 2, 2) CPU =        0.005 ms (setup)        0.022 (comm)        0.030 (pade)        0.026 (series)        0.007 (mix)        0.005 (add) 
Cl( 3, 2) in Cl( 3, 2) CPU =        0.009 ms (setup)        0.052 (comm)        0.090 (pade)        0.101 (series)        0.015 (mix)        0.007 (add) 
Cl( 3, 3) in Cl( 3, 3) CPU =        0.019 ms (setup)        0.138 (comm)        0.165 (pade)        0.200 (series)        0.036 (mix)        0.014 (add) 
Cl( 4, 3) in Cl( 4, 3) CPU =        0.042 ms (setup)        0.438 (comm)        0.489 (pade)        0.781 (series)        0.090 (mix)        0.029 (add) 
Cl( 4, 4) in Cl( 4, 4) CPU =        0.086 ms (setup)        1.606 (comm)        0.633 (pade)        2.458 (series)        0.232 (mix)        0.075 (add) 
Cl( 1, 0) in Cl( 4, 4) CPU =        0.001 ms (setup)        0.005 (comm)        0.007 (pade)        0.007 (series)        0.002 (mix)        0.004 (add) 
Cl( 1, 1) in Cl( 4, 4) CPU =        0.002 ms (setup)        0.007 (comm)        0.007 (pade)        0.009 (series)        0.003 (mix)        0.003 (add) 
Cl( 2, 1) in Cl( 4, 4) CPU =        0.003 ms (setup)        0.011 (comm)        0.019 (pade)        0.013 (series)        0.004 (mix)        0.004 (add) 
Cl( 2, 2) in Cl( 4, 4) CPU =        0.006 ms (setup)        0.022 (comm)        0.031 (pade)        0.026 (series)        0.007 (mix)        0.004 (add) 
Cl( 3, 2) in Cl( 4, 4) CPU =        0.009 ms (setup)        0.052 (comm)        0.089 (pade)        0.067 (series)        0.015 (mix)        0.007 (add) 
Cl( 3, 3) in Cl( 4, 4) CPU =        0.019 ms (setup)        0.143 (comm)        0.128 (pade)        0.204 (series)        0.036 (mix)        0.013 (add) 
Cl( 4, 3) in Cl( 4, 4) CPU =        0.040 ms (setup)        0.425 (comm)        0.426 (pade)        0.657 (series)        0.091 (mix)        0.029 (add) 
Cl( 4, 4) in Cl( 4, 4) CPU =        0.087 ms (setup)        1.542 (comm)        0.693 (pade)        2.542 (series)        0.238 (mix)        0.076 (add) 

matrix_multi<float,-4,4>
Clifford algebra expressions test:
Fill: 0.5
Cl( 1, 0) in Cl( 1, 0) CPU =        0.005 ms (setup)        0.011 (comm)        0.004 (pade)        0.004 (series)        0.007 (mix)        0.001 (add) 
Cl( 1, 1) in Cl( 1, 1) CPU =        0.005 ms (setup)        0.019 (comm)        0.003 (pade)        0.003 (series)        0.022 (mix)        0.001 (add) 
Cl( 2, 1) in Cl( 2, 1) CPU =        0.005 ms (setup)        0.080 (comm)        0.004 (pade)        0.003 (series)        0.074 (mix)        0.001 (add) 
Cl( 2, 2) in Cl( 2, 2) CPU =        0.006 ms (setup)        0.110 (comm)        0.003 (pade)        0.003 (series)        0.107 (mix)        0.001 (add) 
Cl( 3, 2) in Cl( 3, 2) CPU =        0.032 ms (setup)        0.352 (comm)        0.005 (pade)        0.005 (series)        0.348 (mix)        0.001 (add) 
Cl( 3, 3) in Cl( 3, 3) CPU =        0.064 ms (setup)        0.680 (comm)        0.005 (pade)        0.005 (series)        0.627 (mix)        0.001 (add) 
Cl( 4, 3) in Cl( 4, 3) CPU =        0.143 ms (setup)        2.810 (comm)        0.009 (pade)        0.009 (series)        2.781 (mix)        0.001 (add) 
Cl( 4, 4) in Cl( 4, 4) CPU =        0.280 ms (setup)        4.106 (comm)        0.010 (pade)        0.009 (series)        4.100 (mix)        0.001 (add) 
Cl( 1, 0) in Cl( 4, 4) CPU =        0.005 ms (setup)        0.070 (comm)        0.009 (pade)        0.009 (series)        0.061 (mix)        0.001 (add) 
Cl( 1, 1) in Cl( 4, 4) CPU =        0.007 ms (setup)        0.088 (comm)        0.009 (pade)        0.009 (series)        0.089 (mix)        0.001 (add) 
Cl( 2, 1) in Cl( 4, 4) CPU =        0.019 ms (setup)        0.198 (comm)        0.009 (pade)        0.009 (series)        0.193 (mix)        0.001 (add) 
Cl( 2, 2) in Cl( 4, 4) CPU =        0.034 ms (setup)        0.246 (comm)        0.009 (pade)        0.009 (series)        0.247 (mix)        0.001 (add) 
Cl( 3, 2) in Cl( 4, 4) CPU =        0.141 ms (setup)        0.655 (comm)        0.009 (pade)        0.009 (series)        0.649 (mix)        0.001 (add) 
Cl( 3, 3) in Cl( 4, 4) CPU =        0.220 ms (setup)        0.963 (comm)        0.010 (pade)        0.009 (series)        0.955 (mix)        0.002 (add) 
Cl( 4, 3) in Cl( 4, 4) CPU =        0.543 ms (setup)        2.626 (comm)        0.010 (pade)        0.009 (series)        2.610 (mix)        0.001 (add) 
Cl( 4, 4) in Cl( 4, 4) CPU =        0.280 ms (setup)        4.158 (comm)        0.009 (pade)        0.009 (series)        4.122 (mix)        0.001 (add) 
Fill: 1
Cl( 1, 0) in Cl( 1, 0) CPU =        0.004 ms (setup)        0.021 (comm)        0.004 (pade)        0.005 (series)        0.019 (mix)        0.002 (add) 
Cl( 1, 1) in Cl( 1, 1) CPU =        0.004 ms (setup)        0.028 (comm)        0.003 (pade)        0.005 (series)        0.025 (mix)        0.001 (add) 
Cl( 2, 1) in Cl( 2, 1) CPU =        0.007 ms (setup)        0.087 (comm)        0.003 (pade)        0.004 (series)        0.082 (mix)        0.001 (add) 
Cl( 2, 2) in Cl( 2, 2) CPU =        0.016 ms (setup)        0.138 (comm)        0.003 (pade)        0.004 (series)        0.128 (mix)        0.001 (add) 
Cl( 3, 2) in Cl( 3, 2) CPU =        0.042 ms (setup)        0.480 (comm)        0.005 (pade)        0.005 (series)        0.474 (mix)        0.001 (add) 
Cl( 3, 3) in Cl( 3, 3) CPU =        0.077 ms (setup)        0.762 (comm)        0.005 (pade)        0.005 (series)        0.750 (mix)        0.001 (add) 
Cl( 4, 3) in Cl( 4, 3) CPU =        0.202 ms (setup)        3.191 (comm)        0.009 (pade)        0.009 (series)        3.254 (mix)        0.001 (add) 
Cl( 4, 4) in Cl( 4, 4) CPU =        0.385 ms (setup)        4.808 (comm)        0.009 (pade)        0.009 (series)        4.825 (mix)        0.002 (add) 
Cl( 1, 0) in Cl( 4, 4) CPU =        0.007 ms (setup)        0.145 (comm)        0.009 (pade)        0.009 (series)        0.124 (mix)        0.002 (add) 
Cl( 1, 1) in Cl( 4, 4) CPU =        0.009 ms (setup)        0.190 (comm)        0.009 (pade)        0.009 (series)        0.164 (mix)        0.001 (add) 
Cl( 2, 1) in Cl( 4, 4) CPU =        0.028 ms (setup)        0.246 (comm)        0.009 (pade)        0.009 (series)        0.255 (mix)        0.001 (add) 
Cl( 2, 2) in Cl( 4, 4) CPU =        0.073 ms (setup)        0.355 (comm)        0.009 (pade)        0.011 (series)        0.352 (mix)        0.001 (add) 
Cl( 3, 2) in Cl( 4, 4) CPU =        0.164 ms (setup)        0.744 (comm)        0.009 (pade)        0.009 (series)        0.744 (mix)        0.002 (add) 
Cl( 3, 3) in Cl( 4, 4) CPU =        0.262 ms (setup)        1.147 (comm)        0.009 (pade)        0.009 (series)        1.130 (mix)        0.002 (add) 
Cl( 4, 3) in Cl( 4, 4) CPU =        0.699 ms (setup)        3.378 (comm)        0.009 (pade)        0.009 (series)        3.357 (mix)        0.001 (add) 
Cl( 4, 4) in Cl( 4, 4) CPU =        0.387 ms (setup)        4.769 (comm)        0.009 (pade)        0.009 (series)        4.817 (mix)        0.001 (add) 

framed_multi<double>
Clifford algebra expressions test:
Fill: 0.5
Cl( 1, 0) in Cl( 1, 0) CPU =        0.002 ms (setup)        0.005 (comm)        0.009 (pade)        0.007 (series)        0.001 (mix)        0.004 (add) 
Cl( 1, 1) in Cl( 1, 1) CPU =        0.002 ms (setup)        0.002 (comm)        0.008 (pade)        0.002 (series)        0.001 (mix)        0.003 (add) 
Cl( 2, 1) in Cl( 2, 1) CPU =        0.002 ms (setup)        0.011 (comm)        0.018 (pade)        0.011 (series)        0.003 (mix)        0.003 (add) 
Cl( 2, 2) in Cl( 2, 2) CPU =        0.005 ms (setup)        0.018 (comm)        0.022 (pade)        0.022 (series)        0.006 (mix)        0.004 (add) 
Cl( 3, 2) in Cl( 3, 2) CPU =        0.006 ms (setup)        0.038 (comm)        0.088 (pade)        0.036 (series)        0.013 (mix)        0.005 (add) 
Cl( 3, 3) in Cl( 3, 3) CPU =        0.015 ms (setup)        0.098 (comm)        0.112 (pade)        0.152 (series)        0.031 (mix)        0.012 (add) 
Cl( 4, 3) in Cl( 4, 3) CPU =        0.029 ms (setup)        0.232 (comm)        0.367 (pade)        0.452 (series)        0.072 (mix)        0.013 (add) 
Cl( 4, 4) in Cl( 4, 4) CPU =        0.059 ms (setup)        1.169 (comm)        0.530 (pade)        2.017 (series)        0.193 (mix)        0.026 (add) 
Cl( 5, 4) in Cl( 5, 4) CPU =        0.186 ms (setup)        3.716 (comm)        5.724 (pade)        6.831 (series)        0.496 (mix)        0.056 (add) 
Cl( 5, 5) in Cl( 5, 5) CPU =        0.225 ms (setup)        5.937 (comm)        7.160 (pade)        9.749 (series)        1.339 (mix)        0.120 (add) 
Cl( 6, 5) in Cl( 6, 5) CPU =        0.483 ms (setup)       19.934 (comm)       12.979 (pade)       32.538 (series)        3.577 (mix)        0.191 (add) 
Cl( 6, 6) in Cl( 6, 6) CPU =        0.947 ms (setup)       31.749 (comm)       15.966 (pade)       45.147 (series)       10.217 (mix)        0.381 (add) 
Cl( 7, 6) in Cl( 7, 6) CPU =        1.978 ms (setup)      109.636 (comm)       44.447 (pade)      169.089 (series)       29.585 (mix)        0.920 (add) 
Cl( 7, 7) in Cl( 7, 7) CPU =        4.107 ms (setup)      196.022 (comm)       60.412 (pade)      234.699 (series)       87.776 (mix)        1.590 (add) 
Cl( 8, 7) in Cl( 8, 7) CPU =        7.990 ms (setup)      618.604 (comm)      206.629 (pade)      776.974 (series)      256.421 (mix)        3.394 (add) 
Cl( 8, 8) in Cl( 8, 8) CPU =       15.715 ms (setup)     1288.305 (comm)      288.158 (pade)     1099.427 (series)      791.294 (mix)        8.002 (add) 
Cl( 1, 0) in Cl( 8, 8) CPU =        0.002 ms (setup)        0.003 (comm)        0.007 (pade)        0.006 (series)        0.001 (mix)        0.003 (add) 
Cl( 1, 1) in Cl( 8, 8) CPU =        0.002 ms (setup)        0.001 (comm)        0.009 (pade)        0.002 (series)        0.001 (mix)        0.003 (add) 
Cl( 2, 1) in Cl( 8, 8) CPU =        0.002 ms (setup)        0.010 (comm)        0.017 (pade)        0.010 (series)        0.004 (mix)        0.003 (add) 
Cl( 2, 2) in Cl( 8, 8) CPU =        0.005 ms (setup)        0.026 (comm)        0.024 (pade)        0.021 (series)        0.006 (mix)        0.004 (add) 
Cl( 3, 2) in Cl( 8, 8) CPU =        0.005 ms (setup)        0.028 (comm)        0.057 (pade)        0.030 (series)        0.009 (mix)        0.004 (add) 
Cl( 3, 3) in Cl( 8, 8) CPU =        0.013 ms (setup)        0.143 (comm)        0.119 (pade)        0.214 (series)        0.033 (mix)        0.007 (add) 
Cl( 4, 3) in Cl( 8, 8) CPU =        0.029 ms (setup)        0.301 (comm)        0.435 (pade)        0.536 (series)        0.072 (mix)        0.013 (add) 
Cl( 4, 4) in Cl( 8, 8) CPU =        0.057 ms (setup)        1.252 (comm)        0.619 (pade)        2.240 (series)        0.186 (mix)        0.024 (add) 
Cl( 5, 4) in Cl( 8, 8) CPU =        0.113 ms (setup)        3.766 (comm)        5.796 (pade)        6.724 (series)        0.484 (mix)        0.045 (add) 
Cl( 5, 5) in Cl( 8, 8) CPU =        0.274 ms (setup)        5.702 (comm)        7.229 (pade)        9.591 (series)        1.258 (mix)        0.088 (add) 
Cl( 6, 5) in Cl( 8, 8) CPU =        0.461 ms (setup)       18.675 (comm)       12.136 (pade)       31.787 (series)        3.524 (mix)        0.184 (add) 
Cl( 6, 6) in Cl( 8, 8) CPU =        0.953 ms (setup)       31.106 (comm)       15.538 (pade)       46.386 (series)       10.541 (mix)        0.393 (add) 
Cl( 7, 6) in Cl( 8, 8) CPU =        2.102 ms (setup)      109.020 (comm)       44.226 (pade)      167.144 (series)       29.369 (mix)        0.779 (add) 
Cl( 7, 7) in Cl( 8, 8) CPU =        3.753 ms (setup)      196.563 (comm)       60.097 (pade)      233.290 (series)       86.973 (mix)        1.602 (add) 
Cl( 8, 7) in Cl( 8, 8) CPU =        7.735 ms (setup)      624.494 (comm)      203.387 (pade)      767.399 (series)      264.118 (mix)        3.546 (add) 
Cl( 8, 8) in Cl( 8, 8) CPU =       16.394 ms (setup)     1281.052 (comm)      288.462 (pade)     1094.064 (series)      790.585 (mix)        7.969 (add) 
Fill: 1
Cl( 1, 0) in Cl( 1, 0) CPU =        0.002 ms (setup)        0.006 (comm)        0.009 (pade)        0.011 (series)        0.002 (mix)        0.004 (add) 
Cl( 1, 1) in Cl( 1, 1) CPU =        0.004 ms (setup)        0.008 (comm)        0.009 (pade)        0.010 (series)        0.003 (mix)        0.005 (add) 
Cl( 2, 1) in Cl( 2, 1) CPU =        0.005 ms (setup)        0.013 (comm)        0.019 (pade)        0.015 (series)        0.004 (mix)        0.004 (add) 
Cl( 2, 2) in Cl( 2, 2) CPU =        0.007 ms (setup)        0.025 (comm)        0.030 (pade)        0.036 (series)        0.009 (mix)        0.004 (add) 
Cl( 3, 2) in Cl( 3, 2) CPU =        0.011 ms (setup)        0.062 (comm)        0.091 (pade)        0.083 (series)        0.018 (mix)        0.007 (add) 
Cl( 3, 3) in Cl( 3, 3) CPU =        0.026 ms (setup)        0.171 (comm)        0.125 (pade)        0.252 (series)        0.043 (mix)        0.011 (add) 
Cl( 4, 3) in Cl( 4, 3) CPU =        0.052 ms (setup)        0.538 (comm)        0.405 (pade)        0.861 (series)        0.104 (mix)        0.021 (add) 
Cl( 4, 4) in Cl( 4, 4) CPU =        0.096 ms (setup)        1.458 (comm)        0.654 (pade)        2.406 (series)        0.264 (mix)        0.041 (add) 
Cl( 5, 4) in Cl( 5, 4) CPU =        0.189 ms (setup)        4.665 (comm)        5.500 (pade)        7.500 (series)        0.693 (mix)        0.081 (add) 
Cl( 5, 5) in Cl( 5, 5) CPU =        0.379 ms (setup)        7.359 (comm)        6.694 (pade)       10.957 (series)        1.843 (mix)        0.163 (add) 
Cl( 6, 5) in Cl( 6, 5) CPU =        0.762 ms (setup)       22.820 (comm)       13.141 (pade)       35.473 (series)        5.200 (mix)        0.340 (add) 
Cl( 6, 6) in Cl( 6, 6) CPU =        1.574 ms (setup)       42.120 (comm)       17.500 (pade)       52.860 (series)       14.545 (mix)        0.704 (add) 
Cl( 7, 6) in Cl( 7, 6) CPU =        3.141 ms (setup)      137.377 (comm)       48.333 (pade)      188.827 (series)       42.537 (mix)        1.478 (add) 
Cl( 7, 7) in Cl( 7, 7) CPU =        6.321 ms (setup)      262.916 (comm)       71.329 (pade)      279.231 (series)      125.564 (mix)        2.987 (add) 
Cl( 8, 7) in Cl( 8, 7) CPU =       13.130 ms (setup)      833.652 (comm)      238.287 (pade)      892.940 (series)      387.524 (mix)        7.285 (add) 
Cl( 8, 8) in Cl( 8, 8) CPU =       26.846 ms (setup)     1841.385 (comm)      356.688 (pade)     1363.649 (series)     1171.581 (mix)       18.699 (add) 
Cl( 1, 0) in Cl( 8, 8) CPU =        0.002 ms (setup)        0.007 (comm)        0.009 (pade)        0.009 (series)        0.002 (mix)        0.004 (add) 
Cl( 1, 1) in Cl( 8, 8) CPU =        0.004 ms (setup)        0.008 (comm)        0.008 (pade)        0.010 (series)        0.003 (mix)        0.003 (add) 
Cl( 2, 1) in Cl( 8, 8) CPU =        0.004 ms (setup)        0.013 (comm)        0.028 (pade)        0.015 (series)        0.004 (mix)        0.003 (add) 
Cl( 2, 2) in Cl( 8, 8) CPU =        0.007 ms (setup)        0.025 (comm)        0.030 (pade)        0.030 (series)        0.008 (mix)        0.005 (add) 
Cl( 3, 2) in Cl( 8, 8) CPU =        0.011 ms (setup)        0.060 (comm)        0.096 (pade)        0.083 (series)        0.018 (mix)        0.007 (add) 
Cl( 3, 3) in Cl( 8, 8) CPU =        0.023 ms (setup)        0.170 (comm)        0.126 (pade)        0.257 (series)        0.043 (mix)        0.011 (add) 
Cl( 4, 3) in Cl( 8, 8) CPU =        0.049 ms (setup)        0.597 (comm)        0.479 (pade)        0.851 (series)        0.112 (mix)        0.022 (add) 
Cl( 4, 4) in Cl( 8, 8) CPU =        0.095 ms (setup)        1.432 (comm)        0.595 (pade)        2.317 (series)        0.268 (mix)        0.041 (add) 
Cl( 5, 4) in Cl( 8, 8) CPU =        0.190 ms (setup)        4.486 (comm)        5.554 (pade)        7.453 (series)        0.690 (mix)        0.080 (add) 
Cl( 5, 5) in Cl( 8, 8) CPU =        0.377 ms (setup)        7.333 (comm)        8.206 (pade)       11.063 (series)        1.841 (mix)        0.167 (add) 
Cl( 6, 5) in Cl( 8, 8) CPU =        0.925 ms (setup)       22.816 (comm)       13.130 (pade)       36.461 (series)        5.108 (mix)        0.340 (add) 
Cl( 6, 6) in Cl( 8, 8) CPU =        1.576 ms (setup)       41.001 (comm)       17.456 (pade)       54.611 (series)       14.601 (mix)        0.708 (add) 
Cl( 7, 6) in Cl( 8, 8) CPU =        3.159 ms (setup)      136.984 (comm)       49.617 (pade)      190.375 (series)       42.740 (mix)        1.453 (add) 
Cl( 7, 7) in Cl( 8, 8) CPU =        6.264 ms (setup)      262.786 (comm)       71.019 (pade)      279.015 (series)      124.511 (mix)        2.998 (add) 
Cl( 8, 7) in Cl( 8, 8) CPU =       13.077 ms (setup)      830.198 (comm)      235.002 (pade)      888.619 (series)      391.142 (mix)        7.142 (add) 
Cl( 8, 8) in Cl( 8, 8) CPU =       27.247 ms (setup)     1841.548 (comm)      356.817 (pade)     1366.842 (series)     1175.781 (mix)       18.635 (add) 

matrix_multi<double>
Clifford algebra expressions test:
Fill: 0.5
Cl( 1, 0) in Cl( 1, 0) CPU =        0.009 ms (setup)        0.013 (comm)        0.004 (pade)        0.006 (series)        0.009 (mix)        0.001 (add) 
Cl( 1, 1) in Cl( 1, 1) CPU =        0.014 ms (setup)        0.015 (comm)        0.003 (pade)        0.003 (series)        0.009 (mix)        0.001 (add) 
Cl( 2, 1) in Cl( 2, 1) CPU =        0.005 ms (setup)        0.073 (comm)        0.004 (pade)        0.004 (series)        0.069 (mix)        0.001 (add) 
Cl( 2, 2) in Cl( 2, 2) CPU =        0.005 ms (setup)        0.124 (comm)        0.004 (pade)        0.003 (series)        0.113 (mix)        0.001 (add) 
Cl( 3, 2) in Cl( 3, 2) CPU =        0.043 ms (setup)        0.334 (comm)        0.005 (pade)        0.005 (series)        0.321 (mix)        0.001 (add) 
Cl( 3, 3) in Cl( 3, 3) CPU =        0.068 ms (setup)        0.583 (comm)        0.005 (pade)        0.005 (series)        0.587 (mix)        0.001 (add) 
Cl( 4, 3) in Cl( 4, 3) CPU =        0.169 ms (setup)        2.706 (comm)        0.012 (pade)        0.013 (series)        2.664 (mix)        0.002 (add) 
Cl( 4, 4) in Cl( 4, 4) CPU =        0.304 ms (setup)        4.154 (comm)        0.011 (pade)        0.013 (series)        4.050 (mix)        0.002 (add) 
Cl( 5, 4) in Cl( 5, 4) CPU =        0.701 ms (setup)       15.700 (comm)        0.046 (pade)        0.052 (series)       15.568 (mix)        0.004 (add) 
Cl( 5, 5) in Cl( 5, 5) CPU =        1.361 ms (setup)       22.695 (comm)        0.045 (pade)        0.051 (series)       22.985 (mix)        0.004 (add) 
Cl( 6, 5) in Cl( 6, 5) CPU =        3.603 ms (setup)       87.782 (comm)        0.220 (pade)        0.300 (series)       87.249 (mix)        0.019 (add) 
Cl( 6, 6) in Cl( 6, 6) CPU =        6.120 ms (setup)      120.713 (comm)        0.222 (pade)        1.804 (series)      120.615 (mix)        0.018 (add) 
Cl( 7, 6) in Cl( 7, 6) CPU =       14.026 ms (setup)      568.121 (comm)        5.955 (pade)        3.867 (series)      555.747 (mix)        0.095 (add) 
Cl( 7, 7) in Cl( 7, 7) CPU =       27.902 ms (setup)      734.049 (comm)        5.929 (pade)        3.860 (series)      729.784 (mix)        0.097 (add) 
Cl( 8, 7) in Cl( 8, 7) CPU =       67.998 ms (setup)     4146.342 (comm)       15.505 (pade)       24.082 (series)     3977.369 (mix)        0.399 (add) 
Cl( 8, 8) in Cl( 8, 8) CPU =      133.900 ms (setup)     4485.427 (comm)       17.518 (pade)       22.419 (series)     4455.870 (mix)        0.409 (add) 
Cl( 1, 0) in Cl( 8, 8) CPU =        0.068 ms (setup)       43.366 (comm)       17.107 (pade)       22.397 (series)       29.602 (mix)        0.397 (add) 
Cl( 1, 1) in Cl( 8, 8) CPU =        0.095 ms (setup)       68.742 (comm)       15.930 (pade)       23.883 (series)       56.267 (mix)        0.393 (add) 
Cl( 2, 1) in Cl( 8, 8) CPU =        0.184 ms (setup)      142.383 (comm)       17.889 (pade)       23.881 (series)      132.793 (mix)        0.454 (add) 
Cl( 2, 2) in Cl( 8, 8) CPU =        0.418 ms (setup)      239.220 (comm)       17.918 (pade)       23.881 (series)      225.919 (mix)        0.393 (add) 
Cl( 3, 2) in Cl( 8, 8) CPU =        2.061 ms (setup)      330.988 (comm)       17.582 (pade)       23.927 (series)      315.900 (mix)        0.394 (add) 
Cl( 3, 3) in Cl( 8, 8) CPU =        3.348 ms (setup)      443.737 (comm)       16.208 (pade)       22.263 (series)      430.805 (mix)        0.386 (add) 
Cl( 4, 3) in Cl( 8, 8) CPU =        3.648 ms (setup)      468.048 (comm)       16.035 (pade)       23.804 (series)      456.559 (mix)        0.394 (add) 
Cl( 4, 4) in Cl( 8, 8) CPU =        4.046 ms (setup)      635.284 (comm)       19.067 (pade)       31.520 (series)      622.010 (mix)        0.391 (add) 
Cl( 5, 4) in Cl( 8, 8) CPU =        5.713 ms (setup)      814.983 (comm)       15.757 (pade)       23.780 (series)      803.171 (mix)        0.404 (add) 
Cl( 5, 5) in Cl( 8, 8) CPU =        7.874 ms (setup)      950.178 (comm)       17.626 (pade)       22.317 (series)      937.503 (mix)        0.391 (add) 
Cl( 6, 5) in Cl( 8, 8) CPU =       15.082 ms (setup)     1228.841 (comm)       17.753 (pade)       20.340 (series)     1217.104 (mix)        0.404 (add) 
Cl( 6, 6) in Cl( 8, 8) CPU =       24.867 ms (setup)     1337.083 (comm)       17.302 (pade)       23.851 (series)     1325.840 (mix)        0.388 (add) 
Cl( 7, 6) in Cl( 8, 8) CPU =       57.267 ms (setup)     1750.120 (comm)       17.548 (pade)       24.160 (series)     1733.424 (mix)        0.397 (add) 
Cl( 7, 7) in Cl( 8, 8) CPU =      103.473 ms (setup)     2172.604 (comm)       17.562 (pade)       23.839 (series)     2161.905 (mix)        0.391 (add) 
Cl( 8, 7) in Cl( 8, 8) CPU =      248.923 ms (setup)     3754.990 (comm)       17.553 (pade)       22.075 (series)     3723.616 (mix)        0.416 (add) 
Cl( 8, 8) in Cl( 8, 8) CPU =      134.576 ms (setup)     4427.272 (comm)       17.365 (pade)       24.317 (series)     4408.080 (mix)        0.402 (add) 
Fill: 1
Cl( 1, 0) in Cl( 1, 0) CPU =        0.004 ms (setup)        0.026 (comm)        0.004 (pade)        0.006 (series)        0.016 (mix)        0.001 (add) 
Cl( 1, 1) in Cl( 1, 1) CPU =        0.004 ms (setup)        0.028 (comm)        0.003 (pade)        0.003 (series)        0.023 (mix)        0.001 (add) 
Cl( 2, 1) in Cl( 2, 1) CPU =        0.005 ms (setup)        0.089 (comm)        0.004 (pade)        0.004 (series)        0.096 (mix)        0.001 (add) 
Cl( 2, 2) in Cl( 2, 2) CPU =        0.019 ms (setup)        0.138 (comm)        0.003 (pade)        0.004 (series)        0.142 (mix)        0.001 (add) 
Cl( 3, 2) in Cl( 3, 2) CPU =        0.049 ms (setup)        0.474 (comm)        0.005 (pade)        0.005 (series)        0.474 (mix)        0.001 (add) 
Cl( 3, 3) in Cl( 3, 3) CPU =        0.088 ms (setup)        0.768 (comm)        0.005 (pade)        0.005 (series)        0.776 (mix)        0.001 (add) 
Cl( 4, 3) in Cl( 4, 3) CPU =        0.212 ms (setup)        3.248 (comm)        0.011 (pade)        0.013 (series)        3.246 (mix)        0.002 (add) 
Cl( 4, 4) in Cl( 4, 4) CPU =        0.417 ms (setup)        4.848 (comm)        0.012 (pade)        0.013 (series)        4.777 (mix)        0.002 (add) 
Cl( 5, 4) in Cl( 5, 4) CPU =        0.994 ms (setup)       17.553 (comm)        0.047 (pade)        0.052 (series)       17.307 (mix)        0.005 (add) 
Cl( 5, 5) in Cl( 5, 5) CPU =        2.012 ms (setup)       25.005 (comm)        0.047 (pade)        0.052 (series)       25.498 (mix)        0.004 (add) 
Cl( 6, 5) in Cl( 6, 5) CPU =        4.630 ms (setup)       94.546 (comm)        0.718 (pade)        1.786 (series)       93.708 (mix)        0.019 (add) 
Cl( 6, 6) in Cl( 6, 6) CPU =        9.206 ms (setup)      130.244 (comm)        0.222 (pade)        1.648 (series)      130.626 (mix)        0.019 (add) 
Cl( 7, 6) in Cl( 7, 6) CPU =       21.377 ms (setup)      608.311 (comm)        5.857 (pade)        3.860 (series)      605.621 (mix)        0.095 (add) 
Cl( 7, 7) in Cl( 7, 7) CPU =       43.092 ms (setup)      797.216 (comm)        5.902 (pade)        3.868 (series)      787.624 (mix)        0.098 (add) 
Cl( 8, 7) in Cl( 8, 7) CPU =      109.525 ms (setup)     4851.620 (comm)       16.011 (pade)       25.604 (series)     4698.664 (mix)        0.398 (add) 
Cl( 8, 8) in Cl( 8, 8) CPU =      220.197 ms (setup)     4901.079 (comm)       15.972 (pade)       24.084 (series)     4879.713 (mix)        0.409 (add) 
Cl( 1, 0) in Cl( 8, 8) CPU =        0.092 ms (setup)       84.737 (comm)       18.090 (pade)       23.885 (series)       70.796 (mix)        0.398 (add) 
Cl( 1, 1) in Cl( 8, 8) CPU =        0.138 ms (setup)      128.343 (comm)       16.678 (pade)       23.881 (series)      114.582 (mix)        0.393 (add) 
Cl( 2, 1) in Cl( 8, 8) CPU =        0.285 ms (setup)      188.625 (comm)       16.427 (pade)       23.880 (series)      175.792 (mix)        0.401 (add) 
Cl( 2, 2) in Cl( 8, 8) CPU =        3.333 ms (setup)      266.060 (comm)       17.782 (pade)       23.755 (series)      251.907 (mix)        0.390 (add) 
Cl( 3, 2) in Cl( 8, 8) CPU =        3.212 ms (setup)      361.617 (comm)       17.861 (pade)       22.253 (series)      348.217 (mix)        0.390 (add) 
Cl( 3, 3) in Cl( 8, 8) CPU =        3.341 ms (setup)      486.322 (comm)       17.662 (pade)       23.778 (series)      473.552 (mix)        0.390 (add) 
Cl( 4, 3) in Cl( 8, 8) CPU =        3.821 ms (setup)      641.796 (comm)       17.640 (pade)       23.755 (series)      626.539 (mix)        0.391 (add) 
Cl( 4, 4) in Cl( 8, 8) CPU =        4.420 ms (setup)      794.107 (comm)       17.728 (pade)       23.730 (series)      778.525 (mix)        0.386 (add) 
Cl( 5, 4) in Cl( 8, 8) CPU =        6.538 ms (setup)      962.516 (comm)       16.114 (pade)       22.250 (series)      945.377 (mix)        0.393 (add) 
Cl( 5, 5) in Cl( 8, 8) CPU =        9.364 ms (setup)     1125.380 (comm)       17.577 (pade)       22.389 (series)     1108.433 (mix)        0.391 (add) 
Cl( 6, 5) in Cl( 8, 8) CPU =       18.718 ms (setup)     1353.285 (comm)       17.587 (pade)       23.840 (series)     1340.272 (mix)        0.391 (add) 
Cl( 6, 6) in Cl( 8, 8) CPU =       32.775 ms (setup)     1545.224 (comm)       16.105 (pade)       22.312 (series)     1536.419 (mix)        0.393 (add) 
Cl( 7, 6) in Cl( 8, 8) CPU =       76.392 ms (setup)     2037.240 (comm)       17.330 (pade)       22.472 (series)     2016.569 (mix)        0.398 (add) 
Cl( 7, 7) in Cl( 8, 8) CPU =      141.018 ms (setup)     2375.260 (comm)       17.561 (pade)       21.927 (series)     2360.663 (mix)        0.406 (add) 
Cl( 8, 7) in Cl( 8, 8) CPU =      345.483 ms (setup)     4006.024 (comm)       17.741 (pade)       22.024 (series)     3984.191 (mix)        0.426 (add) 
Cl( 8, 8) in Cl( 8, 8) CPU =      220.374 ms (setup)     4899.209 (comm)       16.963 (pade)       25.633 (series)     4883.282 (mix)        0.397 (add) 
