expressions/expressions
	linux-vdso.so.1 (0x000074a611c32000)
	libflexiblas.so.3 => /lib/x86_64-linux-gnu/libflexiblas.so.3 (0x000074a610e00000)
	libstdc++.so.6 => /lib/x86_64-linux-gnu/libstdc++.so.6 (0x000074a610a00000)
	libm.so.6 => /lib/x86_64-linux-gnu/libm.so.6 (0x000074a611afd000)
	libgcc_s.so.1 => /lib/x86_64-linux-gnu/libgcc_s.so.1 (0x000074a6115d3000)
	libc.so.6 => /lib/x86_64-linux-gnu/libc.so.6 (0x000074a610600000)
	/lib64/ld-linux-x86-64.so.2 (0x000074a611c34000)
gfft_test/gfft_test
	linux-vdso.so.1 (0x00007898a1826000)
	libflexiblas.so.3 => /lib/x86_64-linux-gnu/libflexiblas.so.3 (0x00007898a0c00000)
	libstdc++.so.6 => /lib/x86_64-linux-gnu/libstdc++.so.6 (0x00007898a0800000)
	libm.so.6 => /lib/x86_64-linux-gnu/libm.so.6 (0x00007898a16f1000)
	libgcc_s.so.1 => /lib/x86_64-linux-gnu/libgcc_s.so.1 (0x00007898a16c4000)
	libc.so.6 => /lib/x86_64-linux-gnu/libc.so.6 (0x00007898a0400000)
	/lib64/ld-linux-x86-64.so.2 (0x00007898a1828000)
products/products
	linux-vdso.so.1 (0x00007143f7a63000)
	libflexiblas.so.3 => /lib/x86_64-linux-gnu/libflexiblas.so.3 (0x00007143f6c00000)
	libstdc++.so.6 => /lib/x86_64-linux-gnu/libstdc++.so.6 (0x00007143f6800000)
	libm.so.6 => /lib/x86_64-linux-gnu/libm.so.6 (0x00007143f792e000)
	libgcc_s.so.1 => /lib/x86_64-linux-gnu/libgcc_s.so.1 (0x00007143f7901000)
	libc.so.6 => /lib/x86_64-linux-gnu/libc.so.6 (0x00007143f6400000)
	/lib64/ld-linux-x86-64.so.2 (0x00007143f7a65000)
squaring/squaring
	linux-vdso.so.1 (0x000079d00a8db000)
	libflexiblas.so.3 => /lib/x86_64-linux-gnu/libflexiblas.so.3 (0x000079d009e00000)
	libstdc++.so.6 => /lib/x86_64-linux-gnu/libstdc++.so.6 (0x000079d009a00000)
	libm.so.6 => /lib/x86_64-linux-gnu/libm.so.6 (0x000079d009d09000)
	libgcc_s.so.1 => /lib/x86_64-linux-gnu/libgcc_s.so.1 (0x000079d00a5d3000)
	libc.so.6 => /lib/x86_64-linux-gnu/libc.so.6 (0x000079d009600000)
	/lib64/ld-linux-x86-64.so.2 (0x000079d00a8dd000)
transforms/transforms
	linux-vdso.so.1 (0x0000717c9ef6e000)
	libflexiblas.so.3 => /lib/x86_64-linux-gnu/libflexiblas.so.3 (0x0000717c9e400000)
	libstdc++.so.6 => /lib/x86_64-linux-gnu/libstdc++.so.6 (0x0000717c9e000000)
	libm.so.6 => /lib/x86_64-linux-gnu/libm.so.6 (0x0000717c9e309000)
	libgcc_s.so.1 => /lib/x86_64-linux-gnu/libgcc_s.so.1 (0x0000717c9ef03000)
	libc.so.6 => /lib/x86_64-linux-gnu/libc.so.6 (0x0000717c9dc00000)
	/lib64/ld-linux-x86-64.so.2 (0x0000717c9ef70000)
versor/versor
	linux-vdso.so.1 (0x000075807b421000)
	libflexiblas.so.3 => /lib/x86_64-linux-gnu/libflexiblas.so.3 (0x000075807a800000)
	libstdc++.so.6 => /lib/x86_64-linux-gnu/libstdc++.so.6 (0x000075807a400000)
	libm.so.6 => /lib/x86_64-linux-gnu/libm.so.6 (0x000075807b2ec000)
	libgcc_s.so.1 => /lib/x86_64-linux-gnu/libgcc_s.so.1 (0x000075807b2bf000)
	libc.so.6 => /lib/x86_64-linux-gnu/libc.so.6 (0x000075807a000000)
	/lib64/ld-linux-x86-64.so.2 (0x000075807b423000)
