
framed_multi<float,-4,4>
Clifford algebra products test:
Fill: 0.5
Cl( 1, 0) in Cl( 1, 0) CPU =        0.002 ms (setup)        0.003 (*)        0.003 (^)        0.003 (&)        0.001 (%) 
Cl( 1, 1) in Cl( 1, 1) CPU =        0.002 ms (setup)        0.002 (*)        0.002 (^)        0.002 (&)        0.001 (%) 
Cl( 2, 1) in Cl( 2, 1) CPU =        0.002 ms (setup)        0.005 (*)        0.004 (^)        0.003 (&)        0.003 (%) 
Cl( 2, 2) in Cl( 2, 2) CPU =        0.003 ms (setup)        0.007 (*)        0.005 (^)        0.004 (&)        0.004 (%) 
Cl( 3, 2) in Cl( 3, 2) CPU =        0.068 ms (setup)        0.015 (*)        0.009 (^)        0.008 (&)        0.007 (%) 
Cl( 3, 3) in Cl( 3, 3) CPU =        0.010 ms (setup)        0.036 (*)        0.019 (^)        0.017 (&)        0.014 (%) 
Cl( 4, 3) in Cl( 4, 3) CPU =        0.023 ms (setup)        0.133 (*)        0.052 (^)        0.050 (&)        0.037 (%) 
Cl( 4, 4) in Cl( 4, 4) CPU =        0.043 ms (setup)        0.827 (*)        0.114 (^)        0.156 (&)        0.074 (%) 
Cl( 1, 0) in Cl( 4, 4) CPU =        0.001 ms (setup)        0.001 (*)        0.001 (^)        0.001 (&)        0.001 (%) 
Cl( 1, 1) in Cl( 4, 4) CPU =        0.002 ms (setup)        0.001 (*)        0.002 (^)        0.001 (&)        0.002 (%) 
Cl( 2, 1) in Cl( 4, 4) CPU =        0.002 ms (setup)        0.004 (*)        0.003 (^)        0.002 (&)        0.002 (%) 
Cl( 2, 2) in Cl( 4, 4) CPU =        0.003 ms (setup)        0.005 (*)        0.004 (^)        0.003 (&)        0.003 (%) 
Cl( 3, 2) in Cl( 4, 4) CPU =        0.005 ms (setup)        0.015 (*)        0.009 (^)        0.007 (&)        0.007 (%) 
Cl( 3, 3) in Cl( 4, 4) CPU =        0.010 ms (setup)        0.033 (*)        0.019 (^)        0.016 (&)        0.053 (%) 
Cl( 4, 3) in Cl( 4, 4) CPU =        0.022 ms (setup)        0.102 (*)        0.047 (^)        0.049 (&)        0.035 (%) 
Cl( 4, 4) in Cl( 4, 4) CPU =        0.069 ms (setup)        0.785 (*)        0.113 (^)        0.137 (&)        0.079 (%) 
Fill: 1
Cl( 1, 0) in Cl( 1, 0) CPU =        0.002 ms (setup)        0.003 (*)        0.003 (^)        0.002 (&)        0.001 (%) 
Cl( 1, 1) in Cl( 1, 1) CPU =        0.002 ms (setup)        0.003 (*)        0.003 (^)        0.002 (&)        0.002 (%) 
Cl( 2, 1) in Cl( 2, 1) CPU =        0.002 ms (setup)        0.004 (*)        0.003 (^)        0.003 (&)        0.003 (%) 
Cl( 2, 2) in Cl( 2, 2) CPU =        0.004 ms (setup)        0.009 (*)        0.005 (^)        0.005 (&)        0.005 (%) 
Cl( 3, 2) in Cl( 3, 2) CPU =        0.007 ms (setup)        0.023 (*)        0.009 (^)        0.011 (&)        0.009 (%) 
Cl( 3, 3) in Cl( 3, 3) CPU =        0.014 ms (setup)        0.069 (*)        0.022 (^)        0.029 (&)        0.022 (%) 
Cl( 4, 3) in Cl( 4, 3) CPU =        0.028 ms (setup)        0.246 (*)        0.049 (^)        0.074 (&)        0.052 (%) 
Cl( 4, 4) in Cl( 4, 4) CPU =        0.062 ms (setup)        0.843 (*)        0.112 (^)        0.189 (&)        0.123 (%) 
Cl( 1, 0) in Cl( 4, 4) CPU =        0.002 ms (setup)        0.002 (*)        0.002 (^)        0.001 (&)        0.002 (%) 
Cl( 1, 1) in Cl( 4, 4) CPU =        0.002 ms (setup)        0.003 (*)        0.002 (^)        0.002 (&)        0.002 (%) 
Cl( 2, 1) in Cl( 4, 4) CPU =        0.002 ms (setup)        0.007 (*)        0.003 (^)        0.003 (&)        0.003 (%) 
Cl( 2, 2) in Cl( 4, 4) CPU =        0.004 ms (setup)        0.008 (*)        0.005 (^)        0.005 (&)        0.005 (%) 
Cl( 3, 2) in Cl( 4, 4) CPU =        0.007 ms (setup)        0.022 (*)        0.009 (^)        0.011 (&)        0.009 (%) 
Cl( 3, 3) in Cl( 4, 4) CPU =        0.013 ms (setup)        0.065 (*)        0.020 (^)        0.027 (&)        0.021 (%) 
Cl( 4, 3) in Cl( 4, 4) CPU =        0.028 ms (setup)        0.216 (*)        0.046 (^)        0.071 (&)        0.050 (%) 
Cl( 4, 4) in Cl( 4, 4) CPU =        0.059 ms (setup)        0.803 (*)        0.112 (^)        0.179 (&)        0.118 (%) 

matrix_multi<float,-4,4>
Clifford algebra products test:
Fill: 0.5
Cl( 1, 0) in Cl( 1, 0) CPU =        0.028 ms (setup)        0.002 (*)        0.013 (^)        0.009 (&)        0.012 (%) 
Cl( 1, 1) in Cl( 1, 1) CPU =        0.005 ms (setup)        0.001 (*)        0.008 (^)        0.009 (&)        0.009 (%) 
Cl( 2, 1) in Cl( 2, 1) CPU =        0.003 ms (setup)        0.002 (*)        0.018 (^)        0.030 (&)        0.029 (%) 
Cl( 2, 2) in Cl( 2, 2) CPU =        0.010 ms (setup)        0.001 (*)        0.068 (^)        0.042 (&)        0.057 (%) 
Cl( 3, 2) in Cl( 3, 2) CPU =        0.022 ms (setup)        0.002 (*)        0.266 (^)        0.217 (&)        0.237 (%) 
Cl( 3, 3) in Cl( 3, 3) CPU =        0.041 ms (setup)        0.002 (*)        0.353 (^)        0.357 (&)        0.359 (%) 
Cl( 4, 3) in Cl( 4, 3) CPU =        0.092 ms (setup)        0.003 (*)        1.534 (^)        1.242 (&)        1.292 (%) 
Cl( 4, 4) in Cl( 4, 4) CPU =        0.144 ms (setup)        0.002 (*)        2.065 (^)        2.087 (&)        2.149 (%) 
Cl( 1, 0) in Cl( 4, 4) CPU =        0.002 ms (setup)        0.004 (*)        0.007 (^)        0.007 (&)        0.007 (%) 
Cl( 1, 1) in Cl( 4, 4) CPU =        0.007 ms (setup)        0.002 (*)        0.091 (^)        0.056 (&)        0.077 (%) 
Cl( 2, 1) in Cl( 4, 4) CPU =        0.014 ms (setup)        0.004 (*)        0.112 (^)        0.083 (&)        0.144 (%) 
Cl( 2, 2) in Cl( 4, 4) CPU =        0.045 ms (setup)        0.003 (*)        0.196 (^)        0.200 (&)        0.195 (%) 
Cl( 3, 2) in Cl( 4, 4) CPU =        0.112 ms (setup)        0.003 (*)        0.232 (^)        0.230 (&)        0.263 (%) 
Cl( 3, 3) in Cl( 4, 4) CPU =        0.108 ms (setup)        0.002 (*)        0.456 (^)        0.398 (&)        0.406 (%) 
Cl( 4, 3) in Cl( 4, 4) CPU =        0.274 ms (setup)        0.002 (*)        1.361 (^)        1.331 (&)        1.349 (%) 
Cl( 4, 4) in Cl( 4, 4) CPU =        0.154 ms (setup)        0.003 (*)        1.946 (^)        2.105 (&)        2.130 (%) 
Fill: 1
Cl( 1, 0) in Cl( 1, 0) CPU =        0.002 ms (setup)        0.001 (*)        0.010 (^)        0.008 (&)        0.011 (%) 
Cl( 1, 1) in Cl( 1, 1) CPU =        0.004 ms (setup)        0.001 (*)        0.014 (^)        0.011 (&)        0.013 (%) 
Cl( 2, 1) in Cl( 2, 1) CPU =        0.005 ms (setup)        0.001 (*)        0.045 (^)        0.038 (&)        0.043 (%) 
Cl( 2, 2) in Cl( 2, 2) CPU =        0.009 ms (setup)        0.001 (*)        0.065 (^)        0.052 (&)        0.070 (%) 
Cl( 3, 2) in Cl( 3, 2) CPU =        0.022 ms (setup)        0.002 (*)        0.230 (^)        0.228 (&)        0.240 (%) 
Cl( 3, 3) in Cl( 3, 3) CPU =        0.043 ms (setup)        0.001 (*)        0.374 (^)        0.357 (&)        0.379 (%) 
Cl( 4, 3) in Cl( 4, 3) CPU =        0.100 ms (setup)        0.002 (*)        1.570 (^)        1.598 (&)        1.615 (%) 
Cl( 4, 4) in Cl( 4, 4) CPU =        0.200 ms (setup)        0.002 (*)        2.335 (^)        2.339 (&)        2.392 (%) 
Cl( 1, 0) in Cl( 4, 4) CPU =        0.005 ms (setup)        0.002 (*)        0.071 (^)        0.050 (&)        0.069 (%) 
Cl( 1, 1) in Cl( 4, 4) CPU =        0.006 ms (setup)        0.002 (*)        0.087 (^)        0.055 (&)        0.076 (%) 
Cl( 2, 1) in Cl( 4, 4) CPU =        0.015 ms (setup)        0.002 (*)        0.138 (^)        0.095 (&)        0.105 (%) 
Cl( 2, 2) in Cl( 4, 4) CPU =        0.043 ms (setup)        0.002 (*)        0.189 (^)        0.137 (&)        0.147 (%) 
Cl( 3, 2) in Cl( 4, 4) CPU =        0.086 ms (setup)        0.002 (*)        0.396 (^)        0.291 (&)        0.293 (%) 
Cl( 3, 3) in Cl( 4, 4) CPU =        0.134 ms (setup)        0.002 (*)        0.604 (^)        0.503 (&)        0.531 (%) 
Cl( 4, 3) in Cl( 4, 4) CPU =        0.353 ms (setup)        0.002 (*)        1.745 (^)        1.603 (&)        1.617 (%) 
Cl( 4, 4) in Cl( 4, 4) CPU =        0.194 ms (setup)        0.002 (*)        2.339 (^)        2.340 (&)        2.388 (%) 

framed_multi<double>
Clifford algebra products test:
Fill: 0.5
Cl( 1, 0) in Cl( 1, 0) CPU =        0.002 ms (setup)        0.002 (*)        0.001 (^)        0.002 (&)        0.002 (%) 
Cl( 1, 1) in Cl( 1, 1) CPU =        0.001 ms (setup)        0.001 (*)        0.001 (^)        0.002 (&)        0.002 (%) 
Cl( 2, 1) in Cl( 2, 1) CPU =        0.002 ms (setup)        0.004 (*)        0.002 (^)        0.003 (&)        0.003 (%) 
Cl( 2, 2) in Cl( 2, 2) CPU =        0.002 ms (setup)        0.005 (*)        0.003 (^)        0.004 (&)        0.005 (%) 
Cl( 3, 2) in Cl( 3, 2) CPU =        0.006 ms (setup)        0.011 (*)        0.006 (^)        0.009 (&)        0.006 (%) 
Cl( 3, 3) in Cl( 3, 3) CPU =        0.009 ms (setup)        0.029 (*)        0.013 (^)        0.014 (&)        0.013 (%) 
Cl( 4, 3) in Cl( 4, 3) CPU =        0.015 ms (setup)        0.089 (*)        0.036 (^)        0.037 (&)        0.030 (%) 
Cl( 4, 4) in Cl( 4, 4) CPU =        0.030 ms (setup)        0.468 (*)        0.085 (^)        0.085 (&)        0.064 (%) 
Cl( 5, 4) in Cl( 5, 4) CPU =        0.058 ms (setup)        1.601 (*)        0.246 (^)        0.272 (&)        0.185 (%) 
Cl( 5, 5) in Cl( 5, 5) CPU =        0.112 ms (setup)        2.191 (*)        0.633 (^)        0.632 (&)        0.418 (%) 
Cl( 6, 5) in Cl( 6, 5) CPU =        0.229 ms (setup)        7.570 (*)        1.835 (^)        1.887 (&)        1.192 (%) 
Cl( 6, 6) in Cl( 6, 6) CPU =        0.482 ms (setup)       10.616 (*)        5.013 (^)        5.488 (&)        3.090 (%) 
Cl( 7, 6) in Cl( 7, 6) CPU =        0.979 ms (setup)       39.360 (*)       15.057 (^)       15.682 (&)        9.046 (%) 
Cl( 7, 7) in Cl( 7, 7) CPU =        1.960 ms (setup)       52.738 (*)       43.696 (^)       45.215 (&)       24.971 (%) 
Cl( 8, 7) in Cl( 8, 7) CPU =        4.025 ms (setup)      181.620 (*)      130.330 (^)      136.841 (&)       74.315 (%) 
Cl( 8, 8) in Cl( 8, 8) CPU =        7.764 ms (setup)      246.709 (*)      388.723 (^)      404.299 (&)      212.947 (%) 
Cl( 1, 0) in Cl( 8, 8) CPU =        0.005 ms (setup)        0.001 (*)        0.001 (^)        0.001 (&)        0.001 (%) 
Cl( 1, 1) in Cl( 8, 8) CPU =        0.001 ms (setup)        0.001 (*)        0.001 (^)        0.001 (&)        0.001 (%) 
Cl( 2, 1) in Cl( 8, 8) CPU =        0.002 ms (setup)        0.001 (*)        0.001 (^)        0.001 (&)        0.001 (%) 
Cl( 2, 2) in Cl( 8, 8) CPU =        0.002 ms (setup)        0.004 (*)        0.003 (^)        0.004 (&)        0.004 (%) 
Cl( 3, 2) in Cl( 8, 8) CPU =        0.004 ms (setup)        0.009 (*)        0.005 (^)        0.006 (&)        0.006 (%) 
Cl( 3, 3) in Cl( 8, 8) CPU =        0.008 ms (setup)        0.025 (*)        0.013 (^)        0.013 (&)        0.011 (%) 
Cl( 4, 3) in Cl( 8, 8) CPU =        0.013 ms (setup)        0.061 (*)        0.033 (^)        0.088 (&)        0.026 (%) 
Cl( 4, 4) in Cl( 8, 8) CPU =        0.030 ms (setup)        0.494 (*)        0.149 (^)        0.092 (&)        0.070 (%) 
Cl( 5, 4) in Cl( 8, 8) CPU =        0.055 ms (setup)        1.671 (*)        0.242 (^)        0.258 (&)        0.184 (%) 
Cl( 5, 5) in Cl( 8, 8) CPU =        0.114 ms (setup)        2.177 (*)        0.620 (^)        0.662 (&)        0.421 (%) 
Cl( 6, 5) in Cl( 8, 8) CPU =        0.230 ms (setup)        7.450 (*)        1.774 (^)        1.856 (&)        1.142 (%) 
Cl( 6, 6) in Cl( 8, 8) CPU =        0.457 ms (setup)       10.213 (*)        4.992 (^)        4.994 (&)        2.976 (%) 
Cl( 7, 6) in Cl( 8, 8) CPU =        0.938 ms (setup)       40.300 (*)       14.656 (^)       15.015 (&)        8.437 (%) 
Cl( 7, 7) in Cl( 8, 8) CPU =        1.913 ms (setup)       52.674 (*)       43.708 (^)       44.469 (&)       24.639 (%) 
Cl( 8, 7) in Cl( 8, 8) CPU =        3.839 ms (setup)      181.175 (*)      129.837 (^)      133.666 (&)       72.489 (%) 
Cl( 8, 8) in Cl( 8, 8) CPU =        8.106 ms (setup)      246.403 (*)      390.014 (^)      408.036 (&)      214.691 (%) 
Fill: 1
Cl( 1, 0) in Cl( 1, 0) CPU =        0.002 ms (setup)        0.002 (*)        0.001 (^)        0.002 (&)        0.002 (%) 
Cl( 1, 1) in Cl( 1, 1) CPU =        0.002 ms (setup)        0.002 (*)        0.001 (^)        0.002 (&)        0.002 (%) 
Cl( 2, 1) in Cl( 2, 1) CPU =        0.002 ms (setup)        0.004 (*)        0.002 (^)        0.003 (&)        0.003 (%) 
Cl( 2, 2) in Cl( 2, 2) CPU =        0.003 ms (setup)        0.009 (*)        0.004 (^)        0.005 (&)        0.005 (%) 
Cl( 3, 2) in Cl( 3, 2) CPU =        0.007 ms (setup)        0.022 (*)        0.008 (^)        0.010 (&)        0.009 (%) 
Cl( 3, 3) in Cl( 3, 3) CPU =        0.013 ms (setup)        0.062 (*)        0.018 (^)        0.024 (&)        0.022 (%) 
Cl( 4, 3) in Cl( 4, 3) CPU =        0.033 ms (setup)        0.210 (*)        0.042 (^)        0.061 (&)        0.046 (%) 
Cl( 4, 4) in Cl( 4, 4) CPU =        0.049 ms (setup)        0.586 (*)        0.102 (^)        0.161 (&)        0.134 (%) 
Cl( 5, 4) in Cl( 5, 4) CPU =        0.095 ms (setup)        1.852 (*)        0.252 (^)        0.440 (&)        0.290 (%) 
Cl( 5, 5) in Cl( 5, 5) CPU =        0.190 ms (setup)        2.732 (*)        0.650 (^)        1.209 (&)        0.756 (%) 
Cl( 6, 5) in Cl( 6, 5) CPU =        0.384 ms (setup)        8.716 (*)        1.750 (^)        3.467 (&)        2.062 (%) 
Cl( 6, 6) in Cl( 6, 6) CPU =        0.790 ms (setup)       14.005 (*)        4.942 (^)       10.114 (&)        5.743 (%) 
Cl( 7, 6) in Cl( 7, 6) CPU =        1.595 ms (setup)       46.300 (*)       13.622 (^)       29.716 (&)       16.752 (%) 
Cl( 7, 7) in Cl( 7, 7) CPU =        3.346 ms (setup)       68.793 (*)       40.817 (^)       92.837 (&)       48.318 (%) 
Cl( 8, 7) in Cl( 8, 7) CPU =        6.589 ms (setup)      222.939 (*)      121.739 (^)      273.767 (&)      141.953 (%) 
Cl( 8, 8) in Cl( 8, 8) CPU =       13.750 ms (setup)      336.935 (*)      359.370 (^)      835.988 (&)      429.326 (%) 
Cl( 1, 0) in Cl( 8, 8) CPU =        0.002 ms (setup)        0.002 (*)        0.001 (^)        0.003 (&)        0.002 (%) 
Cl( 1, 1) in Cl( 8, 8) CPU =        0.002 ms (setup)        0.003 (*)        0.002 (^)        0.002 (&)        0.002 (%) 
Cl( 2, 1) in Cl( 8, 8) CPU =        0.003 ms (setup)        0.057 (*)        0.002 (^)        0.003 (&)        0.003 (%) 
Cl( 2, 2) in Cl( 8, 8) CPU =        0.003 ms (setup)        0.008 (*)        0.004 (^)        0.005 (&)        0.005 (%) 
Cl( 3, 2) in Cl( 8, 8) CPU =        0.007 ms (setup)        0.022 (*)        0.008 (^)        0.010 (&)        0.009 (%) 
Cl( 3, 3) in Cl( 8, 8) CPU =        0.012 ms (setup)        0.062 (*)        0.018 (^)        0.024 (&)        0.019 (%) 
Cl( 4, 3) in Cl( 8, 8) CPU =        0.024 ms (setup)        0.220 (*)        0.045 (^)        0.061 (&)        0.046 (%) 
Cl( 4, 4) in Cl( 8, 8) CPU =        0.049 ms (setup)        0.603 (*)        0.102 (^)        0.161 (&)        0.113 (%) 
Cl( 5, 4) in Cl( 8, 8) CPU =        0.103 ms (setup)        1.851 (*)        0.262 (^)        0.441 (&)        0.290 (%) 
Cl( 5, 5) in Cl( 8, 8) CPU =        0.196 ms (setup)        2.708 (*)        0.655 (^)        1.206 (&)        0.758 (%) 
Cl( 6, 5) in Cl( 8, 8) CPU =        0.395 ms (setup)        8.888 (*)        1.754 (^)        3.485 (&)        2.065 (%) 
Cl( 6, 6) in Cl( 8, 8) CPU =        0.781 ms (setup)       13.482 (*)        4.816 (^)       10.129 (&)        5.739 (%) 
Cl( 7, 6) in Cl( 8, 8) CPU =        1.620 ms (setup)       46.558 (*)       13.507 (^)       30.329 (&)       16.317 (%) 
Cl( 7, 7) in Cl( 8, 8) CPU =        3.235 ms (setup)       68.694 (*)       40.993 (^)       89.433 (&)       48.212 (%) 
Cl( 8, 7) in Cl( 8, 8) CPU =        6.583 ms (setup)      222.236 (*)      119.249 (^)      274.127 (&)      143.520 (%) 
Cl( 8, 8) in Cl( 8, 8) CPU =       13.707 ms (setup)      338.185 (*)      358.317 (^)      837.768 (&)      428.452 (%) 

matrix_multi<double>
Clifford algebra products test:
Fill: 0.5
Cl( 1, 0) in Cl( 1, 0) CPU =        0.007 ms (setup)        0.001 (*)        0.011 (^)        0.007 (&)        0.009 (%) 
Cl( 1, 1) in Cl( 1, 1) CPU =        0.007 ms (setup)        0.001 (*)        0.007 (^)        0.007 (&)        0.007 (%) 
Cl( 2, 1) in Cl( 2, 1) CPU =        0.007 ms (setup)        0.001 (*)        0.045 (^)        0.028 (&)        0.036 (%) 
Cl( 2, 2) in Cl( 2, 2) CPU =        0.010 ms (setup)        0.001 (*)        0.040 (^)        0.037 (&)        0.047 (%) 
Cl( 3, 2) in Cl( 3, 2) CPU =        0.034 ms (setup)        0.002 (*)        0.163 (^)        0.172 (&)        0.198 (%) 
Cl( 3, 3) in Cl( 3, 3) CPU =        0.035 ms (setup)        0.002 (*)        0.244 (^)        0.289 (&)        0.277 (%) 
Cl( 4, 3) in Cl( 4, 3) CPU =        0.081 ms (setup)        0.003 (*)        1.249 (^)        1.345 (&)        1.380 (%) 
Cl( 4, 4) in Cl( 4, 4) CPU =        0.150 ms (setup)        0.003 (*)        1.990 (^)        2.004 (&)        2.034 (%) 
Cl( 5, 4) in Cl( 5, 4) CPU =        0.349 ms (setup)        0.010 (*)        7.084 (^)        8.406 (&)        7.748 (%) 
Cl( 5, 5) in Cl( 5, 5) CPU =        0.661 ms (setup)        0.010 (*)       11.000 (^)       11.180 (&)       11.229 (%) 
Cl( 6, 5) in Cl( 6, 5) CPU =        1.530 ms (setup)        0.062 (*)       40.121 (^)       44.505 (&)       41.551 (%) 
Cl( 6, 6) in Cl( 6, 6) CPU =        3.027 ms (setup)        0.060 (*)       58.319 (^)       60.669 (&)       58.316 (%) 
Cl( 7, 6) in Cl( 7, 6) CPU =        6.889 ms (setup)        0.186 (*)      268.103 (^)      304.781 (&)      268.149 (%) 
Cl( 7, 7) in Cl( 7, 7) CPU =       13.671 ms (setup)        0.786 (*)      329.610 (^)      391.194 (&)      338.899 (%) 
Cl( 8, 7) in Cl( 8, 7) CPU =       31.884 ms (setup)        4.110 (*)     1848.003 (^)     2034.087 (&)     1657.315 (%) 
Cl( 8, 8) in Cl( 8, 8) CPU =       65.706 ms (setup)        4.140 (*)     2118.714 (^)     2513.017 (&)     2084.778 (%) 
Cl( 1, 0) in Cl( 8, 8) CPU =        0.062 ms (setup)        4.115 (*)       20.402 (^)       20.183 (&)       20.583 (%) 
Cl( 1, 1) in Cl( 8, 8) CPU =        0.077 ms (setup)        4.114 (*)       41.059 (^)       20.323 (&)       34.618 (%) 
Cl( 2, 1) in Cl( 8, 8) CPU =        0.101 ms (setup)        4.109 (*)       64.781 (^)       37.767 (&)       52.037 (%) 
Cl( 2, 2) in Cl( 8, 8) CPU =        0.253 ms (setup)        4.109 (*)      100.675 (^)       65.325 (&)       74.545 (%) 
Cl( 3, 2) in Cl( 8, 8) CPU =        0.947 ms (setup)        4.112 (*)      145.172 (^)       99.081 (&)      101.092 (%) 
Cl( 3, 3) in Cl( 8, 8) CPU =        1.693 ms (setup)        4.117 (*)      203.031 (^)      147.536 (&)      136.545 (%) 
Cl( 4, 3) in Cl( 8, 8) CPU =        1.860 ms (setup)        4.120 (*)      269.796 (^)      269.058 (&)      177.609 (%) 
Cl( 4, 4) in Cl( 8, 8) CPU =        2.083 ms (setup)        5.615 (*)      353.459 (^)      275.213 (&)      225.187 (%) 
Cl( 5, 4) in Cl( 8, 8) CPU =        2.878 ms (setup)        5.476 (*)      444.855 (^)      354.695 (&)      278.372 (%) 
Cl( 5, 5) in Cl( 8, 8) CPU =        3.910 ms (setup)        5.604 (*)      587.226 (^)      524.642 (&)      376.569 (%) 
Cl( 6, 5) in Cl( 8, 8) CPU =        7.428 ms (setup)        4.104 (*)      632.135 (^)      553.089 (&)      410.796 (%) 
Cl( 6, 6) in Cl( 8, 8) CPU =       12.377 ms (setup)        4.111 (*)      752.250 (^)      768.620 (&)      546.804 (%) 
Cl( 7, 6) in Cl( 8, 8) CPU =       30.575 ms (setup)        4.111 (*)      851.014 (^)     1023.472 (&)      684.776 (%) 
Cl( 7, 7) in Cl( 8, 8) CPU =       51.715 ms (setup)        4.112 (*)     1076.688 (^)     1226.440 (&)      901.336 (%) 
Cl( 8, 7) in Cl( 8, 8) CPU =      125.722 ms (setup)        4.109 (*)     1673.675 (^)     1917.414 (&)     1525.183 (%) 
Cl( 8, 8) in Cl( 8, 8) CPU =       65.914 ms (setup)        4.118 (*)     1968.786 (^)     2518.890 (&)     2006.012 (%) 
Fill: 1
Cl( 1, 0) in Cl( 1, 0) CPU =        0.003 ms (setup)        0.001 (*)        0.010 (^)        0.009 (&)        0.009 (%) 
Cl( 1, 1) in Cl( 1, 1) CPU =        0.004 ms (setup)        0.001 (*)        0.013 (^)        0.009 (&)        0.012 (%) 
Cl( 2, 1) in Cl( 2, 1) CPU =        0.005 ms (setup)        0.001 (*)        0.048 (^)        0.039 (&)        0.044 (%) 
Cl( 2, 2) in Cl( 2, 2) CPU =        0.011 ms (setup)        0.001 (*)        0.080 (^)        0.054 (&)        0.069 (%) 
Cl( 3, 2) in Cl( 3, 2) CPU =        0.025 ms (setup)        0.002 (*)        0.237 (^)        0.215 (&)        0.224 (%) 
Cl( 3, 3) in Cl( 3, 3) CPU =        0.046 ms (setup)        0.002 (*)        0.387 (^)        0.367 (&)        0.405 (%) 
Cl( 4, 3) in Cl( 4, 3) CPU =        0.106 ms (setup)        0.003 (*)        1.571 (^)        1.596 (&)        1.613 (%) 
Cl( 4, 4) in Cl( 4, 4) CPU =        0.205 ms (setup)        0.004 (*)        2.363 (^)        2.351 (&)        2.386 (%) 
Cl( 5, 4) in Cl( 5, 4) CPU =        0.494 ms (setup)        0.011 (*)        8.444 (^)        8.736 (&)        8.622 (%) 
Cl( 5, 5) in Cl( 5, 5) CPU =        0.968 ms (setup)        0.010 (*)       12.175 (^)       12.845 (&)       12.912 (%) 
Cl( 6, 5) in Cl( 6, 5) CPU =        2.378 ms (setup)        0.060 (*)       45.197 (^)       47.907 (&)       45.338 (%) 
Cl( 6, 6) in Cl( 6, 6) CPU =        4.484 ms (setup)        0.063 (*)       62.790 (^)       65.630 (&)       63.031 (%) 
Cl( 7, 6) in Cl( 7, 6) CPU =       10.543 ms (setup)        0.188 (*)      282.364 (^)      315.291 (&)      277.867 (%) 
Cl( 7, 7) in Cl( 7, 7) CPU =       21.131 ms (setup)        0.429 (*)      369.495 (^)      411.579 (&)      368.507 (%) 
Cl( 8, 7) in Cl( 8, 7) CPU =       53.325 ms (setup)        4.135 (*)     2041.781 (^)     2087.369 (&)     1703.676 (%) 
Cl( 8, 8) in Cl( 8, 8) CPU =      107.402 ms (setup)        4.148 (*)     2219.485 (^)     2609.283 (&)     2181.748 (%) 
Cl( 1, 0) in Cl( 8, 8) CPU =        0.068 ms (setup)        4.138 (*)       40.073 (^)       20.381 (&)       34.585 (%) 
Cl( 1, 1) in Cl( 8, 8) CPU =        0.091 ms (setup)        4.130 (*)       64.767 (^)       37.565 (&)       52.161 (%) 
Cl( 2, 1) in Cl( 8, 8) CPU =        0.162 ms (setup)        5.633 (*)      100.036 (^)       64.215 (&)       74.154 (%) 
Cl( 2, 2) in Cl( 8, 8) CPU =        1.562 ms (setup)        4.122 (*)      143.744 (^)       98.524 (&)      100.230 (%) 
Cl( 3, 2) in Cl( 8, 8) CPU =        1.621 ms (setup)        4.127 (*)      198.259 (^)      143.411 (&)      131.616 (%) 
Cl( 3, 3) in Cl( 8, 8) CPU =        1.676 ms (setup)        4.123 (*)      266.397 (^)      204.108 (&)      173.495 (%) 
Cl( 4, 3) in Cl( 8, 8) CPU =        1.988 ms (setup)        5.607 (*)      350.877 (^)      274.279 (&)      224.320 (%) 
Cl( 4, 4) in Cl( 8, 8) CPU =        2.226 ms (setup)        4.125 (*)      429.574 (^)      344.223 (&)      268.502 (%) 
Cl( 5, 4) in Cl( 8, 8) CPU =        3.186 ms (setup)        4.117 (*)      515.471 (^)      433.298 (&)      323.550 (%) 
Cl( 5, 5) in Cl( 8, 8) CPU =        4.815 ms (setup)        4.120 (*)      585.927 (^)      520.453 (&)      380.970 (%) 
Cl( 6, 5) in Cl( 8, 8) CPU =        9.852 ms (setup)        4.101 (*)      691.644 (^)      651.235 (&)      466.903 (%) 
Cl( 6, 6) in Cl( 8, 8) CPU =       16.201 ms (setup)        4.119 (*)      761.800 (^)      773.429 (&)      544.446 (%) 
Cl( 7, 6) in Cl( 8, 8) CPU =       38.127 ms (setup)        4.119 (*)      989.023 (^)     1037.585 (&)      758.640 (%) 
Cl( 7, 7) in Cl( 8, 8) CPU =       69.552 ms (setup)        4.105 (*)     1102.284 (^)     1246.307 (&)      926.494 (%) 
Cl( 8, 7) in Cl( 8, 8) CPU =      169.595 ms (setup)        4.096 (*)     1902.933 (^)     2090.210 (&)     1707.085 (%) 
Cl( 8, 8) in Cl( 8, 8) CPU =      108.039 ms (setup)        4.136 (*)     2214.463 (^)     2612.100 (&)     2182.248 (%) 
