
framed_multi<double>
Clifford algebra squaring test:
Fill: 0.5
Cl( 1, 0) in Cl( 1, 0) CPU =        0.056 ms (setup)        0.020 (*) 
Cl( 1, 1) in Cl( 1, 1) CPU =        0.002 ms (setup)        0.003 (*) 
Cl( 2, 1) in Cl( 2, 1) CPU =        0.004 ms (setup)        0.007 (*) 
Cl( 2, 2) in Cl( 2, 2) CPU =        0.004 ms (setup)        0.008 (*) 
Cl( 3, 2) in Cl( 3, 2) CPU =        0.011 ms (setup)        0.018 (*) 
Cl( 3, 3) in Cl( 3, 3) CPU =        0.017 ms (setup)        0.048 (*) 
Cl( 4, 3) in Cl( 4, 3) CPU =        0.026 ms (setup)        0.239 (*) 
Cl( 4, 4) in Cl( 4, 4) CPU =        0.045 ms (setup)        1.036 (*) 
Cl( 5, 4) in Cl( 5, 4) CPU =        0.092 ms (setup)        2.814 (*) 
Cl( 5, 5) in Cl( 5, 5) CPU =        0.179 ms (setup)        3.554 (*) 
Cl( 6, 5) in Cl( 6, 5) CPU =        0.445 ms (setup)       11.148 (*) 
Cl( 6, 6) in Cl( 6, 6) CPU =        0.682 ms (setup)       13.357 (*) 
Cl( 7, 6) in Cl( 7, 6) CPU =        1.182 ms (setup)       41.337 (*) 
Cl( 7, 7) in Cl( 7, 7) CPU =        1.935 ms (setup)       53.558 (*) 
Cl( 8, 7) in Cl( 8, 7) CPU =        3.902 ms (setup)      181.475 (*) 
Cl( 8, 8) in Cl( 8, 8) CPU =        8.647 ms (setup)      254.606 (*) 
Cl( 9, 8) in Cl( 9, 8) CPU =       16.189 ms (setup)      681.162 (*) 
Cl( 9, 9) in Cl( 9, 9) CPU =       33.054 ms (setup)     1262.527 (*) 
Cl(10, 9) in Cl(10, 9) CPU =       75.353 ms (setup)     4733.320 (*) 
Cl(10,10) in Cl(10,10) CPU =      156.652 ms (setup)     6803.507 (*) 
Cl(11,10) in Cl(11,10) CPU =      299.696 ms (setup)    27613.986 (*) 
Cl(11,11) in Cl(11,11) CPU =      611.191 ms (setup)    41339.403 (*) 
Fill: 1
Cl( 1, 0) in Cl( 1, 0) CPU =        0.008 ms (setup)        0.007 (*) 
Cl( 1, 1) in Cl( 1, 1) CPU =        0.002 ms (setup)        0.004 (*) 
Cl( 2, 1) in Cl( 2, 1) CPU =        0.004 ms (setup)        0.007 (*) 
Cl( 2, 2) in Cl( 2, 2) CPU =        0.004 ms (setup)        0.009 (*) 
Cl( 3, 2) in Cl( 3, 2) CPU =        0.009 ms (setup)        0.024 (*) 
Cl( 3, 3) in Cl( 3, 3) CPU =        0.014 ms (setup)        0.067 (*) 
Cl( 4, 3) in Cl( 4, 3) CPU =        0.026 ms (setup)        0.220 (*) 
Cl( 4, 4) in Cl( 4, 4) CPU =        0.053 ms (setup)       11.737 (*) 
Cl( 5, 4) in Cl( 5, 4) CPU =        0.113 ms (setup)        1.860 (*) 
Cl( 5, 5) in Cl( 5, 5) CPU =        0.201 ms (setup)        2.751 (*) 
Cl( 6, 5) in Cl( 6, 5) CPU =        0.401 ms (setup)        9.572 (*) 
Cl( 6, 6) in Cl( 6, 6) CPU =        0.888 ms (setup)       14.283 (*) 
Cl( 7, 6) in Cl( 7, 6) CPU =        1.751 ms (setup)       47.552 (*) 
Cl( 7, 7) in Cl( 7, 7) CPU =        3.174 ms (setup)       70.662 (*) 
Cl( 8, 7) in Cl( 8, 7) CPU =        6.705 ms (setup)      222.144 (*) 
Cl( 8, 8) in Cl( 8, 8) CPU =       13.446 ms (setup)      334.373 (*) 
Cl( 9, 8) in Cl( 9, 8) CPU =       28.171 ms (setup)      921.129 (*) 
Cl( 9, 9) in Cl( 9, 9) CPU =       63.770 ms (setup)     1816.457 (*) 
Cl(10, 9) in Cl(10, 9) CPU =      138.231 ms (setup)     6284.416 (*) 
Cl(10,10) in Cl(10,10) CPU =      306.025 ms (setup)    10321.010 (*) 
Cl(11,10) in Cl(11,10) CPU =      635.515 ms (setup)    38926.893 (*) 
Cl(11,11) in Cl(11,11) CPU =     1292.627 ms (setup)    66458.034 (*) 

matrix_multi<double>
Clifford algebra squaring test:
Fill: 0.5
Cl( 1, 0) in Cl( 1, 0) CPU =        0.057 ms (setup)        0.004 (*) 
Cl( 1, 1) in Cl( 1, 1) CPU =        0.007 ms (setup)        0.002 (*) 
Cl( 2, 1) in Cl( 2, 1) CPU =        0.024 ms (setup)        0.002 (*) 
Cl( 2, 2) in Cl( 2, 2) CPU =        0.018 ms (setup)        0.001 (*) 
Cl( 3, 2) in Cl( 3, 2) CPU =        0.066 ms (setup)        0.009 (*) 
Cl( 3, 3) in Cl( 3, 3) CPU =        0.058 ms (setup)        0.003 (*) 
Cl( 4, 3) in Cl( 4, 3) CPU =        0.090 ms (setup)        0.005 (*) 
Cl( 4, 4) in Cl( 4, 4) CPU =        0.163 ms (setup)        0.005 (*) 
Cl( 5, 4) in Cl( 5, 4) CPU =        0.370 ms (setup)        0.013 (*) 
Cl( 5, 5) in Cl( 5, 5) CPU =        0.722 ms (setup)        0.014 (*) 
Cl( 6, 5) in Cl( 6, 5) CPU =        1.570 ms (setup)        0.063 (*) 
Cl( 6, 6) in Cl( 6, 6) CPU =        3.054 ms (setup)        0.062 (*) 
Cl( 7, 6) in Cl( 7, 6) CPU =        7.246 ms (setup)        0.286 (*) 
Cl( 7, 7) in Cl( 7, 7) CPU =       18.019 ms (setup)        0.661 (*) 
Cl( 8, 7) in Cl( 8, 7) CPU =       35.660 ms (setup)        3.195 (*) 
Cl( 8, 8) in Cl( 8, 8) CPU =       68.984 ms (setup)        3.965 (*) 
Cl( 9, 8) in Cl( 9, 8) CPU =      159.698 ms (setup)       27.034 (*) 
Cl( 9, 9) in Cl( 9, 9) CPU =      310.697 ms (setup)       25.819 (*) 
Cl(10, 9) in Cl(10, 9) CPU =      787.667 ms (setup)      210.735 (*) 
Cl(10,10) in Cl(10,10) CPU =     1572.277 ms (setup)      209.733 (*) 
Cl(11,10) in Cl(11,10) CPU =     4316.840 ms (setup)     1624.828 (*) 
Cl(11,11) in Cl(11,11) CPU =     8776.098 ms (setup)     1633.933 (*) 
Fill: 1
Cl( 1, 0) in Cl( 1, 0) CPU =        0.022 ms (setup)        0.004 (*) 
Cl( 1, 1) in Cl( 1, 1) CPU =        0.012 ms (setup)        0.002 (*) 
Cl( 2, 1) in Cl( 2, 1) CPU =        0.016 ms (setup)        0.002 (*) 
Cl( 2, 2) in Cl( 2, 2) CPU =        0.026 ms (setup)        0.002 (*) 
Cl( 3, 2) in Cl( 3, 2) CPU =        0.039 ms (setup)        0.007 (*) 
Cl( 3, 3) in Cl( 3, 3) CPU =        0.058 ms (setup)        0.003 (*) 
Cl( 4, 3) in Cl( 4, 3) CPU =       11.068 ms (setup)        0.012 (*) 
Cl( 4, 4) in Cl( 4, 4) CPU =        0.251 ms (setup)        0.006 (*) 
Cl( 5, 4) in Cl( 5, 4) CPU =        0.544 ms (setup)        0.014 (*) 
Cl( 5, 5) in Cl( 5, 5) CPU =        1.049 ms (setup)        0.014 (*) 
Cl( 6, 5) in Cl( 6, 5) CPU =        2.544 ms (setup)        0.062 (*) 
Cl( 6, 6) in Cl( 6, 6) CPU =        5.016 ms (setup)        0.061 (*) 
Cl( 7, 6) in Cl( 7, 6) CPU =       11.036 ms (setup)        0.282 (*) 
Cl( 7, 7) in Cl( 7, 7) CPU =       25.577 ms (setup)        0.262 (*) 
Cl( 8, 7) in Cl( 8, 7) CPU =       55.947 ms (setup)        2.368 (*) 
Cl( 8, 8) in Cl( 8, 8) CPU =      110.538 ms (setup)        4.031 (*) 
Cl( 9, 8) in Cl( 9, 8) CPU =      271.189 ms (setup)       26.272 (*) 
Cl( 9, 9) in Cl( 9, 9) CPU =      547.038 ms (setup)       25.106 (*) 
Cl(10, 9) in Cl(10, 9) CPU =     1463.207 ms (setup)      209.819 (*) 
Cl(10,10) in Cl(10,10) CPU =     3008.379 ms (setup)      208.376 (*) 
Cl(11,10) in Cl(11,10) CPU =     8802.202 ms (setup)     1631.230 (*) 
Cl(11,11) in Cl(11,11) CPU =    18449.066 ms (setup)     1628.157 (*) 
