
framed_multi<float,-4,4>
Clifford algebra products test:
Fill: 0.5
Cl( 1, 0) in Cl( 1, 0) CPU =        0.002 ms (setup)        0.001 (*)        0.002 (^)        0.001 (&)        0.001 (%) 
Cl( 1, 1) in Cl( 1, 1) CPU =        0.001 ms (setup)        0.001 (*)        0.001 (^)        0.001 (&)        0.001 (%) 
Cl( 2, 1) in Cl( 2, 1) CPU =        0.001 ms (setup)        0.002 (*)        0.002 (^)        0.001 (&)        0.001 (%) 
Cl( 2, 2) in Cl( 2, 2) CPU =        0.001 ms (setup)        0.002 (*)        0.002 (^)        0.002 (&)        0.001 (%) 
Cl( 3, 2) in Cl( 3, 2) CPU =        0.002 ms (setup)        0.003 (*)        0.003 (^)        0.002 (&)        0.002 (%) 
Cl( 3, 3) in Cl( 3, 3) CPU =        0.004 ms (setup)        0.007 (*)        0.005 (^)        0.003 (&)        0.003 (%) 
Cl( 4, 3) in Cl( 4, 3) CPU =        0.007 ms (setup)        0.020 (*)        0.017 (^)        0.008 (&)        0.007 (%) 
Cl( 4, 4) in Cl( 4, 4) CPU =        0.013 ms (setup)        0.158 (*)        0.036 (^)        0.019 (&)        0.015 (%) 
Cl( 1, 0) in Cl( 4, 4) CPU =        0.001 ms (setup)        0.001 (*)        0.000 (^)        0.001 (&)        0.001 (%) 
Cl( 1, 1) in Cl( 4, 4) CPU =        0.002 ms (setup)        0.001 (*)        0.001 (^)        0.001 (&)        0.001 (%) 
Cl( 2, 1) in Cl( 4, 4) CPU =        0.001 ms (setup)        0.001 (*)        0.001 (^)        0.001 (&)        0.001 (%) 
Cl( 2, 2) in Cl( 4, 4) CPU =        0.001 ms (setup)        0.002 (*)        0.002 (^)        0.001 (&)        0.001 (%) 
Cl( 3, 2) in Cl( 4, 4) CPU =        0.002 ms (setup)        0.004 (*)        0.003 (^)        0.002 (&)        0.002 (%) 
Cl( 3, 3) in Cl( 4, 4) CPU =        0.004 ms (setup)        0.007 (*)        0.005 (^)        0.003 (&)        0.003 (%) 
Cl( 4, 3) in Cl( 4, 4) CPU =        0.007 ms (setup)        0.020 (*)        0.013 (^)        0.008 (&)        0.007 (%) 
Cl( 4, 4) in Cl( 4, 4) CPU =        0.013 ms (setup)        0.155 (*)        0.039 (^)        0.021 (&)        0.015 (%) 
Fill: 1
Cl( 1, 0) in Cl( 1, 0) CPU =        0.001 ms (setup)        0.001 (*)        0.002 (^)        0.001 (&)        0.001 (%) 
Cl( 1, 1) in Cl( 1, 1) CPU =        0.001 ms (setup)        0.001 (*)        0.001 (^)        0.001 (&)        0.001 (%) 
Cl( 2, 1) in Cl( 2, 1) CPU =        0.001 ms (setup)        0.001 (*)        0.001 (^)        0.001 (&)        0.001 (%) 
Cl( 2, 2) in Cl( 2, 2) CPU =        0.001 ms (setup)        0.002 (*)        0.002 (^)        0.002 (&)        0.002 (%) 
Cl( 3, 2) in Cl( 3, 2) CPU =        0.003 ms (setup)        0.005 (*)        0.003 (^)        0.003 (&)        0.002 (%) 
Cl( 3, 3) in Cl( 3, 3) CPU =        0.005 ms (setup)        0.014 (*)        0.005 (^)        0.005 (&)        0.005 (%) 
Cl( 4, 3) in Cl( 4, 3) CPU =        0.009 ms (setup)        0.044 (*)        0.011 (^)        0.015 (&)        0.011 (%) 
Cl( 4, 4) in Cl( 4, 4) CPU =        0.018 ms (setup)        0.364 (*)        0.051 (^)        0.069 (&)        0.044 (%) 
Cl( 1, 0) in Cl( 4, 4) CPU =        0.001 ms (setup)        0.001 (*)        0.001 (^)        0.001 (&)        0.001 (%) 
Cl( 1, 1) in Cl( 4, 4) CPU =        0.001 ms (setup)        0.001 (*)        0.001 (^)        0.001 (&)        0.001 (%) 
Cl( 2, 1) in Cl( 4, 4) CPU =        0.001 ms (setup)        0.001 (*)        0.001 (^)        0.001 (&)        0.001 (%) 
Cl( 2, 2) in Cl( 4, 4) CPU =        0.001 ms (setup)        0.002 (*)        0.002 (^)        0.002 (&)        0.001 (%) 
Cl( 3, 2) in Cl( 4, 4) CPU =        0.002 ms (setup)        0.005 (*)        0.003 (^)        0.003 (&)        0.002 (%) 
Cl( 3, 3) in Cl( 4, 4) CPU =        0.005 ms (setup)        0.014 (*)        0.005 (^)        0.005 (&)        0.005 (%) 
Cl( 4, 3) in Cl( 4, 4) CPU =        0.008 ms (setup)        0.045 (*)        0.011 (^)        0.014 (&)        0.011 (%) 
Cl( 4, 4) in Cl( 4, 4) CPU =        0.018 ms (setup)        0.187 (*)        0.026 (^)        0.039 (&)        0.026 (%) 

matrix_multi<float,-4,4>
Clifford algebra products test:
Fill: 0.5
Cl( 1, 0) in Cl( 1, 0) CPU =        0.016 ms (setup)        0.001 (*)        0.004 (^)        0.003 (&)        0.004 (%) 
Cl( 1, 1) in Cl( 1, 1) CPU =        0.002 ms (setup)        0.001 (*)        0.003 (^)        0.002 (&)        0.003 (%) 
Cl( 2, 1) in Cl( 2, 1) CPU =        0.001 ms (setup)        0.001 (*)        0.004 (^)        0.007 (&)        0.007 (%) 
Cl( 2, 2) in Cl( 2, 2) CPU =        0.003 ms (setup)        0.001 (*)        0.017 (^)        0.011 (&)        0.015 (%) 
Cl( 3, 2) in Cl( 3, 2) CPU =        0.007 ms (setup)        0.001 (*)        0.056 (^)        0.044 (&)        0.052 (%) 
Cl( 3, 3) in Cl( 3, 3) CPU =        0.011 ms (setup)        0.001 (*)        0.083 (^)        0.084 (&)        0.082 (%) 
Cl( 4, 3) in Cl( 4, 3) CPU =        0.026 ms (setup)        0.001 (*)        0.373 (^)        0.369 (&)        0.385 (%) 
Cl( 4, 4) in Cl( 4, 4) CPU =        0.053 ms (setup)        0.001 (*)        0.664 (^)        0.662 (&)        0.682 (%) 
Cl( 1, 0) in Cl( 4, 4) CPU =        0.001 ms (setup)        0.001 (*)        0.003 (^)        0.002 (&)        0.002 (%) 
Cl( 1, 1) in Cl( 4, 4) CPU =        0.005 ms (setup)        0.001 (*)        0.027 (^)        0.017 (&)        0.023 (%) 
Cl( 2, 1) in Cl( 4, 4) CPU =        0.005 ms (setup)        0.001 (*)        0.036 (^)        0.019 (&)        0.024 (%) 
Cl( 2, 2) in Cl( 4, 4) CPU =        0.011 ms (setup)        0.001 (*)        0.052 (^)        0.034 (&)        0.041 (%) 
Cl( 3, 2) in Cl( 4, 4) CPU =        0.026 ms (setup)        0.001 (*)        0.071 (^)        0.064 (&)        0.062 (%) 
Cl( 3, 3) in Cl( 4, 4) CPU =        0.037 ms (setup)        0.001 (*)        0.136 (^)        0.113 (&)        0.115 (%) 
Cl( 4, 3) in Cl( 4, 4) CPU =        0.092 ms (setup)        0.001 (*)        0.410 (^)        0.406 (&)        0.402 (%) 
Cl( 4, 4) in Cl( 4, 4) CPU =        0.053 ms (setup)        0.001 (*)        0.636 (^)        0.680 (&)        0.681 (%) 
Fill: 1
Cl( 1, 0) in Cl( 1, 0) CPU =        0.003 ms (setup)        0.002 (*)        0.004 (^)        0.003 (&)        0.003 (%) 
Cl( 1, 1) in Cl( 1, 1) CPU =        0.001 ms (setup)        0.001 (*)        0.005 (^)        0.003 (&)        0.005 (%) 
Cl( 2, 1) in Cl( 2, 1) CPU =        0.001 ms (setup)        0.001 (*)        0.018 (^)        0.012 (&)        0.013 (%) 
Cl( 2, 2) in Cl( 2, 2) CPU =        0.003 ms (setup)        0.001 (*)        0.021 (^)        0.018 (&)        0.021 (%) 
Cl( 3, 2) in Cl( 3, 2) CPU =        0.007 ms (setup)        0.001 (*)        0.065 (^)        0.061 (&)        0.065 (%) 
Cl( 3, 3) in Cl( 3, 3) CPU =        0.013 ms (setup)        0.001 (*)        0.110 (^)        0.103 (&)        0.111 (%) 
Cl( 4, 3) in Cl( 4, 3) CPU =        0.035 ms (setup)        0.001 (*)        0.489 (^)        0.490 (&)        0.488 (%) 
Cl( 4, 4) in Cl( 4, 4) CPU =        0.066 ms (setup)        0.001 (*)        0.755 (^)        0.741 (&)        0.755 (%) 
Cl( 1, 0) in Cl( 4, 4) CPU =        0.003 ms (setup)        0.001 (*)        0.022 (^)        0.015 (&)        0.018 (%) 
Cl( 1, 1) in Cl( 4, 4) CPU =        0.003 ms (setup)        0.001 (*)        0.025 (^)        0.016 (&)        0.022 (%) 
Cl( 2, 1) in Cl( 4, 4) CPU =        0.005 ms (setup)        0.001 (*)        0.040 (^)        0.029 (&)        0.030 (%) 
Cl( 2, 2) in Cl( 4, 4) CPU =        0.012 ms (setup)        0.001 (*)        0.054 (^)        0.036 (&)        0.043 (%) 
Cl( 3, 2) in Cl( 4, 4) CPU =        0.026 ms (setup)        0.001 (*)        0.114 (^)        0.081 (&)        0.081 (%) 
Cl( 3, 3) in Cl( 4, 4) CPU =        0.043 ms (setup)        0.001 (*)        0.178 (^)        0.149 (&)        0.154 (%) 
Cl( 4, 3) in Cl( 4, 4) CPU =        0.114 ms (setup)        0.001 (*)        0.536 (^)        0.502 (&)        0.497 (%) 
Cl( 4, 4) in Cl( 4, 4) CPU =        0.068 ms (setup)        0.001 (*)        0.764 (^)        0.754 (&)        0.773 (%) 

framed_multi<double>
Clifford algebra products test:
Fill: 0.5
Cl( 1, 0) in Cl( 1, 0) CPU =        0.002 ms (setup)        0.001 (*)        0.001 (^)        0.001 (&)        0.004 (%) 
Cl( 1, 1) in Cl( 1, 1) CPU =        0.001 ms (setup)        0.001 (*)        0.000 (^)        0.001 (&)        0.001 (%) 
Cl( 2, 1) in Cl( 2, 1) CPU =        0.001 ms (setup)        0.002 (*)        0.001 (^)        0.001 (&)        0.001 (%) 
Cl( 2, 2) in Cl( 2, 2) CPU =        0.001 ms (setup)        0.002 (*)        0.002 (^)        0.002 (&)        0.002 (%) 
Cl( 3, 2) in Cl( 3, 2) CPU =        0.002 ms (setup)        0.005 (*)        0.002 (^)        0.003 (&)        0.003 (%) 
Cl( 3, 3) in Cl( 3, 3) CPU =        0.004 ms (setup)        0.010 (*)        0.004 (^)        0.005 (&)        0.006 (%) 
Cl( 4, 3) in Cl( 4, 3) CPU =        0.007 ms (setup)        0.029 (*)        0.011 (^)        0.017 (&)        0.014 (%) 
Cl( 4, 4) in Cl( 4, 4) CPU =        0.013 ms (setup)        0.154 (*)        0.027 (^)        0.028 (&)        0.031 (%) 
Cl( 5, 4) in Cl( 5, 4) CPU =        0.032 ms (setup)        0.568 (*)        0.117 (^)        0.112 (&)        0.090 (%) 
Cl( 5, 5) in Cl( 5, 5) CPU =        0.056 ms (setup)        0.753 (*)        0.423 (^)        0.295 (&)        0.224 (%) 
Cl( 6, 5) in Cl( 6, 5) CPU =        0.111 ms (setup)        2.851 (*)        1.244 (^)        0.913 (&)        0.648 (%) 
Cl( 6, 6) in Cl( 6, 6) CPU =        0.233 ms (setup)        3.884 (*)        3.556 (^)        2.686 (&)        1.675 (%) 
Cl( 7, 6) in Cl( 7, 6) CPU =        0.455 ms (setup)       13.126 (*)       10.652 (^)        8.275 (&)        5.058 (%) 
Cl( 7, 7) in Cl( 7, 7) CPU =        0.932 ms (setup)       18.647 (*)       32.254 (^)       24.696 (&)       13.867 (%) 
Cl( 8, 7) in Cl( 8, 7) CPU =        1.919 ms (setup)       66.326 (*)       94.166 (^)       72.562 (&)       40.138 (%) 
Cl( 8, 8) in Cl( 8, 8) CPU =        3.872 ms (setup)       91.758 (*)      275.497 (^)      218.999 (&)      118.001 (%) 
Cl( 1, 0) in Cl( 8, 8) CPU =        0.002 ms (setup)        0.001 (*)        0.000 (^)        0.000 (&)        0.001 (%) 
Cl( 1, 1) in Cl( 8, 8) CPU =        0.001 ms (setup)        0.001 (*)        0.001 (^)        0.001 (&)        0.001 (%) 
Cl( 2, 1) in Cl( 8, 8) CPU =        0.001 ms (setup)        0.000 (*)        0.000 (^)        0.000 (&)        0.001 (%) 
Cl( 2, 2) in Cl( 8, 8) CPU =        0.001 ms (setup)        0.002 (*)        0.001 (^)        0.002 (&)        0.002 (%) 
Cl( 3, 2) in Cl( 8, 8) CPU =        0.002 ms (setup)        0.004 (*)        0.003 (^)        0.002 (&)        0.003 (%) 
Cl( 3, 3) in Cl( 8, 8) CPU =        0.003 ms (setup)        0.009 (*)        0.004 (^)        0.005 (&)        0.005 (%) 
Cl( 4, 3) in Cl( 8, 8) CPU =        0.007 ms (setup)        0.024 (*)        0.010 (^)        0.009 (&)        0.015 (%) 
Cl( 4, 4) in Cl( 8, 8) CPU =        0.013 ms (setup)        0.151 (*)        0.027 (^)        0.034 (&)        0.035 (%) 
Cl( 5, 4) in Cl( 8, 8) CPU =        0.029 ms (setup)        0.532 (*)        0.111 (^)        0.112 (&)        0.087 (%) 
Cl( 5, 5) in Cl( 8, 8) CPU =        0.053 ms (setup)        0.741 (*)        0.406 (^)        0.333 (&)        0.217 (%) 
Cl( 6, 5) in Cl( 8, 8) CPU =        0.108 ms (setup)        2.683 (*)        1.230 (^)        0.917 (&)        0.615 (%) 
Cl( 6, 6) in Cl( 8, 8) CPU =        0.220 ms (setup)        3.672 (*)        3.516 (^)        2.599 (&)        1.655 (%) 
Cl( 7, 6) in Cl( 8, 8) CPU =        0.451 ms (setup)       12.715 (*)       10.382 (^)        7.973 (&)        4.732 (%) 
Cl( 7, 7) in Cl( 8, 8) CPU =        0.928 ms (setup)       17.691 (*)       30.882 (^)       23.966 (&)       14.662 (%) 
Cl( 8, 7) in Cl( 8, 8) CPU =        1.909 ms (setup)       64.672 (*)       91.914 (^)       71.893 (&)       40.202 (%) 
Cl( 8, 8) in Cl( 8, 8) CPU =        3.820 ms (setup)       90.953 (*)      275.786 (^)      219.742 (&)      118.240 (%) 
Fill: 1
Cl( 1, 0) in Cl( 1, 0) CPU =        0.002 ms (setup)        0.001 (*)        0.001 (^)        0.001 (&)        0.002 (%) 
Cl( 1, 1) in Cl( 1, 1) CPU =        0.001 ms (setup)        0.001 (*)        0.001 (^)        0.001 (&)        0.001 (%) 
Cl( 2, 1) in Cl( 2, 1) CPU =        0.001 ms (setup)        0.001 (*)        0.001 (^)        0.001 (&)        0.001 (%) 
Cl( 2, 2) in Cl( 2, 2) CPU =        0.002 ms (setup)        0.003 (*)        0.002 (^)        0.002 (&)        0.002 (%) 
Cl( 3, 2) in Cl( 3, 2) CPU =        0.003 ms (setup)        0.007 (*)        0.003 (^)        0.004 (&)        0.004 (%) 
Cl( 3, 3) in Cl( 3, 3) CPU =        0.005 ms (setup)        0.021 (*)        0.006 (^)        0.007 (&)        0.008 (%) 
Cl( 4, 3) in Cl( 4, 3) CPU =        0.010 ms (setup)        0.071 (*)        0.015 (^)        0.019 (&)        0.018 (%) 
Cl( 4, 4) in Cl( 4, 4) CPU =        0.019 ms (setup)        0.177 (*)        0.037 (^)        0.049 (&)        0.042 (%) 
Cl( 5, 4) in Cl( 5, 4) CPU =        0.037 ms (setup)        0.624 (*)        0.091 (^)        0.148 (&)        0.106 (%) 
Cl( 5, 5) in Cl( 5, 5) CPU =        0.080 ms (setup)        0.911 (*)        0.257 (^)        0.412 (&)        0.276 (%) 
Cl( 6, 5) in Cl( 6, 5) CPU =        0.164 ms (setup)        3.177 (*)        0.719 (^)        1.169 (&)        0.738 (%) 
Cl( 6, 6) in Cl( 6, 6) CPU =        0.330 ms (setup)        4.690 (*)        1.936 (^)        4.204 (&)        1.972 (%) 
Cl( 7, 6) in Cl( 7, 6) CPU =        0.688 ms (setup)       15.637 (*)        5.429 (^)        9.874 (&)        5.566 (%) 
Cl( 7, 7) in Cl( 7, 7) CPU =        1.357 ms (setup)       23.486 (*)       15.167 (^)       28.814 (&)       15.767 (%) 
Cl( 8, 7) in Cl( 8, 7) CPU =        2.876 ms (setup)       83.549 (*)       43.706 (^)       87.617 (&)       45.884 (%) 
Cl( 8, 8) in Cl( 8, 8) CPU =        6.327 ms (setup)      132.904 (*)      126.617 (^)      260.279 (&)      135.247 (%) 
Cl( 1, 0) in Cl( 8, 8) CPU =        0.002 ms (setup)        0.001 (*)        0.001 (^)        0.001 (&)        0.001 (%) 
Cl( 1, 1) in Cl( 8, 8) CPU =        0.001 ms (setup)        0.001 (*)        0.001 (^)        0.001 (&)        0.001 (%) 
Cl( 2, 1) in Cl( 8, 8) CPU =        0.002 ms (setup)        0.002 (*)        0.001 (^)        0.001 (&)        0.003 (%) 
Cl( 2, 2) in Cl( 8, 8) CPU =        0.002 ms (setup)        0.003 (*)        0.002 (^)        0.002 (&)        0.002 (%) 
Cl( 3, 2) in Cl( 8, 8) CPU =        0.003 ms (setup)        0.007 (*)        0.003 (^)        0.003 (&)        0.004 (%) 
Cl( 3, 3) in Cl( 8, 8) CPU =        0.005 ms (setup)        0.021 (*)        0.005 (^)        0.007 (&)        0.007 (%) 
Cl( 4, 3) in Cl( 8, 8) CPU =        0.009 ms (setup)        0.069 (*)        0.014 (^)        0.019 (&)        0.018 (%) 
Cl( 4, 4) in Cl( 8, 8) CPU =        0.020 ms (setup)        0.185 (*)        0.036 (^)        0.051 (&)        0.043 (%) 
Cl( 5, 4) in Cl( 8, 8) CPU =        0.039 ms (setup)        0.615 (*)        0.089 (^)        0.140 (&)        0.108 (%) 
Cl( 5, 5) in Cl( 8, 8) CPU =        0.079 ms (setup)        0.914 (*)        0.260 (^)        0.415 (&)        0.277 (%) 
Cl( 6, 5) in Cl( 8, 8) CPU =        0.163 ms (setup)        3.154 (*)        0.726 (^)        1.182 (&)        0.734 (%) 
Cl( 6, 6) in Cl( 8, 8) CPU =        0.330 ms (setup)        4.686 (*)        1.937 (^)        3.341 (&)        1.954 (%) 
Cl( 7, 6) in Cl( 8, 8) CPU =        0.678 ms (setup)       15.356 (*)        5.366 (^)        9.759 (&)        5.528 (%) 
Cl( 7, 7) in Cl( 8, 8) CPU =        1.357 ms (setup)       23.439 (*)       15.128 (^)       29.740 (&)       15.858 (%) 
Cl( 8, 7) in Cl( 8, 8) CPU =        2.853 ms (setup)       80.352 (*)       43.505 (^)       86.689 (&)       45.642 (%) 
Cl( 8, 8) in Cl( 8, 8) CPU =        6.357 ms (setup)      128.847 (*)      127.484 (^)      259.017 (&)      135.511 (%) 

matrix_multi<double>
Clifford algebra products test:
Fill: 0.5
Cl( 1, 0) in Cl( 1, 0) CPU =        0.007 ms (setup)        0.001 (*)        0.004 (^)        0.003 (&)        0.003 (%) 
Cl( 1, 1) in Cl( 1, 1) CPU =        0.004 ms (setup)        0.001 (*)        0.002 (^)        0.002 (&)        0.002 (%) 
Cl( 2, 1) in Cl( 2, 1) CPU =        0.003 ms (setup)        0.001 (*)        0.013 (^)        0.009 (&)        0.011 (%) 
Cl( 2, 2) in Cl( 2, 2) CPU =        0.005 ms (setup)        0.000 (*)        0.009 (^)        0.011 (&)        0.013 (%) 
Cl( 3, 2) in Cl( 3, 2) CPU =        0.012 ms (setup)        0.001 (*)        0.040 (^)        0.043 (&)        0.051 (%) 
Cl( 3, 3) in Cl( 3, 3) CPU =        0.011 ms (setup)        0.001 (*)        0.066 (^)        0.081 (&)        0.077 (%) 
Cl( 4, 3) in Cl( 4, 3) CPU =        0.028 ms (setup)        0.003 (*)        0.376 (^)        0.404 (&)        0.421 (%) 
Cl( 4, 4) in Cl( 4, 4) CPU =        0.052 ms (setup)        0.001 (*)        0.599 (^)        0.609 (&)        0.632 (%) 
Cl( 5, 4) in Cl( 5, 4) CPU =        0.121 ms (setup)        0.002 (*)        2.392 (^)        2.606 (&)        2.558 (%) 
Cl( 5, 5) in Cl( 5, 5) CPU =        0.236 ms (setup)        0.003 (*)        3.680 (^)        3.734 (&)        3.756 (%) 
Cl( 6, 5) in Cl( 6, 5) CPU =        0.556 ms (setup)        0.011 (*)       13.148 (^)       14.099 (&)       14.696 (%) 
Cl( 6, 6) in Cl( 6, 6) CPU =        1.119 ms (setup)        0.011 (*)       19.438 (^)       19.730 (&)       19.532 (%) 
Cl( 7, 6) in Cl( 7, 6) CPU =        2.526 ms (setup)        0.070 (*)       77.046 (^)       81.622 (&)       77.590 (%) 
Cl( 7, 7) in Cl( 7, 7) CPU =        5.062 ms (setup)        0.072 (*)      101.121 (^)      109.032 (&)      102.713 (%) 
Cl( 8, 7) in Cl( 8, 7) CPU =       11.816 ms (setup)        0.509 (*)      447.701 (^)      490.293 (&)      449.410 (%) 
Cl( 8, 8) in Cl( 8, 8) CPU =       25.512 ms (setup)        0.505 (*)      581.017 (^)      629.365 (&)      582.071 (%) 
Cl( 1, 0) in Cl( 8, 8) CPU =        0.022 ms (setup)        0.521 (*)        6.562 (^)        6.470 (&)        6.496 (%) 
Cl( 1, 1) in Cl( 8, 8) CPU =        0.031 ms (setup)        0.554 (*)        8.635 (^)        6.532 (&)        8.415 (%) 
Cl( 2, 1) in Cl( 8, 8) CPU =        0.035 ms (setup)        0.499 (*)       11.188 (^)        8.268 (&)       10.284 (%) 
Cl( 2, 2) in Cl( 8, 8) CPU =        0.088 ms (setup)        0.502 (*)       15.254 (^)       11.074 (&)       11.907 (%) 
Cl( 3, 2) in Cl( 8, 8) CPU =        0.235 ms (setup)        0.487 (*)       22.079 (^)       14.847 (&)       14.726 (%) 
Cl( 3, 3) in Cl( 8, 8) CPU =        0.427 ms (setup)        0.488 (*)       28.710 (^)       22.177 (&)       20.593 (%) 
Cl( 4, 3) in Cl( 8, 8) CPU =        0.481 ms (setup)        0.485 (*)       36.609 (^)       38.844 (&)       27.935 (%) 
Cl( 4, 4) in Cl( 8, 8) CPU =        0.641 ms (setup)        0.487 (*)       49.839 (^)       40.416 (&)       37.864 (%) 
Cl( 5, 4) in Cl( 8, 8) CPU =        0.915 ms (setup)        0.495 (*)       65.044 (^)       51.678 (&)       46.435 (%) 
Cl( 5, 5) in Cl( 8, 8) CPU =        1.344 ms (setup)        0.500 (*)       86.679 (^)       75.158 (&)       58.293 (%) 
Cl( 6, 5) in Cl( 8, 8) CPU =        2.480 ms (setup)        0.502 (*)      103.472 (^)       85.666 (&)       72.267 (%) 
Cl( 6, 6) in Cl( 8, 8) CPU =        4.571 ms (setup)        0.508 (*)      120.033 (^)      118.227 (&)       94.344 (%) 
Cl( 7, 6) in Cl( 8, 8) CPU =       10.142 ms (setup)        0.498 (*)      175.877 (^)      187.172 (&)      146.855 (%) 
Cl( 7, 7) in Cl( 8, 8) CPU =       18.893 ms (setup)        0.505 (*)      220.560 (^)      233.261 (&)      195.897 (%) 
Cl( 8, 7) in Cl( 8, 8) CPU =       45.123 ms (setup)        0.507 (*)      460.685 (^)      473.747 (&)      429.106 (%) 
Cl( 8, 8) in Cl( 8, 8) CPU =       25.527 ms (setup)        0.505 (*)      560.663 (^)      632.421 (&)      572.828 (%) 
Fill: 1
Cl( 1, 0) in Cl( 1, 0) CPU =        0.003 ms (setup)        0.001 (*)        0.004 (^)        0.003 (&)        0.003 (%) 
Cl( 1, 1) in Cl( 1, 1) CPU =        0.001 ms (setup)        0.001 (*)        0.005 (^)        0.003 (&)        0.005 (%) 
Cl( 2, 1) in Cl( 2, 1) CPU =        0.002 ms (setup)        0.001 (*)        0.014 (^)        0.012 (&)        0.013 (%) 
Cl( 2, 2) in Cl( 2, 2) CPU =        0.004 ms (setup)        0.001 (*)        0.021 (^)        0.017 (&)        0.020 (%) 
Cl( 3, 2) in Cl( 3, 2) CPU =        0.007 ms (setup)        0.001 (*)        0.065 (^)        0.064 (&)        0.060 (%) 
Cl( 3, 3) in Cl( 3, 3) CPU =        0.013 ms (setup)        0.001 (*)        0.104 (^)        0.101 (&)        0.105 (%) 
Cl( 4, 3) in Cl( 4, 3) CPU =        0.034 ms (setup)        0.001 (*)        0.466 (^)        0.488 (&)        0.485 (%) 
Cl( 4, 4) in Cl( 4, 4) CPU =        0.070 ms (setup)        0.001 (*)        0.733 (^)        0.715 (&)        0.729 (%) 
Cl( 5, 4) in Cl( 5, 4) CPU =        0.162 ms (setup)        0.003 (*)        2.743 (^)        2.800 (&)        2.772 (%) 
Cl( 5, 5) in Cl( 5, 5) CPU =        0.322 ms (setup)        0.002 (*)        4.007 (^)        4.030 (&)        4.011 (%) 
Cl( 6, 5) in Cl( 6, 5) CPU =        0.799 ms (setup)        0.011 (*)       14.684 (^)       15.151 (&)       14.752 (%) 
Cl( 6, 6) in Cl( 6, 6) CPU =        1.594 ms (setup)        0.011 (*)       20.530 (^)       21.058 (&)       20.593 (%) 
Cl( 7, 6) in Cl( 7, 6) CPU =        3.843 ms (setup)        0.069 (*)       80.103 (^)       84.575 (&)       80.496 (%) 
Cl( 7, 7) in Cl( 7, 7) CPU =        7.721 ms (setup)        0.070 (*)      108.683 (^)      114.843 (&)      109.059 (%) 
Cl( 8, 7) in Cl( 8, 7) CPU =       22.445 ms (setup)        0.512 (*)      463.488 (^)      503.054 (&)      463.221 (%) 
Cl( 8, 8) in Cl( 8, 8) CPU =       41.546 ms (setup)        0.513 (*)      614.665 (^)      664.274 (&)      616.166 (%) 
Cl( 1, 0) in Cl( 8, 8) CPU =        0.024 ms (setup)        0.565 (*)        8.600 (^)        6.648 (&)        8.453 (%) 
Cl( 1, 1) in Cl( 8, 8) CPU =        0.030 ms (setup)        0.499 (*)       11.152 (^)        8.276 (&)        9.669 (%) 
Cl( 2, 1) in Cl( 8, 8) CPU =        0.053 ms (setup)        0.501 (*)       15.123 (^)       10.983 (&)       11.827 (%) 
Cl( 2, 2) in Cl( 8, 8) CPU =        0.476 ms (setup)        0.485 (*)       20.306 (^)       14.672 (&)       14.605 (%) 
Cl( 3, 2) in Cl( 8, 8) CPU =        0.486 ms (setup)        0.488 (*)       26.040 (^)       19.718 (&)       18.053 (%) 
Cl( 3, 3) in Cl( 8, 8) CPU =        0.504 ms (setup)        0.486 (*)       36.049 (^)       30.325 (&)       25.058 (%) 
Cl( 4, 3) in Cl( 8, 8) CPU =        0.591 ms (setup)        0.487 (*)       49.542 (^)       40.288 (&)       35.400 (%) 
Cl( 4, 4) in Cl( 8, 8) CPU =        0.694 ms (setup)        0.501 (*)       60.267 (^)       49.827 (&)       40.782 (%) 
Cl( 5, 4) in Cl( 8, 8) CPU =        1.041 ms (setup)        0.501 (*)       74.013 (^)       62.736 (&)       50.517 (%) 
Cl( 5, 5) in Cl( 8, 8) CPU =        1.593 ms (setup)        0.498 (*)       85.306 (^)       77.957 (&)       59.089 (%) 
Cl( 6, 5) in Cl( 8, 8) CPU =        3.287 ms (setup)        0.509 (*)      111.888 (^)       99.792 (&)       80.487 (%) 
Cl( 6, 6) in Cl( 8, 8) CPU =        5.580 ms (setup)        0.497 (*)      124.508 (^)      120.288 (&)       96.076 (%) 
Cl( 7, 6) in Cl( 8, 8) CPU =       13.399 ms (setup)        0.498 (*)      196.191 (^)      189.989 (&)      157.767 (%) 
Cl( 7, 7) in Cl( 8, 8) CPU =       26.643 ms (setup)        0.506 (*)      230.824 (^)      240.651 (&)      201.222 (%) 
Cl( 8, 7) in Cl( 8, 8) CPU =       62.038 ms (setup)        0.504 (*)      495.113 (^)      513.712 (&)      464.346 (%) 
Cl( 8, 8) in Cl( 8, 8) CPU =       41.556 ms (setup)        0.516 (*)      619.029 (^)      669.652 (&)      620.144 (%) 
