expressions/expressions
	linux-vdso.so.1 (0x00007bf4086c7000)
	libopenblas.so.0 => /lib/x86_64-linux-gnu/libopenblas.so.0 (0x00007bf4054a0000)
	libstdc++.so.6 => /lib/x86_64-linux-gnu/libstdc++.so.6 (0x00007bf405200000)
	libm.so.6 => /lib/x86_64-linux-gnu/libm.so.6 (0x00007bf405109000)
	libomp.so.5 => /lib/x86_64-linux-gnu/libomp.so.5 (0x00007bf404fd6000)
	libgcc_s.so.1 => /lib/x86_64-linux-gnu/libgcc_s.so.1 (0x00007bf404fa9000)
	libc.so.6 => /lib/x86_64-linux-gnu/libc.so.6 (0x00007bf404c00000)
	libmvec.so.1 => /lib/x86_64-linux-gnu/libmvec.so.1 (0x00007bf404eaf000)
	libgfortran.so.5 => /lib/x86_64-linux-gnu/libgfortran.so.5 (0x00007bf404800000)
	/lib64/ld-linux-x86-64.so.2 (0x00007bf4086c9000)
gfft_test/gfft_test
	linux-vdso.so.1 (0x000074f95e8ef000)
	libopenblas.so.0 => /lib/x86_64-linux-gnu/libopenblas.so.0 (0x000074f95b738000)
	libstdc++.so.6 => /lib/x86_64-linux-gnu/libstdc++.so.6 (0x000074f95b400000)
	libm.so.6 => /lib/x86_64-linux-gnu/libm.so.6 (0x000074f95b309000)
	libomp.so.5 => /lib/x86_64-linux-gnu/libomp.so.5 (0x000074f95b1d6000)
	libgcc_s.so.1 => /lib/x86_64-linux-gnu/libgcc_s.so.1 (0x000074f95b70b000)
	libc.so.6 => /lib/x86_64-linux-gnu/libc.so.6 (0x000074f95ae00000)
	libmvec.so.1 => /lib/x86_64-linux-gnu/libmvec.so.1 (0x000074f95b0dc000)
	libgfortran.so.5 => /lib/x86_64-linux-gnu/libgfortran.so.5 (0x000074f95aa00000)
	/lib64/ld-linux-x86-64.so.2 (0x000074f95e8f1000)
products/products
	linux-vdso.so.1 (0x000070243cce9000)
	libopenblas.so.0 => /lib/x86_64-linux-gnu/libopenblas.so.0 (0x0000702439ad8000)
	libstdc++.so.6 => /lib/x86_64-linux-gnu/libstdc++.so.6 (0x0000702439800000)
	libm.so.6 => /lib/x86_64-linux-gnu/libm.so.6 (0x0000702439709000)
	libomp.so.5 => /lib/x86_64-linux-gnu/libomp.so.5 (0x00007024395d6000)
	libgcc_s.so.1 => /lib/x86_64-linux-gnu/libgcc_s.so.1 (0x0000702439aab000)
	libc.so.6 => /lib/x86_64-linux-gnu/libc.so.6 (0x0000702439200000)
	libmvec.so.1 => /lib/x86_64-linux-gnu/libmvec.so.1 (0x00007024394dc000)
	libgfortran.so.5 => /lib/x86_64-linux-gnu/libgfortran.so.5 (0x0000702438e00000)
	/lib64/ld-linux-x86-64.so.2 (0x000070243cceb000)
squaring/squaring
	linux-vdso.so.1 (0x00007f580a7e9000)
	libopenblas.so.0 => /lib/x86_64-linux-gnu/libopenblas.so.0 (0x00007f5807630000)
	libstdc++.so.6 => /lib/x86_64-linux-gnu/libstdc++.so.6 (0x00007f5807200000)
	libm.so.6 => /lib/x86_64-linux-gnu/libm.so.6 (0x00007f5807539000)
	libomp.so.5 => /lib/x86_64-linux-gnu/libomp.so.5 (0x00007f58070cd000)
	libgcc_s.so.1 => /lib/x86_64-linux-gnu/libgcc_s.so.1 (0x00007f580750c000)
	libc.so.6 => /lib/x86_64-linux-gnu/libc.so.6 (0x00007f5806e00000)
	libmvec.so.1 => /lib/x86_64-linux-gnu/libmvec.so.1 (0x00007f5806d06000)
	libgfortran.so.5 => /lib/x86_64-linux-gnu/libgfortran.so.5 (0x00007f5806800000)
	/lib64/ld-linux-x86-64.so.2 (0x00007f580a7eb000)
transforms/transforms
	linux-vdso.so.1 (0x0000745b72b5d000)
	libopenblas.so.0 => /lib/x86_64-linux-gnu/libopenblas.so.0 (0x0000745b6f9a8000)
	libstdc++.so.6 => /lib/x86_64-linux-gnu/libstdc++.so.6 (0x0000745b6f600000)
	libm.so.6 => /lib/x86_64-linux-gnu/libm.so.6 (0x0000745b6f8b1000)
	libomp.so.5 => /lib/x86_64-linux-gnu/libomp.so.5 (0x0000745b6f4cd000)
	libgcc_s.so.1 => /lib/x86_64-linux-gnu/libgcc_s.so.1 (0x0000745b6f4a0000)
	libc.so.6 => /lib/x86_64-linux-gnu/libc.so.6 (0x0000745b6f200000)
	libmvec.so.1 => /lib/x86_64-linux-gnu/libmvec.so.1 (0x0000745b6f106000)
	libgfortran.so.5 => /lib/x86_64-linux-gnu/libgfortran.so.5 (0x0000745b6ec00000)
	/lib64/ld-linux-x86-64.so.2 (0x0000745b72b5f000)
versor/versor
	linux-vdso.so.1 (0x000072615d0ac000)
	libopenblas.so.0 => /lib/x86_64-linux-gnu/libopenblas.so.0 (0x0000726159ef0000)
	libstdc++.so.6 => /lib/x86_64-linux-gnu/libstdc++.so.6 (0x0000726159c00000)
	libm.so.6 => /lib/x86_64-linux-gnu/libm.so.6 (0x0000726159b09000)
	libomp.so.5 => /lib/x86_64-linux-gnu/libomp.so.5 (0x00007261599d6000)
	libgcc_s.so.1 => /lib/x86_64-linux-gnu/libgcc_s.so.1 (0x0000726159ec3000)
	libc.so.6 => /lib/x86_64-linux-gnu/libc.so.6 (0x0000726159600000)
	libmvec.so.1 => /lib/x86_64-linux-gnu/libmvec.so.1 (0x00007261598dc000)
	libgfortran.so.5 => /lib/x86_64-linux-gnu/libgfortran.so.5 (0x0000726159200000)
	/lib64/ld-linux-x86-64.so.2 (0x000072615d0ae000)
