
framed_multi<float,-4,4>
Clifford algebra products test:
Fill: 0.5
Cl( 1, 0) in Cl( 1, 0) CPU =        0.005 ms (setup)        0.003 (*)        0.002 (^)        0.002 (&)        0.002 (%) 
Cl( 1, 1) in Cl( 1, 1) CPU =        0.002 ms (setup)        0.003 (*)        0.002 (^)        0.002 (&)        0.002 (%) 
Cl( 2, 1) in Cl( 2, 1) CPU =        0.003 ms (setup)        0.005 (*)        0.005 (^)        0.003 (&)        0.003 (%) 
Cl( 2, 2) in Cl( 2, 2) CPU =        0.003 ms (setup)        0.007 (*)        0.005 (^)        0.004 (&)        0.004 (%) 
Cl( 3, 2) in Cl( 3, 2) CPU =        0.007 ms (setup)        0.015 (*)        0.008 (^)        0.009 (&)        0.007 (%) 
Cl( 3, 3) in Cl( 3, 3) CPU =        0.010 ms (setup)        0.037 (*)        0.019 (^)        0.019 (&)        0.016 (%) 
Cl( 4, 3) in Cl( 4, 3) CPU =        0.024 ms (setup)        0.111 (*)        0.057 (^)        0.056 (&)        0.043 (%) 
Cl( 4, 4) in Cl( 4, 4) CPU =        0.047 ms (setup)        0.856 (*)        0.140 (^)        0.133 (&)        0.100 (%) 
Cl( 1, 0) in Cl( 4, 4) CPU =        0.001 ms (setup)        0.001 (*)        0.001 (^)        0.001 (&)        0.001 (%) 
Cl( 1, 1) in Cl( 4, 4) CPU =        0.002 ms (setup)        0.002 (*)        0.001 (^)        0.002 (&)        0.002 (%) 
Cl( 2, 1) in Cl( 4, 4) CPU =        0.002 ms (setup)        0.004 (*)        0.002 (^)        0.003 (&)        0.003 (%) 
Cl( 2, 2) in Cl( 4, 4) CPU =        0.003 ms (setup)        0.005 (*)        0.003 (^)        0.003 (&)        0.003 (%) 
Cl( 3, 2) in Cl( 4, 4) CPU =        0.006 ms (setup)        0.016 (*)        0.014 (^)        0.009 (&)        0.009 (%) 
Cl( 3, 3) in Cl( 4, 4) CPU =        0.011 ms (setup)        0.033 (*)        0.021 (^)        0.018 (&)        0.015 (%) 
Cl( 4, 3) in Cl( 4, 4) CPU =        0.022 ms (setup)        0.105 (*)        0.050 (^)        0.059 (&)        0.042 (%) 
Cl( 4, 4) in Cl( 4, 4) CPU =        0.044 ms (setup)        0.775 (*)        0.140 (^)        0.143 (&)        0.103 (%) 
Fill: 1
Cl( 1, 0) in Cl( 1, 0) CPU =        0.001 ms (setup)        0.003 (*)        0.002 (^)        0.002 (&)        0.002 (%) 
Cl( 1, 1) in Cl( 1, 1) CPU =        0.002 ms (setup)        0.004 (*)        0.002 (^)        0.002 (&)        0.002 (%) 
Cl( 2, 1) in Cl( 2, 1) CPU =        0.003 ms (setup)        0.005 (*)        0.003 (^)        0.003 (&)        0.003 (%) 
Cl( 2, 2) in Cl( 2, 2) CPU =        0.004 ms (setup)        0.009 (*)        0.005 (^)        0.005 (&)        0.005 (%) 
Cl( 3, 2) in Cl( 3, 2) CPU =        0.007 ms (setup)        0.023 (*)        0.010 (^)        0.013 (&)        0.011 (%) 
Cl( 3, 3) in Cl( 3, 3) CPU =        0.015 ms (setup)        0.069 (*)        0.022 (^)        0.032 (&)        0.026 (%) 
Cl( 4, 3) in Cl( 4, 3) CPU =        0.032 ms (setup)        0.226 (*)        0.053 (^)        0.084 (&)        0.062 (%) 
Cl( 4, 4) in Cl( 4, 4) CPU =        0.071 ms (setup)        0.942 (*)        0.136 (^)        0.227 (&)        0.167 (%) 
Cl( 1, 0) in Cl( 4, 4) CPU =        0.001 ms (setup)        0.002 (*)        0.001 (^)        0.001 (&)        0.001 (%) 
Cl( 1, 1) in Cl( 4, 4) CPU =        0.002 ms (setup)        0.003 (*)        0.002 (^)        0.002 (&)        0.002 (%) 
Cl( 2, 1) in Cl( 4, 4) CPU =        0.002 ms (setup)        0.004 (*)        0.003 (^)        0.003 (&)        0.003 (%) 
Cl( 2, 2) in Cl( 4, 4) CPU =        0.004 ms (setup)        0.008 (*)        0.005 (^)        0.005 (&)        0.005 (%) 
Cl( 3, 2) in Cl( 4, 4) CPU =        0.007 ms (setup)        0.022 (*)        0.009 (^)        0.012 (&)        0.010 (%) 
Cl( 3, 3) in Cl( 4, 4) CPU =        0.015 ms (setup)        0.066 (*)        0.022 (^)        0.030 (&)        0.024 (%) 
Cl( 4, 3) in Cl( 4, 4) CPU =        0.030 ms (setup)        0.214 (*)        0.051 (^)        0.079 (&)        0.059 (%) 
Cl( 4, 4) in Cl( 4, 4) CPU =        0.068 ms (setup)        0.871 (*)        0.122 (^)        0.221 (&)        0.144 (%) 

matrix_multi<float,-4,4>
Clifford algebra products test:
Fill: 0.5
Cl( 1, 0) in Cl( 1, 0) CPU =        0.013 ms (setup)        0.001 (*)        0.011 (^)        0.008 (&)        0.010 (%) 
Cl( 1, 1) in Cl( 1, 1) CPU =        0.005 ms (setup)        0.001 (*)        0.008 (^)        0.008 (&)        0.008 (%) 
Cl( 2, 1) in Cl( 2, 1) CPU =        0.009 ms (setup)        0.002 (*)        0.017 (^)        0.028 (&)        0.026 (%) 
Cl( 2, 2) in Cl( 2, 2) CPU =        0.011 ms (setup)        0.001 (*)        0.068 (^)        0.043 (&)        0.059 (%) 
Cl( 3, 2) in Cl( 3, 2) CPU =        0.022 ms (setup)        0.002 (*)        0.261 (^)        0.222 (&)        0.261 (%) 
Cl( 3, 3) in Cl( 3, 3) CPU =        0.041 ms (setup)        0.002 (*)        0.357 (^)        0.365 (&)        0.374 (%) 
Cl( 4, 3) in Cl( 4, 3) CPU =        0.092 ms (setup)        0.003 (*)        1.530 (^)        1.450 (&)        1.395 (%) 
Cl( 4, 4) in Cl( 4, 4) CPU =        0.137 ms (setup)        0.003 (*)        1.982 (^)        2.049 (&)        2.059 (%) 
Cl( 1, 0) in Cl( 4, 4) CPU =        0.001 ms (setup)        0.002 (*)        0.007 (^)        0.007 (&)        0.013 (%) 
Cl( 1, 1) in Cl( 4, 4) CPU =        0.005 ms (setup)        0.002 (*)        0.082 (^)        0.051 (&)        0.071 (%) 
Cl( 2, 1) in Cl( 4, 4) CPU =        0.012 ms (setup)        0.002 (*)        0.105 (^)        0.063 (&)        0.079 (%) 
Cl( 2, 2) in Cl( 4, 4) CPU =        0.024 ms (setup)        0.003 (*)        0.182 (^)        0.117 (&)        0.138 (%) 
Cl( 3, 2) in Cl( 4, 4) CPU =        0.069 ms (setup)        0.002 (*)        0.216 (^)        0.204 (&)        0.201 (%) 
Cl( 3, 3) in Cl( 4, 4) CPU =        0.100 ms (setup)        0.002 (*)        0.434 (^)        0.378 (&)        0.376 (%) 
Cl( 4, 3) in Cl( 4, 4) CPU =        0.250 ms (setup)        0.003 (*)        1.208 (^)        1.234 (&)        1.252 (%) 
Cl( 4, 4) in Cl( 4, 4) CPU =        0.136 ms (setup)        0.002 (*)        1.892 (^)        2.045 (&)        2.042 (%) 
Fill: 1
Cl( 1, 0) in Cl( 1, 0) CPU =        0.003 ms (setup)        0.001 (*)        0.009 (^)        0.007 (&)        0.008 (%) 
Cl( 1, 1) in Cl( 1, 1) CPU =        0.003 ms (setup)        0.001 (*)        0.013 (^)        0.010 (&)        0.012 (%) 
Cl( 2, 1) in Cl( 2, 1) CPU =        0.005 ms (setup)        0.001 (*)        0.046 (^)        0.036 (&)        0.041 (%) 
Cl( 2, 2) in Cl( 2, 2) CPU =        0.008 ms (setup)        0.001 (*)        0.068 (^)        0.053 (&)        0.065 (%) 
Cl( 3, 2) in Cl( 3, 2) CPU =        0.021 ms (setup)        0.002 (*)        0.221 (^)        0.234 (&)        0.235 (%) 
Cl( 3, 3) in Cl( 3, 3) CPU =        0.040 ms (setup)        0.003 (*)        0.364 (^)        0.351 (&)        0.379 (%) 
Cl( 4, 3) in Cl( 4, 3) CPU =        0.097 ms (setup)        0.002 (*)        1.574 (^)        1.542 (&)        1.555 (%) 
Cl( 4, 4) in Cl( 4, 4) CPU =        0.195 ms (setup)        0.002 (*)        2.294 (^)        2.269 (&)        2.319 (%) 
Cl( 1, 0) in Cl( 4, 4) CPU =        0.005 ms (setup)        0.002 (*)        0.067 (^)        0.044 (&)        0.056 (%) 
Cl( 1, 1) in Cl( 4, 4) CPU =        0.007 ms (setup)        0.002 (*)        0.083 (^)        0.056 (&)        0.072 (%) 
Cl( 2, 1) in Cl( 4, 4) CPU =        0.013 ms (setup)        0.002 (*)        0.130 (^)        0.093 (&)        0.099 (%) 
Cl( 2, 2) in Cl( 4, 4) CPU =        0.033 ms (setup)        0.003 (*)        0.188 (^)        0.122 (&)        0.143 (%) 
Cl( 3, 2) in Cl( 4, 4) CPU =        0.082 ms (setup)        0.003 (*)        0.395 (^)        0.293 (&)        0.297 (%) 
Cl( 3, 3) in Cl( 4, 4) CPU =        0.123 ms (setup)        0.003 (*)        0.590 (^)        0.490 (&)        0.515 (%) 
Cl( 4, 3) in Cl( 4, 4) CPU =        0.335 ms (setup)        0.003 (*)        1.660 (^)        1.546 (&)        1.560 (%) 
Cl( 4, 4) in Cl( 4, 4) CPU =        0.195 ms (setup)        0.002 (*)        2.284 (^)        2.259 (&)        2.312 (%) 

framed_multi<double>
Clifford algebra products test:
Fill: 0.5
Cl( 1, 0) in Cl( 1, 0) CPU =        0.003 ms (setup)        0.002 (*)        0.001 (^)        0.001 (&)        0.001 (%) 
Cl( 1, 1) in Cl( 1, 1) CPU =        0.001 ms (setup)        0.001 (*)        0.001 (^)        0.001 (&)        0.001 (%) 
Cl( 2, 1) in Cl( 2, 1) CPU =        0.002 ms (setup)        0.004 (*)        0.003 (^)        0.003 (&)        0.003 (%) 
Cl( 2, 2) in Cl( 2, 2) CPU =        0.002 ms (setup)        0.005 (*)        0.004 (^)        0.004 (&)        0.004 (%) 
Cl( 3, 2) in Cl( 3, 2) CPU =        0.004 ms (setup)        0.013 (*)        0.007 (^)        0.007 (&)        0.007 (%) 
Cl( 3, 3) in Cl( 3, 3) CPU =        0.008 ms (setup)        0.030 (*)        0.015 (^)        0.015 (&)        0.013 (%) 
Cl( 4, 3) in Cl( 4, 3) CPU =        0.017 ms (setup)        0.089 (*)        0.042 (^)        0.041 (&)        0.032 (%) 
Cl( 4, 4) in Cl( 4, 4) CPU =        0.032 ms (setup)        0.465 (*)        0.104 (^)        0.090 (&)        0.070 (%) 
Cl( 5, 4) in Cl( 5, 4) CPU =        0.062 ms (setup)        1.610 (*)        0.280 (^)        0.283 (&)        0.200 (%) 
Cl( 5, 5) in Cl( 5, 5) CPU =        0.122 ms (setup)        2.218 (*)        0.711 (^)        0.664 (&)        0.444 (%) 
Cl( 6, 5) in Cl( 6, 5) CPU =        0.249 ms (setup)        7.856 (*)        2.028 (^)        1.942 (&)        1.244 (%) 
Cl( 6, 6) in Cl( 6, 6) CPU =        0.499 ms (setup)       10.466 (*)        5.585 (^)        5.372 (&)        3.127 (%) 
Cl( 7, 6) in Cl( 7, 6) CPU =        0.985 ms (setup)       36.510 (*)       16.575 (^)       15.754 (&)        9.035 (%) 
Cl( 7, 7) in Cl( 7, 7) CPU =        2.012 ms (setup)       49.403 (*)       48.182 (^)       45.736 (&)       24.657 (%) 
Cl( 8, 7) in Cl( 8, 7) CPU =        4.168 ms (setup)      177.518 (*)      144.370 (^)      135.025 (&)       71.148 (%) 
Cl( 8, 8) in Cl( 8, 8) CPU =        8.234 ms (setup)      243.340 (*)      424.344 (^)      409.858 (&)      211.192 (%) 
Cl( 1, 0) in Cl( 8, 8) CPU =        0.003 ms (setup)        0.001 (*)        0.001 (^)        0.001 (&)        0.001 (%) 
Cl( 1, 1) in Cl( 8, 8) CPU =        0.001 ms (setup)        0.001 (*)        0.001 (^)        0.001 (&)        0.001 (%) 
Cl( 2, 1) in Cl( 8, 8) CPU =        0.002 ms (setup)        0.001 (*)        0.001 (^)        0.001 (&)        0.001 (%) 
Cl( 2, 2) in Cl( 8, 8) CPU =        0.002 ms (setup)        0.004 (*)        0.003 (^)        0.003 (&)        0.003 (%) 
Cl( 3, 2) in Cl( 8, 8) CPU =        0.004 ms (setup)        0.011 (*)        0.007 (^)        0.006 (&)        0.005 (%) 
Cl( 3, 3) in Cl( 8, 8) CPU =        0.006 ms (setup)        0.034 (*)        0.015 (^)        0.013 (&)        0.012 (%) 
Cl( 4, 3) in Cl( 8, 8) CPU =        0.015 ms (setup)        0.069 (*)        0.038 (^)        0.032 (&)        0.028 (%) 
Cl( 4, 4) in Cl( 8, 8) CPU =        0.030 ms (setup)        0.465 (*)        0.104 (^)        0.099 (&)        0.081 (%) 
Cl( 5, 4) in Cl( 8, 8) CPU =        0.062 ms (setup)        1.604 (*)        0.273 (^)        0.268 (&)        0.196 (%) 
Cl( 5, 5) in Cl( 8, 8) CPU =        0.119 ms (setup)        2.152 (*)        0.703 (^)        0.689 (&)        0.448 (%) 
Cl( 6, 5) in Cl( 8, 8) CPU =        0.245 ms (setup)        7.498 (*)        1.966 (^)        1.921 (&)        1.196 (%) 
Cl( 6, 6) in Cl( 8, 8) CPU =        0.481 ms (setup)       10.604 (*)        5.532 (^)        5.123 (&)        3.055 (%) 
Cl( 7, 6) in Cl( 8, 8) CPU =        0.983 ms (setup)       35.270 (*)       15.957 (^)       15.190 (&)        8.747 (%) 
Cl( 7, 7) in Cl( 8, 8) CPU =        1.963 ms (setup)       48.330 (*)       48.560 (^)       45.036 (&)       24.928 (%) 
Cl( 8, 7) in Cl( 8, 8) CPU =        4.054 ms (setup)      176.940 (*)      140.909 (^)      135.884 (&)       72.644 (%) 
Cl( 8, 8) in Cl( 8, 8) CPU =        8.095 ms (setup)      242.930 (*)      422.911 (^)      408.479 (&)      208.868 (%) 
Fill: 1
Cl( 1, 0) in Cl( 1, 0) CPU =        0.001 ms (setup)        0.002 (*)        0.001 (^)        0.001 (&)        0.001 (%) 
Cl( 1, 1) in Cl( 1, 1) CPU =        0.002 ms (setup)        0.002 (*)        0.001 (^)        0.001 (&)        0.001 (%) 
Cl( 2, 1) in Cl( 2, 1) CPU =        0.002 ms (setup)        0.004 (*)        0.003 (^)        0.003 (&)        0.003 (%) 
Cl( 2, 2) in Cl( 2, 2) CPU =        0.003 ms (setup)        0.009 (*)        0.009 (^)        0.005 (&)        0.005 (%) 
Cl( 3, 2) in Cl( 3, 2) CPU =        0.007 ms (setup)        0.025 (*)        0.009 (^)        0.010 (&)        0.009 (%) 
Cl( 3, 3) in Cl( 3, 3) CPU =        0.013 ms (setup)        0.069 (*)        0.020 (^)        0.026 (&)        0.021 (%) 
Cl( 4, 3) in Cl( 4, 3) CPU =        0.026 ms (setup)        0.226 (*)        0.046 (^)        0.064 (&)        0.049 (%) 
Cl( 4, 4) in Cl( 4, 4) CPU =        0.052 ms (setup)        0.557 (*)        0.128 (^)        0.166 (&)        0.121 (%) 
Cl( 5, 4) in Cl( 5, 4) CPU =        0.102 ms (setup)        1.830 (*)        0.270 (^)        0.443 (&)        0.296 (%) 
Cl( 5, 5) in Cl( 5, 5) CPU =        0.196 ms (setup)        2.657 (*)        0.682 (^)        1.206 (&)        0.764 (%) 
Cl( 6, 5) in Cl( 6, 5) CPU =        0.457 ms (setup)        8.806 (*)        1.857 (^)        3.567 (&)        2.042 (%) 
Cl( 6, 6) in Cl( 6, 6) CPU =        0.796 ms (setup)       12.949 (*)        4.854 (^)        9.850 (&)        5.584 (%) 
Cl( 7, 6) in Cl( 7, 6) CPU =        1.633 ms (setup)       42.390 (*)       13.654 (^)       29.025 (&)       15.931 (%) 
Cl( 7, 7) in Cl( 7, 7) CPU =        3.271 ms (setup)       64.459 (*)       39.764 (^)       87.453 (&)       46.705 (%) 
Cl( 8, 7) in Cl( 8, 7) CPU =        6.826 ms (setup)      219.483 (*)      118.451 (^)      268.505 (&)      137.519 (%) 
Cl( 8, 8) in Cl( 8, 8) CPU =       14.354 ms (setup)      331.212 (*)      357.932 (^)      833.712 (&)      423.791 (%) 
Cl( 1, 0) in Cl( 8, 8) CPU =        0.002 ms (setup)        0.002 (*)        0.001 (^)        0.001 (&)        0.001 (%) 
Cl( 1, 1) in Cl( 8, 8) CPU =        0.001 ms (setup)        0.003 (*)        0.002 (^)        0.002 (&)        0.002 (%) 
Cl( 2, 1) in Cl( 8, 8) CPU =        0.003 ms (setup)        0.004 (*)        0.003 (^)        0.003 (&)        0.003 (%) 
Cl( 2, 2) in Cl( 8, 8) CPU =        0.003 ms (setup)        0.009 (*)        0.004 (^)        0.005 (&)        0.005 (%) 
Cl( 3, 2) in Cl( 8, 8) CPU =        0.007 ms (setup)        0.023 (*)        0.009 (^)        0.011 (&)        0.013 (%) 
Cl( 3, 3) in Cl( 8, 8) CPU =        0.015 ms (setup)        0.072 (*)        0.020 (^)        0.026 (&)        0.021 (%) 
Cl( 4, 3) in Cl( 8, 8) CPU =        0.026 ms (setup)        0.236 (*)        0.045 (^)        0.064 (&)        0.049 (%) 
Cl( 4, 4) in Cl( 8, 8) CPU =        0.052 ms (setup)        0.555 (*)        0.110 (^)        0.166 (&)        0.120 (%) 
Cl( 5, 4) in Cl( 8, 8) CPU =        0.106 ms (setup)        1.816 (*)        0.272 (^)        0.442 (&)        0.296 (%) 
Cl( 5, 5) in Cl( 8, 8) CPU =        0.199 ms (setup)        2.662 (*)        0.681 (^)        1.213 (&)        0.771 (%) 
Cl( 6, 5) in Cl( 8, 8) CPU =        0.409 ms (setup)        8.770 (*)        1.816 (^)        3.565 (&)        2.045 (%) 
Cl( 6, 6) in Cl( 8, 8) CPU =        0.807 ms (setup)       12.938 (*)        5.029 (^)       10.098 (&)        5.715 (%) 
Cl( 7, 6) in Cl( 8, 8) CPU =        1.629 ms (setup)       42.415 (*)       13.595 (^)       29.008 (&)       16.085 (%) 
Cl( 7, 7) in Cl( 8, 8) CPU =        3.249 ms (setup)       63.630 (*)       40.052 (^)       87.010 (&)       46.168 (%) 
Cl( 8, 7) in Cl( 8, 8) CPU =        6.804 ms (setup)      220.489 (*)      119.371 (^)      270.393 (&)      138.513 (%) 
Cl( 8, 8) in Cl( 8, 8) CPU =       14.255 ms (setup)      332.296 (*)      360.201 (^)      837.712 (&)      422.580 (%) 

matrix_multi<double>
Clifford algebra products test:
Fill: 0.5
Cl( 1, 0) in Cl( 1, 0) CPU =        0.004 ms (setup)        0.001 (*)        0.010 (^)        0.007 (&)        0.010 (%) 
Cl( 1, 1) in Cl( 1, 1) CPU =        0.007 ms (setup)        0.001 (*)        0.006 (^)        0.006 (&)        0.005 (%) 
Cl( 2, 1) in Cl( 2, 1) CPU =        0.005 ms (setup)        0.001 (*)        0.039 (^)        0.026 (&)        0.034 (%) 
Cl( 2, 2) in Cl( 2, 2) CPU =        0.009 ms (setup)        0.001 (*)        0.030 (^)        0.035 (&)        0.044 (%) 
Cl( 3, 2) in Cl( 3, 2) CPU =        0.036 ms (setup)        0.002 (*)        0.157 (^)        0.178 (&)        0.184 (%) 
Cl( 3, 3) in Cl( 3, 3) CPU =        0.033 ms (setup)        0.002 (*)        0.231 (^)        0.292 (&)        0.279 (%) 
Cl( 4, 3) in Cl( 4, 3) CPU =        0.077 ms (setup)        0.003 (*)        1.196 (^)        1.295 (&)        1.294 (%) 
Cl( 4, 4) in Cl( 4, 4) CPU =        0.142 ms (setup)        0.003 (*)        1.886 (^)        1.932 (&)        1.986 (%) 
Cl( 5, 4) in Cl( 5, 4) CPU =        0.336 ms (setup)        0.011 (*)        6.926 (^)        7.737 (&)        7.491 (%) 
Cl( 5, 5) in Cl( 5, 5) CPU =        0.632 ms (setup)        0.011 (*)       10.752 (^)       10.924 (&)       10.902 (%) 
Cl( 6, 5) in Cl( 6, 5) CPU =        1.458 ms (setup)        0.060 (*)       39.160 (^)       42.956 (&)       40.785 (%) 
Cl( 6, 6) in Cl( 6, 6) CPU =        2.861 ms (setup)        0.060 (*)       57.666 (^)       59.846 (&)       57.636 (%) 
Cl( 7, 6) in Cl( 7, 6) CPU =        6.543 ms (setup)        0.396 (*)      237.415 (^)      261.327 (&)      240.519 (%) 
Cl( 7, 7) in Cl( 7, 7) CPU =       12.949 ms (setup)        0.392 (*)      303.149 (^)      342.831 (&)      312.220 (%) 
Cl( 8, 7) in Cl( 8, 7) CPU =       31.358 ms (setup)        2.799 (*)     1604.710 (^)     1677.799 (&)     1437.593 (%) 
Cl( 8, 8) in Cl( 8, 8) CPU =       60.300 ms (setup)        2.810 (*)     1855.449 (^)     2124.649 (&)     1857.584 (%) 
Cl( 1, 0) in Cl( 8, 8) CPU =        0.058 ms (setup)        2.823 (*)       17.242 (^)       15.407 (&)       15.505 (%) 
Cl( 1, 1) in Cl( 8, 8) CPU =        0.068 ms (setup)        2.809 (*)       26.676 (^)       15.587 (&)       23.356 (%) 
Cl( 2, 1) in Cl( 8, 8) CPU =        0.093 ms (setup)        2.811 (*)       42.950 (^)       25.523 (&)       33.306 (%) 
Cl( 2, 2) in Cl( 8, 8) CPU =        0.228 ms (setup)        2.813 (*)       64.915 (^)       41.841 (&)       46.997 (%) 
Cl( 3, 2) in Cl( 8, 8) CPU =        0.968 ms (setup)        2.934 (*)       92.323 (^)       63.049 (&)       61.955 (%) 
Cl( 3, 3) in Cl( 8, 8) CPU =        1.575 ms (setup)        2.809 (*)      130.245 (^)       94.543 (&)       84.963 (%) 
Cl( 4, 3) in Cl( 8, 8) CPU =        1.742 ms (setup)        2.805 (*)      173.663 (^)      173.310 (&)      113.897 (%) 
Cl( 4, 4) in Cl( 8, 8) CPU =        1.959 ms (setup)        2.812 (*)      228.557 (^)      179.462 (&)      146.260 (%) 
Cl( 5, 4) in Cl( 8, 8) CPU =        2.734 ms (setup)        2.804 (*)      290.879 (^)      231.162 (&)      182.971 (%) 
Cl( 5, 5) in Cl( 8, 8) CPU =        3.744 ms (setup)        2.802 (*)      386.476 (^)      344.839 (&)      249.257 (%) 
Cl( 6, 5) in Cl( 8, 8) CPU =        7.120 ms (setup)        3.168 (*)      433.324 (^)      373.531 (&)      284.547 (%) 
Cl( 6, 6) in Cl( 8, 8) CPU =       11.992 ms (setup)        2.791 (*)      518.404 (^)      524.647 (&)      378.408 (%) 
Cl( 7, 6) in Cl( 8, 8) CPU =       27.403 ms (setup)        2.788 (*)      640.568 (^)      742.784 (&)      525.317 (%) 
Cl( 7, 7) in Cl( 8, 8) CPU =       50.178 ms (setup)        2.843 (*)      817.498 (^)      911.191 (&)      703.842 (%) 
Cl( 8, 7) in Cl( 8, 8) CPU =      120.457 ms (setup)        2.839 (*)     1451.427 (^)     1600.778 (&)     1357.262 (%) 
Cl( 8, 8) in Cl( 8, 8) CPU =       60.534 ms (setup)        2.821 (*)     1765.293 (^)     2128.136 (&)     1809.270 (%) 
Fill: 1
Cl( 1, 0) in Cl( 1, 0) CPU =        0.003 ms (setup)        0.001 (*)        0.009 (^)        0.007 (&)        0.008 (%) 
Cl( 1, 1) in Cl( 1, 1) CPU =        0.002 ms (setup)        0.001 (*)        0.012 (^)        0.009 (&)        0.011 (%) 
Cl( 2, 1) in Cl( 2, 1) CPU =        0.004 ms (setup)        0.001 (*)        0.045 (^)        0.037 (&)        0.042 (%) 
Cl( 2, 2) in Cl( 2, 2) CPU =        0.010 ms (setup)        0.001 (*)        0.070 (^)        0.066 (&)        0.069 (%) 
Cl( 3, 2) in Cl( 3, 2) CPU =        0.023 ms (setup)        0.003 (*)        0.237 (^)        0.216 (&)        0.228 (%) 
Cl( 3, 3) in Cl( 3, 3) CPU =        0.044 ms (setup)        0.002 (*)        0.371 (^)        0.368 (&)        0.407 (%) 
Cl( 4, 3) in Cl( 4, 3) CPU =        0.103 ms (setup)        0.005 (*)        1.708 (^)        1.688 (&)        1.716 (%) 
Cl( 4, 4) in Cl( 4, 4) CPU =        0.198 ms (setup)        0.003 (*)        2.433 (^)        2.346 (&)        2.288 (%) 
Cl( 5, 4) in Cl( 5, 4) CPU =        0.474 ms (setup)        0.011 (*)        8.252 (^)        8.385 (&)        8.230 (%) 
Cl( 5, 5) in Cl( 5, 5) CPU =        0.927 ms (setup)        0.011 (*)       12.052 (^)       12.264 (&)       11.944 (%) 
Cl( 6, 5) in Cl( 6, 5) CPU =        2.165 ms (setup)        0.059 (*)       44.188 (^)       46.533 (&)       44.702 (%) 
Cl( 6, 6) in Cl( 6, 6) CPU =        4.505 ms (setup)        0.060 (*)       61.660 (^)       64.131 (&)       62.650 (%) 
Cl( 7, 6) in Cl( 7, 6) CPU =       10.175 ms (setup)        0.387 (*)      248.101 (^)      273.038 (&)      249.847 (%) 
Cl( 7, 7) in Cl( 7, 7) CPU =       20.254 ms (setup)        0.395 (*)      335.311 (^)      362.707 (&)      338.091 (%) 
Cl( 8, 7) in Cl( 8, 7) CPU =       51.296 ms (setup)        2.793 (*)     1817.688 (^)     1745.795 (&)     1497.357 (%) 
Cl( 8, 8) in Cl( 8, 8) CPU =      103.011 ms (setup)        2.863 (*)     1969.342 (^)     2239.222 (&)     1967.230 (%) 
Cl( 1, 0) in Cl( 8, 8) CPU =        0.066 ms (setup)        2.917 (*)       26.765 (^)       15.822 (&)       24.343 (%) 
Cl( 1, 1) in Cl( 8, 8) CPU =        0.080 ms (setup)        2.982 (*)       42.328 (^)       25.399 (&)       33.400 (%) 
Cl( 2, 1) in Cl( 8, 8) CPU =        0.154 ms (setup)        2.817 (*)       65.538 (^)       41.465 (&)       46.256 (%) 
Cl( 2, 2) in Cl( 8, 8) CPU =        1.530 ms (setup)        2.800 (*)       92.989 (^)       62.522 (&)       62.414 (%) 
Cl( 3, 2) in Cl( 8, 8) CPU =        1.667 ms (setup)        2.803 (*)      126.294 (^)       91.314 (&)       80.743 (%) 
Cl( 3, 3) in Cl( 8, 8) CPU =        1.605 ms (setup)        2.803 (*)      170.170 (^)      128.554 (&)      109.273 (%) 
Cl( 4, 3) in Cl( 8, 8) CPU =        1.848 ms (setup)        2.807 (*)      226.781 (^)      182.026 (&)      142.506 (%) 
Cl( 4, 4) in Cl( 8, 8) CPU =        2.122 ms (setup)        2.806 (*)      285.192 (^)      224.846 (&)      173.191 (%) 
Cl( 5, 4) in Cl( 8, 8) CPU =        3.278 ms (setup)        2.894 (*)      340.151 (^)      284.849 (&)      213.736 (%) 
Cl( 5, 5) in Cl( 8, 8) CPU =        4.803 ms (setup)        2.825 (*)      390.942 (^)      348.340 (&)      253.755 (%) 
Cl( 6, 5) in Cl( 8, 8) CPU =        9.914 ms (setup)        2.796 (*)      474.260 (^)      444.447 (&)      324.896 (%) 
Cl( 6, 6) in Cl( 8, 8) CPU =       15.652 ms (setup)        2.813 (*)      525.949 (^)      534.546 (&)      387.058 (%) 
Cl( 7, 6) in Cl( 8, 8) CPU =       36.630 ms (setup)        2.798 (*)      737.610 (^)      762.936 (&)      585.004 (%) 
Cl( 7, 7) in Cl( 8, 8) CPU =       68.530 ms (setup)        2.803 (*)      847.181 (^)      938.685 (&)      730.021 (%) 
Cl( 8, 7) in Cl( 8, 8) CPU =      170.087 ms (setup)        2.894 (*)     1608.737 (^)     1739.255 (&)     1497.590 (%) 
Cl( 8, 8) in Cl( 8, 8) CPU =      102.562 ms (setup)        2.820 (*)     1966.128 (^)     2234.101 (&)     1975.454 (%) 
