
framed_multi<double>
Clifford algebra squaring test:
Fill: 0.5
Cl( 1, 0) in Cl( 1, 0) CPU =        0.057 ms (setup)        0.021 (*) 
Cl( 1, 1) in Cl( 1, 1) CPU =        0.003 ms (setup)        0.003 (*) 
Cl( 2, 1) in Cl( 2, 1) CPU =        0.004 ms (setup)        0.008 (*) 
Cl( 2, 2) in Cl( 2, 2) CPU =        0.005 ms (setup)        0.010 (*) 
Cl( 3, 2) in Cl( 3, 2) CPU =        0.007 ms (setup)        0.022 (*) 
Cl( 3, 3) in Cl( 3, 3) CPU =        0.019 ms (setup)        0.059 (*) 
Cl( 4, 3) in Cl( 4, 3) CPU =        0.041 ms (setup)        0.173 (*) 
Cl( 4, 4) in Cl( 4, 4) CPU =        0.053 ms (setup)        1.059 (*) 
Cl( 5, 4) in Cl( 5, 4) CPU =        0.108 ms (setup)        3.010 (*) 
Cl( 5, 5) in Cl( 5, 5) CPU =        0.208 ms (setup)        3.865 (*) 
Cl( 6, 5) in Cl( 6, 5) CPU =        0.389 ms (setup)       12.064 (*) 
Cl( 6, 6) in Cl( 6, 6) CPU =        0.684 ms (setup)       14.651 (*) 
Cl( 7, 6) in Cl( 7, 6) CPU =        1.293 ms (setup)       40.198 (*) 
Cl( 7, 7) in Cl( 7, 7) CPU =        2.053 ms (setup)       52.463 (*) 
Cl( 8, 7) in Cl( 8, 7) CPU =        4.292 ms (setup)      190.614 (*) 
Cl( 8, 8) in Cl( 8, 8) CPU =        8.860 ms (setup)      259.535 (*) 
Cl( 9, 8) in Cl( 9, 8) CPU =       17.844 ms (setup)      696.160 (*) 
Cl( 9, 9) in Cl( 9, 9) CPU =       37.763 ms (setup)     1315.543 (*) 
Cl(10, 9) in Cl(10, 9) CPU =       72.328 ms (setup)     5038.366 (*) 
Cl(10,10) in Cl(10,10) CPU =      161.958 ms (setup)     7115.862 (*) 
Cl(11,10) in Cl(11,10) CPU =      339.454 ms (setup)    29100.478 (*) 
Cl(11,11) in Cl(11,11) CPU =      666.118 ms (setup)    43185.123 (*) 
Fill: 1
Cl( 1, 0) in Cl( 1, 0) CPU =        0.010 ms (setup)        0.006 (*) 
Cl( 1, 1) in Cl( 1, 1) CPU =        0.002 ms (setup)        0.004 (*) 
Cl( 2, 1) in Cl( 2, 1) CPU =        0.002 ms (setup)        0.006 (*) 
Cl( 2, 2) in Cl( 2, 2) CPU =        0.004 ms (setup)        0.011 (*) 
Cl( 3, 2) in Cl( 3, 2) CPU =        0.009 ms (setup)        0.026 (*) 
Cl( 3, 3) in Cl( 3, 3) CPU =        0.024 ms (setup)        0.074 (*) 
Cl( 4, 3) in Cl( 4, 3) CPU =        0.030 ms (setup)        0.232 (*) 
Cl( 4, 4) in Cl( 4, 4) CPU =        0.055 ms (setup)        0.640 (*) 
Cl( 5, 4) in Cl( 5, 4) CPU =        0.117 ms (setup)        1.946 (*) 
Cl( 5, 5) in Cl( 5, 5) CPU =        0.209 ms (setup)        2.860 (*) 
Cl( 6, 5) in Cl( 6, 5) CPU =        0.412 ms (setup)        9.549 (*) 
Cl( 6, 6) in Cl( 6, 6) CPU =        0.804 ms (setup)       13.985 (*) 
Cl( 7, 6) in Cl( 7, 6) CPU =        1.666 ms (setup)       45.242 (*) 
Cl( 7, 7) in Cl( 7, 7) CPU =        3.358 ms (setup)       67.121 (*) 
Cl( 8, 7) in Cl( 8, 7) CPU =        7.046 ms (setup)      229.439 (*) 
Cl( 8, 8) in Cl( 8, 8) CPU =       14.064 ms (setup)      340.990 (*) 
Cl( 9, 8) in Cl( 9, 8) CPU =       29.399 ms (setup)      939.753 (*) 
Cl( 9, 9) in Cl( 9, 9) CPU =       67.976 ms (setup)     1844.199 (*) 
Cl(10, 9) in Cl(10, 9) CPU =      130.844 ms (setup)     6553.293 (*) 
Cl(10,10) in Cl(10,10) CPU =      282.472 ms (setup)    10613.194 (*) 
Cl(11,10) in Cl(11,10) CPU =      641.062 ms (setup)    39391.351 (*) 
Cl(11,11) in Cl(11,11) CPU =     1229.026 ms (setup)    67219.837 (*) 

matrix_multi<double>
Clifford algebra squaring test:
Fill: 0.5
Cl( 1, 0) in Cl( 1, 0) CPU =        0.047 ms (setup)        0.003 (*) 
Cl( 1, 1) in Cl( 1, 1) CPU =        0.006 ms (setup)        0.002 (*) 
Cl( 2, 1) in Cl( 2, 1) CPU =        0.022 ms (setup)        0.001 (*) 
Cl( 2, 2) in Cl( 2, 2) CPU =        0.021 ms (setup)        0.001 (*) 
Cl( 3, 2) in Cl( 3, 2) CPU =        0.053 ms (setup)        0.008 (*) 
Cl( 3, 3) in Cl( 3, 3) CPU =        0.051 ms (setup)        0.003 (*) 
Cl( 4, 3) in Cl( 4, 3) CPU =        0.086 ms (setup)        0.005 (*) 
Cl( 4, 4) in Cl( 4, 4) CPU =        0.302 ms (setup)        0.005 (*) 
Cl( 5, 4) in Cl( 5, 4) CPU =        0.376 ms (setup)        0.014 (*) 
Cl( 5, 5) in Cl( 5, 5) CPU =        0.721 ms (setup)        0.013 (*) 
Cl( 6, 5) in Cl( 6, 5) CPU =        1.775 ms (setup)        0.063 (*) 
Cl( 6, 6) in Cl( 6, 6) CPU =        3.387 ms (setup)        0.062 (*) 
Cl( 7, 6) in Cl( 7, 6) CPU =        8.154 ms (setup)        0.441 (*) 
Cl( 7, 7) in Cl( 7, 7) CPU =       15.154 ms (setup)        0.391 (*) 
Cl( 8, 7) in Cl( 8, 7) CPU =       34.433 ms (setup)        2.924 (*) 
Cl( 8, 8) in Cl( 8, 8) CPU =       64.951 ms (setup)        2.941 (*) 
Cl( 9, 8) in Cl( 9, 8) CPU =      164.578 ms (setup)       21.434 (*) 
Cl( 9, 9) in Cl( 9, 9) CPU =      315.002 ms (setup)       22.072 (*) 
Cl(10, 9) in Cl(10, 9) CPU =      812.600 ms (setup)      168.340 (*) 
Cl(10,10) in Cl(10,10) CPU =     1591.680 ms (setup)      168.285 (*) 
Cl(11,10) in Cl(11,10) CPU =     4295.295 ms (setup)     1308.434 (*) 
Cl(11,11) in Cl(11,11) CPU =     8613.135 ms (setup)     1313.534 (*) 
Fill: 1
Cl( 1, 0) in Cl( 1, 0) CPU =        0.021 ms (setup)        0.003 (*) 
Cl( 1, 1) in Cl( 1, 1) CPU =        0.013 ms (setup)        0.001 (*) 
Cl( 2, 1) in Cl( 2, 1) CPU =        0.016 ms (setup)        0.001 (*) 
Cl( 2, 2) in Cl( 2, 2) CPU =        0.019 ms (setup)        0.001 (*) 
Cl( 3, 2) in Cl( 3, 2) CPU =        0.031 ms (setup)        0.005 (*) 
Cl( 3, 3) in Cl( 3, 3) CPU =        0.050 ms (setup)        0.002 (*) 
Cl( 4, 3) in Cl( 4, 3) CPU =        0.122 ms (setup)        0.004 (*) 
Cl( 4, 4) in Cl( 4, 4) CPU =       23.311 ms (setup)        0.011 (*) 
Cl( 5, 4) in Cl( 5, 4) CPU =        0.517 ms (setup)        0.013 (*) 
Cl( 5, 5) in Cl( 5, 5) CPU =        0.994 ms (setup)        0.013 (*) 
Cl( 6, 5) in Cl( 6, 5) CPU =        2.490 ms (setup)        0.065 (*) 
Cl( 6, 6) in Cl( 6, 6) CPU =        4.756 ms (setup)        0.063 (*) 
Cl( 7, 6) in Cl( 7, 6) CPU =       11.427 ms (setup)        0.407 (*) 
Cl( 7, 7) in Cl( 7, 7) CPU =       22.195 ms (setup)        0.398 (*) 
Cl( 8, 7) in Cl( 8, 7) CPU =       54.216 ms (setup)        2.904 (*) 
Cl( 8, 8) in Cl( 8, 8) CPU =      106.191 ms (setup)        2.974 (*) 
Cl( 9, 8) in Cl( 9, 8) CPU =      276.318 ms (setup)       22.424 (*) 
Cl( 9, 9) in Cl( 9, 9) CPU =      557.807 ms (setup)       21.341 (*) 
Cl(10, 9) in Cl(10, 9) CPU =     1462.712 ms (setup)      167.322 (*) 
Cl(10,10) in Cl(10,10) CPU =     2973.148 ms (setup)      169.248 (*) 
Cl(11,10) in Cl(11,10) CPU =     8606.644 ms (setup)     1313.446 (*) 
Cl(11,11) in Cl(11,11) CPU =    17848.083 ms (setup)     1304.195 (*) 
