
framed_multi<double>
Clifford algebra squaring test:
Fill: 0.5
Cl( 1, 0) in Cl( 1, 0) CPU =        0.088 ms (setup)        0.014 (*) 
Cl( 1, 1) in Cl( 1, 1) CPU =        0.003 ms (setup)        0.003 (*) 
Cl( 2, 1) in Cl( 2, 1) CPU =        0.004 ms (setup)        0.007 (*) 
Cl( 2, 2) in Cl( 2, 2) CPU =        0.004 ms (setup)        0.009 (*) 
Cl( 3, 2) in Cl( 3, 2) CPU =        0.006 ms (setup)        0.019 (*) 
Cl( 3, 3) in Cl( 3, 3) CPU =        0.018 ms (setup)        0.053 (*) 
Cl( 4, 3) in Cl( 4, 3) CPU =        0.026 ms (setup)        0.155 (*) 
Cl( 4, 4) in Cl( 4, 4) CPU =        0.047 ms (setup)        0.874 (*) 
Cl( 5, 4) in Cl( 5, 4) CPU =        0.096 ms (setup)        2.641 (*) 
Cl( 5, 5) in Cl( 5, 5) CPU =        0.184 ms (setup)        3.412 (*) 
Cl( 6, 5) in Cl( 6, 5) CPU =        0.346 ms (setup)       10.933 (*) 
Cl( 6, 6) in Cl( 6, 6) CPU =        0.631 ms (setup)       13.339 (*) 
Cl( 7, 6) in Cl( 7, 6) CPU =        1.024 ms (setup)       41.354 (*) 
Cl( 7, 7) in Cl( 7, 7) CPU =        2.007 ms (setup)       50.966 (*) 
Cl( 8, 7) in Cl( 8, 7) CPU =        4.022 ms (setup)      188.361 (*) 
Cl( 8, 8) in Cl( 8, 8) CPU =        8.643 ms (setup)      248.971 (*) 
Cl( 9, 8) in Cl( 9, 8) CPU =       17.922 ms (setup)      705.906 (*) 
Cl( 9, 9) in Cl( 9, 9) CPU =       34.311 ms (setup)     1291.437 (*) 
Cl(10, 9) in Cl(10, 9) CPU =       72.703 ms (setup)     4968.855 (*) 
Cl(10,10) in Cl(10,10) CPU =      149.751 ms (setup)     7054.431 (*) 
Cl(11,10) in Cl(11,10) CPU =      346.913 ms (setup)    28988.980 (*) 
Cl(11,11) in Cl(11,11) CPU =      711.264 ms (setup)    43223.924 (*) 
Fill: 1
Cl( 1, 0) in Cl( 1, 0) CPU =        0.007 ms (setup)        0.007 (*) 
Cl( 1, 1) in Cl( 1, 1) CPU =        0.002 ms (setup)        0.005 (*) 
Cl( 2, 1) in Cl( 2, 1) CPU =        0.003 ms (setup)        0.006 (*) 
Cl( 2, 2) in Cl( 2, 2) CPU =        0.005 ms (setup)        0.011 (*) 
Cl( 3, 2) in Cl( 3, 2) CPU =        0.010 ms (setup)        0.030 (*) 
Cl( 3, 3) in Cl( 3, 3) CPU =        0.015 ms (setup)        0.072 (*) 
Cl( 4, 3) in Cl( 4, 3) CPU =        0.027 ms (setup)        0.231 (*) 
Cl( 4, 4) in Cl( 4, 4) CPU =        0.054 ms (setup)        0.617 (*) 
Cl( 5, 4) in Cl( 5, 4) CPU =        0.113 ms (setup)        1.906 (*) 
Cl( 5, 5) in Cl( 5, 5) CPU =        0.208 ms (setup)        2.761 (*) 
Cl( 6, 5) in Cl( 6, 5) CPU =        0.416 ms (setup)        9.157 (*) 
Cl( 6, 6) in Cl( 6, 6) CPU =        0.833 ms (setup)       13.287 (*) 
Cl( 7, 6) in Cl( 7, 6) CPU =        1.679 ms (setup)       43.890 (*) 
Cl( 7, 7) in Cl( 7, 7) CPU =        3.432 ms (setup)       65.639 (*) 
Cl( 8, 7) in Cl( 8, 7) CPU =        6.881 ms (setup)      222.365 (*) 
Cl( 8, 8) in Cl( 8, 8) CPU =       14.421 ms (setup)      333.677 (*) 
Cl( 9, 8) in Cl( 9, 8) CPU =       29.157 ms (setup)      923.008 (*) 
Cl( 9, 9) in Cl( 9, 9) CPU =       65.844 ms (setup)     1818.914 (*) 
Cl(10, 9) in Cl(10, 9) CPU =      150.285 ms (setup)     6532.608 (*) 
Cl(10,10) in Cl(10,10) CPU =      317.393 ms (setup)    10486.982 (*) 
Cl(11,10) in Cl(11,10) CPU =      649.290 ms (setup)    39683.143 (*) 
Cl(11,11) in Cl(11,11) CPU =     1330.395 ms (setup)    67330.224 (*) 

matrix_multi<double>
Clifford algebra squaring test:
Fill: 0.5
Cl( 1, 0) in Cl( 1, 0) CPU =        0.042 ms (setup)        0.004 (*) 
Cl( 1, 1) in Cl( 1, 1) CPU =        0.006 ms (setup)        0.001 (*) 
Cl( 2, 1) in Cl( 2, 1) CPU =        0.021 ms (setup)        0.002 (*) 
Cl( 2, 2) in Cl( 2, 2) CPU =        0.019 ms (setup)        0.001 (*) 
Cl( 3, 2) in Cl( 3, 2) CPU =        0.049 ms (setup)        0.008 (*) 
Cl( 3, 3) in Cl( 3, 3) CPU =       19.464 ms (setup)        0.010 (*) 
Cl( 4, 3) in Cl( 4, 3) CPU =        0.084 ms (setup)        0.005 (*) 
Cl( 4, 4) in Cl( 4, 4) CPU =        0.148 ms (setup)        0.005 (*) 
Cl( 5, 4) in Cl( 5, 4) CPU =        0.340 ms (setup)        0.014 (*) 
Cl( 5, 5) in Cl( 5, 5) CPU =        0.635 ms (setup)        0.013 (*) 
Cl( 6, 5) in Cl( 6, 5) CPU =        1.577 ms (setup)        0.066 (*) 
Cl( 6, 6) in Cl( 6, 6) CPU =        2.922 ms (setup)        0.064 (*) 
Cl( 7, 6) in Cl( 7, 6) CPU =        7.148 ms (setup)        0.404 (*) 
Cl( 7, 7) in Cl( 7, 7) CPU =       13.202 ms (setup)        0.405 (*) 
Cl( 8, 7) in Cl( 8, 7) CPU =       32.283 ms (setup)        2.976 (*) 
Cl( 8, 8) in Cl( 8, 8) CPU =       60.900 ms (setup)        3.025 (*) 
Cl( 9, 8) in Cl( 9, 8) CPU =      152.401 ms (setup)       21.936 (*) 
Cl( 9, 9) in Cl( 9, 9) CPU =      291.792 ms (setup)       22.338 (*) 
Cl(10, 9) in Cl(10, 9) CPU =      761.778 ms (setup)      170.783 (*) 
Cl(10,10) in Cl(10,10) CPU =     1526.468 ms (setup)      176.828 (*) 
Cl(11,10) in Cl(11,10) CPU =     4201.786 ms (setup)     1374.323 (*) 
Cl(11,11) in Cl(11,11) CPU =     8402.512 ms (setup)     1305.655 (*) 
Fill: 1
Cl( 1, 0) in Cl( 1, 0) CPU =        0.021 ms (setup)        0.003 (*) 
Cl( 1, 1) in Cl( 1, 1) CPU =        0.011 ms (setup)        0.001 (*) 
Cl( 2, 1) in Cl( 2, 1) CPU =        0.015 ms (setup)        0.001 (*) 
Cl( 2, 2) in Cl( 2, 2) CPU =       26.417 ms (setup)        0.004 (*) 
Cl( 3, 2) in Cl( 3, 2) CPU =        0.047 ms (setup)        0.008 (*) 
Cl( 3, 3) in Cl( 3, 3) CPU =        0.045 ms (setup)        0.003 (*) 
Cl( 4, 3) in Cl( 4, 3) CPU =        0.114 ms (setup)        0.005 (*) 
Cl( 4, 4) in Cl( 4, 4) CPU =        0.206 ms (setup)        0.005 (*) 
Cl( 5, 4) in Cl( 5, 4) CPU =        0.490 ms (setup)        0.013 (*) 
Cl( 5, 5) in Cl( 5, 5) CPU =        0.927 ms (setup)        0.013 (*) 
Cl( 6, 5) in Cl( 6, 5) CPU =        2.339 ms (setup)        0.065 (*) 
Cl( 6, 6) in Cl( 6, 6) CPU =        4.408 ms (setup)        0.064 (*) 
Cl( 7, 6) in Cl( 7, 6) CPU =       10.868 ms (setup)        0.421 (*) 
Cl( 7, 7) in Cl( 7, 7) CPU =       20.825 ms (setup)        0.397 (*) 
Cl( 8, 7) in Cl( 8, 7) CPU =       52.067 ms (setup)        3.003 (*) 
Cl( 8, 8) in Cl( 8, 8) CPU =      101.525 ms (setup)        2.964 (*) 
Cl( 9, 8) in Cl( 9, 8) CPU =      268.273 ms (setup)       23.037 (*) 
Cl( 9, 9) in Cl( 9, 9) CPU =      537.472 ms (setup)       22.177 (*) 
Cl(10, 9) in Cl(10, 9) CPU =     1433.837 ms (setup)      169.467 (*) 
Cl(10,10) in Cl(10,10) CPU =     2893.013 ms (setup)      170.672 (*) 
Cl(11,10) in Cl(11,10) CPU =     8437.547 ms (setup)     1313.205 (*) 
Cl(11,11) in Cl(11,11) CPU =    17654.945 ms (setup)     1372.638 (*) 
