
framed_multi<float,-4,4>
Clifford algebra expressions test:
Fill: 0.5
Cl( 1, 0) in Cl( 1, 0) CPU =        0.007 ms (setup)        0.005 (comm)        0.011 (pade)        0.006 (series)        0.002 (mix)        0.004 (add) 
Cl( 1, 1) in Cl( 1, 1) CPU =        0.003 ms (setup)        0.002 (comm)        0.011 (pade)        0.003 (series)        0.001 (mix)        0.004 (add) 
Cl( 2, 1) in Cl( 2, 1) CPU =        0.004 ms (setup)        0.015 (comm)        0.051 (pade)        0.019 (series)        0.005 (mix)        0.005 (add) 
Cl( 2, 2) in Cl( 2, 2) CPU =        0.006 ms (setup)        0.025 (comm)        0.036 (pade)        0.033 (series)        0.009 (mix)        0.005 (add) 
Cl( 3, 2) in Cl( 3, 2) CPU =        0.010 ms (setup)        0.053 (comm)        0.159 (pade)        0.056 (series)        0.019 (mix)        0.009 (add) 
Cl( 3, 3) in Cl( 3, 3) CPU =        0.024 ms (setup)        0.147 (comm)        0.209 (pade)        0.221 (series)        0.050 (mix)        0.015 (add) 
Cl( 4, 3) in Cl( 4, 3) CPU =        0.046 ms (setup)        0.330 (comm)        0.756 (pade)        0.606 (series)        0.115 (mix)        0.040 (add) 
Cl( 4, 4) in Cl( 4, 4) CPU =        0.093 ms (setup)        2.040 (comm)        0.940 (pade)        3.188 (series)        0.257 (mix)        0.056 (add) 
Cl( 1, 0) in Cl( 4, 4) CPU =        0.002 ms (setup)        0.002 (comm)        0.008 (pade)        0.005 (series)        0.001 (mix)        0.003 (add) 
Cl( 1, 1) in Cl( 4, 4) CPU =        0.002 ms (setup)        0.004 (comm)        0.008 (pade)        0.005 (series)        0.002 (mix)        0.003 (add) 
Cl( 2, 1) in Cl( 4, 4) CPU =        0.003 ms (setup)        0.011 (comm)        0.023 (pade)        0.015 (series)        0.004 (mix)        0.004 (add) 
Cl( 2, 2) in Cl( 4, 4) CPU =        0.005 ms (setup)        0.020 (comm)        0.026 (pade)        0.028 (series)        0.007 (mix)        0.004 (add) 
Cl( 3, 2) in Cl( 4, 4) CPU =        0.009 ms (setup)        0.042 (comm)        0.118 (pade)        0.064 (series)        0.015 (mix)        0.007 (add) 
Cl( 3, 3) in Cl( 4, 4) CPU =        0.018 ms (setup)        0.106 (comm)        0.175 (pade)        0.170 (series)        0.037 (mix)        0.015 (add) 
Cl( 4, 3) in Cl( 4, 4) CPU =        0.034 ms (setup)        0.230 (comm)        0.565 (pade)        0.424 (series)        0.079 (mix)        0.021 (add) 
Cl( 4, 4) in Cl( 4, 4) CPU =        0.073 ms (setup)        1.693 (comm)        0.758 (pade)        2.787 (series)        0.180 (mix)        0.038 (add) 
Fill: 1
Cl( 1, 0) in Cl( 1, 0) CPU =        0.003 ms (setup)        0.005 (comm)        0.006 (pade)        0.006 (series)        0.002 (mix)        0.003 (add) 
Cl( 1, 1) in Cl( 1, 1) CPU =        0.002 ms (setup)        0.007 (comm)        0.007 (pade)        0.016 (series)        0.003 (mix)        0.003 (add) 
Cl( 2, 1) in Cl( 2, 1) CPU =        0.004 ms (setup)        0.012 (comm)        0.018 (pade)        0.015 (series)        0.004 (mix)        0.003 (add) 
Cl( 2, 2) in Cl( 2, 2) CPU =        0.006 ms (setup)        0.021 (comm)        0.026 (pade)        0.025 (series)        0.007 (mix)        0.004 (add) 
Cl( 3, 2) in Cl( 3, 2) CPU =        0.010 ms (setup)        0.051 (comm)        0.091 (pade)        0.066 (series)        0.016 (mix)        0.007 (add) 
Cl( 3, 3) in Cl( 3, 3) CPU =        0.020 ms (setup)        0.137 (comm)        0.139 (pade)        0.197 (series)        0.037 (mix)        0.013 (add) 
Cl( 4, 3) in Cl( 4, 3) CPU =        0.046 ms (setup)        0.461 (comm)        0.496 (pade)        0.641 (series)        0.097 (mix)        0.024 (add) 
Cl( 4, 4) in Cl( 4, 4) CPU =        0.095 ms (setup)        1.554 (comm)        0.675 (pade)        2.621 (series)        0.250 (mix)        0.077 (add) 
Cl( 1, 0) in Cl( 4, 4) CPU =        0.002 ms (setup)        0.005 (comm)        0.006 (pade)        0.007 (series)        0.002 (mix)        0.004 (add) 
Cl( 1, 1) in Cl( 4, 4) CPU =        0.002 ms (setup)        0.007 (comm)        0.007 (pade)        0.009 (series)        0.003 (mix)        0.003 (add) 
Cl( 2, 1) in Cl( 4, 4) CPU =        0.003 ms (setup)        0.011 (comm)        0.019 (pade)        0.013 (series)        0.004 (mix)        0.003 (add) 
Cl( 2, 2) in Cl( 4, 4) CPU =        0.006 ms (setup)        0.021 (comm)        0.028 (pade)        0.025 (series)        0.007 (mix)        0.004 (add) 
Cl( 3, 2) in Cl( 4, 4) CPU =        0.010 ms (setup)        0.051 (comm)        0.089 (pade)        0.066 (series)        0.015 (mix)        0.006 (add) 
Cl( 3, 3) in Cl( 4, 4) CPU =        0.021 ms (setup)        0.143 (comm)        0.127 (pade)        0.195 (series)        0.037 (mix)        0.012 (add) 
Cl( 4, 3) in Cl( 4, 4) CPU =        0.043 ms (setup)        0.420 (comm)        0.449 (pade)        0.632 (series)        0.103 (mix)        0.024 (add) 
Cl( 4, 4) in Cl( 4, 4) CPU =        0.095 ms (setup)        1.573 (comm)        0.677 (pade)        2.617 (series)        0.249 (mix)        0.073 (add) 

matrix_multi<float,-4,4>
Clifford algebra expressions test:
Fill: 0.5
Cl( 1, 0) in Cl( 1, 0) CPU =        0.003 ms (setup)        0.007 (comm)        0.003 (pade)        0.003 (series)        0.006 (mix)        0.001 (add) 
Cl( 1, 1) in Cl( 1, 1) CPU =        0.004 ms (setup)        0.016 (comm)        0.002 (pade)        0.003 (series)        0.013 (mix)        0.001 (add) 
Cl( 2, 1) in Cl( 2, 1) CPU =        0.005 ms (setup)        0.073 (comm)        0.003 (pade)        0.003 (series)        0.072 (mix)        0.001 (add) 
Cl( 2, 2) in Cl( 2, 2) CPU =        0.007 ms (setup)        0.112 (comm)        0.003 (pade)        0.002 (series)        0.108 (mix)        0.001 (add) 
Cl( 3, 2) in Cl( 3, 2) CPU =        0.036 ms (setup)        0.354 (comm)        0.005 (pade)        0.004 (series)        0.357 (mix)        0.001 (add) 
Cl( 3, 3) in Cl( 3, 3) CPU =        0.063 ms (setup)        0.703 (comm)        0.005 (pade)        0.004 (series)        0.654 (mix)        0.001 (add) 
Cl( 4, 3) in Cl( 4, 3) CPU =        0.146 ms (setup)        2.919 (comm)        0.013 (pade)        0.007 (series)        2.919 (mix)        0.001 (add) 
Cl( 4, 4) in Cl( 4, 4) CPU =        0.288 ms (setup)        4.360 (comm)        0.013 (pade)        0.007 (series)        4.340 (mix)        0.001 (add) 
Cl( 1, 0) in Cl( 4, 4) CPU =        0.005 ms (setup)        0.068 (comm)        0.012 (pade)        0.007 (series)        0.061 (mix)        0.001 (add) 
Cl( 1, 1) in Cl( 4, 4) CPU =        0.007 ms (setup)        0.095 (comm)        0.012 (pade)        0.007 (series)        0.082 (mix)        0.001 (add) 
Cl( 2, 1) in Cl( 4, 4) CPU =        0.019 ms (setup)        0.211 (comm)        0.012 (pade)        0.007 (series)        0.199 (mix)        0.001 (add) 
Cl( 2, 2) in Cl( 4, 4) CPU =        0.034 ms (setup)        0.248 (comm)        0.013 (pade)        0.007 (series)        0.244 (mix)        0.001 (add) 
Cl( 3, 2) in Cl( 4, 4) CPU =        0.147 ms (setup)        0.700 (comm)        0.013 (pade)        0.007 (series)        0.688 (mix)        0.001 (add) 
Cl( 3, 3) in Cl( 4, 4) CPU =        0.214 ms (setup)        1.016 (comm)        0.013 (pade)        0.007 (series)        1.010 (mix)        0.001 (add) 
Cl( 4, 3) in Cl( 4, 4) CPU =        0.561 ms (setup)        2.736 (comm)        0.013 (pade)        0.007 (series)        2.748 (mix)        0.001 (add) 
Cl( 4, 4) in Cl( 4, 4) CPU =        0.293 ms (setup)        4.421 (comm)        0.013 (pade)        0.007 (series)        4.416 (mix)        0.001 (add) 
Fill: 1
Cl( 1, 0) in Cl( 1, 0) CPU =        0.004 ms (setup)        0.017 (comm)        0.002 (pade)        0.003 (series)        0.017 (mix)        0.001 (add) 
Cl( 1, 1) in Cl( 1, 1) CPU =        0.005 ms (setup)        0.026 (comm)        0.002 (pade)        0.003 (series)        0.024 (mix)        0.001 (add) 
Cl( 2, 1) in Cl( 2, 1) CPU =        0.007 ms (setup)        0.086 (comm)        0.003 (pade)        0.003 (series)        0.091 (mix)        0.001 (add) 
Cl( 2, 2) in Cl( 2, 2) CPU =        0.017 ms (setup)        0.142 (comm)        0.003 (pade)        0.003 (series)        0.145 (mix)        0.001 (add) 
Cl( 3, 2) in Cl( 3, 2) CPU =        0.044 ms (setup)        0.515 (comm)        0.005 (pade)        0.004 (series)        0.504 (mix)        0.001 (add) 
Cl( 3, 3) in Cl( 3, 3) CPU =        0.080 ms (setup)        0.802 (comm)        0.005 (pade)        0.004 (series)        0.809 (mix)        0.001 (add) 
Cl( 4, 3) in Cl( 4, 3) CPU =        0.206 ms (setup)        3.385 (comm)        0.013 (pade)        0.007 (series)        3.376 (mix)        0.001 (add) 
Cl( 4, 4) in Cl( 4, 4) CPU =        0.405 ms (setup)        5.580 (comm)        0.015 (pade)        0.008 (series)        5.114 (mix)        0.001 (add) 
Cl( 1, 0) in Cl( 4, 4) CPU =        0.007 ms (setup)        0.133 (comm)        0.013 (pade)        0.007 (series)        0.121 (mix)        0.001 (add) 
Cl( 1, 1) in Cl( 4, 4) CPU =        0.010 ms (setup)        0.177 (comm)        0.012 (pade)        0.008 (series)        0.167 (mix)        0.001 (add) 
Cl( 2, 1) in Cl( 4, 4) CPU =        0.028 ms (setup)        0.246 (comm)        0.012 (pade)        0.007 (series)        0.248 (mix)        0.001 (add) 
Cl( 2, 2) in Cl( 4, 4) CPU =        0.070 ms (setup)        0.369 (comm)        0.013 (pade)        0.008 (series)        0.369 (mix)        0.001 (add) 
Cl( 3, 2) in Cl( 4, 4) CPU =        0.163 ms (setup)        0.773 (comm)        0.013 (pade)        0.007 (series)        0.761 (mix)        0.001 (add) 
Cl( 3, 3) in Cl( 4, 4) CPU =        0.273 ms (setup)        1.218 (comm)        0.013 (pade)        0.007 (series)        1.207 (mix)        0.001 (add) 
Cl( 4, 3) in Cl( 4, 4) CPU =        0.722 ms (setup)        3.829 (comm)        0.017 (pade)        0.007 (series)        3.565 (mix)        0.001 (add) 
Cl( 4, 4) in Cl( 4, 4) CPU =        0.405 ms (setup)        5.064 (comm)        0.013 (pade)        0.007 (series)        5.085 (mix)        0.001 (add) 

framed_multi<double>
Clifford algebra expressions test:
Fill: 0.5
Cl( 1, 0) in Cl( 1, 0) CPU =        0.002 ms (setup)        0.003 (comm)        0.007 (pade)        0.004 (series)        0.001 (mix)        0.003 (add) 
Cl( 1, 1) in Cl( 1, 1) CPU =        0.002 ms (setup)        0.001 (comm)        0.007 (pade)        0.001 (series)        0.000 (mix)        0.003 (add) 
Cl( 2, 1) in Cl( 2, 1) CPU =        0.002 ms (setup)        0.011 (comm)        0.018 (pade)        0.012 (series)        0.004 (mix)        0.003 (add) 
Cl( 2, 2) in Cl( 2, 2) CPU =        0.005 ms (setup)        0.019 (comm)        0.022 (pade)        0.023 (series)        0.007 (mix)        0.004 (add) 
Cl( 3, 2) in Cl( 3, 2) CPU =        0.006 ms (setup)        0.041 (comm)        0.089 (pade)        0.040 (series)        0.014 (mix)        0.005 (add) 
Cl( 3, 3) in Cl( 3, 3) CPU =        0.015 ms (setup)        0.109 (comm)        0.114 (pade)        0.174 (series)        0.035 (mix)        0.007 (add) 
Cl( 4, 3) in Cl( 4, 3) CPU =        0.030 ms (setup)        0.261 (comm)        0.395 (pade)        0.491 (series)        0.084 (mix)        0.013 (add) 
Cl( 4, 4) in Cl( 4, 4) CPU =        0.062 ms (setup)        1.227 (comm)        0.551 (pade)        2.103 (series)        0.214 (mix)        0.024 (add) 
Cl( 5, 4) in Cl( 5, 4) CPU =        0.121 ms (setup)        3.986 (comm)        1.856 (pade)        7.153 (series)        0.544 (mix)        0.073 (add) 
Cl( 5, 5) in Cl( 5, 5) CPU =        0.237 ms (setup)        6.155 (comm)        2.595 (pade)        9.920 (series)        1.460 (mix)        0.099 (add) 
Cl( 6, 5) in Cl( 6, 5) CPU =        0.510 ms (setup)       20.365 (comm)       10.015 (pade)       33.877 (series)        3.975 (mix)        0.198 (add) 
Cl( 6, 6) in Cl( 6, 6) CPU =        0.995 ms (setup)       32.977 (comm)       12.857 (pade)       46.934 (series)       11.042 (mix)        0.377 (add) 
Cl( 7, 6) in Cl( 7, 6) CPU =        1.998 ms (setup)      107.341 (comm)       41.911 (pade)      160.269 (series)       32.205 (mix)        0.750 (add) 
Cl( 7, 7) in Cl( 7, 7) CPU =        3.923 ms (setup)      196.025 (comm)       58.053 (pade)      227.150 (series)       93.140 (mix)        1.579 (add) 
Cl( 8, 7) in Cl( 8, 7) CPU =        8.129 ms (setup)      643.018 (comm)      211.752 (pade)      798.087 (series)      275.865 (mix)        3.365 (add) 
Cl( 8, 8) in Cl( 8, 8) CPU =       16.255 ms (setup)     1373.386 (comm)      293.617 (pade)     1112.340 (series)      862.533 (mix)        7.699 (add) 
Cl( 1, 0) in Cl( 8, 8) CPU =        0.003 ms (setup)        0.002 (comm)        0.005 (pade)        0.004 (series)        0.001 (mix)        0.003 (add) 
Cl( 1, 1) in Cl( 8, 8) CPU =        0.002 ms (setup)        0.001 (comm)        0.007 (pade)        0.002 (series)        0.001 (mix)        0.003 (add) 
Cl( 2, 1) in Cl( 8, 8) CPU =        0.003 ms (setup)        0.010 (comm)        0.018 (pade)        0.009 (series)        0.004 (mix)        0.003 (add) 
Cl( 2, 2) in Cl( 8, 8) CPU =        0.005 ms (setup)        0.028 (comm)        0.022 (pade)        0.021 (series)        0.007 (mix)        0.004 (add) 
Cl( 3, 2) in Cl( 8, 8) CPU =        0.008 ms (setup)        0.033 (comm)        0.060 (pade)        0.033 (series)        0.011 (mix)        0.003 (add) 
Cl( 3, 3) in Cl( 8, 8) CPU =        0.014 ms (setup)        0.119 (comm)        0.114 (pade)        0.162 (series)        0.035 (mix)        0.007 (add) 
Cl( 4, 3) in Cl( 8, 8) CPU =        0.029 ms (setup)        0.261 (comm)        0.386 (pade)        0.488 (series)        0.083 (mix)        0.012 (add) 
Cl( 4, 4) in Cl( 8, 8) CPU =        0.061 ms (setup)        1.206 (comm)        0.544 (pade)        2.064 (series)        0.211 (mix)        0.023 (add) 
Cl( 5, 4) in Cl( 8, 8) CPU =        0.120 ms (setup)        3.877 (comm)        1.802 (pade)        6.958 (series)        0.527 (mix)        0.044 (add) 
Cl( 5, 5) in Cl( 8, 8) CPU =        0.236 ms (setup)        5.926 (comm)        2.490 (pade)        9.673 (series)        1.372 (mix)        0.087 (add) 
Cl( 6, 5) in Cl( 8, 8) CPU =        0.481 ms (setup)       19.868 (comm)        8.592 (pade)       33.157 (series)        3.840 (mix)        0.186 (add) 
Cl( 6, 6) in Cl( 8, 8) CPU =        0.953 ms (setup)       32.562 (comm)       12.108 (pade)       46.273 (series)       10.789 (mix)        0.372 (add) 
Cl( 7, 6) in Cl( 8, 8) CPU =        1.968 ms (setup)      107.350 (comm)       41.178 (pade)      158.570 (series)       32.587 (mix)        0.872 (add) 
Cl( 7, 7) in Cl( 8, 8) CPU =        3.973 ms (setup)      198.073 (comm)       58.451 (pade)      225.643 (series)       94.333 (mix)        1.520 (add) 
Cl( 8, 7) in Cl( 8, 8) CPU =        8.069 ms (setup)      649.927 (comm)      214.087 (pade)      796.185 (series)      281.106 (mix)        3.405 (add) 
Cl( 8, 8) in Cl( 8, 8) CPU =       16.233 ms (setup)     1371.850 (comm)      292.550 (pade)     1119.928 (series)      858.516 (mix)        7.703 (add) 
Fill: 1
Cl( 1, 0) in Cl( 1, 0) CPU =        0.002 ms (setup)        0.006 (comm)        0.007 (pade)        0.007 (series)        0.002 (mix)        0.003 (add) 
Cl( 1, 1) in Cl( 1, 1) CPU =        0.003 ms (setup)        0.008 (comm)        0.007 (pade)        0.009 (series)        0.003 (mix)        0.003 (add) 
Cl( 2, 1) in Cl( 2, 1) CPU =        0.005 ms (setup)        0.013 (comm)        0.018 (pade)        0.015 (series)        0.005 (mix)        0.003 (add) 
Cl( 2, 2) in Cl( 2, 2) CPU =        0.007 ms (setup)        0.026 (comm)        0.026 (pade)        0.034 (series)        0.009 (mix)        0.008 (add) 
Cl( 3, 2) in Cl( 3, 2) CPU =        0.012 ms (setup)        0.068 (comm)        0.088 (pade)        0.091 (series)        0.019 (mix)        0.006 (add) 
Cl( 3, 3) in Cl( 3, 3) CPU =        0.029 ms (setup)        0.184 (comm)        0.123 (pade)        0.271 (series)        0.046 (mix)        0.011 (add) 
Cl( 4, 3) in Cl( 4, 3) CPU =        0.051 ms (setup)        0.575 (comm)        0.432 (pade)        0.920 (series)        0.115 (mix)        0.020 (add) 
Cl( 4, 4) in Cl( 4, 4) CPU =        0.100 ms (setup)        1.478 (comm)        0.609 (pade)        2.343 (series)        0.283 (mix)        0.039 (add) 
Cl( 5, 4) in Cl( 5, 4) CPU =        0.202 ms (setup)        4.595 (comm)        1.982 (pade)        7.716 (series)        0.724 (mix)        0.082 (add) 
Cl( 5, 5) in Cl( 5, 5) CPU =        0.397 ms (setup)        7.803 (comm)        2.929 (pade)       11.306 (series)        1.918 (mix)        0.159 (add) 
Cl( 6, 5) in Cl( 6, 5) CPU =        0.812 ms (setup)       24.069 (comm)        9.544 (pade)       37.154 (series)        5.276 (mix)        0.333 (add) 
Cl( 6, 6) in Cl( 6, 6) CPU =        1.628 ms (setup)       42.202 (comm)       13.989 (pade)       54.617 (series)       15.518 (mix)        0.656 (add) 
Cl( 7, 6) in Cl( 7, 6) CPU =        3.319 ms (setup)      132.769 (comm)       46.840 (pade)      180.435 (series)       43.499 (mix)        1.359 (add) 
Cl( 7, 7) in Cl( 7, 7) CPU =        6.597 ms (setup)      264.997 (comm)       68.808 (pade)      269.502 (series)      129.193 (mix)        3.696 (add) 
Cl( 8, 7) in Cl( 8, 7) CPU =       13.677 ms (setup)      842.503 (comm)      245.419 (pade)      911.739 (series)      385.745 (mix)        6.373 (add) 
Cl( 8, 8) in Cl( 8, 8) CPU =       28.015 ms (setup)     1876.497 (comm)      357.413 (pade)     1365.818 (series)     1168.296 (mix)       14.178 (add) 
Cl( 1, 0) in Cl( 8, 8) CPU =        0.002 ms (setup)        0.006 (comm)        0.006 (pade)        0.007 (series)        0.002 (mix)        0.003 (add) 
Cl( 1, 1) in Cl( 8, 8) CPU =        0.003 ms (setup)        0.008 (comm)        0.007 (pade)        0.009 (series)        0.003 (mix)        0.003 (add) 
Cl( 2, 1) in Cl( 8, 8) CPU =        0.005 ms (setup)        0.013 (comm)        0.020 (pade)        0.015 (series)        0.004 (mix)        0.003 (add) 
Cl( 2, 2) in Cl( 8, 8) CPU =        0.007 ms (setup)        0.027 (comm)        0.031 (pade)        0.034 (series)        0.009 (mix)        0.004 (add) 
Cl( 3, 2) in Cl( 8, 8) CPU =        0.011 ms (setup)        0.068 (comm)        0.088 (pade)        0.091 (series)        0.019 (mix)        0.006 (add) 
Cl( 3, 3) in Cl( 8, 8) CPU =        0.024 ms (setup)        0.183 (comm)        0.129 (pade)        1.494 (series)        0.046 (mix)        0.013 (add) 
Cl( 4, 3) in Cl( 8, 8) CPU =        0.051 ms (setup)        0.573 (comm)        0.440 (pade)        0.912 (series)        0.113 (mix)        0.020 (add) 
Cl( 4, 4) in Cl( 8, 8) CPU =        0.108 ms (setup)        1.474 (comm)        0.614 (pade)        2.365 (series)        0.287 (mix)        0.039 (add) 
Cl( 5, 4) in Cl( 8, 8) CPU =        0.207 ms (setup)        4.601 (comm)        1.989 (pade)        7.762 (series)        0.739 (mix)        0.079 (add) 
Cl( 5, 5) in Cl( 8, 8) CPU =        0.394 ms (setup)        7.595 (comm)        2.904 (pade)       12.136 (series)        2.014 (mix)        0.159 (add) 
Cl( 6, 5) in Cl( 8, 8) CPU =        0.816 ms (setup)       23.877 (comm)        9.535 (pade)       37.104 (series)        5.276 (mix)        0.333 (add) 
Cl( 6, 6) in Cl( 8, 8) CPU =        1.627 ms (setup)       42.197 (comm)       13.949 (pade)       55.928 (series)       14.860 (mix)        0.662 (add) 
Cl( 7, 6) in Cl( 8, 8) CPU =        3.267 ms (setup)      133.430 (comm)       46.407 (pade)      181.820 (series)       43.334 (mix)        1.349 (add) 
Cl( 7, 7) in Cl( 8, 8) CPU =        6.732 ms (setup)      265.598 (comm)       68.792 (pade)      269.956 (series)      129.139 (mix)        3.708 (add) 
Cl( 8, 7) in Cl( 8, 8) CPU =       13.803 ms (setup)      841.887 (comm)      246.427 (pade)      912.522 (series)      392.858 (mix)        8.199 (add) 
Cl( 8, 8) in Cl( 8, 8) CPU =       28.274 ms (setup)     1869.572 (comm)      357.421 (pade)     1372.425 (series)     1182.486 (mix)       14.611 (add) 

matrix_multi<double>
Clifford algebra expressions test:
Fill: 0.5
Cl( 1, 0) in Cl( 1, 0) CPU =        0.004 ms (setup)        0.011 (comm)        0.003 (pade)        0.003 (series)        0.009 (mix)        0.001 (add) 
Cl( 1, 1) in Cl( 1, 1) CPU =        0.011 ms (setup)        0.009 (comm)        0.002 (pade)        0.002 (series)        0.008 (mix)        0.001 (add) 
Cl( 2, 1) in Cl( 2, 1) CPU =        0.005 ms (setup)        0.072 (comm)        0.003 (pade)        0.003 (series)        0.069 (mix)        0.001 (add) 
Cl( 2, 2) in Cl( 2, 2) CPU =        0.007 ms (setup)        0.120 (comm)        0.003 (pade)        0.003 (series)        0.123 (mix)        0.001 (add) 
Cl( 3, 2) in Cl( 3, 2) CPU =        0.043 ms (setup)        0.363 (comm)        0.005 (pade)        0.004 (series)        0.353 (mix)        0.001 (add) 
Cl( 3, 3) in Cl( 3, 3) CPU =        0.065 ms (setup)        0.625 (comm)        0.005 (pade)        0.005 (series)        0.625 (mix)        0.001 (add) 
Cl( 4, 3) in Cl( 4, 3) CPU =        0.160 ms (setup)        2.790 (comm)        0.014 (pade)        0.011 (series)        2.766 (mix)        0.002 (add) 
Cl( 4, 4) in Cl( 4, 4) CPU =        0.302 ms (setup)        4.208 (comm)        0.015 (pade)        0.011 (series)        4.210 (mix)        0.001 (add) 
Cl( 5, 4) in Cl( 5, 4) CPU =        0.681 ms (setup)       16.723 (comm)        0.055 (pade)        0.045 (series)       16.532 (mix)        0.004 (add) 
Cl( 5, 5) in Cl( 5, 5) CPU =        1.340 ms (setup)       23.747 (comm)        0.054 (pade)        0.049 (series)       23.677 (mix)        0.004 (add) 
Cl( 6, 5) in Cl( 6, 5) CPU =        2.994 ms (setup)       93.621 (comm)        0.338 (pade)        0.288 (series)       92.068 (mix)        0.018 (add) 
Cl( 6, 6) in Cl( 6, 6) CPU =        5.998 ms (setup)      128.672 (comm)        0.317 (pade)        0.279 (series)      128.484 (mix)        0.018 (add) 
Cl( 7, 6) in Cl( 7, 6) CPU =       13.771 ms (setup)      531.736 (comm)        2.037 (pade)        1.866 (series)      532.902 (mix)        0.093 (add) 
Cl( 7, 7) in Cl( 7, 7) CPU =       27.154 ms (setup)      703.963 (comm)        2.038 (pade)        1.843 (series)      701.578 (mix)        0.101 (add) 
Cl( 8, 7) in Cl( 8, 7) CPU =       67.689 ms (setup)     3877.542 (comm)       14.982 (pade)       13.264 (series)     3729.554 (mix)        0.572 (add) 
Cl( 8, 8) in Cl( 8, 8) CPU =      130.631 ms (setup)     4193.953 (comm)       14.210 (pade)       13.758 (series)     4170.909 (mix)        0.564 (add) 
Cl( 1, 0) in Cl( 8, 8) CPU =        0.068 ms (setup)       37.743 (comm)       14.885 (pade)       13.479 (series)       30.920 (mix)        0.407 (add) 
Cl( 1, 1) in Cl( 8, 8) CPU =        0.100 ms (setup)       53.231 (comm)       13.942 (pade)       13.329 (series)       48.011 (mix)        0.402 (add) 
Cl( 2, 1) in Cl( 8, 8) CPU =        0.208 ms (setup)       98.725 (comm)       14.058 (pade)       13.366 (series)       91.589 (mix)        0.399 (add) 
Cl( 2, 2) in Cl( 8, 8) CPU =        0.409 ms (setup)      170.258 (comm)       14.011 (pade)       13.514 (series)      162.367 (mix)        0.401 (add) 
Cl( 3, 2) in Cl( 8, 8) CPU =        2.982 ms (setup)      232.732 (comm)       15.341 (pade)       13.507 (series)      225.602 (mix)        0.401 (add) 
Cl( 3, 3) in Cl( 8, 8) CPU =        5.613 ms (setup)      317.451 (comm)       14.178 (pade)       13.342 (series)      308.745 (mix)        0.413 (add) 
Cl( 4, 3) in Cl( 8, 8) CPU =        6.133 ms (setup)      337.641 (comm)       14.527 (pade)       13.314 (series)      328.563 (mix)        0.434 (add) 
Cl( 4, 4) in Cl( 8, 8) CPU =        6.866 ms (setup)      460.023 (comm)       14.171 (pade)       13.489 (series)      450.245 (mix)        0.415 (add) 
Cl( 5, 4) in Cl( 8, 8) CPU =        8.050 ms (setup)      590.499 (comm)       14.450 (pade)       13.319 (series)      580.443 (mix)        0.399 (add) 
Cl( 5, 5) in Cl( 8, 8) CPU =       10.337 ms (setup)      695.596 (comm)       14.188 (pade)       14.316 (series)      686.010 (mix)        0.403 (add) 
Cl( 6, 5) in Cl( 8, 8) CPU =       17.569 ms (setup)      913.990 (comm)       14.214 (pade)       13.976 (series)      900.333 (mix)        0.394 (add) 
Cl( 6, 6) in Cl( 8, 8) CPU =       25.739 ms (setup)     1010.993 (comm)       14.167 (pade)       13.364 (series)      999.856 (mix)        0.401 (add) 
Cl( 7, 6) in Cl( 8, 8) CPU =       60.868 ms (setup)     1429.576 (comm)       14.255 (pade)       13.338 (series)     1418.496 (mix)        0.404 (add) 
Cl( 7, 7) in Cl( 8, 8) CPU =      105.086 ms (setup)     1799.163 (comm)       14.283 (pade)       13.289 (series)     1778.910 (mix)        0.394 (add) 
Cl( 8, 7) in Cl( 8, 8) CPU =      259.154 ms (setup)     3427.885 (comm)       14.261 (pade)       13.384 (series)     3409.144 (mix)        0.399 (add) 
Cl( 8, 8) in Cl( 8, 8) CPU =      128.098 ms (setup)     4136.435 (comm)       14.288 (pade)       13.329 (series)     4134.837 (mix)        0.406 (add) 
Fill: 1
Cl( 1, 0) in Cl( 1, 0) CPU =        0.004 ms (setup)        0.018 (comm)        0.003 (pade)        0.003 (series)        0.015 (mix)        0.001 (add) 
Cl( 1, 1) in Cl( 1, 1) CPU =        0.005 ms (setup)        0.026 (comm)        0.003 (pade)        0.003 (series)        0.023 (mix)        0.001 (add) 
Cl( 2, 1) in Cl( 2, 1) CPU =        0.007 ms (setup)        0.091 (comm)        0.003 (pade)        0.003 (series)        0.087 (mix)        0.001 (add) 
Cl( 2, 2) in Cl( 2, 2) CPU =        0.018 ms (setup)        0.154 (comm)        0.003 (pade)        0.003 (series)        0.143 (mix)        0.001 (add) 
Cl( 3, 2) in Cl( 3, 2) CPU =        0.047 ms (setup)        0.568 (comm)        0.009 (pade)        0.007 (series)        0.522 (mix)        0.001 (add) 
Cl( 3, 3) in Cl( 3, 3) CPU =        0.086 ms (setup)        0.799 (comm)        0.005 (pade)        0.006 (series)        0.799 (mix)        0.001 (add) 
Cl( 4, 3) in Cl( 4, 3) CPU =        0.218 ms (setup)        3.353 (comm)        0.015 (pade)        0.012 (series)        3.332 (mix)        0.001 (add) 
Cl( 4, 4) in Cl( 4, 4) CPU =        0.415 ms (setup)        4.948 (comm)        0.015 (pade)        0.011 (series)        4.933 (mix)        0.001 (add) 
Cl( 5, 4) in Cl( 5, 4) CPU =        0.983 ms (setup)       18.582 (comm)        0.055 (pade)        0.050 (series)       18.079 (mix)        0.004 (add) 
Cl( 5, 5) in Cl( 5, 5) CPU =        1.925 ms (setup)       26.291 (comm)        0.055 (pade)        0.045 (series)       26.072 (mix)        0.004 (add) 
Cl( 6, 5) in Cl( 6, 5) CPU =        4.508 ms (setup)      101.765 (comm)        0.312 (pade)        0.280 (series)       99.281 (mix)        0.018 (add) 
Cl( 6, 6) in Cl( 6, 6) CPU =        8.988 ms (setup)      137.403 (comm)        0.318 (pade)        0.285 (series)      137.502 (mix)        0.018 (add) 
Cl( 7, 6) in Cl( 7, 6) CPU =       21.057 ms (setup)      573.147 (comm)        2.025 (pade)        1.859 (series)      569.876 (mix)        0.101 (add) 
Cl( 7, 7) in Cl( 7, 7) CPU =       42.629 ms (setup)      762.413 (comm)        2.024 (pade)        1.846 (series)      758.538 (mix)        0.097 (add) 
Cl( 8, 7) in Cl( 8, 7) CPU =      106.821 ms (setup)     3541.751 (comm)       14.252 (pade)       13.444 (series)     3529.019 (mix)        0.404 (add) 
Cl( 8, 8) in Cl( 8, 8) CPU =      217.227 ms (setup)     4556.514 (comm)       14.215 (pade)       13.856 (series)     4526.418 (mix)        0.572 (add) 
Cl( 1, 0) in Cl( 8, 8) CPU =        0.090 ms (setup)       62.921 (comm)       13.890 (pade)       13.392 (series)       55.659 (mix)        0.399 (add) 
Cl( 1, 1) in Cl( 8, 8) CPU =        0.150 ms (setup)       91.291 (comm)       14.395 (pade)       13.340 (series)       84.847 (mix)        0.405 (add) 
Cl( 2, 1) in Cl( 8, 8) CPU =        0.344 ms (setup)      133.314 (comm)       14.117 (pade)       13.343 (series)      126.094 (mix)        0.398 (add) 
Cl( 2, 2) in Cl( 8, 8) CPU =        5.402 ms (setup)      186.248 (comm)       14.038 (pade)       13.382 (series)      179.004 (mix)        0.406 (add) 
Cl( 3, 2) in Cl( 8, 8) CPU =        5.543 ms (setup)      254.184 (comm)       14.120 (pade)       13.321 (series)      245.380 (mix)        0.402 (add) 
Cl( 3, 3) in Cl( 8, 8) CPU =        5.665 ms (setup)      346.183 (comm)       14.104 (pade)       13.523 (series)      339.735 (mix)        0.460 (add) 
Cl( 4, 3) in Cl( 8, 8) CPU =        6.591 ms (setup)      458.204 (comm)       14.156 (pade)       13.351 (series)      448.736 (mix)        0.407 (add) 
Cl( 4, 4) in Cl( 8, 8) CPU =        6.819 ms (setup)      569.726 (comm)       14.221 (pade)       13.315 (series)      557.511 (mix)        0.398 (add) 
Cl( 5, 4) in Cl( 8, 8) CPU =        8.981 ms (setup)      696.916 (comm)       14.207 (pade)       14.212 (series)      687.846 (mix)        0.402 (add) 
Cl( 5, 5) in Cl( 8, 8) CPU =       11.912 ms (setup)      819.615 (comm)       14.418 (pade)       13.427 (series)      809.447 (mix)        0.402 (add) 
Cl( 6, 5) in Cl( 8, 8) CPU =       19.202 ms (setup)     1013.505 (comm)       14.244 (pade)       13.431 (series)     1002.255 (mix)        0.403 (add) 
Cl( 6, 6) in Cl( 8, 8) CPU =       35.401 ms (setup)     1167.046 (comm)       14.340 (pade)       13.442 (series)     1153.373 (mix)        0.401 (add) 
Cl( 7, 6) in Cl( 8, 8) CPU =       77.352 ms (setup)     1636.455 (comm)       14.369 (pade)       13.400 (series)     1635.405 (mix)        0.394 (add) 
Cl( 7, 7) in Cl( 8, 8) CPU =      142.893 ms (setup)     1944.488 (comm)       14.379 (pade)       13.264 (series)     1942.245 (mix)        0.410 (add) 
Cl( 8, 7) in Cl( 8, 8) CPU =      360.314 ms (setup)     3641.644 (comm)       14.200 (pade)       13.312 (series)     3634.453 (mix)        0.401 (add) 
Cl( 8, 8) in Cl( 8, 8) CPU =      216.641 ms (setup)     4544.801 (comm)       14.255 (pade)       13.310 (series)     4539.572 (mix)        0.571 (add) 
