
framed_multi<float,-4,4>
Clifford algebra products test:
Fill: 0.5
Cl( 1, 0) in Cl( 1, 0) CPU =        0.006 ms (setup)        0.003 (*)        0.002 (^)        0.002 (&)        0.002 (%) 
Cl( 1, 1) in Cl( 1, 1) CPU =        0.002 ms (setup)        0.002 (*)        0.001 (^)        0.002 (&)        0.001 (%) 
Cl( 2, 1) in Cl( 2, 1) CPU =        0.003 ms (setup)        0.005 (*)        0.003 (^)        0.003 (&)        0.003 (%) 
Cl( 2, 2) in Cl( 2, 2) CPU =        0.003 ms (setup)        0.008 (*)        0.005 (^)        0.005 (&)        0.004 (%) 
Cl( 3, 2) in Cl( 3, 2) CPU =        0.007 ms (setup)        0.017 (*)        0.009 (^)        0.030 (&)        0.008 (%) 
Cl( 3, 3) in Cl( 3, 3) CPU =        0.011 ms (setup)        0.038 (*)        0.020 (^)        0.019 (&)        0.016 (%) 
Cl( 4, 3) in Cl( 4, 3) CPU =        0.026 ms (setup)        0.130 (*)        0.060 (^)        0.059 (&)        0.044 (%) 
Cl( 4, 4) in Cl( 4, 4) CPU =        0.050 ms (setup)        0.972 (*)        0.199 (^)        0.132 (&)        0.134 (%) 
Cl( 1, 0) in Cl( 4, 4) CPU =        0.002 ms (setup)        0.001 (*)        0.001 (^)        0.001 (&)        0.001 (%) 
Cl( 1, 1) in Cl( 4, 4) CPU =        0.002 ms (setup)        0.002 (*)        0.002 (^)        0.002 (&)        0.001 (%) 
Cl( 2, 1) in Cl( 4, 4) CPU =        0.002 ms (setup)        0.004 (*)        0.003 (^)        0.003 (&)        0.003 (%) 
Cl( 2, 2) in Cl( 4, 4) CPU =        0.003 ms (setup)        0.005 (*)        0.004 (^)        0.003 (&)        0.003 (%) 
Cl( 3, 2) in Cl( 4, 4) CPU =        0.006 ms (setup)        0.017 (*)        0.009 (^)        0.009 (&)        0.008 (%) 
Cl( 3, 3) in Cl( 4, 4) CPU =        0.011 ms (setup)        0.036 (*)        0.022 (^)        0.018 (&)        0.015 (%) 
Cl( 4, 3) in Cl( 4, 4) CPU =        0.024 ms (setup)        0.117 (*)        0.054 (^)        0.058 (&)        0.043 (%) 
Cl( 4, 4) in Cl( 4, 4) CPU =        0.081 ms (setup)        0.900 (*)        0.169 (^)        0.141 (&)        0.100 (%) 
Fill: 1
Cl( 1, 0) in Cl( 1, 0) CPU =        0.003 ms (setup)        0.003 (*)        0.002 (^)        0.002 (&)        0.002 (%) 
Cl( 1, 1) in Cl( 1, 1) CPU =        0.002 ms (setup)        0.003 (*)        0.002 (^)        0.002 (&)        0.002 (%) 
Cl( 2, 1) in Cl( 2, 1) CPU =        0.003 ms (setup)        0.005 (*)        0.003 (^)        0.003 (&)        0.003 (%) 
Cl( 2, 2) in Cl( 2, 2) CPU =        0.005 ms (setup)        0.009 (*)        0.005 (^)        0.005 (&)        0.005 (%) 
Cl( 3, 2) in Cl( 3, 2) CPU =        0.007 ms (setup)        0.026 (*)        0.011 (^)        0.013 (&)        0.011 (%) 
Cl( 3, 3) in Cl( 3, 3) CPU =        0.016 ms (setup)        0.074 (*)        0.024 (^)        0.073 (&)        0.025 (%) 
Cl( 4, 3) in Cl( 4, 3) CPU =        0.031 ms (setup)        0.280 (*)        0.053 (^)        0.083 (&)        0.060 (%) 
Cl( 4, 4) in Cl( 4, 4) CPU =        0.070 ms (setup)        1.078 (*)        0.134 (^)        0.280 (&)        0.146 (%) 
Cl( 1, 0) in Cl( 4, 4) CPU =        0.001 ms (setup)        0.003 (*)        0.002 (^)        0.002 (&)        0.002 (%) 
Cl( 1, 1) in Cl( 4, 4) CPU =        0.002 ms (setup)        0.003 (*)        0.002 (^)        0.002 (&)        0.002 (%) 
Cl( 2, 1) in Cl( 4, 4) CPU =        0.002 ms (setup)        0.005 (*)        0.003 (^)        0.003 (&)        0.024 (%) 
Cl( 2, 2) in Cl( 4, 4) CPU =        0.004 ms (setup)        0.009 (*)        0.005 (^)        0.005 (&)        0.005 (%) 
Cl( 3, 2) in Cl( 4, 4) CPU =        0.007 ms (setup)        0.023 (*)        0.009 (^)        0.012 (&)        0.010 (%) 
Cl( 3, 3) in Cl( 4, 4) CPU =        0.015 ms (setup)        0.067 (*)        0.022 (^)        0.030 (&)        0.023 (%) 
Cl( 4, 3) in Cl( 4, 4) CPU =        0.030 ms (setup)        0.221 (*)        0.051 (^)        0.135 (&)        0.056 (%) 
Cl( 4, 4) in Cl( 4, 4) CPU =        0.066 ms (setup)        0.987 (*)        0.173 (^)        0.204 (&)        0.192 (%) 

matrix_multi<float,-4,4>
Clifford algebra products test:
Fill: 0.5
Cl( 1, 0) in Cl( 1, 0) CPU =        0.013 ms (setup)        0.001 (*)        0.011 (^)        0.009 (&)        0.011 (%) 
Cl( 1, 1) in Cl( 1, 1) CPU =        0.005 ms (setup)        0.001 (*)        0.009 (^)        0.009 (&)        0.009 (%) 
Cl( 2, 1) in Cl( 2, 1) CPU =        0.004 ms (setup)        0.001 (*)        0.018 (^)        0.030 (&)        0.029 (%) 
Cl( 2, 2) in Cl( 2, 2) CPU =        0.012 ms (setup)        0.001 (*)        0.129 (^)        0.046 (&)        0.065 (%) 
Cl( 3, 2) in Cl( 3, 2) CPU =        0.025 ms (setup)        0.002 (*)        0.299 (^)        0.259 (&)        0.302 (%) 
Cl( 3, 3) in Cl( 3, 3) CPU =        0.043 ms (setup)        0.002 (*)        0.418 (^)        0.428 (&)        0.433 (%) 
Cl( 4, 3) in Cl( 4, 3) CPU =        0.099 ms (setup)        0.002 (*)        1.714 (^)        1.645 (&)        1.348 (%) 
Cl( 4, 4) in Cl( 4, 4) CPU =        0.146 ms (setup)        0.002 (*)        2.260 (^)        2.343 (&)        2.345 (%) 
Cl( 1, 0) in Cl( 4, 4) CPU =        0.001 ms (setup)        0.004 (*)        0.007 (^)        0.007 (&)        0.007 (%) 
Cl( 1, 1) in Cl( 4, 4) CPU =        0.006 ms (setup)        0.002 (*)        0.091 (^)        0.058 (&)        0.086 (%) 
Cl( 2, 1) in Cl( 4, 4) CPU =        0.013 ms (setup)        0.002 (*)        0.114 (^)        0.073 (&)        0.087 (%) 
Cl( 2, 2) in Cl( 4, 4) CPU =        0.032 ms (setup)        0.002 (*)        0.192 (^)        0.134 (&)        0.152 (%) 
Cl( 3, 2) in Cl( 4, 4) CPU =        0.077 ms (setup)        0.002 (*)        0.240 (^)        0.227 (&)        0.216 (%) 
Cl( 3, 3) in Cl( 4, 4) CPU =        0.116 ms (setup)        0.002 (*)        0.539 (^)        0.420 (&)        0.414 (%) 
Cl( 4, 3) in Cl( 4, 4) CPU =        0.281 ms (setup)        0.002 (*)        1.343 (^)        1.357 (&)        1.426 (%) 
Cl( 4, 4) in Cl( 4, 4) CPU =        0.162 ms (setup)        0.002 (*)        2.168 (^)        2.308 (&)        2.277 (%) 
Fill: 1
Cl( 1, 0) in Cl( 1, 0) CPU =        0.003 ms (setup)        0.001 (*)        0.009 (^)        0.007 (&)        0.009 (%) 
Cl( 1, 1) in Cl( 1, 1) CPU =        0.003 ms (setup)        0.001 (*)        0.013 (^)        0.009 (&)        0.013 (%) 
Cl( 2, 1) in Cl( 2, 1) CPU =        0.005 ms (setup)        0.001 (*)        0.052 (^)        0.038 (&)        0.043 (%) 
Cl( 2, 2) in Cl( 2, 2) CPU =        0.009 ms (setup)        0.001 (*)        0.072 (^)        0.058 (&)        0.071 (%) 
Cl( 3, 2) in Cl( 3, 2) CPU =        0.022 ms (setup)        0.001 (*)        0.235 (^)        0.241 (&)        0.257 (%) 
Cl( 3, 3) in Cl( 3, 3) CPU =        0.044 ms (setup)        0.001 (*)        0.394 (^)        0.370 (&)        0.398 (%) 
Cl( 4, 3) in Cl( 4, 3) CPU =        0.103 ms (setup)        0.002 (*)        1.666 (^)        1.685 (&)        1.711 (%) 
Cl( 4, 4) in Cl( 4, 4) CPU =        0.218 ms (setup)        0.002 (*)        2.499 (^)        2.483 (&)        2.542 (%) 
Cl( 1, 0) in Cl( 4, 4) CPU =        0.005 ms (setup)        0.002 (*)        0.082 (^)        0.052 (&)        0.064 (%) 
Cl( 1, 1) in Cl( 4, 4) CPU =        0.007 ms (setup)        0.002 (*)        0.093 (^)        0.059 (&)        0.081 (%) 
Cl( 2, 1) in Cl( 4, 4) CPU =        0.015 ms (setup)        0.002 (*)        0.146 (^)        0.105 (&)        0.111 (%) 
Cl( 2, 2) in Cl( 4, 4) CPU =        0.037 ms (setup)        0.002 (*)        0.208 (^)        0.134 (&)        0.166 (%) 
Cl( 3, 2) in Cl( 4, 4) CPU =        0.086 ms (setup)        0.002 (*)        0.440 (^)        0.323 (&)        0.324 (%) 
Cl( 3, 3) in Cl( 4, 4) CPU =        0.140 ms (setup)        0.002 (*)        0.644 (^)        0.532 (&)        0.570 (%) 
Cl( 4, 3) in Cl( 4, 4) CPU =        0.364 ms (setup)        0.002 (*)        1.841 (^)        1.701 (&)        1.712 (%) 
Cl( 4, 4) in Cl( 4, 4) CPU =        0.203 ms (setup)        0.002 (*)        2.492 (^)        2.483 (&)        2.564 (%) 

framed_multi<double>
Clifford algebra products test:
Fill: 0.5
Cl( 1, 0) in Cl( 1, 0) CPU =        0.001 ms (setup)        0.002 (*)        0.001 (^)        0.001 (&)        0.001 (%) 
Cl( 1, 1) in Cl( 1, 1) CPU =        0.001 ms (setup)        0.001 (*)        0.001 (^)        0.001 (&)        0.001 (%) 
Cl( 2, 1) in Cl( 2, 1) CPU =        0.002 ms (setup)        0.004 (*)        0.002 (^)        0.002 (&)        0.002 (%) 
Cl( 2, 2) in Cl( 2, 2) CPU =        0.002 ms (setup)        0.005 (*)        0.004 (^)        0.004 (&)        0.004 (%) 
Cl( 3, 2) in Cl( 3, 2) CPU =        0.004 ms (setup)        0.013 (*)        0.007 (^)        0.007 (&)        0.006 (%) 
Cl( 3, 3) in Cl( 3, 3) CPU =        0.007 ms (setup)        0.030 (*)        0.015 (^)        0.015 (&)        0.013 (%) 
Cl( 4, 3) in Cl( 4, 3) CPU =        0.017 ms (setup)        0.089 (*)        0.041 (^)        0.040 (&)        0.032 (%) 
Cl( 4, 4) in Cl( 4, 4) CPU =        0.031 ms (setup)        0.491 (*)        0.098 (^)        0.095 (&)        0.069 (%) 
Cl( 5, 4) in Cl( 5, 4) CPU =        0.064 ms (setup)        1.715 (*)        0.280 (^)        0.286 (&)        0.196 (%) 
Cl( 5, 5) in Cl( 5, 5) CPU =        0.119 ms (setup)        2.349 (*)        0.715 (^)        0.672 (&)        0.435 (%) 
Cl( 6, 5) in Cl( 6, 5) CPU =        0.244 ms (setup)        8.233 (*)        2.033 (^)        1.952 (&)        1.228 (%) 
Cl( 6, 6) in Cl( 6, 6) CPU =        0.577 ms (setup)       11.124 (*)        5.559 (^)        5.280 (&)        3.106 (%) 
Cl( 7, 6) in Cl( 7, 6) CPU =        0.996 ms (setup)       39.449 (*)       16.524 (^)       16.286 (&)        9.044 (%) 
Cl( 7, 7) in Cl( 7, 7) CPU =        1.986 ms (setup)       51.733 (*)       47.927 (^)       46.009 (&)       24.503 (%) 
Cl( 8, 7) in Cl( 8, 7) CPU =        4.021 ms (setup)      187.217 (*)      140.223 (^)      132.929 (&)       70.103 (%) 
Cl( 8, 8) in Cl( 8, 8) CPU =        8.232 ms (setup)      252.501 (*)      427.940 (^)      410.872 (&)      210.404 (%) 
Cl( 1, 0) in Cl( 8, 8) CPU =        0.003 ms (setup)        0.001 (*)        0.001 (^)        0.001 (&)        0.001 (%) 
Cl( 1, 1) in Cl( 8, 8) CPU =        0.001 ms (setup)        0.001 (*)        0.001 (^)        0.001 (&)        0.001 (%) 
Cl( 2, 1) in Cl( 8, 8) CPU =        0.002 ms (setup)        0.001 (*)        0.001 (^)        0.001 (&)        0.001 (%) 
Cl( 2, 2) in Cl( 8, 8) CPU =        0.002 ms (setup)        0.005 (*)        0.003 (^)        0.003 (&)        0.003 (%) 
Cl( 3, 2) in Cl( 8, 8) CPU =        0.004 ms (setup)        0.011 (*)        0.007 (^)        0.007 (&)        0.007 (%) 
Cl( 3, 3) in Cl( 8, 8) CPU =        0.008 ms (setup)        0.030 (*)        0.016 (^)        0.014 (&)        0.013 (%) 
Cl( 4, 3) in Cl( 8, 8) CPU =        0.015 ms (setup)        0.070 (*)        0.038 (^)        0.035 (&)        0.027 (%) 
Cl( 4, 4) in Cl( 8, 8) CPU =        0.034 ms (setup)        0.495 (*)        0.108 (^)        0.100 (&)        0.076 (%) 
Cl( 5, 4) in Cl( 8, 8) CPU =        0.061 ms (setup)        1.690 (*)        0.272 (^)        0.269 (&)        0.192 (%) 
Cl( 5, 5) in Cl( 8, 8) CPU =        0.121 ms (setup)        2.293 (*)        0.688 (^)        0.699 (&)        0.441 (%) 
Cl( 6, 5) in Cl( 8, 8) CPU =        0.244 ms (setup)        7.987 (*)        1.981 (^)        1.944 (&)        1.184 (%) 
Cl( 6, 6) in Cl( 8, 8) CPU =        0.479 ms (setup)       10.683 (*)        5.490 (^)        5.140 (&)        3.034 (%) 
Cl( 7, 6) in Cl( 8, 8) CPU =        0.989 ms (setup)       37.035 (*)       16.070 (^)       15.720 (&)        8.521 (%) 
Cl( 7, 7) in Cl( 8, 8) CPU =        1.969 ms (setup)       50.552 (*)       47.062 (^)       45.331 (&)       24.435 (%) 
Cl( 8, 7) in Cl( 8, 8) CPU =        4.140 ms (setup)      183.634 (*)      141.101 (^)      132.840 (&)       70.570 (%) 
Cl( 8, 8) in Cl( 8, 8) CPU =        8.106 ms (setup)      252.032 (*)      425.358 (^)      412.255 (&)      212.840 (%) 
Fill: 1
Cl( 1, 0) in Cl( 1, 0) CPU =        0.003 ms (setup)        0.002 (*)        0.001 (^)        0.001 (&)        0.001 (%) 
Cl( 1, 1) in Cl( 1, 1) CPU =        0.001 ms (setup)        0.002 (*)        0.002 (^)        0.002 (&)        0.002 (%) 
Cl( 2, 1) in Cl( 2, 1) CPU =        0.002 ms (setup)        0.005 (*)        0.002 (^)        0.002 (&)        0.003 (%) 
Cl( 2, 2) in Cl( 2, 2) CPU =        0.003 ms (setup)        0.009 (*)        0.005 (^)        0.005 (&)        0.004 (%) 
Cl( 3, 2) in Cl( 3, 2) CPU =        0.007 ms (setup)        0.025 (*)        0.009 (^)        0.011 (&)        0.009 (%) 
Cl( 3, 3) in Cl( 3, 3) CPU =        0.013 ms (setup)        0.067 (*)        0.019 (^)        0.026 (&)        0.021 (%) 
Cl( 4, 3) in Cl( 4, 3) CPU =        0.028 ms (setup)        0.224 (*)        0.046 (^)        0.065 (&)        0.056 (%) 
Cl( 4, 4) in Cl( 4, 4) CPU =        0.053 ms (setup)        0.594 (*)        0.111 (^)        0.167 (&)        0.118 (%) 
Cl( 5, 4) in Cl( 5, 4) CPU =        0.103 ms (setup)        1.935 (*)        0.272 (^)        0.442 (&)        0.298 (%) 
Cl( 5, 5) in Cl( 5, 5) CPU =        0.205 ms (setup)        2.812 (*)        0.678 (^)        1.209 (&)        0.755 (%) 
Cl( 6, 5) in Cl( 6, 5) CPU =        0.406 ms (setup)        9.186 (*)        1.802 (^)        3.442 (&)        2.039 (%) 
Cl( 6, 6) in Cl( 6, 6) CPU =        0.802 ms (setup)       13.489 (*)        4.853 (^)        9.915 (&)        5.641 (%) 
Cl( 7, 6) in Cl( 7, 6) CPU =        1.661 ms (setup)       44.926 (*)       13.595 (^)       29.148 (&)       15.956 (%) 
Cl( 7, 7) in Cl( 7, 7) CPU =        3.264 ms (setup)       66.047 (*)       39.794 (^)       87.341 (&)       46.168 (%) 
Cl( 8, 7) in Cl( 8, 7) CPU =        6.787 ms (setup)      228.108 (*)      116.954 (^)      265.358 (&)      135.837 (%) 
Cl( 8, 8) in Cl( 8, 8) CPU =       13.839 ms (setup)      345.281 (*)      357.346 (^)      802.123 (&)      406.029 (%) 
Cl( 1, 0) in Cl( 8, 8) CPU =        0.001 ms (setup)        0.002 (*)        0.001 (^)        0.001 (&)        0.001 (%) 
Cl( 1, 1) in Cl( 8, 8) CPU =        0.001 ms (setup)        0.003 (*)        0.002 (^)        0.002 (&)        0.002 (%) 
Cl( 2, 1) in Cl( 8, 8) CPU =        0.003 ms (setup)        0.004 (*)        0.003 (^)        0.002 (&)        0.002 (%) 
Cl( 2, 2) in Cl( 8, 8) CPU =        0.003 ms (setup)        0.009 (*)        0.004 (^)        0.005 (&)        0.005 (%) 
Cl( 3, 2) in Cl( 8, 8) CPU =        0.007 ms (setup)        0.023 (*)        0.009 (^)        0.011 (&)        0.009 (%) 
Cl( 3, 3) in Cl( 8, 8) CPU =        0.013 ms (setup)        0.073 (*)        0.020 (^)        0.026 (&)        0.021 (%) 
Cl( 4, 3) in Cl( 8, 8) CPU =        0.026 ms (setup)        0.229 (*)        0.046 (^)        0.065 (&)        0.050 (%) 
Cl( 4, 4) in Cl( 8, 8) CPU =        0.052 ms (setup)        0.584 (*)        0.111 (^)        0.171 (&)        0.119 (%) 
Cl( 5, 4) in Cl( 8, 8) CPU =        0.104 ms (setup)        1.939 (*)        0.269 (^)        0.440 (&)        0.291 (%) 
Cl( 5, 5) in Cl( 8, 8) CPU =        0.199 ms (setup)        2.803 (*)        0.678 (^)        1.213 (&)        0.753 (%) 
Cl( 6, 5) in Cl( 8, 8) CPU =        0.406 ms (setup)        9.234 (*)        1.809 (^)        3.453 (&)        2.038 (%) 
Cl( 6, 6) in Cl( 8, 8) CPU =        0.801 ms (setup)       13.592 (*)        4.846 (^)        9.933 (&)        5.596 (%) 
Cl( 7, 6) in Cl( 8, 8) CPU =        1.707 ms (setup)       44.501 (*)       13.670 (^)       29.494 (&)       15.853 (%) 
Cl( 7, 7) in Cl( 8, 8) CPU =        3.335 ms (setup)       66.898 (*)       39.610 (^)       88.853 (&)       46.242 (%) 
Cl( 8, 7) in Cl( 8, 8) CPU =        7.041 ms (setup)      225.775 (*)      118.844 (^)      266.170 (&)      135.566 (%) 
Cl( 8, 8) in Cl( 8, 8) CPU =       13.911 ms (setup)      342.782 (*)      354.772 (^)      801.744 (&)      406.973 (%) 

matrix_multi<double>
Clifford algebra products test:
Fill: 0.5
Cl( 1, 0) in Cl( 1, 0) CPU =        0.004 ms (setup)        0.001 (*)        0.009 (^)        0.007 (&)        0.009 (%) 
Cl( 1, 1) in Cl( 1, 1) CPU =        0.005 ms (setup)        0.001 (*)        0.006 (^)        0.007 (&)        0.007 (%) 
Cl( 2, 1) in Cl( 2, 1) CPU =        0.005 ms (setup)        0.001 (*)        0.044 (^)        0.029 (&)        0.037 (%) 
Cl( 2, 2) in Cl( 2, 2) CPU =        0.009 ms (setup)        0.001 (*)        0.046 (^)        0.038 (&)        0.049 (%) 
Cl( 3, 2) in Cl( 3, 2) CPU =        0.035 ms (setup)        0.002 (*)        0.179 (^)        0.186 (&)        0.209 (%) 
Cl( 3, 3) in Cl( 3, 3) CPU =        0.034 ms (setup)        0.001 (*)        0.262 (^)        0.307 (&)        0.303 (%) 
Cl( 4, 3) in Cl( 4, 3) CPU =        0.082 ms (setup)        0.003 (*)        1.327 (^)        1.413 (&)        1.427 (%) 
Cl( 4, 4) in Cl( 4, 4) CPU =        0.148 ms (setup)        0.003 (*)        2.035 (^)        2.099 (&)        2.152 (%) 
Cl( 5, 4) in Cl( 5, 4) CPU =        0.345 ms (setup)        0.010 (*)        7.662 (^)        8.431 (&)        8.264 (%) 
Cl( 5, 5) in Cl( 5, 5) CPU =        0.664 ms (setup)        0.010 (*)       11.636 (^)       12.121 (&)       11.878 (%) 
Cl( 6, 5) in Cl( 6, 5) CPU =        1.520 ms (setup)        0.062 (*)       42.845 (^)       46.338 (&)       45.008 (%) 
Cl( 6, 6) in Cl( 6, 6) CPU =        3.273 ms (setup)        0.061 (*)       61.857 (^)       63.681 (&)       61.709 (%) 
Cl( 7, 6) in Cl( 7, 6) CPU =        6.977 ms (setup)        0.436 (*)      259.790 (^)      282.161 (&)      258.096 (%) 
Cl( 7, 7) in Cl( 7, 7) CPU =       13.684 ms (setup)        0.427 (*)      327.001 (^)      366.848 (&)      334.727 (%) 
Cl( 8, 7) in Cl( 8, 7) CPU =       31.612 ms (setup)        3.150 (*)     1553.590 (^)     1800.694 (&)     1553.563 (%) 
Cl( 8, 8) in Cl( 8, 8) CPU =       62.479 ms (setup)        3.300 (*)     1977.127 (^)     2279.453 (&)     1976.690 (%) 
Cl( 1, 0) in Cl( 8, 8) CPU =        0.057 ms (setup)        3.324 (*)       16.073 (^)       15.853 (&)       15.960 (%) 
Cl( 1, 1) in Cl( 8, 8) CPU =        0.075 ms (setup)        3.158 (*)       27.992 (^)       16.058 (&)       24.695 (%) 
Cl( 2, 1) in Cl( 8, 8) CPU =        0.107 ms (setup)        3.163 (*)       45.369 (^)       26.585 (&)       35.249 (%) 
Cl( 2, 2) in Cl( 8, 8) CPU =        0.294 ms (setup)        3.155 (*)       70.582 (^)       44.703 (&)       49.571 (%) 
Cl( 3, 2) in Cl( 8, 8) CPU =        1.006 ms (setup)        3.115 (*)       99.963 (^)       67.038 (&)       67.924 (%) 
Cl( 3, 3) in Cl( 8, 8) CPU =        1.663 ms (setup)        3.146 (*)      140.965 (^)      101.778 (&)       91.772 (%) 
Cl( 4, 3) in Cl( 8, 8) CPU =        1.880 ms (setup)        3.133 (*)      187.752 (^)      186.067 (&)      121.631 (%) 
Cl( 4, 4) in Cl( 8, 8) CPU =        2.036 ms (setup)        3.147 (*)      243.946 (^)      191.684 (&)      155.993 (%) 
Cl( 5, 4) in Cl( 8, 8) CPU =        3.220 ms (setup)        3.136 (*)      314.149 (^)      247.814 (&)      194.124 (%) 
Cl( 5, 5) in Cl( 8, 8) CPU =        3.861 ms (setup)        3.144 (*)      418.670 (^)      371.214 (&)      269.693 (%) 
Cl( 6, 5) in Cl( 8, 8) CPU =        7.531 ms (setup)        3.153 (*)      466.047 (^)      402.692 (&)      304.938 (%) 
Cl( 6, 6) in Cl( 8, 8) CPU =       12.568 ms (setup)        3.139 (*)      558.805 (^)      567.655 (&)      409.162 (%) 
Cl( 7, 6) in Cl( 8, 8) CPU =       29.182 ms (setup)        3.125 (*)      689.832 (^)      803.716 (&)      568.069 (%) 
Cl( 7, 7) in Cl( 8, 8) CPU =       52.130 ms (setup)        3.087 (*)      876.773 (^)      984.161 (&)      756.771 (%) 
Cl( 8, 7) in Cl( 8, 8) CPU =      128.839 ms (setup)        3.123 (*)     1562.600 (^)     1728.066 (&)     1455.568 (%) 
Cl( 8, 8) in Cl( 8, 8) CPU =       63.325 ms (setup)        3.129 (*)     1875.451 (^)     2280.293 (&)     1919.929 (%) 
Fill: 1
Cl( 1, 0) in Cl( 1, 0) CPU =        0.002 ms (setup)        0.001 (*)        0.009 (^)        0.007 (&)        0.009 (%) 
Cl( 1, 1) in Cl( 1, 1) CPU =        0.003 ms (setup)        0.001 (*)        0.013 (^)        0.009 (&)        0.013 (%) 
Cl( 2, 1) in Cl( 2, 1) CPU =        0.005 ms (setup)        0.001 (*)        0.049 (^)        0.041 (&)        0.045 (%) 
Cl( 2, 2) in Cl( 2, 2) CPU =        0.010 ms (setup)        0.001 (*)        0.081 (^)        0.060 (&)        0.072 (%) 
Cl( 3, 2) in Cl( 3, 2) CPU =        0.024 ms (setup)        0.001 (*)        0.250 (^)        0.243 (&)        0.245 (%) 
Cl( 3, 3) in Cl( 3, 3) CPU =        0.045 ms (setup)        0.001 (*)        0.402 (^)        0.380 (&)        0.416 (%) 
Cl( 4, 3) in Cl( 4, 3) CPU =        0.108 ms (setup)        0.003 (*)        1.627 (^)        1.657 (&)        1.649 (%) 
Cl( 4, 4) in Cl( 4, 4) CPU =        0.206 ms (setup)        0.003 (*)        2.456 (^)        2.400 (&)        2.492 (%) 
Cl( 5, 4) in Cl( 5, 4) CPU =        0.489 ms (setup)        0.011 (*)        8.830 (^)        9.364 (&)        8.930 (%) 
Cl( 5, 5) in Cl( 5, 5) CPU =        0.949 ms (setup)        0.010 (*)       12.718 (^)       12.943 (&)       12.927 (%) 
Cl( 6, 5) in Cl( 6, 5) CPU =        2.230 ms (setup)        0.061 (*)       48.589 (^)       50.339 (&)       48.461 (%) 
Cl( 6, 6) in Cl( 6, 6) CPU =        4.415 ms (setup)        0.062 (*)       66.940 (^)       69.446 (&)       66.633 (%) 
Cl( 7, 6) in Cl( 7, 6) CPU =       10.400 ms (setup)        0.486 (*)      269.201 (^)      293.575 (&)      270.560 (%) 
Cl( 7, 7) in Cl( 7, 7) CPU =       20.843 ms (setup)        0.424 (*)      360.031 (^)      388.877 (&)      360.469 (%) 
Cl( 8, 7) in Cl( 8, 7) CPU =       51.364 ms (setup)        3.152 (*)     1942.726 (^)     1879.433 (&)     1608.104 (%) 
Cl( 8, 8) in Cl( 8, 8) CPU =      105.898 ms (setup)        3.160 (*)     2092.410 (^)     2398.852 (&)     2091.480 (%) 
Cl( 1, 0) in Cl( 8, 8) CPU =        0.068 ms (setup)        3.349 (*)       28.723 (^)       16.061 (&)       24.669 (%) 
Cl( 1, 1) in Cl( 8, 8) CPU =        0.091 ms (setup)        3.182 (*)       45.373 (^)       26.881 (&)       35.489 (%) 
Cl( 2, 1) in Cl( 8, 8) CPU =        0.179 ms (setup)        3.168 (*)       70.531 (^)       44.569 (&)       49.743 (%) 
Cl( 2, 2) in Cl( 8, 8) CPU =        1.583 ms (setup)        3.159 (*)       99.429 (^)       67.186 (&)       66.492 (%) 
Cl( 3, 2) in Cl( 8, 8) CPU =        1.607 ms (setup)        3.137 (*)      138.223 (^)       98.138 (&)       87.235 (%) 
Cl( 3, 3) in Cl( 8, 8) CPU =        1.666 ms (setup)        3.167 (*)      184.917 (^)      140.148 (&)      117.129 (%) 
Cl( 4, 3) in Cl( 8, 8) CPU =        1.992 ms (setup)        3.152 (*)      243.805 (^)      192.429 (&)      152.548 (%) 
Cl( 4, 4) in Cl( 8, 8) CPU =        2.219 ms (setup)        3.206 (*)      301.828 (^)      241.654 (&)      185.864 (%) 
Cl( 5, 4) in Cl( 8, 8) CPU =        3.219 ms (setup)        3.154 (*)      366.636 (^)      309.738 (&)      228.199 (%) 
Cl( 5, 5) in Cl( 8, 8) CPU =        4.700 ms (setup)        3.151 (*)      421.719 (^)      373.582 (&)      273.522 (%) 
Cl( 6, 5) in Cl( 8, 8) CPU =        9.688 ms (setup)        3.154 (*)      510.961 (^)      479.389 (&)      349.078 (%) 
Cl( 6, 6) in Cl( 8, 8) CPU =       16.378 ms (setup)        3.138 (*)      569.945 (^)      577.267 (&)      415.805 (%) 
Cl( 7, 6) in Cl( 8, 8) CPU =       39.279 ms (setup)        3.204 (*)      794.423 (^)      822.341 (&)      628.926 (%) 
Cl( 7, 7) in Cl( 8, 8) CPU =       72.657 ms (setup)        3.250 (*)      907.617 (^)     1010.389 (&)      786.420 (%) 
Cl( 8, 7) in Cl( 8, 8) CPU =      175.411 ms (setup)        3.174 (*)     1728.733 (^)     1875.925 (&)     1611.486 (%) 
Cl( 8, 8) in Cl( 8, 8) CPU =      106.264 ms (setup)        3.204 (*)     2087.142 (^)     2389.497 (&)     2105.942 (%) 
