
framed_multi<float,-4,4>
Clifford algebra expressions test:
Fill: 0.5
Cl( 1, 0) in Cl( 1, 0) CPU =        0.001 ms (setup)        0.002 (comm)        0.011 (pade)        0.003 (series)        0.001 (mix)        0.002 (add) 
Cl( 1, 1) in Cl( 1, 1) CPU =        0.001 ms (setup)        0.001 (comm)        0.003 (pade)        0.001 (series)        0.001 (mix)        0.001 (add) 
Cl( 2, 1) in Cl( 2, 1) CPU =        0.001 ms (setup)        0.004 (comm)        0.005 (pade)        0.004 (series)        0.001 (mix)        0.001 (add) 
Cl( 2, 2) in Cl( 2, 2) CPU =        0.001 ms (setup)        0.005 (comm)        0.006 (pade)        0.006 (series)        0.002 (mix)        0.001 (add) 
Cl( 3, 2) in Cl( 3, 2) CPU =        0.002 ms (setup)        0.011 (comm)        0.029 (pade)        0.011 (series)        0.004 (mix)        0.003 (add) 
Cl( 3, 3) in Cl( 3, 3) CPU =        0.007 ms (setup)        0.027 (comm)        0.036 (pade)        0.042 (series)        0.007 (mix)        0.005 (add) 
Cl( 4, 3) in Cl( 4, 3) CPU =        0.013 ms (setup)        0.075 (comm)        0.142 (pade)        0.117 (series)        0.021 (mix)        0.011 (add) 
Cl( 4, 4) in Cl( 4, 4) CPU =        0.026 ms (setup)        0.450 (comm)        0.197 (pade)        0.738 (series)        0.079 (mix)        0.024 (add) 
Cl( 1, 0) in Cl( 4, 4) CPU =        0.001 ms (setup)        0.001 (comm)        0.002 (pade)        0.002 (series)        0.001 (mix)        0.001 (add) 
Cl( 1, 1) in Cl( 4, 4) CPU =        0.001 ms (setup)        0.002 (comm)        0.002 (pade)        0.002 (series)        0.001 (mix)        0.001 (add) 
Cl( 2, 1) in Cl( 4, 4) CPU =        0.001 ms (setup)        0.003 (comm)        0.005 (pade)        0.003 (series)        0.001 (mix)        0.002 (add) 
Cl( 2, 2) in Cl( 4, 4) CPU =        0.001 ms (setup)        0.005 (comm)        0.005 (pade)        0.005 (series)        0.002 (mix)        0.001 (add) 
Cl( 3, 2) in Cl( 4, 4) CPU =        0.003 ms (setup)        0.011 (comm)        0.026 (pade)        0.013 (series)        0.004 (mix)        0.002 (add) 
Cl( 3, 3) in Cl( 4, 4) CPU =        0.006 ms (setup)        0.028 (comm)        0.036 (pade)        0.044 (series)        0.007 (mix)        0.004 (add) 
Cl( 4, 3) in Cl( 4, 4) CPU =        0.013 ms (setup)        0.065 (comm)        0.137 (pade)        0.108 (series)        0.021 (mix)        0.009 (add) 
Cl( 4, 4) in Cl( 4, 4) CPU =        0.026 ms (setup)        0.427 (comm)        0.195 (pade)        0.740 (series)        0.084 (mix)        0.026 (add) 
Fill: 1
Cl( 1, 0) in Cl( 1, 0) CPU =        0.001 ms (setup)        0.002 (comm)        0.002 (pade)        0.011 (series)        0.001 (mix)        0.002 (add) 
Cl( 1, 1) in Cl( 1, 1) CPU =        0.001 ms (setup)        0.002 (comm)        0.003 (pade)        0.003 (series)        0.001 (mix)        0.001 (add) 
Cl( 2, 1) in Cl( 2, 1) CPU =        0.001 ms (setup)        0.003 (comm)        0.005 (pade)        0.004 (series)        0.001 (mix)        0.001 (add) 
Cl( 2, 2) in Cl( 2, 2) CPU =        0.001 ms (setup)        0.005 (comm)        0.007 (pade)        0.007 (series)        0.002 (mix)        0.002 (add) 
Cl( 3, 2) in Cl( 3, 2) CPU =        0.004 ms (setup)        0.015 (comm)        0.028 (pade)        0.021 (series)        0.005 (mix)        0.003 (add) 
Cl( 3, 3) in Cl( 3, 3) CPU =        0.007 ms (setup)        0.043 (comm)        0.041 (pade)        0.061 (series)        0.010 (mix)        0.005 (add) 
Cl( 4, 3) in Cl( 4, 3) CPU =        0.015 ms (setup)        0.123 (comm)        0.153 (pade)        0.191 (series)        0.026 (mix)        0.009 (add) 
Cl( 4, 4) in Cl( 4, 4) CPU =        0.036 ms (setup)        0.488 (comm)        0.212 (pade)        0.830 (series)        0.069 (mix)        0.025 (add) 
Cl( 1, 0) in Cl( 4, 4) CPU =        0.001 ms (setup)        0.002 (comm)        0.002 (pade)        0.002 (series)        0.001 (mix)        0.001 (add) 
Cl( 1, 1) in Cl( 4, 4) CPU =        0.001 ms (setup)        0.002 (comm)        0.002 (pade)        0.003 (series)        0.001 (mix)        0.001 (add) 
Cl( 2, 1) in Cl( 4, 4) CPU =        0.001 ms (setup)        0.003 (comm)        0.005 (pade)        0.004 (series)        0.001 (mix)        0.001 (add) 
Cl( 2, 2) in Cl( 4, 4) CPU =        0.002 ms (setup)        0.005 (comm)        0.007 (pade)        0.007 (series)        0.002 (mix)        0.001 (add) 
Cl( 3, 2) in Cl( 4, 4) CPU =        0.003 ms (setup)        0.015 (comm)        0.028 (pade)        0.021 (series)        0.005 (mix)        0.003 (add) 
Cl( 3, 3) in Cl( 4, 4) CPU =        0.007 ms (setup)        0.042 (comm)        0.041 (pade)        0.061 (series)        0.011 (mix)        0.005 (add) 
Cl( 4, 3) in Cl( 4, 4) CPU =        0.015 ms (setup)        0.123 (comm)        0.152 (pade)        0.190 (series)        0.026 (mix)        0.009 (add) 
Cl( 4, 4) in Cl( 4, 4) CPU =        0.035 ms (setup)        0.486 (comm)        0.211 (pade)        0.827 (series)        0.070 (mix)        0.025 (add) 

matrix_multi<float,-4,4>
Clifford algebra expressions test:
Fill: 0.5
Cl( 1, 0) in Cl( 1, 0) CPU =        0.003 ms (setup)        0.004 (comm)        0.001 (pade)        0.002 (series)        0.003 (mix)        0.001 (add) 
Cl( 1, 1) in Cl( 1, 1) CPU =        0.001 ms (setup)        0.007 (comm)        0.001 (pade)        0.001 (series)        0.005 (mix)        0.000 (add) 
Cl( 2, 1) in Cl( 2, 1) CPU =        0.002 ms (setup)        0.017 (comm)        0.001 (pade)        0.001 (series)        0.015 (mix)        0.001 (add) 
Cl( 2, 2) in Cl( 2, 2) CPU =        0.003 ms (setup)        0.029 (comm)        0.001 (pade)        0.001 (series)        0.027 (mix)        0.001 (add) 
Cl( 3, 2) in Cl( 3, 2) CPU =        0.007 ms (setup)        0.100 (comm)        0.002 (pade)        0.001 (series)        0.096 (mix)        0.001 (add) 
Cl( 3, 3) in Cl( 3, 3) CPU =        0.022 ms (setup)        0.168 (comm)        0.001 (pade)        0.001 (series)        0.160 (mix)        0.000 (add) 
Cl( 4, 3) in Cl( 4, 3) CPU =        0.050 ms (setup)        0.830 (comm)        0.005 (pade)        0.003 (series)        0.806 (mix)        0.001 (add) 
Cl( 4, 4) in Cl( 4, 4) CPU =        0.102 ms (setup)        1.363 (comm)        0.005 (pade)        0.003 (series)        1.335 (mix)        0.001 (add) 
Cl( 1, 0) in Cl( 4, 4) CPU =        0.002 ms (setup)        0.019 (comm)        0.005 (pade)        0.002 (series)        0.016 (mix)        0.000 (add) 
Cl( 1, 1) in Cl( 4, 4) CPU =        0.003 ms (setup)        0.034 (comm)        0.004 (pade)        0.002 (series)        0.032 (mix)        0.001 (add) 
Cl( 2, 1) in Cl( 4, 4) CPU =        0.007 ms (setup)        0.057 (comm)        0.004 (pade)        0.002 (series)        0.056 (mix)        0.001 (add) 
Cl( 2, 2) in Cl( 4, 4) CPU =        0.011 ms (setup)        0.074 (comm)        0.004 (pade)        0.002 (series)        0.070 (mix)        0.001 (add) 
Cl( 3, 2) in Cl( 4, 4) CPU =        0.032 ms (setup)        0.165 (comm)        0.004 (pade)        0.002 (series)        0.157 (mix)        0.001 (add) 
Cl( 3, 3) in Cl( 4, 4) CPU =        0.073 ms (setup)        0.255 (comm)        0.005 (pade)        0.002 (series)        0.247 (mix)        0.000 (add) 
Cl( 4, 3) in Cl( 4, 4) CPU =        0.183 ms (setup)        0.883 (comm)        0.005 (pade)        0.003 (series)        0.859 (mix)        0.001 (add) 
Cl( 4, 4) in Cl( 4, 4) CPU =        0.103 ms (setup)        1.365 (comm)        0.005 (pade)        0.002 (series)        1.336 (mix)        0.001 (add) 
Fill: 1
Cl( 1, 0) in Cl( 1, 0) CPU =        0.001 ms (setup)        0.005 (comm)        0.001 (pade)        0.003 (series)        0.004 (mix)        0.001 (add) 
Cl( 1, 1) in Cl( 1, 1) CPU =        0.001 ms (setup)        0.007 (comm)        0.001 (pade)        0.001 (series)        0.007 (mix)        0.000 (add) 
Cl( 2, 1) in Cl( 2, 1) CPU =        0.002 ms (setup)        0.023 (comm)        0.001 (pade)        0.001 (series)        0.021 (mix)        0.001 (add) 
Cl( 2, 2) in Cl( 2, 2) CPU =        0.004 ms (setup)        0.036 (comm)        0.001 (pade)        0.001 (series)        0.034 (mix)        0.000 (add) 
Cl( 3, 2) in Cl( 3, 2) CPU =        0.013 ms (setup)        0.133 (comm)        0.002 (pade)        0.002 (series)        0.128 (mix)        0.001 (add) 
Cl( 3, 3) in Cl( 3, 3) CPU =        0.025 ms (setup)        0.220 (comm)        0.002 (pade)        0.001 (series)        0.213 (mix)        0.000 (add) 
Cl( 4, 3) in Cl( 4, 3) CPU =        0.067 ms (setup)        0.982 (comm)        0.005 (pade)        0.003 (series)        0.968 (mix)        0.000 (add) 
Cl( 4, 4) in Cl( 4, 4) CPU =        0.132 ms (setup)        1.540 (comm)        0.005 (pade)        0.003 (series)        1.518 (mix)        0.001 (add) 
Cl( 1, 0) in Cl( 4, 4) CPU =        0.003 ms (setup)        0.032 (comm)        0.005 (pade)        0.003 (series)        0.030 (mix)        0.001 (add) 
Cl( 1, 1) in Cl( 4, 4) CPU =        0.003 ms (setup)        0.044 (comm)        0.004 (pade)        0.002 (series)        0.042 (mix)        0.000 (add) 
Cl( 2, 1) in Cl( 4, 4) CPU =        0.007 ms (setup)        0.067 (comm)        0.005 (pade)        0.002 (series)        0.065 (mix)        0.001 (add) 
Cl( 2, 2) in Cl( 4, 4) CPU =        0.019 ms (setup)        0.097 (comm)        0.004 (pade)        0.002 (series)        0.096 (mix)        0.000 (add) 
Cl( 3, 2) in Cl( 4, 4) CPU =        0.046 ms (setup)        0.206 (comm)        0.005 (pade)        0.002 (series)        0.200 (mix)        0.000 (add) 
Cl( 3, 3) in Cl( 4, 4) CPU =        0.086 ms (setup)        0.331 (comm)        0.005 (pade)        0.003 (series)        0.324 (mix)        0.000 (add) 
Cl( 4, 3) in Cl( 4, 4) CPU =        0.226 ms (setup)        1.042 (comm)        0.005 (pade)        0.002 (series)        1.028 (mix)        0.001 (add) 
Cl( 4, 4) in Cl( 4, 4) CPU =        0.132 ms (setup)        1.538 (comm)        0.005 (pade)        0.002 (series)        1.522 (mix)        0.001 (add) 

framed_multi<double>
Clifford algebra expressions test:
Fill: 0.5
Cl( 1, 0) in Cl( 1, 0) CPU =        0.001 ms (setup)        0.002 (comm)        0.011 (pade)        0.003 (series)        0.001 (mix)        0.002 (add) 
Cl( 1, 1) in Cl( 1, 1) CPU =        0.000 ms (setup)        0.001 (comm)        0.002 (pade)        0.002 (series)        0.001 (mix)        0.001 (add) 
Cl( 2, 1) in Cl( 2, 1) CPU =        0.001 ms (setup)        0.004 (comm)        0.005 (pade)        0.005 (series)        0.002 (mix)        0.001 (add) 
Cl( 2, 2) in Cl( 2, 2) CPU =        0.002 ms (setup)        0.006 (comm)        0.006 (pade)        0.007 (series)        0.002 (mix)        0.001 (add) 
Cl( 3, 2) in Cl( 3, 2) CPU =        0.003 ms (setup)        0.015 (comm)        0.029 (pade)        0.021 (series)        0.004 (mix)        0.002 (add) 
Cl( 3, 3) in Cl( 3, 3) CPU =        0.007 ms (setup)        0.033 (comm)        0.036 (pade)        0.051 (series)        0.009 (mix)        0.004 (add) 
Cl( 4, 3) in Cl( 4, 3) CPU =        0.013 ms (setup)        0.093 (comm)        0.134 (pade)        0.135 (series)        0.029 (mix)        0.005 (add) 
Cl( 4, 4) in Cl( 4, 4) CPU =        0.026 ms (setup)        0.433 (comm)        0.185 (pade)        0.690 (series)        0.103 (mix)        0.009 (add) 
Cl( 5, 4) in Cl( 5, 4) CPU =        0.052 ms (setup)        1.498 (comm)        0.643 (pade)        2.471 (series)        0.298 (mix)        0.017 (add) 
Cl( 5, 5) in Cl( 5, 5) CPU =        0.108 ms (setup)        2.490 (comm)        0.917 (pade)        3.539 (series)        0.795 (mix)        0.035 (add) 
Cl( 6, 5) in Cl( 6, 5) CPU =        0.227 ms (setup)        8.293 (comm)        3.305 (pade)       12.677 (series)        2.239 (mix)        0.076 (add) 
Cl( 6, 6) in Cl( 6, 6) CPU =        0.466 ms (setup)       14.936 (comm)        4.644 (pade)       17.970 (series)        6.598 (mix)        0.149 (add) 
Cl( 7, 6) in Cl( 7, 6) CPU =        0.952 ms (setup)       48.191 (comm)       16.104 (pade)       62.003 (series)       19.188 (mix)        0.326 (add) 
Cl( 7, 7) in Cl( 7, 7) CPU =        1.954 ms (setup)       96.308 (comm)       22.753 (pade)       88.609 (series)       56.319 (mix)        0.652 (add) 
Cl( 8, 7) in Cl( 8, 7) CPU =        3.896 ms (setup)      311.197 (comm)       82.019 (pade)      311.659 (series)      167.081 (mix)        1.367 (add) 
Cl( 8, 8) in Cl( 8, 8) CPU =        7.920 ms (setup)      704.952 (comm)      118.198 (pade)      453.187 (series)      503.325 (mix)        2.928 (add) 
Cl( 1, 0) in Cl( 8, 8) CPU =        0.001 ms (setup)        0.001 (comm)        0.003 (pade)        0.001 (series)        0.000 (mix)        0.001 (add) 
Cl( 1, 1) in Cl( 8, 8) CPU =        0.001 ms (setup)        0.003 (comm)        0.002 (pade)        0.003 (series)        0.001 (mix)        0.001 (add) 
Cl( 2, 1) in Cl( 8, 8) CPU =        0.001 ms (setup)        0.004 (comm)        0.005 (pade)        0.004 (series)        0.001 (mix)        0.001 (add) 
Cl( 2, 2) in Cl( 8, 8) CPU =        0.002 ms (setup)        0.005 (comm)        0.005 (pade)        0.006 (series)        0.002 (mix)        0.002 (add) 
Cl( 3, 2) in Cl( 8, 8) CPU =        0.003 ms (setup)        0.012 (comm)        0.026 (pade)        0.012 (series)        0.003 (mix)        0.002 (add) 
Cl( 3, 3) in Cl( 8, 8) CPU =        0.005 ms (setup)        0.034 (comm)        0.035 (pade)        0.048 (series)        0.009 (mix)        0.003 (add) 
Cl( 4, 3) in Cl( 8, 8) CPU =        0.013 ms (setup)        0.097 (comm)        0.135 (pade)        0.128 (series)        0.030 (mix)        0.005 (add) 
Cl( 4, 4) in Cl( 8, 8) CPU =        0.026 ms (setup)        0.423 (comm)        0.179 (pade)        0.677 (series)        0.100 (mix)        0.009 (add) 
Cl( 5, 4) in Cl( 8, 8) CPU =        0.053 ms (setup)        1.472 (comm)        0.648 (pade)        2.442 (series)        0.283 (mix)        0.017 (add) 
Cl( 5, 5) in Cl( 8, 8) CPU =        0.110 ms (setup)        2.410 (comm)        0.893 (pade)        3.445 (series)        0.773 (mix)        0.031 (add) 
Cl( 6, 5) in Cl( 8, 8) CPU =        0.226 ms (setup)        8.276 (comm)        3.243 (pade)       12.624 (series)        2.279 (mix)        0.074 (add) 
Cl( 6, 6) in Cl( 8, 8) CPU =        0.460 ms (setup)       14.758 (comm)        4.588 (pade)       17.883 (series)        6.519 (mix)        0.149 (add) 
Cl( 7, 6) in Cl( 8, 8) CPU =        0.950 ms (setup)       48.102 (comm)       15.918 (pade)       61.535 (series)       19.238 (mix)        0.325 (add) 
Cl( 7, 7) in Cl( 8, 8) CPU =        1.964 ms (setup)       96.953 (comm)       22.822 (pade)       88.608 (series)       56.767 (mix)        0.662 (add) 
Cl( 8, 7) in Cl( 8, 8) CPU =        3.918 ms (setup)      312.766 (comm)       82.219 (pade)      312.406 (series)      168.698 (mix)        1.421 (add) 
Cl( 8, 8) in Cl( 8, 8) CPU =        7.899 ms (setup)      699.412 (comm)      117.963 (pade)      453.519 (series)      497.439 (mix)        2.946 (add) 
Fill: 1
Cl( 1, 0) in Cl( 1, 0) CPU =        0.001 ms (setup)        0.002 (comm)        0.003 (pade)        0.003 (series)        0.001 (mix)        0.001 (add) 
Cl( 1, 1) in Cl( 1, 1) CPU =        0.001 ms (setup)        0.003 (comm)        0.003 (pade)        0.003 (series)        0.001 (mix)        0.001 (add) 
Cl( 2, 1) in Cl( 2, 1) CPU =        0.001 ms (setup)        0.004 (comm)        0.005 (pade)        0.005 (series)        0.001 (mix)        0.001 (add) 
Cl( 2, 2) in Cl( 2, 2) CPU =        0.002 ms (setup)        0.007 (comm)        0.007 (pade)        0.009 (series)        0.003 (mix)        0.001 (add) 
Cl( 3, 2) in Cl( 3, 2) CPU =        0.004 ms (setup)        0.018 (comm)        0.028 (pade)        0.024 (series)        0.005 (mix)        0.002 (add) 
Cl( 3, 3) in Cl( 3, 3) CPU =        0.008 ms (setup)        0.053 (comm)        0.040 (pade)        0.071 (series)        0.013 (mix)        0.004 (add) 
Cl( 4, 3) in Cl( 4, 3) CPU =        0.018 ms (setup)        0.165 (comm)        0.146 (pade)        0.230 (series)        0.039 (mix)        0.005 (add) 
Cl( 4, 4) in Cl( 4, 4) CPU =        0.036 ms (setup)        0.503 (comm)        0.201 (pade)        0.778 (series)        0.102 (mix)        0.011 (add) 
Cl( 5, 4) in Cl( 5, 4) CPU =        0.074 ms (setup)        1.690 (comm)        0.706 (pade)        2.718 (series)        0.280 (mix)        0.021 (add) 
Cl( 5, 5) in Cl( 5, 5) CPU =        0.151 ms (setup)        2.835 (comm)        1.037 (pade)        4.034 (series)        0.726 (mix)        0.041 (add) 
Cl( 6, 5) in Cl( 6, 5) CPU =        0.310 ms (setup)        9.245 (comm)        3.700 (pade)       14.375 (series)        1.994 (mix)        0.083 (add) 
Cl( 6, 6) in Cl( 6, 6) CPU =        0.640 ms (setup)       16.268 (comm)        5.508 (pade)       21.660 (series)        5.407 (mix)        0.171 (add) 
Cl( 7, 6) in Cl( 7, 6) CPU =        1.370 ms (setup)       51.247 (comm)       18.423 (pade)       72.002 (series)       15.262 (mix)        0.345 (add) 
Cl( 7, 7) in Cl( 7, 7) CPU =        2.900 ms (setup)       99.906 (comm)       27.976 (pade)      110.055 (series)       44.522 (mix)        0.685 (add) 
Cl( 8, 7) in Cl( 8, 7) CPU =        5.677 ms (setup)      315.238 (comm)       96.445 (pade)      370.253 (series)      130.666 (mix)        1.515 (add) 
Cl( 8, 8) in Cl( 8, 8) CPU =       11.847 ms (setup)      671.255 (comm)      148.792 (pade)      577.843 (series)      382.240 (mix)        3.163 (add) 
Cl( 1, 0) in Cl( 8, 8) CPU =        0.001 ms (setup)        0.002 (comm)        0.003 (pade)        0.003 (series)        0.001 (mix)        0.002 (add) 
Cl( 1, 1) in Cl( 8, 8) CPU =        0.001 ms (setup)        0.003 (comm)        0.002 (pade)        0.003 (series)        0.001 (mix)        0.001 (add) 
Cl( 2, 1) in Cl( 8, 8) CPU =        0.001 ms (setup)        0.004 (comm)        0.005 (pade)        0.005 (series)        0.002 (mix)        0.001 (add) 
Cl( 2, 2) in Cl( 8, 8) CPU =        0.002 ms (setup)        0.007 (comm)        0.007 (pade)        0.009 (series)        0.003 (mix)        0.001 (add) 
Cl( 3, 2) in Cl( 8, 8) CPU =        0.004 ms (setup)        0.019 (comm)        0.029 (pade)        0.024 (series)        0.005 (mix)        0.002 (add) 
Cl( 3, 3) in Cl( 8, 8) CPU =        0.009 ms (setup)        0.053 (comm)        0.040 (pade)        0.071 (series)        0.013 (mix)        0.003 (add) 
Cl( 4, 3) in Cl( 8, 8) CPU =        0.017 ms (setup)        0.160 (comm)        0.145 (pade)        0.227 (series)        0.036 (mix)        0.005 (add) 
Cl( 4, 4) in Cl( 8, 8) CPU =        0.036 ms (setup)        0.501 (comm)        0.200 (pade)        0.778 (series)        0.103 (mix)        0.011 (add) 
Cl( 5, 4) in Cl( 8, 8) CPU =        0.073 ms (setup)        1.692 (comm)        0.706 (pade)        2.716 (series)        0.282 (mix)        0.021 (add) 
Cl( 5, 5) in Cl( 8, 8) CPU =        0.151 ms (setup)        2.839 (comm)        1.032 (pade)        4.035 (series)        0.727 (mix)        0.041 (add) 
Cl( 6, 5) in Cl( 8, 8) CPU =        0.311 ms (setup)        9.239 (comm)        3.695 (pade)       14.433 (series)        1.994 (mix)        0.083 (add) 
Cl( 6, 6) in Cl( 8, 8) CPU =        0.642 ms (setup)       16.275 (comm)        5.506 (pade)       21.683 (series)        5.405 (mix)        0.171 (add) 
Cl( 7, 6) in Cl( 8, 8) CPU =        1.371 ms (setup)       51.233 (comm)       18.433 (pade)       72.081 (series)       15.264 (mix)        0.345 (add) 
Cl( 7, 7) in Cl( 8, 8) CPU =        2.913 ms (setup)       99.978 (comm)       27.956 (pade)      110.103 (series)       44.532 (mix)        0.687 (add) 
Cl( 8, 7) in Cl( 8, 8) CPU =        5.668 ms (setup)      315.195 (comm)       96.469 (pade)      370.197 (series)      130.639 (mix)        1.517 (add) 
Cl( 8, 8) in Cl( 8, 8) CPU =       11.841 ms (setup)      671.089 (comm)      148.834 (pade)      577.939 (series)      382.344 (mix)        3.162 (add) 

matrix_multi<double>
Clifford algebra expressions test:
Fill: 0.5
Cl( 1, 0) in Cl( 1, 0) CPU =        0.002 ms (setup)        0.005 (comm)        0.001 (pade)        0.002 (series)        0.003 (mix)        0.001 (add) 
Cl( 1, 1) in Cl( 1, 1) CPU =        0.001 ms (setup)        0.005 (comm)        0.001 (pade)        0.001 (series)        0.004 (mix)        0.001 (add) 
Cl( 2, 1) in Cl( 2, 1) CPU =        0.007 ms (setup)        0.018 (comm)        0.001 (pade)        0.001 (series)        0.016 (mix)        0.000 (add) 
Cl( 2, 2) in Cl( 2, 2) CPU =        0.003 ms (setup)        0.029 (comm)        0.001 (pade)        0.001 (series)        0.027 (mix)        0.000 (add) 
Cl( 3, 2) in Cl( 3, 2) CPU =        0.017 ms (setup)        0.105 (comm)        0.002 (pade)        0.001 (series)        0.101 (mix)        0.001 (add) 
Cl( 3, 3) in Cl( 3, 3) CPU =        0.021 ms (setup)        0.175 (comm)        0.002 (pade)        0.001 (series)        0.168 (mix)        0.001 (add) 
Cl( 4, 3) in Cl( 4, 3) CPU =        0.054 ms (setup)        0.842 (comm)        0.005 (pade)        0.004 (series)        0.820 (mix)        0.001 (add) 
Cl( 4, 4) in Cl( 4, 4) CPU =        0.102 ms (setup)        1.295 (comm)        0.005 (pade)        0.004 (series)        1.276 (mix)        0.001 (add) 
Cl( 5, 4) in Cl( 5, 4) CPU =        0.245 ms (setup)        4.971 (comm)        0.020 (pade)        0.015 (series)        4.954 (mix)        0.001 (add) 
Cl( 5, 5) in Cl( 5, 5) CPU =        0.482 ms (setup)        7.724 (comm)        0.020 (pade)        0.015 (series)        7.708 (mix)        0.002 (add) 
Cl( 6, 5) in Cl( 6, 5) CPU =        1.138 ms (setup)       29.870 (comm)        0.098 (pade)        0.077 (series)       29.802 (mix)        0.005 (add) 
Cl( 6, 6) in Cl( 6, 6) CPU =        2.271 ms (setup)       42.058 (comm)        0.098 (pade)        0.077 (series)       41.957 (mix)        0.005 (add) 
Cl( 7, 6) in Cl( 7, 6) CPU =        5.389 ms (setup)      171.775 (comm)        0.561 (pade)        0.483 (series)      171.454 (mix)        0.030 (add) 
Cl( 7, 7) in Cl( 7, 7) CPU =       10.777 ms (setup)      231.196 (comm)        0.557 (pade)        0.482 (series)      230.866 (mix)        0.030 (add) 
Cl( 8, 7) in Cl( 8, 7) CPU =       25.741 ms (setup)     1034.874 (comm)        4.518 (pade)        3.252 (series)     1032.704 (mix)        0.120 (add) 
Cl( 8, 8) in Cl( 8, 8) CPU =       51.922 ms (setup)     1344.635 (comm)        4.551 (pade)        3.312 (series)     1344.363 (mix)        0.120 (add) 
Cl( 1, 0) in Cl( 8, 8) CPU =        0.014 ms (setup)        6.590 (comm)        4.284 (pade)        3.256 (series)        4.879 (mix)        0.120 (add) 
Cl( 1, 1) in Cl( 8, 8) CPU =        0.028 ms (setup)       11.888 (comm)        4.357 (pade)        3.252 (series)       10.123 (mix)        0.120 (add) 
Cl( 2, 1) in Cl( 8, 8) CPU =        0.052 ms (setup)       28.675 (comm)        4.440 (pade)        3.251 (series)       27.515 (mix)        0.120 (add) 
Cl( 2, 2) in Cl( 8, 8) CPU =        0.113 ms (setup)       25.480 (comm)        4.446 (pade)        3.250 (series)       23.752 (mix)        0.120 (add) 
Cl( 3, 2) in Cl( 8, 8) CPU =        0.552 ms (setup)       44.979 (comm)        4.484 (pade)        3.250 (series)       43.243 (mix)        0.120 (add) 
Cl( 3, 3) in Cl( 8, 8) CPU =        0.833 ms (setup)       57.860 (comm)        4.476 (pade)        3.255 (series)       56.055 (mix)        0.120 (add) 
Cl( 4, 3) in Cl( 8, 8) CPU =        0.947 ms (setup)       90.284 (comm)        4.503 (pade)        3.252 (series)       88.550 (mix)        0.120 (add) 
Cl( 4, 4) in Cl( 8, 8) CPU =        1.135 ms (setup)       88.255 (comm)        4.503 (pade)        3.255 (series)       86.562 (mix)        0.120 (add) 
Cl( 5, 4) in Cl( 8, 8) CPU =        1.669 ms (setup)      140.675 (comm)        4.527 (pade)        3.256 (series)      139.059 (mix)        0.120 (add) 
Cl( 5, 5) in Cl( 8, 8) CPU =        2.580 ms (setup)      169.108 (comm)        4.518 (pade)        3.254 (series)      167.459 (mix)        0.120 (add) 
Cl( 6, 5) in Cl( 8, 8) CPU =        5.189 ms (setup)      232.764 (comm)        4.519 (pade)        3.258 (series)      231.295 (mix)        0.120 (add) 
Cl( 6, 6) in Cl( 8, 8) CPU =        9.470 ms (setup)      268.064 (comm)        4.564 (pade)        3.317 (series)      266.474 (mix)        0.120 (add) 
Cl( 7, 6) in Cl( 8, 8) CPU =       21.668 ms (setup)      399.428 (comm)        4.561 (pade)        3.318 (series)      397.750 (mix)        0.120 (add) 
Cl( 7, 7) in Cl( 8, 8) CPU =       41.644 ms (setup)      507.526 (comm)        4.527 (pade)        3.252 (series)      505.349 (mix)        0.119 (add) 
Cl( 8, 7) in Cl( 8, 8) CPU =       98.499 ms (setup)     1071.527 (comm)        4.517 (pade)        3.250 (series)     1070.645 (mix)        0.122 (add) 
Cl( 8, 8) in Cl( 8, 8) CPU =       51.796 ms (setup)     1334.144 (comm)        4.519 (pade)        3.252 (series)     1331.432 (mix)        0.119 (add) 
Fill: 1
Cl( 1, 0) in Cl( 1, 0) CPU =        0.001 ms (setup)        0.006 (comm)        0.001 (pade)        0.001 (series)        0.004 (mix)        0.000 (add) 
Cl( 1, 1) in Cl( 1, 1) CPU =        0.001 ms (setup)        0.007 (comm)        0.001 (pade)        0.001 (series)        0.007 (mix)        0.001 (add) 
Cl( 2, 1) in Cl( 2, 1) CPU =        0.002 ms (setup)        0.023 (comm)        0.001 (pade)        0.001 (series)        0.021 (mix)        0.001 (add) 
Cl( 2, 2) in Cl( 2, 2) CPU =        0.005 ms (setup)        0.036 (comm)        0.001 (pade)        0.001 (series)        0.035 (mix)        0.001 (add) 
Cl( 3, 2) in Cl( 3, 2) CPU =        0.013 ms (setup)        0.135 (comm)        0.002 (pade)        0.001 (series)        0.129 (mix)        0.001 (add) 
Cl( 3, 3) in Cl( 3, 3) CPU =        0.026 ms (setup)        0.217 (comm)        0.002 (pade)        0.002 (series)        0.213 (mix)        0.000 (add) 
Cl( 4, 3) in Cl( 4, 3) CPU =        0.071 ms (setup)        0.966 (comm)        0.005 (pade)        0.005 (series)        0.950 (mix)        0.001 (add) 
Cl( 4, 4) in Cl( 4, 4) CPU =        0.138 ms (setup)        1.483 (comm)        0.005 (pade)        0.004 (series)        1.472 (mix)        0.001 (add) 
Cl( 5, 4) in Cl( 5, 4) CPU =        0.345 ms (setup)        5.662 (comm)        0.021 (pade)        0.015 (series)        5.631 (mix)        0.002 (add) 
Cl( 5, 5) in Cl( 5, 5) CPU =        0.705 ms (setup)        8.441 (comm)        0.021 (pade)        0.015 (series)        8.427 (mix)        0.002 (add) 
Cl( 6, 5) in Cl( 6, 5) CPU =        1.728 ms (setup)       32.103 (comm)        0.098 (pade)        0.077 (series)       32.081 (mix)        0.005 (add) 
Cl( 6, 6) in Cl( 6, 6) CPU =        3.533 ms (setup)       45.669 (comm)        0.098 (pade)        0.077 (series)       45.623 (mix)        0.005 (add) 
Cl( 7, 6) in Cl( 7, 6) CPU =        8.837 ms (setup)      182.477 (comm)        0.554 (pade)        0.482 (series)      182.078 (mix)        0.030 (add) 
Cl( 7, 7) in Cl( 7, 7) CPU =       17.806 ms (setup)      250.631 (comm)        0.557 (pade)        0.482 (series)      250.317 (mix)        0.030 (add) 
Cl( 8, 7) in Cl( 8, 7) CPU =       44.452 ms (setup)     1336.589 (comm)        4.527 (pade)        3.250 (series)     1267.135 (mix)        0.120 (add) 
Cl( 8, 8) in Cl( 8, 8) CPU =       90.736 ms (setup)     1452.168 (comm)        4.517 (pade)        3.249 (series)     1450.175 (mix)        0.120 (add) 
Cl( 1, 0) in Cl( 8, 8) CPU =        0.017 ms (setup)       12.039 (comm)        4.377 (pade)        3.254 (series)       10.323 (mix)        0.120 (add) 
Cl( 1, 1) in Cl( 8, 8) CPU =        0.034 ms (setup)       18.965 (comm)        4.364 (pade)        3.249 (series)       17.207 (mix)        0.120 (add) 
Cl( 2, 1) in Cl( 8, 8) CPU =        0.075 ms (setup)       28.745 (comm)        4.438 (pade)        3.248 (series)       26.974 (mix)        0.120 (add) 
Cl( 2, 2) in Cl( 8, 8) CPU =        0.780 ms (setup)       41.349 (comm)        4.439 (pade)        3.251 (series)       39.690 (mix)        0.120 (add) 
Cl( 3, 2) in Cl( 8, 8) CPU =        0.805 ms (setup)       57.406 (comm)        4.476 (pade)        3.252 (series)       55.635 (mix)        0.119 (add) 
Cl( 3, 3) in Cl( 8, 8) CPU =        0.855 ms (setup)       78.212 (comm)        4.483 (pade)        3.254 (series)       76.442 (mix)        0.120 (add) 
Cl( 4, 3) in Cl( 8, 8) CPU =        1.027 ms (setup)      103.502 (comm)        4.513 (pade)        3.260 (series)      101.758 (mix)        0.120 (add) 
Cl( 4, 4) in Cl( 8, 8) CPU =        1.272 ms (setup)      129.529 (comm)        4.511 (pade)        3.258 (series)      128.103 (mix)        0.120 (add) 
Cl( 5, 4) in Cl( 8, 8) CPU =        2.019 ms (setup)      162.197 (comm)        4.511 (pade)        3.250 (series)      159.635 (mix)        0.120 (add) 
Cl( 5, 5) in Cl( 8, 8) CPU =        3.222 ms (setup)      191.004 (comm)        4.513 (pade)        3.260 (series)      189.380 (mix)        0.120 (add) 
Cl( 6, 5) in Cl( 8, 8) CPU =        6.875 ms (setup)      245.893 (comm)        4.531 (pade)        3.262 (series)      244.267 (mix)        0.119 (add) 
Cl( 6, 6) in Cl( 8, 8) CPU =       12.812 ms (setup)      287.494 (comm)        4.527 (pade)        3.260 (series)      285.952 (mix)        0.119 (add) 
Cl( 7, 6) in Cl( 8, 8) CPU =       30.084 ms (setup)      441.846 (comm)        4.526 (pade)        3.260 (series)      440.261 (mix)        0.120 (add) 
Cl( 7, 7) in Cl( 8, 8) CPU =       58.589 ms (setup)      539.726 (comm)        4.531 (pade)        3.263 (series)      537.913 (mix)        0.124 (add) 
Cl( 8, 7) in Cl( 8, 8) CPU =      141.768 ms (setup)     1125.888 (comm)        4.527 (pade)        3.255 (series)     1125.834 (mix)        0.121 (add) 
Cl( 8, 8) in Cl( 8, 8) CPU =       90.910 ms (setup)     1453.416 (comm)        4.516 (pade)        3.252 (series)     1448.414 (mix)        0.120 (add) 
