expressions/expressions
	linux-vdso.so.1 (0x0000fffef92cc000)
	libopenblas.so.0 => /lib64/libopenblas.so.0 (0x0000fffef7f20000)
	libstdc++.so.6 => /lib64/libstdc++.so.6 (0x0000fffef7c70000)
	libm.so.6 => /lib64/libm.so.6 (0x0000fffef7ba0000)
	libgomp.so.1 => /lib64/libgomp.so.1 (0x0000fffef7b20000)
	libgcc_s.so.1 => /lib64/libgcc_s.so.1 (0x0000fffef7ae0000)
	libc.so.6 => /lib64/libc.so.6 (0x0000fffef7910000)
	libgfortran.so.5 => /lib64/libgfortran.so.5 (0x0000fffef7740000)
	/lib/ld-linux-aarch64.so.1 (0x0000fffef92d0000)
gfft_test/gfft_test
	linux-vdso.so.1 (0x0000ffffbaa8c000)
	libopenblas.so.0 => /lib64/libopenblas.so.0 (0x0000ffffb96e0000)
	libstdc++.so.6 => /lib64/libstdc++.so.6 (0x0000ffffb9430000)
	libm.so.6 => /lib64/libm.so.6 (0x0000ffffb9360000)
	libgomp.so.1 => /lib64/libgomp.so.1 (0x0000ffffb92e0000)
	libgcc_s.so.1 => /lib64/libgcc_s.so.1 (0x0000ffffb92a0000)
	libc.so.6 => /lib64/libc.so.6 (0x0000ffffb90d0000)
	libgfortran.so.5 => /lib64/libgfortran.so.5 (0x0000ffffb8f00000)
	/lib/ld-linux-aarch64.so.1 (0x0000ffffbaa90000)
products/products
	linux-vdso.so.1 (0x0000ffffa0cdc000)
	libopenblas.so.0 => /lib64/libopenblas.so.0 (0x0000ffff9f930000)
	libstdc++.so.6 => /lib64/libstdc++.so.6 (0x0000ffff9f680000)
	libm.so.6 => /lib64/libm.so.6 (0x0000ffff9f5b0000)
	libgomp.so.1 => /lib64/libgomp.so.1 (0x0000ffff9f530000)
	libgcc_s.so.1 => /lib64/libgcc_s.so.1 (0x0000ffff9f4f0000)
	libc.so.6 => /lib64/libc.so.6 (0x0000ffff9f320000)
	libgfortran.so.5 => /lib64/libgfortran.so.5 (0x0000ffff9f150000)
	/lib/ld-linux-aarch64.so.1 (0x0000ffffa0ce0000)
squaring/squaring
	linux-vdso.so.1 (0x0000ffff8c8cc000)
	libopenblas.so.0 => /lib64/libopenblas.so.0 (0x0000ffff8b520000)
	libstdc++.so.6 => /lib64/libstdc++.so.6 (0x0000ffff8b270000)
	libm.so.6 => /lib64/libm.so.6 (0x0000ffff8b1a0000)
	libgomp.so.1 => /lib64/libgomp.so.1 (0x0000ffff8b120000)
	libgcc_s.so.1 => /lib64/libgcc_s.so.1 (0x0000ffff8b0e0000)
	libc.so.6 => /lib64/libc.so.6 (0x0000ffff8af10000)
	libgfortran.so.5 => /lib64/libgfortran.so.5 (0x0000ffff8ad40000)
	/lib/ld-linux-aarch64.so.1 (0x0000ffff8c8d0000)
transforms/transforms
	linux-vdso.so.1 (0x0000ffff5316c000)
	libopenblas.so.0 => /lib64/libopenblas.so.0 (0x0000ffff51dc0000)
	libstdc++.so.6 => /lib64/libstdc++.so.6 (0x0000ffff51b10000)
	libm.so.6 => /lib64/libm.so.6 (0x0000ffff51a40000)
	libgomp.so.1 => /lib64/libgomp.so.1 (0x0000ffff519c0000)
	libgcc_s.so.1 => /lib64/libgcc_s.so.1 (0x0000ffff51980000)
	libc.so.6 => /lib64/libc.so.6 (0x0000ffff517b0000)
	libgfortran.so.5 => /lib64/libgfortran.so.5 (0x0000ffff515e0000)
	/lib/ld-linux-aarch64.so.1 (0x0000ffff53170000)
versor/versor
	linux-vdso.so.1 (0x0000ffffbc37c000)
	libopenblas.so.0 => /lib64/libopenblas.so.0 (0x0000ffffbafd0000)
	libstdc++.so.6 => /lib64/libstdc++.so.6 (0x0000ffffbad20000)
	libm.so.6 => /lib64/libm.so.6 (0x0000ffffbac50000)
	libgomp.so.1 => /lib64/libgomp.so.1 (0x0000ffffbabd0000)
	libgcc_s.so.1 => /lib64/libgcc_s.so.1 (0x0000ffffbab90000)
	libc.so.6 => /lib64/libc.so.6 (0x0000ffffba9c0000)
	libgfortran.so.5 => /lib64/libgfortran.so.5 (0x0000ffffba7f0000)
	/lib/ld-linux-aarch64.so.1 (0x0000ffffbc380000)
