
framed_multi<float,-4,4>
Clifford algebra products test:
Fill: 0.5
Cl( 1, 0) in Cl( 1, 0) CPU =        0.001 ms (setup)        0.001 (*)        0.002 (^)        0.001 (&)        0.001 (%) 
Cl( 1, 1) in Cl( 1, 1) CPU =        0.001 ms (setup)        0.001 (*)        0.001 (^)        0.000 (&)        0.001 (%) 
Cl( 2, 1) in Cl( 2, 1) CPU =        0.001 ms (setup)        0.002 (*)        0.001 (^)        0.001 (&)        0.001 (%) 
Cl( 2, 2) in Cl( 2, 2) CPU =        0.001 ms (setup)        0.002 (*)        0.002 (^)        0.001 (&)        0.001 (%) 
Cl( 3, 2) in Cl( 3, 2) CPU =        0.002 ms (setup)        0.003 (*)        0.003 (^)        0.002 (&)        0.002 (%) 
Cl( 3, 3) in Cl( 3, 3) CPU =        0.004 ms (setup)        0.008 (*)        0.006 (^)        0.003 (&)        0.003 (%) 
Cl( 4, 3) in Cl( 4, 3) CPU =        0.007 ms (setup)        0.023 (*)        0.018 (^)        0.010 (&)        0.007 (%) 
Cl( 4, 4) in Cl( 4, 4) CPU =        0.013 ms (setup)        0.166 (*)        0.046 (^)        0.030 (&)        0.018 (%) 
Cl( 1, 0) in Cl( 4, 4) CPU =        0.001 ms (setup)        0.000 (*)        0.000 (^)        0.001 (&)        0.000 (%) 
Cl( 1, 1) in Cl( 4, 4) CPU =        0.001 ms (setup)        0.000 (*)        0.001 (^)        0.001 (&)        0.000 (%) 
Cl( 2, 1) in Cl( 4, 4) CPU =        0.001 ms (setup)        0.001 (*)        0.001 (^)        0.000 (&)        0.001 (%) 
Cl( 2, 2) in Cl( 4, 4) CPU =        0.001 ms (setup)        0.001 (*)        0.002 (^)        0.001 (&)        0.001 (%) 
Cl( 3, 2) in Cl( 4, 4) CPU =        0.002 ms (setup)        0.003 (*)        0.003 (^)        0.002 (&)        0.002 (%) 
Cl( 3, 3) in Cl( 4, 4) CPU =        0.004 ms (setup)        0.007 (*)        0.007 (^)        0.003 (&)        0.003 (%) 
Cl( 4, 3) in Cl( 4, 4) CPU =        0.007 ms (setup)        0.024 (*)        0.016 (^)        0.011 (&)        0.007 (%) 
Cl( 4, 4) in Cl( 4, 4) CPU =        0.013 ms (setup)        0.163 (*)        0.050 (^)        0.033 (&)        0.018 (%) 
Fill: 1
Cl( 1, 0) in Cl( 1, 0) CPU =        0.001 ms (setup)        0.001 (*)        0.002 (^)        0.001 (&)        0.000 (%) 
Cl( 1, 1) in Cl( 1, 1) CPU =        0.001 ms (setup)        0.001 (*)        0.001 (^)        0.001 (&)        0.001 (%) 
Cl( 2, 1) in Cl( 2, 1) CPU =        0.001 ms (setup)        0.001 (*)        0.001 (^)        0.001 (&)        0.001 (%) 
Cl( 2, 2) in Cl( 2, 2) CPU =        0.002 ms (setup)        0.002 (*)        0.002 (^)        0.001 (&)        0.001 (%) 
Cl( 3, 2) in Cl( 3, 2) CPU =        0.002 ms (setup)        0.005 (*)        0.003 (^)        0.003 (&)        0.002 (%) 
Cl( 3, 3) in Cl( 3, 3) CPU =        0.005 ms (setup)        0.015 (*)        0.006 (^)        0.005 (&)        0.004 (%) 
Cl( 4, 3) in Cl( 4, 3) CPU =        0.009 ms (setup)        0.050 (*)        0.013 (^)        0.014 (&)        0.011 (%) 
Cl( 4, 4) in Cl( 4, 4) CPU =        0.019 ms (setup)        0.205 (*)        0.035 (^)        0.037 (&)        0.026 (%) 
Cl( 1, 0) in Cl( 4, 4) CPU =        0.000 ms (setup)        0.001 (*)        0.001 (^)        0.000 (&)        0.000 (%) 
Cl( 1, 1) in Cl( 4, 4) CPU =        0.001 ms (setup)        0.001 (*)        0.001 (^)        0.001 (&)        0.001 (%) 
Cl( 2, 1) in Cl( 4, 4) CPU =        0.001 ms (setup)        0.001 (*)        0.001 (^)        0.001 (&)        0.001 (%) 
Cl( 2, 2) in Cl( 4, 4) CPU =        0.001 ms (setup)        0.002 (*)        0.002 (^)        0.001 (&)        0.001 (%) 
Cl( 3, 2) in Cl( 4, 4) CPU =        0.002 ms (setup)        0.005 (*)        0.003 (^)        0.003 (&)        0.003 (%) 
Cl( 3, 3) in Cl( 4, 4) CPU =        0.005 ms (setup)        0.015 (*)        0.006 (^)        0.005 (&)        0.005 (%) 
Cl( 4, 3) in Cl( 4, 4) CPU =        0.010 ms (setup)        0.049 (*)        0.013 (^)        0.013 (&)        0.010 (%) 
Cl( 4, 4) in Cl( 4, 4) CPU =        0.019 ms (setup)        0.200 (*)        0.035 (^)        0.037 (&)        0.026 (%) 

matrix_multi<float,-4,4>
Clifford algebra products test:
Fill: 0.5
Cl( 1, 0) in Cl( 1, 0) CPU =        0.008 ms (setup)        0.001 (*)        0.002 (^)        0.001 (&)        0.002 (%) 
Cl( 1, 1) in Cl( 1, 1) CPU =        0.001 ms (setup)        0.001 (*)        0.004 (^)        0.002 (&)        0.004 (%) 
Cl( 2, 1) in Cl( 2, 1) CPU =        0.002 ms (setup)        0.001 (*)        0.007 (^)        0.005 (&)        0.006 (%) 
Cl( 2, 2) in Cl( 2, 2) CPU =        0.005 ms (setup)        0.000 (*)        0.015 (^)        0.013 (&)        0.016 (%) 
Cl( 3, 2) in Cl( 3, 2) CPU =        0.011 ms (setup)        0.001 (*)        0.049 (^)        0.045 (&)        0.052 (%) 
Cl( 3, 3) in Cl( 3, 3) CPU =        0.010 ms (setup)        0.000 (*)        0.089 (^)        0.086 (&)        0.095 (%) 
Cl( 4, 3) in Cl( 4, 3) CPU =        0.026 ms (setup)        0.001 (*)        0.382 (^)        0.359 (&)        0.378 (%) 
Cl( 4, 4) in Cl( 4, 4) CPU =        0.051 ms (setup)        0.001 (*)        0.672 (^)        0.656 (&)        0.684 (%) 
Cl( 1, 0) in Cl( 4, 4) CPU =        0.002 ms (setup)        0.001 (*)        0.019 (^)        0.013 (&)        0.015 (%) 
Cl( 1, 1) in Cl( 4, 4) CPU =        0.004 ms (setup)        0.001 (*)        0.010 (^)        0.010 (&)        0.010 (%) 
Cl( 2, 1) in Cl( 4, 4) CPU =        0.004 ms (setup)        0.001 (*)        0.035 (^)        0.023 (&)        0.026 (%) 
Cl( 2, 2) in Cl( 4, 4) CPU =        0.007 ms (setup)        0.001 (*)        0.032 (^)        0.026 (&)        0.026 (%) 
Cl( 3, 2) in Cl( 4, 4) CPU =        0.021 ms (setup)        0.001 (*)        0.084 (^)        0.065 (&)        0.070 (%) 
Cl( 3, 3) in Cl( 4, 4) CPU =        0.035 ms (setup)        0.001 (*)        0.145 (^)        0.112 (&)        0.123 (%) 
Cl( 4, 3) in Cl( 4, 4) CPU =        0.089 ms (setup)        0.001 (*)        0.444 (^)        0.373 (&)        0.399 (%) 
Cl( 4, 4) in Cl( 4, 4) CPU =        0.050 ms (setup)        0.001 (*)        0.629 (^)        0.636 (&)        0.635 (%) 
Fill: 1
Cl( 1, 0) in Cl( 1, 0) CPU =        0.001 ms (setup)        0.001 (*)        0.003 (^)        0.002 (&)        0.002 (%) 
Cl( 1, 1) in Cl( 1, 1) CPU =        0.001 ms (setup)        0.000 (*)        0.004 (^)        0.003 (&)        0.004 (%) 
Cl( 2, 1) in Cl( 2, 1) CPU =        0.001 ms (setup)        0.001 (*)        0.011 (^)        0.010 (&)        0.011 (%) 
Cl( 2, 2) in Cl( 2, 2) CPU =        0.003 ms (setup)        0.000 (*)        0.018 (^)        0.015 (&)        0.018 (%) 
Cl( 3, 2) in Cl( 3, 2) CPU =        0.006 ms (setup)        0.001 (*)        0.067 (^)        0.059 (&)        0.068 (%) 
Cl( 3, 3) in Cl( 3, 3) CPU =        0.012 ms (setup)        0.001 (*)        0.106 (^)        0.101 (&)        0.108 (%) 
Cl( 4, 3) in Cl( 4, 3) CPU =        0.034 ms (setup)        0.001 (*)        0.473 (^)        0.483 (&)        0.480 (%) 
Cl( 4, 4) in Cl( 4, 4) CPU =        0.069 ms (setup)        0.001 (*)        0.753 (^)        0.742 (&)        0.752 (%) 
Cl( 1, 0) in Cl( 4, 4) CPU =        0.003 ms (setup)        0.001 (*)        0.018 (^)        0.013 (&)        0.016 (%) 
Cl( 1, 1) in Cl( 4, 4) CPU =        0.002 ms (setup)        0.001 (*)        0.023 (^)        0.014 (&)        0.020 (%) 
Cl( 2, 1) in Cl( 4, 4) CPU =        0.004 ms (setup)        0.001 (*)        0.038 (^)        0.026 (&)        0.030 (%) 
Cl( 2, 2) in Cl( 4, 4) CPU =        0.010 ms (setup)        0.001 (*)        0.053 (^)        0.036 (&)        0.042 (%) 
Cl( 3, 2) in Cl( 4, 4) CPU =        0.024 ms (setup)        0.001 (*)        0.116 (^)        0.089 (&)        0.090 (%) 
Cl( 3, 3) in Cl( 4, 4) CPU =        0.044 ms (setup)        0.001 (*)        0.176 (^)        0.142 (&)        0.150 (%) 
Cl( 4, 3) in Cl( 4, 4) CPU =        0.115 ms (setup)        0.001 (*)        0.525 (^)        0.480 (&)        0.479 (%) 
Cl( 4, 4) in Cl( 4, 4) CPU =        0.068 ms (setup)        0.001 (*)        0.755 (^)        0.742 (&)        0.751 (%) 

framed_multi<double>
Clifford algebra products test:
Fill: 0.5
Cl( 1, 0) in Cl( 1, 0) CPU =        0.004 ms (setup)        0.000 (*)        0.001 (^)        0.001 (&)        0.001 (%) 
Cl( 1, 1) in Cl( 1, 1) CPU =        0.001 ms (setup)        0.000 (*)        0.000 (^)        0.000 (&)        0.000 (%) 
Cl( 2, 1) in Cl( 2, 1) CPU =        0.001 ms (setup)        0.002 (*)        0.001 (^)        0.002 (&)        0.002 (%) 
Cl( 2, 2) in Cl( 2, 2) CPU =        0.001 ms (setup)        0.002 (*)        0.001 (^)        0.002 (&)        0.002 (%) 
Cl( 3, 2) in Cl( 3, 2) CPU =        0.002 ms (setup)        0.004 (*)        0.002 (^)        0.003 (&)        0.003 (%) 
Cl( 3, 3) in Cl( 3, 3) CPU =        0.004 ms (setup)        0.010 (*)        0.005 (^)        0.007 (&)        0.006 (%) 
Cl( 4, 3) in Cl( 4, 3) CPU =        0.007 ms (setup)        0.030 (*)        0.018 (^)        0.019 (&)        0.014 (%) 
Cl( 4, 4) in Cl( 4, 4) CPU =        0.013 ms (setup)        0.157 (*)        0.054 (^)        0.050 (&)        0.038 (%) 
Cl( 5, 4) in Cl( 5, 4) CPU =        0.028 ms (setup)        0.578 (*)        0.151 (^)        0.135 (&)        0.096 (%) 
Cl( 5, 5) in Cl( 5, 5) CPU =        0.054 ms (setup)        0.792 (*)        0.448 (^)        0.364 (&)        0.232 (%) 
Cl( 6, 5) in Cl( 6, 5) CPU =        0.115 ms (setup)        2.940 (*)        1.274 (^)        1.018 (&)        0.634 (%) 
Cl( 6, 6) in Cl( 6, 6) CPU =        0.234 ms (setup)        4.032 (*)        3.635 (^)        2.796 (&)        1.576 (%) 
Cl( 7, 6) in Cl( 7, 6) CPU =        0.475 ms (setup)       14.410 (*)       10.959 (^)        8.402 (&)        4.686 (%) 
Cl( 7, 7) in Cl( 7, 7) CPU =        0.965 ms (setup)       19.796 (*)       31.991 (^)       24.320 (&)       12.963 (%) 
Cl( 8, 7) in Cl( 8, 7) CPU =        1.959 ms (setup)       71.763 (*)       95.367 (^)       72.111 (&)       37.919 (%) 
Cl( 8, 8) in Cl( 8, 8) CPU =        3.954 ms (setup)       99.573 (*)      281.632 (^)      213.594 (&)      109.975 (%) 
Cl( 1, 0) in Cl( 8, 8) CPU =        0.001 ms (setup)        0.001 (*)        0.001 (^)        0.001 (&)        0.001 (%) 
Cl( 1, 1) in Cl( 8, 8) CPU =        0.001 ms (setup)        0.001 (*)        0.000 (^)        0.000 (&)        0.001 (%) 
Cl( 2, 1) in Cl( 8, 8) CPU =        0.001 ms (setup)        0.001 (*)        0.000 (^)        0.001 (&)        0.001 (%) 
Cl( 2, 2) in Cl( 8, 8) CPU =        0.001 ms (setup)        0.002 (*)        0.002 (^)        0.002 (&)        0.002 (%) 
Cl( 3, 2) in Cl( 8, 8) CPU =        0.002 ms (setup)        0.004 (*)        0.003 (^)        0.003 (&)        0.003 (%) 
Cl( 3, 3) in Cl( 8, 8) CPU =        0.004 ms (setup)        0.009 (*)        0.005 (^)        0.006 (&)        0.005 (%) 
Cl( 4, 3) in Cl( 8, 8) CPU =        0.007 ms (setup)        0.024 (*)        0.014 (^)        0.016 (&)        0.013 (%) 
Cl( 4, 4) in Cl( 8, 8) CPU =        0.013 ms (setup)        0.160 (*)        0.051 (^)        0.049 (&)        0.036 (%) 
Cl( 5, 4) in Cl( 8, 8) CPU =        0.027 ms (setup)        0.575 (*)        0.158 (^)        0.131 (&)        0.089 (%) 
Cl( 5, 5) in Cl( 8, 8) CPU =        0.054 ms (setup)        0.786 (*)        0.416 (^)        0.329 (&)        0.214 (%) 
Cl( 6, 5) in Cl( 8, 8) CPU =        0.115 ms (setup)        2.922 (*)        1.259 (^)        1.010 (&)        0.581 (%) 
Cl( 6, 6) in Cl( 8, 8) CPU =        0.227 ms (setup)        3.984 (*)        3.677 (^)        2.775 (&)        1.589 (%) 
Cl( 7, 6) in Cl( 8, 8) CPU =        0.470 ms (setup)       14.213 (*)       10.898 (^)        8.329 (&)        4.524 (%) 
Cl( 7, 7) in Cl( 8, 8) CPU =        0.961 ms (setup)       19.647 (*)       32.077 (^)       24.257 (&)       12.928 (%) 
Cl( 8, 7) in Cl( 8, 8) CPU =        1.949 ms (setup)       71.285 (*)       95.002 (^)       72.120 (&)       37.904 (%) 
Cl( 8, 8) in Cl( 8, 8) CPU =        3.963 ms (setup)       99.521 (*)      280.410 (^)      212.359 (&)      109.249 (%) 
Fill: 1
Cl( 1, 0) in Cl( 1, 0) CPU =        0.001 ms (setup)        0.001 (*)        0.001 (^)        0.011 (&)        0.001 (%) 
Cl( 1, 1) in Cl( 1, 1) CPU =        0.001 ms (setup)        0.001 (*)        0.001 (^)        0.001 (&)        0.001 (%) 
Cl( 2, 1) in Cl( 2, 1) CPU =        0.001 ms (setup)        0.002 (*)        0.001 (^)        0.002 (&)        0.001 (%) 
Cl( 2, 2) in Cl( 2, 2) CPU =        0.001 ms (setup)        0.003 (*)        0.001 (^)        0.002 (&)        0.002 (%) 
Cl( 3, 2) in Cl( 3, 2) CPU =        0.003 ms (setup)        0.007 (*)        0.004 (^)        0.004 (&)        0.004 (%) 
Cl( 3, 3) in Cl( 3, 3) CPU =        0.005 ms (setup)        0.020 (*)        0.007 (^)        0.009 (&)        0.007 (%) 
Cl( 4, 3) in Cl( 4, 3) CPU =        0.009 ms (setup)        0.061 (*)        0.018 (^)        0.022 (&)        0.018 (%) 
Cl( 4, 4) in Cl( 4, 4) CPU =        0.019 ms (setup)        0.197 (*)        0.047 (^)        0.057 (&)        0.045 (%) 
Cl( 5, 4) in Cl( 5, 4) CPU =        0.038 ms (setup)        0.687 (*)        0.132 (^)        0.149 (&)        0.110 (%) 
Cl( 5, 5) in Cl( 5, 5) CPU =        0.080 ms (setup)        1.002 (*)        0.337 (^)        0.387 (&)        0.268 (%) 
Cl( 6, 5) in Cl( 6, 5) CPU =        0.161 ms (setup)        3.564 (*)        0.907 (^)        1.048 (&)        0.689 (%) 
Cl( 6, 6) in Cl( 6, 6) CPU =        0.325 ms (setup)        5.335 (*)        2.490 (^)        2.904 (&)        1.796 (%) 
Cl( 7, 6) in Cl( 7, 6) CPU =        0.684 ms (setup)       17.750 (*)        7.024 (^)        8.437 (&)        4.904 (%) 
Cl( 7, 7) in Cl( 7, 7) CPU =        1.443 ms (setup)       27.099 (*)       20.035 (^)       24.426 (&)       13.597 (%) 
Cl( 8, 7) in Cl( 8, 7) CPU =        2.832 ms (setup)       91.460 (*)       58.001 (^)       72.754 (&)       38.990 (%) 
Cl( 8, 8) in Cl( 8, 8) CPU =        5.888 ms (setup)      143.517 (*)      169.789 (^)      213.970 (&)      112.234 (%) 
Cl( 1, 0) in Cl( 8, 8) CPU =        0.001 ms (setup)        0.001 (*)        0.001 (^)        0.001 (&)        0.001 (%) 
Cl( 1, 1) in Cl( 8, 8) CPU =        0.000 ms (setup)        0.001 (*)        0.000 (^)        0.001 (&)        0.001 (%) 
Cl( 2, 1) in Cl( 8, 8) CPU =        0.001 ms (setup)        0.002 (*)        0.001 (^)        0.001 (&)        0.001 (%) 
Cl( 2, 2) in Cl( 8, 8) CPU =        0.002 ms (setup)        0.003 (*)        0.001 (^)        0.002 (&)        0.002 (%) 
Cl( 3, 2) in Cl( 8, 8) CPU =        0.003 ms (setup)        0.007 (*)        0.003 (^)        0.004 (&)        0.004 (%) 
Cl( 3, 3) in Cl( 8, 8) CPU =        0.005 ms (setup)        0.019 (*)        0.007 (^)        0.009 (&)        0.008 (%) 
Cl( 4, 3) in Cl( 8, 8) CPU =        0.009 ms (setup)        0.063 (*)        0.019 (^)        0.022 (&)        0.018 (%) 
Cl( 4, 4) in Cl( 8, 8) CPU =        0.019 ms (setup)        0.197 (*)        0.046 (^)        0.057 (&)        0.045 (%) 
Cl( 5, 4) in Cl( 8, 8) CPU =        0.040 ms (setup)        0.682 (*)        0.128 (^)        0.148 (&)        0.111 (%) 
Cl( 5, 5) in Cl( 8, 8) CPU =        0.081 ms (setup)        1.008 (*)        0.337 (^)        0.386 (&)        0.269 (%) 
Cl( 6, 5) in Cl( 8, 8) CPU =        0.160 ms (setup)        3.558 (*)        0.906 (^)        1.049 (&)        0.684 (%) 
Cl( 6, 6) in Cl( 8, 8) CPU =        0.326 ms (setup)        5.324 (*)        2.490 (^)        2.903 (&)        1.797 (%) 
Cl( 7, 6) in Cl( 8, 8) CPU =        0.685 ms (setup)       17.765 (*)        7.019 (^)        8.435 (&)        4.908 (%) 
Cl( 7, 7) in Cl( 8, 8) CPU =        1.445 ms (setup)       27.102 (*)       20.049 (^)       24.567 (&)       13.587 (%) 
Cl( 8, 7) in Cl( 8, 8) CPU =        2.843 ms (setup)       91.466 (*)       58.014 (^)       72.064 (&)       38.848 (%) 
Cl( 8, 8) in Cl( 8, 8) CPU =        5.881 ms (setup)      143.498 (*)      169.805 (^)      213.960 (&)      112.201 (%) 

matrix_multi<double>
Clifford algebra products test:
Fill: 0.5
Cl( 1, 0) in Cl( 1, 0) CPU =        0.002 ms (setup)        0.001 (*)        0.003 (^)        0.002 (&)        0.002 (%) 
Cl( 1, 1) in Cl( 1, 1) CPU =        0.003 ms (setup)        0.000 (*)        0.002 (^)        0.002 (&)        0.002 (%) 
Cl( 2, 1) in Cl( 2, 1) CPU =        0.003 ms (setup)        0.001 (*)        0.007 (^)        0.006 (&)        0.007 (%) 
Cl( 2, 2) in Cl( 2, 2) CPU =        0.007 ms (setup)        0.001 (*)        0.013 (^)        0.015 (&)        0.015 (%) 
Cl( 3, 2) in Cl( 3, 2) CPU =        0.009 ms (setup)        0.001 (*)        0.059 (^)        0.050 (&)        0.056 (%) 
Cl( 3, 3) in Cl( 3, 3) CPU =        0.011 ms (setup)        0.001 (*)        0.092 (^)        0.080 (&)        0.088 (%) 
Cl( 4, 3) in Cl( 4, 3) CPU =        0.028 ms (setup)        0.001 (*)        0.415 (^)        0.539 (&)        0.398 (%) 
Cl( 4, 4) in Cl( 4, 4) CPU =        0.051 ms (setup)        0.001 (*)        0.622 (^)        0.617 (&)        0.629 (%) 
Cl( 5, 4) in Cl( 5, 4) CPU =        0.123 ms (setup)        0.003 (*)        2.440 (^)        2.539 (&)        2.528 (%) 
Cl( 5, 5) in Cl( 5, 5) CPU =        0.236 ms (setup)        0.003 (*)        3.586 (^)        3.788 (&)        3.748 (%) 
Cl( 6, 5) in Cl( 6, 5) CPU =        0.567 ms (setup)        0.017 (*)       14.538 (^)       15.287 (&)       14.773 (%) 
Cl( 6, 6) in Cl( 6, 6) CPU =        1.127 ms (setup)        0.017 (*)       20.264 (^)       21.582 (&)       20.755 (%) 
Cl( 7, 6) in Cl( 7, 6) CPU =        2.661 ms (setup)        0.109 (*)       79.516 (^)       86.626 (&)       80.501 (%) 
Cl( 7, 7) in Cl( 7, 7) CPU =        5.327 ms (setup)        0.109 (*)      112.757 (^)      119.975 (&)      113.646 (%) 
Cl( 8, 7) in Cl( 8, 7) CPU =       12.591 ms (setup)        0.842 (*)      768.139 (^)      567.937 (&)      485.507 (%) 
Cl( 8, 8) in Cl( 8, 8) CPU =       25.532 ms (setup)        0.844 (*)      623.303 (^)      707.778 (&)      627.919 (%) 
Cl( 1, 0) in Cl( 8, 8) CPU =        0.010 ms (setup)        0.845 (*)        1.425 (^)        1.375 (&)        1.401 (%) 
Cl( 1, 1) in Cl( 8, 8) CPU =        0.015 ms (setup)        0.847 (*)        3.165 (^)        3.129 (&)        3.156 (%) 
Cl( 2, 1) in Cl( 8, 8) CPU =        0.036 ms (setup)        0.849 (*)       10.921 (^)        6.083 (&)        8.169 (%) 
Cl( 2, 2) in Cl( 8, 8) CPU =        0.073 ms (setup)        0.849 (*)       17.069 (^)       16.521 (&)       11.853 (%) 
Cl( 3, 2) in Cl( 8, 8) CPU =        0.244 ms (setup)        0.844 (*)       17.256 (^)       10.633 (&)       11.933 (%) 
Cl( 3, 3) in Cl( 8, 8) CPU =        0.426 ms (setup)        0.844 (*)       25.601 (^)       24.808 (&)       17.149 (%) 
Cl( 4, 3) in Cl( 8, 8) CPU =        0.482 ms (setup)        0.844 (*)       48.102 (^)       46.913 (&)       30.024 (%) 
Cl( 4, 4) in Cl( 8, 8) CPU =        0.573 ms (setup)        0.844 (*)       49.754 (^)       48.298 (&)       31.384 (%) 
Cl( 5, 4) in Cl( 8, 8) CPU =        0.844 ms (setup)        0.845 (*)       94.085 (^)       77.922 (&)       57.300 (%) 
Cl( 5, 5) in Cl( 8, 8) CPU =        1.294 ms (setup)        0.844 (*)       90.421 (^)       95.353 (&)       59.388 (%) 
Cl( 6, 5) in Cl( 8, 8) CPU =        2.546 ms (setup)        0.845 (*)      115.204 (^)      124.570 (&)       80.176 (%) 
Cl( 6, 6) in Cl( 8, 8) CPU =        4.701 ms (setup)        0.843 (*)      129.001 (^)      151.182 (&)       98.580 (%) 
Cl( 7, 6) in Cl( 8, 8) CPU =       10.777 ms (setup)        0.844 (*)      224.251 (^)      227.097 (&)      176.127 (%) 
Cl( 7, 7) in Cl( 8, 8) CPU =       20.704 ms (setup)        0.843 (*)      257.771 (^)      282.837 (&)      223.044 (%) 
Cl( 8, 7) in Cl( 8, 8) CPU =       48.540 ms (setup)        0.843 (*)      507.593 (^)      567.172 (&)      484.268 (%) 
Cl( 8, 8) in Cl( 8, 8) CPU =       25.418 ms (setup)        0.846 (*)      652.031 (^)      732.327 (&)      655.481 (%) 
Fill: 1
Cl( 1, 0) in Cl( 1, 0) CPU =        0.001 ms (setup)        0.001 (*)        0.003 (^)        0.002 (&)        0.003 (%) 
Cl( 1, 1) in Cl( 1, 1) CPU =        0.001 ms (setup)        0.001 (*)        0.004 (^)        0.003 (&)        0.004 (%) 
Cl( 2, 1) in Cl( 2, 1) CPU =        0.002 ms (setup)        0.000 (*)        0.013 (^)        0.010 (&)        0.011 (%) 
Cl( 2, 2) in Cl( 2, 2) CPU =        0.003 ms (setup)        0.001 (*)        0.018 (^)        0.015 (&)        0.018 (%) 
Cl( 3, 2) in Cl( 3, 2) CPU =        0.007 ms (setup)        0.001 (*)        0.113 (^)        0.065 (&)        0.068 (%) 
Cl( 3, 3) in Cl( 3, 3) CPU =        0.013 ms (setup)        0.001 (*)        0.107 (^)        0.101 (&)        0.107 (%) 
Cl( 4, 3) in Cl( 4, 3) CPU =        0.036 ms (setup)        0.001 (*)        0.466 (^)        0.477 (&)        0.473 (%) 
Cl( 4, 4) in Cl( 4, 4) CPU =        0.069 ms (setup)        0.001 (*)        0.724 (^)        0.715 (&)        0.723 (%) 
Cl( 5, 4) in Cl( 5, 4) CPU =        0.175 ms (setup)        0.003 (*)        2.765 (^)        2.827 (&)        2.777 (%) 
Cl( 5, 5) in Cl( 5, 5) CPU =        0.352 ms (setup)        0.003 (*)        4.117 (^)        4.194 (&)        4.147 (%) 
Cl( 6, 5) in Cl( 6, 5) CPU =        0.853 ms (setup)        0.017 (*)       15.643 (^)       16.254 (&)       15.681 (%) 
Cl( 6, 6) in Cl( 6, 6) CPU =        1.739 ms (setup)        0.017 (*)       22.157 (^)       22.896 (&)       22.271 (%) 
Cl( 7, 6) in Cl( 7, 6) CPU =        4.373 ms (setup)        0.109 (*)       87.654 (^)       93.678 (&)       87.720 (%) 
Cl( 7, 7) in Cl( 7, 7) CPU =        8.813 ms (setup)        0.109 (*)      120.481 (^)      127.182 (&)      120.863 (%) 
Cl( 8, 7) in Cl( 8, 7) CPU =       21.947 ms (setup)        0.843 (*)      647.325 (^)      589.109 (&)      519.078 (%) 
Cl( 8, 8) in Cl( 8, 8) CPU =       44.895 ms (setup)        0.844 (*)      692.588 (^)      772.323 (&)      695.581 (%) 
Cl( 1, 0) in Cl( 8, 8) CPU =        0.013 ms (setup)        0.846 (*)        6.240 (^)        3.171 (&)        5.295 (%) 
Cl( 1, 1) in Cl( 8, 8) CPU =        0.021 ms (setup)        0.850 (*)       10.729 (^)        5.922 (&)        8.163 (%) 
Cl( 2, 1) in Cl( 8, 8) CPU =        0.043 ms (setup)        0.850 (*)       17.134 (^)       10.552 (&)       11.806 (%) 
Cl( 2, 2) in Cl( 8, 8) CPU =        0.403 ms (setup)        0.844 (*)       24.917 (^)       16.532 (&)       16.341 (%) 
Cl( 3, 2) in Cl( 8, 8) CPU =        0.414 ms (setup)        0.844 (*)       34.797 (^)       24.666 (&)       21.863 (%) 
Cl( 3, 3) in Cl( 8, 8) CPU =        0.439 ms (setup)        0.844 (*)       46.948 (^)       34.944 (&)       29.087 (%) 
Cl( 4, 3) in Cl( 8, 8) CPU =        0.526 ms (setup)        0.845 (*)       61.950 (^)       48.016 (&)       37.916 (%) 
Cl( 4, 4) in Cl( 8, 8) CPU =        0.647 ms (setup)        0.845 (*)       77.192 (^)       61.215 (&)       46.544 (%) 
Cl( 5, 4) in Cl( 8, 8) CPU =        1.024 ms (setup)        0.845 (*)       94.800 (^)       78.591 (&)       57.949 (%) 
Cl( 5, 5) in Cl( 8, 8) CPU =        1.613 ms (setup)        0.845 (*)      109.097 (^)       96.378 (&)       69.669 (%) 
Cl( 6, 5) in Cl( 8, 8) CPU =        3.425 ms (setup)        0.843 (*)      136.582 (^)      126.609 (&)       92.252 (%) 
Cl( 6, 6) in Cl( 8, 8) CPU =        6.367 ms (setup)        0.845 (*)      152.848 (^)      154.032 (&)      112.017 (%) 
Cl( 7, 6) in Cl( 8, 8) CPU =       14.938 ms (setup)        0.844 (*)      230.277 (^)      233.012 (&)      181.873 (%) 
Cl( 7, 7) in Cl( 8, 8) CPU =       29.050 ms (setup)        0.844 (*)      267.971 (^)      292.603 (&)      232.919 (%) 
Cl( 8, 7) in Cl( 8, 8) CPU =       70.361 ms (setup)        0.846 (*)      556.856 (^)      589.984 (&)      520.383 (%) 
Cl( 8, 8) in Cl( 8, 8) CPU =       44.951 ms (setup)        0.845 (*)      692.323 (^)      772.360 (&)      695.272 (%) 
