
framed_multi<double>
Clifford algebra squaring test:
Fill: 0.5
Cl( 1, 0) in Cl( 1, 0) CPU =        0.047 ms (setup)        0.016 (*) 
Cl( 1, 1) in Cl( 1, 1) CPU =        0.001 ms (setup)        0.001 (*) 
Cl( 2, 1) in Cl( 2, 1) CPU =        0.001 ms (setup)        0.001 (*) 
Cl( 2, 2) in Cl( 2, 2) CPU =        0.002 ms (setup)        0.004 (*) 
Cl( 3, 2) in Cl( 3, 2) CPU =        0.001 ms (setup)        0.005 (*) 
Cl( 3, 3) in Cl( 3, 3) CPU =        0.004 ms (setup)        0.016 (*) 
Cl( 4, 3) in Cl( 4, 3) CPU =        0.006 ms (setup)        0.032 (*) 
Cl( 4, 4) in Cl( 4, 4) CPU =        0.013 ms (setup)        0.292 (*) 
Cl( 5, 4) in Cl( 5, 4) CPU =        0.029 ms (setup)        0.636 (*) 
Cl( 5, 5) in Cl( 5, 5) CPU =        0.057 ms (setup)        0.824 (*) 
Cl( 6, 5) in Cl( 6, 5) CPU =        0.114 ms (setup)        3.000 (*) 
Cl( 6, 6) in Cl( 6, 6) CPU =        0.231 ms (setup)        4.066 (*) 
Cl( 7, 6) in Cl( 7, 6) CPU =        0.468 ms (setup)       14.614 (*) 
Cl( 7, 7) in Cl( 7, 7) CPU =        0.956 ms (setup)       19.919 (*) 
Cl( 8, 7) in Cl( 8, 7) CPU =        1.929 ms (setup)       72.588 (*) 
Cl( 8, 8) in Cl( 8, 8) CPU =        4.004 ms (setup)      100.696 (*) 
Cl( 9, 8) in Cl( 9, 8) CPU =        8.224 ms (setup)      269.272 (*) 
Cl( 9, 9) in Cl( 9, 9) CPU =       16.670 ms (setup)      535.483 (*) 
Cl(10, 9) in Cl(10, 9) CPU =       34.501 ms (setup)     2068.491 (*) 
Cl(10,10) in Cl(10,10) CPU =       73.851 ms (setup)     3042.567 (*) 
Cl(11,10) in Cl(11,10) CPU =      149.818 ms (setup)    12419.235 (*) 
Cl(11,11) in Cl(11,11) CPU =      290.545 ms (setup)    18826.444 (*) 
Fill: 1
Cl( 1, 0) in Cl( 1, 0) CPU =        0.022 ms (setup)        0.004 (*) 
Cl( 1, 1) in Cl( 1, 1) CPU =        0.001 ms (setup)        0.002 (*) 
Cl( 2, 1) in Cl( 2, 1) CPU =        0.001 ms (setup)        0.003 (*) 
Cl( 2, 2) in Cl( 2, 2) CPU =        0.002 ms (setup)        0.005 (*) 
Cl( 3, 2) in Cl( 3, 2) CPU =        0.002 ms (setup)        0.009 (*) 
Cl( 3, 3) in Cl( 3, 3) CPU =        0.005 ms (setup)        0.024 (*) 
Cl( 4, 3) in Cl( 4, 3) CPU =        0.010 ms (setup)        0.068 (*) 
Cl( 4, 4) in Cl( 4, 4) CPU =        0.021 ms (setup)        0.285 (*) 
Cl( 5, 4) in Cl( 5, 4) CPU =        0.041 ms (setup)        0.741 (*) 
Cl( 5, 5) in Cl( 5, 5) CPU =        0.085 ms (setup)        1.065 (*) 
Cl( 6, 5) in Cl( 6, 5) CPU =        0.168 ms (setup)        3.617 (*) 
Cl( 6, 6) in Cl( 6, 6) CPU =        0.339 ms (setup)        5.388 (*) 
Cl( 7, 6) in Cl( 7, 6) CPU =        0.696 ms (setup)       17.927 (*) 
Cl( 7, 7) in Cl( 7, 7) CPU =        1.450 ms (setup)       27.331 (*) 
Cl( 8, 7) in Cl( 8, 7) CPU =        2.828 ms (setup)       92.142 (*) 
Cl( 8, 8) in Cl( 8, 8) CPU =        5.927 ms (setup)      143.772 (*) 
Cl( 9, 8) in Cl( 9, 8) CPU =       12.814 ms (setup)      388.684 (*) 
Cl( 9, 9) in Cl( 9, 9) CPU =       26.139 ms (setup)      802.454 (*) 
Cl(10, 9) in Cl(10, 9) CPU =       57.524 ms (setup)     2861.478 (*) 
Cl(10,10) in Cl(10,10) CPU =      125.862 ms (setup)     4824.533 (*) 
Cl(11,10) in Cl(11,10) CPU =      249.613 ms (setup)    17936.630 (*) 
Cl(11,11) in Cl(11,11) CPU =      480.110 ms (setup)    31267.352 (*) 

matrix_multi<double>
Clifford algebra squaring test:
Fill: 0.5
Cl( 1, 0) in Cl( 1, 0) CPU =        0.033 ms (setup)        0.002 (*) 
Cl( 1, 1) in Cl( 1, 1) CPU =        0.004 ms (setup)        0.000 (*) 
Cl( 2, 1) in Cl( 2, 1) CPU =        0.007 ms (setup)        0.001 (*) 
Cl( 2, 2) in Cl( 2, 2) CPU =        0.007 ms (setup)        0.001 (*) 
Cl( 3, 2) in Cl( 3, 2) CPU =        0.016 ms (setup)        0.003 (*) 
Cl( 3, 3) in Cl( 3, 3) CPU =        0.013 ms (setup)        0.001 (*) 
Cl( 4, 3) in Cl( 4, 3) CPU =        0.031 ms (setup)        0.001 (*) 
Cl( 4, 4) in Cl( 4, 4) CPU =        0.054 ms (setup)        0.001 (*) 
Cl( 5, 4) in Cl( 5, 4) CPU =        0.126 ms (setup)        0.004 (*) 
Cl( 5, 5) in Cl( 5, 5) CPU =        0.241 ms (setup)        0.003 (*) 
Cl( 6, 5) in Cl( 6, 5) CPU =        0.559 ms (setup)        0.018 (*) 
Cl( 6, 6) in Cl( 6, 6) CPU =        1.125 ms (setup)        0.017 (*) 
Cl( 7, 6) in Cl( 7, 6) CPU =        2.671 ms (setup)        0.111 (*) 
Cl( 7, 7) in Cl( 7, 7) CPU =        5.306 ms (setup)        0.109 (*) 
Cl( 8, 7) in Cl( 8, 7) CPU =       12.594 ms (setup)        0.760 (*) 
Cl( 8, 8) in Cl( 8, 8) CPU =       25.504 ms (setup)        0.756 (*) 
Cl( 9, 8) in Cl( 9, 8) CPU =       62.427 ms (setup)        5.670 (*) 
Cl( 9, 9) in Cl( 9, 9) CPU =      126.375 ms (setup)        5.720 (*) 
Cl(10, 9) in Cl(10, 9) CPU =      328.603 ms (setup)       44.016 (*) 
Cl(10,10) in Cl(10,10) CPU =      669.274 ms (setup)       44.030 (*) 
Cl(11,10) in Cl(11,10) CPU =     1863.904 ms (setup)      347.670 (*) 
Cl(11,11) in Cl(11,11) CPU =     3833.186 ms (setup)      351.716 (*) 
Fill: 1
Cl( 1, 0) in Cl( 1, 0) CPU =        0.008 ms (setup)        0.002 (*) 
Cl( 1, 1) in Cl( 1, 1) CPU =        0.003 ms (setup)        0.001 (*) 
Cl( 2, 1) in Cl( 2, 1) CPU =        0.005 ms (setup)        0.001 (*) 
Cl( 2, 2) in Cl( 2, 2) CPU =        0.009 ms (setup)        0.000 (*) 
Cl( 3, 2) in Cl( 3, 2) CPU =        0.013 ms (setup)        0.002 (*) 
Cl( 3, 3) in Cl( 3, 3) CPU =        0.019 ms (setup)        0.000 (*) 
Cl( 4, 3) in Cl( 4, 3) CPU =        0.043 ms (setup)        0.002 (*) 
Cl( 4, 4) in Cl( 4, 4) CPU =        0.077 ms (setup)        0.002 (*) 
Cl( 5, 4) in Cl( 5, 4) CPU =        0.190 ms (setup)        0.004 (*) 
Cl( 5, 5) in Cl( 5, 5) CPU =        0.363 ms (setup)        0.003 (*) 
Cl( 6, 5) in Cl( 6, 5) CPU =        0.893 ms (setup)        0.017 (*) 
Cl( 6, 6) in Cl( 6, 6) CPU =        1.772 ms (setup)        0.017 (*) 
Cl( 7, 6) in Cl( 7, 6) CPU =        4.381 ms (setup)        0.109 (*) 
Cl( 7, 7) in Cl( 7, 7) CPU =        8.830 ms (setup)        0.109 (*) 
Cl( 8, 7) in Cl( 8, 7) CPU =       22.025 ms (setup)        0.760 (*) 
Cl( 8, 8) in Cl( 8, 8) CPU =       44.971 ms (setup)        0.762 (*) 
Cl( 9, 8) in Cl( 9, 8) CPU =      116.593 ms (setup)        5.715 (*) 
Cl( 9, 9) in Cl( 9, 9) CPU =      239.830 ms (setup)        5.716 (*) 
Cl(10, 9) in Cl(10, 9) CPU =      665.078 ms (setup)       44.086 (*) 
Cl(10,10) in Cl(10,10) CPU =     1391.622 ms (setup)       43.918 (*) 
Cl(11,10) in Cl(11,10) CPU =     4132.467 ms (setup)      351.578 (*) 
Cl(11,11) in Cl(11,11) CPU =     8664.406 ms (setup)      351.634 (*) 
