expressions/expressions
	linux-vdso.so.1 (0x000079d72f93c000)
	libarmadillo.so.14 => /lib/libarmadillo.so.14 (0x000079d72f7fb000)
	libflexiblas.so.3 => /lib/x86_64-linux-gnu/libflexiblas.so.3 (0x000079d72f000000)
	libstdc++.so.6 => /lib/x86_64-linux-gnu/libstdc++.so.6 (0x000079d72ec00000)
	libm.so.6 => /lib/x86_64-linux-gnu/libm.so.6 (0x000079d72ef09000)
	libomp.so.5 => /lib/x86_64-linux-gnu/libomp.so.5 (0x000079d72eacd000)
	libgcc_s.so.1 => /lib/x86_64-linux-gnu/libgcc_s.so.1 (0x000079d72f7cc000)
	libc.so.6 => /lib/x86_64-linux-gnu/libc.so.6 (0x000079d72e800000)
	libarpack.so.2 => /lib/x86_64-linux-gnu/libarpack.so.2 (0x000079d72f77a000)
	/lib64/ld-linux-x86-64.so.2 (0x000079d72f93e000)
	libgfortran.so.5 => /lib/x86_64-linux-gnu/libgfortran.so.5 (0x000079d72e400000)
gfft_test/gfft_test
	linux-vdso.so.1 (0x00007a6bf0255000)
	libarmadillo.so.14 => /lib/libarmadillo.so.14 (0x00007a6bf0190000)
	libflexiblas.so.3 => /lib/x86_64-linux-gnu/libflexiblas.so.3 (0x00007a6befa00000)
	libstdc++.so.6 => /lib/x86_64-linux-gnu/libstdc++.so.6 (0x00007a6bef600000)
	libm.so.6 => /lib/x86_64-linux-gnu/libm.so.6 (0x00007a6bef909000)
	libomp.so.5 => /lib/x86_64-linux-gnu/libomp.so.5 (0x00007a6bef4cd000)
	libgcc_s.so.1 => /lib/x86_64-linux-gnu/libgcc_s.so.1 (0x00007a6bf0161000)
	libc.so.6 => /lib/x86_64-linux-gnu/libc.so.6 (0x00007a6bef200000)
	libarpack.so.2 => /lib/x86_64-linux-gnu/libarpack.so.2 (0x00007a6bef8b7000)
	/lib64/ld-linux-x86-64.so.2 (0x00007a6bf0257000)
	libgfortran.so.5 => /lib/x86_64-linux-gnu/libgfortran.so.5 (0x00007a6beee00000)
products/products
	linux-vdso.so.1 (0x00007e5e2b99b000)
	libarmadillo.so.14 => /lib/libarmadillo.so.14 (0x00007e5e2b872000)
	libflexiblas.so.3 => /lib/x86_64-linux-gnu/libflexiblas.so.3 (0x00007e5e2b000000)
	libstdc++.so.6 => /lib/x86_64-linux-gnu/libstdc++.so.6 (0x00007e5e2ac00000)
	libm.so.6 => /lib/x86_64-linux-gnu/libm.so.6 (0x00007e5e2b77b000)
	libomp.so.5 => /lib/x86_64-linux-gnu/libomp.so.5 (0x00007e5e2aecd000)
	libgcc_s.so.1 => /lib/x86_64-linux-gnu/libgcc_s.so.1 (0x00007e5e2b74c000)
	libc.so.6 => /lib/x86_64-linux-gnu/libc.so.6 (0x00007e5e2a800000)
	libarpack.so.2 => /lib/x86_64-linux-gnu/libarpack.so.2 (0x00007e5e2abae000)
	/lib64/ld-linux-x86-64.so.2 (0x00007e5e2b99d000)
	libgfortran.so.5 => /lib/x86_64-linux-gnu/libgfortran.so.5 (0x00007e5e2a400000)
squaring/squaring
	linux-vdso.so.1 (0x00007eb706d23000)
	libarmadillo.so.14 => /lib/libarmadillo.so.14 (0x00007eb706c5b000)
	libflexiblas.so.3 => /lib/x86_64-linux-gnu/libflexiblas.so.3 (0x00007eb706400000)
	libstdc++.so.6 => /lib/x86_64-linux-gnu/libstdc++.so.6 (0x00007eb706000000)
	libm.so.6 => /lib/x86_64-linux-gnu/libm.so.6 (0x00007eb706b64000)
	libomp.so.5 => /lib/x86_64-linux-gnu/libomp.so.5 (0x00007eb7062cd000)
	libgcc_s.so.1 => /lib/x86_64-linux-gnu/libgcc_s.so.1 (0x00007eb706b35000)
	libc.so.6 => /lib/x86_64-linux-gnu/libc.so.6 (0x00007eb705c00000)
	libarpack.so.2 => /lib/x86_64-linux-gnu/libarpack.so.2 (0x00007eb705fae000)
	/lib64/ld-linux-x86-64.so.2 (0x00007eb706d25000)
	libgfortran.so.5 => /lib/x86_64-linux-gnu/libgfortran.so.5 (0x00007eb705800000)
transforms/transforms
	linux-vdso.so.1 (0x0000733ca462d000)
	libarmadillo.so.14 => /lib/libarmadillo.so.14 (0x0000733ca4566000)
	libflexiblas.so.3 => /lib/x86_64-linux-gnu/libflexiblas.so.3 (0x0000733ca3e00000)
	libstdc++.so.6 => /lib/x86_64-linux-gnu/libstdc++.so.6 (0x0000733ca3a00000)
	libm.so.6 => /lib/x86_64-linux-gnu/libm.so.6 (0x0000733ca3d09000)
	libomp.so.5 => /lib/x86_64-linux-gnu/libomp.so.5 (0x0000733ca38cd000)
	libgcc_s.so.1 => /lib/x86_64-linux-gnu/libgcc_s.so.1 (0x0000733ca4537000)
	libc.so.6 => /lib/x86_64-linux-gnu/libc.so.6 (0x0000733ca3600000)
	libarpack.so.2 => /lib/x86_64-linux-gnu/libarpack.so.2 (0x0000733ca3cb7000)
	/lib64/ld-linux-x86-64.so.2 (0x0000733ca462f000)
	libgfortran.so.5 => /lib/x86_64-linux-gnu/libgfortran.so.5 (0x0000733ca3200000)
versor/versor
	linux-vdso.so.1 (0x00007f5faae00000)
	libarmadillo.so.14 => /lib/libarmadillo.so.14 (0x00007f5faad36000)
	libflexiblas.so.3 => /lib/x86_64-linux-gnu/libflexiblas.so.3 (0x00007f5faa600000)
	libstdc++.so.6 => /lib/x86_64-linux-gnu/libstdc++.so.6 (0x00007f5faa200000)
	libm.so.6 => /lib/x86_64-linux-gnu/libm.so.6 (0x00007f5faa509000)
	libomp.so.5 => /lib/x86_64-linux-gnu/libomp.so.5 (0x00007f5faa0cd000)
	libgcc_s.so.1 => /lib/x86_64-linux-gnu/libgcc_s.so.1 (0x00007f5faa4dc000)
	libc.so.6 => /lib/x86_64-linux-gnu/libc.so.6 (0x00007f5fa9e00000)
	libarpack.so.2 => /lib/x86_64-linux-gnu/libarpack.so.2 (0x00007f5faa07b000)
	/lib64/ld-linux-x86-64.so.2 (0x00007f5faae02000)
	libgfortran.so.5 => /lib/x86_64-linux-gnu/libgfortran.so.5 (0x00007f5fa9a00000)
