
framed_multi<float,-4,4>
Clifford algebra products test:
Fill: 0.5
Cl( 1, 0) in Cl( 1, 0) CPU =        0.005 ms (setup)        0.003 (*)        0.002 (^)        0.002 (&)        0.002 (%) 
Cl( 1, 1) in Cl( 1, 1) CPU =        0.002 ms (setup)        0.002 (*)        0.001 (^)        0.001 (&)        0.001 (%) 
Cl( 2, 1) in Cl( 2, 1) CPU =        0.003 ms (setup)        0.005 (*)        0.003 (^)        0.003 (&)        0.003 (%) 
Cl( 2, 2) in Cl( 2, 2) CPU =        0.003 ms (setup)        0.007 (*)        0.005 (^)        0.004 (&)        0.004 (%) 
Cl( 3, 2) in Cl( 3, 2) CPU =        0.006 ms (setup)        0.016 (*)        0.007 (^)        0.008 (&)        0.007 (%) 
Cl( 3, 3) in Cl( 3, 3) CPU =        0.009 ms (setup)        0.032 (*)        0.017 (^)        0.017 (&)        0.015 (%) 
Cl( 4, 3) in Cl( 4, 3) CPU =        0.022 ms (setup)        0.096 (*)        0.051 (^)        0.050 (&)        0.038 (%) 
Cl( 4, 4) in Cl( 4, 4) CPU =        0.042 ms (setup)        0.712 (*)        0.129 (^)        0.118 (&)        0.089 (%) 
Cl( 1, 0) in Cl( 4, 4) CPU =        0.002 ms (setup)        0.001 (*)        0.001 (^)        0.001 (&)        0.001 (%) 
Cl( 1, 1) in Cl( 4, 4) CPU =        0.002 ms (setup)        0.002 (*)        0.001 (^)        0.001 (&)        0.002 (%) 
Cl( 2, 1) in Cl( 4, 4) CPU =        0.002 ms (setup)        0.004 (*)        0.003 (^)        0.002 (&)        0.002 (%) 
Cl( 2, 2) in Cl( 4, 4) CPU =        0.003 ms (setup)        0.004 (*)        0.003 (^)        0.003 (&)        0.003 (%) 
Cl( 3, 2) in Cl( 4, 4) CPU =        0.005 ms (setup)        0.014 (*)        0.008 (^)        0.008 (&)        0.007 (%) 
Cl( 3, 3) in Cl( 4, 4) CPU =        0.009 ms (setup)        0.031 (*)        0.019 (^)        0.016 (&)        0.014 (%) 
Cl( 4, 3) in Cl( 4, 4) CPU =        0.021 ms (setup)        0.100 (*)        0.049 (^)        0.054 (&)        0.040 (%) 
Cl( 4, 4) in Cl( 4, 4) CPU =        0.042 ms (setup)        0.677 (*)        0.122 (^)        0.141 (&)        0.092 (%) 
Fill: 1
Cl( 1, 0) in Cl( 1, 0) CPU =        0.001 ms (setup)        0.002 (*)        0.001 (^)        0.001 (&)        0.001 (%) 
Cl( 1, 1) in Cl( 1, 1) CPU =        0.002 ms (setup)        0.003 (*)        0.002 (^)        0.002 (&)        0.002 (%) 
Cl( 2, 1) in Cl( 2, 1) CPU =        0.002 ms (setup)        0.005 (*)        0.003 (^)        0.003 (&)        0.003 (%) 
Cl( 2, 2) in Cl( 2, 2) CPU =        0.004 ms (setup)        0.008 (*)        0.005 (^)        0.005 (&)        0.005 (%) 
Cl( 3, 2) in Cl( 3, 2) CPU =        0.007 ms (setup)        0.022 (*)        0.009 (^)        0.012 (&)        0.011 (%) 
Cl( 3, 3) in Cl( 3, 3) CPU =        0.015 ms (setup)        0.072 (*)        0.022 (^)        0.030 (&)        0.025 (%) 
Cl( 4, 3) in Cl( 4, 3) CPU =        0.030 ms (setup)        0.221 (*)        0.051 (^)        0.079 (&)        0.059 (%) 
Cl( 4, 4) in Cl( 4, 4) CPU =        0.066 ms (setup)        0.785 (*)        0.122 (^)        0.210 (&)        0.145 (%) 
Cl( 1, 0) in Cl( 4, 4) CPU =        0.001 ms (setup)        0.002 (*)        0.001 (^)        0.001 (&)        0.002 (%) 
Cl( 1, 1) in Cl( 4, 4) CPU =        0.001 ms (setup)        0.003 (*)        0.002 (^)        0.002 (&)        0.002 (%) 
Cl( 2, 1) in Cl( 4, 4) CPU =        0.002 ms (setup)        0.005 (*)        0.003 (^)        0.003 (&)        0.003 (%) 
Cl( 2, 2) in Cl( 4, 4) CPU =        0.004 ms (setup)        0.008 (*)        0.004 (^)        0.005 (&)        0.005 (%) 
Cl( 3, 2) in Cl( 4, 4) CPU =        0.007 ms (setup)        0.022 (*)        0.009 (^)        0.011 (&)        0.009 (%) 
Cl( 3, 3) in Cl( 4, 4) CPU =        0.013 ms (setup)        0.062 (*)        0.021 (^)        0.029 (&)        0.023 (%) 
Cl( 4, 3) in Cl( 4, 4) CPU =        0.029 ms (setup)        0.209 (*)        0.049 (^)        0.075 (&)        0.056 (%) 
Cl( 4, 4) in Cl( 4, 4) CPU =        0.065 ms (setup)        0.763 (*)        0.117 (^)        0.197 (&)        0.139 (%) 

matrix_multi<float,-4,4>
Clifford algebra products test:
Fill: 0.5
Cl( 1, 0) in Cl( 1, 0) CPU =        0.013 ms (setup)        0.001 (*)        0.010 (^)        0.008 (&)        0.010 (%) 
Cl( 1, 1) in Cl( 1, 1) CPU =        0.010 ms (setup)        0.001 (*)        0.007 (^)        0.008 (&)        0.008 (%) 
Cl( 2, 1) in Cl( 2, 1) CPU =        0.003 ms (setup)        0.001 (*)        0.016 (^)        0.026 (&)        0.026 (%) 
Cl( 2, 2) in Cl( 2, 2) CPU =        0.011 ms (setup)        0.001 (*)        0.065 (^)        0.041 (&)        0.057 (%) 
Cl( 3, 2) in Cl( 3, 2) CPU =        0.026 ms (setup)        0.002 (*)        0.261 (^)        0.221 (&)        0.248 (%) 
Cl( 3, 3) in Cl( 3, 3) CPU =        0.035 ms (setup)        0.002 (*)        0.348 (^)        0.361 (&)        0.362 (%) 
Cl( 4, 3) in Cl( 4, 3) CPU =        0.082 ms (setup)        0.003 (*)        1.504 (^)        1.219 (&)        1.300 (%) 
Cl( 4, 4) in Cl( 4, 4) CPU =        0.145 ms (setup)        0.002 (*)        2.020 (^)        2.047 (&)        2.119 (%) 
Cl( 1, 0) in Cl( 4, 4) CPU =        0.001 ms (setup)        0.004 (*)        0.011 (^)        0.011 (&)        0.010 (%) 
Cl( 1, 1) in Cl( 4, 4) CPU =        0.006 ms (setup)        0.003 (*)        0.108 (^)        0.060 (&)        0.083 (%) 
Cl( 2, 1) in Cl( 4, 4) CPU =        0.013 ms (setup)        0.003 (*)        0.111 (^)        0.075 (&)        0.090 (%) 
Cl( 2, 2) in Cl( 4, 4) CPU =        0.025 ms (setup)        0.003 (*)        0.202 (^)        0.130 (&)        0.159 (%) 
Cl( 3, 2) in Cl( 4, 4) CPU =        0.070 ms (setup)        0.002 (*)        0.245 (^)        0.223 (&)        0.220 (%) 
Cl( 3, 3) in Cl( 4, 4) CPU =        0.099 ms (setup)        0.002 (*)        0.462 (^)        0.409 (&)        0.399 (%) 
Cl( 4, 3) in Cl( 4, 4) CPU =        0.253 ms (setup)        0.003 (*)        1.267 (^)        1.290 (&)        1.289 (%) 
Cl( 4, 4) in Cl( 4, 4) CPU =        0.127 ms (setup)        0.003 (*)        1.912 (^)        2.049 (&)        2.055 (%) 
Fill: 1
Cl( 1, 0) in Cl( 1, 0) CPU =        0.002 ms (setup)        0.001 (*)        0.009 (^)        0.007 (&)        0.009 (%) 
Cl( 1, 1) in Cl( 1, 1) CPU =        0.002 ms (setup)        0.001 (*)        0.013 (^)        0.009 (&)        0.014 (%) 
Cl( 2, 1) in Cl( 2, 1) CPU =        0.005 ms (setup)        0.001 (*)        0.043 (^)        0.036 (&)        0.040 (%) 
Cl( 2, 2) in Cl( 2, 2) CPU =        0.007 ms (setup)        0.001 (*)        0.069 (^)        0.053 (&)        0.066 (%) 
Cl( 3, 2) in Cl( 3, 2) CPU =        0.019 ms (setup)        0.002 (*)        0.230 (^)        0.238 (&)        0.247 (%) 
Cl( 3, 3) in Cl( 3, 3) CPU =        0.036 ms (setup)        0.001 (*)        0.379 (^)        0.361 (&)        0.387 (%) 
Cl( 4, 3) in Cl( 4, 3) CPU =        0.091 ms (setup)        0.002 (*)        1.558 (^)        1.585 (&)        1.594 (%) 
Cl( 4, 4) in Cl( 4, 4) CPU =        0.179 ms (setup)        0.003 (*)        2.289 (^)        2.319 (&)        2.347 (%) 
Cl( 1, 0) in Cl( 4, 4) CPU =        0.006 ms (setup)        0.003 (*)        0.076 (^)        0.057 (&)        0.065 (%) 
Cl( 1, 1) in Cl( 4, 4) CPU =        0.007 ms (setup)        0.003 (*)        0.093 (^)        0.059 (&)        0.087 (%) 
Cl( 2, 1) in Cl( 4, 4) CPU =        0.013 ms (setup)        0.003 (*)        0.152 (^)        0.104 (&)        0.117 (%) 
Cl( 2, 2) in Cl( 4, 4) CPU =        0.032 ms (setup)        0.003 (*)        0.204 (^)        0.135 (&)        0.159 (%) 
Cl( 3, 2) in Cl( 4, 4) CPU =        0.082 ms (setup)        0.003 (*)        0.426 (^)        0.314 (&)        0.318 (%) 
Cl( 3, 3) in Cl( 4, 4) CPU =        0.119 ms (setup)        0.002 (*)        0.619 (^)        0.513 (&)        0.542 (%) 
Cl( 4, 3) in Cl( 4, 4) CPU =        0.328 ms (setup)        0.003 (*)        1.711 (^)        1.581 (&)        1.590 (%) 
Cl( 4, 4) in Cl( 4, 4) CPU =        0.183 ms (setup)        0.002 (*)        2.291 (^)        2.304 (&)        2.365 (%) 

framed_multi<double>
Clifford algebra products test:
Fill: 0.5
Cl( 1, 0) in Cl( 1, 0) CPU =        0.001 ms (setup)        0.002 (*)        0.001 (^)        0.001 (&)        0.001 (%) 
Cl( 1, 1) in Cl( 1, 1) CPU =        0.001 ms (setup)        0.001 (*)        0.001 (^)        0.001 (&)        0.001 (%) 
Cl( 2, 1) in Cl( 2, 1) CPU =        0.001 ms (setup)        0.004 (*)        0.002 (^)        0.002 (&)        0.002 (%) 
Cl( 2, 2) in Cl( 2, 2) CPU =        0.002 ms (setup)        0.006 (*)        0.004 (^)        0.004 (&)        0.004 (%) 
Cl( 3, 2) in Cl( 3, 2) CPU =        0.004 ms (setup)        0.013 (*)        0.007 (^)        0.007 (&)        0.006 (%) 
Cl( 3, 3) in Cl( 3, 3) CPU =        0.009 ms (setup)        0.032 (*)        0.015 (^)        0.015 (&)        0.013 (%) 
Cl( 4, 3) in Cl( 4, 3) CPU =        0.016 ms (setup)        0.095 (*)        0.044 (^)        0.040 (&)        0.032 (%) 
Cl( 4, 4) in Cl( 4, 4) CPU =        0.030 ms (setup)        0.449 (*)        0.101 (^)        0.090 (&)        0.071 (%) 
Cl( 5, 4) in Cl( 5, 4) CPU =        0.064 ms (setup)        1.584 (*)        0.291 (^)        0.280 (&)        0.202 (%) 
Cl( 5, 5) in Cl( 5, 5) CPU =        0.119 ms (setup)        2.163 (*)        0.714 (^)        0.669 (&)        0.443 (%) 
Cl( 6, 5) in Cl( 6, 5) CPU =        0.248 ms (setup)        7.818 (*)        2.232 (^)        2.049 (&)        1.248 (%) 
Cl( 6, 6) in Cl( 6, 6) CPU =        0.551 ms (setup)       10.324 (*)        5.509 (^)        5.322 (&)        3.115 (%) 
Cl( 7, 6) in Cl( 7, 6) CPU =        1.019 ms (setup)       36.479 (*)       16.477 (^)       15.852 (&)        9.075 (%) 
Cl( 7, 7) in Cl( 7, 7) CPU =        2.030 ms (setup)       48.773 (*)       47.938 (^)       46.351 (&)       25.169 (%) 
Cl( 8, 7) in Cl( 8, 7) CPU =        4.128 ms (setup)      174.475 (*)      143.764 (^)      135.589 (&)       71.567 (%) 
Cl( 8, 8) in Cl( 8, 8) CPU =        8.346 ms (setup)      240.879 (*)      429.909 (^)      413.141 (&)      212.282 (%) 
Cl( 1, 0) in Cl( 8, 8) CPU =        0.001 ms (setup)        0.001 (*)        0.001 (^)        0.001 (&)        0.001 (%) 
Cl( 1, 1) in Cl( 8, 8) CPU =        0.001 ms (setup)        0.001 (*)        0.001 (^)        0.001 (&)        0.001 (%) 
Cl( 2, 1) in Cl( 8, 8) CPU =        0.002 ms (setup)        0.001 (*)        0.001 (^)        0.001 (&)        0.001 (%) 
Cl( 2, 2) in Cl( 8, 8) CPU =        0.002 ms (setup)        0.005 (*)        0.003 (^)        0.003 (&)        0.003 (%) 
Cl( 3, 2) in Cl( 8, 8) CPU =        0.004 ms (setup)        0.011 (*)        0.007 (^)        0.007 (&)        0.005 (%) 
Cl( 3, 3) in Cl( 8, 8) CPU =        0.008 ms (setup)        0.028 (*)        0.024 (^)        0.015 (&)        0.013 (%) 
Cl( 4, 3) in Cl( 8, 8) CPU =        0.015 ms (setup)        0.069 (*)        0.038 (^)        0.032 (&)        0.029 (%) 
Cl( 4, 4) in Cl( 8, 8) CPU =        0.032 ms (setup)        0.448 (*)        0.104 (^)        0.099 (&)        0.080 (%) 
Cl( 5, 4) in Cl( 8, 8) CPU =        0.061 ms (setup)        1.563 (*)        0.273 (^)        0.269 (&)        0.197 (%) 
Cl( 5, 5) in Cl( 8, 8) CPU =        0.120 ms (setup)        2.086 (*)        0.690 (^)        0.691 (&)        0.448 (%) 
Cl( 6, 5) in Cl( 8, 8) CPU =        0.246 ms (setup)        7.450 (*)        1.967 (^)        1.927 (&)        1.191 (%) 
Cl( 6, 6) in Cl( 8, 8) CPU =        0.479 ms (setup)        9.890 (*)        5.519 (^)        5.098 (&)        3.037 (%) 
Cl( 7, 6) in Cl( 8, 8) CPU =        0.990 ms (setup)       35.758 (*)       15.820 (^)       15.736 (&)        8.509 (%) 
Cl( 7, 7) in Cl( 8, 8) CPU =        1.972 ms (setup)       47.663 (*)       47.962 (^)       45.911 (&)       24.537 (%) 
Cl( 8, 7) in Cl( 8, 8) CPU =        4.008 ms (setup)      178.921 (*)      143.439 (^)      135.722 (&)       71.891 (%) 
Cl( 8, 8) in Cl( 8, 8) CPU =        8.348 ms (setup)      243.787 (*)      433.478 (^)      418.216 (&)      215.151 (%) 
Fill: 1
Cl( 1, 0) in Cl( 1, 0) CPU =        0.002 ms (setup)        0.002 (*)        0.001 (^)        0.001 (&)        0.001 (%) 
Cl( 1, 1) in Cl( 1, 1) CPU =        0.001 ms (setup)        0.002 (*)        0.002 (^)        0.002 (&)        0.002 (%) 
Cl( 2, 1) in Cl( 2, 1) CPU =        0.002 ms (setup)        0.004 (*)        0.003 (^)        0.003 (&)        0.003 (%) 
Cl( 2, 2) in Cl( 2, 2) CPU =        0.004 ms (setup)        0.009 (*)        0.005 (^)        0.005 (&)        0.006 (%) 
Cl( 3, 2) in Cl( 3, 2) CPU =        0.008 ms (setup)        0.023 (*)        0.009 (^)        0.011 (&)        0.009 (%) 
Cl( 3, 3) in Cl( 3, 3) CPU =        0.013 ms (setup)        0.067 (*)        0.019 (^)        0.030 (&)        0.021 (%) 
Cl( 4, 3) in Cl( 4, 3) CPU =        0.025 ms (setup)        0.223 (*)        0.050 (^)        0.064 (&)        0.049 (%) 
Cl( 4, 4) in Cl( 4, 4) CPU =        0.052 ms (setup)        0.543 (*)        0.110 (^)        0.170 (&)        0.120 (%) 
Cl( 5, 4) in Cl( 5, 4) CPU =        0.100 ms (setup)        1.818 (*)        0.270 (^)        0.444 (&)        0.299 (%) 
Cl( 5, 5) in Cl( 5, 5) CPU =        0.197 ms (setup)        2.651 (*)        0.718 (^)        1.209 (&)        0.768 (%) 
Cl( 6, 5) in Cl( 6, 5) CPU =        0.415 ms (setup)        8.694 (*)        1.800 (^)        3.431 (&)        2.042 (%) 
Cl( 6, 6) in Cl( 6, 6) CPU =        0.798 ms (setup)       13.004 (*)        4.856 (^)        9.903 (&)        5.604 (%) 
Cl( 7, 6) in Cl( 7, 6) CPU =        1.661 ms (setup)       42.602 (*)       13.726 (^)       29.056 (&)       15.894 (%) 
Cl( 7, 7) in Cl( 7, 7) CPU =        3.361 ms (setup)       63.410 (*)       40.429 (^)       87.843 (&)       46.952 (%) 
Cl( 8, 7) in Cl( 8, 7) CPU =        7.519 ms (setup)      218.232 (*)      121.183 (^)      268.404 (&)      138.798 (%) 
Cl( 8, 8) in Cl( 8, 8) CPU =       14.475 ms (setup)      330.278 (*)      360.367 (^)      830.013 (&)      415.639 (%) 
Cl( 1, 0) in Cl( 8, 8) CPU =        0.001 ms (setup)        0.002 (*)        0.001 (^)        0.001 (&)        0.001 (%) 
Cl( 1, 1) in Cl( 8, 8) CPU =        0.001 ms (setup)        0.004 (*)        0.002 (^)        0.002 (&)        0.002 (%) 
Cl( 2, 1) in Cl( 8, 8) CPU =        0.003 ms (setup)        0.004 (*)        0.003 (^)        0.003 (&)        0.003 (%) 
Cl( 2, 2) in Cl( 8, 8) CPU =        0.003 ms (setup)        0.010 (*)        0.005 (^)        0.005 (&)        0.005 (%) 
Cl( 3, 2) in Cl( 8, 8) CPU =        0.007 ms (setup)        0.026 (*)        0.009 (^)        0.011 (&)        0.009 (%) 
Cl( 3, 3) in Cl( 8, 8) CPU =        0.013 ms (setup)        0.067 (*)        0.019 (^)        0.025 (&)        0.021 (%) 
Cl( 4, 3) in Cl( 8, 8) CPU =        0.025 ms (setup)        0.223 (*)        0.046 (^)        0.064 (&)        0.067 (%) 
Cl( 4, 4) in Cl( 8, 8) CPU =        0.052 ms (setup)        0.560 (*)        0.113 (^)        0.165 (&)        0.122 (%) 
Cl( 5, 4) in Cl( 8, 8) CPU =        0.101 ms (setup)        1.800 (*)        0.271 (^)        0.444 (&)        0.299 (%) 
Cl( 5, 5) in Cl( 8, 8) CPU =        0.196 ms (setup)        2.629 (*)        0.684 (^)        1.210 (&)        0.768 (%) 
Cl( 6, 5) in Cl( 8, 8) CPU =        0.414 ms (setup)        8.739 (*)        1.798 (^)        3.435 (&)        2.038 (%) 
Cl( 6, 6) in Cl( 8, 8) CPU =        0.806 ms (setup)       12.747 (*)        4.854 (^)        9.914 (&)        5.602 (%) 
Cl( 7, 6) in Cl( 8, 8) CPU =        1.635 ms (setup)       42.746 (*)       13.820 (^)       29.062 (&)       15.909 (%) 
Cl( 7, 7) in Cl( 8, 8) CPU =        3.341 ms (setup)       63.201 (*)       40.724 (^)       88.082 (&)       46.517 (%) 
Cl( 8, 7) in Cl( 8, 8) CPU =        7.002 ms (setup)      218.290 (*)      120.300 (^)      269.779 (&)      138.508 (%) 
Cl( 8, 8) in Cl( 8, 8) CPU =       14.405 ms (setup)      329.752 (*)      362.339 (^)      827.305 (&)      416.626 (%) 

matrix_multi<double>
Clifford algebra products test:
Fill: 0.5
Cl( 1, 0) in Cl( 1, 0) CPU =        0.004 ms (setup)        0.001 (*)        0.013 (^)        0.007 (&)        0.008 (%) 
Cl( 1, 1) in Cl( 1, 1) CPU =        0.005 ms (setup)        0.001 (*)        0.005 (^)        0.006 (&)        0.006 (%) 
Cl( 2, 1) in Cl( 2, 1) CPU =        0.005 ms (setup)        0.001 (*)        0.041 (^)        0.026 (&)        0.034 (%) 
Cl( 2, 2) in Cl( 2, 2) CPU =        0.009 ms (setup)        0.001 (*)        0.030 (^)        0.035 (&)        0.045 (%) 
Cl( 3, 2) in Cl( 3, 2) CPU =        0.038 ms (setup)        0.002 (*)        0.169 (^)        0.189 (&)        0.197 (%) 
Cl( 3, 3) in Cl( 3, 3) CPU =        0.031 ms (setup)        0.001 (*)        0.245 (^)        0.294 (&)        0.289 (%) 
Cl( 4, 3) in Cl( 4, 3) CPU =        0.072 ms (setup)        0.003 (*)        1.234 (^)        1.340 (&)        1.337 (%) 
Cl( 4, 4) in Cl( 4, 4) CPU =        0.135 ms (setup)        0.003 (*)        1.915 (^)        1.988 (&)        2.192 (%) 
Cl( 5, 4) in Cl( 5, 4) CPU =        0.319 ms (setup)        0.011 (*)        7.345 (^)        8.038 (&)        7.727 (%) 
Cl( 5, 5) in Cl( 5, 5) CPU =        0.594 ms (setup)        0.011 (*)       10.931 (^)       11.230 (&)       11.079 (%) 
Cl( 6, 5) in Cl( 6, 5) CPU =        1.402 ms (setup)        0.060 (*)       40.092 (^)       43.898 (&)       42.214 (%) 
Cl( 6, 6) in Cl( 6, 6) CPU =        2.692 ms (setup)        0.061 (*)       58.329 (^)       60.148 (&)       58.555 (%) 
Cl( 7, 6) in Cl( 7, 6) CPU =        6.226 ms (setup)        0.402 (*)      242.354 (^)      264.534 (&)      243.373 (%) 
Cl( 7, 7) in Cl( 7, 7) CPU =       12.304 ms (setup)        0.403 (*)      304.933 (^)      343.742 (&)      315.204 (%) 
Cl( 8, 7) in Cl( 8, 7) CPU =       31.131 ms (setup)        2.933 (*)     1616.719 (^)     1696.844 (&)     1460.446 (%) 
Cl( 8, 8) in Cl( 8, 8) CPU =       60.411 ms (setup)        2.933 (*)     1852.027 (^)     2131.557 (&)     1866.813 (%) 
Cl( 1, 0) in Cl( 8, 8) CPU =        0.082 ms (setup)        2.990 (*)       13.274 (^)       13.289 (&)       13.888 (%) 
Cl( 1, 1) in Cl( 8, 8) CPU =        0.088 ms (setup)        2.970 (*)       23.916 (^)       13.469 (&)       20.306 (%) 
Cl( 2, 1) in Cl( 8, 8) CPU =        0.106 ms (setup)        2.952 (*)       39.269 (^)       22.688 (&)       29.971 (%) 
Cl( 2, 2) in Cl( 8, 8) CPU =        0.246 ms (setup)        2.956 (*)       62.495 (^)       38.686 (&)       43.011 (%) 
Cl( 3, 2) in Cl( 8, 8) CPU =        1.791 ms (setup)        2.881 (*)       88.037 (^)       59.441 (&)       57.364 (%) 
Cl( 3, 3) in Cl( 8, 8) CPU =        1.419 ms (setup)        3.017 (*)      126.305 (^)       89.368 (&)       80.441 (%) 
Cl( 4, 3) in Cl( 8, 8) CPU =        1.577 ms (setup)        2.859 (*)      167.916 (^)      167.168 (&)      108.618 (%) 
Cl( 4, 4) in Cl( 8, 8) CPU =        1.774 ms (setup)        2.863 (*)      221.732 (^)      172.495 (&)      140.075 (%) 
Cl( 5, 4) in Cl( 8, 8) CPU =        2.635 ms (setup)        2.875 (*)      286.543 (^)      224.189 (&)      177.078 (%) 
Cl( 5, 5) in Cl( 8, 8) CPU =        5.285 ms (setup)        2.944 (*)      376.317 (^)      333.566 (&)      245.043 (%) 
Cl( 6, 5) in Cl( 8, 8) CPU =        6.969 ms (setup)        2.848 (*)      423.449 (^)      367.887 (&)      277.625 (%) 
Cl( 6, 6) in Cl( 8, 8) CPU =       11.643 ms (setup)        2.856 (*)      507.384 (^)      516.491 (&)      374.579 (%) 
Cl( 7, 6) in Cl( 8, 8) CPU =       27.470 ms (setup)        2.849 (*)      634.933 (^)      734.793 (&)      522.020 (%) 
Cl( 7, 7) in Cl( 8, 8) CPU =       51.672 ms (setup)        2.849 (*)      806.899 (^)      900.602 (&)      698.190 (%) 
Cl( 8, 7) in Cl( 8, 8) CPU =      125.707 ms (setup)        2.883 (*)     1463.976 (^)     1608.612 (&)     1369.140 (%) 
Cl( 8, 8) in Cl( 8, 8) CPU =       57.587 ms (setup)        2.865 (*)     1759.532 (^)     2123.510 (&)     1812.537 (%) 
Fill: 1
Cl( 1, 0) in Cl( 1, 0) CPU =        0.004 ms (setup)        0.001 (*)        0.009 (^)        0.007 (&)        0.009 (%) 
Cl( 1, 1) in Cl( 1, 1) CPU =        0.002 ms (setup)        0.001 (*)        0.013 (^)        0.009 (&)        0.013 (%) 
Cl( 2, 1) in Cl( 2, 1) CPU =        0.005 ms (setup)        0.001 (*)        0.045 (^)        0.041 (&)        0.042 (%) 
Cl( 2, 2) in Cl( 2, 2) CPU =        0.009 ms (setup)        0.001 (*)        0.070 (^)        0.056 (&)        0.069 (%) 
Cl( 3, 2) in Cl( 3, 2) CPU =        0.021 ms (setup)        0.002 (*)        0.240 (^)        0.240 (&)        0.242 (%) 
Cl( 3, 3) in Cl( 3, 3) CPU =        0.041 ms (setup)        0.002 (*)        0.388 (^)        0.368 (&)        0.399 (%) 
Cl( 4, 3) in Cl( 4, 3) CPU =        0.104 ms (setup)        0.004 (*)        1.552 (^)        1.579 (&)        1.581 (%) 
Cl( 4, 4) in Cl( 4, 4) CPU =        0.185 ms (setup)        0.004 (*)        2.257 (^)        2.273 (&)        2.316 (%) 
Cl( 5, 4) in Cl( 5, 4) CPU =        0.451 ms (setup)        0.011 (*)        8.374 (^)        8.646 (&)        8.449 (%) 
Cl( 5, 5) in Cl( 5, 5) CPU =        0.867 ms (setup)        0.011 (*)       12.132 (^)       12.241 (&)       12.013 (%) 
Cl( 6, 5) in Cl( 6, 5) CPU =        2.081 ms (setup)        0.060 (*)       45.271 (^)       48.331 (&)       45.554 (%) 
Cl( 6, 6) in Cl( 6, 6) CPU =        4.142 ms (setup)        0.060 (*)       62.120 (^)       65.691 (&)       63.178 (%) 
Cl( 7, 6) in Cl( 7, 6) CPU =        9.880 ms (setup)        0.403 (*)      252.279 (^)      277.247 (&)      255.232 (%) 
Cl( 7, 7) in Cl( 7, 7) CPU =       19.785 ms (setup)        0.401 (*)      338.541 (^)      364.734 (&)      339.898 (%) 
Cl( 8, 7) in Cl( 8, 7) CPU =       50.890 ms (setup)        2.913 (*)     1827.101 (^)     1750.024 (&)     1514.224 (%) 
Cl( 8, 8) in Cl( 8, 8) CPU =      105.424 ms (setup)        3.047 (*)     1955.005 (^)     2226.278 (&)     1967.983 (%) 
Cl( 1, 0) in Cl( 8, 8) CPU =        0.143 ms (setup)        2.948 (*)       23.675 (^)       13.357 (&)       20.284 (%) 
Cl( 1, 1) in Cl( 8, 8) CPU =        0.095 ms (setup)        2.980 (*)       38.575 (^)       22.208 (&)       29.721 (%) 
Cl( 2, 1) in Cl( 8, 8) CPU =        0.164 ms (setup)        2.951 (*)       60.702 (^)       38.061 (&)       42.004 (%) 
Cl( 2, 2) in Cl( 8, 8) CPU =        1.347 ms (setup)        2.852 (*)       87.144 (^)       57.751 (&)       58.166 (%) 
Cl( 3, 2) in Cl( 8, 8) CPU =        1.446 ms (setup)        2.869 (*)      120.333 (^)       85.693 (&)       75.564 (%) 
Cl( 3, 3) in Cl( 8, 8) CPU =        1.665 ms (setup)        2.855 (*)      163.524 (^)      123.083 (&)      103.049 (%) 
Cl( 4, 3) in Cl( 8, 8) CPU =        1.688 ms (setup)        2.858 (*)      219.622 (^)      171.852 (&)      136.794 (%) 
Cl( 4, 4) in Cl( 8, 8) CPU =        1.953 ms (setup)        3.151 (*)      274.774 (^)      217.016 (&)      166.023 (%) 
Cl( 5, 4) in Cl( 8, 8) CPU =        4.667 ms (setup)        2.950 (*)      328.897 (^)      276.851 (&)      207.863 (%) 
Cl( 5, 5) in Cl( 8, 8) CPU =        4.355 ms (setup)        2.863 (*)      377.966 (^)      336.528 (&)      245.883 (%) 
Cl( 6, 5) in Cl( 8, 8) CPU =        9.245 ms (setup)        2.904 (*)      461.330 (^)      431.285 (&)      313.733 (%) 
Cl( 6, 6) in Cl( 8, 8) CPU =       15.683 ms (setup)        2.846 (*)      512.291 (^)      519.692 (&)      378.957 (%) 
Cl( 7, 6) in Cl( 8, 8) CPU =       38.470 ms (setup)        2.846 (*)      730.989 (^)      752.967 (&)      580.402 (%) 
Cl( 7, 7) in Cl( 8, 8) CPU =       67.392 ms (setup)        2.847 (*)      835.840 (^)      924.951 (&)      722.999 (%) 
Cl( 8, 7) in Cl( 8, 8) CPU =      170.405 ms (setup)        2.877 (*)     1622.119 (^)     1758.967 (&)     1518.168 (%) 
Cl( 8, 8) in Cl( 8, 8) CPU =      102.592 ms (setup)        2.885 (*)     1952.824 (^)     2232.443 (&)     1965.834 (%) 
