
framed_multi<double>
Clifford algebra squaring test:
Fill: 0.5
Cl( 1, 0) in Cl( 1, 0) CPU =        0.047 ms (setup)        0.009 (*) 
Cl( 1, 1) in Cl( 1, 1) CPU =        0.003 ms (setup)        0.003 (*) 
Cl( 2, 1) in Cl( 2, 1) CPU =        0.003 ms (setup)        0.006 (*) 
Cl( 2, 2) in Cl( 2, 2) CPU =        0.004 ms (setup)        0.008 (*) 
Cl( 3, 2) in Cl( 3, 2) CPU =        0.006 ms (setup)        0.024 (*) 
Cl( 3, 3) in Cl( 3, 3) CPU =        0.013 ms (setup)        0.113 (*) 
Cl( 4, 3) in Cl( 4, 3) CPU =        0.026 ms (setup)        0.160 (*) 
Cl( 4, 4) in Cl( 4, 4) CPU =        0.046 ms (setup)        0.919 (*) 
Cl( 5, 4) in Cl( 5, 4) CPU =        0.097 ms (setup)        2.605 (*) 
Cl( 5, 5) in Cl( 5, 5) CPU =        0.200 ms (setup)        3.413 (*) 
Cl( 6, 5) in Cl( 6, 5) CPU =        0.427 ms (setup)       11.204 (*) 
Cl( 6, 6) in Cl( 6, 6) CPU =        0.670 ms (setup)       13.311 (*) 
Cl( 7, 6) in Cl( 7, 6) CPU =        1.222 ms (setup)       37.420 (*) 
Cl( 7, 7) in Cl( 7, 7) CPU =        2.023 ms (setup)       49.028 (*) 
Cl( 8, 7) in Cl( 8, 7) CPU =        4.045 ms (setup)      181.629 (*) 
Cl( 8, 8) in Cl( 8, 8) CPU =        8.859 ms (setup)      241.510 (*) 
Cl( 9, 8) in Cl( 9, 8) CPU =       18.073 ms (setup)      684.015 (*) 
Cl( 9, 9) in Cl( 9, 9) CPU =       37.251 ms (setup)     1239.738 (*) 
Cl(10, 9) in Cl(10, 9) CPU =       76.670 ms (setup)     4787.486 (*) 
Cl(10,10) in Cl(10,10) CPU =      160.686 ms (setup)     6810.569 (*) 
Cl(11,10) in Cl(11,10) CPU =      312.107 ms (setup)    28092.527 (*) 
Cl(11,11) in Cl(11,11) CPU =      721.282 ms (setup)    42342.843 (*) 
Fill: 1
Cl( 1, 0) in Cl( 1, 0) CPU =        0.010 ms (setup)        0.007 (*) 
Cl( 1, 1) in Cl( 1, 1) CPU =        0.002 ms (setup)        0.005 (*) 
Cl( 2, 1) in Cl( 2, 1) CPU =        0.002 ms (setup)        0.005 (*) 
Cl( 2, 2) in Cl( 2, 2) CPU =        0.005 ms (setup)        0.010 (*) 
Cl( 3, 2) in Cl( 3, 2) CPU =        0.009 ms (setup)        0.025 (*) 
Cl( 3, 3) in Cl( 3, 3) CPU =        0.026 ms (setup)        0.079 (*) 
Cl( 4, 3) in Cl( 4, 3) CPU =        0.027 ms (setup)        0.231 (*) 
Cl( 4, 4) in Cl( 4, 4) CPU =        0.055 ms (setup)        0.563 (*) 
Cl( 5, 4) in Cl( 5, 4) CPU =        0.133 ms (setup)        1.888 (*) 
Cl( 5, 5) in Cl( 5, 5) CPU =        0.234 ms (setup)        2.781 (*) 
Cl( 6, 5) in Cl( 6, 5) CPU =        0.433 ms (setup)        9.264 (*) 
Cl( 6, 6) in Cl( 6, 6) CPU =        0.817 ms (setup)       12.801 (*) 
Cl( 7, 6) in Cl( 7, 6) CPU =        1.650 ms (setup)       42.911 (*) 
Cl( 7, 7) in Cl( 7, 7) CPU =        3.362 ms (setup)       63.055 (*) 
Cl( 8, 7) in Cl( 8, 7) CPU =        6.819 ms (setup)      216.511 (*) 
Cl( 8, 8) in Cl( 8, 8) CPU =       14.089 ms (setup)      324.156 (*) 
Cl( 9, 8) in Cl( 9, 8) CPU =       28.589 ms (setup)      898.732 (*) 
Cl( 9, 9) in Cl( 9, 9) CPU =       64.950 ms (setup)     1764.561 (*) 
Cl(10, 9) in Cl(10, 9) CPU =      135.140 ms (setup)     6369.377 (*) 
Cl(10,10) in Cl(10,10) CPU =      314.370 ms (setup)    10310.650 (*) 
Cl(11,10) in Cl(11,10) CPU =      646.869 ms (setup)    38570.988 (*) 
Cl(11,11) in Cl(11,11) CPU =     1323.239 ms (setup)    66663.505 (*) 

matrix_multi<double>
Clifford algebra squaring test:
Fill: 0.5
Cl( 1, 0) in Cl( 1, 0) CPU =        0.040 ms (setup)        0.004 (*) 
Cl( 1, 1) in Cl( 1, 1) CPU =        0.005 ms (setup)        0.001 (*) 
Cl( 2, 1) in Cl( 2, 1) CPU =        0.019 ms (setup)        0.002 (*) 
Cl( 2, 2) in Cl( 2, 2) CPU =        0.017 ms (setup)        0.001 (*) 
Cl( 3, 2) in Cl( 3, 2) CPU =        0.044 ms (setup)        0.008 (*) 
Cl( 3, 3) in Cl( 3, 3) CPU =       28.551 ms (setup)        0.011 (*) 
Cl( 4, 3) in Cl( 4, 3) CPU =        0.104 ms (setup)        0.006 (*) 
Cl( 4, 4) in Cl( 4, 4) CPU =        0.147 ms (setup)        0.005 (*) 
Cl( 5, 4) in Cl( 5, 4) CPU =        0.323 ms (setup)        0.013 (*) 
Cl( 5, 5) in Cl( 5, 5) CPU =        0.607 ms (setup)        0.013 (*) 
Cl( 6, 5) in Cl( 6, 5) CPU =        1.384 ms (setup)        0.063 (*) 
Cl( 6, 6) in Cl( 6, 6) CPU =        2.891 ms (setup)        0.064 (*) 
Cl( 7, 6) in Cl( 7, 6) CPU =        6.343 ms (setup)        0.435 (*) 
Cl( 7, 7) in Cl( 7, 7) CPU =       12.381 ms (setup)        0.407 (*) 
Cl( 8, 7) in Cl( 8, 7) CPU =       29.581 ms (setup)        2.918 (*) 
Cl( 8, 8) in Cl( 8, 8) CPU =       58.162 ms (setup)        3.030 (*) 
Cl( 9, 8) in Cl( 9, 8) CPU =      145.510 ms (setup)       21.892 (*) 
Cl( 9, 9) in Cl( 9, 9) CPU =      282.848 ms (setup)       24.213 (*) 
Cl(10, 9) in Cl(10, 9) CPU =      754.557 ms (setup)      181.038 (*) 
Cl(10,10) in Cl(10,10) CPU =     1494.217 ms (setup)      169.933 (*) 
Cl(11,10) in Cl(11,10) CPU =     4070.702 ms (setup)     1311.329 (*) 
Cl(11,11) in Cl(11,11) CPU =     8164.913 ms (setup)     1309.060 (*) 
Fill: 1
Cl( 1, 0) in Cl( 1, 0) CPU =        0.020 ms (setup)        0.003 (*) 
Cl( 1, 1) in Cl( 1, 1) CPU =        0.009 ms (setup)        0.001 (*) 
Cl( 2, 1) in Cl( 2, 1) CPU =        0.013 ms (setup)        0.001 (*) 
Cl( 2, 2) in Cl( 2, 2) CPU =        8.967 ms (setup)        0.003 (*) 
Cl( 3, 2) in Cl( 3, 2) CPU =        0.037 ms (setup)        0.008 (*) 
Cl( 3, 3) in Cl( 3, 3) CPU =        0.043 ms (setup)        0.002 (*) 
Cl( 4, 3) in Cl( 4, 3) CPU =        0.106 ms (setup)        0.005 (*) 
Cl( 4, 4) in Cl( 4, 4) CPU =        0.211 ms (setup)        0.005 (*) 
Cl( 5, 4) in Cl( 5, 4) CPU =        0.457 ms (setup)        0.014 (*) 
Cl( 5, 5) in Cl( 5, 5) CPU =        0.893 ms (setup)        0.014 (*) 
Cl( 6, 5) in Cl( 6, 5) CPU =        2.147 ms (setup)        0.063 (*) 
Cl( 6, 6) in Cl( 6, 6) CPU =        4.149 ms (setup)        0.064 (*) 
Cl( 7, 6) in Cl( 7, 6) CPU =        9.869 ms (setup)        0.412 (*) 
Cl( 7, 7) in Cl( 7, 7) CPU =       19.536 ms (setup)        0.408 (*) 
Cl( 8, 7) in Cl( 8, 7) CPU =       47.830 ms (setup)        3.068 (*) 
Cl( 8, 8) in Cl( 8, 8) CPU =       96.360 ms (setup)        3.053 (*) 
Cl( 9, 8) in Cl( 9, 8) CPU =      246.160 ms (setup)       21.756 (*) 
Cl( 9, 9) in Cl( 9, 9) CPU =      503.910 ms (setup)       22.146 (*) 
Cl(10, 9) in Cl(10, 9) CPU =     1358.291 ms (setup)      167.473 (*) 
Cl(10,10) in Cl(10,10) CPU =     2805.149 ms (setup)      169.457 (*) 
Cl(11,10) in Cl(11,10) CPU =     8253.476 ms (setup)     1317.154 (*) 
Cl(11,11) in Cl(11,11) CPU =    17278.156 ms (setup)     1314.801 (*) 
