expressions/expressions
	linux-vdso.so.1 (0x00007874a7c9b000)
	libopenblas.so.0 => /lib/x86_64-linux-gnu/libopenblas.so.0 (0x00007874a44f8000)
	libstdc++.so.6 => /lib/x86_64-linux-gnu/libstdc++.so.6 (0x00007874a4200000)
	libm.so.6 => /lib/x86_64-linux-gnu/libm.so.6 (0x00007874a7b66000)
	libgcc_s.so.1 => /lib/x86_64-linux-gnu/libgcc_s.so.1 (0x00007874a7b39000)
	libc.so.6 => /lib/x86_64-linux-gnu/libc.so.6 (0x00007874a3e00000)
	libmvec.so.1 => /lib/x86_64-linux-gnu/libmvec.so.1 (0x00007874a4106000)
	libgfortran.so.5 => /lib/x86_64-linux-gnu/libgfortran.so.5 (0x00007874a3a00000)
	/lib64/ld-linux-x86-64.so.2 (0x00007874a7c9d000)
gfft_test/gfft_test
	linux-vdso.so.1 (0x000074b6be6a3000)
	libopenblas.so.0 => /lib/x86_64-linux-gnu/libopenblas.so.0 (0x000074b6bb2c0000)
	libstdc++.so.6 => /lib/x86_64-linux-gnu/libstdc++.so.6 (0x000074b6bb000000)
	libm.so.6 => /lib/x86_64-linux-gnu/libm.so.6 (0x000074b6baf09000)
	libgcc_s.so.1 => /lib/x86_64-linux-gnu/libgcc_s.so.1 (0x000074b6be670000)
	libc.so.6 => /lib/x86_64-linux-gnu/libc.so.6 (0x000074b6bac00000)
	libmvec.so.1 => /lib/x86_64-linux-gnu/libmvec.so.1 (0x000074b6bab06000)
	libgfortran.so.5 => /lib/x86_64-linux-gnu/libgfortran.so.5 (0x000074b6ba600000)
	/lib64/ld-linux-x86-64.so.2 (0x000074b6be6a5000)
products/products
	linux-vdso.so.1 (0x0000752079ed2000)
	libopenblas.so.0 => /lib/x86_64-linux-gnu/libopenblas.so.0 (0x00007520768f8000)
	libstdc++.so.6 => /lib/x86_64-linux-gnu/libstdc++.so.6 (0x0000752076600000)
	libm.so.6 => /lib/x86_64-linux-gnu/libm.so.6 (0x0000752076509000)
	libgcc_s.so.1 => /lib/x86_64-linux-gnu/libgcc_s.so.1 (0x0000752079e67000)
	libc.so.6 => /lib/x86_64-linux-gnu/libc.so.6 (0x0000752076200000)
	libmvec.so.1 => /lib/x86_64-linux-gnu/libmvec.so.1 (0x0000752076106000)
	libgfortran.so.5 => /lib/x86_64-linux-gnu/libgfortran.so.5 (0x0000752075c00000)
	/lib64/ld-linux-x86-64.so.2 (0x0000752079ed4000)
squaring/squaring
	linux-vdso.so.1 (0x00007d7f939d6000)
	libopenblas.so.0 => /lib/x86_64-linux-gnu/libopenblas.so.0 (0x00007d7f904f8000)
	libstdc++.so.6 => /lib/x86_64-linux-gnu/libstdc++.so.6 (0x00007d7f90200000)
	libm.so.6 => /lib/x86_64-linux-gnu/libm.so.6 (0x00007d7f938a1000)
	libgcc_s.so.1 => /lib/x86_64-linux-gnu/libgcc_s.so.1 (0x00007d7f904cb000)
	libc.so.6 => /lib/x86_64-linux-gnu/libc.so.6 (0x00007d7f8fe00000)
	libmvec.so.1 => /lib/x86_64-linux-gnu/libmvec.so.1 (0x00007d7f90106000)
	libgfortran.so.5 => /lib/x86_64-linux-gnu/libgfortran.so.5 (0x00007d7f8fa00000)
	/lib64/ld-linux-x86-64.so.2 (0x00007d7f939d8000)
transforms/transforms
	linux-vdso.so.1 (0x00007794446fc000)
	libopenblas.so.0 => /lib/x86_64-linux-gnu/libopenblas.so.0 (0x00007794412f8000)
	libstdc++.so.6 => /lib/x86_64-linux-gnu/libstdc++.so.6 (0x0000779441000000)
	libm.so.6 => /lib/x86_64-linux-gnu/libm.so.6 (0x0000779440f09000)
	libgcc_s.so.1 => /lib/x86_64-linux-gnu/libgcc_s.so.1 (0x0000779444691000)
	libc.so.6 => /lib/x86_64-linux-gnu/libc.so.6 (0x0000779440c00000)
	libmvec.so.1 => /lib/x86_64-linux-gnu/libmvec.so.1 (0x0000779440b06000)
	libgfortran.so.5 => /lib/x86_64-linux-gnu/libgfortran.so.5 (0x0000779440600000)
	/lib64/ld-linux-x86-64.so.2 (0x00007794446fe000)
versor/versor
	linux-vdso.so.1 (0x0000784e7b5cf000)
	libopenblas.so.0 => /lib/x86_64-linux-gnu/libopenblas.so.0 (0x0000784e780f8000)
	libstdc++.so.6 => /lib/x86_64-linux-gnu/libstdc++.so.6 (0x0000784e77e00000)
	libm.so.6 => /lib/x86_64-linux-gnu/libm.so.6 (0x0000784e7b49a000)
	libgcc_s.so.1 => /lib/x86_64-linux-gnu/libgcc_s.so.1 (0x0000784e780cb000)
	libc.so.6 => /lib/x86_64-linux-gnu/libc.so.6 (0x0000784e77a00000)
	libmvec.so.1 => /lib/x86_64-linux-gnu/libmvec.so.1 (0x0000784e77d06000)
	libgfortran.so.5 => /lib/x86_64-linux-gnu/libgfortran.so.5 (0x0000784e77600000)
	/lib64/ld-linux-x86-64.so.2 (0x0000784e7b5d1000)
