
framed_multi<double>
Clifford algebra squaring test:
Fill: 0.5
Cl( 1, 0) in Cl( 1, 0) CPU =        0.043 ms (setup)        0.010 (*) 
Cl( 1, 1) in Cl( 1, 1) CPU =        0.002 ms (setup)        0.002 (*) 
Cl( 2, 1) in Cl( 2, 1) CPU =        0.002 ms (setup)        0.005 (*) 
Cl( 2, 2) in Cl( 2, 2) CPU =        0.003 ms (setup)        0.006 (*) 
Cl( 3, 2) in Cl( 3, 2) CPU =        0.009 ms (setup)        0.016 (*) 
Cl( 3, 3) in Cl( 3, 3) CPU =        0.009 ms (setup)        0.039 (*) 
Cl( 4, 3) in Cl( 4, 3) CPU =        0.019 ms (setup)        0.104 (*) 
Cl( 4, 4) in Cl( 4, 4) CPU =        0.031 ms (setup)        2.387 (*) 
Cl( 5, 4) in Cl( 5, 4) CPU =        0.071 ms (setup)        7.891 (*) 
Cl( 5, 5) in Cl( 5, 5) CPU =        0.136 ms (setup)       11.551 (*) 
Cl( 6, 5) in Cl( 6, 5) CPU =        0.269 ms (setup)       35.789 (*) 
Cl( 6, 6) in Cl( 6, 6) CPU =        0.520 ms (setup)       47.901 (*) 
Cl( 7, 6) in Cl( 7, 6) CPU =        4.098 ms (setup)      163.504 (*) 
Cl( 7, 7) in Cl( 7, 7) CPU =        8.132 ms (setup)      220.335 (*) 
Cl( 8, 7) in Cl( 8, 7) CPU =       16.796 ms (setup)      657.467 (*) 
Cl( 8, 8) in Cl( 8, 8) CPU =        7.870 ms (setup)      529.389 (*) 
Cl( 9, 8) in Cl( 9, 8) CPU =       17.745 ms (setup)      956.120 (*) 
Cl( 9, 9) in Cl( 9, 9) CPU =       33.582 ms (setup)     1555.691 (*) 
Cl(10, 9) in Cl(10, 9) CPU =       73.206 ms (setup)     5092.015 (*) 
Cl(10,10) in Cl(10,10) CPU =      141.569 ms (setup)     7128.832 (*) 
Cl(11,10) in Cl(11,10) CPU =      325.604 ms (setup)    28281.147 (*) 
Cl(11,11) in Cl(11,11) CPU =      631.453 ms (setup)    41543.317 (*) 
Fill: 1
Cl( 1, 0) in Cl( 1, 0) CPU =        0.007 ms (setup)        0.007 (*) 
Cl( 1, 1) in Cl( 1, 1) CPU =        0.002 ms (setup)        0.004 (*) 
Cl( 2, 1) in Cl( 2, 1) CPU =        0.003 ms (setup)        0.007 (*) 
Cl( 2, 2) in Cl( 2, 2) CPU =        0.004 ms (setup)        0.010 (*) 
Cl( 3, 2) in Cl( 3, 2) CPU =        0.009 ms (setup)        0.023 (*) 
Cl( 3, 3) in Cl( 3, 3) CPU =        0.014 ms (setup)        0.069 (*) 
Cl( 4, 3) in Cl( 4, 3) CPU =        0.030 ms (setup)        0.221 (*) 
Cl( 4, 4) in Cl( 4, 4) CPU =        0.053 ms (setup)       13.613 (*) 
Cl( 5, 4) in Cl( 5, 4) CPU =        0.113 ms (setup)        1.879 (*) 
Cl( 5, 5) in Cl( 5, 5) CPU =        0.206 ms (setup)        2.746 (*) 
Cl( 6, 5) in Cl( 6, 5) CPU =        0.400 ms (setup)        9.036 (*) 
Cl( 6, 6) in Cl( 6, 6) CPU =        0.781 ms (setup)       14.090 (*) 
Cl( 7, 6) in Cl( 7, 6) CPU =        1.823 ms (setup)      156.760 (*) 
Cl( 7, 7) in Cl( 7, 7) CPU =       12.646 ms (setup)      288.226 (*) 
Cl( 8, 7) in Cl( 8, 7) CPU =       28.550 ms (setup)      684.969 (*) 
Cl( 8, 8) in Cl( 8, 8) CPU =       13.433 ms (setup)      618.417 (*) 
Cl( 9, 8) in Cl( 9, 8) CPU =       27.712 ms (setup)     1196.798 (*) 
Cl( 9, 9) in Cl( 9, 9) CPU =       62.231 ms (setup)     2108.001 (*) 
Cl(10, 9) in Cl(10, 9) CPU =      146.819 ms (setup)     6538.927 (*) 
Cl(10,10) in Cl(10,10) CPU =      292.476 ms (setup)    10560.339 (*) 
Cl(11,10) in Cl(11,10) CPU =      578.051 ms (setup)    38555.152 (*) 
Cl(11,11) in Cl(11,11) CPU =     1264.735 ms (setup)    66655.303 (*) 

matrix_multi<double>
Clifford algebra squaring test:
Fill: 0.5
Cl( 1, 0) in Cl( 1, 0) CPU =        0.058 ms (setup)        0.004 (*) 
Cl( 1, 1) in Cl( 1, 1) CPU =        0.007 ms (setup)        0.001 (*) 
Cl( 2, 1) in Cl( 2, 1) CPU =        0.024 ms (setup)        0.002 (*) 
Cl( 2, 2) in Cl( 2, 2) CPU =        0.018 ms (setup)        0.002 (*) 
Cl( 3, 2) in Cl( 3, 2) CPU =        0.046 ms (setup)        0.008 (*) 
Cl( 3, 3) in Cl( 3, 3) CPU =        0.067 ms (setup)        0.004 (*) 
Cl( 4, 3) in Cl( 4, 3) CPU =        0.089 ms (setup)        0.006 (*) 
Cl( 4, 4) in Cl( 4, 4) CPU =        0.166 ms (setup)        0.005 (*) 
Cl( 5, 4) in Cl( 5, 4) CPU =        0.365 ms (setup)        0.013 (*) 
Cl( 5, 5) in Cl( 5, 5) CPU =        0.701 ms (setup)        0.013 (*) 
Cl( 6, 5) in Cl( 6, 5) CPU =        1.575 ms (setup)        0.067 (*) 
Cl( 6, 6) in Cl( 6, 6) CPU =        3.049 ms (setup)        0.062 (*) 
Cl( 7, 6) in Cl( 7, 6) CPU =        7.553 ms (setup)        0.699 (*) 
Cl( 7, 7) in Cl( 7, 7) CPU =       88.815 ms (setup)        3.356 (*) 
Cl( 8, 7) in Cl( 8, 7) CPU =      180.572 ms (setup)        7.271 (*) 
Cl( 8, 8) in Cl( 8, 8) CPU =      288.044 ms (setup)        7.336 (*) 
Cl( 9, 8) in Cl( 9, 8) CPU =      448.325 ms (setup)       26.402 (*) 
Cl( 9, 9) in Cl( 9, 9) CPU =      595.892 ms (setup)       26.960 (*) 
Cl(10, 9) in Cl(10, 9) CPU =     1102.503 ms (setup)      214.174 (*) 
Cl(10,10) in Cl(10,10) CPU =     1905.423 ms (setup)      223.664 (*) 
Cl(11,10) in Cl(11,10) CPU =     4706.071 ms (setup)     1652.938 (*) 
Cl(11,11) in Cl(11,11) CPU =     9093.214 ms (setup)     1630.753 (*) 
Fill: 1
Cl( 1, 0) in Cl( 1, 0) CPU =        0.023 ms (setup)        0.003 (*) 
Cl( 1, 1) in Cl( 1, 1) CPU =        0.014 ms (setup)        0.001 (*) 
Cl( 2, 1) in Cl( 2, 1) CPU =        0.016 ms (setup)        0.002 (*) 
Cl( 2, 2) in Cl( 2, 2) CPU =        0.026 ms (setup)        0.001 (*) 
Cl( 3, 2) in Cl( 3, 2) CPU =        0.038 ms (setup)        0.006 (*) 
Cl( 3, 3) in Cl( 3, 3) CPU =        0.057 ms (setup)        0.003 (*) 
Cl( 4, 3) in Cl( 4, 3) CPU =        0.137 ms (setup)        0.005 (*) 
Cl( 4, 4) in Cl( 4, 4) CPU =        3.275 ms (setup)        0.006 (*) 
Cl( 5, 4) in Cl( 5, 4) CPU =      108.252 ms (setup)        0.022 (*) 
Cl( 5, 5) in Cl( 5, 5) CPU =        4.088 ms (setup)        0.015 (*) 
Cl( 6, 5) in Cl( 6, 5) CPU =       11.554 ms (setup)        0.070 (*) 
Cl( 6, 6) in Cl( 6, 6) CPU =       20.075 ms (setup)        0.070 (*) 
Cl( 7, 6) in Cl( 7, 6) CPU =       47.922 ms (setup)        0.191 (*) 
Cl( 7, 7) in Cl( 7, 7) CPU =       95.674 ms (setup)        0.173 (*) 
Cl( 8, 7) in Cl( 8, 7) CPU =      231.796 ms (setup)        4.320 (*) 
Cl( 8, 8) in Cl( 8, 8) CPU =      390.902 ms (setup)        3.601 (*) 
Cl( 9, 8) in Cl( 9, 8) CPU =      551.743 ms (setup)       26.529 (*) 
Cl( 9, 9) in Cl( 9, 9) CPU =      830.112 ms (setup)       27.154 (*) 
Cl(10, 9) in Cl(10, 9) CPU =     1778.783 ms (setup)      296.146 (*) 
Cl(10,10) in Cl(10,10) CPU =     3316.578 ms (setup)      211.922 (*) 
Cl(11,10) in Cl(11,10) CPU =     9137.130 ms (setup)     1642.295 (*) 
Cl(11,11) in Cl(11,11) CPU =    18802.085 ms (setup)     1786.756 (*) 
