expressions/expressions
	linux-vdso.so.1 (0x0000fffecb92c000)
	libarmadillo.so.12 => /lib64/libarmadillo.so.12 (0x0000fffecb8c0000)
	libopenblas.so.0 => /lib64/libopenblas.so.0 (0x0000fffeca550000)
	libstdc++.so.6 => /lib64/libstdc++.so.6 (0x0000fffeca2a0000)
	libm.so.6 => /lib64/libm.so.6 (0x0000fffeca1d0000)
	libgcc_s.so.1 => /lib64/libgcc_s.so.1 (0x0000fffeca190000)
	libc.so.6 => /lib64/libc.so.6 (0x0000fffec9fc0000)
	libflexiblas.so.3 => /lib64/libflexiblas.so.3 (0x0000fffec99f0000)
	libarpack.so.2 => /lib64/libarpack.so.2 (0x0000fffec9990000)
	libgfortran.so.5 => /lib64/libgfortran.so.5 (0x0000fffec97c0000)
	/lib/ld-linux-aarch64.so.1 (0x0000fffecb930000)
gfft_test/gfft_test
	linux-vdso.so.1 (0x0000fffef932c000)
	libarmadillo.so.12 => /lib64/libarmadillo.so.12 (0x0000fffef92c0000)
	libopenblas.so.0 => /lib64/libopenblas.so.0 (0x0000fffef7f50000)
	libstdc++.so.6 => /lib64/libstdc++.so.6 (0x0000fffef7ca0000)
	libm.so.6 => /lib64/libm.so.6 (0x0000fffef7bd0000)
	libgcc_s.so.1 => /lib64/libgcc_s.so.1 (0x0000fffef7b90000)
	libc.so.6 => /lib64/libc.so.6 (0x0000fffef79c0000)
	libflexiblas.so.3 => /lib64/libflexiblas.so.3 (0x0000fffef73f0000)
	libarpack.so.2 => /lib64/libarpack.so.2 (0x0000fffef7390000)
	libgfortran.so.5 => /lib64/libgfortran.so.5 (0x0000fffef71c0000)
	/lib/ld-linux-aarch64.so.1 (0x0000fffef9330000)
products/products
	linux-vdso.so.1 (0x0000ffff2f74c000)
	libarmadillo.so.12 => /lib64/libarmadillo.so.12 (0x0000ffff2f6e0000)
	libopenblas.so.0 => /lib64/libopenblas.so.0 (0x0000ffff2e370000)
	libstdc++.so.6 => /lib64/libstdc++.so.6 (0x0000ffff2e0c0000)
	libm.so.6 => /lib64/libm.so.6 (0x0000ffff2dff0000)
	libgcc_s.so.1 => /lib64/libgcc_s.so.1 (0x0000ffff2dfb0000)
	libc.so.6 => /lib64/libc.so.6 (0x0000ffff2dde0000)
	libflexiblas.so.3 => /lib64/libflexiblas.so.3 (0x0000ffff2d810000)
	libarpack.so.2 => /lib64/libarpack.so.2 (0x0000ffff2d7b0000)
	libgfortran.so.5 => /lib64/libgfortran.so.5 (0x0000ffff2d5e0000)
	/lib/ld-linux-aarch64.so.1 (0x0000ffff2f750000)
squaring/squaring
	linux-vdso.so.1 (0x0000ffffb2e4c000)
	libarmadillo.so.12 => /lib64/libarmadillo.so.12 (0x0000ffffb2de0000)
	libopenblas.so.0 => /lib64/libopenblas.so.0 (0x0000ffffb1a70000)
	libstdc++.so.6 => /lib64/libstdc++.so.6 (0x0000ffffb17c0000)
	libm.so.6 => /lib64/libm.so.6 (0x0000ffffb16f0000)
	libgcc_s.so.1 => /lib64/libgcc_s.so.1 (0x0000ffffb16b0000)
	libc.so.6 => /lib64/libc.so.6 (0x0000ffffb14e0000)
	libflexiblas.so.3 => /lib64/libflexiblas.so.3 (0x0000ffffb0f10000)
	libarpack.so.2 => /lib64/libarpack.so.2 (0x0000ffffb0eb0000)
	libgfortran.so.5 => /lib64/libgfortran.so.5 (0x0000ffffb0ce0000)
	/lib/ld-linux-aarch64.so.1 (0x0000ffffb2e50000)
transforms/transforms
	linux-vdso.so.1 (0x0000ffff65eac000)
	libarmadillo.so.12 => /lib64/libarmadillo.so.12 (0x0000ffff65e40000)
	libopenblas.so.0 => /lib64/libopenblas.so.0 (0x0000ffff64ad0000)
	libstdc++.so.6 => /lib64/libstdc++.so.6 (0x0000ffff64820000)
	libm.so.6 => /lib64/libm.so.6 (0x0000ffff64750000)
	libgcc_s.so.1 => /lib64/libgcc_s.so.1 (0x0000ffff64710000)
	libc.so.6 => /lib64/libc.so.6 (0x0000ffff64540000)
	libflexiblas.so.3 => /lib64/libflexiblas.so.3 (0x0000ffff63f70000)
	libarpack.so.2 => /lib64/libarpack.so.2 (0x0000ffff63f10000)
	libgfortran.so.5 => /lib64/libgfortran.so.5 (0x0000ffff63d40000)
	/lib/ld-linux-aarch64.so.1 (0x0000ffff65eb0000)
versor/versor
	linux-vdso.so.1 (0x0000fffedd93c000)
	libarmadillo.so.12 => /lib64/libarmadillo.so.12 (0x0000fffedd8d0000)
	libopenblas.so.0 => /lib64/libopenblas.so.0 (0x0000fffedc560000)
	libstdc++.so.6 => /lib64/libstdc++.so.6 (0x0000fffedc2b0000)
	libm.so.6 => /lib64/libm.so.6 (0x0000fffedc1e0000)
	libgcc_s.so.1 => /lib64/libgcc_s.so.1 (0x0000fffedc1a0000)
	libc.so.6 => /lib64/libc.so.6 (0x0000fffedbfd0000)
	libflexiblas.so.3 => /lib64/libflexiblas.so.3 (0x0000fffedba00000)
	libarpack.so.2 => /lib64/libarpack.so.2 (0x0000fffedb9a0000)
	libgfortran.so.5 => /lib64/libgfortran.so.5 (0x0000fffedb7d0000)
	/lib/ld-linux-aarch64.so.1 (0x0000fffedd940000)
