
framed_multi<float,-4,4>
Clifford algebra products test:
Fill: 0.5
Cl( 1, 0) in Cl( 1, 0) CPU =        0.000 ms (setup)        0.001 (*)        0.000 (^)        0.000 (&)        0.000 (%) 
Cl( 1, 1) in Cl( 1, 1) CPU =        0.000 ms (setup)        0.001 (*)        0.001 (^)        0.001 (&)        0.001 (%) 
Cl( 2, 1) in Cl( 2, 1) CPU =        0.001 ms (setup)        0.001 (*)        0.001 (^)        0.001 (&)        0.001 (%) 
Cl( 2, 2) in Cl( 2, 2) CPU =        0.001 ms (setup)        0.002 (*)        0.001 (^)        0.001 (&)        0.001 (%) 
Cl( 3, 2) in Cl( 3, 2) CPU =        0.002 ms (setup)        0.003 (*)        0.002 (^)        0.002 (&)        0.002 (%) 
Cl( 3, 3) in Cl( 3, 3) CPU =        0.003 ms (setup)        0.008 (*)        0.004 (^)        0.004 (&)        0.004 (%) 
Cl( 4, 3) in Cl( 4, 3) CPU =        0.007 ms (setup)        0.021 (*)        0.014 (^)        0.011 (&)        0.009 (%) 
Cl( 4, 4) in Cl( 4, 4) CPU =        0.013 ms (setup)        0.167 (*)        0.047 (^)        0.036 (&)        0.024 (%) 
Cl( 1, 0) in Cl( 4, 4) CPU =        0.000 ms (setup)        0.001 (*)        0.000 (^)        0.000 (&)        0.000 (%) 
Cl( 1, 1) in Cl( 4, 4) CPU =        0.001 ms (setup)        0.001 (*)        0.001 (^)        0.001 (&)        0.001 (%) 
Cl( 2, 1) in Cl( 4, 4) CPU =        0.001 ms (setup)        0.000 (*)        0.000 (^)        0.000 (&)        0.000 (%) 
Cl( 2, 2) in Cl( 4, 4) CPU =        0.001 ms (setup)        0.001 (*)        0.001 (^)        0.001 (&)        0.001 (%) 
Cl( 3, 2) in Cl( 4, 4) CPU =        0.001 ms (setup)        0.003 (*)        0.002 (^)        0.002 (&)        0.002 (%) 
Cl( 3, 3) in Cl( 4, 4) CPU =        0.003 ms (setup)        0.009 (*)        0.004 (^)        0.004 (&)        0.004 (%) 
Cl( 4, 3) in Cl( 4, 4) CPU =        0.007 ms (setup)        0.022 (*)        0.013 (^)        0.011 (&)        0.009 (%) 
Cl( 4, 4) in Cl( 4, 4) CPU =        0.013 ms (setup)        0.165 (*)        0.046 (^)        0.037 (&)        0.025 (%) 
Fill: 1
Cl( 1, 0) in Cl( 1, 0) CPU =        0.001 ms (setup)        0.001 (*)        0.001 (^)        0.000 (&)        0.001 (%) 
Cl( 1, 1) in Cl( 1, 1) CPU =        0.000 ms (setup)        0.001 (*)        0.001 (^)        0.001 (&)        0.001 (%) 
Cl( 2, 1) in Cl( 2, 1) CPU =        0.001 ms (setup)        0.001 (*)        0.001 (^)        0.001 (&)        0.001 (%) 
Cl( 2, 2) in Cl( 2, 2) CPU =        0.001 ms (setup)        0.002 (*)        0.001 (^)        0.001 (&)        0.001 (%) 
Cl( 3, 2) in Cl( 3, 2) CPU =        0.002 ms (setup)        0.005 (*)        0.003 (^)        0.003 (&)        0.003 (%) 
Cl( 3, 3) in Cl( 3, 3) CPU =        0.004 ms (setup)        0.015 (*)        0.005 (^)        0.006 (&)        0.005 (%) 
Cl( 4, 3) in Cl( 4, 3) CPU =        0.008 ms (setup)        0.045 (*)        0.013 (^)        0.016 (&)        0.012 (%) 
Cl( 4, 4) in Cl( 4, 4) CPU =        0.018 ms (setup)        0.203 (*)        0.036 (^)        0.043 (&)        0.030 (%) 
Cl( 1, 0) in Cl( 4, 4) CPU =        0.000 ms (setup)        0.001 (*)        0.001 (^)        0.000 (&)        0.000 (%) 
Cl( 1, 1) in Cl( 4, 4) CPU =        0.001 ms (setup)        0.001 (*)        0.001 (^)        0.001 (&)        0.001 (%) 
Cl( 2, 1) in Cl( 4, 4) CPU =        0.001 ms (setup)        0.001 (*)        0.001 (^)        0.001 (&)        0.001 (%) 
Cl( 2, 2) in Cl( 4, 4) CPU =        0.001 ms (setup)        0.002 (*)        0.001 (^)        0.002 (&)        0.001 (%) 
Cl( 3, 2) in Cl( 4, 4) CPU =        0.002 ms (setup)        0.005 (*)        0.002 (^)        0.003 (&)        0.003 (%) 
Cl( 3, 3) in Cl( 4, 4) CPU =        0.004 ms (setup)        0.014 (*)        0.005 (^)        0.005 (&)        0.005 (%) 
Cl( 4, 3) in Cl( 4, 4) CPU =        0.009 ms (setup)        0.045 (*)        0.013 (^)        0.016 (&)        0.012 (%) 
Cl( 4, 4) in Cl( 4, 4) CPU =        0.018 ms (setup)        0.200 (*)        0.035 (^)        0.042 (&)        0.030 (%) 

matrix_multi<float,-4,4>
Clifford algebra products test:
Fill: 0.5
Cl( 1, 0) in Cl( 1, 0) CPU =        0.001 ms (setup)        0.001 (*)        0.003 (^)        0.002 (&)        0.003 (%) 
Cl( 1, 1) in Cl( 1, 1) CPU =        0.001 ms (setup)        0.001 (*)        0.002 (^)        0.002 (&)        0.002 (%) 
Cl( 2, 1) in Cl( 2, 1) CPU =        0.002 ms (setup)        0.000 (*)        0.013 (^)        0.011 (&)        0.012 (%) 
Cl( 2, 2) in Cl( 2, 2) CPU =        0.002 ms (setup)        0.000 (*)        0.014 (^)        0.011 (&)        0.013 (%) 
Cl( 3, 2) in Cl( 3, 2) CPU =        0.014 ms (setup)        0.000 (*)        0.052 (^)        0.056 (&)        0.056 (%) 
Cl( 3, 3) in Cl( 3, 3) CPU =        0.011 ms (setup)        0.001 (*)        0.095 (^)        0.098 (&)        0.097 (%) 
Cl( 4, 3) in Cl( 4, 3) CPU =        0.027 ms (setup)        0.001 (*)        0.370 (^)        0.406 (&)        0.412 (%) 
Cl( 4, 4) in Cl( 4, 4) CPU =        0.056 ms (setup)        0.001 (*)        0.733 (^)        0.720 (&)        0.741 (%) 
Cl( 1, 0) in Cl( 4, 4) CPU =        0.001 ms (setup)        0.001 (*)        0.015 (^)        0.015 (&)        0.015 (%) 
Cl( 1, 1) in Cl( 4, 4) CPU =        0.003 ms (setup)        0.001 (*)        0.034 (^)        0.021 (&)        0.030 (%) 
Cl( 2, 1) in Cl( 4, 4) CPU =        0.004 ms (setup)        0.001 (*)        0.028 (^)        0.025 (&)        0.025 (%) 
Cl( 2, 2) in Cl( 4, 4) CPU =        0.009 ms (setup)        0.001 (*)        0.038 (^)        0.036 (&)        0.036 (%) 
Cl( 3, 2) in Cl( 4, 4) CPU =        0.022 ms (setup)        0.001 (*)        0.108 (^)        0.082 (&)        0.090 (%) 
Cl( 3, 3) in Cl( 4, 4) CPU =        0.035 ms (setup)        0.001 (*)        0.161 (^)        0.121 (&)        0.135 (%) 
Cl( 4, 3) in Cl( 4, 4) CPU =        0.093 ms (setup)        0.001 (*)        0.371 (^)        0.390 (&)        0.381 (%) 
Cl( 4, 4) in Cl( 4, 4) CPU =        0.053 ms (setup)        0.001 (*)        0.670 (^)        0.721 (&)        0.721 (%) 
Fill: 1
Cl( 1, 0) in Cl( 1, 0) CPU =        0.001 ms (setup)        0.000 (*)        0.003 (^)        0.002 (&)        0.003 (%) 
Cl( 1, 1) in Cl( 1, 1) CPU =        0.001 ms (setup)        0.000 (*)        0.004 (^)        0.003 (&)        0.004 (%) 
Cl( 2, 1) in Cl( 2, 1) CPU =        0.002 ms (setup)        0.001 (*)        0.013 (^)        0.012 (&)        0.013 (%) 
Cl( 2, 2) in Cl( 2, 2) CPU =        0.003 ms (setup)        0.000 (*)        0.022 (^)        0.018 (&)        0.022 (%) 
Cl( 3, 2) in Cl( 3, 2) CPU =        0.006 ms (setup)        0.001 (*)        0.080 (^)        0.077 (&)        0.081 (%) 
Cl( 3, 3) in Cl( 3, 3) CPU =        0.013 ms (setup)        0.000 (*)        0.124 (^)        0.115 (&)        0.123 (%) 
Cl( 4, 3) in Cl( 4, 3) CPU =        0.036 ms (setup)        0.001 (*)        0.524 (^)        0.530 (&)        0.525 (%) 
Cl( 4, 4) in Cl( 4, 4) CPU =        0.073 ms (setup)        0.001 (*)        0.813 (^)        0.800 (&)        0.808 (%) 
Cl( 1, 0) in Cl( 4, 4) CPU =        0.001 ms (setup)        0.001 (*)        0.027 (^)        0.018 (&)        0.022 (%) 
Cl( 1, 1) in Cl( 4, 4) CPU =        0.002 ms (setup)        0.001 (*)        0.033 (^)        0.021 (&)        0.029 (%) 
Cl( 2, 1) in Cl( 4, 4) CPU =        0.005 ms (setup)        0.001 (*)        0.052 (^)        0.036 (&)        0.041 (%) 
Cl( 2, 2) in Cl( 4, 4) CPU =        0.010 ms (setup)        0.001 (*)        0.072 (^)        0.048 (&)        0.056 (%) 
Cl( 3, 2) in Cl( 4, 4) CPU =        0.025 ms (setup)        0.001 (*)        0.143 (^)        0.107 (&)        0.112 (%) 
Cl( 3, 3) in Cl( 4, 4) CPU =        0.044 ms (setup)        0.001 (*)        0.209 (^)        0.170 (&)        0.178 (%) 
Cl( 4, 3) in Cl( 4, 4) CPU =        0.118 ms (setup)        0.001 (*)        0.585 (^)        0.534 (&)        0.533 (%) 
Cl( 4, 4) in Cl( 4, 4) CPU =        0.069 ms (setup)        0.001 (*)        0.810 (^)        0.801 (&)        0.810 (%) 

framed_multi<double>
Clifford algebra products test:
Fill: 0.5
Cl( 1, 0) in Cl( 1, 0) CPU =        0.001 ms (setup)        0.001 (*)        0.001 (^)        0.000 (&)        0.000 (%) 
Cl( 1, 1) in Cl( 1, 1) CPU =        0.001 ms (setup)        0.001 (*)        0.000 (^)        0.000 (&)        0.000 (%) 
Cl( 2, 1) in Cl( 2, 1) CPU =        0.001 ms (setup)        0.001 (*)        0.001 (^)        0.001 (&)        0.001 (%) 
Cl( 2, 2) in Cl( 2, 2) CPU =        0.001 ms (setup)        0.002 (*)        0.001 (^)        0.002 (&)        0.001 (%) 
Cl( 3, 2) in Cl( 3, 2) CPU =        0.002 ms (setup)        0.005 (*)        0.002 (^)        0.002 (&)        0.002 (%) 
Cl( 3, 3) in Cl( 3, 3) CPU =        0.003 ms (setup)        0.011 (*)        0.005 (^)        0.005 (&)        0.005 (%) 
Cl( 4, 3) in Cl( 4, 3) CPU =        0.007 ms (setup)        0.030 (*)        0.017 (^)        0.015 (&)        0.013 (%) 
Cl( 4, 4) in Cl( 4, 4) CPU =        0.013 ms (setup)        0.163 (*)        0.052 (^)        0.041 (&)        0.032 (%) 
Cl( 5, 4) in Cl( 5, 4) CPU =        0.028 ms (setup)        0.610 (*)        0.164 (^)        0.132 (&)        0.090 (%) 
Cl( 5, 5) in Cl( 5, 5) CPU =        0.057 ms (setup)        0.828 (*)        0.469 (^)        0.335 (&)        0.215 (%) 
Cl( 6, 5) in Cl( 6, 5) CPU =        0.117 ms (setup)        3.042 (*)        1.334 (^)        0.959 (&)        0.595 (%) 
Cl( 6, 6) in Cl( 6, 6) CPU =        0.241 ms (setup)        4.149 (*)        3.799 (^)        2.770 (&)        1.577 (%) 
Cl( 7, 6) in Cl( 7, 6) CPU =        0.488 ms (setup)       14.781 (*)       11.464 (^)        8.511 (&)        4.848 (%) 
Cl( 7, 7) in Cl( 7, 7) CPU =        0.991 ms (setup)       20.195 (*)       33.318 (^)       24.390 (&)       12.995 (%) 
Cl( 8, 7) in Cl( 8, 7) CPU =        2.008 ms (setup)       73.413 (*)       98.817 (^)       70.655 (&)       37.404 (%) 
Cl( 8, 8) in Cl( 8, 8) CPU =        4.014 ms (setup)      101.161 (*)      291.834 (^)      210.392 (&)      108.907 (%) 
Cl( 1, 0) in Cl( 8, 8) CPU =        0.001 ms (setup)        0.000 (*)        0.000 (^)        0.000 (&)        0.000 (%) 
Cl( 1, 1) in Cl( 8, 8) CPU =        0.001 ms (setup)        0.000 (*)        0.000 (^)        0.001 (&)        0.001 (%) 
Cl( 2, 1) in Cl( 8, 8) CPU =        0.001 ms (setup)        0.000 (*)        0.000 (^)        0.001 (&)        0.000 (%) 
Cl( 2, 2) in Cl( 8, 8) CPU =        0.001 ms (setup)        0.002 (*)        0.001 (^)        0.001 (&)        0.001 (%) 
Cl( 3, 2) in Cl( 8, 8) CPU =        0.002 ms (setup)        0.004 (*)        0.002 (^)        0.002 (&)        0.002 (%) 
Cl( 3, 3) in Cl( 8, 8) CPU =        0.003 ms (setup)        0.009 (*)        0.005 (^)        0.005 (&)        0.004 (%) 
Cl( 4, 3) in Cl( 8, 8) CPU =        0.007 ms (setup)        0.024 (*)        0.014 (^)        0.012 (&)        0.011 (%) 
Cl( 4, 4) in Cl( 8, 8) CPU =        0.013 ms (setup)        0.164 (*)        0.053 (^)        0.043 (&)        0.034 (%) 
Cl( 5, 4) in Cl( 8, 8) CPU =        0.028 ms (setup)        0.601 (*)        0.166 (^)        0.132 (&)        0.087 (%) 
Cl( 5, 5) in Cl( 8, 8) CPU =        0.057 ms (setup)        0.814 (*)        0.456 (^)        0.342 (&)        0.209 (%) 
Cl( 6, 5) in Cl( 8, 8) CPU =        0.118 ms (setup)        3.025 (*)        1.307 (^)        0.950 (&)        0.576 (%) 
Cl( 6, 6) in Cl( 8, 8) CPU =        0.235 ms (setup)        4.074 (*)        3.816 (^)        2.711 (&)        1.582 (%) 
Cl( 7, 6) in Cl( 8, 8) CPU =        0.486 ms (setup)       14.578 (*)       11.162 (^)        8.223 (&)        4.552 (%) 
Cl( 7, 7) in Cl( 8, 8) CPU =        0.984 ms (setup)       19.974 (*)       33.291 (^)       24.177 (&)       12.931 (%) 
Cl( 8, 7) in Cl( 8, 8) CPU =        1.990 ms (setup)       73.117 (*)       98.562 (^)       70.561 (&)       37.507 (%) 
Cl( 8, 8) in Cl( 8, 8) CPU =        4.023 ms (setup)      101.148 (*)      291.786 (^)      212.082 (&)      109.698 (%) 
Fill: 1
Cl( 1, 0) in Cl( 1, 0) CPU =        0.000 ms (setup)        0.001 (*)        0.001 (^)        0.000 (&)        0.000 (%) 
Cl( 1, 1) in Cl( 1, 1) CPU =        0.001 ms (setup)        0.001 (*)        0.000 (^)        0.001 (&)        0.001 (%) 
Cl( 2, 1) in Cl( 2, 1) CPU =        0.001 ms (setup)        0.002 (*)        0.001 (^)        0.001 (&)        0.001 (%) 
Cl( 2, 2) in Cl( 2, 2) CPU =        0.001 ms (setup)        0.003 (*)        0.002 (^)        0.002 (&)        0.002 (%) 
Cl( 3, 2) in Cl( 3, 2) CPU =        0.003 ms (setup)        0.007 (*)        0.004 (^)        0.004 (&)        0.002 (%) 
Cl( 3, 3) in Cl( 3, 3) CPU =        0.004 ms (setup)        0.019 (*)        0.007 (^)        0.009 (&)        0.007 (%) 
Cl( 4, 3) in Cl( 4, 3) CPU =        0.010 ms (setup)        0.067 (*)        0.022 (^)        0.022 (&)        0.018 (%) 
Cl( 4, 4) in Cl( 4, 4) CPU =        0.021 ms (setup)        0.207 (*)        0.054 (^)        0.061 (&)        0.051 (%) 
Cl( 5, 4) in Cl( 5, 4) CPU =        0.043 ms (setup)        0.707 (*)        0.142 (^)        0.156 (&)        0.120 (%) 
Cl( 5, 5) in Cl( 5, 5) CPU =        0.092 ms (setup)        1.044 (*)        0.364 (^)        0.405 (&)        0.292 (%) 
Cl( 6, 5) in Cl( 6, 5) CPU =        0.187 ms (setup)        3.627 (*)        0.967 (^)        1.070 (&)        0.727 (%) 
Cl( 6, 6) in Cl( 6, 6) CPU =        0.381 ms (setup)        5.413 (*)        2.624 (^)        2.905 (&)        1.850 (%) 
Cl( 7, 6) in Cl( 7, 6) CPU =        0.783 ms (setup)       18.051 (*)        7.350 (^)        8.437 (&)        5.014 (%) 
Cl( 7, 7) in Cl( 7, 7) CPU =        1.552 ms (setup)       27.352 (*)       20.744 (^)       24.613 (&)       13.906 (%) 
Cl( 8, 7) in Cl( 8, 7) CPU =        3.183 ms (setup)       92.807 (*)       59.501 (^)       72.253 (&)       39.678 (%) 
Cl( 8, 8) in Cl( 8, 8) CPU =        6.366 ms (setup)      143.814 (*)      173.287 (^)      213.789 (&)      114.798 (%) 
Cl( 1, 0) in Cl( 8, 8) CPU =        0.001 ms (setup)        0.001 (*)        0.001 (^)        0.000 (&)        0.000 (%) 
Cl( 1, 1) in Cl( 8, 8) CPU =        0.001 ms (setup)        0.001 (*)        0.000 (^)        0.001 (&)        0.001 (%) 
Cl( 2, 1) in Cl( 8, 8) CPU =        0.001 ms (setup)        0.002 (*)        0.001 (^)        0.001 (&)        0.001 (%) 
Cl( 2, 2) in Cl( 8, 8) CPU =        0.001 ms (setup)        0.003 (*)        0.001 (^)        0.002 (&)        0.002 (%) 
Cl( 3, 2) in Cl( 8, 8) CPU =        0.003 ms (setup)        0.007 (*)        0.003 (^)        0.003 (&)        0.003 (%) 
Cl( 3, 3) in Cl( 8, 8) CPU =        0.005 ms (setup)        0.020 (*)        0.007 (^)        0.009 (&)        0.007 (%) 
Cl( 4, 3) in Cl( 8, 8) CPU =        0.009 ms (setup)        0.068 (*)        0.019 (^)        0.022 (&)        0.019 (%) 
Cl( 4, 4) in Cl( 8, 8) CPU =        0.021 ms (setup)        0.203 (*)        0.056 (^)        0.061 (&)        0.050 (%) 
Cl( 5, 4) in Cl( 8, 8) CPU =        0.043 ms (setup)        0.706 (*)        0.144 (^)        0.158 (&)        0.119 (%) 
Cl( 5, 5) in Cl( 8, 8) CPU =        0.091 ms (setup)        1.048 (*)        0.366 (^)        0.405 (&)        0.291 (%) 
Cl( 6, 5) in Cl( 8, 8) CPU =        0.187 ms (setup)        3.630 (*)        0.969 (^)        1.072 (&)        0.726 (%) 
Cl( 6, 6) in Cl( 8, 8) CPU =        0.382 ms (setup)        5.410 (*)        2.624 (^)        2.902 (&)        1.848 (%) 
Cl( 7, 6) in Cl( 8, 8) CPU =        0.784 ms (setup)       18.050 (*)        7.338 (^)        8.437 (&)        5.021 (%) 
Cl( 7, 7) in Cl( 8, 8) CPU =        1.552 ms (setup)       27.333 (*)       20.740 (^)       24.623 (&)       13.911 (%) 
Cl( 8, 7) in Cl( 8, 8) CPU =        3.188 ms (setup)       92.776 (*)       59.656 (^)       72.263 (&)       39.714 (%) 
Cl( 8, 8) in Cl( 8, 8) CPU =        6.353 ms (setup)      143.683 (*)      173.206 (^)      213.761 (&)      114.820 (%) 

matrix_multi<double>
Clifford algebra products test:
Fill: 0.5
Cl( 1, 0) in Cl( 1, 0) CPU =        0.001 ms (setup)        0.001 (*)        0.003 (^)        0.002 (&)        0.002 (%) 
Cl( 1, 1) in Cl( 1, 1) CPU =        0.002 ms (setup)        0.001 (*)        0.004 (^)        0.003 (&)        0.004 (%) 
Cl( 2, 1) in Cl( 2, 1) CPU =        0.003 ms (setup)        0.000 (*)        0.005 (^)        0.005 (&)        0.006 (%) 
Cl( 2, 2) in Cl( 2, 2) CPU =        0.006 ms (setup)        0.000 (*)        0.018 (^)        0.014 (&)        0.017 (%) 
Cl( 3, 2) in Cl( 3, 2) CPU =        0.009 ms (setup)        0.001 (*)        0.057 (^)        0.055 (&)        0.061 (%) 
Cl( 3, 3) in Cl( 3, 3) CPU =        0.011 ms (setup)        0.001 (*)        0.117 (^)        0.105 (&)        0.111 (%) 
Cl( 4, 3) in Cl( 4, 3) CPU =        0.029 ms (setup)        0.001 (*)        0.427 (^)        0.416 (&)        0.433 (%) 
Cl( 4, 4) in Cl( 4, 4) CPU =        0.052 ms (setup)        0.001 (*)        0.637 (^)        0.654 (&)        0.655 (%) 
Cl( 5, 4) in Cl( 5, 4) CPU =        0.126 ms (setup)        0.004 (*)        2.710 (^)        2.688 (&)        2.736 (%) 
Cl( 5, 5) in Cl( 5, 5) CPU =        0.245 ms (setup)        0.004 (*)        3.929 (^)        4.117 (&)        4.077 (%) 
Cl( 6, 5) in Cl( 6, 5) CPU =        0.575 ms (setup)        0.017 (*)       15.135 (^)       15.985 (&)       15.401 (%) 
Cl( 6, 6) in Cl( 6, 6) CPU =        1.155 ms (setup)        0.017 (*)       22.000 (^)       23.046 (&)       22.354 (%) 
Cl( 7, 6) in Cl( 7, 6) CPU =        2.708 ms (setup)        0.109 (*)       90.326 (^)       96.694 (&)       90.865 (%) 
Cl( 7, 7) in Cl( 7, 7) CPU =        5.395 ms (setup)        0.108 (*)      118.538 (^)      126.520 (&)      119.790 (%) 
Cl( 8, 7) in Cl( 8, 7) CPU =       12.839 ms (setup)        0.855 (*)      528.495 (^)      600.652 (&)      532.028 (%) 
Cl( 8, 8) in Cl( 8, 8) CPU =       25.765 ms (setup)        0.851 (*)      664.003 (^)      750.485 (&)      672.312 (%) 
Cl( 1, 0) in Cl( 8, 8) CPU =        0.009 ms (setup)        0.862 (*)        5.380 (^)        2.434 (&)        4.385 (%) 
Cl( 1, 1) in Cl( 8, 8) CPU =        0.007 ms (setup)        0.865 (*)        2.380 (^)        1.196 (&)        2.417 (%) 
Cl( 2, 1) in Cl( 8, 8) CPU =        0.032 ms (setup)        0.866 (*)        9.892 (^)        9.502 (&)        7.117 (%) 
Cl( 2, 2) in Cl( 8, 8) CPU =        0.054 ms (setup)        0.864 (*)       16.062 (^)        9.563 (&)       10.703 (%) 
Cl( 3, 2) in Cl( 8, 8) CPU =        0.300 ms (setup)        0.861 (*)       23.782 (^)       23.016 (&)       15.057 (%) 
Cl( 3, 3) in Cl( 8, 8) CPU =        0.440 ms (setup)        0.852 (*)       33.930 (^)       23.424 (&)       20.997 (%) 
Cl( 4, 3) in Cl( 8, 8) CPU =        0.507 ms (setup)        0.852 (*)       35.599 (^)       34.319 (&)       22.467 (%) 
Cl( 4, 4) in Cl( 8, 8) CPU =        0.602 ms (setup)        0.852 (*)       48.204 (^)       46.715 (&)       29.977 (%) 
Cl( 5, 4) in Cl( 8, 8) CPU =        0.886 ms (setup)        0.853 (*)       78.843 (^)       61.371 (&)       47.133 (%) 
Cl( 5, 5) in Cl( 8, 8) CPU =        1.427 ms (setup)        0.861 (*)      106.013 (^)       93.474 (&)       66.931 (%) 
Cl( 6, 5) in Cl( 8, 8) CPU =        2.707 ms (setup)        0.862 (*)      114.881 (^)      123.806 (&)       79.963 (%) 
Cl( 6, 6) in Cl( 8, 8) CPU =        4.769 ms (setup)        0.852 (*)      142.561 (^)      133.333 (&)       99.489 (%) 
Cl( 7, 6) in Cl( 8, 8) CPU =       11.409 ms (setup)        0.863 (*)      208.179 (^)      232.774 (&)      170.690 (%) 
Cl( 7, 7) in Cl( 8, 8) CPU =       21.170 ms (setup)        0.853 (*)      242.714 (^)      291.316 (&)      220.081 (%) 
Cl( 8, 7) in Cl( 8, 8) CPU =       50.781 ms (setup)        0.851 (*)      566.910 (^)      597.982 (&)      529.989 (%) 
Cl( 8, 8) in Cl( 8, 8) CPU =       25.922 ms (setup)        0.854 (*)      693.812 (^)      775.726 (&)      699.735 (%) 
Fill: 1
Cl( 1, 0) in Cl( 1, 0) CPU =        0.001 ms (setup)        0.000 (*)        0.003 (^)        0.002 (&)        0.003 (%) 
Cl( 1, 1) in Cl( 1, 1) CPU =        0.001 ms (setup)        0.000 (*)        0.005 (^)        0.003 (&)        0.004 (%) 
Cl( 2, 1) in Cl( 2, 1) CPU =        0.002 ms (setup)        0.000 (*)        0.013 (^)        0.012 (&)        0.013 (%) 
Cl( 2, 2) in Cl( 2, 2) CPU =        0.003 ms (setup)        0.000 (*)        0.022 (^)        0.018 (&)        0.022 (%) 
Cl( 3, 2) in Cl( 3, 2) CPU =        0.007 ms (setup)        0.000 (*)        0.082 (^)        0.083 (&)        0.081 (%) 
Cl( 3, 3) in Cl( 3, 3) CPU =        0.014 ms (setup)        0.001 (*)        0.129 (^)        0.120 (&)        0.128 (%) 
Cl( 4, 3) in Cl( 4, 3) CPU =        0.037 ms (setup)        0.001 (*)        0.545 (^)        0.538 (&)        0.536 (%) 
Cl( 4, 4) in Cl( 4, 4) CPU =        0.075 ms (setup)        0.001 (*)        0.803 (^)        0.793 (&)        0.806 (%) 
Cl( 5, 4) in Cl( 5, 4) CPU =        0.188 ms (setup)        0.003 (*)        3.077 (^)        3.142 (&)        3.091 (%) 
Cl( 5, 5) in Cl( 5, 5) CPU =        0.374 ms (setup)        0.004 (*)        4.506 (^)        4.558 (&)        4.540 (%) 
Cl( 6, 5) in Cl( 6, 5) CPU =        0.890 ms (setup)        0.017 (*)       17.098 (^)       17.730 (&)       17.167 (%) 
Cl( 6, 6) in Cl( 6, 6) CPU =        1.810 ms (setup)        0.017 (*)       24.142 (^)       24.843 (&)       24.205 (%) 
Cl( 7, 6) in Cl( 7, 6) CPU =        4.403 ms (setup)        0.110 (*)       94.531 (^)      100.914 (&)       94.900 (%) 
Cl( 7, 7) in Cl( 7, 7) CPU =        8.927 ms (setup)        0.109 (*)      129.625 (^)      136.678 (&)      130.422 (%) 
Cl( 8, 7) in Cl( 8, 7) CPU =       22.326 ms (setup)        0.852 (*)      550.535 (^)      621.082 (&)      552.789 (%) 
Cl( 8, 8) in Cl( 8, 8) CPU =       45.028 ms (setup)        0.853 (*)      734.931 (^)      814.961 (&)      740.130 (%) 
Cl( 1, 0) in Cl( 8, 8) CPU =        0.009 ms (setup)        0.861 (*)        5.361 (^)        2.428 (&)        4.376 (%) 
Cl( 1, 1) in Cl( 8, 8) CPU =        0.018 ms (setup)        0.867 (*)        9.713 (^)        4.977 (&)        7.096 (%) 
Cl( 2, 1) in Cl( 8, 8) CPU =        0.036 ms (setup)        0.865 (*)       15.989 (^)        9.519 (&)       10.647 (%) 
Cl( 2, 2) in Cl( 8, 8) CPU =        0.414 ms (setup)        0.852 (*)       23.654 (^)       15.326 (&)       15.050 (%) 
Cl( 3, 2) in Cl( 8, 8) CPU =        0.434 ms (setup)        0.852 (*)       33.462 (^)       23.334 (&)       20.463 (%) 
Cl( 3, 3) in Cl( 8, 8) CPU =        0.402 ms (setup)        0.853 (*)       45.339 (^)       33.448 (&)       27.584 (%) 
Cl( 4, 3) in Cl( 8, 8) CPU =        0.549 ms (setup)        0.852 (*)       60.060 (^)       46.215 (&)       36.111 (%) 
Cl( 4, 4) in Cl( 8, 8) CPU =        0.675 ms (setup)        0.852 (*)       75.144 (^)       59.306 (&)       44.724 (%) 
Cl( 5, 4) in Cl( 8, 8) CPU =        1.139 ms (setup)        0.861 (*)       92.898 (^)       76.747 (&)       56.230 (%) 
Cl( 5, 5) in Cl( 8, 8) CPU =        1.617 ms (setup)        0.862 (*)      107.194 (^)       94.618 (&)       68.106 (%) 
Cl( 6, 5) in Cl( 8, 8) CPU =        3.533 ms (setup)        0.852 (*)      136.500 (^)      126.194 (&)       92.113 (%) 
Cl( 6, 6) in Cl( 8, 8) CPU =        6.526 ms (setup)        0.861 (*)      153.226 (^)      154.203 (&)      112.577 (%) 
Cl( 7, 6) in Cl( 8, 8) CPU =       15.517 ms (setup)        0.853 (*)      237.212 (^)      238.655 (&)      188.134 (%) 
Cl( 7, 7) in Cl( 8, 8) CPU =       29.381 ms (setup)        0.854 (*)      277.324 (^)      301.182 (&)      242.137 (%) 
Cl( 8, 7) in Cl( 8, 8) CPU =       72.512 ms (setup)        0.852 (*)      591.881 (^)      623.216 (&)      554.476 (%) 
Cl( 8, 8) in Cl( 8, 8) CPU =       45.083 ms (setup)        0.852 (*)      736.657 (^)      815.288 (&)      739.818 (%) 
