
framed_multi<float,-4,4>
Clifford algebra products test:
Fill: 0.5
Cl( 1, 0) in Cl( 1, 0) CPU =        0.003 ms (setup)        0.007 (*)        0.004 (^)        0.003 (&)        0.003 (%) 
Cl( 1, 1) in Cl( 1, 1) CPU =        0.003 ms (setup)        0.003 (*)        0.003 (^)        0.003 (&)        0.002 (%) 
Cl( 2, 1) in Cl( 2, 1) CPU =        0.004 ms (setup)        0.008 (*)        0.006 (^)        0.005 (&)        0.003 (%) 
Cl( 2, 2) in Cl( 2, 2) CPU =        0.004 ms (setup)        0.044 (*)        0.007 (^)        0.005 (&)        0.004 (%) 
Cl( 3, 2) in Cl( 3, 2) CPU =        0.007 ms (setup)        0.017 (*)        0.010 (^)        0.009 (&)        0.008 (%) 
Cl( 3, 3) in Cl( 3, 3) CPU =        0.011 ms (setup)        0.039 (*)        0.021 (^)        0.019 (&)        0.017 (%) 
Cl( 4, 3) in Cl( 4, 3) CPU =        0.026 ms (setup)        0.172 (*)        0.059 (^)        0.056 (&)        0.042 (%) 
Cl( 4, 4) in Cl( 4, 4) CPU =        0.049 ms (setup)        1.040 (*)        0.132 (^)        0.176 (&)        0.084 (%) 
Cl( 1, 0) in Cl( 4, 4) CPU =        0.001 ms (setup)        0.001 (*)        0.001 (^)        0.001 (&)        0.001 (%) 
Cl( 1, 1) in Cl( 4, 4) CPU =        0.002 ms (setup)        0.002 (*)        0.002 (^)        0.001 (&)        0.001 (%) 
Cl( 2, 1) in Cl( 4, 4) CPU =        0.002 ms (setup)        0.004 (*)        0.004 (^)        0.002 (&)        0.003 (%) 
Cl( 2, 2) in Cl( 4, 4) CPU =        0.003 ms (setup)        0.005 (*)        0.004 (^)        0.003 (&)        0.004 (%) 
Cl( 3, 2) in Cl( 4, 4) CPU =        0.007 ms (setup)        0.017 (*)        0.010 (^)        0.009 (&)        0.009 (%) 
Cl( 3, 3) in Cl( 4, 4) CPU =        0.011 ms (setup)        0.095 (*)        0.022 (^)        0.018 (&)        0.015 (%) 
Cl( 4, 3) in Cl( 4, 4) CPU =        0.025 ms (setup)        0.115 (*)        0.052 (^)        0.106 (&)        0.040 (%) 
Cl( 4, 4) in Cl( 4, 4) CPU =        0.045 ms (setup)        0.898 (*)        0.127 (^)        0.132 (&)        0.088 (%) 
Fill: 1
Cl( 1, 0) in Cl( 1, 0) CPU =        0.002 ms (setup)        0.003 (*)        0.003 (^)        0.002 (&)        0.002 (%) 
Cl( 1, 1) in Cl( 1, 1) CPU =        0.002 ms (setup)        0.003 (*)        0.003 (^)        0.002 (&)        0.002 (%) 
Cl( 2, 1) in Cl( 2, 1) CPU =        0.003 ms (setup)        0.005 (*)        0.004 (^)        0.003 (&)        0.003 (%) 
Cl( 2, 2) in Cl( 2, 2) CPU =        0.005 ms (setup)        0.010 (*)        0.005 (^)        0.005 (&)        0.005 (%) 
Cl( 3, 2) in Cl( 3, 2) CPU =        0.007 ms (setup)        0.026 (*)        0.011 (^)        0.013 (&)        0.011 (%) 
Cl( 3, 3) in Cl( 3, 3) CPU =        0.016 ms (setup)        0.074 (*)        0.022 (^)        0.030 (&)        0.024 (%) 
Cl( 4, 3) in Cl( 4, 3) CPU =        0.030 ms (setup)        0.301 (*)        0.052 (^)        0.079 (&)        0.056 (%) 
Cl( 4, 4) in Cl( 4, 4) CPU =        0.066 ms (setup)        1.030 (*)        0.124 (^)        0.252 (&)        0.138 (%) 
Cl( 1, 0) in Cl( 4, 4) CPU =        0.002 ms (setup)        0.002 (*)        0.002 (^)        0.001 (&)        0.001 (%) 
Cl( 1, 1) in Cl( 4, 4) CPU =        0.002 ms (setup)        0.003 (*)        0.002 (^)        0.002 (&)        0.002 (%) 
Cl( 2, 1) in Cl( 4, 4) CPU =        0.004 ms (setup)        0.004 (*)        0.003 (^)        0.003 (&)        0.003 (%) 
Cl( 2, 2) in Cl( 4, 4) CPU =        0.004 ms (setup)        0.009 (*)        0.005 (^)        0.005 (&)        0.005 (%) 
Cl( 3, 2) in Cl( 4, 4) CPU =        0.007 ms (setup)        0.023 (*)        0.010 (^)        0.011 (&)        0.009 (%) 
Cl( 3, 3) in Cl( 4, 4) CPU =        0.015 ms (setup)        0.069 (*)        0.022 (^)        0.029 (&)        0.082 (%) 
Cl( 4, 3) in Cl( 4, 4) CPU =        0.030 ms (setup)        0.227 (*)        0.099 (^)        0.074 (&)        0.052 (%) 
Cl( 4, 4) in Cl( 4, 4) CPU =        0.064 ms (setup)        0.989 (*)        0.136 (^)        0.188 (&)        0.150 (%) 

matrix_multi<float,-4,4>
Clifford algebra products test:
Fill: 0.5
Cl( 1, 0) in Cl( 1, 0) CPU =        0.022 ms (setup)        0.002 (*)        0.013 (^)        0.009 (&)        0.013 (%) 
Cl( 1, 1) in Cl( 1, 1) CPU =        0.005 ms (setup)        0.001 (*)        0.009 (^)        0.009 (&)        0.009 (%) 
Cl( 2, 1) in Cl( 2, 1) CPU =        0.004 ms (setup)        0.001 (*)        0.019 (^)        0.032 (&)        0.031 (%) 
Cl( 2, 2) in Cl( 2, 2) CPU =        0.011 ms (setup)        0.001 (*)        0.118 (^)        0.045 (&)        0.061 (%) 
Cl( 3, 2) in Cl( 3, 2) CPU =        0.026 ms (setup)        0.002 (*)        0.275 (^)        0.251 (&)        0.271 (%) 
Cl( 3, 3) in Cl( 3, 3) CPU =        0.044 ms (setup)        0.002 (*)        0.371 (^)        0.379 (&)        0.385 (%) 
Cl( 4, 3) in Cl( 4, 3) CPU =        0.099 ms (setup)        0.002 (*)        1.611 (^)        1.569 (&)        1.341 (%) 
Cl( 4, 4) in Cl( 4, 4) CPU =        0.151 ms (setup)        0.002 (*)        2.099 (^)        2.134 (&)        2.217 (%) 
Cl( 1, 0) in Cl( 4, 4) CPU =        0.002 ms (setup)        0.002 (*)        0.007 (^)        0.007 (&)        0.007 (%) 
Cl( 1, 1) in Cl( 4, 4) CPU =        0.007 ms (setup)        0.002 (*)        0.088 (^)        0.059 (&)        0.077 (%) 
Cl( 2, 1) in Cl( 4, 4) CPU =        0.015 ms (setup)        0.002 (*)        0.104 (^)        0.074 (&)        0.084 (%) 
Cl( 2, 2) in Cl( 4, 4) CPU =        0.029 ms (setup)        0.002 (*)        0.177 (^)        0.119 (&)        0.144 (%) 
Cl( 3, 2) in Cl( 4, 4) CPU =        0.083 ms (setup)        0.002 (*)        0.225 (^)        0.259 (&)        0.243 (%) 
Cl( 3, 3) in Cl( 4, 4) CPU =        0.126 ms (setup)        0.004 (*)        0.505 (^)        0.424 (&)        0.410 (%) 
Cl( 4, 3) in Cl( 4, 4) CPU =        0.277 ms (setup)        0.002 (*)        1.336 (^)        1.355 (&)        1.370 (%) 
Cl( 4, 4) in Cl( 4, 4) CPU =        0.143 ms (setup)        0.002 (*)        2.025 (^)        2.183 (&)        2.221 (%) 
Fill: 1
Cl( 1, 0) in Cl( 1, 0) CPU =        0.003 ms (setup)        0.001 (*)        0.011 (^)        0.007 (&)        0.011 (%) 
Cl( 1, 1) in Cl( 1, 1) CPU =        0.005 ms (setup)        0.001 (*)        0.014 (^)        0.011 (&)        0.022 (%) 
Cl( 2, 1) in Cl( 2, 1) CPU =        0.004 ms (setup)        0.001 (*)        0.047 (^)        0.039 (&)        0.044 (%) 
Cl( 2, 2) in Cl( 2, 2) CPU =        0.010 ms (setup)        0.001 (*)        0.067 (^)        0.053 (&)        0.072 (%) 
Cl( 3, 2) in Cl( 3, 2) CPU =        0.024 ms (setup)        0.001 (*)        0.226 (^)        0.230 (&)        0.243 (%) 
Cl( 3, 3) in Cl( 3, 3) CPU =        0.044 ms (setup)        0.001 (*)        0.386 (^)        0.364 (&)        0.390 (%) 
Cl( 4, 3) in Cl( 4, 3) CPU =        0.102 ms (setup)        0.002 (*)        1.643 (^)        1.673 (&)        1.691 (%) 
Cl( 4, 4) in Cl( 4, 4) CPU =        0.207 ms (setup)        0.002 (*)        2.513 (^)        2.505 (&)        2.540 (%) 
Cl( 1, 0) in Cl( 4, 4) CPU =        0.007 ms (setup)        0.002 (*)        0.074 (^)        0.052 (&)        0.064 (%) 
Cl( 1, 1) in Cl( 4, 4) CPU =        0.006 ms (setup)        0.002 (*)        0.091 (^)        0.054 (&)        0.088 (%) 
Cl( 2, 1) in Cl( 4, 4) CPU =        0.015 ms (setup)        0.002 (*)        0.142 (^)        0.094 (&)        0.107 (%) 
Cl( 2, 2) in Cl( 4, 4) CPU =        0.048 ms (setup)        0.002 (*)        0.210 (^)        0.123 (&)        0.149 (%) 
Cl( 3, 2) in Cl( 4, 4) CPU =        0.091 ms (setup)        0.002 (*)        0.424 (^)        0.316 (&)        0.321 (%) 
Cl( 3, 3) in Cl( 4, 4) CPU =        0.143 ms (setup)        0.002 (*)        0.641 (^)        0.530 (&)        0.558 (%) 
Cl( 4, 3) in Cl( 4, 4) CPU =        0.365 ms (setup)        0.002 (*)        1.821 (^)        1.704 (&)        1.730 (%) 
Cl( 4, 4) in Cl( 4, 4) CPU =        0.197 ms (setup)        0.002 (*)        2.506 (^)        2.793 (&)        2.532 (%) 

framed_multi<double>
Clifford algebra products test:
Fill: 0.5
Cl( 1, 0) in Cl( 1, 0) CPU =        0.002 ms (setup)        0.002 (*)        0.001 (^)        0.001 (&)        0.003 (%) 
Cl( 1, 1) in Cl( 1, 1) CPU =        0.001 ms (setup)        0.001 (*)        0.001 (^)        0.001 (&)        0.001 (%) 
Cl( 2, 1) in Cl( 2, 1) CPU =        0.002 ms (setup)        0.004 (*)        0.002 (^)        0.002 (&)        0.003 (%) 
Cl( 2, 2) in Cl( 2, 2) CPU =        0.002 ms (setup)        0.005 (*)        0.003 (^)        0.004 (&)        0.005 (%) 
Cl( 3, 2) in Cl( 3, 2) CPU =        0.005 ms (setup)        0.011 (*)        0.006 (^)        0.011 (&)        0.006 (%) 
Cl( 3, 3) in Cl( 3, 3) CPU =        0.008 ms (setup)        0.028 (*)        0.013 (^)        0.013 (&)        0.012 (%) 
Cl( 4, 3) in Cl( 4, 3) CPU =        0.015 ms (setup)        0.081 (*)        0.036 (^)        0.036 (&)        0.030 (%) 
Cl( 4, 4) in Cl( 4, 4) CPU =        0.028 ms (setup)        0.513 (*)        0.093 (^)        0.106 (&)        0.065 (%) 
Cl( 5, 4) in Cl( 5, 4) CPU =        0.079 ms (setup)        1.832 (*)        0.280 (^)        0.272 (&)        0.190 (%) 
Cl( 5, 5) in Cl( 5, 5) CPU =        0.132 ms (setup)        2.296 (*)        0.636 (^)        0.617 (&)        0.415 (%) 
Cl( 6, 5) in Cl( 6, 5) CPU =        0.221 ms (setup)       11.819 (*)        1.867 (^)        1.860 (&)        1.219 (%) 
Cl( 6, 6) in Cl( 6, 6) CPU =        0.480 ms (setup)       14.873 (*)        4.984 (^)        5.059 (&)        3.075 (%) 
Cl( 7, 6) in Cl( 7, 6) CPU =        0.973 ms (setup)       41.828 (*)       15.074 (^)       15.261 (&)        9.072 (%) 
Cl( 7, 7) in Cl( 7, 7) CPU =        1.865 ms (setup)       56.546 (*)       43.194 (^)       44.352 (&)       24.973 (%) 
Cl( 8, 7) in Cl( 8, 7) CPU =        3.764 ms (setup)      181.683 (*)      129.102 (^)      128.875 (&)       71.611 (%) 
Cl( 8, 8) in Cl( 8, 8) CPU =        7.558 ms (setup)      247.504 (*)      390.365 (^)      385.234 (&)      211.209 (%) 
Cl( 1, 0) in Cl( 8, 8) CPU =        0.002 ms (setup)        0.001 (*)        0.001 (^)        0.001 (&)        0.001 (%) 
Cl( 1, 1) in Cl( 8, 8) CPU =        0.001 ms (setup)        0.003 (*)        0.001 (^)        0.001 (&)        0.001 (%) 
Cl( 2, 1) in Cl( 8, 8) CPU =        0.002 ms (setup)        0.001 (*)        0.001 (^)        0.001 (&)        0.001 (%) 
Cl( 2, 2) in Cl( 8, 8) CPU =        0.002 ms (setup)        0.004 (*)        0.003 (^)        0.003 (&)        0.004 (%) 
Cl( 3, 2) in Cl( 8, 8) CPU =        0.004 ms (setup)        0.010 (*)        0.005 (^)        0.005 (&)        0.006 (%) 
Cl( 3, 3) in Cl( 8, 8) CPU =        0.007 ms (setup)        0.025 (*)        0.013 (^)        0.011 (&)        0.011 (%) 
Cl( 4, 3) in Cl( 8, 8) CPU =        0.013 ms (setup)        0.064 (*)        0.032 (^)        0.028 (&)        0.026 (%) 
Cl( 4, 4) in Cl( 8, 8) CPU =        0.030 ms (setup)        0.501 (*)        0.091 (^)        0.090 (&)        0.069 (%) 
Cl( 5, 4) in Cl( 8, 8) CPU =        0.065 ms (setup)        1.645 (*)        0.241 (^)        0.251 (&)        0.182 (%) 
Cl( 5, 5) in Cl( 8, 8) CPU =        0.111 ms (setup)        2.265 (*)        0.623 (^)        0.651 (&)        0.417 (%) 
Cl( 6, 5) in Cl( 8, 8) CPU =        0.221 ms (setup)       11.636 (*)        1.765 (^)        1.809 (&)        1.226 (%) 
Cl( 6, 6) in Cl( 8, 8) CPU =        0.446 ms (setup)       14.528 (*)        5.003 (^)        4.897 (&)        2.994 (%) 
Cl( 7, 6) in Cl( 8, 8) CPU =        0.912 ms (setup)       40.312 (*)       14.606 (^)       14.423 (&)        8.373 (%) 
Cl( 7, 7) in Cl( 8, 8) CPU =        1.830 ms (setup)       53.767 (*)       42.872 (^)       43.100 (&)       24.529 (%) 
Cl( 8, 7) in Cl( 8, 8) CPU =        3.744 ms (setup)      180.611 (*)      128.195 (^)      129.171 (&)       71.814 (%) 
Cl( 8, 8) in Cl( 8, 8) CPU =        7.585 ms (setup)      249.534 (*)      394.568 (^)      398.075 (&)      215.270 (%) 
Fill: 1
Cl( 1, 0) in Cl( 1, 0) CPU =        0.004 ms (setup)        0.002 (*)        0.001 (^)        0.001 (&)        0.002 (%) 
Cl( 1, 1) in Cl( 1, 1) CPU =        0.001 ms (setup)        0.002 (*)        0.002 (^)        0.001 (&)        0.002 (%) 
Cl( 2, 1) in Cl( 2, 1) CPU =        0.002 ms (setup)        0.004 (*)        0.002 (^)        0.002 (&)        0.003 (%) 
Cl( 2, 2) in Cl( 2, 2) CPU =        0.003 ms (setup)        0.008 (*)        0.004 (^)        0.005 (&)        0.005 (%) 
Cl( 3, 2) in Cl( 3, 2) CPU =        0.007 ms (setup)        0.021 (*)        0.008 (^)        0.009 (&)        0.009 (%) 
Cl( 3, 3) in Cl( 3, 3) CPU =        0.012 ms (setup)        0.061 (*)        0.018 (^)        0.028 (&)        0.019 (%) 
Cl( 4, 3) in Cl( 4, 3) CPU =        0.024 ms (setup)        0.210 (*)        0.042 (^)        0.061 (&)        0.046 (%) 
Cl( 4, 4) in Cl( 4, 4) CPU =        0.047 ms (setup)        0.594 (*)        0.101 (^)        0.154 (&)        0.116 (%) 
Cl( 5, 4) in Cl( 5, 4) CPU =        0.089 ms (setup)        1.885 (*)        0.252 (^)        0.421 (&)        0.288 (%) 
Cl( 5, 5) in Cl( 5, 5) CPU =        0.182 ms (setup)        2.752 (*)        0.650 (^)        1.163 (&)        0.749 (%) 
Cl( 6, 5) in Cl( 6, 5) CPU =        0.383 ms (setup)       12.904 (*)        1.780 (^)        3.335 (&)        2.062 (%) 
Cl( 6, 6) in Cl( 6, 6) CPU =        0.746 ms (setup)       18.084 (*)        5.000 (^)        9.761 (&)        5.647 (%) 
Cl( 7, 6) in Cl( 7, 6) CPU =        1.513 ms (setup)       46.976 (*)       13.581 (^)       28.724 (&)       16.187 (%) 
Cl( 7, 7) in Cl( 7, 7) CPU =        3.083 ms (setup)       68.879 (*)       39.928 (^)       85.481 (&)       47.050 (%) 
Cl( 8, 7) in Cl( 8, 7) CPU =        6.596 ms (setup)      224.694 (*)      121.202 (^)      265.858 (&)      142.141 (%) 
Cl( 8, 8) in Cl( 8, 8) CPU =       13.506 ms (setup)      345.510 (*)      354.252 (^)      792.077 (&)      416.311 (%) 
Cl( 1, 0) in Cl( 8, 8) CPU =        0.002 ms (setup)        0.002 (*)        0.001 (^)        0.001 (&)        0.002 (%) 
Cl( 1, 1) in Cl( 8, 8) CPU =        0.002 ms (setup)        0.004 (*)        0.001 (^)        0.002 (&)        0.002 (%) 
Cl( 2, 1) in Cl( 8, 8) CPU =        0.003 ms (setup)        0.004 (*)        0.002 (^)        0.002 (&)        0.003 (%) 
Cl( 2, 2) in Cl( 8, 8) CPU =        0.003 ms (setup)        0.007 (*)        0.004 (^)        0.005 (&)        0.006 (%) 
Cl( 3, 2) in Cl( 8, 8) CPU =        0.007 ms (setup)        0.022 (*)        0.008 (^)        0.009 (&)        0.009 (%) 
Cl( 3, 3) in Cl( 8, 8) CPU =        0.012 ms (setup)        0.062 (*)        0.018 (^)        0.023 (&)        0.030 (%) 
Cl( 4, 3) in Cl( 8, 8) CPU =        0.025 ms (setup)        0.210 (*)        0.042 (^)        0.071 (&)        0.045 (%) 
Cl( 4, 4) in Cl( 8, 8) CPU =        0.046 ms (setup)        0.597 (*)        0.104 (^)        0.159 (&)        0.112 (%) 
Cl( 5, 4) in Cl( 8, 8) CPU =        0.092 ms (setup)        1.881 (*)        0.260 (^)        0.420 (&)        0.288 (%) 
Cl( 5, 5) in Cl( 8, 8) CPU =        0.181 ms (setup)        2.760 (*)        0.653 (^)        1.164 (&)        0.747 (%) 
Cl( 6, 5) in Cl( 8, 8) CPU =        0.369 ms (setup)       12.938 (*)        1.894 (^)        3.505 (&)        2.103 (%) 
Cl( 6, 6) in Cl( 8, 8) CPU =        0.762 ms (setup)       17.253 (*)        4.795 (^)        9.675 (&)        5.959 (%) 
Cl( 7, 6) in Cl( 8, 8) CPU =        1.534 ms (setup)       46.815 (*)       13.809 (^)       28.349 (&)       16.194 (%) 
Cl( 7, 7) in Cl( 8, 8) CPU =        3.064 ms (setup)       69.928 (*)       39.615 (^)       85.869 (&)       46.969 (%) 
Cl( 8, 7) in Cl( 8, 8) CPU =        6.840 ms (setup)      222.995 (*)      122.308 (^)      267.279 (&)      142.424 (%) 
Cl( 8, 8) in Cl( 8, 8) CPU =       13.530 ms (setup)      343.499 (*)      357.782 (^)      789.344 (&)      416.575 (%) 

matrix_multi<double>
Clifford algebra products test:
Fill: 0.5
Cl( 1, 0) in Cl( 1, 0) CPU =        0.008 ms (setup)        0.001 (*)        0.009 (^)        0.007 (&)        0.010 (%) 
Cl( 1, 1) in Cl( 1, 1) CPU =        0.011 ms (setup)        0.001 (*)        0.007 (^)        0.009 (&)        0.007 (%) 
Cl( 2, 1) in Cl( 2, 1) CPU =        0.007 ms (setup)        0.001 (*)        0.042 (^)        0.028 (&)        0.036 (%) 
Cl( 2, 2) in Cl( 2, 2) CPU =        0.011 ms (setup)        0.001 (*)        0.029 (^)        0.037 (&)        0.053 (%) 
Cl( 3, 2) in Cl( 3, 2) CPU =        0.036 ms (setup)        0.003 (*)        0.160 (^)        0.180 (&)        0.185 (%) 
Cl( 3, 3) in Cl( 3, 3) CPU =        0.036 ms (setup)        0.001 (*)        0.224 (^)        0.278 (&)        0.282 (%) 
Cl( 4, 3) in Cl( 4, 3) CPU =        0.083 ms (setup)        0.003 (*)        1.243 (^)        1.328 (&)        1.349 (%) 
Cl( 4, 4) in Cl( 4, 4) CPU =        0.158 ms (setup)        0.003 (*)        1.931 (^)        2.002 (&)        2.052 (%) 
Cl( 5, 4) in Cl( 5, 4) CPU =        0.351 ms (setup)        0.010 (*)        7.075 (^)        7.917 (&)        7.665 (%) 
Cl( 5, 5) in Cl( 5, 5) CPU =        0.666 ms (setup)        0.015 (*)       11.045 (^)       11.180 (&)       11.189 (%) 
Cl( 6, 5) in Cl( 6, 5) CPU =        1.538 ms (setup)        0.035 (*)       46.608 (^)       51.933 (&)       48.550 (%) 
Cl( 6, 6) in Cl( 6, 6) CPU =        3.013 ms (setup)        0.034 (*)       66.681 (^)       69.480 (&)       66.098 (%) 
Cl( 7, 6) in Cl( 7, 6) CPU =        6.854 ms (setup)        0.219 (*)      270.042 (^)      306.442 (&)      266.903 (%) 
Cl( 7, 7) in Cl( 7, 7) CPU =       13.568 ms (setup)        0.178 (*)      331.644 (^)      395.979 (&)      339.603 (%) 
Cl( 8, 7) in Cl( 8, 7) CPU =       33.379 ms (setup)        5.649 (*)     1862.668 (^)     2077.468 (&)     1674.371 (%) 
Cl( 8, 8) in Cl( 8, 8) CPU =       65.491 ms (setup)        4.164 (*)     2150.785 (^)     2564.908 (&)     2104.329 (%) 
Cl( 1, 0) in Cl( 8, 8) CPU =        0.059 ms (setup)        4.144 (*)       20.704 (^)       20.300 (&)       20.503 (%) 
Cl( 1, 1) in Cl( 8, 8) CPU =        0.074 ms (setup)        4.146 (*)       42.140 (^)       21.111 (&)       35.049 (%) 
Cl( 2, 1) in Cl( 8, 8) CPU =        0.102 ms (setup)        4.178 (*)       66.037 (^)       38.202 (&)       53.175 (%) 
Cl( 2, 2) in Cl( 8, 8) CPU =        0.253 ms (setup)        4.144 (*)      103.190 (^)       65.764 (&)       75.499 (%) 
Cl( 3, 2) in Cl( 8, 8) CPU =        1.084 ms (setup)        4.149 (*)      149.332 (^)      101.128 (&)      103.194 (%) 
Cl( 3, 3) in Cl( 8, 8) CPU =        1.722 ms (setup)        4.136 (*)      209.057 (^)      152.439 (&)      140.105 (%) 
Cl( 4, 3) in Cl( 8, 8) CPU =        1.863 ms (setup)        4.141 (*)      279.385 (^)      282.877 (&)      182.416 (%) 
Cl( 4, 4) in Cl( 8, 8) CPU =        2.123 ms (setup)        4.143 (*)      364.450 (^)      286.685 (&)      232.188 (%) 
Cl( 5, 4) in Cl( 8, 8) CPU =        2.896 ms (setup)        4.144 (*)      461.024 (^)      365.156 (&)      285.587 (%) 
Cl( 5, 5) in Cl( 8, 8) CPU =        4.455 ms (setup)        5.671 (*)      611.696 (^)      541.274 (&)      392.871 (%) 
Cl( 6, 5) in Cl( 8, 8) CPU =        7.462 ms (setup)        4.150 (*)      653.981 (^)      571.876 (&)      422.530 (%) 
Cl( 6, 6) in Cl( 8, 8) CPU =       12.898 ms (setup)        4.144 (*)      789.505 (^)      804.793 (&)      556.265 (%) 
Cl( 7, 6) in Cl( 8, 8) CPU =       28.187 ms (setup)        4.136 (*)      869.802 (^)     1053.848 (&)      694.883 (%) 
Cl( 7, 7) in Cl( 8, 8) CPU =       50.897 ms (setup)        4.144 (*)     1108.035 (^)     1268.609 (&)      922.979 (%) 
Cl( 8, 7) in Cl( 8, 8) CPU =      124.236 ms (setup)        5.674 (*)     1680.669 (^)     1947.068 (&)     1538.225 (%) 
Cl( 8, 8) in Cl( 8, 8) CPU =       65.962 ms (setup)        4.149 (*)     1984.192 (^)     2597.735 (&)     2031.744 (%) 
Fill: 1
Cl( 1, 0) in Cl( 1, 0) CPU =        0.004 ms (setup)        0.001 (*)        0.011 (^)        0.009 (&)        0.009 (%) 
Cl( 1, 1) in Cl( 1, 1) CPU =        0.005 ms (setup)        0.001 (*)        0.013 (^)        0.009 (&)        0.013 (%) 
Cl( 2, 1) in Cl( 2, 1) CPU =        0.005 ms (setup)        0.001 (*)        0.046 (^)        0.038 (&)        0.044 (%) 
Cl( 2, 2) in Cl( 2, 2) CPU =        0.011 ms (setup)        0.001 (*)        0.068 (^)        0.053 (&)        0.072 (%) 
Cl( 3, 2) in Cl( 3, 2) CPU =        0.025 ms (setup)        0.002 (*)        0.222 (^)        0.212 (&)        0.235 (%) 
Cl( 3, 3) in Cl( 3, 3) CPU =        0.046 ms (setup)        0.001 (*)        0.383 (^)        0.362 (&)        0.379 (%) 
Cl( 4, 3) in Cl( 4, 3) CPU =        0.112 ms (setup)        0.003 (*)        1.572 (^)        1.600 (&)        1.617 (%) 
Cl( 4, 4) in Cl( 4, 4) CPU =        0.209 ms (setup)        0.003 (*)        2.339 (^)        2.349 (&)        2.387 (%) 
Cl( 5, 4) in Cl( 5, 4) CPU =        0.504 ms (setup)        0.010 (*)        8.610 (^)        8.713 (&)        8.421 (%) 
Cl( 5, 5) in Cl( 5, 5) CPU =        0.951 ms (setup)        0.011 (*)       12.133 (^)       12.553 (&)       12.149 (%) 
Cl( 6, 5) in Cl( 6, 5) CPU =        2.228 ms (setup)        0.034 (*)       52.677 (^)       56.504 (&)       52.718 (%) 
Cl( 6, 6) in Cl( 6, 6) CPU =        4.403 ms (setup)        0.034 (*)       70.510 (^)       75.423 (&)       70.823 (%) 
Cl( 7, 6) in Cl( 7, 6) CPU =       10.449 ms (setup)        0.218 (*)      282.849 (^)      318.248 (&)      278.879 (%) 
Cl( 7, 7) in Cl( 7, 7) CPU =       21.122 ms (setup)        0.219 (*)      372.317 (^)      413.654 (&)      368.077 (%) 
Cl( 8, 7) in Cl( 8, 7) CPU =       54.357 ms (setup)        4.148 (*)     2063.380 (^)     2121.300 (&)     1721.481 (%) 
Cl( 8, 8) in Cl( 8, 8) CPU =      108.230 ms (setup)        5.637 (*)     2252.622 (^)     2661.299 (&)     2212.187 (%) 
Cl( 1, 0) in Cl( 8, 8) CPU =        0.068 ms (setup)        5.662 (*)       39.559 (^)       20.451 (&)       34.620 (%) 
Cl( 1, 1) in Cl( 8, 8) CPU =        0.087 ms (setup)        4.148 (*)       66.630 (^)       38.194 (&)       52.797 (%) 
Cl( 2, 1) in Cl( 8, 8) CPU =        0.165 ms (setup)        4.144 (*)      102.398 (^)       65.597 (&)       75.454 (%) 
Cl( 2, 2) in Cl( 8, 8) CPU =        1.629 ms (setup)        4.136 (*)      147.832 (^)      101.831 (&)      101.929 (%) 
Cl( 3, 2) in Cl( 8, 8) CPU =        1.679 ms (setup)        4.136 (*)      205.025 (^)      147.101 (&)      134.335 (%) 
Cl( 3, 3) in Cl( 8, 8) CPU =        1.746 ms (setup)        4.139 (*)      276.709 (^)      208.451 (&)      177.375 (%) 
Cl( 4, 3) in Cl( 8, 8) CPU =        1.982 ms (setup)        4.137 (*)      358.819 (^)      284.926 (&)      228.582 (%) 
Cl( 4, 4) in Cl( 8, 8) CPU =        2.407 ms (setup)        4.136 (*)      444.486 (^)      357.073 (&)      275.529 (%) 
Cl( 5, 4) in Cl( 8, 8) CPU =        3.325 ms (setup)        4.139 (*)      532.857 (^)      445.460 (&)      330.844 (%) 
Cl( 5, 5) in Cl( 8, 8) CPU =        4.740 ms (setup)        4.138 (*)      610.266 (^)      547.513 (&)      390.637 (%) 
Cl( 6, 5) in Cl( 8, 8) CPU =        9.331 ms (setup)        5.646 (*)      716.953 (^)      672.201 (&)      479.839 (%) 
Cl( 6, 6) in Cl( 8, 8) CPU =       16.169 ms (setup)        4.147 (*)      783.159 (^)      803.783 (&)      562.433 (%) 
Cl( 7, 6) in Cl( 8, 8) CPU =       37.620 ms (setup)        4.139 (*)     1007.248 (^)     1066.456 (&)      775.893 (%) 
Cl( 7, 7) in Cl( 8, 8) CPU =       71.250 ms (setup)        4.149 (*)     1129.747 (^)     1289.188 (&)      943.197 (%) 
Cl( 8, 7) in Cl( 8, 8) CPU =      170.971 ms (setup)        4.174 (*)     1888.169 (^)     2133.102 (&)     1725.523 (%) 
Cl( 8, 8) in Cl( 8, 8) CPU =      108.397 ms (setup)        4.146 (*)     2246.766 (^)     2664.687 (&)     2221.310 (%) 
