
framed_multi<double>
Clifford algebra squaring test:
Fill: 0.5
Cl( 1, 0) in Cl( 1, 0) CPU =        0.033 ms (setup)        0.015 (*) 
Cl( 1, 1) in Cl( 1, 1) CPU =        0.002 ms (setup)        0.002 (*) 
Cl( 2, 1) in Cl( 2, 1) CPU =        0.007 ms (setup)        0.008 (*) 
Cl( 2, 2) in Cl( 2, 2) CPU =        0.003 ms (setup)        0.005 (*) 
Cl( 3, 2) in Cl( 3, 2) CPU =        0.007 ms (setup)        0.012 (*) 
Cl( 3, 3) in Cl( 3, 3) CPU =        0.008 ms (setup)        0.034 (*) 
Cl( 4, 3) in Cl( 4, 3) CPU =        0.017 ms (setup)        0.094 (*) 
Cl( 4, 4) in Cl( 4, 4) CPU =        0.032 ms (setup)        0.696 (*) 
Cl( 5, 4) in Cl( 5, 4) CPU =        0.068 ms (setup)        1.877 (*) 
Cl( 5, 5) in Cl( 5, 5) CPU =        0.129 ms (setup)        2.459 (*) 
Cl( 6, 5) in Cl( 6, 5) CPU =        0.248 ms (setup)       13.494 (*) 
Cl( 6, 6) in Cl( 6, 6) CPU =        0.475 ms (setup)       15.317 (*) 
Cl( 7, 6) in Cl( 7, 6) CPU =        0.999 ms (setup)       41.506 (*) 
Cl( 7, 7) in Cl( 7, 7) CPU =        1.897 ms (setup)       56.652 (*) 
Cl( 8, 7) in Cl( 8, 7) CPU =        4.384 ms (setup)      185.177 (*) 
Cl( 8, 8) in Cl( 8, 8) CPU =        8.201 ms (setup)      256.603 (*) 
Cl( 9, 8) in Cl( 9, 8) CPU =       16.865 ms (setup)      909.525 (*) 
Cl( 9, 9) in Cl( 9, 9) CPU =       33.747 ms (setup)     1259.282 (*) 
Cl(10, 9) in Cl(10, 9) CPU =       79.191 ms (setup)     4819.627 (*) 
Cl(10,10) in Cl(10,10) CPU =      148.721 ms (setup)     6877.741 (*) 
Cl(11,10) in Cl(11,10) CPU =      339.155 ms (setup)    28341.116 (*) 
Cl(11,11) in Cl(11,11) CPU =      689.647 ms (setup)    43127.791 (*) 
Fill: 1
Cl( 1, 0) in Cl( 1, 0) CPU =        0.008 ms (setup)        0.007 (*) 
Cl( 1, 1) in Cl( 1, 1) CPU =        0.002 ms (setup)        0.004 (*) 
Cl( 2, 1) in Cl( 2, 1) CPU =        0.003 ms (setup)        0.005 (*) 
Cl( 2, 2) in Cl( 2, 2) CPU =        0.004 ms (setup)        0.010 (*) 
Cl( 3, 2) in Cl( 3, 2) CPU =        0.010 ms (setup)        0.024 (*) 
Cl( 3, 3) in Cl( 3, 3) CPU =        0.013 ms (setup)        0.067 (*) 
Cl( 4, 3) in Cl( 4, 3) CPU =        0.032 ms (setup)        0.240 (*) 
Cl( 4, 4) in Cl( 4, 4) CPU =        0.055 ms (setup)        0.621 (*) 
Cl( 5, 4) in Cl( 5, 4) CPU =        0.106 ms (setup)        1.898 (*) 
Cl( 5, 5) in Cl( 5, 5) CPU =        0.217 ms (setup)        2.786 (*) 
Cl( 6, 5) in Cl( 6, 5) CPU =        0.409 ms (setup)       13.193 (*) 
Cl( 6, 6) in Cl( 6, 6) CPU =        0.818 ms (setup)       17.457 (*) 
Cl( 7, 6) in Cl( 7, 6) CPU =        1.773 ms (setup)       47.670 (*) 
Cl( 7, 7) in Cl( 7, 7) CPU =        3.241 ms (setup)       69.319 (*) 
Cl( 8, 7) in Cl( 8, 7) CPU =        6.697 ms (setup)      225.369 (*) 
Cl( 8, 8) in Cl( 8, 8) CPU =       13.380 ms (setup)      334.376 (*) 
Cl( 9, 8) in Cl( 9, 8) CPU =       29.136 ms (setup)     1141.440 (*) 
Cl( 9, 9) in Cl( 9, 9) CPU =       64.316 ms (setup)     1802.443 (*) 
Cl(10, 9) in Cl(10, 9) CPU =      147.468 ms (setup)     6344.280 (*) 
Cl(10,10) in Cl(10,10) CPU =      307.783 ms (setup)    10383.499 (*) 
Cl(11,10) in Cl(11,10) CPU =      636.244 ms (setup)    38941.846 (*) 
Cl(11,11) in Cl(11,11) CPU =     1277.570 ms (setup)    67149.426 (*) 

matrix_multi<double>
Clifford algebra squaring test:
Fill: 0.5
Cl( 1, 0) in Cl( 1, 0) CPU =        0.049 ms (setup)        0.004 (*) 
Cl( 1, 1) in Cl( 1, 1) CPU =        0.006 ms (setup)        0.001 (*) 
Cl( 2, 1) in Cl( 2, 1) CPU =        0.025 ms (setup)        0.001 (*) 
Cl( 2, 2) in Cl( 2, 2) CPU =        0.018 ms (setup)        0.001 (*) 
Cl( 3, 2) in Cl( 3, 2) CPU =        0.049 ms (setup)        0.006 (*) 
Cl( 3, 3) in Cl( 3, 3) CPU =        0.054 ms (setup)        0.002 (*) 
Cl( 4, 3) in Cl( 4, 3) CPU =        0.089 ms (setup)        0.004 (*) 
Cl( 4, 4) in Cl( 4, 4) CPU =        0.172 ms (setup)        0.005 (*) 
Cl( 5, 4) in Cl( 5, 4) CPU =        0.364 ms (setup)        0.013 (*) 
Cl( 5, 5) in Cl( 5, 5) CPU =        0.678 ms (setup)        0.012 (*) 
Cl( 6, 5) in Cl( 6, 5) CPU =        1.582 ms (setup)        0.102 (*) 
Cl( 6, 6) in Cl( 6, 6) CPU =        7.144 ms (setup)        0.120 (*) 
Cl( 7, 6) in Cl( 7, 6) CPU =       11.809 ms (setup)        0.279 (*) 
Cl( 7, 7) in Cl( 7, 7) CPU =       18.262 ms (setup)        0.280 (*) 
Cl( 8, 7) in Cl( 8, 7) CPU =       38.485 ms (setup)        2.940 (*) 
Cl( 8, 8) in Cl( 8, 8) CPU =       69.645 ms (setup)        2.682 (*) 
Cl( 9, 8) in Cl( 9, 8) CPU =      171.759 ms (setup)       27.452 (*) 
Cl( 9, 9) in Cl( 9, 9) CPU =      316.478 ms (setup)       28.364 (*) 
Cl(10, 9) in Cl(10, 9) CPU =      822.502 ms (setup)      247.507 (*) 
Cl(10,10) in Cl(10,10) CPU =     1621.123 ms (setup)      240.912 (*) 
Cl(11,10) in Cl(11,10) CPU =     4496.010 ms (setup)     1992.927 (*) 
Cl(11,11) in Cl(11,11) CPU =     8881.500 ms (setup)     1939.285 (*) 
Fill: 1
Cl( 1, 0) in Cl( 1, 0) CPU =        0.025 ms (setup)        0.004 (*) 
Cl( 1, 1) in Cl( 1, 1) CPU =        0.014 ms (setup)        0.002 (*) 
Cl( 2, 1) in Cl( 2, 1) CPU =        0.015 ms (setup)        0.002 (*) 
Cl( 2, 2) in Cl( 2, 2) CPU =        0.029 ms (setup)        0.002 (*) 
Cl( 3, 2) in Cl( 3, 2) CPU =        0.041 ms (setup)        0.004 (*) 
Cl( 3, 3) in Cl( 3, 3) CPU =        0.058 ms (setup)        0.003 (*) 
Cl( 4, 3) in Cl( 4, 3) CPU =        0.141 ms (setup)        0.005 (*) 
Cl( 4, 4) in Cl( 4, 4) CPU =       26.839 ms (setup)        0.009 (*) 
Cl( 5, 4) in Cl( 5, 4) CPU =        0.534 ms (setup)        0.013 (*) 
Cl( 5, 5) in Cl( 5, 5) CPU =        0.977 ms (setup)        0.013 (*) 
Cl( 6, 5) in Cl( 6, 5) CPU =        2.404 ms (setup)        0.134 (*) 
Cl( 6, 6) in Cl( 6, 6) CPU =        8.626 ms (setup)        0.120 (*) 
Cl( 7, 6) in Cl( 7, 6) CPU =       15.318 ms (setup)        0.293 (*) 
Cl( 7, 7) in Cl( 7, 7) CPU =       26.575 ms (setup)        0.785 (*) 
Cl( 8, 7) in Cl( 8, 7) CPU =       58.186 ms (setup)        1.638 (*) 
Cl( 8, 8) in Cl( 8, 8) CPU =      113.641 ms (setup)        2.069 (*) 
Cl( 9, 8) in Cl( 9, 8) CPU =      281.396 ms (setup)       29.888 (*) 
Cl( 9, 9) in Cl( 9, 9) CPU =      554.565 ms (setup)       28.426 (*) 
Cl(10, 9) in Cl(10, 9) CPU =     1508.719 ms (setup)      250.516 (*) 
Cl(10,10) in Cl(10,10) CPU =     3105.989 ms (setup)      253.473 (*) 
Cl(11,10) in Cl(11,10) CPU =     8950.706 ms (setup)     1931.724 (*) 
Cl(11,11) in Cl(11,11) CPU =    18464.726 ms (setup)     1931.762 (*) 
