expressions/expressions
	linux-vdso.so.1 (0x00007a2d32c07000)
	libarmadillo.so.14 => /lib/libarmadillo.so.14 (0x00007a2d32bb6000)
	libopenblas.so.0 => /lib/x86_64-linux-gnu/libopenblas.so.0 (0x00007a2d2f2f8000)
	libstdc++.so.6 => /lib/x86_64-linux-gnu/libstdc++.so.6 (0x00007a2d2f000000)
	libm.so.6 => /lib/x86_64-linux-gnu/libm.so.6 (0x00007a2d32abf000)
	libgcc_s.so.1 => /lib/x86_64-linux-gnu/libgcc_s.so.1 (0x00007a2d32a92000)
	libc.so.6 => /lib/x86_64-linux-gnu/libc.so.6 (0x00007a2d2ec00000)
	libblas.so.3 => /lib/x86_64-linux-gnu/libblas.so.3 (0x00007a2d2e400000)
	libarpack.so.2 => /lib/x86_64-linux-gnu/libarpack.so.2 (0x00007a2d32a3e000)
	/lib64/ld-linux-x86-64.so.2 (0x00007a2d32c09000)
	libmvec.so.1 => /lib/x86_64-linux-gnu/libmvec.so.1 (0x00007a2d2ef06000)
	libgfortran.so.5 => /lib/x86_64-linux-gnu/libgfortran.so.5 (0x00007a2d2e000000)
gfft_test/gfft_test
	linux-vdso.so.1 (0x00007d3cb0ac7000)
	libarmadillo.so.14 => /lib/libarmadillo.so.14 (0x00007d3cb0aae000)
	libopenblas.so.0 => /lib/x86_64-linux-gnu/libopenblas.so.0 (0x00007d3cad6c0000)
	libstdc++.so.6 => /lib/x86_64-linux-gnu/libstdc++.so.6 (0x00007d3cad400000)
	libm.so.6 => /lib/x86_64-linux-gnu/libm.so.6 (0x00007d3cad309000)
	libgcc_s.so.1 => /lib/x86_64-linux-gnu/libgcc_s.so.1 (0x00007d3cad693000)
	libc.so.6 => /lib/x86_64-linux-gnu/libc.so.6 (0x00007d3cad000000)
	libblas.so.3 => /lib/x86_64-linux-gnu/libblas.so.3 (0x00007d3cac800000)
	libarpack.so.2 => /lib/x86_64-linux-gnu/libarpack.so.2 (0x00007d3cad2b7000)
	/lib64/ld-linux-x86-64.so.2 (0x00007d3cb0ac9000)
	libmvec.so.1 => /lib/x86_64-linux-gnu/libmvec.so.1 (0x00007d3cac706000)
	libgfortran.so.5 => /lib/x86_64-linux-gnu/libgfortran.so.5 (0x00007d3cac200000)
products/products
	linux-vdso.so.1 (0x000078028bc82000)
	libarmadillo.so.14 => /lib/libarmadillo.so.14 (0x000078028bc31000)
	libopenblas.so.0 => /lib/x86_64-linux-gnu/libopenblas.so.0 (0x00007802884f8000)
	libstdc++.so.6 => /lib/x86_64-linux-gnu/libstdc++.so.6 (0x0000780288200000)
	libm.so.6 => /lib/x86_64-linux-gnu/libm.so.6 (0x0000780288109000)
	libgcc_s.so.1 => /lib/x86_64-linux-gnu/libgcc_s.so.1 (0x000078028bc04000)
	libc.so.6 => /lib/x86_64-linux-gnu/libc.so.6 (0x0000780287e00000)
	libblas.so.3 => /lib/x86_64-linux-gnu/libblas.so.3 (0x0000780287600000)
	libarpack.so.2 => /lib/x86_64-linux-gnu/libarpack.so.2 (0x000078028bbb0000)
	/lib64/ld-linux-x86-64.so.2 (0x000078028bc84000)
	libmvec.so.1 => /lib/x86_64-linux-gnu/libmvec.so.1 (0x0000780287506000)
	libgfortran.so.5 => /lib/x86_64-linux-gnu/libgfortran.so.5 (0x0000780287000000)
squaring/squaring
	linux-vdso.so.1 (0x000074b66e4a0000)
	libarmadillo.so.14 => /lib/libarmadillo.so.14 (0x000074b66e44f000)
	libopenblas.so.0 => /lib/x86_64-linux-gnu/libopenblas.so.0 (0x000074b66aef8000)
	libstdc++.so.6 => /lib/x86_64-linux-gnu/libstdc++.so.6 (0x000074b66ac00000)
	libm.so.6 => /lib/x86_64-linux-gnu/libm.so.6 (0x000074b66e358000)
	libgcc_s.so.1 => /lib/x86_64-linux-gnu/libgcc_s.so.1 (0x000074b66e32b000)
	libc.so.6 => /lib/x86_64-linux-gnu/libc.so.6 (0x000074b66a800000)
	libblas.so.3 => /lib/x86_64-linux-gnu/libblas.so.3 (0x000074b66a000000)
	libarpack.so.2 => /lib/x86_64-linux-gnu/libarpack.so.2 (0x000074b66e2d7000)
	/lib64/ld-linux-x86-64.so.2 (0x000074b66e4a2000)
	libmvec.so.1 => /lib/x86_64-linux-gnu/libmvec.so.1 (0x000074b66ab06000)
	libgfortran.so.5 => /lib/x86_64-linux-gnu/libgfortran.so.5 (0x000074b669c00000)
transforms/transforms
	linux-vdso.so.1 (0x000077572057b000)
	libarmadillo.so.14 => /lib/libarmadillo.so.14 (0x000077572052a000)
	libopenblas.so.0 => /lib/x86_64-linux-gnu/libopenblas.so.0 (0x000077571d0f8000)
	libstdc++.so.6 => /lib/x86_64-linux-gnu/libstdc++.so.6 (0x000077571ce00000)
	libm.so.6 => /lib/x86_64-linux-gnu/libm.so.6 (0x000077571cd09000)
	libgcc_s.so.1 => /lib/x86_64-linux-gnu/libgcc_s.so.1 (0x00007757204fd000)
	libc.so.6 => /lib/x86_64-linux-gnu/libc.so.6 (0x000077571ca00000)
	libblas.so.3 => /lib/x86_64-linux-gnu/libblas.so.3 (0x000077571c200000)
	libarpack.so.2 => /lib/x86_64-linux-gnu/libarpack.so.2 (0x000077571d0a6000)
	/lib64/ld-linux-x86-64.so.2 (0x000077572057d000)
	libmvec.so.1 => /lib/x86_64-linux-gnu/libmvec.so.1 (0x000077571c106000)
	libgfortran.so.5 => /lib/x86_64-linux-gnu/libgfortran.so.5 (0x000077571bc00000)
versor/versor
	linux-vdso.so.1 (0x000077bffe44f000)
	libarmadillo.so.14 => /lib/libarmadillo.so.14 (0x000077bffe3fe000)
	libopenblas.so.0 => /lib/x86_64-linux-gnu/libopenblas.so.0 (0x000077bffaef8000)
	libstdc++.so.6 => /lib/x86_64-linux-gnu/libstdc++.so.6 (0x000077bffac00000)
	libm.so.6 => /lib/x86_64-linux-gnu/libm.so.6 (0x000077bffe307000)
	libgcc_s.so.1 => /lib/x86_64-linux-gnu/libgcc_s.so.1 (0x000077bffaecb000)
	libc.so.6 => /lib/x86_64-linux-gnu/libc.so.6 (0x000077bffa800000)
	libblas.so.3 => /lib/x86_64-linux-gnu/libblas.so.3 (0x000077bffa000000)
	libarpack.so.2 => /lib/x86_64-linux-gnu/libarpack.so.2 (0x000077bffabae000)
	/lib64/ld-linux-x86-64.so.2 (0x000077bffe451000)
	libmvec.so.1 => /lib/x86_64-linux-gnu/libmvec.so.1 (0x000077bffaab4000)
	libgfortran.so.5 => /lib/x86_64-linux-gnu/libgfortran.so.5 (0x000077bff9c00000)
