
framed_multi<double>
Clifford algebra squaring test:
Fill: 0.5
Cl( 1, 0) in Cl( 1, 0) CPU =        0.055 ms (setup)        0.016 (*) 
Cl( 1, 1) in Cl( 1, 1) CPU =        0.003 ms (setup)        0.003 (*) 
Cl( 2, 1) in Cl( 2, 1) CPU =        0.010 ms (setup)        0.007 (*) 
Cl( 2, 2) in Cl( 2, 2) CPU =        0.004 ms (setup)        0.009 (*) 
Cl( 3, 2) in Cl( 3, 2) CPU =        0.011 ms (setup)        0.023 (*) 
Cl( 3, 3) in Cl( 3, 3) CPU =        0.012 ms (setup)        0.052 (*) 
Cl( 4, 3) in Cl( 4, 3) CPU =        0.025 ms (setup)        0.152 (*) 
Cl( 4, 4) in Cl( 4, 4) CPU =        0.044 ms (setup)        0.876 (*) 
Cl( 5, 4) in Cl( 5, 4) CPU =        0.094 ms (setup)        2.669 (*) 
Cl( 5, 5) in Cl( 5, 5) CPU =        0.186 ms (setup)        3.270 (*) 
Cl( 6, 5) in Cl( 6, 5) CPU =        0.344 ms (setup)       11.023 (*) 
Cl( 6, 6) in Cl( 6, 6) CPU =        0.618 ms (setup)       12.905 (*) 
Cl( 7, 6) in Cl( 7, 6) CPU =        1.155 ms (setup)       36.608 (*) 
Cl( 7, 7) in Cl( 7, 7) CPU =        1.958 ms (setup)       47.850 (*) 
Cl( 8, 7) in Cl( 8, 7) CPU =        3.903 ms (setup)      173.420 (*) 
Cl( 8, 8) in Cl( 8, 8) CPU =        7.764 ms (setup)      231.365 (*) 
Cl( 9, 8) in Cl( 9, 8) CPU =       17.992 ms (setup)      651.493 (*) 
Cl( 9, 9) in Cl( 9, 9) CPU =       34.217 ms (setup)     1199.591 (*) 
Cl(10, 9) in Cl(10, 9) CPU =       77.291 ms (setup)     4614.017 (*) 
Cl(10,10) in Cl(10,10) CPU =      161.204 ms (setup)     6576.752 (*) 
Cl(11,10) in Cl(11,10) CPU =      333.247 ms (setup)    27134.947 (*) 
Cl(11,11) in Cl(11,11) CPU =      681.314 ms (setup)    40979.804 (*) 
Fill: 1
Cl( 1, 0) in Cl( 1, 0) CPU =        0.009 ms (setup)        0.008 (*) 
Cl( 1, 1) in Cl( 1, 1) CPU =        0.003 ms (setup)        0.008 (*) 
Cl( 2, 1) in Cl( 2, 1) CPU =        0.004 ms (setup)        0.008 (*) 
Cl( 2, 2) in Cl( 2, 2) CPU =        0.006 ms (setup)        0.015 (*) 
Cl( 3, 2) in Cl( 3, 2) CPU =        0.012 ms (setup)        0.027 (*) 
Cl( 3, 3) in Cl( 3, 3) CPU =        0.018 ms (setup)        0.072 (*) 
Cl( 4, 3) in Cl( 4, 3) CPU =        0.034 ms (setup)        0.285 (*) 
Cl( 4, 4) in Cl( 4, 4) CPU =        0.060 ms (setup)        3.263 (*) 
Cl( 5, 4) in Cl( 5, 4) CPU =        0.128 ms (setup)        1.797 (*) 
Cl( 5, 5) in Cl( 5, 5) CPU =        0.208 ms (setup)        2.622 (*) 
Cl( 6, 5) in Cl( 6, 5) CPU =        0.404 ms (setup)        8.721 (*) 
Cl( 6, 6) in Cl( 6, 6) CPU =        0.787 ms (setup)       12.453 (*) 
Cl( 7, 6) in Cl( 7, 6) CPU =        1.622 ms (setup)       41.549 (*) 
Cl( 7, 7) in Cl( 7, 7) CPU =        3.246 ms (setup)       62.900 (*) 
Cl( 8, 7) in Cl( 8, 7) CPU =        6.555 ms (setup)      209.848 (*) 
Cl( 8, 8) in Cl( 8, 8) CPU =       13.329 ms (setup)      316.591 (*) 
Cl( 9, 8) in Cl( 9, 8) CPU =       27.386 ms (setup)      878.911 (*) 
Cl( 9, 9) in Cl( 9, 9) CPU =       59.963 ms (setup)     1714.690 (*) 
Cl(10, 9) in Cl(10, 9) CPU =      138.702 ms (setup)     6090.111 (*) 
Cl(10,10) in Cl(10,10) CPU =      297.956 ms (setup)    10011.783 (*) 
Cl(11,10) in Cl(11,10) CPU =      621.057 ms (setup)    37651.543 (*) 
Cl(11,11) in Cl(11,11) CPU =     1270.533 ms (setup)    64319.044 (*) 

matrix_multi<double>
Clifford algebra squaring test:
Fill: 0.5
Cl( 1, 0) in Cl( 1, 0) CPU =        0.069 ms (setup)        0.005 (*) 
Cl( 1, 1) in Cl( 1, 1) CPU =        0.006 ms (setup)        0.001 (*) 
Cl( 2, 1) in Cl( 2, 1) CPU =        0.023 ms (setup)        0.001 (*) 
Cl( 2, 2) in Cl( 2, 2) CPU =        0.017 ms (setup)        0.001 (*) 
Cl( 3, 2) in Cl( 3, 2) CPU =        0.045 ms (setup)        0.008 (*) 
Cl( 3, 3) in Cl( 3, 3) CPU =        0.049 ms (setup)        0.003 (*) 
Cl( 4, 3) in Cl( 4, 3) CPU =        0.075 ms (setup)        0.005 (*) 
Cl( 4, 4) in Cl( 4, 4) CPU =        0.139 ms (setup)        0.005 (*) 
Cl( 5, 4) in Cl( 5, 4) CPU =        0.333 ms (setup)        0.013 (*) 
Cl( 5, 5) in Cl( 5, 5) CPU =        0.565 ms (setup)        0.013 (*) 
Cl( 6, 5) in Cl( 6, 5) CPU =        1.390 ms (setup)        0.063 (*) 
Cl( 6, 6) in Cl( 6, 6) CPU =        2.670 ms (setup)        0.065 (*) 
Cl( 7, 6) in Cl( 7, 6) CPU =        6.114 ms (setup)        0.401 (*) 
Cl( 7, 7) in Cl( 7, 7) CPU =       11.895 ms (setup)        0.392 (*) 
Cl( 8, 7) in Cl( 8, 7) CPU =       28.219 ms (setup)        2.953 (*) 
Cl( 8, 8) in Cl( 8, 8) CPU =       56.542 ms (setup)        3.012 (*) 
Cl( 9, 8) in Cl( 9, 8) CPU =      147.474 ms (setup)       21.703 (*) 
Cl( 9, 9) in Cl( 9, 9) CPU =      276.369 ms (setup)       21.830 (*) 
Cl(10, 9) in Cl(10, 9) CPU =      745.879 ms (setup)      177.514 (*) 
Cl(10,10) in Cl(10,10) CPU =     1473.437 ms (setup)      167.954 (*) 
Cl(11,10) in Cl(11,10) CPU =     4116.603 ms (setup)     1311.049 (*) 
Cl(11,11) in Cl(11,11) CPU =     8274.340 ms (setup)     1377.881 (*) 
Fill: 1
Cl( 1, 0) in Cl( 1, 0) CPU =        0.023 ms (setup)        0.004 (*) 
Cl( 1, 1) in Cl( 1, 1) CPU =        0.017 ms (setup)        0.001 (*) 
Cl( 2, 1) in Cl( 2, 1) CPU =        0.018 ms (setup)        0.001 (*) 
Cl( 2, 2) in Cl( 2, 2) CPU =        0.032 ms (setup)        0.001 (*) 
Cl( 3, 2) in Cl( 3, 2) CPU =        0.040 ms (setup)        0.007 (*) 
Cl( 3, 3) in Cl( 3, 3) CPU =        0.049 ms (setup)        0.004 (*) 
Cl( 4, 3) in Cl( 4, 3) CPU =        0.108 ms (setup)        0.005 (*) 
Cl( 4, 4) in Cl( 4, 4) CPU =        0.192 ms (setup)        0.006 (*) 
Cl( 5, 4) in Cl( 5, 4) CPU =        0.482 ms (setup)        0.013 (*) 
Cl( 5, 5) in Cl( 5, 5) CPU =        0.892 ms (setup)        0.014 (*) 
Cl( 6, 5) in Cl( 6, 5) CPU =        2.069 ms (setup)        0.062 (*) 
Cl( 6, 6) in Cl( 6, 6) CPU =        4.077 ms (setup)        0.062 (*) 
Cl( 7, 6) in Cl( 7, 6) CPU =        9.650 ms (setup)        0.398 (*) 
Cl( 7, 7) in Cl( 7, 7) CPU =       19.173 ms (setup)        0.402 (*) 
Cl( 8, 7) in Cl( 8, 7) CPU =       48.335 ms (setup)        2.970 (*) 
Cl( 8, 8) in Cl( 8, 8) CPU =       95.478 ms (setup)        2.981 (*) 
Cl( 9, 8) in Cl( 9, 8) CPU =      248.432 ms (setup)       21.714 (*) 
Cl( 9, 9) in Cl( 9, 9) CPU =      509.623 ms (setup)       23.445 (*) 
Cl(10, 9) in Cl(10, 9) CPU =     1405.781 ms (setup)      171.665 (*) 
Cl(10,10) in Cl(10,10) CPU =     2849.991 ms (setup)      167.834 (*) 
Cl(11,10) in Cl(11,10) CPU =     8478.592 ms (setup)     1313.168 (*) 
Cl(11,11) in Cl(11,11) CPU =    17614.449 ms (setup)     1319.111 (*) 
