
framed_multi<float,-4,4>
Clifford algebra expressions test:
Fill: 0.5
Cl( 1, 0) in Cl( 1, 0) CPU =        0.001 ms (setup)        0.002 (comm)        0.017 (pade)        0.003 (series)        0.001 (mix)        0.002 (add) 
Cl( 1, 1) in Cl( 1, 1) CPU =        0.001 ms (setup)        0.001 (comm)        0.003 (pade)        0.001 (series)        0.001 (mix)        0.001 (add) 
Cl( 2, 1) in Cl( 2, 1) CPU =        0.001 ms (setup)        0.003 (comm)        0.007 (pade)        0.004 (series)        0.001 (mix)        0.001 (add) 
Cl( 2, 2) in Cl( 2, 2) CPU =        0.001 ms (setup)        0.005 (comm)        0.007 (pade)        0.005 (series)        0.002 (mix)        0.001 (add) 
Cl( 3, 2) in Cl( 3, 2) CPU =        0.003 ms (setup)        0.011 (comm)        0.030 (pade)        0.011 (series)        0.004 (mix)        0.003 (add) 
Cl( 3, 3) in Cl( 3, 3) CPU =        0.007 ms (setup)        0.030 (comm)        0.038 (pade)        0.043 (series)        0.007 (mix)        0.005 (add) 
Cl( 4, 3) in Cl( 4, 3) CPU =        0.013 ms (setup)        0.074 (comm)        0.144 (pade)        0.116 (series)        0.023 (mix)        0.011 (add) 
Cl( 4, 4) in Cl( 4, 4) CPU =        0.026 ms (setup)        0.424 (comm)        0.195 (pade)        0.717 (series)        0.076 (mix)        0.024 (add) 
Cl( 1, 0) in Cl( 4, 4) CPU =        0.001 ms (setup)        0.001 (comm)        0.004 (pade)        0.002 (series)        0.000 (mix)        0.001 (add) 
Cl( 1, 1) in Cl( 4, 4) CPU =        0.001 ms (setup)        0.002 (comm)        0.003 (pade)        0.001 (series)        0.001 (mix)        0.001 (add) 
Cl( 2, 1) in Cl( 4, 4) CPU =        0.001 ms (setup)        0.003 (comm)        0.007 (pade)        0.004 (series)        0.001 (mix)        0.001 (add) 
Cl( 2, 2) in Cl( 4, 4) CPU =        0.002 ms (setup)        0.005 (comm)        0.007 (pade)        0.007 (series)        0.002 (mix)        0.002 (add) 
Cl( 3, 2) in Cl( 4, 4) CPU =        0.003 ms (setup)        0.011 (comm)        0.029 (pade)        0.017 (series)        0.003 (mix)        0.003 (add) 
Cl( 3, 3) in Cl( 4, 4) CPU =        0.007 ms (setup)        0.027 (comm)        0.041 (pade)        0.044 (series)        0.007 (mix)        0.006 (add) 
Cl( 4, 3) in Cl( 4, 4) CPU =        0.013 ms (setup)        0.063 (comm)        0.142 (pade)        0.105 (series)        0.019 (mix)        0.009 (add) 
Cl( 4, 4) in Cl( 4, 4) CPU =        0.026 ms (setup)        0.413 (comm)        0.190 (pade)        0.723 (series)        0.081 (mix)        0.022 (add) 
Fill: 1
Cl( 1, 0) in Cl( 1, 0) CPU =        0.000 ms (setup)        0.002 (comm)        0.004 (pade)        0.010 (series)        0.001 (mix)        0.002 (add) 
Cl( 1, 1) in Cl( 1, 1) CPU =        0.001 ms (setup)        0.003 (comm)        0.003 (pade)        0.003 (series)        0.001 (mix)        0.001 (add) 
Cl( 2, 1) in Cl( 2, 1) CPU =        0.001 ms (setup)        0.003 (comm)        0.007 (pade)        0.004 (series)        0.001 (mix)        0.001 (add) 
Cl( 2, 2) in Cl( 2, 2) CPU =        0.002 ms (setup)        0.006 (comm)        0.008 (pade)        0.007 (series)        0.002 (mix)        0.001 (add) 
Cl( 3, 2) in Cl( 3, 2) CPU =        0.003 ms (setup)        0.015 (comm)        0.030 (pade)        0.021 (series)        0.005 (mix)        0.003 (add) 
Cl( 3, 3) in Cl( 3, 3) CPU =        0.007 ms (setup)        0.043 (comm)        0.042 (pade)        0.061 (series)        0.011 (mix)        0.005 (add) 
Cl( 4, 3) in Cl( 4, 3) CPU =        0.016 ms (setup)        0.124 (comm)        0.155 (pade)        0.190 (series)        0.026 (mix)        0.009 (add) 
Cl( 4, 4) in Cl( 4, 4) CPU =        0.036 ms (setup)        0.477 (comm)        0.210 (pade)        0.806 (series)        0.070 (mix)        0.025 (add) 
Cl( 1, 0) in Cl( 4, 4) CPU =        0.000 ms (setup)        0.002 (comm)        0.003 (pade)        0.002 (series)        0.001 (mix)        0.001 (add) 
Cl( 1, 1) in Cl( 4, 4) CPU =        0.001 ms (setup)        0.003 (comm)        0.003 (pade)        0.003 (series)        0.001 (mix)        0.001 (add) 
Cl( 2, 1) in Cl( 4, 4) CPU =        0.001 ms (setup)        0.003 (comm)        0.007 (pade)        0.004 (series)        0.001 (mix)        0.001 (add) 
Cl( 2, 2) in Cl( 4, 4) CPU =        0.001 ms (setup)        0.005 (comm)        0.009 (pade)        0.007 (series)        0.002 (mix)        0.001 (add) 
Cl( 3, 2) in Cl( 4, 4) CPU =        0.003 ms (setup)        0.015 (comm)        0.029 (pade)        0.021 (series)        0.005 (mix)        0.003 (add) 
Cl( 3, 3) in Cl( 4, 4) CPU =        0.007 ms (setup)        0.042 (comm)        0.041 (pade)        0.061 (series)        0.011 (mix)        0.005 (add) 
Cl( 4, 3) in Cl( 4, 4) CPU =        0.016 ms (setup)        0.123 (comm)        0.151 (pade)        0.191 (series)        0.025 (mix)        0.009 (add) 
Cl( 4, 4) in Cl( 4, 4) CPU =        0.034 ms (setup)        0.477 (comm)        0.209 (pade)        0.806 (series)        0.069 (mix)        0.024 (add) 

matrix_multi<float,-4,4>
Clifford algebra expressions test:
Fill: 0.5
Cl( 1, 0) in Cl( 1, 0) CPU =        0.005 ms (setup)        0.009 (comm)        0.002 (pade)        0.002 (series)        0.002 (mix)        0.001 (add) 
Cl( 1, 1) in Cl( 1, 1) CPU =        0.002 ms (setup)        0.007 (comm)        0.002 (pade)        0.001 (series)        0.005 (mix)        0.001 (add) 
Cl( 2, 1) in Cl( 2, 1) CPU =        0.002 ms (setup)        0.020 (comm)        0.002 (pade)        0.001 (series)        0.018 (mix)        0.001 (add) 
Cl( 2, 2) in Cl( 2, 2) CPU =        0.004 ms (setup)        0.026 (comm)        0.002 (pade)        0.001 (series)        0.025 (mix)        0.001 (add) 
Cl( 3, 2) in Cl( 3, 2) CPU =        0.020 ms (setup)        0.104 (comm)        0.004 (pade)        0.002 (series)        0.098 (mix)        0.001 (add) 
Cl( 3, 3) in Cl( 3, 3) CPU =        0.020 ms (setup)        0.191 (comm)        0.003 (pade)        0.001 (series)        0.183 (mix)        0.001 (add) 
Cl( 4, 3) in Cl( 4, 3) CPU =        0.048 ms (setup)        0.918 (comm)        0.008 (pade)        0.003 (series)        0.888 (mix)        0.001 (add) 
Cl( 4, 4) in Cl( 4, 4) CPU =        0.096 ms (setup)        1.367 (comm)        0.007 (pade)        0.003 (series)        1.342 (mix)        0.001 (add) 
Cl( 1, 0) in Cl( 4, 4) CPU =        0.002 ms (setup)        0.015 (comm)        0.004 (pade)        0.003 (series)        0.013 (mix)        0.001 (add) 
Cl( 1, 1) in Cl( 4, 4) CPU =        0.005 ms (setup)        0.047 (comm)        0.007 (pade)        0.003 (series)        0.044 (mix)        0.001 (add) 
Cl( 2, 1) in Cl( 4, 4) CPU =        0.007 ms (setup)        0.061 (comm)        0.007 (pade)        0.003 (series)        0.059 (mix)        0.001 (add) 
Cl( 2, 2) in Cl( 4, 4) CPU =        0.009 ms (setup)        0.089 (comm)        0.007 (pade)        0.003 (series)        0.086 (mix)        0.001 (add) 
Cl( 3, 2) in Cl( 4, 4) CPU =        0.043 ms (setup)        0.191 (comm)        0.007 (pade)        0.003 (series)        0.185 (mix)        0.000 (add) 
Cl( 3, 3) in Cl( 4, 4) CPU =        0.067 ms (setup)        0.302 (comm)        0.007 (pade)        0.003 (series)        0.293 (mix)        0.001 (add) 
Cl( 4, 3) in Cl( 4, 4) CPU =        0.181 ms (setup)        0.970 (comm)        0.007 (pade)        0.003 (series)        0.945 (mix)        0.001 (add) 
Cl( 4, 4) in Cl( 4, 4) CPU =        0.095 ms (setup)        1.395 (comm)        0.007 (pade)        0.003 (series)        1.366 (mix)        0.001 (add) 
Fill: 1
Cl( 1, 0) in Cl( 1, 0) CPU =        0.010 ms (setup)        0.005 (comm)        0.003 (pade)        0.002 (series)        0.004 (mix)        0.001 (add) 
Cl( 1, 1) in Cl( 1, 1) CPU =        0.001 ms (setup)        0.007 (comm)        0.002 (pade)        0.001 (series)        0.007 (mix)        0.001 (add) 
Cl( 2, 1) in Cl( 2, 1) CPU =        0.002 ms (setup)        0.023 (comm)        0.002 (pade)        0.002 (series)        0.022 (mix)        0.001 (add) 
Cl( 2, 2) in Cl( 2, 2) CPU =        0.004 ms (setup)        0.037 (comm)        0.002 (pade)        0.001 (series)        0.036 (mix)        0.000 (add) 
Cl( 3, 2) in Cl( 3, 2) CPU =        0.011 ms (setup)        0.145 (comm)        0.004 (pade)        0.002 (series)        0.142 (mix)        0.001 (add) 
Cl( 3, 3) in Cl( 3, 3) CPU =        0.023 ms (setup)        0.230 (comm)        0.003 (pade)        0.002 (series)        0.225 (mix)        0.001 (add) 
Cl( 4, 3) in Cl( 4, 3) CPU =        0.062 ms (setup)        1.013 (comm)        0.008 (pade)        0.003 (series)        0.997 (mix)        0.001 (add) 
Cl( 4, 4) in Cl( 4, 4) CPU =        0.124 ms (setup)        1.547 (comm)        0.008 (pade)        0.003 (series)        1.532 (mix)        0.001 (add) 
Cl( 1, 0) in Cl( 4, 4) CPU =        0.003 ms (setup)        0.041 (comm)        0.007 (pade)        0.003 (series)        0.038 (mix)        0.001 (add) 
Cl( 1, 1) in Cl( 4, 4) CPU =        0.004 ms (setup)        0.056 (comm)        0.007 (pade)        0.003 (series)        0.053 (mix)        0.000 (add) 
Cl( 2, 1) in Cl( 4, 4) CPU =        0.007 ms (setup)        0.080 (comm)        0.007 (pade)        0.003 (series)        0.077 (mix)        0.001 (add) 
Cl( 2, 2) in Cl( 4, 4) CPU =        0.018 ms (setup)        0.117 (comm)        0.007 (pade)        0.003 (series)        0.115 (mix)        0.000 (add) 
Cl( 3, 2) in Cl( 4, 4) CPU =        0.045 ms (setup)        0.240 (comm)        0.007 (pade)        0.003 (series)        0.235 (mix)        0.000 (add) 
Cl( 3, 3) in Cl( 4, 4) CPU =        0.084 ms (setup)        0.363 (comm)        0.007 (pade)        0.003 (series)        0.354 (mix)        0.000 (add) 
Cl( 4, 3) in Cl( 4, 4) CPU =        0.224 ms (setup)        1.077 (comm)        0.007 (pade)        0.003 (series)        1.064 (mix)        0.001 (add) 
Cl( 4, 4) in Cl( 4, 4) CPU =        0.124 ms (setup)        1.546 (comm)        0.007 (pade)        0.003 (series)        1.531 (mix)        0.000 (add) 

framed_multi<double>
Clifford algebra expressions test:
Fill: 0.5
Cl( 1, 0) in Cl( 1, 0) CPU =        0.001 ms (setup)        0.009 (comm)        0.005 (pade)        0.002 (series)        0.001 (mix)        0.002 (add) 
Cl( 1, 1) in Cl( 1, 1) CPU =        0.001 ms (setup)        0.001 (comm)        0.003 (pade)        0.001 (series)        0.001 (mix)        0.001 (add) 
Cl( 2, 1) in Cl( 2, 1) CPU =        0.001 ms (setup)        0.004 (comm)        0.006 (pade)        0.005 (series)        0.001 (mix)        0.001 (add) 
Cl( 2, 2) in Cl( 2, 2) CPU =        0.002 ms (setup)        0.006 (comm)        0.007 (pade)        0.007 (series)        0.002 (mix)        0.001 (add) 
Cl( 3, 2) in Cl( 3, 2) CPU =        0.003 ms (setup)        0.013 (comm)        0.030 (pade)        0.013 (series)        0.004 (mix)        0.003 (add) 
Cl( 3, 3) in Cl( 3, 3) CPU =        0.007 ms (setup)        0.036 (comm)        0.036 (pade)        0.049 (series)        0.008 (mix)        0.003 (add) 
Cl( 4, 3) in Cl( 4, 3) CPU =        0.013 ms (setup)        0.099 (comm)        0.136 (pade)        0.136 (series)        0.032 (mix)        0.005 (add) 
Cl( 4, 4) in Cl( 4, 4) CPU =        0.026 ms (setup)        0.421 (comm)        0.178 (pade)        0.667 (series)        0.101 (mix)        0.009 (add) 
Cl( 5, 4) in Cl( 5, 4) CPU =        0.053 ms (setup)        1.463 (comm)        0.637 (pade)        2.442 (series)        0.297 (mix)        0.017 (add) 
Cl( 5, 5) in Cl( 5, 5) CPU =        0.109 ms (setup)        2.490 (comm)        0.895 (pade)        3.456 (series)        0.802 (mix)        0.034 (add) 
Cl( 6, 5) in Cl( 6, 5) CPU =        0.227 ms (setup)        8.273 (comm)        3.234 (pade)       12.473 (series)        2.275 (mix)        0.071 (add) 
Cl( 6, 6) in Cl( 6, 6) CPU =        0.466 ms (setup)       14.711 (comm)        4.509 (pade)       17.601 (series)        6.601 (mix)        0.154 (add) 
Cl( 7, 6) in Cl( 7, 6) CPU =        0.951 ms (setup)       47.910 (comm)       15.736 (pade)       61.595 (series)       19.265 (mix)        0.332 (add) 
Cl( 7, 7) in Cl( 7, 7) CPU =        1.958 ms (setup)       96.206 (comm)       22.247 (pade)       87.401 (series)       56.904 (mix)        0.655 (add) 
Cl( 8, 7) in Cl( 8, 7) CPU =        3.923 ms (setup)      309.450 (comm)       79.183 (pade)      310.592 (series)      166.031 (mix)        1.387 (add) 
Cl( 8, 8) in Cl( 8, 8) CPU =        7.943 ms (setup)      700.041 (comm)      114.349 (pade)      448.839 (series)      500.577 (mix)        2.953 (add) 
Cl( 1, 0) in Cl( 8, 8) CPU =        0.001 ms (setup)        0.001 (comm)        0.003 (pade)        0.002 (series)        0.000 (mix)        0.001 (add) 
Cl( 1, 1) in Cl( 8, 8) CPU =        0.001 ms (setup)        0.001 (comm)        0.004 (pade)        0.001 (series)        0.001 (mix)        0.001 (add) 
Cl( 2, 1) in Cl( 8, 8) CPU =        0.001 ms (setup)        0.004 (comm)        0.007 (pade)        0.004 (series)        0.001 (mix)        0.001 (add) 
Cl( 2, 2) in Cl( 8, 8) CPU =        0.002 ms (setup)        0.006 (comm)        0.007 (pade)        0.007 (series)        0.002 (mix)        0.001 (add) 
Cl( 3, 2) in Cl( 8, 8) CPU =        0.003 ms (setup)        0.011 (comm)        0.022 (pade)        0.011 (series)        0.003 (mix)        0.002 (add) 
Cl( 3, 3) in Cl( 8, 8) CPU =        0.005 ms (setup)        0.034 (comm)        0.036 (pade)        0.046 (series)        0.008 (mix)        0.003 (add) 
Cl( 4, 3) in Cl( 8, 8) CPU =        0.012 ms (setup)        0.091 (comm)        0.133 (pade)        0.134 (series)        0.026 (mix)        0.005 (add) 
Cl( 4, 4) in Cl( 8, 8) CPU =        0.026 ms (setup)        0.419 (comm)        0.176 (pade)        0.659 (series)        0.100 (mix)        0.009 (add) 
Cl( 5, 4) in Cl( 8, 8) CPU =        0.054 ms (setup)        1.470 (comm)        0.631 (pade)        2.408 (series)        0.291 (mix)        0.017 (add) 
Cl( 5, 5) in Cl( 8, 8) CPU =        0.106 ms (setup)        2.397 (comm)        0.875 (pade)        3.391 (series)        0.771 (mix)        0.032 (add) 
Cl( 6, 5) in Cl( 8, 8) CPU =        0.225 ms (setup)        8.171 (comm)        3.176 (pade)       12.438 (series)        2.259 (mix)        0.069 (add) 
Cl( 6, 6) in Cl( 8, 8) CPU =        0.461 ms (setup)       14.568 (comm)        4.442 (pade)       17.436 (series)        6.544 (mix)        0.151 (add) 
Cl( 7, 6) in Cl( 8, 8) CPU =        0.952 ms (setup)       47.929 (comm)       15.591 (pade)       61.099 (series)       19.350 (mix)        0.326 (add) 
Cl( 7, 7) in Cl( 8, 8) CPU =        1.960 ms (setup)       96.701 (comm)       22.227 (pade)       87.343 (series)       57.259 (mix)        0.656 (add) 
Cl( 8, 7) in Cl( 8, 8) CPU =        3.936 ms (setup)      312.953 (comm)       79.224 (pade)      310.468 (series)      169.523 (mix)        1.413 (add) 
Cl( 8, 8) in Cl( 8, 8) CPU =        7.950 ms (setup)      697.852 (comm)      114.300 (pade)      448.514 (series)      499.159 (mix)        2.924 (add) 
Fill: 1
Cl( 1, 0) in Cl( 1, 0) CPU =        0.001 ms (setup)        0.002 (comm)        0.004 (pade)        0.003 (series)        0.001 (mix)        0.001 (add) 
Cl( 1, 1) in Cl( 1, 1) CPU =        0.001 ms (setup)        0.003 (comm)        0.003 (pade)        0.003 (series)        0.001 (mix)        0.001 (add) 
Cl( 2, 1) in Cl( 2, 1) CPU =        0.001 ms (setup)        0.004 (comm)        0.007 (pade)        0.005 (series)        0.001 (mix)        0.001 (add) 
Cl( 2, 2) in Cl( 2, 2) CPU =        0.002 ms (setup)        0.007 (comm)        0.008 (pade)        0.009 (series)        0.003 (mix)        0.001 (add) 
Cl( 3, 2) in Cl( 3, 2) CPU =        0.004 ms (setup)        0.019 (comm)        0.029 (pade)        0.024 (series)        0.005 (mix)        0.002 (add) 
Cl( 3, 3) in Cl( 3, 3) CPU =        0.008 ms (setup)        0.052 (comm)        0.040 (pade)        0.071 (series)        0.013 (mix)        0.003 (add) 
Cl( 4, 3) in Cl( 4, 3) CPU =        0.018 ms (setup)        0.166 (comm)        0.145 (pade)        0.229 (series)        0.038 (mix)        0.005 (add) 
Cl( 4, 4) in Cl( 4, 4) CPU =        0.036 ms (setup)        0.489 (comm)        0.198 (pade)        0.757 (series)        0.104 (mix)        0.011 (add) 
Cl( 5, 4) in Cl( 5, 4) CPU =        0.073 ms (setup)        1.668 (comm)        0.694 (pade)        2.683 (series)        0.282 (mix)        0.021 (add) 
Cl( 5, 5) in Cl( 5, 5) CPU =        0.150 ms (setup)        2.779 (comm)        1.014 (pade)        3.919 (series)        0.725 (mix)        0.040 (add) 
Cl( 6, 5) in Cl( 6, 5) CPU =        0.311 ms (setup)        9.139 (comm)        3.625 (pade)       14.199 (series)        1.964 (mix)        0.081 (add) 
Cl( 6, 6) in Cl( 6, 6) CPU =        0.638 ms (setup)       16.050 (comm)        5.364 (pade)       21.194 (series)        5.398 (mix)        0.170 (add) 
Cl( 7, 6) in Cl( 7, 6) CPU =        1.370 ms (setup)       51.130 (comm)       18.186 (pade)       71.209 (series)       15.486 (mix)        0.345 (add) 
Cl( 7, 7) in Cl( 7, 7) CPU =        2.898 ms (setup)       99.264 (comm)       27.405 (pade)      108.452 (series)       44.975 (mix)        0.683 (add) 
Cl( 8, 7) in Cl( 8, 7) CPU =        5.716 ms (setup)      315.075 (comm)       93.339 (pade)      368.354 (series)      131.087 (mix)        1.379 (add) 
Cl( 8, 8) in Cl( 8, 8) CPU =       11.864 ms (setup)      672.128 (comm)      144.679 (pade)      573.181 (series)      385.307 (mix)        2.756 (add) 
Cl( 1, 0) in Cl( 8, 8) CPU =        0.000 ms (setup)        0.002 (comm)        0.004 (pade)        0.003 (series)        0.001 (mix)        0.001 (add) 
Cl( 1, 1) in Cl( 8, 8) CPU =        0.001 ms (setup)        0.003 (comm)        0.003 (pade)        0.003 (series)        0.001 (mix)        0.001 (add) 
Cl( 2, 1) in Cl( 8, 8) CPU =        0.002 ms (setup)        0.004 (comm)        0.007 (pade)        0.005 (series)        0.001 (mix)        0.001 (add) 
Cl( 2, 2) in Cl( 8, 8) CPU =        0.002 ms (setup)        0.007 (comm)        0.008 (pade)        0.009 (series)        0.002 (mix)        0.001 (add) 
Cl( 3, 2) in Cl( 8, 8) CPU =        0.004 ms (setup)        0.019 (comm)        0.029 (pade)        0.024 (series)        0.005 (mix)        0.002 (add) 
Cl( 3, 3) in Cl( 8, 8) CPU =        0.009 ms (setup)        0.053 (comm)        0.040 (pade)        0.071 (series)        0.013 (mix)        0.004 (add) 
Cl( 4, 3) in Cl( 8, 8) CPU =        0.017 ms (setup)        0.165 (comm)        0.146 (pade)        0.230 (series)        0.039 (mix)        0.005 (add) 
Cl( 4, 4) in Cl( 8, 8) CPU =        0.036 ms (setup)        0.487 (comm)        0.197 (pade)        0.758 (series)        0.104 (mix)        0.011 (add) 
Cl( 5, 4) in Cl( 8, 8) CPU =        0.073 ms (setup)        1.671 (comm)        0.694 (pade)        2.685 (series)        0.280 (mix)        0.022 (add) 
Cl( 5, 5) in Cl( 8, 8) CPU =        0.152 ms (setup)        2.776 (comm)        1.016 (pade)        3.929 (series)        0.726 (mix)        0.041 (add) 
Cl( 6, 5) in Cl( 8, 8) CPU =        0.312 ms (setup)        9.106 (comm)        3.654 (pade)       14.216 (series)        1.963 (mix)        0.081 (add) 
Cl( 6, 6) in Cl( 8, 8) CPU =        0.642 ms (setup)       16.053 (comm)        5.369 (pade)       21.212 (series)        5.402 (mix)        0.170 (add) 
Cl( 7, 6) in Cl( 8, 8) CPU =        1.367 ms (setup)       51.145 (comm)       18.160 (pade)       71.323 (series)       15.504 (mix)        0.343 (add) 
Cl( 7, 7) in Cl( 8, 8) CPU =        2.902 ms (setup)       99.228 (comm)       27.368 (pade)      108.479 (series)       44.973 (mix)        0.686 (add) 
Cl( 8, 7) in Cl( 8, 8) CPU =        5.713 ms (setup)      315.171 (comm)       93.329 (pade)      368.521 (series)      131.096 (mix)        1.375 (add) 
Cl( 8, 8) in Cl( 8, 8) CPU =       11.872 ms (setup)      672.295 (comm)      144.930 (pade)      573.094 (series)      385.312 (mix)        2.909 (add) 

matrix_multi<double>
Clifford algebra expressions test:
Fill: 0.5
Cl( 1, 0) in Cl( 1, 0) CPU =        0.003 ms (setup)        0.002 (comm)        0.002 (pade)        0.002 (series)        0.001 (mix)        0.001 (add) 
Cl( 1, 1) in Cl( 1, 1) CPU =        0.003 ms (setup)        0.006 (comm)        0.002 (pade)        0.001 (series)        0.005 (mix)        0.001 (add) 
Cl( 2, 1) in Cl( 2, 1) CPU =        0.002 ms (setup)        0.019 (comm)        0.002 (pade)        0.001 (series)        0.018 (mix)        0.000 (add) 
Cl( 2, 2) in Cl( 2, 2) CPU =        0.003 ms (setup)        0.029 (comm)        0.002 (pade)        0.001 (series)        0.027 (mix)        0.000 (add) 
Cl( 3, 2) in Cl( 3, 2) CPU =        0.015 ms (setup)        0.103 (comm)        0.003 (pade)        0.002 (series)        0.099 (mix)        0.001 (add) 
Cl( 3, 3) in Cl( 3, 3) CPU =        0.019 ms (setup)        0.184 (comm)        0.003 (pade)        0.002 (series)        0.177 (mix)        0.001 (add) 
Cl( 4, 3) in Cl( 4, 3) CPU =        0.051 ms (setup)        0.834 (comm)        0.009 (pade)        0.005 (series)        0.811 (mix)        0.001 (add) 
Cl( 4, 4) in Cl( 4, 4) CPU =        0.096 ms (setup)        1.229 (comm)        0.009 (pade)        0.005 (series)        1.208 (mix)        0.001 (add) 
Cl( 5, 4) in Cl( 5, 4) CPU =        0.231 ms (setup)        5.197 (comm)        0.023 (pade)        0.016 (series)        5.173 (mix)        0.002 (add) 
Cl( 5, 5) in Cl( 5, 5) CPU =        0.452 ms (setup)        7.724 (comm)        0.023 (pade)        0.017 (series)        7.708 (mix)        0.002 (add) 
Cl( 6, 5) in Cl( 6, 5) CPU =        1.076 ms (setup)       30.139 (comm)        0.078 (pade)        0.075 (series)       30.070 (mix)        0.005 (add) 
Cl( 6, 6) in Cl( 6, 6) CPU =        2.146 ms (setup)       42.150 (comm)        0.079 (pade)        0.075 (series)       42.089 (mix)        0.005 (add) 
Cl( 7, 6) in Cl( 7, 6) CPU =        5.163 ms (setup)      173.949 (comm)        0.348 (pade)        0.469 (series)      173.422 (mix)        0.030 (add) 
Cl( 7, 7) in Cl( 7, 7) CPU =       10.328 ms (setup)      231.346 (comm)        0.348 (pade)        0.469 (series)      230.891 (mix)        0.030 (add) 
Cl( 8, 7) in Cl( 8, 7) CPU =       24.853 ms (setup)     1285.607 (comm)        1.988 (pade)        3.222 (series)     1213.103 (mix)        0.120 (add) 
Cl( 8, 8) in Cl( 8, 8) CPU =       49.873 ms (setup)     1331.384 (comm)        1.975 (pade)        3.220 (series)     1329.626 (mix)        0.120 (add) 
Cl( 1, 0) in Cl( 8, 8) CPU =        0.016 ms (setup)        5.253 (comm)        0.376 (pade)        3.224 (series)        3.594 (mix)        0.120 (add) 
Cl( 1, 1) in Cl( 8, 8) CPU =        0.022 ms (setup)       10.559 (comm)        0.558 (pade)        3.220 (series)        8.874 (mix)        0.120 (add) 
Cl( 2, 1) in Cl( 8, 8) CPU =        0.041 ms (setup)       14.765 (comm)        0.573 (pade)        3.219 (series)       13.082 (mix)        0.120 (add) 
Cl( 2, 2) in Cl( 8, 8) CPU =        0.109 ms (setup)       26.049 (comm)        0.573 (pade)        3.223 (series)       24.395 (mix)        0.120 (add) 
Cl( 3, 2) in Cl( 8, 8) CPU =        0.695 ms (setup)       42.572 (comm)        0.606 (pade)        3.221 (series)       40.889 (mix)        0.120 (add) 
Cl( 3, 3) in Cl( 8, 8) CPU =        0.769 ms (setup)       68.862 (comm)        0.610 (pade)        3.229 (series)       67.172 (mix)        0.121 (add) 
Cl( 4, 3) in Cl( 8, 8) CPU =        0.883 ms (setup)       87.683 (comm)        0.682 (pade)        3.231 (series)       86.130 (mix)        0.122 (add) 
Cl( 4, 4) in Cl( 8, 8) CPU =        1.061 ms (setup)      107.059 (comm)        0.681 (pade)        3.236 (series)      105.487 (mix)        0.121 (add) 
Cl( 5, 4) in Cl( 8, 8) CPU =        1.582 ms (setup)      125.745 (comm)        0.857 (pade)        3.231 (series)      124.176 (mix)        0.121 (add) 
Cl( 5, 5) in Cl( 8, 8) CPU =        2.461 ms (setup)      165.460 (comm)        0.859 (pade)        3.227 (series)      163.887 (mix)        0.121 (add) 
Cl( 6, 5) in Cl( 8, 8) CPU =        4.981 ms (setup)      226.893 (comm)        1.978 (pade)        3.230 (series)      225.269 (mix)        0.124 (add) 
Cl( 6, 6) in Cl( 8, 8) CPU =        9.199 ms (setup)      255.301 (comm)        1.978 (pade)        3.244 (series)      253.651 (mix)        0.124 (add) 
Cl( 7, 6) in Cl( 8, 8) CPU =       21.506 ms (setup)      414.150 (comm)        1.979 (pade)        3.225 (series)      411.773 (mix)        0.121 (add) 
Cl( 7, 7) in Cl( 8, 8) CPU =       40.989 ms (setup)      490.334 (comm)        1.993 (pade)        3.228 (series)      487.981 (mix)        0.121 (add) 
Cl( 8, 7) in Cl( 8, 8) CPU =       97.586 ms (setup)     1073.045 (comm)        1.996 (pade)        3.241 (series)     1068.417 (mix)        0.121 (add) 
Cl( 8, 8) in Cl( 8, 8) CPU =       49.828 ms (setup)     1331.668 (comm)        1.974 (pade)        3.220 (series)     1325.811 (mix)        0.120 (add) 
Fill: 1
Cl( 1, 0) in Cl( 1, 0) CPU =        0.001 ms (setup)        0.005 (comm)        0.002 (pade)        0.002 (series)        0.004 (mix)        0.001 (add) 
Cl( 1, 1) in Cl( 1, 1) CPU =        0.001 ms (setup)        0.007 (comm)        0.002 (pade)        0.001 (series)        0.007 (mix)        0.001 (add) 
Cl( 2, 1) in Cl( 2, 1) CPU =        0.002 ms (setup)        0.024 (comm)        0.002 (pade)        0.001 (series)        0.023 (mix)        0.001 (add) 
Cl( 2, 2) in Cl( 2, 2) CPU =        0.005 ms (setup)        0.037 (comm)        0.002 (pade)        0.001 (series)        0.036 (mix)        0.000 (add) 
Cl( 3, 2) in Cl( 3, 2) CPU =        0.012 ms (setup)        0.149 (comm)        0.004 (pade)        0.002 (series)        0.144 (mix)        0.001 (add) 
Cl( 3, 3) in Cl( 3, 3) CPU =        0.024 ms (setup)        0.228 (comm)        0.003 (pade)        0.002 (series)        0.222 (mix)        0.001 (add) 
Cl( 4, 3) in Cl( 4, 3) CPU =        0.067 ms (setup)        0.985 (comm)        0.009 (pade)        0.005 (series)        0.975 (mix)        0.001 (add) 
Cl( 4, 4) in Cl( 4, 4) CPU =        0.128 ms (setup)        1.472 (comm)        0.009 (pade)        0.005 (series)        1.459 (mix)        0.001 (add) 
Cl( 5, 4) in Cl( 5, 4) CPU =        0.322 ms (setup)        5.702 (comm)        0.023 (pade)        0.015 (series)        5.676 (mix)        0.002 (add) 
Cl( 5, 5) in Cl( 5, 5) CPU =        0.652 ms (setup)        8.343 (comm)        0.023 (pade)        0.016 (series)        8.341 (mix)        0.002 (add) 
Cl( 6, 5) in Cl( 6, 5) CPU =        1.647 ms (setup)       32.179 (comm)        0.079 (pade)        0.074 (series)       32.108 (mix)        0.006 (add) 
Cl( 6, 6) in Cl( 6, 6) CPU =        3.397 ms (setup)       45.099 (comm)        0.079 (pade)        0.075 (series)       45.076 (mix)        0.005 (add) 
Cl( 7, 6) in Cl( 7, 6) CPU =        8.550 ms (setup)      183.782 (comm)        0.349 (pade)        0.469 (series)      183.466 (mix)        0.030 (add) 
Cl( 7, 7) in Cl( 7, 7) CPU =       17.375 ms (setup)      250.186 (comm)        0.351 (pade)        0.469 (series)      250.064 (mix)        0.030 (add) 
Cl( 8, 7) in Cl( 8, 7) CPU =       43.448 ms (setup)     1339.622 (comm)        1.975 (pade)        3.220 (series)     1269.652 (mix)        0.120 (add) 
Cl( 8, 8) in Cl( 8, 8) CPU =       88.981 ms (setup)     1442.693 (comm)        1.972 (pade)        3.223 (series)     1440.568 (mix)        0.120 (add) 
Cl( 1, 0) in Cl( 8, 8) CPU =        0.018 ms (setup)       10.415 (comm)        0.559 (pade)        3.220 (series)        8.748 (mix)        0.120 (add) 
Cl( 1, 1) in Cl( 8, 8) CPU =        0.036 ms (setup)       16.988 (comm)        0.558 (pade)        3.219 (series)       15.306 (mix)        0.120 (add) 
Cl( 2, 1) in Cl( 8, 8) CPU =        0.082 ms (setup)       26.466 (comm)        0.574 (pade)        3.220 (series)       24.797 (mix)        0.120 (add) 
Cl( 2, 2) in Cl( 8, 8) CPU =        0.715 ms (setup)       38.949 (comm)        0.575 (pade)        3.230 (series)       37.223 (mix)        0.121 (add) 
Cl( 3, 2) in Cl( 8, 8) CPU =        0.747 ms (setup)       54.790 (comm)        0.609 (pade)        3.234 (series)       53.049 (mix)        0.121 (add) 
Cl( 3, 3) in Cl( 8, 8) CPU =        0.798 ms (setup)       75.395 (comm)        0.611 (pade)        3.231 (series)       72.465 (mix)        0.121 (add) 
Cl( 4, 3) in Cl( 8, 8) CPU =        0.967 ms (setup)      100.369 (comm)        0.683 (pade)        3.231 (series)       98.782 (mix)        0.123 (add) 
Cl( 4, 4) in Cl( 8, 8) CPU =        1.202 ms (setup)      126.375 (comm)        0.683 (pade)        3.232 (series)      124.879 (mix)        0.121 (add) 
Cl( 5, 4) in Cl( 8, 8) CPU =        1.945 ms (setup)      157.553 (comm)        0.860 (pade)        3.229 (series)      155.936 (mix)        0.121 (add) 
Cl( 5, 5) in Cl( 8, 8) CPU =        3.108 ms (setup)      187.727 (comm)        0.862 (pade)        3.229 (series)      185.987 (mix)        0.122 (add) 
Cl( 6, 5) in Cl( 8, 8) CPU =        6.748 ms (setup)      243.130 (comm)        1.993 (pade)        3.287 (series)      241.503 (mix)        0.121 (add) 
Cl( 6, 6) in Cl( 8, 8) CPU =       12.800 ms (setup)      283.130 (comm)        1.985 (pade)        3.224 (series)      281.741 (mix)        0.121 (add) 
Cl( 7, 6) in Cl( 8, 8) CPU =       30.023 ms (setup)      439.022 (comm)        1.983 (pade)        3.223 (series)      435.678 (mix)        0.122 (add) 
Cl( 7, 7) in Cl( 8, 8) CPU =       57.760 ms (setup)      534.650 (comm)        1.979 (pade)        3.242 (series)      531.293 (mix)        0.122 (add) 
Cl( 8, 7) in Cl( 8, 8) CPU =      140.431 ms (setup)     1128.953 (comm)        1.977 (pade)        3.235 (series)     1125.014 (mix)        0.122 (add) 
Cl( 8, 8) in Cl( 8, 8) CPU =       88.866 ms (setup)     1444.060 (comm)        1.975 (pade)        3.220 (series)     1441.580 (mix)        0.120 (add) 
