expressions/expressions
	linux-vdso.so.1 (0x0000ffff37b0c000)
	libarmadillo.so.12 => /lib64/libarmadillo.so.12 (0x0000ffff37aa0000)
	libflexiblas.so.3 => /lib64/libflexiblas.so.3 (0x0000ffff374d0000)
	libstdc++.so.6 => /lib64/libstdc++.so.6 (0x0000ffff37220000)
	libm.so.6 => /lib64/libm.so.6 (0x0000ffff37150000)
	libgomp.so.1 => /lib64/libgomp.so.1 (0x0000ffff370d0000)
	libgcc_s.so.1 => /lib64/libgcc_s.so.1 (0x0000ffff37090000)
	libc.so.6 => /lib64/libc.so.6 (0x0000ffff36ec0000)
	libarpack.so.2 => /lib64/libarpack.so.2 (0x0000ffff36e60000)
	libgfortran.so.5 => /lib64/libgfortran.so.5 (0x0000ffff36c90000)
	/lib/ld-linux-aarch64.so.1 (0x0000ffff37b10000)
gfft_test/gfft_test
	linux-vdso.so.1 (0x0000ffffa2f0c000)
	libarmadillo.so.12 => /lib64/libarmadillo.so.12 (0x0000ffffa2ea0000)
	libflexiblas.so.3 => /lib64/libflexiblas.so.3 (0x0000ffffa28d0000)
	libstdc++.so.6 => /lib64/libstdc++.so.6 (0x0000ffffa2620000)
	libm.so.6 => /lib64/libm.so.6 (0x0000ffffa2550000)
	libgomp.so.1 => /lib64/libgomp.so.1 (0x0000ffffa24d0000)
	libgcc_s.so.1 => /lib64/libgcc_s.so.1 (0x0000ffffa2490000)
	libc.so.6 => /lib64/libc.so.6 (0x0000ffffa22c0000)
	libarpack.so.2 => /lib64/libarpack.so.2 (0x0000ffffa2260000)
	libgfortran.so.5 => /lib64/libgfortran.so.5 (0x0000ffffa2090000)
	/lib/ld-linux-aarch64.so.1 (0x0000ffffa2f10000)
products/products
	linux-vdso.so.1 (0x0000ffffa055c000)
	libarmadillo.so.12 => /lib64/libarmadillo.so.12 (0x0000ffffa04f0000)
	libflexiblas.so.3 => /lib64/libflexiblas.so.3 (0x0000ffff9ff20000)
	libstdc++.so.6 => /lib64/libstdc++.so.6 (0x0000ffff9fc70000)
	libm.so.6 => /lib64/libm.so.6 (0x0000ffff9fba0000)
	libgomp.so.1 => /lib64/libgomp.so.1 (0x0000ffff9fb20000)
	libgcc_s.so.1 => /lib64/libgcc_s.so.1 (0x0000ffff9fae0000)
	libc.so.6 => /lib64/libc.so.6 (0x0000ffff9f910000)
	libarpack.so.2 => /lib64/libarpack.so.2 (0x0000ffff9f8b0000)
	libgfortran.so.5 => /lib64/libgfortran.so.5 (0x0000ffff9f6e0000)
	/lib/ld-linux-aarch64.so.1 (0x0000ffffa0560000)
squaring/squaring
	linux-vdso.so.1 (0x0000fffefbbbc000)
	libarmadillo.so.12 => /lib64/libarmadillo.so.12 (0x0000fffefbb50000)
	libflexiblas.so.3 => /lib64/libflexiblas.so.3 (0x0000fffefb580000)
	libstdc++.so.6 => /lib64/libstdc++.so.6 (0x0000fffefb2d0000)
	libm.so.6 => /lib64/libm.so.6 (0x0000fffefb200000)
	libgomp.so.1 => /lib64/libgomp.so.1 (0x0000fffefb180000)
	libgcc_s.so.1 => /lib64/libgcc_s.so.1 (0x0000fffefb140000)
	libc.so.6 => /lib64/libc.so.6 (0x0000fffefaf70000)
	libarpack.so.2 => /lib64/libarpack.so.2 (0x0000fffefaf10000)
	libgfortran.so.5 => /lib64/libgfortran.so.5 (0x0000fffefad40000)
	/lib/ld-linux-aarch64.so.1 (0x0000fffefbbc0000)
transforms/transforms
	linux-vdso.so.1 (0x0000ffff1de4c000)
	libarmadillo.so.12 => /lib64/libarmadillo.so.12 (0x0000ffff1dde0000)
	libflexiblas.so.3 => /lib64/libflexiblas.so.3 (0x0000ffff1d810000)
	libstdc++.so.6 => /lib64/libstdc++.so.6 (0x0000ffff1d560000)
	libm.so.6 => /lib64/libm.so.6 (0x0000ffff1d490000)
	libgomp.so.1 => /lib64/libgomp.so.1 (0x0000ffff1d410000)
	libgcc_s.so.1 => /lib64/libgcc_s.so.1 (0x0000ffff1d3d0000)
	libc.so.6 => /lib64/libc.so.6 (0x0000ffff1d200000)
	libarpack.so.2 => /lib64/libarpack.so.2 (0x0000ffff1d1a0000)
	libgfortran.so.5 => /lib64/libgfortran.so.5 (0x0000ffff1cfd0000)
	/lib/ld-linux-aarch64.so.1 (0x0000ffff1de50000)
versor/versor
	linux-vdso.so.1 (0x0000ffff0e81c000)
	libarmadillo.so.12 => /lib64/libarmadillo.so.12 (0x0000ffff0e7b0000)
	libflexiblas.so.3 => /lib64/libflexiblas.so.3 (0x0000ffff0e1e0000)
	libstdc++.so.6 => /lib64/libstdc++.so.6 (0x0000ffff0df30000)
	libm.so.6 => /lib64/libm.so.6 (0x0000ffff0de60000)
	libgomp.so.1 => /lib64/libgomp.so.1 (0x0000ffff0dde0000)
	libgcc_s.so.1 => /lib64/libgcc_s.so.1 (0x0000ffff0dda0000)
	libc.so.6 => /lib64/libc.so.6 (0x0000ffff0dbd0000)
	libarpack.so.2 => /lib64/libarpack.so.2 (0x0000ffff0db70000)
	libgfortran.so.5 => /lib64/libgfortran.so.5 (0x0000ffff0d9a0000)
	/lib/ld-linux-aarch64.so.1 (0x0000ffff0e820000)
