
framed_multi<double>
Clifford algebra squaring test:
Fill: 0.5
Cl( 1, 0) in Cl( 1, 0) CPU =        0.046 ms (setup)        0.029 (*) 
Cl( 1, 1) in Cl( 1, 1) CPU =        0.001 ms (setup)        0.001 (*) 
Cl( 2, 1) in Cl( 2, 1) CPU =        0.001 ms (setup)        0.003 (*) 
Cl( 2, 2) in Cl( 2, 2) CPU =        0.001 ms (setup)        0.003 (*) 
Cl( 3, 2) in Cl( 3, 2) CPU =        0.002 ms (setup)        0.005 (*) 
Cl( 3, 3) in Cl( 3, 3) CPU =        0.004 ms (setup)        0.015 (*) 
Cl( 4, 3) in Cl( 4, 3) CPU =        0.007 ms (setup)        0.034 (*) 
Cl( 4, 4) in Cl( 4, 4) CPU =        0.013 ms (setup)        0.281 (*) 
Cl( 5, 4) in Cl( 5, 4) CPU =        0.028 ms (setup)        0.626 (*) 
Cl( 5, 5) in Cl( 5, 5) CPU =        0.057 ms (setup)        0.812 (*) 
Cl( 6, 5) in Cl( 6, 5) CPU =        0.115 ms (setup)        2.991 (*) 
Cl( 6, 6) in Cl( 6, 6) CPU =        0.232 ms (setup)        4.028 (*) 
Cl( 7, 6) in Cl( 7, 6) CPU =        0.468 ms (setup)       14.376 (*) 
Cl( 7, 7) in Cl( 7, 7) CPU =        0.961 ms (setup)       19.598 (*) 
Cl( 8, 7) in Cl( 8, 7) CPU =        1.935 ms (setup)       71.837 (*) 
Cl( 8, 8) in Cl( 8, 8) CPU =        3.958 ms (setup)       99.359 (*) 
Cl( 9, 8) in Cl( 9, 8) CPU =        8.147 ms (setup)      270.247 (*) 
Cl( 9, 9) in Cl( 9, 9) CPU =       16.879 ms (setup)      530.329 (*) 
Cl(10, 9) in Cl(10, 9) CPU =       34.942 ms (setup)     2076.887 (*) 
Cl(10,10) in Cl(10,10) CPU =       72.573 ms (setup)     3020.005 (*) 
Cl(11,10) in Cl(11,10) CPU =      149.949 ms (setup)    12406.129 (*) 
Cl(11,11) in Cl(11,11) CPU =      285.574 ms (setup)    18732.380 (*) 
Fill: 1
Cl( 1, 0) in Cl( 1, 0) CPU =        0.019 ms (setup)        0.003 (*) 
Cl( 1, 1) in Cl( 1, 1) CPU =        0.001 ms (setup)        0.003 (*) 
Cl( 2, 1) in Cl( 2, 1) CPU =        0.001 ms (setup)        0.002 (*) 
Cl( 2, 2) in Cl( 2, 2) CPU =        0.002 ms (setup)        0.004 (*) 
Cl( 3, 2) in Cl( 3, 2) CPU =        0.003 ms (setup)        0.009 (*) 
Cl( 3, 3) in Cl( 3, 3) CPU =        0.005 ms (setup)        0.024 (*) 
Cl( 4, 3) in Cl( 4, 3) CPU =        0.010 ms (setup)        0.068 (*) 
Cl( 4, 4) in Cl( 4, 4) CPU =        0.021 ms (setup)        0.237 (*) 
Cl( 5, 4) in Cl( 5, 4) CPU =        0.041 ms (setup)        0.734 (*) 
Cl( 5, 5) in Cl( 5, 5) CPU =        0.087 ms (setup)        1.050 (*) 
Cl( 6, 5) in Cl( 6, 5) CPU =        0.170 ms (setup)        3.565 (*) 
Cl( 6, 6) in Cl( 6, 6) CPU =        0.345 ms (setup)        5.308 (*) 
Cl( 7, 6) in Cl( 7, 6) CPU =        0.695 ms (setup)       17.697 (*) 
Cl( 7, 7) in Cl( 7, 7) CPU =        1.448 ms (setup)       26.946 (*) 
Cl( 8, 7) in Cl( 8, 7) CPU =        2.818 ms (setup)       91.409 (*) 
Cl( 8, 8) in Cl( 8, 8) CPU =        5.883 ms (setup)      142.174 (*) 
Cl( 9, 8) in Cl( 9, 8) CPU =       12.802 ms (setup)      388.591 (*) 
Cl( 9, 9) in Cl( 9, 9) CPU =       26.230 ms (setup)      796.458 (*) 
Cl(10, 9) in Cl(10, 9) CPU =       59.600 ms (setup)     2853.678 (*) 
Cl(10,10) in Cl(10,10) CPU =      126.145 ms (setup)     4790.607 (*) 
Cl(11,10) in Cl(11,10) CPU =      249.082 ms (setup)    17870.950 (*) 
Cl(11,11) in Cl(11,11) CPU =      479.333 ms (setup)    31131.997 (*) 

matrix_multi<double>
Clifford algebra squaring test:
Fill: 0.5
Cl( 1, 0) in Cl( 1, 0) CPU =        0.005 ms (setup)        0.003 (*) 
Cl( 1, 1) in Cl( 1, 1) CPU =        0.035 ms (setup)        0.001 (*) 
Cl( 2, 1) in Cl( 2, 1) CPU =        0.022 ms (setup)        0.001 (*) 
Cl( 2, 2) in Cl( 2, 2) CPU =        0.005 ms (setup)        0.000 (*) 
Cl( 3, 2) in Cl( 3, 2) CPU =        0.019 ms (setup)        0.003 (*) 
Cl( 3, 3) in Cl( 3, 3) CPU =        0.019 ms (setup)        0.001 (*) 
Cl( 4, 3) in Cl( 4, 3) CPU =        0.026 ms (setup)        0.002 (*) 
Cl( 4, 4) in Cl( 4, 4) CPU =        0.050 ms (setup)        0.002 (*) 
Cl( 5, 4) in Cl( 5, 4) CPU =        0.121 ms (setup)        0.004 (*) 
Cl( 5, 5) in Cl( 5, 5) CPU =        0.226 ms (setup)        0.003 (*) 
Cl( 6, 5) in Cl( 6, 5) CPU =        0.556 ms (setup)        0.017 (*) 
Cl( 6, 6) in Cl( 6, 6) CPU =        1.104 ms (setup)        0.016 (*) 
Cl( 7, 6) in Cl( 7, 6) CPU =        2.586 ms (setup)        0.107 (*) 
Cl( 7, 7) in Cl( 7, 7) CPU =        5.180 ms (setup)        0.105 (*) 
Cl( 8, 7) in Cl( 8, 7) CPU =       12.348 ms (setup)        0.757 (*) 
Cl( 8, 8) in Cl( 8, 8) CPU =       24.968 ms (setup)        0.753 (*) 
Cl( 9, 8) in Cl( 9, 8) CPU =       62.462 ms (setup)        5.678 (*) 
Cl( 9, 9) in Cl( 9, 9) CPU =      124.564 ms (setup)        5.718 (*) 
Cl(10, 9) in Cl(10, 9) CPU =      325.264 ms (setup)       43.871 (*) 
Cl(10,10) in Cl(10,10) CPU =      664.580 ms (setup)       45.006 (*) 
Cl(11,10) in Cl(11,10) CPU =     1843.482 ms (setup)      346.717 (*) 
Cl(11,11) in Cl(11,11) CPU =     3808.094 ms (setup)      354.783 (*) 
Fill: 1
Cl( 1, 0) in Cl( 1, 0) CPU =        0.009 ms (setup)        0.001 (*) 
Cl( 1, 1) in Cl( 1, 1) CPU =        0.004 ms (setup)        0.001 (*) 
Cl( 2, 1) in Cl( 2, 1) CPU =        0.004 ms (setup)        0.001 (*) 
Cl( 2, 2) in Cl( 2, 2) CPU =        0.012 ms (setup)        0.001 (*) 
Cl( 3, 2) in Cl( 3, 2) CPU =        0.011 ms (setup)        0.002 (*) 
Cl( 3, 3) in Cl( 3, 3) CPU =        0.015 ms (setup)        0.001 (*) 
Cl( 4, 3) in Cl( 4, 3) CPU =        0.041 ms (setup)        0.001 (*) 
Cl( 4, 4) in Cl( 4, 4) CPU =        0.075 ms (setup)        0.001 (*) 
Cl( 5, 4) in Cl( 5, 4) CPU =        0.181 ms (setup)        0.004 (*) 
Cl( 5, 5) in Cl( 5, 5) CPU =        0.355 ms (setup)        0.003 (*) 
Cl( 6, 5) in Cl( 6, 5) CPU =        0.871 ms (setup)        0.016 (*) 
Cl( 6, 6) in Cl( 6, 6) CPU =        1.739 ms (setup)        0.016 (*) 
Cl( 7, 6) in Cl( 7, 6) CPU =        4.293 ms (setup)        0.106 (*) 
Cl( 7, 7) in Cl( 7, 7) CPU =        8.657 ms (setup)        0.106 (*) 
Cl( 8, 7) in Cl( 8, 7) CPU =       21.684 ms (setup)        0.756 (*) 
Cl( 8, 8) in Cl( 8, 8) CPU =       44.287 ms (setup)        0.753 (*) 
Cl( 9, 8) in Cl( 9, 8) CPU =      116.704 ms (setup)        5.696 (*) 
Cl( 9, 9) in Cl( 9, 9) CPU =      238.661 ms (setup)        5.702 (*) 
Cl(10, 9) in Cl(10, 9) CPU =      664.059 ms (setup)       43.909 (*) 
Cl(10,10) in Cl(10,10) CPU =     1379.086 ms (setup)       43.912 (*) 
Cl(11,10) in Cl(11,10) CPU =     4105.396 ms (setup)      353.563 (*) 
Cl(11,11) in Cl(11,11) CPU =     8614.803 ms (setup)      347.771 (*) 
