
framed_multi<double>
Clifford algebra squaring test:
Fill: 0.5
Cl( 1, 0) in Cl( 1, 0) CPU =        0.022 ms (setup)        0.004 (*) 
Cl( 1, 1) in Cl( 1, 1) CPU =        0.000 ms (setup)        0.001 (*) 
Cl( 2, 1) in Cl( 2, 1) CPU =        0.001 ms (setup)        0.003 (*) 
Cl( 2, 2) in Cl( 2, 2) CPU =        0.001 ms (setup)        0.003 (*) 
Cl( 3, 2) in Cl( 3, 2) CPU =        0.001 ms (setup)        0.006 (*) 
Cl( 3, 3) in Cl( 3, 3) CPU =        0.004 ms (setup)        0.016 (*) 
Cl( 4, 3) in Cl( 4, 3) CPU =        0.007 ms (setup)        0.033 (*) 
Cl( 4, 4) in Cl( 4, 4) CPU =        0.013 ms (setup)        0.245 (*) 
Cl( 5, 4) in Cl( 5, 4) CPU =        0.029 ms (setup)        0.646 (*) 
Cl( 5, 5) in Cl( 5, 5) CPU =        0.056 ms (setup)        0.860 (*) 
Cl( 6, 5) in Cl( 6, 5) CPU =        0.116 ms (setup)        3.105 (*) 
Cl( 6, 6) in Cl( 6, 6) CPU =        0.231 ms (setup)        4.155 (*) 
Cl( 7, 6) in Cl( 7, 6) CPU =        0.471 ms (setup)       14.840 (*) 
Cl( 7, 7) in Cl( 7, 7) CPU =        0.947 ms (setup)       20.251 (*) 
Cl( 8, 7) in Cl( 8, 7) CPU =        1.965 ms (setup)       73.799 (*) 
Cl( 8, 8) in Cl( 8, 8) CPU =        3.921 ms (setup)      101.944 (*) 
Cl( 9, 8) in Cl( 9, 8) CPU =        8.179 ms (setup)      278.591 (*) 
Cl( 9, 9) in Cl( 9, 9) CPU =       17.113 ms (setup)      538.654 (*) 
Cl(10, 9) in Cl(10, 9) CPU =       35.168 ms (setup)     2093.217 (*) 
Cl(10,10) in Cl(10,10) CPU =       73.334 ms (setup)     3053.772 (*) 
Cl(11,10) in Cl(11,10) CPU =      148.999 ms (setup)    12512.474 (*) 
Cl(11,11) in Cl(11,11) CPU =      294.827 ms (setup)    18845.049 (*) 
Fill: 1
Cl( 1, 0) in Cl( 1, 0) CPU =        0.002 ms (setup)        0.003 (*) 
Cl( 1, 1) in Cl( 1, 1) CPU =        0.001 ms (setup)        0.002 (*) 
Cl( 2, 1) in Cl( 2, 1) CPU =        0.001 ms (setup)        0.003 (*) 
Cl( 2, 2) in Cl( 2, 2) CPU =        0.001 ms (setup)        0.004 (*) 
Cl( 3, 2) in Cl( 3, 2) CPU =        0.003 ms (setup)        0.009 (*) 
Cl( 3, 3) in Cl( 3, 3) CPU =        0.006 ms (setup)        0.024 (*) 
Cl( 4, 3) in Cl( 4, 3) CPU =        0.011 ms (setup)        0.070 (*) 
Cl( 4, 4) in Cl( 4, 4) CPU =        0.026 ms (setup)        0.239 (*) 
Cl( 5, 4) in Cl( 5, 4) CPU =        0.044 ms (setup)        0.758 (*) 
Cl( 5, 5) in Cl( 5, 5) CPU =        0.090 ms (setup)        1.098 (*) 
Cl( 6, 5) in Cl( 6, 5) CPU =        0.183 ms (setup)        3.651 (*) 
Cl( 6, 6) in Cl( 6, 6) CPU =        0.359 ms (setup)        5.457 (*) 
Cl( 7, 6) in Cl( 7, 6) CPU =        0.746 ms (setup)       18.136 (*) 
Cl( 7, 7) in Cl( 7, 7) CPU =        1.509 ms (setup)       27.513 (*) 
Cl( 8, 7) in Cl( 8, 7) CPU =        3.109 ms (setup)       92.900 (*) 
Cl( 8, 8) in Cl( 8, 8) CPU =        6.222 ms (setup)      143.766 (*) 
Cl( 9, 8) in Cl( 9, 8) CPU =       13.271 ms (setup)      395.198 (*) 
Cl( 9, 9) in Cl( 9, 9) CPU =       27.430 ms (setup)      797.092 (*) 
Cl(10, 9) in Cl(10, 9) CPU =       60.332 ms (setup)     2858.089 (*) 
Cl(10,10) in Cl(10,10) CPU =      129.054 ms (setup)     4808.888 (*) 
Cl(11,10) in Cl(11,10) CPU =      255.351 ms (setup)    17894.660 (*) 
Cl(11,11) in Cl(11,11) CPU =      506.806 ms (setup)    31134.927 (*) 

matrix_multi<double>
Clifford algebra squaring test:
Fill: 0.5
Cl( 1, 0) in Cl( 1, 0) CPU =        0.015 ms (setup)        0.002 (*) 
Cl( 1, 1) in Cl( 1, 1) CPU =        0.004 ms (setup)        0.001 (*) 
Cl( 2, 1) in Cl( 2, 1) CPU =        0.010 ms (setup)        0.001 (*) 
Cl( 2, 2) in Cl( 2, 2) CPU =        0.009 ms (setup)        0.001 (*) 
Cl( 3, 2) in Cl( 3, 2) CPU =        0.010 ms (setup)        0.002 (*) 
Cl( 3, 3) in Cl( 3, 3) CPU =        0.014 ms (setup)        0.001 (*) 
Cl( 4, 3) in Cl( 4, 3) CPU =        0.029 ms (setup)        0.001 (*) 
Cl( 4, 4) in Cl( 4, 4) CPU =        0.057 ms (setup)        0.002 (*) 
Cl( 5, 4) in Cl( 5, 4) CPU =        0.126 ms (setup)        0.004 (*) 
Cl( 5, 5) in Cl( 5, 5) CPU =        0.248 ms (setup)        0.003 (*) 
Cl( 6, 5) in Cl( 6, 5) CPU =        0.575 ms (setup)        0.019 (*) 
Cl( 6, 6) in Cl( 6, 6) CPU =        1.164 ms (setup)        0.018 (*) 
Cl( 7, 6) in Cl( 7, 6) CPU =        2.729 ms (setup)        0.112 (*) 
Cl( 7, 7) in Cl( 7, 7) CPU =        5.437 ms (setup)        0.110 (*) 
Cl( 8, 7) in Cl( 8, 7) CPU =       12.897 ms (setup)        0.771 (*) 
Cl( 8, 8) in Cl( 8, 8) CPU =       25.797 ms (setup)        0.769 (*) 
Cl( 9, 8) in Cl( 9, 8) CPU =       63.529 ms (setup)        5.714 (*) 
Cl( 9, 9) in Cl( 9, 9) CPU =      126.830 ms (setup)        5.845 (*) 
Cl(10, 9) in Cl(10, 9) CPU =      329.896 ms (setup)       44.214 (*) 
Cl(10,10) in Cl(10,10) CPU =      672.790 ms (setup)       44.685 (*) 
Cl(11,10) in Cl(11,10) CPU =     1847.097 ms (setup)      355.075 (*) 
Cl(11,11) in Cl(11,11) CPU =     3830.648 ms (setup)      346.788 (*) 
Fill: 1
Cl( 1, 0) in Cl( 1, 0) CPU =        0.004 ms (setup)        0.002 (*) 
Cl( 1, 1) in Cl( 1, 1) CPU =        0.002 ms (setup)        0.001 (*) 
Cl( 2, 1) in Cl( 2, 1) CPU =        0.009 ms (setup)        0.001 (*) 
Cl( 2, 2) in Cl( 2, 2) CPU =        0.008 ms (setup)        0.000 (*) 
Cl( 3, 2) in Cl( 3, 2) CPU =        0.010 ms (setup)        0.002 (*) 
Cl( 3, 3) in Cl( 3, 3) CPU =        0.018 ms (setup)        0.001 (*) 
Cl( 4, 3) in Cl( 4, 3) CPU =        0.046 ms (setup)        0.001 (*) 
Cl( 4, 4) in Cl( 4, 4) CPU =        0.077 ms (setup)        0.001 (*) 
Cl( 5, 4) in Cl( 5, 4) CPU =        0.194 ms (setup)        0.004 (*) 
Cl( 5, 5) in Cl( 5, 5) CPU =        0.378 ms (setup)        0.004 (*) 
Cl( 6, 5) in Cl( 6, 5) CPU =        0.917 ms (setup)        0.017 (*) 
Cl( 6, 6) in Cl( 6, 6) CPU =        1.830 ms (setup)        0.017 (*) 
Cl( 7, 6) in Cl( 7, 6) CPU =        4.488 ms (setup)        0.110 (*) 
Cl( 7, 7) in Cl( 7, 7) CPU =        8.987 ms (setup)        0.110 (*) 
Cl( 8, 7) in Cl( 8, 7) CPU =       22.421 ms (setup)        0.771 (*) 
Cl( 8, 8) in Cl( 8, 8) CPU =       45.020 ms (setup)        0.777 (*) 
Cl( 9, 8) in Cl( 9, 8) CPU =      117.364 ms (setup)        5.861 (*) 
Cl( 9, 9) in Cl( 9, 9) CPU =      240.398 ms (setup)        5.767 (*) 
Cl(10, 9) in Cl(10, 9) CPU =      663.188 ms (setup)       44.077 (*) 
Cl(10,10) in Cl(10,10) CPU =     1381.653 ms (setup)       44.056 (*) 
Cl(11,10) in Cl(11,10) CPU =     4084.818 ms (setup)      346.746 (*) 
Cl(11,11) in Cl(11,11) CPU =     8608.323 ms (setup)      346.752 (*) 
