
framed_multi<float,-4,4>
Clifford algebra expressions test:
Fill: 0.5
Cl( 1, 0) in Cl( 1, 0) CPU =        0.002 ms (setup)        0.008 (comm)        0.018 (pade)        0.009 (series)        0.002 (mix)        0.007 (add) 
Cl( 1, 1) in Cl( 1, 1) CPU =        0.002 ms (setup)        0.002 (comm)        0.036 (pade)        0.003 (series)        0.001 (mix)        0.005 (add) 
Cl( 2, 1) in Cl( 2, 1) CPU =        0.003 ms (setup)        0.015 (comm)        0.028 (pade)        0.018 (series)        0.005 (mix)        0.005 (add) 
Cl( 2, 2) in Cl( 2, 2) CPU =        0.005 ms (setup)        0.024 (comm)        0.031 (pade)        0.030 (series)        0.008 (mix)        0.006 (add) 
Cl( 3, 2) in Cl( 3, 2) CPU =        0.008 ms (setup)        0.088 (comm)        0.143 (pade)        0.051 (series)        0.018 (mix)        0.010 (add) 
Cl( 3, 3) in Cl( 3, 3) CPU =        0.021 ms (setup)        0.129 (comm)        0.182 (pade)        0.201 (series)        0.043 (mix)        0.015 (add) 
Cl( 4, 3) in Cl( 4, 3) CPU =        0.040 ms (setup)        0.295 (comm)        0.593 (pade)        0.528 (series)        0.093 (mix)        0.032 (add) 
Cl( 4, 4) in Cl( 4, 4) CPU =        0.073 ms (setup)        1.715 (comm)        0.774 (pade)        2.799 (series)        0.226 (mix)        0.052 (add) 
Cl( 1, 0) in Cl( 4, 4) CPU =        0.001 ms (setup)        0.002 (comm)        0.009 (pade)        0.006 (series)        0.001 (mix)        0.003 (add) 
Cl( 1, 1) in Cl( 4, 4) CPU =        0.002 ms (setup)        0.005 (comm)        0.009 (pade)        0.006 (series)        0.002 (mix)        0.004 (add) 
Cl( 2, 1) in Cl( 4, 4) CPU =        0.003 ms (setup)        0.013 (comm)        0.022 (pade)        0.015 (series)        0.004 (mix)        0.005 (add) 
Cl( 2, 2) in Cl( 4, 4) CPU =        0.005 ms (setup)        0.021 (comm)        0.025 (pade)        0.028 (series)        0.007 (mix)        0.005 (add) 
Cl( 3, 2) in Cl( 4, 4) CPU =        0.007 ms (setup)        0.042 (comm)        0.118 (pade)        0.060 (series)        0.013 (mix)        0.007 (add) 
Cl( 3, 3) in Cl( 4, 4) CPU =        0.015 ms (setup)        0.099 (comm)        0.160 (pade)        0.159 (series)        0.032 (mix)        0.015 (add) 
Cl( 4, 3) in Cl( 4, 4) CPU =        0.036 ms (setup)        0.209 (comm)        0.484 (pade)        0.404 (series)        0.071 (mix)        0.021 (add) 
Cl( 4, 4) in Cl( 4, 4) CPU =        0.061 ms (setup)        1.252 (comm)        0.561 (pade)        2.173 (series)        0.171 (mix)        0.038 (add) 
Fill: 1
Cl( 1, 0) in Cl( 1, 0) CPU =        0.001 ms (setup)        0.006 (comm)        0.009 (pade)        0.010 (series)        0.003 (mix)        0.005 (add) 
Cl( 1, 1) in Cl( 1, 1) CPU =        0.002 ms (setup)        0.009 (comm)        0.008 (pade)        0.009 (series)        0.003 (mix)        0.003 (add) 
Cl( 2, 1) in Cl( 2, 1) CPU =        0.002 ms (setup)        0.017 (comm)        0.021 (pade)        0.013 (series)        0.004 (mix)        0.004 (add) 
Cl( 2, 2) in Cl( 2, 2) CPU =        0.005 ms (setup)        0.022 (comm)        0.030 (pade)        0.026 (series)        0.007 (mix)        0.005 (add) 
Cl( 3, 2) in Cl( 3, 2) CPU =        0.009 ms (setup)        0.052 (comm)        0.089 (pade)        0.070 (series)        0.015 (mix)        0.007 (add) 
Cl( 3, 3) in Cl( 3, 3) CPU =        0.019 ms (setup)        0.138 (comm)        0.134 (pade)        0.200 (series)        0.036 (mix)        0.013 (add) 
Cl( 4, 3) in Cl( 4, 3) CPU =        0.040 ms (setup)        0.426 (comm)        0.428 (pade)        0.727 (series)        0.155 (mix)        0.029 (add) 
Cl( 4, 4) in Cl( 4, 4) CPU =        0.087 ms (setup)        1.478 (comm)        0.641 (pade)        2.534 (series)        0.238 (mix)        0.080 (add) 
Cl( 1, 0) in Cl( 4, 4) CPU =        0.001 ms (setup)        0.005 (comm)        0.007 (pade)        0.008 (series)        0.002 (mix)        0.003 (add) 
Cl( 1, 1) in Cl( 4, 4) CPU =        0.002 ms (setup)        0.009 (comm)        0.008 (pade)        0.009 (series)        0.003 (mix)        0.004 (add) 
Cl( 2, 1) in Cl( 4, 4) CPU =        0.002 ms (setup)        0.011 (comm)        0.028 (pade)        0.013 (series)        0.004 (mix)        0.004 (add) 
Cl( 2, 2) in Cl( 4, 4) CPU =        0.006 ms (setup)        0.022 (comm)        0.032 (pade)        0.026 (series)        0.007 (mix)        0.005 (add) 
Cl( 3, 2) in Cl( 4, 4) CPU =        0.011 ms (setup)        0.053 (comm)        0.090 (pade)        0.079 (series)        0.015 (mix)        0.007 (add) 
Cl( 3, 3) in Cl( 4, 4) CPU =        0.019 ms (setup)        0.138 (comm)        0.141 (pade)        0.200 (series)        0.036 (mix)        0.013 (add) 
Cl( 4, 3) in Cl( 4, 4) CPU =        0.050 ms (setup)        0.430 (comm)        0.444 (pade)        0.669 (series)        0.097 (mix)        0.032 (add) 
Cl( 4, 4) in Cl( 4, 4) CPU =        0.088 ms (setup)        1.480 (comm)        0.637 (pade)        2.514 (series)        0.237 (mix)        0.070 (add) 

matrix_multi<float,-4,4>
Clifford algebra expressions test:
Fill: 0.5
Cl( 1, 0) in Cl( 1, 0) CPU =        0.006 ms (setup)        0.011 (comm)        0.004 (pade)        0.005 (series)        0.007 (mix)        0.002 (add) 
Cl( 1, 1) in Cl( 1, 1) CPU =        0.007 ms (setup)        0.019 (comm)        0.003 (pade)        0.003 (series)        0.015 (mix)        0.001 (add) 
Cl( 2, 1) in Cl( 2, 1) CPU =        0.005 ms (setup)        0.087 (comm)        0.003 (pade)        0.004 (series)        0.074 (mix)        0.001 (add) 
Cl( 2, 2) in Cl( 2, 2) CPU =        0.005 ms (setup)        0.109 (comm)        0.003 (pade)        0.003 (series)        0.113 (mix)        0.001 (add) 
Cl( 3, 2) in Cl( 3, 2) CPU =        0.034 ms (setup)        0.346 (comm)        0.005 (pade)        0.005 (series)        0.342 (mix)        0.001 (add) 
Cl( 3, 3) in Cl( 3, 3) CPU =        0.065 ms (setup)        0.616 (comm)        0.005 (pade)        0.005 (series)        0.613 (mix)        0.001 (add) 
Cl( 4, 3) in Cl( 4, 3) CPU =        0.144 ms (setup)        2.783 (comm)        0.009 (pade)        0.009 (series)        3.009 (mix)        0.001 (add) 
Cl( 4, 4) in Cl( 4, 4) CPU =        0.307 ms (setup)        4.093 (comm)        0.009 (pade)        0.013 (series)        4.084 (mix)        0.001 (add) 
Cl( 1, 0) in Cl( 4, 4) CPU =        0.005 ms (setup)        0.070 (comm)        0.009 (pade)        0.009 (series)        0.060 (mix)        0.001 (add) 
Cl( 1, 1) in Cl( 4, 4) CPU =        0.007 ms (setup)        0.140 (comm)        0.009 (pade)        0.009 (series)        0.081 (mix)        0.001 (add) 
Cl( 2, 1) in Cl( 4, 4) CPU =        0.019 ms (setup)        0.206 (comm)        0.009 (pade)        0.009 (series)        0.201 (mix)        0.001 (add) 
Cl( 2, 2) in Cl( 4, 4) CPU =        0.035 ms (setup)        0.249 (comm)        0.009 (pade)        0.009 (series)        0.242 (mix)        0.001 (add) 
Cl( 3, 2) in Cl( 4, 4) CPU =        0.166 ms (setup)        0.700 (comm)        0.009 (pade)        0.009 (series)        0.692 (mix)        0.001 (add) 
Cl( 3, 3) in Cl( 4, 4) CPU =        0.236 ms (setup)        1.020 (comm)        0.009 (pade)        0.009 (series)        1.020 (mix)        0.002 (add) 
Cl( 4, 3) in Cl( 4, 4) CPU =        0.577 ms (setup)        2.679 (comm)        0.009 (pade)        0.009 (series)        2.659 (mix)        0.001 (add) 
Cl( 4, 4) in Cl( 4, 4) CPU =        0.291 ms (setup)        4.485 (comm)        0.009 (pade)        0.009 (series)        4.280 (mix)        0.001 (add) 
Fill: 1
Cl( 1, 0) in Cl( 1, 0) CPU =        0.007 ms (setup)        0.021 (comm)        0.004 (pade)        0.005 (series)        0.018 (mix)        0.001 (add) 
Cl( 1, 1) in Cl( 1, 1) CPU =        0.004 ms (setup)        0.028 (comm)        0.003 (pade)        0.003 (series)        0.025 (mix)        0.001 (add) 
Cl( 2, 1) in Cl( 2, 1) CPU =        0.007 ms (setup)        0.086 (comm)        0.003 (pade)        0.005 (series)        0.083 (mix)        0.001 (add) 
Cl( 2, 2) in Cl( 2, 2) CPU =        0.017 ms (setup)        0.133 (comm)        0.003 (pade)        0.004 (series)        0.142 (mix)        0.001 (add) 
Cl( 3, 2) in Cl( 3, 2) CPU =        0.042 ms (setup)        0.477 (comm)        0.005 (pade)        0.005 (series)        0.471 (mix)        0.001 (add) 
Cl( 3, 3) in Cl( 3, 3) CPU =        0.079 ms (setup)        0.762 (comm)        0.005 (pade)        0.005 (series)        0.759 (mix)        0.001 (add) 
Cl( 4, 3) in Cl( 4, 3) CPU =        0.191 ms (setup)        3.265 (comm)        0.009 (pade)        0.009 (series)        3.256 (mix)        0.002 (add) 
Cl( 4, 4) in Cl( 4, 4) CPU =        0.393 ms (setup)        5.244 (comm)        0.011 (pade)        0.009 (series)        4.920 (mix)        0.002 (add) 
Cl( 1, 0) in Cl( 4, 4) CPU =        0.011 ms (setup)        0.138 (comm)        0.009 (pade)        0.009 (series)        0.120 (mix)        0.001 (add) 
Cl( 1, 1) in Cl( 4, 4) CPU =        0.013 ms (setup)        0.176 (comm)        0.009 (pade)        0.009 (series)        0.164 (mix)        0.002 (add) 
Cl( 2, 1) in Cl( 4, 4) CPU =        0.024 ms (setup)        0.241 (comm)        0.009 (pade)        0.009 (series)        0.241 (mix)        0.002 (add) 
Cl( 2, 2) in Cl( 4, 4) CPU =        0.069 ms (setup)        0.354 (comm)        0.009 (pade)        0.009 (series)        0.347 (mix)        0.002 (add) 
Cl( 3, 2) in Cl( 4, 4) CPU =        0.164 ms (setup)        0.722 (comm)        0.009 (pade)        0.009 (series)        0.714 (mix)        0.002 (add) 
Cl( 3, 3) in Cl( 4, 4) CPU =        0.263 ms (setup)        1.203 (comm)        0.009 (pade)        0.009 (series)        1.167 (mix)        0.002 (add) 
Cl( 4, 3) in Cl( 4, 4) CPU =        0.696 ms (setup)        3.437 (comm)        0.009 (pade)        0.009 (series)        3.418 (mix)        0.001 (add) 
Cl( 4, 4) in Cl( 4, 4) CPU =        0.388 ms (setup)        4.832 (comm)        0.009 (pade)        0.009 (series)        4.853 (mix)        0.002 (add) 

framed_multi<double>
Clifford algebra expressions test:
Fill: 0.5
Cl( 1, 0) in Cl( 1, 0) CPU =        0.003 ms (setup)        0.007 (comm)        0.012 (pade)        0.006 (series)        0.002 (mix)        0.004 (add) 
Cl( 1, 1) in Cl( 1, 1) CPU =        0.002 ms (setup)        0.002 (comm)        0.007 (pade)        0.002 (series)        0.001 (mix)        0.003 (add) 
Cl( 2, 1) in Cl( 2, 1) CPU =        0.003 ms (setup)        0.011 (comm)        0.018 (pade)        0.012 (series)        0.003 (mix)        0.003 (add) 
Cl( 2, 2) in Cl( 2, 2) CPU =        0.005 ms (setup)        0.018 (comm)        0.020 (pade)        0.021 (series)        0.006 (mix)        0.004 (add) 
Cl( 3, 2) in Cl( 3, 2) CPU =        0.008 ms (setup)        0.036 (comm)        0.089 (pade)        0.036 (series)        0.013 (mix)        0.005 (add) 
Cl( 3, 3) in Cl( 3, 3) CPU =        0.017 ms (setup)        0.092 (comm)        0.123 (pade)        0.151 (series)        0.030 (mix)        0.007 (add) 
Cl( 4, 3) in Cl( 4, 3) CPU =        0.029 ms (setup)        0.231 (comm)        0.379 (pade)        0.452 (series)        0.072 (mix)        0.013 (add) 
Cl( 4, 4) in Cl( 4, 4) CPU =        0.057 ms (setup)        1.176 (comm)        0.533 (pade)        2.044 (series)        0.190 (mix)        0.024 (add) 
Cl( 5, 4) in Cl( 5, 4) CPU =        0.110 ms (setup)        3.755 (comm)        1.771 (pade)        6.729 (series)        0.492 (mix)        0.072 (add) 
Cl( 5, 5) in Cl( 5, 5) CPU =        0.229 ms (setup)        5.838 (comm)        2.482 (pade)        9.613 (series)        1.386 (mix)        0.104 (add) 
Cl( 6, 5) in Cl( 6, 5) CPU =        0.493 ms (setup)       18.669 (comm)        8.383 (pade)       31.462 (series)        3.595 (mix)        0.199 (add) 
Cl( 6, 6) in Cl( 6, 6) CPU =        0.929 ms (setup)       31.562 (comm)       11.755 (pade)       44.485 (series)       10.264 (mix)        0.399 (add) 
Cl( 7, 6) in Cl( 7, 6) CPU =        1.873 ms (setup)      100.411 (comm)       38.688 (pade)      150.341 (series)       28.809 (mix)        0.779 (add) 
Cl( 7, 7) in Cl( 7, 7) CPU =        3.728 ms (setup)      184.520 (comm)       55.471 (pade)      213.706 (series)       86.895 (mix)        1.692 (add) 
Cl( 8, 7) in Cl( 8, 7) CPU =        7.660 ms (setup)      607.369 (comm)      197.438 (pade)      738.277 (series)      255.727 (mix)        3.458 (add) 
Cl( 8, 8) in Cl( 8, 8) CPU =       15.684 ms (setup)     1268.731 (comm)      279.313 (pade)     1068.649 (series)      790.188 (mix)        8.520 (add) 
Cl( 1, 0) in Cl( 8, 8) CPU =        0.003 ms (setup)        0.003 (comm)        0.007 (pade)        0.007 (series)        0.002 (mix)        0.004 (add) 
Cl( 1, 1) in Cl( 8, 8) CPU =        0.002 ms (setup)        0.001 (comm)        0.008 (pade)        0.003 (series)        0.000 (mix)        0.003 (add) 
Cl( 2, 1) in Cl( 8, 8) CPU =        0.002 ms (setup)        0.010 (comm)        0.018 (pade)        0.011 (series)        0.003 (mix)        0.005 (add) 
Cl( 2, 2) in Cl( 8, 8) CPU =        0.005 ms (setup)        0.018 (comm)        0.022 (pade)        0.019 (series)        0.006 (mix)        0.004 (add) 
Cl( 3, 2) in Cl( 8, 8) CPU =        0.007 ms (setup)        0.029 (comm)        0.056 (pade)        0.030 (series)        0.010 (mix)        0.004 (add) 
Cl( 3, 3) in Cl( 8, 8) CPU =        0.013 ms (setup)        0.104 (comm)        0.116 (pade)        0.144 (series)        0.038 (mix)        0.007 (add) 
Cl( 4, 3) in Cl( 8, 8) CPU =        0.027 ms (setup)        0.232 (comm)        0.424 (pade)        0.490 (series)        0.072 (mix)        0.013 (add) 
Cl( 4, 4) in Cl( 8, 8) CPU =        0.066 ms (setup)        1.148 (comm)        0.528 (pade)        2.015 (series)        0.186 (mix)        0.024 (add) 
Cl( 5, 4) in Cl( 8, 8) CPU =        0.112 ms (setup)        3.723 (comm)        1.712 (pade)        6.633 (series)        0.475 (mix)        0.045 (add) 
Cl( 5, 5) in Cl( 8, 8) CPU =        0.220 ms (setup)        5.670 (comm)        2.395 (pade)        9.312 (series)        1.248 (mix)        0.088 (add) 
Cl( 6, 5) in Cl( 8, 8) CPU =        0.516 ms (setup)       18.483 (comm)        8.297 (pade)       31.418 (series)        3.524 (mix)        0.183 (add) 
Cl( 6, 6) in Cl( 8, 8) CPU =        0.912 ms (setup)       31.110 (comm)       11.416 (pade)       44.248 (series)       10.051 (mix)        0.378 (add) 
Cl( 7, 6) in Cl( 8, 8) CPU =        1.865 ms (setup)      101.612 (comm)       38.525 (pade)      151.331 (series)       29.236 (mix)        0.793 (add) 
Cl( 7, 7) in Cl( 8, 8) CPU =        3.762 ms (setup)      188.379 (comm)       55.816 (pade)      214.389 (series)       87.129 (mix)        1.601 (add) 
Cl( 8, 7) in Cl( 8, 8) CPU =        7.983 ms (setup)      610.866 (comm)      198.965 (pade)      756.265 (series)      258.934 (mix)        3.470 (add) 
Cl( 8, 8) in Cl( 8, 8) CPU =       15.686 ms (setup)     1284.281 (comm)      282.445 (pade)     1072.339 (series)      800.788 (mix)        8.408 (add) 
Fill: 1
Cl( 1, 0) in Cl( 1, 0) CPU =        0.003 ms (setup)        0.006 (comm)        0.009 (pade)        0.009 (series)        0.002 (mix)        0.004 (add) 
Cl( 1, 1) in Cl( 1, 1) CPU =        0.002 ms (setup)        0.008 (comm)        0.008 (pade)        0.010 (series)        0.003 (mix)        0.005 (add) 
Cl( 2, 1) in Cl( 2, 1) CPU =        0.005 ms (setup)        0.013 (comm)        0.021 (pade)        0.015 (series)        0.005 (mix)        0.004 (add) 
Cl( 2, 2) in Cl( 2, 2) CPU =        0.007 ms (setup)        0.029 (comm)        0.030 (pade)        0.030 (series)        0.008 (mix)        0.004 (add) 
Cl( 3, 2) in Cl( 3, 2) CPU =        0.011 ms (setup)        0.061 (comm)        0.089 (pade)        0.098 (series)        0.018 (mix)        0.007 (add) 
Cl( 3, 3) in Cl( 3, 3) CPU =        0.023 ms (setup)        0.170 (comm)        0.130 (pade)        0.256 (series)        0.045 (mix)        0.011 (add) 
Cl( 4, 3) in Cl( 4, 3) CPU =        0.049 ms (setup)        0.638 (comm)        0.409 (pade)        0.857 (series)        0.104 (mix)        0.021 (add) 
Cl( 4, 4) in Cl( 4, 4) CPU =        0.096 ms (setup)        1.419 (comm)        0.594 (pade)        2.291 (series)        0.269 (mix)        0.040 (add) 
Cl( 5, 4) in Cl( 5, 4) CPU =        0.196 ms (setup)        4.388 (comm)        1.871 (pade)        7.330 (series)        0.689 (mix)        0.080 (add) 
Cl( 5, 5) in Cl( 5, 5) CPU =        0.380 ms (setup)        7.258 (comm)        2.827 (pade)       11.132 (series)        1.843 (mix)        0.163 (add) 
Cl( 6, 5) in Cl( 6, 5) CPU =        0.765 ms (setup)       22.779 (comm)        9.779 (pade)       35.541 (series)        5.210 (mix)        0.342 (add) 
Cl( 6, 6) in Cl( 6, 6) CPU =        1.565 ms (setup)       41.925 (comm)       13.681 (pade)       53.139 (series)       15.382 (mix)        0.770 (add) 
Cl( 7, 6) in Cl( 7, 6) CPU =        3.303 ms (setup)      127.515 (comm)       44.752 (pade)      172.218 (series)       42.288 (mix)        1.435 (add) 
Cl( 7, 7) in Cl( 7, 7) CPU =        6.729 ms (setup)      257.709 (comm)       65.779 (pade)      261.876 (series)      125.395 (mix)        3.736 (add) 
Cl( 8, 7) in Cl( 8, 7) CPU =       13.204 ms (setup)      814.303 (comm)      227.575 (pade)      859.328 (series)      385.474 (mix)        9.095 (add) 
Cl( 8, 8) in Cl( 8, 8) CPU =       26.959 ms (setup)     1851.047 (comm)      348.538 (pade)     1316.919 (series)     1192.140 (mix)       18.706 (add) 
Cl( 1, 0) in Cl( 8, 8) CPU =        0.002 ms (setup)        0.006 (comm)        0.015 (pade)        0.009 (series)        0.002 (mix)        0.004 (add) 
Cl( 1, 1) in Cl( 8, 8) CPU =        0.002 ms (setup)        0.008 (comm)        0.007 (pade)        0.009 (series)        0.003 (mix)        0.003 (add) 
Cl( 2, 1) in Cl( 8, 8) CPU =        0.004 ms (setup)        0.013 (comm)        0.019 (pade)        0.015 (series)        0.004 (mix)        0.004 (add) 
Cl( 2, 2) in Cl( 8, 8) CPU =        0.007 ms (setup)        0.025 (comm)        0.030 (pade)        0.030 (series)        0.008 (mix)        0.004 (add) 
Cl( 3, 2) in Cl( 8, 8) CPU =        0.011 ms (setup)        0.068 (comm)        0.088 (pade)        0.082 (series)        0.018 (mix)        0.007 (add) 
Cl( 3, 3) in Cl( 8, 8) CPU =        0.022 ms (setup)        0.181 (comm)        0.124 (pade)        0.254 (series)        0.043 (mix)        0.011 (add) 
Cl( 4, 3) in Cl( 8, 8) CPU =        0.049 ms (setup)        0.535 (comm)        0.417 (pade)        0.855 (series)        0.104 (mix)        0.020 (add) 
Cl( 4, 4) in Cl( 8, 8) CPU =        0.095 ms (setup)        1.423 (comm)        0.589 (pade)        2.281 (series)        0.264 (mix)        0.040 (add) 
Cl( 5, 4) in Cl( 8, 8) CPU =        0.194 ms (setup)        4.391 (comm)        1.945 (pade)        7.335 (series)        0.698 (mix)        0.080 (add) 
Cl( 5, 5) in Cl( 8, 8) CPU =        0.379 ms (setup)        7.277 (comm)        2.764 (pade)       10.838 (series)        1.843 (mix)        0.163 (add) 
Cl( 6, 5) in Cl( 8, 8) CPU =        0.768 ms (setup)       23.011 (comm)        8.925 (pade)       35.888 (series)        5.484 (mix)        0.337 (add) 
Cl( 6, 6) in Cl( 8, 8) CPU =        1.628 ms (setup)       41.305 (comm)       13.249 (pade)       52.206 (series)       14.695 (mix)        0.775 (add) 
Cl( 7, 6) in Cl( 8, 8) CPU =        3.266 ms (setup)      129.101 (comm)       43.746 (pade)      170.331 (series)       42.462 (mix)        1.434 (add) 
Cl( 7, 7) in Cl( 8, 8) CPU =        6.373 ms (setup)      254.685 (comm)       65.923 (pade)      259.541 (series)      126.241 (mix)        3.772 (add) 
Cl( 8, 7) in Cl( 8, 8) CPU =       13.431 ms (setup)      808.504 (comm)      227.285 (pade)      853.799 (series)      381.005 (mix)        9.204 (add) 
Cl( 8, 8) in Cl( 8, 8) CPU =       27.137 ms (setup)     1834.773 (comm)      345.875 (pade)     1306.232 (series)     1182.834 (mix)       18.625 (add) 

matrix_multi<double>
Clifford algebra expressions test:
Fill: 0.5
Cl( 1, 0) in Cl( 1, 0) CPU =        0.009 ms (setup)        0.012 (comm)        0.003 (pade)        0.005 (series)        0.009 (mix)        0.002 (add) 
Cl( 1, 1) in Cl( 1, 1) CPU =        0.013 ms (setup)        0.009 (comm)        0.003 (pade)        0.003 (series)        0.007 (mix)        0.001 (add) 
Cl( 2, 1) in Cl( 2, 1) CPU =        0.004 ms (setup)        0.074 (comm)        0.003 (pade)        0.004 (series)        0.068 (mix)        0.001 (add) 
Cl( 2, 2) in Cl( 2, 2) CPU =        0.005 ms (setup)        0.117 (comm)        0.004 (pade)        0.004 (series)        0.114 (mix)        0.001 (add) 
Cl( 3, 2) in Cl( 3, 2) CPU =        0.041 ms (setup)        0.336 (comm)        0.005 (pade)        0.005 (series)        0.324 (mix)        0.001 (add) 
Cl( 3, 3) in Cl( 3, 3) CPU =        0.065 ms (setup)        0.579 (comm)        0.005 (pade)        0.005 (series)        0.587 (mix)        0.001 (add) 
Cl( 4, 3) in Cl( 4, 3) CPU =        0.154 ms (setup)        2.728 (comm)        0.018 (pade)        0.013 (series)        2.613 (mix)        0.002 (add) 
Cl( 4, 4) in Cl( 4, 4) CPU =        0.290 ms (setup)        3.992 (comm)        0.011 (pade)        0.013 (series)        3.980 (mix)        0.002 (add) 
Cl( 5, 4) in Cl( 5, 4) CPU =        0.677 ms (setup)       15.341 (comm)        0.041 (pade)        0.045 (series)       15.507 (mix)        0.004 (add) 
Cl( 5, 5) in Cl( 5, 5) CPU =        1.315 ms (setup)       22.390 (comm)        0.041 (pade)        0.045 (series)       22.120 (mix)        0.004 (add) 
Cl( 6, 5) in Cl( 6, 5) CPU =        2.964 ms (setup)       84.644 (comm)        0.236 (pade)        0.271 (series)       85.782 (mix)        0.019 (add) 
Cl( 6, 6) in Cl( 6, 6) CPU =        5.873 ms (setup)      118.951 (comm)        0.231 (pade)        0.271 (series)      117.566 (mix)        0.019 (add) 
Cl( 7, 6) in Cl( 7, 6) CPU =       13.623 ms (setup)      489.067 (comm)        1.603 (pade)        1.757 (series)      488.166 (mix)        0.092 (add) 
Cl( 7, 7) in Cl( 7, 7) CPU =       26.669 ms (setup)      651.960 (comm)        1.599 (pade)        1.764 (series)      643.603 (mix)        0.092 (add) 
Cl( 8, 7) in Cl( 8, 7) CPU =       68.264 ms (setup)     3528.537 (comm)       12.177 (pade)       12.261 (series)     3389.247 (mix)        0.570 (add) 
Cl( 8, 8) in Cl( 8, 8) CPU =      130.962 ms (setup)     3860.784 (comm)       11.966 (pade)       11.992 (series)     3827.493 (mix)        0.482 (add) 
Cl( 1, 0) in Cl( 8, 8) CPU =        0.065 ms (setup)       36.440 (comm)       11.474 (pade)       11.998 (series)       30.106 (mix)        0.397 (add) 
Cl( 1, 1) in Cl( 8, 8) CPU =        0.092 ms (setup)       50.342 (comm)       11.786 (pade)       12.034 (series)       44.861 (mix)        0.431 (add) 
Cl( 2, 1) in Cl( 8, 8) CPU =        0.188 ms (setup)       92.963 (comm)       11.787 (pade)       12.027 (series)       86.433 (mix)        0.397 (add) 
Cl( 2, 2) in Cl( 8, 8) CPU =        0.353 ms (setup)      155.625 (comm)       11.825 (pade)       11.996 (series)      149.594 (mix)        0.396 (add) 
Cl( 3, 2) in Cl( 8, 8) CPU =        3.102 ms (setup)      213.057 (comm)       11.969 (pade)       12.398 (series)      207.913 (mix)        0.401 (add) 
Cl( 3, 3) in Cl( 8, 8) CPU =        6.692 ms (setup)      289.438 (comm)       11.851 (pade)       12.273 (series)      283.455 (mix)        0.447 (add) 
Cl( 4, 3) in Cl( 8, 8) CPU =        7.096 ms (setup)      309.879 (comm)       11.940 (pade)       12.244 (series)      303.172 (mix)        0.396 (add) 
Cl( 4, 4) in Cl( 8, 8) CPU =        7.504 ms (setup)      426.497 (comm)       12.466 (pade)       12.010 (series)      419.404 (mix)        0.396 (add) 
Cl( 5, 4) in Cl( 8, 8) CPU =        9.133 ms (setup)      548.327 (comm)       12.042 (pade)       12.043 (series)      537.717 (mix)        0.403 (add) 
Cl( 5, 5) in Cl( 8, 8) CPU =       11.220 ms (setup)      644.934 (comm)       12.256 (pade)       12.040 (series)      634.067 (mix)        0.402 (add) 
Cl( 6, 5) in Cl( 8, 8) CPU =       18.197 ms (setup)      840.780 (comm)       12.365 (pade)       11.995 (series)      835.542 (mix)        0.397 (add) 
Cl( 6, 6) in Cl( 8, 8) CPU =       25.628 ms (setup)      934.310 (comm)       11.935 (pade)       12.037 (series)      931.542 (mix)        0.408 (add) 
Cl( 7, 6) in Cl( 8, 8) CPU =       59.450 ms (setup)     1316.082 (comm)       12.091 (pade)       12.035 (series)     1311.241 (mix)        0.398 (add) 
Cl( 7, 7) in Cl( 8, 8) CPU =      100.608 ms (setup)     1651.043 (comm)       12.090 (pade)       12.042 (series)     1631.583 (mix)        0.399 (add) 
Cl( 8, 7) in Cl( 8, 8) CPU =      244.412 ms (setup)     3158.094 (comm)       12.135 (pade)       12.608 (series)     3139.957 (mix)        0.398 (add) 
Cl( 8, 8) in Cl( 8, 8) CPU =      130.555 ms (setup)     3812.392 (comm)       11.997 (pade)       12.003 (series)     3797.353 (mix)        0.415 (add) 
Fill: 1
Cl( 1, 0) in Cl( 1, 0) CPU =        0.005 ms (setup)        0.020 (comm)        0.003 (pade)        0.004 (series)        0.015 (mix)        0.001 (add) 
Cl( 1, 1) in Cl( 1, 1) CPU =        0.005 ms (setup)        0.025 (comm)        0.003 (pade)        0.003 (series)        0.023 (mix)        0.001 (add) 
Cl( 2, 1) in Cl( 2, 1) CPU =        0.009 ms (setup)        0.094 (comm)        0.003 (pade)        0.004 (series)        0.084 (mix)        0.001 (add) 
Cl( 2, 2) in Cl( 2, 2) CPU =        0.018 ms (setup)        0.138 (comm)        0.003 (pade)        0.004 (series)        0.137 (mix)        0.001 (add) 
Cl( 3, 2) in Cl( 3, 2) CPU =        0.043 ms (setup)        0.464 (comm)        0.011 (pade)        0.005 (series)        0.469 (mix)        0.001 (add) 
Cl( 3, 3) in Cl( 3, 3) CPU =        0.083 ms (setup)        0.773 (comm)        0.005 (pade)        0.005 (series)        0.762 (mix)        0.001 (add) 
Cl( 4, 3) in Cl( 4, 3) CPU =        0.212 ms (setup)        3.357 (comm)        0.013 (pade)        0.017 (series)        3.364 (mix)        0.003 (add) 
Cl( 4, 4) in Cl( 4, 4) CPU =        0.419 ms (setup)        4.724 (comm)        0.011 (pade)        0.013 (series)        4.671 (mix)        0.002 (add) 
Cl( 5, 4) in Cl( 5, 4) CPU =        0.965 ms (setup)       16.909 (comm)        0.041 (pade)        0.045 (series)       16.832 (mix)        0.004 (add) 
Cl( 5, 5) in Cl( 5, 5) CPU =        1.897 ms (setup)       24.470 (comm)        0.041 (pade)        0.045 (series)       24.270 (mix)        0.004 (add) 
Cl( 6, 5) in Cl( 6, 5) CPU =        4.436 ms (setup)       92.630 (comm)        0.259 (pade)        0.273 (series)       91.789 (mix)        0.019 (add) 
Cl( 6, 6) in Cl( 6, 6) CPU =        8.797 ms (setup)      126.939 (comm)        0.236 (pade)        0.271 (series)      127.194 (mix)        0.019 (add) 
Cl( 7, 6) in Cl( 7, 6) CPU =       20.916 ms (setup)      525.181 (comm)        1.676 (pade)        1.806 (series)      521.298 (mix)        0.093 (add) 
Cl( 7, 7) in Cl( 7, 7) CPU =       42.126 ms (setup)      699.525 (comm)        1.601 (pade)        1.760 (series)      696.884 (mix)        0.097 (add) 
Cl( 8, 7) in Cl( 8, 7) CPU =      109.499 ms (setup)     4208.213 (comm)       12.389 (pade)       12.245 (series)     4058.514 (mix)        0.400 (add) 
Cl( 8, 8) in Cl( 8, 8) CPU =      215.877 ms (setup)     4205.137 (comm)       11.970 (pade)       11.972 (series)     4189.244 (mix)        0.404 (add) 
Cl( 1, 0) in Cl( 8, 8) CPU =        0.088 ms (setup)       59.987 (comm)       11.723 (pade)       12.736 (series)       52.943 (mix)        0.393 (add) 
Cl( 1, 1) in Cl( 8, 8) CPU =        0.142 ms (setup)       86.154 (comm)       11.686 (pade)       12.030 (series)       79.731 (mix)        0.479 (add) 
Cl( 2, 1) in Cl( 8, 8) CPU =        0.357 ms (setup)      123.904 (comm)       12.031 (pade)       12.016 (series)      116.650 (mix)        0.395 (add) 
Cl( 2, 2) in Cl( 8, 8) CPU =        6.491 ms (setup)      172.949 (comm)       12.328 (pade)       12.051 (series)      166.203 (mix)        0.396 (add) 
Cl( 3, 2) in Cl( 8, 8) CPU =        6.931 ms (setup)      232.725 (comm)       11.787 (pade)       12.098 (series)      228.156 (mix)        0.404 (add) 
Cl( 3, 3) in Cl( 8, 8) CPU =        6.934 ms (setup)      317.685 (comm)       11.934 (pade)       11.995 (series)      309.984 (mix)        0.397 (add) 
Cl( 4, 3) in Cl( 8, 8) CPU =        7.288 ms (setup)      421.207 (comm)       11.962 (pade)       11.998 (series)      415.382 (mix)        0.397 (add) 
Cl( 4, 4) in Cl( 8, 8) CPU =        8.037 ms (setup)      520.956 (comm)       11.872 (pade)       12.026 (series)      518.474 (mix)        0.401 (add) 
Cl( 5, 4) in Cl( 8, 8) CPU =       10.053 ms (setup)      648.043 (comm)       11.931 (pade)       12.006 (series)      636.697 (mix)        0.477 (add) 
Cl( 5, 5) in Cl( 8, 8) CPU =       13.175 ms (setup)      756.006 (comm)       12.155 (pade)       12.027 (series)      748.909 (mix)        0.396 (add) 
Cl( 6, 5) in Cl( 8, 8) CPU =       18.521 ms (setup)      937.028 (comm)       12.052 (pade)       12.074 (series)      924.183 (mix)        0.400 (add) 
Cl( 6, 6) in Cl( 8, 8) CPU =       32.855 ms (setup)     1071.916 (comm)       12.240 (pade)       12.040 (series)     1072.587 (mix)        0.399 (add) 
Cl( 7, 6) in Cl( 8, 8) CPU =       74.059 ms (setup)     1516.270 (comm)       11.986 (pade)       12.093 (series)     1506.764 (mix)        0.397 (add) 
Cl( 7, 7) in Cl( 8, 8) CPU =      137.301 ms (setup)     1796.966 (comm)       12.773 (pade)       12.177 (series)     1786.808 (mix)        0.412 (add) 
Cl( 8, 7) in Cl( 8, 8) CPU =      340.654 ms (setup)     3380.728 (comm)       11.976 (pade)       12.480 (series)     3372.289 (mix)        0.409 (add) 
Cl( 8, 8) in Cl( 8, 8) CPU =      217.912 ms (setup)     4225.140 (comm)       12.511 (pade)       12.094 (series)     4185.453 (mix)        0.564 (add) 
