expressions/expressions
	linux-vdso.so.1 (0x000073211caa6000)
	libflexiblas.so.3 => /lib/x86_64-linux-gnu/libflexiblas.so.3 (0x000073211bc00000)
	libstdc++.so.6 => /lib/x86_64-linux-gnu/libstdc++.so.6 (0x000073211b800000)
	libm.so.6 => /lib/x86_64-linux-gnu/libm.so.6 (0x000073211c971000)
	libgcc_s.so.1 => /lib/x86_64-linux-gnu/libgcc_s.so.1 (0x000073211c944000)
	libc.so.6 => /lib/x86_64-linux-gnu/libc.so.6 (0x000073211b400000)
	/lib64/ld-linux-x86-64.so.2 (0x000073211caa8000)
gfft_test/gfft_test
	linux-vdso.so.1 (0x0000798d4e03a000)
	libflexiblas.so.3 => /lib/x86_64-linux-gnu/libflexiblas.so.3 (0x0000798d4d400000)
	libstdc++.so.6 => /lib/x86_64-linux-gnu/libstdc++.so.6 (0x0000798d4d000000)
	libm.so.6 => /lib/x86_64-linux-gnu/libm.so.6 (0x0000798d4df05000)
	libgcc_s.so.1 => /lib/x86_64-linux-gnu/libgcc_s.so.1 (0x0000798d4ded8000)
	libc.so.6 => /lib/x86_64-linux-gnu/libc.so.6 (0x0000798d4cc00000)
	/lib64/ld-linux-x86-64.so.2 (0x0000798d4e03c000)
products/products
	linux-vdso.so.1 (0x000071ebf322d000)
	libflexiblas.so.3 => /lib/x86_64-linux-gnu/libflexiblas.so.3 (0x000071ebf2400000)
	libstdc++.so.6 => /lib/x86_64-linux-gnu/libstdc++.so.6 (0x000071ebf2000000)
	libm.so.6 => /lib/x86_64-linux-gnu/libm.so.6 (0x000071ebf30f8000)
	libgcc_s.so.1 => /lib/x86_64-linux-gnu/libgcc_s.so.1 (0x000071ebf30cb000)
	libc.so.6 => /lib/x86_64-linux-gnu/libc.so.6 (0x000071ebf1c00000)
	/lib64/ld-linux-x86-64.so.2 (0x000071ebf322f000)
squaring/squaring
	linux-vdso.so.1 (0x000078b94b648000)
	libflexiblas.so.3 => /lib/x86_64-linux-gnu/libflexiblas.so.3 (0x000078b94aa00000)
	libstdc++.so.6 => /lib/x86_64-linux-gnu/libstdc++.so.6 (0x000078b94a600000)
	libm.so.6 => /lib/x86_64-linux-gnu/libm.so.6 (0x000078b94b513000)
	libgcc_s.so.1 => /lib/x86_64-linux-gnu/libgcc_s.so.1 (0x000078b94b4e6000)
	libc.so.6 => /lib/x86_64-linux-gnu/libc.so.6 (0x000078b94a200000)
	/lib64/ld-linux-x86-64.so.2 (0x000078b94b64a000)
transforms/transforms
	linux-vdso.so.1 (0x00007bbb41787000)
	libflexiblas.so.3 => /lib/x86_64-linux-gnu/libflexiblas.so.3 (0x00007bbb40c00000)
	libstdc++.so.6 => /lib/x86_64-linux-gnu/libstdc++.so.6 (0x00007bbb40800000)
	libm.so.6 => /lib/x86_64-linux-gnu/libm.so.6 (0x00007bbb40b09000)
	libgcc_s.so.1 => /lib/x86_64-linux-gnu/libgcc_s.so.1 (0x00007bbb4171c000)
	libc.so.6 => /lib/x86_64-linux-gnu/libc.so.6 (0x00007bbb40400000)
	/lib64/ld-linux-x86-64.so.2 (0x00007bbb41789000)
versor/versor
	linux-vdso.so.1 (0x00007dc7d1362000)
	libflexiblas.so.3 => /lib/x86_64-linux-gnu/libflexiblas.so.3 (0x00007dc7d0800000)
	libstdc++.so.6 => /lib/x86_64-linux-gnu/libstdc++.so.6 (0x00007dc7d0400000)
	libm.so.6 => /lib/x86_64-linux-gnu/libm.so.6 (0x00007dc7d0709000)
	libgcc_s.so.1 => /lib/x86_64-linux-gnu/libgcc_s.so.1 (0x00007dc7d12f7000)
	libc.so.6 => /lib/x86_64-linux-gnu/libc.so.6 (0x00007dc7d0000000)
	/lib64/ld-linux-x86-64.so.2 (0x00007dc7d1364000)
