
framed_multi<float,-4,4>
Clifford algebra products test:
Fill: 0.5
Cl( 1, 0) in Cl( 1, 0) CPU =        0.004 ms (setup)        0.002 (*)        0.002 (^)        0.001 (&)        0.001 (%) 
Cl( 1, 1) in Cl( 1, 1) CPU =        0.001 ms (setup)        0.001 (*)        0.002 (^)        0.001 (&)        0.001 (%) 
Cl( 2, 1) in Cl( 2, 1) CPU =        0.002 ms (setup)        0.003 (*)        0.003 (^)        0.002 (&)        0.002 (%) 
Cl( 2, 2) in Cl( 2, 2) CPU =        0.002 ms (setup)        0.004 (*)        0.003 (^)        0.003 (&)        0.003 (%) 
Cl( 3, 2) in Cl( 3, 2) CPU =        0.007 ms (setup)        0.011 (*)        0.007 (^)        0.005 (&)        0.005 (%) 
Cl( 3, 3) in Cl( 3, 3) CPU =        0.008 ms (setup)        0.024 (*)        0.013 (^)        0.011 (&)        0.009 (%) 
Cl( 4, 3) in Cl( 4, 3) CPU =        0.015 ms (setup)        0.068 (*)        0.034 (^)        0.033 (&)        0.024 (%) 
Cl( 4, 4) in Cl( 4, 4) CPU =        0.028 ms (setup)        0.555 (*)        0.095 (^)        0.074 (&)        0.050 (%) 
Cl( 1, 0) in Cl( 4, 4) CPU =        0.001 ms (setup)        0.001 (*)        0.001 (^)        0.001 (&)        0.001 (%) 
Cl( 1, 1) in Cl( 4, 4) CPU =        0.002 ms (setup)        0.001 (*)        0.001 (^)        0.001 (&)        0.001 (%) 
Cl( 2, 1) in Cl( 4, 4) CPU =        0.002 ms (setup)        0.002 (*)        0.002 (^)        0.002 (&)        0.002 (%) 
Cl( 2, 2) in Cl( 4, 4) CPU =        0.002 ms (setup)        0.003 (*)        0.003 (^)        0.002 (&)        0.002 (%) 
Cl( 3, 2) in Cl( 4, 4) CPU =        0.004 ms (setup)        0.011 (*)        0.007 (^)        0.005 (&)        0.005 (%) 
Cl( 3, 3) in Cl( 4, 4) CPU =        0.009 ms (setup)        0.024 (*)        0.013 (^)        0.011 (&)        0.009 (%) 
Cl( 4, 3) in Cl( 4, 4) CPU =        0.015 ms (setup)        0.069 (*)        0.031 (^)        0.032 (&)        0.023 (%) 
Cl( 4, 4) in Cl( 4, 4) CPU =        0.030 ms (setup)        0.531 (*)        0.080 (^)        0.083 (&)        0.072 (%) 
Fill: 1
Cl( 1, 0) in Cl( 1, 0) CPU =        0.002 ms (setup)        0.002 (*)        0.004 (^)        0.001 (&)        0.001 (%) 
Cl( 1, 1) in Cl( 1, 1) CPU =        0.001 ms (setup)        0.002 (*)        0.002 (^)        0.001 (&)        0.001 (%) 
Cl( 2, 1) in Cl( 2, 1) CPU =        0.002 ms (setup)        0.005 (*)        0.003 (^)        0.002 (&)        0.002 (%) 
Cl( 2, 2) in Cl( 2, 2) CPU =        0.003 ms (setup)        0.007 (*)        0.005 (^)        0.004 (&)        0.004 (%) 
Cl( 3, 2) in Cl( 3, 2) CPU =        0.007 ms (setup)        0.018 (*)        0.007 (^)        0.008 (&)        0.007 (%) 
Cl( 3, 3) in Cl( 3, 3) CPU =        0.011 ms (setup)        0.048 (*)        0.015 (^)        0.020 (&)        0.015 (%) 
Cl( 4, 3) in Cl( 4, 3) CPU =        0.022 ms (setup)        0.179 (*)        0.035 (^)        0.052 (&)        0.036 (%) 
Cl( 4, 4) in Cl( 4, 4) CPU =        0.045 ms (setup)        0.639 (*)        0.094 (^)        0.144 (&)        0.091 (%) 
Cl( 1, 0) in Cl( 4, 4) CPU =        0.002 ms (setup)        0.002 (*)        0.002 (^)        0.002 (&)        0.002 (%) 
Cl( 1, 1) in Cl( 4, 4) CPU =        0.003 ms (setup)        0.002 (*)        0.002 (^)        0.001 (&)        0.002 (%) 
Cl( 2, 1) in Cl( 4, 4) CPU =        0.002 ms (setup)        0.003 (*)        0.003 (^)        0.002 (&)        0.002 (%) 
Cl( 2, 2) in Cl( 4, 4) CPU =        0.004 ms (setup)        0.007 (*)        0.005 (^)        0.004 (&)        0.004 (%) 
Cl( 3, 2) in Cl( 4, 4) CPU =        0.005 ms (setup)        0.017 (*)        0.009 (^)        0.008 (&)        0.007 (%) 
Cl( 3, 3) in Cl( 4, 4) CPU =        0.011 ms (setup)        0.049 (*)        0.015 (^)        0.020 (&)        0.015 (%) 
Cl( 4, 3) in Cl( 4, 4) CPU =        0.022 ms (setup)        0.174 (*)        0.035 (^)        0.052 (&)        0.037 (%) 
Cl( 4, 4) in Cl( 4, 4) CPU =        0.047 ms (setup)        0.631 (*)        0.087 (^)        0.140 (&)        0.091 (%) 

matrix_multi<float,-4,4>
Clifford algebra products test:
Fill: 0.5
Cl( 1, 0) in Cl( 1, 0) CPU =        0.022 ms (setup)        0.004 (*)        0.009 (^)        0.007 (&)        0.009 (%) 
Cl( 1, 1) in Cl( 1, 1) CPU =        0.004 ms (setup)        0.001 (*)        0.013 (^)        0.007 (&)        0.007 (%) 
Cl( 2, 1) in Cl( 2, 1) CPU =        0.003 ms (setup)        0.001 (*)        0.018 (^)        0.025 (&)        0.025 (%) 
Cl( 2, 2) in Cl( 2, 2) CPU =        0.008 ms (setup)        0.001 (*)        0.056 (^)        0.035 (&)        0.047 (%) 
Cl( 3, 2) in Cl( 3, 2) CPU =        0.018 ms (setup)        0.002 (*)        0.213 (^)        0.199 (&)        0.194 (%) 
Cl( 3, 3) in Cl( 3, 3) CPU =        0.033 ms (setup)        0.002 (*)        0.286 (^)        0.300 (&)        0.301 (%) 
Cl( 4, 3) in Cl( 4, 3) CPU =        0.081 ms (setup)        0.002 (*)        1.317 (^)        1.302 (&)        1.351 (%) 
Cl( 4, 4) in Cl( 4, 4) CPU =        0.144 ms (setup)        0.002 (*)        2.107 (^)        2.169 (&)        2.209 (%) 
Cl( 1, 0) in Cl( 4, 4) CPU =        0.001 ms (setup)        0.002 (*)        0.007 (^)        0.007 (&)        0.008 (%) 
Cl( 1, 1) in Cl( 4, 4) CPU =        0.009 ms (setup)        0.002 (*)        0.095 (^)        0.060 (&)        0.083 (%) 
Cl( 2, 1) in Cl( 4, 4) CPU =        0.015 ms (setup)        0.003 (*)        0.111 (^)        0.080 (&)        0.090 (%) 
Cl( 2, 2) in Cl( 4, 4) CPU =        0.030 ms (setup)        0.002 (*)        0.195 (^)        0.126 (&)        0.151 (%) 
Cl( 3, 2) in Cl( 4, 4) CPU =        0.076 ms (setup)        0.002 (*)        0.238 (^)        0.218 (&)        0.220 (%) 
Cl( 3, 3) in Cl( 4, 4) CPU =        0.111 ms (setup)        0.002 (*)        0.466 (^)        0.414 (&)        0.407 (%) 
Cl( 4, 3) in Cl( 4, 4) CPU =        0.281 ms (setup)        0.002 (*)        1.338 (^)        1.366 (&)        1.389 (%) 
Cl( 4, 4) in Cl( 4, 4) CPU =        0.141 ms (setup)        0.002 (*)        2.087 (^)        2.266 (&)        2.273 (%) 
Fill: 1
Cl( 1, 0) in Cl( 1, 0) CPU =        0.003 ms (setup)        0.001 (*)        0.010 (^)        0.007 (&)        0.009 (%) 
Cl( 1, 1) in Cl( 1, 1) CPU =        0.003 ms (setup)        0.001 (*)        0.014 (^)        0.011 (&)        0.013 (%) 
Cl( 2, 1) in Cl( 2, 1) CPU =        0.003 ms (setup)        0.001 (*)        0.046 (^)        0.038 (&)        0.044 (%) 
Cl( 2, 2) in Cl( 2, 2) CPU =        0.009 ms (setup)        0.001 (*)        0.071 (^)        0.053 (&)        0.066 (%) 
Cl( 3, 2) in Cl( 3, 2) CPU =        0.024 ms (setup)        0.002 (*)        0.242 (^)        0.246 (&)        0.245 (%) 
Cl( 3, 3) in Cl( 3, 3) CPU =        0.047 ms (setup)        0.001 (*)        0.392 (^)        0.389 (&)        0.404 (%) 
Cl( 4, 3) in Cl( 4, 3) CPU =        0.102 ms (setup)        0.002 (*)        1.786 (^)        1.692 (&)        1.804 (%) 
Cl( 4, 4) in Cl( 4, 4) CPU =        0.209 ms (setup)        0.002 (*)        2.518 (^)        2.614 (&)        2.545 (%) 
Cl( 1, 0) in Cl( 4, 4) CPU =        0.006 ms (setup)        0.002 (*)        0.075 (^)        0.053 (&)        0.068 (%) 
Cl( 1, 1) in Cl( 4, 4) CPU =        0.006 ms (setup)        0.002 (*)        0.093 (^)        0.059 (&)        0.083 (%) 
Cl( 2, 1) in Cl( 4, 4) CPU =        0.019 ms (setup)        0.002 (*)        0.145 (^)        0.099 (&)        0.118 (%) 
Cl( 2, 2) in Cl( 4, 4) CPU =        0.040 ms (setup)        0.002 (*)        0.197 (^)        0.130 (&)        0.154 (%) 
Cl( 3, 2) in Cl( 4, 4) CPU =        0.102 ms (setup)        0.002 (*)        0.441 (^)        0.338 (&)        0.322 (%) 
Cl( 3, 3) in Cl( 4, 4) CPU =        0.147 ms (setup)        0.002 (*)        0.680 (^)        0.529 (&)        0.572 (%) 
Cl( 4, 3) in Cl( 4, 4) CPU =        0.392 ms (setup)        0.003 (*)        2.003 (^)        1.675 (&)        1.786 (%) 
Cl( 4, 4) in Cl( 4, 4) CPU =        0.213 ms (setup)        0.003 (*)        2.541 (^)        2.496 (&)        2.574 (%) 

framed_multi<double>
Clifford algebra products test:
Fill: 0.5
Cl( 1, 0) in Cl( 1, 0) CPU =        0.002 ms (setup)        0.002 (*)        0.001 (^)        0.003 (&)        0.002 (%) 
Cl( 1, 1) in Cl( 1, 1) CPU =        0.001 ms (setup)        0.001 (*)        0.001 (^)        0.001 (&)        0.001 (%) 
Cl( 2, 1) in Cl( 2, 1) CPU =        0.001 ms (setup)        0.003 (*)        0.002 (^)        0.002 (&)        0.003 (%) 
Cl( 2, 2) in Cl( 2, 2) CPU =        0.002 ms (setup)        0.005 (*)        0.003 (^)        0.004 (&)        0.004 (%) 
Cl( 3, 2) in Cl( 3, 2) CPU =        0.005 ms (setup)        0.011 (*)        0.006 (^)        0.007 (&)        0.007 (%) 
Cl( 3, 3) in Cl( 3, 3) CPU =        0.007 ms (setup)        0.027 (*)        0.014 (^)        0.018 (&)        0.013 (%) 
Cl( 4, 3) in Cl( 4, 3) CPU =        0.015 ms (setup)        0.088 (*)        0.038 (^)        0.041 (&)        0.033 (%) 
Cl( 4, 4) in Cl( 4, 4) CPU =        0.030 ms (setup)        0.486 (*)        0.086 (^)        0.085 (&)        0.071 (%) 
Cl( 5, 4) in Cl( 5, 4) CPU =        0.068 ms (setup)        1.688 (*)        0.290 (^)        0.287 (&)        0.217 (%) 
Cl( 5, 5) in Cl( 5, 5) CPU =        0.126 ms (setup)        2.288 (*)        0.656 (^)        0.716 (&)        0.476 (%) 
Cl( 6, 5) in Cl( 6, 5) CPU =        0.247 ms (setup)        8.053 (*)        1.932 (^)        2.037 (&)        1.210 (%) 
Cl( 6, 6) in Cl( 6, 6) CPU =        0.502 ms (setup)       11.120 (*)        5.236 (^)        5.513 (&)        3.227 (%) 
Cl( 7, 6) in Cl( 7, 6) CPU =        0.996 ms (setup)       37.338 (*)       15.718 (^)       16.889 (&)        9.571 (%) 
Cl( 7, 7) in Cl( 7, 7) CPU =        1.984 ms (setup)       52.153 (*)       45.156 (^)       47.815 (&)       26.076 (%) 
Cl( 8, 7) in Cl( 8, 7) CPU =        4.208 ms (setup)      180.647 (*)      131.543 (^)      135.144 (&)       72.501 (%) 
Cl( 8, 8) in Cl( 8, 8) CPU =        7.990 ms (setup)      243.266 (*)      385.281 (^)      401.096 (&)      209.864 (%) 
Cl( 1, 0) in Cl( 8, 8) CPU =        0.002 ms (setup)        0.001 (*)        0.001 (^)        0.002 (&)        0.001 (%) 
Cl( 1, 1) in Cl( 8, 8) CPU =        0.001 ms (setup)        0.001 (*)        0.001 (^)        0.001 (&)        0.001 (%) 
Cl( 2, 1) in Cl( 8, 8) CPU =        0.002 ms (setup)        0.001 (*)        0.001 (^)        0.001 (&)        0.001 (%) 
Cl( 2, 2) in Cl( 8, 8) CPU =        0.002 ms (setup)        0.004 (*)        0.003 (^)        0.005 (&)        0.004 (%) 
Cl( 3, 2) in Cl( 8, 8) CPU =        0.005 ms (setup)        0.010 (*)        0.006 (^)        0.006 (&)        0.006 (%) 
Cl( 3, 3) in Cl( 8, 8) CPU =        0.008 ms (setup)        0.025 (*)        0.013 (^)        0.013 (&)        0.011 (%) 
Cl( 4, 3) in Cl( 8, 8) CPU =        0.014 ms (setup)        0.067 (*)        0.033 (^)        0.030 (&)        0.026 (%) 
Cl( 4, 4) in Cl( 8, 8) CPU =        0.030 ms (setup)        0.471 (*)        0.098 (^)        0.092 (&)        0.070 (%) 
Cl( 5, 4) in Cl( 8, 8) CPU =        0.058 ms (setup)        1.623 (*)        0.256 (^)        0.269 (&)        0.188 (%) 
Cl( 5, 5) in Cl( 8, 8) CPU =        0.120 ms (setup)        2.167 (*)        0.619 (^)        0.663 (&)        0.426 (%) 
Cl( 6, 5) in Cl( 8, 8) CPU =        0.233 ms (setup)        7.362 (*)        1.762 (^)        1.875 (&)        1.151 (%) 
Cl( 6, 6) in Cl( 8, 8) CPU =        0.458 ms (setup)       10.393 (*)        4.979 (^)        5.053 (&)        3.010 (%) 
Cl( 7, 6) in Cl( 8, 8) CPU =        0.937 ms (setup)       34.594 (*)       14.921 (^)       15.348 (&)        8.544 (%) 
Cl( 7, 7) in Cl( 8, 8) CPU =        1.895 ms (setup)       47.854 (*)       43.743 (^)       44.394 (&)       24.762 (%) 
Cl( 8, 7) in Cl( 8, 8) CPU =        3.835 ms (setup)      175.453 (*)      128.754 (^)      132.584 (&)       70.776 (%) 
Cl( 8, 8) in Cl( 8, 8) CPU =        7.848 ms (setup)      238.661 (*)      382.648 (^)      409.430 (&)      213.454 (%) 
Fill: 1
Cl( 1, 0) in Cl( 1, 0) CPU =        0.003 ms (setup)        0.002 (*)        0.001 (^)        0.002 (&)        0.002 (%) 
Cl( 1, 1) in Cl( 1, 1) CPU =        0.002 ms (setup)        0.002 (*)        0.001 (^)        0.002 (&)        0.002 (%) 
Cl( 2, 1) in Cl( 2, 1) CPU =        0.002 ms (setup)        0.004 (*)        0.002 (^)        0.003 (&)        0.003 (%) 
Cl( 2, 2) in Cl( 2, 2) CPU =        0.003 ms (setup)        0.007 (*)        0.004 (^)        0.005 (&)        0.005 (%) 
Cl( 3, 2) in Cl( 3, 2) CPU =        0.006 ms (setup)        0.021 (*)        0.015 (^)        0.011 (&)        0.010 (%) 
Cl( 3, 3) in Cl( 3, 3) CPU =        0.015 ms (setup)        0.061 (*)        0.018 (^)        0.024 (&)        0.020 (%) 
Cl( 4, 3) in Cl( 4, 3) CPU =        0.026 ms (setup)        0.220 (*)        0.043 (^)        0.061 (&)        0.045 (%) 
Cl( 4, 4) in Cl( 4, 4) CPU =        0.050 ms (setup)        0.561 (*)        0.129 (^)        0.163 (&)        0.113 (%) 
Cl( 5, 4) in Cl( 5, 4) CPU =        0.159 ms (setup)        1.837 (*)        0.252 (^)        0.441 (&)        0.287 (%) 
Cl( 5, 5) in Cl( 5, 5) CPU =        0.191 ms (setup)        2.678 (*)        0.649 (^)        1.207 (&)        0.757 (%) 
Cl( 6, 5) in Cl( 6, 5) CPU =        0.387 ms (setup)        8.629 (*)        1.742 (^)        3.477 (&)        2.060 (%) 
Cl( 6, 6) in Cl( 6, 6) CPU =        0.799 ms (setup)       12.871 (*)        4.780 (^)       10.085 (&)        5.758 (%) 
Cl( 7, 6) in Cl( 7, 6) CPU =        1.580 ms (setup)       41.799 (*)       13.627 (^)       29.684 (&)       16.401 (%) 
Cl( 7, 7) in Cl( 7, 7) CPU =        3.354 ms (setup)       62.852 (*)       39.685 (^)       90.115 (&)       47.617 (%) 
Cl( 8, 7) in Cl( 8, 7) CPU =        6.612 ms (setup)      216.177 (*)      119.253 (^)      271.902 (&)      142.202 (%) 
Cl( 8, 8) in Cl( 8, 8) CPU =       14.152 ms (setup)      331.505 (*)      363.933 (^)      846.615 (&)      431.290 (%) 
Cl( 1, 0) in Cl( 8, 8) CPU =        0.002 ms (setup)        0.002 (*)        0.001 (^)        0.003 (&)        0.002 (%) 
Cl( 1, 1) in Cl( 8, 8) CPU =        0.001 ms (setup)        0.002 (*)        0.002 (^)        0.002 (&)        0.002 (%) 
Cl( 2, 1) in Cl( 8, 8) CPU =        0.003 ms (setup)        0.004 (*)        0.003 (^)        0.003 (&)        0.003 (%) 
Cl( 2, 2) in Cl( 8, 8) CPU =        0.003 ms (setup)        0.008 (*)        0.005 (^)        0.005 (&)        0.005 (%) 
Cl( 3, 2) in Cl( 8, 8) CPU =        0.007 ms (setup)        0.022 (*)        0.008 (^)        0.010 (&)        0.009 (%) 
Cl( 3, 3) in Cl( 8, 8) CPU =        0.013 ms (setup)        0.061 (*)        0.026 (^)        0.028 (&)        0.020 (%) 
Cl( 4, 3) in Cl( 8, 8) CPU =        0.026 ms (setup)        0.209 (*)        0.049 (^)        0.061 (&)        0.046 (%) 
Cl( 4, 4) in Cl( 8, 8) CPU =        0.050 ms (setup)        0.567 (*)        0.102 (^)        0.167 (&)        0.113 (%) 
Cl( 5, 4) in Cl( 8, 8) CPU =        0.098 ms (setup)        1.825 (*)        0.252 (^)        0.438 (&)        0.289 (%) 
Cl( 5, 5) in Cl( 8, 8) CPU =        0.189 ms (setup)        2.679 (*)        0.648 (^)        1.217 (&)        0.754 (%) 
Cl( 6, 5) in Cl( 8, 8) CPU =        0.388 ms (setup)        8.671 (*)        1.746 (^)        3.474 (&)        2.059 (%) 
Cl( 6, 6) in Cl( 8, 8) CPU =        0.785 ms (setup)       12.902 (*)        4.934 (^)       10.405 (&)        5.764 (%) 
Cl( 7, 6) in Cl( 8, 8) CPU =        1.581 ms (setup)       41.751 (*)       13.653 (^)       29.939 (&)       16.392 (%) 
Cl( 7, 7) in Cl( 8, 8) CPU =        3.229 ms (setup)       63.739 (*)       39.660 (^)       89.234 (&)       48.510 (%) 
Cl( 8, 7) in Cl( 8, 8) CPU =        6.588 ms (setup)      215.522 (*)      119.450 (^)      272.155 (&)      142.046 (%) 
Cl( 8, 8) in Cl( 8, 8) CPU =       13.734 ms (setup)      327.906 (*)      365.233 (^)      846.872 (&)      431.666 (%) 

matrix_multi<double>
Clifford algebra products test:
Fill: 0.5
Cl( 1, 0) in Cl( 1, 0) CPU =        0.007 ms (setup)        0.001 (*)        0.011 (^)        0.007 (&)        0.009 (%) 
Cl( 1, 1) in Cl( 1, 1) CPU =        0.007 ms (setup)        0.001 (*)        0.006 (^)        0.007 (&)        0.007 (%) 
Cl( 2, 1) in Cl( 2, 1) CPU =        0.007 ms (setup)        0.001 (*)        0.047 (^)        0.034 (&)        0.034 (%) 
Cl( 2, 2) in Cl( 2, 2) CPU =        0.010 ms (setup)        0.001 (*)        0.032 (^)        0.038 (&)        0.045 (%) 
Cl( 3, 2) in Cl( 3, 2) CPU =        0.033 ms (setup)        0.002 (*)        0.173 (^)        0.170 (&)        0.192 (%) 
Cl( 3, 3) in Cl( 3, 3) CPU =        0.035 ms (setup)        0.002 (*)        0.240 (^)        0.286 (&)        0.277 (%) 
Cl( 4, 3) in Cl( 4, 3) CPU =        0.080 ms (setup)        0.003 (*)        1.224 (^)        1.328 (&)        1.339 (%) 
Cl( 4, 4) in Cl( 4, 4) CPU =        0.147 ms (setup)        0.003 (*)        1.901 (^)        1.949 (&)        2.002 (%) 
Cl( 5, 4) in Cl( 5, 4) CPU =        0.339 ms (setup)        0.011 (*)        6.994 (^)        7.806 (&)        7.541 (%) 
Cl( 5, 5) in Cl( 5, 5) CPU =        0.649 ms (setup)        0.010 (*)       10.898 (^)       11.059 (&)       10.959 (%) 
Cl( 6, 5) in Cl( 6, 5) CPU =        1.504 ms (setup)        0.059 (*)       39.983 (^)       42.498 (&)       41.300 (%) 
Cl( 6, 6) in Cl( 6, 6) CPU =        2.936 ms (setup)        0.059 (*)       57.450 (^)       58.985 (&)       57.428 (%) 
Cl( 7, 6) in Cl( 7, 6) CPU =        6.729 ms (setup)        0.392 (*)      233.877 (^)      257.622 (&)      236.391 (%) 
Cl( 7, 7) in Cl( 7, 7) CPU =       13.291 ms (setup)        0.397 (*)      297.096 (^)      337.854 (&)      305.704 (%) 
Cl( 8, 7) in Cl( 8, 7) CPU =       32.655 ms (setup)        2.905 (*)     1578.127 (^)     1660.802 (&)     1419.876 (%) 
Cl( 8, 8) in Cl( 8, 8) CPU =       64.766 ms (setup)        2.875 (*)     1819.506 (^)     2093.387 (&)     1816.986 (%) 
Cl( 1, 0) in Cl( 8, 8) CPU =        0.063 ms (setup)        3.011 (*)       16.023 (^)       15.318 (&)       15.399 (%) 
Cl( 1, 1) in Cl( 8, 8) CPU =        0.072 ms (setup)        2.856 (*)       26.431 (^)       15.647 (&)       23.100 (%) 
Cl( 2, 1) in Cl( 8, 8) CPU =        0.100 ms (setup)        2.850 (*)       42.050 (^)       25.944 (&)       33.214 (%) 
Cl( 2, 2) in Cl( 8, 8) CPU =        0.251 ms (setup)        2.855 (*)       65.176 (^)       41.553 (&)       46.197 (%) 
Cl( 3, 2) in Cl( 8, 8) CPU =        1.032 ms (setup)        2.841 (*)       92.189 (^)       62.891 (&)       61.574 (%) 
Cl( 3, 3) in Cl( 8, 8) CPU =        1.625 ms (setup)        2.979 (*)      129.679 (^)       93.650 (&)       84.601 (%) 
Cl( 4, 3) in Cl( 8, 8) CPU =        1.841 ms (setup)        2.850 (*)      173.406 (^)      172.188 (&)      112.940 (%) 
Cl( 4, 4) in Cl( 8, 8) CPU =        2.024 ms (setup)        2.846 (*)      227.181 (^)      177.343 (&)      145.038 (%) 
Cl( 5, 4) in Cl( 8, 8) CPU =        2.777 ms (setup)        2.846 (*)      291.512 (^)      231.430 (&)      181.832 (%) 
Cl( 5, 5) in Cl( 8, 8) CPU =        3.853 ms (setup)        2.852 (*)      387.810 (^)      344.010 (&)      251.406 (%) 
Cl( 6, 5) in Cl( 8, 8) CPU =        7.279 ms (setup)        2.834 (*)      432.143 (^)      374.235 (&)      283.822 (%) 
Cl( 6, 6) in Cl( 8, 8) CPU =       12.182 ms (setup)        2.825 (*)      518.561 (^)      524.389 (&)      381.012 (%) 
Cl( 7, 6) in Cl( 8, 8) CPU =       27.785 ms (setup)        2.861 (*)      631.932 (^)      738.001 (&)      522.630 (%) 
Cl( 7, 7) in Cl( 8, 8) CPU =       50.902 ms (setup)        2.840 (*)      810.878 (^)      905.462 (&)      695.139 (%) 
Cl( 8, 7) in Cl( 8, 8) CPU =      121.616 ms (setup)        3.004 (*)     1436.233 (^)     1575.440 (&)     1330.677 (%) 
Cl( 8, 8) in Cl( 8, 8) CPU =       64.967 ms (setup)        2.878 (*)     1728.097 (^)     2090.346 (&)     1762.566 (%) 
Fill: 1
Cl( 1, 0) in Cl( 1, 0) CPU =        0.003 ms (setup)        0.002 (*)        0.010 (^)        0.015 (&)        0.009 (%) 
Cl( 1, 1) in Cl( 1, 1) CPU =        0.004 ms (setup)        0.001 (*)        0.013 (^)        0.009 (&)        0.012 (%) 
Cl( 2, 1) in Cl( 2, 1) CPU =        0.005 ms (setup)        0.001 (*)        0.046 (^)        0.037 (&)        0.043 (%) 
Cl( 2, 2) in Cl( 2, 2) CPU =        0.011 ms (setup)        0.001 (*)        0.068 (^)        0.054 (&)        0.067 (%) 
Cl( 3, 2) in Cl( 3, 2) CPU =        0.024 ms (setup)        0.002 (*)        0.223 (^)        0.211 (&)        0.226 (%) 
Cl( 3, 3) in Cl( 3, 3) CPU =        0.044 ms (setup)        0.002 (*)        0.370 (^)        0.351 (&)        0.374 (%) 
Cl( 4, 3) in Cl( 4, 3) CPU =        0.113 ms (setup)        0.003 (*)        1.536 (^)        1.570 (&)        1.558 (%) 
Cl( 4, 4) in Cl( 4, 4) CPU =        0.200 ms (setup)        0.004 (*)        2.268 (^)        2.296 (&)        2.392 (%) 
Cl( 5, 4) in Cl( 5, 4) CPU =        0.504 ms (setup)        0.010 (*)        8.265 (^)        8.501 (&)        8.304 (%) 
Cl( 5, 5) in Cl( 5, 5) CPU =        0.931 ms (setup)        0.010 (*)       11.867 (^)       12.082 (&)       11.935 (%) 
Cl( 6, 5) in Cl( 6, 5) CPU =        2.192 ms (setup)        0.059 (*)       44.639 (^)       46.566 (&)       44.711 (%) 
Cl( 6, 6) in Cl( 6, 6) CPU =        4.378 ms (setup)        0.060 (*)       61.470 (^)       63.810 (&)       62.123 (%) 
Cl( 7, 6) in Cl( 7, 6) CPU =       10.360 ms (setup)        0.392 (*)      245.745 (^)      269.435 (&)      247.712 (%) 
Cl( 7, 7) in Cl( 7, 7) CPU =       20.817 ms (setup)        0.398 (*)      330.306 (^)      357.055 (&)      331.665 (%) 
Cl( 8, 7) in Cl( 8, 7) CPU =       53.852 ms (setup)        2.856 (*)     1784.308 (^)     1723.967 (&)     1474.919 (%) 
Cl( 8, 8) in Cl( 8, 8) CPU =      106.396 ms (setup)        2.866 (*)     1928.072 (^)     2195.937 (&)     1928.731 (%) 
Cl( 1, 0) in Cl( 8, 8) CPU =        0.069 ms (setup)        2.986 (*)       26.481 (^)       15.521 (&)       23.186 (%) 
Cl( 1, 1) in Cl( 8, 8) CPU =        0.090 ms (setup)        2.853 (*)       42.285 (^)       25.204 (&)       34.419 (%) 
Cl( 2, 1) in Cl( 8, 8) CPU =        0.160 ms (setup)        2.857 (*)       64.469 (^)       41.371 (&)       46.823 (%) 
Cl( 2, 2) in Cl( 8, 8) CPU =        1.637 ms (setup)        2.867 (*)       91.665 (^)       63.498 (&)       61.643 (%) 
Cl( 3, 2) in Cl( 8, 8) CPU =        1.644 ms (setup)        2.856 (*)      126.239 (^)       90.332 (&)       82.970 (%) 
Cl( 3, 3) in Cl( 8, 8) CPU =        1.672 ms (setup)        2.848 (*)      171.288 (^)      129.949 (&)      108.111 (%) 
Cl( 4, 3) in Cl( 8, 8) CPU =        2.083 ms (setup)        2.869 (*)      226.578 (^)      178.287 (&)      142.578 (%) 
Cl( 4, 4) in Cl( 8, 8) CPU =        2.191 ms (setup)        2.864 (*)      281.407 (^)      224.522 (&)      173.254 (%) 
Cl( 5, 4) in Cl( 8, 8) CPU =        3.256 ms (setup)        2.844 (*)      342.635 (^)      284.654 (&)      212.757 (%) 
Cl( 5, 5) in Cl( 8, 8) CPU =        4.620 ms (setup)        2.849 (*)      389.312 (^)      346.438 (&)      253.474 (%) 
Cl( 6, 5) in Cl( 8, 8) CPU =        9.219 ms (setup)        2.829 (*)      472.260 (^)      443.629 (&)      323.536 (%) 
Cl( 6, 6) in Cl( 8, 8) CPU =       15.792 ms (setup)        2.839 (*)      525.553 (^)      533.031 (&)      385.028 (%) 
Cl( 7, 6) in Cl( 8, 8) CPU =       36.685 ms (setup)        2.840 (*)      733.865 (^)      757.651 (&)      579.433 (%) 
Cl( 7, 7) in Cl( 8, 8) CPU =       69.845 ms (setup)        2.868 (*)      839.935 (^)      929.985 (&)      721.536 (%) 
Cl( 8, 7) in Cl( 8, 8) CPU =      172.406 ms (setup)        2.845 (*)     1601.211 (^)     1721.701 (&)     1481.304 (%) 
Cl( 8, 8) in Cl( 8, 8) CPU =      107.659 ms (setup)        2.872 (*)     1923.245 (^)     2193.516 (&)     1932.557 (%) 
