framed_multi<double,DEFAULT_LO,DEFAULT_HI,tuning_naive_p>
Clifford algebra transform test:
Fill: 0.5
Cl( 1, 0) in Cl(16, 0) CPU = mm:       1.45 (old)       7.42 (new) fm:    4174.63 (old)       0.51 (new)  diff: old: 6.43e-15 new: 0.00e+00 fm: 0.00e+00 mm: 6.43e-15
Cl( 2, 0) in Cl(16, 0) CPU = mm:       0.04 (old)       3.50 (new) fm:     131.94 (old)       0.43 (new)  diff: old: 5.10e-15 new: 3.36e-17 fm: 0.00e+00 mm: 5.10e-15
Cl( 3, 0) in Cl(16, 0) CPU = mm:       0.04 (old)       2.48 (new) fm:     133.55 (old)       0.43 (new)  diff: old: 2.68e-15 new: 0.00e+00 fm: 0.00e+00 mm: 2.68e-15
Cl( 4, 0) in Cl(16, 0) CPU = mm:       0.04 (old)       2.92 (new) fm:     133.40 (old)       0.43 (new)  diff: old: 2.34e-15 new: 6.47e-17 fm: 0.00e+00 mm: 2.35e-15
Cl( 5, 0) in Cl(16, 0) CPU = mm:       0.06 (old)       2.46 (new) fm:     131.99 (old)       0.46 (new)  diff: old: 2.83e-15 new: 2.38e-16 fm: 0.00e+00 mm: 2.82e-15
Cl( 6, 0) in Cl(16, 0) CPU = mm:       0.09 (old)       2.75 (new) fm:     134.08 (old)       0.55 (new)  diff: old: 3.08e-15 new: 1.72e-16 fm: 0.00e+00 mm: 3.15e-15
Cl( 7, 0) in Cl(16, 0) CPU = mm:       0.18 (old)       2.88 (new) fm:     134.13 (old)       0.78 (new)  diff: old: 3.97e-15 new: 1.26e-16 fm: 0.00e+00 mm: 3.98e-15
Cl( 8, 0) in Cl(16, 0) CPU = mm:       0.31 (old)       3.46 (new) fm:     136.29 (old)       1.20 (new)  diff: old: 3.04e-15 new: 1.57e-16 fm: 0.00e+00 mm: 3.04e-15
Cl( 9, 0) in Cl(16, 0) CPU = mm:       0.66 (old)       4.98 (new) fm:     133.34 (old)       2.10 (new)  diff: old: 3.16e-15 new: 2.40e-16 fm: 0.00e+00 mm: 2.95e-15
Cl(10, 0) in Cl(16, 0) CPU = mm:       1.26 (old)       7.40 (new) fm:     135.94 (old)       3.76 (new)  diff: old: 2.68e-15 new: 2.15e-16 fm: 5.10e-17 mm: 2.48e-15
Cl(11, 0) in Cl(16, 0) CPU = mm:       2.58 (old)       9.16 (new) fm:     136.48 (old)       7.01 (new)  diff: old: 2.12e-15 new: 3.56e-16 fm: 1.00e-16 mm: 1.99e-15
Cl(12, 0) in Cl(16, 0) CPU = mm:       5.15 (old)      13.32 (new) fm:     135.70 (old)      12.99 (new)  diff: old: 2.12e-15 new: 7.06e-16 fm: 1.36e-16 mm: 1.99e-15
Cl(13, 0) in Cl(16, 0) CPU = mm:      10.59 (old)      18.46 (new) fm:     139.27 (old)      26.74 (new)  diff: old: 2.23e-15 new: 1.39e-15 fm: 1.76e-16 mm: 1.36e-15
Cl(14, 0) in Cl(16, 0) CPU = mm:      21.93 (old)      28.91 (new) fm:     140.15 (old)      42.59 (new)  diff: old: 1.63e-15 new: 9.98e-16 fm: 2.30e-16 mm: 9.81e-16
Cl(15, 0) in Cl(16, 0) CPU = mm:      45.81 (old)      40.57 (new) fm:     140.37 (old)      65.57 (new)  diff: old: 1.15e-15 new: 7.50e-16 fm: 3.03e-16 mm: 7.03e-16
Cl(16, 0) in Cl(16, 0) CPU = mm:      97.51 (old)      64.48 (new) fm:     150.12 (old)     112.56 (new)  diff: old: 6.43e-16 new: 4.09e-16 fm: 4.07e-16 mm: 6.08e-16
Cl( 1, 0) in Cl( 8, 8) CPU = mm:       0.08 (old)       1.71 (new) fm:    4259.31 (old)       0.52 (new)  diff: old: 1.59e-15 new: 0.00e+00 fm: 0.00e+00 mm: 1.59e-15
Cl( 1, 1) in Cl( 8, 8) CPU = mm:       0.03 (old)       2.35 (new) fm:     159.07 (old)       0.35 (new)  diff: old: 3.96e-15 new: 0.00e+00 fm: 0.00e+00 mm: 3.96e-15
Cl( 2, 1) in Cl( 8, 8) CPU = mm:       0.04 (old)       3.45 (new) fm:     157.78 (old)       0.44 (new)  diff: old: 2.92e-15 new: 4.13e-17 fm: 0.00e+00 mm: 2.89e-15
Cl( 2, 2) in Cl( 8, 8) CPU = mm:       0.05 (old)       3.42 (new) fm:     158.17 (old)       0.42 (new)  diff: old: 8.17e-16 new: 2.79e-17 fm: 5.57e-17 mm: 7.93e-16
Cl( 3, 2) in Cl( 8, 8) CPU = mm:       0.09 (old)       3.65 (new) fm:     161.05 (old)       0.45 (new)  diff: old: 3.95e-15 new: 1.93e-16 fm: 4.45e-17 mm: 4.07e-15
Cl( 3, 3) in Cl( 8, 8) CPU = mm:       0.11 (old)       2.77 (new) fm:     162.08 (old)       0.47 (new)  diff: old: 2.47e-15 new: 1.28e-16 fm: 7.87e-17 mm: 2.46e-15
Cl( 4, 3) in Cl( 8, 8) CPU = mm:       0.17 (old)       3.44 (new) fm:     158.93 (old)       0.53 (new)  diff: old: 2.16e-15 new: 1.47e-16 fm: 8.07e-17 mm: 2.21e-15
Cl( 4, 4) in Cl( 8, 8) CPU = mm:       0.31 (old)       3.41 (new) fm:     163.49 (old)       1.04 (new)  diff: old: 8.73e-16 new: 2.05e-16 fm: 1.31e-16 mm: 8.68e-16
Cl( 5, 4) in Cl( 8, 8) CPU = mm:       0.62 (old)       3.13 (new) fm:     158.86 (old)       1.07 (new)  diff: old: 1.04e-15 new: 2.22e-16 fm: 1.16e-16 mm: 1.03e-15
Cl( 5, 5) in Cl( 8, 8) CPU = mm:       1.30 (old)       2.49 (new) fm:     158.54 (old)       1.90 (new)  diff: old: 7.03e-16 new: 2.85e-16 fm: 1.79e-16 mm: 6.79e-16
Cl( 6, 5) in Cl( 8, 8) CPU = mm:       2.48 (old)       3.08 (new) fm:     163.13 (old)       3.40 (new)  diff: old: 7.71e-16 new: 3.09e-16 fm: 1.75e-16 mm: 7.00e-16
Cl( 6, 6) in Cl( 8, 8) CPU = mm:       5.17 (old)       6.02 (new) fm:     162.28 (old)       6.87 (new)  diff: old: 5.35e-16 new: 3.86e-16 fm: 2.33e-16 mm: 5.36e-16
Cl( 7, 6) in Cl( 8, 8) CPU = mm:      11.38 (old)       9.28 (new) fm:     162.92 (old)      13.73 (new)  diff: old: 5.17e-16 new: 4.19e-16 fm: 2.32e-16 mm: 5.13e-16
Cl( 7, 7) in Cl( 8, 8) CPU = mm:      22.98 (old)      15.26 (new) fm:     165.28 (old)      28.45 (new)  diff: old: 5.32e-16 new: 5.15e-16 fm: 3.01e-16 mm: 5.10e-16
Cl( 8, 7) in Cl( 8, 8) CPU = mm:      48.52 (old)      30.73 (new) fm:     168.02 (old)      57.94 (new)  diff: old: 5.31e-16 new: 5.75e-16 fm: 3.04e-16 mm: 5.10e-16
Cl( 8, 8) in Cl( 8, 8) CPU = mm:      98.36 (old)      57.60 (new) fm:     175.60 (old)     100.33 (new)  diff: old: 6.44e-16 new: 4.07e-16 fm: 4.06e-16 mm: 6.03e-16
Cl( 1, 0) in Cl( 1, 0) CPU = mm:       0.01 (old)       0.01 (new) fm:       0.01 (old)       0.01 (new)  diff: old: 0.00e+00 new: 0.00e+00 fm: 0.00e+00 mm: 0.00e+00
Cl( 1, 1) in Cl( 1, 1) CPU = mm:       0.02 (old)       0.00 (new) fm:       0.02 (old)       0.00 (new)  diff: old: 0.00e+00 new: 0.00e+00 fm: 0.00e+00 mm: 0.00e+00
Cl( 2, 1) in Cl( 2, 1) CPU = mm:       0.01 (old)       0.02 (new) fm:       0.01 (old)       0.02 (new)  diff: old: 3.59e-17 new: 3.59e-17 fm: 0.00e+00 mm: 0.00e+00
Cl( 2, 2) in Cl( 2, 2) CPU = mm:       0.01 (old)       0.01 (new) fm:       0.01 (old)       0.01 (new)  diff: old: 5.64e-17 new: 4.57e-17 fm: 9.97e-18 mm: 4.46e-17
Cl( 3, 2) in Cl( 3, 2) CPU = mm:       0.03 (old)       0.03 (new) fm:       0.03 (old)       0.03 (new)  diff: old: 9.33e-17 new: 3.24e-17 fm: 0.00e+00 mm: 7.62e-17
Cl( 3, 3) in Cl( 3, 3) CPU = mm:       0.03 (old)       0.04 (new) fm:       0.05 (old)       0.04 (new)  diff: old: 1.07e-16 new: 1.19e-16 fm: 1.42e-16 mm: 1.67e-16
Cl( 4, 3) in Cl( 4, 3) CPU = mm:       0.06 (old)       0.09 (new) fm:       0.09 (old)       0.12 (new)  diff: old: 1.82e-16 new: 6.91e-17 fm: 8.87e-17 mm: 1.96e-16
Cl( 4, 4) in Cl( 4, 4) CPU = mm:       0.12 (old)       0.17 (new) fm:       0.16 (old)       0.17 (new)  diff: old: 1.49e-16 new: 1.40e-16 fm: 1.37e-16 mm: 1.83e-16
Cl( 5, 4) in Cl( 5, 4) CPU = mm:       0.26 (old)       0.35 (new) fm:       0.36 (old)       0.60 (new)  diff: old: 2.08e-16 new: 1.27e-16 fm: 1.33e-16 mm: 2.04e-16
Cl( 5, 5) in Cl( 5, 5) CPU = mm:       0.51 (old)       0.62 (new) fm:       0.75 (old)       0.91 (new)  diff: old: 2.40e-16 new: 1.83e-16 fm: 1.91e-16 mm: 2.61e-16
Cl( 6, 5) in Cl( 6, 5) CPU = mm:       1.25 (old)       1.39 (new) fm:       1.92 (old)       2.57 (new)  diff: old: 2.85e-16 new: 1.76e-16 fm: 1.79e-16 mm: 2.86e-16
Cl( 6, 6) in Cl( 6, 6) CPU = mm:       2.39 (old)       2.75 (new) fm:       4.01 (old)       4.40 (new)  diff: old: 3.31e-16 new: 2.39e-16 fm: 2.33e-16 mm: 3.31e-16
Cl( 7, 6) in Cl( 7, 6) CPU = mm:       7.33 (old)       6.19 (new) fm:      12.69 (old)      12.67 (new)  diff: old: 3.71e-16 new: 2.29e-16 fm: 2.30e-16 mm: 3.71e-16
Cl( 7, 7) in Cl( 7, 7) CPU = mm:      14.54 (old)      12.64 (new) fm:      25.90 (old)      20.67 (new)  diff: old: 4.56e-16 new: 3.05e-16 fm: 3.02e-16 mm: 4.40e-16
Cl( 8, 7) in Cl( 8, 7) CPU = mm:      49.10 (old)      29.25 (new) fm:      91.15 (old)      58.10 (new)  diff: old: 5.26e-16 new: 3.05e-16 fm: 3.05e-16 mm: 5.07e-16
Cl( 8, 8) in Cl( 8, 8) CPU = mm:      98.21 (old)      57.82 (new) fm:     176.21 (old)      99.34 (new)  diff: old: 6.38e-16 new: 4.09e-16 fm: 4.08e-16 mm: 6.06e-16
Fill: 1
Cl( 1, 0) in Cl(16, 0) CPU = mm:       0.06 (old)       1.70 (new) fm:     137.87 (old)       0.42 (new)  diff: old: 4.99e-15 new: 0.00e+00 fm: 0.00e+00 mm: 4.99e-15
Cl( 2, 0) in Cl(16, 0) CPU = mm:       0.04 (old)       1.61 (new) fm:     139.34 (old)       0.42 (new)  diff: old: 3.56e-15 new: 3.91e-17 fm: 0.00e+00 mm: 3.56e-15
Cl( 3, 0) in Cl(16, 0) CPU = mm:       0.05 (old)       1.63 (new) fm:     137.27 (old)       0.43 (new)  diff: old: 2.13e-15 new: 1.15e-17 fm: 0.00e+00 mm: 2.13e-15
Cl( 4, 0) in Cl(16, 0) CPU = mm:       0.07 (old)       1.62 (new) fm:     135.89 (old)       0.45 (new)  diff: old: 3.30e-15 new: 1.64e-16 fm: 0.00e+00 mm: 3.26e-15
Cl( 5, 0) in Cl(16, 0) CPU = mm:       0.11 (old)       1.67 (new) fm:     137.77 (old)       0.51 (new)  diff: old: 3.33e-15 new: 1.70e-16 fm: 0.00e+00 mm: 3.31e-15
Cl( 6, 0) in Cl(16, 0) CPU = mm:       0.19 (old)       1.76 (new) fm:     135.87 (old)       0.70 (new)  diff: old: 3.27e-15 new: 1.48e-16 fm: 0.00e+00 mm: 3.25e-15
Cl( 7, 0) in Cl(16, 0) CPU = mm:       0.35 (old)       2.07 (new) fm:     136.28 (old)       0.93 (new)  diff: old: 3.58e-15 new: 1.71e-16 fm: 0.00e+00 mm: 3.59e-15
Cl( 8, 0) in Cl(16, 0) CPU = mm:       0.70 (old)       2.89 (new) fm:     139.91 (old)       1.56 (new)  diff: old: 3.19e-15 new: 2.07e-16 fm: 0.00e+00 mm: 3.16e-15
Cl( 9, 0) in Cl(16, 0) CPU = mm:       1.28 (old)       3.92 (new) fm:     138.12 (old)       2.75 (new)  diff: old: 2.92e-15 new: 3.00e-16 fm: 0.00e+00 mm: 2.65e-15
Cl(10, 0) in Cl(16, 0) CPU = mm:       2.57 (old)       6.44 (new) fm:     138.78 (old)       4.84 (new)  diff: old: 2.55e-15 new: 3.08e-16 fm: 9.24e-17 mm: 2.31e-15
Cl(11, 0) in Cl(16, 0) CPU = mm:       5.37 (old)       9.13 (new) fm:     139.42 (old)       8.67 (new)  diff: old: 1.95e-15 new: 4.36e-16 fm: 1.36e-16 mm: 1.83e-15
Cl(12, 0) in Cl(16, 0) CPU = mm:      11.22 (old)      15.06 (new) fm:     138.04 (old)      15.75 (new)  diff: old: 2.14e-15 new: 7.81e-16 fm: 1.74e-16 mm: 2.01e-15
Cl(13, 0) in Cl(16, 0) CPU = mm:      22.68 (old)      22.66 (new) fm:     140.49 (old)      29.57 (new)  diff: old: 2.21e-15 new: 1.38e-15 fm: 2.26e-16 mm: 1.38e-15
Cl(14, 0) in Cl(16, 0) CPU = mm:      47.74 (old)      42.99 (new) fm:     145.69 (old)      44.25 (new)  diff: old: 1.55e-15 new: 1.02e-15 fm: 2.98e-16 mm: 9.83e-16
Cl(15, 0) in Cl(16, 0) CPU = mm:      95.22 (old)      59.55 (new) fm:     145.54 (old)      68.00 (new)  diff: old: 1.23e-15 new: 8.97e-16 fm: 4.07e-16 mm: 8.02e-16
Cl(16, 0) in Cl(16, 0) CPU = mm:     197.35 (old)     106.74 (new) fm:     153.57 (old)     122.00 (new)  diff: old: 7.38e-16 new: 5.53e-16 fm: 5.56e-16 mm: 7.78e-16
Cl( 1, 0) in Cl( 8, 8) CPU = mm:       0.06 (old)       1.74 (new) fm:     165.50 (old)       0.42 (new)  diff: old: 4.52e-15 new: 0.00e+00 fm: 0.00e+00 mm: 4.52e-15
Cl( 1, 1) in Cl( 8, 8) CPU = mm:       0.04 (old)       2.42 (new) fm:     166.83 (old)       0.42 (new)  diff: old: 2.02e-15 new: 0.00e+00 fm: 0.00e+00 mm: 2.01e-15
Cl( 2, 1) in Cl( 8, 8) CPU = mm:       0.05 (old)       1.59 (new) fm:     164.77 (old)       0.43 (new)  diff: old: 1.68e-15 new: 4.26e-17 fm: 0.00e+00 mm: 1.64e-15
Cl( 2, 2) in Cl( 8, 8) CPU = mm:       0.07 (old)       1.87 (new) fm:     169.74 (old)       0.44 (new)  diff: old: 1.45e-15 new: 1.48e-16 fm: 1.01e-16 mm: 1.44e-15
Cl( 3, 2) in Cl( 8, 8) CPU = mm:       0.12 (old)       1.63 (new) fm:     166.80 (old)       0.46 (new)  diff: old: 1.82e-15 new: 1.08e-16 fm: 6.92e-17 mm: 1.89e-15
Cl( 3, 3) in Cl( 8, 8) CPU = mm:       0.18 (old)       1.63 (new) fm:     164.83 (old)       0.50 (new)  diff: old: 1.34e-15 new: 1.51e-16 fm: 1.18e-16 mm: 1.30e-15
Cl( 4, 3) in Cl( 8, 8) CPU = mm:       0.35 (old)       1.71 (new) fm:     165.39 (old)       0.59 (new)  diff: old: 1.25e-15 new: 2.15e-16 fm: 1.22e-16 mm: 1.24e-15
Cl( 4, 4) in Cl( 8, 8) CPU = mm:       0.62 (old)       2.07 (new) fm:     165.81 (old)       0.76 (new)  diff: old: 9.27e-16 new: 2.63e-16 fm: 1.61e-16 mm: 9.11e-16
Cl( 5, 4) in Cl( 8, 8) CPU = mm:       1.25 (old)       2.18 (new) fm:     164.44 (old)       1.18 (new)  diff: old: 8.91e-16 new: 2.96e-16 fm: 1.89e-16 mm: 8.68e-16
Cl( 5, 5) in Cl( 8, 8) CPU = mm:       2.43 (old)       2.80 (new) fm:     164.74 (old)       2.01 (new)  diff: old: 7.33e-16 new: 3.66e-16 fm: 2.31e-16 mm: 7.02e-16
Cl( 6, 5) in Cl( 8, 8) CPU = mm:       5.50 (old)       4.26 (new) fm:     167.42 (old)       3.78 (new)  diff: old: 7.62e-16 new: 3.84e-16 fm: 2.29e-16 mm: 6.80e-16
Cl( 6, 6) in Cl( 8, 8) CPU = mm:      11.35 (old)       7.08 (new) fm:     166.13 (old)       7.29 (new)  diff: old: 5.52e-16 new: 5.04e-16 fm: 3.02e-16 mm: 5.83e-16
Cl( 7, 6) in Cl( 8, 8) CPU = mm:      23.25 (old)      12.26 (new) fm:     169.88 (old)      14.98 (new)  diff: old: 5.56e-16 new: 5.35e-16 fm: 3.07e-16 mm: 5.83e-16
Cl( 7, 7) in Cl( 8, 8) CPU = mm:      45.93 (old)      23.42 (new) fm:     169.71 (old)      30.05 (new)  diff: old: 5.83e-16 new: 7.05e-16 fm: 4.06e-16 mm: 6.11e-16
Cl( 8, 7) in Cl( 8, 8) CPU = mm:     100.95 (old)      47.95 (new) fm:     175.80 (old)      63.33 (new)  diff: old: 5.85e-16 new: 7.41e-16 fm: 4.07e-16 mm: 6.19e-16
Cl( 8, 8) in Cl( 8, 8) CPU = mm:     202.00 (old)      95.39 (new) fm:     181.04 (old)     107.45 (new)  diff: old: 7.42e-16 new: 5.54e-16 fm: 5.57e-16 mm: 7.83e-16
Cl( 1, 0) in Cl( 1, 0) CPU = mm:       0.01 (old)       0.01 (new) fm:       0.01 (old)       0.01 (new)  diff: old: 0.00e+00 new: 0.00e+00 fm: 0.00e+00 mm: 0.00e+00
Cl( 1, 1) in Cl( 1, 1) CPU = mm:       0.01 (old)       0.01 (new) fm:       0.00 (old)       0.00 (new)  diff: old: 0.00e+00 new: 0.00e+00 fm: 0.00e+00 mm: 0.00e+00
Cl( 2, 1) in Cl( 2, 1) CPU = mm:       0.01 (old)       0.02 (new) fm:       0.01 (old)       0.01 (new)  diff: old: 4.15e-17 new: 2.07e-17 fm: 0.00e+00 mm: 2.93e-17
Cl( 2, 2) in Cl( 2, 2) CPU = mm:       0.02 (old)       0.01 (new) fm:       0.01 (old)       0.01 (new)  diff: old: 6.72e-17 new: 7.99e-17 fm: 1.37e-16 mm: 1.65e-16
Cl( 3, 2) in Cl( 3, 2) CPU = mm:       0.03 (old)       0.03 (new) fm:       0.02 (old)       0.04 (new)  diff: old: 1.14e-16 new: 5.76e-17 fm: 1.15e-16 mm: 1.36e-16
Cl( 3, 3) in Cl( 3, 3) CPU = mm:       0.06 (old)       0.04 (new) fm:       0.04 (old)       0.04 (new)  diff: old: 1.39e-16 new: 7.99e-17 fm: 1.08e-16 mm: 1.70e-16
Cl( 4, 3) in Cl( 4, 3) CPU = mm:       0.12 (old)       0.11 (new) fm:       0.07 (old)       0.15 (new)  diff: old: 1.54e-16 new: 1.37e-16 fm: 1.34e-16 mm: 1.92e-16
Cl( 4, 4) in Cl( 4, 4) CPU = mm:       0.21 (old)       0.19 (new) fm:       0.25 (old)       0.20 (new)  diff: old: 1.94e-16 new: 1.64e-16 fm: 1.70e-16 mm: 2.24e-16
Cl( 5, 4) in Cl( 5, 4) CPU = mm:       0.59 (old)       0.44 (new) fm:       0.35 (old)       0.64 (new)  diff: old: 2.07e-16 new: 1.76e-16 fm: 1.70e-16 mm: 2.45e-16
Cl( 5, 5) in Cl( 5, 5) CPU = mm:       0.96 (old)       0.85 (new) fm:       0.66 (old)       0.95 (new)  diff: old: 2.77e-16 new: 2.10e-16 fm: 2.31e-16 mm: 3.18e-16
Cl( 6, 5) in Cl( 6, 5) CPU = mm:       2.43 (old)       1.98 (new) fm:       1.75 (old)       2.92 (new)  diff: old: 3.00e-16 new: 2.13e-16 fm: 2.35e-16 mm: 3.41e-16
Cl( 6, 6) in Cl( 6, 6) CPU = mm:       4.72 (old)       3.93 (new) fm:       3.90 (old)       4.49 (new)  diff: old: 3.78e-16 new: 2.95e-16 fm: 3.06e-16 mm: 4.27e-16
Cl( 7, 6) in Cl( 7, 6) CPU = mm:      14.94 (old)       9.38 (new) fm:      13.17 (old)      13.49 (new)  diff: old: 4.10e-16 new: 2.98e-16 fm: 3.04e-16 mm: 4.47e-16
Cl( 7, 7) in Cl( 7, 7) CPU = mm:      28.84 (old)      18.52 (new) fm:      27.31 (old)      22.86 (new)  diff: old: 5.32e-16 new: 4.02e-16 fm: 4.08e-16 mm: 5.65e-16
Cl( 8, 7) in Cl( 8, 7) CPU = mm:      96.89 (old)      47.76 (new) fm:      94.42 (old)      62.60 (new)  diff: old: 5.80e-16 new: 4.05e-16 fm: 4.13e-16 mm: 6.19e-16
Cl( 8, 8) in Cl( 8, 8) CPU = mm:     200.69 (old)      95.25 (new) fm:     183.46 (old)     106.24 (new)  diff: old: 7.39e-16 new: 5.57e-16 fm: 5.59e-16 mm: 7.84e-16
