
framed_multi<float,-4,4>
Clifford algebra expressions test:
Fill: 0.5
Cl( 1, 0) in Cl( 1, 0) CPU =        0.001 ms (setup)        0.002 (comm)        0.004 (pade)        0.001 (series)        0.001 (mix)        0.001 (add) 
Cl( 1, 1) in Cl( 1, 1) CPU =        0.001 ms (setup)        0.001 (comm)        0.003 (pade)        0.001 (series)        0.001 (mix)        0.001 (add) 
Cl( 2, 1) in Cl( 2, 1) CPU =        0.001 ms (setup)        0.004 (comm)        0.007 (pade)        0.003 (series)        0.001 (mix)        0.001 (add) 
Cl( 2, 2) in Cl( 2, 2) CPU =        0.002 ms (setup)        0.005 (comm)        0.007 (pade)        0.005 (series)        0.002 (mix)        0.001 (add) 
Cl( 3, 2) in Cl( 3, 2) CPU =        0.002 ms (setup)        0.011 (comm)        0.029 (pade)        0.009 (series)        0.004 (mix)        0.002 (add) 
Cl( 3, 3) in Cl( 3, 3) CPU =        0.005 ms (setup)        0.024 (comm)        0.036 (pade)        0.037 (series)        0.006 (mix)        0.003 (add) 
Cl( 4, 3) in Cl( 4, 3) CPU =        0.011 ms (setup)        0.057 (comm)        0.138 (pade)        0.106 (series)        0.015 (mix)        0.006 (add) 
Cl( 4, 4) in Cl( 4, 4) CPU =        0.022 ms (setup)        0.612 (comm)        0.176 (pade)        0.677 (series)        0.053 (mix)        0.012 (add) 
Cl( 1, 0) in Cl( 4, 4) CPU =        0.001 ms (setup)        0.001 (comm)        0.003 (pade)        0.001 (series)        0.000 (mix)        0.001 (add) 
Cl( 1, 1) in Cl( 4, 4) CPU =        0.001 ms (setup)        0.001 (comm)        0.003 (pade)        0.001 (series)        0.001 (mix)        0.001 (add) 
Cl( 2, 1) in Cl( 4, 4) CPU =        0.001 ms (setup)        0.003 (comm)        0.006 (pade)        0.004 (series)        0.001 (mix)        0.001 (add) 
Cl( 2, 2) in Cl( 4, 4) CPU =        0.002 ms (setup)        0.005 (comm)        0.007 (pade)        0.005 (series)        0.002 (mix)        0.001 (add) 
Cl( 3, 2) in Cl( 4, 4) CPU =        0.003 ms (setup)        0.009 (comm)        0.030 (pade)        0.014 (series)        0.003 (mix)        0.002 (add) 
Cl( 3, 3) in Cl( 4, 4) CPU =        0.005 ms (setup)        0.023 (comm)        0.037 (pade)        0.039 (series)        0.006 (mix)        0.005 (add) 
Cl( 4, 3) in Cl( 4, 4) CPU =        0.011 ms (setup)        0.050 (comm)        0.129 (pade)        0.092 (series)        0.013 (mix)        0.004 (add) 
Cl( 4, 4) in Cl( 4, 4) CPU =        0.022 ms (setup)        0.391 (comm)        0.184 (pade)        0.694 (series)        0.048 (mix)        0.009 (add) 
Fill: 1
Cl( 1, 0) in Cl( 1, 0) CPU =        0.001 ms (setup)        0.002 (comm)        0.003 (pade)        0.002 (series)        0.001 (mix)        0.001 (add) 
Cl( 1, 1) in Cl( 1, 1) CPU =        0.001 ms (setup)        0.003 (comm)        0.003 (pade)        0.003 (series)        0.001 (mix)        0.001 (add) 
Cl( 2, 1) in Cl( 2, 1) CPU =        0.001 ms (setup)        0.003 (comm)        0.006 (pade)        0.004 (series)        0.001 (mix)        0.001 (add) 
Cl( 2, 2) in Cl( 2, 2) CPU =        0.002 ms (setup)        0.005 (comm)        0.008 (pade)        0.007 (series)        0.002 (mix)        0.002 (add) 
Cl( 3, 2) in Cl( 3, 2) CPU =        0.004 ms (setup)        0.014 (comm)        0.028 (pade)        0.019 (series)        0.005 (mix)        0.002 (add) 
Cl( 3, 3) in Cl( 3, 3) CPU =        0.007 ms (setup)        0.041 (comm)        0.040 (pade)        0.057 (series)        0.011 (mix)        0.003 (add) 
Cl( 4, 3) in Cl( 4, 3) CPU =        0.015 ms (setup)        0.118 (comm)        0.146 (pade)        0.181 (series)        0.026 (mix)        0.005 (add) 
Cl( 4, 4) in Cl( 4, 4) CPU =        0.033 ms (setup)        0.482 (comm)        0.208 (pade)        0.779 (series)        0.071 (mix)        0.016 (add) 
Cl( 1, 0) in Cl( 4, 4) CPU =        0.001 ms (setup)        0.002 (comm)        0.003 (pade)        0.002 (series)        0.001 (mix)        0.001 (add) 
Cl( 1, 1) in Cl( 4, 4) CPU =        0.001 ms (setup)        0.002 (comm)        0.003 (pade)        0.002 (series)        0.001 (mix)        0.001 (add) 
Cl( 2, 1) in Cl( 4, 4) CPU =        0.003 ms (setup)        0.003 (comm)        0.007 (pade)        0.004 (series)        0.001 (mix)        0.001 (add) 
Cl( 2, 2) in Cl( 4, 4) CPU =        0.002 ms (setup)        0.005 (comm)        0.008 (pade)        0.007 (series)        0.002 (mix)        0.001 (add) 
Cl( 3, 2) in Cl( 4, 4) CPU =        0.004 ms (setup)        0.015 (comm)        0.028 (pade)        0.019 (series)        0.005 (mix)        0.002 (add) 
Cl( 3, 3) in Cl( 4, 4) CPU =        0.007 ms (setup)        0.040 (comm)        0.040 (pade)        0.060 (series)        0.011 (mix)        0.003 (add) 
Cl( 4, 3) in Cl( 4, 4) CPU =        0.015 ms (setup)        0.120 (comm)        0.147 (pade)        0.186 (series)        0.026 (mix)        0.006 (add) 
Cl( 4, 4) in Cl( 4, 4) CPU =        0.033 ms (setup)        0.480 (comm)        0.208 (pade)        0.798 (series)        0.070 (mix)        0.016 (add) 

matrix_multi<float,-4,4>
Clifford algebra expressions test:
Fill: 0.5
Cl( 1, 0) in Cl( 1, 0) CPU =        0.001 ms (setup)        0.003 (comm)        0.002 (pade)        0.001 (series)        0.002 (mix)        0.001 (add) 
Cl( 1, 1) in Cl( 1, 1) CPU =        0.002 ms (setup)        0.005 (comm)        0.002 (pade)        0.001 (series)        0.005 (mix)        0.001 (add) 
Cl( 2, 1) in Cl( 2, 1) CPU =        0.002 ms (setup)        0.021 (comm)        0.002 (pade)        0.001 (series)        0.020 (mix)        0.001 (add) 
Cl( 2, 2) in Cl( 2, 2) CPU =        0.003 ms (setup)        0.030 (comm)        0.002 (pade)        0.001 (series)        0.030 (mix)        0.000 (add) 
Cl( 3, 2) in Cl( 3, 2) CPU =        0.011 ms (setup)        0.118 (comm)        0.003 (pade)        0.001 (series)        0.113 (mix)        0.001 (add) 
Cl( 3, 3) in Cl( 3, 3) CPU =        0.018 ms (setup)        0.194 (comm)        0.003 (pade)        0.002 (series)        0.182 (mix)        0.001 (add) 
Cl( 4, 3) in Cl( 4, 3) CPU =        0.048 ms (setup)        0.886 (comm)        0.006 (pade)        0.003 (series)        0.864 (mix)        0.001 (add) 
Cl( 4, 4) in Cl( 4, 4) CPU =        0.089 ms (setup)        1.347 (comm)        0.006 (pade)        0.003 (series)        1.334 (mix)        0.000 (add) 
Cl( 1, 0) in Cl( 4, 4) CPU =        0.003 ms (setup)        0.025 (comm)        0.004 (pade)        0.003 (series)        0.021 (mix)        0.001 (add) 
Cl( 1, 1) in Cl( 4, 4) CPU =        0.003 ms (setup)        0.029 (comm)        0.005 (pade)        0.003 (series)        0.028 (mix)        0.001 (add) 
Cl( 2, 1) in Cl( 4, 4) CPU =        0.007 ms (setup)        0.062 (comm)        0.006 (pade)        0.003 (series)        0.061 (mix)        0.000 (add) 
Cl( 2, 2) in Cl( 4, 4) CPU =        0.011 ms (setup)        0.079 (comm)        0.006 (pade)        0.003 (series)        0.073 (mix)        0.000 (add) 
Cl( 3, 2) in Cl( 4, 4) CPU =        0.042 ms (setup)        0.209 (comm)        0.006 (pade)        0.003 (series)        0.200 (mix)        0.001 (add) 
Cl( 3, 3) in Cl( 4, 4) CPU =        0.065 ms (setup)        0.293 (comm)        0.006 (pade)        0.003 (series)        0.289 (mix)        0.001 (add) 
Cl( 4, 3) in Cl( 4, 4) CPU =        0.177 ms (setup)        0.837 (comm)        0.007 (pade)        0.005 (series)        0.815 (mix)        0.001 (add) 
Cl( 4, 4) in Cl( 4, 4) CPU =        0.088 ms (setup)        1.385 (comm)        0.007 (pade)        0.003 (series)        1.383 (mix)        0.000 (add) 
Fill: 1
Cl( 1, 0) in Cl( 1, 0) CPU =        0.001 ms (setup)        0.005 (comm)        0.002 (pade)        0.001 (series)        0.005 (mix)        0.001 (add) 
Cl( 1, 1) in Cl( 1, 1) CPU =        0.002 ms (setup)        0.007 (comm)        0.002 (pade)        0.001 (series)        0.007 (mix)        0.001 (add) 
Cl( 2, 1) in Cl( 2, 1) CPU =        0.002 ms (setup)        0.026 (comm)        0.002 (pade)        0.001 (series)        0.025 (mix)        0.001 (add) 
Cl( 2, 2) in Cl( 2, 2) CPU =        0.005 ms (setup)        0.041 (comm)        0.002 (pade)        0.001 (series)        0.040 (mix)        0.001 (add) 
Cl( 3, 2) in Cl( 3, 2) CPU =        0.011 ms (setup)        0.151 (comm)        0.003 (pade)        0.002 (series)        0.144 (mix)        0.000 (add) 
Cl( 3, 3) in Cl( 3, 3) CPU =        0.025 ms (setup)        0.231 (comm)        0.003 (pade)        0.002 (series)        0.232 (mix)        0.001 (add) 
Cl( 4, 3) in Cl( 4, 3) CPU =        0.065 ms (setup)        1.018 (comm)        0.009 (pade)        0.003 (series)        1.012 (mix)        0.001 (add) 
Cl( 4, 4) in Cl( 4, 4) CPU =        0.125 ms (setup)        1.576 (comm)        0.007 (pade)        0.003 (series)        1.556 (mix)        0.001 (add) 
Cl( 1, 0) in Cl( 4, 4) CPU =        0.002 ms (setup)        0.041 (comm)        0.005 (pade)        0.003 (series)        0.039 (mix)        0.001 (add) 
Cl( 1, 1) in Cl( 4, 4) CPU =        0.004 ms (setup)        0.054 (comm)        0.006 (pade)        0.003 (series)        0.056 (mix)        0.001 (add) 
Cl( 2, 1) in Cl( 4, 4) CPU =        0.008 ms (setup)        0.077 (comm)        0.006 (pade)        0.003 (series)        0.075 (mix)        0.000 (add) 
Cl( 2, 2) in Cl( 4, 4) CPU =        0.019 ms (setup)        0.113 (comm)        0.005 (pade)        0.003 (series)        0.108 (mix)        0.001 (add) 
Cl( 3, 2) in Cl( 4, 4) CPU =        0.046 ms (setup)        0.231 (comm)        0.006 (pade)        0.003 (series)        0.223 (mix)        0.001 (add) 
Cl( 3, 3) in Cl( 4, 4) CPU =        0.084 ms (setup)        0.356 (comm)        0.006 (pade)        0.003 (series)        0.352 (mix)        0.001 (add) 
Cl( 4, 3) in Cl( 4, 4) CPU =        0.233 ms (setup)        1.082 (comm)        0.007 (pade)        0.003 (series)        1.070 (mix)        0.001 (add) 
Cl( 4, 4) in Cl( 4, 4) CPU =        0.139 ms (setup)        1.568 (comm)        0.006 (pade)        0.003 (series)        1.554 (mix)        0.001 (add) 

framed_multi<double>
Clifford algebra expressions test:
Fill: 0.5
Cl( 1, 0) in Cl( 1, 0) CPU =        0.001 ms (setup)        0.001 (comm)        0.003 (pade)        0.001 (series)        0.001 (mix)        0.001 (add) 
Cl( 1, 1) in Cl( 1, 1) CPU =        0.001 ms (setup)        0.001 (comm)        0.003 (pade)        0.001 (series)        0.000 (mix)        0.001 (add) 
Cl( 2, 1) in Cl( 2, 1) CPU =        0.001 ms (setup)        0.004 (comm)        0.007 (pade)        0.004 (series)        0.001 (mix)        0.001 (add) 
Cl( 2, 2) in Cl( 2, 2) CPU =        0.002 ms (setup)        0.006 (comm)        0.007 (pade)        0.007 (series)        0.002 (mix)        0.001 (add) 
Cl( 3, 2) in Cl( 3, 2) CPU =        0.003 ms (setup)        0.011 (comm)        0.030 (pade)        0.012 (series)        0.004 (mix)        0.003 (add) 
Cl( 3, 3) in Cl( 3, 3) CPU =        0.006 ms (setup)        0.030 (comm)        0.037 (pade)        0.044 (series)        0.007 (mix)        0.003 (add) 
Cl( 4, 3) in Cl( 4, 3) CPU =        0.013 ms (setup)        0.071 (comm)        0.134 (pade)        0.123 (series)        0.018 (mix)        0.005 (add) 
Cl( 4, 4) in Cl( 4, 4) CPU =        0.026 ms (setup)        0.433 (comm)        0.182 (pade)        0.723 (series)        0.059 (mix)        0.008 (add) 
Cl( 5, 4) in Cl( 5, 4) CPU =        0.052 ms (setup)        1.550 (comm)        0.704 (pade)        2.674 (series)        0.263 (mix)        0.024 (add) 
Cl( 5, 5) in Cl( 5, 5) CPU =        0.102 ms (setup)        2.502 (comm)        0.993 (pade)        3.740 (series)        0.752 (mix)        0.037 (add) 
Cl( 6, 5) in Cl( 6, 5) CPU =        0.206 ms (setup)        8.314 (comm)        3.496 (pade)       13.255 (series)        2.049 (mix)        0.055 (add) 
Cl( 6, 6) in Cl( 6, 6) CPU =        0.429 ms (setup)       14.453 (comm)        4.716 (pade)       19.023 (series)        6.141 (mix)        0.203 (add) 
Cl( 7, 6) in Cl( 7, 6) CPU =        0.892 ms (setup)       47.163 (comm)       16.574 (pade)       63.474 (series)       17.595 (mix)        0.245 (add) 
Cl( 7, 7) in Cl( 7, 7) CPU =        1.863 ms (setup)       91.835 (comm)       22.563 (pade)       88.731 (series)       51.937 (mix)        0.513 (add) 
Cl( 8, 7) in Cl( 8, 7) CPU =        3.710 ms (setup)      297.892 (comm)       81.500 (pade)      310.811 (series)      154.722 (mix)        1.093 (add) 
Cl( 8, 8) in Cl( 8, 8) CPU =        7.413 ms (setup)      665.808 (comm)      114.047 (pade)      441.019 (series)      469.958 (mix)        2.365 (add) 
Cl( 1, 0) in Cl( 8, 8) CPU =        0.002 ms (setup)        0.001 (comm)        0.002 (pade)        0.001 (series)        0.000 (mix)        0.001 (add) 
Cl( 1, 1) in Cl( 8, 8) CPU =        0.001 ms (setup)        0.001 (comm)        0.003 (pade)        0.001 (series)        0.001 (mix)        0.001 (add) 
Cl( 2, 1) in Cl( 8, 8) CPU =        0.001 ms (setup)        0.004 (comm)        0.006 (pade)        0.003 (series)        0.001 (mix)        0.001 (add) 
Cl( 2, 2) in Cl( 8, 8) CPU =        0.001 ms (setup)        0.005 (comm)        0.007 (pade)        0.006 (series)        0.002 (mix)        0.001 (add) 
Cl( 3, 2) in Cl( 8, 8) CPU =        0.003 ms (setup)        0.009 (comm)        0.021 (pade)        0.009 (series)        0.003 (mix)        0.001 (add) 
Cl( 3, 3) in Cl( 8, 8) CPU =        0.005 ms (setup)        0.029 (comm)        0.036 (pade)        0.045 (series)        0.007 (mix)        0.003 (add) 
Cl( 4, 3) in Cl( 8, 8) CPU =        0.011 ms (setup)        0.069 (comm)        0.131 (pade)        0.123 (series)        0.018 (mix)        0.005 (add) 
Cl( 4, 4) in Cl( 8, 8) CPU =        0.025 ms (setup)        0.421 (comm)        0.195 (pade)        0.805 (series)        0.061 (mix)        0.007 (add) 
Cl( 5, 4) in Cl( 8, 8) CPU =        0.052 ms (setup)        1.583 (comm)        0.677 (pade)        2.636 (series)        0.261 (mix)        0.013 (add) 
Cl( 5, 5) in Cl( 8, 8) CPU =        0.098 ms (setup)        2.457 (comm)        0.933 (pade)        3.686 (series)        0.719 (mix)        0.026 (add) 
Cl( 6, 5) in Cl( 8, 8) CPU =        0.202 ms (setup)        9.112 (comm)        3.395 (pade)       13.250 (series)        2.106 (mix)        0.055 (add) 
Cl( 6, 6) in Cl( 8, 8) CPU =        0.434 ms (setup)       14.223 (comm)        4.575 (pade)       17.992 (series)        5.910 (mix)        0.111 (add) 
Cl( 7, 6) in Cl( 8, 8) CPU =        0.861 ms (setup)       46.808 (comm)       15.797 (pade)       63.929 (series)       17.628 (mix)        0.343 (add) 
Cl( 7, 7) in Cl( 8, 8) CPU =        1.768 ms (setup)       92.549 (comm)       22.428 (pade)       86.986 (series)       52.593 (mix)        0.512 (add) 
Cl( 8, 7) in Cl( 8, 8) CPU =        3.637 ms (setup)      301.409 (comm)       81.053 (pade)      310.615 (series)      156.808 (mix)        1.109 (add) 
Cl( 8, 8) in Cl( 8, 8) CPU =        8.344 ms (setup)      665.318 (comm)      112.501 (pade)      439.198 (series)      468.307 (mix)        2.384 (add) 
Fill: 1
Cl( 1, 0) in Cl( 1, 0) CPU =        0.001 ms (setup)        0.002 (comm)        0.003 (pade)        0.002 (series)        0.001 (mix)        0.001 (add) 
Cl( 1, 1) in Cl( 1, 1) CPU =        0.002 ms (setup)        0.003 (comm)        0.003 (pade)        0.003 (series)        0.001 (mix)        0.001 (add) 
Cl( 2, 1) in Cl( 2, 1) CPU =        0.001 ms (setup)        0.004 (comm)        0.007 (pade)        0.004 (series)        0.002 (mix)        0.001 (add) 
Cl( 2, 2) in Cl( 2, 2) CPU =        0.002 ms (setup)        0.007 (comm)        0.011 (pade)        0.009 (series)        0.003 (mix)        0.001 (add) 
Cl( 3, 2) in Cl( 3, 2) CPU =        0.004 ms (setup)        0.017 (comm)        0.030 (pade)        0.023 (series)        0.005 (mix)        0.002 (add) 
Cl( 3, 3) in Cl( 3, 3) CPU =        0.009 ms (setup)        0.047 (comm)        0.041 (pade)        0.069 (series)        0.011 (mix)        0.003 (add) 
Cl( 4, 3) in Cl( 4, 3) CPU =        0.018 ms (setup)        0.144 (comm)        0.151 (pade)        0.216 (series)        0.030 (mix)        0.005 (add) 
Cl( 4, 4) in Cl( 4, 4) CPU =        0.033 ms (setup)        0.512 (comm)        0.209 (pade)        0.835 (series)        0.081 (mix)        0.008 (add) 
Cl( 5, 4) in Cl( 5, 4) CPU =        0.074 ms (setup)        1.754 (comm)        0.761 (pade)        2.947 (series)        0.228 (mix)        0.016 (add) 
Cl( 5, 5) in Cl( 5, 5) CPU =        0.144 ms (setup)        2.858 (comm)        1.101 (pade)        4.353 (series)        0.636 (mix)        0.033 (add) 
Cl( 6, 5) in Cl( 6, 5) CPU =        0.325 ms (setup)        9.258 (comm)        3.863 (pade)       14.748 (series)        1.780 (mix)        0.064 (add) 
Cl( 6, 6) in Cl( 6, 6) CPU =        0.701 ms (setup)       15.875 (comm)        5.536 (pade)       21.923 (series)        4.878 (mix)        0.136 (add) 
Cl( 7, 6) in Cl( 7, 6) CPU =        1.433 ms (setup)       51.234 (comm)       18.137 (pade)       71.541 (series)       13.708 (mix)        0.290 (add) 
Cl( 7, 7) in Cl( 7, 7) CPU =        2.971 ms (setup)       93.762 (comm)       26.865 (pade)      108.452 (series)       38.796 (mix)        0.577 (add) 
Cl( 8, 7) in Cl( 8, 7) CPU =        6.255 ms (setup)      299.084 (comm)       95.021 (pade)      362.518 (series)      112.654 (mix)        1.275 (add) 
Cl( 8, 8) in Cl( 8, 8) CPU =       12.861 ms (setup)      611.712 (comm)      145.357 (pade)      555.905 (series)      333.536 (mix)        4.214 (add) 
Cl( 1, 0) in Cl( 8, 8) CPU =        0.001 ms (setup)        0.002 (comm)        0.003 (pade)        0.002 (series)        0.001 (mix)        0.001 (add) 
Cl( 1, 1) in Cl( 8, 8) CPU =        0.001 ms (setup)        0.002 (comm)        0.003 (pade)        0.003 (series)        0.001 (mix)        0.001 (add) 
Cl( 2, 1) in Cl( 8, 8) CPU =        0.001 ms (setup)        0.004 (comm)        0.007 (pade)        0.004 (series)        0.002 (mix)        0.001 (add) 
Cl( 2, 2) in Cl( 8, 8) CPU =        0.002 ms (setup)        0.007 (comm)        0.007 (pade)        0.009 (series)        0.003 (mix)        0.001 (add) 
Cl( 3, 2) in Cl( 8, 8) CPU =        0.004 ms (setup)        0.017 (comm)        0.029 (pade)        0.023 (series)        0.005 (mix)        0.002 (add) 
Cl( 3, 3) in Cl( 8, 8) CPU =        0.009 ms (setup)        0.047 (comm)        0.040 (pade)        0.072 (series)        0.011 (mix)        0.003 (add) 
Cl( 4, 3) in Cl( 8, 8) CPU =        0.015 ms (setup)        0.141 (comm)        0.151 (pade)        0.214 (series)        0.032 (mix)        0.005 (add) 
Cl( 4, 4) in Cl( 8, 8) CPU =        0.034 ms (setup)        0.533 (comm)        0.222 (pade)        0.845 (series)        0.086 (mix)        0.009 (add) 
Cl( 5, 4) in Cl( 8, 8) CPU =        0.072 ms (setup)        1.731 (comm)        0.763 (pade)        2.958 (series)        0.249 (mix)        0.017 (add) 
Cl( 5, 5) in Cl( 8, 8) CPU =        0.156 ms (setup)        2.865 (comm)        1.091 (pade)        4.325 (series)        0.651 (mix)        0.033 (add) 
Cl( 6, 5) in Cl( 8, 8) CPU =        0.323 ms (setup)        9.280 (comm)        3.795 (pade)       15.852 (series)        1.806 (mix)        0.067 (add) 
Cl( 6, 6) in Cl( 8, 8) CPU =        0.722 ms (setup)       16.043 (comm)        5.567 (pade)       21.860 (series)        4.857 (mix)        0.136 (add) 
Cl( 7, 6) in Cl( 8, 8) CPU =        1.454 ms (setup)       51.122 (comm)       19.003 (pade)       73.222 (series)       13.635 (mix)        0.287 (add) 
Cl( 7, 7) in Cl( 8, 8) CPU =        3.015 ms (setup)       93.430 (comm)       27.140 (pade)      106.928 (series)       38.889 (mix)        0.678 (add) 
Cl( 8, 7) in Cl( 8, 8) CPU =        6.280 ms (setup)      291.378 (comm)       96.712 (pade)      365.082 (series)      113.751 (mix)        1.295 (add) 
Cl( 8, 8) in Cl( 8, 8) CPU =       12.704 ms (setup)      610.410 (comm)      144.658 (pade)      555.544 (series)      337.091 (mix)        3.596 (add) 

matrix_multi<double>
Clifford algebra expressions test:
Fill: 0.5
Cl( 1, 0) in Cl( 1, 0) CPU =        0.003 ms (setup)        0.003 (comm)        0.002 (pade)        0.002 (series)        0.003 (mix)        0.000 (add) 
Cl( 1, 1) in Cl( 1, 1) CPU =        0.005 ms (setup)        0.003 (comm)        0.002 (pade)        0.001 (series)        0.003 (mix)        0.001 (add) 
Cl( 2, 1) in Cl( 2, 1) CPU =        0.002 ms (setup)        0.019 (comm)        0.003 (pade)        0.001 (series)        0.018 (mix)        0.000 (add) 
Cl( 2, 2) in Cl( 2, 2) CPU =        0.003 ms (setup)        0.031 (comm)        0.002 (pade)        0.001 (series)        0.033 (mix)        0.001 (add) 
Cl( 3, 2) in Cl( 3, 2) CPU =        0.013 ms (setup)        0.103 (comm)        0.004 (pade)        0.002 (series)        0.098 (mix)        0.001 (add) 
Cl( 3, 3) in Cl( 3, 3) CPU =        0.019 ms (setup)        0.176 (comm)        0.003 (pade)        0.001 (series)        0.171 (mix)        0.000 (add) 
Cl( 4, 3) in Cl( 4, 3) CPU =        0.051 ms (setup)        0.861 (comm)        0.008 (pade)        0.005 (series)        0.866 (mix)        0.001 (add) 
Cl( 4, 4) in Cl( 4, 4) CPU =        0.098 ms (setup)        1.347 (comm)        0.008 (pade)        0.005 (series)        1.347 (mix)        0.001 (add) 
Cl( 5, 4) in Cl( 5, 4) CPU =        0.239 ms (setup)        5.409 (comm)        0.021 (pade)        0.011 (series)        5.385 (mix)        0.002 (add) 
Cl( 5, 5) in Cl( 5, 5) CPU =        0.468 ms (setup)        7.973 (comm)        0.021 (pade)        0.011 (series)        7.981 (mix)        0.003 (add) 
Cl( 6, 5) in Cl( 6, 5) CPU =        1.097 ms (setup)       30.550 (comm)        0.073 (pade)        0.060 (series)       30.480 (mix)        0.005 (add) 
Cl( 6, 6) in Cl( 6, 6) CPU =        2.203 ms (setup)       44.127 (comm)        0.073 (pade)        0.057 (series)       43.349 (mix)        0.005 (add) 
Cl( 7, 6) in Cl( 7, 6) CPU =        5.192 ms (setup)      175.403 (comm)        0.358 (pade)        0.373 (series)      175.476 (mix)        0.019 (add) 
Cl( 7, 7) in Cl( 7, 7) CPU =       10.206 ms (setup)      239.179 (comm)        0.379 (pade)        0.392 (series)      239.478 (mix)        0.019 (add) 
Cl( 8, 7) in Cl( 8, 7) CPU =       27.419 ms (setup)     1039.737 (comm)        2.000 (pade)        2.381 (series)     1040.533 (mix)        0.089 (add) 
Cl( 8, 8) in Cl( 8, 8) CPU =       52.203 ms (setup)     1362.476 (comm)        2.016 (pade)        2.372 (series)     1360.390 (mix)        0.159 (add) 
Cl( 1, 0) in Cl( 8, 8) CPU =        0.013 ms (setup)       18.477 (comm)        0.622 (pade)        2.497 (series)       16.023 (mix)        0.118 (add) 
Cl( 1, 1) in Cl( 8, 8) CPU =        0.026 ms (setup)       21.027 (comm)        1.065 (pade)        2.366 (series)       19.747 (mix)        0.117 (add) 
Cl( 2, 1) in Cl( 8, 8) CPU =        0.055 ms (setup)       29.515 (comm)        1.149 (pade)        2.356 (series)       27.893 (mix)        0.087 (add) 
Cl( 2, 2) in Cl( 8, 8) CPU =        0.106 ms (setup)       42.297 (comm)        1.208 (pade)        2.442 (series)       40.064 (mix)        0.087 (add) 
Cl( 3, 2) in Cl( 8, 8) CPU =        1.832 ms (setup)       51.440 (comm)        1.361 (pade)        2.362 (series)       49.471 (mix)        0.087 (add) 
Cl( 3, 3) in Cl( 8, 8) CPU =        2.072 ms (setup)       69.579 (comm)        1.349 (pade)        2.358 (series)       67.654 (mix)        0.087 (add) 
Cl( 4, 3) in Cl( 8, 8) CPU =        2.187 ms (setup)       80.274 (comm)        1.600 (pade)        2.370 (series)       66.810 (mix)        0.096 (add) 
Cl( 4, 4) in Cl( 8, 8) CPU =        2.400 ms (setup)      104.822 (comm)        1.625 (pade)        2.368 (series)       91.990 (mix)        0.097 (add) 
Cl( 5, 4) in Cl( 8, 8) CPU =        1.598 ms (setup)      130.963 (comm)        1.961 (pade)        2.388 (series)      129.393 (mix)        0.088 (add) 
Cl( 5, 5) in Cl( 8, 8) CPU =        2.540 ms (setup)      153.760 (comm)        1.944 (pade)        2.375 (series)      149.859 (mix)        0.090 (add) 
Cl( 6, 5) in Cl( 8, 8) CPU =        5.347 ms (setup)      209.488 (comm)        2.018 (pade)        2.382 (series)      205.599 (mix)        0.100 (add) 
Cl( 6, 6) in Cl( 8, 8) CPU =       10.444 ms (setup)      237.203 (comm)        2.018 (pade)        2.369 (series)      236.162 (mix)        0.092 (add) 
Cl( 7, 6) in Cl( 8, 8) CPU =       22.933 ms (setup)      382.980 (comm)        2.015 (pade)        2.359 (series)      373.137 (mix)        0.091 (add) 
Cl( 7, 7) in Cl( 8, 8) CPU =       42.289 ms (setup)      480.127 (comm)        2.020 (pade)        2.373 (series)      479.135 (mix)        0.090 (add) 
Cl( 8, 7) in Cl( 8, 8) CPU =       99.106 ms (setup)     1072.842 (comm)        2.053 (pade)        2.388 (series)     1061.297 (mix)        0.100 (add) 
Cl( 8, 8) in Cl( 8, 8) CPU =       52.360 ms (setup)     1355.332 (comm)        2.006 (pade)        2.385 (series)     1346.119 (mix)        0.093 (add) 
Fill: 1
Cl( 1, 0) in Cl( 1, 0) CPU =        0.002 ms (setup)        0.005 (comm)        0.002 (pade)        0.001 (series)        0.004 (mix)        0.001 (add) 
Cl( 1, 1) in Cl( 1, 1) CPU =        0.002 ms (setup)        0.007 (comm)        0.002 (pade)        0.001 (series)        0.007 (mix)        0.000 (add) 
Cl( 2, 1) in Cl( 2, 1) CPU =        0.003 ms (setup)        0.025 (comm)        0.002 (pade)        0.001 (series)        0.024 (mix)        0.000 (add) 
Cl( 2, 2) in Cl( 2, 2) CPU =        0.005 ms (setup)        0.039 (comm)        0.002 (pade)        0.001 (series)        0.038 (mix)        0.001 (add) 
Cl( 3, 2) in Cl( 3, 2) CPU =        0.013 ms (setup)        0.144 (comm)        0.004 (pade)        0.001 (series)        0.139 (mix)        0.001 (add) 
Cl( 3, 3) in Cl( 3, 3) CPU =        0.024 ms (setup)        0.229 (comm)        0.003 (pade)        0.001 (series)        0.231 (mix)        0.001 (add) 
Cl( 4, 3) in Cl( 4, 3) CPU =        0.072 ms (setup)        1.034 (comm)        0.009 (pade)        0.004 (series)        1.028 (mix)        0.001 (add) 
Cl( 4, 4) in Cl( 4, 4) CPU =        0.138 ms (setup)        1.581 (comm)        0.009 (pade)        0.005 (series)        1.575 (mix)        0.001 (add) 
Cl( 5, 4) in Cl( 5, 4) CPU =        0.359 ms (setup)        6.000 (comm)        0.021 (pade)        0.012 (series)        5.944 (mix)        0.002 (add) 
Cl( 5, 5) in Cl( 5, 5) CPU =        0.703 ms (setup)        8.838 (comm)        0.021 (pade)        0.011 (series)        8.883 (mix)        0.002 (add) 
Cl( 6, 5) in Cl( 6, 5) CPU =        1.768 ms (setup)       33.160 (comm)        0.072 (pade)        0.058 (series)       33.242 (mix)        0.005 (add) 
Cl( 6, 6) in Cl( 6, 6) CPU =        3.585 ms (setup)       46.697 (comm)        0.076 (pade)        0.058 (series)       46.700 (mix)        0.005 (add) 
Cl( 7, 6) in Cl( 7, 6) CPU =        9.520 ms (setup)      187.591 (comm)        0.355 (pade)        0.385 (series)      185.477 (mix)        0.020 (add) 
Cl( 7, 7) in Cl( 7, 7) CPU =       17.422 ms (setup)      257.065 (comm)        0.344 (pade)        0.370 (series)      255.445 (mix)        0.019 (add) 
Cl( 8, 7) in Cl( 8, 7) CPU =       46.303 ms (setup)     1114.839 (comm)        2.010 (pade)        2.370 (series)     1088.930 (mix)        0.098 (add) 
Cl( 8, 8) in Cl( 8, 8) CPU =       93.433 ms (setup)     1478.072 (comm)        2.013 (pade)        2.389 (series)     1475.467 (mix)        0.089 (add) 
Cl( 1, 0) in Cl( 8, 8) CPU =        0.018 ms (setup)       23.068 (comm)        1.083 (pade)        2.357 (series)       21.741 (mix)        0.111 (add) 
Cl( 1, 1) in Cl( 8, 8) CPU =        0.034 ms (setup)       27.968 (comm)        1.081 (pade)        2.364 (series)       27.131 (mix)        0.087 (add) 
Cl( 2, 1) in Cl( 8, 8) CPU =        0.072 ms (setup)       35.948 (comm)        1.206 (pade)        2.372 (series)       33.904 (mix)        0.087 (add) 
Cl( 2, 2) in Cl( 8, 8) CPU =        2.008 ms (setup)       43.721 (comm)        1.211 (pade)        2.368 (series)       42.123 (mix)        0.087 (add) 
Cl( 3, 2) in Cl( 8, 8) CPU =        2.051 ms (setup)       55.822 (comm)        1.371 (pade)        2.362 (series)       53.411 (mix)        0.087 (add) 
Cl( 3, 3) in Cl( 8, 8) CPU =        2.113 ms (setup)       77.002 (comm)        1.388 (pade)        2.400 (series)       63.986 (mix)        0.098 (add) 
Cl( 4, 3) in Cl( 8, 8) CPU =        2.470 ms (setup)      102.034 (comm)        1.622 (pade)        2.378 (series)       98.227 (mix)        0.089 (add) 
Cl( 4, 4) in Cl( 8, 8) CPU =        1.198 ms (setup)      122.615 (comm)        1.649 (pade)        2.371 (series)      122.270 (mix)        0.090 (add) 
Cl( 5, 4) in Cl( 8, 8) CPU =        2.007 ms (setup)      149.984 (comm)        1.958 (pade)        2.376 (series)      149.504 (mix)        0.089 (add) 
Cl( 5, 5) in Cl( 8, 8) CPU =        3.271 ms (setup)      177.756 (comm)        1.899 (pade)        2.378 (series)      175.977 (mix)        0.088 (add) 
Cl( 6, 5) in Cl( 8, 8) CPU =        7.086 ms (setup)      229.853 (comm)        2.022 (pade)        2.377 (series)      228.246 (mix)        0.091 (add) 
Cl( 6, 6) in Cl( 8, 8) CPU =       14.370 ms (setup)      267.820 (comm)        2.031 (pade)        2.372 (series)      265.672 (mix)        0.088 (add) 
Cl( 7, 6) in Cl( 8, 8) CPU =       31.564 ms (setup)      420.023 (comm)        2.014 (pade)        2.404 (series)      424.363 (mix)        0.088 (add) 
Cl( 7, 7) in Cl( 8, 8) CPU =       58.218 ms (setup)      524.052 (comm)        2.028 (pade)        2.373 (series)      519.245 (mix)        0.102 (add) 
Cl( 8, 7) in Cl( 8, 8) CPU =      139.377 ms (setup)     1142.536 (comm)        2.057 (pade)        2.483 (series)     1129.803 (mix)        0.095 (add) 
Cl( 8, 8) in Cl( 8, 8) CPU =       90.671 ms (setup)     1474.505 (comm)        2.023 (pade)        2.392 (series)     1461.755 (mix)        0.100 (add) 
