expressions/expressions
	linux-vdso.so.1 (0x00007e512bd14000)
	libarmadillo.so.15 => /lib/libarmadillo.so.15 (0x00007e512bbe0000)
	libopenblas.so.0 => /usr/lib/x86_64-linux-gnu/libopenblas.so.0 (0x00007e5129700000)
	libstdc++.so.6 => /usr/lib/x86_64-linux-gnu/libstdc++.so.6 (0x00007e5129400000)
	libm.so.6 => /usr/lib/x86_64-linux-gnu/libm.so.6 (0x00007e51292da000)
	libomp.so.5 => /usr/lib/x86_64-linux-gnu/libomp.so.5 (0x00007e51291a3000)
	libgcc_s.so.1 => /usr/lib/x86_64-linux-gnu/libgcc_s.so.1 (0x00007e51296d2000)
	libc.so.6 => /usr/lib/x86_64-linux-gnu/libc.so.6 (0x00007e5128e00000)
	libblas.so.3 => /lib/x86_64-linux-gnu/libblas.so.3 (0x00007e5128600000)
	libarpack.so.2 => /usr/lib/x86_64-linux-gnu/libarpack.so.2 (0x00007e5129158000)
	libsuperlu.so.7 => /usr/lib/x86_64-linux-gnu/libsuperlu.so.7 (0x00007e51290e3000)
	/lib64/ld-linux-x86-64.so.2 (0x00007e512bd16000)
	libmvec.so.1 => /usr/lib/x86_64-linux-gnu/libmvec.so.1 (0x00007e5128505000)
	libgfortran.so.5 => /usr/lib/x86_64-linux-gnu/libgfortran.so.5 (0x00007e5128000000)
gfft_test/gfft_test
	linux-vdso.so.1 (0x000072479bb2f000)
	libarmadillo.so.15 => /lib/libarmadillo.so.15 (0x000072479ba73000)
	libopenblas.so.0 => /usr/lib/x86_64-linux-gnu/libopenblas.so.0 (0x0000724799598000)
	libstdc++.so.6 => /usr/lib/x86_64-linux-gnu/libstdc++.so.6 (0x0000724799200000)
	libm.so.6 => /usr/lib/x86_64-linux-gnu/libm.so.6 (0x00007247990da000)
	libomp.so.5 => /usr/lib/x86_64-linux-gnu/libomp.so.5 (0x0000724798fa3000)
	libgcc_s.so.1 => /usr/lib/x86_64-linux-gnu/libgcc_s.so.1 (0x000072479956a000)
	libc.so.6 => /usr/lib/x86_64-linux-gnu/libc.so.6 (0x0000724798c00000)
	libblas.so.3 => /lib/x86_64-linux-gnu/libblas.so.3 (0x0000724798400000)
	libarpack.so.2 => /usr/lib/x86_64-linux-gnu/libarpack.so.2 (0x000072479951f000)
	libsuperlu.so.7 => /usr/lib/x86_64-linux-gnu/libsuperlu.so.7 (0x00007247994aa000)
	/lib64/ld-linux-x86-64.so.2 (0x000072479bb31000)
	libmvec.so.1 => /usr/lib/x86_64-linux-gnu/libmvec.so.1 (0x0000724798ea8000)
	libgfortran.so.5 => /usr/lib/x86_64-linux-gnu/libgfortran.so.5 (0x0000724798000000)
products/products
	linux-vdso.so.1 (0x0000772a4f95d000)
	libarmadillo.so.15 => /lib/libarmadillo.so.15 (0x0000772a4f840000)
	libopenblas.so.0 => /usr/lib/x86_64-linux-gnu/libopenblas.so.0 (0x0000772a4d360000)
	libstdc++.so.6 => /usr/lib/x86_64-linux-gnu/libstdc++.so.6 (0x0000772a4d000000)
	libm.so.6 => /usr/lib/x86_64-linux-gnu/libm.so.6 (0x0000772a4ceda000)
	libomp.so.5 => /usr/lib/x86_64-linux-gnu/libomp.so.5 (0x0000772a4cda3000)
	libgcc_s.so.1 => /usr/lib/x86_64-linux-gnu/libgcc_s.so.1 (0x0000772a4d332000)
	libc.so.6 => /usr/lib/x86_64-linux-gnu/libc.so.6 (0x0000772a4ca00000)
	libblas.so.3 => /lib/x86_64-linux-gnu/libblas.so.3 (0x0000772a4c200000)
	libarpack.so.2 => /usr/lib/x86_64-linux-gnu/libarpack.so.2 (0x0000772a4d2e7000)
	libsuperlu.so.7 => /usr/lib/x86_64-linux-gnu/libsuperlu.so.7 (0x0000772a4cd2e000)
	/lib64/ld-linux-x86-64.so.2 (0x0000772a4f95f000)
	libmvec.so.1 => /usr/lib/x86_64-linux-gnu/libmvec.so.1 (0x0000772a4cc33000)
	libgfortran.so.5 => /usr/lib/x86_64-linux-gnu/libgfortran.so.5 (0x0000772a4be00000)
squaring/squaring
	linux-vdso.so.1 (0x000072cae5f21000)
	libarmadillo.so.15 => /lib/libarmadillo.so.15 (0x000072cae5e62000)
	libopenblas.so.0 => /usr/lib/x86_64-linux-gnu/libopenblas.so.0 (0x000072cae3988000)
	libstdc++.so.6 => /usr/lib/x86_64-linux-gnu/libstdc++.so.6 (0x000072cae3600000)
	libm.so.6 => /usr/lib/x86_64-linux-gnu/libm.so.6 (0x000072cae34da000)
	libomp.so.5 => /usr/lib/x86_64-linux-gnu/libomp.so.5 (0x000072cae33a3000)
	libgcc_s.so.1 => /usr/lib/x86_64-linux-gnu/libgcc_s.so.1 (0x000072cae395a000)
	libc.so.6 => /usr/lib/x86_64-linux-gnu/libc.so.6 (0x000072cae3000000)
	libblas.so.3 => /lib/x86_64-linux-gnu/libblas.so.3 (0x000072cae2800000)
	libarpack.so.2 => /usr/lib/x86_64-linux-gnu/libarpack.so.2 (0x000072cae390f000)
	libsuperlu.so.7 => /usr/lib/x86_64-linux-gnu/libsuperlu.so.7 (0x000072cae332e000)
	/lib64/ld-linux-x86-64.so.2 (0x000072cae5f23000)
	libmvec.so.1 => /usr/lib/x86_64-linux-gnu/libmvec.so.1 (0x000072cae3233000)
	libgfortran.so.5 => /usr/lib/x86_64-linux-gnu/libgfortran.so.5 (0x000072cae2400000)
transforms/transforms
	linux-vdso.so.1 (0x00007060f36b0000)
	libarmadillo.so.15 => /lib/libarmadillo.so.15 (0x00007060f35f2000)
	libopenblas.so.0 => /usr/lib/x86_64-linux-gnu/libopenblas.so.0 (0x00007060f1118000)
	libstdc++.so.6 => /usr/lib/x86_64-linux-gnu/libstdc++.so.6 (0x00007060f0e00000)
	libm.so.6 => /usr/lib/x86_64-linux-gnu/libm.so.6 (0x00007060f0cda000)
	libomp.so.5 => /usr/lib/x86_64-linux-gnu/libomp.so.5 (0x00007060f0ba3000)
	libgcc_s.so.1 => /usr/lib/x86_64-linux-gnu/libgcc_s.so.1 (0x00007060f10ea000)
	libc.so.6 => /usr/lib/x86_64-linux-gnu/libc.so.6 (0x00007060f0800000)
	libblas.so.3 => /lib/x86_64-linux-gnu/libblas.so.3 (0x00007060f0000000)
	libarpack.so.2 => /usr/lib/x86_64-linux-gnu/libarpack.so.2 (0x00007060f0b58000)
	libsuperlu.so.7 => /usr/lib/x86_64-linux-gnu/libsuperlu.so.7 (0x00007060f0ae3000)
	/lib64/ld-linux-x86-64.so.2 (0x00007060f36b2000)
	libmvec.so.1 => /usr/lib/x86_64-linux-gnu/libmvec.so.1 (0x00007060eff05000)
	libgfortran.so.5 => /usr/lib/x86_64-linux-gnu/libgfortran.so.5 (0x00007060efa00000)
versor/versor
	linux-vdso.so.1 (0x0000734432001000)
	libarmadillo.so.15 => /lib/libarmadillo.so.15 (0x0000734431f40000)
	libopenblas.so.0 => /usr/lib/x86_64-linux-gnu/libopenblas.so.0 (0x000073442fa60000)
	libstdc++.so.6 => /usr/lib/x86_64-linux-gnu/libstdc++.so.6 (0x000073442f600000)
	libm.so.6 => /usr/lib/x86_64-linux-gnu/libm.so.6 (0x000073442f93a000)
	libomp.so.5 => /usr/lib/x86_64-linux-gnu/libomp.so.5 (0x000073442f4c9000)
	libgcc_s.so.1 => /usr/lib/x86_64-linux-gnu/libgcc_s.so.1 (0x000073442f90c000)
	libc.so.6 => /usr/lib/x86_64-linux-gnu/libc.so.6 (0x000073442f200000)
	libblas.so.3 => /lib/x86_64-linux-gnu/libblas.so.3 (0x000073442ea00000)
	libarpack.so.2 => /usr/lib/x86_64-linux-gnu/libarpack.so.2 (0x000073442f8c1000)
	libsuperlu.so.7 => /usr/lib/x86_64-linux-gnu/libsuperlu.so.7 (0x000073442f454000)
	/lib64/ld-linux-x86-64.so.2 (0x0000734432003000)
	libmvec.so.1 => /usr/lib/x86_64-linux-gnu/libmvec.so.1 (0x000073442e905000)
	libgfortran.so.5 => /usr/lib/x86_64-linux-gnu/libgfortran.so.5 (0x000073442e400000)
