
framed_multi<float,-4,4>
Clifford algebra products test:
Fill: 0.5
Cl( 1, 0) in Cl( 1, 0) CPU =        0.001 ms (setup)        0.001 (*)        0.001 (^)        0.001 (&)        0.001 (%) 
Cl( 1, 1) in Cl( 1, 1) CPU =        0.001 ms (setup)        0.001 (*)        0.001 (^)        0.001 (&)        0.001 (%) 
Cl( 2, 1) in Cl( 2, 1) CPU =        0.001 ms (setup)        0.001 (*)        0.001 (^)        0.001 (&)        0.001 (%) 
Cl( 2, 2) in Cl( 2, 2) CPU =        0.001 ms (setup)        0.002 (*)        0.001 (^)        0.001 (&)        0.001 (%) 
Cl( 3, 2) in Cl( 3, 2) CPU =        0.002 ms (setup)        0.004 (*)        0.002 (^)        0.002 (&)        0.002 (%) 
Cl( 3, 3) in Cl( 3, 3) CPU =        0.003 ms (setup)        0.007 (*)        0.003 (^)        0.003 (&)        0.003 (%) 
Cl( 4, 3) in Cl( 4, 3) CPU =        0.006 ms (setup)        0.022 (*)        0.009 (^)        0.008 (&)        0.007 (%) 
Cl( 4, 4) in Cl( 4, 4) CPU =        0.011 ms (setup)        0.168 (*)        0.021 (^)        0.019 (&)        0.018 (%) 
Cl( 1, 0) in Cl( 4, 4) CPU =        0.001 ms (setup)        0.001 (*)        0.001 (^)        0.001 (&)        0.001 (%) 
Cl( 1, 1) in Cl( 4, 4) CPU =        0.001 ms (setup)        0.001 (*)        0.000 (^)        0.000 (&)        0.000 (%) 
Cl( 2, 1) in Cl( 4, 4) CPU =        0.001 ms (setup)        0.001 (*)        0.001 (^)        0.001 (&)        0.001 (%) 
Cl( 2, 2) in Cl( 4, 4) CPU =        0.001 ms (setup)        0.001 (*)        0.001 (^)        0.001 (&)        0.001 (%) 
Cl( 3, 2) in Cl( 4, 4) CPU =        0.002 ms (setup)        0.004 (*)        0.002 (^)        0.002 (&)        0.002 (%) 
Cl( 3, 3) in Cl( 4, 4) CPU =        0.003 ms (setup)        0.007 (*)        0.003 (^)        0.003 (&)        0.003 (%) 
Cl( 4, 3) in Cl( 4, 4) CPU =        0.007 ms (setup)        0.024 (*)        0.007 (^)        0.008 (&)        0.007 (%) 
Cl( 4, 4) in Cl( 4, 4) CPU =        0.011 ms (setup)        0.164 (*)        0.021 (^)        0.021 (&)        0.017 (%) 
Fill: 1
Cl( 1, 0) in Cl( 1, 0) CPU =        0.000 ms (setup)        0.001 (*)        0.001 (^)        0.001 (&)        0.001 (%) 
Cl( 1, 1) in Cl( 1, 1) CPU =        0.001 ms (setup)        0.001 (*)        0.001 (^)        0.001 (&)        0.001 (%) 
Cl( 2, 1) in Cl( 2, 1) CPU =        0.001 ms (setup)        0.001 (*)        0.001 (^)        0.001 (&)        0.001 (%) 
Cl( 2, 2) in Cl( 2, 2) CPU =        0.001 ms (setup)        0.002 (*)        0.001 (^)        0.001 (&)        0.001 (%) 
Cl( 3, 2) in Cl( 3, 2) CPU =        0.002 ms (setup)        0.005 (*)        0.004 (^)        0.002 (&)        0.002 (%) 
Cl( 3, 3) in Cl( 3, 3) CPU =        0.004 ms (setup)        0.014 (*)        0.005 (^)        0.005 (&)        0.004 (%) 
Cl( 4, 3) in Cl( 4, 3) CPU =        0.007 ms (setup)        0.044 (*)        0.011 (^)        0.014 (&)        0.011 (%) 
Cl( 4, 4) in Cl( 4, 4) CPU =        0.016 ms (setup)        0.211 (*)        0.028 (^)        0.039 (&)        0.027 (%) 
Cl( 1, 0) in Cl( 4, 4) CPU =        0.001 ms (setup)        0.001 (*)        0.000 (^)        0.001 (&)        0.000 (%) 
Cl( 1, 1) in Cl( 4, 4) CPU =        0.001 ms (setup)        0.001 (*)        0.001 (^)        0.001 (&)        0.001 (%) 
Cl( 2, 1) in Cl( 4, 4) CPU =        0.001 ms (setup)        0.001 (*)        0.001 (^)        0.001 (&)        0.001 (%) 
Cl( 2, 2) in Cl( 4, 4) CPU =        0.001 ms (setup)        0.002 (*)        0.001 (^)        0.002 (&)        0.001 (%) 
Cl( 3, 2) in Cl( 4, 4) CPU =        0.002 ms (setup)        0.005 (*)        0.002 (^)        0.002 (&)        0.002 (%) 
Cl( 3, 3) in Cl( 4, 4) CPU =        0.004 ms (setup)        0.014 (*)        0.005 (^)        0.006 (&)        0.005 (%) 
Cl( 4, 3) in Cl( 4, 4) CPU =        0.008 ms (setup)        0.046 (*)        0.011 (^)        0.015 (&)        0.011 (%) 
Cl( 4, 4) in Cl( 4, 4) CPU =        0.018 ms (setup)        0.203 (*)        0.028 (^)        0.039 (&)        0.026 (%) 

matrix_multi<float,-4,4>
Clifford algebra products test:
Fill: 0.5
Cl( 1, 0) in Cl( 1, 0) CPU =        0.002 ms (setup)        0.001 (*)        0.002 (^)        0.001 (&)        0.002 (%) 
Cl( 1, 1) in Cl( 1, 1) CPU =        0.002 ms (setup)        0.001 (*)        0.005 (^)        0.003 (&)        0.004 (%) 
Cl( 2, 1) in Cl( 2, 1) CPU =        0.002 ms (setup)        0.001 (*)        0.009 (^)        0.006 (&)        0.007 (%) 
Cl( 2, 2) in Cl( 2, 2) CPU =        0.005 ms (setup)        0.000 (*)        0.017 (^)        0.015 (&)        0.018 (%) 
Cl( 3, 2) in Cl( 3, 2) CPU =        0.011 ms (setup)        0.001 (*)        0.052 (^)        0.049 (&)        0.054 (%) 
Cl( 3, 3) in Cl( 3, 3) CPU =        0.009 ms (setup)        0.001 (*)        0.094 (^)        0.088 (&)        0.099 (%) 
Cl( 4, 3) in Cl( 4, 3) CPU =        0.023 ms (setup)        0.001 (*)        0.394 (^)        0.368 (&)        0.395 (%) 
Cl( 4, 4) in Cl( 4, 4) CPU =        0.048 ms (setup)        0.001 (*)        0.678 (^)        0.658 (&)        0.693 (%) 
Cl( 1, 0) in Cl( 4, 4) CPU =        0.002 ms (setup)        0.001 (*)        0.024 (^)        0.017 (&)        0.021 (%) 
Cl( 1, 1) in Cl( 4, 4) CPU =        0.003 ms (setup)        0.001 (*)        0.015 (^)        0.014 (&)        0.014 (%) 
Cl( 2, 1) in Cl( 4, 4) CPU =        0.004 ms (setup)        0.001 (*)        0.042 (^)        0.029 (&)        0.033 (%) 
Cl( 2, 2) in Cl( 4, 4) CPU =        0.007 ms (setup)        0.001 (*)        0.037 (^)        0.032 (&)        0.033 (%) 
Cl( 3, 2) in Cl( 4, 4) CPU =        0.020 ms (setup)        0.001 (*)        0.092 (^)        0.070 (&)        0.076 (%) 
Cl( 3, 3) in Cl( 4, 4) CPU =        0.036 ms (setup)        0.001 (*)        0.161 (^)        0.118 (&)        0.134 (%) 
Cl( 4, 3) in Cl( 4, 4) CPU =        0.088 ms (setup)        0.001 (*)        0.459 (^)        0.386 (&)        0.413 (%) 
Cl( 4, 4) in Cl( 4, 4) CPU =        0.047 ms (setup)        0.001 (*)        0.640 (^)        0.653 (&)        0.650 (%) 
Fill: 1
Cl( 1, 0) in Cl( 1, 0) CPU =        0.001 ms (setup)        0.000 (*)        0.003 (^)        0.003 (&)        0.003 (%) 
Cl( 1, 1) in Cl( 1, 1) CPU =        0.001 ms (setup)        0.001 (*)        0.004 (^)        0.003 (&)        0.004 (%) 
Cl( 2, 1) in Cl( 2, 1) CPU =        0.002 ms (setup)        0.001 (*)        0.012 (^)        0.012 (&)        0.013 (%) 
Cl( 2, 2) in Cl( 2, 2) CPU =        0.003 ms (setup)        0.001 (*)        0.021 (^)        0.017 (&)        0.021 (%) 
Cl( 3, 2) in Cl( 3, 2) CPU =        0.006 ms (setup)        0.001 (*)        0.074 (^)        0.067 (&)        0.072 (%) 
Cl( 3, 3) in Cl( 3, 3) CPU =        0.011 ms (setup)        0.001 (*)        0.113 (^)        0.109 (&)        0.114 (%) 
Cl( 4, 3) in Cl( 4, 3) CPU =        0.032 ms (setup)        0.001 (*)        0.492 (^)        0.503 (&)        0.500 (%) 
Cl( 4, 4) in Cl( 4, 4) CPU =        0.067 ms (setup)        0.001 (*)        0.773 (^)        0.756 (&)        0.769 (%) 
Cl( 1, 0) in Cl( 4, 4) CPU =        0.001 ms (setup)        0.001 (*)        0.024 (^)        0.017 (&)        0.021 (%) 
Cl( 1, 1) in Cl( 4, 4) CPU =        0.002 ms (setup)        0.001 (*)        0.029 (^)        0.018 (&)        0.026 (%) 
Cl( 2, 1) in Cl( 4, 4) CPU =        0.004 ms (setup)        0.001 (*)        0.045 (^)        0.030 (&)        0.035 (%) 
Cl( 2, 2) in Cl( 4, 4) CPU =        0.009 ms (setup)        0.001 (*)        0.060 (^)        0.041 (&)        0.048 (%) 
Cl( 3, 2) in Cl( 4, 4) CPU =        0.024 ms (setup)        0.001 (*)        0.122 (^)        0.095 (&)        0.098 (%) 
Cl( 3, 3) in Cl( 4, 4) CPU =        0.042 ms (setup)        0.001 (*)        0.191 (^)        0.151 (&)        0.163 (%) 
Cl( 4, 3) in Cl( 4, 4) CPU =        0.115 ms (setup)        0.001 (*)        0.550 (^)        0.511 (&)        0.503 (%) 
Cl( 4, 4) in Cl( 4, 4) CPU =        0.068 ms (setup)        0.001 (*)        0.773 (^)        0.764 (&)        0.777 (%) 

framed_multi<double>
Clifford algebra products test:
Fill: 0.5
Cl( 1, 0) in Cl( 1, 0) CPU =        0.001 ms (setup)        0.001 (*)        0.001 (^)        0.001 (&)        0.001 (%) 
Cl( 1, 1) in Cl( 1, 1) CPU =        0.001 ms (setup)        0.001 (*)        0.001 (^)        0.001 (&)        0.001 (%) 
Cl( 2, 1) in Cl( 2, 1) CPU =        0.001 ms (setup)        0.002 (*)        0.001 (^)        0.001 (&)        0.001 (%) 
Cl( 2, 2) in Cl( 2, 2) CPU =        0.001 ms (setup)        0.002 (*)        0.002 (^)        0.002 (&)        0.001 (%) 
Cl( 3, 2) in Cl( 3, 2) CPU =        0.002 ms (setup)        0.004 (*)        0.002 (^)        0.002 (&)        0.002 (%) 
Cl( 3, 3) in Cl( 3, 3) CPU =        0.003 ms (setup)        0.009 (*)        0.004 (^)        0.004 (&)        0.004 (%) 
Cl( 4, 3) in Cl( 4, 3) CPU =        0.007 ms (setup)        0.025 (*)        0.010 (^)        0.010 (&)        0.008 (%) 
Cl( 4, 4) in Cl( 4, 4) CPU =        0.016 ms (setup)        0.162 (*)        0.026 (^)        0.024 (&)        0.019 (%) 
Cl( 5, 4) in Cl( 5, 4) CPU =        0.026 ms (setup)        0.608 (*)        0.110 (^)        0.088 (&)        0.060 (%) 
Cl( 5, 5) in Cl( 5, 5) CPU =        0.053 ms (setup)        0.832 (*)        0.390 (^)        0.288 (&)        0.186 (%) 
Cl( 6, 5) in Cl( 6, 5) CPU =        0.100 ms (setup)        3.290 (*)        1.159 (^)        0.880 (&)        0.538 (%) 
Cl( 6, 6) in Cl( 6, 6) CPU =        0.227 ms (setup)        4.170 (*)        3.208 (^)        3.437 (&)        1.492 (%) 
Cl( 7, 6) in Cl( 7, 6) CPU =        0.461 ms (setup)       15.213 (*)        9.811 (^)        7.947 (&)        4.348 (%) 
Cl( 7, 7) in Cl( 7, 7) CPU =        0.927 ms (setup)       19.872 (*)       28.235 (^)       23.376 (&)       12.310 (%) 
Cl( 8, 7) in Cl( 8, 7) CPU =        1.911 ms (setup)       74.986 (*)       83.481 (^)       70.714 (&)       35.929 (%) 
Cl( 8, 8) in Cl( 8, 8) CPU =        3.789 ms (setup)       98.881 (*)      250.721 (^)      210.038 (&)      108.423 (%) 
Cl( 1, 0) in Cl( 8, 8) CPU =        0.001 ms (setup)        0.001 (*)        0.001 (^)        0.001 (&)        0.000 (%) 
Cl( 1, 1) in Cl( 8, 8) CPU =        0.001 ms (setup)        0.000 (*)        0.001 (^)        0.001 (&)        0.001 (%) 
Cl( 2, 1) in Cl( 8, 8) CPU =        0.001 ms (setup)        0.000 (*)        0.000 (^)        0.001 (&)        0.001 (%) 
Cl( 2, 2) in Cl( 8, 8) CPU =        0.001 ms (setup)        0.002 (*)        0.002 (^)        0.002 (&)        0.001 (%) 
Cl( 3, 2) in Cl( 8, 8) CPU =        0.002 ms (setup)        0.004 (*)        0.002 (^)        0.002 (&)        0.002 (%) 
Cl( 3, 3) in Cl( 8, 8) CPU =        0.003 ms (setup)        0.009 (*)        0.004 (^)        0.004 (&)        0.003 (%) 
Cl( 4, 3) in Cl( 8, 8) CPU =        0.007 ms (setup)        0.019 (*)        0.009 (^)        0.008 (&)        0.007 (%) 
Cl( 4, 4) in Cl( 8, 8) CPU =        0.013 ms (setup)        0.166 (*)        0.028 (^)        0.027 (&)        0.020 (%) 
Cl( 5, 4) in Cl( 8, 8) CPU =        0.026 ms (setup)        0.595 (*)        0.110 (^)        0.093 (&)        0.057 (%) 
Cl( 5, 5) in Cl( 8, 8) CPU =        0.051 ms (setup)        0.827 (*)        0.377 (^)        0.286 (&)        0.168 (%) 
Cl( 6, 5) in Cl( 8, 8) CPU =        0.105 ms (setup)        3.061 (*)        1.123 (^)        0.876 (&)        0.515 (%) 
Cl( 6, 6) in Cl( 8, 8) CPU =        0.234 ms (setup)        4.028 (*)        3.216 (^)        2.557 (&)        1.449 (%) 
Cl( 7, 6) in Cl( 8, 8) CPU =        0.436 ms (setup)       14.377 (*)        9.405 (^)        7.692 (&)        4.139 (%) 
Cl( 7, 7) in Cl( 8, 8) CPU =        0.888 ms (setup)       19.343 (*)       29.012 (^)       23.505 (&)       12.171 (%) 
Cl( 8, 7) in Cl( 8, 8) CPU =        1.806 ms (setup)       74.674 (*)       85.050 (^)       68.905 (&)       36.033 (%) 
Cl( 8, 8) in Cl( 8, 8) CPU =        3.805 ms (setup)       98.150 (*)      249.980 (^)      209.342 (&)      107.548 (%) 
Fill: 1
Cl( 1, 0) in Cl( 1, 0) CPU =        0.001 ms (setup)        0.001 (*)        0.001 (^)        0.001 (&)        0.001 (%) 
Cl( 1, 1) in Cl( 1, 1) CPU =        0.001 ms (setup)        0.001 (*)        0.001 (^)        0.001 (&)        0.001 (%) 
Cl( 2, 1) in Cl( 2, 1) CPU =        0.001 ms (setup)        0.001 (*)        0.001 (^)        0.001 (&)        0.001 (%) 
Cl( 2, 2) in Cl( 2, 2) CPU =        0.002 ms (setup)        0.003 (*)        0.002 (^)        0.001 (&)        0.001 (%) 
Cl( 3, 2) in Cl( 3, 2) CPU =        0.003 ms (setup)        0.007 (*)        0.003 (^)        0.003 (&)        0.003 (%) 
Cl( 3, 3) in Cl( 3, 3) CPU =        0.006 ms (setup)        0.019 (*)        0.005 (^)        0.007 (&)        0.005 (%) 
Cl( 4, 3) in Cl( 4, 3) CPU =        0.011 ms (setup)        0.059 (*)        0.013 (^)        0.016 (&)        0.012 (%) 
Cl( 4, 4) in Cl( 4, 4) CPU =        0.017 ms (setup)        0.206 (*)        0.036 (^)        0.043 (&)        0.032 (%) 
Cl( 5, 4) in Cl( 5, 4) CPU =        0.036 ms (setup)        0.701 (*)        0.099 (^)        0.122 (&)        0.083 (%) 
Cl( 5, 5) in Cl( 5, 5) CPU =        0.085 ms (setup)        1.083 (*)        0.286 (^)        0.353 (&)        0.246 (%) 
Cl( 6, 5) in Cl( 6, 5) CPU =        0.169 ms (setup)        3.664 (*)        0.750 (^)        0.995 (&)        0.667 (%) 
Cl( 6, 6) in Cl( 6, 6) CPU =        0.372 ms (setup)        5.368 (*)        1.996 (^)        2.841 (&)        1.724 (%) 
Cl( 7, 6) in Cl( 7, 6) CPU =        0.785 ms (setup)       17.828 (*)        5.562 (^)        7.948 (&)        4.674 (%) 
Cl( 7, 7) in Cl( 7, 7) CPU =        1.536 ms (setup)       26.053 (*)       15.378 (^)       22.907 (&)       12.843 (%) 
Cl( 8, 7) in Cl( 8, 7) CPU =        3.359 ms (setup)       94.207 (*)       43.500 (^)       67.246 (&)       36.688 (%) 
Cl( 8, 8) in Cl( 8, 8) CPU =        6.740 ms (setup)      139.353 (*)      127.152 (^)      202.596 (&)      105.998 (%) 
Cl( 1, 0) in Cl( 8, 8) CPU =        0.001 ms (setup)        0.001 (*)        0.001 (^)        0.001 (&)        0.001 (%) 
Cl( 1, 1) in Cl( 8, 8) CPU =        0.001 ms (setup)        0.001 (*)        0.001 (^)        0.001 (&)        0.001 (%) 
Cl( 2, 1) in Cl( 8, 8) CPU =        0.002 ms (setup)        0.002 (*)        0.001 (^)        0.001 (&)        0.001 (%) 
Cl( 2, 2) in Cl( 8, 8) CPU =        0.002 ms (setup)        0.003 (*)        0.001 (^)        0.001 (&)        0.002 (%) 
Cl( 3, 2) in Cl( 8, 8) CPU =        0.003 ms (setup)        0.007 (*)        0.003 (^)        0.003 (&)        0.003 (%) 
Cl( 3, 3) in Cl( 8, 8) CPU =        0.005 ms (setup)        0.018 (*)        0.006 (^)        0.007 (&)        0.005 (%) 
Cl( 4, 3) in Cl( 8, 8) CPU =        0.009 ms (setup)        0.057 (*)        0.013 (^)        0.017 (&)        0.013 (%) 
Cl( 4, 4) in Cl( 8, 8) CPU =        0.018 ms (setup)        0.197 (*)        0.036 (^)        0.044 (&)        0.033 (%) 
Cl( 5, 4) in Cl( 8, 8) CPU =        0.040 ms (setup)        0.718 (*)        0.097 (^)        0.120 (&)        0.088 (%) 
Cl( 5, 5) in Cl( 8, 8) CPU =        0.088 ms (setup)        1.050 (*)        0.286 (^)        0.362 (&)        0.246 (%) 
Cl( 6, 5) in Cl( 8, 8) CPU =        0.175 ms (setup)        3.623 (*)        0.751 (^)        0.989 (&)        0.661 (%) 
Cl( 6, 6) in Cl( 8, 8) CPU =        0.369 ms (setup)        5.365 (*)        1.981 (^)        2.829 (&)        1.728 (%) 
Cl( 7, 6) in Cl( 8, 8) CPU =        0.786 ms (setup)       17.534 (*)        5.540 (^)        7.972 (&)        5.463 (%) 
Cl( 7, 7) in Cl( 8, 8) CPU =        1.569 ms (setup)       26.463 (*)       15.289 (^)       22.910 (&)       12.882 (%) 
Cl( 8, 7) in Cl( 8, 8) CPU =        3.232 ms (setup)       93.041 (*)       43.590 (^)       66.703 (&)       36.182 (%) 
Cl( 8, 8) in Cl( 8, 8) CPU =        6.662 ms (setup)      137.265 (*)      126.846 (^)      202.339 (&)      106.216 (%) 

matrix_multi<double>
Clifford algebra products test:
Fill: 0.5
Cl( 1, 0) in Cl( 1, 0) CPU =        0.004 ms (setup)        0.000 (*)        0.003 (^)        0.002 (&)        0.003 (%) 
Cl( 1, 1) in Cl( 1, 1) CPU =        0.002 ms (setup)        0.001 (*)        0.002 (^)        0.002 (&)        0.002 (%) 
Cl( 2, 1) in Cl( 2, 1) CPU =        0.004 ms (setup)        0.000 (*)        0.012 (^)        0.008 (&)        0.011 (%) 
Cl( 2, 2) in Cl( 2, 2) CPU =        0.005 ms (setup)        0.001 (*)        0.009 (^)        0.010 (&)        0.016 (%) 
Cl( 3, 2) in Cl( 3, 2) CPU =        0.012 ms (setup)        0.001 (*)        0.050 (^)        0.053 (&)        0.059 (%) 
Cl( 3, 3) in Cl( 3, 3) CPU =        0.011 ms (setup)        0.001 (*)        0.071 (^)        0.087 (&)        0.084 (%) 
Cl( 4, 3) in Cl( 4, 3) CPU =        0.026 ms (setup)        0.001 (*)        0.398 (^)        0.424 (&)        0.431 (%) 
Cl( 4, 4) in Cl( 4, 4) CPU =        0.050 ms (setup)        0.001 (*)        0.636 (^)        0.647 (&)        0.661 (%) 
Cl( 5, 4) in Cl( 5, 4) CPU =        0.129 ms (setup)        0.003 (*)        2.534 (^)        2.684 (&)        2.695 (%) 
Cl( 5, 5) in Cl( 5, 5) CPU =        0.235 ms (setup)        0.003 (*)        3.980 (^)        3.996 (&)        4.009 (%) 
Cl( 6, 5) in Cl( 6, 5) CPU =        0.577 ms (setup)        0.011 (*)       14.607 (^)       15.388 (&)       15.050 (%) 
Cl( 6, 6) in Cl( 6, 6) CPU =        1.083 ms (setup)        0.012 (*)       21.559 (^)       22.096 (&)       21.507 (%) 
Cl( 7, 6) in Cl( 7, 6) CPU =        2.551 ms (setup)        0.083 (*)       84.714 (^)       90.490 (&)       85.015 (%) 
Cl( 7, 7) in Cl( 7, 7) CPU =        5.066 ms (setup)        0.084 (*)      112.216 (^)      121.585 (&)      114.076 (%) 
Cl( 8, 7) in Cl( 8, 7) CPU =       15.291 ms (setup)        0.598 (*)      500.200 (^)      543.207 (&)      499.770 (%) 
Cl( 8, 8) in Cl( 8, 8) CPU =       26.221 ms (setup)        0.576 (*)      653.994 (^)      706.971 (&)      654.550 (%) 
Cl( 1, 0) in Cl( 8, 8) CPU =        0.019 ms (setup)        0.663 (*)        4.403 (^)        4.078 (&)        4.068 (%) 
Cl( 1, 1) in Cl( 8, 8) CPU =        0.094 ms (setup)        0.673 (*)        7.021 (^)        4.229 (&)        5.953 (%) 
Cl( 2, 1) in Cl( 8, 8) CPU =        0.097 ms (setup)        0.660 (*)        9.742 (^)        6.087 (&)        8.319 (%) 
Cl( 2, 2) in Cl( 8, 8) CPU =        0.145 ms (setup)        0.665 (*)       14.870 (^)        9.745 (&)       10.653 (%) 
Cl( 3, 2) in Cl( 8, 8) CPU =        0.977 ms (setup)        0.617 (*)       19.707 (^)       13.024 (&)       13.534 (%) 
Cl( 3, 3) in Cl( 8, 8) CPU =        1.769 ms (setup)        0.610 (*)       28.820 (^)       20.997 (&)       20.644 (%) 
Cl( 4, 3) in Cl( 8, 8) CPU =        1.849 ms (setup)        0.631 (*)       37.604 (^)       37.272 (&)       26.861 (%) 
Cl( 4, 4) in Cl( 8, 8) CPU =        1.905 ms (setup)        0.615 (*)       52.889 (^)       39.237 (&)       34.471 (%) 
Cl( 5, 4) in Cl( 8, 8) CPU =        2.190 ms (setup)        0.620 (*)       67.707 (^)       52.644 (&)       44.843 (%) 
Cl( 5, 5) in Cl( 8, 8) CPU =        2.686 ms (setup)        0.613 (*)       88.460 (^)       75.884 (&)       59.945 (%) 
Cl( 6, 5) in Cl( 8, 8) CPU =        2.571 ms (setup)        0.562 (*)      103.880 (^)       90.010 (&)       73.558 (%) 
Cl( 6, 6) in Cl( 8, 8) CPU =        4.921 ms (setup)        0.616 (*)      127.098 (^)      122.295 (&)       96.746 (%) 
Cl( 7, 6) in Cl( 8, 8) CPU =       12.317 ms (setup)        0.618 (*)      181.584 (^)      193.218 (&)      159.111 (%) 
Cl( 7, 7) in Cl( 8, 8) CPU =       22.373 ms (setup)        0.566 (*)      237.938 (^)      247.517 (&)      209.800 (%) 
Cl( 8, 7) in Cl( 8, 8) CPU =       50.209 ms (setup)        0.562 (*)      514.178 (^)      524.636 (&)      482.056 (%) 
Cl( 8, 8) in Cl( 8, 8) CPU =       26.468 ms (setup)        0.682 (*)      632.208 (^)      703.327 (&)      644.411 (%) 
Fill: 1
Cl( 1, 0) in Cl( 1, 0) CPU =        0.001 ms (setup)        0.001 (*)        0.003 (^)        0.003 (&)        0.003 (%) 
Cl( 1, 1) in Cl( 1, 1) CPU =        0.001 ms (setup)        0.001 (*)        0.004 (^)        0.003 (&)        0.004 (%) 
Cl( 2, 1) in Cl( 2, 1) CPU =        0.002 ms (setup)        0.000 (*)        0.013 (^)        0.011 (&)        0.012 (%) 
Cl( 2, 2) in Cl( 2, 2) CPU =        0.003 ms (setup)        0.001 (*)        0.020 (^)        0.017 (&)        0.019 (%) 
Cl( 3, 2) in Cl( 3, 2) CPU =        0.007 ms (setup)        0.001 (*)        0.067 (^)        0.066 (&)        0.065 (%) 
Cl( 3, 3) in Cl( 3, 3) CPU =        0.013 ms (setup)        0.001 (*)        0.115 (^)        0.104 (&)        0.111 (%) 
Cl( 4, 3) in Cl( 4, 3) CPU =        0.035 ms (setup)        0.001 (*)        0.499 (^)        0.508 (&)        0.505 (%) 
Cl( 4, 4) in Cl( 4, 4) CPU =        0.068 ms (setup)        0.001 (*)        0.783 (^)        0.767 (&)        0.782 (%) 
Cl( 5, 4) in Cl( 5, 4) CPU =        0.178 ms (setup)        0.003 (*)        2.918 (^)        2.958 (&)        2.963 (%) 
Cl( 5, 5) in Cl( 5, 5) CPU =        0.339 ms (setup)        0.003 (*)        4.340 (^)        4.348 (&)        4.378 (%) 
Cl( 6, 5) in Cl( 6, 5) CPU =        0.894 ms (setup)        0.012 (*)       16.343 (^)       16.649 (&)       16.277 (%) 
Cl( 6, 6) in Cl( 6, 6) CPU =        1.784 ms (setup)        0.012 (*)       22.870 (^)       23.324 (&)       22.890 (%) 
Cl( 7, 6) in Cl( 7, 6) CPU =        4.213 ms (setup)        0.084 (*)       89.259 (^)       93.340 (&)       89.112 (%) 
Cl( 7, 7) in Cl( 7, 7) CPU =        8.605 ms (setup)        0.084 (*)      123.313 (^)      127.951 (&)      122.125 (%) 
Cl( 8, 7) in Cl( 8, 7) CPU =       23.354 ms (setup)        0.699 (*)      663.504 (^)      562.808 (&)      517.582 (%) 
Cl( 8, 8) in Cl( 8, 8) CPU =       46.693 ms (setup)        0.574 (*)      694.894 (^)      739.181 (&)      697.512 (%) 
Cl( 1, 0) in Cl( 8, 8) CPU =        0.017 ms (setup)        0.636 (*)        6.831 (^)        4.157 (&)        5.918 (%) 
Cl( 1, 1) in Cl( 8, 8) CPU =        0.091 ms (setup)        0.657 (*)        9.826 (^)        5.984 (&)        7.953 (%) 
Cl( 2, 1) in Cl( 8, 8) CPU =        0.113 ms (setup)        0.653 (*)       14.283 (^)        9.435 (&)       10.594 (%) 
Cl( 2, 2) in Cl( 8, 8) CPU =        1.759 ms (setup)        0.629 (*)       19.411 (^)       12.991 (&)       13.194 (%) 
Cl( 3, 2) in Cl( 8, 8) CPU =        1.730 ms (setup)        0.613 (*)       26.284 (^)       18.605 (&)       16.936 (%) 
Cl( 3, 3) in Cl( 8, 8) CPU =        1.766 ms (setup)        0.614 (*)       37.898 (^)       27.805 (&)       24.114 (%) 
Cl( 4, 3) in Cl( 8, 8) CPU =        1.861 ms (setup)        0.614 (*)       50.895 (^)       39.997 (&)       34.865 (%) 
Cl( 4, 4) in Cl( 8, 8) CPU =        2.018 ms (setup)        0.624 (*)       62.208 (^)       49.692 (&)       42.944 (%) 
Cl( 5, 4) in Cl( 8, 8) CPU =        2.462 ms (setup)        0.623 (*)       76.717 (^)       63.598 (&)       51.309 (%) 
Cl( 5, 5) in Cl( 8, 8) CPU =        1.727 ms (setup)        0.620 (*)       88.447 (^)       77.056 (&)       61.140 (%) 
Cl( 6, 5) in Cl( 8, 8) CPU =        3.537 ms (setup)        0.564 (*)      113.058 (^)      104.843 (&)       81.859 (%) 
Cl( 6, 6) in Cl( 8, 8) CPU =        7.071 ms (setup)        0.547 (*)      128.526 (^)      126.805 (&)       99.405 (%) 
Cl( 7, 6) in Cl( 8, 8) CPU =       16.309 ms (setup)        0.570 (*)      209.418 (^)      202.857 (&)      171.351 (%) 
Cl( 7, 7) in Cl( 8, 8) CPU =       27.980 ms (setup)        0.566 (*)      246.703 (^)      256.060 (&)      219.177 (%) 
Cl( 8, 7) in Cl( 8, 8) CPU =       70.215 ms (setup)        0.570 (*)      558.539 (^)      564.905 (&)      520.308 (%) 
Cl( 8, 8) in Cl( 8, 8) CPU =       44.144 ms (setup)        0.579 (*)      692.477 (^)      748.997 (&)      699.383 (%) 
