expressions/expressions
	linux-vdso.so.1 (0x0000ffff6bfdc000)
	libopenblas.so.0 => /lib64/libopenblas.so.0 (0x0000ffff6ac30000)
	libstdc++.so.6 => /lib64/libstdc++.so.6 (0x0000ffff6a980000)
	libm.so.6 => /lib64/libm.so.6 (0x0000ffff6a8b0000)
	libomp.so => /usr/lib64/llvm20/lib64/libomp.so (0x0000ffff6a750000)
	libgcc_s.so.1 => /lib64/libgcc_s.so.1 (0x0000ffff6a710000)
	libc.so.6 => /lib64/libc.so.6 (0x0000ffff6a540000)
	libgfortran.so.5 => /lib64/libgfortran.so.5 (0x0000ffff6a370000)
	/lib/ld-linux-aarch64.so.1 (0x0000ffff6bfe0000)
gfft_test/gfft_test
	linux-vdso.so.1 (0x0000ffff26ecc000)
	libopenblas.so.0 => /lib64/libopenblas.so.0 (0x0000ffff25b20000)
	libstdc++.so.6 => /lib64/libstdc++.so.6 (0x0000ffff25870000)
	libm.so.6 => /lib64/libm.so.6 (0x0000ffff257a0000)
	libomp.so => /usr/lib64/llvm20/lib64/libomp.so (0x0000ffff25640000)
	libgcc_s.so.1 => /lib64/libgcc_s.so.1 (0x0000ffff25600000)
	libc.so.6 => /lib64/libc.so.6 (0x0000ffff25430000)
	libgfortran.so.5 => /lib64/libgfortran.so.5 (0x0000ffff25260000)
	/lib/ld-linux-aarch64.so.1 (0x0000ffff26ed0000)
products/products
	linux-vdso.so.1 (0x0000ffff4380c000)
	libopenblas.so.0 => /lib64/libopenblas.so.0 (0x0000ffff42460000)
	libstdc++.so.6 => /lib64/libstdc++.so.6 (0x0000ffff421b0000)
	libm.so.6 => /lib64/libm.so.6 (0x0000ffff420e0000)
	libomp.so => /usr/lib64/llvm20/lib64/libomp.so (0x0000ffff41f80000)
	libgcc_s.so.1 => /lib64/libgcc_s.so.1 (0x0000ffff41f40000)
	libc.so.6 => /lib64/libc.so.6 (0x0000ffff41d70000)
	libgfortran.so.5 => /lib64/libgfortran.so.5 (0x0000ffff41ba0000)
	/lib/ld-linux-aarch64.so.1 (0x0000ffff43810000)
squaring/squaring
	linux-vdso.so.1 (0x0000ffff376ac000)
	libopenblas.so.0 => /lib64/libopenblas.so.0 (0x0000ffff36300000)
	libstdc++.so.6 => /lib64/libstdc++.so.6 (0x0000ffff36050000)
	libm.so.6 => /lib64/libm.so.6 (0x0000ffff35f80000)
	libomp.so => /usr/lib64/llvm20/lib64/libomp.so (0x0000ffff35e20000)
	libgcc_s.so.1 => /lib64/libgcc_s.so.1 (0x0000ffff35de0000)
	libc.so.6 => /lib64/libc.so.6 (0x0000ffff35c10000)
	libgfortran.so.5 => /lib64/libgfortran.so.5 (0x0000ffff35a40000)
	/lib/ld-linux-aarch64.so.1 (0x0000ffff376b0000)
transforms/transforms
	linux-vdso.so.1 (0x0000ffff8bd7c000)
	libopenblas.so.0 => /lib64/libopenblas.so.0 (0x0000ffff8a9d0000)
	libstdc++.so.6 => /lib64/libstdc++.so.6 (0x0000ffff8a720000)
	libm.so.6 => /lib64/libm.so.6 (0x0000ffff8a650000)
	libomp.so => /usr/lib64/llvm20/lib64/libomp.so (0x0000ffff8a4f0000)
	libgcc_s.so.1 => /lib64/libgcc_s.so.1 (0x0000ffff8a4b0000)
	libc.so.6 => /lib64/libc.so.6 (0x0000ffff8a2e0000)
	libgfortran.so.5 => /lib64/libgfortran.so.5 (0x0000ffff8a110000)
	/lib/ld-linux-aarch64.so.1 (0x0000ffff8bd80000)
versor/versor
	linux-vdso.so.1 (0x0000ffff8b35c000)
	libopenblas.so.0 => /lib64/libopenblas.so.0 (0x0000ffff89fb0000)
	libstdc++.so.6 => /lib64/libstdc++.so.6 (0x0000ffff89d00000)
	libm.so.6 => /lib64/libm.so.6 (0x0000ffff89c30000)
	libomp.so => /usr/lib64/llvm20/lib64/libomp.so (0x0000ffff89ad0000)
	libgcc_s.so.1 => /lib64/libgcc_s.so.1 (0x0000ffff89a90000)
	libc.so.6 => /lib64/libc.so.6 (0x0000ffff898c0000)
	libgfortran.so.5 => /lib64/libgfortran.so.5 (0x0000ffff896f0000)
	/lib/ld-linux-aarch64.so.1 (0x0000ffff8b360000)
