
framed_multi<double>
Clifford algebra squaring test:
Fill: 0.5
Cl( 1, 0) in Cl( 1, 0) CPU =        0.025 ms (setup)        0.007 (*) 
Cl( 1, 1) in Cl( 1, 1) CPU =        0.001 ms (setup)        0.001 (*) 
Cl( 2, 1) in Cl( 2, 1) CPU =        0.001 ms (setup)        0.004 (*) 
Cl( 2, 2) in Cl( 2, 2) CPU =        0.002 ms (setup)        0.005 (*) 
Cl( 3, 2) in Cl( 3, 2) CPU =        0.003 ms (setup)        0.010 (*) 
Cl( 3, 3) in Cl( 3, 3) CPU =        0.005 ms (setup)        0.026 (*) 
Cl( 4, 3) in Cl( 4, 3) CPU =        0.013 ms (setup)        0.070 (*) 
Cl( 4, 4) in Cl( 4, 4) CPU =        0.023 ms (setup)        0.421 (*) 
Cl( 5, 4) in Cl( 5, 4) CPU =        0.051 ms (setup)        1.191 (*) 
Cl( 5, 5) in Cl( 5, 5) CPU =        0.101 ms (setup)        1.585 (*) 
Cl( 6, 5) in Cl( 6, 5) CPU =        0.204 ms (setup)        5.708 (*) 
Cl( 6, 6) in Cl( 6, 6) CPU =        0.408 ms (setup)        7.636 (*) 
Cl( 7, 6) in Cl( 7, 6) CPU =        0.833 ms (setup)       15.334 (*) 
Cl( 7, 7) in Cl( 7, 7) CPU =        0.964 ms (setup)       20.282 (*) 
Cl( 8, 7) in Cl( 8, 7) CPU =        1.950 ms (setup)       73.625 (*) 
Cl( 8, 8) in Cl( 8, 8) CPU =        3.922 ms (setup)      101.627 (*) 
Cl( 9, 8) in Cl( 9, 8) CPU =        8.209 ms (setup)      275.866 (*) 
Cl( 9, 9) in Cl( 9, 9) CPU =       16.705 ms (setup)      535.184 (*) 
Cl(10, 9) in Cl(10, 9) CPU =       34.448 ms (setup)     2075.415 (*) 
Cl(10,10) in Cl(10,10) CPU =       71.652 ms (setup)     3033.395 (*) 
Cl(11,10) in Cl(11,10) CPU =      148.706 ms (setup)    12407.360 (*) 
Cl(11,11) in Cl(11,11) CPU =      289.208 ms (setup)    18767.696 (*) 
Fill: 1
Cl( 1, 0) in Cl( 1, 0) CPU =        0.003 ms (setup)        0.004 (*) 
Cl( 1, 1) in Cl( 1, 1) CPU =        0.001 ms (setup)        0.002 (*) 
Cl( 2, 1) in Cl( 2, 1) CPU =        0.001 ms (setup)        0.002 (*) 
Cl( 2, 2) in Cl( 2, 2) CPU =        0.002 ms (setup)        0.004 (*) 
Cl( 3, 2) in Cl( 3, 2) CPU =        0.007 ms (setup)        0.009 (*) 
Cl( 3, 3) in Cl( 3, 3) CPU =        0.005 ms (setup)        0.024 (*) 
Cl( 4, 3) in Cl( 4, 3) CPU =        0.010 ms (setup)        0.070 (*) 
Cl( 4, 4) in Cl( 4, 4) CPU =        0.022 ms (setup)        0.251 (*) 
Cl( 5, 4) in Cl( 5, 4) CPU =        0.043 ms (setup)        0.750 (*) 
Cl( 5, 5) in Cl( 5, 5) CPU =        0.091 ms (setup)        1.094 (*) 
Cl( 6, 5) in Cl( 6, 5) CPU =        0.185 ms (setup)        3.660 (*) 
Cl( 6, 6) in Cl( 6, 6) CPU =        0.364 ms (setup)        5.481 (*) 
Cl( 7, 6) in Cl( 7, 6) CPU =        0.749 ms (setup)       18.032 (*) 
Cl( 7, 7) in Cl( 7, 7) CPU =        1.527 ms (setup)       27.457 (*) 
Cl( 8, 7) in Cl( 8, 7) CPU =        3.116 ms (setup)       92.619 (*) 
Cl( 8, 8) in Cl( 8, 8) CPU =        6.252 ms (setup)      143.770 (*) 
Cl( 9, 8) in Cl( 9, 8) CPU =       13.329 ms (setup)      392.308 (*) 
Cl( 9, 9) in Cl( 9, 9) CPU =       27.508 ms (setup)      794.882 (*) 
Cl(10, 9) in Cl(10, 9) CPU =       59.695 ms (setup)     2839.054 (*) 
Cl(10,10) in Cl(10,10) CPU =      129.042 ms (setup)     4796.304 (*) 
Cl(11,10) in Cl(11,10) CPU =      255.221 ms (setup)    17818.910 (*) 
Cl(11,11) in Cl(11,11) CPU =      501.264 ms (setup)    31062.143 (*) 

matrix_multi<double>
Clifford algebra squaring test:
Fill: 0.5
Cl( 1, 0) in Cl( 1, 0) CPU =        0.017 ms (setup)        0.001 (*) 
Cl( 1, 1) in Cl( 1, 1) CPU =        0.006 ms (setup)        0.001 (*) 
Cl( 2, 1) in Cl( 2, 1) CPU =        0.007 ms (setup)        0.001 (*) 
Cl( 2, 2) in Cl( 2, 2) CPU =        0.008 ms (setup)        0.001 (*) 
Cl( 3, 2) in Cl( 3, 2) CPU =        0.017 ms (setup)        0.005 (*) 
Cl( 3, 3) in Cl( 3, 3) CPU =        0.017 ms (setup)        0.001 (*) 
Cl( 4, 3) in Cl( 4, 3) CPU =        0.032 ms (setup)        0.002 (*) 
Cl( 4, 4) in Cl( 4, 4) CPU =        0.055 ms (setup)        0.001 (*) 
Cl( 5, 4) in Cl( 5, 4) CPU =        0.136 ms (setup)        0.004 (*) 
Cl( 5, 5) in Cl( 5, 5) CPU =        0.243 ms (setup)        0.003 (*) 
Cl( 6, 5) in Cl( 6, 5) CPU =        0.593 ms (setup)        0.018 (*) 
Cl( 6, 6) in Cl( 6, 6) CPU =        1.180 ms (setup)        0.016 (*) 
Cl( 7, 6) in Cl( 7, 6) CPU =        2.755 ms (setup)        0.107 (*) 
Cl( 7, 7) in Cl( 7, 7) CPU =        5.472 ms (setup)        0.104 (*) 
Cl( 8, 7) in Cl( 8, 7) CPU =       13.094 ms (setup)        0.744 (*) 
Cl( 8, 8) in Cl( 8, 8) CPU =       26.173 ms (setup)        0.740 (*) 
Cl( 9, 8) in Cl( 9, 8) CPU =       64.176 ms (setup)        5.619 (*) 
Cl( 9, 9) in Cl( 9, 9) CPU =      127.741 ms (setup)        5.618 (*) 
Cl(10, 9) in Cl(10, 9) CPU =      331.377 ms (setup)       43.475 (*) 
Cl(10,10) in Cl(10,10) CPU =      674.850 ms (setup)       43.474 (*) 
Cl(11,10) in Cl(11,10) CPU =     1857.729 ms (setup)      348.005 (*) 
Cl(11,11) in Cl(11,11) CPU =     3843.981 ms (setup)      344.949 (*) 
Fill: 1
Cl( 1, 0) in Cl( 1, 0) CPU =        0.012 ms (setup)        0.001 (*) 
Cl( 1, 1) in Cl( 1, 1) CPU =        0.006 ms (setup)        0.001 (*) 
Cl( 2, 1) in Cl( 2, 1) CPU =        0.008 ms (setup)        0.001 (*) 
Cl( 2, 2) in Cl( 2, 2) CPU =        0.006 ms (setup)        0.000 (*) 
Cl( 3, 2) in Cl( 3, 2) CPU =        0.009 ms (setup)        0.002 (*) 
Cl( 3, 3) in Cl( 3, 3) CPU =        0.019 ms (setup)        0.001 (*) 
Cl( 4, 3) in Cl( 4, 3) CPU =        1.443 ms (setup)        0.001 (*) 
Cl( 4, 4) in Cl( 4, 4) CPU =        0.082 ms (setup)        0.001 (*) 
Cl( 5, 4) in Cl( 5, 4) CPU =        0.198 ms (setup)        0.004 (*) 
Cl( 5, 5) in Cl( 5, 5) CPU =        0.389 ms (setup)        0.004 (*) 
Cl( 6, 5) in Cl( 6, 5) CPU =        0.937 ms (setup)        0.016 (*) 
Cl( 6, 6) in Cl( 6, 6) CPU =        1.862 ms (setup)        0.016 (*) 
Cl( 7, 6) in Cl( 7, 6) CPU =        4.511 ms (setup)        0.104 (*) 
Cl( 7, 7) in Cl( 7, 7) CPU =        9.065 ms (setup)        0.104 (*) 
Cl( 8, 7) in Cl( 8, 7) CPU =       22.456 ms (setup)        0.746 (*) 
Cl( 8, 8) in Cl( 8, 8) CPU =       45.408 ms (setup)        0.741 (*) 
Cl( 9, 8) in Cl( 9, 8) CPU =      118.104 ms (setup)        5.616 (*) 
Cl( 9, 9) in Cl( 9, 9) CPU =      241.020 ms (setup)        5.621 (*) 
Cl(10, 9) in Cl(10, 9) CPU =      665.070 ms (setup)       44.052 (*) 
Cl(10,10) in Cl(10,10) CPU =     1389.399 ms (setup)       43.414 (*) 
Cl(11,10) in Cl(11,10) CPU =     4094.576 ms (setup)      344.955 (*) 
Cl(11,11) in Cl(11,11) CPU =     8602.151 ms (setup)      344.442 (*) 
