
framed_multi<float,-4,4>
Clifford algebra expressions test:
Fill: 0.5
Cl( 1, 0) in Cl( 1, 0) CPU =        0.001 ms (setup)        0.001 (comm)        0.003 (pade)        0.001 (series)        0.001 (mix)        0.001 (add) 
Cl( 1, 1) in Cl( 1, 1) CPU =        0.001 ms (setup)        0.001 (comm)        0.003 (pade)        0.001 (series)        0.001 (mix)        0.001 (add) 
Cl( 2, 1) in Cl( 2, 1) CPU =        0.001 ms (setup)        0.003 (comm)        0.007 (pade)        0.003 (series)        0.001 (mix)        0.001 (add) 
Cl( 2, 2) in Cl( 2, 2) CPU =        0.002 ms (setup)        0.006 (comm)        0.009 (pade)        0.007 (series)        0.002 (mix)        0.001 (add) 
Cl( 3, 2) in Cl( 3, 2) CPU =        0.003 ms (setup)        0.012 (comm)        0.030 (pade)        0.009 (series)        0.004 (mix)        0.002 (add) 
Cl( 3, 3) in Cl( 3, 3) CPU =        0.005 ms (setup)        0.024 (comm)        0.036 (pade)        0.037 (series)        0.006 (mix)        0.003 (add) 
Cl( 4, 3) in Cl( 4, 3) CPU =        0.011 ms (setup)        0.060 (comm)        0.141 (pade)        0.103 (series)        0.015 (mix)        0.005 (add) 
Cl( 4, 4) in Cl( 4, 4) CPU =        0.023 ms (setup)        0.403 (comm)        0.187 (pade)        0.724 (series)        0.051 (mix)        0.012 (add) 
Cl( 1, 0) in Cl( 4, 4) CPU =        0.001 ms (setup)        0.001 (comm)        0.003 (pade)        0.002 (series)        0.001 (mix)        0.001 (add) 
Cl( 1, 1) in Cl( 4, 4) CPU =        0.001 ms (setup)        0.001 (comm)        0.003 (pade)        0.002 (series)        0.001 (mix)        0.001 (add) 
Cl( 2, 1) in Cl( 4, 4) CPU =        0.001 ms (setup)        0.003 (comm)        0.006 (pade)        0.003 (series)        0.001 (mix)        0.001 (add) 
Cl( 2, 2) in Cl( 4, 4) CPU =        0.002 ms (setup)        0.004 (comm)        0.007 (pade)        0.006 (series)        0.002 (mix)        0.001 (add) 
Cl( 3, 2) in Cl( 4, 4) CPU =        0.003 ms (setup)        0.009 (comm)        0.028 (pade)        0.015 (series)        0.003 (mix)        0.002 (add) 
Cl( 3, 3) in Cl( 4, 4) CPU =        0.005 ms (setup)        0.023 (comm)        0.038 (pade)        0.040 (series)        0.006 (mix)        0.004 (add) 
Cl( 4, 3) in Cl( 4, 4) CPU =        0.011 ms (setup)        0.052 (comm)        0.139 (pade)        0.100 (series)        0.015 (mix)        0.005 (add) 
Cl( 4, 4) in Cl( 4, 4) CPU =        0.022 ms (setup)        0.393 (comm)        0.184 (pade)        0.716 (series)        0.048 (mix)        0.009 (add) 
Fill: 1
Cl( 1, 0) in Cl( 1, 0) CPU =        0.001 ms (setup)        0.002 (comm)        0.003 (pade)        0.002 (series)        0.001 (mix)        0.001 (add) 
Cl( 1, 1) in Cl( 1, 1) CPU =        0.001 ms (setup)        0.003 (comm)        0.003 (pade)        0.003 (series)        0.001 (mix)        0.001 (add) 
Cl( 2, 1) in Cl( 2, 1) CPU =        0.001 ms (setup)        0.003 (comm)        0.006 (pade)        0.004 (series)        0.001 (mix)        0.001 (add) 
Cl( 2, 2) in Cl( 2, 2) CPU =        0.002 ms (setup)        0.005 (comm)        0.009 (pade)        0.007 (series)        0.002 (mix)        0.001 (add) 
Cl( 3, 2) in Cl( 3, 2) CPU =        0.004 ms (setup)        0.015 (comm)        0.029 (pade)        0.020 (series)        0.005 (mix)        0.002 (add) 
Cl( 3, 3) in Cl( 3, 3) CPU =        0.008 ms (setup)        0.042 (comm)        0.040 (pade)        0.058 (series)        0.012 (mix)        0.003 (add) 
Cl( 4, 3) in Cl( 4, 3) CPU =        0.015 ms (setup)        0.120 (comm)        0.148 (pade)        0.196 (series)        0.026 (mix)        0.006 (add) 
Cl( 4, 4) in Cl( 4, 4) CPU =        0.033 ms (setup)        0.499 (comm)        0.217 (pade)        0.829 (series)        0.071 (mix)        0.017 (add) 
Cl( 1, 0) in Cl( 4, 4) CPU =        0.001 ms (setup)        0.002 (comm)        0.003 (pade)        0.002 (series)        0.001 (mix)        0.001 (add) 
Cl( 1, 1) in Cl( 4, 4) CPU =        0.001 ms (setup)        0.002 (comm)        0.003 (pade)        0.003 (series)        0.001 (mix)        0.001 (add) 
Cl( 2, 1) in Cl( 4, 4) CPU =        0.001 ms (setup)        0.003 (comm)        0.008 (pade)        0.004 (series)        0.001 (mix)        0.001 (add) 
Cl( 2, 2) in Cl( 4, 4) CPU =        0.002 ms (setup)        0.005 (comm)        0.009 (pade)        0.007 (series)        0.002 (mix)        0.001 (add) 
Cl( 3, 2) in Cl( 4, 4) CPU =        0.004 ms (setup)        0.015 (comm)        0.029 (pade)        0.020 (series)        0.005 (mix)        0.002 (add) 
Cl( 3, 3) in Cl( 4, 4) CPU =        0.007 ms (setup)        0.041 (comm)        0.040 (pade)        0.057 (series)        0.011 (mix)        0.003 (add) 
Cl( 4, 3) in Cl( 4, 4) CPU =        0.015 ms (setup)        0.124 (comm)        0.153 (pade)        0.191 (series)        0.027 (mix)        0.006 (add) 
Cl( 4, 4) in Cl( 4, 4) CPU =        0.033 ms (setup)        0.498 (comm)        0.215 (pade)        0.831 (series)        0.071 (mix)        0.017 (add) 

matrix_multi<float,-4,4>
Clifford algebra expressions test:
Fill: 0.5
Cl( 1, 0) in Cl( 1, 0) CPU =        0.001 ms (setup)        0.003 (comm)        0.002 (pade)        0.001 (series)        0.002 (mix)        0.001 (add) 
Cl( 1, 1) in Cl( 1, 1) CPU =        0.002 ms (setup)        0.005 (comm)        0.002 (pade)        0.001 (series)        0.004 (mix)        0.001 (add) 
Cl( 2, 1) in Cl( 2, 1) CPU =        0.002 ms (setup)        0.022 (comm)        0.002 (pade)        0.001 (series)        0.021 (mix)        0.000 (add) 
Cl( 2, 2) in Cl( 2, 2) CPU =        0.003 ms (setup)        0.033 (comm)        0.002 (pade)        0.001 (series)        0.032 (mix)        0.001 (add) 
Cl( 3, 2) in Cl( 3, 2) CPU =        0.011 ms (setup)        0.123 (comm)        0.004 (pade)        0.001 (series)        0.117 (mix)        0.001 (add) 
Cl( 3, 3) in Cl( 3, 3) CPU =        0.019 ms (setup)        0.195 (comm)        0.003 (pade)        0.001 (series)        0.187 (mix)        0.001 (add) 
Cl( 4, 3) in Cl( 4, 3) CPU =        0.049 ms (setup)        0.903 (comm)        0.007 (pade)        0.003 (series)        0.893 (mix)        0.001 (add) 
Cl( 4, 4) in Cl( 4, 4) CPU =        0.092 ms (setup)        1.386 (comm)        0.007 (pade)        0.003 (series)        1.368 (mix)        0.001 (add) 
Cl( 1, 0) in Cl( 4, 4) CPU =        0.002 ms (setup)        0.023 (comm)        0.004 (pade)        0.003 (series)        0.022 (mix)        0.001 (add) 
Cl( 1, 1) in Cl( 4, 4) CPU =        0.003 ms (setup)        0.030 (comm)        0.006 (pade)        0.003 (series)        0.029 (mix)        0.001 (add) 
Cl( 2, 1) in Cl( 4, 4) CPU =        0.007 ms (setup)        0.068 (comm)        0.006 (pade)        0.003 (series)        0.064 (mix)        0.000 (add) 
Cl( 2, 2) in Cl( 4, 4) CPU =        0.011 ms (setup)        0.080 (comm)        0.007 (pade)        0.003 (series)        0.077 (mix)        0.001 (add) 
Cl( 3, 2) in Cl( 4, 4) CPU =        0.043 ms (setup)        0.218 (comm)        0.006 (pade)        0.003 (series)        0.213 (mix)        0.001 (add) 
Cl( 3, 3) in Cl( 4, 4) CPU =        0.067 ms (setup)        0.310 (comm)        0.007 (pade)        0.003 (series)        0.303 (mix)        0.001 (add) 
Cl( 4, 3) in Cl( 4, 4) CPU =        0.178 ms (setup)        0.870 (comm)        0.007 (pade)        0.003 (series)        0.856 (mix)        0.001 (add) 
Cl( 4, 4) in Cl( 4, 4) CPU =        0.095 ms (setup)        1.435 (comm)        0.007 (pade)        0.003 (series)        2.188 (mix)        0.001 (add) 
Fill: 1
Cl( 1, 0) in Cl( 1, 0) CPU =        0.002 ms (setup)        0.007 (comm)        0.003 (pade)        0.001 (series)        0.007 (mix)        0.001 (add) 
Cl( 1, 1) in Cl( 1, 1) CPU =        0.001 ms (setup)        0.007 (comm)        0.002 (pade)        0.001 (series)        0.009 (mix)        0.001 (add) 
Cl( 2, 1) in Cl( 2, 1) CPU =        0.003 ms (setup)        0.035 (comm)        0.003 (pade)        0.001 (series)        0.033 (mix)        0.001 (add) 
Cl( 2, 2) in Cl( 2, 2) CPU =        0.005 ms (setup)        0.041 (comm)        0.003 (pade)        0.001 (series)        0.040 (mix)        0.001 (add) 
Cl( 3, 2) in Cl( 3, 2) CPU =        0.011 ms (setup)        0.157 (comm)        0.003 (pade)        0.001 (series)        0.148 (mix)        0.001 (add) 
Cl( 3, 3) in Cl( 3, 3) CPU =        0.024 ms (setup)        0.249 (comm)        0.003 (pade)        0.001 (series)        0.241 (mix)        0.001 (add) 
Cl( 4, 3) in Cl( 4, 3) CPU =        0.063 ms (setup)        1.056 (comm)        0.007 (pade)        0.003 (series)        1.042 (mix)        0.001 (add) 
Cl( 4, 4) in Cl( 4, 4) CPU =        0.136 ms (setup)        1.601 (comm)        0.007 (pade)        0.003 (series)        1.599 (mix)        0.001 (add) 
Cl( 1, 0) in Cl( 4, 4) CPU =        0.002 ms (setup)        0.042 (comm)        0.006 (pade)        0.003 (series)        0.041 (mix)        0.000 (add) 
Cl( 1, 1) in Cl( 4, 4) CPU =        0.004 ms (setup)        0.056 (comm)        0.006 (pade)        0.003 (series)        0.054 (mix)        0.001 (add) 
Cl( 2, 1) in Cl( 4, 4) CPU =        0.008 ms (setup)        0.080 (comm)        0.006 (pade)        0.003 (series)        0.079 (mix)        0.001 (add) 
Cl( 2, 2) in Cl( 4, 4) CPU =        0.019 ms (setup)        0.114 (comm)        0.005 (pade)        0.003 (series)        0.112 (mix)        0.001 (add) 
Cl( 3, 2) in Cl( 4, 4) CPU =        0.048 ms (setup)        0.231 (comm)        0.007 (pade)        0.003 (series)        0.230 (mix)        0.001 (add) 
Cl( 3, 3) in Cl( 4, 4) CPU =        0.088 ms (setup)        0.363 (comm)        0.007 (pade)        0.003 (series)        0.358 (mix)        0.001 (add) 
Cl( 4, 3) in Cl( 4, 4) CPU =        0.232 ms (setup)        1.114 (comm)        0.007 (pade)        0.003 (series)        1.107 (mix)        0.001 (add) 
Cl( 4, 4) in Cl( 4, 4) CPU =        0.130 ms (setup)        1.653 (comm)        0.007 (pade)        0.003 (series)        1.596 (mix)        0.001 (add) 

framed_multi<double>
Clifford algebra expressions test:
Fill: 0.5
Cl( 1, 0) in Cl( 1, 0) CPU =        0.001 ms (setup)        0.001 (comm)        0.004 (pade)        0.001 (series)        0.001 (mix)        0.001 (add) 
Cl( 1, 1) in Cl( 1, 1) CPU =        0.001 ms (setup)        0.001 (comm)        0.003 (pade)        0.001 (series)        0.000 (mix)        0.001 (add) 
Cl( 2, 1) in Cl( 2, 1) CPU =        0.001 ms (setup)        0.004 (comm)        0.007 (pade)        0.004 (series)        0.001 (mix)        0.001 (add) 
Cl( 2, 2) in Cl( 2, 2) CPU =        0.002 ms (setup)        0.005 (comm)        0.007 (pade)        0.007 (series)        0.002 (mix)        0.001 (add) 
Cl( 3, 2) in Cl( 3, 2) CPU =        0.003 ms (setup)        0.016 (comm)        0.030 (pade)        0.012 (series)        0.004 (mix)        0.002 (add) 
Cl( 3, 3) in Cl( 3, 3) CPU =        0.006 ms (setup)        0.030 (comm)        0.038 (pade)        0.044 (series)        0.007 (mix)        0.002 (add) 
Cl( 4, 3) in Cl( 4, 3) CPU =        0.012 ms (setup)        0.072 (comm)        0.145 (pade)        0.130 (series)        0.019 (mix)        0.005 (add) 
Cl( 4, 4) in Cl( 4, 4) CPU =        0.025 ms (setup)        0.442 (comm)        0.188 (pade)        0.715 (series)        0.064 (mix)        0.011 (add) 
Cl( 5, 4) in Cl( 5, 4) CPU =        0.053 ms (setup)        1.593 (comm)        0.696 (pade)        2.666 (series)        0.258 (mix)        0.024 (add) 
Cl( 5, 5) in Cl( 5, 5) CPU =        0.103 ms (setup)        2.555 (comm)        0.965 (pade)        3.693 (series)        0.763 (mix)        0.026 (add) 
Cl( 6, 5) in Cl( 6, 5) CPU =        0.216 ms (setup)        8.352 (comm)        3.446 (pade)       13.632 (series)        2.054 (mix)        0.062 (add) 
Cl( 6, 6) in Cl( 6, 6) CPU =        0.440 ms (setup)       14.466 (comm)        4.851 (pade)       18.372 (series)        6.078 (mix)        0.120 (add) 
Cl( 7, 6) in Cl( 7, 6) CPU =        0.893 ms (setup)       47.897 (comm)       17.681 (pade)       63.641 (series)       17.651 (mix)        0.250 (add) 
Cl( 7, 7) in Cl( 7, 7) CPU =        1.833 ms (setup)       93.346 (comm)       22.384 (pade)       87.012 (series)       53.543 (mix)        0.522 (add) 
Cl( 8, 7) in Cl( 8, 7) CPU =        3.756 ms (setup)      301.294 (comm)       83.284 (pade)      312.724 (series)      156.039 (mix)        1.093 (add) 
Cl( 8, 8) in Cl( 8, 8) CPU =        7.388 ms (setup)      670.167 (comm)      113.589 (pade)      441.813 (series)      474.080 (mix)        2.442 (add) 
Cl( 1, 0) in Cl( 8, 8) CPU =        0.002 ms (setup)        0.001 (comm)        0.001 (pade)        0.001 (series)        0.001 (mix)        0.001 (add) 
Cl( 1, 1) in Cl( 8, 8) CPU =        0.001 ms (setup)        0.001 (comm)        0.003 (pade)        0.001 (series)        0.001 (mix)        0.001 (add) 
Cl( 2, 1) in Cl( 8, 8) CPU =        0.001 ms (setup)        0.004 (comm)        0.007 (pade)        0.003 (series)        0.001 (mix)        0.001 (add) 
Cl( 2, 2) in Cl( 8, 8) CPU =        0.002 ms (setup)        0.005 (comm)        0.007 (pade)        0.005 (series)        0.002 (mix)        0.001 (add) 
Cl( 3, 2) in Cl( 8, 8) CPU =        0.003 ms (setup)        0.009 (comm)        0.021 (pade)        0.009 (series)        0.003 (mix)        0.001 (add) 
Cl( 3, 3) in Cl( 8, 8) CPU =        0.005 ms (setup)        0.029 (comm)        0.037 (pade)        0.043 (series)        0.007 (mix)        0.002 (add) 
Cl( 4, 3) in Cl( 8, 8) CPU =        0.011 ms (setup)        0.073 (comm)        0.133 (pade)        0.121 (series)        0.019 (mix)        0.004 (add) 
Cl( 4, 4) in Cl( 8, 8) CPU =        0.026 ms (setup)        0.423 (comm)        0.189 (pade)        0.711 (series)        0.062 (mix)        0.007 (add) 
Cl( 5, 4) in Cl( 8, 8) CPU =        0.054 ms (setup)        1.554 (comm)        0.679 (pade)        2.613 (series)        0.252 (mix)        0.015 (add) 
Cl( 5, 5) in Cl( 8, 8) CPU =        0.103 ms (setup)        2.446 (comm)        0.918 (pade)        3.599 (series)        0.716 (mix)        0.025 (add) 
Cl( 6, 5) in Cl( 8, 8) CPU =        0.199 ms (setup)        8.232 (comm)        3.356 (pade)       13.014 (series)        2.042 (mix)        0.052 (add) 
Cl( 6, 6) in Cl( 8, 8) CPU =        0.441 ms (setup)       14.209 (comm)        4.627 (pade)       18.735 (series)        6.046 (mix)        0.109 (add) 
Cl( 7, 6) in Cl( 8, 8) CPU =        0.900 ms (setup)       46.618 (comm)       15.804 (pade)       61.633 (series)       17.653 (mix)        0.250 (add) 
Cl( 7, 7) in Cl( 8, 8) CPU =        1.832 ms (setup)       92.479 (comm)       22.192 (pade)       88.204 (series)       52.437 (mix)        0.507 (add) 
Cl( 8, 7) in Cl( 8, 8) CPU =        3.660 ms (setup)      301.463 (comm)       79.572 (pade)      311.413 (series)      157.013 (mix)        1.201 (add) 
Cl( 8, 8) in Cl( 8, 8) CPU =        7.353 ms (setup)      665.748 (comm)      112.285 (pade)      437.029 (series)      470.314 (mix)        2.417 (add) 
Fill: 1
Cl( 1, 0) in Cl( 1, 0) CPU =        0.001 ms (setup)        0.002 (comm)        0.003 (pade)        0.002 (series)        0.001 (mix)        0.001 (add) 
Cl( 1, 1) in Cl( 1, 1) CPU =        0.001 ms (setup)        0.003 (comm)        0.003 (pade)        0.003 (series)        0.001 (mix)        0.001 (add) 
Cl( 2, 1) in Cl( 2, 1) CPU =        0.001 ms (setup)        0.004 (comm)        0.007 (pade)        0.004 (series)        0.001 (mix)        0.001 (add) 
Cl( 2, 2) in Cl( 2, 2) CPU =        0.002 ms (setup)        0.007 (comm)        0.008 (pade)        0.009 (series)        0.003 (mix)        0.001 (add) 
Cl( 3, 2) in Cl( 3, 2) CPU =        0.004 ms (setup)        0.017 (comm)        0.030 (pade)        0.026 (series)        0.005 (mix)        0.002 (add) 
Cl( 3, 3) in Cl( 3, 3) CPU =        0.009 ms (setup)        0.049 (comm)        0.042 (pade)        0.068 (series)        0.011 (mix)        0.003 (add) 
Cl( 4, 3) in Cl( 4, 3) CPU =        0.017 ms (setup)        0.144 (comm)        0.149 (pade)        0.227 (series)        0.029 (mix)        0.005 (add) 
Cl( 4, 4) in Cl( 4, 4) CPU =        0.034 ms (setup)        0.505 (comm)        0.214 (pade)        0.824 (series)        0.077 (mix)        0.008 (add) 
Cl( 5, 4) in Cl( 5, 4) CPU =        0.072 ms (setup)        1.727 (comm)        0.745 (pade)        2.923 (series)        0.245 (mix)        0.017 (add) 
Cl( 5, 5) in Cl( 5, 5) CPU =        0.155 ms (setup)        2.793 (comm)        1.141 (pade)        4.162 (series)        0.657 (mix)        0.033 (add) 
Cl( 6, 5) in Cl( 6, 5) CPU =        0.613 ms (setup)        9.293 (comm)        3.837 (pade)       14.838 (series)        1.774 (mix)        0.065 (add) 
Cl( 6, 6) in Cl( 6, 6) CPU =        0.734 ms (setup)       15.801 (comm)        5.368 (pade)       21.435 (series)        4.894 (mix)        0.133 (add) 
Cl( 7, 6) in Cl( 7, 6) CPU =        1.445 ms (setup)       49.324 (comm)       18.000 (pade)       71.421 (series)       13.722 (mix)        0.278 (add) 
Cl( 7, 7) in Cl( 7, 7) CPU =        3.005 ms (setup)       91.614 (comm)       27.635 (pade)      105.333 (series)       39.968 (mix)        0.603 (add) 
Cl( 8, 7) in Cl( 8, 7) CPU =        6.355 ms (setup)      292.132 (comm)       94.856 (pade)      362.004 (series)      114.277 (mix)        1.284 (add) 
Cl( 8, 8) in Cl( 8, 8) CPU =       12.497 ms (setup)      603.465 (comm)      143.490 (pade)      548.669 (series)      335.102 (mix)        6.012 (add) 
Cl( 1, 0) in Cl( 8, 8) CPU =        0.001 ms (setup)        0.002 (comm)        0.003 (pade)        0.002 (series)        0.001 (mix)        0.001 (add) 
Cl( 1, 1) in Cl( 8, 8) CPU =        0.001 ms (setup)        0.003 (comm)        0.003 (pade)        0.003 (series)        0.001 (mix)        0.001 (add) 
Cl( 2, 1) in Cl( 8, 8) CPU =        0.001 ms (setup)        0.004 (comm)        0.007 (pade)        0.004 (series)        0.002 (mix)        0.001 (add) 
Cl( 2, 2) in Cl( 8, 8) CPU =        0.002 ms (setup)        0.007 (comm)        0.008 (pade)        0.008 (series)        0.003 (mix)        0.001 (add) 
Cl( 3, 2) in Cl( 8, 8) CPU =        0.004 ms (setup)        0.017 (comm)        0.030 (pade)        0.023 (series)        0.005 (mix)        0.002 (add) 
Cl( 3, 3) in Cl( 8, 8) CPU =        0.008 ms (setup)        0.048 (comm)        0.045 (pade)        0.069 (series)        0.011 (mix)        0.003 (add) 
Cl( 4, 3) in Cl( 8, 8) CPU =        0.017 ms (setup)        0.144 (comm)        0.149 (pade)        0.219 (series)        0.030 (mix)        0.005 (add) 
Cl( 4, 4) in Cl( 8, 8) CPU =        0.030 ms (setup)        0.487 (comm)        0.208 (pade)        0.807 (series)        0.080 (mix)        0.009 (add) 
Cl( 5, 4) in Cl( 8, 8) CPU =        0.073 ms (setup)        1.723 (comm)        0.727 (pade)        2.914 (series)        0.249 (mix)        0.017 (add) 
Cl( 5, 5) in Cl( 8, 8) CPU =        0.142 ms (setup)        2.751 (comm)        1.073 (pade)        4.111 (series)        0.651 (mix)        0.033 (add) 
Cl( 6, 5) in Cl( 8, 8) CPU =        0.313 ms (setup)        9.163 (comm)        3.745 (pade)       14.724 (series)        1.764 (mix)        0.065 (add) 
Cl( 6, 6) in Cl( 8, 8) CPU =        0.741 ms (setup)       15.732 (comm)        5.428 (pade)       21.602 (series)        4.931 (mix)        0.139 (add) 
Cl( 7, 6) in Cl( 8, 8) CPU =        1.468 ms (setup)       50.592 (comm)       17.866 (pade)       71.745 (series)       13.706 (mix)        0.283 (add) 
Cl( 7, 7) in Cl( 8, 8) CPU =        2.992 ms (setup)       93.336 (comm)       26.495 (pade)      106.817 (series)       38.912 (mix)        1.423 (add) 
Cl( 8, 7) in Cl( 8, 8) CPU =        6.217 ms (setup)      292.921 (comm)       94.391 (pade)      361.886 (series)      112.697 (mix)        1.356 (add) 
Cl( 8, 8) in Cl( 8, 8) CPU =       12.835 ms (setup)      609.942 (comm)      143.642 (pade)      549.356 (series)      335.296 (mix)        3.879 (add) 

matrix_multi<double>
Clifford algebra expressions test:
Fill: 0.5
Cl( 1, 0) in Cl( 1, 0) CPU =        0.003 ms (setup)        0.003 (comm)        0.002 (pade)        0.001 (series)        0.003 (mix)        0.000 (add) 
Cl( 1, 1) in Cl( 1, 1) CPU =        0.005 ms (setup)        0.003 (comm)        0.002 (pade)        0.001 (series)        0.003 (mix)        0.001 (add) 
Cl( 2, 1) in Cl( 2, 1) CPU =        0.002 ms (setup)        0.019 (comm)        0.002 (pade)        0.001 (series)        0.018 (mix)        0.001 (add) 
Cl( 2, 2) in Cl( 2, 2) CPU =        0.003 ms (setup)        0.030 (comm)        0.002 (pade)        0.001 (series)        0.030 (mix)        0.000 (add) 
Cl( 3, 2) in Cl( 3, 2) CPU =        0.013 ms (setup)        0.106 (comm)        0.003 (pade)        0.002 (series)        0.103 (mix)        0.001 (add) 
Cl( 3, 3) in Cl( 3, 3) CPU =        0.019 ms (setup)        0.179 (comm)        0.003 (pade)        0.002 (series)        0.176 (mix)        0.001 (add) 
Cl( 4, 3) in Cl( 4, 3) CPU =        0.052 ms (setup)        0.879 (comm)        0.008 (pade)        0.005 (series)        0.859 (mix)        0.001 (add) 
Cl( 4, 4) in Cl( 4, 4) CPU =        0.100 ms (setup)        1.331 (comm)        0.008 (pade)        0.004 (series)        1.325 (mix)        0.001 (add) 
Cl( 5, 4) in Cl( 5, 4) CPU =        0.237 ms (setup)        5.458 (comm)        0.021 (pade)        0.012 (series)        5.439 (mix)        0.002 (add) 
Cl( 5, 5) in Cl( 5, 5) CPU =        0.456 ms (setup)        8.053 (comm)        0.021 (pade)        0.012 (series)        8.047 (mix)        0.002 (add) 
Cl( 6, 5) in Cl( 6, 5) CPU =        1.100 ms (setup)       30.822 (comm)        0.075 (pade)        0.062 (series)       30.873 (mix)        0.005 (add) 
Cl( 6, 6) in Cl( 6, 6) CPU =        2.151 ms (setup)       43.804 (comm)        0.073 (pade)        0.058 (series)       43.592 (mix)        0.005 (add) 
Cl( 7, 6) in Cl( 7, 6) CPU =        5.122 ms (setup)      175.899 (comm)        0.348 (pade)        0.372 (series)      174.154 (mix)        0.019 (add) 
Cl( 7, 7) in Cl( 7, 7) CPU =       10.566 ms (setup)      238.895 (comm)        0.347 (pade)        0.376 (series)      235.609 (mix)        0.021 (add) 
Cl( 8, 7) in Cl( 8, 7) CPU =       27.576 ms (setup)     1056.563 (comm)        1.978 (pade)        2.371 (series)     1044.247 (mix)        0.092 (add) 
Cl( 8, 8) in Cl( 8, 8) CPU =       51.991 ms (setup)     1378.894 (comm)        2.038 (pade)        2.388 (series)     1363.727 (mix)        0.088 (add) 
Cl( 1, 0) in Cl( 8, 8) CPU =        0.013 ms (setup)       17.561 (comm)        0.612 (pade)        2.360 (series)       15.764 (mix)        0.092 (add) 
Cl( 1, 1) in Cl( 8, 8) CPU =        0.022 ms (setup)       20.923 (comm)        1.103 (pade)        2.363 (series)       19.843 (mix)        0.093 (add) 
Cl( 2, 1) in Cl( 8, 8) CPU =        0.046 ms (setup)       30.000 (comm)        1.202 (pade)        2.378 (series)       28.030 (mix)        0.086 (add) 
Cl( 2, 2) in Cl( 8, 8) CPU =        0.095 ms (setup)       41.325 (comm)        1.173 (pade)        2.374 (series)       40.187 (mix)        0.086 (add) 
Cl( 3, 2) in Cl( 8, 8) CPU =        1.220 ms (setup)       53.066 (comm)        1.361 (pade)        2.393 (series)       49.480 (mix)        0.086 (add) 
Cl( 3, 3) in Cl( 8, 8) CPU =        2.773 ms (setup)       69.026 (comm)        1.356 (pade)        2.367 (series)       67.487 (mix)        0.087 (add) 
Cl( 4, 3) in Cl( 8, 8) CPU =        2.905 ms (setup)       77.871 (comm)        1.654 (pade)        2.364 (series)       76.854 (mix)        0.088 (add) 
Cl( 4, 4) in Cl( 8, 8) CPU =        3.085 ms (setup)      102.840 (comm)        1.651 (pade)        2.373 (series)      100.175 (mix)        0.093 (add) 
Cl( 5, 4) in Cl( 8, 8) CPU =        1.633 ms (setup)      131.898 (comm)        1.961 (pade)        2.387 (series)      132.286 (mix)        0.089 (add) 
Cl( 5, 5) in Cl( 8, 8) CPU =        2.454 ms (setup)      152.448 (comm)        1.965 (pade)        2.385 (series)      152.034 (mix)        0.091 (add) 
Cl( 6, 5) in Cl( 8, 8) CPU =        5.503 ms (setup)      212.056 (comm)        2.018 (pade)        2.369 (series)      211.148 (mix)        0.088 (add) 
Cl( 6, 6) in Cl( 8, 8) CPU =       11.537 ms (setup)      239.180 (comm)        1.994 (pade)        2.378 (series)      236.987 (mix)        0.090 (add) 
Cl( 7, 6) in Cl( 8, 8) CPU =       22.991 ms (setup)      388.127 (comm)        2.046 (pade)        2.462 (series)      384.803 (mix)        0.088 (add) 
Cl( 7, 7) in Cl( 8, 8) CPU =       43.547 ms (setup)      489.093 (comm)        2.021 (pade)        2.393 (series)      490.137 (mix)        0.089 (add) 
Cl( 8, 7) in Cl( 8, 8) CPU =      102.499 ms (setup)     1082.054 (comm)        2.026 (pade)        2.380 (series)     1082.507 (mix)        0.089 (add) 
Cl( 8, 8) in Cl( 8, 8) CPU =       51.947 ms (setup)     1372.332 (comm)        2.037 (pade)        2.381 (series)     1373.107 (mix)        0.088 (add) 
Fill: 1
Cl( 1, 0) in Cl( 1, 0) CPU =        0.002 ms (setup)        0.005 (comm)        0.002 (pade)        0.001 (series)        0.005 (mix)        0.000 (add) 
Cl( 1, 1) in Cl( 1, 1) CPU =        0.001 ms (setup)        0.007 (comm)        0.001 (pade)        0.001 (series)        0.007 (mix)        0.001 (add) 
Cl( 2, 1) in Cl( 2, 1) CPU =        0.003 ms (setup)        0.025 (comm)        0.002 (pade)        0.001 (series)        0.024 (mix)        0.000 (add) 
Cl( 2, 2) in Cl( 2, 2) CPU =        0.005 ms (setup)        0.038 (comm)        0.002 (pade)        0.001 (series)        0.039 (mix)        0.001 (add) 
Cl( 3, 2) in Cl( 3, 2) CPU =        0.012 ms (setup)        0.141 (comm)        0.004 (pade)        0.001 (series)        0.140 (mix)        0.001 (add) 
Cl( 3, 3) in Cl( 3, 3) CPU =        0.023 ms (setup)        0.231 (comm)        0.003 (pade)        0.002 (series)        0.229 (mix)        0.001 (add) 
Cl( 4, 3) in Cl( 4, 3) CPU =        0.065 ms (setup)        1.026 (comm)        0.009 (pade)        0.005 (series)        1.012 (mix)        0.001 (add) 
Cl( 4, 4) in Cl( 4, 4) CPU =        0.130 ms (setup)        1.572 (comm)        0.009 (pade)        0.005 (series)        1.548 (mix)        0.001 (add) 
Cl( 5, 4) in Cl( 5, 4) CPU =        0.337 ms (setup)        5.992 (comm)        0.021 (pade)        0.011 (series)        5.955 (mix)        0.002 (add) 
Cl( 5, 5) in Cl( 5, 5) CPU =        0.654 ms (setup)        8.838 (comm)        0.021 (pade)        0.012 (series)        8.834 (mix)        0.002 (add) 
Cl( 6, 5) in Cl( 6, 5) CPU =        1.746 ms (setup)       33.436 (comm)        0.073 (pade)        0.058 (series)       33.443 (mix)        0.005 (add) 
Cl( 6, 6) in Cl( 6, 6) CPU =        3.461 ms (setup)       47.032 (comm)        0.075 (pade)        0.058 (series)       47.147 (mix)        0.007 (add) 
Cl( 7, 6) in Cl( 7, 6) CPU =        8.388 ms (setup)      189.673 (comm)        0.353 (pade)        0.374 (series)      187.024 (mix)        0.019 (add) 
Cl( 7, 7) in Cl( 7, 7) CPU =       16.872 ms (setup)      256.548 (comm)        0.349 (pade)        0.378 (series)      254.702 (mix)        0.021 (add) 
Cl( 8, 7) in Cl( 8, 7) CPU =       45.822 ms (setup)     1108.485 (comm)        2.018 (pade)        2.368 (series)     1105.475 (mix)        0.088 (add) 
Cl( 8, 8) in Cl( 8, 8) CPU =       87.826 ms (setup)     1486.467 (comm)        1.998 (pade)        2.384 (series)     1458.155 (mix)        0.099 (add) 
Cl( 1, 0) in Cl( 8, 8) CPU =        0.099 ms (setup)       23.492 (comm)        1.069 (pade)        2.365 (series)       21.855 (mix)        0.112 (add) 
Cl( 1, 1) in Cl( 8, 8) CPU =        0.037 ms (setup)       29.383 (comm)        1.093 (pade)        2.420 (series)       26.791 (mix)        0.085 (add) 
Cl( 2, 1) in Cl( 8, 8) CPU =        0.088 ms (setup)       35.130 (comm)        1.202 (pade)        2.376 (series)       34.280 (mix)        0.085 (add) 
Cl( 2, 2) in Cl( 8, 8) CPU =        2.710 ms (setup)       43.881 (comm)        1.179 (pade)        2.486 (series)       41.741 (mix)        0.085 (add) 
Cl( 3, 2) in Cl( 8, 8) CPU =        2.761 ms (setup)       55.002 (comm)        1.373 (pade)        2.369 (series)       53.003 (mix)        0.094 (add) 
Cl( 3, 3) in Cl( 8, 8) CPU =        2.813 ms (setup)       75.133 (comm)        1.376 (pade)        2.382 (series)       72.490 (mix)        0.097 (add) 
Cl( 4, 3) in Cl( 8, 8) CPU =        3.000 ms (setup)      100.636 (comm)        1.657 (pade)        2.386 (series)      100.029 (mix)        0.088 (add) 
Cl( 4, 4) in Cl( 8, 8) CPU =        1.222 ms (setup)      122.320 (comm)        1.661 (pade)        2.391 (series)      121.510 (mix)        0.088 (add) 
Cl( 5, 4) in Cl( 8, 8) CPU =        1.985 ms (setup)      150.709 (comm)        1.957 (pade)        2.366 (series)      151.511 (mix)        0.088 (add) 
Cl( 5, 5) in Cl( 8, 8) CPU =        3.239 ms (setup)      175.048 (comm)        1.957 (pade)        2.388 (series)      175.185 (mix)        0.091 (add) 
Cl( 6, 5) in Cl( 8, 8) CPU =        9.069 ms (setup)      228.726 (comm)        2.101 (pade)        2.428 (series)      227.389 (mix)        0.100 (add) 
Cl( 6, 6) in Cl( 8, 8) CPU =       12.565 ms (setup)      268.599 (comm)        2.040 (pade)        2.399 (series)      266.877 (mix)        0.087 (add) 
Cl( 7, 6) in Cl( 8, 8) CPU =       31.180 ms (setup)      431.757 (comm)        2.022 (pade)        2.368 (series)      420.965 (mix)        0.097 (add) 
Cl( 7, 7) in Cl( 8, 8) CPU =       57.486 ms (setup)      524.879 (comm)        2.046 (pade)        2.373 (series)      520.188 (mix)        0.090 (add) 
Cl( 8, 7) in Cl( 8, 8) CPU =      136.751 ms (setup)     1144.488 (comm)        2.026 (pade)        2.400 (series)     1145.390 (mix)        0.090 (add) 
Cl( 8, 8) in Cl( 8, 8) CPU =       85.749 ms (setup)     1492.786 (comm)        2.027 (pade)        2.389 (series)     1463.197 (mix)        0.226 (add) 
