expressions/expressions
	linux-vdso.so.1 (0x00007ba6baa12000)
	libarmadillo.so.15 => /lib/libarmadillo.so.15 (0x00007ba6ba8de000)
	libopenblas.so.0 => /usr/lib/x86_64-linux-gnu/libopenblas.so.0 (0x00007ba6b8400000)
	libstdc++.so.6 => /usr/lib/x86_64-linux-gnu/libstdc++.so.6 (0x00007ba6b8000000)
	libm.so.6 => /usr/lib/x86_64-linux-gnu/libm.so.6 (0x00007ba6b82da000)
	libomp.so.5 => /usr/lib/x86_64-linux-gnu/libomp.so.5 (0x00007ba6b7ec9000)
	libgcc_s.so.1 => /usr/lib/x86_64-linux-gnu/libgcc_s.so.1 (0x00007ba6b82ac000)
	libc.so.6 => /usr/lib/x86_64-linux-gnu/libc.so.6 (0x00007ba6b7c00000)
	libblas.so.3 => /lib/x86_64-linux-gnu/libblas.so.3 (0x00007ba6b7400000)
	libarpack.so.2 => /usr/lib/x86_64-linux-gnu/libarpack.so.2 (0x00007ba6b7e7e000)
	libsuperlu.so.7 => /usr/lib/x86_64-linux-gnu/libsuperlu.so.7 (0x00007ba6b7b8b000)
	/lib64/ld-linux-x86-64.so.2 (0x00007ba6baa14000)
	libmvec.so.1 => /usr/lib/x86_64-linux-gnu/libmvec.so.1 (0x00007ba6b7305000)
	libgfortran.so.5 => /usr/lib/x86_64-linux-gnu/libgfortran.so.5 (0x00007ba6b6e00000)
gfft_test/gfft_test
	linux-vdso.so.1 (0x00007d50c5763000)
	libarmadillo.so.15 => /lib/libarmadillo.so.15 (0x00007d50c56a7000)
	libopenblas.so.0 => /usr/lib/x86_64-linux-gnu/libopenblas.so.0 (0x00007d50c31c8000)
	libstdc++.so.6 => /usr/lib/x86_64-linux-gnu/libstdc++.so.6 (0x00007d50c2e00000)
	libm.so.6 => /usr/lib/x86_64-linux-gnu/libm.so.6 (0x00007d50c30a2000)
	libomp.so.5 => /usr/lib/x86_64-linux-gnu/libomp.so.5 (0x00007d50c2cc9000)
	libgcc_s.so.1 => /usr/lib/x86_64-linux-gnu/libgcc_s.so.1 (0x00007d50c2c9b000)
	libc.so.6 => /usr/lib/x86_64-linux-gnu/libc.so.6 (0x00007d50c2a00000)
	libblas.so.3 => /lib/x86_64-linux-gnu/libblas.so.3 (0x00007d50c2200000)
	libarpack.so.2 => /usr/lib/x86_64-linux-gnu/libarpack.so.2 (0x00007d50c2c50000)
	libsuperlu.so.7 => /usr/lib/x86_64-linux-gnu/libsuperlu.so.7 (0x00007d50c298b000)
	/lib64/ld-linux-x86-64.so.2 (0x00007d50c5765000)
	libmvec.so.1 => /usr/lib/x86_64-linux-gnu/libmvec.so.1 (0x00007d50c2105000)
	libgfortran.so.5 => /usr/lib/x86_64-linux-gnu/libgfortran.so.5 (0x00007d50c1c00000)
products/products
	linux-vdso.so.1 (0x0000720f6f33d000)
	libarmadillo.so.15 => /lib/libarmadillo.so.15 (0x0000720f6f220000)
	libopenblas.so.0 => /usr/lib/x86_64-linux-gnu/libopenblas.so.0 (0x0000720f6cd40000)
	libstdc++.so.6 => /usr/lib/x86_64-linux-gnu/libstdc++.so.6 (0x0000720f6ca00000)
	libm.so.6 => /usr/lib/x86_64-linux-gnu/libm.so.6 (0x0000720f6c8da000)
	libomp.so.5 => /usr/lib/x86_64-linux-gnu/libomp.so.5 (0x0000720f6c7a3000)
	libgcc_s.so.1 => /usr/lib/x86_64-linux-gnu/libgcc_s.so.1 (0x0000720f6cd12000)
	libc.so.6 => /usr/lib/x86_64-linux-gnu/libc.so.6 (0x0000720f6c400000)
	libblas.so.3 => /lib/x86_64-linux-gnu/libblas.so.3 (0x0000720f6bc00000)
	libarpack.so.2 => /usr/lib/x86_64-linux-gnu/libarpack.so.2 (0x0000720f6ccc7000)
	libsuperlu.so.7 => /usr/lib/x86_64-linux-gnu/libsuperlu.so.7 (0x0000720f6c72e000)
	/lib64/ld-linux-x86-64.so.2 (0x0000720f6f33f000)
	libmvec.so.1 => /usr/lib/x86_64-linux-gnu/libmvec.so.1 (0x0000720f6c633000)
	libgfortran.so.5 => /usr/lib/x86_64-linux-gnu/libgfortran.so.5 (0x0000720f6b800000)
squaring/squaring
	linux-vdso.so.1 (0x00007276fdb37000)
	libarmadillo.so.15 => /lib/libarmadillo.so.15 (0x00007276fda78000)
	libopenblas.so.0 => /usr/lib/x86_64-linux-gnu/libopenblas.so.0 (0x00007276fb598000)
	libstdc++.so.6 => /usr/lib/x86_64-linux-gnu/libstdc++.so.6 (0x00007276fb200000)
	libm.so.6 => /usr/lib/x86_64-linux-gnu/libm.so.6 (0x00007276fb0da000)
	libomp.so.5 => /usr/lib/x86_64-linux-gnu/libomp.so.5 (0x00007276fafa3000)
	libgcc_s.so.1 => /usr/lib/x86_64-linux-gnu/libgcc_s.so.1 (0x00007276fb56a000)
	libc.so.6 => /usr/lib/x86_64-linux-gnu/libc.so.6 (0x00007276fac00000)
	libblas.so.3 => /lib/x86_64-linux-gnu/libblas.so.3 (0x00007276fa400000)
	libarpack.so.2 => /usr/lib/x86_64-linux-gnu/libarpack.so.2 (0x00007276fb51f000)
	libsuperlu.so.7 => /usr/lib/x86_64-linux-gnu/libsuperlu.so.7 (0x00007276fb4aa000)
	/lib64/ld-linux-x86-64.so.2 (0x00007276fdb39000)
	libmvec.so.1 => /usr/lib/x86_64-linux-gnu/libmvec.so.1 (0x00007276faea8000)
	libgfortran.so.5 => /usr/lib/x86_64-linux-gnu/libgfortran.so.5 (0x00007276fa000000)
transforms/transforms
	linux-vdso.so.1 (0x000071c67e220000)
	libarmadillo.so.15 => /lib/libarmadillo.so.15 (0x000071c67e162000)
	libopenblas.so.0 => /usr/lib/x86_64-linux-gnu/libopenblas.so.0 (0x000071c67bc88000)
	libstdc++.so.6 => /usr/lib/x86_64-linux-gnu/libstdc++.so.6 (0x000071c67b800000)
	libm.so.6 => /usr/lib/x86_64-linux-gnu/libm.so.6 (0x000071c67bb62000)
	libomp.so.5 => /usr/lib/x86_64-linux-gnu/libomp.so.5 (0x000071c67b6c9000)
	libgcc_s.so.1 => /usr/lib/x86_64-linux-gnu/libgcc_s.so.1 (0x000071c67bb34000)
	libc.so.6 => /usr/lib/x86_64-linux-gnu/libc.so.6 (0x000071c67b400000)
	libblas.so.3 => /lib/x86_64-linux-gnu/libblas.so.3 (0x000071c67ac00000)
	libarpack.so.2 => /usr/lib/x86_64-linux-gnu/libarpack.so.2 (0x000071c67bae9000)
	libsuperlu.so.7 => /usr/lib/x86_64-linux-gnu/libsuperlu.so.7 (0x000071c67b654000)
	/lib64/ld-linux-x86-64.so.2 (0x000071c67e222000)
	libmvec.so.1 => /usr/lib/x86_64-linux-gnu/libmvec.so.1 (0x000071c67ab05000)
	libgfortran.so.5 => /usr/lib/x86_64-linux-gnu/libgfortran.so.5 (0x000071c67a600000)
versor/versor
	linux-vdso.so.1 (0x000076d4885b3000)
	libarmadillo.so.15 => /lib/libarmadillo.so.15 (0x000076d4884f2000)
	libopenblas.so.0 => /usr/lib/x86_64-linux-gnu/libopenblas.so.0 (0x000076d486018000)
	libstdc++.so.6 => /usr/lib/x86_64-linux-gnu/libstdc++.so.6 (0x000076d485c00000)
	libm.so.6 => /usr/lib/x86_64-linux-gnu/libm.so.6 (0x000076d485ef2000)
	libomp.so.5 => /usr/lib/x86_64-linux-gnu/libomp.so.5 (0x000076d485ac9000)
	libgcc_s.so.1 => /usr/lib/x86_64-linux-gnu/libgcc_s.so.1 (0x000076d485ec4000)
	libc.so.6 => /usr/lib/x86_64-linux-gnu/libc.so.6 (0x000076d485800000)
	libblas.so.3 => /lib/x86_64-linux-gnu/libblas.so.3 (0x000076d485000000)
	libarpack.so.2 => /usr/lib/x86_64-linux-gnu/libarpack.so.2 (0x000076d485a7e000)
	libsuperlu.so.7 => /usr/lib/x86_64-linux-gnu/libsuperlu.so.7 (0x000076d48578b000)
	/lib64/ld-linux-x86-64.so.2 (0x000076d4885b5000)
	libmvec.so.1 => /usr/lib/x86_64-linux-gnu/libmvec.so.1 (0x000076d484f05000)
	libgfortran.so.5 => /usr/lib/x86_64-linux-gnu/libgfortran.so.5 (0x000076d484a00000)
