
framed_multi<double>
Clifford algebra squaring test:
Fill: 0.5
Cl( 1, 0) in Cl( 1, 0) CPU =        0.021 ms (setup)        0.004 (*) 
Cl( 1, 1) in Cl( 1, 1) CPU =        0.002 ms (setup)        0.001 (*) 
Cl( 2, 1) in Cl( 2, 1) CPU =        0.001 ms (setup)        0.003 (*) 
Cl( 2, 2) in Cl( 2, 2) CPU =        0.002 ms (setup)        0.004 (*) 
Cl( 3, 2) in Cl( 3, 2) CPU =        0.003 ms (setup)        0.007 (*) 
Cl( 3, 3) in Cl( 3, 3) CPU =        0.004 ms (setup)        0.015 (*) 
Cl( 4, 3) in Cl( 4, 3) CPU =        0.008 ms (setup)        0.038 (*) 
Cl( 4, 4) in Cl( 4, 4) CPU =        0.013 ms (setup)        0.236 (*) 
Cl( 5, 4) in Cl( 5, 4) CPU =        0.036 ms (setup)        0.698 (*) 
Cl( 5, 5) in Cl( 5, 5) CPU =        0.053 ms (setup)        0.869 (*) 
Cl( 6, 5) in Cl( 6, 5) CPU =        0.109 ms (setup)        3.329 (*) 
Cl( 6, 6) in Cl( 6, 6) CPU =        0.216 ms (setup)        4.176 (*) 
Cl( 7, 6) in Cl( 7, 6) CPU =        0.439 ms (setup)       16.195 (*) 
Cl( 7, 7) in Cl( 7, 7) CPU =        0.880 ms (setup)       20.222 (*) 
Cl( 8, 7) in Cl( 8, 7) CPU =        1.898 ms (setup)       75.828 (*) 
Cl( 8, 8) in Cl( 8, 8) CPU =        3.976 ms (setup)      100.664 (*) 
Cl( 9, 8) in Cl( 9, 8) CPU =        8.240 ms (setup)      293.822 (*) 
Cl( 9, 9) in Cl( 9, 9) CPU =       16.724 ms (setup)      528.239 (*) 
Cl(10, 9) in Cl(10, 9) CPU =       34.924 ms (setup)     2086.424 (*) 
Cl(10,10) in Cl(10,10) CPU =       88.238 ms (setup)     2998.627 (*) 
Cl(11,10) in Cl(11,10) CPU =      172.744 ms (setup)    12495.281 (*) 
Cl(11,11) in Cl(11,11) CPU =      359.006 ms (setup)    17753.395 (*) 
Fill: 1
Cl( 1, 0) in Cl( 1, 0) CPU =        0.006 ms (setup)        0.004 (*) 
Cl( 1, 1) in Cl( 1, 1) CPU =        0.002 ms (setup)        0.003 (*) 
Cl( 2, 1) in Cl( 2, 1) CPU =        0.001 ms (setup)        0.002 (*) 
Cl( 2, 2) in Cl( 2, 2) CPU =        0.002 ms (setup)        0.004 (*) 
Cl( 3, 2) in Cl( 3, 2) CPU =        0.004 ms (setup)        0.009 (*) 
Cl( 3, 3) in Cl( 3, 3) CPU =        0.007 ms (setup)        0.024 (*) 
Cl( 4, 3) in Cl( 4, 3) CPU =        0.012 ms (setup)        0.066 (*) 
Cl( 4, 4) in Cl( 4, 4) CPU =        0.022 ms (setup)        0.257 (*) 
Cl( 5, 4) in Cl( 5, 4) CPU =        0.044 ms (setup)        0.731 (*) 
Cl( 5, 5) in Cl( 5, 5) CPU =        0.117 ms (setup)        1.048 (*) 
Cl( 6, 5) in Cl( 6, 5) CPU =        0.195 ms (setup)        3.717 (*) 
Cl( 6, 6) in Cl( 6, 6) CPU =        0.379 ms (setup)        5.452 (*) 
Cl( 7, 6) in Cl( 7, 6) CPU =        0.777 ms (setup)       18.166 (*) 
Cl( 7, 7) in Cl( 7, 7) CPU =        1.460 ms (setup)       26.851 (*) 
Cl( 8, 7) in Cl( 8, 7) CPU =        3.189 ms (setup)       91.830 (*) 
Cl( 8, 8) in Cl( 8, 8) CPU =        6.273 ms (setup)      140.441 (*) 
Cl( 9, 8) in Cl( 9, 8) CPU =       12.899 ms (setup)      385.394 (*) 
Cl( 9, 9) in Cl( 9, 9) CPU =       30.688 ms (setup)      763.624 (*) 
Cl(10, 9) in Cl(10, 9) CPU =       66.411 ms (setup)     2859.584 (*) 
Cl(10,10) in Cl(10,10) CPU =      159.810 ms (setup)     4486.446 (*) 
Cl(11,10) in Cl(11,10) CPU =      336.285 ms (setup)    16791.838 (*) 
Cl(11,11) in Cl(11,11) CPU =      604.984 ms (setup)    28215.804 (*) 

matrix_multi<double>
Clifford algebra squaring test:
Fill: 0.5
Cl( 1, 0) in Cl( 1, 0) CPU =        0.034 ms (setup)        0.002 (*) 
Cl( 1, 1) in Cl( 1, 1) CPU =        0.004 ms (setup)        0.001 (*) 
Cl( 2, 1) in Cl( 2, 1) CPU =        0.010 ms (setup)        0.001 (*) 
Cl( 2, 2) in Cl( 2, 2) CPU =        0.008 ms (setup)        0.001 (*) 
Cl( 3, 2) in Cl( 3, 2) CPU =        0.019 ms (setup)        0.004 (*) 
Cl( 3, 3) in Cl( 3, 3) CPU =        0.020 ms (setup)        0.001 (*) 
Cl( 4, 3) in Cl( 4, 3) CPU =        0.029 ms (setup)        0.002 (*) 
Cl( 4, 4) in Cl( 4, 4) CPU =        0.049 ms (setup)        0.001 (*) 
Cl( 5, 4) in Cl( 5, 4) CPU =        0.128 ms (setup)        0.003 (*) 
Cl( 5, 5) in Cl( 5, 5) CPU =        0.223 ms (setup)        0.002 (*) 
Cl( 6, 5) in Cl( 6, 5) CPU =        0.571 ms (setup)        0.012 (*) 
Cl( 6, 6) in Cl( 6, 6) CPU =        1.111 ms (setup)        0.014 (*) 
Cl( 7, 6) in Cl( 7, 6) CPU =        2.634 ms (setup)        0.107 (*) 
Cl( 7, 7) in Cl( 7, 7) CPU =        5.199 ms (setup)        0.098 (*) 
Cl( 8, 7) in Cl( 8, 7) CPU =       14.197 ms (setup)        0.600 (*) 
Cl( 8, 8) in Cl( 8, 8) CPU =       24.528 ms (setup)        0.570 (*) 
Cl( 9, 8) in Cl( 9, 8) CPU =       68.475 ms (setup)        4.392 (*) 
Cl( 9, 9) in Cl( 9, 9) CPU =      121.293 ms (setup)        4.408 (*) 
Cl(10, 9) in Cl(10, 9) CPU =      338.375 ms (setup)       35.409 (*) 
Cl(10,10) in Cl(10,10) CPU =      674.024 ms (setup)       35.971 (*) 
Cl(11,10) in Cl(11,10) CPU =     1935.233 ms (setup)      314.282 (*) 
Cl(11,11) in Cl(11,11) CPU =     3802.860 ms (setup)      270.926 (*) 
Fill: 1
Cl( 1, 0) in Cl( 1, 0) CPU =        0.016 ms (setup)        0.002 (*) 
Cl( 1, 1) in Cl( 1, 1) CPU =        0.007 ms (setup)        0.001 (*) 
Cl( 2, 1) in Cl( 2, 1) CPU =        0.007 ms (setup)        0.001 (*) 
Cl( 2, 2) in Cl( 2, 2) CPU =        0.012 ms (setup)        0.000 (*) 
Cl( 3, 2) in Cl( 3, 2) CPU =        0.013 ms (setup)        0.004 (*) 
Cl( 3, 3) in Cl( 3, 3) CPU =        0.017 ms (setup)        0.001 (*) 
Cl( 4, 3) in Cl( 4, 3) CPU =       17.898 ms (setup)        0.004 (*) 
Cl( 4, 4) in Cl( 4, 4) CPU =        0.083 ms (setup)        0.001 (*) 
Cl( 5, 4) in Cl( 5, 4) CPU =        0.193 ms (setup)        0.003 (*) 
Cl( 5, 5) in Cl( 5, 5) CPU =        0.372 ms (setup)        0.003 (*) 
Cl( 6, 5) in Cl( 6, 5) CPU =        0.925 ms (setup)        0.013 (*) 
Cl( 6, 6) in Cl( 6, 6) CPU =        1.740 ms (setup)        0.012 (*) 
Cl( 7, 6) in Cl( 7, 6) CPU =        4.376 ms (setup)        0.102 (*) 
Cl( 7, 7) in Cl( 7, 7) CPU =        8.816 ms (setup)        0.086 (*) 
Cl( 8, 7) in Cl( 8, 7) CPU =       23.228 ms (setup)        0.622 (*) 
Cl( 8, 8) in Cl( 8, 8) CPU =       43.259 ms (setup)        0.626 (*) 
Cl( 9, 8) in Cl( 9, 8) CPU =      119.254 ms (setup)        4.928 (*) 
Cl( 9, 9) in Cl( 9, 9) CPU =      235.795 ms (setup)        4.537 (*) 
Cl(10, 9) in Cl(10, 9) CPU =      648.009 ms (setup)       33.296 (*) 
Cl(10,10) in Cl(10,10) CPU =     1314.238 ms (setup)       41.684 (*) 
Cl(11,10) in Cl(11,10) CPU =     3899.777 ms (setup)      271.419 (*) 
Cl(11,11) in Cl(11,11) CPU =     7818.681 ms (setup)      260.323 (*) 
