framed_multi<double,DEFAULT_LO,DEFAULT_HI,tuning_naive_p>
Clifford algebra transform test:
Fill: 0.5
Cl( 1, 0) in Cl(16, 0) CPU = mm:       0.48 (old)       3.64 (new) fm:    1282.56 (old)       0.38 (new)  diff: old: 6.43e-15 new: 0.00e+00 fm: 0.00e+00 mm: 6.43e-15
Cl( 2, 0) in Cl(16, 0) CPU = mm:       0.01 (old)       2.06 (new) fm:      63.99 (old)       0.35 (new)  diff: old: 5.10e-15 new: 3.36e-17 fm: 0.00e+00 mm: 5.10e-15
Cl( 3, 0) in Cl(16, 0) CPU = mm:       0.01 (old)       1.93 (new) fm:      66.35 (old)       0.35 (new)  diff: old: 2.68e-15 new: 0.00e+00 fm: 0.00e+00 mm: 2.68e-15
Cl( 4, 0) in Cl(16, 0) CPU = mm:       0.01 (old)       1.87 (new) fm:      64.14 (old)       0.31 (new)  diff: old: 2.32e-15 new: 1.62e-16 fm: 0.00e+00 mm: 2.32e-15
Cl( 5, 0) in Cl(16, 0) CPU = mm:       0.02 (old)       2.01 (new) fm:      64.03 (old)       0.34 (new)  diff: old: 2.84e-15 new: 2.47e-16 fm: 0.00e+00 mm: 2.83e-15
Cl( 6, 0) in Cl(16, 0) CPU = mm:       0.19 (old)       2.14 (new) fm:      64.61 (old)       0.35 (new)  diff: old: 3.12e-15 new: 1.66e-16 fm: 0.00e+00 mm: 3.14e-15
Cl( 7, 0) in Cl(16, 0) CPU = mm:       0.18 (old)       2.27 (new) fm:      64.51 (old)       0.43 (new)  diff: old: 3.98e-15 new: 1.57e-16 fm: 0.00e+00 mm: 3.98e-15
Cl( 8, 0) in Cl(16, 0) CPU = mm:       0.26 (old)       2.39 (new) fm:      66.61 (old)       0.64 (new)  diff: old: 3.04e-15 new: 1.46e-16 fm: 0.00e+00 mm: 3.04e-15
Cl( 9, 0) in Cl(16, 0) CPU = mm:       0.29 (old)       2.90 (new) fm:      64.99 (old)       0.99 (new)  diff: old: 3.16e-15 new: 2.27e-16 fm: 0.00e+00 mm: 2.95e-15
Cl(10, 0) in Cl(16, 0) CPU = mm:       0.62 (old)       3.01 (new) fm:      67.54 (old)       1.81 (new)  diff: old: 2.71e-15 new: 2.24e-16 fm: 5.51e-17 mm: 2.50e-15
Cl(11, 0) in Cl(16, 0) CPU = mm:       1.24 (old)       2.85 (new) fm:      65.66 (old)       2.86 (new)  diff: old: 2.14e-15 new: 3.40e-16 fm: 9.99e-17 mm: 2.00e-15
Cl(12, 0) in Cl(16, 0) CPU = mm:       2.50 (old)       4.15 (new) fm:      66.19 (old)       4.50 (new)  diff: old: 2.12e-15 new: 7.09e-16 fm: 1.36e-16 mm: 1.99e-15
Cl(13, 0) in Cl(16, 0) CPU = mm:       5.34 (old)       6.46 (new) fm:      67.27 (old)       9.70 (new)  diff: old: 2.24e-15 new: 1.38e-15 fm: 1.77e-16 mm: 1.36e-15
Cl(14, 0) in Cl(16, 0) CPU = mm:      11.77 (old)       9.13 (new) fm:      73.85 (old)      16.01 (new)  diff: old: 1.63e-15 new: 1.00e-15 fm: 2.32e-16 mm: 9.89e-16
Cl(15, 0) in Cl(16, 0) CPU = mm:      27.14 (old)      13.96 (new) fm:      74.25 (old)      26.96 (new)  diff: old: 1.15e-15 new: 7.61e-16 fm: 3.02e-16 mm: 6.99e-16
Cl(16, 0) in Cl(16, 0) CPU = mm:      62.41 (old)      24.37 (new) fm:      80.26 (old)      50.47 (new)  diff: old: 6.44e-16 new: 4.08e-16 fm: 4.06e-16 mm: 6.06e-16
Cl( 1, 0) in Cl( 8, 8) CPU = mm:       0.03 (old)       1.23 (new) fm:    1285.48 (old)       0.37 (new)  diff: old: 1.59e-15 new: 0.00e+00 fm: 0.00e+00 mm: 1.59e-15
Cl( 1, 1) in Cl( 8, 8) CPU = mm:       0.01 (old)       1.55 (new) fm:      68.73 (old)       0.27 (new)  diff: old: 3.96e-15 new: 0.00e+00 fm: 0.00e+00 mm: 3.96e-15
Cl( 2, 1) in Cl( 8, 8) CPU = mm:       0.02 (old)       2.00 (new) fm:      67.61 (old)       0.30 (new)  diff: old: 2.92e-15 new: 4.13e-17 fm: 0.00e+00 mm: 2.89e-15
Cl( 2, 2) in Cl( 8, 8) CPU = mm:       0.02 (old)       2.05 (new) fm:      67.64 (old)       0.31 (new)  diff: old: 8.17e-16 new: 2.79e-17 fm: 5.57e-17 mm: 7.93e-16
Cl( 3, 2) in Cl( 8, 8) CPU = mm:       0.04 (old)       1.54 (new) fm:      67.43 (old)       0.29 (new)  diff: old: 3.90e-15 new: 1.99e-16 fm: 4.67e-17 mm: 4.02e-15
Cl( 3, 3) in Cl( 8, 8) CPU = mm:       0.06 (old)       1.45 (new) fm:      67.46 (old)       0.32 (new)  diff: old: 2.49e-15 new: 1.37e-16 fm: 7.63e-17 mm: 2.46e-15
Cl( 4, 3) in Cl( 8, 8) CPU = mm:       0.11 (old)       2.10 (new) fm:      67.94 (old)       0.35 (new)  diff: old: 2.15e-15 new: 1.48e-16 fm: 7.90e-17 mm: 2.20e-15
Cl( 4, 4) in Cl( 8, 8) CPU = mm:       0.16 (old)       1.50 (new) fm:      67.53 (old)       0.42 (new)  diff: old: 8.64e-16 new: 2.02e-16 fm: 1.36e-16 mm: 8.73e-16
Cl( 5, 4) in Cl( 8, 8) CPU = mm:       0.37 (old)       2.16 (new) fm:      69.78 (old)       0.57 (new)  diff: old: 9.82e-16 new: 2.11e-16 fm: 1.18e-16 mm: 1.01e-15
Cl( 5, 5) in Cl( 8, 8) CPU = mm:       0.64 (old)       2.16 (new) fm:      67.31 (old)       0.92 (new)  diff: old: 7.07e-16 new: 2.83e-16 fm: 1.84e-16 mm: 6.54e-16
Cl( 6, 5) in Cl( 8, 8) CPU = mm:       1.48 (old)       2.28 (new) fm:      72.03 (old)       1.52 (new)  diff: old: 7.59e-16 new: 3.17e-16 fm: 1.78e-16 mm: 6.94e-16
Cl( 6, 6) in Cl( 8, 8) CPU = mm:       2.69 (old)       2.80 (new) fm:      71.77 (old)       3.00 (new)  diff: old: 5.34e-16 new: 3.92e-16 fm: 2.24e-16 mm: 5.27e-16
Cl( 7, 6) in Cl( 8, 8) CPU = mm:       6.63 (old)       3.86 (new) fm:      71.00 (old)       6.11 (new)  diff: old: 5.15e-16 new: 4.20e-16 fm: 2.31e-16 mm: 5.21e-16
Cl( 7, 7) in Cl( 8, 8) CPU = mm:      13.39 (old)       6.18 (new) fm:      72.22 (old)      12.25 (new)  diff: old: 5.40e-16 new: 5.21e-16 fm: 3.03e-16 mm: 5.19e-16
Cl( 8, 7) in Cl( 8, 8) CPU = mm:      30.33 (old)      13.58 (new) fm:      75.82 (old)      25.05 (new)  diff: old: 5.29e-16 new: 5.75e-16 fm: 3.05e-16 mm: 5.11e-16
Cl( 8, 8) in Cl( 8, 8) CPU = mm:      64.93 (old)      24.11 (new) fm:      82.91 (old)      45.03 (new)  diff: old: 6.45e-16 new: 4.09e-16 fm: 4.04e-16 mm: 6.07e-16
Cl( 1, 0) in Cl( 1, 0) CPU = mm:       0.01 (old)       0.01 (new) fm:       0.00 (old)       0.00 (new)  diff: old: 0.00e+00 new: 0.00e+00 fm: 0.00e+00 mm: 0.00e+00
Cl( 1, 1) in Cl( 1, 1) CPU = mm:       0.01 (old)       0.00 (new) fm:       0.01 (old)       0.00 (new)  diff: old: 0.00e+00 new: 0.00e+00 fm: 0.00e+00 mm: 0.00e+00
Cl( 2, 1) in Cl( 2, 1) CPU = mm:       0.01 (old)       0.01 (new) fm:       0.01 (old)       0.01 (new)  diff: old: 4.01e-17 new: 4.01e-17 fm: 0.00e+00 mm: 0.00e+00
Cl( 2, 2) in Cl( 2, 2) CPU = mm:       0.01 (old)       0.00 (new) fm:       0.01 (old)       0.00 (new)  diff: old: 5.64e-17 new: 4.46e-17 fm: 0.00e+00 mm: 4.46e-17
Cl( 3, 2) in Cl( 3, 2) CPU = mm:       0.02 (old)       0.01 (new) fm:       0.02 (old)       0.01 (new)  diff: old: 9.87e-17 new: 2.69e-17 fm: 0.00e+00 mm: 7.46e-17
Cl( 3, 3) in Cl( 3, 3) CPU = mm:       0.02 (old)       0.01 (new) fm:       0.04 (old)       0.01 (new)  diff: old: 9.72e-17 new: 1.13e-16 fm: 1.37e-16 mm: 1.60e-16
Cl( 4, 3) in Cl( 4, 3) CPU = mm:       0.05 (old)       0.02 (new) fm:       0.06 (old)       0.04 (new)  diff: old: 1.78e-16 new: 6.47e-17 fm: 8.66e-17 mm: 2.02e-16
Cl( 4, 4) in Cl( 4, 4) CPU = mm:       0.10 (old)       0.04 (new) fm:       0.10 (old)       0.07 (new)  diff: old: 1.48e-16 new: 1.36e-16 fm: 1.30e-16 mm: 1.88e-16
Cl( 5, 4) in Cl( 5, 4) CPU = mm:       0.24 (old)       0.10 (new) fm:       0.24 (old)       0.21 (new)  diff: old: 2.00e-16 new: 1.34e-16 fm: 1.42e-16 mm: 2.12e-16
Cl( 5, 5) in Cl( 5, 5) CPU = mm:       0.41 (old)       0.18 (new) fm:       0.50 (old)       0.39 (new)  diff: old: 2.20e-16 new: 1.73e-16 fm: 1.78e-16 mm: 2.38e-16
Cl( 6, 5) in Cl( 6, 5) CPU = mm:       1.02 (old)       0.47 (new) fm:       1.23 (old)       0.99 (new)  diff: old: 2.83e-16 new: 1.73e-16 fm: 1.75e-16 mm: 2.87e-16
Cl( 6, 6) in Cl( 6, 6) CPU = mm:       1.91 (old)       0.89 (new) fm:       2.55 (old)       1.94 (new)  diff: old: 3.38e-16 new: 2.38e-16 fm: 2.36e-16 mm: 3.36e-16
Cl( 7, 6) in Cl( 7, 6) CPU = mm:       5.09 (old)       2.15 (new) fm:       7.85 (old)       5.26 (new)  diff: old: 3.78e-16 new: 2.28e-16 fm: 2.30e-16 mm: 3.75e-16
Cl( 7, 7) in Cl( 7, 7) CPU = mm:       9.90 (old)       4.23 (new) fm:      14.73 (old)       9.09 (new)  diff: old: 4.61e-16 new: 3.05e-16 fm: 3.01e-16 mm: 4.41e-16
Cl( 8, 7) in Cl( 8, 7) CPU = mm:      30.91 (old)      11.40 (new) fm:      50.19 (old)      25.02 (new)  diff: old: 5.21e-16 new: 3.04e-16 fm: 3.04e-16 mm: 5.05e-16
Cl( 8, 8) in Cl( 8, 8) CPU = mm:      64.34 (old)      21.50 (new) fm:      81.82 (old)      45.27 (new)  diff: old: 6.42e-16 new: 4.09e-16 fm: 4.07e-16 mm: 6.06e-16
Fill: 1
Cl( 1, 0) in Cl(16, 0) CPU = mm:       0.02 (old)       1.05 (new) fm:      72.71 (old)       0.31 (new)  diff: old: 4.99e-15 new: 0.00e+00 fm: 0.00e+00 mm: 4.99e-15
Cl( 2, 0) in Cl(16, 0) CPU = mm:       0.01 (old)       0.48 (new) fm:      72.34 (old)       0.31 (new)  diff: old: 3.56e-15 new: 3.91e-17 fm: 0.00e+00 mm: 3.56e-15
Cl( 3, 0) in Cl(16, 0) CPU = mm:       0.02 (old)       0.50 (new) fm:      74.89 (old)       0.32 (new)  diff: old: 2.12e-15 new: 6.95e-17 fm: 0.00e+00 mm: 2.11e-15
Cl( 4, 0) in Cl(16, 0) CPU = mm:       0.03 (old)       0.49 (new) fm:      72.35 (old)       0.32 (new)  diff: old: 3.30e-15 new: 1.64e-16 fm: 0.00e+00 mm: 3.26e-15
Cl( 5, 0) in Cl(16, 0) CPU = mm:       0.06 (old)       0.50 (new) fm:      72.46 (old)       0.35 (new)  diff: old: 3.36e-15 new: 1.90e-16 fm: 0.00e+00 mm: 3.31e-15
Cl( 6, 0) in Cl(16, 0) CPU = mm:       0.10 (old)       0.51 (new) fm:      72.46 (old)       0.38 (new)  diff: old: 3.22e-15 new: 1.64e-16 fm: 0.00e+00 mm: 3.20e-15
Cl( 7, 0) in Cl(16, 0) CPU = mm:       0.20 (old)       0.59 (new) fm:      72.92 (old)       0.48 (new)  diff: old: 3.59e-15 new: 1.79e-16 fm: 0.00e+00 mm: 3.58e-15
Cl( 8, 0) in Cl(16, 0) CPU = mm:       0.39 (old)       0.79 (new) fm:      73.20 (old)       0.71 (new)  diff: old: 3.16e-15 new: 1.87e-16 fm: 0.00e+00 mm: 3.14e-15
Cl( 9, 0) in Cl(16, 0) CPU = mm:       0.67 (old)       1.09 (new) fm:      74.95 (old)       1.12 (new)  diff: old: 2.93e-15 new: 2.96e-16 fm: 0.00e+00 mm: 2.66e-15
Cl(10, 0) in Cl(16, 0) CPU = mm:       1.42 (old)       1.69 (new) fm:      73.09 (old)       1.78 (new)  diff: old: 2.50e-15 new: 3.01e-16 fm: 9.28e-17 mm: 2.30e-15
Cl(11, 0) in Cl(16, 0) CPU = mm:       2.55 (old)       2.48 (new) fm:      72.07 (old)       2.99 (new)  diff: old: 1.96e-15 new: 4.27e-16 fm: 1.35e-16 mm: 1.83e-15
Cl(12, 0) in Cl(16, 0) CPU = mm:       5.75 (old)       4.23 (new) fm:      72.88 (old)       5.11 (new)  diff: old: 2.13e-15 new: 7.74e-16 fm: 1.75e-16 mm: 2.00e-15
Cl(13, 0) in Cl(16, 0) CPU = mm:      12.06 (old)       7.31 (new) fm:      73.86 (old)       9.78 (new)  diff: old: 2.19e-15 new: 1.38e-15 fm: 2.24e-16 mm: 1.37e-15
Cl(14, 0) in Cl(16, 0) CPU = mm:      27.40 (old)      13.38 (new) fm:      75.68 (old)      16.35 (new)  diff: old: 1.55e-15 new: 1.03e-15 fm: 2.98e-16 mm: 9.80e-16
Cl(15, 0) in Cl(16, 0) CPU = mm:      61.54 (old)      22.40 (new) fm:      77.08 (old)      26.99 (new)  diff: old: 1.23e-15 new: 8.95e-16 fm: 4.07e-16 mm: 8.07e-16
Cl(16, 0) in Cl(16, 0) CPU = mm:     128.47 (old)      44.18 (new) fm:      84.25 (old)      51.79 (new)  diff: old: 7.43e-16 new: 5.53e-16 fm: 5.57e-16 mm: 7.79e-16
Cl( 1, 0) in Cl( 8, 8) CPU = mm:       0.02 (old)       0.64 (new) fm:      75.86 (old)       0.31 (new)  diff: old: 4.50e-15 new: 0.00e+00 fm: 0.00e+00 mm: 4.50e-15
Cl( 1, 1) in Cl( 8, 8) CPU = mm:       0.01 (old)       0.48 (new) fm:      77.06 (old)       0.31 (new)  diff: old: 2.02e-15 new: 0.00e+00 fm: 0.00e+00 mm: 2.01e-15
Cl( 2, 1) in Cl( 8, 8) CPU = mm:       0.02 (old)       0.48 (new) fm:      76.72 (old)       0.31 (new)  diff: old: 1.68e-15 new: 4.26e-17 fm: 0.00e+00 mm: 1.64e-15
Cl( 2, 2) in Cl( 8, 8) CPU = mm:       0.03 (old)       0.50 (new) fm:      76.85 (old)       0.32 (new)  diff: old: 1.44e-15 new: 1.70e-16 fm: 1.57e-16 mm: 1.47e-15
Cl( 3, 2) in Cl( 8, 8) CPU = mm:       0.06 (old)       0.48 (new) fm:      76.18 (old)       0.33 (new)  diff: old: 1.87e-15 new: 9.41e-17 fm: 6.96e-17 mm: 1.94e-15
Cl( 3, 3) in Cl( 8, 8) CPU = mm:       0.10 (old)       0.50 (new) fm:      78.58 (old)       0.35 (new)  diff: old: 1.35e-15 new: 1.81e-16 fm: 1.16e-16 mm: 1.30e-15
Cl( 4, 3) in Cl( 8, 8) CPU = mm:       0.19 (old)       0.52 (new) fm:      77.08 (old)       0.37 (new)  diff: old: 1.26e-15 new: 2.17e-16 fm: 1.17e-16 mm: 1.25e-15
Cl( 4, 4) in Cl( 8, 8) CPU = mm:       0.34 (old)       0.59 (new) fm:      79.49 (old)       0.47 (new)  diff: old: 9.38e-16 new: 2.57e-16 fm: 1.64e-16 mm: 9.12e-16
Cl( 5, 4) in Cl( 8, 8) CPU = mm:       0.72 (old)       0.67 (new) fm:      76.59 (old)       0.61 (new)  diff: old: 9.22e-16 new: 2.73e-16 fm: 1.77e-16 mm: 8.77e-16
Cl( 5, 5) in Cl( 8, 8) CPU = mm:       1.27 (old)       0.90 (new) fm:      76.31 (old)       0.91 (new)  diff: old: 8.02e-16 new: 3.85e-16 fm: 2.22e-16 mm: 7.06e-16
Cl( 6, 5) in Cl( 8, 8) CPU = mm:       2.86 (old)       1.44 (new) fm:      79.54 (old)       1.66 (new)  diff: old: 7.60e-16 new: 3.76e-16 fm: 2.25e-16 mm: 6.67e-16
Cl( 6, 6) in Cl( 8, 8) CPU = mm:       5.90 (old)       2.45 (new) fm:      82.01 (old)       3.17 (new)  diff: old: 5.53e-16 new: 5.08e-16 fm: 3.02e-16 mm: 5.70e-16
Cl( 7, 6) in Cl( 8, 8) CPU = mm:      14.10 (old)       4.77 (new) fm:      81.91 (old)       6.29 (new)  diff: old: 5.65e-16 new: 5.38e-16 fm: 3.01e-16 mm: 5.92e-16
Cl( 7, 7) in Cl( 8, 8) CPU = mm:      30.15 (old)       9.17 (new) fm:      85.31 (old)      12.71 (new)  diff: old: 5.81e-16 new: 7.02e-16 fm: 4.08e-16 mm: 6.13e-16
Cl( 8, 7) in Cl( 8, 8) CPU = mm:      66.44 (old)      19.00 (new) fm:      82.06 (old)      25.64 (new)  diff: old: 5.83e-16 new: 7.40e-16 fm: 4.08e-16 mm: 6.17e-16
Cl( 8, 8) in Cl( 8, 8) CPU = mm:     135.93 (old)      38.98 (new) fm:      86.97 (old)      47.70 (new)  diff: old: 7.45e-16 new: 5.54e-16 fm: 5.56e-16 mm: 7.83e-16
Cl( 1, 0) in Cl( 1, 0) CPU = mm:       0.01 (old)       0.00 (new) fm:       0.00 (old)       0.00 (new)  diff: old: 0.00e+00 new: 0.00e+00 fm: 0.00e+00 mm: 0.00e+00
Cl( 1, 1) in Cl( 1, 1) CPU = mm:       0.01 (old)       0.00 (new) fm:       0.00 (old)       0.00 (new)  diff: old: 0.00e+00 new: 0.00e+00 fm: 0.00e+00 mm: 0.00e+00
Cl( 2, 1) in Cl( 2, 1) CPU = mm:       0.01 (old)       0.00 (new) fm:       0.00 (old)       0.01 (new)  diff: old: 4.15e-17 new: 2.07e-17 fm: 0.00e+00 mm: 2.93e-17
Cl( 2, 2) in Cl( 2, 2) CPU = mm:       0.01 (old)       0.00 (new) fm:       0.00 (old)       0.00 (new)  diff: old: 7.89e-17 new: 8.26e-17 fm: 1.24e-16 mm: 1.56e-16
Cl( 3, 2) in Cl( 3, 2) CPU = mm:       0.03 (old)       0.01 (new) fm:       0.01 (old)       0.02 (new)  diff: old: 1.04e-16 new: 6.91e-17 fm: 8.54e-17 mm: 1.40e-16
Cl( 3, 3) in Cl( 3, 3) CPU = mm:       0.06 (old)       0.01 (new) fm:       0.02 (old)       0.01 (new)  diff: old: 1.35e-16 new: 1.07e-16 fm: 1.11e-16 mm: 1.54e-16
Cl( 4, 3) in Cl( 4, 3) CPU = mm:       0.10 (old)       0.03 (new) fm:       0.03 (old)       0.05 (new)  diff: old: 1.36e-16 new: 1.21e-16 fm: 1.39e-16 mm: 1.94e-16
Cl( 4, 4) in Cl( 4, 4) CPU = mm:       0.17 (old)       0.06 (new) fm:       0.07 (old)       0.07 (new)  diff: old: 1.85e-16 new: 1.74e-16 fm: 1.69e-16 mm: 2.24e-16
Cl( 5, 4) in Cl( 5, 4) CPU = mm:       0.43 (old)       0.15 (new) fm:       0.18 (old)       0.24 (new)  diff: old: 2.18e-16 new: 1.61e-16 fm: 1.74e-16 mm: 2.52e-16
Cl( 5, 5) in Cl( 5, 5) CPU = mm:       0.75 (old)       0.29 (new) fm:       0.48 (old)       0.39 (new)  diff: old: 2.93e-16 new: 2.20e-16 fm: 2.29e-16 mm: 3.27e-16
Cl( 6, 5) in Cl( 6, 5) CPU = mm:       1.92 (old)       0.73 (new) fm:       1.47 (old)       1.11 (new)  diff: old: 2.89e-16 new: 2.18e-16 fm: 2.36e-16 mm: 3.33e-16
Cl( 6, 6) in Cl( 6, 6) CPU = mm:       3.50 (old)       1.40 (new) fm:       2.20 (old)       1.86 (new)  diff: old: 3.77e-16 new: 3.03e-16 fm: 3.03e-16 mm: 4.27e-16
Cl( 7, 6) in Cl( 7, 6) CPU = mm:       9.64 (old)       3.54 (new) fm:       7.05 (old)       5.30 (new)  diff: old: 4.10e-16 new: 2.92e-16 fm: 3.03e-16 mm: 4.43e-16
Cl( 7, 7) in Cl( 7, 7) CPU = mm:      20.97 (old)       7.10 (new) fm:      15.53 (old)       9.10 (new)  diff: old: 5.23e-16 new: 4.02e-16 fm: 4.07e-16 mm: 5.62e-16
Cl( 8, 7) in Cl( 8, 7) CPU = mm:      67.27 (old)      20.52 (new) fm:      51.74 (old)      25.16 (new)  diff: old: 5.81e-16 new: 4.03e-16 fm: 4.12e-16 mm: 6.23e-16
Cl( 8, 8) in Cl( 8, 8) CPU = mm:     136.30 (old)      39.04 (new) fm:      87.89 (old)      45.38 (new)  diff: old: 7.37e-16 new: 5.53e-16 fm: 5.56e-16 mm: 7.79e-16
