
framed_multi<float,-4,4>
Clifford algebra expressions test:
Fill: 0.5
Cl( 1, 0) in Cl( 1, 0) CPU =        0.001 ms (setup)        0.003 (comm)        0.017 (pade)        0.002 (series)        0.001 (mix)        0.006 (add) 
Cl( 1, 1) in Cl( 1, 1) CPU =        0.001 ms (setup)        0.001 (comm)        0.004 (pade)        0.001 (series)        0.000 (mix)        0.001 (add) 
Cl( 2, 1) in Cl( 2, 1) CPU =        0.001 ms (setup)        0.004 (comm)        0.007 (pade)        0.004 (series)        0.001 (mix)        0.002 (add) 
Cl( 2, 2) in Cl( 2, 2) CPU =        0.002 ms (setup)        0.005 (comm)        0.007 (pade)        0.005 (series)        0.002 (mix)        0.002 (add) 
Cl( 3, 2) in Cl( 3, 2) CPU =        0.003 ms (setup)        0.010 (comm)        0.030 (pade)        0.009 (series)        0.003 (mix)        0.003 (add) 
Cl( 3, 3) in Cl( 3, 3) CPU =        0.013 ms (setup)        0.025 (comm)        0.034 (pade)        0.034 (series)        0.007 (mix)        0.005 (add) 
Cl( 4, 3) in Cl( 4, 3) CPU =        0.011 ms (setup)        0.057 (comm)        0.124 (pade)        0.095 (series)        0.015 (mix)        0.009 (add) 
Cl( 4, 4) in Cl( 4, 4) CPU =        0.024 ms (setup)        0.391 (comm)        0.169 (pade)        0.622 (series)        0.049 (mix)        0.024 (add) 
Cl( 1, 0) in Cl( 4, 4) CPU =        0.001 ms (setup)        0.001 (comm)        0.004 (pade)        0.002 (series)        0.000 (mix)        0.001 (add) 
Cl( 1, 1) in Cl( 4, 4) CPU =        0.001 ms (setup)        0.002 (comm)        0.003 (pade)        0.002 (series)        0.001 (mix)        0.001 (add) 
Cl( 2, 1) in Cl( 4, 4) CPU =        0.001 ms (setup)        0.004 (comm)        0.007 (pade)        0.004 (series)        0.001 (mix)        0.002 (add) 
Cl( 2, 2) in Cl( 4, 4) CPU =        0.002 ms (setup)        0.005 (comm)        0.007 (pade)        0.006 (series)        0.002 (mix)        0.002 (add) 
Cl( 3, 2) in Cl( 4, 4) CPU =        0.003 ms (setup)        0.010 (comm)        0.027 (pade)        0.017 (series)        0.003 (mix)        0.003 (add) 
Cl( 3, 3) in Cl( 4, 4) CPU =        0.007 ms (setup)        0.024 (comm)        0.037 (pade)        0.036 (series)        0.007 (mix)        0.005 (add) 
Cl( 4, 3) in Cl( 4, 4) CPU =        0.013 ms (setup)        0.051 (comm)        0.129 (pade)        0.101 (series)        0.015 (mix)        0.011 (add) 
Cl( 4, 4) in Cl( 4, 4) CPU =        0.025 ms (setup)        0.368 (comm)        0.168 (pade)        0.628 (series)        0.049 (mix)        0.019 (add) 
Fill: 1
Cl( 1, 0) in Cl( 1, 0) CPU =        0.001 ms (setup)        0.003 (comm)        0.005 (pade)        0.005 (series)        0.001 (mix)        0.004 (add) 
Cl( 1, 1) in Cl( 1, 1) CPU =        0.001 ms (setup)        0.003 (comm)        0.004 (pade)        0.003 (series)        0.001 (mix)        0.001 (add) 
Cl( 2, 1) in Cl( 2, 1) CPU =        0.001 ms (setup)        0.004 (comm)        0.007 (pade)        0.004 (series)        0.002 (mix)        0.002 (add) 
Cl( 2, 2) in Cl( 2, 2) CPU =        0.002 ms (setup)        0.006 (comm)        0.009 (pade)        0.007 (series)        0.002 (mix)        0.002 (add) 
Cl( 3, 2) in Cl( 3, 2) CPU =        0.004 ms (setup)        0.015 (comm)        0.028 (pade)        0.019 (series)        0.005 (mix)        0.003 (add) 
Cl( 3, 3) in Cl( 3, 3) CPU =        0.007 ms (setup)        0.041 (comm)        0.041 (pade)        0.055 (series)        0.010 (mix)        0.005 (add) 
Cl( 4, 3) in Cl( 4, 3) CPU =        0.015 ms (setup)        0.118 (comm)        0.142 (pade)        0.175 (series)        0.026 (mix)        0.011 (add) 
Cl( 4, 4) in Cl( 4, 4) CPU =        0.033 ms (setup)        0.435 (comm)        0.189 (pade)        0.718 (series)        0.071 (mix)        0.036 (add) 
Cl( 1, 0) in Cl( 4, 4) CPU =        0.001 ms (setup)        0.002 (comm)        0.004 (pade)        0.002 (series)        0.001 (mix)        0.001 (add) 
Cl( 1, 1) in Cl( 4, 4) CPU =        0.001 ms (setup)        0.008 (comm)        0.008 (pade)        0.005 (series)        0.002 (mix)        0.003 (add) 
Cl( 2, 1) in Cl( 4, 4) CPU =        0.002 ms (setup)        0.005 (comm)        0.011 (pade)        0.006 (series)        0.002 (mix)        0.002 (add) 
Cl( 2, 2) in Cl( 4, 4) CPU =        0.003 ms (setup)        0.009 (comm)        0.013 (pade)        0.011 (series)        0.004 (mix)        0.002 (add) 
Cl( 3, 2) in Cl( 4, 4) CPU =        0.005 ms (setup)        0.022 (comm)        0.044 (pade)        0.025 (series)        0.005 (mix)        0.003 (add) 
Cl( 3, 3) in Cl( 4, 4) CPU =        0.007 ms (setup)        0.041 (comm)        0.037 (pade)        0.054 (series)        0.010 (mix)        0.005 (add) 
Cl( 4, 3) in Cl( 4, 4) CPU =        0.015 ms (setup)        0.119 (comm)        0.136 (pade)        0.168 (series)        0.026 (mix)        0.015 (add) 
Cl( 4, 4) in Cl( 4, 4) CPU =        0.032 ms (setup)        0.419 (comm)        0.184 (pade)        0.708 (series)        0.069 (mix)        0.030 (add) 

matrix_multi<float,-4,4>
Clifford algebra expressions test:
Fill: 0.5
Cl( 1, 0) in Cl( 1, 0) CPU =        0.003 ms (setup)        0.007 (comm)        0.003 (pade)        0.004 (series)        0.002 (mix)        0.002 (add) 
Cl( 1, 1) in Cl( 1, 1) CPU =        0.002 ms (setup)        0.005 (comm)        0.002 (pade)        0.001 (series)        0.005 (mix)        0.000 (add) 
Cl( 2, 1) in Cl( 2, 1) CPU =        0.002 ms (setup)        0.026 (comm)        0.003 (pade)        0.001 (series)        0.022 (mix)        0.001 (add) 
Cl( 2, 2) in Cl( 2, 2) CPU =        0.003 ms (setup)        0.033 (comm)        0.002 (pade)        0.001 (series)        0.033 (mix)        0.001 (add) 
Cl( 3, 2) in Cl( 3, 2) CPU =        0.013 ms (setup)        0.119 (comm)        0.004 (pade)        0.003 (series)        0.113 (mix)        0.001 (add) 
Cl( 3, 3) in Cl( 3, 3) CPU =        0.019 ms (setup)        0.180 (comm)        0.004 (pade)        0.002 (series)        0.180 (mix)        0.001 (add) 
Cl( 4, 3) in Cl( 4, 3) CPU =        0.045 ms (setup)        0.865 (comm)        0.007 (pade)        0.003 (series)        0.853 (mix)        0.001 (add) 
Cl( 4, 4) in Cl( 4, 4) CPU =        0.092 ms (setup)        1.301 (comm)        0.007 (pade)        0.003 (series)        1.298 (mix)        0.001 (add) 
Cl( 1, 0) in Cl( 4, 4) CPU =        0.003 ms (setup)        0.023 (comm)        0.005 (pade)        0.005 (series)        0.021 (mix)        0.001 (add) 
Cl( 1, 1) in Cl( 4, 4) CPU =        0.003 ms (setup)        0.030 (comm)        0.007 (pade)        0.003 (series)        0.033 (mix)        0.001 (add) 
Cl( 2, 1) in Cl( 4, 4) CPU =        0.007 ms (setup)        0.060 (comm)        0.007 (pade)        0.003 (series)        0.059 (mix)        0.001 (add) 
Cl( 2, 2) in Cl( 4, 4) CPU =        0.010 ms (setup)        0.073 (comm)        0.007 (pade)        0.002 (series)        0.071 (mix)        0.001 (add) 
Cl( 3, 2) in Cl( 4, 4) CPU =        0.042 ms (setup)        0.197 (comm)        0.007 (pade)        0.003 (series)        0.193 (mix)        0.001 (add) 
Cl( 3, 3) in Cl( 4, 4) CPU =        0.066 ms (setup)        0.291 (comm)        0.007 (pade)        0.003 (series)        0.287 (mix)        0.001 (add) 
Cl( 4, 3) in Cl( 4, 4) CPU =        0.176 ms (setup)        0.814 (comm)        0.007 (pade)        0.003 (series)        0.792 (mix)        0.001 (add) 
Cl( 4, 4) in Cl( 4, 4) CPU =        0.092 ms (setup)        1.333 (comm)        0.007 (pade)        0.003 (series)        1.320 (mix)        0.001 (add) 
Fill: 1
Cl( 1, 0) in Cl( 1, 0) CPU =        0.003 ms (setup)        0.009 (comm)        0.003 (pade)        0.004 (series)        0.005 (mix)        0.001 (add) 
Cl( 1, 1) in Cl( 1, 1) CPU =        0.002 ms (setup)        0.009 (comm)        0.002 (pade)        0.001 (series)        0.007 (mix)        0.001 (add) 
Cl( 2, 1) in Cl( 2, 1) CPU =        0.002 ms (setup)        0.028 (comm)        0.003 (pade)        0.002 (series)        0.026 (mix)        0.000 (add) 
Cl( 2, 2) in Cl( 2, 2) CPU =        0.005 ms (setup)        0.040 (comm)        0.003 (pade)        0.001 (series)        0.039 (mix)        0.001 (add) 
Cl( 3, 2) in Cl( 3, 2) CPU =        0.013 ms (setup)        0.147 (comm)        0.004 (pade)        0.004 (series)        0.144 (mix)        0.001 (add) 
Cl( 3, 3) in Cl( 3, 3) CPU =        0.022 ms (setup)        0.222 (comm)        0.004 (pade)        0.002 (series)        0.220 (mix)        0.001 (add) 
Cl( 4, 3) in Cl( 4, 3) CPU =        0.058 ms (setup)        0.982 (comm)        0.007 (pade)        0.003 (series)        0.970 (mix)        0.001 (add) 
Cl( 4, 4) in Cl( 4, 4) CPU =        0.115 ms (setup)        1.474 (comm)        0.007 (pade)        0.003 (series)        1.458 (mix)        0.001 (add) 
Cl( 1, 0) in Cl( 4, 4) CPU =        0.003 ms (setup)        0.042 (comm)        0.007 (pade)        0.003 (series)        0.044 (mix)        0.001 (add) 
Cl( 1, 1) in Cl( 4, 4) CPU =        0.004 ms (setup)        0.054 (comm)        0.007 (pade)        0.003 (series)        0.052 (mix)        0.001 (add) 
Cl( 2, 1) in Cl( 4, 4) CPU =        0.008 ms (setup)        0.074 (comm)        0.006 (pade)        0.002 (series)        0.071 (mix)        0.001 (add) 
Cl( 2, 2) in Cl( 4, 4) CPU =        0.018 ms (setup)        0.103 (comm)        0.006 (pade)        0.003 (series)        0.101 (mix)        0.001 (add) 
Cl( 3, 2) in Cl( 4, 4) CPU =        0.045 ms (setup)        0.214 (comm)        0.007 (pade)        0.002 (series)        0.212 (mix)        0.001 (add) 
Cl( 3, 3) in Cl( 4, 4) CPU =        0.076 ms (setup)        0.338 (comm)        0.007 (pade)        0.003 (series)        0.333 (mix)        0.001 (add) 
Cl( 4, 3) in Cl( 4, 4) CPU =        0.211 ms (setup)        1.035 (comm)        0.008 (pade)        0.003 (series)        1.030 (mix)        0.001 (add) 
Cl( 4, 4) in Cl( 4, 4) CPU =        0.116 ms (setup)        1.472 (comm)        0.007 (pade)        0.002 (series)        1.461 (mix)        0.001 (add) 

framed_multi<double>
Clifford algebra expressions test:
Fill: 0.5
Cl( 1, 0) in Cl( 1, 0) CPU =        0.001 ms (setup)        0.003 (comm)        0.007 (pade)        0.004 (series)        0.001 (mix)        0.001 (add) 
Cl( 1, 1) in Cl( 1, 1) CPU =        0.001 ms (setup)        0.001 (comm)        0.004 (pade)        0.001 (series)        0.000 (mix)        0.001 (add) 
Cl( 2, 1) in Cl( 2, 1) CPU =        0.001 ms (setup)        0.005 (comm)        0.007 (pade)        0.004 (series)        0.001 (mix)        0.001 (add) 
Cl( 2, 2) in Cl( 2, 2) CPU =        0.005 ms (setup)        0.005 (comm)        0.007 (pade)        0.007 (series)        0.002 (mix)        0.001 (add) 
Cl( 3, 2) in Cl( 3, 2) CPU =        0.004 ms (setup)        0.012 (comm)        0.029 (pade)        0.011 (series)        0.004 (mix)        0.002 (add) 
Cl( 3, 3) in Cl( 3, 3) CPU =        0.007 ms (setup)        0.033 (comm)        0.033 (pade)        0.046 (series)        0.007 (mix)        0.003 (add) 
Cl( 4, 3) in Cl( 4, 3) CPU =        0.013 ms (setup)        0.081 (comm)        0.119 (pade)        0.133 (series)        0.021 (mix)        0.004 (add) 
Cl( 4, 4) in Cl( 4, 4) CPU =        0.030 ms (setup)        0.388 (comm)        0.162 (pade)        0.605 (series)        0.069 (mix)        0.008 (add) 
Cl( 5, 4) in Cl( 5, 4) CPU =        0.060 ms (setup)        1.404 (comm)        0.596 (pade)        2.243 (series)        0.254 (mix)        0.032 (add) 
Cl( 5, 5) in Cl( 5, 5) CPU =        0.122 ms (setup)        2.283 (comm)        0.829 (pade)        3.129 (series)        0.755 (mix)        0.029 (add) 
Cl( 6, 5) in Cl( 6, 5) CPU =        0.246 ms (setup)        7.337 (comm)        2.916 (pade)       11.221 (series)        2.052 (mix)        0.059 (add) 
Cl( 6, 6) in Cl( 6, 6) CPU =        0.493 ms (setup)       13.386 (comm)        4.237 (pade)       15.337 (series)        5.983 (mix)        0.114 (add) 
Cl( 7, 6) in Cl( 7, 6) CPU =        0.995 ms (setup)       42.712 (comm)       13.949 (pade)       54.352 (series)       18.407 (mix)        0.245 (add) 
Cl( 7, 7) in Cl( 7, 7) CPU =        2.058 ms (setup)       86.401 (comm)       19.214 (pade)       76.461 (series)       52.096 (mix)        0.502 (add) 
Cl( 8, 7) in Cl( 8, 7) CPU =        4.149 ms (setup)      280.377 (comm)       72.160 (pade)      267.536 (series)      154.066 (mix)        1.094 (add) 
Cl( 8, 8) in Cl( 8, 8) CPU =        8.300 ms (setup)      636.803 (comm)       99.260 (pade)      378.509 (series)      465.969 (mix)        2.308 (add) 
Cl( 1, 0) in Cl( 8, 8) CPU =        0.002 ms (setup)        0.002 (comm)        0.004 (pade)        0.004 (series)        0.001 (mix)        0.001 (add) 
Cl( 1, 1) in Cl( 8, 8) CPU =        0.002 ms (setup)        0.001 (comm)        0.004 (pade)        0.001 (series)        0.001 (mix)        0.001 (add) 
Cl( 2, 1) in Cl( 8, 8) CPU =        0.001 ms (setup)        0.004 (comm)        0.007 (pade)        0.004 (series)        0.001 (mix)        0.001 (add) 
Cl( 2, 2) in Cl( 8, 8) CPU =        0.002 ms (setup)        0.006 (comm)        0.007 (pade)        0.006 (series)        0.002 (mix)        0.001 (add) 
Cl( 3, 2) in Cl( 8, 8) CPU =        0.003 ms (setup)        0.009 (comm)        0.021 (pade)        0.009 (series)        0.003 (mix)        0.001 (add) 
Cl( 3, 3) in Cl( 8, 8) CPU =        0.007 ms (setup)        0.032 (comm)        0.034 (pade)        0.046 (series)        0.007 (mix)        0.002 (add) 
Cl( 4, 3) in Cl( 8, 8) CPU =        0.013 ms (setup)        0.077 (comm)        0.115 (pade)        0.130 (series)        0.022 (mix)        0.004 (add) 
Cl( 4, 4) in Cl( 8, 8) CPU =        0.027 ms (setup)        0.370 (comm)        0.159 (pade)        0.596 (series)        0.062 (mix)        0.007 (add) 
Cl( 5, 4) in Cl( 8, 8) CPU =        0.060 ms (setup)        1.339 (comm)        0.561 (pade)        2.153 (series)        0.251 (mix)        0.013 (add) 
Cl( 5, 5) in Cl( 8, 8) CPU =        0.114 ms (setup)        2.193 (comm)        0.787 (pade)        3.022 (series)        0.704 (mix)        0.026 (add) 
Cl( 6, 5) in Cl( 8, 8) CPU =        0.237 ms (setup)        7.213 (comm)        2.773 (pade)       10.743 (series)        2.026 (mix)        0.055 (add) 
Cl( 6, 6) in Cl( 8, 8) CPU =        0.483 ms (setup)       12.926 (comm)        3.893 (pade)       15.098 (series)        5.893 (mix)        0.107 (add) 
Cl( 7, 6) in Cl( 8, 8) CPU =        0.989 ms (setup)       41.857 (comm)       13.396 (pade)       51.781 (series)       17.450 (mix)        0.234 (add) 
Cl( 7, 7) in Cl( 8, 8) CPU =        1.988 ms (setup)       87.965 (comm)       18.961 (pade)       75.103 (series)       51.926 (mix)        0.497 (add) 
Cl( 8, 7) in Cl( 8, 8) CPU =        4.092 ms (setup)      282.759 (comm)       68.819 (pade)      263.810 (series)      156.121 (mix)        1.106 (add) 
Cl( 8, 8) in Cl( 8, 8) CPU =        8.373 ms (setup)      638.094 (comm)       98.909 (pade)      389.706 (series)      467.757 (mix)        2.261 (add) 
Fill: 1
Cl( 1, 0) in Cl( 1, 0) CPU =        0.001 ms (setup)        0.003 (comm)        0.006 (pade)        0.005 (series)        0.001 (mix)        0.001 (add) 
Cl( 1, 1) in Cl( 1, 1) CPU =        0.001 ms (setup)        0.003 (comm)        0.003 (pade)        0.003 (series)        0.001 (mix)        0.001 (add) 
Cl( 2, 1) in Cl( 2, 1) CPU =        0.001 ms (setup)        0.004 (comm)        0.007 (pade)        0.004 (series)        0.001 (mix)        0.001 (add) 
Cl( 2, 2) in Cl( 2, 2) CPU =        0.002 ms (setup)        0.007 (comm)        0.009 (pade)        0.009 (series)        0.002 (mix)        0.001 (add) 
Cl( 3, 2) in Cl( 3, 2) CPU =        0.005 ms (setup)        0.019 (comm)        0.029 (pade)        0.029 (series)        0.005 (mix)        0.002 (add) 
Cl( 3, 3) in Cl( 3, 3) CPU =        0.009 ms (setup)        0.053 (comm)        0.036 (pade)        0.074 (series)        0.013 (mix)        0.003 (add) 
Cl( 4, 3) in Cl( 4, 3) CPU =        0.018 ms (setup)        0.171 (comm)        0.128 (pade)        0.256 (series)        0.033 (mix)        0.005 (add) 
Cl( 4, 4) in Cl( 4, 4) CPU =        0.036 ms (setup)        0.450 (comm)        0.176 (pade)        0.668 (series)        0.088 (mix)        0.008 (add) 
Cl( 5, 4) in Cl( 5, 4) CPU =        0.075 ms (setup)        1.480 (comm)        0.615 (pade)        2.379 (series)        0.251 (mix)        0.017 (add) 
Cl( 5, 5) in Cl( 5, 5) CPU =        0.157 ms (setup)        2.473 (comm)        0.892 (pade)        3.465 (series)        0.693 (mix)        0.032 (add) 
Cl( 6, 5) in Cl( 6, 5) CPU =        0.347 ms (setup)        7.998 (comm)        3.115 (pade)       12.220 (series)        2.181 (mix)        0.341 (add) 
Cl( 6, 6) in Cl( 6, 6) CPU =        0.728 ms (setup)       14.764 (comm)        4.617 (pade)       18.003 (series)        5.360 (mix)        0.133 (add) 
Cl( 7, 6) in Cl( 7, 6) CPU =        1.431 ms (setup)       45.175 (comm)       15.169 (pade)       60.456 (series)       15.723 (mix)        0.277 (add) 
Cl( 7, 7) in Cl( 7, 7) CPU =        3.075 ms (setup)       91.254 (comm)       22.746 (pade)       91.501 (series)       44.463 (mix)        0.686 (add) 
Cl( 8, 7) in Cl( 8, 7) CPU =        6.316 ms (setup)      284.699 (comm)       81.754 (pade)      316.334 (series)      130.569 (mix)        1.217 (add) 
Cl( 8, 8) in Cl( 8, 8) CPU =       12.433 ms (setup)      630.363 (comm)      127.218 (pade)      483.009 (series)      393.031 (mix)        3.619 (add) 
Cl( 1, 0) in Cl( 8, 8) CPU =        0.001 ms (setup)        0.004 (comm)        0.005 (pade)        0.005 (series)        0.002 (mix)        0.001 (add) 
Cl( 1, 1) in Cl( 8, 8) CPU =        0.001 ms (setup)        0.004 (comm)        0.005 (pade)        0.003 (series)        0.001 (mix)        0.001 (add) 
Cl( 2, 1) in Cl( 8, 8) CPU =        0.002 ms (setup)        0.004 (comm)        0.007 (pade)        0.005 (series)        0.002 (mix)        0.001 (add) 
Cl( 2, 2) in Cl( 8, 8) CPU =        0.003 ms (setup)        0.007 (comm)        0.009 (pade)        0.012 (series)        0.003 (mix)        0.001 (add) 
Cl( 3, 2) in Cl( 8, 8) CPU =        0.005 ms (setup)        0.018 (comm)        0.028 (pade)        0.025 (series)        0.005 (mix)        0.002 (add) 
Cl( 3, 3) in Cl( 8, 8) CPU =        0.011 ms (setup)        0.052 (comm)        0.036 (pade)        0.074 (series)        0.012 (mix)        0.003 (add) 
Cl( 4, 3) in Cl( 8, 8) CPU =        0.021 ms (setup)        0.161 (comm)        0.128 (pade)        0.248 (series)        0.032 (mix)        0.005 (add) 
Cl( 4, 4) in Cl( 8, 8) CPU =        0.033 ms (setup)        0.441 (comm)        0.180 (pade)        0.672 (series)        0.092 (mix)        0.009 (add) 
Cl( 5, 4) in Cl( 8, 8) CPU =        0.072 ms (setup)        1.465 (comm)        0.609 (pade)        2.323 (series)        0.253 (mix)        0.017 (add) 
Cl( 5, 5) in Cl( 8, 8) CPU =        0.158 ms (setup)        2.452 (comm)        0.885 (pade)        3.427 (series)        0.681 (mix)        0.032 (add) 
Cl( 6, 5) in Cl( 8, 8) CPU =        0.340 ms (setup)        7.953 (comm)        3.086 (pade)       12.081 (series)        1.922 (mix)        0.063 (add) 
Cl( 6, 6) in Cl( 8, 8) CPU =        0.713 ms (setup)       14.341 (comm)        4.540 (pade)       18.831 (series)        5.447 (mix)        0.136 (add) 
Cl( 7, 6) in Cl( 8, 8) CPU =        1.459 ms (setup)       44.922 (comm)       15.081 (pade)       59.293 (series)       15.274 (mix)        0.286 (add) 
Cl( 7, 7) in Cl( 8, 8) CPU =        2.976 ms (setup)       90.992 (comm)       22.625 (pade)       90.933 (series)       44.390 (mix)        0.677 (add) 
Cl( 8, 7) in Cl( 8, 8) CPU =        6.182 ms (setup)      282.184 (comm)       80.911 (pade)      307.127 (series)      129.763 (mix)        1.286 (add) 
Cl( 8, 8) in Cl( 8, 8) CPU =       12.412 ms (setup)      629.109 (comm)      126.603 (pade)      478.841 (series)      393.203 (mix)        4.019 (add) 

matrix_multi<double>
Clifford algebra expressions test:
Fill: 0.5
Cl( 1, 0) in Cl( 1, 0) CPU =        0.005 ms (setup)        0.007 (comm)        0.021 (pade)        0.005 (series)        0.006 (mix)        0.002 (add) 
Cl( 1, 1) in Cl( 1, 1) CPU =        0.015 ms (setup)        0.009 (comm)        0.004 (pade)        0.002 (series)        0.004 (mix)        0.001 (add) 
Cl( 2, 1) in Cl( 2, 1) CPU =        0.004 ms (setup)        0.037 (comm)        0.004 (pade)        0.002 (series)        0.034 (mix)        0.001 (add) 
Cl( 2, 2) in Cl( 2, 2) CPU =        0.005 ms (setup)        0.056 (comm)        0.004 (pade)        0.002 (series)        0.030 (mix)        0.001 (add) 
Cl( 3, 2) in Cl( 3, 2) CPU =        0.018 ms (setup)        0.107 (comm)        0.004 (pade)        0.002 (series)        0.098 (mix)        0.001 (add) 
Cl( 3, 3) in Cl( 3, 3) CPU =        0.019 ms (setup)        0.173 (comm)        0.004 (pade)        0.002 (series)        0.161 (mix)        0.001 (add) 
Cl( 4, 3) in Cl( 4, 3) CPU =        0.050 ms (setup)        0.790 (comm)        0.008 (pade)        0.004 (series)        0.774 (mix)        0.001 (add) 
Cl( 4, 4) in Cl( 4, 4) CPU =        0.095 ms (setup)        1.209 (comm)        0.008 (pade)        0.004 (series)        1.215 (mix)        0.001 (add) 
Cl( 5, 4) in Cl( 5, 4) CPU =        0.224 ms (setup)        4.821 (comm)        0.022 (pade)        0.010 (series)        4.825 (mix)        0.002 (add) 
Cl( 5, 5) in Cl( 5, 5) CPU =        0.441 ms (setup)        7.098 (comm)        0.020 (pade)        0.010 (series)        7.076 (mix)        0.002 (add) 
Cl( 6, 5) in Cl( 6, 5) CPU =        1.012 ms (setup)       27.031 (comm)        0.072 (pade)        0.049 (series)       26.924 (mix)        0.005 (add) 
Cl( 6, 6) in Cl( 6, 6) CPU =        2.003 ms (setup)       38.982 (comm)        0.072 (pade)        0.050 (series)       37.701 (mix)        0.007 (add) 
Cl( 7, 6) in Cl( 7, 6) CPU =        4.721 ms (setup)      154.989 (comm)        0.348 (pade)        0.369 (series)      153.578 (mix)        0.022 (add) 
Cl( 7, 7) in Cl( 7, 7) CPU =        9.405 ms (setup)      205.681 (comm)        0.343 (pade)        0.342 (series)      205.540 (mix)        0.026 (add) 
Cl( 8, 7) in Cl( 8, 7) CPU =       26.570 ms (setup)     1123.264 (comm)        2.057 (pade)        2.249 (series)     1081.827 (mix)        0.261 (add) 
Cl( 8, 8) in Cl( 8, 8) CPU =       49.819 ms (setup)     1205.001 (comm)        2.025 (pade)        2.252 (series)     1206.201 (mix)        0.160 (add) 
Cl( 1, 0) in Cl( 8, 8) CPU =        0.015 ms (setup)       17.270 (comm)        0.746 (pade)        2.188 (series)       15.662 (mix)        0.095 (add) 
Cl( 1, 1) in Cl( 8, 8) CPU =        0.025 ms (setup)       20.107 (comm)        1.051 (pade)        2.216 (series)       19.446 (mix)        0.122 (add) 
Cl( 2, 1) in Cl( 8, 8) CPU =        0.059 ms (setup)       28.713 (comm)        1.167 (pade)        2.222 (series)       27.712 (mix)        0.096 (add) 
Cl( 2, 2) in Cl( 8, 8) CPU =        0.107 ms (setup)       41.393 (comm)        1.161 (pade)        2.231 (series)       39.495 (mix)        0.096 (add) 
Cl( 3, 2) in Cl( 8, 8) CPU =        1.342 ms (setup)       51.222 (comm)        1.355 (pade)        2.231 (series)       50.593 (mix)        0.099 (add) 
Cl( 3, 3) in Cl( 8, 8) CPU =        0.821 ms (setup)       70.019 (comm)        1.361 (pade)        2.235 (series)       68.572 (mix)        0.091 (add) 
Cl( 4, 3) in Cl( 8, 8) CPU =        0.779 ms (setup)       78.942 (comm)        1.633 (pade)        2.409 (series)       68.457 (mix)        0.088 (add) 
Cl( 4, 4) in Cl( 8, 8) CPU =        0.932 ms (setup)      103.580 (comm)        1.639 (pade)        2.410 (series)       94.950 (mix)        0.091 (add) 
Cl( 5, 4) in Cl( 8, 8) CPU =        1.446 ms (setup)      130.822 (comm)        1.962 (pade)        2.313 (series)      121.506 (mix)        0.101 (add) 
Cl( 5, 5) in Cl( 8, 8) CPU =        2.230 ms (setup)      151.696 (comm)        1.941 (pade)        2.239 (series)      150.448 (mix)        0.092 (add) 
Cl( 6, 5) in Cl( 8, 8) CPU =        5.694 ms (setup)      216.962 (comm)        2.024 (pade)        2.235 (series)      216.028 (mix)        0.095 (add) 
Cl( 6, 6) in Cl( 8, 8) CPU =        9.181 ms (setup)      231.720 (comm)        2.112 (pade)        2.323 (series)      229.264 (mix)        0.097 (add) 
Cl( 7, 6) in Cl( 8, 8) CPU =       21.034 ms (setup)      355.644 (comm)        1.986 (pade)        2.240 (series)      350.665 (mix)        0.104 (add) 
Cl( 7, 7) in Cl( 8, 8) CPU =       35.975 ms (setup)      445.084 (comm)        2.034 (pade)        2.241 (series)      438.387 (mix)        0.105 (add) 
Cl( 8, 7) in Cl( 8, 8) CPU =       87.457 ms (setup)      960.775 (comm)        2.072 (pade)        2.272 (series)      963.942 (mix)        0.103 (add) 
Cl( 8, 8) in Cl( 8, 8) CPU =       49.744 ms (setup)     1198.503 (comm)        2.039 (pade)        2.253 (series)     1195.378 (mix)        0.240 (add) 
Fill: 1
Cl( 1, 0) in Cl( 1, 0) CPU =        0.002 ms (setup)        0.008 (comm)        0.003 (pade)        0.004 (series)        0.005 (mix)        0.001 (add) 
Cl( 1, 1) in Cl( 1, 1) CPU =        0.002 ms (setup)        0.007 (comm)        0.002 (pade)        0.001 (series)        0.007 (mix)        0.001 (add) 
Cl( 2, 1) in Cl( 2, 1) CPU =        0.002 ms (setup)        0.030 (comm)        0.003 (pade)        0.001 (series)        0.025 (mix)        0.001 (add) 
Cl( 2, 2) in Cl( 2, 2) CPU =        0.005 ms (setup)        0.037 (comm)        0.002 (pade)        0.001 (series)        0.036 (mix)        0.001 (add) 
Cl( 3, 2) in Cl( 3, 2) CPU =        0.012 ms (setup)        0.134 (comm)        0.004 (pade)        0.002 (series)        0.131 (mix)        0.001 (add) 
Cl( 3, 3) in Cl( 3, 3) CPU =        0.022 ms (setup)        0.214 (comm)        0.003 (pade)        0.002 (series)        0.209 (mix)        0.001 (add) 
Cl( 4, 3) in Cl( 4, 3) CPU =        0.060 ms (setup)        0.963 (comm)        0.009 (pade)        0.004 (series)        0.939 (mix)        0.001 (add) 
Cl( 4, 4) in Cl( 4, 4) CPU =        0.120 ms (setup)        1.398 (comm)        0.009 (pade)        0.004 (series)        1.403 (mix)        0.001 (add) 
Cl( 5, 4) in Cl( 5, 4) CPU =        0.291 ms (setup)        5.315 (comm)        0.020 (pade)        0.010 (series)        5.314 (mix)        0.002 (add) 
Cl( 5, 5) in Cl( 5, 5) CPU =        0.586 ms (setup)        8.544 (comm)        0.021 (pade)        0.011 (series)        7.792 (mix)        0.002 (add) 
Cl( 6, 5) in Cl( 6, 5) CPU =        1.518 ms (setup)       28.890 (comm)        0.071 (pade)        0.049 (series)       28.870 (mix)        0.006 (add) 
Cl( 6, 6) in Cl( 6, 6) CPU =        3.002 ms (setup)       40.072 (comm)        0.076 (pade)        0.049 (series)       40.059 (mix)        0.006 (add) 
Cl( 7, 6) in Cl( 7, 6) CPU =        7.378 ms (setup)      208.078 (comm)        0.342 (pade)        0.351 (series)      198.065 (mix)        0.022 (add) 
Cl( 7, 7) in Cl( 7, 7) CPU =       14.855 ms (setup)      221.026 (comm)        0.367 (pade)        0.364 (series)      220.004 (mix)        0.022 (add) 
Cl( 8, 7) in Cl( 8, 7) CPU =       40.968 ms (setup)     1153.552 (comm)        2.042 (pade)        2.232 (series)     1113.188 (mix)        0.198 (add) 
Cl( 8, 8) in Cl( 8, 8) CPU =       84.273 ms (setup)     1270.052 (comm)        1.973 (pade)        2.246 (series)     1294.725 (mix)        0.238 (add) 
Cl( 1, 0) in Cl( 8, 8) CPU =        0.022 ms (setup)       22.973 (comm)        1.020 (pade)        2.218 (series)       21.654 (mix)        0.103 (add) 
Cl( 1, 1) in Cl( 8, 8) CPU =        0.043 ms (setup)       27.640 (comm)        1.032 (pade)        2.230 (series)       26.253 (mix)        0.101 (add) 
Cl( 2, 1) in Cl( 8, 8) CPU =        0.093 ms (setup)       34.831 (comm)        1.169 (pade)        2.220 (series)       34.046 (mix)        0.097 (add) 
Cl( 2, 2) in Cl( 8, 8) CPU =        0.629 ms (setup)       39.318 (comm)        1.216 (pade)        2.216 (series)       42.305 (mix)        0.102 (add) 
Cl( 3, 2) in Cl( 8, 8) CPU =        1.723 ms (setup)       56.389 (comm)        1.459 (pade)        2.384 (series)       53.569 (mix)        0.101 (add) 
Cl( 3, 3) in Cl( 8, 8) CPU =        0.823 ms (setup)       76.313 (comm)        1.372 (pade)        2.218 (series)       67.465 (mix)        0.308 (add) 
Cl( 4, 3) in Cl( 8, 8) CPU =        1.631 ms (setup)      100.819 (comm)        1.631 (pade)        2.236 (series)       99.127 (mix)        0.095 (add) 
Cl( 4, 4) in Cl( 8, 8) CPU =        1.045 ms (setup)      120.150 (comm)        1.649 (pade)        2.229 (series)      120.535 (mix)        0.099 (add) 
Cl( 5, 4) in Cl( 8, 8) CPU =        3.764 ms (setup)      148.943 (comm)        1.921 (pade)        2.236 (series)      147.060 (mix)        0.104 (add) 
Cl( 5, 5) in Cl( 8, 8) CPU =        2.764 ms (setup)      170.899 (comm)        1.992 (pade)        2.232 (series)      171.038 (mix)        0.099 (add) 
Cl( 6, 5) in Cl( 8, 8) CPU =        9.104 ms (setup)      226.666 (comm)        2.009 (pade)        2.228 (series)      227.035 (mix)        0.093 (add) 
Cl( 6, 6) in Cl( 8, 8) CPU =       10.694 ms (setup)      256.665 (comm)        2.042 (pade)        2.315 (series)      256.507 (mix)        0.099 (add) 
Cl( 7, 6) in Cl( 8, 8) CPU =       26.244 ms (setup)      397.700 (comm)        2.025 (pade)        2.238 (series)      393.148 (mix)        0.101 (add) 
Cl( 7, 7) in Cl( 8, 8) CPU =       48.485 ms (setup)      481.790 (comm)        2.034 (pade)        2.292 (series)      479.421 (mix)        0.112 (add) 
Cl( 8, 7) in Cl( 8, 8) CPU =      124.380 ms (setup)     1005.300 (comm)        1.986 (pade)        2.258 (series)     1010.741 (mix)        0.114 (add) 
Cl( 8, 8) in Cl( 8, 8) CPU =       82.281 ms (setup)     1299.973 (comm)        2.014 (pade)        2.240 (series)     1278.361 (mix)        0.183 (add) 
