expressions/expressions
	linux-vdso.so.1 (0x00007323dca77000)
	libarmadillo.so.15 => /lib/libarmadillo.so.15 (0x00007323dc3c3000)
	libflexiblas.so.3 => /usr/lib/x86_64-linux-gnu/libflexiblas.so.3 (0x00007323dbc00000)
	libstdc++.so.6 => /usr/lib/x86_64-linux-gnu/libstdc++.so.6 (0x00007323db800000)
	libm.so.6 => /usr/lib/x86_64-linux-gnu/libm.so.6 (0x00007323dbada000)
	libgcc_s.so.1 => /usr/lib/x86_64-linux-gnu/libgcc_s.so.1 (0x00007323dc395000)
	libc.so.6 => /usr/lib/x86_64-linux-gnu/libc.so.6 (0x00007323db400000)
	libarpack.so.2 => /usr/lib/x86_64-linux-gnu/libarpack.so.2 (0x00007323dc34a000)
	libsuperlu.so.7 => /usr/lib/x86_64-linux-gnu/libsuperlu.so.7 (0x00007323db78b000)
	/lib64/ld-linux-x86-64.so.2 (0x00007323dca79000)
	libgfortran.so.5 => /usr/lib/x86_64-linux-gnu/libgfortran.so.5 (0x00007323db000000)
gfft_test/gfft_test
	linux-vdso.so.1 (0x00007d7133943000)
	libarmadillo.so.15 => /lib/libarmadillo.so.15 (0x00007d71338fe000)
	libflexiblas.so.3 => /usr/lib/x86_64-linux-gnu/libflexiblas.so.3 (0x00007d7132e00000)
	libstdc++.so.6 => /usr/lib/x86_64-linux-gnu/libstdc++.so.6 (0x00007d7132a00000)
	libm.so.6 => /usr/lib/x86_64-linux-gnu/libm.so.6 (0x00007d7132cda000)
	libgcc_s.so.1 => /usr/lib/x86_64-linux-gnu/libgcc_s.so.1 (0x00007d71335d2000)
	libc.so.6 => /usr/lib/x86_64-linux-gnu/libc.so.6 (0x00007d7132600000)
	libarpack.so.2 => /usr/lib/x86_64-linux-gnu/libarpack.so.2 (0x00007d7133587000)
	libsuperlu.so.7 => /usr/lib/x86_64-linux-gnu/libsuperlu.so.7 (0x00007d713298b000)
	/lib64/ld-linux-x86-64.so.2 (0x00007d7133945000)
	libgfortran.so.5 => /usr/lib/x86_64-linux-gnu/libgfortran.so.5 (0x00007d7132200000)
products/products
	linux-vdso.so.1 (0x0000710876843000)
	libarmadillo.so.15 => /lib/libarmadillo.so.15 (0x00007108767fe000)
	libflexiblas.so.3 => /usr/lib/x86_64-linux-gnu/libflexiblas.so.3 (0x0000710875a00000)
	libstdc++.so.6 => /usr/lib/x86_64-linux-gnu/libstdc++.so.6 (0x0000710875600000)
	libm.so.6 => /usr/lib/x86_64-linux-gnu/libm.so.6 (0x00007108758da000)
	libgcc_s.so.1 => /usr/lib/x86_64-linux-gnu/libgcc_s.so.1 (0x00007108767d0000)
	libc.so.6 => /usr/lib/x86_64-linux-gnu/libc.so.6 (0x0000710875200000)
	libarpack.so.2 => /usr/lib/x86_64-linux-gnu/libarpack.so.2 (0x00007108761b5000)
	libsuperlu.so.7 => /usr/lib/x86_64-linux-gnu/libsuperlu.so.7 (0x0000710876140000)
	/lib64/ld-linux-x86-64.so.2 (0x0000710876845000)
	libgfortran.so.5 => /usr/lib/x86_64-linux-gnu/libgfortran.so.5 (0x0000710874e00000)
squaring/squaring
	linux-vdso.so.1 (0x00007f650c783000)
	libarmadillo.so.15 => /lib/libarmadillo.so.15 (0x00007f650c73e000)
	libflexiblas.so.3 => /usr/lib/x86_64-linux-gnu/libflexiblas.so.3 (0x00007f650bc00000)
	libstdc++.so.6 => /usr/lib/x86_64-linux-gnu/libstdc++.so.6 (0x00007f650b800000)
	libm.so.6 => /usr/lib/x86_64-linux-gnu/libm.so.6 (0x00007f650bada000)
	libgcc_s.so.1 => /usr/lib/x86_64-linux-gnu/libgcc_s.so.1 (0x00007f650c3d2000)
	libc.so.6 => /usr/lib/x86_64-linux-gnu/libc.so.6 (0x00007f650b400000)
	libarpack.so.2 => /usr/lib/x86_64-linux-gnu/libarpack.so.2 (0x00007f650c387000)
	libsuperlu.so.7 => /usr/lib/x86_64-linux-gnu/libsuperlu.so.7 (0x00007f650b78b000)
	/lib64/ld-linux-x86-64.so.2 (0x00007f650c785000)
	libgfortran.so.5 => /usr/lib/x86_64-linux-gnu/libgfortran.so.5 (0x00007f650b000000)
transforms/transforms
	linux-vdso.so.1 (0x00007eb290483000)
	libarmadillo.so.15 => /lib/libarmadillo.so.15 (0x00007eb29043e000)
	libflexiblas.so.3 => /usr/lib/x86_64-linux-gnu/libflexiblas.so.3 (0x00007eb28f800000)
	libstdc++.so.6 => /usr/lib/x86_64-linux-gnu/libstdc++.so.6 (0x00007eb28f400000)
	libm.so.6 => /usr/lib/x86_64-linux-gnu/libm.so.6 (0x00007eb290318000)
	libgcc_s.so.1 => /usr/lib/x86_64-linux-gnu/libgcc_s.so.1 (0x00007eb28ffd2000)
	libc.so.6 => /usr/lib/x86_64-linux-gnu/libc.so.6 (0x00007eb28f000000)
	libarpack.so.2 => /usr/lib/x86_64-linux-gnu/libarpack.so.2 (0x00007eb28ff87000)
	libsuperlu.so.7 => /usr/lib/x86_64-linux-gnu/libsuperlu.so.7 (0x00007eb28f78b000)
	/lib64/ld-linux-x86-64.so.2 (0x00007eb290485000)
	libgfortran.so.5 => /usr/lib/x86_64-linux-gnu/libgfortran.so.5 (0x00007eb28ec00000)
versor/versor
	linux-vdso.so.1 (0x000073c0bebe5000)
	libarmadillo.so.15 => /lib/libarmadillo.so.15 (0x000073c0beba0000)
	libflexiblas.so.3 => /usr/lib/x86_64-linux-gnu/libflexiblas.so.3 (0x000073c0be000000)
	libstdc++.so.6 => /usr/lib/x86_64-linux-gnu/libstdc++.so.6 (0x000073c0bdc00000)
	libm.so.6 => /usr/lib/x86_64-linux-gnu/libm.so.6 (0x000073c0bdeda000)
	libgcc_s.so.1 => /usr/lib/x86_64-linux-gnu/libgcc_s.so.1 (0x000073c0beb72000)
	libc.so.6 => /usr/lib/x86_64-linux-gnu/libc.so.6 (0x000073c0bd800000)
	libarpack.so.2 => /usr/lib/x86_64-linux-gnu/libarpack.so.2 (0x000073c0be7b5000)
	libsuperlu.so.7 => /usr/lib/x86_64-linux-gnu/libsuperlu.so.7 (0x000073c0be740000)
	/lib64/ld-linux-x86-64.so.2 (0x000073c0bebe7000)
	libgfortran.so.5 => /usr/lib/x86_64-linux-gnu/libgfortran.so.5 (0x000073c0bd400000)
