
framed_multi<float,-4,4>
Clifford algebra products test:
Fill: 0.5
Cl( 1, 0) in Cl( 1, 0) CPU =        0.001 ms (setup)        0.001 (*)        0.002 (^)        0.001 (&)        0.001 (%) 
Cl( 1, 1) in Cl( 1, 1) CPU =        0.001 ms (setup)        0.001 (*)        0.001 (^)        0.001 (&)        0.001 (%) 
Cl( 2, 1) in Cl( 2, 1) CPU =        0.001 ms (setup)        0.002 (*)        0.001 (^)        0.001 (&)        0.001 (%) 
Cl( 2, 2) in Cl( 2, 2) CPU =        0.001 ms (setup)        0.002 (*)        0.002 (^)        0.001 (&)        0.001 (%) 
Cl( 3, 2) in Cl( 3, 2) CPU =        0.002 ms (setup)        0.003 (*)        0.003 (^)        0.002 (&)        0.002 (%) 
Cl( 3, 3) in Cl( 3, 3) CPU =        0.003 ms (setup)        0.007 (*)        0.005 (^)        0.003 (&)        0.003 (%) 
Cl( 4, 3) in Cl( 4, 3) CPU =        0.007 ms (setup)        0.020 (*)        0.013 (^)        0.007 (&)        0.007 (%) 
Cl( 4, 4) in Cl( 4, 4) CPU =        0.013 ms (setup)        0.155 (*)        0.033 (^)        0.022 (&)        0.015 (%) 
Cl( 1, 0) in Cl( 4, 4) CPU =        0.001 ms (setup)        0.000 (*)        0.001 (^)        0.001 (&)        0.001 (%) 
Cl( 1, 1) in Cl( 4, 4) CPU =        0.001 ms (setup)        0.001 (*)        0.001 (^)        0.001 (&)        0.001 (%) 
Cl( 2, 1) in Cl( 4, 4) CPU =        0.001 ms (setup)        0.002 (*)        0.001 (^)        0.001 (&)        0.001 (%) 
Cl( 2, 2) in Cl( 4, 4) CPU =        0.001 ms (setup)        0.001 (*)        0.002 (^)        0.001 (&)        0.001 (%) 
Cl( 3, 2) in Cl( 4, 4) CPU =        0.002 ms (setup)        0.004 (*)        0.003 (^)        0.002 (&)        0.002 (%) 
Cl( 3, 3) in Cl( 4, 4) CPU =        0.003 ms (setup)        0.009 (*)        0.005 (^)        0.003 (&)        0.003 (%) 
Cl( 4, 3) in Cl( 4, 4) CPU =        0.007 ms (setup)        0.021 (*)        0.013 (^)        0.009 (&)        0.007 (%) 
Cl( 4, 4) in Cl( 4, 4) CPU =        0.013 ms (setup)        0.143 (*)        0.035 (^)        0.021 (&)        0.015 (%) 
Fill: 1
Cl( 1, 0) in Cl( 1, 0) CPU =        0.002 ms (setup)        0.001 (*)        0.004 (^)        0.001 (&)        0.001 (%) 
Cl( 1, 1) in Cl( 1, 1) CPU =        0.001 ms (setup)        0.001 (*)        0.001 (^)        0.001 (&)        0.001 (%) 
Cl( 2, 1) in Cl( 2, 1) CPU =        0.001 ms (setup)        0.001 (*)        0.001 (^)        0.001 (&)        0.001 (%) 
Cl( 2, 2) in Cl( 2, 2) CPU =        0.001 ms (setup)        0.002 (*)        0.002 (^)        0.002 (&)        0.001 (%) 
Cl( 3, 2) in Cl( 3, 2) CPU =        0.002 ms (setup)        0.005 (*)        0.003 (^)        0.003 (&)        0.002 (%) 
Cl( 3, 3) in Cl( 3, 3) CPU =        0.004 ms (setup)        0.013 (*)        0.005 (^)        0.005 (&)        0.005 (%) 
Cl( 4, 3) in Cl( 4, 3) CPU =        0.008 ms (setup)        0.044 (*)        0.011 (^)        0.014 (&)        0.010 (%) 
Cl( 4, 4) in Cl( 4, 4) CPU =        0.018 ms (setup)        0.180 (*)        0.027 (^)        0.040 (&)        0.026 (%) 
Cl( 1, 0) in Cl( 4, 4) CPU =        0.001 ms (setup)        0.001 (*)        0.001 (^)        0.001 (&)        0.001 (%) 
Cl( 1, 1) in Cl( 4, 4) CPU =        0.001 ms (setup)        0.001 (*)        0.001 (^)        0.001 (&)        0.001 (%) 
Cl( 2, 1) in Cl( 4, 4) CPU =        0.001 ms (setup)        0.002 (*)        0.001 (^)        0.001 (&)        0.001 (%) 
Cl( 2, 2) in Cl( 4, 4) CPU =        0.001 ms (setup)        0.003 (*)        0.002 (^)        0.001 (&)        0.002 (%) 
Cl( 3, 2) in Cl( 4, 4) CPU =        0.002 ms (setup)        0.005 (*)        0.003 (^)        0.003 (&)        0.002 (%) 
Cl( 3, 3) in Cl( 4, 4) CPU =        0.005 ms (setup)        0.013 (*)        0.005 (^)        0.006 (&)        0.005 (%) 
Cl( 4, 3) in Cl( 4, 4) CPU =        0.009 ms (setup)        0.044 (*)        0.011 (^)        0.017 (&)        0.011 (%) 
Cl( 4, 4) in Cl( 4, 4) CPU =        0.018 ms (setup)        0.180 (*)        0.027 (^)        0.041 (&)        0.026 (%) 

matrix_multi<float,-4,4>
Clifford algebra products test:
Fill: 0.5
Cl( 1, 0) in Cl( 1, 0) CPU =        0.015 ms (setup)        0.004 (*)        0.004 (^)        0.003 (&)        0.004 (%) 
Cl( 1, 1) in Cl( 1, 1) CPU =        0.002 ms (setup)        0.001 (*)        0.003 (^)        0.002 (&)        0.002 (%) 
Cl( 2, 1) in Cl( 2, 1) CPU =        0.001 ms (setup)        0.000 (*)        0.004 (^)        0.007 (&)        0.007 (%) 
Cl( 2, 2) in Cl( 2, 2) CPU =        0.004 ms (setup)        0.000 (*)        0.017 (^)        0.011 (&)        0.015 (%) 
Cl( 3, 2) in Cl( 3, 2) CPU =        0.006 ms (setup)        0.001 (*)        0.067 (^)        0.054 (&)        0.060 (%) 
Cl( 3, 3) in Cl( 3, 3) CPU =        0.010 ms (setup)        0.001 (*)        0.087 (^)        0.087 (&)        0.087 (%) 
Cl( 4, 3) in Cl( 4, 3) CPU =        0.024 ms (setup)        0.001 (*)        0.389 (^)        0.374 (&)        0.382 (%) 
Cl( 4, 4) in Cl( 4, 4) CPU =        0.049 ms (setup)        0.001 (*)        0.637 (^)        0.634 (&)        0.655 (%) 
Cl( 1, 0) in Cl( 4, 4) CPU =        0.001 ms (setup)        0.001 (*)        0.004 (^)        0.004 (&)        0.003 (%) 
Cl( 1, 1) in Cl( 4, 4) CPU =        0.005 ms (setup)        0.001 (*)        0.029 (^)        0.018 (&)        0.025 (%) 
Cl( 2, 1) in Cl( 4, 4) CPU =        0.005 ms (setup)        0.001 (*)        0.036 (^)        0.022 (&)        0.027 (%) 
Cl( 2, 2) in Cl( 4, 4) CPU =        0.011 ms (setup)        0.001 (*)        0.055 (^)        0.036 (&)        0.044 (%) 
Cl( 3, 2) in Cl( 4, 4) CPU =        0.024 ms (setup)        0.001 (*)        0.072 (^)        0.066 (&)        0.067 (%) 
Cl( 3, 3) in Cl( 4, 4) CPU =        0.035 ms (setup)        0.001 (*)        0.138 (^)        0.116 (&)        0.118 (%) 
Cl( 4, 3) in Cl( 4, 4) CPU =        0.087 ms (setup)        0.001 (*)        0.517 (^)        0.450 (&)        0.409 (%) 
Cl( 4, 4) in Cl( 4, 4) CPU =        0.046 ms (setup)        0.001 (*)        0.597 (^)        0.936 (&)        0.636 (%) 
Fill: 1
Cl( 1, 0) in Cl( 1, 0) CPU =        0.001 ms (setup)        0.003 (*)        0.004 (^)        0.004 (&)        0.004 (%) 
Cl( 1, 1) in Cl( 1, 1) CPU =        0.001 ms (setup)        0.000 (*)        0.005 (^)        0.003 (&)        0.005 (%) 
Cl( 2, 1) in Cl( 2, 1) CPU =        0.002 ms (setup)        0.000 (*)        0.013 (^)        0.011 (&)        0.013 (%) 
Cl( 2, 2) in Cl( 2, 2) CPU =        0.003 ms (setup)        0.001 (*)        0.022 (^)        0.017 (&)        0.020 (%) 
Cl( 3, 2) in Cl( 3, 2) CPU =        0.006 ms (setup)        0.001 (*)        0.068 (^)        0.070 (&)        0.071 (%) 
Cl( 3, 3) in Cl( 3, 3) CPU =        0.011 ms (setup)        0.001 (*)        0.106 (^)        0.098 (&)        0.105 (%) 
Cl( 4, 3) in Cl( 4, 3) CPU =        0.030 ms (setup)        0.001 (*)        0.460 (^)        0.487 (&)        0.488 (%) 
Cl( 4, 4) in Cl( 4, 4) CPU =        0.063 ms (setup)        0.001 (*)        0.725 (^)        0.717 (&)        0.737 (%) 
Cl( 1, 0) in Cl( 4, 4) CPU =        0.005 ms (setup)        0.001 (*)        0.024 (^)        0.017 (&)        0.021 (%) 
Cl( 1, 1) in Cl( 4, 4) CPU =        0.002 ms (setup)        0.001 (*)        0.029 (^)        0.018 (&)        0.025 (%) 
Cl( 2, 1) in Cl( 4, 4) CPU =        0.005 ms (setup)        0.001 (*)        0.044 (^)        0.030 (&)        0.035 (%) 
Cl( 2, 2) in Cl( 4, 4) CPU =        0.010 ms (setup)        0.001 (*)        0.059 (^)        0.039 (&)        0.046 (%) 
Cl( 3, 2) in Cl( 4, 4) CPU =        0.024 ms (setup)        0.001 (*)        0.128 (^)        0.092 (&)        0.095 (%) 
Cl( 3, 3) in Cl( 4, 4) CPU =        0.040 ms (setup)        0.001 (*)        0.181 (^)        0.144 (&)        0.155 (%) 
Cl( 4, 3) in Cl( 4, 4) CPU =        0.108 ms (setup)        0.001 (*)        0.527 (^)        0.481 (&)        0.484 (%) 
Cl( 4, 4) in Cl( 4, 4) CPU =        0.064 ms (setup)        0.001 (*)        0.714 (^)        0.710 (&)        0.722 (%) 

framed_multi<double>
Clifford algebra products test:
Fill: 0.5
Cl( 1, 0) in Cl( 1, 0) CPU =        0.001 ms (setup)        0.001 (*)        0.001 (^)        0.001 (&)        0.003 (%) 
Cl( 1, 1) in Cl( 1, 1) CPU =        0.001 ms (setup)        0.001 (*)        0.000 (^)        0.001 (&)        0.001 (%) 
Cl( 2, 1) in Cl( 2, 1) CPU =        0.001 ms (setup)        0.002 (*)        0.001 (^)        0.001 (&)        0.002 (%) 
Cl( 2, 2) in Cl( 2, 2) CPU =        0.001 ms (setup)        0.002 (*)        0.002 (^)        0.002 (&)        0.002 (%) 
Cl( 3, 2) in Cl( 3, 2) CPU =        0.002 ms (setup)        0.004 (*)        0.002 (^)        0.003 (&)        0.003 (%) 
Cl( 3, 3) in Cl( 3, 3) CPU =        0.003 ms (setup)        0.009 (*)        0.005 (^)        0.005 (&)        0.005 (%) 
Cl( 4, 3) in Cl( 4, 3) CPU =        0.007 ms (setup)        0.031 (*)        0.012 (^)        0.014 (&)        0.013 (%) 
Cl( 4, 4) in Cl( 4, 4) CPU =        0.013 ms (setup)        0.143 (*)        0.033 (^)        0.030 (&)        0.030 (%) 
Cl( 5, 4) in Cl( 5, 4) CPU =        0.026 ms (setup)        0.507 (*)        0.117 (^)        0.109 (&)        0.084 (%) 
Cl( 5, 5) in Cl( 5, 5) CPU =        0.054 ms (setup)        0.715 (*)        0.424 (^)        0.290 (&)        0.201 (%) 
Cl( 6, 5) in Cl( 6, 5) CPU =        0.113 ms (setup)        2.621 (*)        1.277 (^)        0.883 (&)        0.575 (%) 
Cl( 6, 6) in Cl( 6, 6) CPU =        0.229 ms (setup)        3.789 (*)        3.607 (^)        2.614 (&)        1.504 (%) 
Cl( 7, 6) in Cl( 7, 6) CPU =        0.480 ms (setup)       13.305 (*)       10.686 (^)        8.111 (&)        4.585 (%) 
Cl( 7, 7) in Cl( 7, 7) CPU =        0.977 ms (setup)       18.396 (*)       31.114 (^)       24.163 (&)       12.815 (%) 
Cl( 8, 7) in Cl( 8, 7) CPU =        1.984 ms (setup)       65.966 (*)       92.109 (^)       73.210 (&)       37.871 (%) 
Cl( 8, 8) in Cl( 8, 8) CPU =        3.946 ms (setup)       90.532 (*)      274.788 (^)      215.906 (&)      112.612 (%) 
Cl( 1, 0) in Cl( 8, 8) CPU =        0.002 ms (setup)        0.000 (*)        0.000 (^)        0.001 (&)        0.001 (%) 
Cl( 1, 1) in Cl( 8, 8) CPU =        0.001 ms (setup)        0.001 (*)        0.000 (^)        0.000 (&)        0.001 (%) 
Cl( 2, 1) in Cl( 8, 8) CPU =        0.001 ms (setup)        0.001 (*)        0.000 (^)        0.000 (&)        0.000 (%) 
Cl( 2, 2) in Cl( 8, 8) CPU =        0.001 ms (setup)        0.002 (*)        0.002 (^)        0.001 (&)        0.003 (%) 
Cl( 3, 2) in Cl( 8, 8) CPU =        0.002 ms (setup)        0.004 (*)        0.002 (^)        0.002 (&)        0.003 (%) 
Cl( 3, 3) in Cl( 8, 8) CPU =        0.003 ms (setup)        0.009 (*)        0.005 (^)        0.005 (&)        0.005 (%) 
Cl( 4, 3) in Cl( 8, 8) CPU =        0.007 ms (setup)        0.023 (*)        0.011 (^)        0.009 (&)        0.012 (%) 
Cl( 4, 4) in Cl( 8, 8) CPU =        0.013 ms (setup)        0.144 (*)        0.035 (^)        0.030 (&)        0.032 (%) 
Cl( 5, 4) in Cl( 8, 8) CPU =        0.027 ms (setup)        0.508 (*)        0.116 (^)        0.089 (&)        0.077 (%) 
Cl( 5, 5) in Cl( 8, 8) CPU =        0.053 ms (setup)        0.689 (*)        0.416 (^)        0.309 (&)        0.193 (%) 
Cl( 6, 5) in Cl( 8, 8) CPU =        0.108 ms (setup)        2.561 (*)        1.224 (^)        0.897 (&)        0.546 (%) 
Cl( 6, 6) in Cl( 8, 8) CPU =        0.216 ms (setup)        3.451 (*)        3.521 (^)        2.507 (&)        1.449 (%) 
Cl( 7, 6) in Cl( 8, 8) CPU =        0.456 ms (setup)       12.293 (*)       10.310 (^)        7.934 (&)        4.281 (%) 
Cl( 7, 7) in Cl( 8, 8) CPU =        0.935 ms (setup)       16.997 (*)       30.681 (^)       23.352 (&)       12.690 (%) 
Cl( 8, 7) in Cl( 8, 8) CPU =        1.856 ms (setup)       63.660 (*)       92.040 (^)       69.990 (&)       38.780 (%) 
Cl( 8, 8) in Cl( 8, 8) CPU =        3.996 ms (setup)       85.005 (*)      271.956 (^)      216.756 (&)      113.716 (%) 
Fill: 1
Cl( 1, 0) in Cl( 1, 0) CPU =        0.002 ms (setup)        0.001 (*)        0.001 (^)        0.001 (&)        0.005 (%) 
Cl( 1, 1) in Cl( 1, 1) CPU =        0.001 ms (setup)        0.001 (*)        0.001 (^)        0.001 (&)        0.001 (%) 
Cl( 2, 1) in Cl( 2, 1) CPU =        0.001 ms (setup)        0.002 (*)        0.001 (^)        0.001 (&)        0.002 (%) 
Cl( 2, 2) in Cl( 2, 2) CPU =        0.001 ms (setup)        0.003 (*)        0.001 (^)        0.002 (&)        0.002 (%) 
Cl( 3, 2) in Cl( 3, 2) CPU =        0.003 ms (setup)        0.007 (*)        0.009 (^)        0.004 (&)        0.004 (%) 
Cl( 3, 3) in Cl( 3, 3) CPU =        0.005 ms (setup)        0.021 (*)        0.005 (^)        0.007 (&)        0.008 (%) 
Cl( 4, 3) in Cl( 4, 3) CPU =        0.009 ms (setup)        0.068 (*)        0.013 (^)        0.019 (&)        0.018 (%) 
Cl( 4, 4) in Cl( 4, 4) CPU =        0.019 ms (setup)        0.172 (*)        0.034 (^)        0.051 (&)        0.042 (%) 
Cl( 5, 4) in Cl( 5, 4) CPU =        0.038 ms (setup)        0.583 (*)        0.092 (^)        0.138 (&)        0.106 (%) 
Cl( 5, 5) in Cl( 5, 5) CPU =        0.080 ms (setup)        0.866 (*)        0.271 (^)        0.404 (&)        0.274 (%) 
Cl( 6, 5) in Cl( 6, 5) CPU =        0.165 ms (setup)        3.016 (*)        0.718 (^)        1.173 (&)        0.750 (%) 
Cl( 6, 6) in Cl( 6, 6) CPU =        0.327 ms (setup)        4.476 (*)        1.927 (^)        3.384 (&)        1.988 (%) 
Cl( 7, 6) in Cl( 7, 6) CPU =        0.676 ms (setup)       14.888 (*)        5.375 (^)        9.864 (&)        6.407 (%) 
Cl( 7, 7) in Cl( 7, 7) CPU =        1.399 ms (setup)       22.607 (*)       15.066 (^)       28.489 (&)       15.921 (%) 
Cl( 8, 7) in Cl( 8, 7) CPU =        2.974 ms (setup)       80.411 (*)       43.319 (^)       85.212 (&)       45.440 (%) 
Cl( 8, 8) in Cl( 8, 8) CPU =        5.875 ms (setup)      124.663 (*)      127.866 (^)      255.954 (&)      134.017 (%) 
Cl( 1, 0) in Cl( 8, 8) CPU =        0.002 ms (setup)        0.001 (*)        0.001 (^)        0.001 (&)        0.001 (%) 
Cl( 1, 1) in Cl( 8, 8) CPU =        0.001 ms (setup)        0.001 (*)        0.001 (^)        0.001 (&)        0.001 (%) 
Cl( 2, 1) in Cl( 8, 8) CPU =        0.002 ms (setup)        0.001 (*)        0.001 (^)        0.001 (&)        0.001 (%) 
Cl( 2, 2) in Cl( 8, 8) CPU =        0.001 ms (setup)        0.003 (*)        0.001 (^)        0.002 (&)        0.002 (%) 
Cl( 3, 2) in Cl( 8, 8) CPU =        0.003 ms (setup)        0.007 (*)        0.003 (^)        0.003 (&)        0.004 (%) 
Cl( 3, 3) in Cl( 8, 8) CPU =        0.005 ms (setup)        0.022 (*)        0.006 (^)        0.008 (&)        0.008 (%) 
Cl( 4, 3) in Cl( 8, 8) CPU =        0.012 ms (setup)        0.069 (*)        0.014 (^)        0.019 (&)        0.018 (%) 
Cl( 4, 4) in Cl( 8, 8) CPU =        0.019 ms (setup)        0.169 (*)        0.034 (^)        0.049 (&)        0.041 (%) 
Cl( 5, 4) in Cl( 8, 8) CPU =        0.037 ms (setup)        0.576 (*)        0.089 (^)        0.144 (&)        0.108 (%) 
Cl( 5, 5) in Cl( 8, 8) CPU =        0.080 ms (setup)        0.873 (*)        0.258 (^)        0.396 (&)        0.270 (%) 
Cl( 6, 5) in Cl( 8, 8) CPU =        0.167 ms (setup)        3.009 (*)        0.718 (^)        1.154 (&)        0.750 (%) 
Cl( 6, 6) in Cl( 8, 8) CPU =        0.323 ms (setup)        4.442 (*)        1.911 (^)        3.346 (&)        1.984 (%) 
Cl( 7, 6) in Cl( 8, 8) CPU =        0.675 ms (setup)       14.765 (*)        5.380 (^)        9.722 (&)        5.530 (%) 
Cl( 7, 7) in Cl( 8, 8) CPU =        1.339 ms (setup)       23.154 (*)       15.341 (^)       28.369 (&)       15.695 (%) 
Cl( 8, 7) in Cl( 8, 8) CPU =        2.897 ms (setup)       79.582 (*)       46.251 (^)       84.463 (&)       45.477 (%) 
Cl( 8, 8) in Cl( 8, 8) CPU =        5.902 ms (setup)      124.072 (*)      127.418 (^)      255.397 (&)      134.212 (%) 

matrix_multi<double>
Clifford algebra products test:
Fill: 0.5
Cl( 1, 0) in Cl( 1, 0) CPU =        0.007 ms (setup)        0.001 (*)        0.004 (^)        0.003 (&)        0.003 (%) 
Cl( 1, 1) in Cl( 1, 1) CPU =        0.003 ms (setup)        0.001 (*)        0.002 (^)        0.003 (&)        0.003 (%) 
Cl( 2, 1) in Cl( 2, 1) CPU =        0.003 ms (setup)        0.001 (*)        0.013 (^)        0.009 (&)        0.011 (%) 
Cl( 2, 2) in Cl( 2, 2) CPU =        0.005 ms (setup)        0.001 (*)        0.009 (^)        0.011 (&)        0.013 (%) 
Cl( 3, 2) in Cl( 3, 2) CPU =        0.013 ms (setup)        0.001 (*)        0.049 (^)        0.052 (&)        0.059 (%) 
Cl( 3, 3) in Cl( 3, 3) CPU =        0.011 ms (setup)        0.001 (*)        0.069 (^)        0.079 (&)        0.076 (%) 
Cl( 4, 3) in Cl( 4, 3) CPU =        0.026 ms (setup)        0.001 (*)        0.367 (^)        0.404 (&)        0.417 (%) 
Cl( 4, 4) in Cl( 4, 4) CPU =        0.049 ms (setup)        0.001 (*)        0.580 (^)        0.577 (&)        0.600 (%) 
Cl( 5, 4) in Cl( 5, 4) CPU =        0.115 ms (setup)        0.003 (*)        2.268 (^)        2.458 (&)        2.424 (%) 
Cl( 5, 5) in Cl( 5, 5) CPU =        0.216 ms (setup)        0.003 (*)        3.506 (^)        3.538 (&)        3.557 (%) 
Cl( 6, 5) in Cl( 6, 5) CPU =        0.516 ms (setup)        0.011 (*)       13.573 (^)       13.803 (&)       13.130 (%) 
Cl( 6, 6) in Cl( 6, 6) CPU =        1.009 ms (setup)        0.010 (*)       18.573 (^)       18.817 (&)       18.576 (%) 
Cl( 7, 6) in Cl( 7, 6) CPU =        2.371 ms (setup)        0.077 (*)       75.024 (^)       78.692 (&)       74.682 (%) 
Cl( 7, 7) in Cl( 7, 7) CPU =        4.715 ms (setup)        0.083 (*)       96.359 (^)      105.377 (&)       98.508 (%) 
Cl( 8, 7) in Cl( 8, 7) CPU =       13.044 ms (setup)        0.629 (*)      439.300 (^)      484.927 (&)      439.512 (%) 
Cl( 8, 8) in Cl( 8, 8) CPU =       24.559 ms (setup)        0.593 (*)      566.100 (^)      620.596 (&)      570.812 (%) 
Cl( 1, 0) in Cl( 8, 8) CPU =        0.076 ms (setup)        0.639 (*)        4.206 (^)        3.956 (&)        3.893 (%) 
Cl( 1, 1) in Cl( 8, 8) CPU =        0.032 ms (setup)        0.656 (*)        6.602 (^)        5.138 (&)        5.902 (%) 
Cl( 2, 1) in Cl( 8, 8) CPU =        0.041 ms (setup)        0.651 (*)        9.693 (^)        5.833 (&)        7.843 (%) 
Cl( 2, 2) in Cl( 8, 8) CPU =        0.093 ms (setup)        0.643 (*)       13.941 (^)        9.123 (&)       10.050 (%) 
Cl( 3, 2) in Cl( 8, 8) CPU =        1.087 ms (setup)        0.518 (*)       19.355 (^)       12.767 (&)       13.153 (%) 
Cl( 3, 3) in Cl( 8, 8) CPU =        0.401 ms (setup)        0.522 (*)       28.262 (^)       21.991 (&)       19.396 (%) 
Cl( 4, 3) in Cl( 8, 8) CPU =        0.453 ms (setup)        0.524 (*)       36.942 (^)       36.910 (&)       26.564 (%) 
Cl( 4, 4) in Cl( 8, 8) CPU =        0.531 ms (setup)        0.517 (*)       52.464 (^)       38.648 (&)       34.163 (%) 
Cl( 5, 4) in Cl( 8, 8) CPU =        0.779 ms (setup)        0.525 (*)       66.907 (^)       51.450 (&)       43.941 (%) 
Cl( 5, 5) in Cl( 8, 8) CPU =        2.086 ms (setup)        0.522 (*)       87.275 (^)       74.784 (&)       58.782 (%) 
Cl( 6, 5) in Cl( 8, 8) CPU =        2.446 ms (setup)        0.542 (*)      102.575 (^)       88.223 (&)       71.377 (%) 
Cl( 6, 6) in Cl( 8, 8) CPU =        4.208 ms (setup)        0.546 (*)      124.575 (^)      123.022 (&)       93.446 (%) 
Cl( 7, 6) in Cl( 8, 8) CPU =       10.465 ms (setup)        0.533 (*)      171.208 (^)      185.000 (&)      143.579 (%) 
Cl( 7, 7) in Cl( 8, 8) CPU =       18.108 ms (setup)        0.595 (*)      220.442 (^)      232.540 (&)      192.204 (%) 
Cl( 8, 7) in Cl( 8, 8) CPU =       46.185 ms (setup)        0.543 (*)      451.029 (^)      468.793 (&)      421.971 (%) 
Cl( 8, 8) in Cl( 8, 8) CPU =       24.914 ms (setup)        0.540 (*)      549.571 (^)      621.802 (&)      566.504 (%) 
Fill: 1
Cl( 1, 0) in Cl( 1, 0) CPU =        0.003 ms (setup)        0.001 (*)        0.004 (^)        0.003 (&)        0.003 (%) 
Cl( 1, 1) in Cl( 1, 1) CPU =        0.002 ms (setup)        0.000 (*)        0.004 (^)        0.003 (&)        0.004 (%) 
Cl( 2, 1) in Cl( 2, 1) CPU =        0.002 ms (setup)        0.001 (*)        0.013 (^)        0.011 (&)        0.013 (%) 
Cl( 2, 2) in Cl( 2, 2) CPU =        0.004 ms (setup)        0.001 (*)        0.019 (^)        0.016 (&)        0.019 (%) 
Cl( 3, 2) in Cl( 3, 2) CPU =        0.007 ms (setup)        0.001 (*)        0.064 (^)        0.066 (&)        0.067 (%) 
Cl( 3, 3) in Cl( 3, 3) CPU =        0.011 ms (setup)        0.001 (*)        0.103 (^)        0.097 (&)        0.102 (%) 
Cl( 4, 3) in Cl( 4, 3) CPU =        0.032 ms (setup)        0.001 (*)        0.459 (^)        0.471 (&)        0.476 (%) 
Cl( 4, 4) in Cl( 4, 4) CPU =        0.063 ms (setup)        0.001 (*)        0.699 (^)        0.689 (&)        0.707 (%) 
Cl( 5, 4) in Cl( 5, 4) CPU =        0.151 ms (setup)        0.002 (*)        2.636 (^)        2.678 (&)        2.669 (%) 
Cl( 5, 5) in Cl( 5, 5) CPU =        0.305 ms (setup)        0.002 (*)        3.837 (^)        3.862 (&)        3.861 (%) 
Cl( 6, 5) in Cl( 6, 5) CPU =        0.760 ms (setup)        0.011 (*)       15.117 (^)       14.973 (&)       14.417 (%) 
Cl( 6, 6) in Cl( 6, 6) CPU =        1.514 ms (setup)        0.011 (*)       19.790 (^)       20.399 (&)       20.038 (%) 
Cl( 7, 6) in Cl( 7, 6) CPU =        3.746 ms (setup)        0.078 (*)       79.189 (^)       82.745 (&)       78.588 (%) 
Cl( 7, 7) in Cl( 7, 7) CPU =        7.425 ms (setup)        0.079 (*)      106.168 (^)      112.041 (&)      106.840 (%) 
Cl( 8, 7) in Cl( 8, 7) CPU =       21.820 ms (setup)        0.620 (*)      455.878 (^)      506.817 (&)      456.054 (%) 
Cl( 8, 8) in Cl( 8, 8) CPU =       41.376 ms (setup)        0.543 (*)      609.111 (^)      657.690 (&)      608.874 (%) 
Cl( 1, 0) in Cl( 8, 8) CPU =        0.076 ms (setup)        0.605 (*)        6.633 (^)        4.100 (&)        5.801 (%) 
Cl( 1, 1) in Cl( 8, 8) CPU =        0.036 ms (setup)        0.649 (*)        9.387 (^)        5.917 (&)        7.739 (%) 
Cl( 2, 1) in Cl( 8, 8) CPU =        0.062 ms (setup)        0.647 (*)       13.896 (^)        9.081 (&)       10.407 (%) 
Cl( 2, 2) in Cl( 8, 8) CPU =        0.427 ms (setup)        0.518 (*)       19.082 (^)       12.779 (&)       14.036 (%) 
Cl( 3, 2) in Cl( 8, 8) CPU =        0.402 ms (setup)        0.533 (*)       25.847 (^)       18.429 (&)       16.747 (%) 
Cl( 3, 3) in Cl( 8, 8) CPU =        0.405 ms (setup)        0.519 (*)       36.462 (^)       27.570 (&)       25.421 (%) 
Cl( 4, 3) in Cl( 8, 8) CPU =        0.514 ms (setup)        0.534 (*)       50.044 (^)       39.681 (&)       33.490 (%) 
Cl( 4, 4) in Cl( 8, 8) CPU =        0.586 ms (setup)        0.520 (*)       63.356 (^)       49.098 (&)       40.424 (%) 
Cl( 5, 4) in Cl( 8, 8) CPU =        0.931 ms (setup)        0.532 (*)       77.545 (^)       62.556 (&)       49.962 (%) 
Cl( 5, 5) in Cl( 8, 8) CPU =        1.421 ms (setup)        0.540 (*)       87.404 (^)       76.252 (&)       60.436 (%) 
Cl( 6, 5) in Cl( 8, 8) CPU =        3.120 ms (setup)        0.597 (*)      110.711 (^)      101.505 (&)       81.064 (%) 
Cl( 6, 6) in Cl( 8, 8) CPU =        6.966 ms (setup)        0.531 (*)      126.342 (^)      121.882 (&)       97.186 (%) 
Cl( 7, 6) in Cl( 8, 8) CPU =       14.475 ms (setup)        0.525 (*)      196.251 (^)      193.493 (&)      159.505 (%) 
Cl( 7, 7) in Cl( 8, 8) CPU =       25.913 ms (setup)        0.531 (*)      228.617 (^)      240.760 (&)      201.317 (%) 
Cl( 8, 7) in Cl( 8, 8) CPU =       62.384 ms (setup)        0.539 (*)      490.230 (^)      503.923 (&)      454.200 (%) 
Cl( 8, 8) in Cl( 8, 8) CPU =       42.359 ms (setup)        0.546 (*)      602.272 (^)      655.527 (&)      605.103 (%) 
