
framed_multi<float,-4,4>
Clifford algebra products test:
Fill: 0.5
Cl( 1, 0) in Cl( 1, 0) CPU =        0.005 ms (setup)        0.003 (*)        0.002 (^)        0.002 (&)        0.002 (%) 
Cl( 1, 1) in Cl( 1, 1) CPU =        0.002 ms (setup)        0.001 (*)        0.001 (^)        0.001 (&)        0.002 (%) 
Cl( 2, 1) in Cl( 2, 1) CPU =        0.002 ms (setup)        0.005 (*)        0.003 (^)        0.003 (&)        0.003 (%) 
Cl( 2, 2) in Cl( 2, 2) CPU =        0.003 ms (setup)        0.007 (*)        0.005 (^)        0.004 (&)        0.004 (%) 
Cl( 3, 2) in Cl( 3, 2) CPU =        0.006 ms (setup)        0.015 (*)        0.007 (^)        0.008 (&)        0.007 (%) 
Cl( 3, 3) in Cl( 3, 3) CPU =        0.009 ms (setup)        0.035 (*)        0.018 (^)        0.018 (&)        0.015 (%) 
Cl( 4, 3) in Cl( 4, 3) CPU =        0.022 ms (setup)        0.101 (*)        0.053 (^)        0.052 (&)        0.041 (%) 
Cl( 4, 4) in Cl( 4, 4) CPU =        0.059 ms (setup)        0.729 (*)        0.126 (^)        0.145 (&)        0.089 (%) 
Cl( 1, 0) in Cl( 4, 4) CPU =        0.001 ms (setup)        0.001 (*)        0.001 (^)        0.001 (&)        0.001 (%) 
Cl( 1, 1) in Cl( 4, 4) CPU =        0.002 ms (setup)        0.001 (*)        0.001 (^)        0.001 (&)        0.001 (%) 
Cl( 2, 1) in Cl( 4, 4) CPU =        0.002 ms (setup)        0.004 (*)        0.002 (^)        0.002 (&)        0.002 (%) 
Cl( 2, 2) in Cl( 4, 4) CPU =        0.003 ms (setup)        0.004 (*)        0.003 (^)        0.003 (&)        0.003 (%) 
Cl( 3, 2) in Cl( 4, 4) CPU =        0.005 ms (setup)        0.015 (*)        0.008 (^)        0.008 (&)        0.007 (%) 
Cl( 3, 3) in Cl( 4, 4) CPU =        0.010 ms (setup)        0.037 (*)        0.019 (^)        0.017 (&)        0.014 (%) 
Cl( 4, 3) in Cl( 4, 4) CPU =        0.021 ms (setup)        0.099 (*)        0.049 (^)        0.052 (&)        0.040 (%) 
Cl( 4, 4) in Cl( 4, 4) CPU =        0.048 ms (setup)        0.767 (*)        0.130 (^)        0.155 (&)        0.093 (%) 
Fill: 1
Cl( 1, 0) in Cl( 1, 0) CPU =        0.001 ms (setup)        0.003 (*)        0.002 (^)        0.002 (&)        0.002 (%) 
Cl( 1, 1) in Cl( 1, 1) CPU =        0.002 ms (setup)        0.003 (*)        0.002 (^)        0.002 (&)        0.002 (%) 
Cl( 2, 1) in Cl( 2, 1) CPU =        0.002 ms (setup)        0.005 (*)        0.003 (^)        0.003 (&)        0.003 (%) 
Cl( 2, 2) in Cl( 2, 2) CPU =        0.004 ms (setup)        0.009 (*)        0.005 (^)        0.005 (&)        0.005 (%) 
Cl( 3, 2) in Cl( 3, 2) CPU =        0.007 ms (setup)        0.022 (*)        0.009 (^)        0.012 (&)        0.010 (%) 
Cl( 3, 3) in Cl( 3, 3) CPU =        0.015 ms (setup)        0.066 (*)        0.022 (^)        0.030 (&)        0.025 (%) 
Cl( 4, 3) in Cl( 4, 3) CPU =        0.030 ms (setup)        0.261 (*)        0.051 (^)        0.079 (&)        0.059 (%) 
Cl( 4, 4) in Cl( 4, 4) CPU =        0.067 ms (setup)        0.811 (*)        0.149 (^)        0.206 (&)        0.171 (%) 
Cl( 1, 0) in Cl( 4, 4) CPU =        0.001 ms (setup)        0.002 (*)        0.001 (^)        0.001 (&)        0.002 (%) 
Cl( 1, 1) in Cl( 4, 4) CPU =        0.002 ms (setup)        0.003 (*)        0.002 (^)        0.002 (&)        0.002 (%) 
Cl( 2, 1) in Cl( 4, 4) CPU =        0.002 ms (setup)        0.005 (*)        0.003 (^)        0.003 (&)        0.003 (%) 
Cl( 2, 2) in Cl( 4, 4) CPU =        0.004 ms (setup)        0.008 (*)        0.004 (^)        0.005 (&)        0.005 (%) 
Cl( 3, 2) in Cl( 4, 4) CPU =        0.006 ms (setup)        0.021 (*)        0.009 (^)        0.011 (&)        0.009 (%) 
Cl( 3, 3) in Cl( 4, 4) CPU =        0.013 ms (setup)        0.062 (*)        0.021 (^)        0.053 (&)        0.024 (%) 
Cl( 4, 3) in Cl( 4, 4) CPU =        0.029 ms (setup)        0.205 (*)        0.049 (^)        0.075 (&)        0.056 (%) 
Cl( 4, 4) in Cl( 4, 4) CPU =        0.064 ms (setup)        0.787 (*)        0.117 (^)        0.200 (&)        0.139 (%) 

matrix_multi<float,-4,4>
Clifford algebra products test:
Fill: 0.5
Cl( 1, 0) in Cl( 1, 0) CPU =        0.013 ms (setup)        0.001 (*)        0.011 (^)        0.008 (&)        0.010 (%) 
Cl( 1, 1) in Cl( 1, 1) CPU =        0.005 ms (setup)        0.001 (*)        0.008 (^)        0.008 (&)        0.008 (%) 
Cl( 2, 1) in Cl( 2, 1) CPU =        0.003 ms (setup)        0.001 (*)        0.017 (^)        0.027 (&)        0.033 (%) 
Cl( 2, 2) in Cl( 2, 2) CPU =        0.011 ms (setup)        0.001 (*)        0.066 (^)        0.042 (&)        0.057 (%) 
Cl( 3, 2) in Cl( 3, 2) CPU =        0.021 ms (setup)        0.002 (*)        0.262 (^)        0.227 (&)        0.246 (%) 
Cl( 3, 3) in Cl( 3, 3) CPU =        0.035 ms (setup)        0.002 (*)        0.363 (^)        0.379 (&)        0.372 (%) 
Cl( 4, 3) in Cl( 4, 3) CPU =        0.086 ms (setup)        0.003 (*)        1.519 (^)        1.225 (&)        1.272 (%) 
Cl( 4, 4) in Cl( 4, 4) CPU =        0.128 ms (setup)        0.002 (*)        2.034 (^)        2.062 (&)        2.159 (%) 
Cl( 1, 0) in Cl( 4, 4) CPU =        0.001 ms (setup)        0.004 (*)        0.011 (^)        0.011 (&)        0.010 (%) 
Cl( 1, 1) in Cl( 4, 4) CPU =        0.005 ms (setup)        0.002 (*)        0.099 (^)        0.062 (&)        0.085 (%) 
Cl( 2, 1) in Cl( 4, 4) CPU =        0.013 ms (setup)        0.003 (*)        0.121 (^)        0.075 (&)        0.091 (%) 
Cl( 2, 2) in Cl( 4, 4) CPU =        0.026 ms (setup)        0.002 (*)        0.199 (^)        0.131 (&)        0.164 (%) 
Cl( 3, 2) in Cl( 4, 4) CPU =        0.070 ms (setup)        0.002 (*)        0.248 (^)        0.222 (&)        0.222 (%) 
Cl( 3, 3) in Cl( 4, 4) CPU =        0.098 ms (setup)        0.003 (*)        0.464 (^)        0.424 (&)        0.408 (%) 
Cl( 4, 3) in Cl( 4, 4) CPU =        0.255 ms (setup)        0.002 (*)        1.305 (^)        1.289 (&)        1.296 (%) 
Cl( 4, 4) in Cl( 4, 4) CPU =        0.135 ms (setup)        0.003 (*)        1.928 (^)        2.070 (&)        2.201 (%) 
Fill: 1
Cl( 1, 0) in Cl( 1, 0) CPU =        0.003 ms (setup)        0.001 (*)        0.009 (^)        0.007 (&)        0.009 (%) 
Cl( 1, 1) in Cl( 1, 1) CPU =        0.003 ms (setup)        0.001 (*)        0.015 (^)        0.009 (&)        0.015 (%) 
Cl( 2, 1) in Cl( 2, 1) CPU =        0.005 ms (setup)        0.001 (*)        0.050 (^)        0.038 (&)        0.044 (%) 
Cl( 2, 2) in Cl( 2, 2) CPU =        0.009 ms (setup)        0.001 (*)        0.074 (^)        0.058 (&)        0.082 (%) 
Cl( 3, 2) in Cl( 3, 2) CPU =        0.022 ms (setup)        0.002 (*)        0.235 (^)        0.239 (&)        0.264 (%) 
Cl( 3, 3) in Cl( 3, 3) CPU =        0.038 ms (setup)        0.001 (*)        0.423 (^)        0.359 (&)        0.415 (%) 
Cl( 4, 3) in Cl( 4, 3) CPU =        0.092 ms (setup)        0.003 (*)        1.643 (^)        1.754 (&)        1.657 (%) 
Cl( 4, 4) in Cl( 4, 4) CPU =        0.200 ms (setup)        0.002 (*)        2.480 (^)        2.328 (&)        2.373 (%) 
Cl( 1, 0) in Cl( 4, 4) CPU =        0.004 ms (setup)        0.003 (*)        0.079 (^)        0.060 (&)        0.067 (%) 
Cl( 1, 1) in Cl( 4, 4) CPU =        0.007 ms (setup)        0.003 (*)        0.104 (^)        0.060 (&)        0.085 (%) 
Cl( 2, 1) in Cl( 4, 4) CPU =        0.014 ms (setup)        0.003 (*)        0.158 (^)        0.103 (&)        0.116 (%) 
Cl( 2, 2) in Cl( 4, 4) CPU =        0.033 ms (setup)        0.002 (*)        0.208 (^)        0.137 (&)        0.163 (%) 
Cl( 3, 2) in Cl( 4, 4) CPU =        0.078 ms (setup)        0.002 (*)        0.428 (^)        0.313 (&)        0.319 (%) 
Cl( 3, 3) in Cl( 4, 4) CPU =        0.122 ms (setup)        0.002 (*)        0.626 (^)        0.517 (&)        0.553 (%) 
Cl( 4, 3) in Cl( 4, 4) CPU =        0.337 ms (setup)        0.002 (*)        1.735 (^)        1.599 (&)        1.604 (%) 
Cl( 4, 4) in Cl( 4, 4) CPU =        0.186 ms (setup)        0.003 (*)        2.335 (^)        2.331 (&)        2.384 (%) 

framed_multi<double>
Clifford algebra products test:
Fill: 0.5
Cl( 1, 0) in Cl( 1, 0) CPU =        0.001 ms (setup)        0.002 (*)        0.001 (^)        0.001 (&)        0.001 (%) 
Cl( 1, 1) in Cl( 1, 1) CPU =        0.001 ms (setup)        0.001 (*)        0.001 (^)        0.001 (&)        0.001 (%) 
Cl( 2, 1) in Cl( 2, 1) CPU =        0.002 ms (setup)        0.004 (*)        0.002 (^)        0.002 (&)        0.002 (%) 
Cl( 2, 2) in Cl( 2, 2) CPU =        0.002 ms (setup)        0.005 (*)        0.004 (^)        0.003 (&)        0.003 (%) 
Cl( 3, 2) in Cl( 3, 2) CPU =        0.005 ms (setup)        0.013 (*)        0.008 (^)        0.007 (&)        0.006 (%) 
Cl( 3, 3) in Cl( 3, 3) CPU =        0.009 ms (setup)        0.030 (*)        0.015 (^)        0.015 (&)        0.013 (%) 
Cl( 4, 3) in Cl( 4, 3) CPU =        0.016 ms (setup)        0.093 (*)        0.042 (^)        0.039 (&)        0.032 (%) 
Cl( 4, 4) in Cl( 4, 4) CPU =        0.030 ms (setup)        0.455 (*)        0.098 (^)        0.090 (&)        0.071 (%) 
Cl( 5, 4) in Cl( 5, 4) CPU =        0.072 ms (setup)        1.685 (*)        0.277 (^)        0.276 (&)        0.200 (%) 
Cl( 5, 5) in Cl( 5, 5) CPU =        0.119 ms (setup)        2.229 (*)        0.707 (^)        0.661 (&)        0.444 (%) 
Cl( 6, 5) in Cl( 6, 5) CPU =        0.244 ms (setup)        7.675 (*)        2.035 (^)        1.949 (&)        1.246 (%) 
Cl( 6, 6) in Cl( 6, 6) CPU =        0.509 ms (setup)       10.333 (*)        5.512 (^)        5.363 (&)        3.368 (%) 
Cl( 7, 6) in Cl( 7, 6) CPU =        1.075 ms (setup)       36.595 (*)       16.718 (^)       16.069 (&)        9.174 (%) 
Cl( 7, 7) in Cl( 7, 7) CPU =        2.031 ms (setup)       49.489 (*)       50.368 (^)       47.560 (&)       24.847 (%) 
Cl( 8, 7) in Cl( 8, 7) CPU =        4.126 ms (setup)      178.127 (*)      147.148 (^)      137.391 (&)       71.796 (%) 
Cl( 8, 8) in Cl( 8, 8) CPU =        8.322 ms (setup)      237.909 (*)      438.401 (^)      417.199 (&)      213.117 (%) 
Cl( 1, 0) in Cl( 8, 8) CPU =        0.003 ms (setup)        0.001 (*)        0.001 (^)        0.001 (&)        0.001 (%) 
Cl( 1, 1) in Cl( 8, 8) CPU =        0.001 ms (setup)        0.001 (*)        0.001 (^)        0.001 (&)        0.001 (%) 
Cl( 2, 1) in Cl( 8, 8) CPU =        0.002 ms (setup)        0.001 (*)        0.001 (^)        0.001 (&)        0.001 (%) 
Cl( 2, 2) in Cl( 8, 8) CPU =        0.002 ms (setup)        0.005 (*)        0.003 (^)        0.003 (&)        0.003 (%) 
Cl( 3, 2) in Cl( 8, 8) CPU =        0.004 ms (setup)        0.011 (*)        0.007 (^)        0.006 (&)        0.005 (%) 
Cl( 3, 3) in Cl( 8, 8) CPU =        0.007 ms (setup)        0.028 (*)        0.015 (^)        0.013 (&)        0.013 (%) 
Cl( 4, 3) in Cl( 8, 8) CPU =        0.015 ms (setup)        0.069 (*)        0.044 (^)        0.033 (&)        0.028 (%) 
Cl( 4, 4) in Cl( 8, 8) CPU =        0.032 ms (setup)        0.458 (*)        0.115 (^)        0.099 (&)        0.076 (%) 
Cl( 5, 4) in Cl( 8, 8) CPU =        0.062 ms (setup)        1.581 (*)        0.277 (^)        0.303 (&)        0.193 (%) 
Cl( 5, 5) in Cl( 8, 8) CPU =        0.130 ms (setup)        2.106 (*)        0.689 (^)        0.688 (&)        0.448 (%) 
Cl( 6, 5) in Cl( 8, 8) CPU =        0.244 ms (setup)        7.450 (*)        1.955 (^)        1.923 (&)        1.190 (%) 
Cl( 6, 6) in Cl( 8, 8) CPU =        0.478 ms (setup)        9.943 (*)        5.554 (^)        5.141 (&)        3.072 (%) 
Cl( 7, 6) in Cl( 8, 8) CPU =        0.987 ms (setup)       35.525 (*)       16.114 (^)       15.318 (&)        8.565 (%) 
Cl( 7, 7) in Cl( 8, 8) CPU =        1.974 ms (setup)       47.883 (*)       48.405 (^)       45.895 (&)       24.539 (%) 
Cl( 8, 7) in Cl( 8, 8) CPU =        4.154 ms (setup)      179.680 (*)      144.476 (^)      136.048 (&)       71.618 (%) 
Cl( 8, 8) in Cl( 8, 8) CPU =        8.332 ms (setup)      242.238 (*)      438.079 (^)      424.113 (&)      215.744 (%) 
Fill: 1
Cl( 1, 0) in Cl( 1, 0) CPU =        0.001 ms (setup)        0.002 (*)        0.001 (^)        0.001 (&)        0.001 (%) 
Cl( 1, 1) in Cl( 1, 1) CPU =        0.002 ms (setup)        0.002 (*)        0.002 (^)        0.002 (&)        0.002 (%) 
Cl( 2, 1) in Cl( 2, 1) CPU =        0.002 ms (setup)        0.004 (*)        0.002 (^)        0.003 (&)        0.003 (%) 
Cl( 2, 2) in Cl( 2, 2) CPU =        0.003 ms (setup)        0.009 (*)        0.005 (^)        0.005 (&)        0.005 (%) 
Cl( 3, 2) in Cl( 3, 2) CPU =        0.007 ms (setup)        0.024 (*)        0.009 (^)        0.010 (&)        0.009 (%) 
Cl( 3, 3) in Cl( 3, 3) CPU =        0.013 ms (setup)        0.069 (*)        0.020 (^)        0.026 (&)        0.021 (%) 
Cl( 4, 3) in Cl( 4, 3) CPU =        0.026 ms (setup)        0.232 (*)        0.046 (^)        0.064 (&)        0.049 (%) 
Cl( 4, 4) in Cl( 4, 4) CPU =        0.052 ms (setup)        0.543 (*)        0.110 (^)        0.168 (&)        0.119 (%) 
Cl( 5, 4) in Cl( 5, 4) CPU =        0.115 ms (setup)        1.819 (*)        0.274 (^)        0.444 (&)        0.296 (%) 
Cl( 5, 5) in Cl( 5, 5) CPU =        0.202 ms (setup)        2.621 (*)        0.688 (^)        1.210 (&)        0.768 (%) 
Cl( 6, 5) in Cl( 6, 5) CPU =        0.407 ms (setup)        8.746 (*)        1.801 (^)        3.474 (&)        2.042 (%) 
Cl( 6, 6) in Cl( 6, 6) CPU =        0.812 ms (setup)       12.755 (*)        5.125 (^)        9.970 (&)        5.612 (%) 
Cl( 7, 6) in Cl( 7, 6) CPU =        1.673 ms (setup)       42.535 (*)       13.677 (^)       29.793 (&)       16.148 (%) 
Cl( 7, 7) in Cl( 7, 7) CPU =        3.348 ms (setup)       63.291 (*)       41.034 (^)       88.765 (&)       46.549 (%) 
Cl( 8, 7) in Cl( 8, 7) CPU =        7.064 ms (setup)      220.055 (*)      120.710 (^)      272.786 (&)      143.512 (%) 
Cl( 8, 8) in Cl( 8, 8) CPU =       15.093 ms (setup)      328.457 (*)      366.650 (^)      841.686 (&)      418.688 (%) 
Cl( 1, 0) in Cl( 8, 8) CPU =        0.001 ms (setup)        0.002 (*)        0.001 (^)        0.001 (&)        0.001 (%) 
Cl( 1, 1) in Cl( 8, 8) CPU =        0.001 ms (setup)        0.003 (*)        0.002 (^)        0.002 (&)        0.002 (%) 
Cl( 2, 1) in Cl( 8, 8) CPU =        0.003 ms (setup)        0.004 (*)        0.002 (^)        0.002 (&)        0.003 (%) 
Cl( 2, 2) in Cl( 8, 8) CPU =        0.003 ms (setup)        0.009 (*)        0.004 (^)        0.005 (&)        0.006 (%) 
Cl( 3, 2) in Cl( 8, 8) CPU =        0.007 ms (setup)        0.023 (*)        0.009 (^)        0.011 (&)        0.009 (%) 
Cl( 3, 3) in Cl( 8, 8) CPU =        0.013 ms (setup)        0.072 (*)        0.020 (^)        0.026 (&)        0.021 (%) 
Cl( 4, 3) in Cl( 8, 8) CPU =        0.026 ms (setup)        0.231 (*)        0.046 (^)        0.063 (&)        0.049 (%) 
Cl( 4, 4) in Cl( 8, 8) CPU =        0.051 ms (setup)        0.549 (*)        0.116 (^)        0.173 (&)        0.119 (%) 
Cl( 5, 4) in Cl( 8, 8) CPU =        0.103 ms (setup)        1.867 (*)        0.280 (^)        0.443 (&)        0.296 (%) 
Cl( 5, 5) in Cl( 8, 8) CPU =        0.200 ms (setup)        2.634 (*)        0.685 (^)        1.218 (&)        0.764 (%) 
Cl( 6, 5) in Cl( 8, 8) CPU =        0.410 ms (setup)        8.767 (*)        1.799 (^)        3.440 (&)        2.040 (%) 
Cl( 6, 6) in Cl( 8, 8) CPU =        0.815 ms (setup)       12.774 (*)        4.875 (^)        9.924 (&)        5.636 (%) 
Cl( 7, 6) in Cl( 8, 8) CPU =        1.692 ms (setup)       42.471 (*)       13.663 (^)       29.605 (&)       16.100 (%) 
Cl( 7, 7) in Cl( 8, 8) CPU =        3.343 ms (setup)       63.077 (*)       40.544 (^)       88.799 (&)       46.385 (%) 
Cl( 8, 7) in Cl( 8, 8) CPU =        7.117 ms (setup)      220.735 (*)      121.466 (^)      272.856 (&)      139.571 (%) 
Cl( 8, 8) in Cl( 8, 8) CPU =       14.949 ms (setup)      328.454 (*)      369.963 (^)      844.660 (&)      420.719 (%) 

matrix_multi<double>
Clifford algebra products test:
Fill: 0.5
Cl( 1, 0) in Cl( 1, 0) CPU =        0.005 ms (setup)        0.001 (*)        0.009 (^)        0.006 (&)        0.009 (%) 
Cl( 1, 1) in Cl( 1, 1) CPU =        0.005 ms (setup)        0.001 (*)        0.006 (^)        0.006 (&)        0.006 (%) 
Cl( 2, 1) in Cl( 2, 1) CPU =        0.005 ms (setup)        0.001 (*)        0.038 (^)        0.025 (&)        0.033 (%) 
Cl( 2, 2) in Cl( 2, 2) CPU =        0.011 ms (setup)        0.001 (*)        0.032 (^)        0.037 (&)        0.056 (%) 
Cl( 3, 2) in Cl( 3, 2) CPU =        0.034 ms (setup)        0.002 (*)        0.169 (^)        0.194 (&)        0.199 (%) 
Cl( 3, 3) in Cl( 3, 3) CPU =        0.030 ms (setup)        0.002 (*)        0.246 (^)        0.296 (&)        0.292 (%) 
Cl( 4, 3) in Cl( 4, 3) CPU =        0.074 ms (setup)        0.004 (*)        1.249 (^)        1.411 (&)        1.443 (%) 
Cl( 4, 4) in Cl( 4, 4) CPU =        0.140 ms (setup)        0.004 (*)        2.019 (^)        1.986 (&)        2.037 (%) 
Cl( 5, 4) in Cl( 5, 4) CPU =        0.315 ms (setup)        0.011 (*)        7.247 (^)        8.062 (&)        8.117 (%) 
Cl( 5, 5) in Cl( 5, 5) CPU =        0.594 ms (setup)        0.011 (*)       11.090 (^)       11.251 (&)       11.141 (%) 
Cl( 6, 5) in Cl( 6, 5) CPU =        1.380 ms (setup)        0.060 (*)       40.581 (^)       43.844 (&)       42.116 (%) 
Cl( 6, 6) in Cl( 6, 6) CPU =        2.683 ms (setup)        0.060 (*)       58.880 (^)       60.372 (&)       58.762 (%) 
Cl( 7, 6) in Cl( 7, 6) CPU =        6.226 ms (setup)        0.405 (*)      243.564 (^)      267.738 (&)      246.591 (%) 
Cl( 7, 7) in Cl( 7, 7) CPU =       12.332 ms (setup)        0.402 (*)      308.454 (^)      345.551 (&)      314.923 (%) 
Cl( 8, 7) in Cl( 8, 7) CPU =       31.929 ms (setup)        2.941 (*)     1629.330 (^)     1704.274 (&)     1466.952 (%) 
Cl( 8, 8) in Cl( 8, 8) CPU =       62.160 ms (setup)        2.932 (*)     1864.763 (^)     2140.839 (&)     1885.943 (%) 
Cl( 1, 0) in Cl( 8, 8) CPU =        0.106 ms (setup)        2.947 (*)       13.497 (^)       13.986 (&)       13.090 (%) 
Cl( 1, 1) in Cl( 8, 8) CPU =        0.140 ms (setup)        2.950 (*)       24.109 (^)       13.515 (&)       20.279 (%) 
Cl( 2, 1) in Cl( 8, 8) CPU =        0.165 ms (setup)        2.954 (*)       38.928 (^)       22.114 (&)       29.969 (%) 
Cl( 2, 2) in Cl( 8, 8) CPU =        0.298 ms (setup)        2.947 (*)       60.812 (^)       38.102 (&)       42.200 (%) 
Cl( 3, 2) in Cl( 8, 8) CPU =        1.778 ms (setup)        3.431 (*)       88.423 (^)       57.919 (&)       57.245 (%) 
Cl( 3, 3) in Cl( 8, 8) CPU =        2.206 ms (setup)        2.877 (*)      124.260 (^)       89.287 (&)       79.947 (%) 
Cl( 4, 3) in Cl( 8, 8) CPU =        2.422 ms (setup)        2.853 (*)      166.268 (^)      164.484 (&)      107.204 (%) 
Cl( 4, 4) in Cl( 8, 8) CPU =        2.581 ms (setup)        2.856 (*)      218.964 (^)      170.796 (&)      138.120 (%) 
Cl( 5, 4) in Cl( 8, 8) CPU =        3.357 ms (setup)        3.057 (*)      284.771 (^)      225.390 (&)      175.538 (%) 
Cl( 5, 5) in Cl( 8, 8) CPU =        3.649 ms (setup)        2.961 (*)      378.225 (^)      333.351 (&)      243.599 (%) 
Cl( 6, 5) in Cl( 8, 8) CPU =        7.244 ms (setup)        2.979 (*)      423.817 (^)      366.702 (&)      276.772 (%) 
Cl( 6, 6) in Cl( 8, 8) CPU =       12.569 ms (setup)        2.845 (*)      509.211 (^)      516.900 (&)      372.998 (%) 
Cl( 7, 6) in Cl( 8, 8) CPU =       30.108 ms (setup)        2.864 (*)      637.427 (^)      737.149 (&)      527.378 (%) 
Cl( 7, 7) in Cl( 8, 8) CPU =       51.133 ms (setup)        2.849 (*)      807.538 (^)      903.767 (&)      701.991 (%) 
Cl( 8, 7) in Cl( 8, 8) CPU =      123.904 ms (setup)        2.862 (*)     1484.010 (^)     1622.150 (&)     1382.087 (%) 
Cl( 8, 8) in Cl( 8, 8) CPU =       61.767 ms (setup)        2.938 (*)     1781.014 (^)     2147.017 (&)     1825.600 (%) 
Fill: 1
Cl( 1, 0) in Cl( 1, 0) CPU =        0.002 ms (setup)        0.001 (*)        0.009 (^)        0.007 (&)        0.009 (%) 
Cl( 1, 1) in Cl( 1, 1) CPU =        0.003 ms (setup)        0.001 (*)        0.013 (^)        0.009 (&)        0.013 (%) 
Cl( 2, 1) in Cl( 2, 1) CPU =        0.005 ms (setup)        0.001 (*)        0.051 (^)        0.037 (&)        0.042 (%) 
Cl( 2, 2) in Cl( 2, 2) CPU =        0.009 ms (setup)        0.001 (*)        0.072 (^)        0.057 (&)        0.070 (%) 
Cl( 3, 2) in Cl( 3, 2) CPU =        0.028 ms (setup)        0.002 (*)        0.242 (^)        0.232 (&)        0.245 (%) 
Cl( 3, 3) in Cl( 3, 3) CPU =        0.040 ms (setup)        0.001 (*)        0.391 (^)        0.370 (&)        0.395 (%) 
Cl( 4, 3) in Cl( 4, 3) CPU =        0.100 ms (setup)        0.004 (*)        1.577 (^)        1.603 (&)        1.601 (%) 
Cl( 4, 4) in Cl( 4, 4) CPU =        0.191 ms (setup)        0.004 (*)        2.311 (^)        2.353 (&)        2.346 (%) 
Cl( 5, 4) in Cl( 5, 4) CPU =        0.449 ms (setup)        0.011 (*)        8.517 (^)        8.778 (&)        8.602 (%) 
Cl( 5, 5) in Cl( 5, 5) CPU =        0.876 ms (setup)        0.011 (*)       12.245 (^)       12.357 (&)       12.232 (%) 
Cl( 6, 5) in Cl( 6, 5) CPU =        2.071 ms (setup)        0.060 (*)       46.230 (^)       48.871 (&)       46.398 (%) 
Cl( 6, 6) in Cl( 6, 6) CPU =        4.128 ms (setup)        0.065 (*)       62.880 (^)       66.549 (&)       63.677 (%) 
Cl( 7, 6) in Cl( 7, 6) CPU =       10.002 ms (setup)        0.402 (*)      254.811 (^)      279.714 (&)      257.060 (%) 
Cl( 7, 7) in Cl( 7, 7) CPU =       20.155 ms (setup)        0.402 (*)      342.536 (^)      369.851 (&)      343.226 (%) 
Cl( 8, 7) in Cl( 8, 7) CPU =       50.812 ms (setup)        2.858 (*)     1844.639 (^)     1763.292 (&)     1523.450 (%) 
Cl( 8, 8) in Cl( 8, 8) CPU =      102.203 ms (setup)        2.953 (*)     1973.469 (^)     2237.792 (&)     1989.839 (%) 
Cl( 1, 0) in Cl( 8, 8) CPU =        1.249 ms (setup)        2.966 (*)       24.891 (^)       13.302 (&)       20.367 (%) 
Cl( 1, 1) in Cl( 8, 8) CPU =        0.145 ms (setup)        2.949 (*)       38.697 (^)       22.175 (&)       29.710 (%) 
Cl( 2, 1) in Cl( 8, 8) CPU =        0.218 ms (setup)        2.948 (*)       61.378 (^)       38.187 (&)       41.995 (%) 
Cl( 2, 2) in Cl( 8, 8) CPU =        2.171 ms (setup)        2.863 (*)       88.480 (^)       57.986 (&)       58.270 (%) 
Cl( 3, 2) in Cl( 8, 8) CPU =        2.200 ms (setup)        2.856 (*)      120.761 (^)       85.420 (&)       75.579 (%) 
Cl( 3, 3) in Cl( 8, 8) CPU =        2.319 ms (setup)        2.863 (*)      164.302 (^)      123.685 (&)      102.419 (%) 
Cl( 4, 3) in Cl( 8, 8) CPU =        2.509 ms (setup)        2.862 (*)      219.620 (^)      171.623 (&)      136.768 (%) 
Cl( 4, 4) in Cl( 8, 8) CPU =        2.777 ms (setup)        2.884 (*)      274.099 (^)      216.750 (&)      168.499 (%) 
Cl( 5, 4) in Cl( 8, 8) CPU =        3.185 ms (setup)        2.979 (*)      331.166 (^)      276.832 (&)      208.464 (%) 
Cl( 5, 5) in Cl( 8, 8) CPU =        4.452 ms (setup)        2.978 (*)      378.704 (^)      336.812 (&)      245.077 (%) 
Cl( 6, 5) in Cl( 8, 8) CPU =        9.556 ms (setup)        3.082 (*)      464.498 (^)      433.917 (&)      317.137 (%) 
Cl( 6, 6) in Cl( 8, 8) CPU =       15.354 ms (setup)        2.852 (*)      515.098 (^)      523.303 (&)      379.427 (%) 
Cl( 7, 6) in Cl( 8, 8) CPU =       39.078 ms (setup)        2.952 (*)      732.206 (^)      758.058 (&)      578.363 (%) 
Cl( 7, 7) in Cl( 8, 8) CPU =       69.495 ms (setup)        2.857 (*)      838.716 (^)      930.248 (&)      729.590 (%) 
Cl( 8, 7) in Cl( 8, 8) CPU =      172.575 ms (setup)        2.900 (*)     1631.864 (^)     1762.409 (&)     1531.130 (%) 
Cl( 8, 8) in Cl( 8, 8) CPU =      102.384 ms (setup)        2.954 (*)     1972.395 (^)     2237.775 (&)     1983.491 (%) 
