
framed_multi<double>
Clifford algebra squaring test:
Fill: 0.5
Cl( 1, 0) in Cl( 1, 0) CPU =        0.042 ms (setup)        0.012 (*) 
Cl( 1, 1) in Cl( 1, 1) CPU =        0.003 ms (setup)        0.003 (*) 
Cl( 2, 1) in Cl( 2, 1) CPU =        0.003 ms (setup)        0.007 (*) 
Cl( 2, 2) in Cl( 2, 2) CPU =        0.004 ms (setup)        0.008 (*) 
Cl( 3, 2) in Cl( 3, 2) CPU =        0.006 ms (setup)        0.023 (*) 
Cl( 3, 3) in Cl( 3, 3) CPU =        0.013 ms (setup)        0.053 (*) 
Cl( 4, 3) in Cl( 4, 3) CPU =        0.026 ms (setup)        0.159 (*) 
Cl( 4, 4) in Cl( 4, 4) CPU =        0.047 ms (setup)        0.898 (*) 
Cl( 5, 4) in Cl( 5, 4) CPU =        0.102 ms (setup)        2.765 (*) 
Cl( 5, 5) in Cl( 5, 5) CPU =        0.185 ms (setup)        3.239 (*) 
Cl( 6, 5) in Cl( 6, 5) CPU =        0.376 ms (setup)       10.793 (*) 
Cl( 6, 6) in Cl( 6, 6) CPU =        0.650 ms (setup)       13.206 (*) 
Cl( 7, 6) in Cl( 7, 6) CPU =        1.220 ms (setup)       36.955 (*) 
Cl( 7, 7) in Cl( 7, 7) CPU =        2.153 ms (setup)       48.880 (*) 
Cl( 8, 7) in Cl( 8, 7) CPU =        4.313 ms (setup)      182.146 (*) 
Cl( 8, 8) in Cl( 8, 8) CPU =        8.474 ms (setup)      238.332 (*) 
Cl( 9, 8) in Cl( 9, 8) CPU =       16.601 ms (setup)      667.055 (*) 
Cl( 9, 9) in Cl( 9, 9) CPU =       34.724 ms (setup)     1242.593 (*) 
Cl(10, 9) in Cl(10, 9) CPU =       71.535 ms (setup)     4835.375 (*) 
Cl(10,10) in Cl(10,10) CPU =      156.989 ms (setup)     6833.441 (*) 
Cl(11,10) in Cl(11,10) CPU =      345.530 ms (setup)    28336.507 (*) 
Cl(11,11) in Cl(11,11) CPU =      706.402 ms (setup)    42164.370 (*) 
Fill: 1
Cl( 1, 0) in Cl( 1, 0) CPU =        0.008 ms (setup)        0.006 (*) 
Cl( 1, 1) in Cl( 1, 1) CPU =        0.002 ms (setup)        0.007 (*) 
Cl( 2, 1) in Cl( 2, 1) CPU =        0.004 ms (setup)        0.008 (*) 
Cl( 2, 2) in Cl( 2, 2) CPU =        0.006 ms (setup)        0.014 (*) 
Cl( 3, 2) in Cl( 3, 2) CPU =        0.011 ms (setup)        0.028 (*) 
Cl( 3, 3) in Cl( 3, 3) CPU =        0.019 ms (setup)        0.070 (*) 
Cl( 4, 3) in Cl( 4, 3) CPU =        0.034 ms (setup)        0.231 (*) 
Cl( 4, 4) in Cl( 4, 4) CPU =        0.061 ms (setup)        0.557 (*) 
Cl( 5, 4) in Cl( 5, 4) CPU =        0.113 ms (setup)        1.812 (*) 
Cl( 5, 5) in Cl( 5, 5) CPU =        0.210 ms (setup)        2.640 (*) 
Cl( 6, 5) in Cl( 6, 5) CPU =        0.436 ms (setup)        8.671 (*) 
Cl( 6, 6) in Cl( 6, 6) CPU =        0.817 ms (setup)       12.632 (*) 
Cl( 7, 6) in Cl( 7, 6) CPU =        1.715 ms (setup)       41.962 (*) 
Cl( 7, 7) in Cl( 7, 7) CPU =        3.307 ms (setup)       62.379 (*) 
Cl( 8, 7) in Cl( 8, 7) CPU =        6.801 ms (setup)      213.886 (*) 
Cl( 8, 8) in Cl( 8, 8) CPU =       13.740 ms (setup)      320.620 (*) 
Cl( 9, 8) in Cl( 9, 8) CPU =       28.638 ms (setup)      900.407 (*) 
Cl( 9, 9) in Cl( 9, 9) CPU =       62.069 ms (setup)     1777.950 (*) 
Cl(10, 9) in Cl(10, 9) CPU =      134.693 ms (setup)     6310.032 (*) 
Cl(10,10) in Cl(10,10) CPU =      314.754 ms (setup)    10259.975 (*) 
Cl(11,10) in Cl(11,10) CPU =      569.251 ms (setup)    38590.960 (*) 
Cl(11,11) in Cl(11,11) CPU =     1322.397 ms (setup)    66336.202 (*) 

matrix_multi<double>
Clifford algebra squaring test:
Fill: 0.5
Cl( 1, 0) in Cl( 1, 0) CPU =        0.041 ms (setup)        0.004 (*) 
Cl( 1, 1) in Cl( 1, 1) CPU =        0.006 ms (setup)        0.001 (*) 
Cl( 2, 1) in Cl( 2, 1) CPU =        0.019 ms (setup)        0.001 (*) 
Cl( 2, 2) in Cl( 2, 2) CPU =        0.017 ms (setup)        0.001 (*) 
Cl( 3, 2) in Cl( 3, 2) CPU =        0.044 ms (setup)        0.008 (*) 
Cl( 3, 3) in Cl( 3, 3) CPU =        0.042 ms (setup)        0.003 (*) 
Cl( 4, 3) in Cl( 4, 3) CPU =        0.097 ms (setup)        0.006 (*) 
Cl( 4, 4) in Cl( 4, 4) CPU =        0.145 ms (setup)        0.005 (*) 
Cl( 5, 4) in Cl( 5, 4) CPU =        0.335 ms (setup)        0.014 (*) 
Cl( 5, 5) in Cl( 5, 5) CPU =        0.643 ms (setup)        0.014 (*) 
Cl( 6, 5) in Cl( 6, 5) CPU =        1.431 ms (setup)        0.069 (*) 
Cl( 6, 6) in Cl( 6, 6) CPU =        2.836 ms (setup)        0.073 (*) 
Cl( 7, 6) in Cl( 7, 6) CPU =        6.442 ms (setup)        0.415 (*) 
Cl( 7, 7) in Cl( 7, 7) CPU =       12.665 ms (setup)        0.473 (*) 
Cl( 8, 7) in Cl( 8, 7) CPU =       30.103 ms (setup)        2.914 (*) 
Cl( 8, 8) in Cl( 8, 8) CPU =       56.969 ms (setup)        2.971 (*) 
Cl( 9, 8) in Cl( 9, 8) CPU =      145.385 ms (setup)       21.952 (*) 
Cl( 9, 9) in Cl( 9, 9) CPU =      281.589 ms (setup)       21.946 (*) 
Cl(10, 9) in Cl(10, 9) CPU =      748.874 ms (setup)      173.091 (*) 
Cl(10,10) in Cl(10,10) CPU =     1480.616 ms (setup)      170.912 (*) 
Cl(11,10) in Cl(11,10) CPU =     4057.856 ms (setup)     1349.891 (*) 
Cl(11,11) in Cl(11,11) CPU =     8153.207 ms (setup)     1314.146 (*) 
Fill: 1
Cl( 1, 0) in Cl( 1, 0) CPU =        0.019 ms (setup)        0.002 (*) 
Cl( 1, 1) in Cl( 1, 1) CPU =        0.010 ms (setup)        0.001 (*) 
Cl( 2, 1) in Cl( 2, 1) CPU =        0.013 ms (setup)        0.001 (*) 
Cl( 2, 2) in Cl( 2, 2) CPU =        0.020 ms (setup)        0.001 (*) 
Cl( 3, 2) in Cl( 3, 2) CPU =        9.342 ms (setup)        0.007 (*) 
Cl( 3, 3) in Cl( 3, 3) CPU =        8.176 ms (setup)        0.005 (*) 
Cl( 4, 3) in Cl( 4, 3) CPU =        0.115 ms (setup)        0.006 (*) 
Cl( 4, 4) in Cl( 4, 4) CPU =        0.198 ms (setup)        0.005 (*) 
Cl( 5, 4) in Cl( 5, 4) CPU =        0.479 ms (setup)        0.013 (*) 
Cl( 5, 5) in Cl( 5, 5) CPU =        0.910 ms (setup)        0.013 (*) 
Cl( 6, 5) in Cl( 6, 5) CPU =        2.105 ms (setup)        0.064 (*) 
Cl( 6, 6) in Cl( 6, 6) CPU =        4.166 ms (setup)        0.064 (*) 
Cl( 7, 6) in Cl( 7, 6) CPU =        9.788 ms (setup)        0.406 (*) 
Cl( 7, 7) in Cl( 7, 7) CPU =       19.618 ms (setup)        0.410 (*) 
Cl( 8, 7) in Cl( 8, 7) CPU =       48.364 ms (setup)        3.010 (*) 
Cl( 8, 8) in Cl( 8, 8) CPU =       97.779 ms (setup)        3.049 (*) 
Cl( 9, 8) in Cl( 9, 8) CPU =      256.289 ms (setup)       22.999 (*) 
Cl( 9, 9) in Cl( 9, 9) CPU =      512.586 ms (setup)       21.850 (*) 
Cl(10, 9) in Cl(10, 9) CPU =     1396.967 ms (setup)      169.206 (*) 
Cl(10,10) in Cl(10,10) CPU =     2868.143 ms (setup)      171.889 (*) 
Cl(11,10) in Cl(11,10) CPU =     8308.952 ms (setup)     1310.705 (*) 
Cl(11,11) in Cl(11,11) CPU =    17256.032 ms (setup)     1313.453 (*) 
