Benchmarking versor product performance up to Cl(16,0)

--- Benchmarking framed_multi ---
Cl( 1, 0) | naive :      0.140 ms | operator| :      0.019 ms | versor :      0.027 ms | versor_exp :      0.013 ms
Cl( 2, 0) | naive :      0.024 ms | operator| :      0.010 ms | versor :      0.009 ms | versor_exp :      0.036 ms
Cl( 3, 0) | naive :      0.036 ms | operator| :      0.023 ms | versor :      0.021 ms | versor_exp :      0.071 ms
Cl( 4, 0) | naive :      0.095 ms | operator| :      0.094 ms | versor :      0.083 ms | versor_exp :      0.249 ms
Cl( 5, 0) | naive :      0.318 ms | operator| :      0.396 ms | versor :      0.329 ms | versor_exp :      0.702 ms
Cl( 6, 0) | naive :      0.455 ms | operator| :      0.424 ms | versor :      0.511 ms | versor_exp :      0.805 ms
Cl( 7, 0) | naive :      0.612 ms | operator| :      0.479 ms | versor :      0.549 ms | versor_exp :      1.162 ms
Cl( 8, 0) | naive :      1.179 ms | operator| :      0.608 ms | versor :      0.742 ms | versor_exp :      1.077 ms
Cl( 9, 0) | naive :      3.753 ms | operator| :      2.040 ms | versor :      2.028 ms | versor_exp :      3.058 ms
Cl(10, 0) | naive :      8.623 ms | operator| :      3.350 ms | versor :      3.259 ms | versor_exp :      4.915 ms
Cl(11, 0) | naive :     21.797 ms | operator| :     12.634 ms | versor :     12.742 ms | versor_exp :     19.932 ms
Cl(12, 0) | naive :     78.016 ms | operator| :     47.766 ms | versor :     44.131 ms | versor_exp :     79.164 ms
Cl(13, 0) | naive :    306.738 ms | operator| :    165.209 ms | versor :    165.169 ms | versor_exp :    799.188 ms
Cl(14, 0) | naive :    337.480 ms | operator| :    205.277 ms | versor :    202.781 ms | versor_exp :    936.574 ms
Cl(15, 0) | naive :    447.244 ms | operator| :    244.620 ms | versor :    245.583 ms | versor_exp :   1100.084 ms
Cl(16, 0) | naive :    636.735 ms | operator| :    347.670 ms | versor :    355.918 ms | versor_exp :   1432.989 ms
Cl( 0, 1) | naive :      0.052 ms | operator| :      0.017 ms | versor :      0.011 ms | versor_exp :      0.011 ms
Cl( 0, 2) | naive :      0.029 ms | operator| :      0.019 ms | versor :      0.017 ms | versor_exp :      0.051 ms
Cl( 0, 3) | naive :      0.071 ms | operator| :      0.055 ms | versor :      0.050 ms | versor_exp :      0.107 ms
Cl( 0, 4) | naive :      0.106 ms | operator| :      0.094 ms | versor :      0.113 ms | versor_exp :      0.189 ms
Cl( 0, 5) | naive :      0.128 ms | operator| :      0.123 ms | versor :      0.121 ms | versor_exp :      0.293 ms
Cl( 0, 6) | naive :      0.183 ms | operator| :      0.156 ms | versor :      0.154 ms | versor_exp :      0.407 ms
Cl( 0, 7) | naive :      0.571 ms | operator| :      0.496 ms | versor :      0.484 ms | versor_exp :      1.100 ms
Cl( 0, 8) | naive :      1.075 ms | operator| :      0.603 ms | versor :      0.628 ms | versor_exp :      0.914 ms
Cl( 0, 9) | naive :      3.428 ms | operator| :      1.999 ms | versor :      1.983 ms | versor_exp :      2.932 ms
Cl( 0,10) | naive :     12.679 ms | operator| :      7.971 ms | versor :      7.577 ms | versor_exp :     11.427 ms
Cl( 0,11) | naive :     45.152 ms | operator| :     28.073 ms | versor :     29.170 ms | versor_exp :     45.172 ms
Cl( 0,12) | naive :     82.457 ms | operator| :     46.483 ms | versor :     46.350 ms | versor_exp :     83.647 ms
Cl( 0,13) | naive :    100.522 ms | operator| :     56.534 ms | versor :     56.326 ms | versor_exp :    342.971 ms
Cl( 0,14) | naive :    139.148 ms | operator| :     78.034 ms | versor :     77.977 ms | versor_exp :    419.930 ms
Cl( 0,15) | naive :    450.174 ms | operator| :    261.118 ms | versor :    258.643 ms | versor_exp :   1115.431 ms
Cl( 0,16) | naive :    640.922 ms | operator| :    349.203 ms | versor :    353.360 ms | versor_exp :   1449.435 ms

--- Benchmarking matrix_multi ---
Cl( 1, 0) | naive :      0.030 ms | operator| :      0.009 ms | versor :      0.009 ms | versor_exp :      0.012 ms
Cl( 2, 0) | naive :      0.029 ms | operator| :      0.007 ms | versor :      0.006 ms | versor_exp :      0.023 ms
Cl( 3, 0) | naive :      0.071 ms | operator| :      0.007 ms | versor :      0.007 ms | versor_exp :      0.027 ms
Cl( 4, 0) | naive :      0.073 ms | operator| :      0.013 ms | versor :      0.012 ms | versor_exp :      0.043 ms
Cl( 5, 0) | naive :      0.058 ms | operator| :      0.025 ms | versor :      0.024 ms | versor_exp :      0.130 ms
Cl( 6, 0) | naive :      0.141 ms | operator| :      0.025 ms | versor :      0.024 ms | versor_exp :      0.101 ms
Cl( 7, 0) | naive :      0.143 ms | operator| :      0.025 ms | versor :      0.024 ms | versor_exp :      0.104 ms
Cl( 8, 0) | naive :      3.280 ms | operator| :      0.024 ms | versor :      0.023 ms | versor_exp :      0.102 ms
Cl( 9, 0) | naive :      0.677 ms | operator| :      0.075 ms | versor :      0.077 ms | versor_exp :      0.330 ms
Cl(10, 0) | naive :     11.052 ms | operator| :      0.072 ms | versor :      0.071 ms | versor_exp :      0.295 ms
Cl(11, 0) | naive :     84.451 ms | operator| :      0.275 ms | versor :      0.264 ms | versor_exp :      1.271 ms
Cl(12, 0) | naive :    650.763 ms | operator| :      1.390 ms | versor :      1.398 ms | versor_exp :      6.954 ms
Cl(13, 0) | naive :     14.905 ms | operator| :      9.435 ms | versor :      8.746 ms | versor_exp :     48.087 ms
Cl(14, 0) | naive :     37.330 ms | operator| :      8.813 ms | versor :      8.913 ms | versor_exp :     48.125 ms
Cl(15, 0) | naive :     36.370 ms | operator| :      8.767 ms | versor :      8.751 ms | versor_exp :     48.693 ms
Cl(16, 0) | naive :  12277.707 ms | operator| :      8.911 ms | versor :      8.733 ms | versor_exp :     50.138 ms
Cl( 0, 1) | naive :      0.020 ms | operator| :      0.009 ms | versor :      0.008 ms | versor_exp :      0.009 ms
Cl( 0, 2) | naive :      0.039 ms | operator| :      0.007 ms | versor :      0.009 ms | versor_exp :      0.024 ms
Cl( 0, 3) | naive :      0.077 ms | operator| :      0.012 ms | versor :      0.011 ms | versor_exp :      0.042 ms
Cl( 0, 4) | naive :      0.297 ms | operator| :      0.013 ms | versor :      0.012 ms | versor_exp :      0.043 ms
Cl( 0, 5) | naive :      0.243 ms | operator| :      0.012 ms | versor :      0.011 ms | versor_exp :      0.043 ms
Cl( 0, 6) | naive :      0.248 ms | operator| :      0.013 ms | versor :      0.011 ms | versor_exp :      0.043 ms
Cl( 0, 7) | naive :      2.639 ms | operator| :      0.026 ms | versor :      0.025 ms | versor_exp :      0.110 ms
Cl( 0, 8) | naive :      3.445 ms | operator| :      0.028 ms | versor :      0.026 ms | versor_exp :      0.118 ms
Cl( 0, 9) | naive :      0.955 ms | operator| :      0.069 ms | versor :      0.069 ms | versor_exp :      0.345 ms
Cl( 0,10) | naive :      3.490 ms | operator| :      0.261 ms | versor :      0.294 ms | versor_exp :      1.288 ms
Cl( 0,11) | naive :     12.655 ms | operator| :      1.365 ms | versor :      1.380 ms | versor_exp :      7.423 ms
Cl( 0,12) | naive :    687.498 ms | operator| :      1.396 ms | versor :      1.383 ms | versor_exp :      7.569 ms
Cl( 0,13) | naive :    701.853 ms | operator| :      1.399 ms | versor :      1.379 ms | versor_exp :      7.446 ms
Cl( 0,14) | naive :    693.386 ms | operator| :      1.384 ms | versor :      1.374 ms | versor_exp :      7.412 ms
Cl( 0,15) | naive :    556.677 ms | operator| :      8.853 ms | versor :      8.764 ms | versor_exp :     48.114 ms
Cl( 0,16) | naive :  12231.515 ms | operator| :      8.884 ms | versor :      8.774 ms | versor_exp :     48.361 ms
