
framed_multi<float,-4,4>
Clifford algebra expressions test:
Fill: 0.5
Cl( 1, 0) in Cl( 1, 0) CPU =        0.001 ms (setup)        0.002 (comm)        0.018 (pade)        0.003 (series)        0.001 (mix)        0.002 (add) 
Cl( 1, 1) in Cl( 1, 1) CPU =        0.001 ms (setup)        0.000 (comm)        0.004 (pade)        0.001 (series)        0.001 (mix)        0.001 (add) 
Cl( 2, 1) in Cl( 2, 1) CPU =        0.001 ms (setup)        0.003 (comm)        0.007 (pade)        0.004 (series)        0.001 (mix)        0.001 (add) 
Cl( 2, 2) in Cl( 2, 2) CPU =        0.001 ms (setup)        0.005 (comm)        0.007 (pade)        0.006 (series)        0.002 (mix)        0.001 (add) 
Cl( 3, 2) in Cl( 3, 2) CPU =        0.003 ms (setup)        0.011 (comm)        0.030 (pade)        0.011 (series)        0.004 (mix)        0.003 (add) 
Cl( 3, 3) in Cl( 3, 3) CPU =        0.007 ms (setup)        0.028 (comm)        0.038 (pade)        0.042 (series)        0.007 (mix)        0.005 (add) 
Cl( 4, 3) in Cl( 4, 3) CPU =        0.013 ms (setup)        0.075 (comm)        0.143 (pade)        0.116 (series)        0.021 (mix)        0.011 (add) 
Cl( 4, 4) in Cl( 4, 4) CPU =        0.026 ms (setup)        0.434 (comm)        0.193 (pade)        0.712 (series)        0.075 (mix)        0.024 (add) 
Cl( 1, 0) in Cl( 4, 4) CPU =        0.001 ms (setup)        0.001 (comm)        0.004 (pade)        0.002 (series)        0.000 (mix)        0.001 (add) 
Cl( 1, 1) in Cl( 4, 4) CPU =        0.001 ms (setup)        0.002 (comm)        0.004 (pade)        0.001 (series)        0.001 (mix)        0.001 (add) 
Cl( 2, 1) in Cl( 4, 4) CPU =        0.001 ms (setup)        0.003 (comm)        0.007 (pade)        0.004 (series)        0.001 (mix)        0.001 (add) 
Cl( 2, 2) in Cl( 4, 4) CPU =        0.002 ms (setup)        0.005 (comm)        0.007 (pade)        0.006 (series)        0.002 (mix)        0.001 (add) 
Cl( 3, 2) in Cl( 4, 4) CPU =        0.003 ms (setup)        0.011 (comm)        0.029 (pade)        0.017 (series)        0.004 (mix)        0.003 (add) 
Cl( 3, 3) in Cl( 4, 4) CPU =        0.007 ms (setup)        0.028 (comm)        0.040 (pade)        0.044 (series)        0.007 (mix)        0.005 (add) 
Cl( 4, 3) in Cl( 4, 4) CPU =        0.013 ms (setup)        0.063 (comm)        0.143 (pade)        0.108 (series)        0.019 (mix)        0.009 (add) 
Cl( 4, 4) in Cl( 4, 4) CPU =        0.026 ms (setup)        0.412 (comm)        0.191 (pade)        0.721 (series)        0.083 (mix)        0.022 (add) 
Fill: 1
Cl( 1, 0) in Cl( 1, 0) CPU =        0.001 ms (setup)        0.002 (comm)        0.004 (pade)        0.009 (series)        0.001 (mix)        0.002 (add) 
Cl( 1, 1) in Cl( 1, 1) CPU =        0.001 ms (setup)        0.002 (comm)        0.003 (pade)        0.003 (series)        0.001 (mix)        0.001 (add) 
Cl( 2, 1) in Cl( 2, 1) CPU =        0.001 ms (setup)        0.004 (comm)        0.006 (pade)        0.004 (series)        0.001 (mix)        0.001 (add) 
Cl( 2, 2) in Cl( 2, 2) CPU =        0.001 ms (setup)        0.005 (comm)        0.009 (pade)        0.007 (series)        0.002 (mix)        0.001 (add) 
Cl( 3, 2) in Cl( 3, 2) CPU =        0.003 ms (setup)        0.016 (comm)        0.029 (pade)        0.022 (series)        0.005 (mix)        0.003 (add) 
Cl( 3, 3) in Cl( 3, 3) CPU =        0.007 ms (setup)        0.043 (comm)        0.043 (pade)        0.062 (series)        0.011 (mix)        0.005 (add) 
Cl( 4, 3) in Cl( 4, 3) CPU =        0.016 ms (setup)        0.124 (comm)        0.154 (pade)        0.192 (series)        0.026 (mix)        0.010 (add) 
Cl( 4, 4) in Cl( 4, 4) CPU =        0.035 ms (setup)        0.475 (comm)        0.209 (pade)        0.804 (series)        0.070 (mix)        0.026 (add) 
Cl( 1, 0) in Cl( 4, 4) CPU =        0.000 ms (setup)        0.001 (comm)        0.003 (pade)        0.003 (series)        0.001 (mix)        0.001 (add) 
Cl( 1, 1) in Cl( 4, 4) CPU =        0.001 ms (setup)        0.003 (comm)        0.003 (pade)        0.003 (series)        0.001 (mix)        0.001 (add) 
Cl( 2, 1) in Cl( 4, 4) CPU =        0.001 ms (setup)        0.003 (comm)        0.006 (pade)        0.004 (series)        0.001 (mix)        0.001 (add) 
Cl( 2, 2) in Cl( 4, 4) CPU =        0.002 ms (setup)        0.006 (comm)        0.008 (pade)        0.007 (series)        0.002 (mix)        0.001 (add) 
Cl( 3, 2) in Cl( 4, 4) CPU =        0.003 ms (setup)        0.015 (comm)        0.029 (pade)        0.021 (series)        0.005 (mix)        0.003 (add) 
Cl( 3, 3) in Cl( 4, 4) CPU =        0.007 ms (setup)        0.042 (comm)        0.042 (pade)        0.061 (series)        0.011 (mix)        0.005 (add) 
Cl( 4, 3) in Cl( 4, 4) CPU =        0.015 ms (setup)        0.124 (comm)        0.152 (pade)        0.191 (series)        0.026 (mix)        0.009 (add) 
Cl( 4, 4) in Cl( 4, 4) CPU =        0.035 ms (setup)        0.475 (comm)        0.208 (pade)        0.804 (series)        0.070 (mix)        0.025 (add) 

matrix_multi<float,-4,4>
Clifford algebra expressions test:
Fill: 0.5
Cl( 1, 0) in Cl( 1, 0) CPU =        0.004 ms (setup)        0.010 (comm)        0.003 (pade)        0.002 (series)        0.003 (mix)        0.001 (add) 
Cl( 1, 1) in Cl( 1, 1) CPU =        0.005 ms (setup)        0.005 (comm)        0.002 (pade)        0.001 (series)        0.005 (mix)        0.001 (add) 
Cl( 2, 1) in Cl( 2, 1) CPU =        0.003 ms (setup)        0.015 (comm)        0.003 (pade)        0.001 (series)        0.013 (mix)        0.001 (add) 
Cl( 2, 2) in Cl( 2, 2) CPU =        0.003 ms (setup)        0.027 (comm)        0.002 (pade)        0.001 (series)        0.026 (mix)        0.000 (add) 
Cl( 3, 2) in Cl( 3, 2) CPU =        0.015 ms (setup)        0.110 (comm)        0.004 (pade)        0.002 (series)        0.104 (mix)        0.000 (add) 
Cl( 3, 3) in Cl( 3, 3) CPU =        0.020 ms (setup)        0.195 (comm)        0.003 (pade)        0.001 (series)        0.187 (mix)        0.001 (add) 
Cl( 4, 3) in Cl( 4, 3) CPU =        0.048 ms (setup)        0.881 (comm)        0.008 (pade)        0.003 (series)        0.854 (mix)        0.001 (add) 
Cl( 4, 4) in Cl( 4, 4) CPU =        0.095 ms (setup)        1.395 (comm)        0.007 (pade)        0.003 (series)        1.368 (mix)        0.001 (add) 
Cl( 1, 0) in Cl( 4, 4) CPU =        0.003 ms (setup)        0.025 (comm)        0.007 (pade)        0.003 (series)        0.022 (mix)        0.001 (add) 
Cl( 1, 1) in Cl( 4, 4) CPU =        0.004 ms (setup)        0.028 (comm)        0.006 (pade)        0.003 (series)        0.026 (mix)        0.000 (add) 
Cl( 2, 1) in Cl( 4, 4) CPU =        0.009 ms (setup)        0.061 (comm)        0.007 (pade)        0.003 (series)        0.058 (mix)        0.001 (add) 
Cl( 2, 2) in Cl( 4, 4) CPU =        0.011 ms (setup)        0.096 (comm)        0.007 (pade)        0.003 (series)        0.092 (mix)        0.001 (add) 
Cl( 3, 2) in Cl( 4, 4) CPU =        0.040 ms (setup)        0.190 (comm)        0.007 (pade)        0.003 (series)        0.185 (mix)        0.001 (add) 
Cl( 3, 3) in Cl( 4, 4) CPU =        0.068 ms (setup)        0.300 (comm)        0.009 (pade)        0.003 (series)        0.288 (mix)        0.001 (add) 
Cl( 4, 3) in Cl( 4, 4) CPU =        0.179 ms (setup)        0.941 (comm)        0.007 (pade)        0.003 (series)        0.917 (mix)        0.001 (add) 
Cl( 4, 4) in Cl( 4, 4) CPU =        0.095 ms (setup)        1.388 (comm)        0.008 (pade)        0.003 (series)        1.363 (mix)        0.001 (add) 
Fill: 1
Cl( 1, 0) in Cl( 1, 0) CPU =        0.009 ms (setup)        0.005 (comm)        0.003 (pade)        0.002 (series)        0.004 (mix)        0.001 (add) 
Cl( 1, 1) in Cl( 1, 1) CPU =        0.001 ms (setup)        0.007 (comm)        0.002 (pade)        0.001 (series)        0.007 (mix)        0.000 (add) 
Cl( 2, 1) in Cl( 2, 1) CPU =        0.002 ms (setup)        0.024 (comm)        0.003 (pade)        0.001 (series)        0.022 (mix)        0.001 (add) 
Cl( 2, 2) in Cl( 2, 2) CPU =        0.004 ms (setup)        0.036 (comm)        0.002 (pade)        0.001 (series)        0.036 (mix)        0.001 (add) 
Cl( 3, 2) in Cl( 3, 2) CPU =        0.011 ms (setup)        0.146 (comm)        0.004 (pade)        0.002 (series)        0.143 (mix)        0.000 (add) 
Cl( 3, 3) in Cl( 3, 3) CPU =        0.022 ms (setup)        0.230 (comm)        0.003 (pade)        0.002 (series)        0.224 (mix)        0.000 (add) 
Cl( 4, 3) in Cl( 4, 3) CPU =        0.062 ms (setup)        1.010 (comm)        0.008 (pade)        0.003 (series)        0.999 (mix)        0.001 (add) 
Cl( 4, 4) in Cl( 4, 4) CPU =        0.125 ms (setup)        1.534 (comm)        0.008 (pade)        0.003 (series)        1.520 (mix)        0.001 (add) 
Cl( 1, 0) in Cl( 4, 4) CPU =        0.003 ms (setup)        0.041 (comm)        0.007 (pade)        0.003 (series)        0.038 (mix)        0.001 (add) 
Cl( 1, 1) in Cl( 4, 4) CPU =        0.004 ms (setup)        0.055 (comm)        0.007 (pade)        0.003 (series)        0.052 (mix)        0.001 (add) 
Cl( 2, 1) in Cl( 4, 4) CPU =        0.007 ms (setup)        0.081 (comm)        0.007 (pade)        0.003 (series)        0.079 (mix)        0.000 (add) 
Cl( 2, 2) in Cl( 4, 4) CPU =        0.018 ms (setup)        0.117 (comm)        0.007 (pade)        0.003 (series)        0.114 (mix)        0.000 (add) 
Cl( 3, 2) in Cl( 4, 4) CPU =        0.045 ms (setup)        0.222 (comm)        0.007 (pade)        0.003 (series)        0.218 (mix)        0.000 (add) 
Cl( 3, 3) in Cl( 4, 4) CPU =        0.083 ms (setup)        0.356 (comm)        0.007 (pade)        0.003 (series)        0.351 (mix)        0.001 (add) 
Cl( 4, 3) in Cl( 4, 4) CPU =        0.223 ms (setup)        1.063 (comm)        0.007 (pade)        0.003 (series)        1.052 (mix)        0.001 (add) 
Cl( 4, 4) in Cl( 4, 4) CPU =        0.124 ms (setup)        1.544 (comm)        0.007 (pade)        0.003 (series)        1.526 (mix)        0.001 (add) 

framed_multi<double>
Clifford algebra expressions test:
Fill: 0.5
Cl( 1, 0) in Cl( 1, 0) CPU =        0.001 ms (setup)        0.007 (comm)        0.005 (pade)        0.002 (series)        0.001 (mix)        0.002 (add) 
Cl( 1, 1) in Cl( 1, 1) CPU =        0.001 ms (setup)        0.000 (comm)        0.004 (pade)        0.001 (series)        0.000 (mix)        0.001 (add) 
Cl( 2, 1) in Cl( 2, 1) CPU =        0.001 ms (setup)        0.004 (comm)        0.007 (pade)        0.004 (series)        0.002 (mix)        0.001 (add) 
Cl( 2, 2) in Cl( 2, 2) CPU =        0.002 ms (setup)        0.006 (comm)        0.007 (pade)        0.007 (series)        0.002 (mix)        0.001 (add) 
Cl( 3, 2) in Cl( 3, 2) CPU =        0.003 ms (setup)        0.013 (comm)        0.030 (pade)        0.012 (series)        0.004 (mix)        0.002 (add) 
Cl( 3, 3) in Cl( 3, 3) CPU =        0.007 ms (setup)        0.036 (comm)        0.036 (pade)        0.049 (series)        0.009 (mix)        0.003 (add) 
Cl( 4, 3) in Cl( 4, 3) CPU =        0.013 ms (setup)        0.096 (comm)        0.136 (pade)        0.136 (series)        0.032 (mix)        0.005 (add) 
Cl( 4, 4) in Cl( 4, 4) CPU =        0.026 ms (setup)        0.422 (comm)        0.176 (pade)        0.667 (series)        0.101 (mix)        0.009 (add) 
Cl( 5, 4) in Cl( 5, 4) CPU =        0.053 ms (setup)        1.486 (comm)        0.640 (pade)        2.430 (series)        0.292 (mix)        0.017 (add) 
Cl( 5, 5) in Cl( 5, 5) CPU =        0.108 ms (setup)        2.477 (comm)        0.905 (pade)        3.446 (series)        0.817 (mix)        0.034 (add) 
Cl( 6, 5) in Cl( 6, 5) CPU =        0.227 ms (setup)        8.252 (comm)        3.220 (pade)       12.514 (series)        2.277 (mix)        0.071 (add) 
Cl( 6, 6) in Cl( 6, 6) CPU =        0.467 ms (setup)       14.745 (comm)        4.524 (pade)       17.582 (series)        6.596 (mix)        0.154 (add) 
Cl( 7, 6) in Cl( 7, 6) CPU =        0.950 ms (setup)       47.993 (comm)       15.701 (pade)       61.447 (series)       19.322 (mix)        0.330 (add) 
Cl( 7, 7) in Cl( 7, 7) CPU =        1.955 ms (setup)       96.124 (comm)       22.216 (pade)       87.327 (series)       56.956 (mix)        0.656 (add) 
Cl( 8, 7) in Cl( 8, 7) CPU =        3.917 ms (setup)      309.560 (comm)       79.041 (pade)      309.947 (series)      166.319 (mix)        1.383 (add) 
Cl( 8, 8) in Cl( 8, 8) CPU =        7.958 ms (setup)      700.697 (comm)      114.311 (pade)      448.233 (series)      501.569 (mix)        2.916 (add) 
Cl( 1, 0) in Cl( 8, 8) CPU =        0.001 ms (setup)        0.001 (comm)        0.003 (pade)        0.002 (series)        0.001 (mix)        0.001 (add) 
Cl( 1, 1) in Cl( 8, 8) CPU =        0.001 ms (setup)        0.001 (comm)        0.004 (pade)        0.001 (series)        0.000 (mix)        0.001 (add) 
Cl( 2, 1) in Cl( 8, 8) CPU =        0.001 ms (setup)        0.004 (comm)        0.007 (pade)        0.004 (series)        0.001 (mix)        0.001 (add) 
Cl( 2, 2) in Cl( 8, 8) CPU =        0.002 ms (setup)        0.006 (comm)        0.007 (pade)        0.007 (series)        0.002 (mix)        0.001 (add) 
Cl( 3, 2) in Cl( 8, 8) CPU =        0.002 ms (setup)        0.011 (comm)        0.022 (pade)        0.011 (series)        0.003 (mix)        0.001 (add) 
Cl( 3, 3) in Cl( 8, 8) CPU =        0.005 ms (setup)        0.033 (comm)        0.036 (pade)        0.046 (series)        0.008 (mix)        0.003 (add) 
Cl( 4, 3) in Cl( 8, 8) CPU =        0.012 ms (setup)        0.100 (comm)        0.134 (pade)        0.134 (series)        0.033 (mix)        0.005 (add) 
Cl( 4, 4) in Cl( 8, 8) CPU =        0.026 ms (setup)        0.415 (comm)        0.177 (pade)        0.661 (series)        0.099 (mix)        0.009 (add) 
Cl( 5, 4) in Cl( 8, 8) CPU =        0.054 ms (setup)        1.479 (comm)        0.633 (pade)        2.417 (series)        0.288 (mix)        0.016 (add) 
Cl( 5, 5) in Cl( 8, 8) CPU =        0.106 ms (setup)        2.406 (comm)        0.877 (pade)        3.388 (series)        0.770 (mix)        0.033 (add) 
Cl( 6, 5) in Cl( 8, 8) CPU =        0.224 ms (setup)        8.171 (comm)        3.187 (pade)       12.454 (series)        2.256 (mix)        0.069 (add) 
Cl( 6, 6) in Cl( 8, 8) CPU =        0.459 ms (setup)       14.581 (comm)        4.458 (pade)       17.445 (series)        6.537 (mix)        0.150 (add) 
Cl( 7, 6) in Cl( 8, 8) CPU =        0.950 ms (setup)       47.995 (comm)       15.606 (pade)       61.188 (series)       19.384 (mix)        0.327 (add) 
Cl( 7, 7) in Cl( 8, 8) CPU =        1.958 ms (setup)       96.777 (comm)       22.225 (pade)       87.353 (series)       57.370 (mix)        0.661 (add) 
Cl( 8, 7) in Cl( 8, 8) CPU =        3.934 ms (setup)      313.102 (comm)       79.149 (pade)      309.516 (series)      169.755 (mix)        1.405 (add) 
Cl( 8, 8) in Cl( 8, 8) CPU =        7.938 ms (setup)      698.010 (comm)      113.854 (pade)      448.067 (series)      499.092 (mix)        2.920 (add) 
Fill: 1
Cl( 1, 0) in Cl( 1, 0) CPU =        0.001 ms (setup)        0.003 (comm)        0.005 (pade)        0.003 (series)        0.001 (mix)        0.001 (add) 
Cl( 1, 1) in Cl( 1, 1) CPU =        0.001 ms (setup)        0.003 (comm)        0.004 (pade)        0.003 (series)        0.001 (mix)        0.001 (add) 
Cl( 2, 1) in Cl( 2, 1) CPU =        0.001 ms (setup)        0.004 (comm)        0.007 (pade)        0.005 (series)        0.002 (mix)        0.001 (add) 
Cl( 2, 2) in Cl( 2, 2) CPU =        0.002 ms (setup)        0.007 (comm)        0.009 (pade)        0.009 (series)        0.003 (mix)        0.001 (add) 
Cl( 3, 2) in Cl( 3, 2) CPU =        0.004 ms (setup)        0.019 (comm)        0.030 (pade)        0.025 (series)        0.005 (mix)        0.002 (add) 
Cl( 3, 3) in Cl( 3, 3) CPU =        0.009 ms (setup)        0.053 (comm)        0.040 (pade)        0.071 (series)        0.013 (mix)        0.003 (add) 
Cl( 4, 3) in Cl( 4, 3) CPU =        0.018 ms (setup)        0.165 (comm)        0.145 (pade)        0.229 (series)        0.038 (mix)        0.005 (add) 
Cl( 4, 4) in Cl( 4, 4) CPU =        0.037 ms (setup)        0.489 (comm)        0.197 (pade)        0.760 (series)        0.103 (mix)        0.011 (add) 
Cl( 5, 4) in Cl( 5, 4) CPU =        0.074 ms (setup)        1.678 (comm)        0.698 (pade)        2.694 (series)        0.285 (mix)        0.021 (add) 
Cl( 5, 5) in Cl( 5, 5) CPU =        0.151 ms (setup)        2.782 (comm)        1.012 (pade)        3.944 (series)        0.725 (mix)        0.042 (add) 
Cl( 6, 5) in Cl( 6, 5) CPU =        0.311 ms (setup)        9.136 (comm)        3.641 (pade)       14.208 (series)        1.966 (mix)        0.083 (add) 
Cl( 6, 6) in Cl( 6, 6) CPU =        0.641 ms (setup)       16.028 (comm)        5.358 (pade)       21.178 (series)        5.399 (mix)        0.172 (add) 
Cl( 7, 6) in Cl( 7, 6) CPU =        1.375 ms (setup)       51.087 (comm)       18.072 (pade)       71.210 (series)       15.466 (mix)        0.344 (add) 
Cl( 7, 7) in Cl( 7, 7) CPU =        2.897 ms (setup)       99.195 (comm)       27.390 (pade)      108.428 (series)       44.886 (mix)        0.685 (add) 
Cl( 8, 7) in Cl( 8, 7) CPU =        5.719 ms (setup)      314.317 (comm)       93.260 (pade)      367.761 (series)      131.108 (mix)        1.377 (add) 
Cl( 8, 8) in Cl( 8, 8) CPU =       11.865 ms (setup)      670.187 (comm)      144.701 (pade)      572.827 (series)      384.915 (mix)        2.751 (add) 
Cl( 1, 0) in Cl( 8, 8) CPU =        0.001 ms (setup)        0.003 (comm)        0.004 (pade)        0.003 (series)        0.001 (mix)        0.002 (add) 
Cl( 1, 1) in Cl( 8, 8) CPU =        0.001 ms (setup)        0.003 (comm)        0.004 (pade)        0.003 (series)        0.001 (mix)        0.001 (add) 
Cl( 2, 1) in Cl( 8, 8) CPU =        0.001 ms (setup)        0.004 (comm)        0.007 (pade)        0.005 (series)        0.001 (mix)        0.001 (add) 
Cl( 2, 2) in Cl( 8, 8) CPU =        0.002 ms (setup)        0.007 (comm)        0.009 (pade)        0.009 (series)        0.003 (mix)        0.001 (add) 
Cl( 3, 2) in Cl( 8, 8) CPU =        0.004 ms (setup)        0.019 (comm)        0.029 (pade)        0.024 (series)        0.005 (mix)        0.002 (add) 
Cl( 3, 3) in Cl( 8, 8) CPU =        0.008 ms (setup)        0.052 (comm)        0.040 (pade)        0.071 (series)        0.013 (mix)        0.004 (add) 
Cl( 4, 3) in Cl( 8, 8) CPU =        0.018 ms (setup)        0.165 (comm)        0.145 (pade)        0.230 (series)        0.038 (mix)        0.005 (add) 
Cl( 4, 4) in Cl( 8, 8) CPU =        0.036 ms (setup)        0.489 (comm)        0.198 (pade)        0.758 (series)        0.105 (mix)        0.011 (add) 
Cl( 5, 4) in Cl( 8, 8) CPU =        0.073 ms (setup)        1.660 (comm)        0.697 (pade)        2.698 (series)        0.283 (mix)        0.021 (add) 
Cl( 5, 5) in Cl( 8, 8) CPU =        0.152 ms (setup)        2.780 (comm)        1.014 (pade)        3.932 (series)        0.725 (mix)        0.042 (add) 
Cl( 6, 5) in Cl( 8, 8) CPU =        0.311 ms (setup)        9.123 (comm)        3.644 (pade)       14.238 (series)        1.966 (mix)        0.082 (add) 
Cl( 6, 6) in Cl( 8, 8) CPU =        0.642 ms (setup)       16.032 (comm)        5.361 (pade)       21.183 (series)        5.399 (mix)        0.170 (add) 
Cl( 7, 6) in Cl( 8, 8) CPU =        1.373 ms (setup)       51.080 (comm)       18.061 (pade)       71.224 (series)       15.472 (mix)        0.345 (add) 
Cl( 7, 7) in Cl( 8, 8) CPU =        2.905 ms (setup)       99.168 (comm)       27.396 (pade)      108.433 (series)       44.898 (mix)        0.685 (add) 
Cl( 8, 7) in Cl( 8, 8) CPU =        5.732 ms (setup)      314.363 (comm)       93.238 (pade)      368.603 (series)      131.130 (mix)        1.377 (add) 
Cl( 8, 8) in Cl( 8, 8) CPU =       11.864 ms (setup)      670.539 (comm)      144.323 (pade)      572.120 (series)      385.082 (mix)        2.755 (add) 

matrix_multi<double>
Clifford algebra expressions test:
Fill: 0.5
Cl( 1, 0) in Cl( 1, 0) CPU =        0.002 ms (setup)        0.004 (comm)        0.002 (pade)        0.002 (series)        0.002 (mix)        0.001 (add) 
Cl( 1, 1) in Cl( 1, 1) CPU =        0.005 ms (setup)        0.003 (comm)        0.002 (pade)        0.001 (series)        0.002 (mix)        0.001 (add) 
Cl( 2, 1) in Cl( 2, 1) CPU =        0.002 ms (setup)        0.019 (comm)        0.002 (pade)        0.001 (series)        0.017 (mix)        0.000 (add) 
Cl( 2, 2) in Cl( 2, 2) CPU =        0.002 ms (setup)        0.030 (comm)        0.002 (pade)        0.001 (series)        0.029 (mix)        0.001 (add) 
Cl( 3, 2) in Cl( 3, 2) CPU =        0.013 ms (setup)        0.108 (comm)        0.004 (pade)        0.003 (series)        0.104 (mix)        0.001 (add) 
Cl( 3, 3) in Cl( 3, 3) CPU =        0.019 ms (setup)        0.183 (comm)        0.004 (pade)        0.002 (series)        0.175 (mix)        0.001 (add) 
Cl( 4, 3) in Cl( 4, 3) CPU =        0.052 ms (setup)        0.835 (comm)        0.009 (pade)        0.005 (series)        0.814 (mix)        0.001 (add) 
Cl( 4, 4) in Cl( 4, 4) CPU =        0.096 ms (setup)        1.266 (comm)        0.009 (pade)        0.005 (series)        1.249 (mix)        0.001 (add) 
Cl( 5, 4) in Cl( 5, 4) CPU =        0.232 ms (setup)        5.194 (comm)        0.023 (pade)        0.015 (series)        5.171 (mix)        0.002 (add) 
Cl( 5, 5) in Cl( 5, 5) CPU =        0.460 ms (setup)        7.689 (comm)        0.024 (pade)        0.017 (series)        7.681 (mix)        0.002 (add) 
Cl( 6, 5) in Cl( 6, 5) CPU =        1.077 ms (setup)       29.736 (comm)        0.079 (pade)        0.075 (series)       29.718 (mix)        0.005 (add) 
Cl( 6, 6) in Cl( 6, 6) CPU =        2.167 ms (setup)       42.322 (comm)        0.078 (pade)        0.075 (series)       42.275 (mix)        0.006 (add) 
Cl( 7, 6) in Cl( 7, 6) CPU =        5.172 ms (setup)      172.429 (comm)        0.347 (pade)        0.470 (series)      171.993 (mix)        0.031 (add) 
Cl( 7, 7) in Cl( 7, 7) CPU =       10.360 ms (setup)      233.478 (comm)        0.346 (pade)        0.469 (series)      233.065 (mix)        0.030 (add) 
Cl( 8, 7) in Cl( 8, 7) CPU =       25.039 ms (setup)     1029.121 (comm)        1.973 (pade)        3.224 (series)     1026.367 (mix)        0.122 (add) 
Cl( 8, 8) in Cl( 8, 8) CPU =       50.236 ms (setup)     1335.569 (comm)        1.985 (pade)        3.230 (series)     1331.381 (mix)        0.121 (add) 
Cl( 1, 0) in Cl( 8, 8) CPU =        0.013 ms (setup)        5.011 (comm)        0.376 (pade)        3.222 (series)        3.383 (mix)        0.121 (add) 
Cl( 1, 1) in Cl( 8, 8) CPU =        0.022 ms (setup)        7.969 (comm)        0.561 (pade)        3.222 (series)        6.335 (mix)        0.121 (add) 
Cl( 2, 1) in Cl( 8, 8) CPU =        0.050 ms (setup)       18.238 (comm)        0.573 (pade)        3.220 (series)       16.617 (mix)        0.122 (add) 
Cl( 2, 2) in Cl( 8, 8) CPU =        0.101 ms (setup)       34.803 (comm)        0.577 (pade)        3.220 (series)       33.175 (mix)        0.121 (add) 
Cl( 3, 2) in Cl( 8, 8) CPU =        0.597 ms (setup)       49.699 (comm)        0.611 (pade)        3.220 (series)       48.029 (mix)        0.122 (add) 
Cl( 3, 3) in Cl( 8, 8) CPU =        1.002 ms (setup)       68.606 (comm)        0.611 (pade)        3.220 (series)       67.008 (mix)        0.122 (add) 
Cl( 4, 3) in Cl( 8, 8) CPU =        1.008 ms (setup)       72.169 (comm)        0.682 (pade)        3.225 (series)       69.082 (mix)        0.136 (add) 
Cl( 4, 4) in Cl( 8, 8) CPU =        1.310 ms (setup)      100.733 (comm)        0.685 (pade)        3.222 (series)       97.629 (mix)        0.127 (add) 
Cl( 5, 4) in Cl( 8, 8) CPU =        1.667 ms (setup)      132.487 (comm)        0.862 (pade)        3.224 (series)      130.828 (mix)        0.123 (add) 
Cl( 5, 5) in Cl( 8, 8) CPU =        2.553 ms (setup)      157.858 (comm)        0.880 (pade)        3.226 (series)      156.098 (mix)        0.123 (add) 
Cl( 6, 5) in Cl( 8, 8) CPU =        5.266 ms (setup)      217.480 (comm)        2.001 (pade)        3.226 (series)      215.544 (mix)        0.124 (add) 
Cl( 6, 6) in Cl( 8, 8) CPU =        9.293 ms (setup)      244.300 (comm)        1.990 (pade)        3.224 (series)      242.612 (mix)        0.123 (add) 
Cl( 7, 6) in Cl( 8, 8) CPU =       21.695 ms (setup)      384.296 (comm)        1.986 (pade)        3.228 (series)      382.349 (mix)        0.123 (add) 
Cl( 7, 7) in Cl( 8, 8) CPU =       41.074 ms (setup)      489.957 (comm)        1.982 (pade)        3.240 (series)      488.200 (mix)        0.123 (add) 
Cl( 8, 7) in Cl( 8, 8) CPU =       97.689 ms (setup)     1060.688 (comm)        1.984 (pade)        3.222 (series)     1058.395 (mix)        0.121 (add) 
Cl( 8, 8) in Cl( 8, 8) CPU =       50.172 ms (setup)     1321.761 (comm)        1.984 (pade)        3.223 (series)     1320.438 (mix)        0.120 (add) 
Fill: 1
Cl( 1, 0) in Cl( 1, 0) CPU =        0.002 ms (setup)        0.005 (comm)        0.002 (pade)        0.002 (series)        0.004 (mix)        0.001 (add) 
Cl( 1, 1) in Cl( 1, 1) CPU =        0.001 ms (setup)        0.007 (comm)        0.002 (pade)        0.001 (series)        0.006 (mix)        0.000 (add) 
Cl( 2, 1) in Cl( 2, 1) CPU =        0.002 ms (setup)        0.025 (comm)        0.002 (pade)        0.001 (series)        0.022 (mix)        0.000 (add) 
Cl( 2, 2) in Cl( 2, 2) CPU =        0.005 ms (setup)        0.037 (comm)        0.002 (pade)        0.001 (series)        0.036 (mix)        0.000 (add) 
Cl( 3, 2) in Cl( 3, 2) CPU =        0.012 ms (setup)        0.149 (comm)        0.004 (pade)        0.002 (series)        0.145 (mix)        0.001 (add) 
Cl( 3, 3) in Cl( 3, 3) CPU =        0.024 ms (setup)        0.230 (comm)        0.004 (pade)        0.002 (series)        0.225 (mix)        0.001 (add) 
Cl( 4, 3) in Cl( 4, 3) CPU =        0.066 ms (setup)        0.995 (comm)        0.008 (pade)        0.005 (series)        0.979 (mix)        0.001 (add) 
Cl( 4, 4) in Cl( 4, 4) CPU =        0.130 ms (setup)        1.487 (comm)        0.009 (pade)        0.005 (series)        1.470 (mix)        0.001 (add) 
Cl( 5, 4) in Cl( 5, 4) CPU =        0.328 ms (setup)        5.741 (comm)        0.023 (pade)        0.016 (series)        5.726 (mix)        0.002 (add) 
Cl( 5, 5) in Cl( 5, 5) CPU =        0.653 ms (setup)        8.424 (comm)        0.023 (pade)        0.016 (series)        8.388 (mix)        0.002 (add) 
Cl( 6, 5) in Cl( 6, 5) CPU =        1.653 ms (setup)       32.337 (comm)        0.077 (pade)        0.076 (series)       32.340 (mix)        0.006 (add) 
Cl( 6, 6) in Cl( 6, 6) CPU =        3.407 ms (setup)       45.339 (comm)        0.079 (pade)        0.075 (series)       45.287 (mix)        0.006 (add) 
Cl( 7, 6) in Cl( 7, 6) CPU =        8.596 ms (setup)      184.284 (comm)        0.348 (pade)        0.470 (series)      183.694 (mix)        0.030 (add) 
Cl( 7, 7) in Cl( 7, 7) CPU =       17.377 ms (setup)      250.355 (comm)        0.347 (pade)        0.470 (series)      250.222 (mix)        0.030 (add) 
Cl( 8, 7) in Cl( 8, 7) CPU =       43.778 ms (setup)     1092.778 (comm)        1.977 (pade)        3.223 (series)     1089.841 (mix)        0.121 (add) 
Cl( 8, 8) in Cl( 8, 8) CPU =       89.166 ms (setup)     1445.320 (comm)        1.977 (pade)        3.223 (series)     1443.747 (mix)        0.133 (add) 
Cl( 1, 0) in Cl( 8, 8) CPU =        0.019 ms (setup)       10.342 (comm)        0.564 (pade)        3.222 (series)        8.720 (mix)        0.121 (add) 
Cl( 1, 1) in Cl( 8, 8) CPU =        0.036 ms (setup)       16.922 (comm)        0.563 (pade)        3.220 (series)       15.295 (mix)        0.121 (add) 
Cl( 2, 1) in Cl( 8, 8) CPU =        0.083 ms (setup)       26.445 (comm)        0.577 (pade)        3.220 (series)       24.793 (mix)        0.121 (add) 
Cl( 2, 2) in Cl( 8, 8) CPU =        0.951 ms (setup)       38.919 (comm)        0.577 (pade)        3.220 (series)       37.288 (mix)        0.121 (add) 
Cl( 3, 2) in Cl( 8, 8) CPU =        0.985 ms (setup)       54.777 (comm)        0.612 (pade)        3.220 (series)       53.133 (mix)        0.121 (add) 
Cl( 3, 3) in Cl( 8, 8) CPU =        1.042 ms (setup)       75.325 (comm)        0.615 (pade)        3.223 (series)       72.320 (mix)        0.126 (add) 
Cl( 4, 3) in Cl( 8, 8) CPU =        1.214 ms (setup)      100.081 (comm)        0.684 (pade)        3.222 (series)       98.531 (mix)        0.122 (add) 
Cl( 4, 4) in Cl( 8, 8) CPU =        1.332 ms (setup)      126.234 (comm)        0.686 (pade)        3.227 (series)      124.630 (mix)        0.123 (add) 
Cl( 5, 4) in Cl( 8, 8) CPU =        2.017 ms (setup)      158.010 (comm)        0.876 (pade)        3.227 (series)      156.220 (mix)        0.122 (add) 
Cl( 5, 5) in Cl( 8, 8) CPU =        3.131 ms (setup)      187.586 (comm)        0.880 (pade)        3.228 (series)      185.731 (mix)        0.123 (add) 
Cl( 6, 5) in Cl( 8, 8) CPU =        6.794 ms (setup)      241.917 (comm)        1.991 (pade)        3.226 (series)      240.312 (mix)        0.122 (add) 
Cl( 6, 6) in Cl( 8, 8) CPU =       12.607 ms (setup)      282.954 (comm)        1.988 (pade)        3.222 (series)      281.039 (mix)        0.123 (add) 
Cl( 7, 6) in Cl( 8, 8) CPU =       29.980 ms (setup)      439.504 (comm)        1.986 (pade)        3.232 (series)      436.620 (mix)        0.121 (add) 
Cl( 7, 7) in Cl( 8, 8) CPU =       57.964 ms (setup)      535.299 (comm)        1.995 (pade)        3.232 (series)      533.399 (mix)        0.123 (add) 
Cl( 8, 7) in Cl( 8, 8) CPU =      141.197 ms (setup)     1129.463 (comm)        1.981 (pade)        3.228 (series)     1125.775 (mix)        0.121 (add) 
Cl( 8, 8) in Cl( 8, 8) CPU =       89.151 ms (setup)     1447.454 (comm)        1.976 (pade)        3.225 (series)     1443.590 (mix)        0.126 (add) 
