expressions/expressions
	linux-vdso.so.1 (0x0000ffff5d1ac000)
	libarmadillo.so.12 => /lib64/libarmadillo.so.12 (0x0000ffff5d140000)
	libflexiblas.so.3 => /lib64/libflexiblas.so.3 (0x0000ffff5cb70000)
	libstdc++.so.6 => /lib64/libstdc++.so.6 (0x0000ffff5c8c0000)
	libm.so.6 => /lib64/libm.so.6 (0x0000ffff5c7f0000)
	libgomp.so.1 => /lib64/libgomp.so.1 (0x0000ffff5c770000)
	libgcc_s.so.1 => /lib64/libgcc_s.so.1 (0x0000ffff5c730000)
	libc.so.6 => /lib64/libc.so.6 (0x0000ffff5c560000)
	libarpack.so.2 => /lib64/libarpack.so.2 (0x0000ffff5c500000)
	libgfortran.so.5 => /lib64/libgfortran.so.5 (0x0000ffff5c330000)
	/lib/ld-linux-aarch64.so.1 (0x0000ffff5d1b0000)
gfft_test/gfft_test
	linux-vdso.so.1 (0x0000ffff4762c000)
	libarmadillo.so.12 => /lib64/libarmadillo.so.12 (0x0000ffff475c0000)
	libflexiblas.so.3 => /lib64/libflexiblas.so.3 (0x0000ffff46ff0000)
	libstdc++.so.6 => /lib64/libstdc++.so.6 (0x0000ffff46d40000)
	libm.so.6 => /lib64/libm.so.6 (0x0000ffff46c70000)
	libgomp.so.1 => /lib64/libgomp.so.1 (0x0000ffff46bf0000)
	libgcc_s.so.1 => /lib64/libgcc_s.so.1 (0x0000ffff46bb0000)
	libc.so.6 => /lib64/libc.so.6 (0x0000ffff469e0000)
	libarpack.so.2 => /lib64/libarpack.so.2 (0x0000ffff46980000)
	libgfortran.so.5 => /lib64/libgfortran.so.5 (0x0000ffff467b0000)
	/lib/ld-linux-aarch64.so.1 (0x0000ffff47630000)
products/products
	linux-vdso.so.1 (0x0000ffff661dc000)
	libarmadillo.so.12 => /lib64/libarmadillo.so.12 (0x0000ffff66170000)
	libflexiblas.so.3 => /lib64/libflexiblas.so.3 (0x0000ffff65ba0000)
	libstdc++.so.6 => /lib64/libstdc++.so.6 (0x0000ffff658f0000)
	libm.so.6 => /lib64/libm.so.6 (0x0000ffff65820000)
	libgomp.so.1 => /lib64/libgomp.so.1 (0x0000ffff657a0000)
	libgcc_s.so.1 => /lib64/libgcc_s.so.1 (0x0000ffff65760000)
	libc.so.6 => /lib64/libc.so.6 (0x0000ffff65590000)
	libarpack.so.2 => /lib64/libarpack.so.2 (0x0000ffff65530000)
	libgfortran.so.5 => /lib64/libgfortran.so.5 (0x0000ffff65360000)
	/lib/ld-linux-aarch64.so.1 (0x0000ffff661e0000)
squaring/squaring
	linux-vdso.so.1 (0x0000fffec190c000)
	libarmadillo.so.12 => /lib64/libarmadillo.so.12 (0x0000fffec18a0000)
	libflexiblas.so.3 => /lib64/libflexiblas.so.3 (0x0000fffec12d0000)
	libstdc++.so.6 => /lib64/libstdc++.so.6 (0x0000fffec1020000)
	libm.so.6 => /lib64/libm.so.6 (0x0000fffec0f50000)
	libgomp.so.1 => /lib64/libgomp.so.1 (0x0000fffec0ed0000)
	libgcc_s.so.1 => /lib64/libgcc_s.so.1 (0x0000fffec0e90000)
	libc.so.6 => /lib64/libc.so.6 (0x0000fffec0cc0000)
	libarpack.so.2 => /lib64/libarpack.so.2 (0x0000fffec0c60000)
	libgfortran.so.5 => /lib64/libgfortran.so.5 (0x0000fffec0a90000)
	/lib/ld-linux-aarch64.so.1 (0x0000fffec1910000)
transforms/transforms
	linux-vdso.so.1 (0x0000ffff3c27c000)
	libarmadillo.so.12 => /lib64/libarmadillo.so.12 (0x0000ffff3c210000)
	libflexiblas.so.3 => /lib64/libflexiblas.so.3 (0x0000ffff3bc40000)
	libstdc++.so.6 => /lib64/libstdc++.so.6 (0x0000ffff3b990000)
	libm.so.6 => /lib64/libm.so.6 (0x0000ffff3b8c0000)
	libgomp.so.1 => /lib64/libgomp.so.1 (0x0000ffff3b840000)
	libgcc_s.so.1 => /lib64/libgcc_s.so.1 (0x0000ffff3b800000)
	libc.so.6 => /lib64/libc.so.6 (0x0000ffff3b630000)
	libarpack.so.2 => /lib64/libarpack.so.2 (0x0000ffff3b5d0000)
	libgfortran.so.5 => /lib64/libgfortran.so.5 (0x0000ffff3b400000)
	/lib/ld-linux-aarch64.so.1 (0x0000ffff3c280000)
versor/versor
	linux-vdso.so.1 (0x0000ffff43e4c000)
	libarmadillo.so.12 => /lib64/libarmadillo.so.12 (0x0000ffff43de0000)
	libflexiblas.so.3 => /lib64/libflexiblas.so.3 (0x0000ffff43810000)
	libstdc++.so.6 => /lib64/libstdc++.so.6 (0x0000ffff43560000)
	libm.so.6 => /lib64/libm.so.6 (0x0000ffff43490000)
	libgomp.so.1 => /lib64/libgomp.so.1 (0x0000ffff43410000)
	libgcc_s.so.1 => /lib64/libgcc_s.so.1 (0x0000ffff433d0000)
	libc.so.6 => /lib64/libc.so.6 (0x0000ffff43200000)
	libarpack.so.2 => /lib64/libarpack.so.2 (0x0000ffff431a0000)
	libgfortran.so.5 => /lib64/libgfortran.so.5 (0x0000ffff42fd0000)
	/lib/ld-linux-aarch64.so.1 (0x0000ffff43e50000)
