
framed_multi<float,-4,4>
Clifford algebra products test:
Fill: 0.5
Cl( 1, 0) in Cl( 1, 0) CPU =        0.001 ms (setup)        0.001 (*)        0.007 (^)        0.001 (&)        0.001 (%) 
Cl( 1, 1) in Cl( 1, 1) CPU =        0.001 ms (setup)        0.001 (*)        0.001 (^)        0.001 (&)        0.001 (%) 
Cl( 2, 1) in Cl( 2, 1) CPU =        0.001 ms (setup)        0.001 (*)        0.001 (^)        0.001 (&)        0.001 (%) 
Cl( 2, 2) in Cl( 2, 2) CPU =        0.001 ms (setup)        0.002 (*)        0.002 (^)        0.001 (&)        0.001 (%) 
Cl( 3, 2) in Cl( 3, 2) CPU =        0.002 ms (setup)        0.004 (*)        0.003 (^)        0.002 (&)        0.002 (%) 
Cl( 3, 3) in Cl( 3, 3) CPU =        0.004 ms (setup)        0.008 (*)        0.007 (^)        0.004 (&)        0.003 (%) 
Cl( 4, 3) in Cl( 4, 3) CPU =        0.007 ms (setup)        0.023 (*)        0.017 (^)        0.009 (&)        0.007 (%) 
Cl( 4, 4) in Cl( 4, 4) CPU =        0.013 ms (setup)        0.166 (*)        0.048 (^)        0.028 (&)        0.018 (%) 
Cl( 1, 0) in Cl( 4, 4) CPU =        0.001 ms (setup)        0.000 (*)        0.000 (^)        0.000 (&)        0.000 (%) 
Cl( 1, 1) in Cl( 4, 4) CPU =        0.001 ms (setup)        0.001 (*)        0.001 (^)        0.001 (&)        0.000 (%) 
Cl( 2, 1) in Cl( 4, 4) CPU =        0.001 ms (setup)        0.001 (*)        0.001 (^)        0.001 (&)        0.001 (%) 
Cl( 2, 2) in Cl( 4, 4) CPU =        0.001 ms (setup)        0.002 (*)        0.002 (^)        0.001 (&)        0.001 (%) 
Cl( 3, 2) in Cl( 4, 4) CPU =        0.002 ms (setup)        0.004 (*)        0.003 (^)        0.002 (&)        0.002 (%) 
Cl( 3, 3) in Cl( 4, 4) CPU =        0.004 ms (setup)        0.007 (*)        0.007 (^)        0.003 (&)        0.003 (%) 
Cl( 4, 3) in Cl( 4, 4) CPU =        0.007 ms (setup)        0.023 (*)        0.016 (^)        0.011 (&)        0.007 (%) 
Cl( 4, 4) in Cl( 4, 4) CPU =        0.013 ms (setup)        0.158 (*)        0.050 (^)        0.033 (&)        0.020 (%) 
Fill: 1
Cl( 1, 0) in Cl( 1, 0) CPU =        0.001 ms (setup)        0.001 (*)        0.002 (^)        0.000 (&)        0.001 (%) 
Cl( 1, 1) in Cl( 1, 1) CPU =        0.001 ms (setup)        0.001 (*)        0.001 (^)        0.001 (&)        0.001 (%) 
Cl( 2, 1) in Cl( 2, 1) CPU =        0.001 ms (setup)        0.002 (*)        0.001 (^)        0.001 (&)        0.001 (%) 
Cl( 2, 2) in Cl( 2, 2) CPU =        0.002 ms (setup)        0.003 (*)        0.002 (^)        0.001 (&)        0.001 (%) 
Cl( 3, 2) in Cl( 3, 2) CPU =        0.002 ms (setup)        0.005 (*)        0.003 (^)        0.003 (&)        0.003 (%) 
Cl( 3, 3) in Cl( 3, 3) CPU =        0.005 ms (setup)        0.015 (*)        0.006 (^)        0.006 (&)        0.005 (%) 
Cl( 4, 3) in Cl( 4, 3) CPU =        0.009 ms (setup)        0.049 (*)        0.014 (^)        0.015 (&)        0.010 (%) 
Cl( 4, 4) in Cl( 4, 4) CPU =        0.019 ms (setup)        0.200 (*)        0.037 (^)        0.038 (&)        0.026 (%) 
Cl( 1, 0) in Cl( 4, 4) CPU =        0.001 ms (setup)        0.001 (*)        0.001 (^)        0.001 (&)        0.000 (%) 
Cl( 1, 1) in Cl( 4, 4) CPU =        0.001 ms (setup)        0.001 (*)        0.001 (^)        0.001 (&)        0.001 (%) 
Cl( 2, 1) in Cl( 4, 4) CPU =        0.001 ms (setup)        0.001 (*)        0.001 (^)        0.001 (&)        0.001 (%) 
Cl( 2, 2) in Cl( 4, 4) CPU =        0.001 ms (setup)        0.002 (*)        0.001 (^)        0.002 (&)        0.001 (%) 
Cl( 3, 2) in Cl( 4, 4) CPU =        0.002 ms (setup)        0.005 (*)        0.003 (^)        0.003 (&)        0.002 (%) 
Cl( 3, 3) in Cl( 4, 4) CPU =        0.005 ms (setup)        0.015 (*)        0.005 (^)        0.005 (&)        0.005 (%) 
Cl( 4, 3) in Cl( 4, 4) CPU =        0.010 ms (setup)        0.049 (*)        0.013 (^)        0.015 (&)        0.010 (%) 
Cl( 4, 4) in Cl( 4, 4) CPU =        0.020 ms (setup)        0.198 (*)        0.036 (^)        0.037 (&)        0.026 (%) 

matrix_multi<float,-4,4>
Clifford algebra products test:
Fill: 0.5
Cl( 1, 0) in Cl( 1, 0) CPU =        0.019 ms (setup)        0.007 (*)        0.003 (^)        0.002 (&)        0.002 (%) 
Cl( 1, 1) in Cl( 1, 1) CPU =        0.002 ms (setup)        0.000 (*)        0.002 (^)        0.002 (&)        0.002 (%) 
Cl( 2, 1) in Cl( 2, 1) CPU =        0.001 ms (setup)        0.000 (*)        0.004 (^)        0.005 (&)        0.005 (%) 
Cl( 2, 2) in Cl( 2, 2) CPU =        0.003 ms (setup)        0.001 (*)        0.015 (^)        0.009 (&)        0.013 (%) 
Cl( 3, 2) in Cl( 3, 2) CPU =        0.005 ms (setup)        0.001 (*)        0.065 (^)        0.054 (&)        0.060 (%) 
Cl( 3, 3) in Cl( 3, 3) CPU =        0.010 ms (setup)        0.001 (*)        0.090 (^)        0.089 (&)        0.088 (%) 
Cl( 4, 3) in Cl( 4, 3) CPU =        0.025 ms (setup)        0.001 (*)        0.405 (^)        0.385 (&)        0.395 (%) 
Cl( 4, 4) in Cl( 4, 4) CPU =        0.049 ms (setup)        0.001 (*)        0.677 (^)        0.673 (&)        0.690 (%) 
Cl( 1, 0) in Cl( 4, 4) CPU =        0.001 ms (setup)        0.001 (*)        0.004 (^)        0.004 (&)        0.004 (%) 
Cl( 1, 1) in Cl( 4, 4) CPU =        0.004 ms (setup)        0.001 (*)        0.030 (^)        0.018 (&)        0.026 (%) 
Cl( 2, 1) in Cl( 4, 4) CPU =        0.005 ms (setup)        0.001 (*)        0.035 (^)        0.023 (&)        0.028 (%) 
Cl( 2, 2) in Cl( 4, 4) CPU =        0.009 ms (setup)        0.001 (*)        0.060 (^)        0.041 (&)        0.048 (%) 
Cl( 3, 2) in Cl( 4, 4) CPU =        0.022 ms (setup)        0.001 (*)        0.076 (^)        0.072 (&)        0.071 (%) 
Cl( 3, 3) in Cl( 4, 4) CPU =        0.035 ms (setup)        0.001 (*)        0.145 (^)        0.123 (&)        0.120 (%) 
Cl( 4, 3) in Cl( 4, 4) CPU =        0.088 ms (setup)        0.001 (*)        0.421 (^)        0.417 (&)        0.415 (%) 
Cl( 4, 4) in Cl( 4, 4) CPU =        0.048 ms (setup)        0.001 (*)        0.642 (^)        0.677 (&)        0.678 (%) 
Fill: 1
Cl( 1, 0) in Cl( 1, 0) CPU =        0.001 ms (setup)        0.007 (*)        0.003 (^)        0.002 (&)        0.002 (%) 
Cl( 1, 1) in Cl( 1, 1) CPU =        0.001 ms (setup)        0.000 (*)        0.004 (^)        0.003 (&)        0.004 (%) 
Cl( 2, 1) in Cl( 2, 1) CPU =        0.001 ms (setup)        0.001 (*)        0.011 (^)        0.010 (&)        0.011 (%) 
Cl( 2, 2) in Cl( 2, 2) CPU =        0.002 ms (setup)        0.001 (*)        0.019 (^)        0.015 (&)        0.019 (%) 
Cl( 3, 2) in Cl( 3, 2) CPU =        0.006 ms (setup)        0.001 (*)        0.070 (^)        0.072 (&)        0.073 (%) 
Cl( 3, 3) in Cl( 3, 3) CPU =        0.011 ms (setup)        0.001 (*)        0.113 (^)        0.107 (&)        0.114 (%) 
Cl( 4, 3) in Cl( 4, 3) CPU =        0.034 ms (setup)        0.001 (*)        0.493 (^)        0.502 (&)        0.501 (%) 
Cl( 4, 4) in Cl( 4, 4) CPU =        0.068 ms (setup)        0.001 (*)        0.757 (^)        0.753 (&)        0.763 (%) 
Cl( 1, 0) in Cl( 4, 4) CPU =        0.003 ms (setup)        0.001 (*)        0.023 (^)        0.015 (&)        0.020 (%) 
Cl( 1, 1) in Cl( 4, 4) CPU =        0.003 ms (setup)        0.001 (*)        0.029 (^)        0.018 (&)        0.026 (%) 
Cl( 2, 1) in Cl( 4, 4) CPU =        0.005 ms (setup)        0.001 (*)        0.045 (^)        0.032 (&)        0.036 (%) 
Cl( 2, 2) in Cl( 4, 4) CPU =        0.009 ms (setup)        0.001 (*)        0.062 (^)        0.043 (&)        0.050 (%) 
Cl( 3, 2) in Cl( 4, 4) CPU =        0.023 ms (setup)        0.001 (*)        0.136 (^)        0.096 (&)        0.100 (%) 
Cl( 3, 3) in Cl( 4, 4) CPU =        0.043 ms (setup)        0.001 (*)        0.190 (^)        0.155 (&)        0.163 (%) 
Cl( 4, 3) in Cl( 4, 4) CPU =        0.114 ms (setup)        0.001 (*)        0.547 (^)        0.503 (&)        0.495 (%) 
Cl( 4, 4) in Cl( 4, 4) CPU =        0.067 ms (setup)        0.001 (*)        0.759 (^)        0.753 (&)        0.759 (%) 

framed_multi<double>
Clifford algebra products test:
Fill: 0.5
Cl( 1, 0) in Cl( 1, 0) CPU =        0.001 ms (setup)        0.001 (*)        0.001 (^)        0.001 (&)        0.002 (%) 
Cl( 1, 1) in Cl( 1, 1) CPU =        0.001 ms (setup)        0.001 (*)        0.000 (^)        0.000 (&)        0.001 (%) 
Cl( 2, 1) in Cl( 2, 1) CPU =        0.001 ms (setup)        0.002 (*)        0.001 (^)        0.001 (&)        0.001 (%) 
Cl( 2, 2) in Cl( 2, 2) CPU =        0.001 ms (setup)        0.002 (*)        0.001 (^)        0.002 (&)        0.002 (%) 
Cl( 3, 2) in Cl( 3, 2) CPU =        0.002 ms (setup)        0.005 (*)        0.002 (^)        0.002 (&)        0.003 (%) 
Cl( 3, 3) in Cl( 3, 3) CPU =        0.003 ms (setup)        0.011 (*)        0.005 (^)        0.005 (&)        0.006 (%) 
Cl( 4, 3) in Cl( 4, 3) CPU =        0.007 ms (setup)        0.028 (*)        0.015 (^)        0.013 (&)        0.015 (%) 
Cl( 4, 4) in Cl( 4, 4) CPU =        0.013 ms (setup)        0.154 (*)        0.051 (^)        0.037 (&)        0.035 (%) 
Cl( 5, 4) in Cl( 5, 4) CPU =        0.028 ms (setup)        0.570 (*)        0.154 (^)        0.118 (&)        0.100 (%) 
Cl( 5, 5) in Cl( 5, 5) CPU =        0.054 ms (setup)        0.772 (*)        0.444 (^)        0.324 (&)        0.231 (%) 
Cl( 6, 5) in Cl( 6, 5) CPU =        0.113 ms (setup)        2.903 (*)        1.283 (^)        0.910 (&)        0.626 (%) 
Cl( 6, 6) in Cl( 6, 6) CPU =        0.229 ms (setup)        3.968 (*)        3.668 (^)        2.739 (&)        1.617 (%) 
Cl( 7, 6) in Cl( 7, 6) CPU =        0.467 ms (setup)       14.303 (*)       11.004 (^)        8.303 (&)        4.952 (%) 
Cl( 7, 7) in Cl( 7, 7) CPU =        0.953 ms (setup)       19.521 (*)       32.208 (^)       24.137 (&)       13.409 (%) 
Cl( 8, 7) in Cl( 8, 7) CPU =        1.946 ms (setup)       71.373 (*)       95.617 (^)       70.410 (&)       38.736 (%) 
Cl( 8, 8) in Cl( 8, 8) CPU =        3.932 ms (setup)       98.531 (*)      283.611 (^)      210.814 (&)      113.464 (%) 
Cl( 1, 0) in Cl( 8, 8) CPU =        0.001 ms (setup)        0.001 (*)        0.000 (^)        0.000 (&)        0.000 (%) 
Cl( 1, 1) in Cl( 8, 8) CPU =        0.001 ms (setup)        0.001 (*)        0.000 (^)        0.001 (&)        0.001 (%) 
Cl( 2, 1) in Cl( 8, 8) CPU =        0.001 ms (setup)        0.000 (*)        0.000 (^)        0.001 (&)        0.000 (%) 
Cl( 2, 2) in Cl( 8, 8) CPU =        0.001 ms (setup)        0.002 (*)        0.001 (^)        0.001 (&)        0.002 (%) 
Cl( 3, 2) in Cl( 8, 8) CPU =        0.002 ms (setup)        0.004 (*)        0.002 (^)        0.002 (&)        0.003 (%) 
Cl( 3, 3) in Cl( 8, 8) CPU =        0.004 ms (setup)        0.009 (*)        0.005 (^)        0.005 (&)        0.006 (%) 
Cl( 4, 3) in Cl( 8, 8) CPU =        0.007 ms (setup)        0.024 (*)        0.013 (^)        0.011 (&)        0.013 (%) 
Cl( 4, 4) in Cl( 8, 8) CPU =        0.013 ms (setup)        0.155 (*)        0.052 (^)        0.040 (&)        0.037 (%) 
Cl( 5, 4) in Cl( 8, 8) CPU =        0.027 ms (setup)        0.570 (*)        0.161 (^)        0.116 (&)        0.095 (%) 
Cl( 5, 5) in Cl( 8, 8) CPU =        0.056 ms (setup)        0.766 (*)        0.436 (^)        0.327 (&)        0.219 (%) 
Cl( 6, 5) in Cl( 8, 8) CPU =        0.113 ms (setup)        2.893 (*)        1.270 (^)        0.914 (&)        0.598 (%) 
Cl( 6, 6) in Cl( 8, 8) CPU =        0.226 ms (setup)        3.910 (*)        3.679 (^)        2.636 (&)        1.612 (%) 
Cl( 7, 6) in Cl( 8, 8) CPU =        0.465 ms (setup)       14.111 (*)       10.786 (^)        8.017 (&)        4.587 (%) 
Cl( 7, 7) in Cl( 8, 8) CPU =        0.950 ms (setup)       19.306 (*)       32.157 (^)       23.919 (&)       13.305 (%) 
Cl( 8, 7) in Cl( 8, 8) CPU =        1.931 ms (setup)       71.393 (*)       95.614 (^)       70.332 (&)       38.802 (%) 
Cl( 8, 8) in Cl( 8, 8) CPU =        3.936 ms (setup)       98.856 (*)      283.969 (^)      212.438 (&)      114.111 (%) 
Fill: 1
Cl( 1, 0) in Cl( 1, 0) CPU =        0.001 ms (setup)        0.001 (*)        0.001 (^)        0.001 (&)        0.002 (%) 
Cl( 1, 1) in Cl( 1, 1) CPU =        0.001 ms (setup)        0.001 (*)        0.001 (^)        0.001 (&)        0.001 (%) 
Cl( 2, 1) in Cl( 2, 1) CPU =        0.001 ms (setup)        0.002 (*)        0.001 (^)        0.001 (&)        0.002 (%) 
Cl( 2, 2) in Cl( 2, 2) CPU =        0.001 ms (setup)        0.003 (*)        0.002 (^)        0.002 (&)        0.002 (%) 
Cl( 3, 2) in Cl( 3, 2) CPU =        0.003 ms (setup)        0.007 (*)        0.003 (^)        0.004 (&)        0.004 (%) 
Cl( 3, 3) in Cl( 3, 3) CPU =        0.005 ms (setup)        0.019 (*)        0.007 (^)        0.007 (&)        0.008 (%) 
Cl( 4, 3) in Cl( 4, 3) CPU =        0.009 ms (setup)        0.062 (*)        0.018 (^)        0.021 (&)        0.018 (%) 
Cl( 4, 4) in Cl( 4, 4) CPU =        0.020 ms (setup)        0.190 (*)        0.049 (^)        0.054 (&)        0.043 (%) 
Cl( 5, 4) in Cl( 5, 4) CPU =        0.040 ms (setup)        0.679 (*)        0.129 (^)        0.147 (&)        0.108 (%) 
Cl( 5, 5) in Cl( 5, 5) CPU =        0.081 ms (setup)        0.983 (*)        0.337 (^)        0.381 (&)        0.267 (%) 
Cl( 6, 5) in Cl( 6, 5) CPU =        0.161 ms (setup)        3.526 (*)        0.907 (^)        1.044 (&)        0.684 (%) 
Cl( 6, 6) in Cl( 6, 6) CPU =        0.330 ms (setup)        5.232 (*)        2.477 (^)        2.887 (&)        1.790 (%) 
Cl( 7, 6) in Cl( 7, 6) CPU =        0.680 ms (setup)       17.616 (*)        6.977 (^)        8.350 (&)        4.897 (%) 
Cl( 7, 7) in Cl( 7, 7) CPU =        1.408 ms (setup)       26.715 (*)       19.925 (^)       24.582 (&)       13.749 (%) 
Cl( 8, 7) in Cl( 8, 7) CPU =        2.799 ms (setup)       91.436 (*)       57.681 (^)       72.297 (&)       39.197 (%) 
Cl( 8, 8) in Cl( 8, 8) CPU =        5.849 ms (setup)      141.959 (*)      168.894 (^)      212.326 (&)      112.859 (%) 
Cl( 1, 0) in Cl( 8, 8) CPU =        0.001 ms (setup)        0.001 (*)        0.001 (^)        0.001 (&)        0.001 (%) 
Cl( 1, 1) in Cl( 8, 8) CPU =        0.001 ms (setup)        0.001 (*)        0.001 (^)        0.000 (&)        0.001 (%) 
Cl( 2, 1) in Cl( 8, 8) CPU =        0.001 ms (setup)        0.002 (*)        0.001 (^)        0.001 (&)        0.002 (%) 
Cl( 2, 2) in Cl( 8, 8) CPU =        0.002 ms (setup)        0.003 (*)        0.002 (^)        0.001 (&)        0.002 (%) 
Cl( 3, 2) in Cl( 8, 8) CPU =        0.003 ms (setup)        0.007 (*)        0.003 (^)        0.003 (&)        0.004 (%) 
Cl( 3, 3) in Cl( 8, 8) CPU =        0.005 ms (setup)        0.019 (*)        0.007 (^)        0.007 (&)        0.008 (%) 
Cl( 4, 3) in Cl( 8, 8) CPU =        0.009 ms (setup)        0.064 (*)        0.018 (^)        0.019 (&)        0.018 (%) 
Cl( 4, 4) in Cl( 8, 8) CPU =        0.019 ms (setup)        0.192 (*)        0.046 (^)        0.052 (&)        0.045 (%) 
Cl( 5, 4) in Cl( 8, 8) CPU =        0.040 ms (setup)        0.675 (*)        0.128 (^)        0.144 (&)        0.110 (%) 
Cl( 5, 5) in Cl( 8, 8) CPU =        0.081 ms (setup)        0.989 (*)        0.339 (^)        0.381 (&)        0.267 (%) 
Cl( 6, 5) in Cl( 8, 8) CPU =        0.161 ms (setup)        3.518 (*)        0.905 (^)        1.044 (&)        0.684 (%) 
Cl( 6, 6) in Cl( 8, 8) CPU =        0.328 ms (setup)        5.228 (*)        2.477 (^)        2.887 (&)        1.790 (%) 
Cl( 7, 6) in Cl( 8, 8) CPU =        0.681 ms (setup)       17.632 (*)        6.957 (^)        8.361 (&)        4.895 (%) 
Cl( 7, 7) in Cl( 8, 8) CPU =        1.411 ms (setup)       26.706 (*)       19.942 (^)       24.593 (&)       13.767 (%) 
Cl( 8, 7) in Cl( 8, 8) CPU =        2.793 ms (setup)       91.448 (*)       57.711 (^)       72.293 (&)       39.207 (%) 
Cl( 8, 8) in Cl( 8, 8) CPU =        5.777 ms (setup)      142.537 (*)      168.934 (^)      212.397 (&)      112.869 (%) 

matrix_multi<double>
Clifford algebra products test:
Fill: 0.5
Cl( 1, 0) in Cl( 1, 0) CPU =        0.003 ms (setup)        0.001 (*)        0.003 (^)        0.002 (&)        0.003 (%) 
Cl( 1, 1) in Cl( 1, 1) CPU =        0.003 ms (setup)        0.000 (*)        0.002 (^)        0.002 (&)        0.002 (%) 
Cl( 2, 1) in Cl( 2, 1) CPU =        0.002 ms (setup)        0.001 (*)        0.011 (^)        0.007 (&)        0.010 (%) 
Cl( 2, 2) in Cl( 2, 2) CPU =        0.004 ms (setup)        0.000 (*)        0.008 (^)        0.009 (&)        0.012 (%) 
Cl( 3, 2) in Cl( 3, 2) CPU =        0.011 ms (setup)        0.001 (*)        0.051 (^)        0.054 (&)        0.061 (%) 
Cl( 3, 3) in Cl( 3, 3) CPU =        0.011 ms (setup)        0.001 (*)        0.072 (^)        0.086 (&)        0.085 (%) 
Cl( 4, 3) in Cl( 4, 3) CPU =        0.026 ms (setup)        0.001 (*)        0.385 (^)        0.413 (&)        0.413 (%) 
Cl( 4, 4) in Cl( 4, 4) CPU =        0.049 ms (setup)        0.001 (*)        0.603 (^)        0.608 (&)        0.622 (%) 
Cl( 5, 4) in Cl( 5, 4) CPU =        0.118 ms (setup)        0.004 (*)        2.401 (^)        2.642 (&)        2.575 (%) 
Cl( 5, 5) in Cl( 5, 5) CPU =        0.225 ms (setup)        0.004 (*)        3.806 (^)        3.855 (&)        3.836 (%) 
Cl( 6, 5) in Cl( 6, 5) CPU =        0.546 ms (setup)        0.015 (*)       13.959 (^)       15.050 (&)       14.511 (%) 
Cl( 6, 6) in Cl( 6, 6) CPU =        1.089 ms (setup)        0.015 (*)       20.823 (^)       21.242 (&)       20.778 (%) 
Cl( 7, 6) in Cl( 7, 6) CPU =        2.581 ms (setup)        0.105 (*)       84.068 (^)       90.130 (&)       84.329 (%) 
Cl( 7, 7) in Cl( 7, 7) CPU =        5.147 ms (setup)        0.105 (*)      109.936 (^)      120.291 (&)      112.353 (%) 
Cl( 8, 7) in Cl( 8, 7) CPU =       12.431 ms (setup)        0.837 (*)      495.325 (^)      568.077 (&)      499.930 (%) 
Cl( 8, 8) in Cl( 8, 8) CPU =       25.011 ms (setup)        0.837 (*)      649.904 (^)      731.298 (&)      654.909 (%) 
Cl( 1, 0) in Cl( 8, 8) CPU =        0.009 ms (setup)        0.845 (*)        2.381 (^)        2.357 (&)        2.365 (%) 
Cl( 1, 1) in Cl( 8, 8) CPU =        0.018 ms (setup)        0.851 (*)        5.359 (^)        2.425 (&)        4.375 (%) 
Cl( 2, 1) in Cl( 8, 8) CPU =        0.025 ms (setup)        0.849 (*)        9.668 (^)        4.973 (&)        7.103 (%) 
Cl( 2, 2) in Cl( 8, 8) CPU =        0.072 ms (setup)        0.850 (*)       16.071 (^)        9.589 (&)       10.743 (%) 
Cl( 3, 2) in Cl( 8, 8) CPU =        0.318 ms (setup)        0.846 (*)       23.897 (^)       15.369 (&)       15.123 (%) 
Cl( 3, 3) in Cl( 8, 8) CPU =        0.465 ms (setup)        0.847 (*)       34.032 (^)       23.913 (&)       21.097 (%) 
Cl( 4, 3) in Cl( 8, 8) CPU =        0.516 ms (setup)        0.847 (*)       46.156 (^)       45.223 (&)       28.480 (%) 
Cl( 4, 4) in Cl( 8, 8) CPU =        0.606 ms (setup)        0.848 (*)       60.498 (^)       46.540 (&)       36.665 (%) 
Cl( 5, 4) in Cl( 8, 8) CPU =        0.812 ms (setup)        0.837 (*)       78.844 (^)       61.568 (&)       47.157 (%) 
Cl( 5, 5) in Cl( 8, 8) CPU =        1.268 ms (setup)        0.837 (*)      105.692 (^)       93.259 (&)       66.892 (%) 
Cl( 6, 5) in Cl( 8, 8) CPU =        2.587 ms (setup)        0.848 (*)      122.347 (^)      104.916 (&)       78.761 (%) 
Cl( 6, 6) in Cl( 8, 8) CPU =        4.708 ms (setup)        0.837 (*)      147.727 (^)      149.183 (&)      107.685 (%) 
Cl( 7, 6) in Cl( 8, 8) CPU =       10.749 ms (setup)        0.837 (*)      199.345 (^)      225.447 (&)      163.490 (%) 
Cl( 7, 7) in Cl( 8, 8) CPU =       20.628 ms (setup)        0.847 (*)      254.968 (^)      280.430 (&)      221.358 (%) 
Cl( 8, 7) in Cl( 8, 8) CPU =       48.760 ms (setup)        0.840 (*)      507.298 (^)      544.479 (&)      475.175 (%) 
Cl( 8, 8) in Cl( 8, 8) CPU =       25.079 ms (setup)        0.840 (*)      622.495 (^)      732.810 (&)      641.532 (%) 
Fill: 1
Cl( 1, 0) in Cl( 1, 0) CPU =        0.001 ms (setup)        0.001 (*)        0.003 (^)        0.002 (&)        0.003 (%) 
Cl( 1, 1) in Cl( 1, 1) CPU =        0.001 ms (setup)        0.000 (*)        0.004 (^)        0.003 (&)        0.004 (%) 
Cl( 2, 1) in Cl( 2, 1) CPU =        0.001 ms (setup)        0.001 (*)        0.011 (^)        0.010 (&)        0.011 (%) 
Cl( 2, 2) in Cl( 2, 2) CPU =        0.003 ms (setup)        0.000 (*)        0.019 (^)        0.016 (&)        0.018 (%) 
Cl( 3, 2) in Cl( 3, 2) CPU =        0.007 ms (setup)        0.001 (*)        0.070 (^)        0.069 (&)        0.068 (%) 
Cl( 3, 3) in Cl( 3, 3) CPU =        0.013 ms (setup)        0.000 (*)        0.114 (^)        0.107 (&)        0.113 (%) 
Cl( 4, 3) in Cl( 4, 3) CPU =        0.036 ms (setup)        0.002 (*)        0.488 (^)        0.487 (&)        0.485 (%) 
Cl( 4, 4) in Cl( 4, 4) CPU =        0.067 ms (setup)        0.001 (*)        0.728 (^)        0.723 (&)        0.728 (%) 
Cl( 5, 4) in Cl( 5, 4) CPU =        0.171 ms (setup)        0.003 (*)        2.792 (^)        2.873 (&)        2.809 (%) 
Cl( 5, 5) in Cl( 5, 5) CPU =        0.338 ms (setup)        0.004 (*)        4.136 (^)        4.196 (&)        4.151 (%) 
Cl( 6, 5) in Cl( 6, 5) CPU =        0.831 ms (setup)        0.015 (*)       15.776 (^)       16.420 (&)       15.854 (%) 
Cl( 6, 6) in Cl( 6, 6) CPU =        1.711 ms (setup)        0.016 (*)       22.215 (^)       22.935 (&)       22.253 (%) 
Cl( 7, 6) in Cl( 7, 6) CPU =        4.254 ms (setup)        0.105 (*)       88.258 (^)       94.655 (&)       88.555 (%) 
Cl( 7, 7) in Cl( 7, 7) CPU =        8.585 ms (setup)        0.105 (*)      120.386 (^)      127.476 (&)      121.100 (%) 
Cl( 8, 7) in Cl( 8, 7) CPU =       21.778 ms (setup)        0.838 (*)      680.302 (^)      590.113 (&)      521.067 (%) 
Cl( 8, 8) in Cl( 8, 8) CPU =       44.418 ms (setup)        0.839 (*)      689.533 (^)      770.108 (&)      692.851 (%) 
Cl( 1, 0) in Cl( 8, 8) CPU =        0.012 ms (setup)        0.852 (*)        5.341 (^)        2.397 (&)        4.343 (%) 
Cl( 1, 1) in Cl( 8, 8) CPU =        0.020 ms (setup)        0.851 (*)        9.661 (^)        4.955 (&)        7.076 (%) 
Cl( 2, 1) in Cl( 8, 8) CPU =        0.043 ms (setup)        0.851 (*)       15.948 (^)        9.491 (&)       10.620 (%) 
Cl( 2, 2) in Cl( 8, 8) CPU =        0.441 ms (setup)        0.849 (*)       23.561 (^)       15.311 (&)       15.046 (%) 
Cl( 3, 2) in Cl( 8, 8) CPU =        0.460 ms (setup)        0.848 (*)       33.386 (^)       23.363 (&)       20.488 (%) 
Cl( 3, 3) in Cl( 8, 8) CPU =        0.480 ms (setup)        0.847 (*)       45.406 (^)       33.502 (&)       27.669 (%) 
Cl( 4, 3) in Cl( 8, 8) CPU =        0.573 ms (setup)        0.849 (*)       60.104 (^)       46.258 (&)       36.184 (%) 
Cl( 4, 4) in Cl( 8, 8) CPU =        0.622 ms (setup)        0.838 (*)       75.150 (^)       59.296 (&)       44.721 (%) 
Cl( 5, 4) in Cl( 8, 8) CPU =        1.008 ms (setup)        0.859 (*)       92.685 (^)       76.648 (&)       56.127 (%) 
Cl( 5, 5) in Cl( 8, 8) CPU =        1.648 ms (setup)        0.848 (*)      106.740 (^)       94.241 (&)       67.769 (%) 
Cl( 6, 5) in Cl( 8, 8) CPU =        3.386 ms (setup)        0.838 (*)      134.270 (^)      124.499 (&)       90.487 (%) 
Cl( 6, 6) in Cl( 8, 8) CPU =        6.285 ms (setup)        0.847 (*)      150.309 (^)      151.665 (&)      110.148 (%) 
Cl( 7, 6) in Cl( 8, 8) CPU =       14.947 ms (setup)        0.846 (*)      228.287 (^)      231.386 (&)      180.804 (%) 
Cl( 7, 7) in Cl( 8, 8) CPU =       28.790 ms (setup)        0.841 (*)      265.438 (^)      290.524 (&)      231.376 (%) 
Cl( 8, 7) in Cl( 8, 8) CPU =       70.184 ms (setup)        0.837 (*)      557.914 (^)      590.801 (&)      521.481 (%) 
Cl( 8, 8) in Cl( 8, 8) CPU =       44.432 ms (setup)        0.840 (*)      689.669 (^)      770.520 (&)      693.424 (%) 
