
framed_multi<float,-4,4>
Clifford algebra products test:
Fill: 0.5
Cl( 1, 0) in Cl( 1, 0) CPU =        0.002 ms (setup)        0.001 (*)        0.002 (^)        0.001 (&)        0.001 (%) 
Cl( 1, 1) in Cl( 1, 1) CPU =        0.001 ms (setup)        0.001 (*)        0.001 (^)        0.001 (&)        0.001 (%) 
Cl( 2, 1) in Cl( 2, 1) CPU =        0.001 ms (setup)        0.002 (*)        0.002 (^)        0.001 (&)        0.001 (%) 
Cl( 2, 2) in Cl( 2, 2) CPU =        0.001 ms (setup)        0.003 (*)        0.002 (^)        0.002 (&)        0.001 (%) 
Cl( 3, 2) in Cl( 3, 2) CPU =        0.003 ms (setup)        0.007 (*)        0.005 (^)        0.003 (&)        0.003 (%) 
Cl( 3, 3) in Cl( 3, 3) CPU =        0.005 ms (setup)        0.017 (*)        0.009 (^)        0.007 (&)        0.005 (%) 
Cl( 4, 3) in Cl( 4, 3) CPU =        0.012 ms (setup)        0.049 (*)        0.026 (^)        0.020 (&)        0.015 (%) 
Cl( 4, 4) in Cl( 4, 4) CPU =        0.024 ms (setup)        0.335 (*)        0.067 (^)        0.054 (&)        0.038 (%) 
Cl( 1, 0) in Cl( 4, 4) CPU =        0.001 ms (setup)        0.000 (*)        0.001 (^)        0.000 (&)        0.001 (%) 
Cl( 1, 1) in Cl( 4, 4) CPU =        0.001 ms (setup)        0.001 (*)        0.001 (^)        0.001 (&)        0.001 (%) 
Cl( 2, 1) in Cl( 4, 4) CPU =        0.001 ms (setup)        0.002 (*)        0.002 (^)        0.001 (&)        0.001 (%) 
Cl( 2, 2) in Cl( 4, 4) CPU =        0.002 ms (setup)        0.002 (*)        0.002 (^)        0.001 (&)        0.001 (%) 
Cl( 3, 2) in Cl( 4, 4) CPU =        0.003 ms (setup)        0.007 (*)        0.005 (^)        0.004 (&)        0.003 (%) 
Cl( 3, 3) in Cl( 4, 4) CPU =        0.005 ms (setup)        0.020 (*)        0.010 (^)        0.007 (&)        0.005 (%) 
Cl( 4, 3) in Cl( 4, 4) CPU =        0.012 ms (setup)        0.051 (*)        0.025 (^)        0.021 (&)        0.015 (%) 
Cl( 4, 4) in Cl( 4, 4) CPU =        0.024 ms (setup)        0.336 (*)        0.069 (^)        0.060 (&)        0.041 (%) 
Fill: 1
Cl( 1, 0) in Cl( 1, 0) CPU =        0.002 ms (setup)        0.001 (*)        0.002 (^)        0.001 (&)        0.001 (%) 
Cl( 1, 1) in Cl( 1, 1) CPU =        0.001 ms (setup)        0.002 (*)        0.002 (^)        0.001 (&)        0.001 (%) 
Cl( 2, 1) in Cl( 2, 1) CPU =        0.001 ms (setup)        0.002 (*)        0.002 (^)        0.001 (&)        0.001 (%) 
Cl( 2, 2) in Cl( 2, 2) CPU =        0.002 ms (setup)        0.004 (*)        0.002 (^)        0.002 (&)        0.002 (%) 
Cl( 3, 2) in Cl( 3, 2) CPU =        0.004 ms (setup)        0.011 (*)        0.005 (^)        0.005 (&)        0.005 (%) 
Cl( 3, 3) in Cl( 3, 3) CPU =        0.008 ms (setup)        0.035 (*)        0.009 (^)        0.013 (&)        0.009 (%) 
Cl( 4, 3) in Cl( 4, 3) CPU =        0.018 ms (setup)        0.114 (*)        0.022 (^)        0.032 (&)        0.022 (%) 
Cl( 4, 4) in Cl( 4, 4) CPU =        0.038 ms (setup)        0.418 (*)        0.056 (^)        0.090 (&)        0.060 (%) 
Cl( 1, 0) in Cl( 4, 4) CPU =        0.001 ms (setup)        0.001 (*)        0.001 (^)        0.001 (&)        0.001 (%) 
Cl( 1, 1) in Cl( 4, 4) CPU =        0.001 ms (setup)        0.002 (*)        0.001 (^)        0.001 (&)        0.001 (%) 
Cl( 2, 1) in Cl( 4, 4) CPU =        0.001 ms (setup)        0.002 (*)        0.002 (^)        0.002 (&)        0.001 (%) 
Cl( 2, 2) in Cl( 4, 4) CPU =        0.002 ms (setup)        0.004 (*)        0.002 (^)        0.002 (&)        0.002 (%) 
Cl( 3, 2) in Cl( 4, 4) CPU =        0.004 ms (setup)        0.011 (*)        0.005 (^)        0.005 (&)        0.004 (%) 
Cl( 3, 3) in Cl( 4, 4) CPU =        0.008 ms (setup)        0.035 (*)        0.009 (^)        0.013 (&)        0.009 (%) 
Cl( 4, 3) in Cl( 4, 4) CPU =        0.018 ms (setup)        0.114 (*)        0.022 (^)        0.032 (&)        0.022 (%) 
Cl( 4, 4) in Cl( 4, 4) CPU =        0.038 ms (setup)        0.416 (*)        0.057 (^)        0.090 (&)        0.060 (%) 

matrix_multi<float,-4,4>
Clifford algebra products test:
Fill: 0.5
Cl( 1, 0) in Cl( 1, 0) CPU =        0.025 ms (setup)        0.008 (*)        0.005 (^)        0.004 (&)        0.005 (%) 
Cl( 1, 1) in Cl( 1, 1) CPU =        0.003 ms (setup)        0.001 (*)        0.003 (^)        0.004 (&)        0.004 (%) 
Cl( 2, 1) in Cl( 2, 1) CPU =        0.002 ms (setup)        0.001 (*)        0.007 (^)        0.011 (&)        0.011 (%) 
Cl( 2, 2) in Cl( 2, 2) CPU =        0.005 ms (setup)        0.001 (*)        0.033 (^)        0.019 (&)        0.027 (%) 
Cl( 3, 2) in Cl( 3, 2) CPU =        0.011 ms (setup)        0.001 (*)        0.127 (^)        0.104 (&)        0.115 (%) 
Cl( 3, 3) in Cl( 3, 3) CPU =        0.020 ms (setup)        0.001 (*)        0.179 (^)        0.176 (&)        0.175 (%) 
Cl( 4, 3) in Cl( 4, 3) CPU =        0.050 ms (setup)        0.001 (*)        0.796 (^)        0.771 (&)        0.794 (%) 
Cl( 4, 4) in Cl( 4, 4) CPU =        0.096 ms (setup)        0.001 (*)        1.365 (^)        1.373 (&)        1.109 (%) 
Cl( 1, 0) in Cl( 4, 4) CPU =        0.001 ms (setup)        0.001 (*)        0.002 (^)        0.002 (&)        0.002 (%) 
Cl( 1, 1) in Cl( 4, 4) CPU =        0.004 ms (setup)        0.001 (*)        0.024 (^)        0.015 (&)        0.021 (%) 
Cl( 2, 1) in Cl( 4, 4) CPU =        0.004 ms (setup)        0.001 (*)        0.027 (^)        0.018 (&)        0.022 (%) 
Cl( 2, 2) in Cl( 4, 4) CPU =        0.010 ms (setup)        0.001 (*)        0.051 (^)        0.034 (&)        0.040 (%) 
Cl( 3, 2) in Cl( 4, 4) CPU =        0.022 ms (setup)        0.001 (*)        0.065 (^)        0.060 (&)        0.061 (%) 
Cl( 3, 3) in Cl( 4, 4) CPU =        0.036 ms (setup)        0.001 (*)        0.131 (^)        0.113 (&)        0.111 (%) 
Cl( 4, 3) in Cl( 4, 4) CPU =        0.088 ms (setup)        0.001 (*)        0.404 (^)        0.398 (&)        0.397 (%) 
Cl( 4, 4) in Cl( 4, 4) CPU =        0.050 ms (setup)        0.001 (*)        0.628 (^)        0.660 (&)        0.665 (%) 
Fill: 1
Cl( 1, 0) in Cl( 1, 0) CPU =        0.001 ms (setup)        0.001 (*)        0.003 (^)        0.002 (&)        0.002 (%) 
Cl( 1, 1) in Cl( 1, 1) CPU =        0.001 ms (setup)        0.000 (*)        0.004 (^)        0.003 (&)        0.004 (%) 
Cl( 2, 1) in Cl( 2, 1) CPU =        0.001 ms (setup)        0.001 (*)        0.011 (^)        0.009 (&)        0.011 (%) 
Cl( 2, 2) in Cl( 2, 2) CPU =        0.003 ms (setup)        0.000 (*)        0.018 (^)        0.015 (&)        0.018 (%) 
Cl( 3, 2) in Cl( 3, 2) CPU =        0.006 ms (setup)        0.001 (*)        0.064 (^)        0.066 (&)        0.068 (%) 
Cl( 3, 3) in Cl( 3, 3) CPU =        0.012 ms (setup)        0.000 (*)        0.105 (^)        0.101 (&)        0.108 (%) 
Cl( 4, 3) in Cl( 4, 3) CPU =        0.034 ms (setup)        0.001 (*)        0.474 (^)        0.480 (&)        0.483 (%) 
Cl( 4, 4) in Cl( 4, 4) CPU =        0.068 ms (setup)        0.001 (*)        0.750 (^)        0.739 (&)        0.752 (%) 
Cl( 1, 0) in Cl( 4, 4) CPU =        0.003 ms (setup)        0.001 (*)        0.018 (^)        0.012 (&)        0.015 (%) 
Cl( 1, 1) in Cl( 4, 4) CPU =        0.003 ms (setup)        0.001 (*)        0.022 (^)        0.013 (&)        0.019 (%) 
Cl( 2, 1) in Cl( 4, 4) CPU =        0.004 ms (setup)        0.000 (*)        0.037 (^)        0.026 (&)        0.029 (%) 
Cl( 2, 2) in Cl( 4, 4) CPU =        0.009 ms (setup)        0.000 (*)        0.052 (^)        0.035 (&)        0.041 (%) 
Cl( 3, 2) in Cl( 4, 4) CPU =        0.024 ms (setup)        0.001 (*)        0.122 (^)        0.086 (&)        0.089 (%) 
Cl( 3, 3) in Cl( 4, 4) CPU =        0.043 ms (setup)        0.001 (*)        0.176 (^)        0.142 (&)        0.150 (%) 
Cl( 4, 3) in Cl( 4, 4) CPU =        0.115 ms (setup)        0.001 (*)        0.524 (^)        0.486 (&)        0.480 (%) 
Cl( 4, 4) in Cl( 4, 4) CPU =        0.068 ms (setup)        0.001 (*)        0.740 (^)        0.740 (&)        0.749 (%) 

framed_multi<double>
Clifford algebra products test:
Fill: 0.5
Cl( 1, 0) in Cl( 1, 0) CPU =        0.001 ms (setup)        0.001 (*)        0.001 (^)        0.009 (&)        0.002 (%) 
Cl( 1, 1) in Cl( 1, 1) CPU =        0.001 ms (setup)        0.001 (*)        0.000 (^)        0.001 (&)        0.001 (%) 
Cl( 2, 1) in Cl( 2, 1) CPU =        0.001 ms (setup)        0.002 (*)        0.001 (^)        0.002 (&)        0.001 (%) 
Cl( 2, 2) in Cl( 2, 2) CPU =        0.001 ms (setup)        0.002 (*)        0.001 (^)        0.002 (&)        0.002 (%) 
Cl( 3, 2) in Cl( 3, 2) CPU =        0.002 ms (setup)        0.004 (*)        0.003 (^)        0.004 (&)        0.003 (%) 
Cl( 3, 3) in Cl( 3, 3) CPU =        0.003 ms (setup)        0.010 (*)        0.005 (^)        0.007 (&)        0.006 (%) 
Cl( 4, 3) in Cl( 4, 3) CPU =        0.007 ms (setup)        0.029 (*)        0.017 (^)        0.019 (&)        0.014 (%) 
Cl( 4, 4) in Cl( 4, 4) CPU =        0.013 ms (setup)        0.157 (*)        0.052 (^)        0.047 (&)        0.035 (%) 
Cl( 5, 4) in Cl( 5, 4) CPU =        0.028 ms (setup)        0.581 (*)        0.153 (^)        0.138 (&)        0.098 (%) 
Cl( 5, 5) in Cl( 5, 5) CPU =        0.056 ms (setup)        0.797 (*)        0.447 (^)        0.352 (&)        0.226 (%) 
Cl( 6, 5) in Cl( 6, 5) CPU =        0.114 ms (setup)        2.929 (*)        1.287 (^)        1.023 (&)        0.621 (%) 
Cl( 6, 6) in Cl( 6, 6) CPU =        0.233 ms (setup)        4.039 (*)        3.643 (^)        2.804 (&)        1.586 (%) 
Cl( 7, 6) in Cl( 7, 6) CPU =        0.478 ms (setup)       14.325 (*)       10.985 (^)        8.495 (&)        4.765 (%) 
Cl( 7, 7) in Cl( 7, 7) CPU =        0.972 ms (setup)       19.745 (*)       31.934 (^)       24.503 (&)       13.015 (%) 
Cl( 8, 7) in Cl( 8, 7) CPU =        1.956 ms (setup)       71.771 (*)       94.659 (^)       70.983 (&)       37.343 (%) 
Cl( 8, 8) in Cl( 8, 8) CPU =        3.956 ms (setup)       99.898 (*)      280.675 (^)      212.159 (&)      109.431 (%) 
Cl( 1, 0) in Cl( 8, 8) CPU =        0.001 ms (setup)        0.001 (*)        0.000 (^)        0.000 (&)        0.001 (%) 
Cl( 1, 1) in Cl( 8, 8) CPU =        0.001 ms (setup)        0.000 (*)        0.001 (^)        0.001 (&)        0.000 (%) 
Cl( 2, 1) in Cl( 8, 8) CPU =        0.001 ms (setup)        0.001 (*)        0.000 (^)        0.000 (&)        0.001 (%) 
Cl( 2, 2) in Cl( 8, 8) CPU =        0.001 ms (setup)        0.002 (*)        0.001 (^)        0.002 (&)        0.002 (%) 
Cl( 3, 2) in Cl( 8, 8) CPU =        0.002 ms (setup)        0.004 (*)        0.002 (^)        0.003 (&)        0.003 (%) 
Cl( 3, 3) in Cl( 8, 8) CPU =        0.003 ms (setup)        0.010 (*)        0.005 (^)        0.007 (&)        0.005 (%) 
Cl( 4, 3) in Cl( 8, 8) CPU =        0.007 ms (setup)        0.024 (*)        0.015 (^)        0.015 (&)        0.013 (%) 
Cl( 4, 4) in Cl( 8, 8) CPU =        0.013 ms (setup)        0.159 (*)        0.051 (^)        0.050 (&)        0.036 (%) 
Cl( 5, 4) in Cl( 8, 8) CPU =        0.027 ms (setup)        0.579 (*)        0.160 (^)        0.133 (&)        0.091 (%) 
Cl( 5, 5) in Cl( 8, 8) CPU =        0.055 ms (setup)        0.781 (*)        0.430 (^)        0.343 (&)        0.219 (%) 
Cl( 6, 5) in Cl( 8, 8) CPU =        0.115 ms (setup)        2.917 (*)        1.262 (^)        1.022 (&)        0.590 (%) 
Cl( 6, 6) in Cl( 8, 8) CPU =        0.229 ms (setup)        3.986 (*)        3.652 (^)        2.746 (&)        1.588 (%) 
Cl( 7, 6) in Cl( 8, 8) CPU =        0.473 ms (setup)       14.220 (*)       10.686 (^)        8.161 (&)        4.446 (%) 
Cl( 7, 7) in Cl( 8, 8) CPU =        0.961 ms (setup)       19.620 (*)       31.829 (^)       24.108 (&)       12.802 (%) 
Cl( 8, 7) in Cl( 8, 8) CPU =        1.947 ms (setup)       71.758 (*)       94.677 (^)       71.345 (&)       37.541 (%) 
Cl( 8, 8) in Cl( 8, 8) CPU =        3.961 ms (setup)      100.053 (*)      281.026 (^)      214.561 (&)      110.451 (%) 
Fill: 1
Cl( 1, 0) in Cl( 1, 0) CPU =        0.000 ms (setup)        0.001 (*)        0.001 (^)        0.013 (&)        0.002 (%) 
Cl( 1, 1) in Cl( 1, 1) CPU =        0.000 ms (setup)        0.001 (*)        0.001 (^)        0.001 (&)        0.001 (%) 
Cl( 2, 1) in Cl( 2, 1) CPU =        0.001 ms (setup)        0.001 (*)        0.001 (^)        0.001 (&)        0.001 (%) 
Cl( 2, 2) in Cl( 2, 2) CPU =        0.001 ms (setup)        0.003 (*)        0.001 (^)        0.002 (&)        0.002 (%) 
Cl( 3, 2) in Cl( 3, 2) CPU =        0.003 ms (setup)        0.007 (*)        0.003 (^)        0.005 (&)        0.004 (%) 
Cl( 3, 3) in Cl( 3, 3) CPU =        0.005 ms (setup)        0.019 (*)        0.007 (^)        0.009 (&)        0.008 (%) 
Cl( 4, 3) in Cl( 4, 3) CPU =        0.009 ms (setup)        0.062 (*)        0.018 (^)        0.022 (&)        0.018 (%) 
Cl( 4, 4) in Cl( 4, 4) CPU =        0.019 ms (setup)        0.195 (*)        0.048 (^)        0.058 (&)        0.043 (%) 
Cl( 5, 4) in Cl( 5, 4) CPU =        0.038 ms (setup)        0.685 (*)        0.130 (^)        0.148 (&)        0.110 (%) 
Cl( 5, 5) in Cl( 5, 5) CPU =        0.080 ms (setup)        1.006 (*)        0.333 (^)        0.388 (&)        0.267 (%) 
Cl( 6, 5) in Cl( 6, 5) CPU =        0.160 ms (setup)        3.570 (*)        0.907 (^)        1.048 (&)        0.690 (%) 
Cl( 6, 6) in Cl( 6, 6) CPU =        0.327 ms (setup)        5.319 (*)        2.485 (^)        2.901 (&)        1.794 (%) 
Cl( 7, 6) in Cl( 7, 6) CPU =        0.683 ms (setup)       17.782 (*)        6.995 (^)        8.238 (&)        4.849 (%) 
Cl( 7, 7) in Cl( 7, 7) CPU =        1.443 ms (setup)       27.142 (*)       20.044 (^)       24.633 (&)       13.677 (%) 
Cl( 8, 7) in Cl( 8, 7) CPU =        2.829 ms (setup)       92.181 (*)       57.964 (^)       71.698 (&)       38.780 (%) 
Cl( 8, 8) in Cl( 8, 8) CPU =        5.936 ms (setup)      144.010 (*)      169.525 (^)      211.145 (&)      111.674 (%) 
Cl( 1, 0) in Cl( 8, 8) CPU =        0.001 ms (setup)        0.001 (*)        0.000 (^)        0.001 (&)        0.001 (%) 
Cl( 1, 1) in Cl( 8, 8) CPU =        0.000 ms (setup)        0.001 (*)        0.001 (^)        0.001 (&)        0.001 (%) 
Cl( 2, 1) in Cl( 8, 8) CPU =        0.001 ms (setup)        0.002 (*)        0.001 (^)        0.001 (&)        0.002 (%) 
Cl( 2, 2) in Cl( 8, 8) CPU =        0.001 ms (setup)        0.003 (*)        0.002 (^)        0.002 (&)        0.002 (%) 
Cl( 3, 2) in Cl( 8, 8) CPU =        0.003 ms (setup)        0.007 (*)        0.003 (^)        0.004 (&)        0.004 (%) 
Cl( 3, 3) in Cl( 8, 8) CPU =        0.005 ms (setup)        0.019 (*)        0.007 (^)        0.009 (&)        0.008 (%) 
Cl( 4, 3) in Cl( 8, 8) CPU =        0.009 ms (setup)        0.064 (*)        0.019 (^)        0.022 (&)        0.018 (%) 
Cl( 4, 4) in Cl( 8, 8) CPU =        0.019 ms (setup)        0.197 (*)        0.046 (^)        0.057 (&)        0.044 (%) 
Cl( 5, 4) in Cl( 8, 8) CPU =        0.040 ms (setup)        0.679 (*)        0.128 (^)        0.148 (&)        0.111 (%) 
Cl( 5, 5) in Cl( 8, 8) CPU =        0.081 ms (setup)        1.011 (*)        0.337 (^)        0.389 (&)        0.270 (%) 
Cl( 6, 5) in Cl( 8, 8) CPU =        0.160 ms (setup)        3.564 (*)        0.906 (^)        1.048 (&)        0.683 (%) 
Cl( 6, 6) in Cl( 8, 8) CPU =        0.324 ms (setup)        5.316 (*)        2.488 (^)        2.897 (&)        1.794 (%) 
Cl( 7, 6) in Cl( 8, 8) CPU =        0.688 ms (setup)       17.768 (*)        7.008 (^)        8.241 (&)        4.863 (%) 
Cl( 7, 7) in Cl( 8, 8) CPU =        1.443 ms (setup)       27.134 (*)       20.035 (^)       24.634 (&)       13.672 (%) 
Cl( 8, 7) in Cl( 8, 8) CPU =        2.828 ms (setup)       92.245 (*)       57.953 (^)       71.704 (&)       38.788 (%) 
Cl( 8, 8) in Cl( 8, 8) CPU =        5.925 ms (setup)      143.966 (*)      169.525 (^)      211.141 (&)      111.683 (%) 

matrix_multi<double>
Clifford algebra products test:
Fill: 0.5
Cl( 1, 0) in Cl( 1, 0) CPU =        0.001 ms (setup)        0.001 (*)        0.001 (^)        0.000 (&)        0.000 (%) 
Cl( 1, 1) in Cl( 1, 1) CPU =        0.004 ms (setup)        0.000 (*)        0.003 (^)        0.002 (&)        0.003 (%) 
Cl( 2, 1) in Cl( 2, 1) CPU =        0.003 ms (setup)        0.000 (*)        0.007 (^)        0.008 (&)        0.009 (%) 
Cl( 2, 2) in Cl( 2, 2) CPU =        0.004 ms (setup)        0.000 (*)        0.013 (^)        0.011 (&)        0.015 (%) 
Cl( 3, 2) in Cl( 3, 2) CPU =        0.011 ms (setup)        0.001 (*)        0.039 (^)        0.040 (&)        0.042 (%) 
Cl( 3, 3) in Cl( 3, 3) CPU =        0.011 ms (setup)        0.001 (*)        0.090 (^)        0.086 (&)        0.090 (%) 
Cl( 4, 3) in Cl( 4, 3) CPU =        0.027 ms (setup)        0.001 (*)        0.407 (^)        0.378 (&)        0.398 (%) 
Cl( 4, 4) in Cl( 4, 4) CPU =        0.050 ms (setup)        0.001 (*)        0.589 (^)        0.599 (&)        0.596 (%) 
Cl( 5, 4) in Cl( 5, 4) CPU =        0.123 ms (setup)        0.003 (*)        2.367 (^)        2.602 (&)        2.538 (%) 
Cl( 5, 5) in Cl( 5, 5) CPU =        0.237 ms (setup)        0.003 (*)        3.702 (^)        3.736 (&)        3.799 (%) 
Cl( 6, 5) in Cl( 6, 5) CPU =        0.566 ms (setup)        0.017 (*)       13.963 (^)       14.736 (&)       14.314 (%) 
Cl( 6, 6) in Cl( 6, 6) CPU =        1.129 ms (setup)        0.017 (*)       19.899 (^)       21.439 (&)       20.553 (%) 
Cl( 7, 6) in Cl( 7, 6) CPU =        2.659 ms (setup)        0.108 (*)       79.886 (^)       86.695 (&)       80.675 (%) 
Cl( 7, 7) in Cl( 7, 7) CPU =        5.333 ms (setup)        0.108 (*)      112.877 (^)      119.874 (&)      113.591 (%) 
Cl( 8, 7) in Cl( 8, 7) CPU =       12.580 ms (setup)        0.841 (*)      494.633 (^)      567.302 (&)      498.360 (%) 
Cl( 8, 8) in Cl( 8, 8) CPU =       25.591 ms (setup)        0.843 (*)      621.667 (^)      706.185 (&)      625.947 (%) 
Cl( 1, 0) in Cl( 8, 8) CPU =        0.012 ms (setup)        0.845 (*)        6.239 (^)        3.176 (&)        5.308 (%) 
Cl( 1, 1) in Cl( 8, 8) CPU =        0.018 ms (setup)        0.846 (*)       10.742 (^)        5.933 (&)        8.163 (%) 
Cl( 2, 1) in Cl( 8, 8) CPU =        0.033 ms (setup)        0.845 (*)       10.946 (^)        6.111 (&)        8.206 (%) 
Cl( 2, 2) in Cl( 8, 8) CPU =        0.057 ms (setup)        0.845 (*)       11.011 (^)       10.621 (&)        8.222 (%) 
Cl( 3, 2) in Cl( 8, 8) CPU =        0.278 ms (setup)        0.843 (*)       34.532 (^)       24.418 (&)       21.629 (%) 
Cl( 3, 3) in Cl( 8, 8) CPU =        0.420 ms (setup)        0.843 (*)       45.871 (^)       33.882 (&)       28.427 (%) 
Cl( 4, 3) in Cl( 8, 8) CPU =        0.478 ms (setup)        0.844 (*)       47.697 (^)       46.973 (&)       30.037 (%) 
Cl( 4, 4) in Cl( 8, 8) CPU =        0.565 ms (setup)        0.846 (*)       76.201 (^)       60.157 (&)       45.898 (%) 
Cl( 5, 4) in Cl( 8, 8) CPU =        0.834 ms (setup)        0.843 (*)       66.417 (^)       63.504 (&)       41.061 (%) 
Cl( 5, 5) in Cl( 8, 8) CPU =        1.304 ms (setup)        0.844 (*)       90.293 (^)       95.363 (&)       59.299 (%) 
Cl( 6, 5) in Cl( 8, 8) CPU =        2.572 ms (setup)        0.845 (*)      124.036 (^)      107.005 (&)       80.323 (%) 
Cl( 6, 6) in Cl( 8, 8) CPU =        4.700 ms (setup)        0.845 (*)      128.945 (^)      151.244 (&)       98.319 (%) 
Cl( 7, 6) in Cl( 8, 8) CPU =       10.781 ms (setup)        0.844 (*)      195.621 (^)      206.245 (&)      153.490 (%) 
Cl( 7, 7) in Cl( 8, 8) CPU =       20.617 ms (setup)        0.843 (*)      252.349 (^)      260.917 (&)      210.316 (%) 
Cl( 8, 7) in Cl( 8, 8) CPU =       48.595 ms (setup)        0.843 (*)      532.291 (^)      565.505 (&)      497.072 (%) 
Cl( 8, 8) in Cl( 8, 8) CPU =       25.506 ms (setup)        0.844 (*)      621.490 (^)      706.758 (&)      626.339 (%) 
Fill: 1
Cl( 1, 0) in Cl( 1, 0) CPU =        0.001 ms (setup)        0.001 (*)        0.003 (^)        0.002 (&)        0.002 (%) 
Cl( 1, 1) in Cl( 1, 1) CPU =        0.001 ms (setup)        0.001 (*)        0.004 (^)        0.003 (&)        0.004 (%) 
Cl( 2, 1) in Cl( 2, 1) CPU =        0.002 ms (setup)        0.001 (*)        0.011 (^)        0.011 (&)        0.011 (%) 
Cl( 2, 2) in Cl( 2, 2) CPU =        0.003 ms (setup)        0.000 (*)        0.018 (^)        0.015 (&)        0.018 (%) 
Cl( 3, 2) in Cl( 3, 2) CPU =        0.009 ms (setup)        0.001 (*)        0.066 (^)        0.065 (&)        0.062 (%) 
Cl( 3, 3) in Cl( 3, 3) CPU =        0.013 ms (setup)        0.000 (*)        0.107 (^)        0.102 (&)        0.107 (%) 
Cl( 4, 3) in Cl( 4, 3) CPU =        0.036 ms (setup)        0.001 (*)        0.468 (^)        0.469 (&)        0.463 (%) 
Cl( 4, 4) in Cl( 4, 4) CPU =        0.069 ms (setup)        0.001 (*)        0.714 (^)        0.711 (&)        0.717 (%) 
Cl( 5, 4) in Cl( 5, 4) CPU =        0.174 ms (setup)        0.003 (*)        2.740 (^)        2.803 (&)        2.759 (%) 
Cl( 5, 5) in Cl( 5, 5) CPU =        0.348 ms (setup)        0.003 (*)        4.109 (^)        4.163 (&)        4.123 (%) 
Cl( 6, 5) in Cl( 6, 5) CPU =        0.850 ms (setup)        0.017 (*)       15.524 (^)       16.152 (&)       15.582 (%) 
Cl( 6, 6) in Cl( 6, 6) CPU =        1.740 ms (setup)        0.017 (*)       22.011 (^)       22.793 (&)       22.080 (%) 
Cl( 7, 6) in Cl( 7, 6) CPU =        4.351 ms (setup)        0.109 (*)       87.085 (^)       93.242 (&)       87.217 (%) 
Cl( 7, 7) in Cl( 7, 7) CPU =        8.777 ms (setup)        0.109 (*)      119.736 (^)      126.560 (&)      120.073 (%) 
Cl( 8, 7) in Cl( 8, 7) CPU =       22.034 ms (setup)        0.843 (*)      517.971 (^)      588.106 (&)      518.966 (%) 
Cl( 8, 8) in Cl( 8, 8) CPU =       44.889 ms (setup)        0.843 (*)      690.361 (^)      770.192 (&)      693.711 (%) 
Cl( 1, 0) in Cl( 8, 8) CPU =        0.011 ms (setup)        0.844 (*)        6.203 (^)        3.148 (&)        5.291 (%) 
Cl( 1, 1) in Cl( 8, 8) CPU =        0.019 ms (setup)        0.845 (*)       10.741 (^)        5.929 (&)        8.197 (%) 
Cl( 2, 1) in Cl( 8, 8) CPU =        0.043 ms (setup)        0.844 (*)       17.128 (^)       10.571 (&)       11.818 (%) 
Cl( 2, 2) in Cl( 8, 8) CPU =        0.394 ms (setup)        0.843 (*)       24.887 (^)       16.521 (&)       16.337 (%) 
Cl( 3, 2) in Cl( 8, 8) CPU =        0.408 ms (setup)        0.843 (*)       34.782 (^)       24.669 (&)       21.850 (%) 
Cl( 3, 3) in Cl( 8, 8) CPU =        0.432 ms (setup)        0.844 (*)       46.884 (^)       34.879 (&)       29.047 (%) 
Cl( 4, 3) in Cl( 8, 8) CPU =        0.523 ms (setup)        0.843 (*)       61.978 (^)       48.040 (&)       37.905 (%) 
Cl( 4, 4) in Cl( 8, 8) CPU =        0.643 ms (setup)        0.845 (*)       77.238 (^)       61.279 (&)       46.613 (%) 
Cl( 5, 4) in Cl( 8, 8) CPU =        1.018 ms (setup)        0.844 (*)       94.808 (^)       78.674 (&)       58.011 (%) 
Cl( 5, 5) in Cl( 8, 8) CPU =        1.609 ms (setup)        0.844 (*)      109.184 (^)       96.521 (&)       69.764 (%) 
Cl( 6, 5) in Cl( 8, 8) CPU =        3.411 ms (setup)        0.844 (*)      136.488 (^)      126.731 (&)       92.338 (%) 
Cl( 6, 6) in Cl( 8, 8) CPU =        6.347 ms (setup)        0.843 (*)      152.815 (^)      154.040 (&)      112.047 (%) 
Cl( 7, 6) in Cl( 8, 8) CPU =       14.942 ms (setup)        0.843 (*)      229.933 (^)      233.103 (&)      181.811 (%) 
Cl( 7, 7) in Cl( 8, 8) CPU =       29.036 ms (setup)        0.844 (*)      267.674 (^)      292.428 (&)      232.626 (%) 
Cl( 8, 7) in Cl( 8, 8) CPU =       70.518 ms (setup)        0.842 (*)      556.225 (^)      590.329 (&)      520.591 (%) 
Cl( 8, 8) in Cl( 8, 8) CPU =       44.983 ms (setup)        0.843 (*)      690.544 (^)      771.274 (&)      693.648 (%) 
