
framed_multi<float,-4,4>
Clifford algebra expressions test:
Fill: 0.5
Cl( 1, 0) in Cl( 1, 0) CPU =        0.007 ms (setup)        0.004 (comm)        0.011 (pade)        0.005 (series)        0.002 (mix)        0.004 (add) 
Cl( 1, 1) in Cl( 1, 1) CPU =        0.003 ms (setup)        0.002 (comm)        0.011 (pade)        0.002 (series)        0.001 (mix)        0.004 (add) 
Cl( 2, 1) in Cl( 2, 1) CPU =        0.004 ms (setup)        0.015 (comm)        0.028 (pade)        0.018 (series)        0.005 (mix)        0.005 (add) 
Cl( 2, 2) in Cl( 2, 2) CPU =        0.007 ms (setup)        0.024 (comm)        0.034 (pade)        0.031 (series)        0.009 (mix)        0.005 (add) 
Cl( 3, 2) in Cl( 3, 2) CPU =        0.010 ms (setup)        0.052 (comm)        0.146 (pade)        0.053 (series)        0.019 (mix)        0.009 (add) 
Cl( 3, 3) in Cl( 3, 3) CPU =        0.024 ms (setup)        0.146 (comm)        0.191 (pade)        0.231 (series)        0.050 (mix)        0.014 (add) 
Cl( 4, 3) in Cl( 4, 3) CPU =        0.048 ms (setup)        0.351 (comm)        0.658 (pade)        0.596 (series)        0.133 (mix)        0.032 (add) 
Cl( 4, 4) in Cl( 4, 4) CPU =        0.081 ms (setup)        1.935 (comm)        0.832 (pade)        3.083 (series)        0.294 (mix)        0.056 (add) 
Cl( 1, 0) in Cl( 4, 4) CPU =        0.002 ms (setup)        0.002 (comm)        0.007 (pade)        0.005 (series)        0.001 (mix)        0.002 (add) 
Cl( 1, 1) in Cl( 4, 4) CPU =        0.002 ms (setup)        0.004 (comm)        0.008 (pade)        0.005 (series)        0.002 (mix)        0.003 (add) 
Cl( 2, 1) in Cl( 4, 4) CPU =        0.003 ms (setup)        0.011 (comm)        0.021 (pade)        0.015 (series)        0.004 (mix)        0.004 (add) 
Cl( 2, 2) in Cl( 4, 4) CPU =        0.005 ms (setup)        0.019 (comm)        0.025 (pade)        0.026 (series)        0.007 (mix)        0.004 (add) 
Cl( 3, 2) in Cl( 4, 4) CPU =        0.008 ms (setup)        0.042 (comm)        0.108 (pade)        0.062 (series)        0.015 (mix)        0.007 (add) 
Cl( 3, 3) in Cl( 4, 4) CPU =        0.024 ms (setup)        0.104 (comm)        0.155 (pade)        0.171 (series)        0.036 (mix)        0.015 (add) 
Cl( 4, 3) in Cl( 4, 4) CPU =        0.035 ms (setup)        0.249 (comm)        0.520 (pade)        0.423 (series)        0.079 (mix)        0.020 (add) 
Cl( 4, 4) in Cl( 4, 4) CPU =        0.071 ms (setup)        1.493 (comm)        0.697 (pade)        2.590 (series)        0.181 (mix)        0.039 (add) 
Fill: 1
Cl( 1, 0) in Cl( 1, 0) CPU =        0.002 ms (setup)        0.005 (comm)        0.006 (pade)        0.006 (series)        0.002 (mix)        0.003 (add) 
Cl( 1, 1) in Cl( 1, 1) CPU =        0.002 ms (setup)        0.007 (comm)        0.007 (pade)        0.008 (series)        0.003 (mix)        0.003 (add) 
Cl( 2, 1) in Cl( 2, 1) CPU =        0.003 ms (setup)        0.011 (comm)        0.017 (pade)        0.013 (series)        0.004 (mix)        0.003 (add) 
Cl( 2, 2) in Cl( 2, 2) CPU =        0.006 ms (setup)        0.019 (comm)        0.027 (pade)        0.025 (series)        0.007 (mix)        0.004 (add) 
Cl( 3, 2) in Cl( 3, 2) CPU =        0.010 ms (setup)        0.051 (comm)        0.083 (pade)        0.069 (series)        0.015 (mix)        0.007 (add) 
Cl( 3, 3) in Cl( 3, 3) CPU =        0.020 ms (setup)        0.134 (comm)        0.169 (pade)        0.190 (series)        0.038 (mix)        0.012 (add) 
Cl( 4, 3) in Cl( 4, 3) CPU =        0.053 ms (setup)        0.412 (comm)        0.425 (pade)        0.622 (series)        0.095 (mix)        0.026 (add) 
Cl( 4, 4) in Cl( 4, 4) CPU =        0.101 ms (setup)        1.474 (comm)        0.627 (pade)        2.667 (series)        0.287 (mix)        0.073 (add) 
Cl( 1, 0) in Cl( 4, 4) CPU =        0.002 ms (setup)        0.005 (comm)        0.006 (pade)        0.006 (series)        0.002 (mix)        0.004 (add) 
Cl( 1, 1) in Cl( 4, 4) CPU =        0.002 ms (setup)        0.007 (comm)        0.007 (pade)        0.009 (series)        0.003 (mix)        0.003 (add) 
Cl( 2, 1) in Cl( 4, 4) CPU =        0.003 ms (setup)        0.013 (comm)        0.018 (pade)        0.012 (series)        0.004 (mix)        0.003 (add) 
Cl( 2, 2) in Cl( 4, 4) CPU =        0.007 ms (setup)        0.021 (comm)        0.027 (pade)        0.024 (series)        0.007 (mix)        0.004 (add) 
Cl( 3, 2) in Cl( 4, 4) CPU =        0.012 ms (setup)        0.048 (comm)        0.085 (pade)        0.064 (series)        0.016 (mix)        0.008 (add) 
Cl( 3, 3) in Cl( 4, 4) CPU =        0.022 ms (setup)        0.150 (comm)        0.123 (pade)        0.203 (series)        0.038 (mix)        0.013 (add) 
Cl( 4, 3) in Cl( 4, 4) CPU =        0.045 ms (setup)        0.420 (comm)        0.446 (pade)        0.662 (series)        0.095 (mix)        0.026 (add) 
Cl( 4, 4) in Cl( 4, 4) CPU =        0.092 ms (setup)        1.525 (comm)        0.695 (pade)        2.638 (series)        0.268 (mix)        0.072 (add) 

matrix_multi<float,-4,4>
Clifford algebra expressions test:
Fill: 0.5
Cl( 1, 0) in Cl( 1, 0) CPU =        0.002 ms (setup)        0.007 (comm)        0.002 (pade)        0.002 (series)        0.005 (mix)        0.001 (add) 
Cl( 1, 1) in Cl( 1, 1) CPU =        0.005 ms (setup)        0.015 (comm)        0.004 (pade)        0.002 (series)        0.013 (mix)        0.001 (add) 
Cl( 2, 1) in Cl( 2, 1) CPU =        0.005 ms (setup)        0.098 (comm)        0.003 (pade)        0.003 (series)        0.067 (mix)        0.001 (add) 
Cl( 2, 2) in Cl( 2, 2) CPU =        0.007 ms (setup)        0.101 (comm)        0.003 (pade)        0.002 (series)        0.101 (mix)        0.001 (add) 
Cl( 3, 2) in Cl( 3, 2) CPU =        0.036 ms (setup)        0.356 (comm)        0.005 (pade)        0.004 (series)        0.335 (mix)        0.001 (add) 
Cl( 3, 3) in Cl( 3, 3) CPU =        0.060 ms (setup)        0.623 (comm)        0.005 (pade)        0.004 (series)        0.658 (mix)        0.001 (add) 
Cl( 4, 3) in Cl( 4, 3) CPU =        0.190 ms (setup)        2.743 (comm)        0.012 (pade)        0.008 (series)        2.710 (mix)        0.001 (add) 
Cl( 4, 4) in Cl( 4, 4) CPU =        0.269 ms (setup)        3.961 (comm)        0.012 (pade)        0.008 (series)        3.962 (mix)        0.001 (add) 
Cl( 1, 0) in Cl( 4, 4) CPU =        0.005 ms (setup)        0.060 (comm)        0.011 (pade)        0.007 (series)        0.053 (mix)        0.001 (add) 
Cl( 1, 1) in Cl( 4, 4) CPU =        0.007 ms (setup)        0.076 (comm)        0.011 (pade)        0.007 (series)        0.072 (mix)        0.001 (add) 
Cl( 2, 1) in Cl( 4, 4) CPU =        0.018 ms (setup)        0.186 (comm)        0.012 (pade)        0.007 (series)        0.176 (mix)        0.001 (add) 
Cl( 2, 2) in Cl( 4, 4) CPU =        0.032 ms (setup)        0.226 (comm)        0.012 (pade)        0.008 (series)        0.225 (mix)        0.001 (add) 
Cl( 3, 2) in Cl( 4, 4) CPU =        0.130 ms (setup)        0.631 (comm)        0.012 (pade)        0.008 (series)        0.625 (mix)        0.001 (add) 
Cl( 3, 3) in Cl( 4, 4) CPU =        0.203 ms (setup)        0.926 (comm)        0.013 (pade)        0.008 (series)        0.916 (mix)        0.001 (add) 
Cl( 4, 3) in Cl( 4, 4) CPU =        0.512 ms (setup)        2.514 (comm)        0.013 (pade)        0.008 (series)        2.501 (mix)        0.001 (add) 
Cl( 4, 4) in Cl( 4, 4) CPU =        0.268 ms (setup)        4.085 (comm)        0.011 (pade)        0.008 (series)        4.016 (mix)        0.001 (add) 
Fill: 1
Cl( 1, 0) in Cl( 1, 0) CPU =        0.004 ms (setup)        0.015 (comm)        0.002 (pade)        0.002 (series)        0.015 (mix)        0.001 (add) 
Cl( 1, 1) in Cl( 1, 1) CPU =        0.004 ms (setup)        0.024 (comm)        0.002 (pade)        0.002 (series)        0.022 (mix)        0.001 (add) 
Cl( 2, 1) in Cl( 2, 1) CPU =        0.007 ms (setup)        0.080 (comm)        0.003 (pade)        0.002 (series)        0.078 (mix)        0.001 (add) 
Cl( 2, 2) in Cl( 2, 2) CPU =        0.015 ms (setup)        0.131 (comm)        0.003 (pade)        0.002 (series)        0.130 (mix)        0.001 (add) 
Cl( 3, 2) in Cl( 3, 2) CPU =        0.038 ms (setup)        0.472 (comm)        0.005 (pade)        0.004 (series)        0.463 (mix)        0.001 (add) 
Cl( 3, 3) in Cl( 3, 3) CPU =        0.081 ms (setup)        0.765 (comm)        0.005 (pade)        0.004 (series)        0.734 (mix)        0.001 (add) 
Cl( 4, 3) in Cl( 4, 3) CPU =        0.193 ms (setup)        3.063 (comm)        0.012 (pade)        0.008 (series)        3.055 (mix)        0.001 (add) 
Cl( 4, 4) in Cl( 4, 4) CPU =        0.381 ms (setup)        4.638 (comm)        0.012 (pade)        0.007 (series)        4.617 (mix)        0.001 (add) 
Cl( 1, 0) in Cl( 4, 4) CPU =        0.006 ms (setup)        0.118 (comm)        0.012 (pade)        0.008 (series)        0.106 (mix)        0.001 (add) 
Cl( 1, 1) in Cl( 4, 4) CPU =        0.009 ms (setup)        0.160 (comm)        0.011 (pade)        0.008 (series)        0.148 (mix)        0.001 (add) 
Cl( 2, 1) in Cl( 4, 4) CPU =        0.026 ms (setup)        0.229 (comm)        0.011 (pade)        0.008 (series)        0.226 (mix)        0.001 (add) 
Cl( 2, 2) in Cl( 4, 4) CPU =        0.063 ms (setup)        0.339 (comm)        0.012 (pade)        0.008 (series)        0.334 (mix)        0.001 (add) 
Cl( 3, 2) in Cl( 4, 4) CPU =        0.148 ms (setup)        0.706 (comm)        0.012 (pade)        0.008 (series)        0.699 (mix)        0.001 (add) 
Cl( 3, 3) in Cl( 4, 4) CPU =        0.250 ms (setup)        1.117 (comm)        0.013 (pade)        0.007 (series)        1.106 (mix)        0.001 (add) 
Cl( 4, 3) in Cl( 4, 4) CPU =        0.667 ms (setup)        3.234 (comm)        0.012 (pade)        0.008 (series)        3.230 (mix)        0.001 (add) 
Cl( 4, 4) in Cl( 4, 4) CPU =        0.389 ms (setup)        4.644 (comm)        0.011 (pade)        0.008 (series)        4.646 (mix)        0.001 (add) 

framed_multi<double>
Clifford algebra expressions test:
Fill: 0.5
Cl( 1, 0) in Cl( 1, 0) CPU =        0.004 ms (setup)        0.003 (comm)        0.007 (pade)        0.003 (series)        0.001 (mix)        0.003 (add) 
Cl( 1, 1) in Cl( 1, 1) CPU =        0.002 ms (setup)        0.001 (comm)        0.007 (pade)        0.002 (series)        0.001 (mix)        0.003 (add) 
Cl( 2, 1) in Cl( 2, 1) CPU =        0.003 ms (setup)        0.011 (comm)        0.015 (pade)        0.012 (series)        0.004 (mix)        0.003 (add) 
Cl( 2, 2) in Cl( 2, 2) CPU =        0.005 ms (setup)        0.021 (comm)        0.018 (pade)        0.025 (series)        0.007 (mix)        0.003 (add) 
Cl( 3, 2) in Cl( 3, 2) CPU =        0.006 ms (setup)        0.041 (comm)        0.082 (pade)        0.040 (series)        0.014 (mix)        0.005 (add) 
Cl( 3, 3) in Cl( 3, 3) CPU =        0.015 ms (setup)        0.113 (comm)        0.105 (pade)        0.166 (series)        0.046 (mix)        0.007 (add) 
Cl( 4, 3) in Cl( 4, 3) CPU =        0.030 ms (setup)        0.256 (comm)        0.366 (pade)        0.490 (series)        0.081 (mix)        0.012 (add) 
Cl( 4, 4) in Cl( 4, 4) CPU =        0.066 ms (setup)        1.159 (comm)        0.516 (pade)        1.953 (series)        0.212 (mix)        0.026 (add) 
Cl( 5, 4) in Cl( 5, 4) CPU =        0.127 ms (setup)        3.752 (comm)        1.732 (pade)        6.969 (series)        0.582 (mix)        0.068 (add) 
Cl( 5, 5) in Cl( 5, 5) CPU =        0.261 ms (setup)        5.852 (comm)        2.438 (pade)        9.350 (series)        1.461 (mix)        0.097 (add) 
Cl( 6, 5) in Cl( 6, 5) CPU =        0.509 ms (setup)       18.977 (comm)        8.501 (pade)       32.650 (series)        3.911 (mix)        0.202 (add) 
Cl( 6, 6) in Cl( 6, 6) CPU =        0.998 ms (setup)       31.789 (comm)       11.402 (pade)       44.261 (series)       11.034 (mix)        0.372 (add) 
Cl( 7, 6) in Cl( 7, 6) CPU =        1.966 ms (setup)      102.687 (comm)       40.784 (pade)      151.518 (series)       31.619 (mix)        0.772 (add) 
Cl( 7, 7) in Cl( 7, 7) CPU =        3.925 ms (setup)      189.872 (comm)       55.930 (pade)      217.497 (series)       92.075 (mix)        1.641 (add) 
Cl( 8, 7) in Cl( 8, 7) CPU =        8.076 ms (setup)      628.041 (comm)      201.090 (pade)      751.860 (series)      277.944 (mix)        3.380 (add) 
Cl( 8, 8) in Cl( 8, 8) CPU =       16.232 ms (setup)     1343.157 (comm)      283.115 (pade)     1074.269 (series)      865.854 (mix)        7.906 (add) 
Cl( 1, 0) in Cl( 8, 8) CPU =        0.002 ms (setup)        0.002 (comm)        0.005 (pade)        0.003 (series)        0.001 (mix)        0.002 (add) 
Cl( 1, 1) in Cl( 8, 8) CPU =        0.003 ms (setup)        0.001 (comm)        0.007 (pade)        0.002 (series)        0.001 (mix)        0.002 (add) 
Cl( 2, 1) in Cl( 8, 8) CPU =        0.003 ms (setup)        0.009 (comm)        0.015 (pade)        0.010 (series)        0.004 (mix)        0.002 (add) 
Cl( 2, 2) in Cl( 8, 8) CPU =        0.005 ms (setup)        0.018 (comm)        0.019 (pade)        0.021 (series)        0.007 (mix)        0.003 (add) 
Cl( 3, 2) in Cl( 8, 8) CPU =        0.009 ms (setup)        0.030 (comm)        0.057 (pade)        0.033 (series)        0.011 (mix)        0.003 (add) 
Cl( 3, 3) in Cl( 8, 8) CPU =        0.015 ms (setup)        0.103 (comm)        0.105 (pade)        0.164 (series)        0.035 (mix)        0.007 (add) 
Cl( 4, 3) in Cl( 8, 8) CPU =        0.028 ms (setup)        0.267 (comm)        0.361 (pade)        0.480 (series)        0.086 (mix)        0.012 (add) 
Cl( 4, 4) in Cl( 8, 8) CPU =        0.058 ms (setup)        1.129 (comm)        0.517 (pade)        1.917 (series)        0.207 (mix)        0.022 (add) 
Cl( 5, 4) in Cl( 8, 8) CPU =        0.123 ms (setup)        3.679 (comm)        1.688 (pade)        6.530 (series)        0.529 (mix)        0.044 (add) 
Cl( 5, 5) in Cl( 8, 8) CPU =        0.237 ms (setup)        5.678 (comm)        2.336 (pade)        9.110 (series)        1.413 (mix)        0.087 (add) 
Cl( 6, 5) in Cl( 8, 8) CPU =        0.505 ms (setup)       18.762 (comm)        8.090 (pade)       31.341 (series)        3.852 (mix)        0.178 (add) 
Cl( 6, 6) in Cl( 8, 8) CPU =        0.962 ms (setup)       31.838 (comm)       11.390 (pade)       44.726 (series)       10.800 (mix)        0.368 (add) 
Cl( 7, 6) in Cl( 8, 8) CPU =        1.956 ms (setup)      102.819 (comm)       39.900 (pade)      151.573 (series)       31.986 (mix)        0.773 (add) 
Cl( 7, 7) in Cl( 8, 8) CPU =        3.965 ms (setup)      193.438 (comm)       55.194 (pade)      212.400 (series)       92.775 (mix)        1.576 (add) 
Cl( 8, 7) in Cl( 8, 8) CPU =        8.028 ms (setup)      637.976 (comm)      201.093 (pade)      751.616 (series)      283.871 (mix)        3.417 (add) 
Cl( 8, 8) in Cl( 8, 8) CPU =       16.236 ms (setup)     1352.226 (comm)      282.303 (pade)     1072.916 (series)      855.472 (mix)        7.907 (add) 
Fill: 1
Cl( 1, 0) in Cl( 1, 0) CPU =        0.003 ms (setup)        0.006 (comm)        0.006 (pade)        0.007 (series)        0.002 (mix)        0.002 (add) 
Cl( 1, 1) in Cl( 1, 1) CPU =        0.002 ms (setup)        0.007 (comm)        0.007 (pade)        0.010 (series)        0.003 (mix)        0.003 (add) 
Cl( 2, 1) in Cl( 2, 1) CPU =        0.005 ms (setup)        0.013 (comm)        0.018 (pade)        0.016 (series)        0.005 (mix)        0.003 (add) 
Cl( 2, 2) in Cl( 2, 2) CPU =        0.005 ms (setup)        0.027 (comm)        0.026 (pade)        0.035 (series)        0.013 (mix)        0.004 (add) 
Cl( 3, 2) in Cl( 3, 2) CPU =        0.013 ms (setup)        0.066 (comm)        0.081 (pade)        0.091 (series)        0.019 (mix)        0.005 (add) 
Cl( 3, 3) in Cl( 3, 3) CPU =        0.029 ms (setup)        0.183 (comm)        0.115 (pade)        0.273 (series)        0.046 (mix)        0.011 (add) 
Cl( 4, 3) in Cl( 4, 3) CPU =        0.052 ms (setup)        0.567 (comm)        0.391 (pade)        0.906 (series)        0.115 (mix)        0.020 (add) 
Cl( 4, 4) in Cl( 4, 4) CPU =        0.099 ms (setup)        1.413 (comm)        0.594 (pade)        2.200 (series)        0.282 (mix)        0.042 (add) 
Cl( 5, 4) in Cl( 5, 4) CPU =        0.199 ms (setup)        4.345 (comm)        1.855 (pade)        7.454 (series)        0.780 (mix)        0.079 (add) 
Cl( 5, 5) in Cl( 5, 5) CPU =        0.400 ms (setup)        7.238 (comm)        2.716 (pade)       10.633 (series)        1.918 (mix)        0.162 (add) 
Cl( 6, 5) in Cl( 6, 5) CPU =        0.811 ms (setup)       22.758 (comm)        8.995 (pade)       35.114 (series)        5.297 (mix)        0.328 (add) 
Cl( 6, 6) in Cl( 6, 6) CPU =        1.618 ms (setup)       41.269 (comm)       13.323 (pade)       52.317 (series)       14.986 (mix)        0.701 (add) 
Cl( 7, 6) in Cl( 7, 6) CPU =        3.296 ms (setup)      128.364 (comm)       44.625 (pade)      172.538 (series)       42.971 (mix)        1.415 (add) 
Cl( 7, 7) in Cl( 7, 7) CPU =        6.639 ms (setup)      258.110 (comm)       66.362 (pade)      257.625 (series)      128.604 (mix)        3.724 (add) 
Cl( 8, 7) in Cl( 8, 7) CPU =       13.960 ms (setup)      820.215 (comm)      232.506 (pade)      873.763 (series)      385.233 (mix)        9.024 (add) 
Cl( 8, 8) in Cl( 8, 8) CPU =       28.291 ms (setup)     1885.598 (comm)      349.993 (pade)     1336.274 (series)     1212.834 (mix)       14.290 (add) 
Cl( 1, 0) in Cl( 8, 8) CPU =        0.002 ms (setup)        0.005 (comm)        0.006 (pade)        0.007 (series)        0.002 (mix)        0.002 (add) 
Cl( 1, 1) in Cl( 8, 8) CPU =        0.002 ms (setup)        0.007 (comm)        0.007 (pade)        0.009 (series)        0.003 (mix)        0.003 (add) 
Cl( 2, 1) in Cl( 8, 8) CPU =        0.005 ms (setup)        0.018 (comm)        0.018 (pade)        0.017 (series)        0.005 (mix)        0.003 (add) 
Cl( 2, 2) in Cl( 8, 8) CPU =        0.005 ms (setup)        0.029 (comm)        0.026 (pade)        0.034 (series)        0.009 (mix)        0.004 (add) 
Cl( 3, 2) in Cl( 8, 8) CPU =        0.015 ms (setup)        0.068 (comm)        0.080 (pade)        0.091 (series)        0.020 (mix)        0.005 (add) 
Cl( 3, 3) in Cl( 8, 8) CPU =        0.024 ms (setup)        0.183 (comm)        0.115 (pade)        0.271 (series)        0.046 (mix)        0.011 (add) 
Cl( 4, 3) in Cl( 8, 8) CPU =        0.058 ms (setup)        0.569 (comm)        0.387 (pade)        0.903 (series)        0.115 (mix)        0.019 (add) 
Cl( 4, 4) in Cl( 8, 8) CPU =        0.098 ms (setup)        1.386 (comm)        0.564 (pade)        2.184 (series)        0.283 (mix)        0.039 (add) 
Cl( 5, 4) in Cl( 8, 8) CPU =        0.199 ms (setup)        4.345 (comm)        1.856 (pade)        7.261 (series)        0.725 (mix)        0.080 (add) 
Cl( 5, 5) in Cl( 8, 8) CPU =        0.396 ms (setup)        7.237 (comm)        2.712 (pade)       10.723 (series)        1.911 (mix)        0.163 (add) 
Cl( 6, 5) in Cl( 8, 8) CPU =        0.812 ms (setup)       22.737 (comm)        8.995 (pade)       34.959 (series)        5.292 (mix)        0.328 (add) 
Cl( 6, 6) in Cl( 8, 8) CPU =        1.604 ms (setup)       41.047 (comm)       13.285 (pade)       52.808 (series)       14.860 (mix)        0.686 (add) 
Cl( 7, 6) in Cl( 8, 8) CPU =        3.281 ms (setup)      129.772 (comm)       44.286 (pade)      171.670 (series)       43.005 (mix)        1.973 (add) 
Cl( 7, 7) in Cl( 8, 8) CPU =        6.694 ms (setup)      257.745 (comm)       65.707 (pade)      258.469 (series)      128.927 (mix)        3.744 (add) 
Cl( 8, 7) in Cl( 8, 8) CPU =       13.999 ms (setup)      818.712 (comm)      233.914 (pade)      870.231 (series)      386.325 (mix)        9.165 (add) 
Cl( 8, 8) in Cl( 8, 8) CPU =       28.227 ms (setup)     1874.352 (comm)      349.284 (pade)     1321.300 (series)     1212.272 (mix)       14.438 (add) 

matrix_multi<double>
Clifford algebra expressions test:
Fill: 0.5
Cl( 1, 0) in Cl( 1, 0) CPU =        0.004 ms (setup)        0.009 (comm)        0.003 (pade)        0.003 (series)        0.008 (mix)        0.002 (add) 
Cl( 1, 1) in Cl( 1, 1) CPU =        0.010 ms (setup)        0.009 (comm)        0.002 (pade)        0.002 (series)        0.008 (mix)        0.001 (add) 
Cl( 2, 1) in Cl( 2, 1) CPU =        0.005 ms (setup)        0.065 (comm)        0.004 (pade)        0.003 (series)        0.062 (mix)        0.001 (add) 
Cl( 2, 2) in Cl( 2, 2) CPU =        0.007 ms (setup)        0.111 (comm)        0.003 (pade)        0.002 (series)        0.107 (mix)        0.001 (add) 
Cl( 3, 2) in Cl( 3, 2) CPU =        0.041 ms (setup)        0.320 (comm)        0.005 (pade)        0.004 (series)        0.319 (mix)        0.001 (add) 
Cl( 3, 3) in Cl( 3, 3) CPU =        0.062 ms (setup)        0.577 (comm)        0.005 (pade)        0.004 (series)        0.574 (mix)        0.001 (add) 
Cl( 4, 3) in Cl( 4, 3) CPU =        0.146 ms (setup)        2.496 (comm)        0.013 (pade)        0.012 (series)        2.494 (mix)        0.002 (add) 
Cl( 4, 4) in Cl( 4, 4) CPU =        0.287 ms (setup)        3.861 (comm)        0.013 (pade)        0.012 (series)        3.885 (mix)        0.002 (add) 
Cl( 5, 4) in Cl( 5, 4) CPU =        0.685 ms (setup)       15.005 (comm)        0.052 (pade)        0.048 (series)       15.111 (mix)        0.005 (add) 
Cl( 5, 5) in Cl( 5, 5) CPU =        1.314 ms (setup)       21.736 (comm)        0.052 (pade)        0.049 (series)       22.346 (mix)        0.004 (add) 
Cl( 6, 5) in Cl( 6, 5) CPU =        2.902 ms (setup)       86.633 (comm)        0.359 (pade)        0.347 (series)       85.841 (mix)        0.018 (add) 
Cl( 6, 6) in Cl( 6, 6) CPU =        5.721 ms (setup)      120.070 (comm)        0.296 (pade)        0.281 (series)      119.573 (mix)        0.018 (add) 
Cl( 7, 6) in Cl( 7, 6) CPU =       13.193 ms (setup)      502.672 (comm)        1.958 (pade)        1.855 (series)      494.872 (mix)        0.101 (add) 
Cl( 7, 7) in Cl( 7, 7) CPU =       25.978 ms (setup)      666.118 (comm)        1.934 (pade)        1.846 (series)      665.535 (mix)        0.102 (add) 
Cl( 8, 7) in Cl( 8, 7) CPU =       65.936 ms (setup)     3702.926 (comm)       14.402 (pade)       13.114 (series)     3559.372 (mix)        0.419 (add) 
Cl( 8, 8) in Cl( 8, 8) CPU =      126.309 ms (setup)     3998.508 (comm)       14.175 (pade)       13.188 (series)     3984.713 (mix)        0.437 (add) 
Cl( 1, 0) in Cl( 8, 8) CPU =        0.066 ms (setup)       27.067 (comm)       13.976 (pade)       13.409 (series)       20.264 (mix)        0.418 (add) 
Cl( 1, 1) in Cl( 8, 8) CPU =        0.091 ms (setup)       41.545 (comm)       14.554 (pade)       13.738 (series)       34.834 (mix)        0.414 (add) 
Cl( 2, 1) in Cl( 8, 8) CPU =        0.171 ms (setup)       85.913 (comm)       13.984 (pade)       13.502 (series)       79.546 (mix)        0.417 (add) 
Cl( 2, 2) in Cl( 8, 8) CPU =        0.321 ms (setup)      156.583 (comm)       14.017 (pade)       13.208 (series)      150.269 (mix)        0.417 (add) 
Cl( 3, 2) in Cl( 8, 8) CPU =        1.994 ms (setup)      230.705 (comm)       14.106 (pade)       15.462 (series)      225.486 (mix)        0.436 (add) 
Cl( 3, 3) in Cl( 8, 8) CPU =        3.339 ms (setup)      312.986 (comm)       14.113 (pade)       14.367 (series)      308.319 (mix)        0.406 (add) 
Cl( 4, 3) in Cl( 8, 8) CPU =        3.625 ms (setup)      334.130 (comm)       14.149 (pade)       14.388 (series)      320.650 (mix)        0.422 (add) 
Cl( 4, 4) in Cl( 8, 8) CPU =        4.070 ms (setup)      455.087 (comm)       14.156 (pade)       14.319 (series)      444.178 (mix)        0.428 (add) 
Cl( 5, 4) in Cl( 8, 8) CPU =        5.505 ms (setup)      584.980 (comm)       14.156 (pade)       14.299 (series)      583.519 (mix)        0.399 (add) 
Cl( 5, 5) in Cl( 8, 8) CPU =        7.477 ms (setup)      688.321 (comm)       14.197 (pade)       14.291 (series)      687.714 (mix)        0.487 (add) 
Cl( 6, 5) in Cl( 8, 8) CPU =       14.628 ms (setup)      903.828 (comm)       14.159 (pade)       15.039 (series)      901.354 (mix)        0.417 (add) 
Cl( 6, 6) in Cl( 8, 8) CPU =       25.108 ms (setup)     1005.890 (comm)       14.190 (pade)       13.265 (series)     1002.085 (mix)        0.410 (add) 
Cl( 7, 6) in Cl( 8, 8) CPU =       55.796 ms (setup)     1398.967 (comm)       14.253 (pade)       13.299 (series)     1389.310 (mix)        0.416 (add) 
Cl( 7, 7) in Cl( 8, 8) CPU =      101.583 ms (setup)     1752.252 (comm)       14.757 (pade)       13.265 (series)     1751.850 (mix)        0.409 (add) 
Cl( 8, 7) in Cl( 8, 8) CPU =      247.320 ms (setup)     3288.460 (comm)       14.214 (pade)       13.106 (series)     3268.140 (mix)        0.405 (add) 
Cl( 8, 8) in Cl( 8, 8) CPU =      126.934 ms (setup)     3980.544 (comm)       14.222 (pade)       15.190 (series)     3980.191 (mix)        0.417 (add) 
Fill: 1
Cl( 1, 0) in Cl( 1, 0) CPU =        0.004 ms (setup)        0.016 (comm)        0.003 (pade)        0.002 (series)        0.015 (mix)        0.001 (add) 
Cl( 1, 1) in Cl( 1, 1) CPU =        0.004 ms (setup)        0.024 (comm)        0.003 (pade)        0.002 (series)        0.022 (mix)        0.001 (add) 
Cl( 2, 1) in Cl( 2, 1) CPU =        0.007 ms (setup)        0.082 (comm)        0.003 (pade)        0.003 (series)        0.078 (mix)        0.001 (add) 
Cl( 2, 2) in Cl( 2, 2) CPU =        0.017 ms (setup)        0.135 (comm)        0.003 (pade)        0.003 (series)        0.144 (mix)        0.001 (add) 
Cl( 3, 2) in Cl( 3, 2) CPU =        0.044 ms (setup)        0.477 (comm)        0.005 (pade)        0.004 (series)        0.475 (mix)        0.001 (add) 
Cl( 3, 3) in Cl( 3, 3) CPU =        0.082 ms (setup)        0.747 (comm)        0.005 (pade)        0.004 (series)        0.746 (mix)        0.001 (add) 
Cl( 4, 3) in Cl( 4, 3) CPU =        0.198 ms (setup)        3.024 (comm)        0.013 (pade)        0.012 (series)        3.031 (mix)        0.002 (add) 
Cl( 4, 4) in Cl( 4, 4) CPU =        0.391 ms (setup)        4.520 (comm)        0.013 (pade)        0.012 (series)        4.503 (mix)        0.002 (add) 
Cl( 5, 4) in Cl( 5, 4) CPU =        0.994 ms (setup)       16.585 (comm)        0.052 (pade)        0.048 (series)       16.468 (mix)        0.005 (add) 
Cl( 5, 5) in Cl( 5, 5) CPU =        1.825 ms (setup)       24.021 (comm)        0.053 (pade)        0.052 (series)       23.957 (mix)        0.005 (add) 
Cl( 6, 5) in Cl( 6, 5) CPU =        4.323 ms (setup)       92.993 (comm)        0.295 (pade)        0.284 (series)       92.239 (mix)        0.019 (add) 
Cl( 6, 6) in Cl( 6, 6) CPU =        8.591 ms (setup)      127.542 (comm)        0.299 (pade)        0.284 (series)      129.219 (mix)        0.019 (add) 
Cl( 7, 6) in Cl( 7, 6) CPU =       20.296 ms (setup)      538.081 (comm)        1.927 (pade)        1.842 (series)      534.890 (mix)        0.105 (add) 
Cl( 7, 7) in Cl( 7, 7) CPU =       40.922 ms (setup)      721.032 (comm)        1.938 (pade)        1.847 (series)      715.840 (mix)        0.098 (add) 
Cl( 8, 7) in Cl( 8, 7) CPU =      105.153 ms (setup)     4373.364 (comm)       14.505 (pade)       15.138 (series)     4186.681 (mix)        0.419 (add) 
Cl( 8, 8) in Cl( 8, 8) CPU =      213.911 ms (setup)     4406.005 (comm)       14.194 (pade)       16.479 (series)     4367.068 (mix)        0.432 (add) 
Cl( 1, 0) in Cl( 8, 8) CPU =        0.084 ms (setup)       61.698 (comm)       13.866 (pade)       15.004 (series)       55.340 (mix)        0.414 (add) 
Cl( 1, 1) in Cl( 8, 8) CPU =        0.131 ms (setup)       90.365 (comm)       13.889 (pade)       15.171 (series)       83.648 (mix)        0.416 (add) 
Cl( 2, 1) in Cl( 8, 8) CPU =        0.262 ms (setup)      131.377 (comm)       14.040 (pade)       15.007 (series)      125.741 (mix)        0.424 (add) 
Cl( 2, 2) in Cl( 8, 8) CPU =        3.121 ms (setup)      184.068 (comm)       14.128 (pade)       14.304 (series)      179.974 (mix)        0.413 (add) 
Cl( 3, 2) in Cl( 8, 8) CPU =        3.227 ms (setup)      251.030 (comm)       14.066 (pade)       14.857 (series)      244.787 (mix)        0.406 (add) 
Cl( 3, 3) in Cl( 8, 8) CPU =        3.328 ms (setup)      343.238 (comm)       14.114 (pade)       14.303 (series)      330.323 (mix)        0.413 (add) 
Cl( 4, 3) in Cl( 8, 8) CPU =        3.774 ms (setup)      453.135 (comm)       14.131 (pade)       14.312 (series)      449.849 (mix)        0.428 (add) 
Cl( 4, 4) in Cl( 8, 8) CPU =        4.567 ms (setup)      564.690 (comm)       14.223 (pade)       14.368 (series)      564.539 (mix)        0.402 (add) 
Cl( 5, 4) in Cl( 8, 8) CPU =        6.475 ms (setup)      693.320 (comm)       14.139 (pade)       14.309 (series)      688.743 (mix)        0.407 (add) 
Cl( 5, 5) in Cl( 8, 8) CPU =        9.106 ms (setup)      810.169 (comm)       14.171 (pade)       13.159 (series)      803.936 (mix)        0.409 (add) 
Cl( 6, 5) in Cl( 8, 8) CPU =       18.180 ms (setup)     1005.267 (comm)       14.207 (pade)       15.409 (series)     1005.802 (mix)        0.458 (add) 
Cl( 6, 6) in Cl( 8, 8) CPU =       33.196 ms (setup)     1153.872 (comm)       14.175 (pade)       15.021 (series)     1154.640 (mix)        0.410 (add) 
Cl( 7, 6) in Cl( 8, 8) CPU =       73.523 ms (setup)     1606.702 (comm)       14.197 (pade)       13.268 (series)     1606.077 (mix)        0.420 (add) 
Cl( 7, 7) in Cl( 8, 8) CPU =      137.635 ms (setup)     1905.037 (comm)       14.284 (pade)       14.992 (series)     1888.167 (mix)        0.422 (add) 
Cl( 8, 7) in Cl( 8, 8) CPU =      336.702 ms (setup)     3511.662 (comm)       14.235 (pade)       13.887 (series)     3499.623 (mix)        0.403 (add) 
Cl( 8, 8) in Cl( 8, 8) CPU =      212.494 ms (setup)     4397.064 (comm)       14.223 (pade)       15.050 (series)     4371.216 (mix)        0.406 (add) 
