
framed_multi<float,-4,4>
Clifford algebra expressions test:
Fill: 0.5
Cl( 1, 0) in Cl( 1, 0) CPU =        0.001 ms (setup)        0.002 (comm)        0.004 (pade)        0.002 (series)        0.001 (mix)        0.002 (add) 
Cl( 1, 1) in Cl( 1, 1) CPU =        0.001 ms (setup)        0.001 (comm)        0.003 (pade)        0.001 (series)        0.001 (mix)        0.001 (add) 
Cl( 2, 1) in Cl( 2, 1) CPU =        0.002 ms (setup)        0.005 (comm)        0.009 (pade)        0.007 (series)        0.002 (mix)        0.002 (add) 
Cl( 2, 2) in Cl( 2, 2) CPU =        0.003 ms (setup)        0.009 (comm)        0.011 (pade)        0.012 (series)        0.003 (mix)        0.002 (add) 
Cl( 3, 2) in Cl( 3, 2) CPU =        0.004 ms (setup)        0.021 (comm)        0.053 (pade)        0.022 (series)        0.007 (mix)        0.004 (add) 
Cl( 3, 3) in Cl( 3, 3) CPU =        0.011 ms (setup)        0.057 (comm)        0.069 (pade)        0.089 (series)        0.018 (mix)        0.005 (add) 
Cl( 4, 3) in Cl( 4, 3) CPU =        0.022 ms (setup)        0.154 (comm)        0.267 (pade)        0.269 (series)        0.053 (mix)        0.015 (add) 
Cl( 4, 4) in Cl( 4, 4) CPU =        0.046 ms (setup)        0.857 (comm)        0.385 (pade)        1.465 (series)        0.156 (mix)        0.035 (add) 
Cl( 1, 0) in Cl( 4, 4) CPU =        0.001 ms (setup)        0.001 (comm)        0.004 (pade)        0.003 (series)        0.000 (mix)        0.001 (add) 
Cl( 1, 1) in Cl( 4, 4) CPU =        0.001 ms (setup)        0.002 (comm)        0.004 (pade)        0.003 (series)        0.001 (mix)        0.002 (add) 
Cl( 2, 1) in Cl( 4, 4) CPU =        0.001 ms (setup)        0.005 (comm)        0.009 (pade)        0.007 (series)        0.002 (mix)        0.002 (add) 
Cl( 2, 2) in Cl( 4, 4) CPU =        0.003 ms (setup)        0.010 (comm)        0.011 (pade)        0.013 (series)        0.003 (mix)        0.002 (add) 
Cl( 3, 2) in Cl( 4, 4) CPU =        0.005 ms (setup)        0.022 (comm)        0.052 (pade)        0.034 (series)        0.007 (mix)        0.004 (add) 
Cl( 3, 3) in Cl( 4, 4) CPU =        0.011 ms (setup)        0.057 (comm)        0.073 (pade)        0.091 (series)        0.017 (mix)        0.007 (add) 
Cl( 4, 3) in Cl( 4, 4) CPU =        0.021 ms (setup)        0.135 (comm)        0.268 (pade)        0.242 (series)        0.048 (mix)        0.012 (add) 
Cl( 4, 4) in Cl( 4, 4) CPU =        0.046 ms (setup)        0.833 (comm)        0.376 (pade)        0.746 (series)        0.089 (mix)        0.012 (add) 
Fill: 1
Cl( 1, 0) in Cl( 1, 0) CPU =        0.001 ms (setup)        0.002 (comm)        0.002 (pade)        0.002 (series)        0.000 (mix)        0.001 (add) 
Cl( 1, 1) in Cl( 1, 1) CPU =        0.001 ms (setup)        0.002 (comm)        0.002 (pade)        0.003 (series)        0.001 (mix)        0.001 (add) 
Cl( 2, 1) in Cl( 2, 1) CPU =        0.001 ms (setup)        0.004 (comm)        0.005 (pade)        0.004 (series)        0.001 (mix)        0.001 (add) 
Cl( 2, 2) in Cl( 2, 2) CPU =        0.002 ms (setup)        0.006 (comm)        0.007 (pade)        0.007 (series)        0.002 (mix)        0.001 (add) 
Cl( 3, 2) in Cl( 3, 2) CPU =        0.003 ms (setup)        0.015 (comm)        0.027 (pade)        0.019 (series)        0.005 (mix)        0.001 (add) 
Cl( 3, 3) in Cl( 3, 3) CPU =        0.007 ms (setup)        0.041 (comm)        0.039 (pade)        0.058 (series)        0.011 (mix)        0.004 (add) 
Cl( 4, 3) in Cl( 4, 3) CPU =        0.015 ms (setup)        0.120 (comm)        0.144 (pade)        0.177 (series)        0.030 (mix)        0.007 (add) 
Cl( 4, 4) in Cl( 4, 4) CPU =        0.034 ms (setup)        0.482 (comm)        0.203 (pade)        0.784 (series)        0.081 (mix)        0.020 (add) 
Cl( 1, 0) in Cl( 4, 4) CPU =        0.001 ms (setup)        0.002 (comm)        0.002 (pade)        0.002 (series)        0.001 (mix)        0.001 (add) 
Cl( 1, 1) in Cl( 4, 4) CPU =        0.001 ms (setup)        0.002 (comm)        0.002 (pade)        0.003 (series)        0.001 (mix)        0.001 (add) 
Cl( 2, 1) in Cl( 4, 4) CPU =        0.001 ms (setup)        0.003 (comm)        0.005 (pade)        0.004 (series)        0.001 (mix)        0.001 (add) 
Cl( 2, 2) in Cl( 4, 4) CPU =        0.002 ms (setup)        0.005 (comm)        0.007 (pade)        0.007 (series)        0.002 (mix)        0.001 (add) 
Cl( 3, 2) in Cl( 4, 4) CPU =        0.004 ms (setup)        0.015 (comm)        0.026 (pade)        0.019 (series)        0.005 (mix)        0.002 (add) 
Cl( 3, 3) in Cl( 4, 4) CPU =        0.007 ms (setup)        0.041 (comm)        0.038 (pade)        0.058 (series)        0.011 (mix)        0.003 (add) 
Cl( 4, 3) in Cl( 4, 4) CPU =        0.015 ms (setup)        0.120 (comm)        0.142 (pade)        0.177 (series)        0.029 (mix)        0.009 (add) 
Cl( 4, 4) in Cl( 4, 4) CPU =        0.034 ms (setup)        0.478 (comm)        0.202 (pade)        0.785 (series)        0.081 (mix)        0.020 (add) 

matrix_multi<float,-4,4>
Clifford algebra expressions test:
Fill: 0.5
Cl( 1, 0) in Cl( 1, 0) CPU =        0.001 ms (setup)        0.002 (comm)        0.001 (pade)        0.001 (series)        0.002 (mix)        0.000 (add) 
Cl( 1, 1) in Cl( 1, 1) CPU =        0.001 ms (setup)        0.005 (comm)        0.001 (pade)        0.001 (series)        0.004 (mix)        0.001 (add) 
Cl( 2, 1) in Cl( 2, 1) CPU =        0.002 ms (setup)        0.019 (comm)        0.001 (pade)        0.001 (series)        0.018 (mix)        0.001 (add) 
Cl( 2, 2) in Cl( 2, 2) CPU =        0.003 ms (setup)        0.030 (comm)        0.001 (pade)        0.001 (series)        0.029 (mix)        0.000 (add) 
Cl( 3, 2) in Cl( 3, 2) CPU =        0.013 ms (setup)        0.114 (comm)        0.002 (pade)        0.001 (series)        0.110 (mix)        0.001 (add) 
Cl( 3, 3) in Cl( 3, 3) CPU =        0.022 ms (setup)        0.184 (comm)        0.002 (pade)        0.001 (series)        0.179 (mix)        0.001 (add) 
Cl( 4, 3) in Cl( 4, 3) CPU =        0.052 ms (setup)        0.865 (comm)        0.005 (pade)        0.002 (series)        0.842 (mix)        0.000 (add) 
Cl( 4, 4) in Cl( 4, 4) CPU =        0.104 ms (setup)        1.338 (comm)        0.005 (pade)        0.002 (series)        1.312 (mix)        0.001 (add) 
Cl( 1, 0) in Cl( 4, 4) CPU =        0.002 ms (setup)        0.015 (comm)        0.004 (pade)        0.002 (series)        0.014 (mix)        0.000 (add) 
Cl( 1, 1) in Cl( 4, 4) CPU =        0.002 ms (setup)        0.022 (comm)        0.004 (pade)        0.002 (series)        0.021 (mix)        0.001 (add) 
Cl( 2, 1) in Cl( 4, 4) CPU =        0.005 ms (setup)        0.051 (comm)        0.004 (pade)        0.002 (series)        0.049 (mix)        0.001 (add) 
Cl( 2, 2) in Cl( 4, 4) CPU =        0.011 ms (setup)        0.067 (comm)        0.004 (pade)        0.002 (series)        0.064 (mix)        0.001 (add) 
Cl( 3, 2) in Cl( 4, 4) CPU =        0.044 ms (setup)        0.198 (comm)        0.004 (pade)        0.002 (series)        0.192 (mix)        0.001 (add) 
Cl( 3, 3) in Cl( 4, 4) CPU =        0.071 ms (setup)        0.286 (comm)        0.005 (pade)        0.002 (series)        0.279 (mix)        0.000 (add) 
Cl( 4, 3) in Cl( 4, 4) CPU =        0.181 ms (setup)        0.814 (comm)        0.005 (pade)        0.002 (series)        0.792 (mix)        0.001 (add) 
Cl( 4, 4) in Cl( 4, 4) CPU =        0.103 ms (setup)        1.375 (comm)        0.005 (pade)        0.002 (series)        1.349 (mix)        0.001 (add) 
Fill: 1
Cl( 1, 0) in Cl( 1, 0) CPU =        0.001 ms (setup)        0.005 (comm)        0.001 (pade)        0.001 (series)        0.004 (mix)        0.000 (add) 
Cl( 1, 1) in Cl( 1, 1) CPU =        0.001 ms (setup)        0.007 (comm)        0.001 (pade)        0.001 (series)        0.007 (mix)        0.001 (add) 
Cl( 2, 1) in Cl( 2, 1) CPU =        0.002 ms (setup)        0.024 (comm)        0.001 (pade)        0.001 (series)        0.023 (mix)        0.001 (add) 
Cl( 2, 2) in Cl( 2, 2) CPU =        0.005 ms (setup)        0.039 (comm)        0.001 (pade)        0.001 (series)        0.038 (mix)        0.001 (add) 
Cl( 3, 2) in Cl( 3, 2) CPU =        0.012 ms (setup)        0.143 (comm)        0.002 (pade)        0.001 (series)        0.141 (mix)        0.000 (add) 
Cl( 3, 3) in Cl( 3, 3) CPU =        0.024 ms (setup)        0.230 (comm)        0.002 (pade)        0.001 (series)        0.224 (mix)        0.000 (add) 
Cl( 4, 3) in Cl( 4, 3) CPU =        0.064 ms (setup)        0.982 (comm)        0.005 (pade)        0.003 (series)        0.967 (mix)        0.001 (add) 
Cl( 4, 4) in Cl( 4, 4) CPU =        0.126 ms (setup)        1.526 (comm)        0.005 (pade)        0.002 (series)        1.514 (mix)        0.001 (add) 
Cl( 1, 0) in Cl( 4, 4) CPU =        0.002 ms (setup)        0.033 (comm)        0.004 (pade)        0.002 (series)        0.030 (mix)        0.001 (add) 
Cl( 1, 1) in Cl( 4, 4) CPU =        0.003 ms (setup)        0.045 (comm)        0.004 (pade)        0.002 (series)        0.044 (mix)        0.000 (add) 
Cl( 2, 1) in Cl( 4, 4) CPU =        0.007 ms (setup)        0.068 (comm)        0.004 (pade)        0.002 (series)        0.065 (mix)        0.001 (add) 
Cl( 2, 2) in Cl( 4, 4) CPU =        0.019 ms (setup)        0.103 (comm)        0.004 (pade)        0.002 (series)        0.100 (mix)        0.001 (add) 
Cl( 3, 2) in Cl( 4, 4) CPU =        0.045 ms (setup)        0.218 (comm)        0.004 (pade)        0.002 (series)        0.213 (mix)        0.001 (add) 
Cl( 3, 3) in Cl( 4, 4) CPU =        0.082 ms (setup)        0.342 (comm)        0.004 (pade)        0.002 (series)        0.335 (mix)        0.001 (add) 
Cl( 4, 3) in Cl( 4, 4) CPU =        0.217 ms (setup)        1.035 (comm)        0.005 (pade)        0.003 (series)        1.023 (mix)        0.000 (add) 
Cl( 4, 4) in Cl( 4, 4) CPU =        0.127 ms (setup)        1.526 (comm)        0.005 (pade)        0.002 (series)        1.512 (mix)        0.001 (add) 

framed_multi<double>
Clifford algebra expressions test:
Fill: 0.5
Cl( 1, 0) in Cl( 1, 0) CPU =        0.001 ms (setup)        0.001 (comm)        0.002 (pade)        0.001 (series)        0.001 (mix)        0.001 (add) 
Cl( 1, 1) in Cl( 1, 1) CPU =        0.001 ms (setup)        0.001 (comm)        0.002 (pade)        0.000 (series)        0.001 (mix)        0.001 (add) 
Cl( 2, 1) in Cl( 2, 1) CPU =        0.001 ms (setup)        0.004 (comm)        0.005 (pade)        0.004 (series)        0.001 (mix)        0.001 (add) 
Cl( 2, 2) in Cl( 2, 2) CPU =        0.002 ms (setup)        0.006 (comm)        0.006 (pade)        0.007 (series)        0.002 (mix)        0.001 (add) 
Cl( 3, 2) in Cl( 3, 2) CPU =        0.003 ms (setup)        0.013 (comm)        0.028 (pade)        0.013 (series)        0.004 (mix)        0.002 (add) 
Cl( 3, 3) in Cl( 3, 3) CPU =        0.007 ms (setup)        0.036 (comm)        0.035 (pade)        0.048 (series)        0.009 (mix)        0.002 (add) 
Cl( 4, 3) in Cl( 4, 3) CPU =        0.013 ms (setup)        0.096 (comm)        0.132 (pade)        0.136 (series)        0.028 (mix)        0.005 (add) 
Cl( 4, 4) in Cl( 4, 4) CPU =        0.027 ms (setup)        0.436 (comm)        0.181 (pade)        0.680 (series)        0.104 (mix)        0.007 (add) 
Cl( 5, 4) in Cl( 5, 4) CPU =        0.054 ms (setup)        1.500 (comm)        0.640 (pade)        2.466 (series)        0.289 (mix)        0.013 (add) 
Cl( 5, 5) in Cl( 5, 5) CPU =        0.114 ms (setup)        2.529 (comm)        0.926 (pade)        3.552 (series)        0.813 (mix)        0.028 (add) 
Cl( 6, 5) in Cl( 6, 5) CPU =        0.234 ms (setup)        8.328 (comm)        3.272 (pade)       12.571 (series)        2.284 (mix)        0.062 (add) 
Cl( 6, 6) in Cl( 6, 6) CPU =        0.479 ms (setup)       14.920 (comm)        4.622 (pade)       17.869 (series)        6.634 (mix)        0.135 (add) 
Cl( 7, 6) in Cl( 7, 6) CPU =        0.969 ms (setup)       48.099 (comm)       15.968 (pade)       61.526 (series)       19.340 (mix)        0.304 (add) 
Cl( 7, 7) in Cl( 7, 7) CPU =        1.970 ms (setup)       96.506 (comm)       22.615 (pade)       88.112 (series)       56.611 (mix)        0.610 (add) 
Cl( 8, 7) in Cl( 8, 7) CPU =        3.960 ms (setup)      309.748 (comm)       81.359 (pade)      309.322 (series)      166.071 (mix)        1.301 (add) 
Cl( 8, 8) in Cl( 8, 8) CPU =        7.984 ms (setup)      702.083 (comm)      117.639 (pade)      450.450 (series)      500.682 (mix)        2.808 (add) 
Cl( 1, 0) in Cl( 8, 8) CPU =        0.003 ms (setup)        0.001 (comm)        0.001 (pade)        0.001 (series)        0.001 (mix)        0.001 (add) 
Cl( 1, 1) in Cl( 8, 8) CPU =        0.001 ms (setup)        0.001 (comm)        0.002 (pade)        0.001 (series)        0.000 (mix)        0.001 (add) 
Cl( 2, 1) in Cl( 8, 8) CPU =        0.001 ms (setup)        0.003 (comm)        0.005 (pade)        0.003 (series)        0.001 (mix)        0.001 (add) 
Cl( 2, 2) in Cl( 8, 8) CPU =        0.002 ms (setup)        0.005 (comm)        0.005 (pade)        0.006 (series)        0.002 (mix)        0.001 (add) 
Cl( 3, 2) in Cl( 8, 8) CPU =        0.003 ms (setup)        0.011 (comm)        0.019 (pade)        0.011 (series)        0.003 (mix)        0.001 (add) 
Cl( 3, 3) in Cl( 8, 8) CPU =        0.006 ms (setup)        0.036 (comm)        0.035 (pade)        0.046 (series)        0.009 (mix)        0.002 (add) 
Cl( 4, 3) in Cl( 8, 8) CPU =        0.012 ms (setup)        0.098 (comm)        0.130 (pade)        0.136 (series)        0.031 (mix)        0.004 (add) 
Cl( 4, 4) in Cl( 8, 8) CPU =        0.027 ms (setup)        0.428 (comm)        0.178 (pade)        0.670 (series)        0.102 (mix)        0.007 (add) 
Cl( 5, 4) in Cl( 8, 8) CPU =        0.055 ms (setup)        1.488 (comm)        0.636 (pade)        2.421 (series)        0.288 (mix)        0.013 (add) 
Cl( 5, 5) in Cl( 8, 8) CPU =        0.111 ms (setup)        2.442 (comm)        0.885 (pade)        3.458 (series)        0.771 (mix)        0.025 (add) 
Cl( 6, 5) in Cl( 8, 8) CPU =        0.232 ms (setup)        8.241 (comm)        3.219 (pade)       12.498 (series)        2.271 (mix)        0.061 (add) 
Cl( 6, 6) in Cl( 8, 8) CPU =        0.473 ms (setup)       14.708 (comm)        4.549 (pade)       17.709 (series)        6.551 (mix)        0.132 (add) 
Cl( 7, 6) in Cl( 8, 8) CPU =        0.968 ms (setup)       47.924 (comm)       15.835 (pade)       61.212 (series)       19.299 (mix)        0.303 (add) 
Cl( 7, 7) in Cl( 8, 8) CPU =        1.975 ms (setup)       97.038 (comm)       22.672 (pade)       88.146 (series)       57.140 (mix)        0.615 (add) 
Cl( 8, 7) in Cl( 8, 8) CPU =        3.990 ms (setup)      313.128 (comm)       81.626 (pade)      309.747 (series)      169.179 (mix)        1.317 (add) 
Cl( 8, 8) in Cl( 8, 8) CPU =        7.978 ms (setup)      700.104 (comm)      117.070 (pade)      449.661 (series)      497.935 (mix)        2.803 (add) 
Fill: 1
Cl( 1, 0) in Cl( 1, 0) CPU =        0.001 ms (setup)        0.002 (comm)        0.002 (pade)        0.002 (series)        0.001 (mix)        0.001 (add) 
Cl( 1, 1) in Cl( 1, 1) CPU =        0.001 ms (setup)        0.003 (comm)        0.002 (pade)        0.003 (series)        0.001 (mix)        0.001 (add) 
Cl( 2, 1) in Cl( 2, 1) CPU =        0.001 ms (setup)        0.004 (comm)        0.005 (pade)        0.004 (series)        0.001 (mix)        0.001 (add) 
Cl( 2, 2) in Cl( 2, 2) CPU =        0.001 ms (setup)        0.007 (comm)        0.007 (pade)        0.009 (series)        0.003 (mix)        0.001 (add) 
Cl( 3, 2) in Cl( 3, 2) CPU =        0.004 ms (setup)        0.020 (comm)        0.028 (pade)        0.024 (series)        0.005 (mix)        0.002 (add) 
Cl( 3, 3) in Cl( 3, 3) CPU =        0.009 ms (setup)        0.057 (comm)        0.039 (pade)        0.072 (series)        0.015 (mix)        0.003 (add) 
Cl( 4, 3) in Cl( 4, 3) CPU =        0.017 ms (setup)        0.174 (comm)        0.144 (pade)        0.234 (series)        0.045 (mix)        0.005 (add) 
Cl( 4, 4) in Cl( 4, 4) CPU =        0.038 ms (setup)        0.509 (comm)        0.196 (pade)        0.764 (series)        0.119 (mix)        0.009 (add) 
Cl( 5, 4) in Cl( 5, 4) CPU =        0.085 ms (setup)        1.675 (comm)        0.692 (pade)        2.702 (series)        0.301 (mix)        0.019 (add) 
Cl( 5, 5) in Cl( 5, 5) CPU =        0.180 ms (setup)        2.826 (comm)        1.035 (pade)        4.034 (series)        0.775 (mix)        0.040 (add) 
Cl( 6, 5) in Cl( 6, 5) CPU =        0.365 ms (setup)        9.185 (comm)        3.642 (pade)       14.225 (series)        2.044 (mix)        0.079 (add) 
Cl( 6, 6) in Cl( 6, 6) CPU =        0.744 ms (setup)       16.308 (comm)        5.468 (pade)       21.531 (series)        5.517 (mix)        0.167 (add) 
Cl( 7, 6) in Cl( 7, 6) CPU =        1.534 ms (setup)       51.051 (comm)       18.236 (pade)       71.115 (series)       15.515 (mix)        0.340 (add) 
Cl( 7, 7) in Cl( 7, 7) CPU =        3.087 ms (setup)       98.756 (comm)       27.689 (pade)      108.944 (series)       44.293 (mix)        0.675 (add) 
Cl( 8, 7) in Cl( 8, 7) CPU =        6.303 ms (setup)      312.565 (comm)       95.972 (pade)      366.379 (series)      129.444 (mix)        1.450 (add) 
Cl( 8, 8) in Cl( 8, 8) CPU =       12.741 ms (setup)      670.360 (comm)      147.015 (pade)      571.443 (series)      384.762 (mix)        3.183 (add) 
Cl( 1, 0) in Cl( 8, 8) CPU =        0.001 ms (setup)        0.002 (comm)        0.002 (pade)        0.002 (series)        0.001 (mix)        0.001 (add) 
Cl( 1, 1) in Cl( 8, 8) CPU =        0.001 ms (setup)        0.003 (comm)        0.002 (pade)        0.003 (series)        0.001 (mix)        0.001 (add) 
Cl( 2, 1) in Cl( 8, 8) CPU =        0.001 ms (setup)        0.004 (comm)        0.005 (pade)        0.004 (series)        0.002 (mix)        0.001 (add) 
Cl( 2, 2) in Cl( 8, 8) CPU =        0.002 ms (setup)        0.007 (comm)        0.007 (pade)        0.009 (series)        0.003 (mix)        0.001 (add) 
Cl( 3, 2) in Cl( 8, 8) CPU =        0.004 ms (setup)        0.019 (comm)        0.028 (pade)        0.024 (series)        0.005 (mix)        0.002 (add) 
Cl( 3, 3) in Cl( 8, 8) CPU =        0.009 ms (setup)        0.056 (comm)        0.038 (pade)        0.072 (series)        0.015 (mix)        0.003 (add) 
Cl( 4, 3) in Cl( 8, 8) CPU =        0.018 ms (setup)        0.172 (comm)        0.144 (pade)        0.232 (series)        0.044 (mix)        0.005 (add) 
Cl( 4, 4) in Cl( 8, 8) CPU =        0.037 ms (setup)        0.508 (comm)        0.196 (pade)        0.765 (series)        0.118 (mix)        0.009 (add) 
Cl( 5, 4) in Cl( 8, 8) CPU =        0.084 ms (setup)        1.675 (comm)        0.691 (pade)        2.709 (series)        0.300 (mix)        0.020 (add) 
Cl( 5, 5) in Cl( 8, 8) CPU =        0.180 ms (setup)        2.830 (comm)        1.035 (pade)        4.037 (series)        0.767 (mix)        0.040 (add) 
Cl( 6, 5) in Cl( 8, 8) CPU =        0.367 ms (setup)        9.180 (comm)        3.646 (pade)       14.253 (series)        2.040 (mix)        0.078 (add) 
Cl( 6, 6) in Cl( 8, 8) CPU =        0.740 ms (setup)       16.282 (comm)        5.473 (pade)       21.550 (series)        5.513 (mix)        0.167 (add) 
Cl( 7, 6) in Cl( 8, 8) CPU =        1.534 ms (setup)       51.041 (comm)       18.233 (pade)       71.084 (series)       15.518 (mix)        0.341 (add) 
Cl( 7, 7) in Cl( 8, 8) CPU =        3.097 ms (setup)       98.807 (comm)       27.665 (pade)      108.912 (series)       44.282 (mix)        0.675 (add) 
Cl( 8, 7) in Cl( 8, 8) CPU =        6.296 ms (setup)      312.656 (comm)       95.656 (pade)      366.546 (series)      129.433 (mix)        1.449 (add) 
Cl( 8, 8) in Cl( 8, 8) CPU =       12.737 ms (setup)      670.268 (comm)      146.959 (pade)      571.685 (series)      384.858 (mix)        3.203 (add) 

matrix_multi<double>
Clifford algebra expressions test:
Fill: 0.5
Cl( 1, 0) in Cl( 1, 0) CPU =        0.002 ms (setup)        0.003 (comm)        0.001 (pade)        0.001 (series)        0.002 (mix)        0.000 (add) 
Cl( 1, 1) in Cl( 1, 1) CPU =        0.005 ms (setup)        0.002 (comm)        0.001 (pade)        0.001 (series)        0.002 (mix)        0.000 (add) 
Cl( 2, 1) in Cl( 2, 1) CPU =        0.002 ms (setup)        0.019 (comm)        0.001 (pade)        0.001 (series)        0.018 (mix)        0.001 (add) 
Cl( 2, 2) in Cl( 2, 2) CPU =        0.003 ms (setup)        0.031 (comm)        0.001 (pade)        0.001 (series)        0.030 (mix)        0.000 (add) 
Cl( 3, 2) in Cl( 3, 2) CPU =        0.015 ms (setup)        0.104 (comm)        0.002 (pade)        0.002 (series)        0.100 (mix)        0.001 (add) 
Cl( 3, 3) in Cl( 3, 3) CPU =        0.022 ms (setup)        0.181 (comm)        0.002 (pade)        0.001 (series)        0.175 (mix)        0.000 (add) 
Cl( 4, 3) in Cl( 4, 3) CPU =        0.055 ms (setup)        0.839 (comm)        0.005 (pade)        0.004 (series)        0.821 (mix)        0.001 (add) 
Cl( 4, 4) in Cl( 4, 4) CPU =        0.105 ms (setup)        1.304 (comm)        0.005 (pade)        0.004 (series)        1.284 (mix)        0.001 (add) 
Cl( 5, 4) in Cl( 5, 4) CPU =        0.253 ms (setup)        5.318 (comm)        0.020 (pade)        0.015 (series)        5.317 (mix)        0.003 (add) 
Cl( 5, 5) in Cl( 5, 5) CPU =        0.494 ms (setup)        8.021 (comm)        0.019 (pade)        0.015 (series)        8.004 (mix)        0.002 (add) 
Cl( 6, 5) in Cl( 6, 5) CPU =        1.153 ms (setup)       30.753 (comm)        0.093 (pade)        0.075 (series)       30.677 (mix)        0.007 (add) 
Cl( 6, 6) in Cl( 6, 6) CPU =        2.324 ms (setup)       44.322 (comm)        0.093 (pade)        0.075 (series)       44.284 (mix)        0.007 (add) 
Cl( 7, 6) in Cl( 7, 6) CPU =        5.491 ms (setup)      177.996 (comm)        0.553 (pade)        0.478 (series)      177.701 (mix)        0.029 (add) 
Cl( 7, 7) in Cl( 7, 7) CPU =       10.925 ms (setup)      244.015 (comm)        0.553 (pade)        0.478 (series)      243.912 (mix)        0.029 (add) 
Cl( 8, 7) in Cl( 8, 7) CPU =       25.636 ms (setup)     1099.868 (comm)        4.465 (pade)        3.292 (series)     1099.142 (mix)        0.116 (add) 
Cl( 8, 8) in Cl( 8, 8) CPU =       51.897 ms (setup)     1429.991 (comm)        4.478 (pade)        3.287 (series)     1428.361 (mix)        0.114 (add) 
Cl( 1, 0) in Cl( 8, 8) CPU =        0.010 ms (setup)        5.867 (comm)        4.207 (pade)        3.291 (series)        4.097 (mix)        0.114 (add) 
Cl( 1, 1) in Cl( 8, 8) CPU =        0.019 ms (setup)        9.957 (comm)        4.333 (pade)        3.295 (series)        8.204 (mix)        0.114 (add) 
Cl( 2, 1) in Cl( 8, 8) CPU =        0.041 ms (setup)       21.238 (comm)        4.380 (pade)        3.293 (series)       19.448 (mix)        0.113 (add) 
Cl( 2, 2) in Cl( 8, 8) CPU =        0.083 ms (setup)       38.726 (comm)        4.396 (pade)        3.292 (series)       36.921 (mix)        0.114 (add) 
Cl( 3, 2) in Cl( 8, 8) CPU =        0.493 ms (setup)       54.493 (comm)        4.514 (pade)        3.291 (series)       52.696 (mix)        0.115 (add) 
Cl( 3, 3) in Cl( 8, 8) CPU =        0.836 ms (setup)       74.544 (comm)        4.452 (pade)        3.293 (series)       72.758 (mix)        0.116 (add) 
Cl( 4, 3) in Cl( 8, 8) CPU =        0.960 ms (setup)       93.507 (comm)        4.444 (pade)        3.292 (series)       91.737 (mix)        0.115 (add) 
Cl( 4, 4) in Cl( 8, 8) CPU =        1.141 ms (setup)      130.061 (comm)        4.484 (pade)        3.297 (series)      128.356 (mix)        0.115 (add) 
Cl( 5, 4) in Cl( 8, 8) CPU =        1.677 ms (setup)      189.955 (comm)        4.463 (pade)        3.293 (series)      188.144 (mix)        0.117 (add) 
Cl( 5, 5) in Cl( 8, 8) CPU =        2.574 ms (setup)      222.958 (comm)        4.461 (pade)        3.295 (series)      221.325 (mix)        0.115 (add) 
Cl( 6, 5) in Cl( 8, 8) CPU =        5.304 ms (setup)      332.235 (comm)        4.491 (pade)        3.295 (series)      330.180 (mix)        0.115 (add) 
Cl( 6, 6) in Cl( 8, 8) CPU =        9.509 ms (setup)      367.218 (comm)        4.465 (pade)        3.294 (series)      365.290 (mix)        0.115 (add) 
Cl( 7, 6) in Cl( 8, 8) CPU =       22.044 ms (setup)      556.841 (comm)        4.473 (pade)        3.296 (series)      554.745 (mix)        0.115 (add) 
Cl( 7, 7) in Cl( 8, 8) CPU =       41.524 ms (setup)      677.116 (comm)        4.490 (pade)        3.293 (series)      675.762 (mix)        0.116 (add) 
Cl( 8, 7) in Cl( 8, 8) CPU =       99.785 ms (setup)     1138.495 (comm)        4.479 (pade)        3.290 (series)     1137.828 (mix)        0.114 (add) 
Cl( 8, 8) in Cl( 8, 8) CPU =       51.895 ms (setup)     1418.995 (comm)        4.461 (pade)        3.287 (series)     1417.034 (mix)        0.114 (add) 
Fill: 1
Cl( 1, 0) in Cl( 1, 0) CPU =        0.001 ms (setup)        0.005 (comm)        0.001 (pade)        0.001 (series)        0.004 (mix)        0.001 (add) 
Cl( 1, 1) in Cl( 1, 1) CPU =        0.001 ms (setup)        0.007 (comm)        0.001 (pade)        0.001 (series)        0.007 (mix)        0.000 (add) 
Cl( 2, 1) in Cl( 2, 1) CPU =        0.002 ms (setup)        0.025 (comm)        0.001 (pade)        0.001 (series)        0.024 (mix)        0.001 (add) 
Cl( 2, 2) in Cl( 2, 2) CPU =        0.005 ms (setup)        0.040 (comm)        0.001 (pade)        0.001 (series)        0.039 (mix)        0.001 (add) 
Cl( 3, 2) in Cl( 3, 2) CPU =        0.013 ms (setup)        0.147 (comm)        0.002 (pade)        0.001 (series)        0.144 (mix)        0.001 (add) 
Cl( 3, 3) in Cl( 3, 3) CPU =        0.026 ms (setup)        0.230 (comm)        0.002 (pade)        0.001 (series)        0.227 (mix)        0.001 (add) 
Cl( 4, 3) in Cl( 4, 3) CPU =        0.071 ms (setup)        1.000 (comm)        0.005 (pade)        0.005 (series)        0.987 (mix)        0.001 (add) 
Cl( 4, 4) in Cl( 4, 4) CPU =        0.143 ms (setup)        1.516 (comm)        0.005 (pade)        0.005 (series)        1.496 (mix)        0.001 (add) 
Cl( 5, 4) in Cl( 5, 4) CPU =        0.360 ms (setup)        5.851 (comm)        0.020 (pade)        0.015 (series)        5.830 (mix)        0.002 (add) 
Cl( 5, 5) in Cl( 5, 5) CPU =        0.732 ms (setup)        8.731 (comm)        0.020 (pade)        0.015 (series)        8.714 (mix)        0.003 (add) 
Cl( 6, 5) in Cl( 6, 5) CPU =        1.828 ms (setup)       33.423 (comm)        0.095 (pade)        0.075 (series)       33.331 (mix)        0.007 (add) 
Cl( 6, 6) in Cl( 6, 6) CPU =        3.639 ms (setup)       47.587 (comm)        0.092 (pade)        0.075 (series)       47.565 (mix)        0.007 (add) 
Cl( 7, 6) in Cl( 7, 6) CPU =        8.921 ms (setup)      190.623 (comm)        0.557 (pade)        0.480 (series)      190.330 (mix)        0.029 (add) 
Cl( 7, 7) in Cl( 7, 7) CPU =       18.015 ms (setup)      262.772 (comm)        0.555 (pade)        0.480 (series)      262.494 (mix)        0.029 (add) 
Cl( 8, 7) in Cl( 8, 7) CPU =       44.451 ms (setup)     1169.699 (comm)        4.514 (pade)        3.290 (series)     1169.245 (mix)        0.115 (add) 
Cl( 8, 8) in Cl( 8, 8) CPU =       90.847 ms (setup)     1552.355 (comm)        4.471 (pade)        3.288 (series)     1553.818 (mix)        0.116 (add) 
Cl( 1, 0) in Cl( 8, 8) CPU =        0.015 ms (setup)       12.196 (comm)        4.316 (pade)        3.293 (series)       10.497 (mix)        0.115 (add) 
Cl( 1, 1) in Cl( 8, 8) CPU =        0.029 ms (setup)       19.547 (comm)        4.319 (pade)        3.293 (series)       17.775 (mix)        0.115 (add) 
Cl( 2, 1) in Cl( 8, 8) CPU =        0.066 ms (setup)       29.788 (comm)        4.461 (pade)        3.297 (series)       27.989 (mix)        0.115 (add) 
Cl( 2, 2) in Cl( 8, 8) CPU =        0.784 ms (setup)       43.151 (comm)        4.434 (pade)        3.292 (series)       41.361 (mix)        0.114 (add) 
Cl( 3, 2) in Cl( 8, 8) CPU =        0.806 ms (setup)       59.848 (comm)        4.428 (pade)        3.288 (series)       58.077 (mix)        0.115 (add) 
Cl( 3, 3) in Cl( 8, 8) CPU =        0.856 ms (setup)       81.406 (comm)        4.487 (pade)        3.291 (series)       79.609 (mix)        0.116 (add) 
Cl( 4, 3) in Cl( 8, 8) CPU =        1.034 ms (setup)      125.548 (comm)        4.486 (pade)        3.292 (series)      123.812 (mix)        0.116 (add) 
Cl( 4, 4) in Cl( 8, 8) CPU =        1.263 ms (setup)      157.351 (comm)        4.497 (pade)        3.294 (series)      155.761 (mix)        0.117 (add) 
Cl( 5, 4) in Cl( 8, 8) CPU =        2.027 ms (setup)      217.790 (comm)        4.484 (pade)        3.293 (series)      216.350 (mix)        0.116 (add) 
Cl( 5, 5) in Cl( 8, 8) CPU =        3.264 ms (setup)      254.808 (comm)        4.497 (pade)        3.292 (series)      253.260 (mix)        0.116 (add) 
Cl( 6, 5) in Cl( 8, 8) CPU =        7.006 ms (setup)      358.567 (comm)        4.512 (pade)        3.296 (series)      357.091 (mix)        0.116 (add) 
Cl( 6, 6) in Cl( 8, 8) CPU =       12.877 ms (setup)      407.000 (comm)        4.480 (pade)        3.296 (series)      405.627 (mix)        0.117 (add) 
Cl( 7, 6) in Cl( 8, 8) CPU =       30.306 ms (setup)      616.141 (comm)        4.493 (pade)        3.295 (series)      614.628 (mix)        0.117 (add) 
Cl( 7, 7) in Cl( 8, 8) CPU =       58.249 ms (setup)      726.169 (comm)        4.456 (pade)        3.293 (series)      724.491 (mix)        0.116 (add) 
Cl( 8, 7) in Cl( 8, 8) CPU =      142.733 ms (setup)     1208.857 (comm)        4.495 (pade)        3.291 (series)     1206.051 (mix)        0.116 (add) 
Cl( 8, 8) in Cl( 8, 8) CPU =       90.803 ms (setup)     1552.024 (comm)        4.498 (pade)        3.288 (series)     1551.451 (mix)        0.114 (add) 
