
framed_multi<double>
Clifford algebra squaring test:
Fill: 0.5
Cl( 1, 0) in Cl( 1, 0) CPU =        0.041 ms (setup)        0.006 (*) 
Cl( 1, 1) in Cl( 1, 1) CPU =        0.001 ms (setup)        0.002 (*) 
Cl( 2, 1) in Cl( 2, 1) CPU =        0.001 ms (setup)        0.004 (*) 
Cl( 2, 2) in Cl( 2, 2) CPU =        0.002 ms (setup)        0.005 (*) 
Cl( 3, 2) in Cl( 3, 2) CPU =        0.003 ms (setup)        0.010 (*) 
Cl( 3, 3) in Cl( 3, 3) CPU =        0.006 ms (setup)        0.025 (*) 
Cl( 4, 3) in Cl( 4, 3) CPU =        0.012 ms (setup)        0.072 (*) 
Cl( 4, 4) in Cl( 4, 4) CPU =        0.023 ms (setup)        0.397 (*) 
Cl( 5, 4) in Cl( 5, 4) CPU =        0.052 ms (setup)        1.203 (*) 
Cl( 5, 5) in Cl( 5, 5) CPU =        0.101 ms (setup)        1.580 (*) 
Cl( 6, 5) in Cl( 6, 5) CPU =        0.203 ms (setup)        5.710 (*) 
Cl( 6, 6) in Cl( 6, 6) CPU =        0.405 ms (setup)        7.647 (*) 
Cl( 7, 6) in Cl( 7, 6) CPU =        0.826 ms (setup)       16.491 (*) 
Cl( 7, 7) in Cl( 7, 7) CPU =        0.957 ms (setup)       19.985 (*) 
Cl( 8, 7) in Cl( 8, 7) CPU =        1.940 ms (setup)       72.760 (*) 
Cl( 8, 8) in Cl( 8, 8) CPU =        3.921 ms (setup)      101.100 (*) 
Cl( 9, 8) in Cl( 9, 8) CPU =        8.157 ms (setup)      375.532 (*) 
Cl( 9, 9) in Cl( 9, 9) CPU =       16.641 ms (setup)      532.418 (*) 
Cl(10, 9) in Cl(10, 9) CPU =       34.405 ms (setup)     2073.750 (*) 
Cl(10,10) in Cl(10,10) CPU =       72.072 ms (setup)     3037.395 (*) 
Cl(11,10) in Cl(11,10) CPU =      150.476 ms (setup)    12493.096 (*) 
Cl(11,11) in Cl(11,11) CPU =      295.551 ms (setup)    18803.325 (*) 
Fill: 1
Cl( 1, 0) in Cl( 1, 0) CPU =        0.002 ms (setup)        0.003 (*) 
Cl( 1, 1) in Cl( 1, 1) CPU =        0.001 ms (setup)        0.002 (*) 
Cl( 2, 1) in Cl( 2, 1) CPU =        0.001 ms (setup)        0.003 (*) 
Cl( 2, 2) in Cl( 2, 2) CPU =        0.001 ms (setup)        0.004 (*) 
Cl( 3, 2) in Cl( 3, 2) CPU =        0.003 ms (setup)        0.009 (*) 
Cl( 3, 3) in Cl( 3, 3) CPU =        0.006 ms (setup)        0.024 (*) 
Cl( 4, 3) in Cl( 4, 3) CPU =        0.010 ms (setup)        0.070 (*) 
Cl( 4, 4) in Cl( 4, 4) CPU =        0.022 ms (setup)        0.240 (*) 
Cl( 5, 4) in Cl( 5, 4) CPU =        0.043 ms (setup)        0.742 (*) 
Cl( 5, 5) in Cl( 5, 5) CPU =        0.090 ms (setup)        1.075 (*) 
Cl( 6, 5) in Cl( 6, 5) CPU =        0.184 ms (setup)        3.603 (*) 
Cl( 6, 6) in Cl( 6, 6) CPU =        0.364 ms (setup)        5.400 (*) 
Cl( 7, 6) in Cl( 7, 6) CPU =        0.759 ms (setup)       17.813 (*) 
Cl( 7, 7) in Cl( 7, 7) CPU =        1.521 ms (setup)       27.214 (*) 
Cl( 8, 7) in Cl( 8, 7) CPU =        3.114 ms (setup)       91.981 (*) 
Cl( 8, 8) in Cl( 8, 8) CPU =        6.187 ms (setup)      143.029 (*) 
Cl( 9, 8) in Cl( 9, 8) CPU =       13.143 ms (setup)      491.735 (*) 
Cl( 9, 9) in Cl( 9, 9) CPU =       27.330 ms (setup)      797.108 (*) 
Cl(10, 9) in Cl(10, 9) CPU =       59.292 ms (setup)     2838.081 (*) 
Cl(10,10) in Cl(10,10) CPU =      130.250 ms (setup)     4785.921 (*) 
Cl(11,10) in Cl(11,10) CPU =      259.282 ms (setup)    17848.043 (*) 
Cl(11,11) in Cl(11,11) CPU =      509.114 ms (setup)    31102.568 (*) 

matrix_multi<double>
Clifford algebra squaring test:
Fill: 0.5
Cl( 1, 0) in Cl( 1, 0) CPU =        0.017 ms (setup)        0.002 (*) 
Cl( 1, 1) in Cl( 1, 1) CPU =        0.003 ms (setup)        0.001 (*) 
Cl( 2, 1) in Cl( 2, 1) CPU =        0.008 ms (setup)        0.001 (*) 
Cl( 2, 2) in Cl( 2, 2) CPU =        0.008 ms (setup)        0.001 (*) 
Cl( 3, 2) in Cl( 3, 2) CPU =        0.018 ms (setup)        0.002 (*) 
Cl( 3, 3) in Cl( 3, 3) CPU =        0.018 ms (setup)        0.000 (*) 
Cl( 4, 3) in Cl( 4, 3) CPU =        0.030 ms (setup)        0.001 (*) 
Cl( 4, 4) in Cl( 4, 4) CPU =        0.054 ms (setup)        0.002 (*) 
Cl( 5, 4) in Cl( 5, 4) CPU =        0.133 ms (setup)        0.004 (*) 
Cl( 5, 5) in Cl( 5, 5) CPU =        0.242 ms (setup)        0.003 (*) 
Cl( 6, 5) in Cl( 6, 5) CPU =        0.592 ms (setup)        0.017 (*) 
Cl( 6, 6) in Cl( 6, 6) CPU =        1.177 ms (setup)        0.016 (*) 
Cl( 7, 6) in Cl( 7, 6) CPU =        2.760 ms (setup)        0.108 (*) 
Cl( 7, 7) in Cl( 7, 7) CPU =        5.433 ms (setup)        0.108 (*) 
Cl( 8, 7) in Cl( 8, 7) CPU =       12.950 ms (setup)        0.771 (*) 
Cl( 8, 8) in Cl( 8, 8) CPU =       25.999 ms (setup)        0.770 (*) 
Cl( 9, 8) in Cl( 9, 8) CPU =       63.740 ms (setup)        5.824 (*) 
Cl( 9, 9) in Cl( 9, 9) CPU =      126.922 ms (setup)        5.829 (*) 
Cl(10, 9) in Cl(10, 9) CPU =      329.659 ms (setup)       45.559 (*) 
Cl(10,10) in Cl(10,10) CPU =      673.869 ms (setup)       45.733 (*) 
Cl(11,10) in Cl(11,10) CPU =     1855.325 ms (setup)      397.639 (*) 
Cl(11,11) in Cl(11,11) CPU =     3838.698 ms (setup)      389.918 (*) 
Fill: 1
Cl( 1, 0) in Cl( 1, 0) CPU =        0.008 ms (setup)        0.001 (*) 
Cl( 1, 1) in Cl( 1, 1) CPU =        0.005 ms (setup)        0.000 (*) 
Cl( 2, 1) in Cl( 2, 1) CPU =        0.007 ms (setup)        0.001 (*) 
Cl( 2, 2) in Cl( 2, 2) CPU =        0.006 ms (setup)        0.001 (*) 
Cl( 3, 2) in Cl( 3, 2) CPU =        0.010 ms (setup)        0.001 (*) 
Cl( 3, 3) in Cl( 3, 3) CPU =        0.016 ms (setup)        0.001 (*) 
Cl( 4, 3) in Cl( 4, 3) CPU =        0.041 ms (setup)        0.002 (*) 
Cl( 4, 4) in Cl( 4, 4) CPU =        2.380 ms (setup)        0.002 (*) 
Cl( 5, 4) in Cl( 5, 4) CPU =        0.196 ms (setup)        0.004 (*) 
Cl( 5, 5) in Cl( 5, 5) CPU =        0.386 ms (setup)        0.003 (*) 
Cl( 6, 5) in Cl( 6, 5) CPU =        0.926 ms (setup)        0.017 (*) 
Cl( 6, 6) in Cl( 6, 6) CPU =        1.856 ms (setup)        0.016 (*) 
Cl( 7, 6) in Cl( 7, 6) CPU =        4.493 ms (setup)        0.109 (*) 
Cl( 7, 7) in Cl( 7, 7) CPU =        8.995 ms (setup)        0.108 (*) 
Cl( 8, 7) in Cl( 8, 7) CPU =       22.326 ms (setup)        0.774 (*) 
Cl( 8, 8) in Cl( 8, 8) CPU =       45.313 ms (setup)        0.776 (*) 
Cl( 9, 8) in Cl( 9, 8) CPU =      117.541 ms (setup)        5.837 (*) 
Cl( 9, 9) in Cl( 9, 9) CPU =      240.846 ms (setup)        5.837 (*) 
Cl(10, 9) in Cl(10, 9) CPU =      665.698 ms (setup)       45.732 (*) 
Cl(10,10) in Cl(10,10) CPU =     1388.571 ms (setup)       45.804 (*) 
Cl(11,10) in Cl(11,10) CPU =     4121.233 ms (setup)      400.588 (*) 
Cl(11,11) in Cl(11,11) CPU =     8634.802 ms (setup)      399.701 (*) 
