expressions/expressions
	linux-vdso.so.1 (0x000078e3a8ec3000)
	libarmadillo.so.15 => /lib/libarmadillo.so.15 (0x000078e3a8d8f000)
	libflexiblas.so.3 => /usr/lib/x86_64-linux-gnu/libflexiblas.so.3 (0x000078e3a8600000)
	libstdc++.so.6 => /usr/lib/x86_64-linux-gnu/libstdc++.so.6 (0x000078e3a8200000)
	libm.so.6 => /usr/lib/x86_64-linux-gnu/libm.so.6 (0x000078e3a84da000)
	libomp.so.5 => /usr/lib/x86_64-linux-gnu/libomp.so.5 (0x000078e3a80c9000)
	libgcc_s.so.1 => /usr/lib/x86_64-linux-gnu/libgcc_s.so.1 (0x000078e3a8d5f000)
	libc.so.6 => /usr/lib/x86_64-linux-gnu/libc.so.6 (0x000078e3a7e00000)
	libarpack.so.2 => /usr/lib/x86_64-linux-gnu/libarpack.so.2 (0x000078e3a807e000)
	libsuperlu.so.7 => /usr/lib/x86_64-linux-gnu/libsuperlu.so.7 (0x000078e3a7d8b000)
	/lib64/ld-linux-x86-64.so.2 (0x000078e3a8ec5000)
	libgfortran.so.5 => /usr/lib/x86_64-linux-gnu/libgfortran.so.5 (0x000078e3a7a00000)
gfft_test/gfft_test
	linux-vdso.so.1 (0x0000797a89fe1000)
	libarmadillo.so.15 => /lib/libarmadillo.so.15 (0x0000797a89f25000)
	libflexiblas.so.3 => /usr/lib/x86_64-linux-gnu/libflexiblas.so.3 (0x0000797a89800000)
	libstdc++.so.6 => /usr/lib/x86_64-linux-gnu/libstdc++.so.6 (0x0000797a89400000)
	libm.so.6 => /usr/lib/x86_64-linux-gnu/libm.so.6 (0x0000797a896da000)
	libomp.so.5 => /usr/lib/x86_64-linux-gnu/libomp.so.5 (0x0000797a892c9000)
	libgcc_s.so.1 => /usr/lib/x86_64-linux-gnu/libgcc_s.so.1 (0x0000797a896ac000)
	libc.so.6 => /usr/lib/x86_64-linux-gnu/libc.so.6 (0x0000797a89000000)
	libarpack.so.2 => /usr/lib/x86_64-linux-gnu/libarpack.so.2 (0x0000797a8927e000)
	libsuperlu.so.7 => /usr/lib/x86_64-linux-gnu/libsuperlu.so.7 (0x0000797a88f8b000)
	/lib64/ld-linux-x86-64.so.2 (0x0000797a89fe3000)
	libgfortran.so.5 => /usr/lib/x86_64-linux-gnu/libgfortran.so.5 (0x0000797a88c00000)
products/products
	linux-vdso.so.1 (0x0000770cdb59c000)
	libarmadillo.so.15 => /lib/libarmadillo.so.15 (0x0000770cdb47f000)
	libflexiblas.so.3 => /usr/lib/x86_64-linux-gnu/libflexiblas.so.3 (0x0000770cdac00000)
	libstdc++.so.6 => /usr/lib/x86_64-linux-gnu/libstdc++.so.6 (0x0000770cda800000)
	libm.so.6 => /usr/lib/x86_64-linux-gnu/libm.so.6 (0x0000770cdb359000)
	libomp.so.5 => /usr/lib/x86_64-linux-gnu/libomp.so.5 (0x0000770cdaac9000)
	libgcc_s.so.1 => /usr/lib/x86_64-linux-gnu/libgcc_s.so.1 (0x0000770cdb329000)
	libc.so.6 => /usr/lib/x86_64-linux-gnu/libc.so.6 (0x0000770cda400000)
	libarpack.so.2 => /usr/lib/x86_64-linux-gnu/libarpack.so.2 (0x0000770cda7b5000)
	libsuperlu.so.7 => /usr/lib/x86_64-linux-gnu/libsuperlu.so.7 (0x0000770cda740000)
	/lib64/ld-linux-x86-64.so.2 (0x0000770cdb59e000)
	libgfortran.so.5 => /usr/lib/x86_64-linux-gnu/libgfortran.so.5 (0x0000770cda000000)
squaring/squaring
	linux-vdso.so.1 (0x000077ff2739e000)
	libarmadillo.so.15 => /lib/libarmadillo.so.15 (0x000077ff272df000)
	libflexiblas.so.3 => /usr/lib/x86_64-linux-gnu/libflexiblas.so.3 (0x000077ff26a00000)
	libstdc++.so.6 => /usr/lib/x86_64-linux-gnu/libstdc++.so.6 (0x000077ff26600000)
	libm.so.6 => /usr/lib/x86_64-linux-gnu/libm.so.6 (0x000077ff271b9000)
	libomp.so.5 => /usr/lib/x86_64-linux-gnu/libomp.so.5 (0x000077ff268c9000)
	libgcc_s.so.1 => /usr/lib/x86_64-linux-gnu/libgcc_s.so.1 (0x000077ff27189000)
	libc.so.6 => /usr/lib/x86_64-linux-gnu/libc.so.6 (0x000077ff26200000)
	libarpack.so.2 => /usr/lib/x86_64-linux-gnu/libarpack.so.2 (0x000077ff2713e000)
	libsuperlu.so.7 => /usr/lib/x86_64-linux-gnu/libsuperlu.so.7 (0x000077ff2658b000)
	/lib64/ld-linux-x86-64.so.2 (0x000077ff273a0000)
	libgfortran.so.5 => /usr/lib/x86_64-linux-gnu/libgfortran.so.5 (0x000077ff25e00000)
transforms/transforms
	linux-vdso.so.1 (0x000078ab3382f000)
	libarmadillo.so.15 => /lib/libarmadillo.so.15 (0x000078ab33771000)
	libflexiblas.so.3 => /usr/lib/x86_64-linux-gnu/libflexiblas.so.3 (0x000078ab33000000)
	libstdc++.so.6 => /usr/lib/x86_64-linux-gnu/libstdc++.so.6 (0x000078ab32c00000)
	libm.so.6 => /usr/lib/x86_64-linux-gnu/libm.so.6 (0x000078ab32eda000)
	libomp.so.5 => /usr/lib/x86_64-linux-gnu/libomp.so.5 (0x000078ab32ac9000)
	libgcc_s.so.1 => /usr/lib/x86_64-linux-gnu/libgcc_s.so.1 (0x000078ab33741000)
	libc.so.6 => /usr/lib/x86_64-linux-gnu/libc.so.6 (0x000078ab32800000)
	libarpack.so.2 => /usr/lib/x86_64-linux-gnu/libarpack.so.2 (0x000078ab32a7e000)
	libsuperlu.so.7 => /usr/lib/x86_64-linux-gnu/libsuperlu.so.7 (0x000078ab3278b000)
	/lib64/ld-linux-x86-64.so.2 (0x000078ab33831000)
	libgfortran.so.5 => /usr/lib/x86_64-linux-gnu/libgfortran.so.5 (0x000078ab32400000)
versor/versor
	linux-vdso.so.1 (0x00007e6216d26000)
	libarmadillo.so.15 => /lib/libarmadillo.so.15 (0x00007e6216c65000)
	libflexiblas.so.3 => /usr/lib/x86_64-linux-gnu/libflexiblas.so.3 (0x00007e6216400000)
	libstdc++.so.6 => /usr/lib/x86_64-linux-gnu/libstdc++.so.6 (0x00007e6216000000)
	libm.so.6 => /usr/lib/x86_64-linux-gnu/libm.so.6 (0x00007e6216b3f000)
	libomp.so.5 => /usr/lib/x86_64-linux-gnu/libomp.so.5 (0x00007e62162c9000)
	libgcc_s.so.1 => /usr/lib/x86_64-linux-gnu/libgcc_s.so.1 (0x00007e6215fd2000)
	libc.so.6 => /usr/lib/x86_64-linux-gnu/libc.so.6 (0x00007e6215c00000)
	libarpack.so.2 => /usr/lib/x86_64-linux-gnu/libarpack.so.2 (0x00007e6215f87000)
	libsuperlu.so.7 => /usr/lib/x86_64-linux-gnu/libsuperlu.so.7 (0x00007e6215f12000)
	/lib64/ld-linux-x86-64.so.2 (0x00007e6216d28000)
	libgfortran.so.5 => /usr/lib/x86_64-linux-gnu/libgfortran.so.5 (0x00007e6215800000)
