expressions/expressions
	linux-vdso.so.1 (0x00007d171580d000)
	libarmadillo.so.14 => /lib/libarmadillo.so.14 (0x00007d17157bc000)
	libflexiblas.so.3 => /lib/x86_64-linux-gnu/libflexiblas.so.3 (0x00007d1715000000)
	libstdc++.so.6 => /lib/x86_64-linux-gnu/libstdc++.so.6 (0x00007d1714c00000)
	libm.so.6 => /lib/x86_64-linux-gnu/libm.so.6 (0x00007d1714f09000)
	libgcc_s.so.1 => /lib/x86_64-linux-gnu/libgcc_s.so.1 (0x00007d171578d000)
	libc.so.6 => /lib/x86_64-linux-gnu/libc.so.6 (0x00007d1714800000)
	libarpack.so.2 => /lib/x86_64-linux-gnu/libarpack.so.2 (0x00007d171573b000)
	/lib64/ld-linux-x86-64.so.2 (0x00007d171580f000)
	libgfortran.so.5 => /lib/x86_64-linux-gnu/libgfortran.so.5 (0x00007d1714400000)
gfft_test/gfft_test
	linux-vdso.so.1 (0x0000709d88ac6000)
	libarmadillo.so.14 => /lib/libarmadillo.so.14 (0x0000709d88a75000)
	libflexiblas.so.3 => /lib/x86_64-linux-gnu/libflexiblas.so.3 (0x0000709d88200000)
	libstdc++.so.6 => /lib/x86_64-linux-gnu/libstdc++.so.6 (0x0000709d87e00000)
	libm.so.6 => /lib/x86_64-linux-gnu/libm.so.6 (0x0000709d8897e000)
	libgcc_s.so.1 => /lib/x86_64-linux-gnu/libgcc_s.so.1 (0x0000709d8894f000)
	libc.so.6 => /lib/x86_64-linux-gnu/libc.so.6 (0x0000709d87a00000)
	libarpack.so.2 => /lib/x86_64-linux-gnu/libarpack.so.2 (0x0000709d881ae000)
	/lib64/ld-linux-x86-64.so.2 (0x0000709d88ac8000)
	libgfortran.so.5 => /lib/x86_64-linux-gnu/libgfortran.so.5 (0x0000709d87600000)
products/products
	linux-vdso.so.1 (0x000071682ee2f000)
	libarmadillo.so.14 => /lib/libarmadillo.so.14 (0x000071682edde000)
	libflexiblas.so.3 => /lib/x86_64-linux-gnu/libflexiblas.so.3 (0x000071682e600000)
	libstdc++.so.6 => /lib/x86_64-linux-gnu/libstdc++.so.6 (0x000071682e200000)
	libm.so.6 => /lib/x86_64-linux-gnu/libm.so.6 (0x000071682e509000)
	libgcc_s.so.1 => /lib/x86_64-linux-gnu/libgcc_s.so.1 (0x000071682edaf000)
	libc.so.6 => /lib/x86_64-linux-gnu/libc.so.6 (0x000071682de00000)
	libarpack.so.2 => /lib/x86_64-linux-gnu/libarpack.so.2 (0x000071682ed5d000)
	/lib64/ld-linux-x86-64.so.2 (0x000071682ee31000)
	libgfortran.so.5 => /lib/x86_64-linux-gnu/libgfortran.so.5 (0x000071682da00000)
squaring/squaring
	linux-vdso.so.1 (0x000075d2e55e3000)
	libarmadillo.so.14 => /lib/libarmadillo.so.14 (0x000075d2e5592000)
	libflexiblas.so.3 => /lib/x86_64-linux-gnu/libflexiblas.so.3 (0x000075d2e4e00000)
	libstdc++.so.6 => /lib/x86_64-linux-gnu/libstdc++.so.6 (0x000075d2e4a00000)
	libm.so.6 => /lib/x86_64-linux-gnu/libm.so.6 (0x000075d2e4d09000)
	libgcc_s.so.1 => /lib/x86_64-linux-gnu/libgcc_s.so.1 (0x000075d2e5563000)
	libc.so.6 => /lib/x86_64-linux-gnu/libc.so.6 (0x000075d2e4600000)
	libarpack.so.2 => /lib/x86_64-linux-gnu/libarpack.so.2 (0x000075d2e4cb7000)
	/lib64/ld-linux-x86-64.so.2 (0x000075d2e55e5000)
	libgfortran.so.5 => /lib/x86_64-linux-gnu/libgfortran.so.5 (0x000075d2e4200000)
transforms/transforms
	linux-vdso.so.1 (0x0000793270921000)
	libarmadillo.so.14 => /lib/libarmadillo.so.14 (0x00007932708d0000)
	libflexiblas.so.3 => /lib/x86_64-linux-gnu/libflexiblas.so.3 (0x0000793270000000)
	libstdc++.so.6 => /lib/x86_64-linux-gnu/libstdc++.so.6 (0x000079326fc00000)
	libm.so.6 => /lib/x86_64-linux-gnu/libm.so.6 (0x00007932707d9000)
	libgcc_s.so.1 => /lib/x86_64-linux-gnu/libgcc_s.so.1 (0x00007932707aa000)
	libc.so.6 => /lib/x86_64-linux-gnu/libc.so.6 (0x000079326f800000)
	libarpack.so.2 => /lib/x86_64-linux-gnu/libarpack.so.2 (0x0000793270758000)
	/lib64/ld-linux-x86-64.so.2 (0x0000793270923000)
	libgfortran.so.5 => /lib/x86_64-linux-gnu/libgfortran.so.5 (0x000079326f400000)
versor/versor
	linux-vdso.so.1 (0x00007d5342045000)
	libarmadillo.so.14 => /lib/libarmadillo.so.14 (0x00007d5341ff4000)
	libflexiblas.so.3 => /lib/x86_64-linux-gnu/libflexiblas.so.3 (0x00007d5341800000)
	libstdc++.so.6 => /lib/x86_64-linux-gnu/libstdc++.so.6 (0x00007d5341400000)
	libm.so.6 => /lib/x86_64-linux-gnu/libm.so.6 (0x00007d5341709000)
	libgcc_s.so.1 => /lib/x86_64-linux-gnu/libgcc_s.so.1 (0x00007d5341fc5000)
	libc.so.6 => /lib/x86_64-linux-gnu/libc.so.6 (0x00007d5341000000)
	libarpack.so.2 => /lib/x86_64-linux-gnu/libarpack.so.2 (0x00007d5341f73000)
	/lib64/ld-linux-x86-64.so.2 (0x00007d5342047000)
	libgfortran.so.5 => /lib/x86_64-linux-gnu/libgfortran.so.5 (0x00007d5340c00000)
