expressions/expressions
	linux-vdso.so.1 (0x0000730393b4f000)
	libarmadillo.so.14 => /lib/libarmadillo.so.14 (0x0000730393afe000)
	libstdc++.so.6 => /lib/x86_64-linux-gnu/libstdc++.so.6 (0x0000730393000000)
	libm.so.6 => /lib/x86_64-linux-gnu/libm.so.6 (0x0000730393309000)
	libgcc_s.so.1 => /lib/x86_64-linux-gnu/libgcc_s.so.1 (0x0000730393ad1000)
	libc.so.6 => /lib/x86_64-linux-gnu/libc.so.6 (0x0000730392c00000)
	libblas.so.3 => /lib/x86_64-linux-gnu/libblas.so.3 (0x0000730392400000)
	libarpack.so.2 => /lib/x86_64-linux-gnu/libarpack.so.2 (0x0000730393a7d000)
	/lib64/ld-linux-x86-64.so.2 (0x0000730393b51000)
	libgfortran.so.5 => /lib/x86_64-linux-gnu/libgfortran.so.5 (0x0000730392000000)
gfft_test/gfft_test
	linux-vdso.so.1 (0x0000777af295d000)
	libarmadillo.so.14 => /lib/libarmadillo.so.14 (0x0000777af290c000)
	libstdc++.so.6 => /lib/x86_64-linux-gnu/libstdc++.so.6 (0x0000777af2200000)
	libm.so.6 => /lib/x86_64-linux-gnu/libm.so.6 (0x0000777af2509000)
	libgcc_s.so.1 => /lib/x86_64-linux-gnu/libgcc_s.so.1 (0x0000777af28df000)
	libc.so.6 => /lib/x86_64-linux-gnu/libc.so.6 (0x0000777af1e00000)
	libblas.so.3 => /lib/x86_64-linux-gnu/libblas.so.3 (0x0000777af1600000)
	libarpack.so.2 => /lib/x86_64-linux-gnu/libarpack.so.2 (0x0000777af24b7000)
	/lib64/ld-linux-x86-64.so.2 (0x0000777af295f000)
	libgfortran.so.5 => /lib/x86_64-linux-gnu/libgfortran.so.5 (0x0000777af1200000)
products/products
	linux-vdso.so.1 (0x000073ff07538000)
	libarmadillo.so.14 => /lib/libarmadillo.so.14 (0x000073ff074e7000)
	libstdc++.so.6 => /lib/x86_64-linux-gnu/libstdc++.so.6 (0x000073ff06a00000)
	libm.so.6 => /lib/x86_64-linux-gnu/libm.so.6 (0x000073ff073f0000)
	libgcc_s.so.1 => /lib/x86_64-linux-gnu/libgcc_s.so.1 (0x000073ff073c3000)
	libc.so.6 => /lib/x86_64-linux-gnu/libc.so.6 (0x000073ff06600000)
	libblas.so.3 => /lib/x86_64-linux-gnu/libblas.so.3 (0x000073ff05e00000)
	libarpack.so.2 => /lib/x86_64-linux-gnu/libarpack.so.2 (0x000073ff0736f000)
	/lib64/ld-linux-x86-64.so.2 (0x000073ff0753a000)
	libgfortran.so.5 => /lib/x86_64-linux-gnu/libgfortran.so.5 (0x000073ff05a00000)
squaring/squaring
	linux-vdso.so.1 (0x000078d28f4f7000)
	libarmadillo.so.14 => /lib/libarmadillo.so.14 (0x000078d28f4de000)
	libstdc++.so.6 => /lib/x86_64-linux-gnu/libstdc++.so.6 (0x000078d28ee00000)
	libm.so.6 => /lib/x86_64-linux-gnu/libm.so.6 (0x000078d28f0d1000)
	libgcc_s.so.1 => /lib/x86_64-linux-gnu/libgcc_s.so.1 (0x000078d28f0a4000)
	libc.so.6 => /lib/x86_64-linux-gnu/libc.so.6 (0x000078d28ea00000)
	libblas.so.3 => /lib/x86_64-linux-gnu/libblas.so.3 (0x000078d28e200000)
	libarpack.so.2 => /lib/x86_64-linux-gnu/libarpack.so.2 (0x000078d28edae000)
	/lib64/ld-linux-x86-64.so.2 (0x000078d28f4f9000)
	libgfortran.so.5 => /lib/x86_64-linux-gnu/libgfortran.so.5 (0x000078d28de00000)
transforms/transforms
	linux-vdso.so.1 (0x000070090bae0000)
	libarmadillo.so.14 => /lib/libarmadillo.so.14 (0x000070090bac7000)
	libstdc++.so.6 => /lib/x86_64-linux-gnu/libstdc++.so.6 (0x000070090b400000)
	libm.so.6 => /lib/x86_64-linux-gnu/libm.so.6 (0x000070090b6d1000)
	libgcc_s.so.1 => /lib/x86_64-linux-gnu/libgcc_s.so.1 (0x000070090b6a4000)
	libc.so.6 => /lib/x86_64-linux-gnu/libc.so.6 (0x000070090b000000)
	libblas.so.3 => /lib/x86_64-linux-gnu/libblas.so.3 (0x000070090a800000)
	libarpack.so.2 => /lib/x86_64-linux-gnu/libarpack.so.2 (0x000070090b3ae000)
	/lib64/ld-linux-x86-64.so.2 (0x000070090bae2000)
	libgfortran.so.5 => /lib/x86_64-linux-gnu/libgfortran.so.5 (0x000070090a400000)
versor/versor
	linux-vdso.so.1 (0x00007005a5ba3000)
	libarmadillo.so.14 => /lib/libarmadillo.so.14 (0x00007005a5b52000)
	libstdc++.so.6 => /lib/x86_64-linux-gnu/libstdc++.so.6 (0x00007005a5400000)
	libm.so.6 => /lib/x86_64-linux-gnu/libm.so.6 (0x00007005a5709000)
	libgcc_s.so.1 => /lib/x86_64-linux-gnu/libgcc_s.so.1 (0x00007005a5b25000)
	libc.so.6 => /lib/x86_64-linux-gnu/libc.so.6 (0x00007005a5000000)
	libblas.so.3 => /lib/x86_64-linux-gnu/libblas.so.3 (0x00007005a4800000)
	libarpack.so.2 => /lib/x86_64-linux-gnu/libarpack.so.2 (0x00007005a56b7000)
	/lib64/ld-linux-x86-64.so.2 (0x00007005a5ba5000)
	libgfortran.so.5 => /lib/x86_64-linux-gnu/libgfortran.so.5 (0x00007005a4400000)
