
framed_multi<float,-4,4>
Clifford algebra expressions test:
Fill: 0.5
Cl( 1, 0) in Cl( 1, 0) CPU =        0.001 ms (setup)        0.003 (comm)        0.013 (pade)        0.005 (series)        0.002 (mix)        0.004 (add) 
Cl( 1, 1) in Cl( 1, 1) CPU =        0.001 ms (setup)        0.001 (comm)        0.004 (pade)        0.001 (series)        0.000 (mix)        0.002 (add) 
Cl( 2, 1) in Cl( 2, 1) CPU =        0.001 ms (setup)        0.005 (comm)        0.011 (pade)        0.007 (series)        0.002 (mix)        0.002 (add) 
Cl( 2, 2) in Cl( 2, 2) CPU =        0.002 ms (setup)        0.009 (comm)        0.013 (pade)        0.011 (series)        0.003 (mix)        0.003 (add) 
Cl( 3, 2) in Cl( 3, 2) CPU =        0.004 ms (setup)        0.022 (comm)        0.056 (pade)        0.021 (series)        0.007 (mix)        0.005 (add) 
Cl( 3, 3) in Cl( 3, 3) CPU =        0.011 ms (setup)        0.057 (comm)        0.072 (pade)        0.088 (series)        0.018 (mix)        0.008 (add) 
Cl( 4, 3) in Cl( 4, 3) CPU =        0.022 ms (setup)        0.144 (comm)        0.273 (pade)        0.259 (series)        0.049 (mix)        0.021 (add) 
Cl( 4, 4) in Cl( 4, 4) CPU =        0.045 ms (setup)        0.844 (comm)        0.392 (pade)        1.474 (series)        0.136 (mix)        0.042 (add) 
Cl( 1, 0) in Cl( 4, 4) CPU =        0.001 ms (setup)        0.001 (comm)        0.005 (pade)        0.003 (series)        0.000 (mix)        0.001 (add) 
Cl( 1, 1) in Cl( 4, 4) CPU =        0.001 ms (setup)        0.003 (comm)        0.004 (pade)        0.003 (series)        0.001 (mix)        0.002 (add) 
Cl( 2, 1) in Cl( 4, 4) CPU =        0.002 ms (setup)        0.005 (comm)        0.010 (pade)        0.007 (series)        0.002 (mix)        0.002 (add) 
Cl( 2, 2) in Cl( 4, 4) CPU =        0.003 ms (setup)        0.009 (comm)        0.011 (pade)        0.013 (series)        0.003 (mix)        0.002 (add) 
Cl( 3, 2) in Cl( 4, 4) CPU =        0.005 ms (setup)        0.022 (comm)        0.053 (pade)        0.032 (series)        0.007 (mix)        0.004 (add) 
Cl( 3, 3) in Cl( 4, 4) CPU =        0.011 ms (setup)        0.056 (comm)        0.076 (pade)        0.088 (series)        0.016 (mix)        0.010 (add) 
Cl( 4, 3) in Cl( 4, 4) CPU =        0.022 ms (setup)        0.124 (comm)        0.271 (pade)        0.237 (series)        0.043 (mix)        0.016 (add) 
Cl( 4, 4) in Cl( 4, 4) CPU =        0.044 ms (setup)        0.817 (comm)        0.385 (pade)        0.853 (series)        0.081 (mix)        0.022 (add) 
Fill: 1
Cl( 1, 0) in Cl( 1, 0) CPU =        0.001 ms (setup)        0.002 (comm)        0.004 (pade)        0.011 (series)        0.001 (mix)        0.002 (add) 
Cl( 1, 1) in Cl( 1, 1) CPU =        0.000 ms (setup)        0.003 (comm)        0.002 (pade)        0.003 (series)        0.001 (mix)        0.001 (add) 
Cl( 2, 1) in Cl( 2, 1) CPU =        0.001 ms (setup)        0.004 (comm)        0.005 (pade)        0.005 (series)        0.001 (mix)        0.001 (add) 
Cl( 2, 2) in Cl( 2, 2) CPU =        0.001 ms (setup)        0.006 (comm)        0.007 (pade)        0.007 (series)        0.002 (mix)        0.001 (add) 
Cl( 3, 2) in Cl( 3, 2) CPU =        0.003 ms (setup)        0.015 (comm)        0.027 (pade)        0.021 (series)        0.005 (mix)        0.003 (add) 
Cl( 3, 3) in Cl( 3, 3) CPU =        0.007 ms (setup)        0.043 (comm)        0.039 (pade)        0.061 (series)        0.011 (mix)        0.005 (add) 
Cl( 4, 3) in Cl( 4, 3) CPU =        0.015 ms (setup)        0.123 (comm)        0.150 (pade)        0.191 (series)        0.026 (mix)        0.009 (add) 
Cl( 4, 4) in Cl( 4, 4) CPU =        0.035 ms (setup)        0.479 (comm)        0.210 (pade)        0.807 (series)        0.070 (mix)        0.025 (add) 
Cl( 1, 0) in Cl( 4, 4) CPU =        0.001 ms (setup)        0.002 (comm)        0.002 (pade)        0.002 (series)        0.001 (mix)        0.001 (add) 
Cl( 1, 1) in Cl( 4, 4) CPU =        0.001 ms (setup)        0.003 (comm)        0.002 (pade)        0.003 (series)        0.001 (mix)        0.001 (add) 
Cl( 2, 1) in Cl( 4, 4) CPU =        0.001 ms (setup)        0.003 (comm)        0.005 (pade)        0.004 (series)        0.001 (mix)        0.001 (add) 
Cl( 2, 2) in Cl( 4, 4) CPU =        0.001 ms (setup)        0.006 (comm)        0.007 (pade)        0.007 (series)        0.002 (mix)        0.001 (add) 
Cl( 3, 2) in Cl( 4, 4) CPU =        0.003 ms (setup)        0.015 (comm)        0.027 (pade)        0.021 (series)        0.005 (mix)        0.003 (add) 
Cl( 3, 3) in Cl( 4, 4) CPU =        0.007 ms (setup)        0.041 (comm)        0.039 (pade)        0.061 (series)        0.011 (mix)        0.005 (add) 
Cl( 4, 3) in Cl( 4, 4) CPU =        0.016 ms (setup)        0.123 (comm)        0.148 (pade)        0.191 (series)        0.025 (mix)        0.009 (add) 
Cl( 4, 4) in Cl( 4, 4) CPU =        0.034 ms (setup)        0.474 (comm)        0.209 (pade)        0.804 (series)        0.069 (mix)        0.024 (add) 

matrix_multi<float,-4,4>
Clifford algebra expressions test:
Fill: 0.5
Cl( 1, 0) in Cl( 1, 0) CPU =        0.003 ms (setup)        0.002 (comm)        0.001 (pade)        0.002 (series)        0.002 (mix)        0.001 (add) 
Cl( 1, 1) in Cl( 1, 1) CPU =        0.002 ms (setup)        0.007 (comm)        0.001 (pade)        0.001 (series)        0.006 (mix)        0.001 (add) 
Cl( 2, 1) in Cl( 2, 1) CPU =        0.002 ms (setup)        0.019 (comm)        0.001 (pade)        0.001 (series)        0.017 (mix)        0.001 (add) 
Cl( 2, 2) in Cl( 2, 2) CPU =        0.003 ms (setup)        0.026 (comm)        0.001 (pade)        0.001 (series)        0.024 (mix)        0.000 (add) 
Cl( 3, 2) in Cl( 3, 2) CPU =        0.021 ms (setup)        0.093 (comm)        0.001 (pade)        0.001 (series)        0.088 (mix)        0.001 (add) 
Cl( 3, 3) in Cl( 3, 3) CPU =        0.021 ms (setup)        0.177 (comm)        0.002 (pade)        0.001 (series)        0.171 (mix)        0.000 (add) 
Cl( 4, 3) in Cl( 4, 3) CPU =        0.050 ms (setup)        0.874 (comm)        0.005 (pade)        0.002 (series)        0.850 (mix)        0.000 (add) 
Cl( 4, 4) in Cl( 4, 4) CPU =        0.099 ms (setup)        1.317 (comm)        0.004 (pade)        0.002 (series)        1.297 (mix)        0.000 (add) 
Cl( 1, 0) in Cl( 4, 4) CPU =        0.002 ms (setup)        0.009 (comm)        0.004 (pade)        0.002 (series)        0.008 (mix)        0.001 (add) 
Cl( 1, 1) in Cl( 4, 4) CPU =        0.005 ms (setup)        0.037 (comm)        0.003 (pade)        0.002 (series)        0.035 (mix)        0.000 (add) 
Cl( 2, 1) in Cl( 4, 4) CPU =        0.007 ms (setup)        0.049 (comm)        0.003 (pade)        0.002 (series)        0.046 (mix)        0.001 (add) 
Cl( 2, 2) in Cl( 4, 4) CPU =        0.009 ms (setup)        0.072 (comm)        0.003 (pade)        0.002 (series)        0.070 (mix)        0.000 (add) 
Cl( 3, 2) in Cl( 4, 4) CPU =        0.042 ms (setup)        0.168 (comm)        0.003 (pade)        0.002 (series)        0.161 (mix)        0.001 (add) 
Cl( 3, 3) in Cl( 4, 4) CPU =        0.067 ms (setup)        0.276 (comm)        0.003 (pade)        0.002 (series)        0.264 (mix)        0.000 (add) 
Cl( 4, 3) in Cl( 4, 4) CPU =        0.179 ms (setup)        0.917 (comm)        0.004 (pade)        0.002 (series)        0.894 (mix)        0.001 (add) 
Cl( 4, 4) in Cl( 4, 4) CPU =        0.098 ms (setup)        1.345 (comm)        0.004 (pade)        0.002 (series)        1.320 (mix)        0.000 (add) 
Fill: 1
Cl( 1, 0) in Cl( 1, 0) CPU =        0.002 ms (setup)        0.005 (comm)        0.001 (pade)        0.002 (series)        0.004 (mix)        0.001 (add) 
Cl( 1, 1) in Cl( 1, 1) CPU =        0.003 ms (setup)        0.008 (comm)        0.001 (pade)        0.001 (series)        0.007 (mix)        0.000 (add) 
Cl( 2, 1) in Cl( 2, 1) CPU =        0.002 ms (setup)        0.022 (comm)        0.001 (pade)        0.001 (series)        0.021 (mix)        0.001 (add) 
Cl( 2, 2) in Cl( 2, 2) CPU =        0.005 ms (setup)        0.037 (comm)        0.001 (pade)        0.001 (series)        0.036 (mix)        0.000 (add) 
Cl( 3, 2) in Cl( 3, 2) CPU =        0.011 ms (setup)        0.134 (comm)        0.001 (pade)        0.001 (series)        0.129 (mix)        0.001 (add) 
Cl( 3, 3) in Cl( 3, 3) CPU =        0.023 ms (setup)        0.216 (comm)        0.001 (pade)        0.001 (series)        0.210 (mix)        0.001 (add) 
Cl( 4, 3) in Cl( 4, 3) CPU =        0.064 ms (setup)        0.968 (comm)        0.004 (pade)        0.003 (series)        0.951 (mix)        0.001 (add) 
Cl( 4, 4) in Cl( 4, 4) CPU =        0.124 ms (setup)        1.504 (comm)        0.004 (pade)        0.002 (series)        1.486 (mix)        0.001 (add) 
Cl( 1, 0) in Cl( 4, 4) CPU =        0.003 ms (setup)        0.032 (comm)        0.003 (pade)        0.002 (series)        0.030 (mix)        0.001 (add) 
Cl( 1, 1) in Cl( 4, 4) CPU =        0.004 ms (setup)        0.044 (comm)        0.003 (pade)        0.002 (series)        0.042 (mix)        0.001 (add) 
Cl( 2, 1) in Cl( 4, 4) CPU =        0.007 ms (setup)        0.065 (comm)        0.003 (pade)        0.002 (series)        0.062 (mix)        0.000 (add) 
Cl( 2, 2) in Cl( 4, 4) CPU =        0.019 ms (setup)        0.098 (comm)        0.003 (pade)        0.002 (series)        0.095 (mix)        0.001 (add) 
Cl( 3, 2) in Cl( 4, 4) CPU =        0.046 ms (setup)        0.211 (comm)        0.003 (pade)        0.002 (series)        0.208 (mix)        0.001 (add) 
Cl( 3, 3) in Cl( 4, 4) CPU =        0.084 ms (setup)        0.329 (comm)        0.004 (pade)        0.002 (series)        0.323 (mix)        0.001 (add) 
Cl( 4, 3) in Cl( 4, 4) CPU =        0.222 ms (setup)        1.022 (comm)        0.004 (pade)        0.002 (series)        1.011 (mix)        0.001 (add) 
Cl( 4, 4) in Cl( 4, 4) CPU =        0.124 ms (setup)        1.505 (comm)        0.004 (pade)        0.002 (series)        1.487 (mix)        0.000 (add) 

framed_multi<double>
Clifford algebra expressions test:
Fill: 0.5
Cl( 1, 0) in Cl( 1, 0) CPU =        0.001 ms (setup)        0.007 (comm)        0.004 (pade)        0.003 (series)        0.001 (mix)        0.002 (add) 
Cl( 1, 1) in Cl( 1, 1) CPU =        0.001 ms (setup)        0.001 (comm)        0.002 (pade)        0.001 (series)        0.000 (mix)        0.001 (add) 
Cl( 2, 1) in Cl( 2, 1) CPU =        0.001 ms (setup)        0.004 (comm)        0.005 (pade)        0.005 (series)        0.001 (mix)        0.001 (add) 
Cl( 2, 2) in Cl( 2, 2) CPU =        0.002 ms (setup)        0.006 (comm)        0.005 (pade)        0.007 (series)        0.002 (mix)        0.001 (add) 
Cl( 3, 2) in Cl( 3, 2) CPU =        0.003 ms (setup)        0.013 (comm)        0.028 (pade)        0.013 (series)        0.004 (mix)        0.003 (add) 
Cl( 3, 3) in Cl( 3, 3) CPU =        0.007 ms (setup)        0.036 (comm)        0.035 (pade)        0.050 (series)        0.009 (mix)        0.003 (add) 
Cl( 4, 3) in Cl( 4, 3) CPU =        0.013 ms (setup)        0.096 (comm)        0.133 (pade)        0.135 (series)        0.033 (mix)        0.005 (add) 
Cl( 4, 4) in Cl( 4, 4) CPU =        0.026 ms (setup)        0.429 (comm)        0.177 (pade)        0.673 (series)        0.102 (mix)        0.009 (add) 
Cl( 5, 4) in Cl( 5, 4) CPU =        0.053 ms (setup)        1.486 (comm)        0.642 (pade)        2.469 (series)        0.288 (mix)        0.017 (add) 
Cl( 5, 5) in Cl( 5, 5) CPU =        0.107 ms (setup)        2.502 (comm)        0.899 (pade)        3.506 (series)        0.819 (mix)        0.034 (add) 
Cl( 6, 5) in Cl( 6, 5) CPU =        0.227 ms (setup)        8.286 (comm)        3.289 (pade)       12.574 (series)        2.270 (mix)        0.070 (add) 
Cl( 6, 6) in Cl( 6, 6) CPU =        0.466 ms (setup)       14.824 (comm)        4.607 (pade)       17.794 (series)        6.590 (mix)        0.155 (add) 
Cl( 7, 6) in Cl( 7, 6) CPU =        0.946 ms (setup)       48.177 (comm)       16.001 (pade)       61.883 (series)       19.173 (mix)        0.336 (add) 
Cl( 7, 7) in Cl( 7, 7) CPU =        1.953 ms (setup)       96.302 (comm)       22.553 (pade)       88.183 (series)       56.491 (mix)        0.654 (add) 
Cl( 8, 7) in Cl( 8, 7) CPU =        3.897 ms (setup)      309.532 (comm)       81.856 (pade)      312.197 (series)      165.089 (mix)        1.370 (add) 
Cl( 8, 8) in Cl( 8, 8) CPU =        7.920 ms (setup)      700.014 (comm)      117.243 (pade)      453.726 (series)      497.778 (mix)        2.930 (add) 
Cl( 1, 0) in Cl( 8, 8) CPU =        0.001 ms (setup)        0.001 (comm)        0.002 (pade)        0.002 (series)        0.001 (mix)        0.001 (add) 
Cl( 1, 1) in Cl( 8, 8) CPU =        0.001 ms (setup)        0.001 (comm)        0.003 (pade)        0.001 (series)        0.001 (mix)        0.001 (add) 
Cl( 2, 1) in Cl( 8, 8) CPU =        0.001 ms (setup)        0.004 (comm)        0.005 (pade)        0.004 (series)        0.001 (mix)        0.001 (add) 
Cl( 2, 2) in Cl( 8, 8) CPU =        0.001 ms (setup)        0.006 (comm)        0.005 (pade)        0.007 (series)        0.002 (mix)        0.001 (add) 
Cl( 3, 2) in Cl( 8, 8) CPU =        0.003 ms (setup)        0.011 (comm)        0.019 (pade)        0.011 (series)        0.003 (mix)        0.001 (add) 
Cl( 3, 3) in Cl( 8, 8) CPU =        0.005 ms (setup)        0.036 (comm)        0.036 (pade)        0.046 (series)        0.009 (mix)        0.003 (add) 
Cl( 4, 3) in Cl( 8, 8) CPU =        0.013 ms (setup)        0.098 (comm)        0.132 (pade)        0.133 (series)        0.032 (mix)        0.005 (add) 
Cl( 4, 4) in Cl( 8, 8) CPU =        0.026 ms (setup)        0.418 (comm)        0.176 (pade)        0.666 (series)        0.100 (mix)        0.009 (add) 
Cl( 5, 4) in Cl( 8, 8) CPU =        0.054 ms (setup)        1.478 (comm)        0.634 (pade)        2.428 (series)        0.288 (mix)        0.017 (add) 
Cl( 5, 5) in Cl( 8, 8) CPU =        0.106 ms (setup)        2.441 (comm)        0.879 (pade)        3.417 (series)        0.769 (mix)        0.032 (add) 
Cl( 6, 5) in Cl( 8, 8) CPU =        0.225 ms (setup)        8.236 (comm)        3.231 (pade)       12.560 (series)        2.256 (mix)        0.069 (add) 
Cl( 6, 6) in Cl( 8, 8) CPU =        0.460 ms (setup)       14.668 (comm)        4.566 (pade)       17.698 (series)        6.537 (mix)        0.151 (add) 
Cl( 7, 6) in Cl( 8, 8) CPU =        0.948 ms (setup)       48.072 (comm)       15.885 (pade)       61.655 (series)       19.217 (mix)        0.329 (add) 
Cl( 7, 7) in Cl( 8, 8) CPU =        1.959 ms (setup)       96.849 (comm)       22.641 (pade)       88.260 (series)       56.805 (mix)        0.654 (add) 
Cl( 8, 7) in Cl( 8, 8) CPU =        3.921 ms (setup)      313.308 (comm)       81.863 (pade)      312.336 (series)      168.367 (mix)        1.385 (add) 
Cl( 8, 8) in Cl( 8, 8) CPU =        7.914 ms (setup)      697.912 (comm)      117.490 (pade)      453.692 (series)      495.033 (mix)        2.925 (add) 
Fill: 1
Cl( 1, 0) in Cl( 1, 0) CPU =        0.001 ms (setup)        0.003 (comm)        0.003 (pade)        0.003 (series)        0.001 (mix)        0.001 (add) 
Cl( 1, 1) in Cl( 1, 1) CPU =        0.001 ms (setup)        0.003 (comm)        0.002 (pade)        0.003 (series)        0.001 (mix)        0.001 (add) 
Cl( 2, 1) in Cl( 2, 1) CPU =        0.001 ms (setup)        0.004 (comm)        0.007 (pade)        0.005 (series)        0.002 (mix)        0.001 (add) 
Cl( 2, 2) in Cl( 2, 2) CPU =        0.002 ms (setup)        0.009 (comm)        0.009 (pade)        0.009 (series)        0.003 (mix)        0.001 (add) 
Cl( 3, 2) in Cl( 3, 2) CPU =        0.004 ms (setup)        0.021 (comm)        0.028 (pade)        0.025 (series)        0.005 (mix)        0.002 (add) 
Cl( 3, 3) in Cl( 3, 3) CPU =        0.009 ms (setup)        0.055 (comm)        0.038 (pade)        0.071 (series)        0.013 (mix)        0.003 (add) 
Cl( 4, 3) in Cl( 4, 3) CPU =        0.018 ms (setup)        0.165 (comm)        0.144 (pade)        0.229 (series)        0.038 (mix)        0.005 (add) 
Cl( 4, 4) in Cl( 4, 4) CPU =        0.036 ms (setup)        0.495 (comm)        0.196 (pade)        0.767 (series)        0.104 (mix)        0.011 (add) 
Cl( 5, 4) in Cl( 5, 4) CPU =        0.073 ms (setup)        1.679 (comm)        0.697 (pade)        2.699 (series)        0.283 (mix)        0.022 (add) 
Cl( 5, 5) in Cl( 5, 5) CPU =        0.151 ms (setup)        2.792 (comm)        1.019 (pade)        3.966 (series)        0.727 (mix)        0.041 (add) 
Cl( 6, 5) in Cl( 6, 5) CPU =        0.311 ms (setup)        9.174 (comm)        3.690 (pade)       14.345 (series)        1.975 (mix)        0.081 (add) 
Cl( 6, 6) in Cl( 6, 6) CPU =        0.640 ms (setup)       16.126 (comm)        5.459 (pade)       21.463 (series)        5.410 (mix)        0.171 (add) 
Cl( 7, 6) in Cl( 7, 6) CPU =        1.365 ms (setup)       51.236 (comm)       18.340 (pade)       71.624 (series)       15.348 (mix)        0.343 (add) 
Cl( 7, 7) in Cl( 7, 7) CPU =        2.905 ms (setup)       99.104 (comm)       27.754 (pade)      109.270 (series)       44.446 (mix)        0.682 (add) 
Cl( 8, 7) in Cl( 8, 7) CPU =        5.640 ms (setup)      314.865 (comm)       96.629 (pade)      370.844 (series)      129.554 (mix)        1.381 (add) 
Cl( 8, 8) in Cl( 8, 8) CPU =       11.773 ms (setup)      672.163 (comm)      148.363 (pade)      579.062 (series)      382.708 (mix)        3.184 (add) 
Cl( 1, 0) in Cl( 8, 8) CPU =        0.001 ms (setup)        0.003 (comm)        0.004 (pade)        0.004 (series)        0.001 (mix)        0.002 (add) 
Cl( 1, 1) in Cl( 8, 8) CPU =        0.001 ms (setup)        0.003 (comm)        0.002 (pade)        0.004 (series)        0.001 (mix)        0.001 (add) 
Cl( 2, 1) in Cl( 8, 8) CPU =        0.001 ms (setup)        0.004 (comm)        0.006 (pade)        0.005 (series)        0.002 (mix)        0.001 (add) 
Cl( 2, 2) in Cl( 8, 8) CPU =        0.002 ms (setup)        0.007 (comm)        0.007 (pade)        0.009 (series)        0.003 (mix)        0.001 (add) 
Cl( 3, 2) in Cl( 8, 8) CPU =        0.004 ms (setup)        0.019 (comm)        0.028 (pade)        0.024 (series)        0.005 (mix)        0.002 (add) 
Cl( 3, 3) in Cl( 8, 8) CPU =        0.009 ms (setup)        0.056 (comm)        0.038 (pade)        0.072 (series)        0.013 (mix)        0.003 (add) 
Cl( 4, 3) in Cl( 8, 8) CPU =        0.018 ms (setup)        0.165 (comm)        0.145 (pade)        0.229 (series)        0.038 (mix)        0.005 (add) 
Cl( 4, 4) in Cl( 8, 8) CPU =        0.036 ms (setup)        0.494 (comm)        0.197 (pade)        0.766 (series)        0.104 (mix)        0.011 (add) 
Cl( 5, 4) in Cl( 8, 8) CPU =        0.073 ms (setup)        1.681 (comm)        0.697 (pade)        2.711 (series)        0.283 (mix)        0.022 (add) 
Cl( 5, 5) in Cl( 8, 8) CPU =        0.152 ms (setup)        2.789 (comm)        1.030 (pade)        3.977 (series)        0.728 (mix)        0.041 (add) 
Cl( 6, 5) in Cl( 8, 8) CPU =        0.314 ms (setup)        9.167 (comm)        3.679 (pade)       14.370 (series)        1.975 (mix)        0.081 (add) 
Cl( 6, 6) in Cl( 8, 8) CPU =        0.643 ms (setup)       16.117 (comm)        5.448 (pade)       21.463 (series)        5.412 (mix)        0.171 (add) 
Cl( 7, 6) in Cl( 8, 8) CPU =        1.365 ms (setup)       51.206 (comm)       18.361 (pade)       71.591 (series)       15.353 (mix)        0.343 (add) 
Cl( 7, 7) in Cl( 8, 8) CPU =        2.905 ms (setup)       99.070 (comm)       27.745 (pade)      109.211 (series)       44.456 (mix)        0.683 (add) 
Cl( 8, 7) in Cl( 8, 8) CPU =        5.627 ms (setup)      314.783 (comm)       96.523 (pade)      370.784 (series)      129.577 (mix)        1.379 (add) 
Cl( 8, 8) in Cl( 8, 8) CPU =       11.773 ms (setup)      672.119 (comm)      148.262 (pade)      578.693 (series)      382.738 (mix)        3.175 (add) 

matrix_multi<double>
Clifford algebra expressions test:
Fill: 0.5
Cl( 1, 0) in Cl( 1, 0) CPU =        0.003 ms (setup)        0.004 (comm)        0.001 (pade)        0.002 (series)        0.002 (mix)        0.001 (add) 
Cl( 1, 1) in Cl( 1, 1) CPU =        0.005 ms (setup)        0.003 (comm)        0.001 (pade)        0.001 (series)        0.002 (mix)        0.001 (add) 
Cl( 2, 1) in Cl( 2, 1) CPU =        0.002 ms (setup)        0.018 (comm)        0.001 (pade)        0.001 (series)        0.017 (mix)        0.001 (add) 
Cl( 2, 2) in Cl( 2, 2) CPU =        0.002 ms (setup)        0.030 (comm)        0.001 (pade)        0.001 (series)        0.028 (mix)        0.001 (add) 
Cl( 3, 2) in Cl( 3, 2) CPU =        0.013 ms (setup)        0.101 (comm)        0.002 (pade)        0.002 (series)        0.095 (mix)        0.000 (add) 
Cl( 3, 3) in Cl( 3, 3) CPU =        0.020 ms (setup)        0.172 (comm)        0.001 (pade)        0.002 (series)        0.165 (mix)        0.000 (add) 
Cl( 4, 3) in Cl( 4, 3) CPU =        0.053 ms (setup)        0.815 (comm)        0.005 (pade)        0.004 (series)        0.792 (mix)        0.001 (add) 
Cl( 4, 4) in Cl( 4, 4) CPU =        0.101 ms (setup)        1.261 (comm)        0.005 (pade)        0.004 (series)        1.241 (mix)        0.001 (add) 
Cl( 5, 4) in Cl( 5, 4) CPU =        0.240 ms (setup)        5.142 (comm)        0.018 (pade)        0.016 (series)        5.119 (mix)        0.002 (add) 
Cl( 5, 5) in Cl( 5, 5) CPU =        0.474 ms (setup)        7.715 (comm)        0.018 (pade)        0.015 (series)        7.703 (mix)        0.002 (add) 
Cl( 6, 5) in Cl( 6, 5) CPU =        1.111 ms (setup)       29.718 (comm)        0.090 (pade)        0.080 (series)       29.672 (mix)        0.005 (add) 
Cl( 6, 6) in Cl( 6, 6) CPU =        2.232 ms (setup)       42.631 (comm)        0.089 (pade)        0.080 (series)       42.604 (mix)        0.005 (add) 
Cl( 7, 6) in Cl( 7, 6) CPU =        5.313 ms (setup)      172.643 (comm)        0.533 (pade)        0.508 (series)      172.181 (mix)        0.030 (add) 
Cl( 7, 7) in Cl( 7, 7) CPU =       10.619 ms (setup)      235.105 (comm)        0.534 (pade)        0.507 (series)      234.914 (mix)        0.030 (add) 
Cl( 8, 7) in Cl( 8, 7) CPU =       25.324 ms (setup)     1070.751 (comm)        4.420 (pade)        3.399 (series)     1068.603 (mix)        0.122 (add) 
Cl( 8, 8) in Cl( 8, 8) CPU =       51.403 ms (setup)     1381.762 (comm)        4.418 (pade)        3.457 (series)     1377.832 (mix)        0.120 (add) 
Cl( 1, 0) in Cl( 8, 8) CPU =        0.012 ms (setup)        6.038 (comm)        4.184 (pade)        3.462 (series)        4.189 (mix)        0.120 (add) 
Cl( 1, 1) in Cl( 8, 8) CPU =        0.022 ms (setup)       10.021 (comm)        4.264 (pade)        3.467 (series)        8.236 (mix)        0.120 (add) 
Cl( 2, 1) in Cl( 8, 8) CPU =        0.048 ms (setup)       21.140 (comm)        4.343 (pade)        3.462 (series)       19.323 (mix)        0.120 (add) 
Cl( 2, 2) in Cl( 8, 8) CPU =        0.100 ms (setup)       38.587 (comm)        4.354 (pade)        3.465 (series)       36.779 (mix)        0.121 (add) 
Cl( 3, 2) in Cl( 8, 8) CPU =        0.534 ms (setup)       54.419 (comm)        4.436 (pade)        3.460 (series)       52.623 (mix)        0.121 (add) 
Cl( 3, 3) in Cl( 8, 8) CPU =        0.831 ms (setup)       74.442 (comm)        4.378 (pade)        3.404 (series)       72.656 (mix)        0.122 (add) 
Cl( 4, 3) in Cl( 8, 8) CPU =        0.946 ms (setup)       92.776 (comm)        4.394 (pade)        3.401 (series)       90.960 (mix)        0.125 (add) 
Cl( 4, 4) in Cl( 8, 8) CPU =        1.139 ms (setup)      129.258 (comm)        4.398 (pade)        3.466 (series)      127.569 (mix)        0.122 (add) 
Cl( 5, 4) in Cl( 8, 8) CPU =        1.669 ms (setup)      187.482 (comm)        4.405 (pade)        3.422 (series)      185.826 (mix)        0.122 (add) 
Cl( 5, 5) in Cl( 8, 8) CPU =        2.559 ms (setup)      220.631 (comm)        4.413 (pade)        3.464 (series)      218.938 (mix)        0.122 (add) 
Cl( 6, 5) in Cl( 8, 8) CPU =        5.205 ms (setup)      326.987 (comm)        4.421 (pade)        3.461 (series)      325.347 (mix)        0.122 (add) 
Cl( 6, 6) in Cl( 8, 8) CPU =        9.456 ms (setup)      360.812 (comm)        4.420 (pade)        3.461 (series)      359.295 (mix)        0.122 (add) 
Cl( 7, 6) in Cl( 8, 8) CPU =       21.692 ms (setup)      545.320 (comm)        4.422 (pade)        3.401 (series)      543.732 (mix)        0.122 (add) 
Cl( 7, 7) in Cl( 8, 8) CPU =       41.605 ms (setup)      660.829 (comm)        4.411 (pade)        3.398 (series)      659.016 (mix)        0.123 (add) 
Cl( 8, 7) in Cl( 8, 8) CPU =       97.805 ms (setup)     1107.240 (comm)        4.425 (pade)        3.394 (series)     1104.644 (mix)        0.122 (add) 
Cl( 8, 8) in Cl( 8, 8) CPU =       51.288 ms (setup)     1370.066 (comm)        4.424 (pade)        3.459 (series)     1366.823 (mix)        0.123 (add) 
Fill: 1
Cl( 1, 0) in Cl( 1, 0) CPU =        0.002 ms (setup)        0.006 (comm)        0.001 (pade)        0.001 (series)        0.004 (mix)        0.001 (add) 
Cl( 1, 1) in Cl( 1, 1) CPU =        0.001 ms (setup)        0.008 (comm)        0.001 (pade)        0.001 (series)        0.007 (mix)        0.001 (add) 
Cl( 2, 1) in Cl( 2, 1) CPU =        0.002 ms (setup)        0.024 (comm)        0.001 (pade)        0.001 (series)        0.022 (mix)        0.000 (add) 
Cl( 2, 2) in Cl( 2, 2) CPU =        0.005 ms (setup)        0.037 (comm)        0.001 (pade)        0.001 (series)        0.036 (mix)        0.001 (add) 
Cl( 3, 2) in Cl( 3, 2) CPU =        0.013 ms (setup)        0.138 (comm)        0.002 (pade)        0.002 (series)        0.133 (mix)        0.000 (add) 
Cl( 3, 3) in Cl( 3, 3) CPU =        0.025 ms (setup)        0.218 (comm)        0.002 (pade)        0.001 (series)        0.213 (mix)        0.001 (add) 
Cl( 4, 3) in Cl( 4, 3) CPU =        0.069 ms (setup)        0.972 (comm)        0.005 (pade)        0.005 (series)        0.960 (mix)        0.001 (add) 
Cl( 4, 4) in Cl( 4, 4) CPU =        0.132 ms (setup)        1.471 (comm)        0.005 (pade)        0.004 (series)        1.458 (mix)        0.001 (add) 
Cl( 5, 4) in Cl( 5, 4) CPU =        0.337 ms (setup)        5.660 (comm)        0.018 (pade)        0.015 (series)        5.641 (mix)        0.002 (add) 
Cl( 5, 5) in Cl( 5, 5) CPU =        0.669 ms (setup)        8.445 (comm)        0.018 (pade)        0.015 (series)        8.433 (mix)        0.002 (add) 
Cl( 6, 5) in Cl( 6, 5) CPU =        1.683 ms (setup)       32.352 (comm)        0.089 (pade)        0.080 (series)       32.318 (mix)        0.005 (add) 
Cl( 6, 6) in Cl( 6, 6) CPU =        3.480 ms (setup)       45.760 (comm)        0.089 (pade)        0.080 (series)       45.745 (mix)        0.005 (add) 
Cl( 7, 6) in Cl( 7, 6) CPU =        8.681 ms (setup)      184.888 (comm)        0.535 (pade)        0.508 (series)      184.542 (mix)        0.030 (add) 
Cl( 7, 7) in Cl( 7, 7) CPU =       17.590 ms (setup)      253.306 (comm)        0.531 (pade)        0.508 (series)      252.943 (mix)        0.030 (add) 
Cl( 8, 7) in Cl( 8, 7) CPU =       44.104 ms (setup)     1137.732 (comm)        4.421 (pade)        3.462 (series)     1134.417 (mix)        0.121 (add) 
Cl( 8, 8) in Cl( 8, 8) CPU =       89.400 ms (setup)     1500.959 (comm)        4.418 (pade)        3.460 (series)     1496.919 (mix)        0.120 (add) 
Cl( 1, 0) in Cl( 8, 8) CPU =        0.018 ms (setup)       12.242 (comm)        4.269 (pade)        3.462 (series)       10.511 (mix)        0.121 (add) 
Cl( 1, 1) in Cl( 8, 8) CPU =        0.035 ms (setup)       19.502 (comm)        4.262 (pade)        3.460 (series)       17.696 (mix)        0.121 (add) 
Cl( 2, 1) in Cl( 8, 8) CPU =        0.079 ms (setup)       29.716 (comm)        4.373 (pade)        3.463 (series)       27.902 (mix)        0.120 (add) 
Cl( 2, 2) in Cl( 8, 8) CPU =        0.777 ms (setup)       42.958 (comm)        4.341 (pade)        3.420 (series)       41.139 (mix)        0.120 (add) 
Cl( 3, 2) in Cl( 8, 8) CPU =        0.800 ms (setup)       59.761 (comm)        4.357 (pade)        3.401 (series)       57.948 (mix)        0.120 (add) 
Cl( 3, 3) in Cl( 8, 8) CPU =        0.849 ms (setup)       81.469 (comm)        4.374 (pade)        3.398 (series)       79.633 (mix)        0.121 (add) 
Cl( 4, 3) in Cl( 8, 8) CPU =        1.016 ms (setup)      124.579 (comm)        4.405 (pade)        3.401 (series)      122.785 (mix)        0.122 (add) 
Cl( 4, 4) in Cl( 8, 8) CPU =        1.265 ms (setup)      156.369 (comm)        4.399 (pade)        3.400 (series)      154.757 (mix)        0.121 (add) 
Cl( 5, 4) in Cl( 8, 8) CPU =        2.017 ms (setup)      215.809 (comm)        4.412 (pade)        3.461 (series)      214.025 (mix)        0.121 (add) 
Cl( 5, 5) in Cl( 8, 8) CPU =        3.211 ms (setup)      252.644 (comm)        4.408 (pade)        3.425 (series)      250.965 (mix)        0.122 (add) 
Cl( 6, 5) in Cl( 8, 8) CPU =        6.844 ms (setup)      353.780 (comm)        4.421 (pade)        3.421 (series)      352.045 (mix)        0.122 (add) 
Cl( 6, 6) in Cl( 8, 8) CPU =       12.723 ms (setup)      400.852 (comm)        4.423 (pade)        3.422 (series)      399.534 (mix)        0.121 (add) 
Cl( 7, 6) in Cl( 8, 8) CPU =       29.974 ms (setup)      604.429 (comm)        4.423 (pade)        3.421 (series)      602.668 (mix)        0.122 (add) 
Cl( 7, 7) in Cl( 8, 8) CPU =       58.662 ms (setup)      709.695 (comm)        4.410 (pade)        3.397 (series)      707.994 (mix)        0.121 (add) 
Cl( 8, 7) in Cl( 8, 8) CPU =      141.413 ms (setup)     1173.877 (comm)        4.403 (pade)        3.403 (series)     1172.392 (mix)        0.121 (add) 
Cl( 8, 8) in Cl( 8, 8) CPU =       89.947 ms (setup)     1500.688 (comm)        4.416 (pade)        3.458 (series)     1497.577 (mix)        0.120 (add) 
