
framed_multi<float,-4,4>
Clifford algebra expressions test:
Fill: 0.5
Cl( 1, 0) in Cl( 1, 0) CPU =        0.004 ms (setup)        0.003 (comm)        0.013 (pade)        0.004 (series)        0.001 (mix)        0.003 (add) 
Cl( 1, 1) in Cl( 1, 1) CPU =        0.002 ms (setup)        0.001 (comm)        0.011 (pade)        0.002 (series)        0.001 (mix)        0.003 (add) 
Cl( 2, 1) in Cl( 2, 1) CPU =        0.002 ms (setup)        0.009 (comm)        0.024 (pade)        0.011 (series)        0.004 (mix)        0.003 (add) 
Cl( 2, 2) in Cl( 2, 2) CPU =        0.004 ms (setup)        0.015 (comm)        0.027 (pade)        0.019 (series)        0.005 (mix)        0.004 (add) 
Cl( 3, 2) in Cl( 3, 2) CPU =        0.006 ms (setup)        0.035 (comm)        0.098 (pade)        0.034 (series)        0.012 (mix)        0.005 (add) 
Cl( 3, 3) in Cl( 3, 3) CPU =        1.522 ms (setup)        0.088 (comm)        0.127 (pade)        1.641 (series)        0.031 (mix)        0.009 (add) 
Cl( 4, 3) in Cl( 4, 3) CPU =        0.029 ms (setup)        1.724 (comm)        1.948 (pade)        1.896 (series)        0.077 (mix)        0.020 (add) 
Cl( 4, 4) in Cl( 4, 4) CPU =        1.568 ms (setup)        5.834 (comm)        3.641 (pade)        9.848 (series)        0.215 (mix)        0.045 (add) 
Cl( 1, 0) in Cl( 4, 4) CPU =        0.002 ms (setup)        0.001 (comm)        1.518 (pade)        0.004 (series)        0.001 (mix)        0.002 (add) 
Cl( 1, 1) in Cl( 4, 4) CPU =        0.002 ms (setup)        0.003 (comm)        0.011 (pade)        0.004 (series)        0.001 (mix)        0.003 (add) 
Cl( 2, 1) in Cl( 4, 4) CPU =        0.003 ms (setup)        0.009 (comm)        0.024 (pade)        0.012 (series)        0.003 (mix)        0.003 (add) 
Cl( 2, 2) in Cl( 4, 4) CPU =        0.004 ms (setup)        0.016 (comm)        0.029 (pade)        0.022 (series)        0.005 (mix)        0.003 (add) 
Cl( 3, 2) in Cl( 4, 4) CPU =        0.007 ms (setup)        0.035 (comm)        1.603 (pade)        0.052 (series)        0.012 (mix)        0.005 (add) 
Cl( 3, 3) in Cl( 4, 4) CPU =        0.015 ms (setup)        0.087 (comm)        1.639 (pade)        0.139 (series)        0.030 (mix)        0.012 (add) 
Cl( 4, 3) in Cl( 4, 4) CPU =        0.029 ms (setup)        1.697 (comm)        1.943 (pade)        1.857 (series)        0.069 (mix)        0.017 (add) 
Cl( 4, 4) in Cl( 4, 4) CPU =        0.061 ms (setup)        5.790 (comm)        2.115 (pade)        8.322 (series)        0.205 (mix)        0.043 (add) 
Fill: 1
Cl( 1, 0) in Cl( 1, 0) CPU =        0.002 ms (setup)        0.005 (comm)        0.011 (pade)        0.007 (series)        0.002 (mix)        0.003 (add) 
Cl( 1, 1) in Cl( 1, 1) CPU =        0.002 ms (setup)        0.007 (comm)        0.012 (pade)        0.009 (series)        0.003 (mix)        0.003 (add) 
Cl( 2, 1) in Cl( 2, 1) CPU =        0.003 ms (setup)        0.011 (comm)        1.532 (pade)        0.014 (series)        0.004 (mix)        0.003 (add) 
Cl( 2, 2) in Cl( 2, 2) CPU =        0.005 ms (setup)        0.022 (comm)        0.034 (pade)        0.027 (series)        0.007 (mix)        0.004 (add) 
Cl( 3, 2) in Cl( 3, 2) CPU =        0.011 ms (setup)        0.054 (comm)        0.100 (pade)        0.072 (series)        0.018 (mix)        0.007 (add) 
Cl( 3, 3) in Cl( 3, 3) CPU =        0.022 ms (setup)        0.150 (comm)        1.645 (pade)        0.211 (series)        1.546 (mix)        0.013 (add) 
Cl( 4, 3) in Cl( 4, 3) CPU =        0.046 ms (setup)        1.962 (comm)        1.976 (pade)        3.707 (series)        0.106 (mix)        0.027 (add) 
Cl( 4, 4) in Cl( 4, 4) CPU =        0.105 ms (setup)        6.127 (comm)        2.197 (pade)       10.156 (series)        0.283 (mix)        1.581 (add) 
Cl( 1, 0) in Cl( 4, 4) CPU =        0.002 ms (setup)        0.005 (comm)        0.011 (pade)        0.007 (series)        0.002 (mix)        0.003 (add) 
Cl( 1, 1) in Cl( 4, 4) CPU =        0.003 ms (setup)        0.007 (comm)        0.013 (pade)        0.009 (series)        0.003 (mix)        0.003 (add) 
Cl( 2, 1) in Cl( 4, 4) CPU =        0.003 ms (setup)        0.011 (comm)        0.025 (pade)        0.013 (series)        0.004 (mix)        0.004 (add) 
Cl( 2, 2) in Cl( 4, 4) CPU =        0.005 ms (setup)        0.021 (comm)        0.034 (pade)        0.026 (series)        0.007 (mix)        0.004 (add) 
Cl( 3, 2) in Cl( 4, 4) CPU =        0.011 ms (setup)        1.560 (comm)        0.099 (pade)        0.072 (series)        0.017 (mix)        0.007 (add) 
Cl( 3, 3) in Cl( 4, 4) CPU =        0.022 ms (setup)        1.655 (comm)        0.136 (pade)        1.716 (series)        0.043 (mix)        0.013 (add) 
Cl( 4, 3) in Cl( 4, 4) CPU =        0.046 ms (setup)        0.457 (comm)        1.977 (pade)        2.205 (series)        0.106 (mix)        0.026 (add) 
Cl( 4, 4) in Cl( 4, 4) CPU =        0.105 ms (setup)        7.628 (comm)        3.700 (pade)       11.670 (series)        1.788 (mix)        0.079 (add) 

matrix_multi<float,-4,4>
Clifford algebra expressions test:
Fill: 0.5
Cl( 1, 0) in Cl( 1, 0) CPU =        0.003 ms (setup)        0.009 (comm)        0.007 (pade)        0.002 (series)        0.007 (mix)        0.001 (add) 
Cl( 1, 1) in Cl( 1, 1) CPU =        0.004 ms (setup)        0.017 (comm)        0.007 (pade)        0.002 (series)        0.015 (mix)        0.001 (add) 
Cl( 2, 1) in Cl( 2, 1) CPU =        0.005 ms (setup)        0.082 (comm)        0.009 (pade)        0.002 (series)        0.079 (mix)        0.001 (add) 
Cl( 2, 2) in Cl( 2, 2) CPU =        0.007 ms (setup)        0.118 (comm)        0.007 (pade)        0.003 (series)        1.624 (mix)        0.001 (add) 
Cl( 3, 2) in Cl( 3, 2) CPU =        0.034 ms (setup)        1.916 (comm)        0.013 (pade)        0.006 (series)        1.869 (mix)        0.001 (add) 
Cl( 3, 3) in Cl( 3, 3) CPU =        0.060 ms (setup)        3.729 (comm)        0.011 (pade)        0.005 (series)        2.216 (mix)        0.001 (add) 
Cl( 4, 3) in Cl( 4, 3) CPU =        0.144 ms (setup)       12.134 (comm)        0.020 (pade)        0.012 (series)       13.623 (mix)        0.001 (add) 
Cl( 4, 4) in Cl( 4, 4) CPU =        1.788 ms (setup)       19.586 (comm)        0.020 (pade)        0.011 (series)       18.070 (mix)        0.001 (add) 
Cl( 1, 0) in Cl( 4, 4) CPU =        0.005 ms (setup)        0.086 (comm)        0.011 (pade)        0.012 (series)        0.078 (mix)        0.001 (add) 
Cl( 1, 1) in Cl( 4, 4) CPU =        0.007 ms (setup)        0.108 (comm)        0.018 (pade)        1.517 (series)        0.102 (mix)        0.001 (add) 
Cl( 2, 1) in Cl( 4, 4) CPU =        0.020 ms (setup)        1.752 (comm)        0.020 (pade)        0.012 (series)        1.741 (mix)        0.001 (add) 
Cl( 2, 2) in Cl( 4, 4) CPU =        0.035 ms (setup)        1.800 (comm)        0.019 (pade)        0.012 (series)        1.791 (mix)        0.001 (add) 
Cl( 3, 2) in Cl( 4, 4) CPU =        0.147 ms (setup)        2.286 (comm)        0.019 (pade)        0.013 (series)        3.789 (mix)        0.001 (add) 
Cl( 3, 3) in Cl( 4, 4) CPU =        1.726 ms (setup)        4.141 (comm)        0.019 (pade)        0.013 (series)        5.633 (mix)        0.001 (add) 
Cl( 4, 3) in Cl( 4, 4) CPU =        2.081 ms (setup)       11.978 (comm)        1.524 (pade)        0.011 (series)       10.447 (mix)        0.001 (add) 
Cl( 4, 4) in Cl( 4, 4) CPU =        0.285 ms (setup)       18.171 (comm)        0.020 (pade)        1.518 (series)       18.149 (mix)        0.001 (add) 
Fill: 1
Cl( 1, 0) in Cl( 1, 0) CPU =        0.005 ms (setup)        0.018 (comm)        0.007 (pade)        0.002 (series)        0.015 (mix)        0.001 (add) 
Cl( 1, 1) in Cl( 1, 1) CPU =        0.004 ms (setup)        0.027 (comm)        0.007 (pade)        0.002 (series)        0.026 (mix)        0.001 (add) 
Cl( 2, 1) in Cl( 2, 1) CPU =        0.007 ms (setup)        0.091 (comm)        0.009 (pade)        0.002 (series)        1.596 (mix)        0.001 (add) 
Cl( 2, 2) in Cl( 2, 2) CPU =        0.016 ms (setup)        0.149 (comm)        0.008 (pade)        0.002 (series)        1.653 (mix)        0.001 (add) 
Cl( 3, 2) in Cl( 3, 2) CPU =        0.041 ms (setup)        2.063 (comm)        0.012 (pade)        0.006 (series)        2.074 (mix)        0.001 (add) 
Cl( 3, 3) in Cl( 3, 3) CPU =        0.077 ms (setup)        3.894 (comm)        0.011 (pade)        0.006 (series)        3.873 (mix)        0.001 (add) 
Cl( 4, 3) in Cl( 4, 3) CPU =        1.709 ms (setup)       14.094 (comm)        0.019 (pade)        0.011 (series)       14.082 (mix)        0.001 (add) 
Cl( 4, 4) in Cl( 4, 4) CPU =        0.405 ms (setup)       20.345 (comm)        0.020 (pade)        0.011 (series)       21.861 (mix)        0.001 (add) 
Cl( 1, 0) in Cl( 4, 4) CPU =        0.007 ms (setup)        0.156 (comm)        0.017 (pade)        0.013 (series)        0.149 (mix)        0.001 (add) 
Cl( 1, 1) in Cl( 4, 4) CPU =        0.011 ms (setup)        1.723 (comm)        0.018 (pade)        0.013 (series)        0.206 (mix)        0.001 (add) 
Cl( 2, 1) in Cl( 4, 4) CPU =        0.029 ms (setup)        0.304 (comm)        0.020 (pade)        0.012 (series)        0.296 (mix)        0.001 (add) 
Cl( 2, 2) in Cl( 4, 4) CPU =        1.578 ms (setup)        1.951 (comm)        0.018 (pade)        0.012 (series)        0.438 (mix)        0.001 (add) 
Cl( 3, 2) in Cl( 4, 4) CPU =        0.169 ms (setup)        3.884 (comm)        0.019 (pade)        0.012 (series)        2.365 (mix)        0.001 (add) 
Cl( 3, 3) in Cl( 4, 4) CPU =        0.271 ms (setup)        4.341 (comm)        0.020 (pade)        0.012 (series)        4.339 (mix)        0.001 (add) 
Cl( 4, 3) in Cl( 4, 4) CPU =        3.753 ms (setup)       15.814 (comm)        0.022 (pade)        0.013 (series)       15.801 (mix)        0.001 (add) 
Cl( 4, 4) in Cl( 4, 4) CPU =        1.911 ms (setup)       21.852 (comm)        0.020 (pade)        0.012 (series)       21.852 (mix)        0.001 (add) 

framed_multi<double>
Clifford algebra expressions test:
Fill: 0.5
Cl( 1, 0) in Cl( 1, 0) CPU =        0.005 ms (setup)        0.003 (comm)        0.012 (pade)        0.004 (series)        0.002 (mix)        0.003 (add) 
Cl( 1, 1) in Cl( 1, 1) CPU =        0.002 ms (setup)        0.001 (comm)        0.012 (pade)        0.002 (series)        0.001 (mix)        0.003 (add) 
Cl( 2, 1) in Cl( 2, 1) CPU =        0.003 ms (setup)        0.011 (comm)        0.024 (pade)        0.013 (series)        0.004 (mix)        0.003 (add) 
Cl( 2, 2) in Cl( 2, 2) CPU =        0.005 ms (setup)        0.020 (comm)        0.026 (pade)        0.025 (series)        0.007 (mix)        0.004 (add) 
Cl( 3, 2) in Cl( 3, 2) CPU =        0.007 ms (setup)        0.044 (comm)        0.100 (pade)        0.045 (series)        0.016 (mix)        0.005 (add) 
Cl( 3, 3) in Cl( 3, 3) CPU =        0.017 ms (setup)        0.115 (comm)        1.631 (pade)        0.188 (series)        0.038 (mix)        0.007 (add) 
Cl( 4, 3) in Cl( 4, 3) CPU =        0.033 ms (setup)        0.286 (comm)        0.416 (pade)        2.050 (series)        0.091 (mix)        0.013 (add) 
Cl( 4, 4) in Cl( 4, 4) CPU =        0.067 ms (setup)        5.783 (comm)        2.077 (pade)        8.168 (series)        1.744 (mix)        0.026 (add) 
Cl( 5, 4) in Cl( 5, 4) CPU =        0.132 ms (setup)       17.693 (comm)        7.929 (pade)       29.915 (series)        2.115 (mix)        0.056 (add) 
Cl( 5, 5) in Cl( 5, 5) CPU =        0.268 ms (setup)       25.976 (comm)       11.697 (pade)       40.310 (series)        6.147 (mix)        1.613 (add) 
Cl( 6, 5) in Cl( 6, 5) CPU =        2.066 ms (setup)       66.908 (comm)       37.869 (pade)      108.975 (series)        3.908 (mix)        0.196 (add) 
Cl( 6, 6) in Cl( 6, 6) CPU =        0.990 ms (setup)       31.323 (comm)       51.805 (pade)      100.516 (series)       11.079 (mix)        0.373 (add) 
Cl( 7, 6) in Cl( 7, 6) CPU =        1.995 ms (setup)      458.152 (comm)      171.787 (pade)      669.755 (series)       78.671 (mix)        0.763 (add) 
Cl( 7, 7) in Cl( 7, 7) CPU =        3.925 ms (setup)      643.083 (comm)      238.242 (pade)      937.712 (series)       95.020 (mix)        1.550 (add) 
Cl( 8, 7) in Cl( 8, 7) CPU =        8.127 ms (setup)     1206.228 (comm)      479.209 (pade)     1900.711 (series)      284.279 (mix)        3.226 (add) 
Cl( 8, 8) in Cl( 8, 8) CPU =       16.462 ms (setup)     1925.335 (comm)      559.869 (pade)     2209.971 (series)      856.466 (mix)        8.518 (add) 
Cl( 1, 0) in Cl( 8, 8) CPU =        0.004 ms (setup)        0.003 (comm)        0.005 (pade)        0.003 (series)        0.001 (mix)        0.003 (add) 
Cl( 1, 1) in Cl( 8, 8) CPU =        0.002 ms (setup)        0.003 (comm)        0.011 (pade)        0.001 (series)        0.001 (mix)        0.003 (add) 
Cl( 2, 1) in Cl( 8, 8) CPU =        0.003 ms (setup)        0.077 (comm)        0.022 (pade)        0.011 (series)        0.004 (mix)        0.003 (add) 
Cl( 2, 2) in Cl( 8, 8) CPU =        0.004 ms (setup)        0.021 (comm)        0.027 (pade)        0.023 (series)        0.007 (mix)        0.004 (add) 
Cl( 3, 2) in Cl( 8, 8) CPU =        0.007 ms (setup)        0.034 (comm)        0.074 (pade)        1.496 (series)        0.012 (mix)        0.004 (add) 
Cl( 3, 3) in Cl( 8, 8) CPU =        0.015 ms (setup)        0.117 (comm)        0.126 (pade)        0.178 (series)        0.040 (mix)        0.007 (add) 
Cl( 4, 3) in Cl( 8, 8) CPU =        0.031 ms (setup)        0.289 (comm)        0.414 (pade)        2.040 (series)        0.092 (mix)        0.014 (add) 
Cl( 4, 4) in Cl( 8, 8) CPU =        1.571 ms (setup)        4.254 (comm)        2.073 (pade)        9.690 (series)        0.253 (mix)        0.026 (add) 
Cl( 5, 4) in Cl( 8, 8) CPU =        0.134 ms (setup)       16.142 (comm)        7.896 (pade)       29.840 (series)        2.095 (mix)        0.049 (add) 
Cl( 5, 5) in Cl( 8, 8) CPU =        1.766 ms (setup)       25.786 (comm)       10.093 (pade)       41.589 (series)        6.045 (mix)        1.600 (add) 
Cl( 6, 5) in Cl( 8, 8) CPU =        2.044 ms (setup)       70.767 (comm)       35.892 (pade)      111.409 (series)        3.875 (mix)        0.178 (add) 
Cl( 6, 6) in Cl( 8, 8) CPU =        0.957 ms (setup)       30.910 (comm)       49.832 (pade)      101.558 (series)       10.896 (mix)        0.362 (add) 
Cl( 7, 6) in Cl( 8, 8) CPU =        1.959 ms (setup)      459.463 (comm)      171.966 (pade)      668.090 (series)       78.491 (mix)        0.783 (add) 
Cl( 7, 7) in Cl( 8, 8) CPU =        4.162 ms (setup)      643.076 (comm)      238.401 (pade)      939.792 (series)       96.478 (mix)        1.566 (add) 
Cl( 8, 7) in Cl( 8, 8) CPU =        8.026 ms (setup)     1217.009 (comm)      485.480 (pade)     1898.184 (series)      291.013 (mix)        3.333 (add) 
Cl( 8, 8) in Cl( 8, 8) CPU =       16.443 ms (setup)     1916.939 (comm)      561.846 (pade)     2208.178 (series)      873.399 (mix)        7.929 (add) 
Fill: 1
Cl( 1, 0) in Cl( 1, 0) CPU =        0.004 ms (setup)        0.005 (comm)        0.051 (pade)        0.007 (series)        0.002 (mix)        0.003 (add) 
Cl( 1, 1) in Cl( 1, 1) CPU =        0.003 ms (setup)        0.009 (comm)        0.012 (pade)        0.010 (series)        0.003 (mix)        0.003 (add) 
Cl( 2, 1) in Cl( 2, 1) CPU =        0.004 ms (setup)        0.015 (comm)        0.024 (pade)        0.018 (series)        0.005 (mix)        0.003 (add) 
Cl( 2, 2) in Cl( 2, 2) CPU =        0.006 ms (setup)        0.029 (comm)        0.035 (pade)        0.037 (series)        0.010 (mix)        0.004 (add) 
Cl( 3, 2) in Cl( 3, 2) CPU =        0.013 ms (setup)        0.073 (comm)        0.102 (pade)        0.102 (series)        0.022 (mix)        0.007 (add) 
Cl( 3, 3) in Cl( 3, 3) CPU =        0.026 ms (setup)        0.207 (comm)        1.643 (pade)        1.810 (series)        0.052 (mix)        0.013 (add) 
Cl( 4, 3) in Cl( 4, 3) CPU =        0.055 ms (setup)        2.139 (comm)        1.957 (pade)        4.018 (series)        1.631 (mix)        0.022 (add) 
Cl( 4, 4) in Cl( 4, 4) CPU =        0.110 ms (setup)        6.052 (comm)        3.639 (pade)        9.947 (series)        1.820 (mix)        0.044 (add) 
Cl( 5, 4) in Cl( 5, 4) CPU =        1.732 ms (setup)       19.919 (comm)        8.104 (pade)       33.694 (series)        3.821 (mix)        0.088 (add) 
Cl( 5, 5) in Cl( 5, 5) CPU =        1.944 ms (setup)       32.097 (comm)       12.021 (pade)       47.848 (series)        8.159 (mix)        0.178 (add) 
Cl( 6, 5) in Cl( 6, 5) CPU =        3.924 ms (setup)       52.677 (comm)       39.971 (pade)      107.647 (series)        6.063 (mix)        0.387 (add) 
Cl( 6, 6) in Cl( 6, 6) CPU =        1.780 ms (setup)       40.578 (comm)       58.021 (pade)       95.537 (series)       14.954 (mix)        0.681 (add) 
Cl( 7, 6) in Cl( 7, 6) CPU =        3.277 ms (setup)      561.227 (comm)      195.653 (pade)      761.817 (series)       70.031 (mix)        1.405 (add) 
Cl( 7, 7) in Cl( 7, 7) CPU =        6.654 ms (setup)      760.562 (comm)      294.055 (pade)     1136.023 (series)      130.977 (mix)        3.013 (add) 
Cl( 8, 7) in Cl( 8, 7) CPU =       13.870 ms (setup)     1404.594 (comm)      512.157 (pade)     2012.810 (series)      403.102 (mix)        7.078 (add) 
Cl( 8, 8) in Cl( 8, 8) CPU =       28.202 ms (setup)     2445.260 (comm)      625.029 (pade)     2451.943 (series)     1205.656 (mix)       14.317 (add) 
Cl( 1, 0) in Cl( 8, 8) CPU =        0.004 ms (setup)        0.005 (comm)        0.011 (pade)        0.009 (series)        0.002 (mix)        0.003 (add) 
Cl( 1, 1) in Cl( 8, 8) CPU =        0.003 ms (setup)        0.008 (comm)        0.012 (pade)        0.009 (series)        0.003 (mix)        0.003 (add) 
Cl( 2, 1) in Cl( 8, 8) CPU =        0.005 ms (setup)        0.014 (comm)        0.037 (pade)        0.028 (series)        0.008 (mix)        0.005 (add) 
Cl( 2, 2) in Cl( 8, 8) CPU =        0.009 ms (setup)        0.045 (comm)        0.051 (pade)        1.276 (series)        0.016 (mix)        0.005 (add) 
Cl( 3, 2) in Cl( 8, 8) CPU =        0.018 ms (setup)        0.114 (comm)        1.656 (pade)        0.156 (series)        0.035 (mix)        0.009 (add) 
Cl( 3, 3) in Cl( 8, 8) CPU =        0.037 ms (setup)        0.317 (comm)        0.203 (pade)        1.971 (series)        1.590 (mix)        0.015 (add) 
Cl( 4, 3) in Cl( 8, 8) CPU =        0.079 ms (setup)        3.976 (comm)        2.177 (pade)        7.543 (series)        0.201 (mix)        0.027 (add) 
Cl( 4, 4) in Cl( 8, 8) CPU =        1.665 ms (setup)        9.832 (comm)        3.946 (pade)       13.984 (series)        1.812 (mix)        0.044 (add) 
Cl( 5, 4) in Cl( 8, 8) CPU =        0.227 ms (setup)       19.936 (comm)        8.101 (pade)       33.696 (series)        2.317 (mix)        1.592 (add) 
Cl( 5, 5) in Cl( 8, 8) CPU =        1.953 ms (setup)       32.115 (comm)       12.020 (pade)       47.848 (series)        8.158 (mix)        0.177 (add) 
Cl( 6, 5) in Cl( 8, 8) CPU =        3.933 ms (setup)       53.283 (comm)       39.964 (pade)      108.749 (series)        5.303 (mix)        0.328 (add) 
Cl( 6, 6) in Cl( 8, 8) CPU =        1.627 ms (setup)       41.057 (comm)       58.092 (pade)       95.985 (series)       15.027 (mix)        0.685 (add) 
Cl( 7, 6) in Cl( 8, 8) CPU =        3.391 ms (setup)      562.797 (comm)      196.005 (pade)      763.939 (series)       69.572 (mix)        1.405 (add) 
Cl( 7, 7) in Cl( 8, 8) CPU =        6.793 ms (setup)      760.268 (comm)      289.769 (pade)     1137.555 (series)      132.308 (mix)        2.901 (add) 
Cl( 8, 7) in Cl( 8, 8) CPU =       13.648 ms (setup)     1408.658 (comm)      512.455 (pade)     2023.417 (series)      398.847 (mix)        7.276 (add) 
Cl( 8, 8) in Cl( 8, 8) CPU =       28.221 ms (setup)     2450.843 (comm)      626.615 (pade)     2455.327 (series)     1203.721 (mix)       16.491 (add) 

matrix_multi<double>
Clifford algebra expressions test:
Fill: 0.5
Cl( 1, 0) in Cl( 1, 0) CPU =        0.007 ms (setup)        0.011 (comm)        0.005 (pade)        0.002 (series)        0.009 (mix)        0.001 (add) 
Cl( 1, 1) in Cl( 1, 1) CPU =        0.015 ms (setup)        0.009 (comm)        0.006 (pade)        0.002 (series)        0.007 (mix)        0.001 (add) 
Cl( 2, 1) in Cl( 2, 1) CPU =        0.007 ms (setup)        0.068 (comm)        0.013 (pade)        0.004 (series)        0.113 (mix)        0.001 (add) 
Cl( 2, 2) in Cl( 2, 2) CPU =        0.011 ms (setup)        1.429 (comm)        0.011 (pade)        0.004 (series)        1.701 (mix)        0.001 (add) 
Cl( 3, 2) in Cl( 3, 2) CPU =        0.063 ms (setup)        3.618 (comm)        0.017 (pade)        0.011 (series)        3.607 (mix)        0.002 (add) 
Cl( 3, 3) in Cl( 3, 3) CPU =        0.097 ms (setup)        4.092 (comm)        0.018 (pade)        0.010 (series)        4.082 (mix)        0.002 (add) 
Cl( 4, 3) in Cl( 4, 3) CPU =        1.740 ms (setup)       18.153 (comm)        0.035 (pade)        0.030 (series)       16.017 (mix)        0.002 (add) 
Cl( 4, 4) in Cl( 4, 4) CPU =        1.800 ms (setup)       18.014 (comm)        0.024 (pade)        0.018 (series)       17.966 (mix)        0.002 (add) 
Cl( 5, 4) in Cl( 5, 4) CPU =        2.196 ms (setup)       70.187 (comm)        0.057 (pade)        0.057 (series)       70.140 (mix)        0.005 (add) 
Cl( 5, 5) in Cl( 5, 5) CPU =        4.341 ms (setup)       36.979 (comm)        0.057 (pade)        0.058 (series)      101.782 (mix)        0.005 (add) 
Cl( 6, 5) in Cl( 6, 5) CPU =       12.059 ms (setup)       88.105 (comm)        0.433 (pade)        1.829 (series)       87.186 (mix)        0.019 (add) 
Cl( 6, 6) in Cl( 6, 6) CPU =        5.333 ms (setup)      120.639 (comm)        0.578 (pade)        1.828 (series)      120.683 (mix)        0.026 (add) 
Cl( 7, 6) in Cl( 7, 6) CPU =       12.665 ms (setup)     1300.069 (comm)        2.226 (pade)        3.869 (series)     1119.832 (mix)        0.097 (add) 
Cl( 7, 7) in Cl( 7, 7) CPU =       24.457 ms (setup)     1583.606 (comm)        2.224 (pade)        3.871 (series)     1288.707 (mix)        0.098 (add) 
Cl( 8, 7) in Cl( 8, 7) CPU =       62.638 ms (setup)     4987.947 (comm)       14.104 (pade)       24.126 (series)     4527.738 (mix)        0.588 (add) 
Cl( 8, 8) in Cl( 8, 8) CPU =      119.217 ms (setup)     5318.056 (comm)       13.962 (pade)       24.198 (series)     5009.361 (mix)        0.435 (add) 
Cl( 1, 0) in Cl( 8, 8) CPU =        0.065 ms (setup)      131.870 (comm)        5.862 (pade)       23.915 (series)      121.605 (mix)        1.963 (add) 
Cl( 1, 1) in Cl( 8, 8) CPU =        0.102 ms (setup)      170.264 (comm)       11.675 (pade)       23.922 (series)      159.716 (mix)        1.964 (add) 
Cl( 2, 1) in Cl( 8, 8) CPU =        0.192 ms (setup)      249.657 (comm)       11.942 (pade)       23.973 (series)      241.795 (mix)        1.969 (add) 
Cl( 2, 2) in Cl( 8, 8) CPU =        1.866 ms (setup)      350.346 (comm)       11.971 (pade)       23.994 (series)      343.598 (mix)        0.462 (add) 
Cl( 3, 2) in Cl( 8, 8) CPU =       14.239 ms (setup)      447.949 (comm)       13.979 (pade)       24.039 (series)      439.845 (mix)        1.967 (add) 
Cl( 3, 3) in Cl( 8, 8) CPU =       19.910 ms (setup)      593.760 (comm)       13.914 (pade)       24.120 (series)      580.188 (mix)        1.954 (add) 
Cl( 4, 3) in Cl( 8, 8) CPU =       20.266 ms (setup)      673.844 (comm)       17.930 (pade)       25.691 (series)      659.706 (mix)        1.969 (add) 
Cl( 4, 4) in Cl( 8, 8) CPU =       23.740 ms (setup)      891.654 (comm)       16.428 (pade)       24.316 (series)      883.047 (mix)        1.958 (add) 
Cl( 5, 4) in Cl( 8, 8) CPU =       29.958 ms (setup)     1167.163 (comm)       25.817 (pade)       25.742 (series)     1145.810 (mix)        1.955 (add) 
Cl( 5, 5) in Cl( 8, 8) CPU =       30.386 ms (setup)     1337.514 (comm)       25.861 (pade)       23.927 (series)     1327.802 (mix)        1.954 (add) 
Cl( 6, 5) in Cl( 8, 8) CPU =       51.278 ms (setup)     1771.166 (comm)       14.219 (pade)       23.929 (series)     1722.541 (mix)        0.409 (add) 
Cl( 6, 6) in Cl( 8, 8) CPU =       24.983 ms (setup)     1970.995 (comm)       13.969 (pade)       25.776 (series)     1837.344 (mix)        0.410 (add) 
Cl( 7, 6) in Cl( 8, 8) CPU =       57.766 ms (setup)     2519.715 (comm)       13.957 (pade)       24.135 (series)     2243.711 (mix)        0.419 (add) 
Cl( 7, 7) in Cl( 8, 8) CPU =      101.520 ms (setup)     2956.821 (comm)       13.982 (pade)       24.096 (series)     2663.823 (mix)        0.411 (add) 
Cl( 8, 7) in Cl( 8, 8) CPU =      241.189 ms (setup)     4588.744 (comm)       14.085 (pade)       23.817 (series)     4320.628 (mix)        0.414 (add) 
Cl( 8, 8) in Cl( 8, 8) CPU =      120.823 ms (setup)     5244.349 (comm)       13.998 (pade)       25.802 (series)     4939.485 (mix)        0.504 (add) 
Fill: 1
Cl( 1, 0) in Cl( 1, 0) CPU =        0.004 ms (setup)        0.017 (comm)        0.007 (pade)        0.003 (series)        0.014 (mix)        0.001 (add) 
Cl( 1, 1) in Cl( 1, 1) CPU =        0.005 ms (setup)        0.025 (comm)        0.007 (pade)        0.002 (series)        0.022 (mix)        0.001 (add) 
Cl( 2, 1) in Cl( 2, 1) CPU =        0.009 ms (setup)        0.088 (comm)        0.008 (pade)        0.003 (series)        0.784 (mix)        0.001 (add) 
Cl( 2, 2) in Cl( 2, 2) CPU =        0.024 ms (setup)        0.154 (comm)        0.009 (pade)        0.003 (series)        1.659 (mix)        0.001 (add) 
Cl( 3, 2) in Cl( 3, 2) CPU =        0.044 ms (setup)        2.065 (comm)        0.012 (pade)        0.007 (series)        2.060 (mix)        0.001 (add) 
Cl( 3, 3) in Cl( 3, 3) CPU =        0.084 ms (setup)        2.378 (comm)        0.012 (pade)        0.007 (series)        3.886 (mix)        0.001 (add) 
Cl( 4, 3) in Cl( 4, 3) CPU =        1.720 ms (setup)       15.588 (comm)        0.024 (pade)        0.018 (series)       14.079 (mix)        0.003 (add) 
Cl( 4, 4) in Cl( 4, 4) CPU =        1.920 ms (setup)       20.213 (comm)        1.532 (pade)        0.018 (series)       20.221 (mix)        0.002 (add) 
Cl( 5, 4) in Cl( 5, 4) CPU =        4.007 ms (setup)       76.218 (comm)        0.057 (pade)        0.058 (series)       76.209 (mix)        0.005 (add) 
Cl( 5, 5) in Cl( 5, 5) CPU =        7.970 ms (setup)       26.614 (comm)        0.058 (pade)        0.058 (series)      109.875 (mix)        0.005 (add) 
Cl( 6, 5) in Cl( 6, 5) CPU =       11.765 ms (setup)       94.237 (comm)        0.170 (pade)        1.819 (series)       94.990 (mix)        0.022 (add) 
Cl( 6, 6) in Cl( 6, 6) CPU =        8.278 ms (setup)      128.714 (comm)        0.652 (pade)        1.818 (series)      128.611 (mix)        0.020 (add) 
Cl( 7, 6) in Cl( 7, 6) CPU =       19.563 ms (setup)     1378.570 (comm)        2.191 (pade)        3.869 (series)     1163.834 (mix)        0.096 (add) 
Cl( 7, 7) in Cl( 7, 7) CPU =       40.684 ms (setup)     1633.291 (comm)        3.131 (pade)        2.355 (series)     1347.015 (mix)        0.096 (add) 
Cl( 8, 7) in Cl( 8, 7) CPU =      102.801 ms (setup)     5715.762 (comm)       14.069 (pade)       25.728 (series)     5246.890 (mix)        0.419 (add) 
Cl( 8, 8) in Cl( 8, 8) CPU =      207.409 ms (setup)     5727.939 (comm)       13.946 (pade)       22.147 (series)     5390.195 (mix)        0.412 (add) 
Cl( 1, 0) in Cl( 8, 8) CPU =        0.082 ms (setup)      186.206 (comm)       10.158 (pade)       23.941 (series)      174.041 (mix)        1.964 (add) 
Cl( 1, 1) in Cl( 8, 8) CPU =        0.147 ms (setup)      232.175 (comm)       10.162 (pade)       24.038 (series)      223.793 (mix)        1.966 (add) 
Cl( 2, 1) in Cl( 8, 8) CPU =        0.297 ms (setup)      297.791 (comm)       11.945 (pade)       25.577 (series)      289.446 (mix)        0.461 (add) 
Cl( 2, 2) in Cl( 8, 8) CPU =       18.253 ms (setup)      381.490 (comm)       11.963 (pade)       24.189 (series)      365.899 (mix)        1.954 (add) 
Cl( 3, 2) in Cl( 8, 8) CPU =       19.883 ms (setup)      483.821 (comm)       13.937 (pade)       25.698 (series)      469.827 (mix)        1.960 (add) 
Cl( 3, 3) in Cl( 8, 8) CPU =       20.014 ms (setup)      653.897 (comm)       13.959 (pade)       24.244 (series)      638.146 (mix)        1.976 (add) 
Cl( 4, 3) in Cl( 8, 8) CPU =       22.323 ms (setup)      877.731 (comm)       17.897 (pade)       24.233 (series)      864.168 (mix)        1.965 (add) 
Cl( 4, 4) in Cl( 8, 8) CPU =       24.201 ms (setup)     1068.080 (comm)       17.922 (pade)       25.721 (series)     1051.899 (mix)        1.956 (add) 
Cl( 5, 4) in Cl( 8, 8) CPU =       27.660 ms (setup)     1319.839 (comm)       26.118 (pade)       23.832 (series)     1303.590 (mix)        1.957 (add) 
Cl( 5, 5) in Cl( 8, 8) CPU =       38.178 ms (setup)     1548.104 (comm)       26.012 (pade)       22.276 (series)     1537.990 (mix)        1.976 (add) 
Cl( 6, 5) in Cl( 8, 8) CPU =       37.427 ms (setup)     1919.892 (comm)       13.974 (pade)       24.226 (series)     1834.242 (mix)        0.424 (add) 
Cl( 6, 6) in Cl( 8, 8) CPU =       32.547 ms (setup)     2198.051 (comm)       13.968 (pade)       25.674 (series)     2034.814 (mix)        0.414 (add) 
Cl( 7, 6) in Cl( 8, 8) CPU =       75.341 ms (setup)     2840.443 (comm)       13.982 (pade)       24.148 (series)     2524.405 (mix)        0.411 (add) 
Cl( 7, 7) in Cl( 8, 8) CPU =      136.111 ms (setup)     3140.994 (comm)       14.024 (pade)       23.692 (series)     2840.034 (mix)        0.424 (add) 
Cl( 8, 7) in Cl( 8, 8) CPU =      336.164 ms (setup)     4818.066 (comm)       14.016 (pade)       23.759 (series)     4526.448 (mix)        0.485 (add) 
Cl( 8, 8) in Cl( 8, 8) CPU =      207.697 ms (setup)     5724.900 (comm)       13.976 (pade)       24.208 (series)     5414.557 (mix)        0.416 (add) 
