
framed_multi<float,-4,4>
Clifford algebra products test:
Fill: 0.5
Cl( 1, 0) in Cl( 1, 0) CPU =        0.004 ms (setup)        0.004 (*)        0.001 (^)        0.001 (&)        0.001 (%) 
Cl( 1, 1) in Cl( 1, 1) CPU =        0.001 ms (setup)        0.001 (*)        0.001 (^)        0.001 (&)        0.001 (%) 
Cl( 2, 1) in Cl( 2, 1) CPU =        0.002 ms (setup)        0.003 (*)        0.002 (^)        0.002 (&)        0.002 (%) 
Cl( 2, 2) in Cl( 2, 2) CPU =        0.002 ms (setup)        0.005 (*)        0.003 (^)        0.003 (&)        0.003 (%) 
Cl( 3, 2) in Cl( 3, 2) CPU =        0.005 ms (setup)        0.010 (*)        0.006 (^)        0.006 (&)        0.005 (%) 
Cl( 3, 3) in Cl( 3, 3) CPU =        0.007 ms (setup)        0.024 (*)        0.013 (^)        0.013 (&)        0.011 (%) 
Cl( 4, 3) in Cl( 4, 3) CPU =        0.016 ms (setup)        0.072 (*)        1.542 (^)        0.037 (&)        0.029 (%) 
Cl( 4, 4) in Cl( 4, 4) CPU =        0.031 ms (setup)        3.541 (*)        0.093 (^)        0.089 (&)        0.066 (%) 
Cl( 1, 0) in Cl( 4, 4) CPU =        0.001 ms (setup)        0.001 (*)        0.001 (^)        0.001 (&)        0.001 (%) 
Cl( 1, 1) in Cl( 4, 4) CPU =        0.002 ms (setup)        0.001 (*)        0.001 (^)        0.001 (&)        0.001 (%) 
Cl( 2, 1) in Cl( 4, 4) CPU =        0.002 ms (setup)        0.003 (*)        0.002 (^)        0.002 (&)        0.002 (%) 
Cl( 2, 2) in Cl( 4, 4) CPU =        0.002 ms (setup)        0.003 (*)        0.002 (^)        0.002 (&)        0.002 (%) 
Cl( 3, 2) in Cl( 4, 4) CPU =        0.004 ms (setup)        0.011 (*)        0.007 (^)        0.006 (&)        0.005 (%) 
Cl( 3, 3) in Cl( 4, 4) CPU =        0.007 ms (setup)        0.024 (*)        0.015 (^)        0.012 (&)        0.011 (%) 
Cl( 4, 3) in Cl( 4, 4) CPU =        0.015 ms (setup)        0.076 (*)        0.036 (^)        0.039 (&)        0.032 (%) 
Cl( 4, 4) in Cl( 4, 4) CPU =        1.552 ms (setup)        2.036 (*)        0.095 (^)        0.102 (&)        0.072 (%) 
Fill: 1
Cl( 1, 0) in Cl( 1, 0) CPU =        0.001 ms (setup)        0.002 (*)        0.001 (^)        0.001 (&)        0.002 (%) 
Cl( 1, 1) in Cl( 1, 1) CPU =        0.002 ms (setup)        0.003 (*)        0.001 (^)        0.001 (&)        0.001 (%) 
Cl( 2, 1) in Cl( 2, 1) CPU =        0.002 ms (setup)        0.004 (*)        0.002 (^)        0.002 (&)        0.003 (%) 
Cl( 2, 2) in Cl( 2, 2) CPU =        0.003 ms (setup)        0.007 (*)        0.004 (^)        0.004 (&)        0.004 (%) 
Cl( 3, 2) in Cl( 3, 2) CPU =        0.005 ms (setup)        0.018 (*)        0.007 (^)        0.009 (&)        0.008 (%) 
Cl( 3, 3) in Cl( 3, 3) CPU =        0.011 ms (setup)        1.555 (*)        0.017 (^)        0.024 (&)        0.019 (%) 
Cl( 4, 3) in Cl( 4, 3) CPU =        0.024 ms (setup)        0.171 (*)        1.543 (^)        0.062 (&)        0.046 (%) 
Cl( 4, 4) in Cl( 4, 4) CPU =        0.052 ms (setup)        2.167 (*)        0.101 (^)        1.674 (&)        0.119 (%) 
Cl( 1, 0) in Cl( 4, 4) CPU =        0.001 ms (setup)        0.002 (*)        0.001 (^)        0.001 (&)        0.001 (%) 
Cl( 1, 1) in Cl( 4, 4) CPU =        0.001 ms (setup)        0.002 (*)        0.002 (^)        0.002 (&)        0.002 (%) 
Cl( 2, 1) in Cl( 4, 4) CPU =        0.002 ms (setup)        0.004 (*)        0.002 (^)        0.002 (&)        0.002 (%) 
Cl( 2, 2) in Cl( 4, 4) CPU =        0.003 ms (setup)        0.007 (*)        0.004 (^)        0.004 (&)        0.004 (%) 
Cl( 3, 2) in Cl( 4, 4) CPU =        0.005 ms (setup)        0.018 (*)        1.518 (^)        0.009 (&)        0.008 (%) 
Cl( 3, 3) in Cl( 4, 4) CPU =        0.011 ms (setup)        0.052 (*)        0.018 (^)        0.024 (&)        0.019 (%) 
Cl( 4, 3) in Cl( 4, 4) CPU =        0.024 ms (setup)        1.674 (*)        0.040 (^)        0.062 (&)        0.046 (%) 
Cl( 4, 4) in Cl( 4, 4) CPU =        0.053 ms (setup)        2.158 (*)        0.101 (^)        0.172 (&)        0.120 (%) 

matrix_multi<float,-4,4>
Clifford algebra products test:
Fill: 0.5
Cl( 1, 0) in Cl( 1, 0) CPU =        0.012 ms (setup)        0.001 (*)        0.009 (^)        0.007 (&)        0.011 (%) 
Cl( 1, 1) in Cl( 1, 1) CPU =        0.005 ms (setup)        0.001 (*)        0.007 (^)        0.007 (&)        0.007 (%) 
Cl( 2, 1) in Cl( 2, 1) CPU =        0.003 ms (setup)        0.001 (*)        0.015 (^)        0.024 (&)        0.024 (%) 
Cl( 2, 2) in Cl( 2, 2) CPU =        0.009 ms (setup)        0.001 (*)        0.058 (^)        0.037 (&)        0.050 (%) 
Cl( 3, 2) in Cl( 3, 2) CPU =        0.018 ms (setup)        0.002 (*)        0.234 (^)        1.699 (&)        1.720 (%) 
Cl( 3, 3) in Cl( 3, 3) CPU =        0.032 ms (setup)        0.002 (*)        1.820 (^)        1.846 (&)        1.843 (%) 
Cl( 4, 3) in Cl( 4, 3) CPU =        0.076 ms (setup)        0.003 (*)        4.385 (^)        5.896 (&)        5.934 (%) 
Cl( 4, 4) in Cl( 4, 4) CPU =        0.145 ms (setup)        0.003 (*)        8.271 (^)        8.309 (&)        9.892 (%) 
Cl( 1, 0) in Cl( 4, 4) CPU =        0.001 ms (setup)        0.003 (*)        0.011 (^)        0.011 (&)        0.011 (%) 
Cl( 1, 1) in Cl( 4, 4) CPU =        0.007 ms (setup)        0.003 (*)        0.108 (^)        0.069 (&)        1.601 (%) 
Cl( 2, 1) in Cl( 4, 4) CPU =        0.014 ms (setup)        0.003 (*)        0.128 (^)        0.085 (&)        1.611 (%) 
Cl( 2, 2) in Cl( 4, 4) CPU =        0.027 ms (setup)        0.003 (*)        0.226 (^)        0.149 (&)        0.178 (%) 
Cl( 3, 2) in Cl( 4, 4) CPU =        0.077 ms (setup)        0.003 (*)        1.780 (^)        0.254 (&)        0.246 (%) 
Cl( 3, 3) in Cl( 4, 4) CPU =        0.111 ms (setup)        0.003 (*)        2.027 (^)        1.967 (&)        1.956 (%) 
Cl( 4, 3) in Cl( 4, 4) CPU =        1.788 ms (setup)        0.003 (*)        5.957 (^)        5.963 (&)        5.974 (%) 
Cl( 4, 4) in Cl( 4, 4) CPU =        1.649 ms (setup)        0.003 (*)        2.609 (^)        2.087 (&)        2.086 (%) 
Fill: 1
Cl( 1, 0) in Cl( 1, 0) CPU =        0.002 ms (setup)        0.001 (*)        0.009 (^)        0.006 (&)        0.008 (%) 
Cl( 1, 1) in Cl( 1, 1) CPU =        0.003 ms (setup)        0.001 (*)        0.013 (^)        0.009 (&)        0.014 (%) 
Cl( 2, 1) in Cl( 2, 1) CPU =        0.004 ms (setup)        0.001 (*)        0.045 (^)        0.036 (&)        0.042 (%) 
Cl( 2, 2) in Cl( 2, 2) CPU =        0.009 ms (setup)        0.001 (*)        0.068 (^)        0.063 (&)        0.067 (%) 
Cl( 3, 2) in Cl( 3, 2) CPU =        0.019 ms (setup)        0.002 (*)        0.244 (^)        0.237 (&)        0.247 (%) 
Cl( 3, 3) in Cl( 3, 3) CPU =        0.036 ms (setup)        0.002 (*)        0.377 (^)        0.361 (&)        0.395 (%) 
Cl( 4, 3) in Cl( 4, 3) CPU =        0.093 ms (setup)        0.003 (*)        1.575 (^)        1.607 (&)        1.625 (%) 
Cl( 4, 4) in Cl( 4, 4) CPU =        0.182 ms (setup)        0.002 (*)        2.389 (^)        2.332 (&)        2.591 (%) 
Cl( 1, 0) in Cl( 4, 4) CPU =        0.005 ms (setup)        0.003 (*)        0.084 (^)        0.054 (&)        0.068 (%) 
Cl( 1, 1) in Cl( 4, 4) CPU =        0.005 ms (setup)        0.003 (*)        0.097 (^)        0.073 (&)        0.085 (%) 
Cl( 2, 1) in Cl( 4, 4) CPU =        0.015 ms (setup)        0.003 (*)        0.165 (^)        0.104 (&)        0.146 (%) 
Cl( 2, 2) in Cl( 4, 4) CPU =        0.035 ms (setup)        0.003 (*)        0.210 (^)        0.148 (&)        0.166 (%) 
Cl( 3, 2) in Cl( 4, 4) CPU =        0.079 ms (setup)        0.003 (*)        0.435 (^)        0.327 (&)        0.331 (%) 
Cl( 3, 3) in Cl( 4, 4) CPU =        0.123 ms (setup)        0.002 (*)        0.639 (^)        0.539 (&)        0.554 (%) 
Cl( 4, 3) in Cl( 4, 4) CPU =        0.334 ms (setup)        0.003 (*)        1.769 (^)        1.611 (&)        1.615 (%) 
Cl( 4, 4) in Cl( 4, 4) CPU =        0.188 ms (setup)        0.003 (*)        2.339 (^)        2.343 (&)        2.394 (%) 

framed_multi<double>
Clifford algebra products test:
Fill: 0.5
Cl( 1, 0) in Cl( 1, 0) CPU =        0.003 ms (setup)        0.002 (*)        0.001 (^)        0.001 (&)        0.001 (%) 
Cl( 1, 1) in Cl( 1, 1) CPU =        0.001 ms (setup)        0.001 (*)        0.001 (^)        0.001 (&)        0.001 (%) 
Cl( 2, 1) in Cl( 2, 1) CPU =        0.002 ms (setup)        0.004 (*)        0.002 (^)        0.002 (&)        0.002 (%) 
Cl( 2, 2) in Cl( 2, 2) CPU =        0.002 ms (setup)        0.005 (*)        0.004 (^)        0.003 (&)        0.003 (%) 
Cl( 3, 2) in Cl( 3, 2) CPU =        0.005 ms (setup)        0.013 (*)        0.007 (^)        0.007 (&)        0.006 (%) 
Cl( 3, 3) in Cl( 3, 3) CPU =        0.011 ms (setup)        0.032 (*)        0.015 (^)        0.015 (&)        0.013 (%) 
Cl( 4, 3) in Cl( 4, 3) CPU =        0.016 ms (setup)        0.089 (*)        0.042 (^)        0.040 (&)        0.033 (%) 
Cl( 4, 4) in Cl( 4, 4) CPU =        0.034 ms (setup)        0.464 (*)        0.099 (^)        0.097 (&)        0.070 (%) 
Cl( 5, 4) in Cl( 5, 4) CPU =        0.063 ms (setup)        1.625 (*)        0.279 (^)        0.279 (&)        0.199 (%) 
Cl( 5, 5) in Cl( 5, 5) CPU =        0.122 ms (setup)        2.203 (*)        0.708 (^)        0.666 (&)        0.445 (%) 
Cl( 6, 5) in Cl( 6, 5) CPU =        0.256 ms (setup)        7.668 (*)        2.041 (^)        1.959 (&)        1.242 (%) 
Cl( 6, 6) in Cl( 6, 6) CPU =        0.502 ms (setup)       10.730 (*)        5.587 (^)        5.304 (&)        3.125 (%) 
Cl( 7, 6) in Cl( 7, 6) CPU =        1.026 ms (setup)      159.645 (*)       75.652 (^)       16.005 (&)        9.070 (%) 
Cl( 7, 7) in Cl( 7, 7) CPU =        2.029 ms (setup)      214.162 (*)       65.564 (^)       45.666 (&)       24.779 (%) 
Cl( 8, 7) in Cl( 8, 7) CPU =        4.120 ms (setup)      465.610 (*)      143.560 (^)      135.309 (&)       71.469 (%) 
Cl( 8, 8) in Cl( 8, 8) CPU =        8.299 ms (setup)      527.243 (*)      428.969 (^)      412.478 (&)      212.892 (%) 
Cl( 1, 0) in Cl( 8, 8) CPU =        0.001 ms (setup)        0.001 (*)        0.001 (^)        0.001 (&)        0.001 (%) 
Cl( 1, 1) in Cl( 8, 8) CPU =        0.001 ms (setup)        0.001 (*)        0.001 (^)        0.001 (&)        0.001 (%) 
Cl( 2, 1) in Cl( 8, 8) CPU =        0.003 ms (setup)        0.001 (*)        0.001 (^)        0.001 (&)        0.001 (%) 
Cl( 2, 2) in Cl( 8, 8) CPU =        0.003 ms (setup)        0.005 (*)        0.004 (^)        0.003 (&)        0.004 (%) 
Cl( 3, 2) in Cl( 8, 8) CPU =        0.004 ms (setup)        0.013 (*)        0.007 (^)        0.006 (&)        0.007 (%) 
Cl( 3, 3) in Cl( 8, 8) CPU =        0.008 ms (setup)        0.029 (*)        0.015 (^)        0.013 (&)        0.012 (%) 
Cl( 4, 3) in Cl( 8, 8) CPU =        0.015 ms (setup)        0.070 (*)        0.037 (^)        0.032 (&)        0.033 (%) 
Cl( 4, 4) in Cl( 8, 8) CPU =        0.030 ms (setup)        0.455 (*)        0.104 (^)        0.100 (&)        0.076 (%) 
Cl( 5, 4) in Cl( 8, 8) CPU =        0.061 ms (setup)        1.583 (*)        0.276 (^)        0.273 (&)        0.192 (%) 
Cl( 5, 5) in Cl( 8, 8) CPU =        0.124 ms (setup)        2.107 (*)        0.692 (^)        0.693 (&)        0.447 (%) 
Cl( 6, 5) in Cl( 8, 8) CPU =        0.247 ms (setup)        7.486 (*)        1.968 (^)        1.940 (&)        1.196 (%) 
Cl( 6, 6) in Cl( 8, 8) CPU =        0.480 ms (setup)        9.968 (*)        5.547 (^)        5.300 (&)        3.126 (%) 
Cl( 7, 6) in Cl( 8, 8) CPU =        1.006 ms (setup)      158.025 (*)       71.876 (^)       15.742 (&)        8.957 (%) 
Cl( 7, 7) in Cl( 8, 8) CPU =        2.087 ms (setup)      215.987 (*)       64.377 (^)       45.206 (&)       25.119 (%) 
Cl( 8, 7) in Cl( 8, 8) CPU =        4.007 ms (setup)      466.206 (*)      143.107 (^)      134.931 (&)       72.032 (%) 
Cl( 8, 8) in Cl( 8, 8) CPU =        8.535 ms (setup)      529.475 (*)      428.730 (^)      415.883 (&)      214.367 (%) 
Fill: 1
Cl( 1, 0) in Cl( 1, 0) CPU =        0.001 ms (setup)        0.002 (*)        0.001 (^)        0.001 (&)        0.001 (%) 
Cl( 1, 1) in Cl( 1, 1) CPU =        0.002 ms (setup)        0.003 (*)        0.002 (^)        0.002 (&)        0.002 (%) 
Cl( 2, 1) in Cl( 2, 1) CPU =        0.002 ms (setup)        0.004 (*)        0.003 (^)        0.003 (&)        0.003 (%) 
Cl( 2, 2) in Cl( 2, 2) CPU =        0.003 ms (setup)        0.009 (*)        0.004 (^)        0.005 (&)        0.006 (%) 
Cl( 3, 2) in Cl( 3, 2) CPU =        0.008 ms (setup)        0.023 (*)        0.009 (^)        0.011 (&)        0.009 (%) 
Cl( 3, 3) in Cl( 3, 3) CPU =        0.012 ms (setup)        0.072 (*)        0.021 (^)        0.026 (&)        0.021 (%) 
Cl( 4, 3) in Cl( 4, 3) CPU =        0.026 ms (setup)        0.232 (*)        0.046 (^)        0.064 (&)        0.049 (%) 
Cl( 4, 4) in Cl( 4, 4) CPU =        0.051 ms (setup)        0.550 (*)        0.110 (^)        0.166 (&)        0.119 (%) 
Cl( 5, 4) in Cl( 5, 4) CPU =        0.107 ms (setup)        1.861 (*)        0.294 (^)        0.446 (&)        0.295 (%) 
Cl( 5, 5) in Cl( 5, 5) CPU =        0.205 ms (setup)        2.751 (*)        0.705 (^)        1.238 (&)        0.821 (%) 
Cl( 6, 5) in Cl( 6, 5) CPU =        0.466 ms (setup)        8.759 (*)        1.806 (^)        3.430 (&)        2.046 (%) 
Cl( 6, 6) in Cl( 6, 6) CPU =        0.823 ms (setup)       12.770 (*)        4.894 (^)        9.933 (&)        5.596 (%) 
Cl( 7, 6) in Cl( 7, 6) CPU =        1.666 ms (setup)      190.203 (*)       62.053 (^)       29.731 (&)       15.902 (%) 
Cl( 7, 7) in Cl( 7, 7) CPU =        3.426 ms (setup)      282.131 (*)       70.350 (^)       88.395 (&)       46.389 (%) 
Cl( 8, 7) in Cl( 8, 7) CPU =        7.014 ms (setup)      506.240 (*)      119.865 (^)      267.106 (&)      137.531 (%) 
Cl( 8, 8) in Cl( 8, 8) CPU =       14.264 ms (setup)      615.364 (*)      363.987 (^)      825.426 (&)      416.928 (%) 
Cl( 1, 0) in Cl( 8, 8) CPU =        0.001 ms (setup)        0.002 (*)        0.001 (^)        0.001 (&)        0.001 (%) 
Cl( 1, 1) in Cl( 8, 8) CPU =        0.001 ms (setup)        0.003 (*)        0.002 (^)        0.001 (&)        0.001 (%) 
Cl( 2, 1) in Cl( 8, 8) CPU =        0.003 ms (setup)        0.004 (*)        0.002 (^)        0.002 (&)        0.003 (%) 
Cl( 2, 2) in Cl( 8, 8) CPU =        0.003 ms (setup)        0.009 (*)        0.005 (^)        0.005 (&)        0.005 (%) 
Cl( 3, 2) in Cl( 8, 8) CPU =        0.006 ms (setup)        0.023 (*)        0.011 (^)        0.011 (&)        0.009 (%) 
Cl( 3, 3) in Cl( 8, 8) CPU =        0.012 ms (setup)        0.068 (*)        0.020 (^)        0.026 (&)        0.022 (%) 
Cl( 4, 3) in Cl( 8, 8) CPU =        0.026 ms (setup)        0.224 (*)        0.046 (^)        0.064 (&)        0.067 (%) 
Cl( 4, 4) in Cl( 8, 8) CPU =        0.051 ms (setup)        0.566 (*)        0.112 (^)        0.165 (&)        0.130 (%) 
Cl( 5, 4) in Cl( 8, 8) CPU =        0.103 ms (setup)        1.829 (*)        0.269 (^)        0.444 (&)        0.298 (%) 
Cl( 5, 5) in Cl( 8, 8) CPU =        0.198 ms (setup)        2.636 (*)        0.684 (^)        1.226 (&)        0.761 (%) 
Cl( 6, 5) in Cl( 8, 8) CPU =        0.408 ms (setup)        8.784 (*)        1.805 (^)        3.430 (&)        2.098 (%) 
Cl( 6, 6) in Cl( 8, 8) CPU =        0.807 ms (setup)       12.809 (*)        4.885 (^)        9.931 (&)        5.591 (%) 
Cl( 7, 6) in Cl( 8, 8) CPU =        1.659 ms (setup)      191.882 (*)       61.883 (^)       29.179 (&)       16.524 (%) 
Cl( 7, 7) in Cl( 8, 8) CPU =        3.399 ms (setup)      283.639 (*)       70.189 (^)       89.189 (&)       46.370 (%) 
Cl( 8, 7) in Cl( 8, 8) CPU =        6.998 ms (setup)      505.675 (*)      119.702 (^)      268.507 (&)      138.608 (%) 
Cl( 8, 8) in Cl( 8, 8) CPU =       14.299 ms (setup)      615.346 (*)      367.553 (^)      829.516 (&)      417.569 (%) 

matrix_multi<double>
Clifford algebra products test:
Fill: 0.5
Cl( 1, 0) in Cl( 1, 0) CPU =        0.005 ms (setup)        0.001 (*)        0.009 (^)        0.007 (&)        0.009 (%) 
Cl( 1, 1) in Cl( 1, 1) CPU =        0.007 ms (setup)        0.001 (*)        0.005 (^)        0.006 (&)        0.006 (%) 
Cl( 2, 1) in Cl( 2, 1) CPU =        0.006 ms (setup)        0.001 (*)        0.041 (^)        0.026 (&)        0.034 (%) 
Cl( 2, 2) in Cl( 2, 2) CPU =        0.009 ms (setup)        0.001 (*)        0.030 (^)        0.035 (&)        0.044 (%) 
Cl( 3, 2) in Cl( 3, 2) CPU =        0.033 ms (setup)        0.002 (*)        0.169 (^)        0.181 (&)        0.206 (%) 
Cl( 3, 3) in Cl( 3, 3) CPU =        0.032 ms (setup)        0.002 (*)        0.261 (^)        0.303 (&)        0.292 (%) 
Cl( 4, 3) in Cl( 4, 3) CPU =        0.078 ms (setup)        0.004 (*)        1.263 (^)        1.456 (&)        1.349 (%) 
Cl( 4, 4) in Cl( 4, 4) CPU =        0.131 ms (setup)        0.004 (*)        2.022 (^)        1.980 (&)        2.033 (%) 
Cl( 5, 4) in Cl( 5, 4) CPU =        0.316 ms (setup)        0.011 (*)        7.215 (^)        8.110 (&)        7.957 (%) 
Cl( 5, 5) in Cl( 5, 5) CPU =        0.597 ms (setup)        0.011 (*)       11.049 (^)       11.236 (&)       11.222 (%) 
Cl( 6, 5) in Cl( 6, 5) CPU =        1.380 ms (setup)        0.060 (*)       40.245 (^)       43.760 (&)       41.934 (%) 
Cl( 6, 6) in Cl( 6, 6) CPU =        2.683 ms (setup)        0.060 (*)       58.336 (^)       61.078 (&)       58.703 (%) 
Cl( 7, 6) in Cl( 7, 6) CPU =        6.268 ms (setup)        0.937 (*)      549.529 (^)      583.553 (&)      549.981 (%) 
Cl( 7, 7) in Cl( 7, 7) CPU =       12.232 ms (setup)        0.172 (*)      609.303 (^)      667.861 (&)      625.337 (%) 
Cl( 8, 7) in Cl( 8, 7) CPU =       31.233 ms (setup)        4.207 (*)     2115.950 (^)     2321.314 (&)     1937.298 (%) 
Cl( 8, 8) in Cl( 8, 8) CPU =       60.645 ms (setup)        4.130 (*)     2379.554 (^)     2764.048 (&)     2366.642 (%) 
Cl( 1, 0) in Cl( 8, 8) CPU =        0.077 ms (setup)        5.712 (*)       50.232 (^)       50.107 (&)       50.180 (%) 
Cl( 1, 1) in Cl( 8, 8) CPU =        0.087 ms (setup)        4.220 (*)       74.023 (^)       51.853 (&)       66.194 (%) 
Cl( 2, 1) in Cl( 8, 8) CPU =        0.114 ms (setup)        5.731 (*)       98.434 (^)       67.881 (&)       85.714 (%) 
Cl( 2, 2) in Cl( 8, 8) CPU =        1.772 ms (setup)        5.726 (*)      141.983 (^)       96.278 (&)      108.014 (%) 
Cl( 3, 2) in Cl( 8, 8) CPU =        7.987 ms (setup)        4.119 (*)      189.882 (^)      131.868 (&)      135.853 (%) 
Cl( 3, 3) in Cl( 8, 8) CPU =       14.053 ms (setup)        4.124 (*)      261.950 (^)      194.383 (&)      184.263 (%) 
Cl( 4, 3) in Cl( 8, 8) CPU =       15.893 ms (setup)        8.089 (*)      349.707 (^)      337.796 (&)      252.119 (%) 
Cl( 4, 4) in Cl( 8, 8) CPU =       15.960 ms (setup)        4.127 (*)      459.908 (^)      360.331 (&)      320.224 (%) 
Cl( 5, 4) in Cl( 8, 8) CPU =       11.795 ms (setup)        4.170 (*)      607.931 (^)      478.062 (&)      416.086 (%) 
Cl( 5, 5) in Cl( 8, 8) CPU =       15.943 ms (setup)        6.117 (*)      776.044 (^)      676.030 (&)      546.067 (%) 
Cl( 6, 5) in Cl( 8, 8) CPU =       31.969 ms (setup)        4.170 (*)      875.321 (^)      794.052 (&)      665.563 (%) 
Cl( 6, 6) in Cl( 8, 8) CPU =       16.806 ms (setup)        5.655 (*)      985.841 (^)     1005.740 (&)      790.004 (%) 
Cl( 7, 6) in Cl( 8, 8) CPU =       29.352 ms (setup)        4.112 (*)     1097.605 (^)     1263.590 (&)      938.214 (%) 
Cl( 7, 7) in Cl( 8, 8) CPU =       51.158 ms (setup)        4.135 (*)     1315.587 (^)     1462.101 (&)     1150.062 (%) 
Cl( 8, 7) in Cl( 8, 8) CPU =      124.099 ms (setup)        4.119 (*)     1951.223 (^)     2172.841 (&)     1807.699 (%) 
Cl( 8, 8) in Cl( 8, 8) CPU =       59.812 ms (setup)        4.125 (*)     2236.200 (^)     2771.413 (&)     2295.428 (%) 
Fill: 1
Cl( 1, 0) in Cl( 1, 0) CPU =        0.002 ms (setup)        0.001 (*)        0.009 (^)        0.007 (&)        0.009 (%) 
Cl( 1, 1) in Cl( 1, 1) CPU =        0.002 ms (setup)        0.002 (*)        0.013 (^)        0.009 (&)        0.013 (%) 
Cl( 2, 1) in Cl( 2, 1) CPU =        0.004 ms (setup)        0.001 (*)        0.045 (^)        0.037 (&)        0.042 (%) 
Cl( 2, 2) in Cl( 2, 2) CPU =        0.009 ms (setup)        0.001 (*)        0.072 (^)        0.057 (&)        0.069 (%) 
Cl( 3, 2) in Cl( 3, 2) CPU =        0.022 ms (setup)        0.002 (*)        0.267 (^)        0.259 (&)        0.239 (%) 
Cl( 3, 3) in Cl( 3, 3) CPU =        0.042 ms (setup)        0.002 (*)        0.393 (^)        0.374 (&)        0.406 (%) 
Cl( 4, 3) in Cl( 4, 3) CPU =        0.106 ms (setup)        0.004 (*)        1.573 (^)        1.603 (&)        1.603 (%) 
Cl( 4, 4) in Cl( 4, 4) CPU =        0.184 ms (setup)        0.004 (*)        2.311 (^)        2.311 (&)        2.370 (%) 
Cl( 5, 4) in Cl( 5, 4) CPU =        0.454 ms (setup)        0.011 (*)        8.454 (^)        8.731 (&)        8.563 (%) 
Cl( 5, 5) in Cl( 5, 5) CPU =        0.880 ms (setup)        0.011 (*)       12.103 (^)       12.389 (&)       12.129 (%) 
Cl( 6, 5) in Cl( 6, 5) CPU =        2.089 ms (setup)        0.060 (*)       45.715 (^)       50.201 (&)       46.035 (%) 
Cl( 6, 6) in Cl( 6, 6) CPU =        4.135 ms (setup)        0.060 (*)       62.886 (^)       66.001 (&)       63.239 (%) 
Cl( 7, 6) in Cl( 7, 6) CPU =        9.805 ms (setup)        0.171 (*)      561.601 (^)      596.638 (&)      561.796 (%) 
Cl( 7, 7) in Cl( 7, 7) CPU =       19.672 ms (setup)        0.172 (*)      651.349 (^)      689.528 (&)      650.409 (%) 
Cl( 8, 7) in Cl( 8, 7) CPU =       50.101 ms (setup)        4.127 (*)     2332.519 (^)     2341.620 (&)     2000.584 (%) 
Cl( 8, 8) in Cl( 8, 8) CPU =      103.493 ms (setup)        4.126 (*)     2488.023 (^)     2872.713 (&)     2469.725 (%) 
Cl( 1, 0) in Cl( 8, 8) CPU =        0.138 ms (setup)        5.716 (*)       73.853 (^)       50.262 (&)       66.159 (%) 
Cl( 1, 1) in Cl( 8, 8) CPU =        0.100 ms (setup)        4.216 (*)       99.906 (^)       68.077 (&)       84.183 (%) 
Cl( 2, 1) in Cl( 8, 8) CPU =        1.681 ms (setup)        5.720 (*)      140.236 (^)       97.667 (&)      106.252 (%) 
Cl( 2, 2) in Cl( 8, 8) CPU =       13.943 ms (setup)        4.119 (*)      189.145 (^)      129.926 (&)      135.685 (%) 
Cl( 3, 2) in Cl( 8, 8) CPU =       14.045 ms (setup)        5.625 (*)      246.139 (^)      181.721 (&)      167.880 (%) 
Cl( 3, 3) in Cl( 8, 8) CPU =       14.082 ms (setup)        4.118 (*)      331.653 (^)      250.256 (&)      229.912 (%) 
Cl( 4, 3) in Cl( 8, 8) CPU =        7.828 ms (setup)        4.128 (*)      454.053 (^)      360.296 (&)      315.747 (%) 
Cl( 4, 4) in Cl( 8, 8) CPU =        9.629 ms (setup)        4.129 (*)      552.068 (^)      444.145 (&)      377.784 (%) 
Cl( 5, 4) in Cl( 8, 8) CPU =       12.297 ms (setup)        4.175 (*)      686.175 (^)      575.571 (&)      471.906 (%) 
Cl( 5, 5) in Cl( 8, 8) CPU =       19.876 ms (setup)        4.179 (*)      787.942 (^)      689.659 (&)      563.744 (%) 
Cl( 6, 5) in Cl( 8, 8) CPU =       45.960 ms (setup)        4.267 (*)      935.466 (^)      890.745 (&)      721.647 (%) 
Cl( 6, 6) in Cl( 8, 8) CPU =       16.859 ms (setup)        4.213 (*)      997.750 (^)     1015.291 (&)      798.842 (%) 
Cl( 7, 6) in Cl( 8, 8) CPU =       38.596 ms (setup)        5.708 (*)     1257.426 (^)     1274.083 (&)     1010.501 (%) 
Cl( 7, 7) in Cl( 8, 8) CPU =       68.778 ms (setup)        4.123 (*)     1340.399 (^)     1481.976 (&)     1176.267 (%) 
Cl( 8, 7) in Cl( 8, 8) CPU =      168.338 ms (setup)        4.140 (*)     2144.441 (^)     2351.825 (&)     1997.169 (%) 
Cl( 8, 8) in Cl( 8, 8) CPU =      103.900 ms (setup)        5.605 (*)     2485.611 (^)     2883.963 (&)     2476.003 (%) 
