
framed_multi<double>
Clifford algebra squaring test:
Fill: 0.5
Cl( 1, 0) in Cl( 1, 0) CPU =        0.046 ms (setup)        0.010 (*) 
Cl( 1, 1) in Cl( 1, 1) CPU =        0.002 ms (setup)        0.002 (*) 
Cl( 2, 1) in Cl( 2, 1) CPU =        0.002 ms (setup)        0.005 (*) 
Cl( 2, 2) in Cl( 2, 2) CPU =        0.003 ms (setup)        0.010 (*) 
Cl( 3, 2) in Cl( 3, 2) CPU =        0.004 ms (setup)        0.014 (*) 
Cl( 3, 3) in Cl( 3, 3) CPU =        0.009 ms (setup)        0.037 (*) 
Cl( 4, 3) in Cl( 4, 3) CPU =        0.018 ms (setup)        0.108 (*) 
Cl( 4, 4) in Cl( 4, 4) CPU =        0.033 ms (setup)        3.642 (*) 
Cl( 5, 4) in Cl( 5, 4) CPU =        0.072 ms (setup)        7.875 (*) 
Cl( 5, 5) in Cl( 5, 5) CPU =        0.139 ms (setup)        8.410 (*) 
Cl( 6, 5) in Cl( 6, 5) CPU =        3.285 ms (setup)       36.060 (*) 
Cl( 6, 6) in Cl( 6, 6) CPU =        0.541 ms (setup)       47.510 (*) 
Cl( 7, 6) in Cl( 7, 6) CPU =        4.190 ms (setup)      163.739 (*) 
Cl( 7, 7) in Cl( 7, 7) CPU =        8.252 ms (setup)      212.429 (*) 
Cl( 8, 7) in Cl( 8, 7) CPU =       19.523 ms (setup)      655.520 (*) 
Cl( 8, 8) in Cl( 8, 8) CPU =        8.607 ms (setup)      527.060 (*) 
Cl( 9, 8) in Cl( 9, 8) CPU =       18.002 ms (setup)      961.932 (*) 
Cl( 9, 9) in Cl( 9, 9) CPU =       37.748 ms (setup)     1539.700 (*) 
Cl(10, 9) in Cl(10, 9) CPU =       80.088 ms (setup)     5242.309 (*) 
Cl(10,10) in Cl(10,10) CPU =      161.435 ms (setup)     7152.850 (*) 
Cl(11,10) in Cl(11,10) CPU =      313.663 ms (setup)    28811.327 (*) 
Cl(11,11) in Cl(11,11) CPU =      723.768 ms (setup)    42320.586 (*) 
Fill: 1
Cl( 1, 0) in Cl( 1, 0) CPU =        0.007 ms (setup)        0.008 (*) 
Cl( 1, 1) in Cl( 1, 1) CPU =        0.002 ms (setup)        0.006 (*) 
Cl( 2, 1) in Cl( 2, 1) CPU =        0.003 ms (setup)        0.006 (*) 
Cl( 2, 2) in Cl( 2, 2) CPU =        0.004 ms (setup)        0.010 (*) 
Cl( 3, 2) in Cl( 3, 2) CPU =        0.009 ms (setup)        0.025 (*) 
Cl( 3, 3) in Cl( 3, 3) CPU =        0.014 ms (setup)        0.074 (*) 
Cl( 4, 3) in Cl( 4, 3) CPU =        0.030 ms (setup)        0.240 (*) 
Cl( 4, 4) in Cl( 4, 4) CPU =        0.057 ms (setup)        0.568 (*) 
Cl( 5, 4) in Cl( 5, 4) CPU =        0.111 ms (setup)        1.906 (*) 
Cl( 5, 5) in Cl( 5, 5) CPU =        0.236 ms (setup)        2.618 (*) 
Cl( 6, 5) in Cl( 6, 5) CPU =        0.435 ms (setup)        9.074 (*) 
Cl( 6, 6) in Cl( 6, 6) CPU =        0.820 ms (setup)       12.890 (*) 
Cl( 7, 6) in Cl( 7, 6) CPU =        1.647 ms (setup)      126.298 (*) 
Cl( 7, 7) in Cl( 7, 7) CPU =       12.763 ms (setup)      283.937 (*) 
Cl( 8, 7) in Cl( 8, 7) CPU =       31.639 ms (setup)      679.611 (*) 
Cl( 8, 8) in Cl( 8, 8) CPU =       13.972 ms (setup)      614.080 (*) 
Cl( 9, 8) in Cl( 9, 8) CPU =       28.877 ms (setup)     1201.841 (*) 
Cl( 9, 9) in Cl( 9, 9) CPU =       66.421 ms (setup)     2064.771 (*) 
Cl(10, 9) in Cl(10, 9) CPU =      140.804 ms (setup)     6697.966 (*) 
Cl(10,10) in Cl(10,10) CPU =      315.753 ms (setup)    10611.662 (*) 
Cl(11,10) in Cl(11,10) CPU =      651.833 ms (setup)    40112.554 (*) 
Cl(11,11) in Cl(11,11) CPU =     1331.842 ms (setup)    68045.242 (*) 

matrix_multi<double>
Clifford algebra squaring test:
Fill: 0.5
Cl( 1, 0) in Cl( 1, 0) CPU =        0.042 ms (setup)        0.003 (*) 
Cl( 1, 1) in Cl( 1, 1) CPU =        0.007 ms (setup)        0.001 (*) 
Cl( 2, 1) in Cl( 2, 1) CPU =        0.020 ms (setup)        0.001 (*) 
Cl( 2, 2) in Cl( 2, 2) CPU =        0.018 ms (setup)        0.002 (*) 
Cl( 3, 2) in Cl( 3, 2) CPU =        0.046 ms (setup)        0.008 (*) 
Cl( 3, 3) in Cl( 3, 3) CPU =        0.045 ms (setup)        0.003 (*) 
Cl( 4, 3) in Cl( 4, 3) CPU =        0.072 ms (setup)        0.005 (*) 
Cl( 4, 4) in Cl( 4, 4) CPU =        0.142 ms (setup)        0.016 (*) 
Cl( 5, 4) in Cl( 5, 4) CPU =        0.326 ms (setup)        0.013 (*) 
Cl( 5, 5) in Cl( 5, 5) CPU =        0.583 ms (setup)        0.013 (*) 
Cl( 6, 5) in Cl( 6, 5) CPU =        1.451 ms (setup)        0.065 (*) 
Cl( 6, 6) in Cl( 6, 6) CPU =        2.714 ms (setup)        0.063 (*) 
Cl( 7, 6) in Cl( 7, 6) CPU =        6.352 ms (setup)        0.285 (*) 
Cl( 7, 7) in Cl( 7, 7) CPU =       53.328 ms (setup)        0.177 (*) 
Cl( 8, 7) in Cl( 8, 7) CPU =      131.601 ms (setup)        4.285 (*) 
Cl( 8, 8) in Cl( 8, 8) CPU =      260.180 ms (setup)        7.317 (*) 
Cl( 9, 8) in Cl( 9, 8) CPU =      431.705 ms (setup)       26.916 (*) 
Cl( 9, 9) in Cl( 9, 9) CPU =      566.618 ms (setup)       27.209 (*) 
Cl(10, 9) in Cl(10, 9) CPU =     1022.199 ms (setup)      214.912 (*) 
Cl(10,10) in Cl(10,10) CPU =     1757.697 ms (setup)      207.964 (*) 
Cl(11,10) in Cl(11,10) CPU =     4448.999 ms (setup)     1796.945 (*) 
Cl(11,11) in Cl(11,11) CPU =     8419.569 ms (setup)     1636.351 (*) 
Fill: 1
Cl( 1, 0) in Cl( 1, 0) CPU =        0.019 ms (setup)        0.003 (*) 
Cl( 1, 1) in Cl( 1, 1) CPU =        0.011 ms (setup)        0.001 (*) 
Cl( 2, 1) in Cl( 2, 1) CPU =        2.563 ms (setup)        0.001 (*) 
Cl( 2, 2) in Cl( 2, 2) CPU =        0.021 ms (setup)        0.002 (*) 
Cl( 3, 2) in Cl( 3, 2) CPU =       96.409 ms (setup)        0.010 (*) 
Cl( 3, 3) in Cl( 3, 3) CPU =        0.052 ms (setup)        0.004 (*) 
Cl( 4, 3) in Cl( 4, 3) CPU =        0.115 ms (setup)        0.006 (*) 
Cl( 4, 4) in Cl( 4, 4) CPU =        0.214 ms (setup)        0.006 (*) 
Cl( 5, 4) in Cl( 5, 4) CPU =        0.506 ms (setup)        0.016 (*) 
Cl( 5, 5) in Cl( 5, 5) CPU =        3.990 ms (setup)        0.015 (*) 
Cl( 6, 5) in Cl( 6, 5) CPU =        8.350 ms (setup)        0.072 (*) 
Cl( 6, 6) in Cl( 6, 6) CPU =       19.658 ms (setup)        0.072 (*) 
Cl( 7, 6) in Cl( 7, 6) CPU =       44.075 ms (setup)        3.207 (*) 
Cl( 7, 7) in Cl( 7, 7) CPU =       88.046 ms (setup)        0.178 (*) 
Cl( 8, 7) in Cl( 8, 7) CPU =      224.225 ms (setup)        4.276 (*) 
Cl( 8, 8) in Cl( 8, 8) CPU =      385.878 ms (setup)        2.497 (*) 
Cl( 9, 8) in Cl( 9, 8) CPU =      542.279 ms (setup)       27.581 (*) 
Cl( 9, 9) in Cl( 9, 9) CPU =      800.257 ms (setup)       26.786 (*) 
Cl(10, 9) in Cl(10, 9) CPU =     1699.272 ms (setup)      210.311 (*) 
Cl(10,10) in Cl(10,10) CPU =     3119.705 ms (setup)      208.622 (*) 
Cl(11,10) in Cl(11,10) CPU =     8592.332 ms (setup)     1639.803 (*) 
Cl(11,11) in Cl(11,11) CPU =    17536.068 ms (setup)     1691.145 (*) 
