
framed_multi<float,-4,4>
Clifford algebra expressions test:
Fill: 0.5
Cl( 1, 0) in Cl( 1, 0) CPU =        0.002 ms (setup)        0.004 (comm)        0.007 (pade)        0.003 (series)        0.001 (mix)        0.004 (add) 
Cl( 1, 1) in Cl( 1, 1) CPU =        0.001 ms (setup)        0.001 (comm)        0.003 (pade)        0.001 (series)        0.001 (mix)        0.001 (add) 
Cl( 2, 1) in Cl( 2, 1) CPU =        0.001 ms (setup)        0.004 (comm)        0.007 (pade)        0.004 (series)        0.001 (mix)        0.002 (add) 
Cl( 2, 2) in Cl( 2, 2) CPU =        0.002 ms (setup)        0.005 (comm)        0.007 (pade)        0.005 (series)        0.002 (mix)        0.001 (add) 
Cl( 3, 2) in Cl( 3, 2) CPU =        0.003 ms (setup)        0.011 (comm)        0.031 (pade)        0.009 (series)        0.003 (mix)        0.003 (add) 
Cl( 3, 3) in Cl( 3, 3) CPU =        0.007 ms (setup)        0.023 (comm)        0.038 (pade)        0.035 (series)        0.007 (mix)        0.004 (add) 
Cl( 4, 3) in Cl( 4, 3) CPU =        0.012 ms (setup)        0.059 (comm)        0.132 (pade)        0.097 (series)        0.015 (mix)        0.009 (add) 
Cl( 4, 4) in Cl( 4, 4) CPU =        0.025 ms (setup)        0.386 (comm)        0.177 (pade)        0.631 (series)        0.047 (mix)        0.023 (add) 
Cl( 1, 0) in Cl( 4, 4) CPU =        0.001 ms (setup)        0.001 (comm)        0.004 (pade)        0.002 (series)        0.001 (mix)        0.001 (add) 
Cl( 1, 1) in Cl( 4, 4) CPU =        0.001 ms (setup)        0.002 (comm)        0.003 (pade)        0.001 (series)        0.001 (mix)        0.001 (add) 
Cl( 2, 1) in Cl( 4, 4) CPU =        0.001 ms (setup)        0.004 (comm)        0.007 (pade)        0.004 (series)        0.001 (mix)        0.001 (add) 
Cl( 2, 2) in Cl( 4, 4) CPU =        0.002 ms (setup)        0.005 (comm)        0.007 (pade)        0.006 (series)        0.002 (mix)        0.002 (add) 
Cl( 3, 2) in Cl( 4, 4) CPU =        0.003 ms (setup)        0.010 (comm)        0.029 (pade)        0.015 (series)        0.004 (mix)        0.003 (add) 
Cl( 3, 3) in Cl( 4, 4) CPU =        0.006 ms (setup)        0.024 (comm)        0.041 (pade)        0.036 (series)        0.007 (mix)        0.005 (add) 
Cl( 4, 3) in Cl( 4, 4) CPU =        0.013 ms (setup)        0.052 (comm)        0.132 (pade)        0.090 (series)        0.014 (mix)        0.008 (add) 
Cl( 4, 4) in Cl( 4, 4) CPU =        0.025 ms (setup)        0.377 (comm)        0.174 (pade)        0.880 (series)        0.050 (mix)        0.021 (add) 
Fill: 1
Cl( 1, 0) in Cl( 1, 0) CPU =        0.001 ms (setup)        0.003 (comm)        0.005 (pade)        0.005 (series)        0.001 (mix)        0.004 (add) 
Cl( 1, 1) in Cl( 1, 1) CPU =        0.001 ms (setup)        0.003 (comm)        0.004 (pade)        0.003 (series)        0.001 (mix)        0.001 (add) 
Cl( 2, 1) in Cl( 2, 1) CPU =        0.001 ms (setup)        0.004 (comm)        0.007 (pade)        0.004 (series)        0.002 (mix)        0.001 (add) 
Cl( 2, 2) in Cl( 2, 2) CPU =        0.002 ms (setup)        0.007 (comm)        0.009 (pade)        0.007 (series)        0.002 (mix)        0.002 (add) 
Cl( 3, 2) in Cl( 3, 2) CPU =        0.004 ms (setup)        0.015 (comm)        0.030 (pade)        0.019 (series)        0.005 (mix)        0.003 (add) 
Cl( 3, 3) in Cl( 3, 3) CPU =        0.007 ms (setup)        0.041 (comm)        0.037 (pade)        0.052 (series)        0.010 (mix)        0.005 (add) 
Cl( 4, 3) in Cl( 4, 3) CPU =        0.014 ms (setup)        0.115 (comm)        0.141 (pade)        0.172 (series)        0.024 (mix)        0.011 (add) 
Cl( 4, 4) in Cl( 4, 4) CPU =        0.032 ms (setup)        0.428 (comm)        0.196 (pade)        0.728 (series)        0.069 (mix)        0.030 (add) 
Cl( 1, 0) in Cl( 4, 4) CPU =        0.001 ms (setup)        0.003 (comm)        0.004 (pade)        0.002 (series)        0.001 (mix)        0.001 (add) 
Cl( 1, 1) in Cl( 4, 4) CPU =        0.001 ms (setup)        0.003 (comm)        0.004 (pade)        0.003 (series)        0.001 (mix)        0.001 (add) 
Cl( 2, 1) in Cl( 4, 4) CPU =        0.001 ms (setup)        0.004 (comm)        0.007 (pade)        0.004 (series)        0.002 (mix)        0.001 (add) 
Cl( 2, 2) in Cl( 4, 4) CPU =        0.002 ms (setup)        0.006 (comm)        0.009 (pade)        0.007 (series)        0.003 (mix)        0.002 (add) 
Cl( 3, 2) in Cl( 4, 4) CPU =        0.004 ms (setup)        0.018 (comm)        0.030 (pade)        0.019 (series)        0.005 (mix)        0.004 (add) 
Cl( 3, 3) in Cl( 4, 4) CPU =        0.007 ms (setup)        0.040 (comm)        0.038 (pade)        0.054 (series)        0.010 (mix)        0.005 (add) 
Cl( 4, 3) in Cl( 4, 4) CPU =        0.015 ms (setup)        0.121 (comm)        0.144 (pade)        0.177 (series)        0.025 (mix)        0.011 (add) 
Cl( 4, 4) in Cl( 4, 4) CPU =        0.033 ms (setup)        0.443 (comm)        0.201 (pade)        0.726 (series)        0.069 (mix)        0.029 (add) 

matrix_multi<float,-4,4>
Clifford algebra expressions test:
Fill: 0.5
Cl( 1, 0) in Cl( 1, 0) CPU =        0.003 ms (setup)        0.007 (comm)        0.003 (pade)        0.004 (series)        0.003 (mix)        0.002 (add) 
Cl( 1, 1) in Cl( 1, 1) CPU =        0.002 ms (setup)        0.006 (comm)        0.002 (pade)        0.001 (series)        0.005 (mix)        0.001 (add) 
Cl( 2, 1) in Cl( 2, 1) CPU =        0.002 ms (setup)        0.024 (comm)        0.003 (pade)        0.002 (series)        0.022 (mix)        0.001 (add) 
Cl( 2, 2) in Cl( 2, 2) CPU =        0.003 ms (setup)        0.033 (comm)        0.002 (pade)        0.001 (series)        0.030 (mix)        0.001 (add) 
Cl( 3, 2) in Cl( 3, 2) CPU =        0.013 ms (setup)        0.120 (comm)        0.005 (pade)        0.005 (series)        0.115 (mix)        0.001 (add) 
Cl( 3, 3) in Cl( 3, 3) CPU =        0.020 ms (setup)        0.216 (comm)        0.005 (pade)        0.005 (series)        0.203 (mix)        0.001 (add) 
Cl( 4, 3) in Cl( 4, 3) CPU =        0.045 ms (setup)        1.257 (comm)        0.017 (pade)        0.022 (series)        1.224 (mix)        0.001 (add) 
Cl( 4, 4) in Cl( 4, 4) CPU =        0.091 ms (setup)        1.734 (comm)        0.017 (pade)        0.022 (series)        1.711 (mix)        0.001 (add) 
Cl( 1, 0) in Cl( 4, 4) CPU =        0.003 ms (setup)        0.037 (comm)        0.004 (pade)        0.022 (series)        0.026 (mix)        0.001 (add) 
Cl( 1, 1) in Cl( 4, 4) CPU =        0.003 ms (setup)        0.049 (comm)        0.008 (pade)        0.025 (series)        0.037 (mix)        0.001 (add) 
Cl( 2, 1) in Cl( 4, 4) CPU =        0.007 ms (setup)        0.129 (comm)        0.009 (pade)        0.022 (series)        0.119 (mix)        0.001 (add) 
Cl( 2, 2) in Cl( 4, 4) CPU =        0.011 ms (setup)        0.154 (comm)        0.009 (pade)        0.022 (series)        0.144 (mix)        0.001 (add) 
Cl( 3, 2) in Cl( 4, 4) CPU =        0.043 ms (setup)        0.449 (comm)        0.012 (pade)        0.022 (series)        0.429 (mix)        0.001 (add) 
Cl( 3, 3) in Cl( 4, 4) CPU =        0.066 ms (setup)        0.598 (comm)        0.013 (pade)        0.022 (series)        0.574 (mix)        0.001 (add) 
Cl( 4, 3) in Cl( 4, 4) CPU =        0.178 ms (setup)        1.137 (comm)        0.017 (pade)        0.022 (series)        1.111 (mix)        0.001 (add) 
Cl( 4, 4) in Cl( 4, 4) CPU =        0.092 ms (setup)        1.760 (comm)        0.017 (pade)        0.025 (series)        1.754 (mix)        0.001 (add) 
Fill: 1
Cl( 1, 0) in Cl( 1, 0) CPU =        0.005 ms (setup)        0.009 (comm)        0.003 (pade)        0.005 (series)        0.005 (mix)        0.002 (add) 
Cl( 1, 1) in Cl( 1, 1) CPU =        0.001 ms (setup)        0.009 (comm)        0.002 (pade)        0.001 (series)        0.008 (mix)        0.001 (add) 
Cl( 2, 1) in Cl( 2, 1) CPU =        0.002 ms (setup)        0.029 (comm)        0.003 (pade)        0.001 (series)        0.026 (mix)        0.001 (add) 
Cl( 2, 2) in Cl( 2, 2) CPU =        0.005 ms (setup)        0.040 (comm)        0.003 (pade)        0.001 (series)        0.039 (mix)        0.001 (add) 
Cl( 3, 2) in Cl( 3, 2) CPU =        0.011 ms (setup)        0.176 (comm)        0.005 (pade)        0.005 (series)        0.176 (mix)        0.001 (add) 
Cl( 3, 3) in Cl( 3, 3) CPU =        0.022 ms (setup)        0.268 (comm)        0.005 (pade)        0.005 (series)        0.263 (mix)        0.001 (add) 
Cl( 4, 3) in Cl( 4, 3) CPU =        0.073 ms (setup)        1.416 (comm)        0.018 (pade)        0.028 (series)        1.389 (mix)        0.001 (add) 
Cl( 4, 4) in Cl( 4, 4) CPU =        0.118 ms (setup)        2.034 (comm)        0.017 (pade)        0.022 (series)        2.002 (mix)        0.001 (add) 
Cl( 1, 0) in Cl( 4, 4) CPU =        0.003 ms (setup)        0.088 (comm)        0.013 (pade)        0.022 (series)        0.065 (mix)        0.001 (add) 
Cl( 1, 1) in Cl( 4, 4) CPU =        0.004 ms (setup)        0.131 (comm)        0.008 (pade)        0.022 (series)        0.118 (mix)        0.001 (add) 
Cl( 2, 1) in Cl( 4, 4) CPU =        0.008 ms (setup)        0.208 (comm)        0.009 (pade)        0.022 (series)        0.197 (mix)        0.001 (add) 
Cl( 2, 2) in Cl( 4, 4) CPU =        0.018 ms (setup)        0.318 (comm)        0.009 (pade)        0.022 (series)        0.308 (mix)        0.001 (add) 
Cl( 3, 2) in Cl( 4, 4) CPU =        0.046 ms (setup)        0.511 (comm)        0.012 (pade)        0.022 (series)        0.499 (mix)        0.001 (add) 
Cl( 3, 3) in Cl( 4, 4) CPU =        0.077 ms (setup)        0.715 (comm)        0.012 (pade)        0.022 (series)        0.700 (mix)        0.001 (add) 
Cl( 4, 3) in Cl( 4, 4) CPU =        0.212 ms (setup)        1.505 (comm)        0.018 (pade)        0.022 (series)        1.484 (mix)        0.001 (add) 
Cl( 4, 4) in Cl( 4, 4) CPU =        0.119 ms (setup)        2.036 (comm)        0.017 (pade)        0.022 (series)        2.014 (mix)        0.001 (add) 

framed_multi<double>
Clifford algebra expressions test:
Fill: 0.5
Cl( 1, 0) in Cl( 1, 0) CPU =        0.001 ms (setup)        0.005 (comm)        0.010 (pade)        0.005 (series)        0.001 (mix)        0.003 (add) 
Cl( 1, 1) in Cl( 1, 1) CPU =        0.001 ms (setup)        0.001 (comm)        0.003 (pade)        0.001 (series)        0.001 (mix)        0.001 (add) 
Cl( 2, 1) in Cl( 2, 1) CPU =        0.001 ms (setup)        0.005 (comm)        0.007 (pade)        0.004 (series)        0.001 (mix)        0.001 (add) 
Cl( 2, 2) in Cl( 2, 2) CPU =        0.002 ms (setup)        0.005 (comm)        0.007 (pade)        0.007 (series)        0.002 (mix)        0.002 (add) 
Cl( 3, 2) in Cl( 3, 2) CPU =        0.003 ms (setup)        0.013 (comm)        0.030 (pade)        0.011 (series)        0.004 (mix)        0.002 (add) 
Cl( 3, 3) in Cl( 3, 3) CPU =        0.007 ms (setup)        0.031 (comm)        0.036 (pade)        0.048 (series)        0.007 (mix)        0.002 (add) 
Cl( 4, 3) in Cl( 4, 3) CPU =        0.015 ms (setup)        0.078 (comm)        0.135 (pade)        0.141 (series)        0.019 (mix)        0.004 (add) 
Cl( 4, 4) in Cl( 4, 4) CPU =        0.028 ms (setup)        0.406 (comm)        0.177 (pade)        0.666 (series)        0.073 (mix)        0.009 (add) 
Cl( 5, 4) in Cl( 5, 4) CPU =        0.056 ms (setup)        1.474 (comm)        0.658 (pade)        2.369 (series)        0.256 (mix)        0.024 (add) 
Cl( 5, 5) in Cl( 5, 5) CPU =        0.119 ms (setup)        2.365 (comm)        0.906 (pade)        3.333 (series)        0.747 (mix)        0.029 (add) 
Cl( 6, 5) in Cl( 6, 5) CPU =        0.247 ms (setup)        7.974 (comm)        3.462 (pade)       12.550 (series)        2.059 (mix)        0.060 (add) 
Cl( 6, 6) in Cl( 6, 6) CPU =        0.499 ms (setup)       13.867 (comm)        5.524 (pade)       17.002 (series)        6.065 (mix)        0.113 (add) 
Cl( 7, 6) in Cl( 7, 6) CPU =        1.009 ms (setup)       47.705 (comm)       18.017 (pade)       64.377 (series)       19.048 (mix)        0.241 (add) 
Cl( 7, 7) in Cl( 7, 7) CPU =        2.051 ms (setup)       92.922 (comm)       23.227 (pade)       88.082 (series)       52.064 (mix)        0.500 (add) 
Cl( 8, 7) in Cl( 8, 7) CPU =        4.163 ms (setup)      319.800 (comm)      100.451 (pade)      343.954 (series)      154.635 (mix)        1.161 (add) 
Cl( 8, 8) in Cl( 8, 8) CPU =        8.270 ms (setup)      677.242 (comm)      129.518 (pade)      462.971 (series)      468.302 (mix)        2.305 (add) 
Cl( 1, 0) in Cl( 8, 8) CPU =        0.002 ms (setup)        0.002 (comm)        0.004 (pade)        0.004 (series)        0.001 (mix)        0.001 (add) 
Cl( 1, 1) in Cl( 8, 8) CPU =        0.002 ms (setup)        0.001 (comm)        0.004 (pade)        0.001 (series)        0.000 (mix)        0.001 (add) 
Cl( 2, 1) in Cl( 8, 8) CPU =        0.001 ms (setup)        0.005 (comm)        0.007 (pade)        0.003 (series)        0.002 (mix)        0.001 (add) 
Cl( 2, 2) in Cl( 8, 8) CPU =        0.002 ms (setup)        0.006 (comm)        0.007 (pade)        0.006 (series)        0.003 (mix)        0.001 (add) 
Cl( 3, 2) in Cl( 8, 8) CPU =        0.003 ms (setup)        0.009 (comm)        0.022 (pade)        0.009 (series)        0.003 (mix)        0.001 (add) 
Cl( 3, 3) in Cl( 8, 8) CPU =        0.007 ms (setup)        0.032 (comm)        0.036 (pade)        0.045 (series)        0.008 (mix)        0.003 (add) 
Cl( 4, 3) in Cl( 8, 8) CPU =        0.013 ms (setup)        0.077 (comm)        0.130 (pade)        0.137 (series)        0.019 (mix)        0.004 (add) 
Cl( 4, 4) in Cl( 8, 8) CPU =        0.027 ms (setup)        0.381 (comm)        0.168 (pade)        0.619 (series)        0.068 (mix)        0.007 (add) 
Cl( 5, 4) in Cl( 8, 8) CPU =        0.057 ms (setup)        1.433 (comm)        0.628 (pade)        2.338 (series)        0.251 (mix)        0.013 (add) 
Cl( 5, 5) in Cl( 8, 8) CPU =        0.117 ms (setup)        2.277 (comm)        0.858 (pade)        3.222 (series)        0.709 (mix)        0.025 (add) 
Cl( 6, 5) in Cl( 8, 8) CPU =        0.235 ms (setup)        7.840 (comm)        3.289 (pade)       12.098 (series)        2.037 (mix)        0.056 (add) 
Cl( 6, 6) in Cl( 8, 8) CPU =        0.482 ms (setup)       14.613 (comm)        4.495 (pade)       16.572 (series)        5.870 (mix)        0.108 (add) 
Cl( 7, 6) in Cl( 8, 8) CPU =        0.974 ms (setup)       46.804 (comm)       17.328 (pade)       61.790 (series)       17.846 (mix)        0.236 (add) 
Cl( 7, 7) in Cl( 8, 8) CPU =        2.201 ms (setup)       91.022 (comm)       22.854 (pade)       85.615 (series)       52.019 (mix)        0.506 (add) 
Cl( 8, 7) in Cl( 8, 8) CPU =        4.087 ms (setup)      318.913 (comm)       99.654 (pade)      343.583 (series)      155.566 (mix)        1.076 (add) 
Cl( 8, 8) in Cl( 8, 8) CPU =        8.272 ms (setup)      675.673 (comm)      130.650 (pade)      467.242 (series)      467.113 (mix)        2.289 (add) 
Fill: 1
Cl( 1, 0) in Cl( 1, 0) CPU =        0.001 ms (setup)        0.003 (comm)        0.005 (pade)        0.005 (series)        0.001 (mix)        0.001 (add) 
Cl( 1, 1) in Cl( 1, 1) CPU =        0.002 ms (setup)        0.004 (comm)        0.003 (pade)        0.003 (series)        0.001 (mix)        0.001 (add) 
Cl( 2, 1) in Cl( 2, 1) CPU =        0.002 ms (setup)        0.004 (comm)        0.007 (pade)        0.005 (series)        0.002 (mix)        0.001 (add) 
Cl( 2, 2) in Cl( 2, 2) CPU =        0.004 ms (setup)        0.007 (comm)        0.009 (pade)        0.009 (series)        0.003 (mix)        0.001 (add) 
Cl( 3, 2) in Cl( 3, 2) CPU =        0.005 ms (setup)        0.022 (comm)        0.029 (pade)        0.025 (series)        0.005 (mix)        0.002 (add) 
Cl( 3, 3) in Cl( 3, 3) CPU =        0.009 ms (setup)        0.052 (comm)        0.037 (pade)        0.074 (series)        0.012 (mix)        0.003 (add) 
Cl( 4, 3) in Cl( 4, 3) CPU =        0.017 ms (setup)        0.163 (comm)        0.137 (pade)        0.259 (series)        0.033 (mix)        0.005 (add) 
Cl( 4, 4) in Cl( 4, 4) CPU =        0.036 ms (setup)        0.467 (comm)        0.191 (pade)        0.693 (series)        0.095 (mix)        0.009 (add) 
Cl( 5, 4) in Cl( 5, 4) CPU =        0.075 ms (setup)        1.569 (comm)        0.685 (pade)        2.541 (series)        0.252 (mix)        0.017 (add) 
Cl( 5, 5) in Cl( 5, 5) CPU =        0.156 ms (setup)        2.579 (comm)        0.975 (pade)        3.651 (series)        0.692 (mix)        0.033 (add) 
Cl( 6, 5) in Cl( 6, 5) CPU =        0.350 ms (setup)        8.662 (comm)        3.630 (pade)       13.463 (series)        1.943 (mix)        0.067 (add) 
Cl( 6, 6) in Cl( 6, 6) CPU =        0.716 ms (setup)       15.383 (comm)        5.169 (pade)       19.270 (series)        5.366 (mix)        0.134 (add) 
Cl( 7, 6) in Cl( 7, 6) CPU =        1.450 ms (setup)       50.191 (comm)       19.048 (pade)       69.456 (series)       15.334 (mix)        0.276 (add) 
Cl( 7, 7) in Cl( 7, 7) CPU =        2.977 ms (setup)       94.306 (comm)       26.631 (pade)      100.860 (series)       44.724 (mix)        0.697 (add) 
Cl( 8, 7) in Cl( 8, 7) CPU =        6.330 ms (setup)      324.475 (comm)      113.816 (pade)      384.889 (series)      130.390 (mix)        1.291 (add) 
Cl( 8, 8) in Cl( 8, 8) CPU =       12.405 ms (setup)      672.265 (comm)      159.953 (pade)      566.333 (series)      398.132 (mix)        4.205 (add) 
Cl( 1, 0) in Cl( 8, 8) CPU =        0.001 ms (setup)        0.004 (comm)        0.005 (pade)        0.005 (series)        0.002 (mix)        0.002 (add) 
Cl( 1, 1) in Cl( 8, 8) CPU =        0.001 ms (setup)        0.003 (comm)        0.004 (pade)        0.003 (series)        0.001 (mix)        0.001 (add) 
Cl( 2, 1) in Cl( 8, 8) CPU =        0.002 ms (setup)        0.004 (comm)        0.007 (pade)        0.005 (series)        0.002 (mix)        0.001 (add) 
Cl( 2, 2) in Cl( 8, 8) CPU =        0.002 ms (setup)        0.007 (comm)        0.009 (pade)        0.009 (series)        0.003 (mix)        0.001 (add) 
Cl( 3, 2) in Cl( 8, 8) CPU =        0.005 ms (setup)        0.018 (comm)        0.029 (pade)        0.024 (series)        0.005 (mix)        0.002 (add) 
Cl( 3, 3) in Cl( 8, 8) CPU =        0.009 ms (setup)        0.056 (comm)        0.037 (pade)        0.075 (series)        0.013 (mix)        0.003 (add) 
Cl( 4, 3) in Cl( 8, 8) CPU =        0.017 ms (setup)        0.169 (comm)        0.137 (pade)        0.262 (series)        0.033 (mix)        0.005 (add) 
Cl( 4, 4) in Cl( 8, 8) CPU =        0.035 ms (setup)        0.456 (comm)        0.189 (pade)        0.703 (series)        0.088 (mix)        0.009 (add) 
Cl( 5, 4) in Cl( 8, 8) CPU =        0.073 ms (setup)        1.576 (comm)        0.694 (pade)        2.555 (series)        0.251 (mix)        0.017 (add) 
Cl( 5, 5) in Cl( 8, 8) CPU =        0.160 ms (setup)        2.594 (comm)        0.982 (pade)        3.682 (series)        0.695 (mix)        0.035 (add) 
Cl( 6, 5) in Cl( 8, 8) CPU =        0.349 ms (setup)        8.759 (comm)        3.666 (pade)       13.565 (series)        1.940 (mix)        0.065 (add) 
Cl( 6, 6) in Cl( 8, 8) CPU =        0.713 ms (setup)       15.204 (comm)        6.047 (pade)       19.767 (series)        5.423 (mix)        0.135 (add) 
Cl( 7, 6) in Cl( 8, 8) CPU =        1.451 ms (setup)       50.404 (comm)       19.180 (pade)       70.133 (series)       15.440 (mix)        0.280 (add) 
Cl( 7, 7) in Cl( 8, 8) CPU =        2.950 ms (setup)       95.651 (comm)       26.805 (pade)      101.144 (series)       44.618 (mix)        0.692 (add) 
Cl( 8, 7) in Cl( 8, 8) CPU =        6.213 ms (setup)      325.514 (comm)      114.341 (pade)      386.157 (series)      129.994 (mix)        1.278 (add) 
Cl( 8, 8) in Cl( 8, 8) CPU =       12.396 ms (setup)      669.651 (comm)      152.727 (pade)      559.815 (series)      394.445 (mix)        3.926 (add) 

matrix_multi<double>
Clifford algebra expressions test:
Fill: 0.5
Cl( 1, 0) in Cl( 1, 0) CPU =        0.005 ms (setup)        0.007 (comm)        0.002 (pade)        0.003 (series)        0.003 (mix)        0.001 (add) 
Cl( 1, 1) in Cl( 1, 1) CPU =        0.006 ms (setup)        0.003 (comm)        0.002 (pade)        0.001 (series)        0.003 (mix)        0.001 (add) 
Cl( 2, 1) in Cl( 2, 1) CPU =        0.002 ms (setup)        0.022 (comm)        0.003 (pade)        0.001 (series)        0.020 (mix)        0.001 (add) 
Cl( 2, 2) in Cl( 2, 2) CPU =        0.003 ms (setup)        0.032 (comm)        0.002 (pade)        0.001 (series)        0.031 (mix)        0.001 (add) 
Cl( 3, 2) in Cl( 3, 2) CPU =        0.015 ms (setup)        0.125 (comm)        0.005 (pade)        0.004 (series)        0.114 (mix)        0.001 (add) 
Cl( 3, 3) in Cl( 3, 3) CPU =        0.019 ms (setup)        0.209 (comm)        0.005 (pade)        0.004 (series)        0.195 (mix)        0.001 (add) 
Cl( 4, 3) in Cl( 4, 3) CPU =        0.051 ms (setup)        1.185 (comm)        0.018 (pade)        0.023 (series)        1.151 (mix)        0.002 (add) 
Cl( 4, 4) in Cl( 4, 4) CPU =        0.099 ms (setup)        1.653 (comm)        0.018 (pade)        0.023 (series)        1.631 (mix)        0.001 (add) 
Cl( 5, 4) in Cl( 5, 4) CPU =        0.229 ms (setup)        9.754 (comm)        0.089 (pade)        0.160 (series)        9.661 (mix)        0.002 (add) 
Cl( 5, 5) in Cl( 5, 5) CPU =        0.447 ms (setup)       12.665 (comm)        0.089 (pade)        0.163 (series)       12.563 (mix)        0.002 (add) 
Cl( 6, 5) in Cl( 6, 5) CPU =        1.023 ms (setup)       80.998 (comm)        0.573 (pade)        1.235 (series)       78.922 (mix)        0.006 (add) 
Cl( 6, 6) in Cl( 6, 6) CPU =        2.022 ms (setup)      105.876 (comm)        0.562 (pade)        1.234 (series)      103.882 (mix)        0.006 (add) 
Cl( 7, 6) in Cl( 7, 6) CPU =        5.666 ms (setup)      745.182 (comm)        4.149 (pade)        9.765 (series)      736.055 (mix)        0.024 (add) 
Cl( 7, 7) in Cl( 7, 7) CPU =        9.662 ms (setup)      885.910 (comm)        4.132 (pade)        9.724 (series)      880.591 (mix)        0.022 (add) 
Cl( 8, 7) in Cl( 8, 7) CPU =       26.245 ms (setup)     7413.152 (comm)       31.317 (pade)       78.895 (series)     7329.477 (mix)        0.099 (add) 
Cl( 8, 8) in Cl( 8, 8) CPU =       49.706 ms (setup)     8053.368 (comm)       31.386 (pade)       77.849 (series)     8000.756 (mix)        0.124 (add) 
Cl( 1, 0) in Cl( 8, 8) CPU =        0.016 ms (setup)       54.824 (comm)        0.556 (pade)       78.844 (series)       15.577 (mix)        0.121 (add) 
Cl( 1, 1) in Cl( 8, 8) CPU =        0.027 ms (setup)       95.168 (comm)        0.616 (pade)       78.241 (series)       56.727 (mix)        0.121 (add) 
Cl( 2, 1) in Cl( 8, 8) CPU =        0.062 ms (setup)      331.870 (comm)        0.643 (pade)       78.960 (series)      291.101 (mix)        0.097 (add) 
Cl( 2, 2) in Cl( 8, 8) CPU =        0.108 ms (setup)      757.534 (comm)        0.662 (pade)       77.642 (series)      721.496 (mix)        0.104 (add) 
Cl( 3, 2) in Cl( 8, 8) CPU =        2.123 ms (setup)     1131.303 (comm)        0.745 (pade)       77.553 (series)     1090.025 (mix)        0.100 (add) 
Cl( 3, 3) in Cl( 8, 8) CPU =        0.701 ms (setup)     1578.300 (comm)        0.720 (pade)       77.609 (series)     1538.034 (mix)        0.088 (add) 
Cl( 4, 3) in Cl( 8, 8) CPU =        0.793 ms (setup)     1590.137 (comm)        0.945 (pade)       78.874 (series)     1551.966 (mix)        0.099 (add) 
Cl( 4, 4) in Cl( 8, 8) CPU =        0.945 ms (setup)     2256.519 (comm)        0.964 (pade)       77.523 (series)     2215.626 (mix)        0.099 (add) 
Cl( 5, 4) in Cl( 8, 8) CPU =        1.459 ms (setup)     2908.274 (comm)        1.728 (pade)       77.742 (series)     2869.798 (mix)        0.089 (add) 
Cl( 5, 5) in Cl( 8, 8) CPU =        3.288 ms (setup)     3471.931 (comm)        1.742 (pade)       77.475 (series)     3432.224 (mix)        0.096 (add) 
Cl( 6, 5) in Cl( 8, 8) CPU =        5.739 ms (setup)     4293.431 (comm)       12.588 (pade)       77.633 (series)     4257.898 (mix)        0.097 (add) 
Cl( 6, 6) in Cl( 8, 8) CPU =        8.226 ms (setup)     4644.199 (comm)       12.578 (pade)       77.582 (series)     4604.735 (mix)        0.104 (add) 
Cl( 7, 6) in Cl( 8, 8) CPU =       19.430 ms (setup)     5139.300 (comm)       18.960 (pade)       77.645 (series)     5116.850 (mix)        0.103 (add) 
Cl( 7, 7) in Cl( 8, 8) CPU =       35.874 ms (setup)     6318.623 (comm)       18.884 (pade)       78.828 (series)     6296.545 (mix)        0.097 (add) 
Cl( 8, 7) in Cl( 8, 8) CPU =       88.846 ms (setup)     7454.561 (comm)       31.262 (pade)       77.578 (series)     7427.390 (mix)        0.094 (add) 
Cl( 8, 8) in Cl( 8, 8) CPU =       49.636 ms (setup)     7745.067 (comm)       31.368 (pade)       77.398 (series)     7713.331 (mix)        0.099 (add) 
Fill: 1
Cl( 1, 0) in Cl( 1, 0) CPU =        0.002 ms (setup)        0.008 (comm)        0.003 (pade)        0.004 (series)        0.005 (mix)        0.001 (add) 
Cl( 1, 1) in Cl( 1, 1) CPU =        0.002 ms (setup)        0.008 (comm)        0.002 (pade)        0.001 (series)        0.007 (mix)        0.001 (add) 
Cl( 2, 1) in Cl( 2, 1) CPU =        0.003 ms (setup)        0.026 (comm)        0.002 (pade)        0.001 (series)        0.025 (mix)        0.001 (add) 
Cl( 2, 2) in Cl( 2, 2) CPU =        0.005 ms (setup)        0.038 (comm)        0.002 (pade)        0.001 (series)        0.036 (mix)        0.001 (add) 
Cl( 3, 2) in Cl( 3, 2) CPU =        0.013 ms (setup)        0.169 (comm)        0.005 (pade)        0.004 (series)        0.167 (mix)        0.001 (add) 
Cl( 3, 3) in Cl( 3, 3) CPU =        0.022 ms (setup)        0.255 (comm)        0.005 (pade)        0.004 (series)        0.249 (mix)        0.001 (add) 
Cl( 4, 3) in Cl( 4, 3) CPU =        0.061 ms (setup)        1.377 (comm)        0.022 (pade)        0.024 (series)        1.374 (mix)        0.001 (add) 
Cl( 4, 4) in Cl( 4, 4) CPU =        0.123 ms (setup)        1.957 (comm)        0.021 (pade)        0.024 (series)        1.954 (mix)        0.002 (add) 
Cl( 5, 4) in Cl( 5, 4) CPU =        0.299 ms (setup)       10.558 (comm)        0.088 (pade)        0.160 (series)       10.493 (mix)        0.002 (add) 
Cl( 5, 5) in Cl( 5, 5) CPU =        0.601 ms (setup)       14.094 (comm)        0.088 (pade)        0.159 (series)       14.014 (mix)        0.002 (add) 
Cl( 6, 5) in Cl( 6, 5) CPU =        1.525 ms (setup)       90.405 (comm)        0.576 (pade)        1.250 (series)       88.460 (mix)        0.005 (add) 
Cl( 6, 6) in Cl( 6, 6) CPU =        3.083 ms (setup)      111.048 (comm)        0.574 (pade)        1.237 (series)      111.332 (mix)        0.006 (add) 
Cl( 7, 6) in Cl( 7, 6) CPU =        7.625 ms (setup)      820.654 (comm)        4.245 (pade)        9.966 (series)      814.024 (mix)        0.021 (add) 
Cl( 7, 7) in Cl( 7, 7) CPU =       15.039 ms (setup)      982.136 (comm)        4.178 (pade)       10.668 (series)      967.314 (mix)        0.047 (add) 
Cl( 8, 7) in Cl( 8, 7) CPU =       44.447 ms (setup)     8265.499 (comm)       31.488 (pade)       78.304 (series)     8189.337 (mix)        0.093 (add) 
Cl( 8, 8) in Cl( 8, 8) CPU =       85.995 ms (setup)     9093.272 (comm)       31.400 (pade)       78.573 (series)     9031.407 (mix)        0.184 (add) 
Cl( 1, 0) in Cl( 8, 8) CPU =        0.022 ms (setup)      155.849 (comm)        0.647 (pade)       77.718 (series)      115.476 (mix)        0.120 (add) 
Cl( 1, 1) in Cl( 8, 8) CPU =        0.043 ms (setup)      311.757 (comm)        0.622 (pade)       78.636 (series)      272.461 (mix)        0.127 (add) 
Cl( 2, 1) in Cl( 8, 8) CPU =        0.091 ms (setup)      547.218 (comm)        0.647 (pade)       77.655 (series)      504.995 (mix)        0.097 (add) 
Cl( 2, 2) in Cl( 8, 8) CPU =        1.556 ms (setup)      856.921 (comm)        0.653 (pade)       78.870 (series)      820.740 (mix)        0.095 (add) 
Cl( 3, 2) in Cl( 8, 8) CPU =        0.651 ms (setup)     1245.206 (comm)        0.699 (pade)       77.570 (series)     1207.508 (mix)        0.098 (add) 
Cl( 3, 3) in Cl( 8, 8) CPU =        2.436 ms (setup)     1718.408 (comm)        0.716 (pade)       77.650 (series)     1680.574 (mix)        0.101 (add) 
Cl( 4, 3) in Cl( 8, 8) CPU =        3.901 ms (setup)     2284.327 (comm)        0.938 (pade)       79.104 (series)     2239.564 (mix)        0.094 (add) 
Cl( 4, 4) in Cl( 8, 8) CPU =        1.038 ms (setup)     2909.736 (comm)        0.965 (pade)       77.558 (series)     2862.986 (mix)        0.103 (add) 
Cl( 5, 4) in Cl( 8, 8) CPU =        1.967 ms (setup)     3563.532 (comm)        1.742 (pade)       77.328 (series)     3509.819 (mix)        0.097 (add) 
Cl( 5, 5) in Cl( 8, 8) CPU =        2.771 ms (setup)     4198.004 (comm)        1.758 (pade)       77.776 (series)     4158.254 (mix)        0.098 (add) 
Cl( 6, 5) in Cl( 8, 8) CPU =        6.040 ms (setup)     4875.141 (comm)       12.713 (pade)       79.067 (series)     4839.636 (mix)        0.106 (add) 
Cl( 6, 6) in Cl( 8, 8) CPU =       11.659 ms (setup)     5514.771 (comm)       12.664 (pade)       77.642 (series)     5474.239 (mix)        0.242 (add) 
Cl( 7, 6) in Cl( 8, 8) CPU =       26.392 ms (setup)     6294.452 (comm)       18.974 (pade)       77.752 (series)     6259.309 (mix)        0.129 (add) 
Cl( 7, 7) in Cl( 8, 8) CPU =       49.739 ms (setup)     7003.980 (comm)       18.938 (pade)       77.768 (series)     6979.146 (mix)        0.100 (add) 
Cl( 8, 7) in Cl( 8, 8) CPU =      121.867 ms (setup)     8173.512 (comm)       31.358 (pade)       79.794 (series)     8120.164 (mix)        0.099 (add) 
Cl( 8, 8) in Cl( 8, 8) CPU =       84.346 ms (setup)     9058.488 (comm)       32.296 (pade)       77.515 (series)     9013.787 (mix)        0.188 (add) 
