expressions/expressions
	linux-vdso.so.1 (0x0000705829efb000)
	libarmadillo.so.15 => /lib/libarmadillo.so.15 (0x0000705829eb6000)
	libstdc++.so.6 => /usr/lib/x86_64-linux-gnu/libstdc++.so.6 (0x0000705829400000)
	libm.so.6 => /usr/lib/x86_64-linux-gnu/libm.so.6 (0x00007058296da000)
	libgcc_s.so.1 => /usr/lib/x86_64-linux-gnu/libgcc_s.so.1 (0x0000705829e88000)
	libc.so.6 => /usr/lib/x86_64-linux-gnu/libc.so.6 (0x0000705829000000)
	libblas.so.3 => /lib/x86_64-linux-gnu/libblas.so.3 (0x0000705828800000)
	libarpack.so.2 => /usr/lib/x86_64-linux-gnu/libarpack.so.2 (0x00007058293b5000)
	libsuperlu.so.7 => /usr/lib/x86_64-linux-gnu/libsuperlu.so.7 (0x0000705829340000)
	/lib64/ld-linux-x86-64.so.2 (0x0000705829efd000)
	libgfortran.so.5 => /usr/lib/x86_64-linux-gnu/libgfortran.so.5 (0x0000705828400000)
gfft_test/gfft_test
	linux-vdso.so.1 (0x0000789c15659000)
	libarmadillo.so.15 => /lib/libarmadillo.so.15 (0x0000789c15614000)
	libstdc++.so.6 => /usr/lib/x86_64-linux-gnu/libstdc++.so.6 (0x0000789c14e00000)
	libm.so.6 => /usr/lib/x86_64-linux-gnu/libm.so.6 (0x0000789c150da000)
	libgcc_s.so.1 => /usr/lib/x86_64-linux-gnu/libgcc_s.so.1 (0x0000789c155e6000)
	libc.so.6 => /usr/lib/x86_64-linux-gnu/libc.so.6 (0x0000789c14a00000)
	libblas.so.3 => /lib/x86_64-linux-gnu/libblas.so.3 (0x0000789c14200000)
	libarpack.so.2 => /usr/lib/x86_64-linux-gnu/libarpack.so.2 (0x0000789c15599000)
	libsuperlu.so.7 => /usr/lib/x86_64-linux-gnu/libsuperlu.so.7 (0x0000789c15524000)
	/lib64/ld-linux-x86-64.so.2 (0x0000789c1565b000)
	libgfortran.so.5 => /usr/lib/x86_64-linux-gnu/libgfortran.so.5 (0x0000789c13e00000)
products/products
	linux-vdso.so.1 (0x00007a8896ead000)
	libarmadillo.so.15 => /lib/libarmadillo.so.15 (0x00007a8896e68000)
	libstdc++.so.6 => /usr/lib/x86_64-linux-gnu/libstdc++.so.6 (0x00007a8896400000)
	libm.so.6 => /usr/lib/x86_64-linux-gnu/libm.so.6 (0x00007a88966da000)
	libgcc_s.so.1 => /usr/lib/x86_64-linux-gnu/libgcc_s.so.1 (0x00007a8896e3a000)
	libc.so.6 => /usr/lib/x86_64-linux-gnu/libc.so.6 (0x00007a8896000000)
	libblas.so.3 => /lib/x86_64-linux-gnu/libblas.so.3 (0x00007a8895800000)
	libarpack.so.2 => /usr/lib/x86_64-linux-gnu/libarpack.so.2 (0x00007a8896ded000)
	libsuperlu.so.7 => /usr/lib/x86_64-linux-gnu/libsuperlu.so.7 (0x00007a889638b000)
	/lib64/ld-linux-x86-64.so.2 (0x00007a8896eaf000)
	libgfortran.so.5 => /usr/lib/x86_64-linux-gnu/libgfortran.so.5 (0x00007a8895400000)
squaring/squaring
	linux-vdso.so.1 (0x00007dc013ad3000)
	libarmadillo.so.15 => /lib/libarmadillo.so.15 (0x00007dc013a8e000)
	libstdc++.so.6 => /usr/lib/x86_64-linux-gnu/libstdc++.so.6 (0x00007dc013200000)
	libm.so.6 => /usr/lib/x86_64-linux-gnu/libm.so.6 (0x00007dc013968000)
	libgcc_s.so.1 => /usr/lib/x86_64-linux-gnu/libgcc_s.so.1 (0x00007dc01393a000)
	libc.so.6 => /usr/lib/x86_64-linux-gnu/libc.so.6 (0x00007dc012e00000)
	libblas.so.3 => /lib/x86_64-linux-gnu/libblas.so.3 (0x00007dc012600000)
	libarpack.so.2 => /usr/lib/x86_64-linux-gnu/libarpack.so.2 (0x00007dc0135b5000)
	libsuperlu.so.7 => /usr/lib/x86_64-linux-gnu/libsuperlu.so.7 (0x00007dc013540000)
	/lib64/ld-linux-x86-64.so.2 (0x00007dc013ad5000)
	libgfortran.so.5 => /usr/lib/x86_64-linux-gnu/libgfortran.so.5 (0x00007dc012200000)
transforms/transforms
	linux-vdso.so.1 (0x00007d7ed84a3000)
	libarmadillo.so.15 => /lib/libarmadillo.so.15 (0x00007d7ed845e000)
	libstdc++.so.6 => /usr/lib/x86_64-linux-gnu/libstdc++.so.6 (0x00007d7ed7c00000)
	libm.so.6 => /usr/lib/x86_64-linux-gnu/libm.so.6 (0x00007d7ed8338000)
	libgcc_s.so.1 => /usr/lib/x86_64-linux-gnu/libgcc_s.so.1 (0x00007d7ed830a000)
	libc.so.6 => /usr/lib/x86_64-linux-gnu/libc.so.6 (0x00007d7ed7800000)
	libblas.so.3 => /lib/x86_64-linux-gnu/libblas.so.3 (0x00007d7ed7000000)
	libarpack.so.2 => /usr/lib/x86_64-linux-gnu/libarpack.so.2 (0x00007d7ed7fb5000)
	libsuperlu.so.7 => /usr/lib/x86_64-linux-gnu/libsuperlu.so.7 (0x00007d7ed7f40000)
	/lib64/ld-linux-x86-64.so.2 (0x00007d7ed84a5000)
	libgfortran.so.5 => /usr/lib/x86_64-linux-gnu/libgfortran.so.5 (0x00007d7ed6c00000)
versor/versor
	linux-vdso.so.1 (0x000078c4612df000)
	libarmadillo.so.15 => /lib/libarmadillo.so.15 (0x000078c46129a000)
	libstdc++.so.6 => /usr/lib/x86_64-linux-gnu/libstdc++.so.6 (0x000078c460a00000)
	libm.so.6 => /usr/lib/x86_64-linux-gnu/libm.so.6 (0x000078c461174000)
	libgcc_s.so.1 => /usr/lib/x86_64-linux-gnu/libgcc_s.so.1 (0x000078c461146000)
	libc.so.6 => /usr/lib/x86_64-linux-gnu/libc.so.6 (0x000078c460600000)
	libblas.so.3 => /lib/x86_64-linux-gnu/libblas.so.3 (0x000078c45fe00000)
	libarpack.so.2 => /usr/lib/x86_64-linux-gnu/libarpack.so.2 (0x000078c460db5000)
	libsuperlu.so.7 => /usr/lib/x86_64-linux-gnu/libsuperlu.so.7 (0x000078c460d40000)
	/lib64/ld-linux-x86-64.so.2 (0x000078c4612e1000)
	libgfortran.so.5 => /usr/lib/x86_64-linux-gnu/libgfortran.so.5 (0x000078c45fa00000)
