
framed_multi<float,-4,4>
Clifford algebra expressions test:
Fill: 0.5
Cl( 1, 0) in Cl( 1, 0) CPU =        0.005 ms (setup)        0.004 (comm)        0.011 (pade)        0.005 (series)        0.002 (mix)        0.003 (add) 
Cl( 1, 1) in Cl( 1, 1) CPU =        0.002 ms (setup)        0.002 (comm)        0.011 (pade)        0.002 (series)        0.001 (mix)        0.003 (add) 
Cl( 2, 1) in Cl( 2, 1) CPU =        0.003 ms (setup)        0.013 (comm)        0.029 (pade)        0.021 (series)        0.007 (mix)        0.005 (add) 
Cl( 2, 2) in Cl( 2, 2) CPU =        0.005 ms (setup)        0.022 (comm)        0.030 (pade)        0.028 (series)        0.008 (mix)        0.005 (add) 
Cl( 3, 2) in Cl( 3, 2) CPU =        0.009 ms (setup)        0.046 (comm)        0.142 (pade)        0.047 (series)        0.017 (mix)        0.007 (add) 
Cl( 3, 3) in Cl( 3, 3) CPU =        0.022 ms (setup)        0.122 (comm)        0.160 (pade)        0.180 (series)        0.042 (mix)        0.011 (add) 
Cl( 4, 3) in Cl( 4, 3) CPU =        0.040 ms (setup)        0.297 (comm)        0.583 (pade)        0.530 (series)        0.103 (mix)        0.031 (add) 
Cl( 4, 4) in Cl( 4, 4) CPU =        0.083 ms (setup)        1.697 (comm)        0.768 (pade)        2.766 (series)        0.247 (mix)        0.057 (add) 
Cl( 1, 0) in Cl( 4, 4) CPU =        0.001 ms (setup)        0.001 (comm)        0.007 (pade)        0.005 (series)        0.001 (mix)        0.002 (add) 
Cl( 1, 1) in Cl( 4, 4) CPU =        0.002 ms (setup)        0.004 (comm)        0.008 (pade)        0.005 (series)        0.002 (mix)        0.003 (add) 
Cl( 2, 1) in Cl( 4, 4) CPU =        0.003 ms (setup)        0.011 (comm)        0.021 (pade)        0.013 (series)        0.004 (mix)        0.003 (add) 
Cl( 2, 2) in Cl( 4, 4) CPU =        0.005 ms (setup)        0.018 (comm)        0.024 (pade)        0.025 (series)        0.007 (mix)        0.004 (add) 
Cl( 3, 2) in Cl( 4, 4) CPU =        0.007 ms (setup)        0.040 (comm)        0.104 (pade)        0.059 (series)        0.015 (mix)        0.006 (add) 
Cl( 3, 3) in Cl( 4, 4) CPU =        0.018 ms (setup)        0.101 (comm)        0.147 (pade)        0.157 (series)        0.035 (mix)        0.013 (add) 
Cl( 4, 3) in Cl( 4, 4) CPU =        0.032 ms (setup)        0.209 (comm)        0.467 (pade)        0.387 (series)        0.074 (mix)        0.019 (add) 
Cl( 4, 4) in Cl( 4, 4) CPU =        0.068 ms (setup)        1.419 (comm)        0.545 (pade)        2.103 (series)        0.181 (mix)        0.038 (add) 
Fill: 1
Cl( 1, 0) in Cl( 1, 0) CPU =        0.002 ms (setup)        0.005 (comm)        0.007 (pade)        0.006 (series)        0.002 (mix)        0.002 (add) 
Cl( 1, 1) in Cl( 1, 1) CPU =        0.002 ms (setup)        0.007 (comm)        0.007 (pade)        0.009 (series)        0.003 (mix)        0.002 (add) 
Cl( 2, 1) in Cl( 2, 1) CPU =        0.004 ms (setup)        0.010 (comm)        0.018 (pade)        0.012 (series)        0.004 (mix)        0.003 (add) 
Cl( 2, 2) in Cl( 2, 2) CPU =        0.006 ms (setup)        0.020 (comm)        0.026 (pade)        0.025 (series)        0.007 (mix)        0.004 (add) 
Cl( 3, 2) in Cl( 3, 2) CPU =        0.010 ms (setup)        0.051 (comm)        0.081 (pade)        0.068 (series)        0.015 (mix)        0.007 (add) 
Cl( 3, 3) in Cl( 3, 3) CPU =        0.021 ms (setup)        0.134 (comm)        0.118 (pade)        0.191 (series)        0.038 (mix)        0.012 (add) 
Cl( 4, 3) in Cl( 4, 3) CPU =        0.043 ms (setup)        0.413 (comm)        0.416 (pade)        0.618 (series)        0.094 (mix)        0.026 (add) 
Cl( 4, 4) in Cl( 4, 4) CPU =        0.096 ms (setup)        1.476 (comm)        0.626 (pade)        2.458 (series)        0.258 (mix)        0.080 (add) 
Cl( 1, 0) in Cl( 4, 4) CPU =        0.001 ms (setup)        0.005 (comm)        0.006 (pade)        0.006 (series)        0.002 (mix)        0.003 (add) 
Cl( 1, 1) in Cl( 4, 4) CPU =        0.002 ms (setup)        0.007 (comm)        0.007 (pade)        0.009 (series)        0.003 (mix)        0.002 (add) 
Cl( 2, 1) in Cl( 4, 4) CPU =        0.003 ms (setup)        0.011 (comm)        0.018 (pade)        0.013 (series)        0.004 (mix)        0.003 (add) 
Cl( 2, 2) in Cl( 4, 4) CPU =        0.005 ms (setup)        0.020 (comm)        0.028 (pade)        0.024 (series)        0.007 (mix)        0.004 (add) 
Cl( 3, 2) in Cl( 4, 4) CPU =        0.011 ms (setup)        0.051 (comm)        0.082 (pade)        0.064 (series)        0.015 (mix)        0.008 (add) 
Cl( 3, 3) in Cl( 4, 4) CPU =        0.022 ms (setup)        0.134 (comm)        0.118 (pade)        0.190 (series)        0.038 (mix)        0.012 (add) 
Cl( 4, 3) in Cl( 4, 4) CPU =        0.044 ms (setup)        0.406 (comm)        0.420 (pade)        0.630 (series)        0.095 (mix)        0.026 (add) 
Cl( 4, 4) in Cl( 4, 4) CPU =        0.096 ms (setup)        1.498 (comm)        0.648 (pade)        2.460 (series)        0.257 (mix)        0.074 (add) 

matrix_multi<float,-4,4>
Clifford algebra expressions test:
Fill: 0.5
Cl( 1, 0) in Cl( 1, 0) CPU =        0.002 ms (setup)        0.007 (comm)        0.002 (pade)        0.003 (series)        0.005 (mix)        0.001 (add) 
Cl( 1, 1) in Cl( 1, 1) CPU =        0.004 ms (setup)        0.015 (comm)        0.003 (pade)        0.002 (series)        0.015 (mix)        0.001 (add) 
Cl( 2, 1) in Cl( 2, 1) CPU =        0.005 ms (setup)        0.077 (comm)        0.003 (pade)        0.003 (series)        0.068 (mix)        0.001 (add) 
Cl( 2, 2) in Cl( 2, 2) CPU =        0.007 ms (setup)        0.103 (comm)        0.003 (pade)        0.002 (series)        0.105 (mix)        0.001 (add) 
Cl( 3, 2) in Cl( 3, 2) CPU =        0.034 ms (setup)        0.335 (comm)        0.005 (pade)        0.004 (series)        0.331 (mix)        0.001 (add) 
Cl( 3, 3) in Cl( 3, 3) CPU =        0.060 ms (setup)        0.610 (comm)        0.005 (pade)        0.004 (series)        0.607 (mix)        0.001 (add) 
Cl( 4, 3) in Cl( 4, 3) CPU =        0.137 ms (setup)        2.667 (comm)        0.011 (pade)        0.009 (series)        2.662 (mix)        0.001 (add) 
Cl( 4, 4) in Cl( 4, 4) CPU =        0.270 ms (setup)        3.982 (comm)        0.011 (pade)        0.009 (series)        4.003 (mix)        0.001 (add) 
Cl( 1, 0) in Cl( 4, 4) CPU =        0.007 ms (setup)        0.064 (comm)        0.010 (pade)        0.009 (series)        0.055 (mix)        0.001 (add) 
Cl( 1, 1) in Cl( 4, 4) CPU =        0.007 ms (setup)        0.089 (comm)        0.011 (pade)        0.009 (series)        0.074 (mix)        0.001 (add) 
Cl( 2, 1) in Cl( 4, 4) CPU =        0.018 ms (setup)        0.185 (comm)        0.011 (pade)        0.009 (series)        0.179 (mix)        0.001 (add) 
Cl( 2, 2) in Cl( 4, 4) CPU =        0.032 ms (setup)        0.232 (comm)        0.011 (pade)        0.009 (series)        0.228 (mix)        0.001 (add) 
Cl( 3, 2) in Cl( 4, 4) CPU =        0.128 ms (setup)        0.640 (comm)        0.011 (pade)        0.009 (series)        0.649 (mix)        0.003 (add) 
Cl( 3, 3) in Cl( 4, 4) CPU =        0.210 ms (setup)        0.982 (comm)        0.011 (pade)        0.009 (series)        0.974 (mix)        0.001 (add) 
Cl( 4, 3) in Cl( 4, 4) CPU =        0.544 ms (setup)        2.585 (comm)        0.011 (pade)        0.009 (series)        2.496 (mix)        0.001 (add) 
Cl( 4, 4) in Cl( 4, 4) CPU =        0.272 ms (setup)        4.048 (comm)        0.011 (pade)        0.009 (series)        4.030 (mix)        0.001 (add) 
Fill: 1
Cl( 1, 0) in Cl( 1, 0) CPU =        0.004 ms (setup)        0.016 (comm)        0.003 (pade)        0.002 (series)        0.016 (mix)        0.001 (add) 
Cl( 1, 1) in Cl( 1, 1) CPU =        0.003 ms (setup)        0.025 (comm)        0.003 (pade)        0.002 (series)        0.024 (mix)        0.001 (add) 
Cl( 2, 1) in Cl( 2, 1) CPU =        0.007 ms (setup)        0.082 (comm)        0.003 (pade)        0.003 (series)        0.076 (mix)        0.001 (add) 
Cl( 2, 2) in Cl( 2, 2) CPU =        0.015 ms (setup)        0.133 (comm)        0.003 (pade)        0.003 (series)        0.127 (mix)        0.001 (add) 
Cl( 3, 2) in Cl( 3, 2) CPU =        0.038 ms (setup)        0.479 (comm)        0.005 (pade)        0.004 (series)        0.472 (mix)        0.001 (add) 
Cl( 3, 3) in Cl( 3, 3) CPU =        0.075 ms (setup)        0.741 (comm)        0.005 (pade)        0.005 (series)        0.743 (mix)        0.001 (add) 
Cl( 4, 3) in Cl( 4, 3) CPU =        0.186 ms (setup)        3.080 (comm)        0.011 (pade)        0.009 (series)        3.057 (mix)        0.001 (add) 
Cl( 4, 4) in Cl( 4, 4) CPU =        0.384 ms (setup)        4.621 (comm)        0.011 (pade)        0.009 (series)        4.635 (mix)        0.001 (add) 
Cl( 1, 0) in Cl( 4, 4) CPU =        0.006 ms (setup)        0.117 (comm)        0.010 (pade)        0.009 (series)        0.119 (mix)        0.001 (add) 
Cl( 1, 1) in Cl( 4, 4) CPU =        0.009 ms (setup)        0.158 (comm)        0.011 (pade)        0.009 (series)        0.160 (mix)        0.001 (add) 
Cl( 2, 1) in Cl( 4, 4) CPU =        0.025 ms (setup)        0.231 (comm)        0.010 (pade)        0.009 (series)        0.224 (mix)        0.001 (add) 
Cl( 2, 2) in Cl( 4, 4) CPU =        0.067 ms (setup)        0.344 (comm)        0.011 (pade)        0.009 (series)        0.339 (mix)        0.001 (add) 
Cl( 3, 2) in Cl( 4, 4) CPU =        0.148 ms (setup)        0.705 (comm)        0.011 (pade)        0.009 (series)        0.704 (mix)        0.001 (add) 
Cl( 3, 3) in Cl( 4, 4) CPU =        0.241 ms (setup)        1.120 (comm)        0.011 (pade)        0.009 (series)        1.113 (mix)        0.001 (add) 
Cl( 4, 3) in Cl( 4, 4) CPU =        0.661 ms (setup)        3.243 (comm)        0.011 (pade)        0.009 (series)        3.232 (mix)        0.001 (add) 
Cl( 4, 4) in Cl( 4, 4) CPU =        0.384 ms (setup)        4.613 (comm)        0.011 (pade)        0.009 (series)        4.603 (mix)        0.001 (add) 

framed_multi<double>
Clifford algebra expressions test:
Fill: 0.5
Cl( 1, 0) in Cl( 1, 0) CPU =        0.002 ms (setup)        0.003 (comm)        0.007 (pade)        0.004 (series)        0.001 (mix)        0.003 (add) 
Cl( 1, 1) in Cl( 1, 1) CPU =        0.002 ms (setup)        0.001 (comm)        0.007 (pade)        0.002 (series)        0.001 (mix)        0.003 (add) 
Cl( 2, 1) in Cl( 2, 1) CPU =        0.003 ms (setup)        0.011 (comm)        0.018 (pade)        0.011 (series)        0.004 (mix)        0.003 (add) 
Cl( 2, 2) in Cl( 2, 2) CPU =        0.005 ms (setup)        0.018 (comm)        0.018 (pade)        0.022 (series)        0.007 (mix)        0.004 (add) 
Cl( 3, 2) in Cl( 3, 2) CPU =        0.007 ms (setup)        0.044 (comm)        0.096 (pade)        0.039 (series)        0.014 (mix)        0.005 (add) 
Cl( 3, 3) in Cl( 3, 3) CPU =        0.016 ms (setup)        0.102 (comm)        0.110 (pade)        0.166 (series)        0.035 (mix)        0.007 (add) 
Cl( 4, 3) in Cl( 4, 3) CPU =        0.030 ms (setup)        0.255 (comm)        0.358 (pade)        0.488 (series)        0.081 (mix)        0.013 (add) 
Cl( 4, 4) in Cl( 4, 4) CPU =        0.062 ms (setup)        1.159 (comm)        0.523 (pade)        1.954 (series)        0.216 (mix)        0.023 (add) 
Cl( 5, 4) in Cl( 5, 4) CPU =        0.120 ms (setup)        3.715 (comm)        1.719 (pade)        7.086 (series)        0.574 (mix)        0.051 (add) 
Cl( 5, 5) in Cl( 5, 5) CPU =        0.248 ms (setup)        5.866 (comm)        2.415 (pade)        9.362 (series)        1.471 (mix)        0.121 (add) 
Cl( 6, 5) in Cl( 6, 5) CPU =        0.504 ms (setup)       19.015 (comm)        8.354 (pade)       31.611 (series)        3.930 (mix)        0.184 (add) 
Cl( 6, 6) in Cl( 6, 6) CPU =        0.982 ms (setup)       32.179 (comm)       11.581 (pade)       44.598 (series)       11.069 (mix)        0.392 (add) 
Cl( 7, 6) in Cl( 7, 6) CPU =        2.023 ms (setup)      104.075 (comm)       39.536 (pade)      151.942 (series)       32.470 (mix)        0.766 (add) 
Cl( 7, 7) in Cl( 7, 7) CPU =        3.933 ms (setup)      192.448 (comm)       54.989 (pade)      215.476 (series)       93.183 (mix)        1.632 (add) 
Cl( 8, 7) in Cl( 8, 7) CPU =        8.040 ms (setup)      628.822 (comm)      198.739 (pade)      749.999 (series)      276.966 (mix)        3.508 (add) 
Cl( 8, 8) in Cl( 8, 8) CPU =       16.329 ms (setup)     1337.672 (comm)      279.058 (pade)     1066.874 (series)      848.681 (mix)        8.561 (add) 
Cl( 1, 0) in Cl( 8, 8) CPU =        0.002 ms (setup)        0.002 (comm)        0.005 (pade)        0.003 (series)        0.001 (mix)        0.003 (add) 
Cl( 1, 1) in Cl( 8, 8) CPU =        0.003 ms (setup)        0.002 (comm)        0.009 (pade)        0.002 (series)        0.001 (mix)        0.002 (add) 
Cl( 2, 1) in Cl( 8, 8) CPU =        0.005 ms (setup)        0.010 (comm)        0.018 (pade)        0.011 (series)        0.004 (mix)        0.003 (add) 
Cl( 2, 2) in Cl( 8, 8) CPU =        0.004 ms (setup)        0.021 (comm)        0.021 (pade)        0.021 (series)        0.007 (mix)        0.003 (add) 
Cl( 3, 2) in Cl( 8, 8) CPU =        0.006 ms (setup)        0.031 (comm)        0.056 (pade)        0.032 (series)        0.011 (mix)        0.004 (add) 
Cl( 3, 3) in Cl( 8, 8) CPU =        0.015 ms (setup)        0.107 (comm)        0.106 (pade)        0.166 (series)        0.038 (mix)        0.007 (add) 
Cl( 4, 3) in Cl( 8, 8) CPU =        0.029 ms (setup)        0.272 (comm)        0.371 (pade)        0.486 (series)        0.082 (mix)        0.013 (add) 
Cl( 4, 4) in Cl( 8, 8) CPU =        0.064 ms (setup)        1.137 (comm)        0.511 (pade)        1.921 (series)        0.208 (mix)        0.022 (add) 
Cl( 5, 4) in Cl( 8, 8) CPU =        0.124 ms (setup)        3.670 (comm)        1.676 (pade)        6.519 (series)        0.530 (mix)        0.044 (add) 
Cl( 5, 5) in Cl( 8, 8) CPU =        0.237 ms (setup)        5.670 (comm)        2.343 (pade)        9.137 (series)        1.379 (mix)        0.085 (add) 
Cl( 6, 5) in Cl( 8, 8) CPU =        0.484 ms (setup)       18.761 (comm)        7.994 (pade)       31.440 (series)        3.916 (mix)        0.177 (add) 
Cl( 6, 6) in Cl( 8, 8) CPU =        0.965 ms (setup)       31.192 (comm)       11.213 (pade)       43.846 (series)       10.787 (mix)        0.365 (add) 
Cl( 7, 6) in Cl( 8, 8) CPU =        1.985 ms (setup)      103.288 (comm)       39.196 (pade)      150.387 (series)       31.493 (mix)        0.771 (add) 
Cl( 7, 7) in Cl( 8, 8) CPU =        3.954 ms (setup)      194.518 (comm)       54.907 (pade)      212.831 (series)       96.184 (mix)        1.575 (add) 
Cl( 8, 7) in Cl( 8, 8) CPU =        8.211 ms (setup)      637.629 (comm)      198.781 (pade)      750.491 (series)      284.490 (mix)        3.405 (add) 
Cl( 8, 8) in Cl( 8, 8) CPU =       16.399 ms (setup)     1329.654 (comm)      283.155 (pade)     1074.307 (series)      845.061 (mix)        8.472 (add) 
Fill: 1
Cl( 1, 0) in Cl( 1, 0) CPU =        0.002 ms (setup)        0.005 (comm)        0.007 (pade)        0.007 (series)        0.002 (mix)        0.002 (add) 
Cl( 1, 1) in Cl( 1, 1) CPU =        0.003 ms (setup)        0.007 (comm)        0.007 (pade)        0.009 (series)        0.003 (mix)        0.003 (add) 
Cl( 2, 1) in Cl( 2, 1) CPU =        0.003 ms (setup)        0.013 (comm)        0.018 (pade)        0.015 (series)        0.005 (mix)        0.003 (add) 
Cl( 2, 2) in Cl( 2, 2) CPU =        0.007 ms (setup)        0.027 (comm)        0.025 (pade)        0.034 (series)        0.009 (mix)        0.004 (add) 
Cl( 3, 2) in Cl( 3, 2) CPU =        0.012 ms (setup)        0.072 (comm)        0.083 (pade)        0.090 (series)        0.020 (mix)        0.006 (add) 
Cl( 3, 3) in Cl( 3, 3) CPU =        0.025 ms (setup)        0.184 (comm)        0.115 (pade)        0.281 (series)        0.046 (mix)        0.011 (add) 
Cl( 4, 3) in Cl( 4, 3) CPU =        0.059 ms (setup)        0.575 (comm)        0.386 (pade)        0.954 (series)        0.146 (mix)        0.019 (add) 
Cl( 4, 4) in Cl( 4, 4) CPU =        0.102 ms (setup)        1.440 (comm)        0.610 (pade)        2.231 (series)        0.288 (mix)        0.039 (add) 
Cl( 5, 4) in Cl( 5, 4) CPU =        0.231 ms (setup)        4.396 (comm)        1.855 (pade)        7.247 (series)        0.738 (mix)        0.079 (add) 
Cl( 5, 5) in Cl( 5, 5) CPU =        0.404 ms (setup)        7.282 (comm)        2.714 (pade)       10.694 (series)        1.963 (mix)        0.165 (add) 
Cl( 6, 5) in Cl( 6, 5) CPU =        0.852 ms (setup)       22.863 (comm)        8.954 (pade)       35.121 (series)        5.347 (mix)        0.331 (add) 
Cl( 6, 6) in Cl( 6, 6) CPU =        1.610 ms (setup)       40.900 (comm)       13.262 (pade)       52.223 (series)       14.800 (mix)        0.681 (add) 
Cl( 7, 6) in Cl( 7, 6) CPU =        3.312 ms (setup)      128.197 (comm)       44.894 (pade)      171.522 (series)       43.810 (mix)        1.455 (add) 
Cl( 7, 7) in Cl( 7, 7) CPU =        6.617 ms (setup)      258.368 (comm)       66.100 (pade)      259.213 (series)      128.415 (mix)        3.674 (add) 
Cl( 8, 7) in Cl( 8, 7) CPU =       14.027 ms (setup)      823.698 (comm)      232.060 (pade)      872.969 (series)      387.678 (mix)        8.983 (add) 
Cl( 8, 8) in Cl( 8, 8) CPU =       28.302 ms (setup)     1855.647 (comm)      350.409 (pade)     1327.446 (series)     1200.288 (mix)       19.018 (add) 
Cl( 1, 0) in Cl( 8, 8) CPU =        0.002 ms (setup)        0.005 (comm)        0.007 (pade)        0.006 (series)        0.002 (mix)        0.003 (add) 
Cl( 1, 1) in Cl( 8, 8) CPU =        0.002 ms (setup)        0.007 (comm)        0.007 (pade)        0.009 (series)        0.003 (mix)        0.003 (add) 
Cl( 2, 1) in Cl( 8, 8) CPU =        0.004 ms (setup)        0.013 (comm)        0.019 (pade)        0.015 (series)        0.005 (mix)        0.003 (add) 
Cl( 2, 2) in Cl( 8, 8) CPU =        0.007 ms (setup)        0.026 (comm)        0.025 (pade)        0.033 (series)        0.009 (mix)        0.004 (add) 
Cl( 3, 2) in Cl( 8, 8) CPU =        0.011 ms (setup)        0.066 (comm)        0.081 (pade)        0.090 (series)        0.019 (mix)        0.006 (add) 
Cl( 3, 3) in Cl( 8, 8) CPU =        0.024 ms (setup)        0.189 (comm)        0.116 (pade)        0.274 (series)        0.046 (mix)        0.011 (add) 
Cl( 4, 3) in Cl( 8, 8) CPU =        0.052 ms (setup)        0.570 (comm)        0.400 (pade)        0.976 (series)        0.117 (mix)        0.021 (add) 
Cl( 4, 4) in Cl( 8, 8) CPU =        0.135 ms (setup)        1.556 (comm)        0.602 (pade)        2.302 (series)        0.281 (mix)        0.038 (add) 
Cl( 5, 4) in Cl( 8, 8) CPU =        0.206 ms (setup)        4.375 (comm)        1.857 (pade)        7.256 (series)        0.732 (mix)        0.079 (add) 
Cl( 5, 5) in Cl( 8, 8) CPU =        0.406 ms (setup)        7.310 (comm)        2.720 (pade)       10.716 (series)        1.946 (mix)        0.163 (add) 
Cl( 6, 5) in Cl( 8, 8) CPU =        0.833 ms (setup)       22.817 (comm)        8.941 (pade)       35.021 (series)        5.301 (mix)        0.329 (add) 
Cl( 6, 6) in Cl( 8, 8) CPU =        1.624 ms (setup)       40.849 (comm)       13.469 (pade)       51.975 (series)       15.283 (mix)        0.687 (add) 
Cl( 7, 6) in Cl( 8, 8) CPU =        3.324 ms (setup)      129.739 (comm)       44.188 (pade)      171.924 (series)       43.142 (mix)        1.417 (add) 
Cl( 7, 7) in Cl( 8, 8) CPU =        6.585 ms (setup)      257.815 (comm)       65.995 (pade)      258.805 (series)      130.720 (mix)        3.723 (add) 
Cl( 8, 7) in Cl( 8, 8) CPU =       13.799 ms (setup)      825.961 (comm)      230.756 (pade)      881.004 (series)      390.415 (mix)        9.014 (add) 
Cl( 8, 8) in Cl( 8, 8) CPU =       28.628 ms (setup)     1856.621 (comm)      347.877 (pade)     1322.978 (series)     1194.921 (mix)       18.274 (add) 

matrix_multi<double>
Clifford algebra expressions test:
Fill: 0.5
Cl( 1, 0) in Cl( 1, 0) CPU =        0.004 ms (setup)        0.009 (comm)        0.003 (pade)        0.002 (series)        0.008 (mix)        0.001 (add) 
Cl( 1, 1) in Cl( 1, 1) CPU =        0.011 ms (setup)        0.009 (comm)        0.002 (pade)        0.002 (series)        0.009 (mix)        0.001 (add) 
Cl( 2, 1) in Cl( 2, 1) CPU =        0.005 ms (setup)        0.064 (comm)        0.003 (pade)        0.003 (series)        0.062 (mix)        0.001 (add) 
Cl( 2, 2) in Cl( 2, 2) CPU =        0.008 ms (setup)        0.123 (comm)        0.003 (pade)        0.003 (series)        0.106 (mix)        0.001 (add) 
Cl( 3, 2) in Cl( 3, 2) CPU =        0.041 ms (setup)        0.314 (comm)        0.005 (pade)        0.005 (series)        0.317 (mix)        0.001 (add) 
Cl( 3, 3) in Cl( 3, 3) CPU =        0.062 ms (setup)        0.575 (comm)        0.005 (pade)        0.005 (series)        0.576 (mix)        0.001 (add) 
Cl( 4, 3) in Cl( 4, 3) CPU =        0.155 ms (setup)        2.511 (comm)        0.013 (pade)        0.013 (series)        2.494 (mix)        0.002 (add) 
Cl( 4, 4) in Cl( 4, 4) CPU =        0.286 ms (setup)        3.881 (comm)        0.013 (pade)        0.013 (series)        3.866 (mix)        0.002 (add) 
Cl( 5, 4) in Cl( 5, 4) CPU =        0.645 ms (setup)       15.034 (comm)        0.046 (pade)        0.051 (series)       15.222 (mix)        0.004 (add) 
Cl( 5, 5) in Cl( 5, 5) CPU =        1.279 ms (setup)       22.267 (comm)        0.046 (pade)        0.051 (series)       21.945 (mix)        0.004 (add) 
Cl( 6, 5) in Cl( 6, 5) CPU =        2.914 ms (setup)       84.555 (comm)        0.252 (pade)        0.286 (series)       83.870 (mix)        0.018 (add) 
Cl( 6, 6) in Cl( 6, 6) CPU =        5.702 ms (setup)      117.699 (comm)        0.253 (pade)        0.285 (series)      118.606 (mix)        0.018 (add) 
Cl( 7, 6) in Cl( 7, 6) CPU =       13.226 ms (setup)      494.384 (comm)        1.703 (pade)        1.756 (series)      488.803 (mix)        0.107 (add) 
Cl( 7, 7) in Cl( 7, 7) CPU =       25.940 ms (setup)      652.976 (comm)        1.711 (pade)        1.733 (series)      651.394 (mix)        0.111 (add) 
Cl( 8, 7) in Cl( 8, 7) CPU =       64.973 ms (setup)     3584.352 (comm)       12.988 (pade)       13.336 (series)     3407.267 (mix)        0.422 (add) 
Cl( 8, 8) in Cl( 8, 8) CPU =      128.107 ms (setup)     3903.552 (comm)       12.884 (pade)       11.970 (series)     3871.004 (mix)        0.432 (add) 
Cl( 1, 0) in Cl( 8, 8) CPU =        0.065 ms (setup)       27.236 (comm)       12.184 (pade)       11.956 (series)       20.407 (mix)        0.409 (add) 
Cl( 1, 1) in Cl( 8, 8) CPU =        0.093 ms (setup)       41.955 (comm)       12.434 (pade)       12.026 (series)       36.169 (mix)        0.413 (add) 
Cl( 2, 1) in Cl( 8, 8) CPU =        0.178 ms (setup)       83.067 (comm)       12.638 (pade)       11.979 (series)       77.995 (mix)        0.409 (add) 
Cl( 2, 2) in Cl( 8, 8) CPU =        0.314 ms (setup)      146.209 (comm)       12.883 (pade)       12.353 (series)      140.280 (mix)        0.409 (add) 
Cl( 3, 2) in Cl( 8, 8) CPU =        3.588 ms (setup)      213.186 (comm)       12.794 (pade)       12.316 (series)      206.737 (mix)        0.404 (add) 
Cl( 3, 3) in Cl( 8, 8) CPU =        4.133 ms (setup)      291.983 (comm)       12.697 (pade)       12.135 (series)      283.668 (mix)        0.405 (add) 
Cl( 4, 3) in Cl( 8, 8) CPU =        7.003 ms (setup)      311.086 (comm)       12.732 (pade)       13.635 (series)      298.262 (mix)        0.587 (add) 
Cl( 4, 4) in Cl( 8, 8) CPU =        4.939 ms (setup)      425.268 (comm)       12.798 (pade)       13.582 (series)      403.574 (mix)        0.412 (add) 
Cl( 5, 4) in Cl( 8, 8) CPU =        6.285 ms (setup)      543.140 (comm)       12.712 (pade)       12.055 (series)      540.893 (mix)        0.419 (add) 
Cl( 5, 5) in Cl( 8, 8) CPU =        8.281 ms (setup)      641.591 (comm)       12.736 (pade)       12.124 (series)      633.245 (mix)        0.408 (add) 
Cl( 6, 5) in Cl( 8, 8) CPU =       15.315 ms (setup)      846.767 (comm)       12.792 (pade)       13.625 (series)      839.789 (mix)        0.403 (add) 
Cl( 6, 6) in Cl( 8, 8) CPU =       25.938 ms (setup)      939.534 (comm)       12.774 (pade)       13.639 (series)      933.155 (mix)        0.409 (add) 
Cl( 7, 6) in Cl( 8, 8) CPU =       55.923 ms (setup)     1321.311 (comm)       12.764 (pade)       12.331 (series)     1318.207 (mix)        0.404 (add) 
Cl( 7, 7) in Cl( 8, 8) CPU =      101.464 ms (setup)     1651.058 (comm)       12.867 (pade)       12.045 (series)     1647.588 (mix)        0.399 (add) 
Cl( 8, 7) in Cl( 8, 8) CPU =      243.441 ms (setup)     3166.758 (comm)       12.828 (pade)       13.595 (series)     3161.756 (mix)        0.415 (add) 
Cl( 8, 8) in Cl( 8, 8) CPU =      127.221 ms (setup)     3836.926 (comm)       13.050 (pade)       12.066 (series)     3847.738 (mix)        0.411 (add) 
Fill: 1
Cl( 1, 0) in Cl( 1, 0) CPU =        0.004 ms (setup)        0.015 (comm)        0.002 (pade)        0.002 (series)        0.015 (mix)        0.001 (add) 
Cl( 1, 1) in Cl( 1, 1) CPU =        0.005 ms (setup)        0.025 (comm)        0.002 (pade)        0.002 (series)        0.021 (mix)        0.001 (add) 
Cl( 2, 1) in Cl( 2, 1) CPU =        0.007 ms (setup)        0.080 (comm)        0.003 (pade)        0.003 (series)        0.079 (mix)        0.001 (add) 
Cl( 2, 2) in Cl( 2, 2) CPU =        0.017 ms (setup)        0.140 (comm)        0.005 (pade)        0.003 (series)        0.131 (mix)        0.001 (add) 
Cl( 3, 2) in Cl( 3, 2) CPU =        0.044 ms (setup)        0.469 (comm)        0.005 (pade)        0.005 (series)        0.465 (mix)        0.001 (add) 
Cl( 3, 3) in Cl( 3, 3) CPU =        0.080 ms (setup)        0.750 (comm)        0.005 (pade)        0.005 (series)        0.744 (mix)        0.001 (add) 
Cl( 4, 3) in Cl( 4, 3) CPU =        0.199 ms (setup)        3.094 (comm)        0.013 (pade)        0.013 (series)        3.178 (mix)        0.002 (add) 
Cl( 4, 4) in Cl( 4, 4) CPU =        0.419 ms (setup)        4.561 (comm)        0.013 (pade)        0.014 (series)        4.507 (mix)        0.002 (add) 
Cl( 5, 4) in Cl( 5, 4) CPU =        1.021 ms (setup)       16.543 (comm)        0.046 (pade)        0.051 (series)       16.515 (mix)        0.005 (add) 
Cl( 5, 5) in Cl( 5, 5) CPU =        1.845 ms (setup)       24.047 (comm)        0.047 (pade)        0.051 (series)       24.010 (mix)        0.005 (add) 
Cl( 6, 5) in Cl( 6, 5) CPU =        4.357 ms (setup)       91.288 (comm)        0.253 (pade)        0.280 (series)       91.486 (mix)        0.019 (add) 
Cl( 6, 6) in Cl( 6, 6) CPU =        8.654 ms (setup)      126.475 (comm)        0.275 (pade)        0.323 (series)      126.633 (mix)        0.022 (add) 
Cl( 7, 6) in Cl( 7, 6) CPU =       20.390 ms (setup)      526.969 (comm)        1.755 (pade)        1.736 (series)      524.695 (mix)        0.106 (add) 
Cl( 7, 7) in Cl( 7, 7) CPU =       40.797 ms (setup)      705.591 (comm)        1.707 (pade)        1.742 (series)      704.350 (mix)        0.100 (add) 
Cl( 8, 7) in Cl( 8, 7) CPU =      105.192 ms (setup)     4234.029 (comm)       12.963 (pade)       13.687 (series)     4068.084 (mix)        0.415 (add) 
Cl( 8, 8) in Cl( 8, 8) CPU =      209.387 ms (setup)     4250.096 (comm)       14.004 (pade)       14.518 (series)     4360.120 (mix)        0.610 (add) 
Cl( 1, 0) in Cl( 8, 8) CPU =        0.084 ms (setup)       59.296 (comm)       12.749 (pade)       13.572 (series)       55.705 (mix)        0.445 (add) 
Cl( 1, 1) in Cl( 8, 8) CPU =        0.132 ms (setup)       85.515 (comm)       12.555 (pade)       13.562 (series)       79.926 (mix)        0.410 (add) 
Cl( 2, 1) in Cl( 8, 8) CPU =        0.271 ms (setup)      122.764 (comm)       13.024 (pade)       14.665 (series)      117.979 (mix)        0.408 (add) 
Cl( 2, 2) in Cl( 8, 8) CPU =        3.847 ms (setup)      172.435 (comm)       12.684 (pade)       12.181 (series)      164.451 (mix)        0.409 (add) 
Cl( 3, 2) in Cl( 8, 8) CPU =        3.932 ms (setup)      232.191 (comm)       12.674 (pade)       12.077 (series)      226.933 (mix)        0.409 (add) 
Cl( 3, 3) in Cl( 8, 8) CPU =        4.054 ms (setup)      317.479 (comm)       12.703 (pade)       12.194 (series)      306.370 (mix)        0.422 (add) 
Cl( 4, 3) in Cl( 8, 8) CPU =        7.114 ms (setup)      425.540 (comm)       12.703 (pade)       12.498 (series)      415.690 (mix)        0.398 (add) 
Cl( 4, 4) in Cl( 8, 8) CPU =        7.635 ms (setup)      523.901 (comm)       12.739 (pade)       13.656 (series)      517.159 (mix)        0.407 (add) 
Cl( 5, 4) in Cl( 8, 8) CPU =        7.183 ms (setup)      642.931 (comm)       12.712 (pade)       12.087 (series)      636.370 (mix)        0.414 (add) 
Cl( 5, 5) in Cl( 8, 8) CPU =        9.934 ms (setup)      755.442 (comm)       13.916 (pade)       12.085 (series)      747.031 (mix)        0.419 (add) 
Cl( 6, 5) in Cl( 8, 8) CPU =       19.189 ms (setup)      935.693 (comm)       12.808 (pade)       13.645 (series)      930.794 (mix)        0.405 (add) 
Cl( 6, 6) in Cl( 8, 8) CPU =       33.617 ms (setup)     1080.763 (comm)       12.832 (pade)       13.853 (series)     1073.857 (mix)        0.415 (add) 
Cl( 7, 6) in Cl( 8, 8) CPU =       74.422 ms (setup)     1513.663 (comm)       12.909 (pade)       14.399 (series)     1502.247 (mix)        0.410 (add) 
Cl( 7, 7) in Cl( 8, 8) CPU =      137.791 ms (setup)     1803.909 (comm)       12.943 (pade)       12.369 (series)     1789.053 (mix)        0.399 (add) 
Cl( 8, 7) in Cl( 8, 8) CPU =      341.986 ms (setup)     3383.904 (comm)       12.790 (pade)       12.073 (series)     3354.688 (mix)        0.397 (add) 
Cl( 8, 8) in Cl( 8, 8) CPU =      209.591 ms (setup)     4245.695 (comm)       13.013 (pade)       13.595 (series)     4214.175 (mix)        0.575 (add) 
