
framed_multi<double>
Clifford algebra squaring test:
Fill: 0.5
Cl( 1, 0) in Cl( 1, 0) CPU =        0.039 ms (setup)        0.010 (*) 
Cl( 1, 1) in Cl( 1, 1) CPU =        0.003 ms (setup)        0.002 (*) 
Cl( 2, 1) in Cl( 2, 1) CPU =        0.002 ms (setup)        0.005 (*) 
Cl( 2, 2) in Cl( 2, 2) CPU =        0.003 ms (setup)        0.005 (*) 
Cl( 3, 2) in Cl( 3, 2) CPU =        0.004 ms (setup)        0.012 (*) 
Cl( 3, 3) in Cl( 3, 3) CPU =        0.008 ms (setup)        0.035 (*) 
Cl( 4, 3) in Cl( 4, 3) CPU =        0.017 ms (setup)        0.104 (*) 
Cl( 4, 4) in Cl( 4, 4) CPU =        0.033 ms (setup)        0.601 (*) 
Cl( 5, 4) in Cl( 5, 4) CPU =        0.084 ms (setup)        1.944 (*) 
Cl( 5, 5) in Cl( 5, 5) CPU =        0.141 ms (setup)        2.270 (*) 
Cl( 6, 5) in Cl( 6, 5) CPU =        0.254 ms (setup)        8.290 (*) 
Cl( 6, 6) in Cl( 6, 6) CPU =        0.500 ms (setup)       10.495 (*) 
Cl( 7, 6) in Cl( 7, 6) CPU =        1.056 ms (setup)       36.463 (*) 
Cl( 7, 7) in Cl( 7, 7) CPU =        2.039 ms (setup)       49.906 (*) 
Cl( 8, 7) in Cl( 8, 7) CPU =        4.070 ms (setup)      179.861 (*) 
Cl( 8, 8) in Cl( 8, 8) CPU =        8.728 ms (setup)      245.033 (*) 
Cl( 9, 8) in Cl( 9, 8) CPU =       18.833 ms (setup)      671.668 (*) 
Cl( 9, 9) in Cl( 9, 9) CPU =       39.428 ms (setup)     1275.796 (*) 
Cl(10, 9) in Cl(10, 9) CPU =       76.135 ms (setup)     4873.711 (*) 
Cl(10,10) in Cl(10,10) CPU =      150.580 ms (setup)     7006.240 (*) 
Cl(11,10) in Cl(11,10) CPU =      328.670 ms (setup)    28619.124 (*) 
Cl(11,11) in Cl(11,11) CPU =      645.749 ms (setup)    42446.419 (*) 
Fill: 1
Cl( 1, 0) in Cl( 1, 0) CPU =        0.011 ms (setup)        0.006 (*) 
Cl( 1, 1) in Cl( 1, 1) CPU =        0.002 ms (setup)        0.003 (*) 
Cl( 2, 1) in Cl( 2, 1) CPU =        0.002 ms (setup)        0.006 (*) 
Cl( 2, 2) in Cl( 2, 2) CPU =        0.004 ms (setup)        0.010 (*) 
Cl( 3, 2) in Cl( 3, 2) CPU =        0.008 ms (setup)        0.026 (*) 
Cl( 3, 3) in Cl( 3, 3) CPU =        0.015 ms (setup)        0.074 (*) 
Cl( 4, 3) in Cl( 4, 3) CPU =        0.030 ms (setup)        0.253 (*) 
Cl( 4, 4) in Cl( 4, 4) CPU =        0.059 ms (setup)        0.600 (*) 
Cl( 5, 4) in Cl( 5, 4) CPU =        0.110 ms (setup)        1.846 (*) 
Cl( 5, 5) in Cl( 5, 5) CPU =        0.212 ms (setup)        2.678 (*) 
Cl( 6, 5) in Cl( 6, 5) CPU =        0.426 ms (setup)        8.817 (*) 
Cl( 6, 6) in Cl( 6, 6) CPU =        0.841 ms (setup)       13.066 (*) 
Cl( 7, 6) in Cl( 7, 6) CPU =        1.651 ms (setup)       43.990 (*) 
Cl( 7, 7) in Cl( 7, 7) CPU =        3.591 ms (setup)       65.987 (*) 
Cl( 8, 7) in Cl( 8, 7) CPU =        7.015 ms (setup)      222.059 (*) 
Cl( 8, 8) in Cl( 8, 8) CPU =       14.164 ms (setup)      329.869 (*) 
Cl( 9, 8) in Cl( 9, 8) CPU =       29.743 ms (setup)      919.112 (*) 
Cl( 9, 9) in Cl( 9, 9) CPU =       66.480 ms (setup)     1795.668 (*) 
Cl(10, 9) in Cl(10, 9) CPU =      129.971 ms (setup)     6376.172 (*) 
Cl(10,10) in Cl(10,10) CPU =      322.898 ms (setup)    10433.413 (*) 
Cl(11,10) in Cl(11,10) CPU =      655.165 ms (setup)    39314.571 (*) 
Cl(11,11) in Cl(11,11) CPU =     1346.928 ms (setup)    67330.647 (*) 

matrix_multi<double>
Clifford algebra squaring test:
Fill: 0.5
Cl( 1, 0) in Cl( 1, 0) CPU =        0.037 ms (setup)        0.002 (*) 
Cl( 1, 1) in Cl( 1, 1) CPU =        0.006 ms (setup)        0.001 (*) 
Cl( 2, 1) in Cl( 2, 1) CPU =        0.019 ms (setup)        0.002 (*) 
Cl( 2, 2) in Cl( 2, 2) CPU =        0.017 ms (setup)        0.001 (*) 
Cl( 3, 2) in Cl( 3, 2) CPU =        0.053 ms (setup)        0.008 (*) 
Cl( 3, 3) in Cl( 3, 3) CPU =        0.047 ms (setup)        0.002 (*) 
Cl( 4, 3) in Cl( 4, 3) CPU =        0.083 ms (setup)        0.004 (*) 
Cl( 4, 4) in Cl( 4, 4) CPU =        0.150 ms (setup)        0.005 (*) 
Cl( 5, 4) in Cl( 5, 4) CPU =        0.349 ms (setup)        0.013 (*) 
Cl( 5, 5) in Cl( 5, 5) CPU =        0.671 ms (setup)        0.013 (*) 
Cl( 6, 5) in Cl( 6, 5) CPU =        1.486 ms (setup)        0.063 (*) 
Cl( 6, 6) in Cl( 6, 6) CPU =        2.946 ms (setup)        0.064 (*) 
Cl( 7, 6) in Cl( 7, 6) CPU =        7.195 ms (setup)        0.400 (*) 
Cl( 7, 7) in Cl( 7, 7) CPU =       13.225 ms (setup)        0.398 (*) 
Cl( 8, 7) in Cl( 8, 7) CPU =       33.228 ms (setup)        2.943 (*) 
Cl( 8, 8) in Cl( 8, 8) CPU =       61.476 ms (setup)        2.959 (*) 
Cl( 9, 8) in Cl( 9, 8) CPU =      155.981 ms (setup)       21.349 (*) 
Cl( 9, 9) in Cl( 9, 9) CPU =      297.449 ms (setup)       21.685 (*) 
Cl(10, 9) in Cl(10, 9) CPU =      770.184 ms (setup)      167.262 (*) 
Cl(10,10) in Cl(10,10) CPU =     1539.308 ms (setup)      168.451 (*) 
Cl(11,10) in Cl(11,10) CPU =     4246.887 ms (setup)     1339.618 (*) 
Cl(11,11) in Cl(11,11) CPU =     8558.456 ms (setup)     1345.627 (*) 
Fill: 1
Cl( 1, 0) in Cl( 1, 0) CPU =        0.029 ms (setup)        0.003 (*) 
Cl( 1, 1) in Cl( 1, 1) CPU =        0.011 ms (setup)        0.001 (*) 
Cl( 2, 1) in Cl( 2, 1) CPU =        0.015 ms (setup)        0.002 (*) 
Cl( 2, 2) in Cl( 2, 2) CPU =        0.017 ms (setup)        0.001 (*) 
Cl( 3, 2) in Cl( 3, 2) CPU =        0.028 ms (setup)        0.007 (*) 
Cl( 3, 3) in Cl( 3, 3) CPU =        0.048 ms (setup)        0.003 (*) 
Cl( 4, 3) in Cl( 4, 3) CPU =        0.121 ms (setup)        0.005 (*) 
Cl( 4, 4) in Cl( 4, 4) CPU =        0.208 ms (setup)        0.005 (*) 
Cl( 5, 4) in Cl( 5, 4) CPU =        0.538 ms (setup)        0.015 (*) 
Cl( 5, 5) in Cl( 5, 5) CPU =        0.943 ms (setup)        0.015 (*) 
Cl( 6, 5) in Cl( 6, 5) CPU =        2.260 ms (setup)        0.063 (*) 
Cl( 6, 6) in Cl( 6, 6) CPU =        4.505 ms (setup)        0.062 (*) 
Cl( 7, 6) in Cl( 7, 6) CPU =       10.337 ms (setup)        0.396 (*) 
Cl( 7, 7) in Cl( 7, 7) CPU =       20.510 ms (setup)        0.392 (*) 
Cl( 8, 7) in Cl( 8, 7) CPU =       49.979 ms (setup)        2.964 (*) 
Cl( 8, 8) in Cl( 8, 8) CPU =      100.758 ms (setup)        2.970 (*) 
Cl( 9, 8) in Cl( 9, 8) CPU =      266.435 ms (setup)       21.388 (*) 
Cl( 9, 9) in Cl( 9, 9) CPU =      530.440 ms (setup)       21.391 (*) 
Cl(10, 9) in Cl(10, 9) CPU =     1445.063 ms (setup)      171.249 (*) 
Cl(10,10) in Cl(10,10) CPU =     2958.193 ms (setup)      167.801 (*) 
Cl(11,10) in Cl(11,10) CPU =     8466.608 ms (setup)     1327.548 (*) 
Cl(11,11) in Cl(11,11) CPU =    17686.510 ms (setup)     1338.535 (*) 
