
framed_multi<float,-4,4>
Clifford algebra products test:
Fill: 0.5
Cl( 1, 0) in Cl( 1, 0) CPU =        0.001 ms (setup)        0.001 (*)        0.001 (^)        0.001 (&)        0.001 (%) 
Cl( 1, 1) in Cl( 1, 1) CPU =        0.001 ms (setup)        0.001 (*)        0.001 (^)        0.001 (&)        0.001 (%) 
Cl( 2, 1) in Cl( 2, 1) CPU =        0.001 ms (setup)        0.001 (*)        0.001 (^)        0.001 (&)        0.001 (%) 
Cl( 2, 2) in Cl( 2, 2) CPU =        0.001 ms (setup)        0.002 (*)        0.001 (^)        0.001 (&)        0.001 (%) 
Cl( 3, 2) in Cl( 3, 2) CPU =        0.002 ms (setup)        0.004 (*)        0.002 (^)        0.002 (&)        0.002 (%) 
Cl( 3, 3) in Cl( 3, 3) CPU =        0.003 ms (setup)        0.009 (*)        0.003 (^)        0.004 (&)        0.003 (%) 
Cl( 4, 3) in Cl( 4, 3) CPU =        0.006 ms (setup)        0.024 (*)        0.007 (^)        0.011 (&)        0.006 (%) 
Cl( 4, 4) in Cl( 4, 4) CPU =        0.011 ms (setup)        0.164 (*)        0.020 (^)        0.019 (&)        0.015 (%) 
Cl( 1, 0) in Cl( 4, 4) CPU =        0.001 ms (setup)        0.001 (*)        0.001 (^)        0.001 (&)        0.001 (%) 
Cl( 1, 1) in Cl( 4, 4) CPU =        0.001 ms (setup)        0.001 (*)        0.001 (^)        0.000 (&)        0.000 (%) 
Cl( 2, 1) in Cl( 4, 4) CPU =        0.001 ms (setup)        0.001 (*)        0.001 (^)        0.001 (&)        0.001 (%) 
Cl( 2, 2) in Cl( 4, 4) CPU =        0.001 ms (setup)        0.001 (*)        0.001 (^)        0.001 (&)        0.001 (%) 
Cl( 3, 2) in Cl( 4, 4) CPU =        0.001 ms (setup)        0.003 (*)        0.002 (^)        0.002 (&)        0.002 (%) 
Cl( 3, 3) in Cl( 4, 4) CPU =        0.003 ms (setup)        0.009 (*)        0.003 (^)        0.003 (&)        0.003 (%) 
Cl( 4, 3) in Cl( 4, 4) CPU =        0.006 ms (setup)        0.023 (*)        0.007 (^)        0.009 (&)        0.007 (%) 
Cl( 4, 4) in Cl( 4, 4) CPU =        0.011 ms (setup)        0.165 (*)        0.021 (^)        0.023 (&)        0.017 (%) 
Fill: 1
Cl( 1, 0) in Cl( 1, 0) CPU =        0.001 ms (setup)        0.001 (*)        0.000 (^)        0.001 (&)        0.001 (%) 
Cl( 1, 1) in Cl( 1, 1) CPU =        0.001 ms (setup)        0.001 (*)        0.001 (^)        0.001 (&)        0.001 (%) 
Cl( 2, 1) in Cl( 2, 1) CPU =        0.001 ms (setup)        0.001 (*)        0.001 (^)        0.001 (&)        0.001 (%) 
Cl( 2, 2) in Cl( 2, 2) CPU =        0.001 ms (setup)        0.002 (*)        0.001 (^)        0.001 (&)        0.001 (%) 
Cl( 3, 2) in Cl( 3, 2) CPU =        0.002 ms (setup)        0.005 (*)        0.002 (^)        0.003 (&)        0.002 (%) 
Cl( 3, 3) in Cl( 3, 3) CPU =        0.005 ms (setup)        0.015 (*)        0.005 (^)        0.005 (&)        0.005 (%) 
Cl( 4, 3) in Cl( 4, 3) CPU =        0.007 ms (setup)        0.045 (*)        0.011 (^)        0.015 (&)        0.011 (%) 
Cl( 4, 4) in Cl( 4, 4) CPU =        0.016 ms (setup)        0.211 (*)        0.028 (^)        0.040 (&)        0.029 (%) 
Cl( 1, 0) in Cl( 4, 4) CPU =        0.001 ms (setup)        0.001 (*)        0.001 (^)        0.001 (&)        0.001 (%) 
Cl( 1, 1) in Cl( 4, 4) CPU =        0.000 ms (setup)        0.001 (*)        0.001 (^)        0.001 (&)        0.001 (%) 
Cl( 2, 1) in Cl( 4, 4) CPU =        0.001 ms (setup)        0.001 (*)        0.001 (^)        0.001 (&)        0.001 (%) 
Cl( 2, 2) in Cl( 4, 4) CPU =        0.001 ms (setup)        0.002 (*)        0.001 (^)        0.001 (&)        0.001 (%) 
Cl( 3, 2) in Cl( 4, 4) CPU =        0.002 ms (setup)        0.005 (*)        0.002 (^)        0.003 (&)        0.002 (%) 
Cl( 3, 3) in Cl( 4, 4) CPU =        0.004 ms (setup)        0.014 (*)        0.005 (^)        0.005 (&)        0.005 (%) 
Cl( 4, 3) in Cl( 4, 4) CPU =        0.007 ms (setup)        0.045 (*)        0.011 (^)        0.015 (&)        0.011 (%) 
Cl( 4, 4) in Cl( 4, 4) CPU =        0.018 ms (setup)        0.206 (*)        0.028 (^)        0.041 (&)        0.026 (%) 

matrix_multi<float,-4,4>
Clifford algebra products test:
Fill: 0.5
Cl( 1, 0) in Cl( 1, 0) CPU =        0.007 ms (setup)        0.000 (*)        0.003 (^)        0.002 (&)        0.003 (%) 
Cl( 1, 1) in Cl( 1, 1) CPU =        0.002 ms (setup)        0.000 (*)        0.001 (^)        0.001 (&)        0.001 (%) 
Cl( 2, 1) in Cl( 2, 1) CPU =        0.002 ms (setup)        0.001 (*)        0.005 (^)        0.007 (&)        0.006 (%) 
Cl( 2, 2) in Cl( 2, 2) CPU =        0.005 ms (setup)        0.000 (*)        0.018 (^)        0.015 (&)        0.017 (%) 
Cl( 3, 2) in Cl( 3, 2) CPU =        0.011 ms (setup)        0.001 (*)        0.036 (^)        0.041 (&)        0.044 (%) 
Cl( 3, 3) in Cl( 3, 3) CPU =        0.009 ms (setup)        0.001 (*)        0.075 (^)        0.085 (&)        0.090 (%) 
Cl( 4, 3) in Cl( 4, 3) CPU =        0.024 ms (setup)        0.001 (*)        0.408 (^)        0.393 (&)        0.407 (%) 
Cl( 4, 4) in Cl( 4, 4) CPU =        0.051 ms (setup)        0.001 (*)        0.686 (^)        0.689 (&)        0.712 (%) 
Cl( 1, 0) in Cl( 4, 4) CPU =        0.002 ms (setup)        0.001 (*)        0.013 (^)        0.009 (&)        0.013 (%) 
Cl( 1, 1) in Cl( 4, 4) CPU =        0.005 ms (setup)        0.001 (*)        0.028 (^)        0.018 (&)        0.025 (%) 
Cl( 2, 1) in Cl( 4, 4) CPU =        0.005 ms (setup)        0.001 (*)        0.022 (^)        0.018 (&)        0.022 (%) 
Cl( 2, 2) in Cl( 4, 4) CPU =        0.007 ms (setup)        0.001 (*)        0.050 (^)        0.036 (&)        0.040 (%) 
Cl( 3, 2) in Cl( 4, 4) CPU =        0.019 ms (setup)        0.001 (*)        0.080 (^)        0.058 (&)        0.064 (%) 
Cl( 3, 3) in Cl( 4, 4) CPU =        0.034 ms (setup)        0.001 (*)        0.150 (^)        0.111 (&)        0.125 (%) 
Cl( 4, 3) in Cl( 4, 4) CPU =        0.091 ms (setup)        0.001 (*)        0.445 (^)        0.431 (&)        0.441 (%) 
Cl( 4, 4) in Cl( 4, 4) CPU =        0.048 ms (setup)        0.001 (*)        0.672 (^)        0.675 (&)        0.724 (%) 
Fill: 1
Cl( 1, 0) in Cl( 1, 0) CPU =        0.001 ms (setup)        0.001 (*)        0.003 (^)        0.002 (&)        0.003 (%) 
Cl( 1, 1) in Cl( 1, 1) CPU =        0.001 ms (setup)        0.001 (*)        0.004 (^)        0.003 (&)        0.009 (%) 
Cl( 2, 1) in Cl( 2, 1) CPU =        0.002 ms (setup)        0.000 (*)        0.013 (^)        0.012 (&)        0.013 (%) 
Cl( 2, 2) in Cl( 2, 2) CPU =        0.004 ms (setup)        0.000 (*)        0.020 (^)        0.018 (&)        0.021 (%) 
Cl( 3, 2) in Cl( 3, 2) CPU =        0.007 ms (setup)        0.001 (*)        0.073 (^)        0.072 (&)        0.081 (%) 
Cl( 3, 3) in Cl( 3, 3) CPU =        0.011 ms (setup)        0.001 (*)        0.115 (^)        0.107 (&)        0.116 (%) 
Cl( 4, 3) in Cl( 4, 3) CPU =        0.032 ms (setup)        0.001 (*)        0.528 (^)        0.522 (&)        0.509 (%) 
Cl( 4, 4) in Cl( 4, 4) CPU =        0.066 ms (setup)        0.001 (*)        0.792 (^)        0.785 (&)        0.790 (%) 
Cl( 1, 0) in Cl( 4, 4) CPU =        0.002 ms (setup)        0.001 (*)        0.024 (^)        0.017 (&)        0.021 (%) 
Cl( 1, 1) in Cl( 4, 4) CPU =        0.002 ms (setup)        0.001 (*)        0.029 (^)        0.018 (&)        0.026 (%) 
Cl( 2, 1) in Cl( 4, 4) CPU =        0.005 ms (setup)        0.001 (*)        0.044 (^)        0.037 (&)        0.035 (%) 
Cl( 2, 2) in Cl( 4, 4) CPU =        0.011 ms (setup)        0.001 (*)        0.060 (^)        0.040 (&)        0.047 (%) 
Cl( 3, 2) in Cl( 4, 4) CPU =        0.024 ms (setup)        0.001 (*)        0.137 (^)        0.095 (&)        0.100 (%) 
Cl( 3, 3) in Cl( 4, 4) CPU =        0.044 ms (setup)        0.001 (*)        0.195 (^)        0.155 (&)        0.166 (%) 
Cl( 4, 3) in Cl( 4, 4) CPU =        0.117 ms (setup)        0.001 (*)        0.574 (^)        0.503 (&)        0.508 (%) 
Cl( 4, 4) in Cl( 4, 4) CPU =        0.067 ms (setup)        0.001 (*)        1.565 (^)        0.797 (&)        0.815 (%) 

framed_multi<double>
Clifford algebra products test:
Fill: 0.5
Cl( 1, 0) in Cl( 1, 0) CPU =        0.001 ms (setup)        0.001 (*)        0.001 (^)        0.001 (&)        0.001 (%) 
Cl( 1, 1) in Cl( 1, 1) CPU =        0.001 ms (setup)        0.001 (*)        0.001 (^)        0.001 (&)        0.001 (%) 
Cl( 2, 1) in Cl( 2, 1) CPU =        0.001 ms (setup)        0.002 (*)        0.001 (^)        0.001 (&)        0.001 (%) 
Cl( 2, 2) in Cl( 2, 2) CPU =        0.001 ms (setup)        0.002 (*)        0.002 (^)        0.001 (&)        0.002 (%) 
Cl( 3, 2) in Cl( 3, 2) CPU =        0.002 ms (setup)        0.004 (*)        0.003 (^)        0.003 (&)        0.002 (%) 
Cl( 3, 3) in Cl( 3, 3) CPU =        0.003 ms (setup)        0.009 (*)        0.005 (^)        0.004 (&)        0.004 (%) 
Cl( 4, 3) in Cl( 4, 3) CPU =        0.007 ms (setup)        0.027 (*)        0.011 (^)        0.009 (&)        0.009 (%) 
Cl( 4, 4) in Cl( 4, 4) CPU =        0.013 ms (setup)        0.171 (*)        0.028 (^)        0.030 (&)        0.020 (%) 
Cl( 5, 4) in Cl( 5, 4) CPU =        0.028 ms (setup)        0.680 (*)        0.111 (^)        0.104 (&)        0.060 (%) 
Cl( 5, 5) in Cl( 5, 5) CPU =        0.056 ms (setup)        0.857 (*)        0.398 (^)        0.289 (&)        0.178 (%) 
Cl( 6, 5) in Cl( 6, 5) CPU =        0.118 ms (setup)        3.415 (*)        1.197 (^)        0.917 (&)        0.532 (%) 
Cl( 6, 6) in Cl( 6, 6) CPU =        0.252 ms (setup)        4.405 (*)        3.340 (^)        2.685 (&)        1.470 (%) 
Cl( 7, 6) in Cl( 7, 6) CPU =        0.485 ms (setup)       46.922 (*)        9.826 (^)        8.152 (&)        4.378 (%) 
Cl( 7, 7) in Cl( 7, 7) CPU =        0.979 ms (setup)       51.428 (*)       28.385 (^)       23.828 (&)       12.146 (%) 
Cl( 8, 7) in Cl( 8, 7) CPU =        1.978 ms (setup)      108.611 (*)       83.990 (^)       71.567 (&)       35.796 (%) 
Cl( 8, 8) in Cl( 8, 8) CPU =        3.881 ms (setup)      135.945 (*)      251.612 (^)      213.100 (&)      107.742 (%) 
Cl( 1, 0) in Cl( 8, 8) CPU =        0.001 ms (setup)        0.001 (*)        0.001 (^)        0.001 (&)        0.000 (%) 
Cl( 1, 1) in Cl( 8, 8) CPU =        0.001 ms (setup)        0.001 (*)        0.001 (^)        0.001 (&)        0.001 (%) 
Cl( 2, 1) in Cl( 8, 8) CPU =        0.001 ms (setup)        0.001 (*)        0.001 (^)        0.000 (&)        0.001 (%) 
Cl( 2, 2) in Cl( 8, 8) CPU =        0.001 ms (setup)        0.002 (*)        0.002 (^)        0.001 (&)        0.001 (%) 
Cl( 3, 2) in Cl( 8, 8) CPU =        0.002 ms (setup)        0.004 (*)        0.002 (^)        0.002 (&)        0.003 (%) 
Cl( 3, 3) in Cl( 8, 8) CPU =        0.005 ms (setup)        0.009 (*)        0.004 (^)        0.004 (&)        0.003 (%) 
Cl( 4, 3) in Cl( 8, 8) CPU =        0.007 ms (setup)        0.020 (*)        0.009 (^)        0.007 (&)        0.007 (%) 
Cl( 4, 4) in Cl( 8, 8) CPU =        0.013 ms (setup)        0.165 (*)        0.028 (^)        0.028 (&)        0.021 (%) 
Cl( 5, 4) in Cl( 8, 8) CPU =        0.026 ms (setup)        0.619 (*)        0.111 (^)        0.088 (&)        0.060 (%) 
Cl( 5, 5) in Cl( 8, 8) CPU =        0.052 ms (setup)        0.830 (*)        0.368 (^)        0.286 (&)        0.169 (%) 
Cl( 6, 5) in Cl( 8, 8) CPU =        0.111 ms (setup)        3.060 (*)        1.128 (^)        0.896 (&)        0.508 (%) 
Cl( 6, 6) in Cl( 8, 8) CPU =        0.214 ms (setup)        4.087 (*)        3.232 (^)        2.564 (&)        1.425 (%) 
Cl( 7, 6) in Cl( 8, 8) CPU =        0.451 ms (setup)       46.723 (*)        9.511 (^)        7.863 (&)        4.136 (%) 
Cl( 7, 7) in Cl( 8, 8) CPU =        0.950 ms (setup)       52.428 (*)       28.505 (^)       23.633 (&)       12.098 (%) 
Cl( 8, 7) in Cl( 8, 8) CPU =        1.940 ms (setup)      109.254 (*)       84.590 (^)       70.739 (&)       37.073 (%) 
Cl( 8, 8) in Cl( 8, 8) CPU =        4.001 ms (setup)      132.629 (*)      252.078 (^)      216.805 (&)      108.261 (%) 
Fill: 1
Cl( 1, 0) in Cl( 1, 0) CPU =        0.001 ms (setup)        0.001 (*)        0.001 (^)        0.001 (&)        0.001 (%) 
Cl( 1, 1) in Cl( 1, 1) CPU =        0.001 ms (setup)        0.001 (*)        0.001 (^)        0.001 (&)        0.001 (%) 
Cl( 2, 1) in Cl( 2, 1) CPU =        0.001 ms (setup)        0.001 (*)        0.001 (^)        0.001 (&)        0.001 (%) 
Cl( 2, 2) in Cl( 2, 2) CPU =        0.002 ms (setup)        0.003 (*)        0.001 (^)        0.002 (&)        0.002 (%) 
Cl( 3, 2) in Cl( 3, 2) CPU =        0.003 ms (setup)        0.006 (*)        0.003 (^)        0.003 (&)        0.003 (%) 
Cl( 3, 3) in Cl( 3, 3) CPU =        0.005 ms (setup)        0.018 (*)        0.006 (^)        0.007 (&)        0.006 (%) 
Cl( 4, 3) in Cl( 4, 3) CPU =        0.009 ms (setup)        0.057 (*)        0.015 (^)        0.016 (&)        0.013 (%) 
Cl( 4, 4) in Cl( 4, 4) CPU =        0.018 ms (setup)        0.208 (*)        0.036 (^)        0.042 (&)        0.037 (%) 
Cl( 5, 4) in Cl( 5, 4) CPU =        0.046 ms (setup)        0.744 (*)        0.099 (^)        0.114 (&)        0.089 (%) 
Cl( 5, 5) in Cl( 5, 5) CPU =        0.083 ms (setup)        1.065 (*)        0.278 (^)        0.347 (&)        0.252 (%) 
Cl( 6, 5) in Cl( 6, 5) CPU =        0.182 ms (setup)        3.705 (*)        0.760 (^)        0.996 (&)        0.656 (%) 
Cl( 6, 6) in Cl( 6, 6) CPU =        0.382 ms (setup)        5.368 (*)        2.024 (^)        2.832 (&)        1.726 (%) 
Cl( 7, 6) in Cl( 7, 6) CPU =        0.786 ms (setup)       49.656 (*)        5.622 (^)        8.167 (&)        4.764 (%) 
Cl( 7, 7) in Cl( 7, 7) CPU =        1.614 ms (setup)       57.683 (*)       15.691 (^)       23.230 (&)       13.834 (%) 
Cl( 8, 7) in Cl( 8, 7) CPU =        3.375 ms (setup)      124.350 (*)       44.218 (^)       68.517 (&)       36.257 (%) 
Cl( 8, 8) in Cl( 8, 8) CPU =        6.868 ms (setup)      180.207 (*)      129.287 (^)      200.179 (&)      104.789 (%) 
Cl( 1, 0) in Cl( 8, 8) CPU =        0.001 ms (setup)        0.001 (*)        0.001 (^)        0.001 (&)        0.001 (%) 
Cl( 1, 1) in Cl( 8, 8) CPU =        0.001 ms (setup)        0.001 (*)        0.001 (^)        0.001 (&)        0.001 (%) 
Cl( 2, 1) in Cl( 8, 8) CPU =        0.001 ms (setup)        0.002 (*)        0.001 (^)        0.001 (&)        0.001 (%) 
Cl( 2, 2) in Cl( 8, 8) CPU =        0.002 ms (setup)        0.003 (*)        0.002 (^)        0.002 (&)        0.002 (%) 
Cl( 3, 2) in Cl( 8, 8) CPU =        0.003 ms (setup)        0.007 (*)        0.003 (^)        0.003 (&)        0.003 (%) 
Cl( 3, 3) in Cl( 8, 8) CPU =        0.005 ms (setup)        0.018 (*)        0.007 (^)        0.007 (&)        0.005 (%) 
Cl( 4, 3) in Cl( 8, 8) CPU =        0.009 ms (setup)        0.057 (*)        0.014 (^)        0.016 (&)        0.015 (%) 
Cl( 4, 4) in Cl( 8, 8) CPU =        0.018 ms (setup)        0.207 (*)        0.036 (^)        0.044 (&)        0.032 (%) 
Cl( 5, 4) in Cl( 8, 8) CPU =        0.037 ms (setup)        1.534 (*)        0.102 (^)        0.117 (&)        0.090 (%) 
Cl( 5, 5) in Cl( 8, 8) CPU =        0.083 ms (setup)        1.071 (*)        0.290 (^)        0.358 (&)        0.255 (%) 
Cl( 6, 5) in Cl( 8, 8) CPU =        0.194 ms (setup)        3.738 (*)        0.770 (^)        1.014 (&)        0.667 (%) 
Cl( 6, 6) in Cl( 8, 8) CPU =        0.373 ms (setup)        5.535 (*)        2.060 (^)        2.833 (&)        1.732 (%) 
Cl( 7, 6) in Cl( 8, 8) CPU =        0.782 ms (setup)       49.822 (*)        5.574 (^)        8.094 (&)        4.728 (%) 
Cl( 7, 7) in Cl( 8, 8) CPU =        1.540 ms (setup)       57.003 (*)       15.518 (^)       23.000 (&)       12.912 (%) 
Cl( 8, 7) in Cl( 8, 8) CPU =        3.312 ms (setup)      126.537 (*)       44.331 (^)       67.725 (&)       36.060 (%) 
Cl( 8, 8) in Cl( 8, 8) CPU =        6.782 ms (setup)      173.298 (*)      129.239 (^)      200.239 (&)      104.470 (%) 

matrix_multi<double>
Clifford algebra products test:
Fill: 0.5
Cl( 1, 0) in Cl( 1, 0) CPU =        0.004 ms (setup)        0.000 (*)        0.003 (^)        0.002 (&)        0.003 (%) 
Cl( 1, 1) in Cl( 1, 1) CPU =        0.002 ms (setup)        0.001 (*)        0.002 (^)        0.002 (&)        0.002 (%) 
Cl( 2, 1) in Cl( 2, 1) CPU =        0.004 ms (setup)        0.001 (*)        0.012 (^)        0.009 (&)        0.011 (%) 
Cl( 2, 2) in Cl( 2, 2) CPU =        0.004 ms (setup)        0.001 (*)        0.009 (^)        0.011 (&)        0.013 (%) 
Cl( 3, 2) in Cl( 3, 2) CPU =        0.011 ms (setup)        0.001 (*)        0.051 (^)        0.053 (&)        0.065 (%) 
Cl( 3, 3) in Cl( 3, 3) CPU =        0.011 ms (setup)        0.001 (*)        0.073 (^)        0.087 (&)        0.086 (%) 
Cl( 4, 3) in Cl( 4, 3) CPU =        0.026 ms (setup)        0.001 (*)        0.403 (^)        0.430 (&)        0.440 (%) 
Cl( 4, 4) in Cl( 4, 4) CPU =        0.052 ms (setup)        0.001 (*)        0.642 (^)        0.641 (&)        0.671 (%) 
Cl( 5, 4) in Cl( 5, 4) CPU =        0.124 ms (setup)        0.003 (*)        2.542 (^)        2.732 (&)        2.706 (%) 
Cl( 5, 5) in Cl( 5, 5) CPU =        0.227 ms (setup)        0.003 (*)        4.018 (^)        4.071 (&)        4.100 (%) 
Cl( 6, 5) in Cl( 6, 5) CPU =        0.570 ms (setup)        0.011 (*)       15.607 (^)       15.768 (&)       15.185 (%) 
Cl( 6, 6) in Cl( 6, 6) CPU =        1.055 ms (setup)        0.012 (*)       21.498 (^)       21.851 (&)       21.823 (%) 
Cl( 7, 6) in Cl( 7, 6) CPU =        2.530 ms (setup)        0.038 (*)      132.469 (^)      143.328 (&)      131.566 (%) 
Cl( 7, 7) in Cl( 7, 7) CPU =        5.064 ms (setup)        0.040 (*)      158.287 (^)      176.486 (&)      161.619 (%) 
Cl( 8, 7) in Cl( 8, 7) CPU =       14.011 ms (setup)        0.270 (*)      617.380 (^)      700.628 (&)      611.606 (%) 
Cl( 8, 8) in Cl( 8, 8) CPU =       25.776 ms (setup)        2.031 (*)      784.505 (^)      886.493 (&)      781.438 (%) 
Cl( 1, 0) in Cl( 8, 8) CPU =        0.079 ms (setup)        1.095 (*)       31.204 (^)       28.107 (&)       28.132 (%) 
Cl( 1, 1) in Cl( 8, 8) CPU =        0.097 ms (setup)        3.788 (*)       36.558 (^)       31.759 (&)       36.133 (%) 
Cl( 2, 1) in Cl( 8, 8) CPU =        0.100 ms (setup)        0.910 (*)       44.986 (^)       35.620 (&)       44.983 (%) 
Cl( 2, 2) in Cl( 8, 8) CPU =        1.522 ms (setup)        0.279 (*)       65.353 (^)       44.732 (&)       49.748 (%) 
Cl( 3, 2) in Cl( 8, 8) CPU =        1.018 ms (setup)        2.376 (*)       67.540 (^)       51.740 (&)       55.200 (%) 
Cl( 3, 3) in Cl( 8, 8) CPU =        1.087 ms (setup)        0.211 (*)       84.799 (^)       72.596 (&)       70.319 (%) 
Cl( 4, 3) in Cl( 8, 8) CPU =        1.103 ms (setup)        0.210 (*)      103.597 (^)      102.740 (&)       83.594 (%) 
Cl( 4, 4) in Cl( 8, 8) CPU =        1.216 ms (setup)        0.212 (*)      124.469 (^)      101.494 (&)       94.553 (%) 
Cl( 5, 4) in Cl( 8, 8) CPU =        0.974 ms (setup)        1.776 (*)      149.319 (^)      124.567 (&)      109.093 (%) 
Cl( 5, 5) in Cl( 8, 8) CPU =        1.308 ms (setup)        0.804 (*)      183.441 (^)      165.189 (&)      133.947 (%) 
Cl( 6, 5) in Cl( 8, 8) CPU =        2.601 ms (setup)        0.213 (*)      211.022 (^)      179.968 (&)      147.830 (%) 
Cl( 6, 6) in Cl( 8, 8) CPU =        4.707 ms (setup)        0.203 (*)      235.382 (^)      236.813 (&)      183.758 (%) 
Cl( 7, 6) in Cl( 8, 8) CPU =       12.534 ms (setup)        1.884 (*)      288.891 (^)      324.742 (&)      244.700 (%) 
Cl( 7, 7) in Cl( 8, 8) CPU =       22.320 ms (setup)        2.023 (*)      356.993 (^)      390.706 (&)      311.689 (%) 
Cl( 8, 7) in Cl( 8, 8) CPU =       51.144 ms (setup)        1.798 (*)      627.717 (^)      678.658 (&)      587.740 (%) 
Cl( 8, 8) in Cl( 8, 8) CPU =       25.851 ms (setup)        2.247 (*)      754.770 (^)      888.884 (&)      772.756 (%) 
Fill: 1
Cl( 1, 0) in Cl( 1, 0) CPU =        0.001 ms (setup)        0.001 (*)        0.003 (^)        0.002 (&)        0.003 (%) 
Cl( 1, 1) in Cl( 1, 1) CPU =        0.001 ms (setup)        0.000 (*)        0.004 (^)        0.003 (&)        0.004 (%) 
Cl( 2, 1) in Cl( 2, 1) CPU =        0.002 ms (setup)        0.000 (*)        0.013 (^)        0.011 (&)        0.013 (%) 
Cl( 2, 2) in Cl( 2, 2) CPU =        0.003 ms (setup)        0.001 (*)        0.020 (^)        0.017 (&)        0.020 (%) 
Cl( 3, 2) in Cl( 3, 2) CPU =        0.007 ms (setup)        0.001 (*)        0.069 (^)        0.068 (&)        0.067 (%) 
Cl( 3, 3) in Cl( 3, 3) CPU =        0.013 ms (setup)        0.001 (*)        0.114 (^)        0.113 (&)        0.117 (%) 
Cl( 4, 3) in Cl( 4, 3) CPU =        0.037 ms (setup)        0.001 (*)        0.511 (^)        0.516 (&)        0.512 (%) 
Cl( 4, 4) in Cl( 4, 4) CPU =        0.072 ms (setup)        0.001 (*)        0.783 (^)        0.787 (&)        0.781 (%) 
Cl( 5, 4) in Cl( 5, 4) CPU =        0.189 ms (setup)        0.003 (*)        2.941 (^)        3.010 (&)        2.996 (%) 
Cl( 5, 5) in Cl( 5, 5) CPU =        0.359 ms (setup)        0.003 (*)        4.426 (^)        4.439 (&)        4.413 (%) 
Cl( 6, 5) in Cl( 6, 5) CPU =        0.866 ms (setup)        0.011 (*)       16.742 (^)       16.973 (&)       16.568 (%) 
Cl( 6, 6) in Cl( 6, 6) CPU =        1.756 ms (setup)        0.012 (*)       23.177 (^)       23.659 (&)       23.477 (%) 
Cl( 7, 6) in Cl( 7, 6) CPU =        4.173 ms (setup)        0.042 (*)      137.870 (^)      149.730 (&)      137.464 (%) 
Cl( 7, 7) in Cl( 7, 7) CPU =        8.447 ms (setup)        0.040 (*)      175.335 (^)      188.847 (&)      172.351 (%) 
Cl( 8, 7) in Cl( 8, 7) CPU =       22.776 ms (setup)        0.224 (*)      797.404 (^)      729.735 (&)      641.356 (%) 
Cl( 8, 8) in Cl( 8, 8) CPU =       44.533 ms (setup)        0.762 (*)      838.374 (^)      934.366 (&)      827.794 (%) 
Cl( 1, 0) in Cl( 8, 8) CPU =        0.068 ms (setup)        0.294 (*)       38.017 (^)       28.321 (&)       36.092 (%) 
Cl( 1, 1) in Cl( 8, 8) CPU =        0.095 ms (setup)        0.279 (*)       45.315 (^)       35.937 (&)       45.095 (%) 
Cl( 2, 1) in Cl( 8, 8) CPU =        2.509 ms (setup)        0.249 (*)       54.620 (^)       45.982 (&)       50.322 (%) 
Cl( 2, 2) in Cl( 8, 8) CPU =        1.038 ms (setup)        0.209 (*)       67.258 (^)       53.067 (&)       62.546 (%) 
Cl( 3, 2) in Cl( 8, 8) CPU =        1.082 ms (setup)        2.176 (*)       82.946 (^)       65.413 (&)       62.335 (%) 
Cl( 3, 3) in Cl( 8, 8) CPU =        1.099 ms (setup)        1.348 (*)      101.400 (^)       85.316 (&)       79.930 (%) 
Cl( 4, 3) in Cl( 8, 8) CPU =        1.185 ms (setup)        0.211 (*)      121.976 (^)      104.242 (&)       92.977 (%) 
Cl( 4, 4) in Cl( 8, 8) CPU =        0.779 ms (setup)        1.451 (*)      144.354 (^)      121.554 (&)      107.023 (%) 
Cl( 5, 4) in Cl( 8, 8) CPU =        1.013 ms (setup)        0.210 (*)      166.088 (^)      145.472 (&)      118.650 (%) 
Cl( 5, 5) in Cl( 8, 8) CPU =        1.623 ms (setup)        0.214 (*)      187.181 (^)      167.555 (&)      142.724 (%) 
Cl( 6, 5) in Cl( 8, 8) CPU =        3.522 ms (setup)        0.204 (*)      219.084 (^)      205.987 (&)      169.757 (%) 
Cl( 6, 6) in Cl( 8, 8) CPU =        6.399 ms (setup)        0.287 (*)      240.140 (^)      239.668 (&)      185.510 (%) 
Cl( 7, 6) in Cl( 8, 8) CPU =       16.474 ms (setup)        0.268 (*)      331.832 (^)      335.681 (&)      266.157 (%) 
Cl( 7, 7) in Cl( 8, 8) CPU =       29.759 ms (setup)        0.355 (*)      368.356 (^)      395.234 (&)      321.938 (%) 
Cl( 8, 7) in Cl( 8, 8) CPU =       73.181 ms (setup)        1.955 (*)      691.658 (^)      735.725 (&)      646.480 (%) 
Cl( 8, 8) in Cl( 8, 8) CPU =       44.946 ms (setup)        1.673 (*)      826.386 (^)      928.308 (&)      825.692 (%) 
