
framed_multi<double>
Clifford algebra squaring test:
Fill: 0.5
Cl( 1, 0) in Cl( 1, 0) CPU =        0.037 ms (setup)        0.006 (*) 
Cl( 1, 1) in Cl( 1, 1) CPU =        0.002 ms (setup)        0.001 (*) 
Cl( 2, 1) in Cl( 2, 1) CPU =        0.002 ms (setup)        0.004 (*) 
Cl( 2, 2) in Cl( 2, 2) CPU =        0.002 ms (setup)        0.004 (*) 
Cl( 3, 2) in Cl( 3, 2) CPU =        0.003 ms (setup)        0.007 (*) 
Cl( 3, 3) in Cl( 3, 3) CPU =        0.007 ms (setup)        0.014 (*) 
Cl( 4, 3) in Cl( 4, 3) CPU =        0.009 ms (setup)        0.040 (*) 
Cl( 4, 4) in Cl( 4, 4) CPU =        0.016 ms (setup)        0.232 (*) 
Cl( 5, 4) in Cl( 5, 4) CPU =        0.030 ms (setup)        0.731 (*) 
Cl( 5, 5) in Cl( 5, 5) CPU =        0.058 ms (setup)        0.900 (*) 
Cl( 6, 5) in Cl( 6, 5) CPU =        0.110 ms (setup)        3.558 (*) 
Cl( 6, 6) in Cl( 6, 6) CPU =        0.215 ms (setup)        4.413 (*) 
Cl( 7, 6) in Cl( 7, 6) CPU =        0.469 ms (setup)       50.635 (*) 
Cl( 7, 7) in Cl( 7, 7) CPU =        0.904 ms (setup)       51.422 (*) 
Cl( 8, 7) in Cl( 8, 7) CPU =        1.776 ms (setup)      108.246 (*) 
Cl( 8, 8) in Cl( 8, 8) CPU =        3.744 ms (setup)      132.490 (*) 
Cl( 9, 8) in Cl( 9, 8) CPU =        8.410 ms (setup)      337.239 (*) 
Cl( 9, 9) in Cl( 9, 9) CPU =       16.867 ms (setup)      570.245 (*) 
Cl(10, 9) in Cl(10, 9) CPU =       35.482 ms (setup)     2219.488 (*) 
Cl(10,10) in Cl(10,10) CPU =       76.146 ms (setup)     3024.849 (*) 
Cl(11,10) in Cl(11,10) CPU =      150.023 ms (setup)    12866.651 (*) 
Cl(11,11) in Cl(11,11) CPU =      357.819 ms (setup)    18108.633 (*) 
Fill: 1
Cl( 1, 0) in Cl( 1, 0) CPU =        0.006 ms (setup)        0.004 (*) 
Cl( 1, 1) in Cl( 1, 1) CPU =        0.001 ms (setup)        0.002 (*) 
Cl( 2, 1) in Cl( 2, 1) CPU =        0.002 ms (setup)        0.004 (*) 
Cl( 2, 2) in Cl( 2, 2) CPU =        0.003 ms (setup)        0.004 (*) 
Cl( 3, 2) in Cl( 3, 2) CPU =        0.004 ms (setup)        0.010 (*) 
Cl( 3, 3) in Cl( 3, 3) CPU =        0.008 ms (setup)        0.024 (*) 
Cl( 4, 3) in Cl( 4, 3) CPU =        0.010 ms (setup)        0.067 (*) 
Cl( 4, 4) in Cl( 4, 4) CPU =        0.026 ms (setup)        0.258 (*) 
Cl( 5, 4) in Cl( 5, 4) CPU =        0.042 ms (setup)        0.764 (*) 
Cl( 5, 5) in Cl( 5, 5) CPU =        0.091 ms (setup)        1.104 (*) 
Cl( 6, 5) in Cl( 6, 5) CPU =        0.178 ms (setup)        3.830 (*) 
Cl( 6, 6) in Cl( 6, 6) CPU =        0.358 ms (setup)        5.506 (*) 
Cl( 7, 6) in Cl( 7, 6) CPU =        0.746 ms (setup)       49.231 (*) 
Cl( 7, 7) in Cl( 7, 7) CPU =        1.531 ms (setup)       59.152 (*) 
Cl( 8, 7) in Cl( 8, 7) CPU =        3.149 ms (setup)      124.804 (*) 
Cl( 8, 8) in Cl( 8, 8) CPU =        6.332 ms (setup)      170.281 (*) 
Cl( 9, 8) in Cl( 9, 8) CPU =       13.051 ms (setup)      424.216 (*) 
Cl( 9, 9) in Cl( 9, 9) CPU =       30.493 ms (setup)      806.363 (*) 
Cl(10, 9) in Cl(10, 9) CPU =       66.317 ms (setup)     2851.469 (*) 
Cl(10,10) in Cl(10,10) CPU =      138.109 ms (setup)     4525.211 (*) 
Cl(11,10) in Cl(11,10) CPU =      333.268 ms (setup)    17098.560 (*) 
Cl(11,11) in Cl(11,11) CPU =      680.283 ms (setup)    28407.424 (*) 

matrix_multi<double>
Clifford algebra squaring test:
Fill: 0.5
Cl( 1, 0) in Cl( 1, 0) CPU =        0.034 ms (setup)        0.003 (*) 
Cl( 1, 1) in Cl( 1, 1) CPU =        0.004 ms (setup)        0.000 (*) 
Cl( 2, 1) in Cl( 2, 1) CPU =        0.011 ms (setup)        0.001 (*) 
Cl( 2, 2) in Cl( 2, 2) CPU =        0.008 ms (setup)        0.001 (*) 
Cl( 3, 2) in Cl( 3, 2) CPU =        0.019 ms (setup)        0.006 (*) 
Cl( 3, 3) in Cl( 3, 3) CPU =        0.020 ms (setup)        0.001 (*) 
Cl( 4, 3) in Cl( 4, 3) CPU =        0.031 ms (setup)        0.002 (*) 
Cl( 4, 4) in Cl( 4, 4) CPU =       17.858 ms (setup)        0.005 (*) 
Cl( 5, 4) in Cl( 5, 4) CPU =        0.133 ms (setup)        0.004 (*) 
Cl( 5, 5) in Cl( 5, 5) CPU =        0.231 ms (setup)        0.003 (*) 
Cl( 6, 5) in Cl( 6, 5) CPU =        0.563 ms (setup)        0.012 (*) 
Cl( 6, 6) in Cl( 6, 6) CPU =        1.112 ms (setup)        0.014 (*) 
Cl( 7, 6) in Cl( 7, 6) CPU =        2.714 ms (setup)        0.126 (*) 
Cl( 7, 7) in Cl( 7, 7) CPU =       38.886 ms (setup)        0.073 (*) 
Cl( 8, 7) in Cl( 8, 7) CPU =       43.034 ms (setup)        0.240 (*) 
Cl( 8, 8) in Cl( 8, 8) CPU =       57.045 ms (setup)        0.247 (*) 
Cl( 9, 8) in Cl( 9, 8) CPU =       99.385 ms (setup)        2.639 (*) 
Cl( 9, 9) in Cl( 9, 9) CPU =      157.661 ms (setup)        2.032 (*) 
Cl(10, 9) in Cl(10, 9) CPU =      382.342 ms (setup)       55.613 (*) 
Cl(10,10) in Cl(10,10) CPU =      717.079 ms (setup)       65.165 (*) 
Cl(11,10) in Cl(11,10) CPU =     2050.523 ms (setup)      514.966 (*) 
Cl(11,11) in Cl(11,11) CPU =     3726.907 ms (setup)      410.802 (*) 
Fill: 1
Cl( 1, 0) in Cl( 1, 0) CPU =        0.017 ms (setup)        0.003 (*) 
Cl( 1, 1) in Cl( 1, 1) CPU =        0.008 ms (setup)        0.001 (*) 
Cl( 2, 1) in Cl( 2, 1) CPU =        0.010 ms (setup)        0.001 (*) 
Cl( 2, 2) in Cl( 2, 2) CPU =        0.014 ms (setup)        0.001 (*) 
Cl( 3, 2) in Cl( 3, 2) CPU =        0.016 ms (setup)        0.004 (*) 
Cl( 3, 3) in Cl( 3, 3) CPU =        0.024 ms (setup)        0.002 (*) 
Cl( 4, 3) in Cl( 4, 3) CPU =        0.069 ms (setup)        0.002 (*) 
Cl( 4, 4) in Cl( 4, 4) CPU =       67.821 ms (setup)        0.005 (*) 
Cl( 5, 4) in Cl( 5, 4) CPU =        0.201 ms (setup)        0.003 (*) 
Cl( 5, 5) in Cl( 5, 5) CPU =        0.367 ms (setup)        0.003 (*) 
Cl( 6, 5) in Cl( 6, 5) CPU =        0.950 ms (setup)        0.013 (*) 
Cl( 6, 6) in Cl( 6, 6) CPU =        1.800 ms (setup)        0.013 (*) 
Cl( 7, 6) in Cl( 7, 6) CPU =        4.734 ms (setup)        0.099 (*) 
Cl( 7, 7) in Cl( 7, 7) CPU =       42.866 ms (setup)        0.079 (*) 
Cl( 8, 7) in Cl( 8, 7) CPU =       54.558 ms (setup)        0.260 (*) 
Cl( 8, 8) in Cl( 8, 8) CPU =       75.845 ms (setup)        0.292 (*) 
Cl( 9, 8) in Cl( 9, 8) CPU =      153.637 ms (setup)        2.370 (*) 
Cl( 9, 9) in Cl( 9, 9) CPU =      275.035 ms (setup)        3.616 (*) 
Cl(10, 9) in Cl(10, 9) CPU =      708.368 ms (setup)       60.198 (*) 
Cl(10,10) in Cl(10,10) CPU =     1368.473 ms (setup)       45.653 (*) 
Cl(11,10) in Cl(11,10) CPU =     3938.538 ms (setup)      409.564 (*) 
Cl(11,11) in Cl(11,11) CPU =     7945.677 ms (setup)      418.283 (*) 
