
framed_multi<float,-4,4>
Clifford algebra expressions test:
Fill: 0.5
Cl( 1, 0) in Cl( 1, 0) CPU =        0.002 ms (setup)        0.002 (comm)        0.003 (pade)        0.001 (series)        0.001 (mix)        0.001 (add) 
Cl( 1, 1) in Cl( 1, 1) CPU =        0.001 ms (setup)        0.001 (comm)        0.005 (pade)        0.001 (series)        0.001 (mix)        0.001 (add) 
Cl( 2, 1) in Cl( 2, 1) CPU =        0.001 ms (setup)        0.003 (comm)        0.007 (pade)        0.004 (series)        0.001 (mix)        0.001 (add) 
Cl( 2, 2) in Cl( 2, 2) CPU =        0.002 ms (setup)        0.005 (comm)        0.007 (pade)        0.005 (series)        0.002 (mix)        0.001 (add) 
Cl( 3, 2) in Cl( 3, 2) CPU =        0.002 ms (setup)        0.011 (comm)        0.029 (pade)        0.009 (series)        0.004 (mix)        0.003 (add) 
Cl( 3, 3) in Cl( 3, 3) CPU =        0.005 ms (setup)        0.025 (comm)        0.036 (pade)        0.037 (series)        0.006 (mix)        0.003 (add) 
Cl( 4, 3) in Cl( 4, 3) CPU =        0.011 ms (setup)        0.060 (comm)        0.144 (pade)        0.105 (series)        0.015 (mix)        0.005 (add) 
Cl( 4, 4) in Cl( 4, 4) CPU =        0.024 ms (setup)        0.409 (comm)        0.191 (pade)        0.712 (series)        0.047 (mix)        0.027 (add) 
Cl( 1, 0) in Cl( 4, 4) CPU =        0.001 ms (setup)        0.001 (comm)        0.005 (pade)        0.003 (series)        0.001 (mix)        0.001 (add) 
Cl( 1, 1) in Cl( 4, 4) CPU =        0.001 ms (setup)        0.002 (comm)        0.005 (pade)        0.002 (series)        0.001 (mix)        0.002 (add) 
Cl( 2, 1) in Cl( 4, 4) CPU =        0.002 ms (setup)        0.005 (comm)        0.012 (pade)        0.005 (series)        0.002 (mix)        0.002 (add) 
Cl( 2, 2) in Cl( 4, 4) CPU =        0.002 ms (setup)        0.008 (comm)        0.013 (pade)        0.010 (series)        0.003 (mix)        0.002 (add) 
Cl( 3, 2) in Cl( 4, 4) CPU =        0.004 ms (setup)        0.015 (comm)        0.051 (pade)        0.025 (series)        0.005 (mix)        0.004 (add) 
Cl( 3, 3) in Cl( 4, 4) CPU =        0.009 ms (setup)        0.037 (comm)        0.083 (pade)        0.069 (series)        0.015 (mix)        0.007 (add) 
Cl( 4, 3) in Cl( 4, 4) CPU =        0.019 ms (setup)        0.093 (comm)        0.139 (pade)        0.093 (series)        0.015 (mix)        0.005 (add) 
Cl( 4, 4) in Cl( 4, 4) CPU =        0.022 ms (setup)        0.386 (comm)        0.184 (pade)        0.706 (series)        0.058 (mix)        0.009 (add) 
Fill: 1
Cl( 1, 0) in Cl( 1, 0) CPU =        0.001 ms (setup)        0.002 (comm)        0.003 (pade)        0.002 (series)        0.001 (mix)        0.001 (add) 
Cl( 1, 1) in Cl( 1, 1) CPU =        0.001 ms (setup)        0.002 (comm)        0.003 (pade)        0.003 (series)        0.001 (mix)        0.001 (add) 
Cl( 2, 1) in Cl( 2, 1) CPU =        0.001 ms (setup)        0.003 (comm)        0.007 (pade)        0.004 (series)        0.001 (mix)        0.001 (add) 
Cl( 2, 2) in Cl( 2, 2) CPU =        0.002 ms (setup)        0.005 (comm)        0.008 (pade)        0.007 (series)        0.002 (mix)        0.001 (add) 
Cl( 3, 2) in Cl( 3, 2) CPU =        0.004 ms (setup)        0.014 (comm)        0.029 (pade)        0.018 (series)        0.005 (mix)        0.002 (add) 
Cl( 3, 3) in Cl( 3, 3) CPU =        0.007 ms (setup)        0.040 (comm)        0.040 (pade)        0.056 (series)        0.012 (mix)        0.003 (add) 
Cl( 4, 3) in Cl( 4, 3) CPU =        0.015 ms (setup)        0.119 (comm)        0.154 (pade)        0.186 (series)        0.026 (mix)        0.006 (add) 
Cl( 4, 4) in Cl( 4, 4) CPU =        0.033 ms (setup)        0.491 (comm)        0.218 (pade)        0.809 (series)        0.071 (mix)        0.016 (add) 
Cl( 1, 0) in Cl( 4, 4) CPU =        0.001 ms (setup)        0.002 (comm)        0.003 (pade)        0.002 (series)        0.001 (mix)        0.001 (add) 
Cl( 1, 1) in Cl( 4, 4) CPU =        0.001 ms (setup)        0.002 (comm)        0.003 (pade)        0.003 (series)        0.001 (mix)        0.001 (add) 
Cl( 2, 1) in Cl( 4, 4) CPU =        0.001 ms (setup)        0.003 (comm)        0.007 (pade)        0.004 (series)        0.001 (mix)        0.001 (add) 
Cl( 2, 2) in Cl( 4, 4) CPU =        0.002 ms (setup)        0.005 (comm)        0.009 (pade)        0.007 (series)        0.002 (mix)        0.001 (add) 
Cl( 3, 2) in Cl( 4, 4) CPU =        0.004 ms (setup)        0.014 (comm)        0.030 (pade)        0.022 (series)        0.005 (mix)        0.002 (add) 
Cl( 3, 3) in Cl( 4, 4) CPU =        0.007 ms (setup)        0.041 (comm)        0.041 (pade)        0.059 (series)        0.010 (mix)        0.003 (add) 
Cl( 4, 3) in Cl( 4, 4) CPU =        0.015 ms (setup)        0.119 (comm)        0.153 (pade)        0.190 (series)        0.026 (mix)        0.007 (add) 
Cl( 4, 4) in Cl( 4, 4) CPU =        0.036 ms (setup)        0.491 (comm)        0.223 (pade)        0.801 (series)        0.072 (mix)        0.015 (add) 

matrix_multi<float,-4,4>
Clifford algebra expressions test:
Fill: 0.5
Cl( 1, 0) in Cl( 1, 0) CPU =        0.001 ms (setup)        0.003 (comm)        0.002 (pade)        0.001 (series)        0.002 (mix)        0.000 (add) 
Cl( 1, 1) in Cl( 1, 1) CPU =        0.002 ms (setup)        0.005 (comm)        0.002 (pade)        0.001 (series)        0.005 (mix)        0.000 (add) 
Cl( 2, 1) in Cl( 2, 1) CPU =        0.002 ms (setup)        0.021 (comm)        0.002 (pade)        0.001 (series)        0.019 (mix)        0.001 (add) 
Cl( 2, 2) in Cl( 2, 2) CPU =        0.003 ms (setup)        0.030 (comm)        0.002 (pade)        0.001 (series)        0.039 (mix)        0.001 (add) 
Cl( 3, 2) in Cl( 3, 2) CPU =        0.013 ms (setup)        0.120 (comm)        0.005 (pade)        0.004 (series)        0.114 (mix)        0.001 (add) 
Cl( 3, 3) in Cl( 3, 3) CPU =        0.018 ms (setup)        0.218 (comm)        0.005 (pade)        0.004 (series)        0.208 (mix)        0.001 (add) 
Cl( 4, 3) in Cl( 4, 3) CPU =        0.050 ms (setup)        1.278 (comm)        0.018 (pade)        0.022 (series)        1.248 (mix)        0.000 (add) 
Cl( 4, 4) in Cl( 4, 4) CPU =        0.092 ms (setup)        1.790 (comm)        0.017 (pade)        0.022 (series)        1.768 (mix)        0.001 (add) 
Cl( 1, 0) in Cl( 4, 4) CPU =        0.002 ms (setup)        0.037 (comm)        0.004 (pade)        0.022 (series)        0.026 (mix)        0.001 (add) 
Cl( 1, 1) in Cl( 4, 4) CPU =        0.002 ms (setup)        0.049 (comm)        0.008 (pade)        0.022 (series)        0.037 (mix)        0.001 (add) 
Cl( 2, 1) in Cl( 4, 4) CPU =        0.006 ms (setup)        0.130 (comm)        0.009 (pade)        0.022 (series)        0.115 (mix)        0.001 (add) 
Cl( 2, 2) in Cl( 4, 4) CPU =        0.011 ms (setup)        0.158 (comm)        0.009 (pade)        0.022 (series)        0.144 (mix)        0.001 (add) 
Cl( 3, 2) in Cl( 4, 4) CPU =        0.041 ms (setup)        0.452 (comm)        0.011 (pade)        0.022 (series)        0.440 (mix)        0.001 (add) 
Cl( 3, 3) in Cl( 4, 4) CPU =        0.065 ms (setup)        0.599 (comm)        0.011 (pade)        0.022 (series)        0.580 (mix)        0.000 (add) 
Cl( 4, 3) in Cl( 4, 4) CPU =        0.177 ms (setup)        1.152 (comm)        0.017 (pade)        0.022 (series)        1.135 (mix)        0.001 (add) 
Cl( 4, 4) in Cl( 4, 4) CPU =        0.093 ms (setup)        1.811 (comm)        0.017 (pade)        0.022 (series)        1.805 (mix)        0.001 (add) 
Fill: 1
Cl( 1, 0) in Cl( 1, 0) CPU =        0.001 ms (setup)        0.005 (comm)        0.002 (pade)        0.001 (series)        0.005 (mix)        0.001 (add) 
Cl( 1, 1) in Cl( 1, 1) CPU =        0.001 ms (setup)        0.007 (comm)        0.001 (pade)        0.001 (series)        0.007 (mix)        0.001 (add) 
Cl( 2, 1) in Cl( 2, 1) CPU =        0.002 ms (setup)        0.026 (comm)        0.003 (pade)        0.001 (series)        0.025 (mix)        0.000 (add) 
Cl( 2, 2) in Cl( 2, 2) CPU =        0.005 ms (setup)        0.040 (comm)        0.002 (pade)        0.001 (series)        0.042 (mix)        0.001 (add) 
Cl( 3, 2) in Cl( 3, 2) CPU =        0.011 ms (setup)        0.176 (comm)        0.005 (pade)        0.004 (series)        0.176 (mix)        0.001 (add) 
Cl( 3, 3) in Cl( 3, 3) CPU =        0.022 ms (setup)        0.276 (comm)        0.005 (pade)        0.004 (series)        0.271 (mix)        0.000 (add) 
Cl( 4, 3) in Cl( 4, 3) CPU =        0.059 ms (setup)        1.431 (comm)        0.017 (pade)        0.022 (series)        1.405 (mix)        0.001 (add) 
Cl( 4, 4) in Cl( 4, 4) CPU =        0.124 ms (setup)        2.092 (comm)        0.017 (pade)        0.022 (series)        2.081 (mix)        0.001 (add) 
Cl( 1, 0) in Cl( 4, 4) CPU =        0.002 ms (setup)        0.078 (comm)        0.013 (pade)        0.022 (series)        0.064 (mix)        0.000 (add) 
Cl( 1, 1) in Cl( 4, 4) CPU =        0.004 ms (setup)        0.128 (comm)        0.008 (pade)        0.024 (series)        0.116 (mix)        0.001 (add) 
Cl( 2, 1) in Cl( 4, 4) CPU =        0.007 ms (setup)        0.207 (comm)        0.009 (pade)        0.022 (series)        0.196 (mix)        0.001 (add) 
Cl( 2, 2) in Cl( 4, 4) CPU =        0.018 ms (setup)        0.317 (comm)        0.013 (pade)        0.022 (series)        0.308 (mix)        0.001 (add) 
Cl( 3, 2) in Cl( 4, 4) CPU =        0.046 ms (setup)        0.513 (comm)        0.011 (pade)        0.022 (series)        0.504 (mix)        0.001 (add) 
Cl( 3, 3) in Cl( 4, 4) CPU =        0.082 ms (setup)        0.732 (comm)        0.011 (pade)        0.022 (series)        0.712 (mix)        0.001 (add) 
Cl( 4, 3) in Cl( 4, 4) CPU =        0.223 ms (setup)        1.522 (comm)        0.018 (pade)        0.022 (series)        1.513 (mix)        0.001 (add) 
Cl( 4, 4) in Cl( 4, 4) CPU =        0.124 ms (setup)        2.091 (comm)        0.017 (pade)        0.022 (series)        2.079 (mix)        0.001 (add) 

framed_multi<double>
Clifford algebra expressions test:
Fill: 0.5
Cl( 1, 0) in Cl( 1, 0) CPU =        0.001 ms (setup)        0.001 (comm)        0.003 (pade)        0.001 (series)        0.001 (mix)        0.001 (add) 
Cl( 1, 1) in Cl( 1, 1) CPU =        0.001 ms (setup)        0.001 (comm)        0.003 (pade)        0.001 (series)        0.001 (mix)        0.001 (add) 
Cl( 2, 1) in Cl( 2, 1) CPU =        0.001 ms (setup)        0.004 (comm)        0.007 (pade)        0.004 (series)        0.001 (mix)        0.001 (add) 
Cl( 2, 2) in Cl( 2, 2) CPU =        0.002 ms (setup)        0.005 (comm)        0.009 (pade)        0.007 (series)        0.002 (mix)        0.001 (add) 
Cl( 3, 2) in Cl( 3, 2) CPU =        0.003 ms (setup)        0.012 (comm)        0.031 (pade)        0.012 (series)        0.004 (mix)        0.003 (add) 
Cl( 3, 3) in Cl( 3, 3) CPU =        0.006 ms (setup)        0.030 (comm)        0.038 (pade)        0.044 (series)        0.008 (mix)        0.002 (add) 
Cl( 4, 3) in Cl( 4, 3) CPU =        0.014 ms (setup)        0.071 (comm)        0.149 (pade)        0.124 (series)        0.017 (mix)        0.005 (add) 
Cl( 4, 4) in Cl( 4, 4) CPU =        0.024 ms (setup)        0.439 (comm)        0.197 (pade)        0.726 (series)        0.063 (mix)        0.008 (add) 
Cl( 5, 4) in Cl( 5, 4) CPU =        0.052 ms (setup)        1.643 (comm)        0.767 (pade)        3.739 (series)        0.263 (mix)        0.018 (add) 
Cl( 5, 5) in Cl( 5, 5) CPU =        0.112 ms (setup)        2.640 (comm)        1.061 (pade)        3.867 (series)        0.779 (mix)        0.041 (add) 
Cl( 6, 5) in Cl( 6, 5) CPU =        0.234 ms (setup)        9.068 (comm)        4.083 (pade)       14.550 (series)        2.063 (mix)        0.053 (add) 
Cl( 6, 6) in Cl( 6, 6) CPU =        0.446 ms (setup)       14.941 (comm)        5.293 (pade)       19.173 (series)        6.040 (mix)        0.117 (add) 
Cl( 7, 6) in Cl( 7, 6) CPU =        0.973 ms (setup)       53.096 (comm)       20.264 (pade)       73.285 (series)       17.655 (mix)        0.247 (add) 
Cl( 7, 7) in Cl( 7, 7) CPU =        1.863 ms (setup)       99.001 (comm)       26.021 (pade)       96.936 (series)       54.062 (mix)        0.524 (add) 
Cl( 8, 7) in Cl( 8, 7) CPU =        3.725 ms (setup)      340.938 (comm)      111.493 (pade)      391.536 (series)      156.502 (mix)        1.147 (add) 
Cl( 8, 8) in Cl( 8, 8) CPU =        7.458 ms (setup)      709.286 (comm)      143.889 (pade)      518.236 (series)      474.675 (mix)        2.442 (add) 
Cl( 1, 0) in Cl( 8, 8) CPU =        0.002 ms (setup)        0.001 (comm)        0.002 (pade)        0.001 (series)        0.001 (mix)        0.001 (add) 
Cl( 1, 1) in Cl( 8, 8) CPU =        0.001 ms (setup)        0.001 (comm)        0.003 (pade)        0.001 (series)        0.000 (mix)        0.001 (add) 
Cl( 2, 1) in Cl( 8, 8) CPU =        0.001 ms (setup)        0.003 (comm)        0.007 (pade)        0.003 (series)        0.002 (mix)        0.001 (add) 
Cl( 2, 2) in Cl( 8, 8) CPU =        0.002 ms (setup)        0.005 (comm)        0.007 (pade)        0.006 (series)        0.002 (mix)        0.001 (add) 
Cl( 3, 2) in Cl( 8, 8) CPU =        0.003 ms (setup)        0.009 (comm)        0.024 (pade)        0.011 (series)        0.003 (mix)        0.001 (add) 
Cl( 3, 3) in Cl( 8, 8) CPU =        0.005 ms (setup)        0.029 (comm)        0.040 (pade)        0.044 (series)        0.007 (mix)        0.002 (add) 
Cl( 4, 3) in Cl( 8, 8) CPU =        0.012 ms (setup)        0.071 (comm)        0.141 (pade)        0.120 (series)        0.019 (mix)        0.004 (add) 
Cl( 4, 4) in Cl( 8, 8) CPU =        0.025 ms (setup)        0.430 (comm)        0.197 (pade)        0.726 (series)        0.059 (mix)        0.008 (add) 
Cl( 5, 4) in Cl( 8, 8) CPU =        0.057 ms (setup)        1.641 (comm)        0.737 (pade)        2.784 (series)        0.246 (mix)        0.015 (add) 
Cl( 5, 5) in Cl( 8, 8) CPU =        0.103 ms (setup)        2.525 (comm)        1.003 (pade)        3.752 (series)        0.726 (mix)        0.029 (add) 
Cl( 6, 5) in Cl( 8, 8) CPU =        0.208 ms (setup)        8.896 (comm)        3.793 (pade)       14.243 (series)        2.053 (mix)        0.052 (add) 
Cl( 6, 6) in Cl( 8, 8) CPU =        0.436 ms (setup)       14.831 (comm)        5.087 (pade)       19.088 (series)        5.933 (mix)        0.108 (add) 
Cl( 7, 6) in Cl( 8, 8) CPU =        0.889 ms (setup)       52.110 (comm)       19.785 (pade)       72.350 (series)       17.698 (mix)        0.255 (add) 
Cl( 7, 7) in Cl( 8, 8) CPU =        1.842 ms (setup)       97.659 (comm)       26.276 (pade)       97.775 (series)       52.706 (mix)        0.525 (add) 
Cl( 8, 7) in Cl( 8, 8) CPU =        3.738 ms (setup)      341.368 (comm)      110.279 (pade)      386.841 (series)      157.615 (mix)        1.123 (add) 
Cl( 8, 8) in Cl( 8, 8) CPU =        7.508 ms (setup)      700.755 (comm)      141.113 (pade)      511.167 (series)      469.584 (mix)        2.427 (add) 
Fill: 1
Cl( 1, 0) in Cl( 1, 0) CPU =        0.001 ms (setup)        0.002 (comm)        0.003 (pade)        0.002 (series)        0.001 (mix)        0.001 (add) 
Cl( 1, 1) in Cl( 1, 1) CPU =        0.001 ms (setup)        0.002 (comm)        0.003 (pade)        0.003 (series)        0.001 (mix)        0.001 (add) 
Cl( 2, 1) in Cl( 2, 1) CPU =        0.002 ms (setup)        0.004 (comm)        0.007 (pade)        0.005 (series)        0.002 (mix)        0.001 (add) 
Cl( 2, 2) in Cl( 2, 2) CPU =        0.002 ms (setup)        0.007 (comm)        0.009 (pade)        0.009 (series)        0.003 (mix)        0.001 (add) 
Cl( 3, 2) in Cl( 3, 2) CPU =        0.005 ms (setup)        0.018 (comm)        0.033 (pade)        0.024 (series)        0.005 (mix)        0.002 (add) 
Cl( 3, 3) in Cl( 3, 3) CPU =        0.009 ms (setup)        0.048 (comm)        0.043 (pade)        0.070 (series)        0.011 (mix)        0.003 (add) 
Cl( 4, 3) in Cl( 4, 3) CPU =        0.018 ms (setup)        0.139 (comm)        0.159 (pade)        0.214 (series)        0.028 (mix)        0.005 (add) 
Cl( 4, 4) in Cl( 4, 4) CPU =        0.034 ms (setup)        0.515 (comm)        0.222 (pade)        0.846 (series)        0.083 (mix)        0.009 (add) 
Cl( 5, 4) in Cl( 5, 4) CPU =        0.078 ms (setup)        1.806 (comm)        0.805 (pade)        3.051 (series)        0.231 (mix)        0.018 (add) 
Cl( 5, 5) in Cl( 5, 5) CPU =        0.151 ms (setup)        2.863 (comm)        1.115 (pade)        4.344 (series)        0.636 (mix)        0.035 (add) 
Cl( 6, 5) in Cl( 6, 5) CPU =        0.326 ms (setup)        9.809 (comm)        4.196 (pade)       16.741 (series)        1.802 (mix)        0.068 (add) 
Cl( 6, 6) in Cl( 6, 6) CPU =        0.734 ms (setup)       16.461 (comm)        5.928 (pade)       22.590 (series)        4.830 (mix)        0.139 (add) 
Cl( 7, 6) in Cl( 7, 6) CPU =        1.491 ms (setup)       54.158 (comm)       23.215 (pade)       82.296 (series)       13.706 (mix)        0.288 (add) 
Cl( 7, 7) in Cl( 7, 7) CPU =        3.059 ms (setup)       97.198 (comm)       30.997 (pade)      115.029 (series)       40.227 (mix)        0.601 (add) 
Cl( 8, 7) in Cl( 8, 7) CPU =        6.433 ms (setup)      332.174 (comm)      125.660 (pade)      441.036 (series)      114.144 (mix)        1.342 (add) 
Cl( 8, 8) in Cl( 8, 8) CPU =       12.870 ms (setup)      647.819 (comm)      171.950 (pade)      622.707 (series)      334.697 (mix)        4.106 (add) 
Cl( 1, 0) in Cl( 8, 8) CPU =        0.001 ms (setup)        0.002 (comm)        0.003 (pade)        0.002 (series)        0.001 (mix)        0.001 (add) 
Cl( 1, 1) in Cl( 8, 8) CPU =        0.001 ms (setup)        0.002 (comm)        0.003 (pade)        0.003 (series)        0.001 (mix)        0.001 (add) 
Cl( 2, 1) in Cl( 8, 8) CPU =        0.002 ms (setup)        0.004 (comm)        0.007 (pade)        0.004 (series)        0.002 (mix)        0.001 (add) 
Cl( 2, 2) in Cl( 8, 8) CPU =        0.002 ms (setup)        0.007 (comm)        0.008 (pade)        0.009 (series)        0.003 (mix)        0.001 (add) 
Cl( 3, 2) in Cl( 8, 8) CPU =        0.004 ms (setup)        0.017 (comm)        0.030 (pade)        0.023 (series)        0.005 (mix)        0.002 (add) 
Cl( 3, 3) in Cl( 8, 8) CPU =        0.008 ms (setup)        0.046 (comm)        0.042 (pade)        0.067 (series)        0.011 (mix)        0.003 (add) 
Cl( 4, 3) in Cl( 8, 8) CPU =        0.016 ms (setup)        0.141 (comm)        0.154 (pade)        0.217 (series)        0.030 (mix)        0.005 (add) 
Cl( 4, 4) in Cl( 8, 8) CPU =        0.031 ms (setup)        0.528 (comm)        0.225 (pade)        0.833 (series)        0.082 (mix)        0.009 (add) 
Cl( 5, 4) in Cl( 8, 8) CPU =        0.068 ms (setup)        1.788 (comm)        0.797 (pade)        3.035 (series)        0.232 (mix)        0.018 (add) 
Cl( 5, 5) in Cl( 8, 8) CPU =        0.147 ms (setup)        2.853 (comm)        1.131 (pade)        4.356 (series)        0.652 (mix)        0.033 (add) 
Cl( 6, 5) in Cl( 8, 8) CPU =        0.332 ms (setup)        9.812 (comm)        4.189 (pade)       15.841 (series)        1.760 (mix)        0.065 (add) 
Cl( 6, 6) in Cl( 8, 8) CPU =        0.717 ms (setup)       16.172 (comm)        5.873 (pade)       22.531 (series)        4.872 (mix)        0.133 (add) 
Cl( 7, 6) in Cl( 8, 8) CPU =        1.498 ms (setup)       54.020 (comm)       21.729 (pade)       81.297 (series)       13.806 (mix)        0.295 (add) 
Cl( 7, 7) in Cl( 8, 8) CPU =        3.050 ms (setup)       98.323 (comm)       30.559 (pade)      116.050 (series)       38.851 (mix)        0.714 (add) 
Cl( 8, 7) in Cl( 8, 8) CPU =        6.325 ms (setup)      327.452 (comm)      128.110 (pade)      434.899 (series)      112.228 (mix)        1.274 (add) 
Cl( 8, 8) in Cl( 8, 8) CPU =       12.633 ms (setup)      646.793 (comm)      169.876 (pade)      625.601 (series)      335.164 (mix)        3.614 (add) 

matrix_multi<double>
Clifford algebra expressions test:
Fill: 0.5
Cl( 1, 0) in Cl( 1, 0) CPU =        0.003 ms (setup)        0.003 (comm)        0.001 (pade)        0.001 (series)        0.003 (mix)        0.000 (add) 
Cl( 1, 1) in Cl( 1, 1) CPU =        0.005 ms (setup)        0.003 (comm)        0.002 (pade)        0.001 (series)        0.002 (mix)        0.001 (add) 
Cl( 2, 1) in Cl( 2, 1) CPU =        0.002 ms (setup)        0.019 (comm)        0.002 (pade)        0.001 (series)        0.018 (mix)        0.000 (add) 
Cl( 2, 2) in Cl( 2, 2) CPU =        0.002 ms (setup)        0.030 (comm)        0.003 (pade)        0.001 (series)        0.030 (mix)        0.001 (add) 
Cl( 3, 2) in Cl( 3, 2) CPU =        0.013 ms (setup)        0.112 (comm)        0.005 (pade)        0.004 (series)        0.106 (mix)        0.001 (add) 
Cl( 3, 3) in Cl( 3, 3) CPU =        0.018 ms (setup)        0.210 (comm)        0.005 (pade)        0.004 (series)        0.206 (mix)        0.001 (add) 
Cl( 4, 3) in Cl( 4, 3) CPU =        0.050 ms (setup)        1.240 (comm)        0.018 (pade)        0.023 (series)        1.203 (mix)        0.001 (add) 
Cl( 4, 4) in Cl( 4, 4) CPU =        0.097 ms (setup)        1.768 (comm)        0.018 (pade)        0.023 (series)        1.741 (mix)        0.001 (add) 
Cl( 5, 4) in Cl( 5, 4) CPU =        0.235 ms (setup)       10.633 (comm)        0.088 (pade)        0.163 (series)       10.139 (mix)        0.002 (add) 
Cl( 5, 5) in Cl( 5, 5) CPU =        0.455 ms (setup)       13.447 (comm)        0.088 (pade)        0.162 (series)       13.681 (mix)        0.002 (add) 
Cl( 6, 5) in Cl( 6, 5) CPU =        1.090 ms (setup)       82.905 (comm)        0.569 (pade)        1.222 (series)       82.311 (mix)        0.005 (add) 
Cl( 6, 6) in Cl( 6, 6) CPU =        2.105 ms (setup)      110.177 (comm)        0.571 (pade)        1.224 (series)      110.482 (mix)        0.005 (add) 
Cl( 7, 6) in Cl( 7, 6) CPU =        5.095 ms (setup)      764.173 (comm)        4.101 (pade)        9.764 (series)      756.090 (mix)        0.022 (add) 
Cl( 7, 7) in Cl( 7, 7) CPU =        9.984 ms (setup)      911.197 (comm)        4.096 (pade)        9.790 (series)      910.661 (mix)        0.019 (add) 
Cl( 8, 7) in Cl( 8, 7) CPU =       28.285 ms (setup)     7273.909 (comm)       31.194 (pade)       77.916 (series)     7227.722 (mix)        0.090 (add) 
Cl( 8, 8) in Cl( 8, 8) CPU =       47.011 ms (setup)     8145.334 (comm)       31.119 (pade)       78.936 (series)     8117.572 (mix)        0.099 (add) 
Cl( 1, 0) in Cl( 8, 8) CPU =        0.174 ms (setup)       54.645 (comm)        0.604 (pade)       76.936 (series)       15.886 (mix)        0.120 (add) 
Cl( 1, 1) in Cl( 8, 8) CPU =        0.024 ms (setup)       96.299 (comm)        0.671 (pade)       76.891 (series)       57.461 (mix)        0.121 (add) 
Cl( 2, 1) in Cl( 8, 8) CPU =        0.051 ms (setup)      332.632 (comm)        0.669 (pade)       77.531 (series)      292.950 (mix)        0.090 (add) 
Cl( 2, 2) in Cl( 8, 8) CPU =        0.096 ms (setup)      761.705 (comm)        0.711 (pade)       77.386 (series)      721.611 (mix)        0.088 (add) 
Cl( 3, 2) in Cl( 8, 8) CPU =        1.254 ms (setup)     1127.900 (comm)        0.731 (pade)       77.567 (series)     1087.279 (mix)        0.090 (add) 
Cl( 3, 3) in Cl( 8, 8) CPU =        0.838 ms (setup)     1581.774 (comm)        0.737 (pade)       77.652 (series)     1541.408 (mix)        0.090 (add) 
Cl( 4, 3) in Cl( 8, 8) CPU =        3.659 ms (setup)     1593.180 (comm)        0.963 (pade)       77.452 (series)     1540.999 (mix)        0.092 (add) 
Cl( 4, 4) in Cl( 8, 8) CPU =        3.917 ms (setup)     2256.372 (comm)        0.975 (pade)       78.668 (series)     2192.287 (mix)        0.089 (add) 
Cl( 5, 4) in Cl( 8, 8) CPU =        1.703 ms (setup)     2884.000 (comm)        1.740 (pade)       78.319 (series)     2867.574 (mix)        0.089 (add) 
Cl( 5, 5) in Cl( 8, 8) CPU =        3.901 ms (setup)     3481.260 (comm)        1.750 (pade)       77.372 (series)     3412.537 (mix)        0.089 (add) 
Cl( 6, 5) in Cl( 8, 8) CPU =        6.528 ms (setup)     4312.998 (comm)       12.601 (pade)       77.415 (series)     4243.765 (mix)        0.089 (add) 
Cl( 6, 6) in Cl( 8, 8) CPU =        9.194 ms (setup)     4626.190 (comm)       12.787 (pade)       77.119 (series)     4577.140 (mix)        0.101 (add) 
Cl( 7, 6) in Cl( 8, 8) CPU =       23.372 ms (setup)     5185.716 (comm)       18.847 (pade)       77.520 (series)     5128.863 (mix)        0.090 (add) 
Cl( 7, 7) in Cl( 8, 8) CPU =       43.470 ms (setup)     6334.944 (comm)       18.739 (pade)       77.522 (series)     6301.596 (mix)        0.092 (add) 
Cl( 8, 7) in Cl( 8, 8) CPU =      103.344 ms (setup)     7548.143 (comm)       31.011 (pade)       77.749 (series)     7552.180 (mix)        0.091 (add) 
Cl( 8, 8) in Cl( 8, 8) CPU =       50.803 ms (setup)     7882.119 (comm)       31.149 (pade)       78.819 (series)     7836.235 (mix)        0.229 (add) 
Fill: 1
Cl( 1, 0) in Cl( 1, 0) CPU =        0.002 ms (setup)        0.005 (comm)        0.002 (pade)        0.001 (series)        0.004 (mix)        0.000 (add) 
Cl( 1, 1) in Cl( 1, 1) CPU =        0.002 ms (setup)        0.007 (comm)        0.001 (pade)        0.001 (series)        0.007 (mix)        0.001 (add) 
Cl( 2, 1) in Cl( 2, 1) CPU =        0.003 ms (setup)        0.025 (comm)        0.003 (pade)        0.001 (series)        0.024 (mix)        0.001 (add) 
Cl( 2, 2) in Cl( 2, 2) CPU =        0.005 ms (setup)        0.039 (comm)        0.002 (pade)        0.001 (series)        0.041 (mix)        0.001 (add) 
Cl( 3, 2) in Cl( 3, 2) CPU =        0.012 ms (setup)        0.167 (comm)        0.005 (pade)        0.004 (series)        0.167 (mix)        0.001 (add) 
Cl( 3, 3) in Cl( 3, 3) CPU =        0.024 ms (setup)        0.272 (comm)        0.005 (pade)        0.004 (series)        0.272 (mix)        0.001 (add) 
Cl( 4, 3) in Cl( 4, 3) CPU =        0.069 ms (setup)        1.456 (comm)        0.018 (pade)        0.024 (series)        1.427 (mix)        0.001 (add) 
Cl( 4, 4) in Cl( 4, 4) CPU =        0.129 ms (setup)        2.113 (comm)        0.019 (pade)        0.024 (series)        2.099 (mix)        0.001 (add) 
Cl( 5, 4) in Cl( 5, 4) CPU =        0.330 ms (setup)       11.116 (comm)        0.089 (pade)        0.163 (series)       10.990 (mix)        0.001 (add) 
Cl( 5, 5) in Cl( 5, 5) CPU =        0.671 ms (setup)       15.116 (comm)        0.090 (pade)        0.158 (series)       15.046 (mix)        0.001 (add) 
Cl( 6, 5) in Cl( 6, 5) CPU =        1.711 ms (setup)       93.811 (comm)        0.566 (pade)        1.234 (series)       91.900 (mix)        0.005 (add) 
Cl( 6, 6) in Cl( 6, 6) CPU =        3.481 ms (setup)      116.892 (comm)        0.568 (pade)        1.231 (series)      116.183 (mix)        0.005 (add) 
Cl( 7, 6) in Cl( 7, 6) CPU =        8.410 ms (setup)      835.275 (comm)        4.096 (pade)        9.752 (series)      829.529 (mix)        0.041 (add) 
Cl( 7, 7) in Cl( 7, 7) CPU =       16.814 ms (setup)     1001.461 (comm)        4.104 (pade)        9.806 (series)      995.572 (mix)        0.019 (add) 
Cl( 8, 7) in Cl( 8, 7) CPU =       46.073 ms (setup)     8173.597 (comm)       32.400 (pade)       77.580 (series)     8030.375 (mix)        0.088 (add) 
Cl( 8, 8) in Cl( 8, 8) CPU =       89.645 ms (setup)     9242.317 (comm)       32.162 (pade)       77.627 (series)     9186.889 (mix)        0.159 (add) 
Cl( 1, 0) in Cl( 8, 8) CPU =        0.018 ms (setup)      156.337 (comm)        0.654 (pade)       77.345 (series)      115.699 (mix)        0.110 (add) 
Cl( 1, 1) in Cl( 8, 8) CPU =        0.034 ms (setup)      312.100 (comm)        0.646 (pade)       78.129 (series)      272.697 (mix)        0.087 (add) 
Cl( 2, 1) in Cl( 8, 8) CPU =        0.073 ms (setup)      549.037 (comm)        0.678 (pade)       77.416 (series)      504.059 (mix)        0.086 (add) 
Cl( 2, 2) in Cl( 8, 8) CPU =        3.486 ms (setup)      856.793 (comm)        0.678 (pade)       77.480 (series)      816.875 (mix)        0.087 (add) 
Cl( 3, 2) in Cl( 8, 8) CPU =        3.630 ms (setup)     1247.719 (comm)        0.733 (pade)       77.458 (series)     1206.188 (mix)        0.088 (add) 
Cl( 3, 3) in Cl( 8, 8) CPU =        3.629 ms (setup)     1715.334 (comm)        0.725 (pade)       77.341 (series)     1667.812 (mix)        0.091 (add) 
Cl( 4, 3) in Cl( 8, 8) CPU =        3.916 ms (setup)     2263.399 (comm)        0.953 (pade)       76.724 (series)     2220.293 (mix)        0.091 (add) 
Cl( 4, 4) in Cl( 8, 8) CPU =        1.262 ms (setup)     2877.371 (comm)        0.950 (pade)       77.151 (series)     2863.437 (mix)        0.095 (add) 
Cl( 5, 4) in Cl( 8, 8) CPU =        4.841 ms (setup)     3553.945 (comm)        1.752 (pade)       77.468 (series)     3506.178 (mix)        0.089 (add) 
Cl( 5, 5) in Cl( 8, 8) CPU =        4.643 ms (setup)     4203.699 (comm)        1.738 (pade)       77.413 (series)     4155.475 (mix)        0.088 (add) 
Cl( 6, 5) in Cl( 8, 8) CPU =        6.804 ms (setup)     4883.405 (comm)       12.627 (pade)       77.454 (series)     4821.852 (mix)        0.091 (add) 
Cl( 6, 6) in Cl( 8, 8) CPU =       13.976 ms (setup)     5516.797 (comm)       12.617 (pade)       77.650 (series)     5488.277 (mix)        0.092 (add) 
Cl( 7, 6) in Cl( 8, 8) CPU =       30.994 ms (setup)     6302.052 (comm)       18.933 (pade)       77.779 (series)     6276.298 (mix)        0.090 (add) 
Cl( 7, 7) in Cl( 8, 8) CPU =       56.308 ms (setup)     7044.709 (comm)       18.867 (pade)       77.677 (series)     6997.266 (mix)        0.089 (add) 
Cl( 8, 7) in Cl( 8, 8) CPU =      137.896 ms (setup)     8294.296 (comm)       31.369 (pade)       77.602 (series)     8241.857 (mix)        0.095 (add) 
Cl( 8, 8) in Cl( 8, 8) CPU =       89.236 ms (setup)     9248.585 (comm)       31.326 (pade)       79.001 (series)     9179.745 (mix)        0.151 (add) 
