
framed_multi<double>
Clifford algebra squaring test:
Fill: 0.5
Cl( 1, 0) in Cl( 1, 0) CPU =        0.047 ms (setup)        0.016 (*) 
Cl( 1, 1) in Cl( 1, 1) CPU =        0.001 ms (setup)        0.001 (*) 
Cl( 2, 1) in Cl( 2, 1) CPU =        0.001 ms (setup)        0.002 (*) 
Cl( 2, 2) in Cl( 2, 2) CPU =        0.001 ms (setup)        0.003 (*) 
Cl( 3, 2) in Cl( 3, 2) CPU =        0.001 ms (setup)        0.006 (*) 
Cl( 3, 3) in Cl( 3, 3) CPU =        0.003 ms (setup)        0.015 (*) 
Cl( 4, 3) in Cl( 4, 3) CPU =        0.007 ms (setup)        0.034 (*) 
Cl( 4, 4) in Cl( 4, 4) CPU =        0.013 ms (setup)        0.286 (*) 
Cl( 5, 4) in Cl( 5, 4) CPU =        0.029 ms (setup)        0.650 (*) 
Cl( 5, 5) in Cl( 5, 5) CPU =        0.058 ms (setup)        0.835 (*) 
Cl( 6, 5) in Cl( 6, 5) CPU =        0.115 ms (setup)        3.027 (*) 
Cl( 6, 6) in Cl( 6, 6) CPU =        0.231 ms (setup)        4.060 (*) 
Cl( 7, 6) in Cl( 7, 6) CPU =        0.468 ms (setup)       14.522 (*) 
Cl( 7, 7) in Cl( 7, 7) CPU =        0.952 ms (setup)       19.993 (*) 
Cl( 8, 7) in Cl( 8, 7) CPU =        1.932 ms (setup)       72.248 (*) 
Cl( 8, 8) in Cl( 8, 8) CPU =        3.953 ms (setup)      100.414 (*) 
Cl( 9, 8) in Cl( 9, 8) CPU =        8.169 ms (setup)      269.332 (*) 
Cl( 9, 9) in Cl( 9, 9) CPU =       16.832 ms (setup)      533.332 (*) 
Cl(10, 9) in Cl(10, 9) CPU =       35.252 ms (setup)     2066.813 (*) 
Cl(10,10) in Cl(10,10) CPU =       75.435 ms (setup)     3034.927 (*) 
Cl(11,10) in Cl(11,10) CPU =      147.287 ms (setup)    12379.886 (*) 
Cl(11,11) in Cl(11,11) CPU =      291.723 ms (setup)    18772.092 (*) 
Fill: 1
Cl( 1, 0) in Cl( 1, 0) CPU =        0.021 ms (setup)        0.004 (*) 
Cl( 1, 1) in Cl( 1, 1) CPU =        0.001 ms (setup)        0.002 (*) 
Cl( 2, 1) in Cl( 2, 1) CPU =        0.001 ms (setup)        0.002 (*) 
Cl( 2, 2) in Cl( 2, 2) CPU =        0.002 ms (setup)        0.004 (*) 
Cl( 3, 2) in Cl( 3, 2) CPU =        0.003 ms (setup)        0.009 (*) 
Cl( 3, 3) in Cl( 3, 3) CPU =        0.005 ms (setup)        0.023 (*) 
Cl( 4, 3) in Cl( 4, 3) CPU =        0.010 ms (setup)        0.068 (*) 
Cl( 4, 4) in Cl( 4, 4) CPU =        0.020 ms (setup)        0.241 (*) 
Cl( 5, 4) in Cl( 5, 4) CPU =        0.041 ms (setup)        0.743 (*) 
Cl( 5, 5) in Cl( 5, 5) CPU =        0.085 ms (setup)        1.066 (*) 
Cl( 6, 5) in Cl( 6, 5) CPU =        0.169 ms (setup)        3.606 (*) 
Cl( 6, 6) in Cl( 6, 6) CPU =        0.343 ms (setup)        5.374 (*) 
Cl( 7, 6) in Cl( 7, 6) CPU =        0.700 ms (setup)       17.900 (*) 
Cl( 7, 7) in Cl( 7, 7) CPU =        1.433 ms (setup)       27.219 (*) 
Cl( 8, 7) in Cl( 8, 7) CPU =        2.851 ms (setup)       92.155 (*) 
Cl( 8, 8) in Cl( 8, 8) CPU =        5.923 ms (setup)      143.618 (*) 
Cl( 9, 8) in Cl( 9, 8) CPU =       12.879 ms (setup)      388.567 (*) 
Cl( 9, 9) in Cl( 9, 9) CPU =       26.961 ms (setup)      800.790 (*) 
Cl(10, 9) in Cl(10, 9) CPU =       59.342 ms (setup)     2850.671 (*) 
Cl(10,10) in Cl(10,10) CPU =      126.044 ms (setup)     4805.727 (*) 
Cl(11,10) in Cl(11,10) CPU =      250.675 ms (setup)    17857.722 (*) 
Cl(11,11) in Cl(11,11) CPU =      480.391 ms (setup)    31192.829 (*) 

matrix_multi<double>
Clifford algebra squaring test:
Fill: 0.5
Cl( 1, 0) in Cl( 1, 0) CPU =        0.003 ms (setup)        0.002 (*) 
Cl( 1, 1) in Cl( 1, 1) CPU =        0.036 ms (setup)        0.000 (*) 
Cl( 2, 1) in Cl( 2, 1) CPU =        0.010 ms (setup)        0.001 (*) 
Cl( 2, 2) in Cl( 2, 2) CPU =        0.009 ms (setup)        0.000 (*) 
Cl( 3, 2) in Cl( 3, 2) CPU =        0.018 ms (setup)        0.003 (*) 
Cl( 3, 3) in Cl( 3, 3) CPU =        0.021 ms (setup)        0.001 (*) 
Cl( 4, 3) in Cl( 4, 3) CPU =        0.028 ms (setup)        0.001 (*) 
Cl( 4, 4) in Cl( 4, 4) CPU =        0.052 ms (setup)        0.001 (*) 
Cl( 5, 4) in Cl( 5, 4) CPU =        0.130 ms (setup)        0.004 (*) 
Cl( 5, 5) in Cl( 5, 5) CPU =        0.234 ms (setup)        0.004 (*) 
Cl( 6, 5) in Cl( 6, 5) CPU =        0.572 ms (setup)        0.018 (*) 
Cl( 6, 6) in Cl( 6, 6) CPU =        1.139 ms (setup)        0.017 (*) 
Cl( 7, 6) in Cl( 7, 6) CPU =        2.655 ms (setup)        0.111 (*) 
Cl( 7, 7) in Cl( 7, 7) CPU =        5.326 ms (setup)        0.110 (*) 
Cl( 8, 7) in Cl( 8, 7) CPU =       12.680 ms (setup)        0.761 (*) 
Cl( 8, 8) in Cl( 8, 8) CPU =       25.687 ms (setup)        0.758 (*) 
Cl( 9, 8) in Cl( 9, 8) CPU =       63.611 ms (setup)        5.696 (*) 
Cl( 9, 9) in Cl( 9, 9) CPU =      127.056 ms (setup)        5.733 (*) 
Cl(10, 9) in Cl(10, 9) CPU =      330.835 ms (setup)       44.091 (*) 
Cl(10,10) in Cl(10,10) CPU =      675.243 ms (setup)       44.085 (*) 
Cl(11,10) in Cl(11,10) CPU =     1880.108 ms (setup)      349.110 (*) 
Cl(11,11) in Cl(11,11) CPU =     3866.290 ms (setup)      352.844 (*) 
Fill: 1
Cl( 1, 0) in Cl( 1, 0) CPU =        0.013 ms (setup)        0.002 (*) 
Cl( 1, 1) in Cl( 1, 1) CPU =        0.005 ms (setup)        0.001 (*) 
Cl( 2, 1) in Cl( 2, 1) CPU =        0.005 ms (setup)        0.001 (*) 
Cl( 2, 2) in Cl( 2, 2) CPU =        0.009 ms (setup)        0.001 (*) 
Cl( 3, 2) in Cl( 3, 2) CPU =        0.014 ms (setup)        0.002 (*) 
Cl( 3, 3) in Cl( 3, 3) CPU =        0.016 ms (setup)        0.000 (*) 
Cl( 4, 3) in Cl( 4, 3) CPU =        0.042 ms (setup)        0.002 (*) 
Cl( 4, 4) in Cl( 4, 4) CPU =        0.076 ms (setup)        0.001 (*) 
Cl( 5, 4) in Cl( 5, 4) CPU =        0.189 ms (setup)        0.004 (*) 
Cl( 5, 5) in Cl( 5, 5) CPU =        0.364 ms (setup)        0.004 (*) 
Cl( 6, 5) in Cl( 6, 5) CPU =        0.885 ms (setup)        0.017 (*) 
Cl( 6, 6) in Cl( 6, 6) CPU =        1.777 ms (setup)        0.017 (*) 
Cl( 7, 6) in Cl( 7, 6) CPU =        4.371 ms (setup)        0.110 (*) 
Cl( 7, 7) in Cl( 7, 7) CPU =        8.829 ms (setup)        0.109 (*) 
Cl( 8, 7) in Cl( 8, 7) CPU =       21.905 ms (setup)        0.759 (*) 
Cl( 8, 8) in Cl( 8, 8) CPU =       44.682 ms (setup)        0.759 (*) 
Cl( 9, 8) in Cl( 9, 8) CPU =      116.572 ms (setup)        5.721 (*) 
Cl( 9, 9) in Cl( 9, 9) CPU =      239.578 ms (setup)        5.724 (*) 
Cl(10, 9) in Cl(10, 9) CPU =      666.170 ms (setup)       44.094 (*) 
Cl(10,10) in Cl(10,10) CPU =     1392.084 ms (setup)       44.108 (*) 
Cl(11,10) in Cl(11,10) CPU =     4120.152 ms (setup)      351.541 (*) 
Cl(11,11) in Cl(11,11) CPU =     8648.693 ms (setup)      351.859 (*) 
