
framed_multi<float,-4,4>
Clifford algebra expressions test:
Fill: 0.5
Cl( 1, 0) in Cl( 1, 0) CPU =        0.001 ms (setup)        0.002 (comm)        0.010 (pade)        0.003 (series)        0.001 (mix)        0.003 (add) 
Cl( 1, 1) in Cl( 1, 1) CPU =        0.001 ms (setup)        0.001 (comm)        0.002 (pade)        0.001 (series)        0.000 (mix)        0.001 (add) 
Cl( 2, 1) in Cl( 2, 1) CPU =        0.001 ms (setup)        0.004 (comm)        0.005 (pade)        0.004 (series)        0.001 (mix)        0.001 (add) 
Cl( 2, 2) in Cl( 2, 2) CPU =        0.001 ms (setup)        0.005 (comm)        0.006 (pade)        0.006 (series)        0.002 (mix)        0.001 (add) 
Cl( 3, 2) in Cl( 3, 2) CPU =        0.003 ms (setup)        0.013 (comm)        0.029 (pade)        0.011 (series)        0.004 (mix)        0.003 (add) 
Cl( 3, 3) in Cl( 3, 3) CPU =        0.007 ms (setup)        0.027 (comm)        0.036 (pade)        0.043 (series)        0.007 (mix)        0.005 (add) 
Cl( 4, 3) in Cl( 4, 3) CPU =        0.013 ms (setup)        0.071 (comm)        0.144 (pade)        0.116 (series)        0.022 (mix)        0.011 (add) 
Cl( 4, 4) in Cl( 4, 4) CPU =        0.026 ms (setup)        0.434 (comm)        0.199 (pade)        0.743 (series)        0.085 (mix)        0.026 (add) 
Cl( 1, 0) in Cl( 4, 4) CPU =        0.001 ms (setup)        0.001 (comm)        0.002 (pade)        0.001 (series)        0.000 (mix)        0.001 (add) 
Cl( 1, 1) in Cl( 4, 4) CPU =        0.001 ms (setup)        0.002 (comm)        0.002 (pade)        0.001 (series)        0.000 (mix)        0.001 (add) 
Cl( 2, 1) in Cl( 4, 4) CPU =        0.001 ms (setup)        0.003 (comm)        0.005 (pade)        0.004 (series)        0.001 (mix)        0.001 (add) 
Cl( 2, 2) in Cl( 4, 4) CPU =        0.002 ms (setup)        0.005 (comm)        0.005 (pade)        0.006 (series)        0.002 (mix)        0.002 (add) 
Cl( 3, 2) in Cl( 4, 4) CPU =        0.003 ms (setup)        0.011 (comm)        0.028 (pade)        0.016 (series)        0.004 (mix)        0.003 (add) 
Cl( 3, 3) in Cl( 4, 4) CPU =        0.007 ms (setup)        0.026 (comm)        0.040 (pade)        0.043 (series)        0.006 (mix)        0.005 (add) 
Cl( 4, 3) in Cl( 4, 4) CPU =        0.013 ms (setup)        0.066 (comm)        0.138 (pade)        0.106 (series)        0.022 (mix)        0.009 (add) 
Cl( 4, 4) in Cl( 4, 4) CPU =        0.026 ms (setup)        0.427 (comm)        0.195 (pade)        0.746 (series)        0.082 (mix)        0.022 (add) 
Fill: 1
Cl( 1, 0) in Cl( 1, 0) CPU =        0.001 ms (setup)        0.002 (comm)        0.002 (pade)        0.011 (series)        0.001 (mix)        0.002 (add) 
Cl( 1, 1) in Cl( 1, 1) CPU =        0.001 ms (setup)        0.003 (comm)        0.002 (pade)        0.003 (series)        0.001 (mix)        0.001 (add) 
Cl( 2, 1) in Cl( 2, 1) CPU =        0.001 ms (setup)        0.003 (comm)        0.005 (pade)        0.004 (series)        0.001 (mix)        0.001 (add) 
Cl( 2, 2) in Cl( 2, 2) CPU =        0.001 ms (setup)        0.006 (comm)        0.007 (pade)        0.007 (series)        0.002 (mix)        0.001 (add) 
Cl( 3, 2) in Cl( 3, 2) CPU =        0.003 ms (setup)        0.015 (comm)        0.028 (pade)        0.021 (series)        0.005 (mix)        0.003 (add) 
Cl( 3, 3) in Cl( 3, 3) CPU =        0.007 ms (setup)        0.042 (comm)        0.041 (pade)        0.061 (series)        0.011 (mix)        0.005 (add) 
Cl( 4, 3) in Cl( 4, 3) CPU =        0.015 ms (setup)        0.123 (comm)        0.151 (pade)        0.190 (series)        0.026 (mix)        0.009 (add) 
Cl( 4, 4) in Cl( 4, 4) CPU =        0.035 ms (setup)        0.486 (comm)        0.212 (pade)        0.829 (series)        0.070 (mix)        0.025 (add) 
Cl( 1, 0) in Cl( 4, 4) CPU =        0.001 ms (setup)        0.002 (comm)        0.002 (pade)        0.002 (series)        0.001 (mix)        0.001 (add) 
Cl( 1, 1) in Cl( 4, 4) CPU =        0.001 ms (setup)        0.002 (comm)        0.002 (pade)        0.003 (series)        0.001 (mix)        0.001 (add) 
Cl( 2, 1) in Cl( 4, 4) CPU =        0.001 ms (setup)        0.003 (comm)        0.005 (pade)        0.004 (series)        0.001 (mix)        0.001 (add) 
Cl( 2, 2) in Cl( 4, 4) CPU =        0.001 ms (setup)        0.006 (comm)        0.007 (pade)        0.007 (series)        0.002 (mix)        0.001 (add) 
Cl( 3, 2) in Cl( 4, 4) CPU =        0.003 ms (setup)        0.015 (comm)        0.028 (pade)        0.021 (series)        0.005 (mix)        0.003 (add) 
Cl( 3, 3) in Cl( 4, 4) CPU =        0.007 ms (setup)        0.042 (comm)        0.041 (pade)        0.061 (series)        0.010 (mix)        0.005 (add) 
Cl( 4, 3) in Cl( 4, 4) CPU =        0.015 ms (setup)        0.122 (comm)        0.153 (pade)        0.189 (series)        0.025 (mix)        0.009 (add) 
Cl( 4, 4) in Cl( 4, 4) CPU =        0.034 ms (setup)        0.485 (comm)        0.211 (pade)        0.827 (series)        0.069 (mix)        0.024 (add) 

matrix_multi<float,-4,4>
Clifford algebra expressions test:
Fill: 0.5
Cl( 1, 0) in Cl( 1, 0) CPU =        0.009 ms (setup)        0.003 (comm)        0.001 (pade)        0.001 (series)        0.002 (mix)        0.001 (add) 
Cl( 1, 1) in Cl( 1, 1) CPU =        0.003 ms (setup)        0.005 (comm)        0.001 (pade)        0.001 (series)        0.004 (mix)        0.000 (add) 
Cl( 2, 1) in Cl( 2, 1) CPU =        0.002 ms (setup)        0.019 (comm)        0.001 (pade)        0.001 (series)        0.017 (mix)        0.001 (add) 
Cl( 2, 2) in Cl( 2, 2) CPU =        0.003 ms (setup)        0.029 (comm)        0.001 (pade)        0.001 (series)        0.026 (mix)        0.001 (add) 
Cl( 3, 2) in Cl( 3, 2) CPU =        0.013 ms (setup)        0.112 (comm)        0.002 (pade)        0.001 (series)        0.106 (mix)        0.001 (add) 
Cl( 3, 3) in Cl( 3, 3) CPU =        0.022 ms (setup)        0.179 (comm)        0.002 (pade)        0.001 (series)        0.172 (mix)        0.001 (add) 
Cl( 4, 3) in Cl( 4, 3) CPU =        0.051 ms (setup)        0.866 (comm)        0.005 (pade)        0.003 (series)        0.837 (mix)        0.000 (add) 
Cl( 4, 4) in Cl( 4, 4) CPU =        0.103 ms (setup)        1.342 (comm)        0.005 (pade)        0.003 (series)        1.313 (mix)        0.001 (add) 
Cl( 1, 0) in Cl( 4, 4) CPU =        0.003 ms (setup)        0.015 (comm)        0.005 (pade)        0.003 (series)        0.014 (mix)        0.001 (add) 
Cl( 1, 1) in Cl( 4, 4) CPU =        0.003 ms (setup)        0.022 (comm)        0.005 (pade)        0.002 (series)        0.020 (mix)        0.000 (add) 
Cl( 2, 1) in Cl( 4, 4) CPU =        0.006 ms (setup)        0.051 (comm)        0.004 (pade)        0.003 (series)        0.049 (mix)        0.001 (add) 
Cl( 2, 2) in Cl( 4, 4) CPU =        0.010 ms (setup)        0.065 (comm)        0.004 (pade)        0.002 (series)        0.062 (mix)        0.001 (add) 
Cl( 3, 2) in Cl( 4, 4) CPU =        0.044 ms (setup)        0.197 (comm)        0.005 (pade)        0.002 (series)        0.189 (mix)        0.000 (add) 
Cl( 3, 3) in Cl( 4, 4) CPU =        0.072 ms (setup)        0.283 (comm)        0.004 (pade)        0.002 (series)        0.269 (mix)        0.001 (add) 
Cl( 4, 3) in Cl( 4, 4) CPU =        0.185 ms (setup)        0.822 (comm)        0.005 (pade)        0.002 (series)        0.798 (mix)        0.001 (add) 
Cl( 4, 4) in Cl( 4, 4) CPU =        0.103 ms (setup)        1.377 (comm)        0.005 (pade)        0.003 (series)        1.357 (mix)        0.000 (add) 
Fill: 1
Cl( 1, 0) in Cl( 1, 0) CPU =        0.001 ms (setup)        0.005 (comm)        0.001 (pade)        0.003 (series)        0.004 (mix)        0.001 (add) 
Cl( 1, 1) in Cl( 1, 1) CPU =        0.001 ms (setup)        0.007 (comm)        0.001 (pade)        0.001 (series)        0.007 (mix)        0.000 (add) 
Cl( 2, 1) in Cl( 2, 1) CPU =        0.001 ms (setup)        0.022 (comm)        0.001 (pade)        0.001 (series)        0.022 (mix)        0.001 (add) 
Cl( 2, 2) in Cl( 2, 2) CPU =        0.005 ms (setup)        0.036 (comm)        0.001 (pade)        0.001 (series)        0.034 (mix)        0.000 (add) 
Cl( 3, 2) in Cl( 3, 2) CPU =        0.013 ms (setup)        0.138 (comm)        0.002 (pade)        0.002 (series)        0.133 (mix)        0.001 (add) 
Cl( 3, 3) in Cl( 3, 3) CPU =        0.025 ms (setup)        0.220 (comm)        0.002 (pade)        0.001 (series)        0.214 (mix)        0.001 (add) 
Cl( 4, 3) in Cl( 4, 3) CPU =        0.067 ms (setup)        0.987 (comm)        0.005 (pade)        0.003 (series)        0.970 (mix)        0.000 (add) 
Cl( 4, 4) in Cl( 4, 4) CPU =        0.132 ms (setup)        1.542 (comm)        0.005 (pade)        0.003 (series)        1.520 (mix)        0.001 (add) 
Cl( 1, 0) in Cl( 4, 4) CPU =        0.003 ms (setup)        0.033 (comm)        0.005 (pade)        0.002 (series)        0.030 (mix)        0.001 (add) 
Cl( 1, 1) in Cl( 4, 4) CPU =        0.003 ms (setup)        0.044 (comm)        0.004 (pade)        0.002 (series)        0.043 (mix)        0.001 (add) 
Cl( 2, 1) in Cl( 4, 4) CPU =        0.007 ms (setup)        0.065 (comm)        0.004 (pade)        0.002 (series)        0.064 (mix)        0.001 (add) 
Cl( 2, 2) in Cl( 4, 4) CPU =        0.019 ms (setup)        0.098 (comm)        0.004 (pade)        0.002 (series)        0.095 (mix)        0.001 (add) 
Cl( 3, 2) in Cl( 4, 4) CPU =        0.046 ms (setup)        0.211 (comm)        0.004 (pade)        0.002 (series)        0.206 (mix)        0.001 (add) 
Cl( 3, 3) in Cl( 4, 4) CPU =        0.086 ms (setup)        0.332 (comm)        0.005 (pade)        0.002 (series)        0.326 (mix)        0.001 (add) 
Cl( 4, 3) in Cl( 4, 4) CPU =        0.227 ms (setup)        1.040 (comm)        0.005 (pade)        0.002 (series)        1.026 (mix)        0.001 (add) 
Cl( 4, 4) in Cl( 4, 4) CPU =        0.133 ms (setup)        1.540 (comm)        0.005 (pade)        0.003 (series)        1.529 (mix)        0.001 (add) 

framed_multi<double>
Clifford algebra expressions test:
Fill: 0.5
Cl( 1, 0) in Cl( 1, 0) CPU =        0.001 ms (setup)        0.002 (comm)        0.010 (pade)        0.003 (series)        0.001 (mix)        0.002 (add) 
Cl( 1, 1) in Cl( 1, 1) CPU =        0.001 ms (setup)        0.001 (comm)        0.003 (pade)        0.001 (series)        0.001 (mix)        0.001 (add) 
Cl( 2, 1) in Cl( 2, 1) CPU =        0.001 ms (setup)        0.004 (comm)        0.005 (pade)        0.004 (series)        0.002 (mix)        0.001 (add) 
Cl( 2, 2) in Cl( 2, 2) CPU =        0.002 ms (setup)        0.006 (comm)        0.006 (pade)        0.007 (series)        0.002 (mix)        0.001 (add) 
Cl( 3, 2) in Cl( 3, 2) CPU =        0.003 ms (setup)        0.013 (comm)        0.029 (pade)        0.013 (series)        0.004 (mix)        0.002 (add) 
Cl( 3, 3) in Cl( 3, 3) CPU =        0.007 ms (setup)        0.037 (comm)        0.036 (pade)        0.049 (series)        0.009 (mix)        0.003 (add) 
Cl( 4, 3) in Cl( 4, 3) CPU =        0.013 ms (setup)        0.098 (comm)        0.134 (pade)        0.135 (series)        0.032 (mix)        0.005 (add) 
Cl( 4, 4) in Cl( 4, 4) CPU =        0.026 ms (setup)        0.434 (comm)        0.183 (pade)        0.693 (series)        0.098 (mix)        0.009 (add) 
Cl( 5, 4) in Cl( 5, 4) CPU =        0.052 ms (setup)        1.484 (comm)        1.181 (pade)        2.478 (series)        0.283 (mix)        0.017 (add) 
Cl( 5, 5) in Cl( 5, 5) CPU =        0.108 ms (setup)        2.531 (comm)        1.472 (pade)        3.542 (series)        0.816 (mix)        0.034 (add) 
Cl( 6, 5) in Cl( 6, 5) CPU =        0.227 ms (setup)        8.378 (comm)        3.873 (pade)       12.706 (series)        2.270 (mix)        0.076 (add) 
Cl( 6, 6) in Cl( 6, 6) CPU =        0.465 ms (setup)       14.959 (comm)        5.234 (pade)       18.075 (series)        6.579 (mix)        0.153 (add) 
Cl( 7, 6) in Cl( 7, 6) CPU =        0.947 ms (setup)       49.279 (comm)       16.693 (pade)       64.264 (series)       19.152 (mix)        0.326 (add) 
Cl( 7, 7) in Cl( 7, 7) CPU =        1.954 ms (setup)       98.082 (comm)       23.383 (pade)       91.216 (series)       56.790 (mix)        0.659 (add) 
Cl( 8, 7) in Cl( 8, 7) CPU =        3.897 ms (setup)      310.707 (comm)       83.058 (pade)      315.055 (series)      164.835 (mix)        1.419 (add) 
Cl( 8, 8) in Cl( 8, 8) CPU =        7.918 ms (setup)      703.628 (comm)      119.394 (pade)      456.945 (series)      499.208 (mix)        2.970 (add) 
Cl( 1, 0) in Cl( 8, 8) CPU =        0.001 ms (setup)        0.001 (comm)        0.003 (pade)        0.002 (series)        0.001 (mix)        0.001 (add) 
Cl( 1, 1) in Cl( 8, 8) CPU =        0.001 ms (setup)        0.001 (comm)        0.002 (pade)        0.001 (series)        0.000 (mix)        0.001 (add) 
Cl( 2, 1) in Cl( 8, 8) CPU =        0.001 ms (setup)        0.004 (comm)        0.006 (pade)        0.003 (series)        0.001 (mix)        0.001 (add) 
Cl( 2, 2) in Cl( 8, 8) CPU =        0.002 ms (setup)        0.006 (comm)        0.006 (pade)        0.007 (series)        0.001 (mix)        0.001 (add) 
Cl( 3, 2) in Cl( 8, 8) CPU =        0.003 ms (setup)        0.011 (comm)        0.019 (pade)        0.011 (series)        0.003 (mix)        0.001 (add) 
Cl( 3, 3) in Cl( 8, 8) CPU =        0.007 ms (setup)        0.034 (comm)        0.036 (pade)        0.047 (series)        0.008 (mix)        0.003 (add) 
Cl( 4, 3) in Cl( 8, 8) CPU =        0.013 ms (setup)        0.094 (comm)        0.132 (pade)        0.132 (series)        0.029 (mix)        0.005 (add) 
Cl( 4, 4) in Cl( 8, 8) CPU =        0.027 ms (setup)        0.428 (comm)        0.180 (pade)        0.683 (series)        0.102 (mix)        0.009 (add) 
Cl( 5, 4) in Cl( 8, 8) CPU =        0.053 ms (setup)        1.490 (comm)        1.171 (pade)        2.452 (series)        0.290 (mix)        0.017 (add) 
Cl( 5, 5) in Cl( 8, 8) CPU =        0.106 ms (setup)        2.425 (comm)        1.447 (pade)        3.482 (series)        0.763 (mix)        0.033 (add) 
Cl( 6, 5) in Cl( 8, 8) CPU =        0.224 ms (setup)        8.269 (comm)        3.795 (pade)       12.616 (series)        2.256 (mix)        0.074 (add) 
Cl( 6, 6) in Cl( 8, 8) CPU =        0.459 ms (setup)       14.802 (comm)        5.169 (pade)       17.907 (series)        6.523 (mix)        0.148 (add) 
Cl( 7, 6) in Cl( 8, 8) CPU =        0.950 ms (setup)       49.335 (comm)       16.577 (pade)       64.145 (series)       19.240 (mix)        0.323 (add) 
Cl( 7, 7) in Cl( 8, 8) CPU =        1.962 ms (setup)       98.481 (comm)       23.445 (pade)       91.383 (series)       56.922 (mix)        0.663 (add) 
Cl( 8, 7) in Cl( 8, 8) CPU =        3.919 ms (setup)      314.416 (comm)       83.091 (pade)      315.217 (series)      168.417 (mix)        1.412 (add) 
Cl( 8, 8) in Cl( 8, 8) CPU =        7.896 ms (setup)      700.703 (comm)      119.008 (pade)      456.922 (series)      496.200 (mix)        2.921 (add) 
Fill: 1
Cl( 1, 0) in Cl( 1, 0) CPU =        0.001 ms (setup)        0.003 (comm)        0.003 (pade)        0.003 (series)        0.001 (mix)        0.002 (add) 
Cl( 1, 1) in Cl( 1, 1) CPU =        0.001 ms (setup)        0.003 (comm)        0.002 (pade)        0.004 (series)        0.001 (mix)        0.001 (add) 
Cl( 2, 1) in Cl( 2, 1) CPU =        0.001 ms (setup)        0.004 (comm)        0.007 (pade)        0.005 (series)        0.001 (mix)        0.001 (add) 
Cl( 2, 2) in Cl( 2, 2) CPU =        0.002 ms (setup)        0.007 (comm)        0.008 (pade)        0.009 (series)        0.003 (mix)        0.001 (add) 
Cl( 3, 2) in Cl( 3, 2) CPU =        0.004 ms (setup)        0.019 (comm)        0.028 (pade)        0.025 (series)        0.005 (mix)        0.002 (add) 
Cl( 3, 3) in Cl( 3, 3) CPU =        0.009 ms (setup)        0.054 (comm)        0.040 (pade)        0.072 (series)        0.013 (mix)        0.003 (add) 
Cl( 4, 3) in Cl( 4, 3) CPU =        0.018 ms (setup)        0.160 (comm)        0.146 (pade)        0.227 (series)        0.036 (mix)        0.006 (add) 
Cl( 4, 4) in Cl( 4, 4) CPU =        0.036 ms (setup)        0.504 (comm)        0.202 (pade)        0.781 (series)        0.103 (mix)        0.011 (add) 
Cl( 5, 4) in Cl( 5, 4) CPU =        0.073 ms (setup)        1.681 (comm)        1.244 (pade)        2.732 (series)        0.284 (mix)        0.022 (add) 
Cl( 5, 5) in Cl( 5, 5) CPU =        0.150 ms (setup)        2.839 (comm)        1.573 (pade)        4.042 (series)        0.727 (mix)        0.042 (add) 
Cl( 6, 5) in Cl( 6, 5) CPU =        0.309 ms (setup)        9.223 (comm)        4.266 (pade)       14.403 (series)        1.973 (mix)        0.082 (add) 
Cl( 6, 6) in Cl( 6, 6) CPU =        0.639 ms (setup)       16.259 (comm)        6.066 (pade)       21.645 (series)        5.415 (mix)        0.172 (add) 
Cl( 7, 6) in Cl( 7, 6) CPU =        1.368 ms (setup)       52.541 (comm)       19.014 (pade)       74.205 (series)       15.354 (mix)        0.345 (add) 
Cl( 7, 7) in Cl( 7, 7) CPU =        2.904 ms (setup)      101.052 (comm)       28.570 (pade)      112.584 (series)       44.761 (mix)        0.740 (add) 
Cl( 8, 7) in Cl( 8, 7) CPU =        5.702 ms (setup)      315.145 (comm)       97.594 (pade)      373.009 (series)      129.028 (mix)        1.385 (add) 
Cl( 8, 8) in Cl( 8, 8) CPU =       11.831 ms (setup)      675.535 (comm)      149.684 (pade)      582.204 (series)      385.332 (mix)        3.182 (add) 
Cl( 1, 0) in Cl( 8, 8) CPU =        0.001 ms (setup)        0.003 (comm)        0.003 (pade)        0.004 (series)        0.001 (mix)        0.002 (add) 
Cl( 1, 1) in Cl( 8, 8) CPU =        0.001 ms (setup)        0.003 (comm)        0.003 (pade)        0.003 (series)        0.001 (mix)        0.001 (add) 
Cl( 2, 1) in Cl( 8, 8) CPU =        0.001 ms (setup)        0.004 (comm)        0.005 (pade)        0.005 (series)        0.002 (mix)        0.001 (add) 
Cl( 2, 2) in Cl( 8, 8) CPU =        0.002 ms (setup)        0.007 (comm)        0.007 (pade)        0.009 (series)        0.003 (mix)        0.001 (add) 
Cl( 3, 2) in Cl( 8, 8) CPU =        0.004 ms (setup)        0.018 (comm)        0.029 (pade)        0.024 (series)        0.005 (mix)        0.002 (add) 
Cl( 3, 3) in Cl( 8, 8) CPU =        0.008 ms (setup)        0.054 (comm)        0.040 (pade)        0.072 (series)        0.013 (mix)        0.003 (add) 
Cl( 4, 3) in Cl( 8, 8) CPU =        0.018 ms (setup)        0.164 (comm)        0.146 (pade)        0.228 (series)        0.038 (mix)        0.005 (add) 
Cl( 4, 4) in Cl( 8, 8) CPU =        0.035 ms (setup)        0.507 (comm)        0.201 (pade)        0.782 (series)        0.103 (mix)        0.011 (add) 
Cl( 5, 4) in Cl( 8, 8) CPU =        0.073 ms (setup)        1.694 (comm)        1.243 (pade)        2.732 (series)        0.283 (mix)        0.021 (add) 
Cl( 5, 5) in Cl( 8, 8) CPU =        0.151 ms (setup)        2.837 (comm)        1.580 (pade)        4.027 (series)        0.730 (mix)        0.042 (add) 
Cl( 6, 5) in Cl( 8, 8) CPU =        0.310 ms (setup)        9.201 (comm)        4.250 (pade)       14.433 (series)        1.971 (mix)        0.082 (add) 
Cl( 6, 6) in Cl( 8, 8) CPU =        0.641 ms (setup)       16.271 (comm)        6.089 (pade)       21.633 (series)        5.416 (mix)        0.172 (add) 
Cl( 7, 6) in Cl( 8, 8) CPU =        1.373 ms (setup)       52.514 (comm)       19.027 (pade)       74.192 (series)       15.353 (mix)        0.344 (add) 
Cl( 7, 7) in Cl( 8, 8) CPU =        2.906 ms (setup)      100.990 (comm)       28.540 (pade)      112.460 (series)       44.781 (mix)        0.740 (add) 
Cl( 8, 7) in Cl( 8, 8) CPU =        5.707 ms (setup)      315.101 (comm)       97.478 (pade)      373.206 (series)      129.035 (mix)        1.384 (add) 
Cl( 8, 8) in Cl( 8, 8) CPU =       11.839 ms (setup)      675.517 (comm)      149.674 (pade)      581.976 (series)      385.295 (mix)        3.177 (add) 

matrix_multi<double>
Clifford algebra expressions test:
Fill: 0.5
Cl( 1, 0) in Cl( 1, 0) CPU =        0.003 ms (setup)        0.004 (comm)        0.001 (pade)        0.002 (series)        0.002 (mix)        0.001 (add) 
Cl( 1, 1) in Cl( 1, 1) CPU =        0.005 ms (setup)        0.003 (comm)        0.001 (pade)        0.001 (series)        0.002 (mix)        0.000 (add) 
Cl( 2, 1) in Cl( 2, 1) CPU =        0.002 ms (setup)        0.018 (comm)        0.001 (pade)        0.001 (series)        0.017 (mix)        0.000 (add) 
Cl( 2, 2) in Cl( 2, 2) CPU =        0.003 ms (setup)        0.030 (comm)        0.001 (pade)        0.001 (series)        0.028 (mix)        0.000 (add) 
Cl( 3, 2) in Cl( 3, 2) CPU =        0.014 ms (setup)        0.100 (comm)        0.002 (pade)        0.001 (series)        0.095 (mix)        0.001 (add) 
Cl( 3, 3) in Cl( 3, 3) CPU =        0.021 ms (setup)        0.172 (comm)        0.002 (pade)        0.001 (series)        0.165 (mix)        0.001 (add) 
Cl( 4, 3) in Cl( 4, 3) CPU =        0.054 ms (setup)        0.819 (comm)        0.005 (pade)        0.004 (series)        0.799 (mix)        0.001 (add) 
Cl( 4, 4) in Cl( 4, 4) CPU =        0.103 ms (setup)        1.272 (comm)        0.005 (pade)        0.004 (series)        1.258 (mix)        0.001 (add) 
Cl( 5, 4) in Cl( 5, 4) CPU =        0.249 ms (setup)        5.155 (comm)        0.025 (pade)        0.015 (series)        5.145 (mix)        0.002 (add) 
Cl( 5, 5) in Cl( 5, 5) CPU =        0.487 ms (setup)        7.769 (comm)        0.023 (pade)        0.015 (series)        7.751 (mix)        0.001 (add) 
Cl( 6, 5) in Cl( 6, 5) CPU =        1.136 ms (setup)       29.724 (comm)        0.089 (pade)        0.662 (series)       29.681 (mix)        0.004 (add) 
Cl( 6, 6) in Cl( 6, 6) CPU =        2.299 ms (setup)       42.876 (comm)        0.458 (pade)        0.078 (series)       42.812 (mix)        0.005 (add) 
Cl( 7, 6) in Cl( 7, 6) CPU =        5.468 ms (setup)      203.141 (comm)        1.090 (pade)        0.241 (series)      202.130 (mix)        0.030 (add) 
Cl( 7, 7) in Cl( 7, 7) CPU =       10.918 ms (setup)      271.034 (comm)        1.299 (pade)        0.241 (series)      269.925 (mix)        0.030 (add) 
Cl( 8, 7) in Cl( 8, 7) CPU =       26.019 ms (setup)     1173.793 (comm)        5.349 (pade)        6.065 (series)     1172.265 (mix)        0.121 (add) 
Cl( 8, 8) in Cl( 8, 8) CPU =       52.338 ms (setup)     1500.298 (comm)        5.343 (pade)        6.080 (series)     1507.835 (mix)        0.121 (add) 
Cl( 1, 0) in Cl( 8, 8) CPU =        0.012 ms (setup)        7.354 (comm)        5.152 (pade)        6.101 (series)        4.298 (mix)        0.121 (add) 
Cl( 1, 1) in Cl( 8, 8) CPU =        0.026 ms (setup)       12.994 (comm)        5.213 (pade)        6.072 (series)        9.898 (mix)        0.121 (add) 
Cl( 2, 1) in Cl( 8, 8) CPU =        0.056 ms (setup)       30.276 (comm)        5.285 (pade)        6.400 (series)       27.268 (mix)        0.121 (add) 
Cl( 2, 2) in Cl( 8, 8) CPU =        0.105 ms (setup)       56.214 (comm)        5.290 (pade)        6.035 (series)       53.218 (mix)        0.121 (add) 
Cl( 3, 2) in Cl( 8, 8) CPU =        0.603 ms (setup)       79.599 (comm)        5.387 (pade)        5.891 (series)       76.328 (mix)        0.122 (add) 
Cl( 3, 3) in Cl( 8, 8) CPU =        0.878 ms (setup)      108.785 (comm)        5.350 (pade)        6.045 (series)      105.293 (mix)        0.122 (add) 
Cl( 4, 3) in Cl( 8, 8) CPU =        0.993 ms (setup)      112.757 (comm)        5.349 (pade)        6.051 (series)      109.346 (mix)        0.123 (add) 
Cl( 4, 4) in Cl( 8, 8) CPU =        1.176 ms (setup)      155.758 (comm)        5.358 (pade)        6.069 (series)      152.514 (mix)        0.122 (add) 
Cl( 5, 4) in Cl( 8, 8) CPU =        1.707 ms (setup)      201.922 (comm)        5.344 (pade)        6.338 (series)      198.456 (mix)        0.123 (add) 
Cl( 5, 5) in Cl( 8, 8) CPU =        2.616 ms (setup)      238.817 (comm)        5.373 (pade)        6.491 (series)      235.669 (mix)        0.122 (add) 
Cl( 6, 5) in Cl( 8, 8) CPU =        5.265 ms (setup)      316.762 (comm)        5.374 (pade)        6.468 (series)      313.746 (mix)        0.122 (add) 
Cl( 6, 6) in Cl( 8, 8) CPU =        9.576 ms (setup)      351.541 (comm)        5.353 (pade)        6.045 (series)      348.212 (mix)        0.122 (add) 
Cl( 7, 6) in Cl( 8, 8) CPU =       21.823 ms (setup)      499.199 (comm)        5.375 (pade)        6.140 (series)      495.908 (mix)        0.122 (add) 
Cl( 7, 7) in Cl( 8, 8) CPU =       41.868 ms (setup)      630.651 (comm)        5.340 (pade)        6.128 (series)      627.319 (mix)        0.120 (add) 
Cl( 8, 7) in Cl( 8, 8) CPU =       98.969 ms (setup)     1225.844 (comm)        5.357 (pade)        6.171 (series)     1222.276 (mix)        0.120 (add) 
Cl( 8, 8) in Cl( 8, 8) CPU =       52.241 ms (setup)     1496.836 (comm)        5.363 (pade)        6.099 (series)     1493.560 (mix)        0.121 (add) 
Fill: 1
Cl( 1, 0) in Cl( 1, 0) CPU =        0.002 ms (setup)        0.006 (comm)        0.001 (pade)        0.002 (series)        0.004 (mix)        0.001 (add) 
Cl( 1, 1) in Cl( 1, 1) CPU =        0.001 ms (setup)        0.007 (comm)        0.001 (pade)        0.001 (series)        0.006 (mix)        0.000 (add) 
Cl( 2, 1) in Cl( 2, 1) CPU =        0.003 ms (setup)        0.023 (comm)        0.001 (pade)        0.001 (series)        0.022 (mix)        0.000 (add) 
Cl( 2, 2) in Cl( 2, 2) CPU =        0.005 ms (setup)        0.036 (comm)        0.001 (pade)        0.001 (series)        0.035 (mix)        0.000 (add) 
Cl( 3, 2) in Cl( 3, 2) CPU =        0.013 ms (setup)        0.138 (comm)        0.002 (pade)        0.001 (series)        0.132 (mix)        0.000 (add) 
Cl( 3, 3) in Cl( 3, 3) CPU =        0.026 ms (setup)        0.222 (comm)        0.002 (pade)        0.002 (series)        0.216 (mix)        0.001 (add) 
Cl( 4, 3) in Cl( 4, 3) CPU =        0.072 ms (setup)        0.979 (comm)        0.005 (pade)        0.005 (series)        0.965 (mix)        0.001 (add) 
Cl( 4, 4) in Cl( 4, 4) CPU =        0.138 ms (setup)        1.506 (comm)        0.005 (pade)        0.004 (series)        1.490 (mix)        0.001 (add) 
Cl( 5, 4) in Cl( 5, 4) CPU =        0.357 ms (setup)        5.705 (comm)        0.025 (pade)        0.015 (series)        5.684 (mix)        0.001 (add) 
Cl( 5, 5) in Cl( 5, 5) CPU =        0.707 ms (setup)        8.524 (comm)        0.024 (pade)        0.015 (series)        8.522 (mix)        0.002 (add) 
Cl( 6, 5) in Cl( 6, 5) CPU =        1.729 ms (setup)       32.253 (comm)        0.092 (pade)        0.524 (series)       32.230 (mix)        0.005 (add) 
Cl( 6, 6) in Cl( 6, 6) CPU =        3.569 ms (setup)       45.930 (comm)        0.090 (pade)        0.077 (series)       45.903 (mix)        0.005 (add) 
Cl( 7, 6) in Cl( 7, 6) CPU =        8.882 ms (setup)      218.290 (comm)        1.152 (pade)        1.129 (series)      217.196 (mix)        0.033 (add) 
Cl( 7, 7) in Cl( 7, 7) CPU =       17.932 ms (setup)      292.083 (comm)        1.149 (pade)        0.248 (series)      291.134 (mix)        0.036 (add) 
Cl( 8, 7) in Cl( 8, 7) CPU =       44.752 ms (setup)     1249.399 (comm)        5.354 (pade)        6.083 (series)     1258.943 (mix)        0.120 (add) 
Cl( 8, 8) in Cl( 8, 8) CPU =       91.338 ms (setup)     1637.258 (comm)        5.338 (pade)        6.278 (series)     1629.392 (mix)        0.128 (add) 
Cl( 1, 0) in Cl( 8, 8) CPU =        0.017 ms (setup)       16.736 (comm)        5.233 (pade)        6.059 (series)       13.702 (mix)        0.122 (add) 
Cl( 1, 1) in Cl( 8, 8) CPU =        0.034 ms (setup)       27.666 (comm)        5.228 (pade)        6.030 (series)       24.652 (mix)        0.121 (add) 
Cl( 2, 1) in Cl( 8, 8) CPU =        0.082 ms (setup)       42.967 (comm)        5.352 (pade)        5.710 (series)       39.959 (mix)        0.122 (add) 
Cl( 2, 2) in Cl( 8, 8) CPU =        0.821 ms (setup)       62.693 (comm)        5.300 (pade)        6.040 (series)       59.377 (mix)        0.121 (add) 
Cl( 3, 2) in Cl( 8, 8) CPU =        0.858 ms (setup)       87.362 (comm)        5.323 (pade)        6.020 (series)       84.189 (mix)        0.121 (add) 
Cl( 3, 3) in Cl( 8, 8) CPU =        0.909 ms (setup)      118.403 (comm)        5.339 (pade)        6.035 (series)      115.328 (mix)        0.121 (add) 
Cl( 4, 3) in Cl( 8, 8) CPU =        1.065 ms (setup)      156.423 (comm)        5.365 (pade)        6.331 (series)      152.396 (mix)        0.121 (add) 
Cl( 4, 4) in Cl( 8, 8) CPU =        1.312 ms (setup)      195.569 (comm)        5.329 (pade)        6.051 (series)      192.589 (mix)        0.121 (add) 
Cl( 5, 4) in Cl( 8, 8) CPU =        2.054 ms (setup)      241.635 (comm)        5.349 (pade)        6.312 (series)      237.639 (mix)        0.121 (add) 
Cl( 5, 5) in Cl( 8, 8) CPU =        3.253 ms (setup)      284.464 (comm)        5.365 (pade)        6.067 (series)      281.110 (mix)        0.121 (add) 
Cl( 6, 5) in Cl( 8, 8) CPU =        6.946 ms (setup)      353.403 (comm)        5.376 (pade)        6.059 (series)      350.054 (mix)        0.121 (add) 
Cl( 6, 6) in Cl( 8, 8) CPU =       12.996 ms (setup)      409.439 (comm)        5.352 (pade)        6.053 (series)      405.838 (mix)        0.121 (add) 
Cl( 7, 6) in Cl( 8, 8) CPU =       30.204 ms (setup)      578.317 (comm)        5.361 (pade)        6.348 (series)      575.327 (mix)        0.125 (add) 
Cl( 7, 7) in Cl( 8, 8) CPU =       59.064 ms (setup)      690.912 (comm)        5.358 (pade)        6.079 (series)      686.566 (mix)        0.121 (add) 
Cl( 8, 7) in Cl( 8, 8) CPU =      142.339 ms (setup)     1322.870 (comm)        5.354 (pade)        6.179 (series)     1315.580 (mix)        0.120 (add) 
Cl( 8, 8) in Cl( 8, 8) CPU =       91.353 ms (setup)     1645.791 (comm)        5.349 (pade)        6.101 (series)     1630.029 (mix)        0.126 (add) 
