expressions/expressions
	linux-vdso.so.1 (0x0000ffff5e24c000)
	libflexiblas.so.3 => /lib64/libflexiblas.so.3 (0x0000ffff5dc50000)
	libstdc++.so.6 => /lib64/libstdc++.so.6 (0x0000ffff5d9a0000)
	libm.so.6 => /lib64/libm.so.6 (0x0000ffff5d8d0000)
	libgcc_s.so.1 => /lib64/libgcc_s.so.1 (0x0000ffff5d890000)
	libc.so.6 => /lib64/libc.so.6 (0x0000ffff5d6c0000)
	libgfortran.so.5 => /lib64/libgfortran.so.5 (0x0000ffff5d4f0000)
	/lib/ld-linux-aarch64.so.1 (0x0000ffff5e250000)
gfft_test/gfft_test
	linux-vdso.so.1 (0x0000ffff4b9cc000)
	libflexiblas.so.3 => /lib64/libflexiblas.so.3 (0x0000ffff4b3d0000)
	libstdc++.so.6 => /lib64/libstdc++.so.6 (0x0000ffff4b120000)
	libm.so.6 => /lib64/libm.so.6 (0x0000ffff4b050000)
	libgcc_s.so.1 => /lib64/libgcc_s.so.1 (0x0000ffff4b010000)
	libc.so.6 => /lib64/libc.so.6 (0x0000ffff4ae40000)
	libgfortran.so.5 => /lib64/libgfortran.so.5 (0x0000ffff4ac70000)
	/lib/ld-linux-aarch64.so.1 (0x0000ffff4b9d0000)
products/products
	linux-vdso.so.1 (0x0000ffffa2c8c000)
	libflexiblas.so.3 => /lib64/libflexiblas.so.3 (0x0000ffffa2690000)
	libstdc++.so.6 => /lib64/libstdc++.so.6 (0x0000ffffa23e0000)
	libm.so.6 => /lib64/libm.so.6 (0x0000ffffa2310000)
	libgcc_s.so.1 => /lib64/libgcc_s.so.1 (0x0000ffffa22d0000)
	libc.so.6 => /lib64/libc.so.6 (0x0000ffffa2100000)
	libgfortran.so.5 => /lib64/libgfortran.so.5 (0x0000ffffa1f30000)
	/lib/ld-linux-aarch64.so.1 (0x0000ffffa2c90000)
squaring/squaring
	linux-vdso.so.1 (0x0000fffef5aec000)
	libflexiblas.so.3 => /lib64/libflexiblas.so.3 (0x0000fffef54f0000)
	libstdc++.so.6 => /lib64/libstdc++.so.6 (0x0000fffef5240000)
	libm.so.6 => /lib64/libm.so.6 (0x0000fffef5170000)
	libgcc_s.so.1 => /lib64/libgcc_s.so.1 (0x0000fffef5130000)
	libc.so.6 => /lib64/libc.so.6 (0x0000fffef4f60000)
	libgfortran.so.5 => /lib64/libgfortran.so.5 (0x0000fffef4d90000)
	/lib/ld-linux-aarch64.so.1 (0x0000fffef5af0000)
transforms/transforms
	linux-vdso.so.1 (0x0000ffff0e6cc000)
	libflexiblas.so.3 => /lib64/libflexiblas.so.3 (0x0000ffff0e0d0000)
	libstdc++.so.6 => /lib64/libstdc++.so.6 (0x0000ffff0de20000)
	libm.so.6 => /lib64/libm.so.6 (0x0000ffff0dd50000)
	libgcc_s.so.1 => /lib64/libgcc_s.so.1 (0x0000ffff0dd10000)
	libc.so.6 => /lib64/libc.so.6 (0x0000ffff0db40000)
	libgfortran.so.5 => /lib64/libgfortran.so.5 (0x0000ffff0d970000)
	/lib/ld-linux-aarch64.so.1 (0x0000ffff0e6d0000)
versor/versor
	linux-vdso.so.1 (0x0000ffff5ffbc000)
	libflexiblas.so.3 => /lib64/libflexiblas.so.3 (0x0000ffff5f9c0000)
	libstdc++.so.6 => /lib64/libstdc++.so.6 (0x0000ffff5f710000)
	libm.so.6 => /lib64/libm.so.6 (0x0000ffff5f640000)
	libgcc_s.so.1 => /lib64/libgcc_s.so.1 (0x0000ffff5f600000)
	libc.so.6 => /lib64/libc.so.6 (0x0000ffff5f430000)
	libgfortran.so.5 => /lib64/libgfortran.so.5 (0x0000ffff5f260000)
	/lib/ld-linux-aarch64.so.1 (0x0000ffff5ffc0000)
