
framed_multi<float,-4,4>
Clifford algebra products test:
Fill: 0.5
Cl( 1, 0) in Cl( 1, 0) CPU =        0.001 ms (setup)        0.001 (*)        0.001 (^)        0.000 (&)        0.000 (%) 
Cl( 1, 1) in Cl( 1, 1) CPU =        0.001 ms (setup)        0.001 (*)        0.001 (^)        0.001 (&)        0.001 (%) 
Cl( 2, 1) in Cl( 2, 1) CPU =        0.001 ms (setup)        0.001 (*)        0.001 (^)        0.001 (&)        0.001 (%) 
Cl( 2, 2) in Cl( 2, 2) CPU =        0.001 ms (setup)        0.002 (*)        0.002 (^)        0.001 (&)        0.001 (%) 
Cl( 3, 2) in Cl( 3, 2) CPU =        0.002 ms (setup)        0.004 (*)        0.003 (^)        0.002 (&)        0.002 (%) 
Cl( 3, 3) in Cl( 3, 3) CPU =        0.003 ms (setup)        0.008 (*)        0.007 (^)        0.004 (&)        0.003 (%) 
Cl( 4, 3) in Cl( 4, 3) CPU =        0.007 ms (setup)        0.023 (*)        0.018 (^)        0.010 (&)        0.007 (%) 
Cl( 4, 4) in Cl( 4, 4) CPU =        0.013 ms (setup)        0.166 (*)        0.048 (^)        0.031 (&)        0.016 (%) 
Cl( 1, 0) in Cl( 4, 4) CPU =        0.001 ms (setup)        0.000 (*)        0.001 (^)        0.000 (&)        0.000 (%) 
Cl( 1, 1) in Cl( 4, 4) CPU =        0.001 ms (setup)        0.001 (*)        0.001 (^)        0.001 (&)        0.000 (%) 
Cl( 2, 1) in Cl( 4, 4) CPU =        0.001 ms (setup)        0.001 (*)        0.001 (^)        0.001 (&)        0.001 (%) 
Cl( 2, 2) in Cl( 4, 4) CPU =        0.001 ms (setup)        0.001 (*)        0.001 (^)        0.001 (&)        0.001 (%) 
Cl( 3, 2) in Cl( 4, 4) CPU =        0.002 ms (setup)        0.004 (*)        0.003 (^)        0.002 (&)        0.002 (%) 
Cl( 3, 3) in Cl( 4, 4) CPU =        0.004 ms (setup)        0.007 (*)        0.007 (^)        0.003 (&)        0.003 (%) 
Cl( 4, 3) in Cl( 4, 4) CPU =        0.007 ms (setup)        0.024 (*)        0.016 (^)        0.009 (&)        0.006 (%) 
Cl( 4, 4) in Cl( 4, 4) CPU =        0.013 ms (setup)        0.168 (*)        0.049 (^)        0.029 (&)        0.019 (%) 
Fill: 1
Cl( 1, 0) in Cl( 1, 0) CPU =        0.001 ms (setup)        0.001 (*)        0.002 (^)        0.000 (&)        0.001 (%) 
Cl( 1, 1) in Cl( 1, 1) CPU =        0.000 ms (setup)        0.001 (*)        0.001 (^)        0.001 (&)        0.001 (%) 
Cl( 2, 1) in Cl( 2, 1) CPU =        0.001 ms (setup)        0.001 (*)        0.001 (^)        0.001 (&)        0.001 (%) 
Cl( 2, 2) in Cl( 2, 2) CPU =        0.001 ms (setup)        0.002 (*)        0.002 (^)        0.001 (&)        0.001 (%) 
Cl( 3, 2) in Cl( 3, 2) CPU =        0.002 ms (setup)        0.005 (*)        0.003 (^)        0.003 (&)        0.002 (%) 
Cl( 3, 3) in Cl( 3, 3) CPU =        0.004 ms (setup)        0.015 (*)        0.005 (^)        0.005 (&)        0.004 (%) 
Cl( 4, 3) in Cl( 4, 3) CPU =        0.009 ms (setup)        0.049 (*)        0.013 (^)        0.015 (&)        0.011 (%) 
Cl( 4, 4) in Cl( 4, 4) CPU =        0.019 ms (setup)        0.209 (*)        0.035 (^)        0.038 (&)        0.026 (%) 
Cl( 1, 0) in Cl( 4, 4) CPU =        0.001 ms (setup)        0.001 (*)        0.001 (^)        0.001 (&)        0.001 (%) 
Cl( 1, 1) in Cl( 4, 4) CPU =        0.001 ms (setup)        0.001 (*)        0.001 (^)        0.001 (&)        0.000 (%) 
Cl( 2, 1) in Cl( 4, 4) CPU =        0.001 ms (setup)        0.001 (*)        0.001 (^)        0.001 (&)        0.001 (%) 
Cl( 2, 2) in Cl( 4, 4) CPU =        0.001 ms (setup)        0.002 (*)        0.002 (^)        0.001 (&)        0.001 (%) 
Cl( 3, 2) in Cl( 4, 4) CPU =        0.002 ms (setup)        0.005 (*)        0.003 (^)        0.003 (&)        0.002 (%) 
Cl( 3, 3) in Cl( 4, 4) CPU =        0.005 ms (setup)        0.015 (*)        0.005 (^)        0.005 (&)        0.005 (%) 
Cl( 4, 3) in Cl( 4, 4) CPU =        0.010 ms (setup)        0.049 (*)        0.013 (^)        0.013 (&)        0.010 (%) 
Cl( 4, 4) in Cl( 4, 4) CPU =        0.020 ms (setup)        0.201 (*)        0.035 (^)        0.038 (&)        0.026 (%) 

matrix_multi<float,-4,4>
Clifford algebra products test:
Fill: 0.5
Cl( 1, 0) in Cl( 1, 0) CPU =        0.007 ms (setup)        0.001 (*)        0.003 (^)        0.002 (&)        0.003 (%) 
Cl( 1, 1) in Cl( 1, 1) CPU =        0.003 ms (setup)        0.000 (*)        0.003 (^)        0.002 (&)        0.003 (%) 
Cl( 2, 1) in Cl( 2, 1) CPU =        0.001 ms (setup)        0.001 (*)        0.009 (^)        0.005 (&)        0.007 (%) 
Cl( 2, 2) in Cl( 2, 2) CPU =        0.003 ms (setup)        0.001 (*)        0.013 (^)        0.013 (&)        0.015 (%) 
Cl( 3, 2) in Cl( 3, 2) CPU =        0.010 ms (setup)        0.001 (*)        0.053 (^)        0.056 (&)        0.058 (%) 
Cl( 3, 3) in Cl( 3, 3) CPU =        0.011 ms (setup)        0.000 (*)        0.084 (^)        0.086 (&)        0.091 (%) 
Cl( 4, 3) in Cl( 4, 3) CPU =        0.025 ms (setup)        0.001 (*)        0.345 (^)        0.374 (&)        0.377 (%) 
Cl( 4, 4) in Cl( 4, 4) CPU =        0.052 ms (setup)        0.001 (*)        0.657 (^)        0.645 (&)        0.667 (%) 
Cl( 1, 0) in Cl( 4, 4) CPU =        0.002 ms (setup)        0.001 (*)        0.009 (^)        0.006 (&)        0.009 (%) 
Cl( 1, 1) in Cl( 4, 4) CPU =        0.003 ms (setup)        0.001 (*)        0.015 (^)        0.013 (&)        0.016 (%) 
Cl( 2, 1) in Cl( 4, 4) CPU =        0.004 ms (setup)        0.000 (*)        0.029 (^)        0.024 (&)        0.024 (%) 
Cl( 2, 2) in Cl( 4, 4) CPU =        0.008 ms (setup)        0.001 (*)        0.031 (^)        0.019 (&)        0.026 (%) 
Cl( 3, 2) in Cl( 4, 4) CPU =        0.018 ms (setup)        0.001 (*)        0.073 (^)        0.067 (&)        0.061 (%) 
Cl( 3, 3) in Cl( 4, 4) CPU =        0.035 ms (setup)        0.001 (*)        0.145 (^)        0.108 (&)        0.120 (%) 
Cl( 4, 3) in Cl( 4, 4) CPU =        0.088 ms (setup)        0.001 (*)        0.396 (^)        0.368 (&)        0.372 (%) 
Cl( 4, 4) in Cl( 4, 4) CPU =        0.051 ms (setup)        0.001 (*)        0.634 (^)        0.639 (&)        0.654 (%) 
Fill: 1
Cl( 1, 0) in Cl( 1, 0) CPU =        0.001 ms (setup)        0.001 (*)        0.003 (^)        0.002 (&)        0.002 (%) 
Cl( 1, 1) in Cl( 1, 1) CPU =        0.001 ms (setup)        0.000 (*)        0.004 (^)        0.003 (&)        0.004 (%) 
Cl( 2, 1) in Cl( 2, 1) CPU =        0.001 ms (setup)        0.001 (*)        0.011 (^)        0.010 (&)        0.011 (%) 
Cl( 2, 2) in Cl( 2, 2) CPU =        0.003 ms (setup)        0.001 (*)        0.018 (^)        0.015 (&)        0.018 (%) 
Cl( 3, 2) in Cl( 3, 2) CPU =        0.006 ms (setup)        0.001 (*)        0.068 (^)        0.069 (&)        0.068 (%) 
Cl( 3, 3) in Cl( 3, 3) CPU =        0.012 ms (setup)        0.001 (*)        0.108 (^)        0.104 (&)        0.110 (%) 
Cl( 4, 3) in Cl( 4, 3) CPU =        0.035 ms (setup)        0.001 (*)        0.487 (^)        0.488 (&)        0.488 (%) 
Cl( 4, 4) in Cl( 4, 4) CPU =        0.069 ms (setup)        0.001 (*)        0.758 (^)        0.753 (&)        0.765 (%) 
Cl( 1, 0) in Cl( 4, 4) CPU =        0.003 ms (setup)        0.001 (*)        0.018 (^)        0.013 (&)        0.015 (%) 
Cl( 1, 1) in Cl( 4, 4) CPU =        0.002 ms (setup)        0.001 (*)        0.023 (^)        0.014 (&)        0.020 (%) 
Cl( 2, 1) in Cl( 4, 4) CPU =        0.004 ms (setup)        0.001 (*)        0.038 (^)        0.026 (&)        0.029 (%) 
Cl( 2, 2) in Cl( 4, 4) CPU =        0.010 ms (setup)        0.001 (*)        0.053 (^)        0.036 (&)        0.043 (%) 
Cl( 3, 2) in Cl( 4, 4) CPU =        0.023 ms (setup)        0.001 (*)        0.115 (^)        0.086 (&)        0.090 (%) 
Cl( 3, 3) in Cl( 4, 4) CPU =        0.044 ms (setup)        0.001 (*)        0.176 (^)        0.144 (&)        0.152 (%) 
Cl( 4, 3) in Cl( 4, 4) CPU =        0.115 ms (setup)        0.001 (*)        0.536 (^)        0.487 (&)        0.489 (%) 
Cl( 4, 4) in Cl( 4, 4) CPU =        0.068 ms (setup)        0.001 (*)        0.760 (^)        0.748 (&)        0.761 (%) 

framed_multi<double>
Clifford algebra products test:
Fill: 0.5
Cl( 1, 0) in Cl( 1, 0) CPU =        0.001 ms (setup)        0.001 (*)        0.001 (^)        0.009 (&)        0.001 (%) 
Cl( 1, 1) in Cl( 1, 1) CPU =        0.001 ms (setup)        0.001 (*)        0.000 (^)        0.001 (&)        0.001 (%) 
Cl( 2, 1) in Cl( 2, 1) CPU =        0.001 ms (setup)        0.002 (*)        0.001 (^)        0.002 (&)        0.001 (%) 
Cl( 2, 2) in Cl( 2, 2) CPU =        0.001 ms (setup)        0.002 (*)        0.002 (^)        0.002 (&)        0.002 (%) 
Cl( 3, 2) in Cl( 3, 2) CPU =        0.002 ms (setup)        0.004 (*)        0.002 (^)        0.004 (&)        0.003 (%) 
Cl( 3, 3) in Cl( 3, 3) CPU =        0.003 ms (setup)        0.010 (*)        0.005 (^)        0.007 (&)        0.007 (%) 
Cl( 4, 3) in Cl( 4, 3) CPU =        0.007 ms (setup)        0.030 (*)        0.017 (^)        0.018 (&)        0.015 (%) 
Cl( 4, 4) in Cl( 4, 4) CPU =        0.013 ms (setup)        0.160 (*)        0.048 (^)        0.045 (&)        0.034 (%) 
Cl( 5, 4) in Cl( 5, 4) CPU =        0.028 ms (setup)        0.590 (*)        0.156 (^)        0.137 (&)        0.095 (%) 
Cl( 5, 5) in Cl( 5, 5) CPU =        0.055 ms (setup)        0.802 (*)        0.443 (^)        0.338 (&)        0.226 (%) 
Cl( 6, 5) in Cl( 6, 5) CPU =        0.114 ms (setup)        2.941 (*)        1.284 (^)        1.022 (&)        0.609 (%) 
Cl( 6, 6) in Cl( 6, 6) CPU =        0.232 ms (setup)        4.056 (*)        3.643 (^)        2.801 (&)        1.586 (%) 
Cl( 7, 6) in Cl( 7, 6) CPU =        0.476 ms (setup)       15.068 (*)       10.995 (^)        8.518 (&)        4.766 (%) 
Cl( 7, 7) in Cl( 7, 7) CPU =        0.961 ms (setup)       20.543 (*)       31.988 (^)       24.422 (&)       12.970 (%) 
Cl( 8, 7) in Cl( 8, 7) CPU =        1.958 ms (setup)       72.814 (*)       95.088 (^)       71.673 (&)       37.768 (%) 
Cl( 8, 8) in Cl( 8, 8) CPU =        3.970 ms (setup)      101.213 (*)      281.747 (^)      212.364 (&)      109.623 (%) 
Cl( 1, 0) in Cl( 8, 8) CPU =        0.001 ms (setup)        0.000 (*)        0.000 (^)        0.000 (&)        0.000 (%) 
Cl( 1, 1) in Cl( 8, 8) CPU =        0.001 ms (setup)        0.001 (*)        0.000 (^)        0.001 (&)        0.001 (%) 
Cl( 2, 1) in Cl( 8, 8) CPU =        0.001 ms (setup)        0.001 (*)        0.001 (^)        0.000 (&)        0.000 (%) 
Cl( 2, 2) in Cl( 8, 8) CPU =        0.001 ms (setup)        0.002 (*)        0.001 (^)        0.002 (&)        0.002 (%) 
Cl( 3, 2) in Cl( 8, 8) CPU =        0.002 ms (setup)        0.004 (*)        0.002 (^)        0.003 (&)        0.003 (%) 
Cl( 3, 3) in Cl( 8, 8) CPU =        0.004 ms (setup)        0.009 (*)        0.005 (^)        0.007 (&)        0.005 (%) 
Cl( 4, 3) in Cl( 8, 8) CPU =        0.007 ms (setup)        0.024 (*)        0.013 (^)        0.015 (&)        0.013 (%) 
Cl( 4, 4) in Cl( 8, 8) CPU =        0.013 ms (setup)        0.164 (*)        0.052 (^)        0.049 (&)        0.036 (%) 
Cl( 5, 4) in Cl( 8, 8) CPU =        0.027 ms (setup)        0.584 (*)        0.159 (^)        0.132 (&)        0.091 (%) 
Cl( 5, 5) in Cl( 8, 8) CPU =        0.056 ms (setup)        0.796 (*)        0.433 (^)        0.343 (&)        0.219 (%) 
Cl( 6, 5) in Cl( 8, 8) CPU =        0.114 ms (setup)        2.938 (*)        1.262 (^)        1.020 (&)        0.582 (%) 
Cl( 6, 6) in Cl( 8, 8) CPU =        0.228 ms (setup)        4.008 (*)        3.652 (^)        2.726 (&)        1.575 (%) 
Cl( 7, 6) in Cl( 8, 8) CPU =        0.472 ms (setup)       15.011 (*)       10.717 (^)        8.175 (&)        4.449 (%) 
Cl( 7, 7) in Cl( 8, 8) CPU =        0.963 ms (setup)       20.450 (*)       32.007 (^)       24.262 (&)       12.902 (%) 
Cl( 8, 7) in Cl( 8, 8) CPU =        1.950 ms (setup)       73.042 (*)       95.097 (^)       71.354 (&)       37.575 (%) 
Cl( 8, 8) in Cl( 8, 8) CPU =        3.982 ms (setup)      101.280 (*)      281.901 (^)      213.848 (&)      110.263 (%) 
Fill: 1
Cl( 1, 0) in Cl( 1, 0) CPU =        0.001 ms (setup)        0.001 (*)        0.001 (^)        0.009 (&)        0.001 (%) 
Cl( 1, 1) in Cl( 1, 1) CPU =        0.001 ms (setup)        0.001 (*)        0.001 (^)        0.001 (&)        0.001 (%) 
Cl( 2, 1) in Cl( 2, 1) CPU =        0.001 ms (setup)        0.002 (*)        0.001 (^)        0.002 (&)        0.002 (%) 
Cl( 2, 2) in Cl( 2, 2) CPU =        0.002 ms (setup)        0.003 (*)        0.002 (^)        0.002 (&)        0.002 (%) 
Cl( 3, 2) in Cl( 3, 2) CPU =        0.003 ms (setup)        0.007 (*)        0.003 (^)        0.005 (&)        0.004 (%) 
Cl( 3, 3) in Cl( 3, 3) CPU =        0.005 ms (setup)        0.019 (*)        0.007 (^)        0.009 (&)        0.008 (%) 
Cl( 4, 3) in Cl( 4, 3) CPU =        0.009 ms (setup)        0.064 (*)        0.019 (^)        0.022 (&)        0.018 (%) 
Cl( 4, 4) in Cl( 4, 4) CPU =        0.019 ms (setup)        0.199 (*)        0.047 (^)        0.058 (&)        0.045 (%) 
Cl( 5, 4) in Cl( 5, 4) CPU =        0.040 ms (setup)        0.695 (*)        0.129 (^)        0.149 (&)        0.112 (%) 
Cl( 5, 5) in Cl( 5, 5) CPU =        0.080 ms (setup)        1.028 (*)        0.338 (^)        0.386 (&)        0.269 (%) 
Cl( 6, 5) in Cl( 6, 5) CPU =        0.160 ms (setup)        3.595 (*)        0.906 (^)        1.048 (&)        0.684 (%) 
Cl( 6, 6) in Cl( 6, 6) CPU =        0.327 ms (setup)        5.372 (*)        2.492 (^)        2.903 (&)        1.795 (%) 
Cl( 7, 6) in Cl( 7, 6) CPU =        0.687 ms (setup)       18.526 (*)        7.016 (^)        8.309 (&)        4.865 (%) 
Cl( 7, 7) in Cl( 7, 7) CPU =        1.449 ms (setup)       27.976 (*)       20.102 (^)       24.412 (&)       13.581 (%) 
Cl( 8, 7) in Cl( 8, 7) CPU =        2.845 ms (setup)       93.084 (*)       58.052 (^)       71.660 (&)       38.672 (%) 
Cl( 8, 8) in Cl( 8, 8) CPU =        5.947 ms (setup)      145.468 (*)      169.785 (^)      211.756 (&)      112.066 (%) 
Cl( 1, 0) in Cl( 8, 8) CPU =        0.001 ms (setup)        0.001 (*)        0.001 (^)        0.001 (&)        0.001 (%) 
Cl( 1, 1) in Cl( 8, 8) CPU =        0.001 ms (setup)        0.001 (*)        0.001 (^)        0.001 (&)        0.001 (%) 
Cl( 2, 1) in Cl( 8, 8) CPU =        0.001 ms (setup)        0.002 (*)        0.001 (^)        0.001 (&)        0.002 (%) 
Cl( 2, 2) in Cl( 8, 8) CPU =        0.001 ms (setup)        0.003 (*)        0.002 (^)        0.002 (&)        0.002 (%) 
Cl( 3, 2) in Cl( 8, 8) CPU =        0.003 ms (setup)        0.007 (*)        0.003 (^)        0.004 (&)        0.004 (%) 
Cl( 3, 3) in Cl( 8, 8) CPU =        0.005 ms (setup)        0.019 (*)        0.007 (^)        0.009 (&)        0.008 (%) 
Cl( 4, 3) in Cl( 8, 8) CPU =        0.009 ms (setup)        0.063 (*)        0.018 (^)        0.022 (&)        0.018 (%) 
Cl( 4, 4) in Cl( 8, 8) CPU =        0.019 ms (setup)        0.198 (*)        0.046 (^)        0.056 (&)        0.044 (%) 
Cl( 5, 4) in Cl( 8, 8) CPU =        0.040 ms (setup)        0.694 (*)        0.127 (^)        0.148 (&)        0.111 (%) 
Cl( 5, 5) in Cl( 8, 8) CPU =        0.080 ms (setup)        1.026 (*)        0.336 (^)        0.388 (&)        0.270 (%) 
Cl( 6, 5) in Cl( 8, 8) CPU =        0.160 ms (setup)        3.585 (*)        0.907 (^)        1.049 (&)        0.684 (%) 
Cl( 6, 6) in Cl( 8, 8) CPU =        0.325 ms (setup)        5.378 (*)        2.490 (^)        2.903 (&)        1.794 (%) 
Cl( 7, 6) in Cl( 8, 8) CPU =        0.684 ms (setup)       18.526 (*)        7.022 (^)        8.313 (&)        4.854 (%) 
Cl( 7, 7) in Cl( 8, 8) CPU =        1.450 ms (setup)       27.966 (*)       20.041 (^)       24.532 (&)       13.690 (%) 
Cl( 8, 7) in Cl( 8, 8) CPU =        2.845 ms (setup)       93.128 (*)       58.137 (^)       72.715 (&)       39.389 (%) 
Cl( 8, 8) in Cl( 8, 8) CPU =        5.909 ms (setup)      144.998 (*)      169.910 (^)      211.757 (&)      112.072 (%) 

matrix_multi<double>
Clifford algebra products test:
Fill: 0.5
Cl( 1, 0) in Cl( 1, 0) CPU =        0.003 ms (setup)        0.001 (*)        0.003 (^)        0.002 (&)        0.002 (%) 
Cl( 1, 1) in Cl( 1, 1) CPU =        0.003 ms (setup)        0.000 (*)        0.002 (^)        0.002 (&)        0.002 (%) 
Cl( 2, 1) in Cl( 2, 1) CPU =        0.003 ms (setup)        0.001 (*)        0.011 (^)        0.007 (&)        0.009 (%) 
Cl( 2, 2) in Cl( 2, 2) CPU =        0.004 ms (setup)        0.001 (*)        0.008 (^)        0.010 (&)        0.011 (%) 
Cl( 3, 2) in Cl( 3, 2) CPU =        0.011 ms (setup)        0.001 (*)        0.048 (^)        0.051 (&)        0.057 (%) 
Cl( 3, 3) in Cl( 3, 3) CPU =        0.011 ms (setup)        0.001 (*)        0.069 (^)        0.084 (&)        0.081 (%) 
Cl( 4, 3) in Cl( 4, 3) CPU =        0.028 ms (setup)        0.001 (*)        0.373 (^)        0.399 (&)        0.400 (%) 
Cl( 4, 4) in Cl( 4, 4) CPU =        0.051 ms (setup)        0.001 (*)        0.598 (^)        0.609 (&)        0.619 (%) 
Cl( 5, 4) in Cl( 5, 4) CPU =        0.123 ms (setup)        0.003 (*)        2.355 (^)        2.589 (&)        2.528 (%) 
Cl( 5, 5) in Cl( 5, 5) CPU =        0.237 ms (setup)        0.003 (*)        3.811 (^)        3.853 (&)        3.841 (%) 
Cl( 6, 5) in Cl( 6, 5) CPU =        0.578 ms (setup)        0.017 (*)       13.824 (^)       14.905 (&)       14.409 (%) 
Cl( 6, 6) in Cl( 6, 6) CPU =        1.139 ms (setup)        0.017 (*)       20.832 (^)       21.227 (&)       20.752 (%) 
Cl( 7, 6) in Cl( 7, 6) CPU =        2.667 ms (setup)        0.046 (*)       97.214 (^)      108.972 (&)       96.156 (%) 
Cl( 7, 7) in Cl( 7, 7) CPU =        5.370 ms (setup)        0.046 (*)      121.944 (^)      142.751 (&)      124.590 (%) 
Cl( 8, 7) in Cl( 8, 7) CPU =       12.778 ms (setup)        1.179 (*)      544.300 (^)      640.248 (&)      544.220 (%) 
Cl( 8, 8) in Cl( 8, 8) CPU =       25.541 ms (setup)        0.225 (*)      706.034 (^)      815.852 (&)      706.499 (%) 
Cl( 1, 0) in Cl( 8, 8) CPU =        0.009 ms (setup)        1.212 (*)        3.845 (^)        3.812 (&)        3.863 (%) 
Cl( 1, 1) in Cl( 8, 8) CPU =        0.018 ms (setup)        1.016 (*)        8.370 (^)        3.916 (&)        7.098 (%) 
Cl( 2, 1) in Cl( 8, 8) CPU =        0.024 ms (setup)        0.232 (*)       14.789 (^)        8.008 (&)       11.303 (%) 
Cl( 2, 2) in Cl( 8, 8) CPU =        0.072 ms (setup)        0.237 (*)       23.852 (^)       14.694 (&)       16.683 (%) 
Cl( 3, 2) in Cl( 8, 8) CPU =        0.273 ms (setup)        0.232 (*)       34.971 (^)       23.083 (&)       22.989 (%) 
Cl( 3, 3) in Cl( 8, 8) CPU =        0.440 ms (setup)        0.228 (*)       49.078 (^)       34.834 (&)       31.226 (%) 
Cl( 4, 3) in Cl( 8, 8) CPU =        0.493 ms (setup)        0.229 (*)       65.705 (^)       64.511 (&)       41.285 (%) 
Cl( 4, 4) in Cl( 8, 8) CPU =        0.583 ms (setup)        0.236 (*)       85.280 (^)       66.023 (&)       52.722 (%) 
Cl( 5, 4) in Cl( 8, 8) CPU =        0.844 ms (setup)        0.229 (*)      109.670 (^)       86.465 (&)       66.359 (%) 
Cl( 5, 5) in Cl( 8, 8) CPU =        1.322 ms (setup)        1.407 (*)      146.745 (^)      130.212 (&)       93.177 (%) 
Cl( 6, 5) in Cl( 8, 8) CPU =        2.560 ms (setup)        1.680 (*)      163.414 (^)      141.585 (&)      105.087 (%) 
Cl( 6, 6) in Cl( 8, 8) CPU =        4.758 ms (setup)        0.861 (*)      196.544 (^)      200.392 (&)      142.455 (%) 
Cl( 7, 6) in Cl( 8, 8) CPU =       10.760 ms (setup)        0.241 (*)      242.011 (^)      284.185 (&)      197.224 (%) 
Cl( 7, 7) in Cl( 8, 8) CPU =       20.751 ms (setup)        0.988 (*)      309.161 (^)      348.298 (&)      265.502 (%) 
Cl( 8, 7) in Cl( 8, 8) CPU =       48.627 ms (setup)        0.226 (*)      549.613 (^)      609.061 (&)      510.226 (%) 
Cl( 8, 8) in Cl( 8, 8) CPU =       25.462 ms (setup)        0.231 (*)      668.309 (^)      817.255 (&)      687.878 (%) 
Fill: 1
Cl( 1, 0) in Cl( 1, 0) CPU =        0.001 ms (setup)        0.001 (*)        0.003 (^)        0.002 (&)        0.003 (%) 
Cl( 1, 1) in Cl( 1, 1) CPU =        0.001 ms (setup)        0.000 (*)        0.004 (^)        0.003 (&)        0.004 (%) 
Cl( 2, 1) in Cl( 2, 1) CPU =        0.001 ms (setup)        0.001 (*)        0.012 (^)        0.011 (&)        0.011 (%) 
Cl( 2, 2) in Cl( 2, 2) CPU =        0.004 ms (setup)        0.001 (*)        0.018 (^)        0.015 (&)        0.018 (%) 
Cl( 3, 2) in Cl( 3, 2) CPU =        0.007 ms (setup)        0.001 (*)        0.065 (^)        0.066 (&)        0.064 (%) 
Cl( 3, 3) in Cl( 3, 3) CPU =        0.013 ms (setup)        0.001 (*)        0.111 (^)        0.104 (&)        0.111 (%) 
Cl( 4, 3) in Cl( 4, 3) CPU =        0.036 ms (setup)        0.002 (*)        0.479 (^)        0.481 (&)        0.475 (%) 
Cl( 4, 4) in Cl( 4, 4) CPU =        0.069 ms (setup)        0.001 (*)        0.730 (^)        0.726 (&)        0.731 (%) 
Cl( 5, 4) in Cl( 5, 4) CPU =        0.177 ms (setup)        0.004 (*)        2.744 (^)        2.815 (&)        2.763 (%) 
Cl( 5, 5) in Cl( 5, 5) CPU =        0.349 ms (setup)        0.003 (*)        4.128 (^)        4.186 (&)        4.151 (%) 
Cl( 6, 5) in Cl( 6, 5) CPU =        0.859 ms (setup)        0.017 (*)       15.615 (^)       16.275 (&)       15.719 (%) 
Cl( 6, 6) in Cl( 6, 6) CPU =        1.747 ms (setup)        0.017 (*)       22.152 (^)       22.934 (&)       22.223 (%) 
Cl( 7, 6) in Cl( 7, 6) CPU =        4.361 ms (setup)        0.050 (*)      101.453 (^)      113.526 (&)      100.372 (%) 
Cl( 7, 7) in Cl( 7, 7) CPU =        8.822 ms (setup)        0.046 (*)      135.995 (^)      150.111 (&)      135.256 (%) 
Cl( 8, 7) in Cl( 8, 7) CPU =       21.954 ms (setup)        0.235 (*)      726.596 (^)      662.311 (&)      566.434 (%) 
Cl( 8, 8) in Cl( 8, 8) CPU =       44.968 ms (setup)        0.871 (*)      746.843 (^)      856.062 (&)      746.162 (%) 
Cl( 1, 0) in Cl( 8, 8) CPU =        0.012 ms (setup)        1.489 (*)        8.317 (^)        3.841 (&)        7.027 (%) 
Cl( 1, 1) in Cl( 8, 8) CPU =        0.021 ms (setup)        1.717 (*)       14.748 (^)        7.966 (&)       11.213 (%) 
Cl( 2, 1) in Cl( 8, 8) CPU =        0.043 ms (setup)        0.240 (*)       23.642 (^)       14.495 (&)       16.475 (%) 
Cl( 2, 2) in Cl( 8, 8) CPU =        0.413 ms (setup)        1.064 (*)       34.698 (^)       23.047 (&)       22.980 (%) 
Cl( 3, 2) in Cl( 8, 8) CPU =        0.428 ms (setup)        1.350 (*)       48.365 (^)       34.284 (&)       30.637 (%) 
Cl( 3, 3) in Cl( 8, 8) CPU =        0.454 ms (setup)        0.230 (*)       64.887 (^)       48.327 (&)       40.601 (%) 
Cl( 4, 3) in Cl( 8, 8) CPU =        0.534 ms (setup)        1.024 (*)       84.990 (^)       65.907 (&)       52.037 (%) 
Cl( 4, 4) in Cl( 8, 8) CPU =        0.656 ms (setup)        0.232 (*)      105.974 (^)       84.031 (&)       63.876 (%) 
Cl( 5, 4) in Cl( 8, 8) CPU =        1.036 ms (setup)        0.942 (*)      128.898 (^)      107.168 (&)       78.643 (%) 
Cl( 5, 5) in Cl( 8, 8) CPU =        1.629 ms (setup)        1.304 (*)      147.897 (^)      130.860 (&)       94.361 (%) 
Cl( 6, 5) in Cl( 8, 8) CPU =        3.442 ms (setup)        1.723 (*)      179.513 (^)      168.383 (&)      120.852 (%) 
Cl( 6, 6) in Cl( 8, 8) CPU =        6.387 ms (setup)        0.232 (*)      199.287 (^)      203.140 (&)      144.982 (%) 
Cl( 7, 6) in Cl( 8, 8) CPU =       14.980 ms (setup)        1.546 (*)      280.968 (^)      290.569 (&)      219.643 (%) 
Cl( 7, 7) in Cl( 8, 8) CPU =       29.141 ms (setup)        0.230 (*)      319.831 (^)      358.840 (&)      275.589 (%) 
Cl( 8, 7) in Cl( 8, 8) CPU =       70.419 ms (setup)        0.232 (*)      611.267 (^)      667.779 (&)      568.152 (%) 
Cl( 8, 8) in Cl( 8, 8) CPU =       44.894 ms (setup)        1.421 (*)      747.772 (^)      857.586 (&)      749.120 (%) 
