
framed_multi<double>
Clifford algebra squaring test:
Fill: 0.5
Cl( 1, 0) in Cl( 1, 0) CPU =        0.052 ms (setup)        0.015 (*) 
Cl( 1, 1) in Cl( 1, 1) CPU =        0.003 ms (setup)        0.003 (*) 
Cl( 2, 1) in Cl( 2, 1) CPU =        0.004 ms (setup)        0.007 (*) 
Cl( 2, 2) in Cl( 2, 2) CPU =        0.004 ms (setup)        0.008 (*) 
Cl( 3, 2) in Cl( 3, 2) CPU =        0.011 ms (setup)        0.019 (*) 
Cl( 3, 3) in Cl( 3, 3) CPU =        0.017 ms (setup)        0.049 (*) 
Cl( 4, 3) in Cl( 4, 3) CPU =        0.025 ms (setup)        0.153 (*) 
Cl( 4, 4) in Cl( 4, 4) CPU =        0.044 ms (setup)        0.869 (*) 
Cl( 5, 4) in Cl( 5, 4) CPU =        0.091 ms (setup)        2.515 (*) 
Cl( 5, 5) in Cl( 5, 5) CPU =        0.177 ms (setup)        3.212 (*) 
Cl( 6, 5) in Cl( 6, 5) CPU =        0.328 ms (setup)       10.490 (*) 
Cl( 6, 6) in Cl( 6, 6) CPU =        0.621 ms (setup)       12.629 (*) 
Cl( 7, 6) in Cl( 7, 6) CPU =        1.154 ms (setup)       41.196 (*) 
Cl( 7, 7) in Cl( 7, 7) CPU =        1.992 ms (setup)       52.136 (*) 
Cl( 8, 7) in Cl( 8, 7) CPU =        3.878 ms (setup)      177.118 (*) 
Cl( 8, 8) in Cl( 8, 8) CPU =        7.861 ms (setup)      238.224 (*) 
Cl( 9, 8) in Cl( 9, 8) CPU =       18.086 ms (setup)      666.473 (*) 
Cl( 9, 9) in Cl( 9, 9) CPU =       37.364 ms (setup)     1209.169 (*) 
Cl(10, 9) in Cl(10, 9) CPU =       78.219 ms (setup)     4690.230 (*) 
Cl(10,10) in Cl(10,10) CPU =      154.683 ms (setup)     6735.039 (*) 
Cl(11,10) in Cl(11,10) CPU =      334.250 ms (setup)    28210.318 (*) 
Cl(11,11) in Cl(11,11) CPU =      678.516 ms (setup)    40682.925 (*) 
Fill: 1
Cl( 1, 0) in Cl( 1, 0) CPU =        0.011 ms (setup)        0.008 (*) 
Cl( 1, 1) in Cl( 1, 1) CPU =        0.002 ms (setup)        0.006 (*) 
Cl( 2, 1) in Cl( 2, 1) CPU =        0.002 ms (setup)        0.005 (*) 
Cl( 2, 2) in Cl( 2, 2) CPU =        0.005 ms (setup)        0.011 (*) 
Cl( 3, 2) in Cl( 3, 2) CPU =        0.009 ms (setup)        0.025 (*) 
Cl( 3, 3) in Cl( 3, 3) CPU =        0.014 ms (setup)        0.074 (*) 
Cl( 4, 3) in Cl( 4, 3) CPU =        0.028 ms (setup)        0.265 (*) 
Cl( 4, 4) in Cl( 4, 4) CPU =        0.053 ms (setup)        0.579 (*) 
Cl( 5, 4) in Cl( 5, 4) CPU =        0.108 ms (setup)        1.841 (*) 
Cl( 5, 5) in Cl( 5, 5) CPU =        0.201 ms (setup)        2.580 (*) 
Cl( 6, 5) in Cl( 6, 5) CPU =        0.686 ms (setup)        8.617 (*) 
Cl( 6, 6) in Cl( 6, 6) CPU =        0.795 ms (setup)       12.533 (*) 
Cl( 7, 6) in Cl( 7, 6) CPU =        1.639 ms (setup)       46.761 (*) 
Cl( 7, 7) in Cl( 7, 7) CPU =        3.234 ms (setup)       67.363 (*) 
Cl( 8, 7) in Cl( 8, 7) CPU =        6.675 ms (setup)      217.521 (*) 
Cl( 8, 8) in Cl( 8, 8) CPU =       13.810 ms (setup)      323.476 (*) 
Cl( 9, 8) in Cl( 9, 8) CPU =       27.497 ms (setup)      895.677 (*) 
Cl( 9, 9) in Cl( 9, 9) CPU =       62.975 ms (setup)     1760.448 (*) 
Cl(10, 9) in Cl(10, 9) CPU =      130.286 ms (setup)     6202.048 (*) 
Cl(10,10) in Cl(10,10) CPU =      303.183 ms (setup)    10231.282 (*) 
Cl(11,10) in Cl(11,10) CPU =      622.000 ms (setup)    38873.562 (*) 
Cl(11,11) in Cl(11,11) CPU =     1278.597 ms (setup)    66004.965 (*) 

matrix_multi<double>
Clifford algebra squaring test:
Fill: 0.5
Cl( 1, 0) in Cl( 1, 0) CPU =        0.071 ms (setup)        0.004 (*) 
Cl( 1, 1) in Cl( 1, 1) CPU =        0.006 ms (setup)        0.001 (*) 
Cl( 2, 1) in Cl( 2, 1) CPU =        0.024 ms (setup)        0.001 (*) 
Cl( 2, 2) in Cl( 2, 2) CPU =        0.018 ms (setup)        0.001 (*) 
Cl( 3, 2) in Cl( 3, 2) CPU =        0.048 ms (setup)        0.009 (*) 
Cl( 3, 3) in Cl( 3, 3) CPU =        0.054 ms (setup)        0.003 (*) 
Cl( 4, 3) in Cl( 4, 3) CPU =        0.076 ms (setup)        0.006 (*) 
Cl( 4, 4) in Cl( 4, 4) CPU =        0.140 ms (setup)        0.005 (*) 
Cl( 5, 4) in Cl( 5, 4) CPU =        0.355 ms (setup)        0.013 (*) 
Cl( 5, 5) in Cl( 5, 5) CPU =        0.569 ms (setup)        0.013 (*) 
Cl( 6, 5) in Cl( 6, 5) CPU =        1.400 ms (setup)        0.062 (*) 
Cl( 6, 6) in Cl( 6, 6) CPU =        2.674 ms (setup)        0.077 (*) 
Cl( 7, 6) in Cl( 7, 6) CPU =        6.192 ms (setup)        0.283 (*) 
Cl( 7, 7) in Cl( 7, 7) CPU =       16.472 ms (setup)        0.330 (*) 
Cl( 8, 7) in Cl( 8, 7) CPU =       32.952 ms (setup)        3.232 (*) 
Cl( 8, 8) in Cl( 8, 8) CPU =       61.594 ms (setup)        1.835 (*) 
Cl( 9, 8) in Cl( 9, 8) CPU =      148.689 ms (setup)       26.072 (*) 
Cl( 9, 9) in Cl( 9, 9) CPU =      289.674 ms (setup)       25.862 (*) 
Cl(10, 9) in Cl(10, 9) CPU =      763.873 ms (setup)      208.096 (*) 
Cl(10,10) in Cl(10,10) CPU =     1483.598 ms (setup)      215.317 (*) 
Cl(11,10) in Cl(11,10) CPU =     4231.262 ms (setup)     1693.878 (*) 
Cl(11,11) in Cl(11,11) CPU =     8316.653 ms (setup)     1640.296 (*) 
Fill: 1
Cl( 1, 0) in Cl( 1, 0) CPU =        0.024 ms (setup)        0.004 (*) 
Cl( 1, 1) in Cl( 1, 1) CPU =        0.020 ms (setup)        0.002 (*) 
Cl( 2, 1) in Cl( 2, 1) CPU =        0.022 ms (setup)        0.002 (*) 
Cl( 2, 2) in Cl( 2, 2) CPU =       20.268 ms (setup)        0.004 (*) 
Cl( 3, 2) in Cl( 3, 2) CPU =        0.062 ms (setup)        0.009 (*) 
Cl( 3, 3) in Cl( 3, 3) CPU =        0.050 ms (setup)        0.003 (*) 
Cl( 4, 3) in Cl( 4, 3) CPU =        0.123 ms (setup)        0.006 (*) 
Cl( 4, 4) in Cl( 4, 4) CPU =        0.211 ms (setup)        0.006 (*) 
Cl( 5, 4) in Cl( 5, 4) CPU =        0.453 ms (setup)        0.014 (*) 
Cl( 5, 5) in Cl( 5, 5) CPU =        0.872 ms (setup)        0.013 (*) 
Cl( 6, 5) in Cl( 6, 5) CPU =        2.066 ms (setup)        0.063 (*) 
Cl( 6, 6) in Cl( 6, 6) CPU =        4.073 ms (setup)        0.062 (*) 
Cl( 7, 6) in Cl( 7, 6) CPU =       10.422 ms (setup)        0.287 (*) 
Cl( 7, 7) in Cl( 7, 7) CPU =       23.993 ms (setup)        0.267 (*) 
Cl( 8, 7) in Cl( 8, 7) CPU =       55.050 ms (setup)        1.587 (*) 
Cl( 8, 8) in Cl( 8, 8) CPU =      104.350 ms (setup)        2.977 (*) 
Cl( 9, 8) in Cl( 9, 8) CPU =      263.789 ms (setup)       28.607 (*) 
Cl( 9, 9) in Cl( 9, 9) CPU =      529.868 ms (setup)       25.033 (*) 
Cl(10, 9) in Cl(10, 9) CPU =     1444.918 ms (setup)      210.011 (*) 
Cl(10,10) in Cl(10,10) CPU =     2920.722 ms (setup)      211.053 (*) 
Cl(11,10) in Cl(11,10) CPU =     8681.550 ms (setup)     1711.481 (*) 
Cl(11,11) in Cl(11,11) CPU =    17983.270 ms (setup)     1707.474 (*) 
