
framed_multi<float,-4,4>
Clifford algebra expressions test:
Fill: 0.5
Cl( 1, 0) in Cl( 1, 0) CPU =        0.005 ms (setup)        0.003 (comm)        0.007 (pade)        0.004 (series)        0.001 (mix)        0.002 (add) 
Cl( 1, 1) in Cl( 1, 1) CPU =        0.001 ms (setup)        0.001 (comm)        0.007 (pade)        0.001 (series)        0.001 (mix)        0.003 (add) 
Cl( 2, 1) in Cl( 2, 1) CPU =        0.003 ms (setup)        0.009 (comm)        0.018 (pade)        0.010 (series)        0.003 (mix)        0.003 (add) 
Cl( 2, 2) in Cl( 2, 2) CPU =        0.005 ms (setup)        0.014 (comm)        0.018 (pade)        0.018 (series)        0.005 (mix)        0.003 (add) 
Cl( 3, 2) in Cl( 3, 2) CPU =        0.007 ms (setup)        0.037 (comm)        0.082 (pade)        0.030 (series)        0.011 (mix)        0.005 (add) 
Cl( 3, 3) in Cl( 3, 3) CPU =        0.014 ms (setup)        0.077 (comm)        0.107 (pade)        0.120 (series)        0.028 (mix)        0.007 (add) 
Cl( 4, 3) in Cl( 4, 3) CPU =        0.029 ms (setup)        0.200 (comm)        0.421 (pade)        0.346 (series)        0.130 (mix)        0.018 (add) 
Cl( 4, 4) in Cl( 4, 4) CPU =        0.058 ms (setup)        1.342 (comm)        0.622 (pade)        2.363 (series)        0.209 (mix)        0.138 (add) 
Cl( 1, 0) in Cl( 4, 4) CPU =        0.004 ms (setup)        0.003 (comm)        0.017 (pade)        0.011 (series)        0.002 (mix)        0.005 (add) 
Cl( 1, 1) in Cl( 4, 4) CPU =        0.005 ms (setup)        0.009 (comm)        0.018 (pade)        0.011 (series)        0.004 (mix)        0.007 (add) 
Cl( 2, 1) in Cl( 4, 4) CPU =        0.007 ms (setup)        0.024 (comm)        0.112 (pade)        0.026 (series)        0.004 (mix)        0.003 (add) 
Cl( 2, 2) in Cl( 4, 4) CPU =        0.005 ms (setup)        0.018 (comm)        0.024 (pade)        0.026 (series)        0.007 (mix)        0.004 (add) 
Cl( 3, 2) in Cl( 4, 4) CPU =        0.008 ms (setup)        0.040 (comm)        0.122 (pade)        0.059 (series)        0.014 (mix)        0.007 (add) 
Cl( 3, 3) in Cl( 4, 4) CPU =        0.017 ms (setup)        0.101 (comm)        0.170 (pade)        0.158 (series)        0.035 (mix)        0.013 (add) 
Cl( 4, 3) in Cl( 4, 4) CPU =        0.033 ms (setup)        0.219 (comm)        0.480 (pade)        0.389 (series)        0.075 (mix)        0.019 (add) 
Cl( 4, 4) in Cl( 4, 4) CPU =        0.068 ms (setup)        1.441 (comm)        0.643 (pade)        2.247 (series)        0.186 (mix)        0.038 (add) 
Fill: 1
Cl( 1, 0) in Cl( 1, 0) CPU =        0.002 ms (setup)        0.005 (comm)        0.006 (pade)        0.006 (series)        0.002 (mix)        0.002 (add) 
Cl( 1, 1) in Cl( 1, 1) CPU =        0.002 ms (setup)        0.006 (comm)        0.007 (pade)        0.008 (series)        0.003 (mix)        0.003 (add) 
Cl( 2, 1) in Cl( 2, 1) CPU =        0.003 ms (setup)        0.011 (comm)        0.016 (pade)        0.013 (series)        0.004 (mix)        0.003 (add) 
Cl( 2, 2) in Cl( 2, 2) CPU =        0.006 ms (setup)        0.019 (comm)        0.026 (pade)        0.024 (series)        0.007 (mix)        0.004 (add) 
Cl( 3, 2) in Cl( 3, 2) CPU =        0.009 ms (setup)        0.050 (comm)        0.083 (pade)        0.064 (series)        0.015 (mix)        0.006 (add) 
Cl( 3, 3) in Cl( 3, 3) CPU =        0.024 ms (setup)        0.135 (comm)        0.118 (pade)        0.191 (series)        0.038 (mix)        0.011 (add) 
Cl( 4, 3) in Cl( 4, 3) CPU =        0.044 ms (setup)        0.411 (comm)        0.422 (pade)        0.621 (series)        0.094 (mix)        0.025 (add) 
Cl( 4, 4) in Cl( 4, 4) CPU =        0.095 ms (setup)        1.478 (comm)        0.627 (pade)        2.446 (series)        0.262 (mix)        0.071 (add) 
Cl( 1, 0) in Cl( 4, 4) CPU =        0.001 ms (setup)        0.005 (comm)        0.007 (pade)        0.006 (series)        0.002 (mix)        0.003 (add) 
Cl( 1, 1) in Cl( 4, 4) CPU =        0.003 ms (setup)        0.007 (comm)        0.007 (pade)        0.009 (series)        0.002 (mix)        0.003 (add) 
Cl( 2, 1) in Cl( 4, 4) CPU =        0.003 ms (setup)        0.010 (comm)        0.017 (pade)        0.019 (series)        0.004 (mix)        0.003 (add) 
Cl( 2, 2) in Cl( 4, 4) CPU =        0.007 ms (setup)        0.019 (comm)        0.028 (pade)        0.024 (series)        0.007 (mix)        0.004 (add) 
Cl( 3, 2) in Cl( 4, 4) CPU =        0.010 ms (setup)        0.054 (comm)        0.082 (pade)        0.064 (series)        0.015 (mix)        0.006 (add) 
Cl( 3, 3) in Cl( 4, 4) CPU =        0.021 ms (setup)        0.135 (comm)        0.120 (pade)        0.190 (series)        0.038 (mix)        0.011 (add) 
Cl( 4, 3) in Cl( 4, 4) CPU =        0.044 ms (setup)        0.415 (comm)        0.427 (pade)        0.620 (series)        0.094 (mix)        0.025 (add) 
Cl( 4, 4) in Cl( 4, 4) CPU =        0.094 ms (setup)        1.557 (comm)        0.626 (pade)        2.449 (series)        0.251 (mix)        0.072 (add) 

matrix_multi<float,-4,4>
Clifford algebra expressions test:
Fill: 0.5
Cl( 1, 0) in Cl( 1, 0) CPU =        0.002 ms (setup)        0.007 (comm)        0.003 (pade)        0.002 (series)        0.005 (mix)        0.001 (add) 
Cl( 1, 1) in Cl( 1, 1) CPU =        0.004 ms (setup)        0.015 (comm)        0.007 (pade)        0.002 (series)        0.013 (mix)        0.001 (add) 
Cl( 2, 1) in Cl( 2, 1) CPU =        0.005 ms (setup)        0.070 (comm)        0.003 (pade)        0.003 (series)        0.066 (mix)        0.001 (add) 
Cl( 2, 2) in Cl( 2, 2) CPU =        0.007 ms (setup)        0.102 (comm)        0.003 (pade)        0.002 (series)        0.101 (mix)        0.001 (add) 
Cl( 3, 2) in Cl( 3, 2) CPU =        0.033 ms (setup)        0.338 (comm)        0.005 (pade)        0.004 (series)        0.334 (mix)        0.001 (add) 
Cl( 3, 3) in Cl( 3, 3) CPU =        0.060 ms (setup)        0.614 (comm)        0.005 (pade)        0.005 (series)        0.610 (mix)        0.001 (add) 
Cl( 4, 3) in Cl( 4, 3) CPU =        0.144 ms (setup)        3.062 (comm)        0.011 (pade)        0.009 (series)        2.858 (mix)        0.001 (add) 
Cl( 4, 4) in Cl( 4, 4) CPU =        0.278 ms (setup)        4.006 (comm)        0.011 (pade)        0.009 (series)        3.986 (mix)        0.001 (add) 
Cl( 1, 0) in Cl( 4, 4) CPU =        0.005 ms (setup)        0.063 (comm)        0.009 (pade)        0.009 (series)        0.054 (mix)        0.001 (add) 
Cl( 1, 1) in Cl( 4, 4) CPU =        0.007 ms (setup)        0.079 (comm)        0.010 (pade)        0.009 (series)        0.073 (mix)        0.001 (add) 
Cl( 2, 1) in Cl( 4, 4) CPU =        0.021 ms (setup)        0.184 (comm)        0.011 (pade)        0.009 (series)        0.195 (mix)        0.001 (add) 
Cl( 2, 2) in Cl( 4, 4) CPU =        0.033 ms (setup)        0.247 (comm)        0.010 (pade)        0.009 (series)        0.223 (mix)        0.001 (add) 
Cl( 3, 2) in Cl( 4, 4) CPU =        0.128 ms (setup)        0.647 (comm)        0.011 (pade)        0.009 (series)        0.716 (mix)        0.001 (add) 
Cl( 3, 3) in Cl( 4, 4) CPU =        0.230 ms (setup)        0.944 (comm)        0.011 (pade)        0.009 (series)        0.935 (mix)        0.001 (add) 
Cl( 4, 3) in Cl( 4, 4) CPU =        0.586 ms (setup)        2.534 (comm)        0.011 (pade)        0.009 (series)        2.537 (mix)        0.001 (add) 
Cl( 4, 4) in Cl( 4, 4) CPU =        0.282 ms (setup)        4.212 (comm)        0.011 (pade)        0.009 (series)        4.122 (mix)        0.001 (add) 
Fill: 1
Cl( 1, 0) in Cl( 1, 0) CPU =        0.004 ms (setup)        0.015 (comm)        0.003 (pade)        0.002 (series)        0.014 (mix)        0.001 (add) 
Cl( 1, 1) in Cl( 1, 1) CPU =        0.005 ms (setup)        0.026 (comm)        0.003 (pade)        0.002 (series)        0.022 (mix)        0.001 (add) 
Cl( 2, 1) in Cl( 2, 1) CPU =        0.007 ms (setup)        0.078 (comm)        0.003 (pade)        0.002 (series)        0.093 (mix)        0.001 (add) 
Cl( 2, 2) in Cl( 2, 2) CPU =        0.015 ms (setup)        0.130 (comm)        0.003 (pade)        0.002 (series)        0.134 (mix)        0.001 (add) 
Cl( 3, 2) in Cl( 3, 2) CPU =        0.040 ms (setup)        0.474 (comm)        0.005 (pade)        0.005 (series)        0.473 (mix)        0.001 (add) 
Cl( 3, 3) in Cl( 3, 3) CPU =        0.077 ms (setup)        0.749 (comm)        0.005 (pade)        0.005 (series)        0.742 (mix)        0.001 (add) 
Cl( 4, 3) in Cl( 4, 3) CPU =        0.189 ms (setup)        3.107 (comm)        0.010 (pade)        0.009 (series)        3.097 (mix)        0.001 (add) 
Cl( 4, 4) in Cl( 4, 4) CPU =        0.387 ms (setup)        4.671 (comm)        0.011 (pade)        0.009 (series)        4.721 (mix)        0.001 (add) 
Cl( 1, 0) in Cl( 4, 4) CPU =        0.007 ms (setup)        0.113 (comm)        0.016 (pade)        0.009 (series)        0.107 (mix)        0.001 (add) 
Cl( 1, 1) in Cl( 4, 4) CPU =        0.009 ms (setup)        0.153 (comm)        0.010 (pade)        0.009 (series)        0.149 (mix)        0.001 (add) 
Cl( 2, 1) in Cl( 4, 4) CPU =        0.026 ms (setup)        0.233 (comm)        0.010 (pade)        0.009 (series)        0.221 (mix)        0.001 (add) 
Cl( 2, 2) in Cl( 4, 4) CPU =        0.064 ms (setup)        0.348 (comm)        0.011 (pade)        0.009 (series)        0.345 (mix)        0.001 (add) 
Cl( 3, 2) in Cl( 4, 4) CPU =        0.148 ms (setup)        0.709 (comm)        0.015 (pade)        0.009 (series)        0.706 (mix)        0.001 (add) 
Cl( 3, 3) in Cl( 4, 4) CPU =        0.245 ms (setup)        1.121 (comm)        0.011 (pade)        0.009 (series)        1.122 (mix)        0.001 (add) 
Cl( 4, 3) in Cl( 4, 4) CPU =        0.672 ms (setup)        3.265 (comm)        0.011 (pade)        0.009 (series)        3.311 (mix)        0.001 (add) 
Cl( 4, 4) in Cl( 4, 4) CPU =        0.383 ms (setup)        4.663 (comm)        0.010 (pade)        0.009 (series)        4.668 (mix)        0.005 (add) 

framed_multi<double>
Clifford algebra expressions test:
Fill: 0.5
Cl( 1, 0) in Cl( 1, 0) CPU =        0.004 ms (setup)        0.003 (comm)        0.007 (pade)        0.003 (series)        0.001 (mix)        0.002 (add) 
Cl( 1, 1) in Cl( 1, 1) CPU =        0.002 ms (setup)        0.003 (comm)        0.007 (pade)        0.002 (series)        0.001 (mix)        0.002 (add) 
Cl( 2, 1) in Cl( 2, 1) CPU =        0.003 ms (setup)        0.010 (comm)        0.016 (pade)        0.011 (series)        0.004 (mix)        0.002 (add) 
Cl( 2, 2) in Cl( 2, 2) CPU =        0.005 ms (setup)        0.020 (comm)        0.018 (pade)        0.022 (series)        0.007 (mix)        0.003 (add) 
Cl( 3, 2) in Cl( 3, 2) CPU =        0.007 ms (setup)        0.042 (comm)        0.089 (pade)        0.040 (series)        0.014 (mix)        0.005 (add) 
Cl( 3, 3) in Cl( 3, 3) CPU =        0.015 ms (setup)        0.102 (comm)        0.111 (pade)        0.167 (series)        0.034 (mix)        0.007 (add) 
Cl( 4, 3) in Cl( 4, 3) CPU =        0.030 ms (setup)        0.256 (comm)        0.368 (pade)        0.489 (series)        0.081 (mix)        0.012 (add) 
Cl( 4, 4) in Cl( 4, 4) CPU =        0.062 ms (setup)        1.171 (comm)        0.518 (pade)        1.987 (series)        0.217 (mix)        0.023 (add) 
Cl( 5, 4) in Cl( 5, 4) CPU =        0.119 ms (setup)        3.769 (comm)        5.745 (pade)        6.914 (series)        0.546 (mix)        0.050 (add) 
Cl( 5, 5) in Cl( 5, 5) CPU =        0.238 ms (setup)        6.136 (comm)        7.261 (pade)        9.632 (series)        1.498 (mix)        0.117 (add) 
Cl( 6, 5) in Cl( 6, 5) CPU =        0.511 ms (setup)       19.495 (comm)       12.751 (pade)       32.773 (series)        3.912 (mix)        0.191 (add) 
Cl( 6, 6) in Cl( 6, 6) CPU =        1.093 ms (setup)       32.639 (comm)       16.113 (pade)       46.050 (series)       11.064 (mix)        0.366 (add) 
Cl( 7, 6) in Cl( 7, 6) CPU =        1.996 ms (setup)      113.687 (comm)       44.754 (pade)      171.862 (series)       31.520 (mix)        0.797 (add) 
Cl( 7, 7) in Cl( 7, 7) CPU =        4.180 ms (setup)      202.621 (comm)       60.675 (pade)      235.417 (series)       93.391 (mix)        1.556 (add) 
Cl( 8, 7) in Cl( 8, 7) CPU =        8.058 ms (setup)      645.173 (comm)      209.160 (pade)      783.083 (series)      277.942 (mix)        3.387 (add) 
Cl( 8, 8) in Cl( 8, 8) CPU =       16.328 ms (setup)     1368.114 (comm)      292.721 (pade)     1109.975 (series)      863.681 (mix)        7.863 (add) 
Cl( 1, 0) in Cl( 8, 8) CPU =        0.002 ms (setup)        0.002 (comm)        0.005 (pade)        0.003 (series)        0.001 (mix)        0.002 (add) 
Cl( 1, 1) in Cl( 8, 8) CPU =        0.002 ms (setup)        0.001 (comm)        0.007 (pade)        0.002 (series)        0.001 (mix)        0.002 (add) 
Cl( 2, 1) in Cl( 8, 8) CPU =        0.002 ms (setup)        0.010 (comm)        0.015 (pade)        0.009 (series)        0.003 (mix)        0.003 (add) 
Cl( 2, 2) in Cl( 8, 8) CPU =        0.005 ms (setup)        0.019 (comm)        0.021 (pade)        0.021 (series)        0.007 (mix)        0.003 (add) 
Cl( 3, 2) in Cl( 8, 8) CPU =        0.006 ms (setup)        0.032 (comm)        0.093 (pade)        0.033 (series)        0.011 (mix)        0.003 (add) 
Cl( 3, 3) in Cl( 8, 8) CPU =        0.014 ms (setup)        0.104 (comm)        0.113 (pade)        0.159 (series)        0.036 (mix)        0.007 (add) 
Cl( 4, 3) in Cl( 8, 8) CPU =        0.029 ms (setup)        0.256 (comm)        0.377 (pade)        0.480 (series)        0.082 (mix)        0.013 (add) 
Cl( 4, 4) in Cl( 8, 8) CPU =        0.062 ms (setup)        1.185 (comm)        0.537 (pade)        2.015 (series)        0.212 (mix)        0.024 (add) 
Cl( 5, 4) in Cl( 8, 8) CPU =        0.123 ms (setup)        3.936 (comm)        5.924 (pade)        6.596 (series)        0.530 (mix)        0.048 (add) 
Cl( 5, 5) in Cl( 8, 8) CPU =        0.233 ms (setup)        5.723 (comm)        6.054 (pade)        9.217 (series)        1.375 (mix)        0.087 (add) 
Cl( 6, 5) in Cl( 8, 8) CPU =        0.484 ms (setup)       18.863 (comm)       12.163 (pade)       31.521 (series)        3.832 (mix)        0.178 (add) 
Cl( 6, 6) in Cl( 8, 8) CPU =        0.978 ms (setup)       31.380 (comm)       15.841 (pade)       44.581 (series)       10.787 (mix)        0.365 (add) 
Cl( 7, 6) in Cl( 8, 8) CPU =        2.034 ms (setup)      111.505 (comm)       43.467 (pade)      170.752 (series)       31.625 (mix)        0.803 (add) 
Cl( 7, 7) in Cl( 8, 8) CPU =        4.151 ms (setup)      204.262 (comm)       59.520 (pade)      231.859 (series)       95.499 (mix)        1.581 (add) 
Cl( 8, 7) in Cl( 8, 8) CPU =        8.027 ms (setup)      646.745 (comm)      210.031 (pade)      777.312 (series)      284.911 (mix)        3.409 (add) 
Cl( 8, 8) in Cl( 8, 8) CPU =       16.884 ms (setup)     1365.347 (comm)      291.190 (pade)     1095.393 (series)      859.284 (mix)        7.851 (add) 
Fill: 1
Cl( 1, 0) in Cl( 1, 0) CPU =        0.003 ms (setup)        0.005 (comm)        0.007 (pade)        0.007 (series)        0.002 (mix)        0.003 (add) 
Cl( 1, 1) in Cl( 1, 1) CPU =        0.004 ms (setup)        0.009 (comm)        0.007 (pade)        0.009 (series)        0.003 (mix)        0.003 (add) 
Cl( 2, 1) in Cl( 2, 1) CPU =        0.004 ms (setup)        0.013 (comm)        0.025 (pade)        0.015 (series)        0.005 (mix)        0.003 (add) 
Cl( 2, 2) in Cl( 2, 2) CPU =        0.007 ms (setup)        0.028 (comm)        0.026 (pade)        0.033 (series)        0.009 (mix)        0.004 (add) 
Cl( 3, 2) in Cl( 3, 2) CPU =        0.012 ms (setup)        0.068 (comm)        0.086 (pade)        0.092 (series)        0.019 (mix)        0.006 (add) 
Cl( 3, 3) in Cl( 3, 3) CPU =        0.025 ms (setup)        0.196 (comm)        0.117 (pade)        0.288 (series)        0.046 (mix)        0.011 (add) 
Cl( 4, 3) in Cl( 4, 3) CPU =        0.052 ms (setup)        0.573 (comm)        0.400 (pade)        0.916 (series)        0.112 (mix)        0.020 (add) 
Cl( 4, 4) in Cl( 4, 4) CPU =        0.104 ms (setup)        1.414 (comm)        0.579 (pade)        2.239 (series)        0.282 (mix)        0.039 (add) 
Cl( 5, 4) in Cl( 5, 4) CPU =        0.205 ms (setup)        4.405 (comm)        6.979 (pade)        7.655 (series)        0.730 (mix)        0.080 (add) 
Cl( 5, 5) in Cl( 5, 5) CPU =        0.394 ms (setup)        7.389 (comm)        6.748 (pade)       10.885 (series)        1.917 (mix)        0.165 (add) 
Cl( 6, 5) in Cl( 6, 5) CPU =        0.874 ms (setup)       23.789 (comm)       13.085 (pade)       35.883 (series)        5.324 (mix)        0.332 (add) 
Cl( 6, 6) in Cl( 6, 6) CPU =        1.591 ms (setup)       41.101 (comm)       17.405 (pade)       53.385 (series)       14.778 (mix)        0.697 (add) 
Cl( 7, 6) in Cl( 7, 6) CPU =        3.263 ms (setup)      137.402 (comm)       48.901 (pade)      190.452 (series)       43.080 (mix)        1.433 (add) 
Cl( 7, 7) in Cl( 7, 7) CPU =        6.725 ms (setup)      266.300 (comm)       71.067 (pade)      276.951 (series)      128.554 (mix)        2.864 (add) 
Cl( 8, 7) in Cl( 8, 7) CPU =       13.670 ms (setup)      839.762 (comm)      243.164 (pade)      895.981 (series)      393.242 (mix)        9.440 (add) 
Cl( 8, 8) in Cl( 8, 8) CPU =       28.198 ms (setup)     1883.583 (comm)      353.748 (pade)     1358.492 (series)     1208.863 (mix)       15.011 (add) 
Cl( 1, 0) in Cl( 8, 8) CPU =        0.002 ms (setup)        0.005 (comm)        0.007 (pade)        0.007 (series)        0.002 (mix)        0.002 (add) 
Cl( 1, 1) in Cl( 8, 8) CPU =        0.003 ms (setup)        0.008 (comm)        0.007 (pade)        0.009 (series)        0.003 (mix)        0.002 (add) 
Cl( 2, 1) in Cl( 8, 8) CPU =        0.005 ms (setup)        0.013 (comm)        0.017 (pade)        0.015 (series)        0.005 (mix)        0.003 (add) 
Cl( 2, 2) in Cl( 8, 8) CPU =        0.007 ms (setup)        0.028 (comm)        0.026 (pade)        0.034 (series)        0.009 (mix)        0.004 (add) 
Cl( 3, 2) in Cl( 8, 8) CPU =        0.012 ms (setup)        0.082 (comm)        0.100 (pade)        0.090 (series)        0.020 (mix)        0.006 (add) 
Cl( 3, 3) in Cl( 8, 8) CPU =        0.024 ms (setup)        0.188 (comm)        0.117 (pade)        0.293 (series)        0.046 (mix)        0.011 (add) 
Cl( 4, 3) in Cl( 8, 8) CPU =        0.052 ms (setup)        0.599 (comm)        0.417 (pade)        0.946 (series)        0.112 (mix)        0.020 (add) 
Cl( 4, 4) in Cl( 8, 8) CPU =        0.099 ms (setup)        1.516 (comm)        0.640 (pade)        2.410 (series)        0.288 (mix)        0.040 (add) 
Cl( 5, 4) in Cl( 8, 8) CPU =        0.205 ms (setup)        4.685 (comm)        5.583 (pade)        7.444 (series)        0.726 (mix)        0.083 (add) 
Cl( 5, 5) in Cl( 8, 8) CPU =        0.399 ms (setup)        7.324 (comm)        6.779 (pade)       10.848 (series)        1.917 (mix)        0.164 (add) 
Cl( 6, 5) in Cl( 8, 8) CPU =        0.811 ms (setup)       22.888 (comm)       13.097 (pade)       35.441 (series)        5.255 (mix)        0.332 (add) 
Cl( 6, 6) in Cl( 8, 8) CPU =        1.677 ms (setup)       41.120 (comm)       17.831 (pade)       52.510 (series)       14.841 (mix)        0.690 (add) 
Cl( 7, 6) in Cl( 8, 8) CPU =        3.232 ms (setup)      138.752 (comm)       48.540 (pade)      189.567 (series)       42.629 (mix)        1.424 (add) 
Cl( 7, 7) in Cl( 8, 8) CPU =        6.677 ms (setup)      267.868 (comm)       71.066 (pade)      276.456 (series)      127.618 (mix)        2.881 (add) 
Cl( 8, 7) in Cl( 8, 8) CPU =       13.486 ms (setup)      837.266 (comm)      243.104 (pade)      896.351 (series)      395.552 (mix)        8.965 (add) 
Cl( 8, 8) in Cl( 8, 8) CPU =       28.079 ms (setup)     1879.677 (comm)      351.898 (pade)     1361.703 (series)     1211.589 (mix)       18.347 (add) 

matrix_multi<double>
Clifford algebra expressions test:
Fill: 0.5
Cl( 1, 0) in Cl( 1, 0) CPU =        0.004 ms (setup)        0.009 (comm)        0.005 (pade)        0.003 (series)        0.009 (mix)        0.001 (add) 
Cl( 1, 1) in Cl( 1, 1) CPU =        0.011 ms (setup)        0.009 (comm)        0.003 (pade)        0.002 (series)        0.007 (mix)        0.001 (add) 
Cl( 2, 1) in Cl( 2, 1) CPU =        0.005 ms (setup)        0.066 (comm)        0.003 (pade)        0.003 (series)        0.064 (mix)        0.001 (add) 
Cl( 2, 2) in Cl( 2, 2) CPU =        0.007 ms (setup)        0.120 (comm)        0.003 (pade)        0.003 (series)        0.108 (mix)        0.001 (add) 
Cl( 3, 2) in Cl( 3, 2) CPU =        0.041 ms (setup)        0.315 (comm)        0.005 (pade)        0.005 (series)        0.310 (mix)        0.001 (add) 
Cl( 3, 3) in Cl( 3, 3) CPU =        0.070 ms (setup)        0.651 (comm)        0.005 (pade)        0.005 (series)        0.590 (mix)        0.001 (add) 
Cl( 4, 3) in Cl( 4, 3) CPU =        0.149 ms (setup)        2.570 (comm)        0.013 (pade)        0.014 (series)        2.561 (mix)        0.002 (add) 
Cl( 4, 4) in Cl( 4, 4) CPU =        0.293 ms (setup)        3.877 (comm)        0.018 (pade)        0.015 (series)        4.140 (mix)        0.002 (add) 
Cl( 5, 4) in Cl( 5, 4) CPU =        0.707 ms (setup)       15.328 (comm)        0.194 (pade)        0.058 (series)       15.319 (mix)        0.005 (add) 
Cl( 5, 5) in Cl( 5, 5) CPU =        1.298 ms (setup)       22.181 (comm)        0.051 (pade)        0.057 (series)       22.730 (mix)        0.004 (add) 
Cl( 6, 5) in Cl( 6, 5) CPU =        3.008 ms (setup)       87.416 (comm)        0.243 (pade)        1.821 (series)       88.014 (mix)        0.019 (add) 
Cl( 6, 6) in Cl( 6, 6) CPU =        6.104 ms (setup)      120.918 (comm)        0.715 (pade)        1.820 (series)      122.633 (mix)        0.018 (add) 
Cl( 7, 6) in Cl( 7, 6) CPU =       13.804 ms (setup)      567.846 (comm)        5.599 (pade)        3.861 (series)      561.303 (mix)        0.104 (add) 
Cl( 7, 7) in Cl( 7, 7) CPU =       26.313 ms (setup)      742.681 (comm)        5.668 (pade)        3.865 (series)      739.842 (mix)        0.102 (add) 
Cl( 8, 7) in Cl( 8, 7) CPU =       65.553 ms (setup)     4206.917 (comm)       16.962 (pade)       26.099 (series)     4037.463 (mix)        0.417 (add) 
Cl( 8, 8) in Cl( 8, 8) CPU =      128.524 ms (setup)     4545.605 (comm)       17.441 (pade)       21.974 (series)     4531.429 (mix)        0.415 (add) 
Cl( 1, 0) in Cl( 8, 8) CPU =        0.072 ms (setup)       33.187 (comm)       16.705 (pade)       20.305 (series)       20.602 (mix)        0.416 (add) 
Cl( 1, 1) in Cl( 8, 8) CPU =        0.090 ms (setup)       58.695 (comm)       18.003 (pade)       20.343 (series)       46.145 (mix)        0.416 (add) 
Cl( 2, 1) in Cl( 8, 8) CPU =        0.171 ms (setup)      133.423 (comm)       17.840 (pade)       21.975 (series)      122.158 (mix)        0.417 (add) 
Cl( 2, 2) in Cl( 8, 8) CPU =        0.314 ms (setup)      229.710 (comm)       17.649 (pade)       21.800 (series)      217.280 (mix)        0.416 (add) 
Cl( 3, 2) in Cl( 8, 8) CPU =        2.035 ms (setup)      330.651 (comm)       17.489 (pade)       25.795 (series)      315.590 (mix)        0.400 (add) 
Cl( 3, 3) in Cl( 8, 8) CPU =        3.152 ms (setup)      444.300 (comm)       18.851 (pade)       24.274 (series)      431.224 (mix)        0.399 (add) 
Cl( 4, 3) in Cl( 8, 8) CPU =        3.737 ms (setup)      467.637 (comm)       18.337 (pade)       25.805 (series)      455.591 (mix)        0.411 (add) 
Cl( 4, 4) in Cl( 8, 8) CPU =        3.946 ms (setup)      637.097 (comm)       17.363 (pade)       25.812 (series)      619.463 (mix)        0.404 (add) 
Cl( 5, 4) in Cl( 8, 8) CPU =        5.457 ms (setup)      814.927 (comm)       18.812 (pade)       24.294 (series)      800.620 (mix)        0.410 (add) 
Cl( 5, 5) in Cl( 8, 8) CPU =        7.578 ms (setup)      945.446 (comm)       18.909 (pade)       24.270 (series)      930.832 (mix)        0.411 (add) 
Cl( 6, 5) in Cl( 8, 8) CPU =       14.386 ms (setup)     1230.260 (comm)       18.951 (pade)       26.128 (series)     1210.988 (mix)        0.404 (add) 
Cl( 6, 6) in Cl( 8, 8) CPU =       24.293 ms (setup)     1340.251 (comm)       17.396 (pade)       25.841 (series)     1334.872 (mix)        0.408 (add) 
Cl( 7, 6) in Cl( 8, 8) CPU =       55.904 ms (setup)     1758.786 (comm)       17.291 (pade)       26.124 (series)     1752.320 (mix)        0.408 (add) 
Cl( 7, 7) in Cl( 8, 8) CPU =      100.672 ms (setup)     2182.112 (comm)       17.114 (pade)       24.231 (series)     2169.778 (mix)        0.409 (add) 
Cl( 8, 7) in Cl( 8, 8) CPU =      250.358 ms (setup)     3790.750 (comm)       17.279 (pade)       22.082 (series)     3782.504 (mix)        0.403 (add) 
Cl( 8, 8) in Cl( 8, 8) CPU =      128.328 ms (setup)     4497.504 (comm)       17.351 (pade)       26.108 (series)     4464.641 (mix)        0.415 (add) 
Fill: 1
Cl( 1, 0) in Cl( 1, 0) CPU =        0.004 ms (setup)        0.016 (comm)        0.003 (pade)        0.003 (series)        0.015 (mix)        0.001 (add) 
Cl( 1, 1) in Cl( 1, 1) CPU =        0.004 ms (setup)        0.025 (comm)        0.003 (pade)        0.002 (series)        0.022 (mix)        0.001 (add) 
Cl( 2, 1) in Cl( 2, 1) CPU =        0.007 ms (setup)        0.103 (comm)        0.003 (pade)        0.003 (series)        0.081 (mix)        0.001 (add) 
Cl( 2, 2) in Cl( 2, 2) CPU =        0.018 ms (setup)        0.137 (comm)        0.003 (pade)        0.003 (series)        0.135 (mix)        0.001 (add) 
Cl( 3, 2) in Cl( 3, 2) CPU =        0.046 ms (setup)        0.470 (comm)        0.017 (pade)        0.005 (series)        0.485 (mix)        0.001 (add) 
Cl( 3, 3) in Cl( 3, 3) CPU =        0.084 ms (setup)        0.877 (comm)        0.005 (pade)        0.005 (series)        0.748 (mix)        0.001 (add) 
Cl( 4, 3) in Cl( 4, 3) CPU =        0.210 ms (setup)        3.139 (comm)        0.013 (pade)        0.014 (series)        3.120 (mix)        0.002 (add) 
Cl( 4, 4) in Cl( 4, 4) CPU =        0.402 ms (setup)        4.658 (comm)        0.013 (pade)        0.014 (series)        4.641 (mix)        0.002 (add) 
Cl( 5, 4) in Cl( 5, 4) CPU =        0.956 ms (setup)       17.179 (comm)        0.052 (pade)        0.458 (series)       16.915 (mix)        0.005 (add) 
Cl( 5, 5) in Cl( 5, 5) CPU =        1.931 ms (setup)       24.560 (comm)        0.052 (pade)        0.444 (series)       24.654 (mix)        0.004 (add) 
Cl( 6, 5) in Cl( 6, 5) CPU =        4.389 ms (setup)       93.110 (comm)        0.242 (pade)        1.819 (series)       94.910 (mix)        0.020 (add) 
Cl( 6, 6) in Cl( 6, 6) CPU =        8.702 ms (setup)      130.480 (comm)        0.560 (pade)        1.819 (series)      129.862 (mix)        0.019 (add) 
Cl( 7, 6) in Cl( 7, 6) CPU =       20.594 ms (setup)      611.991 (comm)        5.987 (pade)        2.362 (series)      605.968 (mix)        0.104 (add) 
Cl( 7, 7) in Cl( 7, 7) CPU =       42.112 ms (setup)      804.663 (comm)        6.017 (pade)        3.869 (series)      800.630 (mix)        0.104 (add) 
Cl( 8, 7) in Cl( 8, 7) CPU =      107.750 ms (setup)     4957.174 (comm)       15.781 (pade)       26.165 (series)     4741.334 (mix)        0.413 (add) 
Cl( 8, 8) in Cl( 8, 8) CPU =      214.286 ms (setup)     4992.081 (comm)       17.123 (pade)       27.822 (series)     4958.731 (mix)        0.428 (add) 
Cl( 1, 0) in Cl( 8, 8) CPU =        0.084 ms (setup)       84.112 (comm)       17.710 (pade)       25.801 (series)       70.388 (mix)        0.422 (add) 
Cl( 1, 1) in Cl( 8, 8) CPU =        0.137 ms (setup)      127.559 (comm)       17.745 (pade)       24.290 (series)      114.882 (mix)        0.412 (add) 
Cl( 2, 1) in Cl( 8, 8) CPU =        0.263 ms (setup)      187.742 (comm)       17.700 (pade)       25.785 (series)      176.134 (mix)        0.416 (add) 
Cl( 2, 2) in Cl( 8, 8) CPU =        3.009 ms (setup)      265.414 (comm)       17.680 (pade)       25.834 (series)      253.317 (mix)        0.399 (add) 
Cl( 3, 2) in Cl( 8, 8) CPU =        3.102 ms (setup)      360.918 (comm)       17.581 (pade)       24.285 (series)      349.558 (mix)        0.403 (add) 
Cl( 3, 3) in Cl( 8, 8) CPU =        3.216 ms (setup)      489.791 (comm)       17.444 (pade)       25.806 (series)      475.546 (mix)        0.404 (add) 
Cl( 4, 3) in Cl( 8, 8) CPU =        3.691 ms (setup)      639.081 (comm)       17.498 (pade)       24.272 (series)      628.712 (mix)        0.406 (add) 
Cl( 4, 4) in Cl( 8, 8) CPU =        4.313 ms (setup)      792.433 (comm)       17.499 (pade)       25.746 (series)      779.088 (mix)        0.414 (add) 
Cl( 5, 4) in Cl( 8, 8) CPU =        6.309 ms (setup)      963.763 (comm)       17.369 (pade)       25.845 (series)      947.766 (mix)        0.404 (add) 
Cl( 5, 5) in Cl( 8, 8) CPU =        9.144 ms (setup)     1123.903 (comm)       17.445 (pade)       25.843 (series)     1110.837 (mix)        0.404 (add) 
Cl( 6, 5) in Cl( 8, 8) CPU =       18.355 ms (setup)     1353.418 (comm)       18.814 (pade)       24.337 (series)     1347.173 (mix)        0.405 (add) 
Cl( 6, 6) in Cl( 8, 8) CPU =       33.370 ms (setup)     1549.081 (comm)       18.840 (pade)       25.779 (series)     1536.373 (mix)        0.403 (add) 
Cl( 7, 6) in Cl( 8, 8) CPU =       74.172 ms (setup)     2046.438 (comm)       17.395 (pade)       37.686 (series)     2032.004 (mix)        0.401 (add) 
Cl( 7, 7) in Cl( 8, 8) CPU =      140.282 ms (setup)     2392.155 (comm)       19.011 (pade)       21.940 (series)     2376.130 (mix)        0.421 (add) 
Cl( 8, 7) in Cl( 8, 8) CPU =      342.518 ms (setup)     4043.044 (comm)       18.581 (pade)       22.040 (series)     4040.844 (mix)        0.440 (add) 
Cl( 8, 8) in Cl( 8, 8) CPU =      212.183 ms (setup)     4975.989 (comm)       18.803 (pade)       26.123 (series)     4956.556 (mix)        0.438 (add) 
