expressions/expressions
	linux-vdso.so.1 (0x00007a3d0160c000)
	libflexiblas.so.3 => /lib/x86_64-linux-gnu/libflexiblas.so.3 (0x00007a3d00c00000)
	libstdc++.so.6 => /lib/x86_64-linux-gnu/libstdc++.so.6 (0x00007a3d00800000)
	libm.so.6 => /lib/x86_64-linux-gnu/libm.so.6 (0x00007a3d013fa000)
	libgcc_s.so.1 => /lib/x86_64-linux-gnu/libgcc_s.so.1 (0x00007a3d013cd000)
	libc.so.6 => /lib/x86_64-linux-gnu/libc.so.6 (0x00007a3d00400000)
	/lib64/ld-linux-x86-64.so.2 (0x00007a3d0160e000)
gfft_test/gfft_test
	linux-vdso.so.1 (0x000076874c1fc000)
	libflexiblas.so.3 => /lib/x86_64-linux-gnu/libflexiblas.so.3 (0x000076874ba00000)
	libstdc++.so.6 => /lib/x86_64-linux-gnu/libstdc++.so.6 (0x000076874b600000)
	libm.so.6 => /lib/x86_64-linux-gnu/libm.so.6 (0x000076874b909000)
	libgcc_s.so.1 => /lib/x86_64-linux-gnu/libgcc_s.so.1 (0x000076874c125000)
	libc.so.6 => /lib/x86_64-linux-gnu/libc.so.6 (0x000076874b200000)
	/lib64/ld-linux-x86-64.so.2 (0x000076874c1fe000)
products/products
	linux-vdso.so.1 (0x00007985e2d5b000)
	libflexiblas.so.3 => /lib/x86_64-linux-gnu/libflexiblas.so.3 (0x00007985e2400000)
	libstdc++.so.6 => /lib/x86_64-linux-gnu/libstdc++.so.6 (0x00007985e2000000)
	libm.so.6 => /lib/x86_64-linux-gnu/libm.so.6 (0x00007985e2b5c000)
	libgcc_s.so.1 => /lib/x86_64-linux-gnu/libgcc_s.so.1 (0x00007985e2b2f000)
	libc.so.6 => /lib/x86_64-linux-gnu/libc.so.6 (0x00007985e1c00000)
	/lib64/ld-linux-x86-64.so.2 (0x00007985e2d5d000)
squaring/squaring
	linux-vdso.so.1 (0x0000737eb1d7b000)
	libflexiblas.so.3 => /lib/x86_64-linux-gnu/libflexiblas.so.3 (0x0000737eb1400000)
	libstdc++.so.6 => /lib/x86_64-linux-gnu/libstdc++.so.6 (0x0000737eb1000000)
	libm.so.6 => /lib/x86_64-linux-gnu/libm.so.6 (0x0000737eb1bd7000)
	libgcc_s.so.1 => /lib/x86_64-linux-gnu/libgcc_s.so.1 (0x0000737eb1baa000)
	libc.so.6 => /lib/x86_64-linux-gnu/libc.so.6 (0x0000737eb0c00000)
	/lib64/ld-linux-x86-64.so.2 (0x0000737eb1d7d000)
transforms/transforms
	linux-vdso.so.1 (0x000077c7321c7000)
	libflexiblas.so.3 => /lib/x86_64-linux-gnu/libflexiblas.so.3 (0x000077c731a00000)
	libstdc++.so.6 => /lib/x86_64-linux-gnu/libstdc++.so.6 (0x000077c731600000)
	libm.so.6 => /lib/x86_64-linux-gnu/libm.so.6 (0x000077c731909000)
	libgcc_s.so.1 => /lib/x86_64-linux-gnu/libgcc_s.so.1 (0x000077c7318dc000)
	libc.so.6 => /lib/x86_64-linux-gnu/libc.so.6 (0x000077c731200000)
	/lib64/ld-linux-x86-64.so.2 (0x000077c7321c9000)
versor/versor
	linux-vdso.so.1 (0x000073a95fd41000)
	libflexiblas.so.3 => /lib/x86_64-linux-gnu/libflexiblas.so.3 (0x000073a95f400000)
	libstdc++.so.6 => /lib/x86_64-linux-gnu/libstdc++.so.6 (0x000073a95f000000)
	libm.so.6 => /lib/x86_64-linux-gnu/libm.so.6 (0x000073a95fb9b000)
	libgcc_s.so.1 => /lib/x86_64-linux-gnu/libgcc_s.so.1 (0x000073a95fb6e000)
	libc.so.6 => /lib/x86_64-linux-gnu/libc.so.6 (0x000073a95ec00000)
	/lib64/ld-linux-x86-64.so.2 (0x000073a95fd43000)
