
framed_multi<double>
Clifford algebra squaring test:
Fill: 0.5
Cl( 1, 0) in Cl( 1, 0) CPU =        0.037 ms (setup)        0.010 (*) 
Cl( 1, 1) in Cl( 1, 1) CPU =        0.002 ms (setup)        0.001 (*) 
Cl( 2, 1) in Cl( 2, 1) CPU =        0.002 ms (setup)        0.005 (*) 
Cl( 2, 2) in Cl( 2, 2) CPU =        0.003 ms (setup)        0.006 (*) 
Cl( 3, 2) in Cl( 3, 2) CPU =        0.005 ms (setup)        0.012 (*) 
Cl( 3, 3) in Cl( 3, 3) CPU =        0.011 ms (setup)        0.034 (*) 
Cl( 4, 3) in Cl( 4, 3) CPU =        0.017 ms (setup)        0.102 (*) 
Cl( 4, 4) in Cl( 4, 4) CPU =        0.034 ms (setup)        0.639 (*) 
Cl( 5, 4) in Cl( 5, 4) CPU =        0.070 ms (setup)        1.885 (*) 
Cl( 5, 5) in Cl( 5, 5) CPU =        0.134 ms (setup)        2.300 (*) 
Cl( 6, 5) in Cl( 6, 5) CPU =        0.324 ms (setup)        8.386 (*) 
Cl( 6, 6) in Cl( 6, 6) CPU =        0.564 ms (setup)       11.200 (*) 
Cl( 7, 6) in Cl( 7, 6) CPU =        1.135 ms (setup)       42.589 (*) 
Cl( 7, 7) in Cl( 7, 7) CPU =        2.014 ms (setup)       56.252 (*) 
Cl( 8, 7) in Cl( 8, 7) CPU =        4.223 ms (setup)      185.461 (*) 
Cl( 8, 8) in Cl( 8, 8) CPU =        8.294 ms (setup)      250.965 (*) 
Cl( 9, 8) in Cl( 9, 8) CPU =       16.625 ms (setup)      705.526 (*) 
Cl( 9, 9) in Cl( 9, 9) CPU =       39.901 ms (setup)     1288.170 (*) 
Cl(10, 9) in Cl(10, 9) CPU =       74.202 ms (setup)     4944.013 (*) 
Cl(10,10) in Cl(10,10) CPU =      162.639 ms (setup)     7051.204 (*) 
Cl(11,10) in Cl(11,10) CPU =      355.588 ms (setup)    29007.229 (*) 
Cl(11,11) in Cl(11,11) CPU =      650.459 ms (setup)    42827.125 (*) 
Fill: 1
Cl( 1, 0) in Cl( 1, 0) CPU =        0.006 ms (setup)        0.008 (*) 
Cl( 1, 1) in Cl( 1, 1) CPU =        0.002 ms (setup)        0.004 (*) 
Cl( 2, 1) in Cl( 2, 1) CPU =        0.003 ms (setup)        0.007 (*) 
Cl( 2, 2) in Cl( 2, 2) CPU =        0.004 ms (setup)        0.010 (*) 
Cl( 3, 2) in Cl( 3, 2) CPU =        0.009 ms (setup)        0.025 (*) 
Cl( 3, 3) in Cl( 3, 3) CPU =        0.014 ms (setup)        0.074 (*) 
Cl( 4, 3) in Cl( 4, 3) CPU =        0.030 ms (setup)        0.231 (*) 
Cl( 4, 4) in Cl( 4, 4) CPU =        0.056 ms (setup)       46.765 (*) 
Cl( 5, 4) in Cl( 5, 4) CPU =        0.117 ms (setup)        1.859 (*) 
Cl( 5, 5) in Cl( 5, 5) CPU =        0.215 ms (setup)        2.717 (*) 
Cl( 6, 5) in Cl( 6, 5) CPU =        0.422 ms (setup)        9.106 (*) 
Cl( 6, 6) in Cl( 6, 6) CPU =        0.809 ms (setup)       13.259 (*) 
Cl( 7, 6) in Cl( 7, 6) CPU =        1.687 ms (setup)       48.336 (*) 
Cl( 7, 7) in Cl( 7, 7) CPU =        3.721 ms (setup)       71.456 (*) 
Cl( 8, 7) in Cl( 8, 7) CPU =        6.872 ms (setup)      226.781 (*) 
Cl( 8, 8) in Cl( 8, 8) CPU =       14.137 ms (setup)      341.002 (*) 
Cl( 9, 8) in Cl( 9, 8) CPU =       29.653 ms (setup)      925.104 (*) 
Cl( 9, 9) in Cl( 9, 9) CPU =       68.912 ms (setup)     1840.358 (*) 
Cl(10, 9) in Cl(10, 9) CPU =      148.916 ms (setup)     6482.917 (*) 
Cl(10,10) in Cl(10,10) CPU =      322.149 ms (setup)    10500.106 (*) 
Cl(11,10) in Cl(11,10) CPU =      604.258 ms (setup)    39645.967 (*) 
Cl(11,11) in Cl(11,11) CPU =     1342.471 ms (setup)    67566.751 (*) 

matrix_multi<double>
Clifford algebra squaring test:
Fill: 0.5
Cl( 1, 0) in Cl( 1, 0) CPU =        0.035 ms (setup)        0.002 (*) 
Cl( 1, 1) in Cl( 1, 1) CPU =        0.006 ms (setup)        0.001 (*) 
Cl( 2, 1) in Cl( 2, 1) CPU =        0.020 ms (setup)        0.002 (*) 
Cl( 2, 2) in Cl( 2, 2) CPU =        0.018 ms (setup)        0.001 (*) 
Cl( 3, 2) in Cl( 3, 2) CPU =        0.046 ms (setup)        0.008 (*) 
Cl( 3, 3) in Cl( 3, 3) CPU =       33.859 ms (setup)        0.009 (*) 
Cl( 4, 3) in Cl( 4, 3) CPU =        0.086 ms (setup)        0.005 (*) 
Cl( 4, 4) in Cl( 4, 4) CPU =        0.152 ms (setup)        0.005 (*) 
Cl( 5, 4) in Cl( 5, 4) CPU =        0.352 ms (setup)        0.013 (*) 
Cl( 5, 5) in Cl( 5, 5) CPU =        0.649 ms (setup)        0.014 (*) 
Cl( 6, 5) in Cl( 6, 5) CPU =        1.531 ms (setup)        0.064 (*) 
Cl( 6, 6) in Cl( 6, 6) CPU =        2.945 ms (setup)        0.063 (*) 
Cl( 7, 6) in Cl( 7, 6) CPU =        6.828 ms (setup)        0.282 (*) 
Cl( 7, 7) in Cl( 7, 7) CPU =       17.609 ms (setup)        0.380 (*) 
Cl( 8, 7) in Cl( 8, 7) CPU =       35.514 ms (setup)        1.312 (*) 
Cl( 8, 8) in Cl( 8, 8) CPU =       69.266 ms (setup)        3.585 (*) 
Cl( 9, 8) in Cl( 9, 8) CPU =      160.501 ms (setup)       25.961 (*) 
Cl( 9, 9) in Cl( 9, 9) CPU =      309.093 ms (setup)       25.405 (*) 
Cl(10, 9) in Cl(10, 9) CPU =      788.155 ms (setup)      207.975 (*) 
Cl(10,10) in Cl(10,10) CPU =     1561.821 ms (setup)      206.539 (*) 
Cl(11,10) in Cl(11,10) CPU =     4284.411 ms (setup)     1638.123 (*) 
Cl(11,11) in Cl(11,11) CPU =     8511.511 ms (setup)     1628.128 (*) 
Fill: 1
Cl( 1, 0) in Cl( 1, 0) CPU =        0.018 ms (setup)        0.002 (*) 
Cl( 1, 1) in Cl( 1, 1) CPU =        0.013 ms (setup)        0.001 (*) 
Cl( 2, 1) in Cl( 2, 1) CPU =        0.016 ms (setup)        0.001 (*) 
Cl( 2, 2) in Cl( 2, 2) CPU =        0.020 ms (setup)        0.001 (*) 
Cl( 3, 2) in Cl( 3, 2) CPU =       34.791 ms (setup)        0.010 (*) 
Cl( 3, 3) in Cl( 3, 3) CPU =        0.061 ms (setup)        0.003 (*) 
Cl( 4, 3) in Cl( 4, 3) CPU =        0.117 ms (setup)        0.005 (*) 
Cl( 4, 4) in Cl( 4, 4) CPU =        0.210 ms (setup)        0.005 (*) 
Cl( 5, 4) in Cl( 5, 4) CPU =        0.512 ms (setup)        0.014 (*) 
Cl( 5, 5) in Cl( 5, 5) CPU =        0.950 ms (setup)        0.013 (*) 
Cl( 6, 5) in Cl( 6, 5) CPU =        2.248 ms (setup)        0.064 (*) 
Cl( 6, 6) in Cl( 6, 6) CPU =        4.857 ms (setup)        0.072 (*) 
Cl( 7, 6) in Cl( 7, 6) CPU =       11.044 ms (setup)        0.275 (*) 
Cl( 7, 7) in Cl( 7, 7) CPU =       25.287 ms (setup)        0.255 (*) 
Cl( 8, 7) in Cl( 8, 7) CPU =       55.526 ms (setup)        3.579 (*) 
Cl( 8, 8) in Cl( 8, 8) CPU =      108.201 ms (setup)        2.420 (*) 
Cl( 9, 8) in Cl( 9, 8) CPU =      275.150 ms (setup)       26.761 (*) 
Cl( 9, 9) in Cl( 9, 9) CPU =      544.356 ms (setup)       26.447 (*) 
Cl(10, 9) in Cl(10, 9) CPU =     1459.057 ms (setup)      210.507 (*) 
Cl(10,10) in Cl(10,10) CPU =     2982.129 ms (setup)      208.666 (*) 
Cl(11,10) in Cl(11,10) CPU =     8503.184 ms (setup)     1626.859 (*) 
Cl(11,11) in Cl(11,11) CPU =    17680.356 ms (setup)     1627.514 (*) 
