
framed_multi<float,-4,4>
Clifford algebra expressions test:
Fill: 0.5
Cl( 1, 0) in Cl( 1, 0) CPU =        0.004 ms (setup)        0.003 (comm)        0.018 (pade)        0.004 (series)        0.002 (mix)        0.003 (add) 
Cl( 1, 1) in Cl( 1, 1) CPU =        0.002 ms (setup)        0.001 (comm)        0.016 (pade)        0.001 (series)        0.001 (mix)        0.002 (add) 
Cl( 2, 1) in Cl( 2, 1) CPU =        0.003 ms (setup)        0.009 (comm)        0.030 (pade)        0.011 (series)        0.003 (mix)        0.003 (add) 
Cl( 2, 2) in Cl( 2, 2) CPU =        0.004 ms (setup)        0.015 (comm)        0.032 (pade)        0.020 (series)        0.005 (mix)        0.003 (add) 
Cl( 3, 2) in Cl( 3, 2) CPU =        0.006 ms (setup)        0.033 (comm)        0.106 (pade)        0.033 (series)        0.012 (mix)        0.005 (add) 
Cl( 3, 3) in Cl( 3, 3) CPU =        0.015 ms (setup)        0.087 (comm)        0.134 (pade)        0.134 (series)        0.032 (mix)        0.009 (add) 
Cl( 4, 3) in Cl( 4, 3) CPU =        1.536 ms (setup)        1.007 (comm)        1.956 (pade)        1.980 (series)        0.069 (mix)        0.017 (add) 
Cl( 4, 4) in Cl( 4, 4) CPU =        0.059 ms (setup)        1.266 (comm)        1.992 (pade)        2.222 (series)        0.192 (mix)        0.041 (add) 
Cl( 1, 0) in Cl( 4, 4) CPU =        0.001 ms (setup)        0.003 (comm)        0.015 (pade)        0.005 (series)        0.001 (mix)        0.002 (add) 
Cl( 1, 1) in Cl( 4, 4) CPU =        0.002 ms (setup)        0.004 (comm)        0.015 (pade)        0.005 (series)        0.002 (mix)        0.003 (add) 
Cl( 2, 1) in Cl( 4, 4) CPU =        0.003 ms (setup)        0.009 (comm)        0.030 (pade)        0.012 (series)        0.003 (mix)        0.003 (add) 
Cl( 2, 2) in Cl( 4, 4) CPU =        0.004 ms (setup)        0.017 (comm)        0.034 (pade)        0.022 (series)        0.006 (mix)        0.004 (add) 
Cl( 3, 2) in Cl( 4, 4) CPU =        0.007 ms (setup)        1.256 (comm)        0.104 (pade)        0.052 (series)        0.013 (mix)        0.005 (add) 
Cl( 3, 3) in Cl( 4, 4) CPU =        0.015 ms (setup)        0.087 (comm)        0.140 (pade)        0.137 (series)        0.030 (mix)        0.011 (add) 
Cl( 4, 3) in Cl( 4, 4) CPU =        0.030 ms (setup)        1.064 (comm)        1.949 (pade)        1.927 (series)        0.061 (mix)        0.016 (add) 
Cl( 4, 4) in Cl( 4, 4) CPU =        0.058 ms (setup)        1.154 (comm)        1.465 (pade)        2.072 (series)        0.180 (mix)        0.042 (add) 
Fill: 1
Cl( 1, 0) in Cl( 1, 0) CPU =        0.003 ms (setup)        0.005 (comm)        0.015 (pade)        0.007 (series)        0.002 (mix)        0.003 (add) 
Cl( 1, 1) in Cl( 1, 1) CPU =        0.002 ms (setup)        0.007 (comm)        0.016 (pade)        0.009 (series)        0.002 (mix)        0.003 (add) 
Cl( 2, 1) in Cl( 2, 1) CPU =        0.003 ms (setup)        0.011 (comm)        0.030 (pade)        0.013 (series)        0.004 (mix)        0.003 (add) 
Cl( 2, 2) in Cl( 2, 2) CPU =        0.005 ms (setup)        0.022 (comm)        0.041 (pade)        0.027 (series)        0.007 (mix)        0.005 (add) 
Cl( 3, 2) in Cl( 3, 2) CPU =        0.013 ms (setup)        0.054 (comm)        0.105 (pade)        0.072 (series)        0.018 (mix)        0.007 (add) 
Cl( 3, 3) in Cl( 3, 3) CPU =        0.022 ms (setup)        0.150 (comm)        0.144 (pade)        0.214 (series)        0.043 (mix)        0.013 (add) 
Cl( 4, 3) in Cl( 4, 3) CPU =        0.047 ms (setup)        0.414 (comm)        1.474 (pade)        1.572 (series)        0.095 (mix)        0.028 (add) 
Cl( 4, 4) in Cl( 4, 4) CPU =        0.095 ms (setup)        1.451 (comm)        1.998 (pade)        2.376 (series)        0.252 (mix)        0.073 (add) 
Cl( 1, 0) in Cl( 4, 4) CPU =        0.002 ms (setup)        0.005 (comm)        0.016 (pade)        0.007 (series)        0.002 (mix)        0.003 (add) 
Cl( 1, 1) in Cl( 4, 4) CPU =        0.003 ms (setup)        0.007 (comm)        0.018 (pade)        0.009 (series)        0.003 (mix)        0.003 (add) 
Cl( 2, 1) in Cl( 4, 4) CPU =        0.003 ms (setup)        0.011 (comm)        0.030 (pade)        0.014 (series)        0.004 (mix)        0.003 (add) 
Cl( 2, 2) in Cl( 4, 4) CPU =        0.005 ms (setup)        0.022 (comm)        0.041 (pade)        1.195 (series)        0.007 (mix)        0.005 (add) 
Cl( 3, 2) in Cl( 4, 4) CPU =        0.011 ms (setup)        0.054 (comm)        0.106 (pade)        0.072 (series)        0.018 (mix)        0.007 (add) 
Cl( 3, 3) in Cl( 4, 4) CPU =        1.524 ms (setup)        0.150 (comm)        0.144 (pade)        0.237 (series)        0.043 (mix)        0.013 (add) 
Cl( 4, 3) in Cl( 4, 4) CPU =        0.047 ms (setup)        0.417 (comm)        1.222 (pade)        1.750 (series)        0.099 (mix)        0.024 (add) 
Cl( 4, 4) in Cl( 4, 4) CPU =        0.097 ms (setup)        1.450 (comm)        1.816 (pade)        2.823 (series)        0.321 (mix)        0.070 (add) 

matrix_multi<float,-4,4>
Clifford algebra expressions test:
Fill: 0.5
Cl( 1, 0) in Cl( 1, 0) CPU =        0.002 ms (setup)        0.007 (comm)        0.012 (pade)        0.002 (series)        0.006 (mix)        0.001 (add) 
Cl( 1, 1) in Cl( 1, 1) CPU =        0.005 ms (setup)        0.016 (comm)        0.011 (pade)        0.002 (series)        0.015 (mix)        0.001 (add) 
Cl( 2, 1) in Cl( 2, 1) CPU =        0.005 ms (setup)        0.714 (comm)        0.013 (pade)        0.002 (series)        0.079 (mix)        0.001 (add) 
Cl( 2, 2) in Cl( 2, 2) CPU =        0.007 ms (setup)        0.120 (comm)        0.011 (pade)        0.002 (series)        0.119 (mix)        0.001 (add) 
Cl( 3, 2) in Cl( 3, 2) CPU =        0.035 ms (setup)        2.105 (comm)        0.017 (pade)        0.006 (series)        0.383 (mix)        0.001 (add) 
Cl( 3, 3) in Cl( 3, 3) CPU =        0.060 ms (setup)        0.700 (comm)        0.016 (pade)        0.005 (series)        1.697 (mix)        0.001 (add) 
Cl( 4, 3) in Cl( 4, 3) CPU =        0.188 ms (setup)        2.970 (comm)        0.025 (pade)        0.012 (series)        2.753 (mix)        0.001 (add) 
Cl( 4, 4) in Cl( 4, 4) CPU =        0.253 ms (setup)        4.046 (comm)        0.025 (pade)        0.013 (series)        4.050 (mix)        0.001 (add) 
Cl( 1, 0) in Cl( 4, 4) CPU =        0.005 ms (setup)        0.077 (comm)        0.107 (pade)        0.012 (series)        0.077 (mix)        0.001 (add) 
Cl( 1, 1) in Cl( 4, 4) CPU =        0.007 ms (setup)        0.106 (comm)        0.022 (pade)        0.012 (series)        1.606 (mix)        0.001 (add) 
Cl( 2, 1) in Cl( 4, 4) CPU =        0.021 ms (setup)        0.240 (comm)        1.530 (pade)        0.012 (series)        0.233 (mix)        0.001 (add) 
Cl( 2, 2) in Cl( 4, 4) CPU =        0.036 ms (setup)        0.402 (comm)        0.025 (pade)        0.198 (series)        0.283 (mix)        0.001 (add) 
Cl( 3, 2) in Cl( 4, 4) CPU =        0.433 ms (setup)        0.695 (comm)        0.025 (pade)        0.012 (series)        2.023 (mix)        0.001 (add) 
Cl( 3, 3) in Cl( 4, 4) CPU =        0.196 ms (setup)        1.009 (comm)        0.025 (pade)        0.012 (series)        1.179 (mix)        0.001 (add) 
Cl( 4, 3) in Cl( 4, 4) CPU =        0.514 ms (setup)        2.619 (comm)        0.025 (pade)        0.012 (series)        2.591 (mix)        0.001 (add) 
Cl( 4, 4) in Cl( 4, 4) CPU =        0.251 ms (setup)        4.122 (comm)        0.025 (pade)        0.013 (series)        4.172 (mix)        0.002 (add) 
Fill: 1
Cl( 1, 0) in Cl( 1, 0) CPU =        0.004 ms (setup)        0.015 (comm)        0.011 (pade)        0.002 (series)        0.015 (mix)        0.001 (add) 
Cl( 1, 1) in Cl( 1, 1) CPU =        0.004 ms (setup)        0.026 (comm)        0.011 (pade)        0.002 (series)        0.025 (mix)        0.001 (add) 
Cl( 2, 1) in Cl( 2, 1) CPU =        0.007 ms (setup)        0.091 (comm)        0.013 (pade)        0.002 (series)        1.434 (mix)        0.001 (add) 
Cl( 2, 2) in Cl( 2, 2) CPU =        0.016 ms (setup)        0.148 (comm)        0.012 (pade)        0.002 (series)        1.650 (mix)        0.001 (add) 
Cl( 3, 2) in Cl( 3, 2) CPU =        0.041 ms (setup)        1.929 (comm)        0.017 (pade)        0.005 (series)        2.471 (mix)        0.001 (add) 
Cl( 3, 3) in Cl( 3, 3) CPU =        0.072 ms (setup)        0.775 (comm)        0.017 (pade)        0.006 (series)        1.821 (mix)        0.001 (add) 
Cl( 4, 3) in Cl( 4, 3) CPU =        0.180 ms (setup)        3.208 (comm)        0.025 (pade)        0.013 (series)        3.174 (mix)        0.001 (add) 
Cl( 4, 4) in Cl( 4, 4) CPU =        0.365 ms (setup)        4.729 (comm)        0.025 (pade)        0.014 (series)        4.734 (mix)        0.001 (add) 
Cl( 1, 0) in Cl( 4, 4) CPU =        0.007 ms (setup)        0.139 (comm)        0.017 (pade)        0.011 (series)        0.134 (mix)        0.001 (add) 
Cl( 1, 1) in Cl( 4, 4) CPU =        0.010 ms (setup)        0.181 (comm)        0.023 (pade)        0.012 (series)        0.198 (mix)        0.001 (add) 
Cl( 2, 1) in Cl( 4, 4) CPU =        0.029 ms (setup)        0.549 (comm)        0.025 (pade)        0.012 (series)        0.301 (mix)        0.001 (add) 
Cl( 2, 2) in Cl( 4, 4) CPU =        0.071 ms (setup)        0.390 (comm)        0.024 (pade)        0.012 (series)        2.380 (mix)        0.001 (add) 
Cl( 3, 2) in Cl( 4, 4) CPU =        0.159 ms (setup)        0.769 (comm)        0.025 (pade)        0.013 (series)        2.030 (mix)        0.001 (add) 
Cl( 3, 3) in Cl( 4, 4) CPU =        0.240 ms (setup)        1.188 (comm)        0.026 (pade)        0.013 (series)        1.180 (mix)        0.001 (add) 
Cl( 4, 3) in Cl( 4, 4) CPU =        0.663 ms (setup)        3.359 (comm)        0.028 (pade)        0.012 (series)        3.352 (mix)        0.001 (add) 
Cl( 4, 4) in Cl( 4, 4) CPU =        0.365 ms (setup)        4.743 (comm)        0.025 (pade)        0.012 (series)        4.766 (mix)        0.001 (add) 

framed_multi<double>
Clifford algebra expressions test:
Fill: 0.5
Cl( 1, 0) in Cl( 1, 0) CPU =        0.004 ms (setup)        0.002 (comm)        0.016 (pade)        0.004 (series)        0.002 (mix)        0.003 (add) 
Cl( 1, 1) in Cl( 1, 1) CPU =        0.002 ms (setup)        0.002 (comm)        0.016 (pade)        0.002 (series)        0.001 (mix)        0.003 (add) 
Cl( 2, 1) in Cl( 2, 1) CPU =        0.003 ms (setup)        0.011 (comm)        0.028 (pade)        0.013 (series)        0.004 (mix)        0.003 (add) 
Cl( 2, 2) in Cl( 2, 2) CPU =        0.004 ms (setup)        0.020 (comm)        0.031 (pade)        0.025 (series)        1.208 (mix)        0.004 (add) 
Cl( 3, 2) in Cl( 3, 2) CPU =        0.007 ms (setup)        0.046 (comm)        0.105 (pade)        0.045 (series)        0.015 (mix)        0.005 (add) 
Cl( 3, 3) in Cl( 3, 3) CPU =        0.017 ms (setup)        1.622 (comm)        0.132 (pade)        1.695 (series)        0.038 (mix)        0.007 (add) 
Cl( 4, 3) in Cl( 4, 3) CPU =        0.033 ms (setup)        1.429 (comm)        1.175 (pade)        1.449 (series)        0.081 (mix)        0.012 (add) 
Cl( 4, 4) in Cl( 4, 4) CPU =        0.062 ms (setup)        1.131 (comm)        1.300 (pade)        1.907 (series)        0.212 (mix)        0.023 (add) 
Cl( 5, 4) in Cl( 5, 4) CPU =        0.119 ms (setup)        3.708 (comm)        4.322 (pade)        6.600 (series)        0.552 (mix)        0.044 (add) 
Cl( 5, 5) in Cl( 5, 5) CPU =        0.238 ms (setup)        5.743 (comm)        6.014 (pade)        9.097 (series)        1.466 (mix)        0.096 (add) 
Cl( 6, 5) in Cl( 6, 5) CPU =        0.506 ms (setup)       19.182 (comm)       12.255 (pade)       31.683 (series)        3.914 (mix)        0.192 (add) 
Cl( 6, 6) in Cl( 6, 6) CPU =        0.995 ms (setup)       31.252 (comm)       15.255 (pade)       43.368 (series)       11.049 (mix)        0.371 (add) 
Cl( 7, 6) in Cl( 7, 6) CPU =        1.996 ms (setup)      110.809 (comm)       42.248 (pade)      169.174 (series)       31.828 (mix)        0.762 (add) 
Cl( 7, 7) in Cl( 7, 7) CPU =        3.960 ms (setup)      199.278 (comm)       58.299 (pade)      226.232 (series)       93.798 (mix)        1.561 (add) 
Cl( 8, 7) in Cl( 8, 7) CPU =        8.021 ms (setup)      642.450 (comm)      204.941 (pade)      770.752 (series)      281.936 (mix)        3.321 (add) 
Cl( 8, 8) in Cl( 8, 8) CPU =       16.561 ms (setup)     1355.435 (comm)      279.983 (pade)     1078.721 (series)      864.096 (mix)        7.959 (add) 
Cl( 1, 0) in Cl( 8, 8) CPU =        0.004 ms (setup)        0.002 (comm)        0.005 (pade)        0.003 (series)        0.001 (mix)        0.002 (add) 
Cl( 1, 1) in Cl( 8, 8) CPU =        0.002 ms (setup)        0.001 (comm)        0.016 (pade)        0.001 (series)        0.001 (mix)        0.003 (add) 
Cl( 2, 1) in Cl( 8, 8) CPU =        0.003 ms (setup)        0.010 (comm)        0.028 (pade)        0.011 (series)        0.004 (mix)        0.003 (add) 
Cl( 2, 2) in Cl( 8, 8) CPU =        0.004 ms (setup)        0.021 (comm)        0.032 (pade)        0.023 (series)        0.007 (mix)        0.004 (add) 
Cl( 3, 2) in Cl( 8, 8) CPU =        0.007 ms (setup)        0.034 (comm)        0.080 (pade)        0.036 (series)        0.012 (mix)        0.003 (add) 
Cl( 3, 3) in Cl( 8, 8) CPU =        0.015 ms (setup)        0.118 (comm)        0.131 (pade)        0.179 (series)        0.040 (mix)        0.007 (add) 
Cl( 4, 3) in Cl( 8, 8) CPU =        0.032 ms (setup)        0.506 (comm)        0.420 (pade)        1.928 (series)        0.082 (mix)        0.013 (add) 
Cl( 4, 4) in Cl( 8, 8) CPU =        0.066 ms (setup)        1.115 (comm)        2.078 (pade)        1.890 (series)        0.207 (mix)        0.023 (add) 
Cl( 5, 4) in Cl( 8, 8) CPU =        0.126 ms (setup)        3.784 (comm)        6.002 (pade)        6.739 (series)        0.530 (mix)        0.044 (add) 
Cl( 5, 5) in Cl( 8, 8) CPU =        0.238 ms (setup)        5.599 (comm)        7.486 (pade)        9.294 (series)        1.375 (mix)        0.085 (add) 
Cl( 6, 5) in Cl( 8, 8) CPU =        0.483 ms (setup)       19.107 (comm)       12.664 (pade)       31.495 (series)        3.865 (mix)        0.181 (add) 
Cl( 6, 6) in Cl( 8, 8) CPU =        0.959 ms (setup)       31.537 (comm)       15.226 (pade)       42.967 (series)       10.933 (mix)        0.365 (add) 
Cl( 7, 6) in Cl( 8, 8) CPU =        2.127 ms (setup)      111.124 (comm)       42.970 (pade)      166.073 (series)       32.194 (mix)        0.764 (add) 
Cl( 7, 7) in Cl( 8, 8) CPU =        3.959 ms (setup)      201.081 (comm)       57.941 (pade)      227.743 (series)       97.522 (mix)        1.568 (add) 
Cl( 8, 7) in Cl( 8, 8) CPU =        8.137 ms (setup)      650.221 (comm)      197.748 (pade)      769.414 (series)      288.692 (mix)        3.396 (add) 
Cl( 8, 8) in Cl( 8, 8) CPU =       16.425 ms (setup)     1357.022 (comm)      276.429 (pade)     1077.383 (series)      866.935 (mix)        8.060 (add) 
Fill: 1
Cl( 1, 0) in Cl( 1, 0) CPU =        0.002 ms (setup)        0.005 (comm)        0.016 (pade)        0.007 (series)        0.002 (mix)        0.003 (add) 
Cl( 1, 1) in Cl( 1, 1) CPU =        0.003 ms (setup)        0.009 (comm)        0.374 (pade)        0.011 (series)        0.003 (mix)        0.003 (add) 
Cl( 2, 1) in Cl( 2, 1) CPU =        0.004 ms (setup)        0.015 (comm)        0.029 (pade)        0.017 (series)        0.005 (mix)        0.003 (add) 
Cl( 2, 2) in Cl( 2, 2) CPU =        0.006 ms (setup)        0.029 (comm)        0.040 (pade)        0.038 (series)        0.009 (mix)        0.004 (add) 
Cl( 3, 2) in Cl( 3, 2) CPU =        0.013 ms (setup)        1.577 (comm)        0.107 (pade)        0.102 (series)        0.022 (mix)        0.007 (add) 
Cl( 3, 3) in Cl( 3, 3) CPU =        0.026 ms (setup)        0.207 (comm)        0.660 (pade)        0.305 (series)        0.052 (mix)        0.013 (add) 
Cl( 4, 3) in Cl( 4, 3) CPU =        0.052 ms (setup)        0.631 (comm)        1.333 (pade)        0.972 (series)        0.119 (mix)        0.029 (add) 
Cl( 4, 4) in Cl( 4, 4) CPU =        0.104 ms (setup)        1.415 (comm)        2.105 (pade)        2.177 (series)        0.285 (mix)        0.038 (add) 
Cl( 5, 4) in Cl( 5, 4) CPU =        0.202 ms (setup)        4.673 (comm)        7.016 (pade)        7.538 (series)        0.726 (mix)        0.079 (add) 
Cl( 5, 5) in Cl( 5, 5) CPU =        0.406 ms (setup)        7.210 (comm)        6.910 (pade)       10.622 (series)        1.988 (mix)        0.159 (add) 
Cl( 6, 5) in Cl( 6, 5) CPU =        0.962 ms (setup)       23.101 (comm)       12.954 (pade)       35.061 (series)        5.416 (mix)        0.327 (add) 
Cl( 6, 6) in Cl( 6, 6) CPU =        1.625 ms (setup)       40.569 (comm)       17.311 (pade)       52.311 (series)       14.950 (mix)        0.680 (add) 
Cl( 7, 6) in Cl( 7, 6) CPU =        3.295 ms (setup)      138.429 (comm)       48.395 (pade)      187.588 (series)       43.590 (mix)        1.411 (add) 
Cl( 7, 7) in Cl( 7, 7) CPU =        6.679 ms (setup)      267.555 (comm)       70.379 (pade)      271.991 (series)      130.995 (mix)        2.879 (add) 
Cl( 8, 7) in Cl( 8, 7) CPU =       14.447 ms (setup)      842.745 (comm)      233.088 (pade)      889.506 (series)      401.697 (mix)        7.249 (add) 
Cl( 8, 8) in Cl( 8, 8) CPU =       28.346 ms (setup)     1880.823 (comm)      346.135 (pade)     1330.773 (series)     1220.967 (mix)       14.359 (add) 
Cl( 1, 0) in Cl( 8, 8) CPU =        0.002 ms (setup)        0.005 (comm)        0.015 (pade)        0.007 (series)        0.002 (mix)        0.003 (add) 
Cl( 1, 1) in Cl( 8, 8) CPU =        0.003 ms (setup)        0.009 (comm)        0.018 (pade)        0.010 (series)        0.003 (mix)        0.003 (add) 
Cl( 2, 1) in Cl( 8, 8) CPU =        0.004 ms (setup)        0.014 (comm)        0.030 (pade)        0.017 (series)        0.007 (mix)        0.003 (add) 
Cl( 2, 2) in Cl( 8, 8) CPU =        0.006 ms (setup)        0.029 (comm)        0.040 (pade)        0.037 (series)        0.010 (mix)        0.005 (add) 
Cl( 3, 2) in Cl( 8, 8) CPU =        0.013 ms (setup)        0.074 (comm)        1.611 (pade)        0.102 (series)        0.022 (mix)        0.007 (add) 
Cl( 3, 3) in Cl( 8, 8) CPU =        0.026 ms (setup)        1.713 (comm)        0.145 (pade)        0.304 (series)        0.052 (mix)        0.012 (add) 
Cl( 4, 3) in Cl( 8, 8) CPU =        0.075 ms (setup)        0.630 (comm)        1.489 (pade)        0.988 (series)        0.113 (mix)        0.020 (add) 
Cl( 4, 4) in Cl( 8, 8) CPU =        0.099 ms (setup)        1.497 (comm)        1.626 (pade)        2.341 (series)        0.319 (mix)        0.052 (add) 
Cl( 5, 4) in Cl( 8, 8) CPU =        0.221 ms (setup)        4.571 (comm)        5.471 (pade)        7.309 (series)        0.726 (mix)        0.079 (add) 
Cl( 5, 5) in Cl( 8, 8) CPU =        0.398 ms (setup)        7.213 (comm)        6.804 (pade)       10.610 (series)        1.923 (mix)        0.158 (add) 
Cl( 6, 5) in Cl( 8, 8) CPU =        0.823 ms (setup)       22.940 (comm)       13.103 (pade)       35.350 (series)        5.479 (mix)        0.365 (add) 
Cl( 6, 6) in Cl( 8, 8) CPU =        1.696 ms (setup)       40.702 (comm)       17.189 (pade)       51.428 (series)       14.947 (mix)        0.679 (add) 
Cl( 7, 6) in Cl( 8, 8) CPU =        3.282 ms (setup)      139.709 (comm)       47.610 (pade)      188.097 (series)       43.453 (mix)        1.407 (add) 
Cl( 7, 7) in Cl( 8, 8) CPU =        6.638 ms (setup)      267.728 (comm)       69.508 (pade)      271.779 (series)      131.290 (mix)        2.881 (add) 
Cl( 8, 7) in Cl( 8, 8) CPU =       13.790 ms (setup)      844.981 (comm)      232.855 (pade)      894.436 (series)      400.336 (mix)        7.276 (add) 
Cl( 8, 8) in Cl( 8, 8) CPU =       28.043 ms (setup)     1886.967 (comm)      343.405 (pade)     1335.042 (series)     1233.141 (mix)       18.529 (add) 

matrix_multi<double>
Clifford algebra expressions test:
Fill: 0.5
Cl( 1, 0) in Cl( 1, 0) CPU =        0.004 ms (setup)        0.010 (comm)        0.009 (pade)        0.003 (series)        0.009 (mix)        0.001 (add) 
Cl( 1, 1) in Cl( 1, 1) CPU =        0.010 ms (setup)        0.010 (comm)        0.010 (pade)        0.002 (series)        0.009 (mix)        0.001 (add) 
Cl( 2, 1) in Cl( 2, 1) CPU =        0.005 ms (setup)        0.894 (comm)        0.012 (pade)        0.003 (series)        0.071 (mix)        0.001 (add) 
Cl( 2, 2) in Cl( 2, 2) CPU =        0.007 ms (setup)        0.126 (comm)        0.012 (pade)        0.002 (series)        1.630 (mix)        0.001 (add) 
Cl( 3, 2) in Cl( 3, 2) CPU =        0.042 ms (setup)        1.868 (comm)        0.017 (pade)        0.007 (series)        0.377 (mix)        0.001 (add) 
Cl( 3, 3) in Cl( 3, 3) CPU =        0.060 ms (setup)        0.642 (comm)        0.017 (pade)        0.007 (series)        2.650 (mix)        0.001 (add) 
Cl( 4, 3) in Cl( 4, 3) CPU =        0.138 ms (setup)        2.663 (comm)        0.029 (pade)        0.019 (series)        2.665 (mix)        0.002 (add) 
Cl( 4, 4) in Cl( 4, 4) CPU =        0.269 ms (setup)        3.989 (comm)        0.028 (pade)        0.018 (series)        3.970 (mix)        0.002 (add) 
Cl( 5, 4) in Cl( 5, 4) CPU =        0.616 ms (setup)       15.750 (comm)        0.063 (pade)        0.540 (series)       16.150 (mix)        0.005 (add) 
Cl( 5, 5) in Cl( 5, 5) CPU =        1.203 ms (setup)       22.344 (comm)        0.064 (pade)        0.059 (series)       22.245 (mix)        0.005 (add) 
Cl( 6, 5) in Cl( 6, 5) CPU =        2.700 ms (setup)       88.511 (comm)        0.391 (pade)        1.820 (series)       87.291 (mix)        0.019 (add) 
Cl( 6, 6) in Cl( 6, 6) CPU =        5.318 ms (setup)      121.431 (comm)        0.448 (pade)        1.823 (series)      123.761 (mix)        0.019 (add) 
Cl( 7, 6) in Cl( 7, 6) CPU =       12.399 ms (setup)      565.899 (comm)        3.690 (pade)        3.900 (series)      567.365 (mix)        0.108 (add) 
Cl( 7, 7) in Cl( 7, 7) CPU =       25.088 ms (setup)      739.912 (comm)        2.237 (pade)        3.900 (series)      732.103 (mix)        0.100 (add) 
Cl( 8, 7) in Cl( 8, 7) CPU =       62.107 ms (setup)     4143.257 (comm)       10.322 (pade)       25.709 (series)     3985.150 (mix)        0.405 (add) 
Cl( 8, 8) in Cl( 8, 8) CPU =      123.118 ms (setup)     4464.885 (comm)       12.463 (pade)       22.189 (series)     4440.985 (mix)        0.577 (add) 
Cl( 1, 0) in Cl( 8, 8) CPU =        0.077 ms (setup)       40.380 (comm)        1.238 (pade)       23.955 (series)       27.012 (mix)        0.412 (add) 
Cl( 1, 1) in Cl( 8, 8) CPU =        0.091 ms (setup)       62.714 (comm)        2.462 (pade)       23.962 (series)       49.959 (mix)        0.408 (add) 
Cl( 2, 1) in Cl( 8, 8) CPU =        0.172 ms (setup)      135.536 (comm)        2.761 (pade)       23.934 (series)      122.148 (mix)        0.413 (add) 
Cl( 2, 2) in Cl( 8, 8) CPU =        0.326 ms (setup)      228.632 (comm)        2.761 (pade)       23.971 (series)      214.511 (mix)        0.413 (add) 
Cl( 3, 2) in Cl( 8, 8) CPU =        2.595 ms (setup)      311.453 (comm)        3.232 (pade)       23.675 (series)      299.339 (mix)        0.403 (add) 
Cl( 3, 3) in Cl( 8, 8) CPU =        5.343 ms (setup)      421.953 (comm)        3.259 (pade)       22.148 (series)      407.870 (mix)        0.422 (add) 
Cl( 4, 3) in Cl( 8, 8) CPU =        5.748 ms (setup)      443.587 (comm)        4.114 (pade)       22.232 (series)      420.908 (mix)        0.405 (add) 
Cl( 4, 4) in Cl( 8, 8) CPU =        6.096 ms (setup)      594.992 (comm)        4.112 (pade)       23.645 (series)      586.374 (mix)        0.401 (add) 
Cl( 5, 4) in Cl( 8, 8) CPU =        7.921 ms (setup)      774.055 (comm)        5.786 (pade)       23.758 (series)      755.606 (mix)        0.418 (add) 
Cl( 5, 5) in Cl( 8, 8) CPU =        9.753 ms (setup)      895.835 (comm)        5.775 (pade)       22.325 (series)      885.167 (mix)        0.413 (add) 
Cl( 6, 5) in Cl( 8, 8) CPU =       17.560 ms (setup)     1162.808 (comm)       13.484 (pade)       22.246 (series)     1148.289 (mix)        0.399 (add) 
Cl( 6, 6) in Cl( 8, 8) CPU =       24.511 ms (setup)     1299.163 (comm)       12.193 (pade)       23.780 (series)     1302.896 (mix)        0.412 (add) 
Cl( 7, 6) in Cl( 8, 8) CPU =       57.313 ms (setup)     1704.778 (comm)       12.191 (pade)       23.913 (series)     1690.116 (mix)        0.403 (add) 
Cl( 7, 7) in Cl( 8, 8) CPU =       99.335 ms (setup)     2117.193 (comm)       12.280 (pade)       24.137 (series)     2090.994 (mix)        0.411 (add) 
Cl( 8, 7) in Cl( 8, 8) CPU =      242.079 ms (setup)     3748.852 (comm)       12.270 (pade)       22.250 (series)     3740.160 (mix)        0.414 (add) 
Cl( 8, 8) in Cl( 8, 8) CPU =      116.240 ms (setup)     4420.497 (comm)       12.206 (pade)       24.183 (series)     4376.708 (mix)        0.587 (add) 
Fill: 1
Cl( 1, 0) in Cl( 1, 0) CPU =        0.004 ms (setup)        0.016 (comm)        0.011 (pade)        0.002 (series)        0.015 (mix)        0.001 (add) 
Cl( 1, 1) in Cl( 1, 1) CPU =        0.004 ms (setup)        0.026 (comm)        0.011 (pade)        0.002 (series)        0.024 (mix)        0.001 (add) 
Cl( 2, 1) in Cl( 2, 1) CPU =        0.007 ms (setup)        1.105 (comm)        0.011 (pade)        0.002 (series)        0.091 (mix)        0.001 (add) 
Cl( 2, 2) in Cl( 2, 2) CPU =        0.017 ms (setup)        0.156 (comm)        0.013 (pade)        0.003 (series)        0.153 (mix)        0.001 (add) 
Cl( 3, 2) in Cl( 3, 2) CPU =        0.044 ms (setup)        0.634 (comm)        0.017 (pade)        0.007 (series)        2.497 (mix)        0.001 (add) 
Cl( 3, 3) in Cl( 3, 3) CPU =        0.076 ms (setup)        0.786 (comm)        0.018 (pade)        0.007 (series)        2.426 (mix)        0.001 (add) 
Cl( 4, 3) in Cl( 4, 3) CPU =        0.196 ms (setup)        3.229 (comm)        0.028 (pade)        0.018 (series)        3.216 (mix)        0.002 (add) 
Cl( 4, 4) in Cl( 4, 4) CPU =        0.369 ms (setup)        4.675 (comm)        0.032 (pade)        0.018 (series)        4.665 (mix)        0.017 (add) 
Cl( 5, 4) in Cl( 5, 4) CPU =        0.897 ms (setup)       17.501 (comm)        0.064 (pade)        0.059 (series)       17.235 (mix)        0.005 (add) 
Cl( 5, 5) in Cl( 5, 5) CPU =        1.752 ms (setup)       24.630 (comm)        0.064 (pade)        0.059 (series)       24.527 (mix)        0.005 (add) 
Cl( 6, 5) in Cl( 6, 5) CPU =        4.157 ms (setup)       95.178 (comm)        0.182 (pade)        0.316 (series)       95.209 (mix)        0.022 (add) 
Cl( 6, 6) in Cl( 6, 6) CPU =        8.232 ms (setup)      131.032 (comm)        0.181 (pade)        0.316 (series)      130.929 (mix)        0.021 (add) 
Cl( 7, 6) in Cl( 7, 6) CPU =       19.602 ms (setup)      608.671 (comm)        3.706 (pade)        3.896 (series)      605.204 (mix)        0.100 (add) 
Cl( 7, 7) in Cl( 7, 7) CPU =       39.294 ms (setup)      797.401 (comm)        3.260 (pade)        3.901 (series)      792.510 (mix)        0.107 (add) 
Cl( 8, 7) in Cl( 8, 7) CPU =      103.511 ms (setup)     4901.898 (comm)       12.263 (pade)       24.151 (series)     4683.678 (mix)        0.597 (add) 
Cl( 8, 8) in Cl( 8, 8) CPU =      204.840 ms (setup)     4890.005 (comm)       12.303 (pade)       25.720 (series)     4875.270 (mix)        0.581 (add) 
Cl( 1, 0) in Cl( 8, 8) CPU =        0.085 ms (setup)       80.245 (comm)        2.438 (pade)       23.983 (series)       66.677 (mix)        0.413 (add) 
Cl( 1, 1) in Cl( 8, 8) CPU =        0.132 ms (setup)      122.168 (comm)        2.464 (pade)       23.953 (series)      109.141 (mix)        0.413 (add) 
Cl( 2, 1) in Cl( 8, 8) CPU =        0.264 ms (setup)      178.903 (comm)        2.733 (pade)       22.445 (series)      167.029 (mix)        0.408 (add) 
Cl( 2, 2) in Cl( 8, 8) CPU =        5.265 ms (setup)      251.432 (comm)        2.865 (pade)       22.134 (series)      239.190 (mix)        0.403 (add) 
Cl( 3, 2) in Cl( 8, 8) CPU =        5.312 ms (setup)      343.451 (comm)        3.255 (pade)       22.261 (series)      327.465 (mix)        0.403 (add) 
Cl( 3, 3) in Cl( 8, 8) CPU =        5.508 ms (setup)      459.022 (comm)        3.226 (pade)       23.750 (series)      435.312 (mix)        0.430 (add) 
Cl( 4, 3) in Cl( 8, 8) CPU =        5.933 ms (setup)      601.213 (comm)        4.135 (pade)       24.165 (series)      588.342 (mix)        0.403 (add) 
Cl( 4, 4) in Cl( 8, 8) CPU =        6.524 ms (setup)      744.842 (comm)        4.150 (pade)       22.256 (series)      733.236 (mix)        0.412 (add) 
Cl( 5, 4) in Cl( 8, 8) CPU =        8.627 ms (setup)      909.217 (comm)        5.792 (pade)       23.803 (series)      899.462 (mix)        0.418 (add) 
Cl( 5, 5) in Cl( 8, 8) CPU =       11.575 ms (setup)     1055.962 (comm)        5.738 (pade)       22.285 (series)     1052.121 (mix)        0.404 (add) 
Cl( 6, 5) in Cl( 8, 8) CPU =       17.699 ms (setup)     1286.212 (comm)       11.151 (pade)       24.044 (series)     1272.539 (mix)        0.417 (add) 
Cl( 6, 6) in Cl( 8, 8) CPU =       31.580 ms (setup)     1476.347 (comm)       10.578 (pade)       23.809 (series)     1461.391 (mix)        0.418 (add) 
Cl( 7, 6) in Cl( 8, 8) CPU =       75.174 ms (setup)     1979.653 (comm)       12.259 (pade)       24.116 (series)     1948.584 (mix)        0.419 (add) 
Cl( 7, 7) in Cl( 8, 8) CPU =      135.455 ms (setup)     2295.751 (comm)       12.461 (pade)       23.868 (series)     2288.184 (mix)        0.419 (add) 
Cl( 8, 7) in Cl( 8, 8) CPU =      337.839 ms (setup)     4006.017 (comm)       12.535 (pade)       23.852 (series)     3972.111 (mix)        0.435 (add) 
Cl( 8, 8) in Cl( 8, 8) CPU =      203.374 ms (setup)     4887.600 (comm)       12.181 (pade)       27.608 (series)     4851.241 (mix)        0.421 (add) 
