expressions/expressions
	linux-vdso.so.1 (0x000070f5606ce000)
	libarmadillo.so.14 => /lib/libarmadillo.so.14 (0x000070f56058d000)
	libflexiblas.so.3 => /lib/x86_64-linux-gnu/libflexiblas.so.3 (0x000070f55fe00000)
	libstdc++.so.6 => /lib/x86_64-linux-gnu/libstdc++.so.6 (0x000070f55fa00000)
	libm.so.6 => /lib/x86_64-linux-gnu/libm.so.6 (0x000070f55fd09000)
	libgcc_s.so.1 => /lib/x86_64-linux-gnu/libgcc_s.so.1 (0x000070f56055e000)
	libc.so.6 => /lib/x86_64-linux-gnu/libc.so.6 (0x000070f55f600000)
	libarpack.so.2 => /lib/x86_64-linux-gnu/libarpack.so.2 (0x000070f55fcb7000)
	/lib64/ld-linux-x86-64.so.2 (0x000070f5606d0000)
	libgfortran.so.5 => /lib/x86_64-linux-gnu/libgfortran.so.5 (0x000070f55f200000)
gfft_test/gfft_test
	linux-vdso.so.1 (0x00007ad4d93e5000)
	libarmadillo.so.14 => /lib/libarmadillo.so.14 (0x00007ad4d9320000)
	libflexiblas.so.3 => /lib/x86_64-linux-gnu/libflexiblas.so.3 (0x00007ad4d8c00000)
	libstdc++.so.6 => /lib/x86_64-linux-gnu/libstdc++.so.6 (0x00007ad4d8800000)
	libm.so.6 => /lib/x86_64-linux-gnu/libm.so.6 (0x00007ad4d8b09000)
	libgcc_s.so.1 => /lib/x86_64-linux-gnu/libgcc_s.so.1 (0x00007ad4d8adc000)
	libc.so.6 => /lib/x86_64-linux-gnu/libc.so.6 (0x00007ad4d8400000)
	libarpack.so.2 => /lib/x86_64-linux-gnu/libarpack.so.2 (0x00007ad4d87ae000)
	/lib64/ld-linux-x86-64.so.2 (0x00007ad4d93e7000)
	libgfortran.so.5 => /lib/x86_64-linux-gnu/libgfortran.so.5 (0x00007ad4d8000000)
products/products
	linux-vdso.so.1 (0x00007240fc44f000)
	libarmadillo.so.14 => /lib/libarmadillo.so.14 (0x00007240fc326000)
	libflexiblas.so.3 => /lib/x86_64-linux-gnu/libflexiblas.so.3 (0x00007240fbc00000)
	libstdc++.so.6 => /lib/x86_64-linux-gnu/libstdc++.so.6 (0x00007240fb800000)
	libm.so.6 => /lib/x86_64-linux-gnu/libm.so.6 (0x00007240fbb09000)
	libgcc_s.so.1 => /lib/x86_64-linux-gnu/libgcc_s.so.1 (0x00007240fbadc000)
	libc.so.6 => /lib/x86_64-linux-gnu/libc.so.6 (0x00007240fb400000)
	libarpack.so.2 => /lib/x86_64-linux-gnu/libarpack.so.2 (0x00007240fb7ae000)
	/lib64/ld-linux-x86-64.so.2 (0x00007240fc451000)
	libgfortran.so.5 => /lib/x86_64-linux-gnu/libgfortran.so.5 (0x00007240fb000000)
squaring/squaring
	linux-vdso.so.1 (0x000070dbf05ee000)
	libarmadillo.so.14 => /lib/libarmadillo.so.14 (0x000070dbf0526000)
	libflexiblas.so.3 => /lib/x86_64-linux-gnu/libflexiblas.so.3 (0x000070dbefe00000)
	libstdc++.so.6 => /lib/x86_64-linux-gnu/libstdc++.so.6 (0x000070dbefa00000)
	libm.so.6 => /lib/x86_64-linux-gnu/libm.so.6 (0x000070dbefd09000)
	libgcc_s.so.1 => /lib/x86_64-linux-gnu/libgcc_s.so.1 (0x000070dbefcdc000)
	libc.so.6 => /lib/x86_64-linux-gnu/libc.so.6 (0x000070dbef600000)
	libarpack.so.2 => /lib/x86_64-linux-gnu/libarpack.so.2 (0x000070dbef9ae000)
	/lib64/ld-linux-x86-64.so.2 (0x000070dbf05f0000)
	libgfortran.so.5 => /lib/x86_64-linux-gnu/libgfortran.so.5 (0x000070dbef200000)
transforms/transforms
	linux-vdso.so.1 (0x00007a6574472000)
	libarmadillo.so.14 => /lib/libarmadillo.so.14 (0x00007a65743ab000)
	libflexiblas.so.3 => /lib/x86_64-linux-gnu/libflexiblas.so.3 (0x00007a6573c00000)
	libstdc++.so.6 => /lib/x86_64-linux-gnu/libstdc++.so.6 (0x00007a6573800000)
	libm.so.6 => /lib/x86_64-linux-gnu/libm.so.6 (0x00007a6573b09000)
	libgcc_s.so.1 => /lib/x86_64-linux-gnu/libgcc_s.so.1 (0x00007a657437c000)
	libc.so.6 => /lib/x86_64-linux-gnu/libc.so.6 (0x00007a6573400000)
	libarpack.so.2 => /lib/x86_64-linux-gnu/libarpack.so.2 (0x00007a657432a000)
	/lib64/ld-linux-x86-64.so.2 (0x00007a6574474000)
	libgfortran.so.5 => /lib/x86_64-linux-gnu/libgfortran.so.5 (0x00007a6573000000)
versor/versor
	linux-vdso.so.1 (0x000072fa49f61000)
	libarmadillo.so.14 => /lib/libarmadillo.so.14 (0x000072fa49e97000)
	libflexiblas.so.3 => /lib/x86_64-linux-gnu/libflexiblas.so.3 (0x000072fa49600000)
	libstdc++.so.6 => /lib/x86_64-linux-gnu/libstdc++.so.6 (0x000072fa49200000)
	libm.so.6 => /lib/x86_64-linux-gnu/libm.so.6 (0x000072fa49da0000)
	libgcc_s.so.1 => /lib/x86_64-linux-gnu/libgcc_s.so.1 (0x000072fa49d71000)
	libc.so.6 => /lib/x86_64-linux-gnu/libc.so.6 (0x000072fa48e00000)
	libarpack.so.2 => /lib/x86_64-linux-gnu/libarpack.so.2 (0x000072fa49d1f000)
	/lib64/ld-linux-x86-64.so.2 (0x000072fa49f63000)
	libgfortran.so.5 => /lib/x86_64-linux-gnu/libgfortran.so.5 (0x000072fa48a00000)
