
framed_multi<float,-4,4>
Clifford algebra products test:
Fill: 0.5
Cl( 1, 0) in Cl( 1, 0) CPU =        0.004 ms (setup)        0.002 (*)        0.001 (^)        0.001 (&)        0.001 (%) 
Cl( 1, 1) in Cl( 1, 1) CPU =        0.001 ms (setup)        0.001 (*)        0.001 (^)        0.001 (&)        0.001 (%) 
Cl( 2, 1) in Cl( 2, 1) CPU =        0.002 ms (setup)        0.004 (*)        0.002 (^)        0.002 (&)        0.002 (%) 
Cl( 2, 2) in Cl( 2, 2) CPU =        0.002 ms (setup)        0.005 (*)        0.003 (^)        0.003 (&)        0.003 (%) 
Cl( 3, 2) in Cl( 3, 2) CPU =        0.005 ms (setup)        0.011 (*)        0.006 (^)        0.006 (&)        0.005 (%) 
Cl( 3, 3) in Cl( 3, 3) CPU =        0.007 ms (setup)        0.367 (*)        0.013 (^)        0.013 (&)        0.010 (%) 
Cl( 4, 3) in Cl( 4, 3) CPU =        0.016 ms (setup)        0.072 (*)        0.038 (^)        0.036 (&)        0.028 (%) 
Cl( 4, 4) in Cl( 4, 4) CPU =        0.031 ms (setup)        2.099 (*)        1.598 (^)        0.088 (&)        0.064 (%) 
Cl( 1, 0) in Cl( 4, 4) CPU =        0.001 ms (setup)        0.001 (*)        0.001 (^)        0.001 (&)        0.001 (%) 
Cl( 1, 1) in Cl( 4, 4) CPU =        0.001 ms (setup)        0.002 (*)        0.001 (^)        0.001 (&)        0.001 (%) 
Cl( 2, 1) in Cl( 4, 4) CPU =        0.002 ms (setup)        0.003 (*)        0.002 (^)        0.002 (&)        0.002 (%) 
Cl( 2, 2) in Cl( 4, 4) CPU =        0.002 ms (setup)        0.004 (*)        0.003 (^)        0.002 (&)        0.002 (%) 
Cl( 3, 2) in Cl( 4, 4) CPU =        0.004 ms (setup)        0.011 (*)        0.006 (^)        0.005 (&)        0.005 (%) 
Cl( 3, 3) in Cl( 4, 4) CPU =        0.007 ms (setup)        0.025 (*)        0.015 (^)        0.012 (&)        0.010 (%) 
Cl( 4, 3) in Cl( 4, 4) CPU =        0.015 ms (setup)        0.078 (*)        0.036 (^)        0.039 (&)        0.029 (%) 
Cl( 4, 4) in Cl( 4, 4) CPU =        0.032 ms (setup)        2.111 (*)        0.096 (^)        0.101 (&)        0.071 (%) 
Fill: 1
Cl( 1, 0) in Cl( 1, 0) CPU =        0.001 ms (setup)        0.002 (*)        0.001 (^)        0.001 (&)        0.001 (%) 
Cl( 1, 1) in Cl( 1, 1) CPU =        0.001 ms (setup)        0.003 (*)        0.002 (^)        0.002 (&)        0.002 (%) 
Cl( 2, 1) in Cl( 2, 1) CPU =        0.002 ms (setup)        0.004 (*)        0.003 (^)        0.002 (&)        0.002 (%) 
Cl( 2, 2) in Cl( 2, 2) CPU =        0.003 ms (setup)        0.007 (*)        0.004 (^)        0.004 (&)        0.004 (%) 
Cl( 3, 2) in Cl( 3, 2) CPU =        0.005 ms (setup)        0.018 (*)        0.008 (^)        0.009 (&)        0.008 (%) 
Cl( 3, 3) in Cl( 3, 3) CPU =        0.011 ms (setup)        1.558 (*)        0.017 (^)        0.024 (&)        0.018 (%) 
Cl( 4, 3) in Cl( 4, 3) CPU =        0.024 ms (setup)        0.174 (*)        0.042 (^)        0.062 (&)        0.045 (%) 
Cl( 4, 4) in Cl( 4, 4) CPU =        0.052 ms (setup)        2.230 (*)        0.102 (^)        0.170 (&)        0.116 (%) 
Cl( 1, 0) in Cl( 4, 4) CPU =        0.001 ms (setup)        0.002 (*)        0.002 (^)        0.002 (&)        0.002 (%) 
Cl( 1, 1) in Cl( 4, 4) CPU =        0.002 ms (setup)        0.002 (*)        0.002 (^)        0.001 (&)        0.001 (%) 
Cl( 2, 1) in Cl( 4, 4) CPU =        0.002 ms (setup)        0.004 (*)        0.002 (^)        0.002 (&)        0.002 (%) 
Cl( 2, 2) in Cl( 4, 4) CPU =        0.003 ms (setup)        1.510 (*)        0.004 (^)        0.004 (&)        0.004 (%) 
Cl( 3, 2) in Cl( 4, 4) CPU =        0.005 ms (setup)        0.018 (*)        0.007 (^)        0.009 (&)        0.008 (%) 
Cl( 3, 3) in Cl( 4, 4) CPU =        0.011 ms (setup)        0.053 (*)        0.018 (^)        0.024 (&)        0.018 (%) 
Cl( 4, 3) in Cl( 4, 4) CPU =        0.024 ms (setup)        1.681 (*)        0.042 (^)        0.062 (&)        0.045 (%) 
Cl( 4, 4) in Cl( 4, 4) CPU =        0.053 ms (setup)        3.726 (*)        0.102 (^)        0.170 (&)        1.619 (%) 

matrix_multi<float,-4,4>
Clifford algebra products test:
Fill: 0.5
Cl( 1, 0) in Cl( 1, 0) CPU =        0.011 ms (setup)        0.001 (*)        0.010 (^)        0.008 (&)        0.009 (%) 
Cl( 1, 1) in Cl( 1, 1) CPU =        0.005 ms (setup)        0.001 (*)        0.007 (^)        0.008 (&)        0.007 (%) 
Cl( 2, 1) in Cl( 2, 1) CPU =        0.003 ms (setup)        0.001 (*)        0.016 (^)        0.026 (&)        0.025 (%) 
Cl( 2, 2) in Cl( 2, 2) CPU =        0.011 ms (setup)        0.001 (*)        0.062 (^)        0.039 (&)        0.054 (%) 
Cl( 3, 2) in Cl( 3, 2) CPU =        0.022 ms (setup)        0.002 (*)        1.750 (^)        0.205 (&)        0.224 (%) 
Cl( 3, 3) in Cl( 3, 3) CPU =        0.037 ms (setup)        0.002 (*)        0.330 (^)        0.353 (&)        0.352 (%) 
Cl( 4, 3) in Cl( 4, 3) CPU =        0.087 ms (setup)        0.002 (*)        4.483 (^)        5.984 (&)        7.539 (%) 
Cl( 4, 4) in Cl( 4, 4) CPU =        0.169 ms (setup)        0.003 (*)        9.983 (^)       10.020 (&)       10.108 (%) 
Cl( 1, 0) in Cl( 4, 4) CPU =        0.001 ms (setup)        0.003 (*)        0.009 (^)        0.008 (&)        0.008 (%) 
Cl( 1, 1) in Cl( 4, 4) CPU =        0.006 ms (setup)        0.002 (*)        1.613 (^)        0.068 (&)        0.093 (%) 
Cl( 2, 1) in Cl( 4, 4) CPU =        0.015 ms (setup)        0.003 (*)        1.631 (^)        0.083 (&)        0.102 (%) 
Cl( 2, 2) in Cl( 4, 4) CPU =        0.029 ms (setup)        0.002 (*)        0.225 (^)        0.149 (&)        0.194 (%) 
Cl( 3, 2) in Cl( 4, 4) CPU =        0.087 ms (setup)        0.003 (*)        0.292 (^)        0.272 (&)        1.772 (%) 
Cl( 3, 3) in Cl( 4, 4) CPU =        0.125 ms (setup)        0.002 (*)        2.083 (^)        2.009 (&)        1.998 (%) 
Cl( 4, 3) in Cl( 4, 4) CPU =        0.324 ms (setup)        0.003 (*)        6.082 (^)        6.069 (&)        6.075 (%) 
Cl( 4, 4) in Cl( 4, 4) CPU =        0.167 ms (setup)        0.003 (*)        2.218 (^)        2.296 (&)        2.295 (%) 
Fill: 1
Cl( 1, 0) in Cl( 1, 0) CPU =        0.003 ms (setup)        0.001 (*)        0.009 (^)        0.007 (&)        0.009 (%) 
Cl( 1, 1) in Cl( 1, 1) CPU =        0.003 ms (setup)        0.001 (*)        0.014 (^)        0.010 (&)        0.013 (%) 
Cl( 2, 1) in Cl( 2, 1) CPU =        0.004 ms (setup)        0.001 (*)        0.048 (^)        0.040 (&)        0.044 (%) 
Cl( 2, 2) in Cl( 2, 2) CPU =        0.009 ms (setup)        0.001 (*)        0.095 (^)        0.059 (&)        0.072 (%) 
Cl( 3, 2) in Cl( 3, 2) CPU =        0.022 ms (setup)        0.002 (*)        0.254 (^)        0.254 (&)        0.262 (%) 
Cl( 3, 3) in Cl( 3, 3) CPU =        0.044 ms (setup)        0.001 (*)        0.403 (^)        0.383 (&)        0.411 (%) 
Cl( 4, 3) in Cl( 4, 3) CPU =        0.110 ms (setup)        0.002 (*)        1.683 (^)        1.740 (&)        1.734 (%) 
Cl( 4, 4) in Cl( 4, 4) CPU =        0.215 ms (setup)        0.002 (*)        2.531 (^)        2.530 (&)        2.575 (%) 
Cl( 1, 0) in Cl( 4, 4) CPU =        0.005 ms (setup)        0.002 (*)        0.079 (^)        0.053 (&)        0.066 (%) 
Cl( 1, 1) in Cl( 4, 4) CPU =        0.007 ms (setup)        0.002 (*)        0.099 (^)        0.060 (&)        0.084 (%) 
Cl( 2, 1) in Cl( 4, 4) CPU =        0.015 ms (setup)        0.003 (*)        0.161 (^)        0.103 (&)        0.115 (%) 
Cl( 2, 2) in Cl( 4, 4) CPU =        0.040 ms (setup)        0.002 (*)        0.208 (^)        0.144 (&)        0.166 (%) 
Cl( 3, 2) in Cl( 4, 4) CPU =        0.088 ms (setup)        0.002 (*)        0.441 (^)        0.334 (&)        0.341 (%) 
Cl( 3, 3) in Cl( 4, 4) CPU =        0.140 ms (setup)        0.002 (*)        0.668 (^)        0.543 (&)        0.574 (%) 
Cl( 4, 3) in Cl( 4, 4) CPU =        0.368 ms (setup)        0.002 (*)        1.868 (^)        1.732 (&)        1.738 (%) 
Cl( 4, 4) in Cl( 4, 4) CPU =        0.211 ms (setup)        0.002 (*)        2.534 (^)        2.534 (&)        2.623 (%) 

framed_multi<double>
Clifford algebra products test:
Fill: 0.5
Cl( 1, 0) in Cl( 1, 0) CPU =        0.001 ms (setup)        0.002 (*)        0.001 (^)        0.001 (&)        0.002 (%) 
Cl( 1, 1) in Cl( 1, 1) CPU =        0.001 ms (setup)        0.001 (*)        0.001 (^)        0.001 (&)        0.001 (%) 
Cl( 2, 1) in Cl( 2, 1) CPU =        0.002 ms (setup)        0.004 (*)        0.002 (^)        0.002 (&)        0.002 (%) 
Cl( 2, 2) in Cl( 2, 2) CPU =        0.002 ms (setup)        0.006 (*)        0.004 (^)        0.003 (&)        0.005 (%) 
Cl( 3, 2) in Cl( 3, 2) CPU =        0.005 ms (setup)        0.013 (*)        0.007 (^)        0.007 (&)        0.007 (%) 
Cl( 3, 3) in Cl( 3, 3) CPU =        0.009 ms (setup)        0.030 (*)        0.015 (^)        0.015 (&)        0.013 (%) 
Cl( 4, 3) in Cl( 4, 3) CPU =        0.016 ms (setup)        0.093 (*)        0.042 (^)        0.040 (&)        0.032 (%) 
Cl( 4, 4) in Cl( 4, 4) CPU =        0.030 ms (setup)        0.504 (*)        0.098 (^)        0.091 (&)        0.070 (%) 
Cl( 5, 4) in Cl( 5, 4) CPU =        0.064 ms (setup)        1.749 (*)        0.285 (^)        0.280 (&)        0.197 (%) 
Cl( 5, 5) in Cl( 5, 5) CPU =        0.121 ms (setup)        2.380 (*)        0.706 (^)        0.664 (&)        0.448 (%) 
Cl( 6, 5) in Cl( 6, 5) CPU =        0.243 ms (setup)        8.360 (*)        2.034 (^)        1.998 (&)        1.240 (%) 
Cl( 6, 6) in Cl( 6, 6) CPU =        0.512 ms (setup)       11.210 (*)        5.463 (^)        5.262 (&)        3.112 (%) 
Cl( 7, 6) in Cl( 7, 6) CPU =        0.990 ms (setup)      169.888 (*)       74.059 (^)       16.325 (&)        9.034 (%) 
Cl( 7, 7) in Cl( 7, 7) CPU =        1.967 ms (setup)      229.968 (*)       64.410 (^)       45.842 (&)       24.373 (%) 
Cl( 8, 7) in Cl( 8, 7) CPU =        4.010 ms (setup)      474.799 (*)      141.034 (^)      133.686 (&)       70.136 (%) 
Cl( 8, 8) in Cl( 8, 8) CPU =        8.252 ms (setup)      541.269 (*)      420.051 (^)      401.071 (&)      208.413 (%) 
Cl( 1, 0) in Cl( 8, 8) CPU =        0.001 ms (setup)        0.001 (*)        0.001 (^)        0.001 (&)        0.001 (%) 
Cl( 1, 1) in Cl( 8, 8) CPU =        0.001 ms (setup)        0.001 (*)        0.001 (^)        0.001 (&)        0.001 (%) 
Cl( 2, 1) in Cl( 8, 8) CPU =        0.002 ms (setup)        0.001 (*)        0.001 (^)        0.001 (&)        0.001 (%) 
Cl( 2, 2) in Cl( 8, 8) CPU =        0.002 ms (setup)        0.005 (*)        0.003 (^)        0.003 (&)        0.003 (%) 
Cl( 3, 2) in Cl( 8, 8) CPU =        0.004 ms (setup)        0.011 (*)        0.007 (^)        0.006 (&)        0.005 (%) 
Cl( 3, 3) in Cl( 8, 8) CPU =        0.006 ms (setup)        0.027 (*)        0.017 (^)        0.013 (&)        0.012 (%) 
Cl( 4, 3) in Cl( 8, 8) CPU =        0.014 ms (setup)        0.079 (*)        0.038 (^)        0.032 (&)        0.028 (%) 
Cl( 4, 4) in Cl( 8, 8) CPU =        0.030 ms (setup)        0.509 (*)        0.104 (^)        0.100 (&)        0.076 (%) 
Cl( 5, 4) in Cl( 8, 8) CPU =        0.071 ms (setup)        1.717 (*)        0.275 (^)        0.269 (&)        0.191 (%) 
Cl( 5, 5) in Cl( 8, 8) CPU =        0.120 ms (setup)        2.323 (*)        0.688 (^)        0.696 (&)        0.451 (%) 
Cl( 6, 5) in Cl( 8, 8) CPU =        0.250 ms (setup)        8.082 (*)        1.973 (^)        2.005 (&)        1.221 (%) 
Cl( 6, 6) in Cl( 8, 8) CPU =        0.497 ms (setup)       10.837 (*)        5.461 (^)        5.115 (&)        3.022 (%) 
Cl( 7, 6) in Cl( 8, 8) CPU =        0.981 ms (setup)      167.866 (*)       70.221 (^)       15.181 (&)        8.514 (%) 
Cl( 7, 7) in Cl( 8, 8) CPU =        1.956 ms (setup)      228.117 (*)       63.380 (^)       44.933 (&)       24.330 (%) 
Cl( 8, 7) in Cl( 8, 8) CPU =        3.985 ms (setup)      472.248 (*)      140.909 (^)      132.441 (&)       70.575 (%) 
Cl( 8, 8) in Cl( 8, 8) CPU =        8.044 ms (setup)      543.825 (*)      419.889 (^)      408.473 (&)      209.279 (%) 
Fill: 1
Cl( 1, 0) in Cl( 1, 0) CPU =        0.001 ms (setup)        0.002 (*)        0.001 (^)        0.001 (&)        0.001 (%) 
Cl( 1, 1) in Cl( 1, 1) CPU =        0.001 ms (setup)        0.003 (*)        0.002 (^)        0.002 (&)        0.002 (%) 
Cl( 2, 1) in Cl( 2, 1) CPU =        0.002 ms (setup)        0.004 (*)        0.002 (^)        0.003 (&)        0.002 (%) 
Cl( 2, 2) in Cl( 2, 2) CPU =        0.003 ms (setup)        0.009 (*)        0.005 (^)        0.005 (&)        0.004 (%) 
Cl( 3, 2) in Cl( 3, 2) CPU =        0.007 ms (setup)        0.024 (*)        0.009 (^)        0.011 (&)        0.009 (%) 
Cl( 3, 3) in Cl( 3, 3) CPU =        0.013 ms (setup)        0.069 (*)        0.020 (^)        0.029 (&)        0.021 (%) 
Cl( 4, 3) in Cl( 4, 3) CPU =        0.026 ms (setup)        0.223 (*)        0.046 (^)        0.065 (&)        0.049 (%) 
Cl( 4, 4) in Cl( 4, 4) CPU =        0.053 ms (setup)        0.597 (*)        0.112 (^)        0.170 (&)        0.120 (%) 
Cl( 5, 4) in Cl( 5, 4) CPU =        0.104 ms (setup)        1.998 (*)        0.269 (^)        0.440 (&)        0.292 (%) 
Cl( 5, 5) in Cl( 5, 5) CPU =        0.203 ms (setup)        2.853 (*)        0.682 (^)        1.207 (&)        0.759 (%) 
Cl( 6, 5) in Cl( 6, 5) CPU =        0.415 ms (setup)        9.315 (*)        1.808 (^)        3.449 (&)        2.042 (%) 
Cl( 6, 6) in Cl( 6, 6) CPU =        0.811 ms (setup)       13.735 (*)        4.831 (^)        9.963 (&)        5.569 (%) 
Cl( 7, 6) in Cl( 7, 6) CPU =        1.643 ms (setup)      200.134 (*)       60.306 (^)       29.402 (&)       15.809 (%) 
Cl( 7, 7) in Cl( 7, 7) CPU =        3.328 ms (setup)      298.081 (*)       67.411 (^)       88.273 (&)       46.627 (%) 
Cl( 8, 7) in Cl( 8, 7) CPU =        6.901 ms (setup)      515.966 (*)      116.844 (^)      264.706 (&)      137.715 (%) 
Cl( 8, 8) in Cl( 8, 8) CPU =       14.514 ms (setup)      634.251 (*)      352.235 (^)      814.846 (&)      410.615 (%) 
Cl( 1, 0) in Cl( 8, 8) CPU =        0.001 ms (setup)        0.002 (*)        0.001 (^)        0.001 (&)        0.001 (%) 
Cl( 1, 1) in Cl( 8, 8) CPU =        0.001 ms (setup)        0.003 (*)        0.001 (^)        0.002 (&)        0.002 (%) 
Cl( 2, 1) in Cl( 8, 8) CPU =        0.003 ms (setup)        0.004 (*)        0.002 (^)        0.003 (&)        0.002 (%) 
Cl( 2, 2) in Cl( 8, 8) CPU =        0.003 ms (setup)        0.009 (*)        0.005 (^)        0.005 (&)        0.005 (%) 
Cl( 3, 2) in Cl( 8, 8) CPU =        0.007 ms (setup)        0.072 (*)        0.009 (^)        0.011 (&)        0.009 (%) 
Cl( 3, 3) in Cl( 8, 8) CPU =        0.013 ms (setup)        0.067 (*)        0.020 (^)        0.026 (&)        0.021 (%) 
Cl( 4, 3) in Cl( 8, 8) CPU =        0.026 ms (setup)        0.227 (*)        0.046 (^)        0.064 (&)        0.061 (%) 
Cl( 4, 4) in Cl( 8, 8) CPU =        0.052 ms (setup)        0.625 (*)        0.112 (^)        0.167 (&)        0.120 (%) 
Cl( 5, 4) in Cl( 8, 8) CPU =        0.103 ms (setup)        1.963 (*)        0.273 (^)        0.443 (&)        0.293 (%) 
Cl( 5, 5) in Cl( 8, 8) CPU =        0.207 ms (setup)        2.851 (*)        0.680 (^)        1.209 (&)        0.757 (%) 
Cl( 6, 5) in Cl( 8, 8) CPU =        0.413 ms (setup)        9.361 (*)        1.818 (^)        3.456 (&)        2.045 (%) 
Cl( 6, 6) in Cl( 8, 8) CPU =        0.808 ms (setup)       13.738 (*)        4.859 (^)        9.928 (&)        5.596 (%) 
Cl( 7, 6) in Cl( 8, 8) CPU =        1.693 ms (setup)      201.591 (*)       61.886 (^)       29.378 (&)       16.198 (%) 
Cl( 7, 7) in Cl( 8, 8) CPU =        3.313 ms (setup)      298.144 (*)       68.865 (^)       88.332 (&)       46.550 (%) 
Cl( 8, 7) in Cl( 8, 8) CPU =        6.819 ms (setup)      515.433 (*)      116.303 (^)      264.513 (&)      136.618 (%) 
Cl( 8, 8) in Cl( 8, 8) CPU =       14.268 ms (setup)      636.124 (*)      351.781 (^)      813.592 (&)      410.579 (%) 

matrix_multi<double>
Clifford algebra products test:
Fill: 0.5
Cl( 1, 0) in Cl( 1, 0) CPU =        0.004 ms (setup)        0.001 (*)        0.009 (^)        0.009 (&)        0.009 (%) 
Cl( 1, 1) in Cl( 1, 1) CPU =        0.005 ms (setup)        0.001 (*)        0.007 (^)        0.007 (&)        0.007 (%) 
Cl( 2, 1) in Cl( 2, 1) CPU =        0.015 ms (setup)        0.002 (*)        0.060 (^)        0.029 (&)        0.037 (%) 
Cl( 2, 2) in Cl( 2, 2) CPU =        0.009 ms (setup)        0.001 (*)        0.032 (^)        0.039 (&)        0.049 (%) 
Cl( 3, 2) in Cl( 3, 2) CPU =        0.044 ms (setup)        0.002 (*)        0.179 (^)        0.199 (&)        0.208 (%) 
Cl( 3, 3) in Cl( 3, 3) CPU =        0.035 ms (setup)        0.002 (*)        0.258 (^)        0.311 (&)        0.309 (%) 
Cl( 4, 3) in Cl( 4, 3) CPU =        0.087 ms (setup)        0.003 (*)        1.356 (^)        1.456 (&)        1.490 (%) 
Cl( 4, 4) in Cl( 4, 4) CPU =        0.150 ms (setup)        0.003 (*)        2.183 (^)        2.337 (&)        2.357 (%) 
Cl( 5, 4) in Cl( 5, 4) CPU =        0.357 ms (setup)        0.010 (*)        7.756 (^)        8.651 (&)        8.389 (%) 
Cl( 5, 5) in Cl( 5, 5) CPU =        0.669 ms (setup)        0.010 (*)       11.934 (^)       12.216 (&)       12.139 (%) 
Cl( 6, 5) in Cl( 6, 5) CPU =        1.528 ms (setup)        0.064 (*)       43.277 (^)       47.791 (&)       46.098 (%) 
Cl( 6, 6) in Cl( 6, 6) CPU =        3.021 ms (setup)        0.060 (*)       63.330 (^)       65.022 (&)       63.630 (%) 
Cl( 7, 6) in Cl( 7, 6) CPU =        6.971 ms (setup)        0.172 (*)      566.524 (^)      603.466 (&)      566.713 (%) 
Cl( 7, 7) in Cl( 7, 7) CPU =       13.760 ms (setup)        0.170 (*)      636.284 (^)      692.856 (&)      647.630 (%) 
Cl( 8, 7) in Cl( 8, 7) CPU =       32.129 ms (setup)        4.117 (*)     2058.414 (^)     2401.845 (&)     2018.715 (%) 
Cl( 8, 8) in Cl( 8, 8) CPU =       62.936 ms (setup)        5.635 (*)     2520.932 (^)     2905.436 (&)     2484.329 (%) 
Cl( 1, 0) in Cl( 8, 8) CPU =        0.057 ms (setup)        9.824 (*)       58.126 (^)       57.915 (&)       58.008 (%) 
Cl( 1, 1) in Cl( 8, 8) CPU =        0.083 ms (setup)        5.639 (*)       84.048 (^)       58.110 (&)       76.087 (%) 
Cl( 2, 1) in Cl( 8, 8) CPU =        0.117 ms (setup)        4.133 (*)      113.653 (^)       77.721 (&)       97.800 (%) 
Cl( 2, 2) in Cl( 8, 8) CPU =        0.317 ms (setup)        4.135 (*)      157.784 (^)      109.981 (&)      123.850 (%) 
Cl( 3, 2) in Cl( 8, 8) CPU =        4.095 ms (setup)        4.120 (*)      209.906 (^)      144.261 (&)      152.081 (%) 
Cl( 3, 3) in Cl( 8, 8) CPU =        7.702 ms (setup)        4.131 (*)      285.853 (^)      213.846 (&)      204.081 (%) 
Cl( 4, 3) in Cl( 8, 8) CPU =        7.901 ms (setup)        4.137 (*)      373.945 (^)      366.077 (&)      277.968 (%) 
Cl( 4, 4) in Cl( 8, 8) CPU =        8.184 ms (setup)        5.658 (*)      491.988 (^)      396.024 (&)      357.855 (%) 
Cl( 5, 4) in Cl( 8, 8) CPU =       12.120 ms (setup)        5.701 (*)      645.922 (^)      509.649 (&)      448.058 (%) 
Cl( 5, 5) in Cl( 8, 8) CPU =       17.889 ms (setup)        5.685 (*)      827.515 (^)      722.046 (&)      585.977 (%) 
Cl( 6, 5) in Cl( 8, 8) CPU =       35.635 ms (setup)        4.182 (*)      919.434 (^)      835.542 (&)      701.453 (%) 
Cl( 6, 6) in Cl( 8, 8) CPU =       13.043 ms (setup)        4.125 (*)     1045.304 (^)     1056.803 (&)      828.719 (%) 
Cl( 7, 6) in Cl( 8, 8) CPU =       29.538 ms (setup)        4.120 (*)     1160.762 (^)     1323.941 (&)      984.261 (%) 
Cl( 7, 7) in Cl( 8, 8) CPU =       52.985 ms (setup)        5.624 (*)     1393.361 (^)     1542.407 (&)     1211.317 (%) 
Cl( 8, 7) in Cl( 8, 8) CPU =      128.887 ms (setup)        4.120 (*)     2049.075 (^)     2280.374 (&)     1898.598 (%) 
Cl( 8, 8) in Cl( 8, 8) CPU =       62.907 ms (setup)        4.132 (*)     2370.607 (^)     2911.900 (&)     2417.068 (%) 
Fill: 1
Cl( 1, 0) in Cl( 1, 0) CPU =        0.002 ms (setup)        0.001 (*)        0.009 (^)        0.007 (&)        0.011 (%) 
Cl( 1, 1) in Cl( 1, 1) CPU =        0.002 ms (setup)        0.001 (*)        0.013 (^)        0.009 (&)        0.013 (%) 
Cl( 2, 1) in Cl( 2, 1) CPU =        0.004 ms (setup)        0.001 (*)        0.050 (^)        0.042 (&)        0.046 (%) 
Cl( 2, 2) in Cl( 2, 2) CPU =        0.011 ms (setup)        0.001 (*)        0.076 (^)        0.070 (&)        0.074 (%) 
Cl( 3, 2) in Cl( 3, 2) CPU =        0.026 ms (setup)        0.001 (*)        0.267 (^)        0.242 (&)        0.253 (%) 
Cl( 3, 3) in Cl( 3, 3) CPU =        0.045 ms (setup)        0.002 (*)        0.426 (^)        0.397 (&)        0.429 (%) 
Cl( 4, 3) in Cl( 4, 3) CPU =        0.116 ms (setup)        0.003 (*)        1.706 (^)        1.733 (&)        1.737 (%) 
Cl( 4, 4) in Cl( 4, 4) CPU =        0.212 ms (setup)        0.003 (*)        2.514 (^)        2.530 (&)        2.569 (%) 
Cl( 5, 4) in Cl( 5, 4) CPU =        0.495 ms (setup)        0.010 (*)        9.113 (^)        9.440 (&)        9.230 (%) 
Cl( 5, 5) in Cl( 5, 5) CPU =        0.963 ms (setup)        0.016 (*)       13.134 (^)       13.838 (&)       13.237 (%) 
Cl( 6, 5) in Cl( 6, 5) CPU =        2.265 ms (setup)        0.059 (*)       48.875 (^)       51.141 (&)       49.727 (%) 
Cl( 6, 6) in Cl( 6, 6) CPU =        4.681 ms (setup)        0.068 (*)       67.683 (^)       70.076 (&)       68.175 (%) 
Cl( 7, 6) in Cl( 7, 6) CPU =       10.479 ms (setup)        0.486 (*)      579.417 (^)      611.772 (&)      577.017 (%) 
Cl( 7, 7) in Cl( 7, 7) CPU =       20.991 ms (setup)        0.809 (*)      674.014 (^)      712.920 (&)      703.614 (%) 
Cl( 8, 7) in Cl( 8, 7) CPU =       51.455 ms (setup)        4.131 (*)     2460.300 (^)     2457.163 (&)     2079.206 (%) 
Cl( 8, 8) in Cl( 8, 8) CPU =      104.477 ms (setup)        4.132 (*)     2658.466 (^)     3016.279 (&)     2606.825 (%) 
Cl( 1, 0) in Cl( 8, 8) CPU =        0.068 ms (setup)        4.133 (*)       82.270 (^)       58.070 (&)       76.037 (%) 
Cl( 1, 1) in Cl( 8, 8) CPU =        0.099 ms (setup)        4.132 (*)      112.187 (^)       77.714 (&)       96.170 (%) 
Cl( 2, 1) in Cl( 8, 8) CPU =        0.198 ms (setup)        4.127 (*)      156.083 (^)      108.195 (&)      120.341 (%) 
Cl( 2, 2) in Cl( 8, 8) CPU =        6.115 ms (setup)        5.636 (*)      203.766 (^)      144.120 (&)      153.929 (%) 
Cl( 3, 2) in Cl( 8, 8) CPU =        6.179 ms (setup)        5.641 (*)      268.055 (^)      198.195 (&)      191.966 (%) 
Cl( 3, 3) in Cl( 8, 8) CPU =        6.247 ms (setup)        4.132 (*)      360.178 (^)      281.835 (&)      254.150 (%) 
Cl( 4, 3) in Cl( 8, 8) CPU =        8.037 ms (setup)        5.689 (*)      488.041 (^)      391.774 (&)      343.987 (%) 
Cl( 4, 4) in Cl( 8, 8) CPU =        8.379 ms (setup)        4.178 (*)      588.161 (^)      481.882 (&)      407.990 (%) 
Cl( 5, 4) in Cl( 8, 8) CPU =       14.132 ms (setup)        4.181 (*)      731.531 (^)      611.912 (&)      507.779 (%) 
Cl( 5, 5) in Cl( 8, 8) CPU =       22.087 ms (setup)        5.648 (*)      841.785 (^)      735.868 (&)      599.997 (%) 
Cl( 6, 5) in Cl( 8, 8) CPU =       43.924 ms (setup)        4.177 (*)      981.069 (^)      935.572 (&)      752.171 (%) 
Cl( 6, 6) in Cl( 8, 8) CPU =       16.527 ms (setup)        5.625 (*)     1050.193 (^)     1059.482 (&)      833.642 (%) 
Cl( 7, 6) in Cl( 8, 8) CPU =       38.718 ms (setup)        4.123 (*)     1297.207 (^)     1337.574 (&)     1063.453 (%) 
Cl( 7, 7) in Cl( 8, 8) CPU =       71.588 ms (setup)        4.131 (*)     1421.042 (^)     1561.628 (&)     1264.625 (%) 
Cl( 8, 7) in Cl( 8, 8) CPU =      177.947 ms (setup)        4.135 (*)     2260.733 (^)     2465.730 (&)     2113.803 (%) 
Cl( 8, 8) in Cl( 8, 8) CPU =      105.618 ms (setup)        8.303 (*)     2631.653 (^)     3028.479 (&)     2597.472 (%) 
