
framed_multi<double>
Clifford algebra squaring test:
Fill: 0.5
Cl( 1, 0) in Cl( 1, 0) CPU =        0.087 ms (setup)        0.012 (*) 
Cl( 1, 1) in Cl( 1, 1) CPU =        0.002 ms (setup)        0.002 (*) 
Cl( 2, 1) in Cl( 2, 1) CPU =        0.002 ms (setup)        0.005 (*) 
Cl( 2, 2) in Cl( 2, 2) CPU =        0.003 ms (setup)        0.007 (*) 
Cl( 3, 2) in Cl( 3, 2) CPU =        0.005 ms (setup)        0.018 (*) 
Cl( 3, 3) in Cl( 3, 3) CPU =        0.009 ms (setup)        0.039 (*) 
Cl( 4, 3) in Cl( 4, 3) CPU =        0.018 ms (setup)        1.763 (*) 
Cl( 4, 4) in Cl( 4, 4) CPU =        0.034 ms (setup)        0.677 (*) 
Cl( 5, 4) in Cl( 5, 4) CPU =        0.071 ms (setup)        8.005 (*) 
Cl( 5, 5) in Cl( 5, 5) CPU =        3.152 ms (setup)        8.729 (*) 
Cl( 6, 5) in Cl( 6, 5) CPU =        3.282 ms (setup)       36.355 (*) 
Cl( 6, 6) in Cl( 6, 6) CPU =        3.557 ms (setup)       48.634 (*) 
Cl( 7, 6) in Cl( 7, 6) CPU =        4.190 ms (setup)      179.136 (*) 
Cl( 7, 7) in Cl( 7, 7) CPU =        8.219 ms (setup)      232.615 (*) 
Cl( 8, 7) in Cl( 8, 7) CPU =       16.837 ms (setup)      659.793 (*) 
Cl( 8, 8) in Cl( 8, 8) CPU =        8.822 ms (setup)      548.264 (*) 
Cl( 9, 8) in Cl( 9, 8) CPU =       18.432 ms (setup)     1003.337 (*) 
Cl( 9, 9) in Cl( 9, 9) CPU =       38.270 ms (setup)     1620.458 (*) 
Cl(10, 9) in Cl(10, 9) CPU =       74.226 ms (setup)     5435.648 (*) 
Cl(10,10) in Cl(10,10) CPU =      163.012 ms (setup)     7474.778 (*) 
Cl(11,10) in Cl(11,10) CPU =      337.660 ms (setup)    29879.162 (*) 
Cl(11,11) in Cl(11,11) CPU =      640.938 ms (setup)    43746.572 (*) 
Fill: 1
Cl( 1, 0) in Cl( 1, 0) CPU =        0.006 ms (setup)        0.009 (*) 
Cl( 1, 1) in Cl( 1, 1) CPU =        0.002 ms (setup)        0.004 (*) 
Cl( 2, 1) in Cl( 2, 1) CPU =        0.003 ms (setup)        0.006 (*) 
Cl( 2, 2) in Cl( 2, 2) CPU =        0.004 ms (setup)        0.011 (*) 
Cl( 3, 2) in Cl( 3, 2) CPU =        0.009 ms (setup)        0.031 (*) 
Cl( 3, 3) in Cl( 3, 3) CPU =        0.028 ms (setup)        0.080 (*) 
Cl( 4, 3) in Cl( 4, 3) CPU =        0.027 ms (setup)        0.232 (*) 
Cl( 4, 4) in Cl( 4, 4) CPU =        0.056 ms (setup)       41.549 (*) 
Cl( 5, 4) in Cl( 5, 4) CPU =        0.114 ms (setup)        1.989 (*) 
Cl( 5, 5) in Cl( 5, 5) CPU =        0.211 ms (setup)        2.936 (*) 
Cl( 6, 5) in Cl( 6, 5) CPU =        0.413 ms (setup)        9.697 (*) 
Cl( 6, 6) in Cl( 6, 6) CPU =        0.837 ms (setup)       13.997 (*) 
Cl( 7, 6) in Cl( 7, 6) CPU =        1.658 ms (setup)      131.879 (*) 
Cl( 7, 7) in Cl( 7, 7) CPU =       15.724 ms (setup)      307.481 (*) 
Cl( 8, 7) in Cl( 8, 7) CPU =       28.703 ms (setup)      686.026 (*) 
Cl( 8, 8) in Cl( 8, 8) CPU =       14.056 ms (setup)      633.291 (*) 
Cl( 9, 8) in Cl( 9, 8) CPU =       28.874 ms (setup)     1249.849 (*) 
Cl( 9, 9) in Cl( 9, 9) CPU =       66.886 ms (setup)     2164.554 (*) 
Cl(10, 9) in Cl(10, 9) CPU =      143.778 ms (setup)     6952.237 (*) 
Cl(10,10) in Cl(10,10) CPU =      283.151 ms (setup)    10995.521 (*) 
Cl(11,10) in Cl(11,10) CPU =      591.633 ms (setup)    40300.723 (*) 
Cl(11,11) in Cl(11,11) CPU =     1224.767 ms (setup)    67965.831 (*) 

matrix_multi<double>
Clifford algebra squaring test:
Fill: 0.5
Cl( 1, 0) in Cl( 1, 0) CPU =        0.052 ms (setup)        0.004 (*) 
Cl( 1, 1) in Cl( 1, 1) CPU =        0.006 ms (setup)        0.001 (*) 
Cl( 2, 1) in Cl( 2, 1) CPU =        0.021 ms (setup)        0.002 (*) 
Cl( 2, 2) in Cl( 2, 2) CPU =        0.019 ms (setup)        0.002 (*) 
Cl( 3, 2) in Cl( 3, 2) CPU =        0.050 ms (setup)        0.008 (*) 
Cl( 3, 3) in Cl( 3, 3) CPU =        0.049 ms (setup)        0.003 (*) 
Cl( 4, 3) in Cl( 4, 3) CPU =       47.549 ms (setup)        0.013 (*) 
Cl( 4, 4) in Cl( 4, 4) CPU =        0.171 ms (setup)        0.016 (*) 
Cl( 5, 4) in Cl( 5, 4) CPU =        0.377 ms (setup)        0.013 (*) 
Cl( 5, 5) in Cl( 5, 5) CPU =        0.688 ms (setup)        0.013 (*) 
Cl( 6, 5) in Cl( 6, 5) CPU =        1.602 ms (setup)        0.063 (*) 
Cl( 6, 6) in Cl( 6, 6) CPU =        3.143 ms (setup)        0.069 (*) 
Cl( 7, 6) in Cl( 7, 6) CPU =        7.196 ms (setup)        0.347 (*) 
Cl( 7, 7) in Cl( 7, 7) CPU =       90.546 ms (setup)        0.343 (*) 
Cl( 8, 7) in Cl( 8, 7) CPU =      155.580 ms (setup)        4.252 (*) 
Cl( 8, 8) in Cl( 8, 8) CPU =      295.753 ms (setup)        4.330 (*) 
Cl( 9, 8) in Cl( 9, 8) CPU =      451.757 ms (setup)       25.139 (*) 
Cl( 9, 9) in Cl( 9, 9) CPU =      596.849 ms (setup)       27.248 (*) 
Cl(10, 9) in Cl(10, 9) CPU =     1094.703 ms (setup)      209.684 (*) 
Cl(10,10) in Cl(10,10) CPU =     1887.618 ms (setup)      211.105 (*) 
Cl(11,10) in Cl(11,10) CPU =     4629.944 ms (setup)     1693.973 (*) 
Cl(11,11) in Cl(11,11) CPU =     8986.404 ms (setup)     1737.382 (*) 
Fill: 1
Cl( 1, 0) in Cl( 1, 0) CPU =        0.023 ms (setup)        0.004 (*) 
Cl( 1, 1) in Cl( 1, 1) CPU =        0.019 ms (setup)        0.002 (*) 
Cl( 2, 1) in Cl( 2, 1) CPU =        0.024 ms (setup)        0.003 (*) 
Cl( 2, 2) in Cl( 2, 2) CPU =        0.026 ms (setup)        0.002 (*) 
Cl( 3, 2) in Cl( 3, 2) CPU =       36.191 ms (setup)        0.009 (*) 
Cl( 3, 3) in Cl( 3, 3) CPU =        0.071 ms (setup)        0.004 (*) 
Cl( 4, 3) in Cl( 4, 3) CPU =        0.140 ms (setup)        0.006 (*) 
Cl( 4, 4) in Cl( 4, 4) CPU =        0.250 ms (setup)        0.006 (*) 
Cl( 5, 4) in Cl( 5, 4) CPU =        3.590 ms (setup)        0.015 (*) 
Cl( 5, 5) in Cl( 5, 5) CPU =        4.130 ms (setup)        0.015 (*) 
Cl( 6, 5) in Cl( 6, 5) CPU =       11.628 ms (setup)        0.070 (*) 
Cl( 6, 6) in Cl( 6, 6) CPU =       20.424 ms (setup)        0.070 (*) 
Cl( 7, 6) in Cl( 7, 6) CPU =       48.194 ms (setup)        3.200 (*) 
Cl( 7, 7) in Cl( 7, 7) CPU =       96.026 ms (setup)        0.179 (*) 
Cl( 8, 7) in Cl( 8, 7) CPU =      236.523 ms (setup)        7.331 (*) 
Cl( 8, 8) in Cl( 8, 8) CPU =      392.065 ms (setup)        2.035 (*) 
Cl( 9, 8) in Cl( 9, 8) CPU =      561.892 ms (setup)       60.909 (*) 
Cl( 9, 9) in Cl( 9, 9) CPU =      823.241 ms (setup)       27.183 (*) 
Cl(10, 9) in Cl(10, 9) CPU =     1762.599 ms (setup)      213.104 (*) 
Cl(10,10) in Cl(10,10) CPU =     3288.847 ms (setup)      210.542 (*) 
Cl(11,10) in Cl(11,10) CPU =     8969.700 ms (setup)     1706.881 (*) 
Cl(11,11) in Cl(11,11) CPU =    18413.094 ms (setup)     1630.412 (*) 
