
framed_multi<float,-4,4>
Clifford algebra products test:
Fill: 0.5
Cl( 1, 0) in Cl( 1, 0) CPU =        0.001 ms (setup)        0.001 (*)        0.001 (^)        0.001 (&)        0.001 (%) 
Cl( 1, 1) in Cl( 1, 1) CPU =        0.001 ms (setup)        0.001 (*)        0.001 (^)        0.001 (&)        0.001 (%) 
Cl( 2, 1) in Cl( 2, 1) CPU =        0.001 ms (setup)        0.002 (*)        0.001 (^)        0.001 (&)        0.001 (%) 
Cl( 2, 2) in Cl( 2, 2) CPU =        0.001 ms (setup)        0.002 (*)        0.001 (^)        0.001 (&)        0.001 (%) 
Cl( 3, 2) in Cl( 3, 2) CPU =        0.002 ms (setup)        0.003 (*)        0.002 (^)        0.002 (&)        0.002 (%) 
Cl( 3, 3) in Cl( 3, 3) CPU =        0.003 ms (setup)        0.008 (*)        0.003 (^)        0.003 (&)        0.003 (%) 
Cl( 4, 3) in Cl( 4, 3) CPU =        0.006 ms (setup)        0.025 (*)        0.008 (^)        0.009 (&)        0.007 (%) 
Cl( 4, 4) in Cl( 4, 4) CPU =        0.011 ms (setup)        0.172 (*)        0.021 (^)        0.026 (&)        0.018 (%) 
Cl( 1, 0) in Cl( 4, 4) CPU =        0.001 ms (setup)        0.000 (*)        0.001 (^)        0.001 (&)        0.001 (%) 
Cl( 1, 1) in Cl( 4, 4) CPU =        0.001 ms (setup)        0.001 (*)        0.000 (^)        0.000 (&)        0.001 (%) 
Cl( 2, 1) in Cl( 4, 4) CPU =        0.001 ms (setup)        0.002 (*)        0.001 (^)        0.001 (&)        0.001 (%) 
Cl( 2, 2) in Cl( 4, 4) CPU =        0.001 ms (setup)        0.001 (*)        0.001 (^)        0.001 (&)        0.001 (%) 
Cl( 3, 2) in Cl( 4, 4) CPU =        0.002 ms (setup)        0.004 (*)        0.002 (^)        0.002 (&)        0.002 (%) 
Cl( 3, 3) in Cl( 4, 4) CPU =        0.004 ms (setup)        0.007 (*)        0.003 (^)        0.003 (&)        0.003 (%) 
Cl( 4, 3) in Cl( 4, 4) CPU =        0.006 ms (setup)        0.022 (*)        0.007 (^)        0.008 (&)        0.007 (%) 
Cl( 4, 4) in Cl( 4, 4) CPU =        0.011 ms (setup)        0.168 (*)        0.022 (^)        0.023 (&)        0.017 (%) 
Fill: 1
Cl( 1, 0) in Cl( 1, 0) CPU =        0.001 ms (setup)        0.001 (*)        0.001 (^)        0.001 (&)        0.001 (%) 
Cl( 1, 1) in Cl( 1, 1) CPU =        0.001 ms (setup)        0.001 (*)        0.001 (^)        0.001 (&)        0.001 (%) 
Cl( 2, 1) in Cl( 2, 1) CPU =        0.001 ms (setup)        0.001 (*)        0.001 (^)        0.001 (&)        0.001 (%) 
Cl( 2, 2) in Cl( 2, 2) CPU =        0.002 ms (setup)        0.002 (*)        0.001 (^)        0.001 (&)        0.001 (%) 
Cl( 3, 2) in Cl( 3, 2) CPU =        0.003 ms (setup)        0.005 (*)        0.002 (^)        0.003 (&)        0.002 (%) 
Cl( 3, 3) in Cl( 3, 3) CPU =        0.005 ms (setup)        0.015 (*)        0.005 (^)        0.006 (&)        0.005 (%) 
Cl( 4, 3) in Cl( 4, 3) CPU =        0.008 ms (setup)        0.054 (*)        0.011 (^)        0.015 (&)        0.011 (%) 
Cl( 4, 4) in Cl( 4, 4) CPU =        0.016 ms (setup)        0.208 (*)        0.028 (^)        0.041 (&)        0.027 (%) 
Cl( 1, 0) in Cl( 4, 4) CPU =        0.001 ms (setup)        0.001 (*)        0.001 (^)        0.001 (&)        0.001 (%) 
Cl( 1, 1) in Cl( 4, 4) CPU =        0.001 ms (setup)        0.001 (*)        0.001 (^)        0.001 (&)        0.001 (%) 
Cl( 2, 1) in Cl( 4, 4) CPU =        0.001 ms (setup)        0.002 (*)        0.001 (^)        0.001 (&)        0.001 (%) 
Cl( 2, 2) in Cl( 4, 4) CPU =        0.002 ms (setup)        0.002 (*)        0.001 (^)        0.002 (&)        0.001 (%) 
Cl( 3, 2) in Cl( 4, 4) CPU =        0.003 ms (setup)        0.005 (*)        0.002 (^)        0.003 (&)        0.003 (%) 
Cl( 3, 3) in Cl( 4, 4) CPU =        0.005 ms (setup)        0.014 (*)        0.005 (^)        0.006 (&)        0.005 (%) 
Cl( 4, 3) in Cl( 4, 4) CPU =        0.008 ms (setup)        0.046 (*)        0.011 (^)        0.015 (&)        0.011 (%) 
Cl( 4, 4) in Cl( 4, 4) CPU =        0.017 ms (setup)        0.209 (*)        0.029 (^)        0.040 (&)        0.027 (%) 

matrix_multi<float,-4,4>
Clifford algebra products test:
Fill: 0.5
Cl( 1, 0) in Cl( 1, 0) CPU =        0.009 ms (setup)        0.001 (*)        0.003 (^)        0.002 (&)        0.003 (%) 
Cl( 1, 1) in Cl( 1, 1) CPU =        0.003 ms (setup)        0.001 (*)        0.003 (^)        0.003 (&)        0.002 (%) 
Cl( 2, 1) in Cl( 2, 1) CPU =        0.001 ms (setup)        0.001 (*)        0.004 (^)        0.006 (&)        0.005 (%) 
Cl( 2, 2) in Cl( 2, 2) CPU =        0.004 ms (setup)        0.001 (*)        0.018 (^)        0.012 (&)        0.014 (%) 
Cl( 3, 2) in Cl( 3, 2) CPU =        0.006 ms (setup)        0.001 (*)        0.060 (^)        0.051 (&)        0.056 (%) 
Cl( 3, 3) in Cl( 3, 3) CPU =        0.010 ms (setup)        0.000 (*)        0.095 (^)        0.087 (&)        0.085 (%) 
Cl( 4, 3) in Cl( 4, 3) CPU =        0.026 ms (setup)        0.001 (*)        0.393 (^)        0.379 (&)        0.389 (%) 
Cl( 4, 4) in Cl( 4, 4) CPU =        0.052 ms (setup)        0.001 (*)        0.673 (^)        0.669 (&)        0.693 (%) 
Cl( 1, 0) in Cl( 4, 4) CPU =        0.001 ms (setup)        0.001 (*)        0.003 (^)        0.003 (&)        0.002 (%) 
Cl( 1, 1) in Cl( 4, 4) CPU =        0.003 ms (setup)        0.001 (*)        0.025 (^)        0.015 (&)        0.022 (%) 
Cl( 2, 1) in Cl( 4, 4) CPU =        0.004 ms (setup)        0.001 (*)        0.038 (^)        0.019 (&)        0.024 (%) 
Cl( 2, 2) in Cl( 4, 4) CPU =        0.011 ms (setup)        0.001 (*)        0.051 (^)        0.035 (&)        0.042 (%) 
Cl( 3, 2) in Cl( 4, 4) CPU =        0.025 ms (setup)        0.001 (*)        0.067 (^)        0.066 (&)        0.063 (%) 
Cl( 3, 3) in Cl( 4, 4) CPU =        0.036 ms (setup)        0.001 (*)        0.135 (^)        0.113 (&)        0.113 (%) 
Cl( 4, 3) in Cl( 4, 4) CPU =        0.088 ms (setup)        0.001 (*)        0.411 (^)        0.409 (&)        0.405 (%) 
Cl( 4, 4) in Cl( 4, 4) CPU =        0.050 ms (setup)        0.001 (*)        0.647 (^)        0.679 (&)        0.691 (%) 
Fill: 1
Cl( 1, 0) in Cl( 1, 0) CPU =        0.001 ms (setup)        0.001 (*)        0.004 (^)        0.003 (&)        0.003 (%) 
Cl( 1, 1) in Cl( 1, 1) CPU =        0.002 ms (setup)        0.001 (*)        0.004 (^)        0.003 (&)        0.004 (%) 
Cl( 2, 1) in Cl( 2, 1) CPU =        0.002 ms (setup)        0.001 (*)        0.012 (^)        0.011 (&)        0.013 (%) 
Cl( 2, 2) in Cl( 2, 2) CPU =        0.004 ms (setup)        0.001 (*)        0.020 (^)        0.017 (&)        0.020 (%) 
Cl( 3, 2) in Cl( 3, 2) CPU =        0.007 ms (setup)        0.000 (*)        0.068 (^)        0.070 (&)        0.081 (%) 
Cl( 3, 3) in Cl( 3, 3) CPU =        0.013 ms (setup)        0.001 (*)        0.112 (^)        0.106 (&)        0.120 (%) 
Cl( 4, 3) in Cl( 4, 3) CPU =        0.035 ms (setup)        0.001 (*)        0.494 (^)        0.493 (&)        0.508 (%) 
Cl( 4, 4) in Cl( 4, 4) CPU =        0.075 ms (setup)        0.001 (*)        0.775 (^)        0.770 (&)        0.791 (%) 
Cl( 1, 0) in Cl( 4, 4) CPU =        0.002 ms (setup)        0.002 (*)        0.021 (^)        0.013 (&)        0.017 (%) 
Cl( 1, 1) in Cl( 4, 4) CPU =        0.003 ms (setup)        0.001 (*)        0.024 (^)        0.015 (&)        0.022 (%) 
Cl( 2, 1) in Cl( 4, 4) CPU =        0.005 ms (setup)        0.002 (*)        0.039 (^)        0.026 (&)        0.030 (%) 
Cl( 2, 2) in Cl( 4, 4) CPU =        0.011 ms (setup)        0.001 (*)        0.063 (^)        0.036 (&)        0.044 (%) 
Cl( 3, 2) in Cl( 4, 4) CPU =        0.025 ms (setup)        0.001 (*)        0.124 (^)        0.093 (&)        0.090 (%) 
Cl( 3, 3) in Cl( 4, 4) CPU =        0.043 ms (setup)        0.001 (*)        0.185 (^)        0.146 (&)        0.154 (%) 
Cl( 4, 3) in Cl( 4, 4) CPU =        0.118 ms (setup)        0.001 (*)        0.548 (^)        0.503 (&)        0.495 (%) 
Cl( 4, 4) in Cl( 4, 4) CPU =        0.065 ms (setup)        0.001 (*)        0.770 (^)        0.762 (&)        0.778 (%) 

framed_multi<double>
Clifford algebra products test:
Fill: 0.5
Cl( 1, 0) in Cl( 1, 0) CPU =        0.001 ms (setup)        0.001 (*)        0.001 (^)        0.001 (&)        0.001 (%) 
Cl( 1, 1) in Cl( 1, 1) CPU =        0.001 ms (setup)        0.001 (*)        0.001 (^)        0.001 (&)        0.001 (%) 
Cl( 2, 1) in Cl( 2, 1) CPU =        0.001 ms (setup)        0.002 (*)        0.001 (^)        0.001 (&)        0.001 (%) 
Cl( 2, 2) in Cl( 2, 2) CPU =        0.001 ms (setup)        0.003 (*)        0.002 (^)        0.001 (&)        0.001 (%) 
Cl( 3, 2) in Cl( 3, 2) CPU =        0.003 ms (setup)        0.005 (*)        0.002 (^)        0.002 (&)        0.002 (%) 
Cl( 3, 3) in Cl( 3, 3) CPU =        0.004 ms (setup)        0.009 (*)        0.004 (^)        0.004 (&)        0.004 (%) 
Cl( 4, 3) in Cl( 4, 3) CPU =        0.007 ms (setup)        0.026 (*)        0.010 (^)        0.012 (&)        0.008 (%) 
Cl( 4, 4) in Cl( 4, 4) CPU =        0.013 ms (setup)        0.163 (*)        0.026 (^)        0.026 (&)        0.019 (%) 
Cl( 5, 4) in Cl( 5, 4) CPU =        0.027 ms (setup)        0.648 (*)        0.120 (^)        0.095 (&)        0.064 (%) 
Cl( 5, 5) in Cl( 5, 5) CPU =        0.056 ms (setup)        0.852 (*)        0.401 (^)        0.290 (&)        0.197 (%) 
Cl( 6, 5) in Cl( 6, 5) CPU =        0.108 ms (setup)        3.143 (*)        1.188 (^)        0.912 (&)        0.535 (%) 
Cl( 6, 6) in Cl( 6, 6) CPU =        0.223 ms (setup)        4.117 (*)        3.243 (^)        2.647 (&)        1.480 (%) 
Cl( 7, 6) in Cl( 7, 6) CPU =        0.460 ms (setup)       47.120 (*)        9.752 (^)        8.132 (&)        4.460 (%) 
Cl( 7, 7) in Cl( 7, 7) CPU =        0.926 ms (setup)       51.239 (*)       28.199 (^)       23.785 (&)       13.357 (%) 
Cl( 8, 7) in Cl( 8, 7) CPU =        1.901 ms (setup)      107.305 (*)       86.617 (^)       70.959 (&)       36.606 (%) 
Cl( 8, 8) in Cl( 8, 8) CPU =        3.777 ms (setup)      132.963 (*)      251.876 (^)      216.376 (&)      108.300 (%) 
Cl( 1, 0) in Cl( 8, 8) CPU =        0.001 ms (setup)        0.001 (*)        0.001 (^)        0.001 (&)        0.000 (%) 
Cl( 1, 1) in Cl( 8, 8) CPU =        0.001 ms (setup)        0.001 (*)        0.001 (^)        0.001 (&)        0.001 (%) 
Cl( 2, 1) in Cl( 8, 8) CPU =        0.001 ms (setup)        0.001 (*)        0.001 (^)        0.001 (&)        0.001 (%) 
Cl( 2, 2) in Cl( 8, 8) CPU =        0.001 ms (setup)        0.002 (*)        0.001 (^)        0.002 (&)        0.001 (%) 
Cl( 3, 2) in Cl( 8, 8) CPU =        0.002 ms (setup)        0.004 (*)        0.002 (^)        0.002 (&)        0.002 (%) 
Cl( 3, 3) in Cl( 8, 8) CPU =        0.003 ms (setup)        0.009 (*)        0.004 (^)        0.004 (&)        0.004 (%) 
Cl( 4, 3) in Cl( 8, 8) CPU =        0.006 ms (setup)        0.023 (*)        0.009 (^)        0.007 (&)        0.007 (%) 
Cl( 4, 4) in Cl( 8, 8) CPU =        0.013 ms (setup)        0.163 (*)        0.030 (^)        0.029 (&)        0.019 (%) 
Cl( 5, 4) in Cl( 8, 8) CPU =        0.025 ms (setup)        0.628 (*)        0.112 (^)        0.088 (&)        0.061 (%) 
Cl( 5, 5) in Cl( 8, 8) CPU =        0.054 ms (setup)        0.816 (*)        0.374 (^)        0.294 (&)        0.171 (%) 
Cl( 6, 5) in Cl( 8, 8) CPU =        0.112 ms (setup)        3.065 (*)        1.113 (^)        0.896 (&)        0.518 (%) 
Cl( 6, 6) in Cl( 8, 8) CPU =        0.224 ms (setup)        4.126 (*)        3.231 (^)        2.589 (&)        1.446 (%) 
Cl( 7, 6) in Cl( 8, 8) CPU =        0.442 ms (setup)       46.299 (*)       10.395 (^)        8.000 (&)        4.293 (%) 
Cl( 7, 7) in Cl( 8, 8) CPU =        0.927 ms (setup)       50.693 (*)       28.100 (^)       23.697 (&)       12.254 (%) 
Cl( 8, 7) in Cl( 8, 8) CPU =        1.823 ms (setup)      105.053 (*)       83.680 (^)       70.539 (&)       36.941 (%) 
Cl( 8, 8) in Cl( 8, 8) CPU =        3.695 ms (setup)      130.578 (*)      250.608 (^)      217.435 (&)      109.035 (%) 
Fill: 1
Cl( 1, 0) in Cl( 1, 0) CPU =        0.001 ms (setup)        0.001 (*)        0.001 (^)        0.001 (&)        0.001 (%) 
Cl( 1, 1) in Cl( 1, 1) CPU =        0.001 ms (setup)        0.001 (*)        0.001 (^)        0.001 (&)        0.001 (%) 
Cl( 2, 1) in Cl( 2, 1) CPU =        0.001 ms (setup)        0.002 (*)        0.001 (^)        0.001 (&)        0.001 (%) 
Cl( 2, 2) in Cl( 2, 2) CPU =        0.002 ms (setup)        0.003 (*)        0.002 (^)        0.001 (&)        0.002 (%) 
Cl( 3, 2) in Cl( 3, 2) CPU =        0.003 ms (setup)        0.006 (*)        0.003 (^)        0.003 (&)        0.003 (%) 
Cl( 3, 3) in Cl( 3, 3) CPU =        0.005 ms (setup)        0.021 (*)        0.005 (^)        0.007 (&)        0.005 (%) 
Cl( 4, 3) in Cl( 4, 3) CPU =        0.010 ms (setup)        0.059 (*)        0.013 (^)        0.016 (&)        0.013 (%) 
Cl( 4, 4) in Cl( 4, 4) CPU =        0.018 ms (setup)        0.211 (*)        0.037 (^)        0.048 (&)        0.034 (%) 
Cl( 5, 4) in Cl( 5, 4) CPU =        0.038 ms (setup)        0.719 (*)        0.098 (^)        0.130 (&)        0.085 (%) 
Cl( 5, 5) in Cl( 5, 5) CPU =        0.081 ms (setup)        1.064 (*)        0.282 (^)        0.359 (&)        0.247 (%) 
Cl( 6, 5) in Cl( 6, 5) CPU =        0.181 ms (setup)        3.683 (*)        0.756 (^)        0.992 (&)        0.673 (%) 
Cl( 6, 6) in Cl( 6, 6) CPU =        0.372 ms (setup)        5.397 (*)        2.008 (^)        2.803 (&)        1.728 (%) 
Cl( 7, 6) in Cl( 7, 6) CPU =        0.786 ms (setup)       50.038 (*)        5.554 (^)        7.936 (&)        4.687 (%) 
Cl( 7, 7) in Cl( 7, 7) CPU =        1.541 ms (setup)       57.996 (*)       15.471 (^)       24.000 (&)       13.148 (%) 
Cl( 8, 7) in Cl( 8, 7) CPU =        3.252 ms (setup)      125.043 (*)       43.971 (^)       67.160 (&)       36.329 (%) 
Cl( 8, 8) in Cl( 8, 8) CPU =        6.603 ms (setup)      173.993 (*)      128.583 (^)      198.338 (&)      105.397 (%) 
Cl( 1, 0) in Cl( 8, 8) CPU =        0.001 ms (setup)        0.001 (*)        0.001 (^)        0.001 (&)        0.001 (%) 
Cl( 1, 1) in Cl( 8, 8) CPU =        0.001 ms (setup)        0.001 (*)        0.001 (^)        0.001 (&)        0.001 (%) 
Cl( 2, 1) in Cl( 8, 8) CPU =        0.001 ms (setup)        0.002 (*)        0.001 (^)        0.001 (&)        0.001 (%) 
Cl( 2, 2) in Cl( 8, 8) CPU =        0.001 ms (setup)        0.003 (*)        0.002 (^)        0.002 (&)        0.002 (%) 
Cl( 3, 2) in Cl( 8, 8) CPU =        0.003 ms (setup)        0.006 (*)        0.003 (^)        0.003 (&)        0.003 (%) 
Cl( 3, 3) in Cl( 8, 8) CPU =        0.005 ms (setup)        0.020 (*)        0.006 (^)        0.007 (&)        0.006 (%) 
Cl( 4, 3) in Cl( 8, 8) CPU =        0.009 ms (setup)        0.061 (*)        0.013 (^)        0.016 (&)        0.013 (%) 
Cl( 4, 4) in Cl( 8, 8) CPU =        0.018 ms (setup)        0.215 (*)        0.036 (^)        0.047 (&)        0.033 (%) 
Cl( 5, 4) in Cl( 8, 8) CPU =        0.037 ms (setup)        0.735 (*)        0.101 (^)        0.146 (&)        0.088 (%) 
Cl( 5, 5) in Cl( 8, 8) CPU =        0.082 ms (setup)        1.080 (*)        0.286 (^)        0.367 (&)        0.257 (%) 
Cl( 6, 5) in Cl( 8, 8) CPU =        0.188 ms (setup)        3.722 (*)        0.766 (^)        1.016 (&)        0.672 (%) 
Cl( 6, 6) in Cl( 8, 8) CPU =        0.372 ms (setup)        5.415 (*)        2.037 (^)        2.794 (&)        1.728 (%) 
Cl( 7, 6) in Cl( 8, 8) CPU =        0.796 ms (setup)       49.065 (*)        5.550 (^)        7.923 (&)        4.690 (%) 
Cl( 7, 7) in Cl( 8, 8) CPU =        1.530 ms (setup)       58.441 (*)       15.516 (^)       23.041 (&)       12.953 (%) 
Cl( 8, 7) in Cl( 8, 8) CPU =        3.153 ms (setup)      124.466 (*)       43.956 (^)       68.400 (&)       36.294 (%) 
Cl( 8, 8) in Cl( 8, 8) CPU =        6.481 ms (setup)      175.282 (*)      128.491 (^)      197.793 (&)      104.319 (%) 

matrix_multi<double>
Clifford algebra products test:
Fill: 0.5
Cl( 1, 0) in Cl( 1, 0) CPU =        0.004 ms (setup)        0.000 (*)        0.003 (^)        0.002 (&)        0.003 (%) 
Cl( 1, 1) in Cl( 1, 1) CPU =        0.002 ms (setup)        0.001 (*)        0.002 (^)        0.002 (&)        0.002 (%) 
Cl( 2, 1) in Cl( 2, 1) CPU =        0.003 ms (setup)        0.001 (*)        0.012 (^)        0.008 (&)        0.011 (%) 
Cl( 2, 2) in Cl( 2, 2) CPU =        0.005 ms (setup)        0.001 (*)        0.009 (^)        0.011 (&)        0.013 (%) 
Cl( 3, 2) in Cl( 3, 2) CPU =        0.013 ms (setup)        0.000 (*)        0.046 (^)        0.050 (&)        0.059 (%) 
Cl( 3, 3) in Cl( 3, 3) CPU =        0.011 ms (setup)        0.001 (*)        0.067 (^)        0.084 (&)        0.080 (%) 
Cl( 4, 3) in Cl( 4, 3) CPU =        0.026 ms (setup)        0.001 (*)        0.371 (^)        0.406 (&)        0.416 (%) 
Cl( 4, 4) in Cl( 4, 4) CPU =        0.050 ms (setup)        0.001 (*)        0.622 (^)        0.633 (&)        0.646 (%) 
Cl( 5, 4) in Cl( 5, 4) CPU =        0.123 ms (setup)        0.003 (*)        2.451 (^)        2.640 (&)        2.663 (%) 
Cl( 5, 5) in Cl( 5, 5) CPU =        0.237 ms (setup)        0.003 (*)        3.974 (^)        4.022 (&)        4.052 (%) 
Cl( 6, 5) in Cl( 6, 5) CPU =        0.565 ms (setup)        0.011 (*)       14.587 (^)       15.383 (&)       14.998 (%) 
Cl( 6, 6) in Cl( 6, 6) CPU =        1.119 ms (setup)        0.011 (*)       21.082 (^)       21.442 (&)       21.207 (%) 
Cl( 7, 6) in Cl( 7, 6) CPU =        2.582 ms (setup)        0.037 (*)      133.956 (^)      147.198 (&)      133.517 (%) 
Cl( 7, 7) in Cl( 7, 7) CPU =        5.153 ms (setup)        0.036 (*)      159.935 (^)      181.931 (&)      166.049 (%) 
Cl( 8, 7) in Cl( 8, 7) CPU =       12.019 ms (setup)        0.183 (*)      656.331 (^)      765.208 (&)      640.666 (%) 
Cl( 8, 8) in Cl( 8, 8) CPU =       26.273 ms (setup)        0.210 (*)      833.079 (^)      951.952 (&)      817.456 (%) 
Cl( 1, 0) in Cl( 8, 8) CPU =        0.017 ms (setup)        1.951 (*)       36.486 (^)       38.242 (&)       36.022 (%) 
Cl( 1, 1) in Cl( 8, 8) CPU =        0.029 ms (setup)        0.228 (*)       46.068 (^)       38.773 (&)       48.367 (%) 
Cl( 2, 1) in Cl( 8, 8) CPU =        0.029 ms (setup)        0.179 (*)       56.271 (^)       46.709 (&)       50.802 (%) 
Cl( 2, 2) in Cl( 8, 8) CPU =        0.073 ms (setup)        0.197 (*)       68.352 (^)       53.120 (&)       57.168 (%) 
Cl( 3, 2) in Cl( 8, 8) CPU =        0.387 ms (setup)        1.337 (*)       76.656 (^)       66.047 (&)       69.382 (%) 
Cl( 3, 3) in Cl( 8, 8) CPU =        0.476 ms (setup)        1.560 (*)       99.450 (^)       82.323 (&)       80.514 (%) 
Cl( 4, 3) in Cl( 8, 8) CPU =        0.532 ms (setup)        0.189 (*)      119.251 (^)      117.252 (&)       96.389 (%) 
Cl( 4, 4) in Cl( 8, 8) CPU =        0.648 ms (setup)        1.300 (*)      145.579 (^)      120.303 (&)      108.612 (%) 
Cl( 5, 4) in Cl( 8, 8) CPU =        0.931 ms (setup)        0.196 (*)      176.806 (^)      144.233 (&)      123.883 (%) 
Cl( 5, 5) in Cl( 8, 8) CPU =        1.342 ms (setup)        0.196 (*)      218.815 (^)      193.431 (&)      152.943 (%) 
Cl( 6, 5) in Cl( 8, 8) CPU =        2.618 ms (setup)        0.180 (*)      236.532 (^)      206.003 (&)      168.745 (%) 
Cl( 6, 6) in Cl( 8, 8) CPU =        4.987 ms (setup)        1.994 (*)      273.724 (^)      271.022 (&)      205.624 (%) 
Cl( 7, 6) in Cl( 8, 8) CPU =       10.883 ms (setup)        0.180 (*)      327.954 (^)      367.549 (&)      265.639 (%) 
Cl( 7, 7) in Cl( 8, 8) CPU =       21.935 ms (setup)        0.184 (*)      404.788 (^)      446.934 (&)      350.463 (%) 
Cl( 8, 7) in Cl( 8, 8) CPU =       48.958 ms (setup)        0.184 (*)      666.549 (^)      724.019 (&)      603.680 (%) 
Cl( 8, 8) in Cl( 8, 8) CPU =       26.151 ms (setup)        0.194 (*)      786.251 (^)      974.437 (&)      796.593 (%) 
Fill: 1
Cl( 1, 0) in Cl( 1, 0) CPU =        0.001 ms (setup)        0.001 (*)        0.003 (^)        0.003 (&)        0.003 (%) 
Cl( 1, 1) in Cl( 1, 1) CPU =        0.001 ms (setup)        0.001 (*)        0.005 (^)        0.003 (&)        0.004 (%) 
Cl( 2, 1) in Cl( 2, 1) CPU =        0.002 ms (setup)        0.000 (*)        0.013 (^)        0.011 (&)        0.013 (%) 
Cl( 2, 2) in Cl( 2, 2) CPU =        0.003 ms (setup)        0.001 (*)        0.019 (^)        0.017 (&)        0.020 (%) 
Cl( 3, 2) in Cl( 3, 2) CPU =        0.007 ms (setup)        0.001 (*)        0.064 (^)        0.065 (&)        0.063 (%) 
Cl( 3, 3) in Cl( 3, 3) CPU =        0.013 ms (setup)        0.001 (*)        0.110 (^)        0.103 (&)        0.110 (%) 
Cl( 4, 3) in Cl( 4, 3) CPU =        0.036 ms (setup)        0.001 (*)        0.476 (^)        0.493 (&)        0.491 (%) 
Cl( 4, 4) in Cl( 4, 4) CPU =        0.074 ms (setup)        0.001 (*)        0.781 (^)        0.754 (&)        0.780 (%) 
Cl( 5, 4) in Cl( 5, 4) CPU =        0.184 ms (setup)        0.004 (*)        2.903 (^)        2.961 (&)        2.955 (%) 
Cl( 5, 5) in Cl( 5, 5) CPU =        0.380 ms (setup)        0.003 (*)        4.376 (^)        4.410 (&)        4.405 (%) 
Cl( 6, 5) in Cl( 6, 5) CPU =        0.930 ms (setup)        0.011 (*)       16.250 (^)       16.701 (&)       16.421 (%) 
Cl( 6, 6) in Cl( 6, 6) CPU =        1.807 ms (setup)        0.011 (*)       23.106 (^)       23.535 (&)       23.231 (%) 
Cl( 7, 6) in Cl( 7, 6) CPU =        4.398 ms (setup)        0.298 (*)      140.427 (^)      155.553 (&)      139.476 (%) 
Cl( 7, 7) in Cl( 7, 7) CPU =        8.782 ms (setup)        0.037 (*)      177.407 (^)      192.895 (&)      177.154 (%) 
Cl( 8, 7) in Cl( 8, 7) CPU =       23.228 ms (setup)        0.191 (*)      829.489 (^)      787.400 (&)      666.445 (%) 
Cl( 8, 8) in Cl( 8, 8) CPU =       45.285 ms (setup)        0.194 (*)      877.512 (^)      987.885 (&)      859.413 (%) 
Cl( 1, 0) in Cl( 8, 8) CPU =        0.017 ms (setup)        0.211 (*)       46.429 (^)       40.009 (&)       49.703 (%) 
Cl( 1, 1) in Cl( 8, 8) CPU =        0.026 ms (setup)        0.188 (*)       55.745 (^)       46.415 (&)       50.678 (%) 
Cl( 2, 1) in Cl( 8, 8) CPU =        0.045 ms (setup)        0.181 (*)       67.233 (^)       55.288 (&)       58.880 (%) 
Cl( 2, 2) in Cl( 8, 8) CPU =        0.449 ms (setup)        0.183 (*)       78.642 (^)       67.290 (&)       65.990 (%) 
Cl( 3, 2) in Cl( 8, 8) CPU =        0.499 ms (setup)        0.204 (*)       92.693 (^)       76.326 (&)       79.494 (%) 
Cl( 3, 3) in Cl( 8, 8) CPU =        0.502 ms (setup)        1.738 (*)      118.581 (^)       99.308 (&)       91.390 (%) 
Cl( 4, 3) in Cl( 8, 8) CPU =        0.588 ms (setup)        0.194 (*)      144.731 (^)      120.862 (&)      107.740 (%) 
Cl( 4, 4) in Cl( 8, 8) CPU =        0.720 ms (setup)        1.002 (*)      167.929 (^)      139.722 (&)      128.019 (%) 
Cl( 5, 4) in Cl( 8, 8) CPU =        1.079 ms (setup)        0.182 (*)      195.983 (^)      179.861 (&)      137.272 (%) 
Cl( 5, 5) in Cl( 8, 8) CPU =        1.688 ms (setup)        0.191 (*)      219.030 (^)      194.118 (&)      164.834 (%) 
Cl( 6, 5) in Cl( 8, 8) CPU =        3.573 ms (setup)        1.732 (*)      254.341 (^)      235.911 (&)      181.850 (%) 
Cl( 6, 6) in Cl( 8, 8) CPU =        6.405 ms (setup)        0.195 (*)      279.118 (^)      275.063 (&)      210.577 (%) 
Cl( 7, 6) in Cl( 8, 8) CPU =       14.992 ms (setup)        0.180 (*)      364.236 (^)      372.117 (&)      297.887 (%) 
Cl( 7, 7) in Cl( 8, 8) CPU =       28.791 ms (setup)        0.182 (*)      413.372 (^)      445.488 (&)      352.942 (%) 
Cl( 8, 7) in Cl( 8, 8) CPU =       73.719 ms (setup)        0.753 (*)      735.371 (^)      784.376 (&)      668.092 (%) 
Cl( 8, 8) in Cl( 8, 8) CPU =       45.411 ms (setup)        0.190 (*)      875.747 (^)      990.026 (&)      861.308 (%) 
