
framed_multi<double>
Clifford algebra squaring test:
Fill: 0.5
Cl( 1, 0) in Cl( 1, 0) CPU =        0.028 ms (setup)        0.003 (*) 
Cl( 1, 1) in Cl( 1, 1) CPU =        0.001 ms (setup)        0.001 (*) 
Cl( 2, 1) in Cl( 2, 1) CPU =        0.002 ms (setup)        0.003 (*) 
Cl( 2, 2) in Cl( 2, 2) CPU =        0.001 ms (setup)        0.003 (*) 
Cl( 3, 2) in Cl( 3, 2) CPU =        0.002 ms (setup)        0.005 (*) 
Cl( 3, 3) in Cl( 3, 3) CPU =        0.006 ms (setup)        0.016 (*) 
Cl( 4, 3) in Cl( 4, 3) CPU =        0.008 ms (setup)        0.044 (*) 
Cl( 4, 4) in Cl( 4, 4) CPU =        0.013 ms (setup)        0.244 (*) 
Cl( 5, 4) in Cl( 5, 4) CPU =        0.028 ms (setup)        0.686 (*) 
Cl( 5, 5) in Cl( 5, 5) CPU =        0.060 ms (setup)        0.849 (*) 
Cl( 6, 5) in Cl( 6, 5) CPU =        0.107 ms (setup)        3.320 (*) 
Cl( 6, 6) in Cl( 6, 6) CPU =        0.216 ms (setup)        4.245 (*) 
Cl( 7, 6) in Cl( 7, 6) CPU =        0.446 ms (setup)       49.504 (*) 
Cl( 7, 7) in Cl( 7, 7) CPU =        0.885 ms (setup)       52.127 (*) 
Cl( 8, 7) in Cl( 8, 7) CPU =        2.139 ms (setup)      107.334 (*) 
Cl( 8, 8) in Cl( 8, 8) CPU =        3.728 ms (setup)      133.028 (*) 
Cl( 9, 8) in Cl( 9, 8) CPU =        7.506 ms (setup)      310.213 (*) 
Cl( 9, 9) in Cl( 9, 9) CPU =       15.038 ms (setup)      572.365 (*) 
Cl(10, 9) in Cl(10, 9) CPU =       31.414 ms (setup)     2120.334 (*) 
Cl(10,10) in Cl(10,10) CPU =       74.697 ms (setup)     2987.122 (*) 
Cl(11,10) in Cl(11,10) CPU =      168.175 ms (setup)    12632.318 (*) 
Cl(11,11) in Cl(11,11) CPU =      354.130 ms (setup)    17901.047 (*) 
Fill: 1
Cl( 1, 0) in Cl( 1, 0) CPU =        0.007 ms (setup)        0.004 (*) 
Cl( 1, 1) in Cl( 1, 1) CPU =        0.001 ms (setup)        0.004 (*) 
Cl( 2, 1) in Cl( 2, 1) CPU =        0.002 ms (setup)        0.003 (*) 
Cl( 2, 2) in Cl( 2, 2) CPU =        0.002 ms (setup)        0.005 (*) 
Cl( 3, 2) in Cl( 3, 2) CPU =        0.004 ms (setup)        0.010 (*) 
Cl( 3, 3) in Cl( 3, 3) CPU =        0.007 ms (setup)        0.024 (*) 
Cl( 4, 3) in Cl( 4, 3) CPU =        0.013 ms (setup)        0.070 (*) 
Cl( 4, 4) in Cl( 4, 4) CPU =        0.021 ms (setup)        0.244 (*) 
Cl( 5, 4) in Cl( 5, 4) CPU =        0.043 ms (setup)        0.754 (*) 
Cl( 5, 5) in Cl( 5, 5) CPU =        0.092 ms (setup)        1.081 (*) 
Cl( 6, 5) in Cl( 6, 5) CPU =        0.178 ms (setup)        3.660 (*) 
Cl( 6, 6) in Cl( 6, 6) CPU =        0.365 ms (setup)        5.347 (*) 
Cl( 7, 6) in Cl( 7, 6) CPU =        0.713 ms (setup)       50.185 (*) 
Cl( 7, 7) in Cl( 7, 7) CPU =        1.495 ms (setup)       59.710 (*) 
Cl( 8, 7) in Cl( 8, 7) CPU =        3.230 ms (setup)      121.598 (*) 
Cl( 8, 8) in Cl( 8, 8) CPU =        6.125 ms (setup)      165.860 (*) 
Cl( 9, 8) in Cl( 9, 8) CPU =       12.586 ms (setup)      409.210 (*) 
Cl( 9, 9) in Cl( 9, 9) CPU =       26.098 ms (setup)      785.119 (*) 
Cl(10, 9) in Cl(10, 9) CPU =       60.320 ms (setup)     2806.044 (*) 
Cl(10,10) in Cl(10,10) CPU =      154.783 ms (setup)     4581.246 (*) 
Cl(11,10) in Cl(11,10) CPU =      327.337 ms (setup)    17054.135 (*) 
Cl(11,11) in Cl(11,11) CPU =      675.286 ms (setup)    28037.723 (*) 

matrix_multi<double>
Clifford algebra squaring test:
Fill: 0.5
Cl( 1, 0) in Cl( 1, 0) CPU =        0.035 ms (setup)        0.003 (*) 
Cl( 1, 1) in Cl( 1, 1) CPU =        0.003 ms (setup)        0.001 (*) 
Cl( 2, 1) in Cl( 2, 1) CPU =        0.010 ms (setup)        0.001 (*) 
Cl( 2, 2) in Cl( 2, 2) CPU =        0.008 ms (setup)        0.001 (*) 
Cl( 3, 2) in Cl( 3, 2) CPU =        0.019 ms (setup)        0.006 (*) 
Cl( 3, 3) in Cl( 3, 3) CPU =        0.017 ms (setup)        0.001 (*) 
Cl( 4, 3) in Cl( 4, 3) CPU =        0.027 ms (setup)        0.001 (*) 
Cl( 4, 4) in Cl( 4, 4) CPU =        0.072 ms (setup)        0.001 (*) 
Cl( 5, 4) in Cl( 5, 4) CPU =        0.126 ms (setup)        0.003 (*) 
Cl( 5, 5) in Cl( 5, 5) CPU =        0.215 ms (setup)        0.003 (*) 
Cl( 6, 5) in Cl( 6, 5) CPU =        0.550 ms (setup)        0.011 (*) 
Cl( 6, 6) in Cl( 6, 6) CPU =        1.079 ms (setup)        0.011 (*) 
Cl( 7, 6) in Cl( 7, 6) CPU =        2.592 ms (setup)        0.095 (*) 
Cl( 7, 7) in Cl( 7, 7) CPU =       35.932 ms (setup)        0.067 (*) 
Cl( 8, 7) in Cl( 8, 7) CPU =       41.148 ms (setup)        0.226 (*) 
Cl( 8, 8) in Cl( 8, 8) CPU =       55.895 ms (setup)        0.223 (*) 
Cl( 9, 8) in Cl( 9, 8) CPU =       93.517 ms (setup)        2.674 (*) 
Cl( 9, 9) in Cl( 9, 9) CPU =      160.356 ms (setup)        4.013 (*) 
Cl(10, 9) in Cl(10, 9) CPU =      373.152 ms (setup)       60.993 (*) 
Cl(10,10) in Cl(10,10) CPU =      695.403 ms (setup)       49.882 (*) 
Cl(11,10) in Cl(11,10) CPU =     2051.787 ms (setup)      482.764 (*) 
Cl(11,11) in Cl(11,11) CPU =     3850.943 ms (setup)      481.780 (*) 
Fill: 1
Cl( 1, 0) in Cl( 1, 0) CPU =        0.015 ms (setup)        0.003 (*) 
Cl( 1, 1) in Cl( 1, 1) CPU =        0.006 ms (setup)        0.001 (*) 
Cl( 2, 1) in Cl( 2, 1) CPU =        0.009 ms (setup)        0.002 (*) 
Cl( 2, 2) in Cl( 2, 2) CPU =        0.011 ms (setup)        0.001 (*) 
Cl( 3, 2) in Cl( 3, 2) CPU =        0.011 ms (setup)        0.003 (*) 
Cl( 3, 3) in Cl( 3, 3) CPU =        0.016 ms (setup)        0.001 (*) 
Cl( 4, 3) in Cl( 4, 3) CPU =        0.048 ms (setup)        0.002 (*) 
Cl( 4, 4) in Cl( 4, 4) CPU =        0.077 ms (setup)        0.001 (*) 
Cl( 5, 4) in Cl( 5, 4) CPU =        0.190 ms (setup)        0.003 (*) 
Cl( 5, 5) in Cl( 5, 5) CPU =        0.380 ms (setup)        0.002 (*) 
Cl( 6, 5) in Cl( 6, 5) CPU =        0.911 ms (setup)        0.012 (*) 
Cl( 6, 6) in Cl( 6, 6) CPU =        1.781 ms (setup)        0.013 (*) 
Cl( 7, 6) in Cl( 7, 6) CPU =        4.310 ms (setup)        0.091 (*) 
Cl( 7, 7) in Cl( 7, 7) CPU =       40.203 ms (setup)        0.079 (*) 
Cl( 8, 7) in Cl( 8, 7) CPU =       55.302 ms (setup)        0.236 (*) 
Cl( 8, 8) in Cl( 8, 8) CPU =       75.170 ms (setup)        0.271 (*) 
Cl( 9, 8) in Cl( 9, 8) CPU =      141.116 ms (setup)        1.861 (*) 
Cl( 9, 9) in Cl( 9, 9) CPU =      261.176 ms (setup)        1.798 (*) 
Cl(10, 9) in Cl(10, 9) CPU =      672.057 ms (setup)       50.689 (*) 
Cl(10,10) in Cl(10,10) CPU =     1356.271 ms (setup)       46.938 (*) 
Cl(11,10) in Cl(11,10) CPU =     3918.208 ms (setup)      448.810 (*) 
Cl(11,11) in Cl(11,11) CPU =     7929.790 ms (setup)      400.829 (*) 
