framed_multi<double,DEFAULT_LO,DEFAULT_HI,tuning_naive_p>
Clifford algebra transform test:
Fill: 0.5
Cl( 1, 0) in Cl(16, 0) CPU = mm:       0.48 (old)       3.55 (new) fm:    1282.78 (old)       0.24 (new)  diff: old: 6.43e-15 new: 0.00e+00 fm: 0.00e+00 mm: 6.43e-15
Cl( 2, 0) in Cl(16, 0) CPU = mm:       0.01 (old)       2.08 (new) fm:      64.45 (old)       0.14 (new)  diff: old: 5.10e-15 new: 3.36e-17 fm: 0.00e+00 mm: 5.10e-15
Cl( 3, 0) in Cl(16, 0) CPU = mm:       0.01 (old)       2.11 (new) fm:      64.47 (old)       0.14 (new)  diff: old: 2.68e-15 new: 0.00e+00 fm: 0.00e+00 mm: 2.68e-15
Cl( 4, 0) in Cl(16, 0) CPU = mm:       0.01 (old)       2.08 (new) fm:      64.32 (old)       0.14 (new)  diff: old: 2.32e-15 new: 1.62e-16 fm: 0.00e+00 mm: 2.32e-15
Cl( 5, 0) in Cl(16, 0) CPU = mm:       0.02 (old)       2.14 (new) fm:      66.88 (old)       0.15 (new)  diff: old: 2.84e-15 new: 2.47e-16 fm: 0.00e+00 mm: 2.83e-15
Cl( 6, 0) in Cl(16, 0) CPU = mm:       0.04 (old)       1.96 (new) fm:      64.56 (old)       0.18 (new)  diff: old: 3.12e-15 new: 1.66e-16 fm: 0.00e+00 mm: 3.14e-15
Cl( 7, 0) in Cl(16, 0) CPU = mm:       0.08 (old)       2.26 (new) fm:      64.90 (old)       0.25 (new)  diff: old: 3.98e-15 new: 1.57e-16 fm: 0.00e+00 mm: 3.98e-15
Cl( 8, 0) in Cl(16, 0) CPU = mm:       0.14 (old)       2.30 (new) fm:      65.27 (old)       0.35 (new)  diff: old: 3.04e-15 new: 1.46e-16 fm: 0.00e+00 mm: 3.04e-15
Cl( 9, 0) in Cl(16, 0) CPU = mm:       0.29 (old)       2.44 (new) fm:      64.44 (old)       0.61 (new)  diff: old: 3.16e-15 new: 2.27e-16 fm: 0.00e+00 mm: 2.95e-15
Cl(10, 0) in Cl(16, 0) CPU = mm:       0.59 (old)       2.89 (new) fm:      65.91 (old)       1.38 (new)  diff: old: 2.71e-15 new: 2.24e-16 fm: 5.51e-17 mm: 2.50e-15
Cl(11, 0) in Cl(16, 0) CPU = mm:       1.20 (old)       3.27 (new) fm:      65.74 (old)       1.98 (new)  diff: old: 2.14e-15 new: 3.40e-16 fm: 9.99e-17 mm: 2.00e-15
Cl(12, 0) in Cl(16, 0) CPU = mm:       2.45 (old)       4.45 (new) fm:      68.46 (old)       3.92 (new)  diff: old: 2.12e-15 new: 7.09e-16 fm: 1.36e-16 mm: 1.99e-15
Cl(13, 0) in Cl(16, 0) CPU = mm:       5.07 (old)       6.46 (new) fm:      66.99 (old)       9.11 (new)  diff: old: 2.24e-15 new: 1.38e-15 fm: 1.77e-16 mm: 1.36e-15
Cl(14, 0) in Cl(16, 0) CPU = mm:      11.88 (old)       9.47 (new) fm:      69.20 (old)      15.21 (new)  diff: old: 1.63e-15 new: 1.00e-15 fm: 2.32e-16 mm: 9.89e-16
Cl(15, 0) in Cl(16, 0) CPU = mm:      26.86 (old)      14.07 (new) fm:      71.90 (old)      26.37 (new)  diff: old: 1.15e-15 new: 7.61e-16 fm: 3.02e-16 mm: 6.99e-16
Cl(16, 0) in Cl(16, 0) CPU = mm:      61.74 (old)      24.80 (new) fm:      77.86 (old)      52.51 (new)  diff: old: 6.44e-16 new: 4.08e-16 fm: 4.06e-16 mm: 6.06e-16
Cl( 1, 0) in Cl( 8, 8) CPU = mm:       0.03 (old)       0.45 (new) fm:    1280.58 (old)       0.21 (new)  diff: old: 1.59e-15 new: 0.00e+00 fm: 0.00e+00 mm: 1.59e-15
Cl( 1, 1) in Cl( 8, 8) CPU = mm:       0.01 (old)       1.31 (new) fm:      64.82 (old)       0.12 (new)  diff: old: 3.96e-15 new: 0.00e+00 fm: 0.00e+00 mm: 3.96e-15
Cl( 2, 1) in Cl( 8, 8) CPU = mm:       0.01 (old)       2.13 (new) fm:      64.71 (old)       0.14 (new)  diff: old: 2.92e-15 new: 4.13e-17 fm: 0.00e+00 mm: 2.89e-15
Cl( 2, 2) in Cl( 8, 8) CPU = mm:       0.02 (old)       1.42 (new) fm:      67.59 (old)       0.14 (new)  diff: old: 8.17e-16 new: 2.79e-17 fm: 5.57e-17 mm: 7.93e-16
Cl( 3, 2) in Cl( 8, 8) CPU = mm:       0.04 (old)       2.00 (new) fm:      64.87 (old)       0.14 (new)  diff: old: 3.90e-15 new: 1.99e-16 fm: 4.67e-17 mm: 4.02e-15
Cl( 3, 3) in Cl( 8, 8) CPU = mm:       0.06 (old)       1.95 (new) fm:      65.15 (old)       0.16 (new)  diff: old: 2.49e-15 new: 1.37e-16 fm: 7.63e-17 mm: 2.46e-15
Cl( 4, 3) in Cl( 8, 8) CPU = mm:       0.10 (old)       2.04 (new) fm:      64.83 (old)       0.18 (new)  diff: old: 2.15e-15 new: 1.48e-16 fm: 7.90e-17 mm: 2.20e-15
Cl( 4, 4) in Cl( 8, 8) CPU = mm:       0.16 (old)       2.03 (new) fm:      64.78 (old)       0.24 (new)  diff: old: 8.64e-16 new: 2.02e-16 fm: 1.36e-16 mm: 8.73e-16
Cl( 5, 4) in Cl( 8, 8) CPU = mm:       0.36 (old)       2.16 (new) fm:      67.71 (old)       0.39 (new)  diff: old: 9.82e-16 new: 2.11e-16 fm: 1.18e-16 mm: 1.01e-15
Cl( 5, 5) in Cl( 8, 8) CPU = mm:       0.63 (old)       2.42 (new) fm:      65.04 (old)       0.75 (new)  diff: old: 7.07e-16 new: 2.83e-16 fm: 1.84e-16 mm: 6.54e-16
Cl( 6, 5) in Cl( 8, 8) CPU = mm:       1.47 (old)       2.32 (new) fm:      69.31 (old)       1.40 (new)  diff: old: 7.59e-16 new: 3.17e-16 fm: 1.78e-16 mm: 6.94e-16
Cl( 6, 6) in Cl( 8, 8) CPU = mm:       2.65 (old)       2.91 (new) fm:      69.76 (old)       2.88 (new)  diff: old: 5.34e-16 new: 3.92e-16 fm: 2.24e-16 mm: 5.27e-16
Cl( 7, 6) in Cl( 8, 8) CPU = mm:       6.54 (old)       4.05 (new) fm:      71.79 (old)       5.85 (new)  diff: old: 5.15e-16 new: 4.20e-16 fm: 2.31e-16 mm: 5.21e-16
Cl( 7, 7) in Cl( 8, 8) CPU = mm:      13.72 (old)       7.00 (new) fm:      72.70 (old)      12.12 (new)  diff: old: 5.40e-16 new: 5.21e-16 fm: 3.03e-16 mm: 5.19e-16
Cl( 8, 7) in Cl( 8, 8) CPU = mm:      31.25 (old)      12.10 (new) fm:      74.17 (old)      24.91 (new)  diff: old: 5.29e-16 new: 5.75e-16 fm: 3.05e-16 mm: 5.11e-16
Cl( 8, 8) in Cl( 8, 8) CPU = mm:      65.90 (old)      22.76 (new) fm:      83.00 (old)      45.31 (new)  diff: old: 6.45e-16 new: 4.09e-16 fm: 4.04e-16 mm: 6.07e-16
Cl( 1, 0) in Cl( 1, 0) CPU = mm:       0.01 (old)       0.00 (new) fm:       0.00 (old)       0.00 (new)  diff: old: 0.00e+00 new: 0.00e+00 fm: 0.00e+00 mm: 0.00e+00
Cl( 1, 1) in Cl( 1, 1) CPU = mm:       0.01 (old)       0.00 (new) fm:       0.01 (old)       0.00 (new)  diff: old: 0.00e+00 new: 0.00e+00 fm: 0.00e+00 mm: 0.00e+00
Cl( 2, 1) in Cl( 2, 1) CPU = mm:       0.01 (old)       0.01 (new) fm:       0.00 (old)       0.01 (new)  diff: old: 4.01e-17 new: 4.01e-17 fm: 0.00e+00 mm: 0.00e+00
Cl( 2, 2) in Cl( 2, 2) CPU = mm:       0.01 (old)       0.00 (new) fm:       0.01 (old)       0.00 (new)  diff: old: 5.64e-17 new: 4.46e-17 fm: 0.00e+00 mm: 4.46e-17
Cl( 3, 2) in Cl( 3, 2) CPU = mm:       0.02 (old)       0.01 (new) fm:       0.01 (old)       0.01 (new)  diff: old: 9.87e-17 new: 2.69e-17 fm: 0.00e+00 mm: 7.46e-17
Cl( 3, 3) in Cl( 3, 3) CPU = mm:       0.02 (old)       0.01 (new) fm:       0.04 (old)       0.01 (new)  diff: old: 9.72e-17 new: 1.13e-16 fm: 1.37e-16 mm: 1.60e-16
Cl( 4, 3) in Cl( 4, 3) CPU = mm:       0.05 (old)       0.02 (new) fm:       0.06 (old)       0.04 (new)  diff: old: 1.78e-16 new: 6.47e-17 fm: 8.66e-17 mm: 2.02e-16
Cl( 4, 4) in Cl( 4, 4) CPU = mm:       0.09 (old)       0.04 (new) fm:       0.11 (old)       0.07 (new)  diff: old: 1.48e-16 new: 1.36e-16 fm: 1.30e-16 mm: 1.88e-16
Cl( 5, 4) in Cl( 5, 4) CPU = mm:       0.23 (old)       0.10 (new) fm:       0.24 (old)       0.22 (new)  diff: old: 2.00e-16 new: 1.34e-16 fm: 1.42e-16 mm: 2.12e-16
Cl( 5, 5) in Cl( 5, 5) CPU = mm:       0.40 (old)       0.18 (new) fm:       0.51 (old)       0.39 (new)  diff: old: 2.20e-16 new: 1.73e-16 fm: 1.78e-16 mm: 2.38e-16
Cl( 6, 5) in Cl( 6, 5) CPU = mm:       1.02 (old)       0.47 (new) fm:       1.26 (old)       0.99 (new)  diff: old: 2.83e-16 new: 1.73e-16 fm: 1.75e-16 mm: 2.87e-16
Cl( 6, 6) in Cl( 6, 6) CPU = mm:       1.86 (old)       0.90 (new) fm:       2.45 (old)       1.95 (new)  diff: old: 3.38e-16 new: 2.38e-16 fm: 2.36e-16 mm: 3.36e-16
Cl( 7, 6) in Cl( 7, 6) CPU = mm:       4.90 (old)       2.21 (new) fm:       7.38 (old)       5.17 (new)  diff: old: 3.78e-16 new: 2.28e-16 fm: 2.30e-16 mm: 3.75e-16
Cl( 7, 7) in Cl( 7, 7) CPU = mm:       9.99 (old)       4.32 (new) fm:      14.94 (old)       9.40 (new)  diff: old: 4.61e-16 new: 3.05e-16 fm: 3.01e-16 mm: 4.41e-16
Cl( 8, 7) in Cl( 8, 7) CPU = mm:      32.50 (old)      10.87 (new) fm:      47.89 (old)      24.30 (new)  diff: old: 5.21e-16 new: 3.04e-16 fm: 3.04e-16 mm: 5.05e-16
Cl( 8, 8) in Cl( 8, 8) CPU = mm:      63.35 (old)      21.64 (new) fm:      82.26 (old)      44.81 (new)  diff: old: 6.42e-16 new: 4.09e-16 fm: 4.07e-16 mm: 6.06e-16
Fill: 1
Cl( 1, 0) in Cl(16, 0) CPU = mm:       0.03 (old)       0.80 (new) fm:      72.65 (old)       0.14 (new)  diff: old: 4.99e-15 new: 0.00e+00 fm: 0.00e+00 mm: 4.99e-15
Cl( 2, 0) in Cl(16, 0) CPU = mm:       0.01 (old)       0.46 (new) fm:      72.36 (old)       0.14 (new)  diff: old: 3.56e-15 new: 3.91e-17 fm: 0.00e+00 mm: 3.56e-15
Cl( 3, 0) in Cl(16, 0) CPU = mm:       0.02 (old)       0.43 (new) fm:      74.96 (old)       0.14 (new)  diff: old: 2.12e-15 new: 6.95e-17 fm: 0.00e+00 mm: 2.11e-15
Cl( 4, 0) in Cl(16, 0) CPU = mm:       0.03 (old)       0.46 (new) fm:      72.29 (old)       0.15 (new)  diff: old: 3.30e-15 new: 1.64e-16 fm: 0.00e+00 mm: 3.26e-15
Cl( 5, 0) in Cl(16, 0) CPU = mm:       0.06 (old)       0.46 (new) fm:      74.66 (old)       0.17 (new)  diff: old: 3.36e-15 new: 1.90e-16 fm: 0.00e+00 mm: 3.31e-15
Cl( 6, 0) in Cl(16, 0) CPU = mm:       0.10 (old)       0.47 (new) fm:      72.12 (old)       0.21 (new)  diff: old: 3.22e-15 new: 1.64e-16 fm: 0.00e+00 mm: 3.20e-15
Cl( 7, 0) in Cl(16, 0) CPU = mm:       0.20 (old)       0.55 (new) fm:      73.09 (old)       0.29 (new)  diff: old: 3.59e-15 new: 1.79e-16 fm: 0.00e+00 mm: 3.58e-15
Cl( 8, 0) in Cl(16, 0) CPU = mm:       0.39 (old)       0.76 (new) fm:      73.10 (old)       0.43 (new)  diff: old: 3.16e-15 new: 1.87e-16 fm: 0.00e+00 mm: 3.14e-15
Cl( 9, 0) in Cl(16, 0) CPU = mm:       0.66 (old)       1.04 (new) fm:      72.78 (old)       0.76 (new)  diff: old: 2.93e-15 new: 2.96e-16 fm: 0.00e+00 mm: 2.66e-15
Cl(10, 0) in Cl(16, 0) CPU = mm:       1.31 (old)       1.68 (new) fm:      72.44 (old)       1.38 (new)  diff: old: 2.50e-15 new: 3.01e-16 fm: 9.28e-17 mm: 2.30e-15
Cl(11, 0) in Cl(16, 0) CPU = mm:       2.46 (old)       2.46 (new) fm:      71.71 (old)       2.52 (new)  diff: old: 1.96e-15 new: 4.27e-16 fm: 1.35e-16 mm: 1.83e-15
Cl(12, 0) in Cl(16, 0) CPU = mm:       5.61 (old)       4.33 (new) fm:      72.96 (old)       4.58 (new)  diff: old: 2.13e-15 new: 7.74e-16 fm: 1.75e-16 mm: 2.00e-15
Cl(13, 0) in Cl(16, 0) CPU = mm:      12.08 (old)       7.16 (new) fm:      74.15 (old)       9.24 (new)  diff: old: 2.19e-15 new: 1.38e-15 fm: 2.24e-16 mm: 1.37e-15
Cl(14, 0) in Cl(16, 0) CPU = mm:      27.03 (old)      13.32 (new) fm:      75.65 (old)      15.65 (new)  diff: old: 1.55e-15 new: 1.03e-15 fm: 2.98e-16 mm: 9.80e-16
Cl(15, 0) in Cl(16, 0) CPU = mm:      60.91 (old)      22.02 (new) fm:      77.57 (old)      26.96 (new)  diff: old: 1.23e-15 new: 8.95e-16 fm: 4.07e-16 mm: 8.07e-16
Cl(16, 0) in Cl(16, 0) CPU = mm:     127.16 (old)      44.17 (new) fm:      80.42 (old)      53.29 (new)  diff: old: 7.43e-16 new: 5.53e-16 fm: 5.57e-16 mm: 7.79e-16
Cl( 1, 0) in Cl( 8, 8) CPU = mm:       0.02 (old)       0.91 (new) fm:      76.83 (old)       0.14 (new)  diff: old: 4.50e-15 new: 0.00e+00 fm: 0.00e+00 mm: 4.50e-15
Cl( 1, 1) in Cl( 8, 8) CPU = mm:       0.01 (old)       0.45 (new) fm:      77.94 (old)       0.14 (new)  diff: old: 2.02e-15 new: 0.00e+00 fm: 0.00e+00 mm: 2.01e-15
Cl( 2, 1) in Cl( 8, 8) CPU = mm:       0.02 (old)       0.44 (new) fm:      76.67 (old)       0.14 (new)  diff: old: 1.68e-15 new: 4.26e-17 fm: 0.00e+00 mm: 1.64e-15
Cl( 2, 2) in Cl( 8, 8) CPU = mm:       0.03 (old)       0.45 (new) fm:      79.32 (old)       0.14 (new)  diff: old: 1.44e-15 new: 1.70e-16 fm: 1.57e-16 mm: 1.47e-15
Cl( 3, 2) in Cl( 8, 8) CPU = mm:       0.06 (old)       0.46 (new) fm:      76.83 (old)       0.15 (new)  diff: old: 1.87e-15 new: 9.41e-17 fm: 6.96e-17 mm: 1.94e-15
Cl( 3, 3) in Cl( 8, 8) CPU = mm:       0.10 (old)       0.47 (new) fm:      80.96 (old)       0.17 (new)  diff: old: 1.35e-15 new: 1.81e-16 fm: 1.16e-16 mm: 1.30e-15
Cl( 4, 3) in Cl( 8, 8) CPU = mm:       0.20 (old)       0.50 (new) fm:      77.04 (old)       0.21 (new)  diff: old: 1.26e-15 new: 2.17e-16 fm: 1.17e-16 mm: 1.25e-15
Cl( 4, 4) in Cl( 8, 8) CPU = mm:       0.34 (old)       0.55 (new) fm:      77.11 (old)       0.28 (new)  diff: old: 9.38e-16 new: 2.57e-16 fm: 1.64e-16 mm: 9.12e-16
Cl( 5, 4) in Cl( 8, 8) CPU = mm:       0.72 (old)       0.68 (new) fm:      77.38 (old)       0.46 (new)  diff: old: 9.22e-16 new: 2.73e-16 fm: 1.77e-16 mm: 8.77e-16
Cl( 5, 5) in Cl( 8, 8) CPU = mm:       1.26 (old)       0.90 (new) fm:      76.58 (old)       0.77 (new)  diff: old: 8.02e-16 new: 3.85e-16 fm: 2.22e-16 mm: 7.06e-16
Cl( 6, 5) in Cl( 8, 8) CPU = mm:       2.80 (old)       1.39 (new) fm:      78.26 (old)       1.50 (new)  diff: old: 7.60e-16 new: 3.76e-16 fm: 2.25e-16 mm: 6.67e-16
Cl( 6, 6) in Cl( 8, 8) CPU = mm:       5.84 (old)       2.36 (new) fm:      80.08 (old)       2.96 (new)  diff: old: 5.53e-16 new: 5.08e-16 fm: 3.02e-16 mm: 5.70e-16
Cl( 7, 6) in Cl( 8, 8) CPU = mm:      13.89 (old)       4.69 (new) fm:      80.40 (old)       6.00 (new)  diff: old: 5.65e-16 new: 5.38e-16 fm: 3.01e-16 mm: 5.92e-16
Cl( 7, 7) in Cl( 8, 8) CPU = mm:      28.98 (old)       9.48 (new) fm:      80.07 (old)      12.08 (new)  diff: old: 5.81e-16 new: 7.02e-16 fm: 4.08e-16 mm: 6.13e-16
Cl( 8, 7) in Cl( 8, 8) CPU = mm:      66.08 (old)      19.54 (new) fm:      82.97 (old)      25.63 (new)  diff: old: 5.83e-16 new: 7.40e-16 fm: 4.08e-16 mm: 6.17e-16
Cl( 8, 8) in Cl( 8, 8) CPU = mm:     134.92 (old)      39.54 (new) fm:      86.24 (old)      46.56 (new)  diff: old: 7.45e-16 new: 5.54e-16 fm: 5.56e-16 mm: 7.83e-16
Cl( 1, 0) in Cl( 1, 0) CPU = mm:       0.01 (old)       0.00 (new) fm:       0.00 (old)       0.01 (new)  diff: old: 0.00e+00 new: 0.00e+00 fm: 0.00e+00 mm: 0.00e+00
Cl( 1, 1) in Cl( 1, 1) CPU = mm:       0.01 (old)       0.00 (new) fm:       0.00 (old)       0.00 (new)  diff: old: 0.00e+00 new: 0.00e+00 fm: 0.00e+00 mm: 0.00e+00
Cl( 2, 1) in Cl( 2, 1) CPU = mm:       0.01 (old)       0.01 (new) fm:       0.00 (old)       0.01 (new)  diff: old: 4.15e-17 new: 2.07e-17 fm: 0.00e+00 mm: 2.93e-17
Cl( 2, 2) in Cl( 2, 2) CPU = mm:       0.02 (old)       0.00 (new) fm:       0.00 (old)       0.00 (new)  diff: old: 7.89e-17 new: 8.26e-17 fm: 1.24e-16 mm: 1.56e-16
Cl( 3, 2) in Cl( 3, 2) CPU = mm:       0.03 (old)       0.01 (new) fm:       0.01 (old)       0.01 (new)  diff: old: 1.04e-16 new: 6.91e-17 fm: 8.54e-17 mm: 1.40e-16
Cl( 3, 3) in Cl( 3, 3) CPU = mm:       0.06 (old)       0.01 (new) fm:       0.02 (old)       0.01 (new)  diff: old: 1.35e-16 new: 1.07e-16 fm: 1.11e-16 mm: 1.54e-16
Cl( 4, 3) in Cl( 4, 3) CPU = mm:       0.10 (old)       0.03 (new) fm:       0.03 (old)       0.05 (new)  diff: old: 1.36e-16 new: 1.21e-16 fm: 1.39e-16 mm: 1.94e-16
Cl( 4, 4) in Cl( 4, 4) CPU = mm:       0.17 (old)       0.06 (new) fm:       0.07 (old)       0.07 (new)  diff: old: 1.85e-16 new: 1.74e-16 fm: 1.69e-16 mm: 2.24e-16
Cl( 5, 4) in Cl( 5, 4) CPU = mm:       0.41 (old)       0.15 (new) fm:       0.16 (old)       0.24 (new)  diff: old: 2.18e-16 new: 1.61e-16 fm: 1.74e-16 mm: 2.52e-16
Cl( 5, 5) in Cl( 5, 5) CPU = mm:       0.75 (old)       0.31 (new) fm:       0.36 (old)       0.39 (new)  diff: old: 2.93e-16 new: 2.20e-16 fm: 2.29e-16 mm: 3.27e-16
Cl( 6, 5) in Cl( 6, 5) CPU = mm:       1.88 (old)       0.73 (new) fm:       0.94 (old)       1.09 (new)  diff: old: 2.89e-16 new: 2.18e-16 fm: 2.36e-16 mm: 3.33e-16
Cl( 6, 6) in Cl( 6, 6) CPU = mm:       3.42 (old)       1.43 (new) fm:       2.04 (old)       1.88 (new)  diff: old: 3.77e-16 new: 3.03e-16 fm: 3.03e-16 mm: 4.27e-16
Cl( 7, 6) in Cl( 7, 6) CPU = mm:       9.40 (old)       3.56 (new) fm:       7.38 (old)       5.26 (new)  diff: old: 4.10e-16 new: 2.92e-16 fm: 3.03e-16 mm: 4.43e-16
Cl( 7, 7) in Cl( 7, 7) CPU = mm:      20.51 (old)       7.20 (new) fm:      15.79 (old)       9.17 (new)  diff: old: 5.23e-16 new: 4.02e-16 fm: 4.07e-16 mm: 5.62e-16
Cl( 8, 7) in Cl( 8, 7) CPU = mm:      62.65 (old)      20.65 (new) fm:      51.27 (old)      26.03 (new)  diff: old: 5.81e-16 new: 4.03e-16 fm: 4.12e-16 mm: 6.23e-16
Cl( 8, 8) in Cl( 8, 8) CPU = mm:     132.13 (old)      39.36 (new) fm:      86.44 (old)      47.08 (new)  diff: old: 7.37e-16 new: 5.53e-16 fm: 5.56e-16 mm: 7.79e-16
