expressions/expressions
	linux-vdso.so.1 (0x0000fffed26bc000)
	libarmadillo.so.12 => /lib64/libarmadillo.so.12 (0x0000fffed2650000)
	libflexiblas.so.3 => /lib64/libflexiblas.so.3 (0x0000fffed2080000)
	libstdc++.so.6 => /lib64/libstdc++.so.6 (0x0000fffed1dd0000)
	libm.so.6 => /lib64/libm.so.6 (0x0000fffed1d00000)
	libomp.so => /usr/lib64/llvm20/lib64/libomp.so (0x0000fffed1ba0000)
	libgcc_s.so.1 => /lib64/libgcc_s.so.1 (0x0000fffed1b60000)
	libc.so.6 => /lib64/libc.so.6 (0x0000fffed1990000)
	libarpack.so.2 => /lib64/libarpack.so.2 (0x0000fffed1930000)
	libgfortran.so.5 => /lib64/libgfortran.so.5 (0x0000fffed1760000)
	/lib/ld-linux-aarch64.so.1 (0x0000fffed26c0000)
gfft_test/gfft_test
	linux-vdso.so.1 (0x0000ffffa055c000)
	libarmadillo.so.12 => /lib64/libarmadillo.so.12 (0x0000ffffa04f0000)
	libflexiblas.so.3 => /lib64/libflexiblas.so.3 (0x0000ffff9ff20000)
	libstdc++.so.6 => /lib64/libstdc++.so.6 (0x0000ffff9fc70000)
	libm.so.6 => /lib64/libm.so.6 (0x0000ffff9fba0000)
	libomp.so => /usr/lib64/llvm20/lib64/libomp.so (0x0000ffff9fa40000)
	libgcc_s.so.1 => /lib64/libgcc_s.so.1 (0x0000ffff9fa00000)
	libc.so.6 => /lib64/libc.so.6 (0x0000ffff9f830000)
	libarpack.so.2 => /lib64/libarpack.so.2 (0x0000ffff9f7d0000)
	libgfortran.so.5 => /lib64/libgfortran.so.5 (0x0000ffff9f600000)
	/lib/ld-linux-aarch64.so.1 (0x0000ffffa0560000)
products/products
	linux-vdso.so.1 (0x0000fffedbc5c000)
	libarmadillo.so.12 => /lib64/libarmadillo.so.12 (0x0000fffedbbf0000)
	libflexiblas.so.3 => /lib64/libflexiblas.so.3 (0x0000fffedb620000)
	libstdc++.so.6 => /lib64/libstdc++.so.6 (0x0000fffedb370000)
	libm.so.6 => /lib64/libm.so.6 (0x0000fffedb2a0000)
	libomp.so => /usr/lib64/llvm20/lib64/libomp.so (0x0000fffedb140000)
	libgcc_s.so.1 => /lib64/libgcc_s.so.1 (0x0000fffedb100000)
	libc.so.6 => /lib64/libc.so.6 (0x0000fffedaf30000)
	libarpack.so.2 => /lib64/libarpack.so.2 (0x0000fffedaed0000)
	libgfortran.so.5 => /lib64/libgfortran.so.5 (0x0000fffedad00000)
	/lib/ld-linux-aarch64.so.1 (0x0000fffedbc60000)
squaring/squaring
	linux-vdso.so.1 (0x0000ffff269ac000)
	libarmadillo.so.12 => /lib64/libarmadillo.so.12 (0x0000ffff26940000)
	libflexiblas.so.3 => /lib64/libflexiblas.so.3 (0x0000ffff26370000)
	libstdc++.so.6 => /lib64/libstdc++.so.6 (0x0000ffff260c0000)
	libm.so.6 => /lib64/libm.so.6 (0x0000ffff25ff0000)
	libomp.so => /usr/lib64/llvm20/lib64/libomp.so (0x0000ffff25e90000)
	libgcc_s.so.1 => /lib64/libgcc_s.so.1 (0x0000ffff25e50000)
	libc.so.6 => /lib64/libc.so.6 (0x0000ffff25c80000)
	libarpack.so.2 => /lib64/libarpack.so.2 (0x0000ffff25c20000)
	libgfortran.so.5 => /lib64/libgfortran.so.5 (0x0000ffff25a50000)
	/lib/ld-linux-aarch64.so.1 (0x0000ffff269b0000)
transforms/transforms
	linux-vdso.so.1 (0x0000ffff2eb8c000)
	libarmadillo.so.12 => /lib64/libarmadillo.so.12 (0x0000ffff2eb20000)
	libflexiblas.so.3 => /lib64/libflexiblas.so.3 (0x0000ffff2e550000)
	libstdc++.so.6 => /lib64/libstdc++.so.6 (0x0000ffff2e2a0000)
	libm.so.6 => /lib64/libm.so.6 (0x0000ffff2e1d0000)
	libomp.so => /usr/lib64/llvm20/lib64/libomp.so (0x0000ffff2e070000)
	libgcc_s.so.1 => /lib64/libgcc_s.so.1 (0x0000ffff2e030000)
	libc.so.6 => /lib64/libc.so.6 (0x0000ffff2de60000)
	libarpack.so.2 => /lib64/libarpack.so.2 (0x0000ffff2de00000)
	libgfortran.so.5 => /lib64/libgfortran.so.5 (0x0000ffff2dc30000)
	/lib/ld-linux-aarch64.so.1 (0x0000ffff2eb90000)
versor/versor
	linux-vdso.so.1 (0x0000ffff26ddc000)
	libarmadillo.so.12 => /lib64/libarmadillo.so.12 (0x0000ffff26d70000)
	libflexiblas.so.3 => /lib64/libflexiblas.so.3 (0x0000ffff267a0000)
	libstdc++.so.6 => /lib64/libstdc++.so.6 (0x0000ffff264f0000)
	libm.so.6 => /lib64/libm.so.6 (0x0000ffff26420000)
	libomp.so => /usr/lib64/llvm20/lib64/libomp.so (0x0000ffff262c0000)
	libgcc_s.so.1 => /lib64/libgcc_s.so.1 (0x0000ffff26280000)
	libc.so.6 => /lib64/libc.so.6 (0x0000ffff260b0000)
	libarpack.so.2 => /lib64/libarpack.so.2 (0x0000ffff26050000)
	libgfortran.so.5 => /lib64/libgfortran.so.5 (0x0000ffff25e80000)
	/lib/ld-linux-aarch64.so.1 (0x0000ffff26de0000)
