
framed_multi<double>
Clifford algebra squaring test:
Fill: 0.5
Cl( 1, 0) in Cl( 1, 0) CPU =        0.027 ms (setup)        0.006 (*) 
Cl( 1, 1) in Cl( 1, 1) CPU =        0.001 ms (setup)        0.001 (*) 
Cl( 2, 1) in Cl( 2, 1) CPU =        0.001 ms (setup)        0.004 (*) 
Cl( 2, 2) in Cl( 2, 2) CPU =        0.001 ms (setup)        0.005 (*) 
Cl( 3, 2) in Cl( 3, 2) CPU =        0.002 ms (setup)        0.011 (*) 
Cl( 3, 3) in Cl( 3, 3) CPU =        0.006 ms (setup)        0.025 (*) 
Cl( 4, 3) in Cl( 4, 3) CPU =        0.012 ms (setup)        0.072 (*) 
Cl( 4, 4) in Cl( 4, 4) CPU =        0.023 ms (setup)        0.432 (*) 
Cl( 5, 4) in Cl( 5, 4) CPU =        0.052 ms (setup)        1.211 (*) 
Cl( 5, 5) in Cl( 5, 5) CPU =        0.102 ms (setup)        1.615 (*) 
Cl( 6, 5) in Cl( 6, 5) CPU =        0.203 ms (setup)        5.840 (*) 
Cl( 6, 6) in Cl( 6, 6) CPU =        0.405 ms (setup)        6.562 (*) 
Cl( 7, 6) in Cl( 7, 6) CPU =        0.470 ms (setup)       14.912 (*) 
Cl( 7, 7) in Cl( 7, 7) CPU =        0.948 ms (setup)       20.282 (*) 
Cl( 8, 7) in Cl( 8, 7) CPU =        1.972 ms (setup)       74.973 (*) 
Cl( 8, 8) in Cl( 8, 8) CPU =        3.997 ms (setup)      103.587 (*) 
Cl( 9, 8) in Cl( 9, 8) CPU =        8.189 ms (setup)      281.099 (*) 
Cl( 9, 9) in Cl( 9, 9) CPU =       16.687 ms (setup)      539.771 (*) 
Cl(10, 9) in Cl(10, 9) CPU =       34.568 ms (setup)     2096.091 (*) 
Cl(10,10) in Cl(10,10) CPU =       72.126 ms (setup)     3064.091 (*) 
Cl(11,10) in Cl(11,10) CPU =      148.959 ms (setup)    12503.147 (*) 
Cl(11,11) in Cl(11,11) CPU =      295.232 ms (setup)    18921.487 (*) 
Fill: 1
Cl( 1, 0) in Cl( 1, 0) CPU =        0.003 ms (setup)        0.003 (*) 
Cl( 1, 1) in Cl( 1, 1) CPU =        0.000 ms (setup)        0.002 (*) 
Cl( 2, 1) in Cl( 2, 1) CPU =        0.001 ms (setup)        0.003 (*) 
Cl( 2, 2) in Cl( 2, 2) CPU =        0.002 ms (setup)        0.004 (*) 
Cl( 3, 2) in Cl( 3, 2) CPU =        0.002 ms (setup)        0.009 (*) 
Cl( 3, 3) in Cl( 3, 3) CPU =        0.005 ms (setup)        0.024 (*) 
Cl( 4, 3) in Cl( 4, 3) CPU =        0.010 ms (setup)        0.070 (*) 
Cl( 4, 4) in Cl( 4, 4) CPU =        0.022 ms (setup)        0.241 (*) 
Cl( 5, 4) in Cl( 5, 4) CPU =        0.043 ms (setup)        0.761 (*) 
Cl( 5, 5) in Cl( 5, 5) CPU =        0.090 ms (setup)        1.088 (*) 
Cl( 6, 5) in Cl( 6, 5) CPU =        0.183 ms (setup)        3.661 (*) 
Cl( 6, 6) in Cl( 6, 6) CPU =        0.361 ms (setup)        5.459 (*) 
Cl( 7, 6) in Cl( 7, 6) CPU =        0.749 ms (setup)       18.160 (*) 
Cl( 7, 7) in Cl( 7, 7) CPU =        1.491 ms (setup)       27.532 (*) 
Cl( 8, 7) in Cl( 8, 7) CPU =        3.121 ms (setup)       94.019 (*) 
Cl( 8, 8) in Cl( 8, 8) CPU =        6.202 ms (setup)      146.021 (*) 
Cl( 9, 8) in Cl( 9, 8) CPU =       13.227 ms (setup)      397.182 (*) 
Cl( 9, 9) in Cl( 9, 9) CPU =       26.882 ms (setup)      800.416 (*) 
Cl(10, 9) in Cl(10, 9) CPU =       58.384 ms (setup)     2862.589 (*) 
Cl(10,10) in Cl(10,10) CPU =      129.556 ms (setup)     4821.106 (*) 
Cl(11,10) in Cl(11,10) CPU =      251.729 ms (setup)    17963.657 (*) 
Cl(11,11) in Cl(11,11) CPU =      506.306 ms (setup)    31207.585 (*) 

matrix_multi<double>
Clifford algebra squaring test:
Fill: 0.5
Cl( 1, 0) in Cl( 1, 0) CPU =        0.003 ms (setup)        0.001 (*) 
Cl( 1, 1) in Cl( 1, 1) CPU =        0.016 ms (setup)        0.000 (*) 
Cl( 2, 1) in Cl( 2, 1) CPU =        0.008 ms (setup)        0.001 (*) 
Cl( 2, 2) in Cl( 2, 2) CPU =        0.006 ms (setup)        0.000 (*) 
Cl( 3, 2) in Cl( 3, 2) CPU =        0.019 ms (setup)        0.007 (*) 
Cl( 3, 3) in Cl( 3, 3) CPU =        0.018 ms (setup)        0.001 (*) 
Cl( 4, 3) in Cl( 4, 3) CPU =        0.026 ms (setup)        0.001 (*) 
Cl( 4, 4) in Cl( 4, 4) CPU =        0.054 ms (setup)        0.001 (*) 
Cl( 5, 4) in Cl( 5, 4) CPU =        0.131 ms (setup)        0.005 (*) 
Cl( 5, 5) in Cl( 5, 5) CPU =        0.243 ms (setup)        0.003 (*) 
Cl( 6, 5) in Cl( 6, 5) CPU =        0.587 ms (setup)        0.019 (*) 
Cl( 6, 6) in Cl( 6, 6) CPU =        1.164 ms (setup)        0.018 (*) 
Cl( 7, 6) in Cl( 7, 6) CPU =        2.766 ms (setup)        0.112 (*) 
Cl( 7, 7) in Cl( 7, 7) CPU =        5.424 ms (setup)        0.109 (*) 
Cl( 8, 7) in Cl( 8, 7) CPU =       12.957 ms (setup)        0.769 (*) 
Cl( 8, 8) in Cl( 8, 8) CPU =       25.754 ms (setup)        0.768 (*) 
Cl( 9, 8) in Cl( 9, 8) CPU =       63.389 ms (setup)        5.704 (*) 
Cl( 9, 9) in Cl( 9, 9) CPU =      126.795 ms (setup)        5.794 (*) 
Cl(10, 9) in Cl(10, 9) CPU =      331.341 ms (setup)       45.601 (*) 
Cl(10,10) in Cl(10,10) CPU =      673.403 ms (setup)       44.091 (*) 
Cl(11,10) in Cl(11,10) CPU =     1848.397 ms (setup)      346.590 (*) 
Cl(11,11) in Cl(11,11) CPU =     3825.312 ms (setup)      346.065 (*) 
Fill: 1
Cl( 1, 0) in Cl( 1, 0) CPU =        0.010 ms (setup)        0.001 (*) 
Cl( 1, 1) in Cl( 1, 1) CPU =        0.003 ms (setup)        0.001 (*) 
Cl( 2, 1) in Cl( 2, 1) CPU =        0.006 ms (setup)        0.000 (*) 
Cl( 2, 2) in Cl( 2, 2) CPU =        0.006 ms (setup)        0.000 (*) 
Cl( 3, 2) in Cl( 3, 2) CPU =        0.010 ms (setup)        0.002 (*) 
Cl( 3, 3) in Cl( 3, 3) CPU =        0.238 ms (setup)        0.002 (*) 
Cl( 4, 3) in Cl( 4, 3) CPU =        0.113 ms (setup)        0.002 (*) 
Cl( 4, 4) in Cl( 4, 4) CPU =        0.078 ms (setup)        0.002 (*) 
Cl( 5, 4) in Cl( 5, 4) CPU =        0.193 ms (setup)        0.004 (*) 
Cl( 5, 5) in Cl( 5, 5) CPU =        0.381 ms (setup)        0.004 (*) 
Cl( 6, 5) in Cl( 6, 5) CPU =        0.931 ms (setup)        0.017 (*) 
Cl( 6, 6) in Cl( 6, 6) CPU =        1.830 ms (setup)        0.018 (*) 
Cl( 7, 6) in Cl( 7, 6) CPU =        4.526 ms (setup)        0.110 (*) 
Cl( 7, 7) in Cl( 7, 7) CPU =        8.979 ms (setup)        0.109 (*) 
Cl( 8, 7) in Cl( 8, 7) CPU =       22.425 ms (setup)        0.769 (*) 
Cl( 8, 8) in Cl( 8, 8) CPU =       45.167 ms (setup)        0.769 (*) 
Cl( 9, 8) in Cl( 9, 8) CPU =      117.396 ms (setup)        5.759 (*) 
Cl( 9, 9) in Cl( 9, 9) CPU =      239.490 ms (setup)        5.714 (*) 
Cl(10, 9) in Cl(10, 9) CPU =      662.508 ms (setup)       44.066 (*) 
Cl(10,10) in Cl(10,10) CPU =     1382.945 ms (setup)       44.091 (*) 
Cl(11,10) in Cl(11,10) CPU =     4092.873 ms (setup)      346.922 (*) 
Cl(11,11) in Cl(11,11) CPU =     8610.609 ms (setup)      346.275 (*) 
