expressions/expressions
	linux-vdso.so.1 (0x000070ee33f24000)
	libarmadillo.so.14 => /lib/libarmadillo.so.14 (0x000070ee33ed3000)
	libopenblas.so.0 => /lib/x86_64-linux-gnu/libopenblas.so.0 (0x000070ee30dc8000)
	libstdc++.so.6 => /lib/x86_64-linux-gnu/libstdc++.so.6 (0x000070ee30a00000)
	libm.so.6 => /lib/x86_64-linux-gnu/libm.so.6 (0x000070ee30cd1000)
	libgcc_s.so.1 => /lib/x86_64-linux-gnu/libgcc_s.so.1 (0x000070ee30ca4000)
	libiomp5.so => /opt/intel/oneapi/compiler/2025.2/lib/libiomp5.so (0x000070ee30400000)
	libc.so.6 => /lib/x86_64-linux-gnu/libc.so.6 (0x000070ee30000000)
	libblas.so.3 => /lib/x86_64-linux-gnu/libblas.so.3 (0x000070ee2f800000)
	libarpack.so.2 => /lib/x86_64-linux-gnu/libarpack.so.2 (0x000070ee309ae000)
	/lib64/ld-linux-x86-64.so.2 (0x000070ee33f26000)
	libmvec.so.1 => /lib/x86_64-linux-gnu/libmvec.so.1 (0x000070ee308b4000)
	libgfortran.so.5 => /lib/x86_64-linux-gnu/libgfortran.so.5 (0x000070ee2f400000)
	librt.so.1 => /lib/x86_64-linux-gnu/librt.so.1 (0x000070ee30c9f000)
	libdl.so.2 => /lib/x86_64-linux-gnu/libdl.so.2 (0x000070ee30c9a000)
	libpthread.so.0 => /lib/x86_64-linux-gnu/libpthread.so.0 (0x000070ee30c95000)
gfft_test/gfft_test
	linux-vdso.so.1 (0x00007df909a7c000)
	libarmadillo.so.14 => /lib/libarmadillo.so.14 (0x00007df909a2b000)
	libopenblas.so.0 => /lib/x86_64-linux-gnu/libopenblas.so.0 (0x00007df906920000)
	libstdc++.so.6 => /lib/x86_64-linux-gnu/libstdc++.so.6 (0x00007df906600000)
	libm.so.6 => /lib/x86_64-linux-gnu/libm.so.6 (0x00007df906509000)
	libgcc_s.so.1 => /lib/x86_64-linux-gnu/libgcc_s.so.1 (0x00007df9068f3000)
	libiomp5.so => /opt/intel/oneapi/compiler/2025.2/lib/libiomp5.so (0x00007df906000000)
	libc.so.6 => /lib/x86_64-linux-gnu/libc.so.6 (0x00007df905c00000)
	libblas.so.3 => /lib/x86_64-linux-gnu/libblas.so.3 (0x00007df905400000)
	libarpack.so.2 => /lib/x86_64-linux-gnu/libarpack.so.2 (0x00007df9068a1000)
	/lib64/ld-linux-x86-64.so.2 (0x00007df909a7e000)
	libmvec.so.1 => /lib/x86_64-linux-gnu/libmvec.so.1 (0x00007df905f06000)
	libgfortran.so.5 => /lib/x86_64-linux-gnu/libgfortran.so.5 (0x00007df905000000)
	librt.so.1 => /lib/x86_64-linux-gnu/librt.so.1 (0x00007df90689c000)
	libdl.so.2 => /lib/x86_64-linux-gnu/libdl.so.2 (0x00007df906897000)
	libpthread.so.0 => /lib/x86_64-linux-gnu/libpthread.so.0 (0x00007df906892000)
products/products
	linux-vdso.so.1 (0x00007deb43b53000)
	libarmadillo.so.14 => /lib/libarmadillo.so.14 (0x00007deb43b02000)
	libopenblas.so.0 => /lib/x86_64-linux-gnu/libopenblas.so.0 (0x00007deb409f8000)
	libstdc++.so.6 => /lib/x86_64-linux-gnu/libstdc++.so.6 (0x00007deb40600000)
	libm.so.6 => /lib/x86_64-linux-gnu/libm.so.6 (0x00007deb40901000)
	libgcc_s.so.1 => /lib/x86_64-linux-gnu/libgcc_s.so.1 (0x00007deb408d4000)
	libiomp5.so => /opt/intel/oneapi/compiler/2025.2/lib/libiomp5.so (0x00007deb40000000)
	libc.so.6 => /lib/x86_64-linux-gnu/libc.so.6 (0x00007deb3fc00000)
	libblas.so.3 => /lib/x86_64-linux-gnu/libblas.so.3 (0x00007deb3f400000)
	libarpack.so.2 => /lib/x86_64-linux-gnu/libarpack.so.2 (0x00007deb405ae000)
	/lib64/ld-linux-x86-64.so.2 (0x00007deb43b55000)
	libmvec.so.1 => /lib/x86_64-linux-gnu/libmvec.so.1 (0x00007deb404b4000)
	libgfortran.so.5 => /lib/x86_64-linux-gnu/libgfortran.so.5 (0x00007deb3f000000)
	librt.so.1 => /lib/x86_64-linux-gnu/librt.so.1 (0x00007deb408cf000)
	libdl.so.2 => /lib/x86_64-linux-gnu/libdl.so.2 (0x00007deb408ca000)
	libpthread.so.0 => /lib/x86_64-linux-gnu/libpthread.so.0 (0x00007deb408c5000)
squaring/squaring
	linux-vdso.so.1 (0x00007246cdc59000)
	libarmadillo.so.14 => /lib/libarmadillo.so.14 (0x00007246cdc08000)
	libopenblas.so.0 => /lib/x86_64-linux-gnu/libopenblas.so.0 (0x00007246cab00000)
	libstdc++.so.6 => /lib/x86_64-linux-gnu/libstdc++.so.6 (0x00007246ca800000)
	libm.so.6 => /lib/x86_64-linux-gnu/libm.so.6 (0x00007246ca709000)
	libgcc_s.so.1 => /lib/x86_64-linux-gnu/libgcc_s.so.1 (0x00007246caad3000)
	libiomp5.so => /opt/intel/oneapi/compiler/2025.2/lib/libiomp5.so (0x00007246ca200000)
	libc.so.6 => /lib/x86_64-linux-gnu/libc.so.6 (0x00007246c9e00000)
	libblas.so.3 => /lib/x86_64-linux-gnu/libblas.so.3 (0x00007246c9600000)
	libarpack.so.2 => /lib/x86_64-linux-gnu/libarpack.so.2 (0x00007246ca6b7000)
	/lib64/ld-linux-x86-64.so.2 (0x00007246cdc5b000)
	libmvec.so.1 => /lib/x86_64-linux-gnu/libmvec.so.1 (0x00007246ca106000)
	libgfortran.so.5 => /lib/x86_64-linux-gnu/libgfortran.so.5 (0x00007246c9200000)
	librt.so.1 => /lib/x86_64-linux-gnu/librt.so.1 (0x00007246caacc000)
	libdl.so.2 => /lib/x86_64-linux-gnu/libdl.so.2 (0x00007246caac7000)
	libpthread.so.0 => /lib/x86_64-linux-gnu/libpthread.so.0 (0x00007246caac2000)
transforms/transforms
	linux-vdso.so.1 (0x00007baa5d980000)
	libarmadillo.so.14 => /lib/libarmadillo.so.14 (0x00007baa5d92f000)
	libopenblas.so.0 => /lib/x86_64-linux-gnu/libopenblas.so.0 (0x00007baa5a828000)
	libstdc++.so.6 => /lib/x86_64-linux-gnu/libstdc++.so.6 (0x00007baa5a400000)
	libm.so.6 => /lib/x86_64-linux-gnu/libm.so.6 (0x00007baa5a731000)
	libgcc_s.so.1 => /lib/x86_64-linux-gnu/libgcc_s.so.1 (0x00007baa5a704000)
	libiomp5.so => /opt/intel/oneapi/compiler/2025.2/lib/libiomp5.so (0x00007baa59e00000)
	libc.so.6 => /lib/x86_64-linux-gnu/libc.so.6 (0x00007baa59a00000)
	libblas.so.3 => /lib/x86_64-linux-gnu/libblas.so.3 (0x00007baa59200000)
	libarpack.so.2 => /lib/x86_64-linux-gnu/libarpack.so.2 (0x00007baa5a6b2000)
	/lib64/ld-linux-x86-64.so.2 (0x00007baa5d982000)
	libmvec.so.1 => /lib/x86_64-linux-gnu/libmvec.so.1 (0x00007baa5a306000)
	libgfortran.so.5 => /lib/x86_64-linux-gnu/libgfortran.so.5 (0x00007baa58e00000)
	librt.so.1 => /lib/x86_64-linux-gnu/librt.so.1 (0x00007baa5a6ab000)
	libdl.so.2 => /lib/x86_64-linux-gnu/libdl.so.2 (0x00007baa5a6a6000)
	libpthread.so.0 => /lib/x86_64-linux-gnu/libpthread.so.0 (0x00007baa5a6a1000)
versor/versor
	linux-vdso.so.1 (0x0000712290c3f000)
	libarmadillo.so.14 => /lib/libarmadillo.so.14 (0x0000712290bee000)
	libopenblas.so.0 => /lib/x86_64-linux-gnu/libopenblas.so.0 (0x000071228dae8000)
	libstdc++.so.6 => /lib/x86_64-linux-gnu/libstdc++.so.6 (0x000071228d800000)
	libm.so.6 => /lib/x86_64-linux-gnu/libm.so.6 (0x000071228d709000)
	libgcc_s.so.1 => /lib/x86_64-linux-gnu/libgcc_s.so.1 (0x000071228dab9000)
	libiomp5.so => /opt/intel/oneapi/compiler/2025.2/lib/libiomp5.so (0x000071228d200000)
	libc.so.6 => /lib/x86_64-linux-gnu/libc.so.6 (0x000071228ce00000)
	libblas.so.3 => /lib/x86_64-linux-gnu/libblas.so.3 (0x000071228c600000)
	libarpack.so.2 => /lib/x86_64-linux-gnu/libarpack.so.2 (0x000071228d6b7000)
	/lib64/ld-linux-x86-64.so.2 (0x0000712290c41000)
	libmvec.so.1 => /lib/x86_64-linux-gnu/libmvec.so.1 (0x000071228d106000)
	libgfortran.so.5 => /lib/x86_64-linux-gnu/libgfortran.so.5 (0x000071228c200000)
	librt.so.1 => /lib/x86_64-linux-gnu/librt.so.1 (0x000071228dab2000)
	libdl.so.2 => /lib/x86_64-linux-gnu/libdl.so.2 (0x000071228daad000)
	libpthread.so.0 => /lib/x86_64-linux-gnu/libpthread.so.0 (0x000071228daa8000)
