
framed_multi<float,-4,4>
Clifford algebra products test:
Fill: 0.5
Cl( 1, 0) in Cl( 1, 0) CPU =        0.007 ms (setup)        0.004 (*)        0.002 (^)        0.002 (&)        0.002 (%) 
Cl( 1, 1) in Cl( 1, 1) CPU =        0.003 ms (setup)        0.002 (*)        0.002 (^)        0.002 (&)        0.002 (%) 
Cl( 2, 1) in Cl( 2, 1) CPU =        0.003 ms (setup)        0.006 (*)        0.004 (^)        0.004 (&)        0.003 (%) 
Cl( 2, 2) in Cl( 2, 2) CPU =        0.004 ms (setup)        0.009 (*)        0.005 (^)        0.005 (&)        0.005 (%) 
Cl( 3, 2) in Cl( 3, 2) CPU =        0.009 ms (setup)        0.019 (*)        0.010 (^)        0.011 (&)        0.009 (%) 
Cl( 3, 3) in Cl( 3, 3) CPU =        0.013 ms (setup)        0.046 (*)        0.024 (^)        0.024 (&)        0.019 (%) 
Cl( 4, 3) in Cl( 4, 3) CPU =        0.030 ms (setup)        0.141 (*)        0.075 (^)        0.069 (&)        0.053 (%) 
Cl( 4, 4) in Cl( 4, 4) CPU =        0.059 ms (setup)        1.050 (*)        0.173 (^)        0.169 (&)        0.122 (%) 
Cl( 1, 0) in Cl( 4, 4) CPU =        0.002 ms (setup)        0.001 (*)        0.001 (^)        0.001 (&)        0.001 (%) 
Cl( 1, 1) in Cl( 4, 4) CPU =        0.002 ms (setup)        0.002 (*)        0.002 (^)        0.002 (&)        0.002 (%) 
Cl( 2, 1) in Cl( 4, 4) CPU =        0.003 ms (setup)        0.005 (*)        0.003 (^)        0.003 (&)        0.003 (%) 
Cl( 2, 2) in Cl( 4, 4) CPU =        0.004 ms (setup)        0.005 (*)        0.004 (^)        0.004 (&)        0.004 (%) 
Cl( 3, 2) in Cl( 4, 4) CPU =        0.007 ms (setup)        0.021 (*)        0.011 (^)        0.011 (&)        0.011 (%) 
Cl( 3, 3) in Cl( 4, 4) CPU =        0.018 ms (setup)        0.045 (*)        0.027 (^)        0.022 (&)        0.019 (%) 
Cl( 4, 3) in Cl( 4, 4) CPU =        0.030 ms (setup)        0.149 (*)        0.067 (^)        0.072 (&)        0.054 (%) 
Cl( 4, 4) in Cl( 4, 4) CPU =        0.060 ms (setup)        1.058 (*)        0.178 (^)        0.194 (&)        0.135 (%) 
Fill: 1
Cl( 1, 0) in Cl( 1, 0) CPU =        0.002 ms (setup)        0.003 (*)        0.002 (^)        0.002 (&)        0.002 (%) 
Cl( 1, 1) in Cl( 1, 1) CPU =        0.003 ms (setup)        0.004 (*)        0.003 (^)        0.003 (&)        0.003 (%) 
Cl( 2, 1) in Cl( 2, 1) CPU =        0.004 ms (setup)        0.007 (*)        0.004 (^)        0.004 (&)        0.004 (%) 
Cl( 2, 2) in Cl( 2, 2) CPU =        0.005 ms (setup)        0.013 (*)        0.007 (^)        0.007 (&)        0.007 (%) 
Cl( 3, 2) in Cl( 3, 2) CPU =        0.011 ms (setup)        0.039 (*)        0.014 (^)        0.018 (&)        0.015 (%) 
Cl( 3, 3) in Cl( 3, 3) CPU =        0.021 ms (setup)        0.103 (*)        0.032 (^)        0.044 (&)        0.035 (%) 
Cl( 4, 3) in Cl( 4, 3) CPU =        0.048 ms (setup)        0.350 (*)        0.074 (^)        0.114 (&)        0.085 (%) 
Cl( 4, 4) in Cl( 4, 4) CPU =        0.098 ms (setup)        1.286 (*)        0.191 (^)        0.290 (&)        0.208 (%) 
Cl( 1, 0) in Cl( 4, 4) CPU =        0.002 ms (setup)        0.003 (*)        0.002 (^)        0.002 (&)        0.002 (%) 
Cl( 1, 1) in Cl( 4, 4) CPU =        0.002 ms (setup)        0.004 (*)        0.002 (^)        0.002 (&)        0.002 (%) 
Cl( 2, 1) in Cl( 4, 4) CPU =        0.003 ms (setup)        0.006 (*)        0.004 (^)        0.004 (&)        0.004 (%) 
Cl( 2, 2) in Cl( 4, 4) CPU =        0.005 ms (setup)        0.012 (*)        0.007 (^)        0.007 (&)        0.007 (%) 
Cl( 3, 2) in Cl( 4, 4) CPU =        0.009 ms (setup)        0.032 (*)        0.013 (^)        0.017 (&)        0.014 (%) 
Cl( 3, 3) in Cl( 4, 4) CPU =        0.020 ms (setup)        0.096 (*)        0.030 (^)        0.041 (&)        0.033 (%) 
Cl( 4, 3) in Cl( 4, 4) CPU =        0.042 ms (setup)        0.322 (*)        0.070 (^)        0.105 (&)        0.079 (%) 
Cl( 4, 4) in Cl( 4, 4) CPU =        0.092 ms (setup)        1.117 (*)        0.165 (^)        0.274 (&)        0.195 (%) 

matrix_multi<float,-4,4>
Clifford algebra products test:
Fill: 0.5
Cl( 1, 0) in Cl( 1, 0) CPU =        0.017 ms (setup)        0.001 (*)        0.014 (^)        0.011 (&)        0.013 (%) 
Cl( 1, 1) in Cl( 1, 1) CPU =        0.007 ms (setup)        0.001 (*)        0.010 (^)        0.011 (&)        0.011 (%) 
Cl( 2, 1) in Cl( 2, 1) CPU =        0.004 ms (setup)        0.001 (*)        0.023 (^)        0.037 (&)        0.036 (%) 
Cl( 2, 2) in Cl( 2, 2) CPU =        0.015 ms (setup)        0.001 (*)        0.097 (^)        0.057 (&)        0.079 (%) 
Cl( 3, 2) in Cl( 3, 2) CPU =        0.029 ms (setup)        0.003 (*)        0.368 (^)        0.311 (&)        0.339 (%) 
Cl( 3, 3) in Cl( 3, 3) CPU =        0.051 ms (setup)        0.002 (*)        0.479 (^)        0.505 (&)        0.507 (%) 
Cl( 4, 3) in Cl( 4, 3) CPU =        0.114 ms (setup)        0.004 (*)        1.994 (^)        1.865 (&)        1.824 (%) 
Cl( 4, 4) in Cl( 4, 4) CPU =        0.185 ms (setup)        0.003 (*)        2.785 (^)        2.678 (&)        2.288 (%) 
Cl( 1, 0) in Cl( 4, 4) CPU =        0.001 ms (setup)        0.003 (*)        0.011 (^)        0.010 (&)        0.010 (%) 
Cl( 1, 1) in Cl( 4, 4) CPU =        0.005 ms (setup)        0.003 (*)        0.100 (^)        0.069 (&)        0.088 (%) 
Cl( 2, 1) in Cl( 4, 4) CPU =        0.014 ms (setup)        0.003 (*)        0.149 (^)        0.083 (&)        0.096 (%) 
Cl( 2, 2) in Cl( 4, 4) CPU =        0.028 ms (setup)        0.003 (*)        0.222 (^)        0.138 (&)        0.173 (%) 
Cl( 3, 2) in Cl( 4, 4) CPU =        0.077 ms (setup)        0.002 (*)        0.262 (^)        0.236 (&)        0.229 (%) 
Cl( 3, 3) in Cl( 4, 4) CPU =        0.106 ms (setup)        0.002 (*)        0.496 (^)        0.434 (&)        0.424 (%) 
Cl( 4, 3) in Cl( 4, 4) CPU =        0.267 ms (setup)        0.003 (*)        1.373 (^)        1.415 (&)        1.393 (%) 
Cl( 4, 4) in Cl( 4, 4) CPU =        0.141 ms (setup)        0.003 (*)        2.060 (^)        2.246 (&)        2.230 (%) 
Fill: 1
Cl( 1, 0) in Cl( 1, 0) CPU =        0.003 ms (setup)        0.001 (*)        0.009 (^)        0.007 (&)        0.009 (%) 
Cl( 1, 1) in Cl( 1, 1) CPU =        0.003 ms (setup)        0.001 (*)        0.013 (^)        0.009 (&)        0.013 (%) 
Cl( 2, 1) in Cl( 2, 1) CPU =        0.004 ms (setup)        0.001 (*)        0.045 (^)        0.039 (&)        0.044 (%) 
Cl( 2, 2) in Cl( 2, 2) CPU =        0.009 ms (setup)        0.001 (*)        0.073 (^)        0.057 (&)        0.074 (%) 
Cl( 3, 2) in Cl( 3, 2) CPU =        0.022 ms (setup)        0.002 (*)        0.248 (^)        0.252 (&)        0.262 (%) 
Cl( 3, 3) in Cl( 3, 3) CPU =        0.041 ms (setup)        0.001 (*)        0.399 (^)        0.381 (&)        0.414 (%) 
Cl( 4, 3) in Cl( 4, 3) CPU =        0.098 ms (setup)        0.003 (*)        1.658 (^)        1.688 (&)        1.756 (%) 
Cl( 4, 4) in Cl( 4, 4) CPU =        0.198 ms (setup)        0.002 (*)        2.559 (^)        2.583 (&)        2.520 (%) 
Cl( 1, 0) in Cl( 4, 4) CPU =        0.005 ms (setup)        0.003 (*)        0.080 (^)        0.061 (&)        0.070 (%) 
Cl( 1, 1) in Cl( 4, 4) CPU =        0.007 ms (setup)        0.003 (*)        0.100 (^)        0.064 (&)        0.092 (%) 
Cl( 2, 1) in Cl( 4, 4) CPU =        0.015 ms (setup)        0.003 (*)        0.158 (^)        0.112 (&)        0.120 (%) 
Cl( 2, 2) in Cl( 4, 4) CPU =        0.038 ms (setup)        0.003 (*)        0.224 (^)        0.144 (&)        0.176 (%) 
Cl( 3, 2) in Cl( 4, 4) CPU =        0.084 ms (setup)        0.003 (*)        0.452 (^)        0.331 (&)        0.337 (%) 
Cl( 3, 3) in Cl( 4, 4) CPU =        0.130 ms (setup)        0.003 (*)        0.682 (^)        0.555 (&)        0.584 (%) 
Cl( 4, 3) in Cl( 4, 4) CPU =        0.352 ms (setup)        0.002 (*)        1.849 (^)        1.698 (&)        1.711 (%) 
Cl( 4, 4) in Cl( 4, 4) CPU =        0.197 ms (setup)        0.002 (*)        2.470 (^)        2.481 (&)        2.516 (%) 

framed_multi<double>
Clifford algebra products test:
Fill: 0.5
Cl( 1, 0) in Cl( 1, 0) CPU =        0.001 ms (setup)        0.002 (*)        0.002 (^)        0.002 (&)        0.001 (%) 
Cl( 1, 1) in Cl( 1, 1) CPU =        0.001 ms (setup)        0.001 (*)        0.001 (^)        0.001 (&)        0.001 (%) 
Cl( 2, 1) in Cl( 2, 1) CPU =        0.002 ms (setup)        0.004 (*)        0.002 (^)        0.002 (&)        0.003 (%) 
Cl( 2, 2) in Cl( 2, 2) CPU =        0.002 ms (setup)        0.006 (*)        0.004 (^)        0.003 (&)        0.003 (%) 
Cl( 3, 2) in Cl( 3, 2) CPU =        0.005 ms (setup)        0.013 (*)        0.007 (^)        0.011 (&)        0.007 (%) 
Cl( 3, 3) in Cl( 3, 3) CPU =        0.009 ms (setup)        0.032 (*)        0.015 (^)        0.015 (&)        0.013 (%) 
Cl( 4, 3) in Cl( 4, 3) CPU =        0.017 ms (setup)        0.089 (*)        0.042 (^)        0.040 (&)        0.033 (%) 
Cl( 4, 4) in Cl( 4, 4) CPU =        0.035 ms (setup)        0.495 (*)        0.098 (^)        0.092 (&)        0.070 (%) 
Cl( 5, 4) in Cl( 5, 4) CPU =        0.065 ms (setup)        1.715 (*)        0.275 (^)        0.277 (&)        0.199 (%) 
Cl( 5, 5) in Cl( 5, 5) CPU =        0.121 ms (setup)        2.304 (*)        0.715 (^)        0.662 (&)        0.442 (%) 
Cl( 6, 5) in Cl( 6, 5) CPU =        0.249 ms (setup)        8.211 (*)        2.026 (^)        1.946 (&)        1.229 (%) 
Cl( 6, 6) in Cl( 6, 6) CPU =        0.512 ms (setup)       10.876 (*)        5.487 (^)        5.285 (&)        3.085 (%) 
Cl( 7, 6) in Cl( 7, 6) CPU =        1.036 ms (setup)       38.745 (*)       16.506 (^)       15.882 (&)        8.991 (%) 
Cl( 7, 7) in Cl( 7, 7) CPU =        2.067 ms (setup)       51.921 (*)       47.809 (^)       45.496 (&)       24.595 (%) 
Cl( 8, 7) in Cl( 8, 7) CPU =        4.194 ms (setup)      184.013 (*)      142.940 (^)      134.811 (&)       71.269 (%) 
Cl( 8, 8) in Cl( 8, 8) CPU =        8.399 ms (setup)      251.753 (*)      428.411 (^)      415.425 (&)      214.379 (%) 
Cl( 1, 0) in Cl( 8, 8) CPU =        0.001 ms (setup)        0.001 (*)        0.001 (^)        0.001 (&)        0.001 (%) 
Cl( 1, 1) in Cl( 8, 8) CPU =        0.001 ms (setup)        0.001 (*)        0.001 (^)        0.001 (&)        0.001 (%) 
Cl( 2, 1) in Cl( 8, 8) CPU =        0.002 ms (setup)        0.001 (*)        0.001 (^)        0.001 (&)        0.001 (%) 
Cl( 2, 2) in Cl( 8, 8) CPU =        0.002 ms (setup)        0.005 (*)        0.003 (^)        0.003 (&)        0.004 (%) 
Cl( 3, 2) in Cl( 8, 8) CPU =        0.005 ms (setup)        0.011 (*)        0.007 (^)        0.006 (&)        0.006 (%) 
Cl( 3, 3) in Cl( 8, 8) CPU =        0.009 ms (setup)        0.029 (*)        0.015 (^)        0.013 (&)        0.013 (%) 
Cl( 4, 3) in Cl( 8, 8) CPU =        0.015 ms (setup)        0.074 (*)        0.037 (^)        0.032 (&)        0.028 (%) 
Cl( 4, 4) in Cl( 8, 8) CPU =        0.032 ms (setup)        0.492 (*)        0.104 (^)        0.100 (&)        0.076 (%) 
Cl( 5, 4) in Cl( 8, 8) CPU =        0.095 ms (setup)        1.685 (*)        0.272 (^)        0.270 (&)        0.193 (%) 
Cl( 5, 5) in Cl( 8, 8) CPU =        0.122 ms (setup)        2.252 (*)        0.694 (^)        0.694 (&)        0.447 (%) 
Cl( 6, 5) in Cl( 8, 8) CPU =        0.250 ms (setup)        7.950 (*)        1.965 (^)        1.929 (&)        1.189 (%) 
Cl( 6, 6) in Cl( 8, 8) CPU =        0.489 ms (setup)       10.569 (*)        5.512 (^)        5.123 (&)        3.019 (%) 
Cl( 7, 6) in Cl( 8, 8) CPU =        1.004 ms (setup)       37.249 (*)       16.058 (^)       15.192 (&)        8.493 (%) 
Cl( 7, 7) in Cl( 8, 8) CPU =        2.248 ms (setup)       50.520 (*)       47.908 (^)       45.525 (&)       24.378 (%) 
Cl( 8, 7) in Cl( 8, 8) CPU =        4.064 ms (setup)      183.929 (*)      141.918 (^)      134.973 (&)       72.403 (%) 
Cl( 8, 8) in Cl( 8, 8) CPU =        8.389 ms (setup)      250.647 (*)      426.685 (^)      418.949 (&)      215.441 (%) 
Fill: 1
Cl( 1, 0) in Cl( 1, 0) CPU =        0.001 ms (setup)        0.002 (*)        0.001 (^)        0.001 (&)        0.002 (%) 
Cl( 1, 1) in Cl( 1, 1) CPU =        0.002 ms (setup)        0.003 (*)        0.002 (^)        0.002 (&)        0.003 (%) 
Cl( 2, 1) in Cl( 2, 1) CPU =        0.002 ms (setup)        0.004 (*)        0.003 (^)        0.003 (&)        0.003 (%) 
Cl( 2, 2) in Cl( 2, 2) CPU =        0.003 ms (setup)        0.010 (*)        0.005 (^)        0.005 (&)        0.005 (%) 
Cl( 3, 2) in Cl( 3, 2) CPU =        0.007 ms (setup)        0.024 (*)        0.009 (^)        0.011 (&)        0.009 (%) 
Cl( 3, 3) in Cl( 3, 3) CPU =        0.013 ms (setup)        0.068 (*)        0.021 (^)        0.026 (&)        0.022 (%) 
Cl( 4, 3) in Cl( 4, 3) CPU =        0.026 ms (setup)        0.223 (*)        0.046 (^)        0.064 (&)        0.049 (%) 
Cl( 4, 4) in Cl( 4, 4) CPU =        0.053 ms (setup)        0.594 (*)        0.111 (^)        0.174 (&)        0.119 (%) 
Cl( 5, 4) in Cl( 5, 4) CPU =        0.102 ms (setup)        1.959 (*)        0.279 (^)        0.444 (&)        0.295 (%) 
Cl( 5, 5) in Cl( 5, 5) CPU =        0.203 ms (setup)        2.809 (*)        0.688 (^)        1.209 (&)        0.760 (%) 
Cl( 6, 5) in Cl( 6, 5) CPU =        0.411 ms (setup)        9.370 (*)        1.812 (^)        3.430 (&)        2.035 (%) 
Cl( 6, 6) in Cl( 6, 6) CPU =        0.802 ms (setup)       13.425 (*)        4.830 (^)       10.076 (&)        5.766 (%) 
Cl( 7, 6) in Cl( 7, 6) CPU =        1.648 ms (setup)       44.407 (*)       13.809 (^)       29.197 (&)       15.835 (%) 
Cl( 7, 7) in Cl( 7, 7) CPU =        3.335 ms (setup)       66.317 (*)       40.447 (^)       87.872 (&)       46.729 (%) 
Cl( 8, 7) in Cl( 8, 7) CPU =        7.079 ms (setup)      227.305 (*)      120.977 (^)      270.118 (&)      139.537 (%) 
Cl( 8, 8) in Cl( 8, 8) CPU =       13.998 ms (setup)      341.532 (*)      364.216 (^)      838.182 (&)      423.413 (%) 
Cl( 1, 0) in Cl( 8, 8) CPU =        0.003 ms (setup)        0.002 (*)        0.001 (^)        0.001 (&)        0.001 (%) 
Cl( 1, 1) in Cl( 8, 8) CPU =        0.001 ms (setup)        0.002 (*)        0.002 (^)        0.002 (&)        0.002 (%) 
Cl( 2, 1) in Cl( 8, 8) CPU =        0.003 ms (setup)        0.005 (*)        0.003 (^)        0.002 (&)        0.002 (%) 
Cl( 2, 2) in Cl( 8, 8) CPU =        0.007 ms (setup)        0.009 (*)        0.005 (^)        0.005 (&)        0.005 (%) 
Cl( 3, 2) in Cl( 8, 8) CPU =        0.006 ms (setup)        0.024 (*)        0.009 (^)        0.011 (&)        0.009 (%) 
Cl( 3, 3) in Cl( 8, 8) CPU =        0.013 ms (setup)        0.067 (*)        0.021 (^)        0.026 (&)        0.021 (%) 
Cl( 4, 3) in Cl( 8, 8) CPU =        0.026 ms (setup)        0.223 (*)        0.046 (^)        0.064 (&)        0.051 (%) 
Cl( 4, 4) in Cl( 8, 8) CPU =        0.052 ms (setup)        0.581 (*)        0.111 (^)        0.167 (&)        0.118 (%) 
Cl( 5, 4) in Cl( 8, 8) CPU =        0.112 ms (setup)        1.930 (*)        0.270 (^)        0.448 (&)        0.296 (%) 
Cl( 5, 5) in Cl( 8, 8) CPU =        0.199 ms (setup)        2.796 (*)        0.697 (^)        1.209 (&)        0.765 (%) 
Cl( 6, 5) in Cl( 8, 8) CPU =        0.412 ms (setup)        9.213 (*)        1.801 (^)        3.445 (&)        2.058 (%) 
Cl( 6, 6) in Cl( 8, 8) CPU =        0.799 ms (setup)       13.547 (*)        4.855 (^)        9.921 (&)        5.857 (%) 
Cl( 7, 6) in Cl( 8, 8) CPU =        1.710 ms (setup)       44.421 (*)       13.766 (^)       29.380 (&)       16.075 (%) 
Cl( 7, 7) in Cl( 8, 8) CPU =        3.303 ms (setup)       66.043 (*)       40.054 (^)       88.974 (&)       46.797 (%) 
Cl( 8, 7) in Cl( 8, 8) CPU =        7.091 ms (setup)      225.776 (*)      120.730 (^)      269.634 (&)      139.968 (%) 
Cl( 8, 8) in Cl( 8, 8) CPU =       13.876 ms (setup)      341.767 (*)      365.829 (^)      839.341 (&)      424.284 (%) 

matrix_multi<double>
Clifford algebra products test:
Fill: 0.5
Cl( 1, 0) in Cl( 1, 0) CPU =        0.004 ms (setup)        0.001 (*)        0.009 (^)        0.007 (&)        0.009 (%) 
Cl( 1, 1) in Cl( 1, 1) CPU =        0.005 ms (setup)        0.001 (*)        0.010 (^)        0.007 (&)        0.006 (%) 
Cl( 2, 1) in Cl( 2, 1) CPU =        0.007 ms (setup)        0.001 (*)        0.043 (^)        0.035 (&)        0.036 (%) 
Cl( 2, 2) in Cl( 2, 2) CPU =        0.009 ms (setup)        0.001 (*)        0.033 (^)        0.037 (&)        0.049 (%) 
Cl( 3, 2) in Cl( 3, 2) CPU =        0.035 ms (setup)        0.002 (*)        0.188 (^)        0.193 (&)        0.208 (%) 
Cl( 3, 3) in Cl( 3, 3) CPU =        0.034 ms (setup)        0.002 (*)        0.261 (^)        0.317 (&)        0.311 (%) 
Cl( 4, 3) in Cl( 4, 3) CPU =        0.080 ms (setup)        0.004 (*)        1.322 (^)        1.472 (&)        1.437 (%) 
Cl( 4, 4) in Cl( 4, 4) CPU =        0.148 ms (setup)        0.004 (*)        2.048 (^)        2.100 (&)        2.142 (%) 
Cl( 5, 4) in Cl( 5, 4) CPU =        0.346 ms (setup)        0.011 (*)        7.651 (^)        8.521 (&)        8.257 (%) 
Cl( 5, 5) in Cl( 5, 5) CPU =        0.638 ms (setup)        0.011 (*)       11.718 (^)       11.930 (&)       12.204 (%) 
Cl( 6, 5) in Cl( 6, 5) CPU =        1.482 ms (setup)        0.060 (*)       42.389 (^)       46.069 (&)       44.062 (%) 
Cl( 6, 6) in Cl( 6, 6) CPU =        2.869 ms (setup)        0.061 (*)       62.069 (^)       63.334 (&)       61.599 (%) 
Cl( 7, 6) in Cl( 7, 6) CPU =        6.612 ms (setup)        0.403 (*)      253.374 (^)      276.288 (&)      254.739 (%) 
Cl( 7, 7) in Cl( 7, 7) CPU =       13.259 ms (setup)        0.406 (*)      320.700 (^)      360.745 (&)      329.425 (%) 
Cl( 8, 7) in Cl( 8, 7) CPU =       33.081 ms (setup)        2.933 (*)     1502.100 (^)     1742.088 (&)     1512.302 (%) 
Cl( 8, 8) in Cl( 8, 8) CPU =       63.814 ms (setup)        2.899 (*)     1918.132 (^)     2191.997 (&)     1938.825 (%) 
Cl( 1, 0) in Cl( 8, 8) CPU =        0.108 ms (setup)        2.947 (*)       13.045 (^)       13.322 (&)       13.135 (%) 
Cl( 1, 1) in Cl( 8, 8) CPU =        0.152 ms (setup)        2.938 (*)       23.378 (^)       13.200 (&)       20.028 (%) 
Cl( 2, 1) in Cl( 8, 8) CPU =        0.177 ms (setup)        2.988 (*)       38.482 (^)       22.143 (&)       30.590 (%) 
Cl( 2, 2) in Cl( 8, 8) CPU =        0.344 ms (setup)        2.932 (*)       60.313 (^)       38.418 (&)       42.322 (%) 
Cl( 3, 2) in Cl( 8, 8) CPU =        1.984 ms (setup)        3.203 (*)       87.341 (^)       58.374 (&)       57.291 (%) 
Cl( 3, 3) in Cl( 8, 8) CPU =        1.578 ms (setup)        2.934 (*)      124.903 (^)       89.109 (&)       80.882 (%) 
Cl( 4, 3) in Cl( 8, 8) CPU =        1.748 ms (setup)        2.941 (*)      167.657 (^)      167.291 (&)      107.681 (%) 
Cl( 4, 4) in Cl( 8, 8) CPU =        1.986 ms (setup)        2.937 (*)      219.867 (^)      171.881 (&)      139.078 (%) 
Cl( 5, 4) in Cl( 8, 8) CPU =        2.780 ms (setup)        2.944 (*)      283.286 (^)      222.780 (&)      177.188 (%) 
Cl( 5, 5) in Cl( 8, 8) CPU =        5.556 ms (setup)        2.933 (*)      378.432 (^)      335.180 (&)      244.310 (%) 
Cl( 6, 5) in Cl( 8, 8) CPU =        8.398 ms (setup)        2.948 (*)      428.221 (^)      369.281 (&)      280.332 (%) 
Cl( 6, 6) in Cl( 8, 8) CPU =       12.381 ms (setup)        2.943 (*)      511.971 (^)      518.286 (&)      376.079 (%) 
Cl( 7, 6) in Cl( 8, 8) CPU =       28.884 ms (setup)        2.948 (*)      650.504 (^)      746.697 (&)      536.031 (%) 
Cl( 7, 7) in Cl( 8, 8) CPU =       54.306 ms (setup)        2.937 (*)      823.207 (^)      917.808 (&)      716.656 (%) 
Cl( 8, 7) in Cl( 8, 8) CPU =      130.889 ms (setup)        2.852 (*)     1522.991 (^)     1665.020 (&)     1423.089 (%) 
Cl( 8, 8) in Cl( 8, 8) CPU =       64.288 ms (setup)        2.867 (*)     1821.492 (^)     2193.281 (&)     1887.580 (%) 
Fill: 1
Cl( 1, 0) in Cl( 1, 0) CPU =        0.002 ms (setup)        0.001 (*)        0.009 (^)        0.007 (&)        0.009 (%) 
Cl( 1, 1) in Cl( 1, 1) CPU =        0.003 ms (setup)        0.001 (*)        0.013 (^)        0.009 (&)        0.015 (%) 
Cl( 2, 1) in Cl( 2, 1) CPU =        0.005 ms (setup)        0.001 (*)        0.060 (^)        0.040 (&)        0.045 (%) 
Cl( 2, 2) in Cl( 2, 2) CPU =        0.010 ms (setup)        0.001 (*)        0.076 (^)        0.061 (&)        0.089 (%) 
Cl( 3, 2) in Cl( 3, 2) CPU =        0.026 ms (setup)        0.005 (*)        0.262 (^)        0.248 (&)        0.255 (%) 
Cl( 3, 3) in Cl( 3, 3) CPU =        0.044 ms (setup)        0.002 (*)        0.418 (^)        0.398 (&)        0.431 (%) 
Cl( 4, 3) in Cl( 4, 3) CPU =        0.105 ms (setup)        0.004 (*)        1.652 (^)        1.675 (&)        1.695 (%) 
Cl( 4, 4) in Cl( 4, 4) CPU =        0.197 ms (setup)        0.004 (*)        2.438 (^)        2.451 (&)        2.502 (%) 
Cl( 5, 4) in Cl( 5, 4) CPU =        0.472 ms (setup)        0.011 (*)        8.909 (^)        9.196 (&)        9.031 (%) 
Cl( 5, 5) in Cl( 5, 5) CPU =        0.924 ms (setup)        0.011 (*)       12.829 (^)       12.982 (&)       12.985 (%) 
Cl( 6, 5) in Cl( 6, 5) CPU =        2.172 ms (setup)        0.061 (*)       47.994 (^)       50.291 (&)       48.496 (%) 
Cl( 6, 6) in Cl( 6, 6) CPU =        4.471 ms (setup)        0.061 (*)       65.928 (^)       68.993 (&)       66.492 (%) 
Cl( 7, 6) in Cl( 7, 6) CPU =       10.266 ms (setup)        0.398 (*)      265.601 (^)      292.582 (&)      267.707 (%) 
Cl( 7, 7) in Cl( 7, 7) CPU =       20.387 ms (setup)        0.396 (*)      354.243 (^)      380.733 (&)      356.650 (%) 
Cl( 8, 7) in Cl( 8, 7) CPU =       53.691 ms (setup)        3.002 (*)     1896.991 (^)     1800.351 (&)     1565.606 (%) 
Cl( 8, 8) in Cl( 8, 8) CPU =      106.484 ms (setup)        2.940 (*)     2024.992 (^)     2303.279 (&)     2041.054 (%) 
Cl( 1, 0) in Cl( 8, 8) CPU =        0.124 ms (setup)        2.979 (*)       23.418 (^)       13.865 (&)       20.061 (%) 
Cl( 1, 1) in Cl( 8, 8) CPU =        0.161 ms (setup)        2.944 (*)       38.907 (^)       22.155 (&)       30.236 (%) 
Cl( 2, 1) in Cl( 8, 8) CPU =        0.244 ms (setup)        2.933 (*)       60.839 (^)       38.115 (&)       41.755 (%) 
Cl( 2, 2) in Cl( 8, 8) CPU =        1.520 ms (setup)        2.932 (*)       87.954 (^)       57.776 (&)       56.858 (%) 
Cl( 3, 2) in Cl( 8, 8) CPU =        1.599 ms (setup)        3.081 (*)      122.505 (^)       87.156 (&)       75.724 (%) 
Cl( 3, 3) in Cl( 8, 8) CPU =        1.621 ms (setup)        2.931 (*)      163.262 (^)      123.386 (&)      103.817 (%) 
Cl( 4, 3) in Cl( 8, 8) CPU =        1.873 ms (setup)        2.938 (*)      219.564 (^)      171.275 (&)      137.369 (%) 
Cl( 4, 4) in Cl( 8, 8) CPU =        2.218 ms (setup)        3.134 (*)      272.637 (^)      216.898 (&)      166.755 (%) 
Cl( 5, 4) in Cl( 8, 8) CPU =        4.878 ms (setup)        2.941 (*)      331.450 (^)      277.099 (&)      205.965 (%) 
Cl( 5, 5) in Cl( 8, 8) CPU =        5.297 ms (setup)        2.839 (*)      378.356 (^)      336.565 (&)      245.852 (%) 
Cl( 6, 5) in Cl( 8, 8) CPU =        9.265 ms (setup)        2.852 (*)      468.565 (^)      437.435 (&)      321.009 (%) 
Cl( 6, 6) in Cl( 8, 8) CPU =       16.807 ms (setup)        2.823 (*)      519.500 (^)      526.606 (&)      383.089 (%) 
Cl( 7, 6) in Cl( 8, 8) CPU =       40.265 ms (setup)        2.835 (*)      740.907 (^)      766.351 (&)      587.695 (%) 
Cl( 7, 7) in Cl( 8, 8) CPU =       72.111 ms (setup)        2.843 (*)      852.273 (^)      944.439 (&)      738.898 (%) 
Cl( 8, 7) in Cl( 8, 8) CPU =      178.617 ms (setup)        2.857 (*)     1681.397 (^)     1804.513 (&)     1570.764 (%) 
Cl( 8, 8) in Cl( 8, 8) CPU =      104.228 ms (setup)        2.869 (*)     2030.637 (^)     2302.695 (&)     2036.582 (%) 
