expressions/expressions
	linux-vdso.so.1 (0x00007f7314707000)
	libopenblas.so.0 => /usr/lib/x86_64-linux-gnu/libopenblas.so.0 (0x00007f73120e8000)
	libstdc++.so.6 => /usr/lib/x86_64-linux-gnu/libstdc++.so.6 (0x00007f7311e00000)
	libm.so.6 => /usr/lib/x86_64-linux-gnu/libm.so.6 (0x00007f7311cda000)
	libomp.so.5 => /usr/lib/x86_64-linux-gnu/libomp.so.5 (0x00007f7311ba3000)
	libgcc_s.so.1 => /usr/lib/x86_64-linux-gnu/libgcc_s.so.1 (0x00007f73120ba000)
	libc.so.6 => /usr/lib/x86_64-linux-gnu/libc.so.6 (0x00007f7311800000)
	libmvec.so.1 => /usr/lib/x86_64-linux-gnu/libmvec.so.1 (0x00007f7311aa8000)
	libgfortran.so.5 => /usr/lib/x86_64-linux-gnu/libgfortran.so.5 (0x00007f7311400000)
	/lib64/ld-linux-x86-64.so.2 (0x00007f7314709000)
gfft_test/gfft_test
	linux-vdso.so.1 (0x00007a961e401000)
	libopenblas.so.0 => /usr/lib/x86_64-linux-gnu/libopenblas.so.0 (0x00007a961be70000)
	libstdc++.so.6 => /usr/lib/x86_64-linux-gnu/libstdc++.so.6 (0x00007a961ba00000)
	libm.so.6 => /usr/lib/x86_64-linux-gnu/libm.so.6 (0x00007a961bd4a000)
	libomp.so.5 => /usr/lib/x86_64-linux-gnu/libomp.so.5 (0x00007a961b8c9000)
	libgcc_s.so.1 => /usr/lib/x86_64-linux-gnu/libgcc_s.so.1 (0x00007a961bd1c000)
	libc.so.6 => /usr/lib/x86_64-linux-gnu/libc.so.6 (0x00007a961b600000)
	libmvec.so.1 => /usr/lib/x86_64-linux-gnu/libmvec.so.1 (0x00007a961b505000)
	libgfortran.so.5 => /usr/lib/x86_64-linux-gnu/libgfortran.so.5 (0x00007a961b000000)
	/lib64/ld-linux-x86-64.so.2 (0x00007a961e403000)
products/products
	linux-vdso.so.1 (0x00007ed609f8c000)
	libopenblas.so.0 => /usr/lib/x86_64-linux-gnu/libopenblas.so.0 (0x00007ed607980000)
	libstdc++.so.6 => /usr/lib/x86_64-linux-gnu/libstdc++.so.6 (0x00007ed607600000)
	libm.so.6 => /usr/lib/x86_64-linux-gnu/libm.so.6 (0x00007ed6074da000)
	libomp.so.5 => /usr/lib/x86_64-linux-gnu/libomp.so.5 (0x00007ed6073a3000)
	libgcc_s.so.1 => /usr/lib/x86_64-linux-gnu/libgcc_s.so.1 (0x00007ed607952000)
	libc.so.6 => /usr/lib/x86_64-linux-gnu/libc.so.6 (0x00007ed607000000)
	libmvec.so.1 => /usr/lib/x86_64-linux-gnu/libmvec.so.1 (0x00007ed6072a8000)
	libgfortran.so.5 => /usr/lib/x86_64-linux-gnu/libgfortran.so.5 (0x00007ed606c00000)
	/lib64/ld-linux-x86-64.so.2 (0x00007ed609f8e000)
squaring/squaring
	linux-vdso.so.1 (0x00007cf8a218a000)
	libopenblas.so.0 => /usr/lib/x86_64-linux-gnu/libopenblas.so.0 (0x00007cf89fbf0000)
	libstdc++.so.6 => /usr/lib/x86_64-linux-gnu/libstdc++.so.6 (0x00007cf89f800000)
	libm.so.6 => /usr/lib/x86_64-linux-gnu/libm.so.6 (0x00007cf89faca000)
	libomp.so.5 => /usr/lib/x86_64-linux-gnu/libomp.so.5 (0x00007cf89f6c9000)
	libgcc_s.so.1 => /usr/lib/x86_64-linux-gnu/libgcc_s.so.1 (0x00007cf89f69b000)
	libc.so.6 => /usr/lib/x86_64-linux-gnu/libc.so.6 (0x00007cf89f400000)
	libmvec.so.1 => /usr/lib/x86_64-linux-gnu/libmvec.so.1 (0x00007cf89f305000)
	libgfortran.so.5 => /usr/lib/x86_64-linux-gnu/libgfortran.so.5 (0x00007cf89ee00000)
	/lib64/ld-linux-x86-64.so.2 (0x00007cf8a218c000)
transforms/transforms
	linux-vdso.so.1 (0x00007105157b8000)
	libopenblas.so.0 => /usr/lib/x86_64-linux-gnu/libopenblas.so.0 (0x0000710513220000)
	libstdc++.so.6 => /usr/lib/x86_64-linux-gnu/libstdc++.so.6 (0x0000710512e00000)
	libm.so.6 => /usr/lib/x86_64-linux-gnu/libm.so.6 (0x00007105130fa000)
	libomp.so.5 => /usr/lib/x86_64-linux-gnu/libomp.so.5 (0x0000710512cc9000)
	libgcc_s.so.1 => /usr/lib/x86_64-linux-gnu/libgcc_s.so.1 (0x00007105130cc000)
	libc.so.6 => /usr/lib/x86_64-linux-gnu/libc.so.6 (0x0000710512a00000)
	libmvec.so.1 => /usr/lib/x86_64-linux-gnu/libmvec.so.1 (0x0000710512905000)
	libgfortran.so.5 => /usr/lib/x86_64-linux-gnu/libgfortran.so.5 (0x0000710512400000)
	/lib64/ld-linux-x86-64.so.2 (0x00007105157ba000)
versor/versor
	linux-vdso.so.1 (0x0000738591314000)
	libopenblas.so.0 => /usr/lib/x86_64-linux-gnu/libopenblas.so.0 (0x000073858ed80000)
	libstdc++.so.6 => /usr/lib/x86_64-linux-gnu/libstdc++.so.6 (0x000073858ea00000)
	libm.so.6 => /usr/lib/x86_64-linux-gnu/libm.so.6 (0x000073858e8da000)
	libomp.so.5 => /usr/lib/x86_64-linux-gnu/libomp.so.5 (0x000073858e7a3000)
	libgcc_s.so.1 => /usr/lib/x86_64-linux-gnu/libgcc_s.so.1 (0x000073858ed52000)
	libc.so.6 => /usr/lib/x86_64-linux-gnu/libc.so.6 (0x000073858e400000)
	libmvec.so.1 => /usr/lib/x86_64-linux-gnu/libmvec.so.1 (0x000073858e6a8000)
	libgfortran.so.5 => /usr/lib/x86_64-linux-gnu/libgfortran.so.5 (0x000073858e000000)
	/lib64/ld-linux-x86-64.so.2 (0x0000738591316000)
