
framed_multi<float,-4,4>
Clifford algebra products test:
Fill: 0.5
Cl( 1, 0) in Cl( 1, 0) CPU =        0.001 ms (setup)        0.001 (*)        0.001 (^)        0.001 (&)        0.001 (%) 
Cl( 1, 1) in Cl( 1, 1) CPU =        0.001 ms (setup)        0.001 (*)        0.001 (^)        0.001 (&)        0.001 (%) 
Cl( 2, 1) in Cl( 2, 1) CPU =        0.001 ms (setup)        0.002 (*)        0.001 (^)        0.001 (&)        0.001 (%) 
Cl( 2, 2) in Cl( 2, 2) CPU =        0.001 ms (setup)        0.002 (*)        0.001 (^)        0.001 (&)        0.001 (%) 
Cl( 3, 2) in Cl( 3, 2) CPU =        0.002 ms (setup)        0.003 (*)        0.001 (^)        0.002 (&)        0.002 (%) 
Cl( 3, 3) in Cl( 3, 3) CPU =        0.003 ms (setup)        0.009 (*)        0.003 (^)        0.004 (&)        0.003 (%) 
Cl( 4, 3) in Cl( 4, 3) CPU =        0.006 ms (setup)        0.021 (*)        0.008 (^)        0.009 (&)        0.007 (%) 
Cl( 4, 4) in Cl( 4, 4) CPU =        0.011 ms (setup)        0.302 (*)        0.036 (^)        0.038 (&)        0.031 (%) 
Cl( 1, 0) in Cl( 4, 4) CPU =        0.001 ms (setup)        0.001 (*)        0.001 (^)        0.001 (&)        0.001 (%) 
Cl( 1, 1) in Cl( 4, 4) CPU =        0.001 ms (setup)        0.000 (*)        0.001 (^)        0.001 (&)        0.001 (%) 
Cl( 2, 1) in Cl( 4, 4) CPU =        0.001 ms (setup)        0.001 (*)        0.001 (^)        0.001 (&)        0.001 (%) 
Cl( 2, 2) in Cl( 4, 4) CPU =        0.001 ms (setup)        0.001 (*)        0.001 (^)        0.001 (&)        0.001 (%) 
Cl( 3, 2) in Cl( 4, 4) CPU =        0.002 ms (setup)        0.003 (*)        0.002 (^)        0.002 (&)        0.002 (%) 
Cl( 3, 3) in Cl( 4, 4) CPU =        0.003 ms (setup)        0.007 (*)        0.003 (^)        0.003 (&)        0.003 (%) 
Cl( 4, 3) in Cl( 4, 4) CPU =        0.006 ms (setup)        0.021 (*)        0.007 (^)        0.008 (&)        0.007 (%) 
Cl( 4, 4) in Cl( 4, 4) CPU =        0.011 ms (setup)        0.163 (*)        0.021 (^)        0.021 (&)        0.016 (%) 
Fill: 1
Cl( 1, 0) in Cl( 1, 0) CPU =        0.001 ms (setup)        0.001 (*)        0.001 (^)        0.000 (&)        0.001 (%) 
Cl( 1, 1) in Cl( 1, 1) CPU =        0.000 ms (setup)        0.001 (*)        0.001 (^)        0.001 (&)        0.001 (%) 
Cl( 2, 1) in Cl( 2, 1) CPU =        0.001 ms (setup)        0.001 (*)        0.001 (^)        0.001 (&)        0.001 (%) 
Cl( 2, 2) in Cl( 2, 2) CPU =        0.002 ms (setup)        0.002 (*)        0.001 (^)        0.001 (&)        0.001 (%) 
Cl( 3, 2) in Cl( 3, 2) CPU =        0.002 ms (setup)        0.005 (*)        0.002 (^)        0.003 (&)        0.002 (%) 
Cl( 3, 3) in Cl( 3, 3) CPU =        0.004 ms (setup)        0.014 (*)        0.005 (^)        0.005 (&)        0.005 (%) 
Cl( 4, 3) in Cl( 4, 3) CPU =        0.007 ms (setup)        0.046 (*)        0.011 (^)        0.015 (&)        0.011 (%) 
Cl( 4, 4) in Cl( 4, 4) CPU =        0.016 ms (setup)        0.207 (*)        0.031 (^)        0.043 (&)        0.028 (%) 
Cl( 1, 0) in Cl( 4, 4) CPU =        0.001 ms (setup)        0.001 (*)        0.001 (^)        0.000 (&)        0.001 (%) 
Cl( 1, 1) in Cl( 4, 4) CPU =        0.001 ms (setup)        0.001 (*)        0.001 (^)        0.001 (&)        0.001 (%) 
Cl( 2, 1) in Cl( 4, 4) CPU =        0.001 ms (setup)        0.001 (*)        0.001 (^)        0.001 (&)        0.001 (%) 
Cl( 2, 2) in Cl( 4, 4) CPU =        0.001 ms (setup)        0.002 (*)        0.001 (^)        0.001 (&)        0.001 (%) 
Cl( 3, 2) in Cl( 4, 4) CPU =        0.002 ms (setup)        0.005 (*)        0.002 (^)        0.003 (&)        0.002 (%) 
Cl( 3, 3) in Cl( 4, 4) CPU =        0.004 ms (setup)        0.015 (*)        0.005 (^)        0.006 (&)        0.005 (%) 
Cl( 4, 3) in Cl( 4, 4) CPU =        0.008 ms (setup)        0.046 (*)        0.011 (^)        0.015 (&)        0.011 (%) 
Cl( 4, 4) in Cl( 4, 4) CPU =        0.017 ms (setup)        0.211 (*)        0.029 (^)        0.040 (&)        0.028 (%) 

matrix_multi<float,-4,4>
Clifford algebra products test:
Fill: 0.5
Cl( 1, 0) in Cl( 1, 0) CPU =        0.006 ms (setup)        0.001 (*)        0.003 (^)        0.002 (&)        0.003 (%) 
Cl( 1, 1) in Cl( 1, 1) CPU =        0.002 ms (setup)        0.001 (*)        0.001 (^)        0.001 (&)        0.001 (%) 
Cl( 2, 1) in Cl( 2, 1) CPU =        0.002 ms (setup)        0.000 (*)        0.005 (^)        0.006 (&)        0.006 (%) 
Cl( 2, 2) in Cl( 2, 2) CPU =        0.005 ms (setup)        0.001 (*)        0.018 (^)        0.015 (&)        0.019 (%) 
Cl( 3, 2) in Cl( 3, 2) CPU =        0.010 ms (setup)        0.001 (*)        0.030 (^)        0.036 (&)        0.038 (%) 
Cl( 3, 3) in Cl( 3, 3) CPU =        0.009 ms (setup)        0.001 (*)        0.070 (^)        0.081 (&)        0.086 (%) 
Cl( 4, 3) in Cl( 4, 3) CPU =        0.025 ms (setup)        0.001 (*)        0.370 (^)        0.370 (&)        0.369 (%) 
Cl( 4, 4) in Cl( 4, 4) CPU =        0.051 ms (setup)        0.001 (*)        0.688 (^)        0.670 (&)        0.702 (%) 
Cl( 1, 0) in Cl( 4, 4) CPU =        0.002 ms (setup)        0.001 (*)        0.010 (^)        0.007 (&)        0.009 (%) 
Cl( 1, 1) in Cl( 4, 4) CPU =        0.005 ms (setup)        0.001 (*)        0.024 (^)        0.015 (&)        0.021 (%) 
Cl( 2, 1) in Cl( 4, 4) CPU =        0.005 ms (setup)        0.001 (*)        0.018 (^)        0.015 (&)        0.018 (%) 
Cl( 2, 2) in Cl( 4, 4) CPU =        0.007 ms (setup)        0.001 (*)        0.043 (^)        0.030 (&)        0.034 (%) 
Cl( 3, 2) in Cl( 4, 4) CPU =        0.020 ms (setup)        0.001 (*)        0.064 (^)        0.050 (&)        0.054 (%) 
Cl( 3, 3) in Cl( 4, 4) CPU =        0.035 ms (setup)        0.001 (*)        0.140 (^)        0.103 (&)        0.114 (%) 
Cl( 4, 3) in Cl( 4, 4) CPU =        0.089 ms (setup)        0.001 (*)        0.421 (^)        0.406 (&)        0.403 (%) 
Cl( 4, 4) in Cl( 4, 4) CPU =        0.049 ms (setup)        0.001 (*)        0.652 (^)        0.681 (&)        0.686 (%) 
Fill: 1
Cl( 1, 0) in Cl( 1, 0) CPU =        0.001 ms (setup)        0.001 (*)        0.003 (^)        0.002 (&)        0.003 (%) 
Cl( 1, 1) in Cl( 1, 1) CPU =        0.001 ms (setup)        0.000 (*)        0.006 (^)        0.003 (&)        0.004 (%) 
Cl( 2, 1) in Cl( 2, 1) CPU =        0.001 ms (setup)        0.001 (*)        0.012 (^)        0.011 (&)        0.013 (%) 
Cl( 2, 2) in Cl( 2, 2) CPU =        0.003 ms (setup)        0.001 (*)        0.019 (^)        0.017 (&)        0.019 (%) 
Cl( 3, 2) in Cl( 3, 2) CPU =        0.007 ms (setup)        0.001 (*)        0.060 (^)        0.061 (&)        0.062 (%) 
Cl( 3, 3) in Cl( 3, 3) CPU =        0.013 ms (setup)        0.001 (*)        0.110 (^)        0.102 (&)        0.110 (%) 
Cl( 4, 3) in Cl( 4, 3) CPU =        0.034 ms (setup)        0.001 (*)        0.492 (^)        0.495 (&)        1.364 (%) 
Cl( 4, 4) in Cl( 4, 4) CPU =        0.072 ms (setup)        0.001 (*)        0.787 (^)        0.776 (&)        0.795 (%) 
Cl( 1, 0) in Cl( 4, 4) CPU =        0.002 ms (setup)        0.001 (*)        0.022 (^)        0.014 (&)        0.017 (%) 
Cl( 1, 1) in Cl( 4, 4) CPU =        0.002 ms (setup)        0.001 (*)        0.025 (^)        0.015 (&)        0.022 (%) 
Cl( 2, 1) in Cl( 4, 4) CPU =        0.004 ms (setup)        0.001 (*)        0.039 (^)        0.026 (&)        0.030 (%) 
Cl( 2, 2) in Cl( 4, 4) CPU =        0.011 ms (setup)        0.001 (*)        0.054 (^)        0.035 (&)        0.043 (%) 
Cl( 3, 2) in Cl( 4, 4) CPU =        0.025 ms (setup)        0.001 (*)        0.111 (^)        0.079 (&)        0.084 (%) 
Cl( 3, 3) in Cl( 4, 4) CPU =        0.043 ms (setup)        0.001 (*)        0.179 (^)        0.151 (&)        0.158 (%) 
Cl( 4, 3) in Cl( 4, 4) CPU =        0.122 ms (setup)        0.001 (*)        0.550 (^)        0.495 (&)        0.508 (%) 
Cl( 4, 4) in Cl( 4, 4) CPU =        0.069 ms (setup)        0.001 (*)        0.775 (^)        0.776 (&)        0.792 (%) 

framed_multi<double>
Clifford algebra products test:
Fill: 0.5
Cl( 1, 0) in Cl( 1, 0) CPU =        0.001 ms (setup)        0.001 (*)        0.001 (^)        0.001 (&)        0.001 (%) 
Cl( 1, 1) in Cl( 1, 1) CPU =        0.001 ms (setup)        0.001 (*)        0.001 (^)        0.001 (&)        0.001 (%) 
Cl( 2, 1) in Cl( 2, 1) CPU =        0.001 ms (setup)        0.002 (*)        0.001 (^)        0.001 (&)        0.001 (%) 
Cl( 2, 2) in Cl( 2, 2) CPU =        0.001 ms (setup)        0.002 (*)        0.002 (^)        0.002 (&)        0.002 (%) 
Cl( 3, 2) in Cl( 3, 2) CPU =        0.002 ms (setup)        0.004 (*)        0.002 (^)        0.002 (&)        0.002 (%) 
Cl( 3, 3) in Cl( 3, 3) CPU =        0.003 ms (setup)        0.009 (*)        0.004 (^)        0.004 (&)        0.004 (%) 
Cl( 4, 3) in Cl( 4, 3) CPU =        0.007 ms (setup)        0.027 (*)        0.011 (^)        0.009 (&)        0.009 (%) 
Cl( 4, 4) in Cl( 4, 4) CPU =        0.013 ms (setup)        0.166 (*)        0.026 (^)        0.027 (&)        0.020 (%) 
Cl( 5, 4) in Cl( 5, 4) CPU =        0.026 ms (setup)        0.609 (*)        0.110 (^)        0.094 (&)        0.064 (%) 
Cl( 5, 5) in Cl( 5, 5) CPU =        0.056 ms (setup)        0.846 (*)        0.403 (^)        0.289 (&)        0.178 (%) 
Cl( 6, 5) in Cl( 6, 5) CPU =        0.111 ms (setup)       15.783 (*)        6.115 (^)        5.332 (&)        2.688 (%) 
Cl( 6, 6) in Cl( 6, 6) CPU =        1.147 ms (setup)       21.314 (*)       16.916 (^)       13.753 (&)        7.615 (%) 
Cl( 7, 6) in Cl( 7, 6) CPU =        2.345 ms (setup)      135.078 (*)       88.925 (^)       73.817 (&)       40.361 (%) 
Cl( 7, 7) in Cl( 7, 7) CPU =        8.316 ms (setup)      178.978 (*)      258.439 (^)      216.895 (&)       13.138 (%) 
Cl( 8, 7) in Cl( 8, 7) CPU =        1.913 ms (setup)      670.806 (*)      256.365 (^)       71.174 (&)       36.581 (%) 
Cl( 8, 8) in Cl( 8, 8) CPU =        3.852 ms (setup)      909.755 (*)      251.915 (^)      215.518 (&)      108.158 (%) 
Cl( 1, 0) in Cl( 8, 8) CPU =        0.001 ms (setup)        0.001 (*)        0.001 (^)        0.001 (&)        0.001 (%) 
Cl( 1, 1) in Cl( 8, 8) CPU =        0.001 ms (setup)        0.001 (*)        0.001 (^)        0.001 (&)        0.001 (%) 
Cl( 2, 1) in Cl( 8, 8) CPU =        0.001 ms (setup)        0.001 (*)        0.001 (^)        0.001 (&)        0.000 (%) 
Cl( 2, 2) in Cl( 8, 8) CPU =        0.001 ms (setup)        0.002 (*)        0.001 (^)        0.001 (&)        0.001 (%) 
Cl( 3, 2) in Cl( 8, 8) CPU =        0.002 ms (setup)        0.003 (*)        0.002 (^)        0.002 (&)        0.002 (%) 
Cl( 3, 3) in Cl( 8, 8) CPU =        0.003 ms (setup)        0.009 (*)        0.004 (^)        0.004 (&)        0.004 (%) 
Cl( 4, 3) in Cl( 8, 8) CPU =        0.007 ms (setup)        0.020 (*)        0.009 (^)        0.007 (&)        0.007 (%) 
Cl( 4, 4) in Cl( 8, 8) CPU =        0.013 ms (setup)        0.161 (*)        0.028 (^)        0.029 (&)        0.024 (%) 
Cl( 5, 4) in Cl( 8, 8) CPU =        0.026 ms (setup)        0.600 (*)        0.119 (^)        0.088 (&)        0.064 (%) 
Cl( 5, 5) in Cl( 8, 8) CPU =        0.057 ms (setup)        0.826 (*)        0.382 (^)        0.285 (&)        0.167 (%) 
Cl( 6, 5) in Cl( 8, 8) CPU =        0.106 ms (setup)       15.640 (*)        5.920 (^)        4.633 (&)        2.610 (%) 
Cl( 6, 6) in Cl( 8, 8) CPU =        1.149 ms (setup)       20.963 (*)       17.218 (^)       13.441 (&)        7.499 (%) 
Cl( 7, 6) in Cl( 8, 8) CPU =        2.271 ms (setup)      130.162 (*)       86.389 (^)       71.463 (&)       37.877 (%) 
Cl( 7, 7) in Cl( 8, 8) CPU =        8.062 ms (setup)      176.435 (*)      257.002 (^)      214.981 (&)       12.243 (%) 
Cl( 8, 7) in Cl( 8, 8) CPU =        1.840 ms (setup)      666.304 (*)      257.957 (^)       71.650 (&)       36.564 (%) 
Cl( 8, 8) in Cl( 8, 8) CPU =        3.703 ms (setup)      902.476 (*)      252.569 (^)      217.058 (&)      108.856 (%) 
Fill: 1
Cl( 1, 0) in Cl( 1, 0) CPU =        0.001 ms (setup)        0.001 (*)        0.001 (^)        0.001 (&)        0.001 (%) 
Cl( 1, 1) in Cl( 1, 1) CPU =        0.001 ms (setup)        0.001 (*)        0.001 (^)        0.001 (&)        0.001 (%) 
Cl( 2, 1) in Cl( 2, 1) CPU =        0.001 ms (setup)        0.002 (*)        0.001 (^)        0.001 (&)        0.001 (%) 
Cl( 2, 2) in Cl( 2, 2) CPU =        0.001 ms (setup)        0.003 (*)        0.002 (^)        0.002 (&)        0.002 (%) 
Cl( 3, 2) in Cl( 3, 2) CPU =        0.003 ms (setup)        0.006 (*)        0.003 (^)        0.003 (&)        0.003 (%) 
Cl( 3, 3) in Cl( 3, 3) CPU =        0.005 ms (setup)        0.018 (*)        0.005 (^)        0.007 (&)        0.005 (%) 
Cl( 4, 3) in Cl( 4, 3) CPU =        0.010 ms (setup)        0.058 (*)        0.014 (^)        0.018 (&)        0.013 (%) 
Cl( 4, 4) in Cl( 4, 4) CPU =        0.020 ms (setup)        0.209 (*)        0.036 (^)        0.046 (&)        0.034 (%) 
Cl( 5, 4) in Cl( 5, 4) CPU =        0.041 ms (setup)        0.712 (*)        0.095 (^)        0.127 (&)        0.087 (%) 
Cl( 5, 5) in Cl( 5, 5) CPU =        0.088 ms (setup)        1.054 (*)        0.286 (^)        0.353 (&)        0.244 (%) 
Cl( 6, 5) in Cl( 6, 5) CPU =        0.175 ms (setup)       18.887 (*)        3.904 (^)        5.072 (&)        3.397 (%) 
Cl( 6, 6) in Cl( 6, 6) CPU =        1.899 ms (setup)       28.320 (*)       10.431 (^)       14.438 (&)        8.880 (%) 
Cl( 7, 6) in Cl( 7, 6) CPU =        3.917 ms (setup)      166.936 (*)       50.134 (^)       71.523 (&)       41.635 (%) 
Cl( 7, 7) in Cl( 7, 7) CPU =       13.774 ms (setup)      240.660 (*)      139.713 (^)      207.495 (&)      116.513 (%) 
Cl( 8, 7) in Cl( 8, 7) CPU =       28.605 ms (setup)      865.002 (*)      379.586 (^)       68.781 (&)       36.705 (%) 
Cl( 8, 8) in Cl( 8, 8) CPU =        6.698 ms (setup)     1277.705 (*)      129.142 (^)      201.992 (&)      105.740 (%) 
Cl( 1, 0) in Cl( 8, 8) CPU =        0.001 ms (setup)        0.001 (*)        0.001 (^)        0.001 (&)        0.001 (%) 
Cl( 1, 1) in Cl( 8, 8) CPU =        0.001 ms (setup)        0.001 (*)        0.001 (^)        0.001 (&)        0.001 (%) 
Cl( 2, 1) in Cl( 8, 8) CPU =        0.001 ms (setup)        0.002 (*)        0.001 (^)        0.001 (&)        0.001 (%) 
Cl( 2, 2) in Cl( 8, 8) CPU =        0.001 ms (setup)        0.003 (*)        0.002 (^)        0.002 (&)        0.001 (%) 
Cl( 3, 2) in Cl( 8, 8) CPU =        0.003 ms (setup)        0.006 (*)        0.003 (^)        0.003 (&)        0.003 (%) 
Cl( 3, 3) in Cl( 8, 8) CPU =        0.005 ms (setup)        0.018 (*)        0.005 (^)        0.007 (&)        0.005 (%) 
Cl( 4, 3) in Cl( 8, 8) CPU =        0.010 ms (setup)        0.059 (*)        0.013 (^)        0.015 (&)        0.013 (%) 
Cl( 4, 4) in Cl( 8, 8) CPU =        0.019 ms (setup)        0.204 (*)        0.036 (^)        0.045 (&)        0.032 (%) 
Cl( 5, 4) in Cl( 8, 8) CPU =        0.040 ms (setup)        0.749 (*)        0.098 (^)        0.124 (&)        0.085 (%) 
Cl( 5, 5) in Cl( 8, 8) CPU =        0.087 ms (setup)        1.084 (*)        0.284 (^)        0.364 (&)        0.248 (%) 
Cl( 6, 5) in Cl( 8, 8) CPU =        0.178 ms (setup)       19.140 (*)        3.901 (^)        5.099 (&)        3.385 (%) 
Cl( 6, 6) in Cl( 8, 8) CPU =        1.883 ms (setup)       28.800 (*)       10.442 (^)       14.518 (&)        8.893 (%) 
Cl( 7, 6) in Cl( 8, 8) CPU =        3.950 ms (setup)      161.808 (*)       49.876 (^)       70.913 (&)       41.486 (%) 
Cl( 7, 7) in Cl( 8, 8) CPU =       13.671 ms (setup)      241.416 (*)      139.559 (^)      206.995 (&)      116.784 (%) 
Cl( 8, 7) in Cl( 8, 8) CPU =       30.398 ms (setup)      862.913 (*)      374.949 (^)       69.686 (&)       37.076 (%) 
Cl( 8, 8) in Cl( 8, 8) CPU =        6.822 ms (setup)     1292.979 (*)      132.157 (^)      203.938 (&)      108.319 (%) 

matrix_multi<double>
Clifford algebra products test:
Fill: 0.5
Cl( 1, 0) in Cl( 1, 0) CPU =        0.004 ms (setup)        0.001 (*)        0.003 (^)        0.002 (&)        0.003 (%) 
Cl( 1, 1) in Cl( 1, 1) CPU =        0.002 ms (setup)        0.001 (*)        0.002 (^)        0.003 (&)        0.002 (%) 
Cl( 2, 1) in Cl( 2, 1) CPU =        0.003 ms (setup)        0.001 (*)        0.013 (^)        0.009 (&)        0.011 (%) 
Cl( 2, 2) in Cl( 2, 2) CPU =        0.005 ms (setup)        0.000 (*)        0.009 (^)        0.011 (&)        0.013 (%) 
Cl( 3, 2) in Cl( 3, 2) CPU =        0.012 ms (setup)        0.001 (*)        0.039 (^)        0.049 (&)        0.050 (%) 
Cl( 3, 3) in Cl( 3, 3) CPU =        0.011 ms (setup)        0.001 (*)        0.070 (^)        0.083 (&)        0.088 (%) 
Cl( 4, 3) in Cl( 4, 3) CPU =        0.028 ms (setup)        0.001 (*)        0.395 (^)        0.423 (&)        0.417 (%) 
Cl( 4, 4) in Cl( 4, 4) CPU =        0.053 ms (setup)        0.001 (*)        0.635 (^)        0.650 (&)        0.666 (%) 
Cl( 5, 4) in Cl( 5, 4) CPU =        0.124 ms (setup)        0.003 (*)        2.537 (^)        2.740 (&)        2.688 (%) 
Cl( 5, 5) in Cl( 5, 5) CPU =        0.249 ms (setup)        0.003 (*)        3.945 (^)        4.031 (&)        4.072 (%) 
Cl( 6, 5) in Cl( 6, 5) CPU =        0.579 ms (setup)        0.013 (*)       74.941 (^)       79.069 (&)       78.324 (%) 
Cl( 6, 6) in Cl( 6, 6) CPU =        5.927 ms (setup)        0.011 (*)      112.507 (^)      114.192 (&)      113.419 (%) 
Cl( 7, 6) in Cl( 7, 6) CPU =       14.182 ms (setup)        0.451 (*)      757.523 (^)      783.610 (&)      755.522 (%) 
Cl( 7, 7) in Cl( 7, 7) CPU =       48.337 ms (setup)        0.378 (*)     1016.228 (^)     1058.126 (&)     1037.119 (%) 
Cl( 8, 7) in Cl( 8, 7) CPU =      129.071 ms (setup)        2.075 (*)     2058.360 (^)     2157.360 (&)     2039.125 (%) 
Cl( 8, 8) in Cl( 8, 8) CPU =       27.967 ms (setup)        2.333 (*)     2242.180 (^)     2359.910 (&)     2215.359 (%) 
Cl( 1, 0) in Cl( 8, 8) CPU =        0.015 ms (setup)        2.316 (*)       48.055 (^)       47.809 (&)       47.709 (%) 
Cl( 1, 1) in Cl( 8, 8) CPU =        0.872 ms (setup)        2.155 (*)       58.418 (^)       58.983 (&)       57.496 (%) 
Cl( 2, 1) in Cl( 8, 8) CPU =        0.817 ms (setup)        1.989 (*)       65.206 (^)       55.727 (&)       62.358 (%) 
Cl( 2, 2) in Cl( 8, 8) CPU =        1.132 ms (setup)        2.056 (*)       78.130 (^)       64.276 (&)       69.252 (%) 
Cl( 3, 2) in Cl( 8, 8) CPU =        9.260 ms (setup)        1.588 (*)       93.132 (^)       73.885 (&)       77.421 (%) 
Cl( 3, 3) in Cl( 8, 8) CPU =        3.766 ms (setup)        1.578 (*)      134.274 (^)      110.391 (&)      109.350 (%) 
Cl( 4, 3) in Cl( 8, 8) CPU =        4.301 ms (setup)        1.668 (*)      176.392 (^)      179.585 (&)      155.686 (%) 
Cl( 4, 4) in Cl( 8, 8) CPU =        5.373 ms (setup)        1.601 (*)      237.490 (^)      202.787 (&)      219.303 (%) 
Cl( 5, 4) in Cl( 8, 8) CPU =        7.907 ms (setup)        1.709 (*)      338.894 (^)      259.708 (&)      253.641 (%) 
Cl( 5, 5) in Cl( 8, 8) CPU =       12.429 ms (setup)        1.641 (*)      402.651 (^)      360.601 (&)      314.541 (%) 
Cl( 6, 5) in Cl( 8, 8) CPU =       24.509 ms (setup)        1.627 (*)      579.062 (^)      479.843 (&)      442.875 (%) 
Cl( 6, 6) in Cl( 8, 8) CPU =       44.684 ms (setup)        1.641 (*)      699.111 (^)      632.933 (&)      570.835 (%) 
Cl( 7, 6) in Cl( 8, 8) CPU =      103.462 ms (setup)        2.042 (*)     1308.413 (^)     1220.964 (&)     1107.648 (%) 
Cl( 7, 7) in Cl( 8, 8) CPU =      206.591 ms (setup)        1.707 (*)     1629.067 (^)     1583.414 (&)     1491.986 (%) 
Cl( 8, 7) in Cl( 8, 8) CPU =      141.840 ms (setup)        1.694 (*)     2060.389 (^)     2124.983 (&)     2005.336 (%) 
Cl( 8, 8) in Cl( 8, 8) CPU =       27.188 ms (setup)        1.915 (*)     2189.894 (^)     2358.180 (&)     2192.533 (%) 
Fill: 1
Cl( 1, 0) in Cl( 1, 0) CPU =        0.001 ms (setup)        0.001 (*)        0.003 (^)        0.003 (&)        0.003 (%) 
Cl( 1, 1) in Cl( 1, 1) CPU =        0.002 ms (setup)        0.001 (*)        0.005 (^)        0.003 (&)        0.005 (%) 
Cl( 2, 1) in Cl( 2, 1) CPU =        0.002 ms (setup)        0.001 (*)        0.013 (^)        0.011 (&)        0.013 (%) 
Cl( 2, 2) in Cl( 2, 2) CPU =        0.003 ms (setup)        0.000 (*)        0.021 (^)        0.018 (&)        0.021 (%) 
Cl( 3, 2) in Cl( 3, 2) CPU =        0.007 ms (setup)        0.001 (*)        0.062 (^)        0.062 (&)        0.066 (%) 
Cl( 3, 3) in Cl( 3, 3) CPU =        0.013 ms (setup)        0.001 (*)        0.112 (^)        0.104 (&)        0.115 (%) 
Cl( 4, 3) in Cl( 4, 3) CPU =        0.038 ms (setup)        0.001 (*)        0.501 (^)        0.506 (&)        0.502 (%) 
Cl( 4, 4) in Cl( 4, 4) CPU =        0.075 ms (setup)        0.001 (*)        0.795 (^)        0.786 (&)        0.789 (%) 
Cl( 5, 4) in Cl( 5, 4) CPU =        0.189 ms (setup)        0.003 (*)        2.998 (^)        3.038 (&)        3.014 (%) 
Cl( 5, 5) in Cl( 5, 5) CPU =        0.365 ms (setup)        0.003 (*)        4.468 (^)        4.498 (&)        4.492 (%) 
Cl( 6, 5) in Cl( 6, 5) CPU =        0.939 ms (setup)        0.013 (*)       84.919 (^)       86.870 (&)       85.677 (%) 
Cl( 6, 6) in Cl( 6, 6) CPU =        9.685 ms (setup)        0.012 (*)      124.493 (^)      124.266 (&)      121.996 (%) 
Cl( 7, 6) in Cl( 7, 6) CPU =       23.016 ms (setup)        0.474 (*)      800.990 (^)      822.341 (&)      808.778 (%) 
Cl( 7, 7) in Cl( 7, 7) CPU =       80.529 ms (setup)        0.392 (*)     1108.150 (^)     1131.995 (&)     1112.495 (%) 
Cl( 8, 7) in Cl( 8, 7) CPU =      214.282 ms (setup)        1.494 (*)     2225.635 (^)     2182.566 (&)     2060.040 (%) 
Cl( 8, 8) in Cl( 8, 8) CPU =       48.134 ms (setup)        2.362 (*)     2289.995 (^)     2391.126 (&)     2253.594 (%) 
Cl( 1, 0) in Cl( 8, 8) CPU =        0.017 ms (setup)        2.443 (*)       57.489 (^)       48.595 (&)       57.151 (%) 
Cl( 1, 1) in Cl( 8, 8) CPU =        0.709 ms (setup)        1.919 (*)       64.873 (^)       55.611 (&)       61.479 (%) 
Cl( 2, 1) in Cl( 8, 8) CPU =        0.902 ms (setup)        1.637 (*)       76.163 (^)       65.523 (&)       68.218 (%) 
Cl( 2, 2) in Cl( 8, 8) CPU =        3.438 ms (setup)        1.600 (*)       90.363 (^)       72.650 (&)       76.257 (%) 
Cl( 3, 2) in Cl( 8, 8) CPU =        3.585 ms (setup)        1.586 (*)      108.636 (^)       88.203 (&)       88.032 (%) 
Cl( 3, 3) in Cl( 8, 8) CPU =        3.808 ms (setup)        1.578 (*)      156.657 (^)      130.452 (&)      125.282 (%) 
Cl( 4, 3) in Cl( 8, 8) CPU =        4.715 ms (setup)        1.691 (*)      236.756 (^)      196.757 (&)      184.500 (%) 
Cl( 4, 4) in Cl( 8, 8) CPU =        5.919 ms (setup)        1.618 (*)      276.827 (^)      235.726 (&)      216.556 (%) 
Cl( 5, 4) in Cl( 8, 8) CPU =        9.692 ms (setup)        1.631 (*)      355.423 (^)      304.682 (&)      272.060 (%) 
Cl( 5, 5) in Cl( 8, 8) CPU =       15.371 ms (setup)        1.607 (*)      416.529 (^)      362.245 (&)      322.113 (%) 
Cl( 6, 5) in Cl( 8, 8) CPU =       38.974 ms (setup)        1.629 (*)      621.107 (^)      528.826 (&)      473.684 (%) 
Cl( 6, 6) in Cl( 8, 8) CPU =       59.390 ms (setup)        1.757 (*)      717.865 (^)      655.331 (&)      592.707 (%) 
Cl( 7, 6) in Cl( 8, 8) CPU =      154.352 ms (setup)        1.528 (*)     1438.887 (^)     1277.788 (&)     1193.760 (%) 
Cl( 7, 7) in Cl( 8, 8) CPU =      264.927 ms (setup)        1.510 (*)     1757.327 (^)     1696.567 (&)     1597.954 (%) 
Cl( 8, 7) in Cl( 8, 8) CPU =       73.730 ms (setup)        1.732 (*)     2129.743 (^)     2190.437 (&)     2067.278 (%) 
Cl( 8, 8) in Cl( 8, 8) CPU =       48.952 ms (setup)        2.434 (*)     2283.914 (^)     2406.579 (&)     2259.307 (%) 
