
framed_multi<double>
Clifford algebra squaring test:
Fill: 0.5
Cl( 1, 0) in Cl( 1, 0) CPU =        0.023 ms (setup)        0.010 (*) 
Cl( 1, 1) in Cl( 1, 1) CPU =        0.001 ms (setup)        0.001 (*) 
Cl( 2, 1) in Cl( 2, 1) CPU =        0.002 ms (setup)        0.003 (*) 
Cl( 2, 2) in Cl( 2, 2) CPU =        0.002 ms (setup)        0.003 (*) 
Cl( 3, 2) in Cl( 3, 2) CPU =        0.002 ms (setup)        0.005 (*) 
Cl( 3, 3) in Cl( 3, 3) CPU =        0.007 ms (setup)        0.019 (*) 
Cl( 4, 3) in Cl( 4, 3) CPU =        0.008 ms (setup)        0.038 (*) 
Cl( 4, 4) in Cl( 4, 4) CPU =        0.013 ms (setup)        2.719 (*) 
Cl( 5, 4) in Cl( 5, 4) CPU =        0.051 ms (setup)        0.974 (*) 
Cl( 5, 5) in Cl( 5, 5) CPU =        0.054 ms (setup)        0.857 (*) 
Cl( 6, 5) in Cl( 6, 5) CPU =        0.105 ms (setup)       12.681 (*) 
Cl( 6, 6) in Cl( 6, 6) CPU =        1.076 ms (setup)       20.909 (*) 
Cl( 7, 6) in Cl( 7, 6) CPU =        2.243 ms (setup)      119.466 (*) 
Cl( 7, 7) in Cl( 7, 7) CPU =        8.023 ms (setup)      182.011 (*) 
Cl( 8, 7) in Cl( 8, 7) CPU =       16.561 ms (setup)      682.446 (*) 
Cl( 8, 8) in Cl( 8, 8) CPU =       32.842 ms (setup)      882.252 (*) 
Cl( 9, 8) in Cl( 9, 8) CPU =       77.573 ms (setup)     2745.085 (*) 
Cl( 9, 9) in Cl( 9, 9) CPU =       15.950 ms (setup)     1943.943 (*) 
Cl(10, 9) in Cl(10, 9) CPU =       37.921 ms (setup)     3567.212 (*) 
Cl(10,10) in Cl(10,10) CPU =       74.423 ms (setup)     4329.971 (*) 
Cl(11,10) in Cl(11,10) CPU =      173.360 ms (setup)    13788.964 (*) 
Cl(11,11) in Cl(11,11) CPU =      352.191 ms (setup)    19054.970 (*) 
Fill: 1
Cl( 1, 0) in Cl( 1, 0) CPU =        0.005 ms (setup)        0.005 (*) 
Cl( 1, 1) in Cl( 1, 1) CPU =        0.001 ms (setup)        0.003 (*) 
Cl( 2, 1) in Cl( 2, 1) CPU =        0.002 ms (setup)        0.004 (*) 
Cl( 2, 2) in Cl( 2, 2) CPU =        0.002 ms (setup)        0.005 (*) 
Cl( 3, 2) in Cl( 3, 2) CPU =        0.004 ms (setup)        0.009 (*) 
Cl( 3, 3) in Cl( 3, 3) CPU =        0.008 ms (setup)        0.023 (*) 
Cl( 4, 3) in Cl( 4, 3) CPU =        0.010 ms (setup)        0.065 (*) 
Cl( 4, 4) in Cl( 4, 4) CPU =        0.021 ms (setup)       22.263 (*) 
Cl( 5, 4) in Cl( 5, 4) CPU =        0.049 ms (setup)        0.756 (*) 
Cl( 5, 5) in Cl( 5, 5) CPU =        0.084 ms (setup)        1.065 (*) 
Cl( 6, 5) in Cl( 6, 5) CPU =        0.196 ms (setup)       11.919 (*) 
Cl( 6, 6) in Cl( 6, 6) CPU =        1.865 ms (setup)       28.111 (*) 
Cl( 7, 6) in Cl( 7, 6) CPU =        3.784 ms (setup)      128.514 (*) 
Cl( 7, 7) in Cl( 7, 7) CPU =       13.476 ms (setup)      236.897 (*) 
Cl( 8, 7) in Cl( 8, 7) CPU =       28.024 ms (setup)      796.591 (*) 
Cl( 8, 8) in Cl( 8, 8) CPU =       56.955 ms (setup)     1234.486 (*) 
Cl( 9, 8) in Cl( 9, 8) CPU =      116.084 ms (setup)     2821.499 (*) 
Cl( 9, 9) in Cl( 9, 9) CPU =       30.532 ms (setup)     2190.724 (*) 
Cl(10, 9) in Cl(10, 9) CPU =       77.086 ms (setup)     4255.364 (*) 
Cl(10,10) in Cl(10,10) CPU =      163.031 ms (setup)     5916.652 (*) 
Cl(11,10) in Cl(11,10) CPU =      330.038 ms (setup)    18439.682 (*) 
Cl(11,11) in Cl(11,11) CPU =      674.547 ms (setup)    29321.961 (*) 

matrix_multi<double>
Clifford algebra squaring test:
Fill: 0.5
Cl( 1, 0) in Cl( 1, 0) CPU =        0.044 ms (setup)        0.002 (*) 
Cl( 1, 1) in Cl( 1, 1) CPU =        0.004 ms (setup)        0.001 (*) 
Cl( 2, 1) in Cl( 2, 1) CPU =        0.011 ms (setup)        0.001 (*) 
Cl( 2, 2) in Cl( 2, 2) CPU =        0.009 ms (setup)        0.001 (*) 
Cl( 3, 2) in Cl( 3, 2) CPU =        0.019 ms (setup)        0.006 (*) 
Cl( 3, 3) in Cl( 3, 3) CPU =        0.018 ms (setup)        0.001 (*) 
Cl( 4, 3) in Cl( 4, 3) CPU =        0.030 ms (setup)        0.002 (*) 
Cl( 4, 4) in Cl( 4, 4) CPU =        0.049 ms (setup)        0.001 (*) 
Cl( 5, 4) in Cl( 5, 4) CPU =        0.122 ms (setup)        0.004 (*) 
Cl( 5, 5) in Cl( 5, 5) CPU =        0.232 ms (setup)        0.003 (*) 
Cl( 6, 5) in Cl( 6, 5) CPU =        0.557 ms (setup)        0.072 (*) 
Cl( 6, 6) in Cl( 6, 6) CPU =        5.860 ms (setup)        0.048 (*) 
Cl( 7, 6) in Cl( 7, 6) CPU =       13.438 ms (setup)        0.256 (*) 
Cl( 7, 7) in Cl( 7, 7) CPU =       45.897 ms (setup)        0.200 (*) 
Cl( 8, 7) in Cl( 8, 7) CPU =      111.237 ms (setup)        0.682 (*) 
Cl( 8, 8) in Cl( 8, 8) CPU =      222.294 ms (setup)        0.783 (*) 
Cl( 9, 8) in Cl( 9, 8) CPU =      598.661 ms (setup)        8.629 (*) 
Cl( 9, 9) in Cl( 9, 9) CPU =     1119.840 ms (setup)        9.266 (*) 
Cl(10, 9) in Cl(10, 9) CPU =     1756.729 ms (setup)       64.640 (*) 
Cl(10,10) in Cl(10,10) CPU =     2085.619 ms (setup)       51.662 (*) 
Cl(11,10) in Cl(11,10) CPU =     3414.142 ms (setup)      426.495 (*) 
Cl(11,11) in Cl(11,11) CPU =     5140.005 ms (setup)      421.382 (*) 
Fill: 1
Cl( 1, 0) in Cl( 1, 0) CPU =        0.121 ms (setup)        0.019 (*) 
Cl( 1, 1) in Cl( 1, 1) CPU =        0.073 ms (setup)        0.010 (*) 
Cl( 2, 1) in Cl( 2, 1) CPU =        0.109 ms (setup)        0.001 (*) 
Cl( 2, 2) in Cl( 2, 2) CPU =        0.094 ms (setup)        0.001 (*) 
Cl( 3, 2) in Cl( 3, 2) CPU =        0.131 ms (setup)        0.028 (*) 
Cl( 3, 3) in Cl( 3, 3) CPU =        0.187 ms (setup)        0.017 (*) 
Cl( 4, 3) in Cl( 4, 3) CPU =        0.536 ms (setup)        0.026 (*) 
Cl( 4, 4) in Cl( 4, 4) CPU =        0.891 ms (setup)        0.002 (*) 
Cl( 5, 4) in Cl( 5, 4) CPU =        2.358 ms (setup)        0.037 (*) 
Cl( 5, 5) in Cl( 5, 5) CPU =        4.513 ms (setup)        0.053 (*) 
Cl( 6, 5) in Cl( 6, 5) CPU =       10.549 ms (setup)        0.151 (*) 
Cl( 6, 6) in Cl( 6, 6) CPU =       18.148 ms (setup)        0.077 (*) 
Cl( 7, 6) in Cl( 7, 6) CPU =       39.396 ms (setup)        0.455 (*) 
Cl( 7, 7) in Cl( 7, 7) CPU =       79.062 ms (setup)        0.208 (*) 
Cl( 8, 7) in Cl( 8, 7) CPU =      191.303 ms (setup)        0.781 (*) 
Cl( 8, 8) in Cl( 8, 8) CPU =      383.922 ms (setup)        1.065 (*) 
Cl( 9, 8) in Cl( 9, 8) CPU =     1012.205 ms (setup)        8.980 (*) 
Cl( 9, 9) in Cl( 9, 9) CPU =     1642.876 ms (setup)        7.345 (*) 
Cl(10, 9) in Cl(10, 9) CPU =     2024.414 ms (setup)       60.977 (*) 
Cl(10,10) in Cl(10,10) CPU =     2686.744 ms (setup)       52.761 (*) 
Cl(11,10) in Cl(11,10) CPU =     5212.871 ms (setup)      420.250 (*) 
Cl(11,11) in Cl(11,11) CPU =     9317.915 ms (setup)      426.989 (*) 
