framed_multi<double,DEFAULT_LO,DEFAULT_HI,tuning_naive_p>
Clifford algebra transform test:
Fill: 0.5
Cl( 1, 0) in Cl(16, 0) CPU = mm:       0.50 (old)       3.63 (new) fm:    1284.50 (old)       0.22 (new)  diff: old: 6.43e-15 new: 0.00e+00 fm: 0.00e+00 mm: 6.43e-15
Cl( 2, 0) in Cl(16, 0) CPU = mm:       0.01 (old)       2.09 (new) fm:      67.73 (old)       0.14 (new)  diff: old: 5.10e-15 new: 3.36e-17 fm: 0.00e+00 mm: 5.10e-15
Cl( 3, 0) in Cl(16, 0) CPU = mm:       0.01 (old)       2.08 (new) fm:      64.29 (old)       0.14 (new)  diff: old: 2.68e-15 new: 0.00e+00 fm: 0.00e+00 mm: 2.68e-15
Cl( 4, 0) in Cl(16, 0) CPU = mm:       0.01 (old)       2.04 (new) fm:      64.21 (old)       0.14 (new)  diff: old: 2.32e-15 new: 1.62e-16 fm: 0.00e+00 mm: 2.32e-15
Cl( 5, 0) in Cl(16, 0) CPU = mm:       0.02 (old)       2.11 (new) fm:      64.43 (old)       0.15 (new)  diff: old: 2.84e-15 new: 2.47e-16 fm: 0.00e+00 mm: 2.83e-15
Cl( 6, 0) in Cl(16, 0) CPU = mm:       0.04 (old)       2.15 (new) fm:      64.20 (old)       0.18 (new)  diff: old: 3.12e-15 new: 1.66e-16 fm: 0.00e+00 mm: 3.14e-15
Cl( 7, 0) in Cl(16, 0) CPU = mm:       0.08 (old)       2.09 (new) fm:      66.75 (old)       0.24 (new)  diff: old: 3.98e-15 new: 1.57e-16 fm: 0.00e+00 mm: 3.98e-15
Cl( 8, 0) in Cl(16, 0) CPU = mm:       0.14 (old)       2.75 (new) fm:      65.33 (old)       0.34 (new)  diff: old: 3.04e-15 new: 1.46e-16 fm: 0.00e+00 mm: 3.04e-15
Cl( 9, 0) in Cl(16, 0) CPU = mm:       0.29 (old)       2.67 (new) fm:      64.75 (old)       0.63 (new)  diff: old: 3.16e-15 new: 2.27e-16 fm: 0.00e+00 mm: 2.95e-15
Cl(10, 0) in Cl(16, 0) CPU = mm:       0.60 (old)       3.02 (new) fm:      66.78 (old)       1.03 (new)  diff: old: 2.71e-15 new: 2.24e-16 fm: 5.51e-17 mm: 2.50e-15
Cl(11, 0) in Cl(16, 0) CPU = mm:       1.21 (old)       3.25 (new) fm:      66.03 (old)       1.97 (new)  diff: old: 2.14e-15 new: 3.40e-16 fm: 9.99e-17 mm: 2.00e-15
Cl(12, 0) in Cl(16, 0) CPU = mm:       2.47 (old)       4.63 (new) fm:      66.91 (old)       3.81 (new)  diff: old: 2.12e-15 new: 7.09e-16 fm: 1.36e-16 mm: 1.99e-15
Cl(13, 0) in Cl(16, 0) CPU = mm:       4.99 (old)       5.96 (new) fm:      67.19 (old)       8.67 (new)  diff: old: 2.24e-15 new: 1.38e-15 fm: 1.77e-16 mm: 1.36e-15
Cl(14, 0) in Cl(16, 0) CPU = mm:      11.53 (old)       9.21 (new) fm:      68.72 (old)      15.58 (new)  diff: old: 1.63e-15 new: 1.00e-15 fm: 2.32e-16 mm: 9.89e-16
Cl(15, 0) in Cl(16, 0) CPU = mm:      25.95 (old)      14.12 (new) fm:      70.70 (old)      26.36 (new)  diff: old: 1.15e-15 new: 7.61e-16 fm: 3.02e-16 mm: 6.99e-16
Cl(16, 0) in Cl(16, 0) CPU = mm:      60.98 (old)      24.55 (new) fm:      79.03 (old)      49.87 (new)  diff: old: 6.44e-16 new: 4.08e-16 fm: 4.06e-16 mm: 6.06e-16
Cl( 1, 0) in Cl( 8, 8) CPU = mm:       0.03 (old)       0.46 (new) fm:    1284.97 (old)       0.21 (new)  diff: old: 1.59e-15 new: 0.00e+00 fm: 0.00e+00 mm: 1.59e-15
Cl( 1, 1) in Cl( 8, 8) CPU = mm:       0.01 (old)       1.29 (new) fm:      66.20 (old)       0.12 (new)  diff: old: 3.96e-15 new: 0.00e+00 fm: 0.00e+00 mm: 3.96e-15
Cl( 2, 1) in Cl( 8, 8) CPU = mm:       0.01 (old)       1.91 (new) fm:      65.52 (old)       0.14 (new)  diff: old: 2.92e-15 new: 4.13e-17 fm: 0.00e+00 mm: 2.89e-15
Cl( 2, 2) in Cl( 8, 8) CPU = mm:       0.02 (old)       1.88 (new) fm:      65.87 (old)       0.14 (new)  diff: old: 8.17e-16 new: 2.79e-17 fm: 5.57e-17 mm: 7.93e-16
Cl( 3, 2) in Cl( 8, 8) CPU = mm:       0.04 (old)       1.91 (new) fm:      65.66 (old)       0.14 (new)  diff: old: 3.90e-15 new: 1.99e-16 fm: 4.67e-17 mm: 4.02e-15
Cl( 3, 3) in Cl( 8, 8) CPU = mm:       0.06 (old)       1.86 (new) fm:      69.67 (old)       0.16 (new)  diff: old: 2.49e-15 new: 1.37e-16 fm: 7.63e-17 mm: 2.46e-15
Cl( 4, 3) in Cl( 8, 8) CPU = mm:       0.10 (old)       2.10 (new) fm:      66.01 (old)       0.18 (new)  diff: old: 2.15e-15 new: 1.48e-16 fm: 7.90e-17 mm: 2.20e-15
Cl( 4, 4) in Cl( 8, 8) CPU = mm:       0.15 (old)       1.66 (new) fm:      66.14 (old)       0.25 (new)  diff: old: 8.64e-16 new: 2.02e-16 fm: 1.36e-16 mm: 8.73e-16
Cl( 5, 4) in Cl( 8, 8) CPU = mm:       0.35 (old)       1.56 (new) fm:      66.33 (old)       0.38 (new)  diff: old: 9.82e-16 new: 2.11e-16 fm: 1.18e-16 mm: 1.01e-15
Cl( 5, 5) in Cl( 8, 8) CPU = mm:       0.64 (old)       2.41 (new) fm:      66.01 (old)       0.75 (new)  diff: old: 7.07e-16 new: 2.83e-16 fm: 1.84e-16 mm: 6.54e-16
Cl( 6, 5) in Cl( 8, 8) CPU = mm:       1.44 (old)       2.19 (new) fm:      70.89 (old)       1.32 (new)  diff: old: 7.59e-16 new: 3.17e-16 fm: 1.78e-16 mm: 6.94e-16
Cl( 6, 6) in Cl( 8, 8) CPU = mm:       2.60 (old)       2.78 (new) fm:      71.09 (old)       2.77 (new)  diff: old: 5.34e-16 new: 3.92e-16 fm: 2.24e-16 mm: 5.27e-16
Cl( 7, 6) in Cl( 8, 8) CPU = mm:       6.86 (old)       4.29 (new) fm:      73.70 (old)       5.88 (new)  diff: old: 5.15e-16 new: 4.20e-16 fm: 2.31e-16 mm: 5.21e-16
Cl( 7, 7) in Cl( 8, 8) CPU = mm:      13.13 (old)       6.73 (new) fm:      73.48 (old)      12.13 (new)  diff: old: 5.40e-16 new: 5.21e-16 fm: 3.03e-16 mm: 5.19e-16
Cl( 8, 7) in Cl( 8, 8) CPU = mm:      29.66 (old)      11.88 (new) fm:      73.69 (old)      24.84 (new)  diff: old: 5.29e-16 new: 5.75e-16 fm: 3.05e-16 mm: 5.11e-16
Cl( 8, 8) in Cl( 8, 8) CPU = mm:      62.58 (old)      21.82 (new) fm:      81.84 (old)      43.70 (new)  diff: old: 6.45e-16 new: 4.09e-16 fm: 4.04e-16 mm: 6.07e-16
Cl( 1, 0) in Cl( 1, 0) CPU = mm:       0.01 (old)       0.00 (new) fm:       0.00 (old)       0.00 (new)  diff: old: 0.00e+00 new: 0.00e+00 fm: 0.00e+00 mm: 0.00e+00
Cl( 1, 1) in Cl( 1, 1) CPU = mm:       0.01 (old)       0.00 (new) fm:       0.01 (old)       0.00 (new)  diff: old: 0.00e+00 new: 0.00e+00 fm: 0.00e+00 mm: 0.00e+00
Cl( 2, 1) in Cl( 2, 1) CPU = mm:       0.01 (old)       0.01 (new) fm:       0.00 (old)       0.01 (new)  diff: old: 4.01e-17 new: 4.01e-17 fm: 0.00e+00 mm: 0.00e+00
Cl( 2, 2) in Cl( 2, 2) CPU = mm:       0.01 (old)       0.00 (new) fm:       0.01 (old)       0.00 (new)  diff: old: 5.64e-17 new: 4.46e-17 fm: 0.00e+00 mm: 4.46e-17
Cl( 3, 2) in Cl( 3, 2) CPU = mm:       0.02 (old)       0.01 (new) fm:       0.02 (old)       0.02 (new)  diff: old: 9.87e-17 new: 2.69e-17 fm: 0.00e+00 mm: 7.46e-17
Cl( 3, 3) in Cl( 3, 3) CPU = mm:       0.02 (old)       0.01 (new) fm:       0.04 (old)       0.01 (new)  diff: old: 9.72e-17 new: 1.13e-16 fm: 1.37e-16 mm: 1.60e-16
Cl( 4, 3) in Cl( 4, 3) CPU = mm:       0.05 (old)       0.02 (new) fm:       0.06 (old)       0.04 (new)  diff: old: 1.78e-16 new: 6.47e-17 fm: 8.66e-17 mm: 2.02e-16
Cl( 4, 4) in Cl( 4, 4) CPU = mm:       0.09 (old)       0.04 (new) fm:       0.10 (old)       0.07 (new)  diff: old: 1.48e-16 new: 1.36e-16 fm: 1.30e-16 mm: 1.88e-16
Cl( 5, 4) in Cl( 5, 4) CPU = mm:       0.24 (old)       0.11 (new) fm:       0.24 (old)       0.21 (new)  diff: old: 2.00e-16 new: 1.34e-16 fm: 1.42e-16 mm: 2.12e-16
Cl( 5, 5) in Cl( 5, 5) CPU = mm:       0.40 (old)       0.19 (new) fm:       0.51 (old)       0.38 (new)  diff: old: 2.20e-16 new: 1.73e-16 fm: 1.78e-16 mm: 2.38e-16
Cl( 6, 5) in Cl( 6, 5) CPU = mm:       1.01 (old)       0.48 (new) fm:       1.26 (old)       0.99 (new)  diff: old: 2.83e-16 new: 1.73e-16 fm: 1.75e-16 mm: 2.87e-16
Cl( 6, 6) in Cl( 6, 6) CPU = mm:       1.90 (old)       0.92 (new) fm:       2.57 (old)       1.88 (new)  diff: old: 3.38e-16 new: 2.38e-16 fm: 2.36e-16 mm: 3.36e-16
Cl( 7, 6) in Cl( 7, 6) CPU = mm:       4.98 (old)       2.14 (new) fm:       7.23 (old)       5.19 (new)  diff: old: 3.78e-16 new: 2.28e-16 fm: 2.30e-16 mm: 3.75e-16
Cl( 7, 7) in Cl( 7, 7) CPU = mm:      10.52 (old)       4.35 (new) fm:      15.47 (old)       9.36 (new)  diff: old: 4.61e-16 new: 3.05e-16 fm: 3.01e-16 mm: 4.41e-16
Cl( 8, 7) in Cl( 8, 7) CPU = mm:      30.24 (old)      11.29 (new) fm:      47.15 (old)      23.75 (new)  diff: old: 5.21e-16 new: 3.04e-16 fm: 3.04e-16 mm: 5.05e-16
Cl( 8, 8) in Cl( 8, 8) CPU = mm:      62.70 (old)      21.53 (new) fm:      80.74 (old)      44.66 (new)  diff: old: 6.42e-16 new: 4.09e-16 fm: 4.07e-16 mm: 6.06e-16
Fill: 1
Cl( 1, 0) in Cl(16, 0) CPU = mm:       0.02 (old)       0.49 (new) fm:      71.98 (old)       0.14 (new)  diff: old: 4.99e-15 new: 0.00e+00 fm: 0.00e+00 mm: 4.99e-15
Cl( 2, 0) in Cl(16, 0) CPU = mm:       0.01 (old)       0.44 (new) fm:      72.35 (old)       0.14 (new)  diff: old: 3.56e-15 new: 3.91e-17 fm: 0.00e+00 mm: 3.56e-15
Cl( 3, 0) in Cl(16, 0) CPU = mm:       0.02 (old)       0.45 (new) fm:      72.99 (old)       0.14 (new)  diff: old: 2.12e-15 new: 6.95e-17 fm: 0.00e+00 mm: 2.11e-15
Cl( 4, 0) in Cl(16, 0) CPU = mm:       0.03 (old)       0.45 (new) fm:      72.03 (old)       0.15 (new)  diff: old: 3.30e-15 new: 1.64e-16 fm: 0.00e+00 mm: 3.26e-15
Cl( 5, 0) in Cl(16, 0) CPU = mm:       0.06 (old)       0.48 (new) fm:      72.59 (old)       0.17 (new)  diff: old: 3.36e-15 new: 1.90e-16 fm: 0.00e+00 mm: 3.31e-15
Cl( 6, 0) in Cl(16, 0) CPU = mm:       0.10 (old)       0.49 (new) fm:      72.21 (old)       0.20 (new)  diff: old: 3.22e-15 new: 1.64e-16 fm: 0.00e+00 mm: 3.20e-15
Cl( 7, 0) in Cl(16, 0) CPU = mm:       0.21 (old)       0.56 (new) fm:      75.10 (old)       0.28 (new)  diff: old: 3.59e-15 new: 1.79e-16 fm: 0.00e+00 mm: 3.58e-15
Cl( 8, 0) in Cl(16, 0) CPU = mm:       0.38 (old)       0.78 (new) fm:      72.57 (old)       0.43 (new)  diff: old: 3.16e-15 new: 1.87e-16 fm: 0.00e+00 mm: 3.14e-15
Cl( 9, 0) in Cl(16, 0) CPU = mm:       0.65 (old)       1.04 (new) fm:      72.45 (old)       0.76 (new)  diff: old: 2.93e-15 new: 2.96e-16 fm: 0.00e+00 mm: 2.66e-15
Cl(10, 0) in Cl(16, 0) CPU = mm:       1.30 (old)       1.66 (new) fm:      72.16 (old)       1.34 (new)  diff: old: 2.50e-15 new: 3.01e-16 fm: 9.28e-17 mm: 2.30e-15
Cl(11, 0) in Cl(16, 0) CPU = mm:       2.45 (old)       2.50 (new) fm:      72.11 (old)       2.45 (new)  diff: old: 1.96e-15 new: 4.27e-16 fm: 1.35e-16 mm: 1.83e-15
Cl(12, 0) in Cl(16, 0) CPU = mm:       5.48 (old)       4.07 (new) fm:      72.39 (old)       4.49 (new)  diff: old: 2.13e-15 new: 7.74e-16 fm: 1.75e-16 mm: 2.00e-15
Cl(13, 0) in Cl(16, 0) CPU = mm:      11.73 (old)       7.04 (new) fm:      74.23 (old)       9.27 (new)  diff: old: 2.19e-15 new: 1.38e-15 fm: 2.24e-16 mm: 1.37e-15
Cl(14, 0) in Cl(16, 0) CPU = mm:      26.30 (old)      13.02 (new) fm:      74.54 (old)      17.85 (new)  diff: old: 1.55e-15 new: 1.03e-15 fm: 2.98e-16 mm: 9.80e-16
Cl(15, 0) in Cl(16, 0) CPU = mm:      60.35 (old)      23.15 (new) fm:      75.92 (old)      26.66 (new)  diff: old: 1.23e-15 new: 8.95e-16 fm: 4.07e-16 mm: 8.07e-16
Cl(16, 0) in Cl(16, 0) CPU = mm:     132.85 (old)      46.09 (new) fm:      81.90 (old)      51.52 (new)  diff: old: 7.43e-16 new: 5.53e-16 fm: 5.57e-16 mm: 7.79e-16
Cl( 1, 0) in Cl( 8, 8) CPU = mm:       0.02 (old)       0.88 (new) fm:      75.03 (old)       0.14 (new)  diff: old: 4.50e-15 new: 0.00e+00 fm: 0.00e+00 mm: 4.50e-15
Cl( 1, 1) in Cl( 8, 8) CPU = mm:       0.01 (old)       0.43 (new) fm:      77.22 (old)       0.14 (new)  diff: old: 2.02e-15 new: 0.00e+00 fm: 0.00e+00 mm: 2.01e-15
Cl( 2, 1) in Cl( 8, 8) CPU = mm:       0.02 (old)       0.46 (new) fm:      75.08 (old)       0.13 (new)  diff: old: 1.68e-15 new: 4.26e-17 fm: 0.00e+00 mm: 1.64e-15
Cl( 2, 2) in Cl( 8, 8) CPU = mm:       0.03 (old)       0.44 (new) fm:      77.32 (old)       0.14 (new)  diff: old: 1.44e-15 new: 1.70e-16 fm: 1.57e-16 mm: 1.47e-15
Cl( 3, 2) in Cl( 8, 8) CPU = mm:       0.06 (old)       0.45 (new) fm:      74.84 (old)       0.15 (new)  diff: old: 1.87e-15 new: 9.41e-17 fm: 6.96e-17 mm: 1.94e-15
Cl( 3, 3) in Cl( 8, 8) CPU = mm:       0.10 (old)       0.45 (new) fm:      75.29 (old)       0.16 (new)  diff: old: 1.35e-15 new: 1.81e-16 fm: 1.16e-16 mm: 1.30e-15
Cl( 4, 3) in Cl( 8, 8) CPU = mm:       0.19 (old)       0.48 (new) fm:      74.95 (old)       0.20 (new)  diff: old: 1.26e-15 new: 2.17e-16 fm: 1.17e-16 mm: 1.25e-15
Cl( 4, 4) in Cl( 8, 8) CPU = mm:       0.34 (old)       0.53 (new) fm:      74.69 (old)       0.27 (new)  diff: old: 9.38e-16 new: 2.57e-16 fm: 1.64e-16 mm: 9.12e-16
Cl( 5, 4) in Cl( 8, 8) CPU = mm:       0.72 (old)       0.86 (new) fm:      74.84 (old)       0.45 (new)  diff: old: 9.22e-16 new: 2.73e-16 fm: 1.77e-16 mm: 8.77e-16
Cl( 5, 5) in Cl( 8, 8) CPU = mm:       1.24 (old)       0.93 (new) fm:      78.11 (old)       0.76 (new)  diff: old: 8.02e-16 new: 3.85e-16 fm: 2.22e-16 mm: 7.06e-16
Cl( 6, 5) in Cl( 8, 8) CPU = mm:       2.74 (old)       1.40 (new) fm:      76.54 (old)       1.47 (new)  diff: old: 7.60e-16 new: 3.76e-16 fm: 2.25e-16 mm: 6.67e-16
Cl( 6, 6) in Cl( 8, 8) CPU = mm:       5.92 (old)       2.37 (new) fm:      77.09 (old)       2.89 (new)  diff: old: 5.53e-16 new: 5.08e-16 fm: 3.02e-16 mm: 5.70e-16
Cl( 7, 6) in Cl( 8, 8) CPU = mm:      13.69 (old)       4.59 (new) fm:      78.23 (old)       6.04 (new)  diff: old: 5.65e-16 new: 5.38e-16 fm: 3.01e-16 mm: 5.92e-16
Cl( 7, 7) in Cl( 8, 8) CPU = mm:      28.69 (old)       9.43 (new) fm:      83.72 (old)      11.93 (new)  diff: old: 5.81e-16 new: 7.02e-16 fm: 4.08e-16 mm: 6.13e-16
Cl( 8, 7) in Cl( 8, 8) CPU = mm:      65.95 (old)      19.11 (new) fm:      81.04 (old)      25.21 (new)  diff: old: 5.83e-16 new: 7.40e-16 fm: 4.08e-16 mm: 6.17e-16
Cl( 8, 8) in Cl( 8, 8) CPU = mm:     129.20 (old)      39.32 (new) fm:      87.07 (old)      45.71 (new)  diff: old: 7.45e-16 new: 5.54e-16 fm: 5.56e-16 mm: 7.83e-16
Cl( 1, 0) in Cl( 1, 0) CPU = mm:       0.01 (old)       0.00 (new) fm:       0.00 (old)       0.00 (new)  diff: old: 0.00e+00 new: 0.00e+00 fm: 0.00e+00 mm: 0.00e+00
Cl( 1, 1) in Cl( 1, 1) CPU = mm:       0.01 (old)       0.00 (new) fm:       0.00 (old)       0.00 (new)  diff: old: 0.00e+00 new: 0.00e+00 fm: 0.00e+00 mm: 0.00e+00
Cl( 2, 1) in Cl( 2, 1) CPU = mm:       0.01 (old)       0.01 (new) fm:       0.00 (old)       0.01 (new)  diff: old: 4.15e-17 new: 2.07e-17 fm: 0.00e+00 mm: 2.93e-17
Cl( 2, 2) in Cl( 2, 2) CPU = mm:       0.02 (old)       0.00 (new) fm:       0.00 (old)       0.00 (new)  diff: old: 7.89e-17 new: 8.26e-17 fm: 1.24e-16 mm: 1.56e-16
Cl( 3, 2) in Cl( 3, 2) CPU = mm:       0.03 (old)       0.01 (new) fm:       0.01 (old)       0.02 (new)  diff: old: 1.04e-16 new: 6.91e-17 fm: 8.54e-17 mm: 1.40e-16
Cl( 3, 3) in Cl( 3, 3) CPU = mm:       0.06 (old)       0.01 (new) fm:       0.02 (old)       0.01 (new)  diff: old: 1.35e-16 new: 1.07e-16 fm: 1.11e-16 mm: 1.54e-16
Cl( 4, 3) in Cl( 4, 3) CPU = mm:       0.10 (old)       0.04 (new) fm:       0.03 (old)       0.05 (new)  diff: old: 1.36e-16 new: 1.21e-16 fm: 1.39e-16 mm: 1.94e-16
Cl( 4, 4) in Cl( 4, 4) CPU = mm:       0.18 (old)       0.06 (new) fm:       0.07 (old)       0.07 (new)  diff: old: 1.85e-16 new: 1.74e-16 fm: 1.69e-16 mm: 2.24e-16
Cl( 5, 4) in Cl( 5, 4) CPU = mm:       0.43 (old)       0.16 (new) fm:       0.16 (old)       0.22 (new)  diff: old: 2.18e-16 new: 1.61e-16 fm: 1.74e-16 mm: 2.52e-16
Cl( 5, 5) in Cl( 5, 5) CPU = mm:       0.72 (old)       0.28 (new) fm:       0.35 (old)       0.37 (new)  diff: old: 2.93e-16 new: 2.20e-16 fm: 2.29e-16 mm: 3.27e-16
Cl( 6, 5) in Cl( 6, 5) CPU = mm:       1.90 (old)       0.77 (new) fm:       0.96 (old)       1.07 (new)  diff: old: 2.89e-16 new: 2.18e-16 fm: 2.36e-16 mm: 3.33e-16
Cl( 6, 6) in Cl( 6, 6) CPU = mm:       3.52 (old)       1.42 (new) fm:       1.97 (old)       1.85 (new)  diff: old: 3.77e-16 new: 3.03e-16 fm: 3.03e-16 mm: 4.27e-16
Cl( 7, 6) in Cl( 7, 6) CPU = mm:       9.45 (old)       3.66 (new) fm:       7.19 (old)       5.26 (new)  diff: old: 4.10e-16 new: 2.92e-16 fm: 3.03e-16 mm: 4.43e-16
Cl( 7, 7) in Cl( 7, 7) CPU = mm:      20.35 (old)       7.31 (new) fm:      15.80 (old)       9.15 (new)  diff: old: 5.23e-16 new: 4.02e-16 fm: 4.07e-16 mm: 5.62e-16
Cl( 8, 7) in Cl( 8, 7) CPU = mm:      63.93 (old)      19.31 (new) fm:      48.92 (old)      24.83 (new)  diff: old: 5.81e-16 new: 4.03e-16 fm: 4.12e-16 mm: 6.23e-16
Cl( 8, 8) in Cl( 8, 8) CPU = mm:     130.00 (old)      39.16 (new) fm:      85.61 (old)      45.11 (new)  diff: old: 7.37e-16 new: 5.53e-16 fm: 5.56e-16 mm: 7.79e-16
