expressions/expressions
	linux-vdso.so.1 (0x000075722cf44000)
	libarmadillo.so.14 => /lib/libarmadillo.so.14 (0x000075722cef3000)
	libopenblas.so.0 => /lib/x86_64-linux-gnu/libopenblas.so.0 (0x00007572296f8000)
	libstdc++.so.6 => /lib/x86_64-linux-gnu/libstdc++.so.6 (0x0000757229400000)
	libm.so.6 => /lib/x86_64-linux-gnu/libm.so.6 (0x0000757229309000)
	libgcc_s.so.1 => /lib/x86_64-linux-gnu/libgcc_s.so.1 (0x000075722cec6000)
	libc.so.6 => /lib/x86_64-linux-gnu/libc.so.6 (0x0000757229000000)
	libblas.so.3 => /lib/x86_64-linux-gnu/libblas.so.3 (0x0000757228800000)
	libarpack.so.2 => /lib/x86_64-linux-gnu/libarpack.so.2 (0x000075722ce72000)
	/lib64/ld-linux-x86-64.so.2 (0x000075722cf46000)
	libmvec.so.1 => /lib/x86_64-linux-gnu/libmvec.so.1 (0x0000757228706000)
	libgfortran.so.5 => /lib/x86_64-linux-gnu/libgfortran.so.5 (0x0000757228200000)
gfft_test/gfft_test
	linux-vdso.so.1 (0x000077a5401d5000)
	libarmadillo.so.14 => /lib/libarmadillo.so.14 (0x000077a540184000)
	libopenblas.so.0 => /lib/x86_64-linux-gnu/libopenblas.so.0 (0x000077a53ccf8000)
	libstdc++.so.6 => /lib/x86_64-linux-gnu/libstdc++.so.6 (0x000077a53ca00000)
	libm.so.6 => /lib/x86_64-linux-gnu/libm.so.6 (0x000077a53c909000)
	libgcc_s.so.1 => /lib/x86_64-linux-gnu/libgcc_s.so.1 (0x000077a540157000)
	libc.so.6 => /lib/x86_64-linux-gnu/libc.so.6 (0x000077a53c600000)
	libblas.so.3 => /lib/x86_64-linux-gnu/libblas.so.3 (0x000077a53be00000)
	libarpack.so.2 => /lib/x86_64-linux-gnu/libarpack.so.2 (0x000077a540103000)
	/lib64/ld-linux-x86-64.so.2 (0x000077a5401d7000)
	libmvec.so.1 => /lib/x86_64-linux-gnu/libmvec.so.1 (0x000077a53bd06000)
	libgfortran.so.5 => /lib/x86_64-linux-gnu/libgfortran.so.5 (0x000077a53b800000)
products/products
	linux-vdso.so.1 (0x00007b62a18bf000)
	libarmadillo.so.14 => /lib/libarmadillo.so.14 (0x00007b62a186e000)
	libopenblas.so.0 => /lib/x86_64-linux-gnu/libopenblas.so.0 (0x00007b629e0f8000)
	libstdc++.so.6 => /lib/x86_64-linux-gnu/libstdc++.so.6 (0x00007b629de00000)
	libm.so.6 => /lib/x86_64-linux-gnu/libm.so.6 (0x00007b62a1777000)
	libgcc_s.so.1 => /lib/x86_64-linux-gnu/libgcc_s.so.1 (0x00007b629e0cb000)
	libc.so.6 => /lib/x86_64-linux-gnu/libc.so.6 (0x00007b629da00000)
	libblas.so.3 => /lib/x86_64-linux-gnu/libblas.so.3 (0x00007b629d200000)
	libarpack.so.2 => /lib/x86_64-linux-gnu/libarpack.so.2 (0x00007b629ddae000)
	/lib64/ld-linux-x86-64.so.2 (0x00007b62a18c1000)
	libmvec.so.1 => /lib/x86_64-linux-gnu/libmvec.so.1 (0x00007b629dcb4000)
	libgfortran.so.5 => /lib/x86_64-linux-gnu/libgfortran.so.5 (0x00007b629ce00000)
squaring/squaring
	linux-vdso.so.1 (0x000079f435c44000)
	libarmadillo.so.14 => /lib/libarmadillo.so.14 (0x000079f435bf3000)
	libopenblas.so.0 => /lib/x86_64-linux-gnu/libopenblas.so.0 (0x000079f4326f8000)
	libstdc++.so.6 => /lib/x86_64-linux-gnu/libstdc++.so.6 (0x000079f432400000)
	libm.so.6 => /lib/x86_64-linux-gnu/libm.so.6 (0x000079f435afc000)
	libgcc_s.so.1 => /lib/x86_64-linux-gnu/libgcc_s.so.1 (0x000079f4326cb000)
	libc.so.6 => /lib/x86_64-linux-gnu/libc.so.6 (0x000079f432000000)
	libblas.so.3 => /lib/x86_64-linux-gnu/libblas.so.3 (0x000079f431800000)
	libarpack.so.2 => /lib/x86_64-linux-gnu/libarpack.so.2 (0x000079f4323ae000)
	/lib64/ld-linux-x86-64.so.2 (0x000079f435c46000)
	libmvec.so.1 => /lib/x86_64-linux-gnu/libmvec.so.1 (0x000079f4322b4000)
	libgfortran.so.5 => /lib/x86_64-linux-gnu/libgfortran.so.5 (0x000079f431400000)
transforms/transforms
	linux-vdso.so.1 (0x00006ffd0bfe0000)
	libarmadillo.so.14 => /lib/libarmadillo.so.14 (0x00006ffd0bf8f000)
	libopenblas.so.0 => /lib/x86_64-linux-gnu/libopenblas.so.0 (0x00006ffd08af8000)
	libstdc++.so.6 => /lib/x86_64-linux-gnu/libstdc++.so.6 (0x00006ffd08800000)
	libm.so.6 => /lib/x86_64-linux-gnu/libm.so.6 (0x00006ffd08709000)
	libgcc_s.so.1 => /lib/x86_64-linux-gnu/libgcc_s.so.1 (0x00006ffd0bf62000)
	libc.so.6 => /lib/x86_64-linux-gnu/libc.so.6 (0x00006ffd08400000)
	libblas.so.3 => /lib/x86_64-linux-gnu/libblas.so.3 (0x00006ffd07c00000)
	libarpack.so.2 => /lib/x86_64-linux-gnu/libarpack.so.2 (0x00006ffd0bf0e000)
	/lib64/ld-linux-x86-64.so.2 (0x00006ffd0bfe2000)
	libmvec.so.1 => /lib/x86_64-linux-gnu/libmvec.so.1 (0x00006ffd07b06000)
	libgfortran.so.5 => /lib/x86_64-linux-gnu/libgfortran.so.5 (0x00006ffd07600000)
versor/versor
	linux-vdso.so.1 (0x0000744b78de3000)
	libarmadillo.so.14 => /lib/libarmadillo.so.14 (0x0000744b78d92000)
	libopenblas.so.0 => /lib/x86_64-linux-gnu/libopenblas.so.0 (0x0000744b758f8000)
	libstdc++.so.6 => /lib/x86_64-linux-gnu/libstdc++.so.6 (0x0000744b75600000)
	libm.so.6 => /lib/x86_64-linux-gnu/libm.so.6 (0x0000744b75509000)
	libgcc_s.so.1 => /lib/x86_64-linux-gnu/libgcc_s.so.1 (0x0000744b78d65000)
	libc.so.6 => /lib/x86_64-linux-gnu/libc.so.6 (0x0000744b75200000)
	libblas.so.3 => /lib/x86_64-linux-gnu/libblas.so.3 (0x0000744b74a00000)
	libarpack.so.2 => /lib/x86_64-linux-gnu/libarpack.so.2 (0x0000744b78d11000)
	/lib64/ld-linux-x86-64.so.2 (0x0000744b78de5000)
	libmvec.so.1 => /lib/x86_64-linux-gnu/libmvec.so.1 (0x0000744b74906000)
	libgfortran.so.5 => /lib/x86_64-linux-gnu/libgfortran.so.5 (0x0000744b74400000)
