
framed_multi<double>
Clifford algebra squaring test:
Fill: 0.5
Cl( 1, 0) in Cl( 1, 0) CPU =        0.038 ms (setup)        0.012 (*) 
Cl( 1, 1) in Cl( 1, 1) CPU =        0.002 ms (setup)        0.002 (*) 
Cl( 2, 1) in Cl( 2, 1) CPU =        0.003 ms (setup)        0.005 (*) 
Cl( 2, 2) in Cl( 2, 2) CPU =        0.002 ms (setup)        0.010 (*) 
Cl( 3, 2) in Cl( 3, 2) CPU =        0.008 ms (setup)        0.013 (*) 
Cl( 3, 3) in Cl( 3, 3) CPU =        0.010 ms (setup)        0.038 (*) 
Cl( 4, 3) in Cl( 4, 3) CPU =        0.018 ms (setup)        0.108 (*) 
Cl( 4, 4) in Cl( 4, 4) CPU =        0.031 ms (setup)        3.675 (*) 
Cl( 5, 4) in Cl( 5, 4) CPU =        0.068 ms (setup)        7.889 (*) 
Cl( 5, 5) in Cl( 5, 5) CPU =        0.133 ms (setup)       11.418 (*) 
Cl( 6, 5) in Cl( 6, 5) CPU =        0.265 ms (setup)       35.621 (*) 
Cl( 6, 6) in Cl( 6, 6) CPU =        0.553 ms (setup)       47.772 (*) 
Cl( 7, 6) in Cl( 7, 6) CPU =        4.200 ms (setup)      163.251 (*) 
Cl( 7, 7) in Cl( 7, 7) CPU =        8.167 ms (setup)      208.299 (*) 
Cl( 8, 7) in Cl( 8, 7) CPU =       16.307 ms (setup)      653.625 (*) 
Cl( 8, 8) in Cl( 8, 8) CPU =        8.378 ms (setup)      523.951 (*) 
Cl( 9, 8) in Cl( 9, 8) CPU =       17.068 ms (setup)      942.374 (*) 
Cl( 9, 9) in Cl( 9, 9) CPU =       38.525 ms (setup)     1494.162 (*) 
Cl(10, 9) in Cl(10, 9) CPU =       77.999 ms (setup)     4954.728 (*) 
Cl(10,10) in Cl(10,10) CPU =      161.370 ms (setup)     6988.723 (*) 
Cl(11,10) in Cl(11,10) CPU =      309.314 ms (setup)    27944.862 (*) 
Cl(11,11) in Cl(11,11) CPU =      687.962 ms (setup)    40718.471 (*) 
Fill: 1
Cl( 1, 0) in Cl( 1, 0) CPU =        0.007 ms (setup)        0.007 (*) 
Cl( 1, 1) in Cl( 1, 1) CPU =        0.002 ms (setup)        0.006 (*) 
Cl( 2, 1) in Cl( 2, 1) CPU =        0.002 ms (setup)        0.005 (*) 
Cl( 2, 2) in Cl( 2, 2) CPU =        0.004 ms (setup)        0.011 (*) 
Cl( 3, 2) in Cl( 3, 2) CPU =        0.008 ms (setup)        0.025 (*) 
Cl( 3, 3) in Cl( 3, 3) CPU =        0.014 ms (setup)        0.082 (*) 
Cl( 4, 3) in Cl( 4, 3) CPU =        0.026 ms (setup)        0.233 (*) 
Cl( 4, 4) in Cl( 4, 4) CPU =        0.052 ms (setup)        0.573 (*) 
Cl( 5, 4) in Cl( 5, 4) CPU =        0.146 ms (setup)        1.792 (*) 
Cl( 5, 5) in Cl( 5, 5) CPU =        0.208 ms (setup)        2.591 (*) 
Cl( 6, 5) in Cl( 6, 5) CPU =        0.443 ms (setup)        8.557 (*) 
Cl( 6, 6) in Cl( 6, 6) CPU =        0.794 ms (setup)       12.576 (*) 
Cl( 7, 6) in Cl( 7, 6) CPU =        1.665 ms (setup)      120.407 (*) 
Cl( 7, 7) in Cl( 7, 7) CPU =       15.597 ms (setup)      275.956 (*) 
Cl( 8, 7) in Cl( 8, 7) CPU =       28.427 ms (setup)      678.795 (*) 
Cl( 8, 8) in Cl( 8, 8) CPU =       13.135 ms (setup)      602.676 (*) 
Cl( 9, 8) in Cl( 9, 8) CPU =       27.625 ms (setup)     1196.535 (*) 
Cl( 9, 9) in Cl( 9, 9) CPU =       62.062 ms (setup)     2006.182 (*) 
Cl(10, 9) in Cl(10, 9) CPU =      132.853 ms (setup)     6532.043 (*) 
Cl(10,10) in Cl(10,10) CPU =      300.290 ms (setup)    10490.213 (*) 
Cl(11,10) in Cl(11,10) CPU =      607.302 ms (setup)    38672.616 (*) 
Cl(11,11) in Cl(11,11) CPU =     1284.402 ms (setup)    65866.763 (*) 

matrix_multi<double>
Clifford algebra squaring test:
Fill: 0.5
Cl( 1, 0) in Cl( 1, 0) CPU =        0.069 ms (setup)        0.004 (*) 
Cl( 1, 1) in Cl( 1, 1) CPU =        0.006 ms (setup)        0.001 (*) 
Cl( 2, 1) in Cl( 2, 1) CPU =        0.024 ms (setup)        0.002 (*) 
Cl( 2, 2) in Cl( 2, 2) CPU =        0.018 ms (setup)        0.001 (*) 
Cl( 3, 2) in Cl( 3, 2) CPU =        0.047 ms (setup)        0.008 (*) 
Cl( 3, 3) in Cl( 3, 3) CPU =        0.050 ms (setup)        0.003 (*) 
Cl( 4, 3) in Cl( 4, 3) CPU =        0.072 ms (setup)        0.005 (*) 
Cl( 4, 4) in Cl( 4, 4) CPU =        0.160 ms (setup)        0.006 (*) 
Cl( 5, 4) in Cl( 5, 4) CPU =        0.311 ms (setup)        0.013 (*) 
Cl( 5, 5) in Cl( 5, 5) CPU =        0.584 ms (setup)        0.017 (*) 
Cl( 6, 5) in Cl( 6, 5) CPU =        1.376 ms (setup)        0.062 (*) 
Cl( 6, 6) in Cl( 6, 6) CPU =        2.694 ms (setup)        0.062 (*) 
Cl( 7, 6) in Cl( 7, 6) CPU =        6.479 ms (setup)        0.706 (*) 
Cl( 7, 7) in Cl( 7, 7) CPU =       76.517 ms (setup)        3.337 (*) 
Cl( 8, 7) in Cl( 8, 7) CPU =      144.355 ms (setup)        4.177 (*) 
Cl( 8, 8) in Cl( 8, 8) CPU =      259.409 ms (setup)        4.298 (*) 
Cl( 9, 8) in Cl( 9, 8) CPU =      432.728 ms (setup)       24.693 (*) 
Cl( 9, 9) in Cl( 9, 9) CPU =      565.180 ms (setup)       27.032 (*) 
Cl(10, 9) in Cl(10, 9) CPU =     1027.591 ms (setup)      212.928 (*) 
Cl(10,10) in Cl(10,10) CPU =     1753.902 ms (setup)      207.809 (*) 
Cl(11,10) in Cl(11,10) CPU =     4494.379 ms (setup)     1729.001 (*) 
Cl(11,11) in Cl(11,11) CPU =     8582.347 ms (setup)     1702.345 (*) 
Fill: 1
Cl( 1, 0) in Cl( 1, 0) CPU =        0.022 ms (setup)        0.003 (*) 
Cl( 1, 1) in Cl( 1, 1) CPU =        0.012 ms (setup)        0.001 (*) 
Cl( 2, 1) in Cl( 2, 1) CPU =        0.014 ms (setup)        0.001 (*) 
Cl( 2, 2) in Cl( 2, 2) CPU =        0.027 ms (setup)        0.001 (*) 
Cl( 3, 2) in Cl( 3, 2) CPU =        0.031 ms (setup)        0.008 (*) 
Cl( 3, 3) in Cl( 3, 3) CPU =        0.046 ms (setup)        0.003 (*) 
Cl( 4, 3) in Cl( 4, 3) CPU =        0.113 ms (setup)        0.006 (*) 
Cl( 4, 4) in Cl( 4, 4) CPU =        0.206 ms (setup)        0.006 (*) 
Cl( 5, 4) in Cl( 5, 4) CPU =        3.506 ms (setup)        0.015 (*) 
Cl( 5, 5) in Cl( 5, 5) CPU =        3.964 ms (setup)        0.015 (*) 
Cl( 6, 5) in Cl( 6, 5) CPU =        8.307 ms (setup)        0.069 (*) 
Cl( 6, 6) in Cl( 6, 6) CPU =       19.553 ms (setup)        0.069 (*) 
Cl( 7, 6) in Cl( 7, 6) CPU =       43.841 ms (setup)        0.183 (*) 
Cl( 7, 7) in Cl( 7, 7) CPU =       87.626 ms (setup)        0.166 (*) 
Cl( 8, 7) in Cl( 8, 7) CPU =      212.202 ms (setup)        4.196 (*) 
Cl( 8, 8) in Cl( 8, 8) CPU =      382.669 ms (setup)        2.882 (*) 
Cl( 9, 8) in Cl( 9, 8) CPU =      533.547 ms (setup)       26.274 (*) 
Cl( 9, 9) in Cl( 9, 9) CPU =      795.140 ms (setup)       25.147 (*) 
Cl(10, 9) in Cl(10, 9) CPU =     1703.180 ms (setup)      263.680 (*) 
Cl(10,10) in Cl(10,10) CPU =     3173.130 ms (setup)      212.315 (*) 
Cl(11,10) in Cl(11,10) CPU =     8847.266 ms (setup)     1706.409 (*) 
Cl(11,11) in Cl(11,11) CPU =    18059.760 ms (setup)     1716.890 (*) 
