framed_multi<double,DEFAULT_LO,DEFAULT_HI,tuning_naive_p>
Clifford algebra transform test:
Fill: 0.5
Cl( 1, 0) in Cl(16, 0) CPU = mm:       4.03 (old)      24.03 (new) fm:    4416.78 (old)       0.70 (new)  diff: old: 6.43e-15 new: 0.00e+00 fm: 0.00e+00 mm: 6.43e-15
Cl( 2, 0) in Cl(16, 0) CPU = mm:       0.18 (old)       3.11 (new) fm:     133.37 (old)       0.59 (new)  diff: old: 5.10e-15 new: 3.36e-17 fm: 0.00e+00 mm: 5.10e-15
Cl( 3, 0) in Cl(16, 0) CPU = mm:       0.04 (old)       3.30 (new) fm:     137.61 (old)       0.59 (new)  diff: old: 2.68e-15 new: 0.00e+00 fm: 0.00e+00 mm: 2.68e-15
Cl( 4, 0) in Cl(16, 0) CPU = mm:       0.04 (old)       3.21 (new) fm:     135.06 (old)       0.60 (new)  diff: old: 2.34e-15 new: 6.47e-17 fm: 0.00e+00 mm: 2.35e-15
Cl( 5, 0) in Cl(16, 0) CPU = mm:       0.21 (old)       3.09 (new) fm:     134.71 (old)       0.64 (new)  diff: old: 2.83e-15 new: 2.38e-16 fm: 0.00e+00 mm: 2.82e-15
Cl( 6, 0) in Cl(16, 0) CPU = mm:       0.10 (old)       3.20 (new) fm:     134.17 (old)       0.75 (new)  diff: old: 3.08e-15 new: 1.72e-16 fm: 0.00e+00 mm: 3.15e-15
Cl( 7, 0) in Cl(16, 0) CPU = mm:       0.18 (old)       3.63 (new) fm:     137.29 (old)       0.99 (new)  diff: old: 3.97e-15 new: 1.26e-16 fm: 0.00e+00 mm: 3.98e-15
Cl( 8, 0) in Cl(16, 0) CPU = mm:       0.45 (old)       4.25 (new) fm:     136.02 (old)       1.52 (new)  diff: old: 3.04e-15 new: 1.57e-16 fm: 0.00e+00 mm: 3.04e-15
Cl( 9, 0) in Cl(16, 0) CPU = mm:       0.88 (old)       5.15 (new) fm:     139.04 (old)       2.52 (new)  diff: old: 3.16e-15 new: 2.40e-16 fm: 0.00e+00 mm: 2.95e-15
Cl(10, 0) in Cl(16, 0) CPU = mm:       1.48 (old)       6.56 (new) fm:     137.29 (old)       4.18 (new)  diff: old: 2.68e-15 new: 2.15e-16 fm: 5.10e-17 mm: 2.48e-15
Cl(11, 0) in Cl(16, 0) CPU = mm:       2.73 (old)       8.44 (new) fm:     138.64 (old)       7.62 (new)  diff: old: 2.12e-15 new: 3.56e-16 fm: 1.00e-16 mm: 1.99e-15
Cl(12, 0) in Cl(16, 0) CPU = mm:       5.38 (old)      10.96 (new) fm:     140.64 (old)      14.22 (new)  diff: old: 2.12e-15 new: 7.06e-16 fm: 1.36e-16 mm: 1.99e-15
Cl(13, 0) in Cl(16, 0) CPU = mm:      11.06 (old)      15.58 (new) fm:     141.89 (old)      29.11 (new)  diff: old: 2.23e-15 new: 1.39e-15 fm: 1.76e-16 mm: 1.36e-15
Cl(14, 0) in Cl(16, 0) CPU = mm:      23.12 (old)      24.59 (new) fm:     141.61 (old)      44.14 (new)  diff: old: 1.63e-15 new: 9.98e-16 fm: 2.30e-16 mm: 9.81e-16
Cl(15, 0) in Cl(16, 0) CPU = mm:      48.04 (old)      35.16 (new) fm:     145.05 (old)      67.88 (new)  diff: old: 1.15e-15 new: 7.50e-16 fm: 3.03e-16 mm: 7.03e-16
Cl(16, 0) in Cl(16, 0) CPU = mm:     104.03 (old)      56.91 (new) fm:     147.35 (old)     115.11 (new)  diff: old: 6.43e-16 new: 4.09e-16 fm: 4.07e-16 mm: 6.08e-16
Cl( 1, 0) in Cl( 8, 8) CPU = mm:       0.09 (old)       2.23 (new) fm:    4238.79 (old)       0.68 (new)  diff: old: 1.59e-15 new: 0.00e+00 fm: 0.00e+00 mm: 1.59e-15
Cl( 1, 1) in Cl( 8, 8) CPU = mm:       0.03 (old)       2.40 (new) fm:     153.76 (old)       0.50 (new)  diff: old: 3.96e-15 new: 0.00e+00 fm: 0.00e+00 mm: 3.96e-15
Cl( 2, 1) in Cl( 8, 8) CPU = mm:       0.04 (old)       3.29 (new) fm:     155.36 (old)       0.59 (new)  diff: old: 2.92e-15 new: 4.13e-17 fm: 0.00e+00 mm: 2.89e-15
Cl( 2, 2) in Cl( 8, 8) CPU = mm:       0.05 (old)       2.63 (new) fm:     154.28 (old)       0.59 (new)  diff: old: 8.17e-16 new: 2.79e-17 fm: 5.57e-17 mm: 7.93e-16
Cl( 3, 2) in Cl( 8, 8) CPU = mm:       0.07 (old)       2.66 (new) fm:     154.90 (old)       0.60 (new)  diff: old: 3.95e-15 new: 1.93e-16 fm: 4.45e-17 mm: 4.07e-15
Cl( 3, 3) in Cl( 8, 8) CPU = mm:       0.12 (old)       2.59 (new) fm:     154.56 (old)       0.64 (new)  diff: old: 2.47e-15 new: 1.28e-16 fm: 7.87e-17 mm: 2.46e-15
Cl( 4, 3) in Cl( 8, 8) CPU = mm:       0.17 (old)       3.15 (new) fm:     153.82 (old)       0.70 (new)  diff: old: 2.16e-15 new: 1.47e-16 fm: 8.07e-17 mm: 2.21e-15
Cl( 4, 4) in Cl( 8, 8) CPU = mm:       0.29 (old)       3.21 (new) fm:     153.74 (old)       0.88 (new)  diff: old: 8.73e-16 new: 2.05e-16 fm: 1.31e-16 mm: 8.68e-16
Cl( 5, 4) in Cl( 8, 8) CPU = mm:       0.63 (old)       3.39 (new) fm:     154.31 (old)       1.26 (new)  diff: old: 1.04e-15 new: 2.22e-16 fm: 1.16e-16 mm: 1.03e-15
Cl( 5, 5) in Cl( 8, 8) CPU = mm:       1.20 (old)       3.94 (new) fm:     157.06 (old)       2.13 (new)  diff: old: 7.03e-16 new: 2.85e-16 fm: 1.79e-16 mm: 6.79e-16
Cl( 6, 5) in Cl( 8, 8) CPU = mm:       2.51 (old)       3.68 (new) fm:     154.30 (old)       3.75 (new)  diff: old: 7.71e-16 new: 3.09e-16 fm: 1.75e-16 mm: 7.00e-16
Cl( 6, 6) in Cl( 8, 8) CPU = mm:       5.28 (old)       5.44 (new) fm:     152.67 (old)       7.63 (new)  diff: old: 5.35e-16 new: 3.86e-16 fm: 2.33e-16 mm: 5.36e-16
Cl( 7, 6) in Cl( 8, 8) CPU = mm:      11.84 (old)       8.51 (new) fm:     156.09 (old)      14.59 (new)  diff: old: 5.17e-16 new: 4.19e-16 fm: 2.32e-16 mm: 5.13e-16
Cl( 7, 7) in Cl( 8, 8) CPU = mm:      23.57 (old)      13.79 (new) fm:     155.71 (old)      30.16 (new)  diff: old: 5.32e-16 new: 5.15e-16 fm: 3.01e-16 mm: 5.10e-16
Cl( 8, 7) in Cl( 8, 8) CPU = mm:      50.70 (old)      26.78 (new) fm:     162.39 (old)      61.14 (new)  diff: old: 5.31e-16 new: 5.75e-16 fm: 3.04e-16 mm: 5.10e-16
Cl( 8, 8) in Cl( 8, 8) CPU = mm:     101.85 (old)      50.20 (new) fm:     168.81 (old)     105.43 (new)  diff: old: 6.44e-16 new: 4.07e-16 fm: 4.06e-16 mm: 6.03e-16
Cl( 1, 0) in Cl( 1, 0) CPU = mm:       0.01 (old)       0.01 (new) fm:       0.01 (old)       0.01 (new)  diff: old: 0.00e+00 new: 0.00e+00 fm: 0.00e+00 mm: 0.00e+00
Cl( 1, 1) in Cl( 1, 1) CPU = mm:       0.02 (old)       0.00 (new) fm:       0.01 (old)       0.00 (new)  diff: old: 0.00e+00 new: 0.00e+00 fm: 0.00e+00 mm: 0.00e+00
Cl( 2, 1) in Cl( 2, 1) CPU = mm:       0.01 (old)       0.01 (new) fm:       0.01 (old)       0.02 (new)  diff: old: 3.59e-17 new: 3.59e-17 fm: 0.00e+00 mm: 0.00e+00
Cl( 2, 2) in Cl( 2, 2) CPU = mm:       0.01 (old)       0.01 (new) fm:       0.01 (old)       0.01 (new)  diff: old: 5.64e-17 new: 4.57e-17 fm: 9.97e-18 mm: 4.46e-17
Cl( 3, 2) in Cl( 3, 2) CPU = mm:       0.02 (old)       0.02 (new) fm:       0.03 (old)       0.03 (new)  diff: old: 9.33e-17 new: 3.24e-17 fm: 0.00e+00 mm: 7.62e-17
Cl( 3, 3) in Cl( 3, 3) CPU = mm:       0.03 (old)       0.03 (new) fm:       0.05 (old)       0.04 (new)  diff: old: 1.07e-16 new: 1.19e-16 fm: 1.42e-16 mm: 1.67e-16
Cl( 4, 3) in Cl( 4, 3) CPU = mm:       0.06 (old)       0.07 (new) fm:       0.09 (old)       0.24 (new)  diff: old: 1.82e-16 new: 6.91e-17 fm: 8.87e-17 mm: 1.96e-16
Cl( 4, 4) in Cl( 4, 4) CPU = mm:       0.12 (old)       0.11 (new) fm:       0.16 (old)       0.18 (new)  diff: old: 1.49e-16 new: 1.40e-16 fm: 1.37e-16 mm: 1.83e-16
Cl( 5, 4) in Cl( 5, 4) CPU = mm:       0.26 (old)       0.26 (new) fm:       0.47 (old)       0.62 (new)  diff: old: 2.08e-16 new: 1.27e-16 fm: 1.33e-16 mm: 2.04e-16
Cl( 5, 5) in Cl( 5, 5) CPU = mm:       0.48 (old)       0.49 (new) fm:       0.78 (old)       0.95 (new)  diff: old: 2.40e-16 new: 1.83e-16 fm: 1.91e-16 mm: 2.61e-16
Cl( 6, 5) in Cl( 6, 5) CPU = mm:       1.22 (old)       1.12 (new) fm:       1.92 (old)       2.77 (new)  diff: old: 2.85e-16 new: 1.76e-16 fm: 1.79e-16 mm: 2.86e-16
Cl( 6, 6) in Cl( 6, 6) CPU = mm:       2.67 (old)       2.50 (new) fm:       4.46 (old)       4.66 (new)  diff: old: 3.31e-16 new: 2.39e-16 fm: 2.33e-16 mm: 3.31e-16
Cl( 7, 6) in Cl( 7, 6) CPU = mm:       7.89 (old)       5.39 (new) fm:      12.79 (old)      13.39 (new)  diff: old: 3.71e-16 new: 2.29e-16 fm: 2.30e-16 mm: 3.71e-16
Cl( 7, 7) in Cl( 7, 7) CPU = mm:      14.64 (old)      10.47 (new) fm:      26.40 (old)      21.43 (new)  diff: old: 4.56e-16 new: 3.05e-16 fm: 3.02e-16 mm: 4.40e-16
Cl( 8, 7) in Cl( 8, 7) CPU = mm:      51.76 (old)      24.98 (new) fm:      88.87 (old)      63.28 (new)  diff: old: 5.26e-16 new: 3.05e-16 fm: 3.05e-16 mm: 5.07e-16
Cl( 8, 8) in Cl( 8, 8) CPU = mm:     101.92 (old)      50.04 (new) fm:     169.04 (old)     102.71 (new)  diff: old: 6.38e-16 new: 4.09e-16 fm: 4.08e-16 mm: 6.06e-16
Fill: 1
Cl( 1, 0) in Cl(16, 0) CPU = mm:       0.07 (old)       2.16 (new) fm:     138.89 (old)       0.58 (new)  diff: old: 4.99e-15 new: 0.00e+00 fm: 0.00e+00 mm: 4.99e-15
Cl( 2, 0) in Cl(16, 0) CPU = mm:       0.04 (old)       1.35 (new) fm:     139.72 (old)       0.60 (new)  diff: old: 3.56e-15 new: 3.91e-17 fm: 0.00e+00 mm: 3.56e-15
Cl( 3, 0) in Cl(16, 0) CPU = mm:       0.05 (old)       1.35 (new) fm:     138.96 (old)       0.60 (new)  diff: old: 2.13e-15 new: 1.15e-17 fm: 0.00e+00 mm: 2.13e-15
Cl( 4, 0) in Cl(16, 0) CPU = mm:       0.07 (old)       1.37 (new) fm:     139.19 (old)       0.61 (new)  diff: old: 3.30e-15 new: 1.64e-16 fm: 0.00e+00 mm: 3.26e-15
Cl( 5, 0) in Cl(16, 0) CPU = mm:       0.11 (old)       1.40 (new) fm:     139.42 (old)       0.68 (new)  diff: old: 3.33e-15 new: 1.70e-16 fm: 0.00e+00 mm: 3.31e-15
Cl( 6, 0) in Cl(16, 0) CPU = mm:       0.21 (old)       1.53 (new) fm:     141.84 (old)       0.84 (new)  diff: old: 3.27e-15 new: 1.48e-16 fm: 0.00e+00 mm: 3.25e-15
Cl( 7, 0) in Cl(16, 0) CPU = mm:       0.37 (old)       1.69 (new) fm:     140.81 (old)       1.11 (new)  diff: old: 3.58e-15 new: 1.71e-16 fm: 0.00e+00 mm: 3.59e-15
Cl( 8, 0) in Cl(16, 0) CPU = mm:       0.73 (old)       2.23 (new) fm:     142.65 (old)       1.81 (new)  diff: old: 3.19e-15 new: 2.07e-16 fm: 0.00e+00 mm: 3.16e-15
Cl( 9, 0) in Cl(16, 0) CPU = mm:       1.36 (old)       3.10 (new) fm:     140.94 (old)       3.05 (new)  diff: old: 2.92e-15 new: 3.00e-16 fm: 0.00e+00 mm: 2.65e-15
Cl(10, 0) in Cl(16, 0) CPU = mm:       2.77 (old)       5.30 (new) fm:     141.73 (old)       5.27 (new)  diff: old: 2.55e-15 new: 3.08e-16 fm: 9.24e-17 mm: 2.31e-15
Cl(11, 0) in Cl(16, 0) CPU = mm:       5.75 (old)       7.65 (new) fm:     144.72 (old)       9.49 (new)  diff: old: 1.95e-15 new: 4.36e-16 fm: 1.36e-16 mm: 1.83e-15
Cl(12, 0) in Cl(16, 0) CPU = mm:      11.63 (old)      12.70 (new) fm:     141.02 (old)      16.22 (new)  diff: old: 2.14e-15 new: 7.81e-16 fm: 1.74e-16 mm: 2.01e-15
Cl(13, 0) in Cl(16, 0) CPU = mm:      23.68 (old)      19.92 (new) fm:     144.31 (old)      31.44 (new)  diff: old: 2.21e-15 new: 1.38e-15 fm: 2.26e-16 mm: 1.38e-15
Cl(14, 0) in Cl(16, 0) CPU = mm:      48.61 (old)      34.94 (new) fm:     144.73 (old)      46.80 (new)  diff: old: 1.55e-15 new: 1.02e-15 fm: 2.98e-16 mm: 9.83e-16
Cl(15, 0) in Cl(16, 0) CPU = mm:     100.32 (old)      53.63 (new) fm:     151.57 (old)      71.74 (new)  diff: old: 1.23e-15 new: 8.97e-16 fm: 4.07e-16 mm: 8.02e-16
Cl(16, 0) in Cl(16, 0) CPU = mm:     208.17 (old)     100.94 (new) fm:     155.34 (old)     124.74 (new)  diff: old: 7.38e-16 new: 5.53e-16 fm: 5.56e-16 mm: 7.78e-16
Cl( 1, 0) in Cl( 8, 8) CPU = mm:       0.06 (old)       2.15 (new) fm:     158.59 (old)       0.58 (new)  diff: old: 4.52e-15 new: 0.00e+00 fm: 0.00e+00 mm: 4.52e-15
Cl( 1, 1) in Cl( 8, 8) CPU = mm:       0.04 (old)       1.46 (new) fm:     158.10 (old)       0.57 (new)  diff: old: 2.02e-15 new: 0.00e+00 fm: 0.00e+00 mm: 2.01e-15
Cl( 2, 1) in Cl( 8, 8) CPU = mm:       0.05 (old)       1.38 (new) fm:     158.20 (old)       0.59 (new)  diff: old: 1.68e-15 new: 4.26e-17 fm: 0.00e+00 mm: 1.64e-15
Cl( 2, 2) in Cl( 8, 8) CPU = mm:       0.07 (old)       1.38 (new) fm:     158.35 (old)       0.60 (new)  diff: old: 1.45e-15 new: 1.48e-16 fm: 1.01e-16 mm: 1.44e-15
Cl( 3, 2) in Cl( 8, 8) CPU = mm:       0.11 (old)       1.39 (new) fm:     159.66 (old)       0.66 (new)  diff: old: 1.82e-15 new: 1.08e-16 fm: 6.92e-17 mm: 1.89e-15
Cl( 3, 3) in Cl( 8, 8) CPU = mm:       0.19 (old)       1.42 (new) fm:     157.49 (old)       0.65 (new)  diff: old: 1.34e-15 new: 1.51e-16 fm: 1.18e-16 mm: 1.30e-15
Cl( 4, 3) in Cl( 8, 8) CPU = mm:       0.36 (old)       1.50 (new) fm:     157.78 (old)       0.77 (new)  diff: old: 1.25e-15 new: 2.15e-16 fm: 1.22e-16 mm: 1.24e-15
Cl( 4, 4) in Cl( 8, 8) CPU = mm:       0.63 (old)       1.60 (new) fm:     158.59 (old)       0.95 (new)  diff: old: 9.27e-16 new: 2.63e-16 fm: 1.61e-16 mm: 9.11e-16
Cl( 5, 4) in Cl( 8, 8) CPU = mm:       1.29 (old)       1.87 (new) fm:     159.04 (old)       1.40 (new)  diff: old: 8.91e-16 new: 2.96e-16 fm: 1.89e-16 mm: 8.68e-16
Cl( 5, 5) in Cl( 8, 8) CPU = mm:       2.51 (old)       2.62 (new) fm:     157.70 (old)       2.23 (new)  diff: old: 7.33e-16 new: 3.66e-16 fm: 2.31e-16 mm: 7.02e-16
Cl( 6, 5) in Cl( 8, 8) CPU = mm:       5.78 (old)       3.54 (new) fm:     159.75 (old)       4.07 (new)  diff: old: 7.62e-16 new: 3.84e-16 fm: 2.29e-16 mm: 6.80e-16
Cl( 6, 6) in Cl( 8, 8) CPU = mm:      11.28 (old)       6.02 (new) fm:     159.58 (old)       8.07 (new)  diff: old: 5.52e-16 new: 5.04e-16 fm: 3.02e-16 mm: 5.83e-16
Cl( 7, 6) in Cl( 8, 8) CPU = mm:      24.24 (old)      10.72 (new) fm:     161.07 (old)      16.38 (new)  diff: old: 5.56e-16 new: 5.35e-16 fm: 3.07e-16 mm: 5.83e-16
Cl( 7, 7) in Cl( 8, 8) CPU = mm:      49.01 (old)      21.61 (new) fm:     162.53 (old)      31.95 (new)  diff: old: 5.83e-16 new: 7.05e-16 fm: 4.06e-16 mm: 6.11e-16
Cl( 8, 7) in Cl( 8, 8) CPU = mm:     104.45 (old)      43.28 (new) fm:     170.49 (old)      66.29 (new)  diff: old: 5.85e-16 new: 7.41e-16 fm: 4.07e-16 mm: 6.19e-16
Cl( 8, 8) in Cl( 8, 8) CPU = mm:     213.09 (old)      86.82 (new) fm:     176.01 (old)     110.69 (new)  diff: old: 7.42e-16 new: 5.54e-16 fm: 5.57e-16 mm: 7.83e-16
Cl( 1, 0) in Cl( 1, 0) CPU = mm:       0.01 (old)       0.01 (new) fm:       0.01 (old)       0.01 (new)  diff: old: 0.00e+00 new: 0.00e+00 fm: 0.00e+00 mm: 0.00e+00
Cl( 1, 1) in Cl( 1, 1) CPU = mm:       0.01 (old)       0.00 (new) fm:       0.01 (old)       0.00 (new)  diff: old: 0.00e+00 new: 0.00e+00 fm: 0.00e+00 mm: 0.00e+00
Cl( 2, 1) in Cl( 2, 1) CPU = mm:       0.01 (old)       0.02 (new) fm:       0.01 (old)       0.02 (new)  diff: old: 4.15e-17 new: 2.07e-17 fm: 0.00e+00 mm: 2.93e-17
Cl( 2, 2) in Cl( 2, 2) CPU = mm:       0.02 (old)       0.01 (new) fm:       0.01 (old)       0.01 (new)  diff: old: 6.72e-17 new: 7.99e-17 fm: 1.37e-16 mm: 1.65e-16
Cl( 3, 2) in Cl( 3, 2) CPU = mm:       0.03 (old)       0.02 (new) fm:       0.02 (old)       0.04 (new)  diff: old: 1.14e-16 new: 5.76e-17 fm: 1.15e-16 mm: 1.36e-16
Cl( 3, 3) in Cl( 3, 3) CPU = mm:       0.06 (old)       0.04 (new) fm:       0.03 (old)       0.04 (new)  diff: old: 1.39e-16 new: 7.99e-17 fm: 1.08e-16 mm: 1.70e-16
Cl( 4, 3) in Cl( 4, 3) CPU = mm:       0.11 (old)       0.15 (new) fm:       0.10 (old)       0.15 (new)  diff: old: 1.54e-16 new: 1.37e-16 fm: 1.34e-16 mm: 1.92e-16
Cl( 4, 4) in Cl( 4, 4) CPU = mm:       0.21 (old)       0.15 (new) fm:       0.24 (old)       0.21 (new)  diff: old: 1.94e-16 new: 1.64e-16 fm: 1.70e-16 mm: 2.24e-16
Cl( 5, 4) in Cl( 5, 4) CPU = mm:       0.58 (old)       0.36 (new) fm:       0.34 (old)       0.77 (new)  diff: old: 2.07e-16 new: 1.76e-16 fm: 1.70e-16 mm: 2.45e-16
Cl( 5, 5) in Cl( 5, 5) CPU = mm:       0.95 (old)       0.70 (new) fm:       0.67 (old)       0.99 (new)  diff: old: 2.77e-16 new: 2.10e-16 fm: 2.31e-16 mm: 3.18e-16
Cl( 6, 5) in Cl( 6, 5) CPU = mm:       2.40 (old)       1.70 (new) fm:       1.78 (old)       3.08 (new)  diff: old: 3.00e-16 new: 2.13e-16 fm: 2.35e-16 mm: 3.41e-16
Cl( 6, 6) in Cl( 6, 6) CPU = mm:       4.63 (old)       3.35 (new) fm:       3.87 (old)       4.74 (new)  diff: old: 3.78e-16 new: 2.95e-16 fm: 3.06e-16 mm: 4.27e-16
Cl( 7, 6) in Cl( 7, 6) CPU = mm:      14.99 (old)       8.40 (new) fm:      13.40 (old)      14.15 (new)  diff: old: 4.10e-16 new: 2.98e-16 fm: 3.04e-16 mm: 4.47e-16
Cl( 7, 7) in Cl( 7, 7) CPU = mm:      29.30 (old)      16.57 (new) fm:      27.38 (old)      22.16 (new)  diff: old: 5.32e-16 new: 4.02e-16 fm: 4.08e-16 mm: 5.65e-16
Cl( 8, 7) in Cl( 8, 7) CPU = mm:     101.54 (old)      44.74 (new) fm:      93.22 (old)      65.93 (new)  diff: old: 5.80e-16 new: 4.05e-16 fm: 4.13e-16 mm: 6.19e-16
Cl( 8, 8) in Cl( 8, 8) CPU = mm:     210.61 (old)      88.00 (new) fm:     177.27 (old)     109.27 (new)  diff: old: 7.39e-16 new: 5.57e-16 fm: 5.59e-16 mm: 7.84e-16
