framed_multi<double,DEFAULT_LO,DEFAULT_HI,tuning_naive_p>
Clifford algebra transform test:
Fill: 0.5
Cl( 1, 0) in Cl(16, 0) CPU = mm:       0.51 (old)       3.87 (new) fm:    1419.18 (old)       0.26 (new)  diff: old: 6.22e-15 new: 0.00e+00 fm: 0.00e+00 mm: 6.22e-15
Cl( 2, 0) in Cl(16, 0) CPU = mm:       0.01 (old)       2.22 (new) fm:      70.09 (old)       0.15 (new)  diff: old: 5.10e-15 new: 3.36e-17 fm: 0.00e+00 mm: 5.10e-15
Cl( 3, 0) in Cl(16, 0) CPU = mm:       0.01 (old)       2.21 (new) fm:      68.99 (old)       0.17 (new)  diff: old: 2.68e-15 new: 0.00e+00 fm: 0.00e+00 mm: 2.68e-15
Cl( 4, 0) in Cl(16, 0) CPU = mm:       0.02 (old)       2.27 (new) fm:      68.92 (old)       0.16 (new)  diff: old: 2.34e-15 new: 6.47e-17 fm: 0.00e+00 mm: 2.35e-15
Cl( 5, 0) in Cl(16, 0) CPU = mm:       0.03 (old)       2.11 (new) fm:      68.77 (old)       0.17 (new)  diff: old: 2.83e-15 new: 2.45e-16 fm: 0.00e+00 mm: 2.83e-15
Cl( 6, 0) in Cl(16, 0) CPU = mm:       0.06 (old)       2.12 (new) fm:      69.05 (old)       0.19 (new)  diff: old: 3.19e-15 new: 1.92e-16 fm: 0.00e+00 mm: 3.23e-15
Cl( 7, 0) in Cl(16, 0) CPU = mm:       0.09 (old)       2.29 (new) fm:      69.22 (old)       0.27 (new)  diff: old: 3.97e-15 new: 1.65e-16 fm: 0.00e+00 mm: 3.96e-15
Cl( 8, 0) in Cl(16, 0) CPU = mm:       0.15 (old)       2.13 (new) fm:      69.34 (old)       0.39 (new)  diff: old: 3.04e-15 new: 1.55e-16 fm: 0.00e+00 mm: 3.04e-15
Cl( 9, 0) in Cl(16, 0) CPU = mm:       0.32 (old)       2.43 (new) fm:      72.58 (old)       0.69 (new)  diff: old: 3.15e-15 new: 2.46e-16 fm: 0.00e+00 mm: 2.95e-15
Cl(10, 0) in Cl(16, 0) CPU = mm:       0.63 (old)       3.24 (new) fm:      70.82 (old)       1.12 (new)  diff: old: 2.70e-15 new: 2.30e-16 fm: 5.02e-17 mm: 2.49e-15
Cl(11, 0) in Cl(16, 0) CPU = mm:       1.27 (old)       3.11 (new) fm:      72.68 (old)       2.16 (new)  diff: old: 2.15e-15 new: 3.48e-16 fm: 1.05e-16 mm: 2.03e-15
Cl(12, 0) in Cl(16, 0) CPU = mm:       2.52 (old)       3.96 (new) fm:      70.06 (old)       4.10 (new)  diff: old: 2.12e-15 new: 6.96e-16 fm: 1.35e-16 mm: 1.99e-15
Cl(13, 0) in Cl(16, 0) CPU = mm:       5.28 (old)       4.80 (new) fm:      73.31 (old)       8.77 (new)  diff: old: 2.25e-15 new: 1.37e-15 fm: 1.81e-16 mm: 1.35e-15
Cl(14, 0) in Cl(16, 0) CPU = mm:      11.90 (old)       9.41 (new) fm:      73.58 (old)      14.34 (new)  diff: old: 1.64e-15 new: 9.93e-16 fm: 2.32e-16 mm: 9.85e-16
Cl(15, 0) in Cl(16, 0) CPU = mm:      27.47 (old)      13.42 (new) fm:      75.71 (old)      24.55 (new)  diff: old: 1.15e-15 new: 7.51e-16 fm: 3.04e-16 mm: 7.04e-16
Cl(16, 0) in Cl(16, 0) CPU = mm:      61.51 (old)      23.54 (new) fm:      81.48 (old)      43.10 (new)  diff: old: 6.42e-16 new: 4.09e-16 fm: 4.08e-16 mm: 6.02e-16
Cl( 1, 0) in Cl( 8, 8) CPU = mm:       0.03 (old)       0.47 (new) fm:    1429.47 (old)       0.23 (new)  diff: old: 1.59e-15 new: 0.00e+00 fm: 0.00e+00 mm: 1.59e-15
Cl( 1, 1) in Cl( 8, 8) CPU = mm:       0.01 (old)       1.42 (new) fm:      68.64 (old)       0.13 (new)  diff: old: 3.77e-15 new: 0.00e+00 fm: 0.00e+00 mm: 3.77e-15
Cl( 2, 1) in Cl( 8, 8) CPU = mm:       0.02 (old)       2.08 (new) fm:      68.57 (old)       0.15 (new)  diff: old: 2.92e-15 new: 4.13e-17 fm: 0.00e+00 mm: 2.89e-15
Cl( 2, 2) in Cl( 8, 8) CPU = mm:       0.03 (old)       2.14 (new) fm:      70.87 (old)       0.15 (new)  diff: old: 8.17e-16 new: 2.79e-17 fm: 5.57e-17 mm: 7.93e-16
Cl( 3, 2) in Cl( 8, 8) CPU = mm:       0.04 (old)       1.66 (new) fm:      68.49 (old)       0.17 (new)  diff: old: 3.90e-15 new: 1.91e-16 fm: 2.47e-17 mm: 4.03e-15
Cl( 3, 3) in Cl( 8, 8) CPU = mm:       0.07 (old)       2.17 (new) fm:      68.57 (old)       0.18 (new)  diff: old: 2.48e-15 new: 1.25e-16 fm: 7.84e-17 mm: 2.47e-15
Cl( 4, 3) in Cl( 8, 8) CPU = mm:       0.11 (old)       2.27 (new) fm:      68.99 (old)       0.19 (new)  diff: old: 2.12e-15 new: 1.45e-16 fm: 7.93e-17 mm: 2.19e-15
Cl( 4, 4) in Cl( 8, 8) CPU = mm:       0.17 (old)       1.65 (new) fm:      71.69 (old)       0.26 (new)  diff: old: 7.98e-16 new: 1.96e-16 fm: 1.44e-16 mm: 7.92e-16
Cl( 5, 4) in Cl( 8, 8) CPU = mm:       0.38 (old)       2.33 (new) fm:      69.15 (old)       0.37 (new)  diff: old: 1.04e-15 new: 2.15e-16 fm: 1.25e-16 mm: 1.05e-15
Cl( 5, 5) in Cl( 8, 8) CPU = mm:       0.69 (old)       1.98 (new) fm:      68.93 (old)       0.71 (new)  diff: old: 7.00e-16 new: 2.75e-16 fm: 1.75e-16 mm: 6.46e-16
Cl( 6, 5) in Cl( 8, 8) CPU = mm:       1.47 (old)       2.44 (new) fm:      69.38 (old)       1.49 (new)  diff: old: 7.55e-16 new: 2.98e-16 fm: 1.80e-16 mm: 6.84e-16
Cl( 6, 6) in Cl( 8, 8) CPU = mm:       2.70 (old)       2.85 (new) fm:      73.00 (old)       2.55 (new)  diff: old: 5.46e-16 new: 3.79e-16 fm: 2.26e-16 mm: 5.36e-16
Cl( 7, 6) in Cl( 8, 8) CPU = mm:       6.41 (old)       4.36 (new) fm:      72.09 (old)       5.02 (new)  diff: old: 5.25e-16 new: 4.23e-16 fm: 2.33e-16 mm: 5.24e-16
Cl( 7, 7) in Cl( 8, 8) CPU = mm:      12.98 (old)       6.10 (new) fm:      72.82 (old)      10.27 (new)  diff: old: 5.38e-16 new: 5.21e-16 fm: 3.05e-16 mm: 5.16e-16
Cl( 8, 7) in Cl( 8, 8) CPU = mm:      30.09 (old)      11.48 (new) fm:      76.61 (old)      21.00 (new)  diff: old: 5.27e-16 new: 5.76e-16 fm: 3.03e-16 mm: 5.10e-16
Cl( 8, 8) in Cl( 8, 8) CPU = mm:      61.98 (old)      21.07 (new) fm:      82.11 (old)      40.17 (new)  diff: old: 6.45e-16 new: 4.07e-16 fm: 4.06e-16 mm: 6.06e-16
Cl( 1, 0) in Cl( 1, 0) CPU = mm:       0.01 (old)       0.01 (new) fm:       0.01 (old)       0.01 (new)  diff: old: 0.00e+00 new: 0.00e+00 fm: 0.00e+00 mm: 0.00e+00
Cl( 1, 1) in Cl( 1, 1) CPU = mm:       0.01 (old)       0.00 (new) fm:       0.01 (old)       0.00 (new)  diff: old: 0.00e+00 new: 0.00e+00 fm: 0.00e+00 mm: 0.00e+00
Cl( 2, 1) in Cl( 2, 1) CPU = mm:       0.01 (old)       0.01 (new) fm:       0.00 (old)       0.01 (new)  diff: old: 4.01e-17 new: 4.01e-17 fm: 0.00e+00 mm: 0.00e+00
Cl( 2, 2) in Cl( 2, 2) CPU = mm:       0.01 (old)       0.00 (new) fm:       0.01 (old)       0.00 (new)  diff: old: 5.64e-17 new: 4.57e-17 fm: 9.97e-18 mm: 4.46e-17
Cl( 3, 2) in Cl( 3, 2) CPU = mm:       0.02 (old)       0.01 (new) fm:       0.01 (old)       0.01 (new)  diff: old: 9.87e-17 new: 2.69e-17 fm: 0.00e+00 mm: 7.46e-17
Cl( 3, 3) in Cl( 3, 3) CPU = mm:       0.02 (old)       0.01 (new) fm:       0.04 (old)       0.01 (new)  diff: old: 1.12e-16 new: 1.24e-16 fm: 1.42e-16 mm: 1.80e-16
Cl( 4, 3) in Cl( 4, 3) CPU = mm:       0.05 (old)       0.02 (new) fm:       0.05 (old)       0.04 (new)  diff: old: 1.80e-16 new: 7.95e-17 fm: 9.01e-17 mm: 2.00e-16
Cl( 4, 4) in Cl( 4, 4) CPU = mm:       0.09 (old)       0.04 (new) fm:       0.09 (old)       0.06 (new)  diff: old: 1.71e-16 new: 1.49e-16 fm: 1.58e-16 mm: 2.17e-16
Cl( 5, 4) in Cl( 5, 4) CPU = mm:       0.21 (old)       0.10 (new) fm:       0.19 (old)       0.21 (new)  diff: old: 1.94e-16 new: 1.29e-16 fm: 1.38e-16 mm: 2.08e-16
Cl( 5, 5) in Cl( 5, 5) CPU = mm:       0.38 (old)       0.17 (new) fm:       0.43 (old)       0.33 (new)  diff: old: 2.27e-16 new: 1.83e-16 fm: 1.87e-16 mm: 2.57e-16
Cl( 6, 5) in Cl( 6, 5) CPU = mm:       0.93 (old)       0.42 (new) fm:       1.07 (old)       0.93 (new)  diff: old: 2.72e-16 new: 1.80e-16 fm: 1.76e-16 mm: 2.85e-16
Cl( 6, 6) in Cl( 6, 6) CPU = mm:       1.73 (old)       0.81 (new) fm:       2.16 (old)       1.58 (new)  diff: old: 3.19e-16 new: 2.42e-16 fm: 2.35e-16 mm: 3.29e-16
Cl( 7, 6) in Cl( 7, 6) CPU = mm:       4.92 (old)       1.98 (new) fm:       7.01 (old)       4.43 (new)  diff: old: 3.68e-16 new: 2.30e-16 fm: 2.27e-16 mm: 3.63e-16
Cl( 7, 7) in Cl( 7, 7) CPU = mm:       9.54 (old)       3.99 (new) fm:      15.93 (old)       7.73 (new)  diff: old: 4.58e-16 new: 3.04e-16 fm: 2.99e-16 mm: 4.45e-16
Cl( 8, 7) in Cl( 8, 7) CPU = mm:      32.05 (old)       9.95 (new) fm:      49.77 (old)      21.20 (new)  diff: old: 5.25e-16 new: 3.05e-16 fm: 3.05e-16 mm: 5.04e-16
Cl( 8, 8) in Cl( 8, 8) CPU = mm:      64.92 (old)      20.01 (new) fm:      82.68 (old)      37.97 (new)  diff: old: 6.43e-16 new: 4.08e-16 fm: 4.08e-16 mm: 6.09e-16
Fill: 1
Cl( 1, 0) in Cl(16, 0) CPU = mm:       0.02 (old)       0.48 (new) fm:      76.14 (old)       0.16 (new)  diff: old: 4.77e-15 new: 0.00e+00 fm: 0.00e+00 mm: 4.77e-15
Cl( 2, 0) in Cl(16, 0) CPU = mm:       0.02 (old)       0.48 (new) fm:      76.23 (old)       0.16 (new)  diff: old: 3.56e-15 new: 3.91e-17 fm: 0.00e+00 mm: 3.56e-15
Cl( 3, 0) in Cl(16, 0) CPU = mm:       0.02 (old)       0.46 (new) fm:      76.42 (old)       0.17 (new)  diff: old: 2.13e-15 new: 1.15e-17 fm: 0.00e+00 mm: 2.13e-15
Cl( 4, 0) in Cl(16, 0) CPU = mm:       0.04 (old)       0.48 (new) fm:      76.36 (old)       0.17 (new)  diff: old: 3.33e-15 new: 1.58e-16 fm: 0.00e+00 mm: 3.28e-15
Cl( 5, 0) in Cl(16, 0) CPU = mm:       0.06 (old)       0.47 (new) fm:      76.31 (old)       0.18 (new)  diff: old: 3.31e-15 new: 1.83e-16 fm: 0.00e+00 mm: 3.29e-15
Cl( 6, 0) in Cl(16, 0) CPU = mm:       0.12 (old)       0.51 (new) fm:      77.16 (old)       0.22 (new)  diff: old: 3.27e-15 new: 1.32e-16 fm: 0.00e+00 mm: 3.26e-15
Cl( 7, 0) in Cl(16, 0) CPU = mm:       0.21 (old)       0.57 (new) fm:      76.43 (old)       0.31 (new)  diff: old: 3.60e-15 new: 1.70e-16 fm: 0.00e+00 mm: 3.59e-15
Cl( 8, 0) in Cl(16, 0) CPU = mm:       1.93 (old)       0.85 (new) fm:      78.00 (old)       0.46 (new)  diff: old: 3.20e-15 new: 1.99e-16 fm: 0.00e+00 mm: 3.17e-15
Cl( 9, 0) in Cl(16, 0) CPU = mm:       0.68 (old)       1.02 (new) fm:      76.69 (old)       0.82 (new)  diff: old: 2.95e-15 new: 2.87e-16 fm: 0.00e+00 mm: 2.65e-15
Cl(10, 0) in Cl(16, 0) CPU = mm:       1.36 (old)       1.64 (new) fm:      76.06 (old)       1.40 (new)  diff: old: 2.53e-15 new: 2.90e-16 fm: 9.21e-17 mm: 2.30e-15
Cl(11, 0) in Cl(16, 0) CPU = mm:       2.55 (old)       2.45 (new) fm:      76.11 (old)       2.57 (new)  diff: old: 1.97e-15 new: 4.30e-16 fm: 1.36e-16 mm: 1.84e-15
Cl(12, 0) in Cl(16, 0) CPU = mm:       5.60 (old)       4.03 (new) fm:      79.11 (old)       4.61 (new)  diff: old: 2.13e-15 new: 7.61e-16 fm: 1.73e-16 mm: 1.99e-15
Cl(13, 0) in Cl(16, 0) CPU = mm:      11.97 (old)       6.71 (new) fm:      78.01 (old)       9.12 (new)  diff: old: 2.20e-15 new: 1.40e-15 fm: 2.26e-16 mm: 1.39e-15
Cl(14, 0) in Cl(16, 0) CPU = mm:      26.50 (old)      12.10 (new) fm:      79.30 (old)      14.78 (new)  diff: old: 1.56e-15 new: 1.02e-15 fm: 2.97e-16 mm: 9.89e-16
Cl(15, 0) in Cl(16, 0) CPU = mm:      58.87 (old)      20.22 (new) fm:      81.69 (old)      23.52 (new)  diff: old: 1.22e-15 new: 8.93e-16 fm: 4.06e-16 mm: 7.99e-16
Cl(16, 0) in Cl(16, 0) CPU = mm:     127.59 (old)      39.70 (new) fm:      84.72 (old)      44.82 (new)  diff: old: 7.40e-16 new: 5.53e-16 fm: 5.57e-16 mm: 7.80e-16
Cl( 1, 0) in Cl( 8, 8) CPU = mm:       0.02 (old)       0.55 (new) fm:      76.68 (old)       0.16 (new)  diff: old: 4.52e-15 new: 0.00e+00 fm: 0.00e+00 mm: 4.52e-15
Cl( 1, 1) in Cl( 8, 8) CPU = mm:       0.02 (old)       0.48 (new) fm:      77.25 (old)       0.15 (new)  diff: old: 2.02e-15 new: 0.00e+00 fm: 0.00e+00 mm: 2.01e-15
Cl( 2, 1) in Cl( 8, 8) CPU = mm:       0.02 (old)       0.45 (new) fm:      76.54 (old)       0.15 (new)  diff: old: 1.68e-15 new: 4.26e-17 fm: 0.00e+00 mm: 1.64e-15
Cl( 2, 2) in Cl( 8, 8) CPU = mm:       0.04 (old)       0.46 (new) fm:      79.18 (old)       0.22 (new)  diff: old: 1.44e-15 new: 1.70e-16 fm: 1.57e-16 mm: 1.47e-15
Cl( 3, 2) in Cl( 8, 8) CPU = mm:       0.07 (old)       0.47 (new) fm:      76.60 (old)       0.16 (new)  diff: old: 1.85e-15 new: 9.50e-17 fm: 7.58e-17 mm: 1.91e-15
Cl( 3, 3) in Cl( 8, 8) CPU = mm:       0.11 (old)       0.46 (new) fm:      78.61 (old)       0.18 (new)  diff: old: 1.39e-15 new: 1.52e-16 fm: 1.20e-16 mm: 1.35e-15
Cl( 4, 3) in Cl( 8, 8) CPU = mm:       0.21 (old)       0.49 (new) fm:      76.53 (old)       0.21 (new)  diff: old: 1.25e-15 new: 1.92e-16 fm: 1.50e-16 mm: 1.23e-15
Cl( 4, 4) in Cl( 8, 8) CPU = mm:       0.37 (old)       0.54 (new) fm:      76.40 (old)       0.28 (new)  diff: old: 8.84e-16 new: 2.52e-16 fm: 1.68e-16 mm: 8.88e-16
Cl( 5, 4) in Cl( 8, 8) CPU = mm:       0.78 (old)       0.80 (new) fm:      76.48 (old)       0.42 (new)  diff: old: 8.84e-16 new: 2.81e-16 fm: 1.76e-16 mm: 8.67e-16
Cl( 5, 5) in Cl( 8, 8) CPU = mm:       1.35 (old)       0.85 (new) fm:      76.36 (old)       0.70 (new)  diff: old: 6.89e-16 new: 3.63e-16 fm: 2.26e-16 mm: 7.16e-16
Cl( 6, 5) in Cl( 8, 8) CPU = mm:       2.99 (old)       1.30 (new) fm:      77.30 (old)       1.32 (new)  diff: old: 7.61e-16 new: 3.71e-16 fm: 2.31e-16 mm: 6.61e-16
Cl( 6, 6) in Cl( 8, 8) CPU = mm:       5.97 (old)       2.14 (new) fm:      77.01 (old)       2.56 (new)  diff: old: 5.48e-16 new: 5.10e-16 fm: 3.03e-16 mm: 5.83e-16
Cl( 7, 6) in Cl( 8, 8) CPU = mm:      13.65 (old)       4.07 (new) fm:      79.09 (old)       5.28 (new)  diff: old: 5.61e-16 new: 5.42e-16 fm: 3.04e-16 mm: 5.88e-16
Cl( 7, 7) in Cl( 8, 8) CPU = mm:      28.53 (old)       8.55 (new) fm:      78.60 (old)      10.52 (new)  diff: old: 5.79e-16 new: 7.12e-16 fm: 4.06e-16 mm: 6.12e-16
Cl( 8, 7) in Cl( 8, 8) CPU = mm:      64.53 (old)      17.42 (new) fm:      81.59 (old)      21.62 (new)  diff: old: 5.80e-16 new: 7.40e-16 fm: 4.10e-16 mm: 6.17e-16
Cl( 8, 8) in Cl( 8, 8) CPU = mm:     128.40 (old)      35.15 (new) fm:      85.30 (old)      37.56 (new)  diff: old: 7.47e-16 new: 5.54e-16 fm: 5.60e-16 mm: 7.83e-16
Cl( 1, 0) in Cl( 1, 0) CPU = mm:       0.01 (old)       0.01 (new) fm:       0.01 (old)       0.01 (new)  diff: old: 0.00e+00 new: 0.00e+00 fm: 0.00e+00 mm: 0.00e+00
Cl( 1, 1) in Cl( 1, 1) CPU = mm:       0.01 (old)       0.00 (new) fm:       0.00 (old)       0.00 (new)  diff: old: 0.00e+00 new: 0.00e+00 fm: 0.00e+00 mm: 0.00e+00
Cl( 2, 1) in Cl( 2, 1) CPU = mm:       0.01 (old)       0.01 (new) fm:       0.00 (old)       0.01 (new)  diff: old: 4.15e-17 new: 2.07e-17 fm: 0.00e+00 mm: 2.93e-17
Cl( 2, 2) in Cl( 2, 2) CPU = mm:       0.01 (old)       0.00 (new) fm:       0.00 (old)       0.00 (new)  diff: old: 7.89e-17 new: 8.26e-17 fm: 1.24e-16 mm: 1.56e-16
Cl( 3, 2) in Cl( 3, 2) CPU = mm:       0.03 (old)       0.01 (new) fm:       0.01 (old)       0.01 (new)  diff: old: 1.11e-16 new: 6.25e-17 fm: 1.29e-16 mm: 1.68e-16
Cl( 3, 3) in Cl( 3, 3) CPU = mm:       0.05 (old)       0.01 (new) fm:       0.01 (old)       0.01 (new)  diff: old: 1.28e-16 new: 1.21e-16 fm: 1.11e-16 mm: 1.52e-16
Cl( 4, 3) in Cl( 4, 3) CPU = mm:       0.09 (old)       0.03 (new) fm:       0.03 (old)       0.05 (new)  diff: old: 1.50e-16 new: 1.35e-16 fm: 1.30e-16 mm: 2.00e-16
Cl( 4, 4) in Cl( 4, 4) CPU = mm:       0.15 (old)       0.05 (new) fm:       0.05 (old)       0.07 (new)  diff: old: 1.81e-16 new: 1.61e-16 fm: 1.66e-16 mm: 2.16e-16
Cl( 5, 4) in Cl( 5, 4) CPU = mm:       0.35 (old)       0.14 (new) fm:       0.13 (old)       0.21 (new)  diff: old: 2.01e-16 new: 1.72e-16 fm: 1.65e-16 mm: 2.38e-16
Cl( 5, 5) in Cl( 5, 5) CPU = mm:       0.71 (old)       0.26 (new) fm:       0.28 (old)       0.33 (new)  diff: old: 2.73e-16 new: 2.27e-16 fm: 2.29e-16 mm: 3.03e-16
Cl( 6, 5) in Cl( 6, 5) CPU = mm:       1.71 (old)       0.65 (new) fm:       0.84 (old)       0.98 (new)  diff: old: 3.07e-16 new: 2.14e-16 fm: 2.36e-16 mm: 3.47e-16
Cl( 6, 6) in Cl( 6, 6) CPU = mm:       3.23 (old)       1.25 (new) fm:       1.71 (old)       1.53 (new)  diff: old: 3.88e-16 new: 2.91e-16 fm: 3.06e-16 mm: 4.30e-16
Cl( 7, 6) in Cl( 7, 6) CPU = mm:       9.79 (old)       3.20 (new) fm:       6.96 (old)       4.50 (new)  diff: old: 4.09e-16 new: 2.94e-16 fm: 3.04e-16 mm: 4.41e-16
Cl( 7, 7) in Cl( 7, 7) CPU = mm:      17.74 (old)       6.35 (new) fm:      16.81 (old)       7.48 (new)  diff: old: 5.34e-16 new: 3.97e-16 fm: 4.10e-16 mm: 5.70e-16
Cl( 8, 7) in Cl( 8, 7) CPU = mm:      64.94 (old)      18.06 (new) fm:      51.90 (old)      22.09 (new)  diff: old: 5.81e-16 new: 4.06e-16 fm: 4.10e-16 mm: 6.17e-16
Cl( 8, 8) in Cl( 8, 8) CPU = mm:     129.43 (old)      35.28 (new) fm:      85.11 (old)      38.33 (new)  diff: old: 7.41e-16 new: 5.57e-16 fm: 5.57e-16 mm: 7.78e-16
