
framed_multi<float,-4,4>
Clifford algebra expressions test:
Fill: 0.5
Cl( 1, 0) in Cl( 1, 0) CPU =        0.005 ms (setup)        0.004 (comm)        0.011 (pade)        0.005 (series)        0.002 (mix)        0.004 (add) 
Cl( 1, 1) in Cl( 1, 1) CPU =        0.002 ms (setup)        0.002 (comm)        0.010 (pade)        0.002 (series)        0.001 (mix)        0.004 (add) 
Cl( 2, 1) in Cl( 2, 1) CPU =        0.003 ms (setup)        0.013 (comm)        0.025 (pade)        0.016 (series)        0.005 (mix)        0.004 (add) 
Cl( 2, 2) in Cl( 2, 2) CPU =        0.013 ms (setup)        0.022 (comm)        0.030 (pade)        0.028 (series)        0.007 (mix)        0.005 (add) 
Cl( 3, 2) in Cl( 3, 2) CPU =        0.009 ms (setup)        0.046 (comm)        0.136 (pade)        0.046 (series)        0.018 (mix)        0.008 (add) 
Cl( 3, 3) in Cl( 3, 3) CPU =        0.022 ms (setup)        0.122 (comm)        0.177 (pade)        0.190 (series)        0.044 (mix)        0.014 (add) 
Cl( 4, 3) in Cl( 4, 3) CPU =        0.040 ms (setup)        0.299 (comm)        0.588 (pade)        0.555 (series)        0.103 (mix)        0.026 (add) 
Cl( 4, 4) in Cl( 4, 4) CPU =        0.079 ms (setup)        1.719 (comm)        0.751 (pade)        2.794 (series)        0.252 (mix)        0.053 (add) 
Cl( 1, 0) in Cl( 4, 4) CPU =        0.001 ms (setup)        0.002 (comm)        0.007 (pade)        0.005 (series)        0.001 (mix)        0.002 (add) 
Cl( 1, 1) in Cl( 4, 4) CPU =        0.002 ms (setup)        0.004 (comm)        0.008 (pade)        0.005 (series)        0.002 (mix)        0.003 (add) 
Cl( 2, 1) in Cl( 4, 4) CPU =        0.003 ms (setup)        0.010 (comm)        0.021 (pade)        0.013 (series)        0.004 (mix)        0.003 (add) 
Cl( 2, 2) in Cl( 4, 4) CPU =        0.005 ms (setup)        0.018 (comm)        0.024 (pade)        0.026 (series)        0.007 (mix)        0.004 (add) 
Cl( 3, 2) in Cl( 4, 4) CPU =        0.008 ms (setup)        0.040 (comm)        0.104 (pade)        0.059 (series)        0.015 (mix)        0.007 (add) 
Cl( 3, 3) in Cl( 4, 4) CPU =        0.017 ms (setup)        0.101 (comm)        0.148 (pade)        0.162 (series)        0.033 (mix)        0.013 (add) 
Cl( 4, 3) in Cl( 4, 4) CPU =        0.032 ms (setup)        0.213 (comm)        0.472 (pade)        0.388 (series)        0.075 (mix)        0.019 (add) 
Cl( 4, 4) in Cl( 4, 4) CPU =        0.068 ms (setup)        1.398 (comm)        0.554 (pade)        2.115 (series)        0.181 (mix)        0.043 (add) 
Fill: 1
Cl( 1, 0) in Cl( 1, 0) CPU =        0.002 ms (setup)        0.005 (comm)        0.006 (pade)        0.007 (series)        0.002 (mix)        0.002 (add) 
Cl( 1, 1) in Cl( 1, 1) CPU =        0.002 ms (setup)        0.007 (comm)        0.007 (pade)        0.010 (series)        0.002 (mix)        0.003 (add) 
Cl( 2, 1) in Cl( 2, 1) CPU =        0.004 ms (setup)        0.011 (comm)        0.018 (pade)        0.014 (series)        0.004 (mix)        0.003 (add) 
Cl( 2, 2) in Cl( 2, 2) CPU =        0.006 ms (setup)        0.019 (comm)        0.028 (pade)        0.024 (series)        0.007 (mix)        0.004 (add) 
Cl( 3, 2) in Cl( 3, 2) CPU =        0.010 ms (setup)        0.050 (comm)        0.083 (pade)        0.064 (series)        0.015 (mix)        0.006 (add) 
Cl( 3, 3) in Cl( 3, 3) CPU =        0.020 ms (setup)        0.134 (comm)        0.119 (pade)        0.191 (series)        0.045 (mix)        0.012 (add) 
Cl( 4, 3) in Cl( 4, 3) CPU =        0.045 ms (setup)        0.412 (comm)        0.423 (pade)        0.617 (series)        0.094 (mix)        0.026 (add) 
Cl( 4, 4) in Cl( 4, 4) CPU =        0.096 ms (setup)        1.498 (comm)        0.627 (pade)        2.475 (series)        0.255 (mix)        0.083 (add) 
Cl( 1, 0) in Cl( 4, 4) CPU =        0.002 ms (setup)        0.005 (comm)        0.007 (pade)        0.006 (series)        0.002 (mix)        0.002 (add) 
Cl( 1, 1) in Cl( 4, 4) CPU =        0.002 ms (setup)        0.007 (comm)        0.007 (pade)        0.009 (series)        0.002 (mix)        0.002 (add) 
Cl( 2, 1) in Cl( 4, 4) CPU =        0.005 ms (setup)        0.010 (comm)        0.018 (pade)        0.012 (series)        0.004 (mix)        0.003 (add) 
Cl( 2, 2) in Cl( 4, 4) CPU =        0.006 ms (setup)        0.020 (comm)        0.026 (pade)        0.025 (series)        0.007 (mix)        0.004 (add) 
Cl( 3, 2) in Cl( 4, 4) CPU =        0.010 ms (setup)        0.048 (comm)        0.083 (pade)        0.064 (series)        0.015 (mix)        0.007 (add) 
Cl( 3, 3) in Cl( 4, 4) CPU =        0.020 ms (setup)        0.146 (comm)        0.119 (pade)        0.190 (series)        0.040 (mix)        0.013 (add) 
Cl( 4, 3) in Cl( 4, 4) CPU =        0.044 ms (setup)        0.414 (comm)        0.424 (pade)        0.624 (series)        0.095 (mix)        0.026 (add) 
Cl( 4, 4) in Cl( 4, 4) CPU =        0.095 ms (setup)        1.484 (comm)        0.635 (pade)        2.452 (series)        0.254 (mix)        0.079 (add) 

matrix_multi<float,-4,4>
Clifford algebra expressions test:
Fill: 0.5
Cl( 1, 0) in Cl( 1, 0) CPU =        0.002 ms (setup)        0.007 (comm)        0.003 (pade)        0.002 (series)        0.005 (mix)        0.001 (add) 
Cl( 1, 1) in Cl( 1, 1) CPU =        0.004 ms (setup)        0.017 (comm)        0.002 (pade)        0.002 (series)        0.013 (mix)        0.001 (add) 
Cl( 2, 1) in Cl( 2, 1) CPU =        0.005 ms (setup)        0.070 (comm)        0.003 (pade)        0.002 (series)        0.068 (mix)        0.001 (add) 
Cl( 2, 2) in Cl( 2, 2) CPU =        0.007 ms (setup)        0.104 (comm)        0.003 (pade)        0.002 (series)        0.102 (mix)        0.001 (add) 
Cl( 3, 2) in Cl( 3, 2) CPU =        0.033 ms (setup)        0.331 (comm)        0.005 (pade)        0.004 (series)        0.328 (mix)        0.001 (add) 
Cl( 3, 3) in Cl( 3, 3) CPU =        0.061 ms (setup)        0.618 (comm)        0.005 (pade)        0.004 (series)        0.612 (mix)        0.001 (add) 
Cl( 4, 3) in Cl( 4, 3) CPU =        0.139 ms (setup)        2.682 (comm)        0.011 (pade)        0.009 (series)        2.670 (mix)        0.001 (add) 
Cl( 4, 4) in Cl( 4, 4) CPU =        0.271 ms (setup)        4.024 (comm)        0.011 (pade)        0.013 (series)        4.037 (mix)        0.001 (add) 
Cl( 1, 0) in Cl( 4, 4) CPU =        0.005 ms (setup)        0.064 (comm)        0.009 (pade)        0.009 (series)        0.056 (mix)        0.001 (add) 
Cl( 1, 1) in Cl( 4, 4) CPU =        0.007 ms (setup)        0.082 (comm)        0.010 (pade)        0.009 (series)        0.074 (mix)        0.001 (add) 
Cl( 2, 1) in Cl( 4, 4) CPU =        0.018 ms (setup)        0.185 (comm)        0.010 (pade)        0.009 (series)        0.180 (mix)        0.001 (add) 
Cl( 2, 2) in Cl( 4, 4) CPU =        0.032 ms (setup)        0.235 (comm)        0.010 (pade)        0.009 (series)        0.229 (mix)        0.001 (add) 
Cl( 3, 2) in Cl( 4, 4) CPU =        0.129 ms (setup)        0.645 (comm)        0.010 (pade)        0.009 (series)        0.636 (mix)        0.001 (add) 
Cl( 3, 3) in Cl( 4, 4) CPU =        0.203 ms (setup)        0.936 (comm)        0.011 (pade)        0.009 (series)        0.928 (mix)        0.001 (add) 
Cl( 4, 3) in Cl( 4, 4) CPU =        0.519 ms (setup)        2.523 (comm)        0.011 (pade)        0.009 (series)        2.513 (mix)        0.001 (add) 
Cl( 4, 4) in Cl( 4, 4) CPU =        0.268 ms (setup)        4.105 (comm)        0.010 (pade)        0.009 (series)        4.436 (mix)        0.001 (add) 
Fill: 1
Cl( 1, 0) in Cl( 1, 0) CPU =        0.002 ms (setup)        0.015 (comm)        0.003 (pade)        0.002 (series)        0.014 (mix)        0.001 (add) 
Cl( 1, 1) in Cl( 1, 1) CPU =        0.003 ms (setup)        0.024 (comm)        0.003 (pade)        0.002 (series)        0.025 (mix)        0.001 (add) 
Cl( 2, 1) in Cl( 2, 1) CPU =        0.006 ms (setup)        0.077 (comm)        0.003 (pade)        0.002 (series)        0.076 (mix)        0.001 (add) 
Cl( 2, 2) in Cl( 2, 2) CPU =        0.015 ms (setup)        0.133 (comm)        0.003 (pade)        0.002 (series)        0.127 (mix)        0.001 (add) 
Cl( 3, 2) in Cl( 3, 2) CPU =        0.039 ms (setup)        0.478 (comm)        0.005 (pade)        0.005 (series)        0.477 (mix)        0.001 (add) 
Cl( 3, 3) in Cl( 3, 3) CPU =        0.081 ms (setup)        0.757 (comm)        0.005 (pade)        0.004 (series)        0.742 (mix)        0.001 (add) 
Cl( 4, 3) in Cl( 4, 3) CPU =        0.199 ms (setup)        3.100 (comm)        0.011 (pade)        0.009 (series)        3.086 (mix)        0.001 (add) 
Cl( 4, 4) in Cl( 4, 4) CPU =        0.383 ms (setup)        4.680 (comm)        0.011 (pade)        0.009 (series)        4.658 (mix)        0.001 (add) 
Cl( 1, 0) in Cl( 4, 4) CPU =        0.006 ms (setup)        0.113 (comm)        0.010 (pade)        0.009 (series)        0.106 (mix)        0.001 (add) 
Cl( 1, 1) in Cl( 4, 4) CPU =        0.009 ms (setup)        0.154 (comm)        0.010 (pade)        0.009 (series)        0.149 (mix)        0.001 (add) 
Cl( 2, 1) in Cl( 4, 4) CPU =        0.030 ms (setup)        0.226 (comm)        0.010 (pade)        0.009 (series)        0.222 (mix)        0.001 (add) 
Cl( 2, 2) in Cl( 4, 4) CPU =        0.062 ms (setup)        0.342 (comm)        0.010 (pade)        0.009 (series)        0.337 (mix)        0.001 (add) 
Cl( 3, 2) in Cl( 4, 4) CPU =        0.148 ms (setup)        0.710 (comm)        0.011 (pade)        0.009 (series)        0.706 (mix)        0.001 (add) 
Cl( 3, 3) in Cl( 4, 4) CPU =        0.249 ms (setup)        1.125 (comm)        0.011 (pade)        0.009 (series)        1.168 (mix)        0.001 (add) 
Cl( 4, 3) in Cl( 4, 4) CPU =        0.689 ms (setup)        3.465 (comm)        0.011 (pade)        0.009 (series)        3.389 (mix)        0.001 (add) 
Cl( 4, 4) in Cl( 4, 4) CPU =        0.384 ms (setup)        4.655 (comm)        0.010 (pade)        0.009 (series)        4.654 (mix)        0.001 (add) 

framed_multi<double>
Clifford algebra expressions test:
Fill: 0.5
Cl( 1, 0) in Cl( 1, 0) CPU =        0.004 ms (setup)        0.003 (comm)        0.007 (pade)        0.003 (series)        0.001 (mix)        0.002 (add) 
Cl( 1, 1) in Cl( 1, 1) CPU =        0.002 ms (setup)        0.001 (comm)        0.007 (pade)        0.001 (series)        0.001 (mix)        0.002 (add) 
Cl( 2, 1) in Cl( 2, 1) CPU =        0.003 ms (setup)        0.010 (comm)        0.015 (pade)        0.011 (series)        0.003 (mix)        0.002 (add) 
Cl( 2, 2) in Cl( 2, 2) CPU =        0.005 ms (setup)        0.018 (comm)        0.018 (pade)        0.022 (series)        0.006 (mix)        0.003 (add) 
Cl( 3, 2) in Cl( 3, 2) CPU =        0.007 ms (setup)        0.046 (comm)        0.081 (pade)        0.039 (series)        0.014 (mix)        0.005 (add) 
Cl( 3, 3) in Cl( 3, 3) CPU =        0.015 ms (setup)        0.101 (comm)        0.115 (pade)        0.166 (series)        0.034 (mix)        0.007 (add) 
Cl( 4, 3) in Cl( 4, 3) CPU =        0.030 ms (setup)        0.255 (comm)        0.354 (pade)        0.489 (series)        0.081 (mix)        0.012 (add) 
Cl( 4, 4) in Cl( 4, 4) CPU =        0.062 ms (setup)        1.159 (comm)        0.508 (pade)        1.948 (series)        0.218 (mix)        0.024 (add) 
Cl( 5, 4) in Cl( 5, 4) CPU =        0.120 ms (setup)        3.814 (comm)        1.722 (pade)        6.644 (series)        0.616 (mix)        0.051 (add) 
Cl( 5, 5) in Cl( 5, 5) CPU =        0.242 ms (setup)        5.820 (comm)        2.414 (pade)        9.569 (series)        1.472 (mix)        0.124 (add) 
Cl( 6, 5) in Cl( 6, 5) CPU =        0.512 ms (setup)       19.448 (comm)        8.829 (pade)       31.694 (series)        4.071 (mix)        0.182 (add) 
Cl( 6, 6) in Cl( 6, 6) CPU =        1.020 ms (setup)       32.773 (comm)       11.546 (pade)       44.370 (series)       11.069 (mix)        0.397 (add) 
Cl( 7, 6) in Cl( 7, 6) CPU =        1.994 ms (setup)      104.368 (comm)       39.828 (pade)      150.620 (series)       32.233 (mix)        0.764 (add) 
Cl( 7, 7) in Cl( 7, 7) CPU =        4.050 ms (setup)      190.269 (comm)       55.069 (pade)      214.438 (series)       93.576 (mix)        1.631 (add) 
Cl( 8, 7) in Cl( 8, 7) CPU =        8.212 ms (setup)      628.271 (comm)      198.762 (pade)      749.918 (series)      278.365 (mix)        3.533 (add) 
Cl( 8, 8) in Cl( 8, 8) CPU =       16.396 ms (setup)     1339.948 (comm)      278.038 (pade)     1065.964 (series)      849.375 (mix)        8.554 (add) 
Cl( 1, 0) in Cl( 8, 8) CPU =        0.003 ms (setup)        0.002 (comm)        0.005 (pade)        0.003 (series)        0.001 (mix)        0.002 (add) 
Cl( 1, 1) in Cl( 8, 8) CPU =        0.002 ms (setup)        0.002 (comm)        0.007 (pade)        0.002 (series)        0.001 (mix)        0.002 (add) 
Cl( 2, 1) in Cl( 8, 8) CPU =        0.008 ms (setup)        0.011 (comm)        0.018 (pade)        0.011 (series)        0.003 (mix)        0.003 (add) 
Cl( 2, 2) in Cl( 8, 8) CPU =        0.005 ms (setup)        0.019 (comm)        0.019 (pade)        0.021 (series)        0.007 (mix)        0.003 (add) 
Cl( 3, 2) in Cl( 8, 8) CPU =        0.006 ms (setup)        0.032 (comm)        0.054 (pade)        0.033 (series)        0.011 (mix)        0.003 (add) 
Cl( 3, 3) in Cl( 8, 8) CPU =        0.014 ms (setup)        0.103 (comm)        0.105 (pade)        0.165 (series)        0.035 (mix)        0.007 (add) 
Cl( 4, 3) in Cl( 8, 8) CPU =        0.030 ms (setup)        0.263 (comm)        0.364 (pade)        0.479 (series)        0.082 (mix)        0.015 (add) 
Cl( 4, 4) in Cl( 8, 8) CPU =        0.061 ms (setup)        1.133 (comm)        0.504 (pade)        1.921 (series)        0.208 (mix)        0.022 (add) 
Cl( 5, 4) in Cl( 8, 8) CPU =        0.120 ms (setup)        3.712 (comm)        1.671 (pade)        6.562 (series)        0.530 (mix)        0.044 (add) 
Cl( 5, 5) in Cl( 8, 8) CPU =        0.244 ms (setup)        5.647 (comm)        2.325 (pade)        9.153 (series)        1.379 (mix)        0.085 (add) 
Cl( 6, 5) in Cl( 8, 8) CPU =        0.484 ms (setup)       18.718 (comm)        8.000 (pade)       31.274 (series)        3.848 (mix)        0.178 (add) 
Cl( 6, 6) in Cl( 8, 8) CPU =        0.966 ms (setup)       31.543 (comm)       11.172 (pade)       43.773 (series)       10.835 (mix)        0.362 (add) 
Cl( 7, 6) in Cl( 8, 8) CPU =        1.978 ms (setup)      103.444 (comm)       39.110 (pade)      149.742 (series)       31.585 (mix)        0.762 (add) 
Cl( 7, 7) in Cl( 8, 8) CPU =        3.946 ms (setup)      193.636 (comm)       55.425 (pade)      215.446 (series)       95.435 (mix)        1.580 (add) 
Cl( 8, 7) in Cl( 8, 8) CPU =        8.037 ms (setup)      641.029 (comm)      200.268 (pade)      752.276 (series)      285.259 (mix)        3.457 (add) 
Cl( 8, 8) in Cl( 8, 8) CPU =       16.284 ms (setup)     1332.846 (comm)      280.880 (pade)     1072.193 (series)      848.706 (mix)        8.501 (add) 
Fill: 1
Cl( 1, 0) in Cl( 1, 0) CPU =        0.002 ms (setup)        0.005 (comm)        0.007 (pade)        0.007 (series)        0.002 (mix)        0.002 (add) 
Cl( 1, 1) in Cl( 1, 1) CPU =        0.002 ms (setup)        0.009 (comm)        0.007 (pade)        0.009 (series)        0.003 (mix)        0.003 (add) 
Cl( 2, 1) in Cl( 2, 1) CPU =        0.005 ms (setup)        0.013 (comm)        0.019 (pade)        0.016 (series)        0.005 (mix)        0.003 (add) 
Cl( 2, 2) in Cl( 2, 2) CPU =        0.007 ms (setup)        0.027 (comm)        0.025 (pade)        0.033 (series)        0.009 (mix)        0.004 (add) 
Cl( 3, 2) in Cl( 3, 2) CPU =        0.012 ms (setup)        0.079 (comm)        0.082 (pade)        0.090 (series)        0.019 (mix)        0.005 (add) 
Cl( 3, 3) in Cl( 3, 3) CPU =        0.025 ms (setup)        0.182 (comm)        0.115 (pade)        0.270 (series)        0.046 (mix)        0.011 (add) 
Cl( 4, 3) in Cl( 4, 3) CPU =        0.052 ms (setup)        0.581 (comm)        0.387 (pade)        0.914 (series)        0.112 (mix)        0.019 (add) 
Cl( 4, 4) in Cl( 4, 4) CPU =        0.100 ms (setup)        1.397 (comm)        0.567 (pade)        2.216 (series)        0.282 (mix)        0.039 (add) 
Cl( 5, 4) in Cl( 5, 4) CPU =        0.202 ms (setup)        4.372 (comm)        1.942 (pade)        7.282 (series)        0.730 (mix)        0.083 (add) 
Cl( 5, 5) in Cl( 5, 5) CPU =        0.400 ms (setup)        7.319 (comm)        2.727 (pade)       10.704 (series)        1.936 (mix)        0.158 (add) 
Cl( 6, 5) in Cl( 6, 5) CPU =        0.843 ms (setup)       22.861 (comm)        9.242 (pade)       35.248 (series)        5.311 (mix)        0.326 (add) 
Cl( 6, 6) in Cl( 6, 6) CPU =        1.605 ms (setup)       40.996 (comm)       13.243 (pade)       52.099 (series)       14.829 (mix)        0.686 (add) 
Cl( 7, 6) in Cl( 7, 6) CPU =        3.353 ms (setup)      129.434 (comm)       44.123 (pade)      170.875 (series)       42.711 (mix)        1.425 (add) 
Cl( 7, 7) in Cl( 7, 7) CPU =        6.624 ms (setup)      257.721 (comm)       66.113 (pade)      258.490 (series)      128.007 (mix)        3.762 (add) 
Cl( 8, 7) in Cl( 8, 7) CPU =       13.825 ms (setup)      822.846 (comm)      231.751 (pade)      876.515 (series)      391.120 (mix)        9.233 (add) 
Cl( 8, 8) in Cl( 8, 8) CPU =       28.213 ms (setup)     1855.530 (comm)      349.310 (pade)     1322.148 (series)     1194.620 (mix)       18.265 (add) 
Cl( 1, 0) in Cl( 8, 8) CPU =        0.002 ms (setup)        0.005 (comm)        0.006 (pade)        0.006 (series)        0.002 (mix)        0.003 (add) 
Cl( 1, 1) in Cl( 8, 8) CPU =        0.002 ms (setup)        0.007 (comm)        0.007 (pade)        0.016 (series)        0.003 (mix)        0.003 (add) 
Cl( 2, 1) in Cl( 8, 8) CPU =        0.004 ms (setup)        0.015 (comm)        0.021 (pade)        0.015 (series)        0.005 (mix)        0.003 (add) 
Cl( 2, 2) in Cl( 8, 8) CPU =        0.007 ms (setup)        0.026 (comm)        0.025 (pade)        0.033 (series)        0.009 (mix)        0.004 (add) 
Cl( 3, 2) in Cl( 8, 8) CPU =        0.011 ms (setup)        0.067 (comm)        0.090 (pade)        0.090 (series)        0.019 (mix)        0.005 (add) 
Cl( 3, 3) in Cl( 8, 8) CPU =        0.024 ms (setup)        0.198 (comm)        0.115 (pade)        0.278 (series)        0.046 (mix)        0.011 (add) 
Cl( 4, 3) in Cl( 8, 8) CPU =        0.052 ms (setup)        0.579 (comm)        0.405 (pade)        0.923 (series)        0.112 (mix)        0.019 (add) 
Cl( 4, 4) in Cl( 8, 8) CPU =        0.105 ms (setup)        1.397 (comm)        0.569 (pade)        2.201 (series)        0.282 (mix)        0.038 (add) 
Cl( 5, 4) in Cl( 8, 8) CPU =        0.206 ms (setup)        4.357 (comm)        1.854 (pade)        7.577 (series)        0.756 (mix)        0.085 (add) 
Cl( 5, 5) in Cl( 8, 8) CPU =        0.415 ms (setup)        7.288 (comm)        2.718 (pade)       10.719 (series)        1.942 (mix)        0.159 (add) 
Cl( 6, 5) in Cl( 8, 8) CPU =        0.829 ms (setup)       22.850 (comm)        8.960 (pade)       35.659 (series)        5.306 (mix)        0.323 (add) 
Cl( 6, 6) in Cl( 8, 8) CPU =        1.603 ms (setup)       40.770 (comm)       13.256 (pade)       52.541 (series)       14.847 (mix)        0.681 (add) 
Cl( 7, 6) in Cl( 8, 8) CPU =        3.314 ms (setup)      128.949 (comm)       43.943 (pade)      171.258 (series)       42.858 (mix)        1.433 (add) 
Cl( 7, 7) in Cl( 8, 8) CPU =        6.668 ms (setup)      257.233 (comm)       66.346 (pade)      259.435 (series)      129.451 (mix)        3.888 (add) 
Cl( 8, 7) in Cl( 8, 8) CPU =       13.798 ms (setup)      823.282 (comm)      231.762 (pade)      878.254 (series)      387.017 (mix)        8.978 (add) 
Cl( 8, 8) in Cl( 8, 8) CPU =       28.114 ms (setup)     1865.973 (comm)      351.549 (pade)     1319.893 (series)     1196.448 (mix)       18.939 (add) 

matrix_multi<double>
Clifford algebra expressions test:
Fill: 0.5
Cl( 1, 0) in Cl( 1, 0) CPU =        0.004 ms (setup)        0.010 (comm)        0.003 (pade)        0.003 (series)        0.009 (mix)        0.001 (add) 
Cl( 1, 1) in Cl( 1, 1) CPU =        0.009 ms (setup)        0.009 (comm)        0.002 (pade)        0.002 (series)        0.009 (mix)        0.001 (add) 
Cl( 2, 1) in Cl( 2, 1) CPU =        0.005 ms (setup)        0.069 (comm)        0.003 (pade)        0.003 (series)        0.069 (mix)        0.001 (add) 
Cl( 2, 2) in Cl( 2, 2) CPU =        0.007 ms (setup)        0.112 (comm)        0.003 (pade)        0.003 (series)        0.110 (mix)        0.001 (add) 
Cl( 3, 2) in Cl( 3, 2) CPU =        0.046 ms (setup)        0.405 (comm)        0.005 (pade)        0.005 (series)        0.321 (mix)        0.001 (add) 
Cl( 3, 3) in Cl( 3, 3) CPU =        0.061 ms (setup)        0.669 (comm)        0.006 (pade)        0.005 (series)        0.574 (mix)        0.001 (add) 
Cl( 4, 3) in Cl( 4, 3) CPU =        0.156 ms (setup)        2.766 (comm)        0.013 (pade)        0.013 (series)        2.508 (mix)        0.002 (add) 
Cl( 4, 4) in Cl( 4, 4) CPU =        0.284 ms (setup)        3.910 (comm)        0.013 (pade)        0.013 (series)        3.949 (mix)        0.002 (add) 
Cl( 5, 4) in Cl( 5, 4) CPU =        0.648 ms (setup)       15.062 (comm)        0.046 (pade)        0.058 (series)       15.152 (mix)        0.004 (add) 
Cl( 5, 5) in Cl( 5, 5) CPU =        1.274 ms (setup)       22.693 (comm)        0.046 (pade)        0.051 (series)       21.915 (mix)        0.004 (add) 
Cl( 6, 5) in Cl( 6, 5) CPU =        2.900 ms (setup)       84.365 (comm)        0.251 (pade)        0.281 (series)       83.877 (mix)        0.018 (add) 
Cl( 6, 6) in Cl( 6, 6) CPU =        5.681 ms (setup)      118.864 (comm)        0.264 (pade)        0.294 (series)      118.257 (mix)        0.018 (add) 
Cl( 7, 6) in Cl( 7, 6) CPU =       13.175 ms (setup)      494.967 (comm)        1.917 (pade)        1.819 (series)      490.731 (mix)        0.095 (add) 
Cl( 7, 7) in Cl( 7, 7) CPU =       26.323 ms (setup)      656.378 (comm)        1.705 (pade)        1.744 (series)      655.697 (mix)        0.097 (add) 
Cl( 8, 7) in Cl( 8, 7) CPU =       64.929 ms (setup)     3599.421 (comm)       13.097 (pade)       13.492 (series)     3422.789 (mix)        0.427 (add) 
Cl( 8, 8) in Cl( 8, 8) CPU =      128.333 ms (setup)     3898.857 (comm)       12.835 (pade)       12.024 (series)     3893.055 (mix)        0.434 (add) 
Cl( 1, 0) in Cl( 8, 8) CPU =        0.072 ms (setup)       26.637 (comm)       12.255 (pade)       12.043 (series)       20.566 (mix)        0.410 (add) 
Cl( 1, 1) in Cl( 8, 8) CPU =        0.090 ms (setup)       42.809 (comm)       12.969 (pade)       12.081 (series)       35.864 (mix)        0.411 (add) 
Cl( 2, 1) in Cl( 8, 8) CPU =        0.170 ms (setup)       83.633 (comm)       12.823 (pade)       12.155 (series)       77.877 (mix)        0.411 (add) 
Cl( 2, 2) in Cl( 8, 8) CPU =        0.320 ms (setup)      147.057 (comm)       12.665 (pade)       12.026 (series)      140.607 (mix)        0.409 (add) 
Cl( 3, 2) in Cl( 8, 8) CPU =        3.667 ms (setup)      213.782 (comm)       12.989 (pade)       12.204 (series)      205.935 (mix)        0.402 (add) 
Cl( 3, 3) in Cl( 8, 8) CPU =        3.988 ms (setup)      288.697 (comm)       12.720 (pade)       12.194 (series)      281.738 (mix)        0.412 (add) 
Cl( 4, 3) in Cl( 8, 8) CPU =        6.962 ms (setup)      310.098 (comm)       13.025 (pade)       13.784 (series)      298.394 (mix)        0.590 (add) 
Cl( 4, 4) in Cl( 8, 8) CPU =        4.942 ms (setup)      426.599 (comm)       13.444 (pade)       13.784 (series)      404.618 (mix)        0.407 (add) 
Cl( 5, 4) in Cl( 8, 8) CPU =        6.821 ms (setup)      547.344 (comm)       12.885 (pade)       12.386 (series)      540.341 (mix)        0.473 (add) 
Cl( 5, 5) in Cl( 8, 8) CPU =        8.321 ms (setup)      640.652 (comm)       12.771 (pade)       12.078 (series)      636.019 (mix)        0.416 (add) 
Cl( 6, 5) in Cl( 8, 8) CPU =       15.364 ms (setup)      844.001 (comm)       12.862 (pade)       13.640 (series)      838.561 (mix)        0.409 (add) 
Cl( 6, 6) in Cl( 8, 8) CPU =       25.738 ms (setup)      935.501 (comm)       12.822 (pade)       13.630 (series)      933.849 (mix)        0.413 (add) 
Cl( 7, 6) in Cl( 8, 8) CPU =       55.971 ms (setup)     1318.189 (comm)       12.771 (pade)       12.348 (series)     1310.846 (mix)        0.405 (add) 
Cl( 7, 7) in Cl( 8, 8) CPU =      104.015 ms (setup)     1656.862 (comm)       12.830 (pade)       12.031 (series)     1651.490 (mix)        0.400 (add) 
Cl( 8, 7) in Cl( 8, 8) CPU =      240.641 ms (setup)     3178.986 (comm)       12.914 (pade)       13.525 (series)     3178.059 (mix)        0.416 (add) 
Cl( 8, 8) in Cl( 8, 8) CPU =      127.423 ms (setup)     3846.468 (comm)       12.968 (pade)       12.059 (series)     3850.934 (mix)        0.407 (add) 
Fill: 1
Cl( 1, 0) in Cl( 1, 0) CPU =        0.004 ms (setup)        0.015 (comm)        0.003 (pade)        0.002 (series)        0.015 (mix)        0.001 (add) 
Cl( 1, 1) in Cl( 1, 1) CPU =        0.004 ms (setup)        0.024 (comm)        0.003 (pade)        0.004 (series)        0.078 (mix)        0.001 (add) 
Cl( 2, 1) in Cl( 2, 1) CPU =        0.009 ms (setup)        0.080 (comm)        0.003 (pade)        0.003 (series)        0.078 (mix)        0.001 (add) 
Cl( 2, 2) in Cl( 2, 2) CPU =        0.017 ms (setup)        0.144 (comm)        0.003 (pade)        0.003 (series)        0.129 (mix)        0.001 (add) 
Cl( 3, 2) in Cl( 3, 2) CPU =        0.044 ms (setup)        0.468 (comm)        0.005 (pade)        0.005 (series)        0.467 (mix)        0.001 (add) 
Cl( 3, 3) in Cl( 3, 3) CPU =        0.082 ms (setup)        0.744 (comm)        0.005 (pade)        0.005 (series)        0.745 (mix)        0.001 (add) 
Cl( 4, 3) in Cl( 4, 3) CPU =        0.203 ms (setup)        3.038 (comm)        0.013 (pade)        0.013 (series)        3.027 (mix)        0.002 (add) 
Cl( 4, 4) in Cl( 4, 4) CPU =        0.396 ms (setup)        4.599 (comm)        0.013 (pade)        0.014 (series)        4.521 (mix)        0.002 (add) 
Cl( 5, 4) in Cl( 5, 4) CPU =        0.938 ms (setup)       16.652 (comm)        0.046 (pade)        0.057 (series)       16.572 (mix)        0.005 (add) 
Cl( 5, 5) in Cl( 5, 5) CPU =        1.838 ms (setup)       25.133 (comm)        0.047 (pade)        0.051 (series)       24.043 (mix)        0.005 (add) 
Cl( 6, 5) in Cl( 6, 5) CPU =        4.356 ms (setup)       91.023 (comm)        0.257 (pade)        0.284 (series)       92.270 (mix)        0.019 (add) 
Cl( 6, 6) in Cl( 6, 6) CPU =        8.972 ms (setup)      128.056 (comm)        0.274 (pade)        0.292 (series)      127.109 (mix)        0.021 (add) 
Cl( 7, 6) in Cl( 7, 6) CPU =       20.362 ms (setup)      529.380 (comm)        1.710 (pade)        1.768 (series)      525.374 (mix)        0.099 (add) 
Cl( 7, 7) in Cl( 7, 7) CPU =       41.217 ms (setup)      710.986 (comm)        1.711 (pade)        1.732 (series)      704.014 (mix)        0.100 (add) 
Cl( 8, 7) in Cl( 8, 7) CPU =      105.818 ms (setup)     4248.673 (comm)       13.206 (pade)       13.793 (series)     4074.581 (mix)        0.408 (add) 
Cl( 8, 8) in Cl( 8, 8) CPU =      208.760 ms (setup)     4253.409 (comm)       12.784 (pade)       12.196 (series)     4238.132 (mix)        0.663 (add) 
Cl( 1, 0) in Cl( 8, 8) CPU =        0.085 ms (setup)       59.113 (comm)       12.956 (pade)       13.574 (series)       53.964 (mix)        0.412 (add) 
Cl( 1, 1) in Cl( 8, 8) CPU =        0.129 ms (setup)       87.136 (comm)       12.550 (pade)       13.652 (series)       81.072 (mix)        0.407 (add) 
Cl( 2, 1) in Cl( 8, 8) CPU =        0.276 ms (setup)      123.419 (comm)       14.130 (pade)       13.690 (series)      118.841 (mix)        0.413 (add) 
Cl( 2, 2) in Cl( 8, 8) CPU =        3.925 ms (setup)      171.698 (comm)       12.832 (pade)       12.852 (series)      165.566 (mix)        0.412 (add) 
Cl( 3, 2) in Cl( 8, 8) CPU =        3.947 ms (setup)      233.555 (comm)       12.675 (pade)       12.343 (series)      225.780 (mix)        0.446 (add) 
Cl( 3, 3) in Cl( 8, 8) CPU =        4.399 ms (setup)      317.355 (comm)       13.006 (pade)       12.680 (series)      306.882 (mix)        0.423 (add) 
Cl( 4, 3) in Cl( 8, 8) CPU =        7.064 ms (setup)      421.441 (comm)       13.033 (pade)       12.396 (series)      414.663 (mix)        0.457 (add) 
Cl( 4, 4) in Cl( 8, 8) CPU =        7.730 ms (setup)      526.355 (comm)       12.718 (pade)       13.575 (series)      519.945 (mix)        0.415 (add) 
Cl( 5, 4) in Cl( 8, 8) CPU =        7.095 ms (setup)      643.134 (comm)       12.789 (pade)       12.373 (series)      637.766 (mix)        0.412 (add) 
Cl( 5, 5) in Cl( 8, 8) CPU =        9.951 ms (setup)      755.388 (comm)       13.037 (pade)       12.095 (series)      749.477 (mix)        0.416 (add) 
Cl( 6, 5) in Cl( 8, 8) CPU =       19.224 ms (setup)      936.621 (comm)       12.806 (pade)       13.576 (series)      928.639 (mix)        0.408 (add) 
Cl( 6, 6) in Cl( 8, 8) CPU =       33.562 ms (setup)     1083.017 (comm)       12.945 (pade)       13.620 (series)     1071.584 (mix)        0.413 (add) 
Cl( 7, 6) in Cl( 8, 8) CPU =       75.894 ms (setup)     1512.050 (comm)       12.776 (pade)       14.117 (series)     1508.980 (mix)        0.414 (add) 
Cl( 7, 7) in Cl( 8, 8) CPU =      138.529 ms (setup)     1803.726 (comm)       13.082 (pade)       12.046 (series)     1796.054 (mix)        0.422 (add) 
Cl( 8, 7) in Cl( 8, 8) CPU =      342.120 ms (setup)     3377.226 (comm)       13.170 (pade)       11.994 (series)     3373.289 (mix)        0.398 (add) 
Cl( 8, 8) in Cl( 8, 8) CPU =      209.786 ms (setup)     4255.525 (comm)       12.893 (pade)       13.562 (series)     4216.457 (mix)        0.572 (add) 
