expressions/expressions
	linux-vdso.so.1 (0x00007e06c0d8c000)
	libflexiblas.so.3 => /lib/x86_64-linux-gnu/libflexiblas.so.3 (0x00007e06c0400000)
	libstdc++.so.6 => /lib/x86_64-linux-gnu/libstdc++.so.6 (0x00007e06c0000000)
	libm.so.6 => /lib/x86_64-linux-gnu/libm.so.6 (0x00007e06c0b7a000)
	libomp.so.5 => /lib/x86_64-linux-gnu/libomp.so.5 (0x00007e06c02cd000)
	libgcc_s.so.1 => /lib/x86_64-linux-gnu/libgcc_s.so.1 (0x00007e06c0b4b000)
	libc.so.6 => /lib/x86_64-linux-gnu/libc.so.6 (0x00007e06bfc00000)
	/lib64/ld-linux-x86-64.so.2 (0x00007e06c0d8e000)
gfft_test/gfft_test
	linux-vdso.so.1 (0x000078df1036c000)
	libflexiblas.so.3 => /lib/x86_64-linux-gnu/libflexiblas.so.3 (0x000078df0fa00000)
	libstdc++.so.6 => /lib/x86_64-linux-gnu/libstdc++.so.6 (0x000078df0f600000)
	libm.so.6 => /lib/x86_64-linux-gnu/libm.so.6 (0x000078df101cb000)
	libomp.so.5 => /lib/x86_64-linux-gnu/libomp.so.5 (0x000078df0f8cd000)
	libgcc_s.so.1 => /lib/x86_64-linux-gnu/libgcc_s.so.1 (0x000078df1019c000)
	libc.so.6 => /lib/x86_64-linux-gnu/libc.so.6 (0x000078df0f200000)
	/lib64/ld-linux-x86-64.so.2 (0x000078df1036e000)
products/products
	linux-vdso.so.1 (0x000078c71807d000)
	libflexiblas.so.3 => /lib/x86_64-linux-gnu/libflexiblas.so.3 (0x000078c717800000)
	libstdc++.so.6 => /lib/x86_64-linux-gnu/libstdc++.so.6 (0x000078c717400000)
	libm.so.6 => /lib/x86_64-linux-gnu/libm.so.6 (0x000078c717709000)
	libomp.so.5 => /lib/x86_64-linux-gnu/libomp.so.5 (0x000078c7172cd000)
	libgcc_s.so.1 => /lib/x86_64-linux-gnu/libgcc_s.so.1 (0x000078c717f46000)
	libc.so.6 => /lib/x86_64-linux-gnu/libc.so.6 (0x000078c717000000)
	/lib64/ld-linux-x86-64.so.2 (0x000078c71807f000)
squaring/squaring
	linux-vdso.so.1 (0x000073757b6cd000)
	libflexiblas.so.3 => /lib/x86_64-linux-gnu/libflexiblas.so.3 (0x000073757ae00000)
	libstdc++.so.6 => /lib/x86_64-linux-gnu/libstdc++.so.6 (0x000073757aa00000)
	libm.so.6 => /lib/x86_64-linux-gnu/libm.so.6 (0x000073757b529000)
	libomp.so.5 => /lib/x86_64-linux-gnu/libomp.so.5 (0x000073757accd000)
	libgcc_s.so.1 => /lib/x86_64-linux-gnu/libgcc_s.so.1 (0x000073757aca0000)
	libc.so.6 => /lib/x86_64-linux-gnu/libc.so.6 (0x000073757a600000)
	/lib64/ld-linux-x86-64.so.2 (0x000073757b6cf000)
transforms/transforms
	linux-vdso.so.1 (0x000073ffd32a5000)
	libflexiblas.so.3 => /lib/x86_64-linux-gnu/libflexiblas.so.3 (0x000073ffd2a00000)
	libstdc++.so.6 => /lib/x86_64-linux-gnu/libstdc++.so.6 (0x000073ffd2600000)
	libm.so.6 => /lib/x86_64-linux-gnu/libm.so.6 (0x000073ffd2909000)
	libomp.so.5 => /lib/x86_64-linux-gnu/libomp.so.5 (0x000073ffd24cd000)
	libgcc_s.so.1 => /lib/x86_64-linux-gnu/libgcc_s.so.1 (0x000073ffd31cb000)
	libc.so.6 => /lib/x86_64-linux-gnu/libc.so.6 (0x000073ffd2200000)
	/lib64/ld-linux-x86-64.so.2 (0x000073ffd32a7000)
versor/versor
	linux-vdso.so.1 (0x00007d518a565000)
	libflexiblas.so.3 => /lib/x86_64-linux-gnu/libflexiblas.so.3 (0x00007d5189c00000)
	libstdc++.so.6 => /lib/x86_64-linux-gnu/libstdc++.so.6 (0x00007d5189800000)
	libm.so.6 => /lib/x86_64-linux-gnu/libm.so.6 (0x00007d518a3bf000)
	libomp.so.5 => /lib/x86_64-linux-gnu/libomp.so.5 (0x00007d5189acd000)
	libgcc_s.so.1 => /lib/x86_64-linux-gnu/libgcc_s.so.1 (0x00007d518a390000)
	libc.so.6 => /lib/x86_64-linux-gnu/libc.so.6 (0x00007d5189400000)
	/lib64/ld-linux-x86-64.so.2 (0x00007d518a567000)
