
framed_multi<double>
Clifford algebra squaring test:
Fill: 0.5
Cl( 1, 0) in Cl( 1, 0) CPU =        0.049 ms (setup)        0.009 (*) 
Cl( 1, 1) in Cl( 1, 1) CPU =        0.003 ms (setup)        0.002 (*) 
Cl( 2, 1) in Cl( 2, 1) CPU =        0.004 ms (setup)        0.007 (*) 
Cl( 2, 2) in Cl( 2, 2) CPU =        0.004 ms (setup)        0.008 (*) 
Cl( 3, 2) in Cl( 3, 2) CPU =        0.006 ms (setup)        0.019 (*) 
Cl( 3, 3) in Cl( 3, 3) CPU =        0.012 ms (setup)        0.054 (*) 
Cl( 4, 3) in Cl( 4, 3) CPU =        0.026 ms (setup)        0.156 (*) 
Cl( 4, 4) in Cl( 4, 4) CPU =        0.046 ms (setup)        0.920 (*) 
Cl( 5, 4) in Cl( 5, 4) CPU =        0.102 ms (setup)        2.688 (*) 
Cl( 5, 5) in Cl( 5, 5) CPU =        0.186 ms (setup)        3.378 (*) 
Cl( 6, 5) in Cl( 6, 5) CPU =        0.348 ms (setup)       10.957 (*) 
Cl( 6, 6) in Cl( 6, 6) CPU =        0.666 ms (setup)       13.245 (*) 
Cl( 7, 6) in Cl( 7, 6) CPU =        1.263 ms (setup)       36.871 (*) 
Cl( 7, 7) in Cl( 7, 7) CPU =        2.039 ms (setup)       49.805 (*) 
Cl( 8, 7) in Cl( 8, 7) CPU =        4.053 ms (setup)      181.390 (*) 
Cl( 8, 8) in Cl( 8, 8) CPU =        8.708 ms (setup)      245.555 (*) 
Cl( 9, 8) in Cl( 9, 8) CPU =       19.012 ms (setup)      671.437 (*) 
Cl( 9, 9) in Cl( 9, 9) CPU =       39.214 ms (setup)     1274.242 (*) 
Cl(10, 9) in Cl(10, 9) CPU =       74.958 ms (setup)     4887.981 (*) 
Cl(10,10) in Cl(10,10) CPU =      150.199 ms (setup)     7016.313 (*) 
Cl(11,10) in Cl(11,10) CPU =      325.720 ms (setup)    28598.255 (*) 
Cl(11,11) in Cl(11,11) CPU =      647.940 ms (setup)    42482.487 (*) 
Fill: 1
Cl( 1, 0) in Cl( 1, 0) CPU =        0.011 ms (setup)        0.006 (*) 
Cl( 1, 1) in Cl( 1, 1) CPU =        0.002 ms (setup)        0.004 (*) 
Cl( 2, 1) in Cl( 2, 1) CPU =        0.003 ms (setup)        0.006 (*) 
Cl( 2, 2) in Cl( 2, 2) CPU =        0.004 ms (setup)        0.010 (*) 
Cl( 3, 2) in Cl( 3, 2) CPU =        0.009 ms (setup)        0.025 (*) 
Cl( 3, 3) in Cl( 3, 3) CPU =        0.015 ms (setup)        0.082 (*) 
Cl( 4, 3) in Cl( 4, 3) CPU =        0.030 ms (setup)        0.230 (*) 
Cl( 4, 4) in Cl( 4, 4) CPU =        0.055 ms (setup)        0.589 (*) 
Cl( 5, 4) in Cl( 5, 4) CPU =        0.138 ms (setup)        1.830 (*) 
Cl( 5, 5) in Cl( 5, 5) CPU =        0.215 ms (setup)        2.688 (*) 
Cl( 6, 5) in Cl( 6, 5) CPU =        0.437 ms (setup)        8.821 (*) 
Cl( 6, 6) in Cl( 6, 6) CPU =        0.808 ms (setup)       13.032 (*) 
Cl( 7, 6) in Cl( 7, 6) CPU =        1.637 ms (setup)       43.940 (*) 
Cl( 7, 7) in Cl( 7, 7) CPU =        3.379 ms (setup)       64.202 (*) 
Cl( 8, 7) in Cl( 8, 7) CPU =        6.905 ms (setup)      217.070 (*) 
Cl( 8, 8) in Cl( 8, 8) CPU =       14.090 ms (setup)      328.918 (*) 
Cl( 9, 8) in Cl( 9, 8) CPU =       30.390 ms (setup)      913.203 (*) 
Cl( 9, 9) in Cl( 9, 9) CPU =       66.117 ms (setup)     1797.053 (*) 
Cl(10, 9) in Cl(10, 9) CPU =      130.886 ms (setup)     6385.346 (*) 
Cl(10,10) in Cl(10,10) CPU =      323.475 ms (setup)    10464.830 (*) 
Cl(11,10) in Cl(11,10) CPU =      665.749 ms (setup)    39319.078 (*) 
Cl(11,11) in Cl(11,11) CPU =     1335.567 ms (setup)    67302.997 (*) 

matrix_multi<double>
Clifford algebra squaring test:
Fill: 0.5
Cl( 1, 0) in Cl( 1, 0) CPU =        0.062 ms (setup)        0.004 (*) 
Cl( 1, 1) in Cl( 1, 1) CPU =        0.008 ms (setup)        0.002 (*) 
Cl( 2, 1) in Cl( 2, 1) CPU =        0.022 ms (setup)        0.001 (*) 
Cl( 2, 2) in Cl( 2, 2) CPU =        0.018 ms (setup)        0.001 (*) 
Cl( 3, 2) in Cl( 3, 2) CPU =        0.046 ms (setup)        0.008 (*) 
Cl( 3, 3) in Cl( 3, 3) CPU =        0.046 ms (setup)        0.003 (*) 
Cl( 4, 3) in Cl( 4, 3) CPU =        0.080 ms (setup)        0.004 (*) 
Cl( 4, 4) in Cl( 4, 4) CPU =        0.152 ms (setup)        0.004 (*) 
Cl( 5, 4) in Cl( 5, 4) CPU =        0.348 ms (setup)        0.013 (*) 
Cl( 5, 5) in Cl( 5, 5) CPU =        0.689 ms (setup)        0.013 (*) 
Cl( 6, 5) in Cl( 6, 5) CPU =        1.548 ms (setup)        0.064 (*) 
Cl( 6, 6) in Cl( 6, 6) CPU =        2.951 ms (setup)        0.063 (*) 
Cl( 7, 6) in Cl( 7, 6) CPU =        7.089 ms (setup)        0.401 (*) 
Cl( 7, 7) in Cl( 7, 7) CPU =       13.377 ms (setup)        0.390 (*) 
Cl( 8, 7) in Cl( 8, 7) CPU =       32.848 ms (setup)        2.910 (*) 
Cl( 8, 8) in Cl( 8, 8) CPU =       61.921 ms (setup)        3.141 (*) 
Cl( 9, 8) in Cl( 9, 8) CPU =      156.553 ms (setup)       21.555 (*) 
Cl( 9, 9) in Cl( 9, 9) CPU =      297.081 ms (setup)       21.538 (*) 
Cl(10, 9) in Cl(10, 9) CPU =      777.355 ms (setup)      168.505 (*) 
Cl(10,10) in Cl(10,10) CPU =     1543.262 ms (setup)      168.685 (*) 
Cl(11,10) in Cl(11,10) CPU =     4263.961 ms (setup)     1340.854 (*) 
Cl(11,11) in Cl(11,11) CPU =     8553.584 ms (setup)     1337.335 (*) 
Fill: 1
Cl( 1, 0) in Cl( 1, 0) CPU =        0.021 ms (setup)        0.002 (*) 
Cl( 1, 1) in Cl( 1, 1) CPU =        0.011 ms (setup)        0.001 (*) 
Cl( 2, 1) in Cl( 2, 1) CPU =        0.014 ms (setup)        0.001 (*) 
Cl( 2, 2) in Cl( 2, 2) CPU =        0.018 ms (setup)        0.001 (*) 
Cl( 3, 2) in Cl( 3, 2) CPU =        0.030 ms (setup)        0.006 (*) 
Cl( 3, 3) in Cl( 3, 3) CPU =        0.045 ms (setup)        0.002 (*) 
Cl( 4, 3) in Cl( 4, 3) CPU =        0.112 ms (setup)        0.005 (*) 
Cl( 4, 4) in Cl( 4, 4) CPU =        0.223 ms (setup)        0.005 (*) 
Cl( 5, 4) in Cl( 5, 4) CPU =        0.482 ms (setup)        0.014 (*) 
Cl( 5, 5) in Cl( 5, 5) CPU =        0.946 ms (setup)        0.013 (*) 
Cl( 6, 5) in Cl( 6, 5) CPU =        2.245 ms (setup)        0.063 (*) 
Cl( 6, 6) in Cl( 6, 6) CPU =        5.024 ms (setup)        0.066 (*) 
Cl( 7, 6) in Cl( 7, 6) CPU =       10.768 ms (setup)        0.420 (*) 
Cl( 7, 7) in Cl( 7, 7) CPU =       20.501 ms (setup)        0.400 (*) 
Cl( 8, 7) in Cl( 8, 7) CPU =       50.065 ms (setup)        2.970 (*) 
Cl( 8, 8) in Cl( 8, 8) CPU =      102.483 ms (setup)        2.979 (*) 
Cl( 9, 8) in Cl( 9, 8) CPU =      263.833 ms (setup)       21.383 (*) 
Cl( 9, 9) in Cl( 9, 9) CPU =      532.973 ms (setup)       21.423 (*) 
Cl(10, 9) in Cl(10, 9) CPU =     1444.007 ms (setup)      171.049 (*) 
Cl(10,10) in Cl(10,10) CPU =     2961.585 ms (setup)      168.827 (*) 
Cl(11,10) in Cl(11,10) CPU =     8466.815 ms (setup)     1330.323 (*) 
Cl(11,11) in Cl(11,11) CPU =    17675.280 ms (setup)     1338.643 (*) 
