
framed_multi<float,-4,4>
Clifford algebra expressions test:
Fill: 0.5
Cl( 1, 0) in Cl( 1, 0) CPU =        0.001 ms (setup)        0.002 (comm)        0.007 (pade)        0.002 (series)        0.001 (mix)        0.002 (add) 
Cl( 1, 1) in Cl( 1, 1) CPU =        0.001 ms (setup)        0.001 (comm)        0.007 (pade)        0.001 (series)        0.001 (mix)        0.001 (add) 
Cl( 2, 1) in Cl( 2, 1) CPU =        0.002 ms (setup)        0.006 (comm)        0.014 (pade)        0.007 (series)        0.002 (mix)        0.002 (add) 
Cl( 2, 2) in Cl( 2, 2) CPU =        0.003 ms (setup)        0.009 (comm)        0.015 (pade)        0.012 (series)        0.003 (mix)        0.002 (add) 
Cl( 3, 2) in Cl( 3, 2) CPU =        0.004 ms (setup)        0.021 (comm)        0.060 (pade)        0.022 (series)        0.007 (mix)        0.003 (add) 
Cl( 3, 3) in Cl( 3, 3) CPU =        0.011 ms (setup)        0.059 (comm)        0.077 (pade)        0.089 (series)        0.018 (mix)        0.006 (add) 
Cl( 4, 3) in Cl( 4, 3) CPU =        0.022 ms (setup)        0.153 (comm)        0.288 (pade)        0.268 (series)        0.054 (mix)        0.013 (add) 
Cl( 4, 4) in Cl( 4, 4) CPU =        0.046 ms (setup)        0.871 (comm)        0.409 (pade)        1.484 (series)        0.153 (mix)        0.036 (add) 
Cl( 1, 0) in Cl( 4, 4) CPU =        0.001 ms (setup)        0.001 (comm)        0.006 (pade)        0.003 (series)        0.000 (mix)        0.001 (add) 
Cl( 1, 1) in Cl( 4, 4) CPU =        0.001 ms (setup)        0.002 (comm)        0.006 (pade)        0.003 (series)        0.001 (mix)        0.002 (add) 
Cl( 2, 1) in Cl( 4, 4) CPU =        0.002 ms (setup)        0.006 (comm)        0.014 (pade)        0.007 (series)        0.002 (mix)        0.002 (add) 
Cl( 2, 2) in Cl( 4, 4) CPU =        0.003 ms (setup)        0.010 (comm)        0.017 (pade)        0.014 (series)        0.003 (mix)        0.002 (add) 
Cl( 3, 2) in Cl( 4, 4) CPU =        0.005 ms (setup)        0.022 (comm)        0.058 (pade)        0.033 (series)        0.007 (mix)        0.003 (add) 
Cl( 3, 3) in Cl( 4, 4) CPU =        0.011 ms (setup)        0.058 (comm)        0.048 (pade)        0.040 (series)        0.009 (mix)        0.004 (add) 
Cl( 4, 3) in Cl( 4, 4) CPU =        0.012 ms (setup)        0.065 (comm)        0.146 (pade)        0.100 (series)        0.022 (mix)        0.005 (add) 
Cl( 4, 4) in Cl( 4, 4) CPU =        0.026 ms (setup)        0.434 (comm)        0.194 (pade)        0.728 (series)        0.084 (mix)        0.013 (add) 
Fill: 1
Cl( 1, 0) in Cl( 1, 0) CPU =        0.001 ms (setup)        0.002 (comm)        0.003 (pade)        0.002 (series)        0.001 (mix)        0.001 (add) 
Cl( 1, 1) in Cl( 1, 1) CPU =        0.001 ms (setup)        0.002 (comm)        0.003 (pade)        0.003 (series)        0.001 (mix)        0.001 (add) 
Cl( 2, 1) in Cl( 2, 1) CPU =        0.001 ms (setup)        0.004 (comm)        0.007 (pade)        0.004 (series)        0.001 (mix)        0.001 (add) 
Cl( 2, 2) in Cl( 2, 2) CPU =        0.002 ms (setup)        0.006 (comm)        0.009 (pade)        0.007 (series)        0.002 (mix)        0.001 (add) 
Cl( 3, 2) in Cl( 3, 2) CPU =        0.004 ms (setup)        0.015 (comm)        0.030 (pade)        0.020 (series)        0.005 (mix)        0.002 (add) 
Cl( 3, 3) in Cl( 3, 3) CPU =        0.007 ms (setup)        0.042 (comm)        0.043 (pade)        0.058 (series)        0.011 (mix)        0.004 (add) 
Cl( 4, 3) in Cl( 4, 3) CPU =        0.015 ms (setup)        0.121 (comm)        0.152 (pade)        0.179 (series)        0.029 (mix)        0.007 (add) 
Cl( 4, 4) in Cl( 4, 4) CPU =        0.034 ms (setup)        0.492 (comm)        0.210 (pade)        0.812 (series)        0.081 (mix)        0.020 (add) 
Cl( 1, 0) in Cl( 4, 4) CPU =        0.001 ms (setup)        0.002 (comm)        0.003 (pade)        0.002 (series)        0.001 (mix)        0.001 (add) 
Cl( 1, 1) in Cl( 4, 4) CPU =        0.001 ms (setup)        0.002 (comm)        0.003 (pade)        0.003 (series)        0.001 (mix)        0.001 (add) 
Cl( 2, 1) in Cl( 4, 4) CPU =        0.001 ms (setup)        0.003 (comm)        0.007 (pade)        0.004 (series)        0.001 (mix)        0.001 (add) 
Cl( 2, 2) in Cl( 4, 4) CPU =        0.002 ms (setup)        0.006 (comm)        0.009 (pade)        0.007 (series)        0.002 (mix)        0.001 (add) 
Cl( 3, 2) in Cl( 4, 4) CPU =        0.004 ms (setup)        0.015 (comm)        0.030 (pade)        0.020 (series)        0.005 (mix)        0.002 (add) 
Cl( 3, 3) in Cl( 4, 4) CPU =        0.007 ms (setup)        0.042 (comm)        0.042 (pade)        0.058 (series)        0.011 (mix)        0.004 (add) 
Cl( 4, 3) in Cl( 4, 4) CPU =        0.015 ms (setup)        0.123 (comm)        0.150 (pade)        0.182 (series)        0.030 (mix)        0.007 (add) 
Cl( 4, 4) in Cl( 4, 4) CPU =        0.034 ms (setup)        0.490 (comm)        0.211 (pade)        0.808 (series)        0.082 (mix)        0.020 (add) 

matrix_multi<float,-4,4>
Clifford algebra expressions test:
Fill: 0.5
Cl( 1, 0) in Cl( 1, 0) CPU =        0.001 ms (setup)        0.002 (comm)        0.002 (pade)        0.001 (series)        0.002 (mix)        0.001 (add) 
Cl( 1, 1) in Cl( 1, 1) CPU =        0.002 ms (setup)        0.005 (comm)        0.002 (pade)        0.000 (series)        0.004 (mix)        0.000 (add) 
Cl( 2, 1) in Cl( 2, 1) CPU =        0.002 ms (setup)        0.022 (comm)        0.002 (pade)        0.001 (series)        0.022 (mix)        0.000 (add) 
Cl( 2, 2) in Cl( 2, 2) CPU =        0.003 ms (setup)        0.034 (comm)        0.002 (pade)        0.001 (series)        0.033 (mix)        0.000 (add) 
Cl( 3, 2) in Cl( 3, 2) CPU =        0.012 ms (setup)        0.132 (comm)        0.004 (pade)        0.002 (series)        0.127 (mix)        0.001 (add) 
Cl( 3, 3) in Cl( 3, 3) CPU =        0.021 ms (setup)        0.210 (comm)        0.003 (pade)        0.002 (series)        0.205 (mix)        0.001 (add) 
Cl( 4, 3) in Cl( 4, 3) CPU =        0.049 ms (setup)        0.972 (comm)        0.007 (pade)        0.004 (series)        0.945 (mix)        0.000 (add) 
Cl( 4, 4) in Cl( 4, 4) CPU =        0.102 ms (setup)        1.457 (comm)        0.007 (pade)        0.004 (series)        1.440 (mix)        0.000 (add) 
Cl( 1, 0) in Cl( 4, 4) CPU =        0.002 ms (setup)        0.025 (comm)        0.004 (pade)        0.004 (series)        0.022 (mix)        0.001 (add) 
Cl( 1, 1) in Cl( 4, 4) CPU =        0.002 ms (setup)        0.033 (comm)        0.007 (pade)        0.004 (series)        0.031 (mix)        0.000 (add) 
Cl( 2, 1) in Cl( 4, 4) CPU =        0.006 ms (setup)        0.072 (comm)        0.007 (pade)        0.004 (series)        0.070 (mix)        0.001 (add) 
Cl( 2, 2) in Cl( 4, 4) CPU =        0.011 ms (setup)        0.089 (comm)        0.007 (pade)        0.004 (series)        0.087 (mix)        0.001 (add) 
Cl( 3, 2) in Cl( 4, 4) CPU =        0.044 ms (setup)        0.242 (comm)        0.007 (pade)        0.004 (series)        0.236 (mix)        0.000 (add) 
Cl( 3, 3) in Cl( 4, 4) CPU =        0.072 ms (setup)        0.339 (comm)        0.007 (pade)        0.004 (series)        0.328 (mix)        0.001 (add) 
Cl( 4, 3) in Cl( 4, 4) CPU =        0.188 ms (setup)        0.902 (comm)        0.008 (pade)        0.004 (series)        0.883 (mix)        0.001 (add) 
Cl( 4, 4) in Cl( 4, 4) CPU =        0.102 ms (setup)        1.494 (comm)        0.007 (pade)        0.004 (series)        1.466 (mix)        0.001 (add) 
Fill: 1
Cl( 1, 0) in Cl( 1, 0) CPU =        0.001 ms (setup)        0.005 (comm)        0.002 (pade)        0.001 (series)        0.005 (mix)        0.001 (add) 
Cl( 1, 1) in Cl( 1, 1) CPU =        0.001 ms (setup)        0.007 (comm)        0.002 (pade)        0.001 (series)        0.007 (mix)        0.000 (add) 
Cl( 2, 1) in Cl( 2, 1) CPU =        0.002 ms (setup)        0.028 (comm)        0.002 (pade)        0.001 (series)        0.026 (mix)        0.000 (add) 
Cl( 2, 2) in Cl( 2, 2) CPU =        0.004 ms (setup)        0.044 (comm)        0.002 (pade)        0.001 (series)        0.043 (mix)        0.000 (add) 
Cl( 3, 2) in Cl( 3, 2) CPU =        0.012 ms (setup)        0.166 (comm)        0.003 (pade)        0.002 (series)        0.162 (mix)        0.000 (add) 
Cl( 3, 3) in Cl( 3, 3) CPU =        0.024 ms (setup)        0.255 (comm)        0.004 (pade)        0.001 (series)        0.251 (mix)        0.001 (add) 
Cl( 4, 3) in Cl( 4, 3) CPU =        0.064 ms (setup)        1.077 (comm)        0.008 (pade)        0.004 (series)        1.070 (mix)        0.001 (add) 
Cl( 4, 4) in Cl( 4, 4) CPU =        0.126 ms (setup)        1.656 (comm)        0.008 (pade)        0.004 (series)        1.630 (mix)        0.000 (add) 
Cl( 1, 0) in Cl( 4, 4) CPU =        0.002 ms (setup)        0.046 (comm)        0.007 (pade)        0.004 (series)        0.044 (mix)        0.000 (add) 
Cl( 1, 1) in Cl( 4, 4) CPU =        0.003 ms (setup)        0.064 (comm)        0.007 (pade)        0.004 (series)        0.061 (mix)        0.001 (add) 
Cl( 2, 1) in Cl( 4, 4) CPU =        0.009 ms (setup)        0.091 (comm)        0.007 (pade)        0.004 (series)        0.089 (mix)        0.001 (add) 
Cl( 2, 2) in Cl( 4, 4) CPU =        0.019 ms (setup)        0.133 (comm)        0.007 (pade)        0.004 (series)        0.131 (mix)        0.001 (add) 
Cl( 3, 2) in Cl( 4, 4) CPU =        0.048 ms (setup)        0.262 (comm)        0.007 (pade)        0.004 (series)        0.256 (mix)        0.000 (add) 
Cl( 3, 3) in Cl( 4, 4) CPU =        0.085 ms (setup)        0.394 (comm)        0.007 (pade)        0.003 (series)        0.389 (mix)        0.001 (add) 
Cl( 4, 3) in Cl( 4, 4) CPU =        0.228 ms (setup)        1.145 (comm)        0.009 (pade)        0.004 (series)        1.135 (mix)        0.001 (add) 
Cl( 4, 4) in Cl( 4, 4) CPU =        0.128 ms (setup)        1.647 (comm)        0.008 (pade)        0.004 (series)        1.629 (mix)        0.001 (add) 

framed_multi<double>
Clifford algebra expressions test:
Fill: 0.5
Cl( 1, 0) in Cl( 1, 0) CPU =        0.001 ms (setup)        0.001 (comm)        0.003 (pade)        0.001 (series)        0.001 (mix)        0.001 (add) 
Cl( 1, 1) in Cl( 1, 1) CPU =        0.001 ms (setup)        0.000 (comm)        0.003 (pade)        0.001 (series)        0.000 (mix)        0.001 (add) 
Cl( 2, 1) in Cl( 2, 1) CPU =        0.001 ms (setup)        0.003 (comm)        0.005 (pade)        0.004 (series)        0.001 (mix)        0.001 (add) 
Cl( 2, 2) in Cl( 2, 2) CPU =        0.002 ms (setup)        0.005 (comm)        0.007 (pade)        0.007 (series)        0.002 (mix)        0.001 (add) 
Cl( 3, 2) in Cl( 3, 2) CPU =        0.003 ms (setup)        0.014 (comm)        0.032 (pade)        0.012 (series)        0.004 (mix)        0.002 (add) 
Cl( 3, 3) in Cl( 3, 3) CPU =        0.007 ms (setup)        0.036 (comm)        0.038 (pade)        0.049 (series)        0.009 (mix)        0.002 (add) 
Cl( 4, 3) in Cl( 4, 3) CPU =        0.013 ms (setup)        0.099 (comm)        0.140 (pade)        0.137 (series)        0.034 (mix)        0.005 (add) 
Cl( 4, 4) in Cl( 4, 4) CPU =        0.027 ms (setup)        0.446 (comm)        0.186 (pade)        0.700 (series)        0.106 (mix)        0.007 (add) 
Cl( 5, 4) in Cl( 5, 4) CPU =        0.054 ms (setup)        1.539 (comm)        0.660 (pade)        2.529 (series)        0.299 (mix)        0.014 (add) 
Cl( 5, 5) in Cl( 5, 5) CPU =        0.114 ms (setup)        2.585 (comm)        0.944 (pade)        3.627 (series)        0.844 (mix)        0.029 (add) 
Cl( 6, 5) in Cl( 6, 5) CPU =        0.235 ms (setup)        8.481 (comm)        3.307 (pade)       12.843 (series)        2.343 (mix)        0.059 (add) 
Cl( 6, 6) in Cl( 6, 6) CPU =        0.481 ms (setup)       15.089 (comm)        4.662 (pade)       18.119 (series)        6.683 (mix)        0.135 (add) 
Cl( 7, 6) in Cl( 7, 6) CPU =        0.976 ms (setup)       48.834 (comm)       16.015 (pade)       62.452 (series)       19.571 (mix)        0.301 (add) 
Cl( 7, 7) in Cl( 7, 7) CPU =        1.974 ms (setup)       97.775 (comm)       22.638 (pade)       88.912 (series)       57.586 (mix)        0.622 (add) 
Cl( 8, 7) in Cl( 8, 7) CPU =        3.994 ms (setup)      313.808 (comm)       80.100 (pade)      313.733 (series)      168.185 (mix)        1.292 (add) 
Cl( 8, 8) in Cl( 8, 8) CPU =        8.022 ms (setup)      710.026 (comm)      115.785 (pade)      453.017 (series)      508.688 (mix)        2.769 (add) 
Cl( 1, 0) in Cl( 8, 8) CPU =        0.001 ms (setup)        0.001 (comm)        0.001 (pade)        0.001 (series)        0.001 (mix)        0.001 (add) 
Cl( 1, 1) in Cl( 8, 8) CPU =        0.001 ms (setup)        0.000 (comm)        0.003 (pade)        0.000 (series)        0.000 (mix)        0.001 (add) 
Cl( 2, 1) in Cl( 8, 8) CPU =        0.001 ms (setup)        0.004 (comm)        0.007 (pade)        0.003 (series)        0.001 (mix)        0.001 (add) 
Cl( 2, 2) in Cl( 8, 8) CPU =        0.002 ms (setup)        0.006 (comm)        0.007 (pade)        0.006 (series)        0.002 (mix)        0.001 (add) 
Cl( 3, 2) in Cl( 8, 8) CPU =        0.003 ms (setup)        0.010 (comm)        0.057 (pade)        0.011 (series)        0.003 (mix)        0.001 (add) 
Cl( 3, 3) in Cl( 8, 8) CPU =        0.006 ms (setup)        0.037 (comm)        0.038 (pade)        0.049 (series)        0.009 (mix)        0.002 (add) 
Cl( 4, 3) in Cl( 8, 8) CPU =        0.012 ms (setup)        0.100 (comm)        0.137 (pade)        0.134 (series)        0.034 (mix)        0.004 (add) 
Cl( 4, 4) in Cl( 8, 8) CPU =        0.026 ms (setup)        0.436 (comm)        0.183 (pade)        0.686 (series)        0.104 (mix)        0.007 (add) 
Cl( 5, 4) in Cl( 8, 8) CPU =        0.055 ms (setup)        1.508 (comm)        0.649 (pade)        2.498 (series)        0.296 (mix)        0.013 (add) 
Cl( 5, 5) in Cl( 8, 8) CPU =        0.111 ms (setup)        2.494 (comm)        0.907 (pade)        3.520 (series)        0.792 (mix)        0.026 (add) 
Cl( 6, 5) in Cl( 8, 8) CPU =        0.233 ms (setup)        8.370 (comm)        3.264 (pade)       12.735 (series)        2.332 (mix)        0.058 (add) 
Cl( 6, 6) in Cl( 8, 8) CPU =        0.473 ms (setup)       14.863 (comm)        4.584 (pade)       17.866 (series)        6.613 (mix)        0.132 (add) 
Cl( 7, 6) in Cl( 8, 8) CPU =        0.973 ms (setup)       48.679 (comm)       15.861 (pade)       62.013 (series)       19.639 (mix)        0.299 (add) 
Cl( 7, 7) in Cl( 8, 8) CPU =        1.981 ms (setup)       98.123 (comm)       22.570 (pade)       88.608 (series)       57.944 (mix)        0.622 (add) 
Cl( 8, 7) in Cl( 8, 8) CPU =        4.018 ms (setup)      316.690 (comm)       80.249 (pade)      312.651 (series)      171.723 (mix)        1.314 (add) 
Cl( 8, 8) in Cl( 8, 8) CPU =        8.019 ms (setup)      707.083 (comm)      115.219 (pade)      451.754 (series)      505.550 (mix)        2.777 (add) 
Fill: 1
Cl( 1, 0) in Cl( 1, 0) CPU =        0.001 ms (setup)        0.002 (comm)        0.003 (pade)        0.002 (series)        0.001 (mix)        0.001 (add) 
Cl( 1, 1) in Cl( 1, 1) CPU =        0.001 ms (setup)        0.002 (comm)        0.003 (pade)        0.003 (series)        0.001 (mix)        0.001 (add) 
Cl( 2, 1) in Cl( 2, 1) CPU =        0.001 ms (setup)        0.004 (comm)        0.007 (pade)        0.005 (series)        0.001 (mix)        0.001 (add) 
Cl( 2, 2) in Cl( 2, 2) CPU =        0.002 ms (setup)        0.007 (comm)        0.009 (pade)        0.009 (series)        0.003 (mix)        0.001 (add) 
Cl( 3, 2) in Cl( 3, 2) CPU =        0.004 ms (setup)        0.019 (comm)        0.030 (pade)        0.024 (series)        0.005 (mix)        0.002 (add) 
Cl( 3, 3) in Cl( 3, 3) CPU =        0.008 ms (setup)        0.058 (comm)        0.043 (pade)        0.072 (series)        0.015 (mix)        0.003 (add) 
Cl( 4, 3) in Cl( 4, 3) CPU =        0.018 ms (setup)        0.175 (comm)        0.150 (pade)        0.232 (series)        0.047 (mix)        0.005 (add) 
Cl( 4, 4) in Cl( 4, 4) CPU =        0.040 ms (setup)        0.516 (comm)        0.203 (pade)        0.782 (series)        0.120 (mix)        0.009 (add) 
Cl( 5, 4) in Cl( 5, 4) CPU =        0.085 ms (setup)        1.718 (comm)        0.709 (pade)        2.760 (series)        0.300 (mix)        0.019 (add) 
Cl( 5, 5) in Cl( 5, 5) CPU =        0.183 ms (setup)        2.881 (comm)        1.038 (pade)        4.092 (series)        0.775 (mix)        0.040 (add) 
Cl( 6, 5) in Cl( 6, 5) CPU =        0.372 ms (setup)        9.311 (comm)        3.680 (pade)       14.418 (series)        2.048 (mix)        0.078 (add) 
Cl( 6, 6) in Cl( 6, 6) CPU =        0.758 ms (setup)       16.376 (comm)        5.473 (pade)       21.634 (series)        5.559 (mix)        0.165 (add) 
Cl( 7, 6) in Cl( 7, 6) CPU =        1.562 ms (setup)       51.770 (comm)       18.253 (pade)       71.790 (series)       15.870 (mix)        0.334 (add) 
Cl( 7, 7) in Cl( 7, 7) CPU =        3.117 ms (setup)      100.275 (comm)       27.547 (pade)      109.113 (series)       45.706 (mix)        0.675 (add) 
Cl( 8, 7) in Cl( 8, 7) CPU =        6.402 ms (setup)      317.243 (comm)       93.607 (pade)      369.365 (series)      132.760 (mix)        1.357 (add) 
Cl( 8, 8) in Cl( 8, 8) CPU =       12.741 ms (setup)      674.725 (comm)      145.394 (pade)      572.551 (series)      388.564 (mix)        2.726 (add) 
Cl( 1, 0) in Cl( 8, 8) CPU =        0.001 ms (setup)        0.002 (comm)        0.003 (pade)        0.002 (series)        0.001 (mix)        0.001 (add) 
Cl( 1, 1) in Cl( 8, 8) CPU =        0.001 ms (setup)        0.003 (comm)        0.004 (pade)        0.003 (series)        0.001 (mix)        0.001 (add) 
Cl( 2, 1) in Cl( 8, 8) CPU =        0.002 ms (setup)        0.004 (comm)        0.007 (pade)        0.005 (series)        0.001 (mix)        0.001 (add) 
Cl( 2, 2) in Cl( 8, 8) CPU =        0.002 ms (setup)        0.007 (comm)        0.009 (pade)        0.009 (series)        0.002 (mix)        0.001 (add) 
Cl( 3, 2) in Cl( 8, 8) CPU =        0.004 ms (setup)        0.019 (comm)        0.030 (pade)        0.024 (series)        0.006 (mix)        0.002 (add) 
Cl( 3, 3) in Cl( 8, 8) CPU =        0.008 ms (setup)        0.056 (comm)        0.042 (pade)        0.072 (series)        0.014 (mix)        0.003 (add) 
Cl( 4, 3) in Cl( 8, 8) CPU =        0.018 ms (setup)        0.170 (comm)        0.149 (pade)        0.228 (series)        0.044 (mix)        0.005 (add) 
Cl( 4, 4) in Cl( 8, 8) CPU =        0.038 ms (setup)        0.518 (comm)        0.203 (pade)        0.783 (series)        0.120 (mix)        0.009 (add) 
Cl( 5, 4) in Cl( 8, 8) CPU =        0.085 ms (setup)        1.723 (comm)        0.709 (pade)        2.776 (series)        0.301 (mix)        0.019 (add) 
Cl( 5, 5) in Cl( 8, 8) CPU =        0.182 ms (setup)        2.886 (comm)        1.041 (pade)        4.087 (series)        0.773 (mix)        0.039 (add) 
Cl( 6, 5) in Cl( 8, 8) CPU =        0.375 ms (setup)        9.295 (comm)        3.697 (pade)       14.463 (series)        2.046 (mix)        0.078 (add) 
Cl( 6, 6) in Cl( 8, 8) CPU =        0.762 ms (setup)       16.384 (comm)        5.482 (pade)       21.637 (series)        5.580 (mix)        0.164 (add) 
Cl( 7, 6) in Cl( 8, 8) CPU =        1.574 ms (setup)       51.726 (comm)       18.243 (pade)       71.737 (series)       15.870 (mix)        0.334 (add) 
Cl( 7, 7) in Cl( 8, 8) CPU =        3.113 ms (setup)      100.239 (comm)       27.560 (pade)      109.118 (series)       45.703 (mix)        0.673 (add) 
Cl( 8, 7) in Cl( 8, 8) CPU =        6.375 ms (setup)      317.231 (comm)       93.577 (pade)      369.887 (series)      132.764 (mix)        1.355 (add) 
Cl( 8, 8) in Cl( 8, 8) CPU =       12.719 ms (setup)      674.486 (comm)      144.796 (pade)      572.428 (series)      388.381 (mix)        2.718 (add) 

matrix_multi<double>
Clifford algebra expressions test:
Fill: 0.5
Cl( 1, 0) in Cl( 1, 0) CPU =        0.002 ms (setup)        0.003 (comm)        0.001 (pade)        0.001 (series)        0.002 (mix)        0.000 (add) 
Cl( 1, 1) in Cl( 1, 1) CPU =        0.004 ms (setup)        0.003 (comm)        0.002 (pade)        0.001 (series)        0.003 (mix)        0.000 (add) 
Cl( 2, 1) in Cl( 2, 1) CPU =        0.002 ms (setup)        0.021 (comm)        0.002 (pade)        0.001 (series)        0.019 (mix)        0.000 (add) 
Cl( 2, 2) in Cl( 2, 2) CPU =        0.003 ms (setup)        0.035 (comm)        0.002 (pade)        0.001 (series)        0.034 (mix)        0.000 (add) 
Cl( 3, 2) in Cl( 3, 2) CPU =        0.015 ms (setup)        0.121 (comm)        0.004 (pade)        0.002 (series)        0.116 (mix)        0.001 (add) 
Cl( 3, 3) in Cl( 3, 3) CPU =        0.021 ms (setup)        0.203 (comm)        0.004 (pade)        0.002 (series)        0.198 (mix)        0.000 (add) 
Cl( 4, 3) in Cl( 4, 3) CPU =        0.054 ms (setup)        0.916 (comm)        0.007 (pade)        0.005 (series)        0.899 (mix)        0.001 (add) 
Cl( 4, 4) in Cl( 4, 4) CPU =        0.104 ms (setup)        1.391 (comm)        0.009 (pade)        0.005 (series)        1.372 (mix)        0.001 (add) 
Cl( 5, 4) in Cl( 5, 4) CPU =        0.249 ms (setup)        5.649 (comm)        0.023 (pade)        0.017 (series)        5.635 (mix)        0.002 (add) 
Cl( 5, 5) in Cl( 5, 5) CPU =        0.487 ms (setup)        8.351 (comm)        0.023 (pade)        0.018 (series)        8.299 (mix)        0.002 (add) 
Cl( 6, 5) in Cl( 6, 5) CPU =        1.133 ms (setup)       31.985 (comm)        0.079 (pade)        0.081 (series)       31.988 (mix)        0.005 (add) 
Cl( 6, 6) in Cl( 6, 6) CPU =        2.283 ms (setup)       45.637 (comm)        0.078 (pade)        0.081 (series)       45.599 (mix)        0.005 (add) 
Cl( 7, 6) in Cl( 7, 6) CPU =        5.378 ms (setup)      183.363 (comm)        0.349 (pade)        0.488 (series)      183.019 (mix)        0.029 (add) 
Cl( 7, 7) in Cl( 7, 7) CPU =       10.776 ms (setup)      249.334 (comm)        0.350 (pade)        0.488 (series)      248.828 (mix)        0.029 (add) 
Cl( 8, 7) in Cl( 8, 7) CPU =       25.617 ms (setup)     1085.847 (comm)        1.998 (pade)        3.300 (series)     1082.372 (mix)        0.115 (add) 
Cl( 8, 8) in Cl( 8, 8) CPU =       51.306 ms (setup)     1415.941 (comm)        1.991 (pade)        3.302 (series)     1410.379 (mix)        0.114 (add) 
Cl( 1, 0) in Cl( 8, 8) CPU =        0.033 ms (setup)        5.125 (comm)        0.393 (pade)        3.301 (series)        3.461 (mix)        0.114 (add) 
Cl( 1, 1) in Cl( 8, 8) CPU =        0.018 ms (setup)        8.106 (comm)        0.578 (pade)        3.300 (series)        6.436 (mix)        0.114 (add) 
Cl( 2, 1) in Cl( 8, 8) CPU =        0.042 ms (setup)       18.372 (comm)        0.588 (pade)        3.296 (series)       16.698 (mix)        0.115 (add) 
Cl( 2, 2) in Cl( 8, 8) CPU =        0.085 ms (setup)       34.955 (comm)        0.593 (pade)        3.296 (series)       33.255 (mix)        0.115 (add) 
Cl( 3, 2) in Cl( 8, 8) CPU =        0.531 ms (setup)       49.675 (comm)        0.627 (pade)        3.300 (series)       47.899 (mix)        0.114 (add) 
Cl( 3, 3) in Cl( 8, 8) CPU =        0.768 ms (setup)       68.573 (comm)        0.628 (pade)        3.301 (series)       66.826 (mix)        0.114 (add) 
Cl( 4, 3) in Cl( 8, 8) CPU =        0.889 ms (setup)       72.174 (comm)        0.698 (pade)        3.303 (series)       70.174 (mix)        0.114 (add) 
Cl( 4, 4) in Cl( 8, 8) CPU =        1.071 ms (setup)      100.793 (comm)        0.703 (pade)        3.304 (series)       98.751 (mix)        0.115 (add) 
Cl( 5, 4) in Cl( 8, 8) CPU =        1.631 ms (setup)      132.813 (comm)        0.877 (pade)        3.304 (series)      131.074 (mix)        0.115 (add) 
Cl( 5, 5) in Cl( 8, 8) CPU =        2.525 ms (setup)      158.475 (comm)        0.873 (pade)        3.305 (series)      156.669 (mix)        0.115 (add) 
Cl( 6, 5) in Cl( 8, 8) CPU =        5.428 ms (setup)      220.562 (comm)        1.994 (pade)        3.307 (series)      218.660 (mix)        0.115 (add) 
Cl( 6, 6) in Cl( 8, 8) CPU =        9.520 ms (setup)      250.324 (comm)        1.998 (pade)        3.302 (series)      248.506 (mix)        0.115 (add) 
Cl( 7, 6) in Cl( 8, 8) CPU =       22.358 ms (setup)      398.261 (comm)        1.992 (pade)        3.304 (series)      396.783 (mix)        0.118 (add) 
Cl( 7, 7) in Cl( 8, 8) CPU =       42.103 ms (setup)      510.585 (comm)        1.996 (pade)        3.300 (series)      508.290 (mix)        0.116 (add) 
Cl( 8, 7) in Cl( 8, 8) CPU =      101.394 ms (setup)     1120.839 (comm)        2.009 (pade)        3.308 (series)     1117.795 (mix)        0.114 (add) 
Cl( 8, 8) in Cl( 8, 8) CPU =       51.654 ms (setup)     1403.003 (comm)        2.005 (pade)        3.299 (series)     1399.465 (mix)        0.114 (add) 
Fill: 1
Cl( 1, 0) in Cl( 1, 0) CPU =        0.002 ms (setup)        0.005 (comm)        0.002 (pade)        0.001 (series)        0.005 (mix)        0.000 (add) 
Cl( 1, 1) in Cl( 1, 1) CPU =        0.002 ms (setup)        0.007 (comm)        0.002 (pade)        0.000 (series)        0.007 (mix)        0.000 (add) 
Cl( 2, 1) in Cl( 2, 1) CPU =        0.002 ms (setup)        0.028 (comm)        0.002 (pade)        0.001 (series)        0.026 (mix)        0.000 (add) 
Cl( 2, 2) in Cl( 2, 2) CPU =        0.005 ms (setup)        0.044 (comm)        0.002 (pade)        0.001 (series)        0.043 (mix)        0.000 (add) 
Cl( 3, 2) in Cl( 3, 2) CPU =        0.013 ms (setup)        0.167 (comm)        0.004 (pade)        0.002 (series)        0.163 (mix)        0.000 (add) 
Cl( 3, 3) in Cl( 3, 3) CPU =        0.026 ms (setup)        0.255 (comm)        0.003 (pade)        0.002 (series)        0.252 (mix)        0.001 (add) 
Cl( 4, 3) in Cl( 4, 3) CPU =        0.071 ms (setup)        1.076 (comm)        0.008 (pade)        0.005 (series)        1.069 (mix)        0.001 (add) 
Cl( 4, 4) in Cl( 4, 4) CPU =        0.138 ms (setup)        1.606 (comm)        0.009 (pade)        0.005 (series)        1.592 (mix)        0.001 (add) 
Cl( 5, 4) in Cl( 5, 4) CPU =        0.353 ms (setup)        6.189 (comm)        0.022 (pade)        0.017 (series)        6.164 (mix)        0.001 (add) 
Cl( 5, 5) in Cl( 5, 5) CPU =        0.741 ms (setup)        9.058 (comm)        0.023 (pade)        0.018 (series)        9.046 (mix)        0.002 (add) 
Cl( 6, 5) in Cl( 6, 5) CPU =        1.756 ms (setup)       34.639 (comm)        0.078 (pade)        0.081 (series)       34.614 (mix)        0.005 (add) 
Cl( 6, 6) in Cl( 6, 6) CPU =        3.594 ms (setup)       48.859 (comm)        0.079 (pade)        0.081 (series)       48.797 (mix)        0.007 (add) 
Cl( 7, 6) in Cl( 7, 6) CPU =        8.845 ms (setup)      195.567 (comm)        0.353 (pade)        0.487 (series)      195.308 (mix)        0.029 (add) 
Cl( 7, 7) in Cl( 7, 7) CPU =       17.925 ms (setup)      267.377 (comm)        0.351 (pade)        0.489 (series)      266.927 (mix)        0.029 (add) 
Cl( 8, 7) in Cl( 8, 7) CPU =       44.558 ms (setup)     1151.181 (comm)        1.990 (pade)        3.303 (series)     1147.693 (mix)        0.115 (add) 
Cl( 8, 8) in Cl( 8, 8) CPU =       90.644 ms (setup)     1532.823 (comm)        2.002 (pade)        3.301 (series)     1526.226 (mix)        0.114 (add) 
Cl( 1, 0) in Cl( 8, 8) CPU =        0.015 ms (setup)       10.509 (comm)        0.580 (pade)        3.299 (series)        8.822 (mix)        0.115 (add) 
Cl( 1, 1) in Cl( 8, 8) CPU =        0.029 ms (setup)       17.093 (comm)        0.578 (pade)        3.300 (series)       15.423 (mix)        0.114 (add) 
Cl( 2, 1) in Cl( 8, 8) CPU =        0.067 ms (setup)       26.578 (comm)        0.593 (pade)        3.296 (series)       24.884 (mix)        0.114 (add) 
Cl( 2, 2) in Cl( 8, 8) CPU =        0.706 ms (setup)       38.980 (comm)        0.593 (pade)        3.300 (series)       37.242 (mix)        0.114 (add) 
Cl( 3, 2) in Cl( 8, 8) CPU =        0.744 ms (setup)       54.730 (comm)        0.627 (pade)        3.300 (series)       52.937 (mix)        0.114 (add) 
Cl( 3, 3) in Cl( 8, 8) CPU =        0.791 ms (setup)       75.270 (comm)        0.631 (pade)        3.301 (series)       73.302 (mix)        0.114 (add) 
Cl( 4, 3) in Cl( 8, 8) CPU =        1.078 ms (setup)      100.550 (comm)        0.703 (pade)        3.301 (series)       98.739 (mix)        0.115 (add) 
Cl( 4, 4) in Cl( 8, 8) CPU =        1.198 ms (setup)      126.130 (comm)        0.701 (pade)        3.304 (series)      124.416 (mix)        0.115 (add) 
Cl( 5, 4) in Cl( 8, 8) CPU =        1.992 ms (setup)      158.399 (comm)        0.877 (pade)        3.307 (series)      156.535 (mix)        0.115 (add) 
Cl( 5, 5) in Cl( 8, 8) CPU =        3.188 ms (setup)      188.017 (comm)        0.882 (pade)        3.309 (series)      186.075 (mix)        0.119 (add) 
Cl( 6, 5) in Cl( 8, 8) CPU =        7.286 ms (setup)      246.092 (comm)        1.990 (pade)        3.300 (series)      244.258 (mix)        0.117 (add) 
Cl( 6, 6) in Cl( 8, 8) CPU =       12.917 ms (setup)      288.272 (comm)        2.002 (pade)        3.300 (series)      286.416 (mix)        0.116 (add) 
Cl( 7, 6) in Cl( 8, 8) CPU =       30.932 ms (setup)      453.848 (comm)        2.000 (pade)        3.301 (series)      452.158 (mix)        0.116 (add) 
Cl( 7, 7) in Cl( 8, 8) CPU =       58.630 ms (setup)      555.024 (comm)        2.009 (pade)        3.305 (series)      555.077 (mix)        0.115 (add) 
Cl( 8, 7) in Cl( 8, 8) CPU =      144.540 ms (setup)     1191.114 (comm)        2.000 (pade)        3.306 (series)     1186.786 (mix)        0.114 (add) 
Cl( 8, 8) in Cl( 8, 8) CPU =       90.719 ms (setup)     1533.712 (comm)        1.986 (pade)        3.299 (series)     1526.769 (mix)        0.120 (add) 
