expressions/expressions
	linux-vdso.so.1 (0x0000ffff568bc000)
	libarmadillo.so.12 => /lib64/libarmadillo.so.12 (0x0000ffff56850000)
	libflexiblas.so.3 => /lib64/libflexiblas.so.3 (0x0000ffff56280000)
	libstdc++.so.6 => /lib64/libstdc++.so.6 (0x0000ffff55fd0000)
	libm.so.6 => /lib64/libm.so.6 (0x0000ffff55f00000)
	libomp.so => /usr/lib64/llvm20/lib64/libomp.so (0x0000ffff55da0000)
	libgcc_s.so.1 => /lib64/libgcc_s.so.1 (0x0000ffff55d60000)
	libc.so.6 => /lib64/libc.so.6 (0x0000ffff55b90000)
	libarpack.so.2 => /lib64/libarpack.so.2 (0x0000ffff55b30000)
	libgfortran.so.5 => /lib64/libgfortran.so.5 (0x0000ffff55960000)
	/lib/ld-linux-aarch64.so.1 (0x0000ffff568c0000)
gfft_test/gfft_test
	linux-vdso.so.1 (0x0000ffff3d1bc000)
	libarmadillo.so.12 => /lib64/libarmadillo.so.12 (0x0000ffff3d150000)
	libflexiblas.so.3 => /lib64/libflexiblas.so.3 (0x0000ffff3cb80000)
	libstdc++.so.6 => /lib64/libstdc++.so.6 (0x0000ffff3c8d0000)
	libm.so.6 => /lib64/libm.so.6 (0x0000ffff3c800000)
	libomp.so => /usr/lib64/llvm20/lib64/libomp.so (0x0000ffff3c6a0000)
	libgcc_s.so.1 => /lib64/libgcc_s.so.1 (0x0000ffff3c660000)
	libc.so.6 => /lib64/libc.so.6 (0x0000ffff3c490000)
	libarpack.so.2 => /lib64/libarpack.so.2 (0x0000ffff3c430000)
	libgfortran.so.5 => /lib64/libgfortran.so.5 (0x0000ffff3c260000)
	/lib/ld-linux-aarch64.so.1 (0x0000ffff3d1c0000)
products/products
	linux-vdso.so.1 (0x0000fffefe27c000)
	libarmadillo.so.12 => /lib64/libarmadillo.so.12 (0x0000fffefe210000)
	libflexiblas.so.3 => /lib64/libflexiblas.so.3 (0x0000fffefdc40000)
	libstdc++.so.6 => /lib64/libstdc++.so.6 (0x0000fffefd990000)
	libm.so.6 => /lib64/libm.so.6 (0x0000fffefd8c0000)
	libomp.so => /usr/lib64/llvm20/lib64/libomp.so (0x0000fffefd760000)
	libgcc_s.so.1 => /lib64/libgcc_s.so.1 (0x0000fffefd720000)
	libc.so.6 => /lib64/libc.so.6 (0x0000fffefd550000)
	libarpack.so.2 => /lib64/libarpack.so.2 (0x0000fffefd4f0000)
	libgfortran.so.5 => /lib64/libgfortran.so.5 (0x0000fffefd320000)
	/lib/ld-linux-aarch64.so.1 (0x0000fffefe280000)
squaring/squaring
	linux-vdso.so.1 (0x0000ffff34fac000)
	libarmadillo.so.12 => /lib64/libarmadillo.so.12 (0x0000ffff34f40000)
	libflexiblas.so.3 => /lib64/libflexiblas.so.3 (0x0000ffff34970000)
	libstdc++.so.6 => /lib64/libstdc++.so.6 (0x0000ffff346c0000)
	libm.so.6 => /lib64/libm.so.6 (0x0000ffff345f0000)
	libomp.so => /usr/lib64/llvm20/lib64/libomp.so (0x0000ffff34490000)
	libgcc_s.so.1 => /lib64/libgcc_s.so.1 (0x0000ffff34450000)
	libc.so.6 => /lib64/libc.so.6 (0x0000ffff34280000)
	libarpack.so.2 => /lib64/libarpack.so.2 (0x0000ffff34220000)
	libgfortran.so.5 => /lib64/libgfortran.so.5 (0x0000ffff34050000)
	/lib/ld-linux-aarch64.so.1 (0x0000ffff34fb0000)
transforms/transforms
	linux-vdso.so.1 (0x0000fffed10bc000)
	libarmadillo.so.12 => /lib64/libarmadillo.so.12 (0x0000fffed1050000)
	libflexiblas.so.3 => /lib64/libflexiblas.so.3 (0x0000fffed0a80000)
	libstdc++.so.6 => /lib64/libstdc++.so.6 (0x0000fffed07d0000)
	libm.so.6 => /lib64/libm.so.6 (0x0000fffed0700000)
	libomp.so => /usr/lib64/llvm20/lib64/libomp.so (0x0000fffed05a0000)
	libgcc_s.so.1 => /lib64/libgcc_s.so.1 (0x0000fffed0560000)
	libc.so.6 => /lib64/libc.so.6 (0x0000fffed0390000)
	libarpack.so.2 => /lib64/libarpack.so.2 (0x0000fffed0330000)
	libgfortran.so.5 => /lib64/libgfortran.so.5 (0x0000fffed0160000)
	/lib/ld-linux-aarch64.so.1 (0x0000fffed10c0000)
versor/versor
	linux-vdso.so.1 (0x0000ffff03e2c000)
	libarmadillo.so.12 => /lib64/libarmadillo.so.12 (0x0000ffff03dc0000)
	libflexiblas.so.3 => /lib64/libflexiblas.so.3 (0x0000ffff037f0000)
	libstdc++.so.6 => /lib64/libstdc++.so.6 (0x0000ffff03540000)
	libm.so.6 => /lib64/libm.so.6 (0x0000ffff03470000)
	libomp.so => /usr/lib64/llvm20/lib64/libomp.so (0x0000ffff03310000)
	libgcc_s.so.1 => /lib64/libgcc_s.so.1 (0x0000ffff032d0000)
	libc.so.6 => /lib64/libc.so.6 (0x0000ffff03100000)
	libarpack.so.2 => /lib64/libarpack.so.2 (0x0000ffff030a0000)
	libgfortran.so.5 => /lib64/libgfortran.so.5 (0x0000ffff02ed0000)
	/lib/ld-linux-aarch64.so.1 (0x0000ffff03e30000)
