
framed_multi<float,-4,4>
Clifford algebra expressions test:
Fill: 0.5
Cl( 1, 0) in Cl( 1, 0) CPU =        0.002 ms (setup)        0.002 (comm)        0.004 (pade)        0.002 (series)        0.001 (mix)        0.002 (add) 
Cl( 1, 1) in Cl( 1, 1) CPU =        0.001 ms (setup)        0.001 (comm)        0.004 (pade)        0.001 (series)        0.001 (mix)        0.001 (add) 
Cl( 2, 1) in Cl( 2, 1) CPU =        0.002 ms (setup)        0.005 (comm)        0.009 (pade)        0.007 (series)        0.002 (mix)        0.002 (add) 
Cl( 2, 2) in Cl( 2, 2) CPU =        0.003 ms (setup)        0.009 (comm)        0.011 (pade)        0.011 (series)        0.003 (mix)        0.002 (add) 
Cl( 3, 2) in Cl( 3, 2) CPU =        0.004 ms (setup)        0.021 (comm)        0.053 (pade)        0.022 (series)        0.007 (mix)        0.004 (add) 
Cl( 3, 3) in Cl( 3, 3) CPU =        0.011 ms (setup)        0.058 (comm)        0.071 (pade)        0.089 (series)        0.018 (mix)        0.006 (add) 
Cl( 4, 3) in Cl( 4, 3) CPU =        0.022 ms (setup)        0.151 (comm)        0.268 (pade)        0.269 (series)        0.052 (mix)        0.016 (add) 
Cl( 4, 4) in Cl( 4, 4) CPU =        0.046 ms (setup)        0.860 (comm)        0.390 (pade)        1.461 (series)        0.155 (mix)        0.036 (add) 
Cl( 1, 0) in Cl( 4, 4) CPU =        0.001 ms (setup)        0.001 (comm)        0.003 (pade)        0.003 (series)        0.000 (mix)        0.001 (add) 
Cl( 1, 1) in Cl( 4, 4) CPU =        0.001 ms (setup)        0.002 (comm)        0.004 (pade)        0.003 (series)        0.001 (mix)        0.002 (add) 
Cl( 2, 1) in Cl( 4, 4) CPU =        0.001 ms (setup)        0.005 (comm)        0.010 (pade)        0.007 (series)        0.002 (mix)        0.002 (add) 
Cl( 2, 2) in Cl( 4, 4) CPU =        0.003 ms (setup)        0.010 (comm)        0.011 (pade)        0.013 (series)        0.003 (mix)        0.002 (add) 
Cl( 3, 2) in Cl( 4, 4) CPU =        0.005 ms (setup)        0.022 (comm)        0.052 (pade)        0.033 (series)        0.007 (mix)        0.004 (add) 
Cl( 3, 3) in Cl( 4, 4) CPU =        0.011 ms (setup)        0.060 (comm)        0.073 (pade)        0.092 (series)        0.018 (mix)        0.007 (add) 
Cl( 4, 3) in Cl( 4, 4) CPU =        0.022 ms (setup)        0.136 (comm)        0.175 (pade)        0.101 (series)        0.024 (mix)        0.005 (add) 
Cl( 4, 4) in Cl( 4, 4) CPU =        0.026 ms (setup)        0.436 (comm)        0.185 (pade)        0.707 (series)        0.081 (mix)        0.013 (add) 
Fill: 1
Cl( 1, 0) in Cl( 1, 0) CPU =        0.001 ms (setup)        0.002 (comm)        0.002 (pade)        0.002 (series)        0.001 (mix)        0.001 (add) 
Cl( 1, 1) in Cl( 1, 1) CPU =        0.001 ms (setup)        0.002 (comm)        0.002 (pade)        0.003 (series)        0.001 (mix)        0.001 (add) 
Cl( 2, 1) in Cl( 2, 1) CPU =        0.001 ms (setup)        0.003 (comm)        0.005 (pade)        0.004 (series)        0.001 (mix)        0.001 (add) 
Cl( 2, 2) in Cl( 2, 2) CPU =        0.002 ms (setup)        0.006 (comm)        0.007 (pade)        0.007 (series)        0.002 (mix)        0.001 (add) 
Cl( 3, 2) in Cl( 3, 2) CPU =        0.004 ms (setup)        0.015 (comm)        0.027 (pade)        0.019 (series)        0.005 (mix)        0.002 (add) 
Cl( 3, 3) in Cl( 3, 3) CPU =        0.007 ms (setup)        0.041 (comm)        0.038 (pade)        0.057 (series)        0.011 (mix)        0.004 (add) 
Cl( 4, 3) in Cl( 4, 3) CPU =        0.015 ms (setup)        0.121 (comm)        0.144 (pade)        0.177 (series)        0.029 (mix)        0.007 (add) 
Cl( 4, 4) in Cl( 4, 4) CPU =        0.034 ms (setup)        0.483 (comm)        0.203 (pade)        0.794 (series)        0.081 (mix)        0.020 (add) 
Cl( 1, 0) in Cl( 4, 4) CPU =        0.001 ms (setup)        0.002 (comm)        0.002 (pade)        0.002 (series)        0.001 (mix)        0.001 (add) 
Cl( 1, 1) in Cl( 4, 4) CPU =        0.001 ms (setup)        0.002 (comm)        0.002 (pade)        0.002 (series)        0.001 (mix)        0.001 (add) 
Cl( 2, 1) in Cl( 4, 4) CPU =        0.001 ms (setup)        0.003 (comm)        0.005 (pade)        0.004 (series)        0.001 (mix)        0.001 (add) 
Cl( 2, 2) in Cl( 4, 4) CPU =        0.002 ms (setup)        0.006 (comm)        0.007 (pade)        0.007 (series)        0.002 (mix)        0.001 (add) 
Cl( 3, 2) in Cl( 4, 4) CPU =        0.003 ms (setup)        0.015 (comm)        0.027 (pade)        0.019 (series)        0.005 (mix)        0.002 (add) 
Cl( 3, 3) in Cl( 4, 4) CPU =        0.007 ms (setup)        0.041 (comm)        0.038 (pade)        0.057 (series)        0.011 (mix)        0.003 (add) 
Cl( 4, 3) in Cl( 4, 4) CPU =        0.015 ms (setup)        0.122 (comm)        0.144 (pade)        0.177 (series)        0.030 (mix)        0.007 (add) 
Cl( 4, 4) in Cl( 4, 4) CPU =        0.034 ms (setup)        0.480 (comm)        0.203 (pade)        0.786 (series)        0.081 (mix)        0.021 (add) 

matrix_multi<float,-4,4>
Clifford algebra expressions test:
Fill: 0.5
Cl( 1, 0) in Cl( 1, 0) CPU =        0.001 ms (setup)        0.002 (comm)        0.001 (pade)        0.001 (series)        0.002 (mix)        0.000 (add) 
Cl( 1, 1) in Cl( 1, 1) CPU =        0.001 ms (setup)        0.005 (comm)        0.001 (pade)        0.001 (series)        0.004 (mix)        0.000 (add) 
Cl( 2, 1) in Cl( 2, 1) CPU =        0.002 ms (setup)        0.019 (comm)        0.001 (pade)        0.001 (series)        0.018 (mix)        0.001 (add) 
Cl( 2, 2) in Cl( 2, 2) CPU =        0.003 ms (setup)        0.030 (comm)        0.001 (pade)        0.001 (series)        0.029 (mix)        0.000 (add) 
Cl( 3, 2) in Cl( 3, 2) CPU =        0.013 ms (setup)        0.114 (comm)        0.002 (pade)        0.001 (series)        0.111 (mix)        0.000 (add) 
Cl( 3, 3) in Cl( 3, 3) CPU =        0.022 ms (setup)        0.189 (comm)        0.002 (pade)        0.001 (series)        0.181 (mix)        0.001 (add) 
Cl( 4, 3) in Cl( 4, 3) CPU =        0.051 ms (setup)        0.873 (comm)        0.005 (pade)        0.002 (series)        0.849 (mix)        0.001 (add) 
Cl( 4, 4) in Cl( 4, 4) CPU =        0.104 ms (setup)        1.350 (comm)        0.005 (pade)        0.002 (series)        1.330 (mix)        0.001 (add) 
Cl( 1, 0) in Cl( 4, 4) CPU =        0.002 ms (setup)        0.015 (comm)        0.005 (pade)        0.003 (series)        0.015 (mix)        0.001 (add) 
Cl( 1, 1) in Cl( 4, 4) CPU =        0.002 ms (setup)        0.022 (comm)        0.005 (pade)        0.002 (series)        0.021 (mix)        0.001 (add) 
Cl( 2, 1) in Cl( 4, 4) CPU =        0.006 ms (setup)        0.052 (comm)        0.005 (pade)        0.002 (series)        0.051 (mix)        0.001 (add) 
Cl( 2, 2) in Cl( 4, 4) CPU =        0.011 ms (setup)        0.069 (comm)        0.005 (pade)        0.002 (series)        0.066 (mix)        0.001 (add) 
Cl( 3, 2) in Cl( 4, 4) CPU =        0.043 ms (setup)        0.203 (comm)        0.005 (pade)        0.003 (series)        0.198 (mix)        0.001 (add) 
Cl( 3, 3) in Cl( 4, 4) CPU =        0.071 ms (setup)        0.292 (comm)        0.005 (pade)        0.003 (series)        0.282 (mix)        0.001 (add) 
Cl( 4, 3) in Cl( 4, 4) CPU =        0.180 ms (setup)        0.827 (comm)        0.005 (pade)        0.002 (series)        0.801 (mix)        0.001 (add) 
Cl( 4, 4) in Cl( 4, 4) CPU =        0.104 ms (setup)        1.385 (comm)        0.005 (pade)        0.002 (series)        1.363 (mix)        0.001 (add) 
Fill: 1
Cl( 1, 0) in Cl( 1, 0) CPU =        0.001 ms (setup)        0.005 (comm)        0.001 (pade)        0.001 (series)        0.004 (mix)        0.001 (add) 
Cl( 1, 1) in Cl( 1, 1) CPU =        0.001 ms (setup)        0.007 (comm)        0.001 (pade)        0.001 (series)        0.007 (mix)        0.001 (add) 
Cl( 2, 1) in Cl( 2, 1) CPU =        0.002 ms (setup)        0.024 (comm)        0.001 (pade)        0.001 (series)        0.023 (mix)        0.000 (add) 
Cl( 2, 2) in Cl( 2, 2) CPU =        0.005 ms (setup)        0.040 (comm)        0.001 (pade)        0.001 (series)        0.039 (mix)        0.001 (add) 
Cl( 3, 2) in Cl( 3, 2) CPU =        0.011 ms (setup)        0.145 (comm)        0.002 (pade)        0.001 (series)        0.142 (mix)        0.001 (add) 
Cl( 3, 3) in Cl( 3, 3) CPU =        0.024 ms (setup)        0.230 (comm)        0.002 (pade)        0.001 (series)        0.228 (mix)        0.000 (add) 
Cl( 4, 3) in Cl( 4, 3) CPU =        0.064 ms (setup)        0.989 (comm)        0.005 (pade)        0.003 (series)        0.980 (mix)        0.001 (add) 
Cl( 4, 4) in Cl( 4, 4) CPU =        0.127 ms (setup)        1.544 (comm)        0.005 (pade)        0.003 (series)        1.524 (mix)        0.001 (add) 
Cl( 1, 0) in Cl( 4, 4) CPU =        0.002 ms (setup)        0.033 (comm)        0.005 (pade)        0.002 (series)        0.031 (mix)        0.001 (add) 
Cl( 1, 1) in Cl( 4, 4) CPU =        0.003 ms (setup)        0.045 (comm)        0.005 (pade)        0.002 (series)        0.044 (mix)        0.001 (add) 
Cl( 2, 1) in Cl( 4, 4) CPU =        0.007 ms (setup)        0.068 (comm)        0.005 (pade)        0.002 (series)        0.067 (mix)        0.000 (add) 
Cl( 2, 2) in Cl( 4, 4) CPU =        0.019 ms (setup)        0.104 (comm)        0.005 (pade)        0.002 (series)        0.103 (mix)        0.001 (add) 
Cl( 3, 2) in Cl( 4, 4) CPU =        0.046 ms (setup)        0.223 (comm)        0.005 (pade)        0.002 (series)        0.218 (mix)        0.001 (add) 
Cl( 3, 3) in Cl( 4, 4) CPU =        0.083 ms (setup)        0.348 (comm)        0.005 (pade)        0.002 (series)        0.344 (mix)        0.001 (add) 
Cl( 4, 3) in Cl( 4, 4) CPU =        0.220 ms (setup)        1.046 (comm)        0.005 (pade)        0.003 (series)        1.034 (mix)        0.001 (add) 
Cl( 4, 4) in Cl( 4, 4) CPU =        0.128 ms (setup)        1.541 (comm)        0.005 (pade)        0.002 (series)        1.530 (mix)        0.001 (add) 

framed_multi<double>
Clifford algebra expressions test:
Fill: 0.5
Cl( 1, 0) in Cl( 1, 0) CPU =        0.001 ms (setup)        0.001 (comm)        0.002 (pade)        0.001 (series)        0.000 (mix)        0.001 (add) 
Cl( 1, 1) in Cl( 1, 1) CPU =        0.001 ms (setup)        0.001 (comm)        0.002 (pade)        0.001 (series)        0.000 (mix)        0.001 (add) 
Cl( 2, 1) in Cl( 2, 1) CPU =        0.001 ms (setup)        0.004 (comm)        0.005 (pade)        0.004 (series)        0.001 (mix)        0.001 (add) 
Cl( 2, 2) in Cl( 2, 2) CPU =        0.002 ms (setup)        0.006 (comm)        0.005 (pade)        0.007 (series)        0.002 (mix)        0.001 (add) 
Cl( 3, 2) in Cl( 3, 2) CPU =        0.003 ms (setup)        0.013 (comm)        0.028 (pade)        0.013 (series)        0.004 (mix)        0.002 (add) 
Cl( 3, 3) in Cl( 3, 3) CPU =        0.007 ms (setup)        0.036 (comm)        0.035 (pade)        0.048 (series)        0.009 (mix)        0.002 (add) 
Cl( 4, 3) in Cl( 4, 3) CPU =        0.013 ms (setup)        0.103 (comm)        0.135 (pade)        0.138 (series)        0.035 (mix)        0.004 (add) 
Cl( 4, 4) in Cl( 4, 4) CPU =        0.027 ms (setup)        0.438 (comm)        0.179 (pade)        0.680 (series)        0.109 (mix)        0.007 (add) 
Cl( 5, 4) in Cl( 5, 4) CPU =        0.054 ms (setup)        1.502 (comm)        0.642 (pade)        2.456 (series)        0.296 (mix)        0.013 (add) 
Cl( 5, 5) in Cl( 5, 5) CPU =        0.114 ms (setup)        2.577 (comm)        0.909 (pade)        3.541 (series)        0.857 (mix)        0.029 (add) 
Cl( 6, 5) in Cl( 6, 5) CPU =        0.236 ms (setup)        8.382 (comm)        3.265 (pade)       12.574 (series)        2.377 (mix)        0.060 (add) 
Cl( 6, 6) in Cl( 6, 6) CPU =        0.483 ms (setup)       15.018 (comm)        4.630 (pade)       17.918 (series)        6.764 (mix)        0.135 (add) 
Cl( 7, 6) in Cl( 7, 6) CPU =        0.980 ms (setup)       48.594 (comm)       15.955 (pade)       61.930 (series)       19.567 (mix)        0.310 (add) 
Cl( 7, 7) in Cl( 7, 7) CPU =        1.986 ms (setup)       97.499 (comm)       22.651 (pade)       88.561 (series)       57.386 (mix)        0.618 (add) 
Cl( 8, 7) in Cl( 8, 7) CPU =        3.994 ms (setup)      311.402 (comm)       82.127 (pade)      312.110 (series)      166.863 (mix)        1.306 (add) 
Cl( 8, 8) in Cl( 8, 8) CPU =        8.056 ms (setup)      706.757 (comm)      117.754 (pade)      452.694 (series)      504.197 (mix)        2.801 (add) 
Cl( 1, 0) in Cl( 8, 8) CPU =        0.001 ms (setup)        0.001 (comm)        0.001 (pade)        0.001 (series)        0.000 (mix)        0.001 (add) 
Cl( 1, 1) in Cl( 8, 8) CPU =        0.001 ms (setup)        0.001 (comm)        0.002 (pade)        0.001 (series)        0.001 (mix)        0.001 (add) 
Cl( 2, 1) in Cl( 8, 8) CPU =        0.001 ms (setup)        0.003 (comm)        0.005 (pade)        0.004 (series)        0.001 (mix)        0.001 (add) 
Cl( 2, 2) in Cl( 8, 8) CPU =        0.002 ms (setup)        0.006 (comm)        0.006 (pade)        0.007 (series)        0.002 (mix)        0.001 (add) 
Cl( 3, 2) in Cl( 8, 8) CPU =        0.002 ms (setup)        0.011 (comm)        0.019 (pade)        0.011 (series)        0.003 (mix)        0.001 (add) 
Cl( 3, 3) in Cl( 8, 8) CPU =        0.005 ms (setup)        0.035 (comm)        0.035 (pade)        0.045 (series)        0.008 (mix)        0.002 (add) 
Cl( 4, 3) in Cl( 8, 8) CPU =        0.012 ms (setup)        0.095 (comm)        0.129 (pade)        0.132 (series)        0.029 (mix)        0.004 (add) 
Cl( 4, 4) in Cl( 8, 8) CPU =        0.027 ms (setup)        0.425 (comm)        0.176 (pade)        0.669 (series)        0.103 (mix)        0.007 (add) 
Cl( 5, 4) in Cl( 8, 8) CPU =        0.055 ms (setup)        1.470 (comm)        0.631 (pade)        2.415 (series)        0.299 (mix)        0.014 (add) 
Cl( 5, 5) in Cl( 8, 8) CPU =        0.111 ms (setup)        2.479 (comm)        0.891 (pade)        3.452 (series)        0.811 (mix)        0.026 (add) 
Cl( 6, 5) in Cl( 8, 8) CPU =        0.235 ms (setup)        8.293 (comm)        3.223 (pade)       12.485 (series)        2.357 (mix)        0.059 (add) 
Cl( 6, 6) in Cl( 8, 8) CPU =        0.477 ms (setup)       14.832 (comm)        4.559 (pade)       17.688 (series)        6.711 (mix)        0.131 (add) 
Cl( 7, 6) in Cl( 8, 8) CPU =        0.979 ms (setup)       48.488 (comm)       15.852 (pade)       61.561 (series)       19.621 (mix)        0.308 (add) 
Cl( 7, 7) in Cl( 8, 8) CPU =        1.989 ms (setup)       97.776 (comm)       22.678 (pade)       88.539 (series)       57.549 (mix)        0.625 (add) 
Cl( 8, 7) in Cl( 8, 8) CPU =        4.016 ms (setup)      314.973 (comm)       81.880 (pade)      311.067 (series)      170.524 (mix)        1.327 (add) 
Cl( 8, 8) in Cl( 8, 8) CPU =        8.042 ms (setup)      704.517 (comm)      117.493 (pade)      451.237 (series)      501.800 (mix)        2.808 (add) 
Fill: 1
Cl( 1, 0) in Cl( 1, 0) CPU =        0.001 ms (setup)        0.002 (comm)        0.002 (pade)        0.002 (series)        0.001 (mix)        0.001 (add) 
Cl( 1, 1) in Cl( 1, 1) CPU =        0.001 ms (setup)        0.002 (comm)        0.002 (pade)        0.003 (series)        0.001 (mix)        0.001 (add) 
Cl( 2, 1) in Cl( 2, 1) CPU =        0.001 ms (setup)        0.004 (comm)        0.005 (pade)        0.005 (series)        0.001 (mix)        0.001 (add) 
Cl( 2, 2) in Cl( 2, 2) CPU =        0.002 ms (setup)        0.007 (comm)        0.007 (pade)        0.009 (series)        0.003 (mix)        0.001 (add) 
Cl( 3, 2) in Cl( 3, 2) CPU =        0.004 ms (setup)        0.019 (comm)        0.028 (pade)        0.025 (series)        0.006 (mix)        0.001 (add) 
Cl( 3, 3) in Cl( 3, 3) CPU =        0.008 ms (setup)        0.056 (comm)        0.039 (pade)        0.072 (series)        0.014 (mix)        0.003 (add) 
Cl( 4, 3) in Cl( 4, 3) CPU =        0.018 ms (setup)        0.171 (comm)        0.143 (pade)        0.230 (series)        0.044 (mix)        0.005 (add) 
Cl( 4, 4) in Cl( 4, 4) CPU =        0.040 ms (setup)        0.509 (comm)        0.196 (pade)        0.766 (series)        0.120 (mix)        0.009 (add) 
Cl( 5, 4) in Cl( 5, 4) CPU =        0.086 ms (setup)        1.694 (comm)        0.692 (pade)        2.691 (series)        0.302 (mix)        0.019 (add) 
Cl( 5, 5) in Cl( 5, 5) CPU =        0.178 ms (setup)        2.862 (comm)        1.030 (pade)        4.052 (series)        0.776 (mix)        0.041 (add) 
Cl( 6, 5) in Cl( 6, 5) CPU =        0.377 ms (setup)        9.215 (comm)        3.646 (pade)       14.229 (series)        2.060 (mix)        0.079 (add) 
Cl( 6, 6) in Cl( 6, 6) CPU =        0.760 ms (setup)       16.322 (comm)        5.461 (pade)       21.511 (series)        5.543 (mix)        0.166 (add) 
Cl( 7, 6) in Cl( 7, 6) CPU =        1.562 ms (setup)       51.337 (comm)       18.196 (pade)       71.418 (series)       15.575 (mix)        0.336 (add) 
Cl( 7, 7) in Cl( 7, 7) CPU =        3.139 ms (setup)       99.633 (comm)       27.640 (pade)      109.126 (series)       44.900 (mix)        0.675 (add) 
Cl( 8, 7) in Cl( 8, 7) CPU =        6.378 ms (setup)      312.902 (comm)       95.455 (pade)      368.168 (series)      129.357 (mix)        1.361 (add) 
Cl( 8, 8) in Cl( 8, 8) CPU =       12.795 ms (setup)      668.073 (comm)      147.227 (pade)      571.885 (series)      381.934 (mix)        3.110 (add) 
Cl( 1, 0) in Cl( 8, 8) CPU =        0.001 ms (setup)        0.002 (comm)        0.002 (pade)        0.002 (series)        0.001 (mix)        0.001 (add) 
Cl( 1, 1) in Cl( 8, 8) CPU =        0.001 ms (setup)        0.003 (comm)        0.002 (pade)        0.003 (series)        0.001 (mix)        0.001 (add) 
Cl( 2, 1) in Cl( 8, 8) CPU =        0.001 ms (setup)        0.004 (comm)        0.005 (pade)        0.005 (series)        0.002 (mix)        0.001 (add) 
Cl( 2, 2) in Cl( 8, 8) CPU =        0.002 ms (setup)        0.007 (comm)        0.007 (pade)        0.009 (series)        0.003 (mix)        0.001 (add) 
Cl( 3, 2) in Cl( 8, 8) CPU =        0.004 ms (setup)        0.020 (comm)        0.028 (pade)        0.024 (series)        0.005 (mix)        0.002 (add) 
Cl( 3, 3) in Cl( 8, 8) CPU =        0.008 ms (setup)        0.056 (comm)        0.040 (pade)        0.072 (series)        0.014 (mix)        0.003 (add) 
Cl( 4, 3) in Cl( 8, 8) CPU =        0.018 ms (setup)        0.170 (comm)        0.144 (pade)        0.227 (series)        0.044 (mix)        0.005 (add) 
Cl( 4, 4) in Cl( 8, 8) CPU =        0.039 ms (setup)        0.508 (comm)        0.197 (pade)        0.766 (series)        0.119 (mix)        0.009 (add) 
Cl( 5, 4) in Cl( 8, 8) CPU =        0.087 ms (setup)        1.686 (comm)        0.690 (pade)        2.706 (series)        0.304 (mix)        0.019 (add) 
Cl( 5, 5) in Cl( 8, 8) CPU =        0.179 ms (setup)        2.865 (comm)        1.030 (pade)        4.049 (series)        0.775 (mix)        0.041 (add) 
Cl( 6, 5) in Cl( 8, 8) CPU =        0.374 ms (setup)        9.197 (comm)        3.650 (pade)       14.276 (series)        2.062 (mix)        0.079 (add) 
Cl( 6, 6) in Cl( 8, 8) CPU =        0.765 ms (setup)       16.322 (comm)        5.461 (pade)       21.512 (series)        5.547 (mix)        0.166 (add) 
Cl( 7, 6) in Cl( 8, 8) CPU =        1.565 ms (setup)       51.241 (comm)       18.250 (pade)       71.394 (series)       15.585 (mix)        0.335 (add) 
Cl( 7, 7) in Cl( 8, 8) CPU =        3.123 ms (setup)       99.642 (comm)       27.634 (pade)      109.118 (series)       45.056 (mix)        0.674 (add) 
Cl( 8, 7) in Cl( 8, 8) CPU =        6.378 ms (setup)      313.074 (comm)       95.374 (pade)      368.171 (series)      129.586 (mix)        1.361 (add) 
Cl( 8, 8) in Cl( 8, 8) CPU =       12.806 ms (setup)      668.764 (comm)      147.334 (pade)      572.072 (series)      381.924 (mix)        3.093 (add) 

matrix_multi<double>
Clifford algebra expressions test:
Fill: 0.5
Cl( 1, 0) in Cl( 1, 0) CPU =        0.002 ms (setup)        0.003 (comm)        0.001 (pade)        0.001 (series)        0.002 (mix)        0.000 (add) 
Cl( 1, 1) in Cl( 1, 1) CPU =        0.004 ms (setup)        0.003 (comm)        0.001 (pade)        0.001 (series)        0.003 (mix)        0.000 (add) 
Cl( 2, 1) in Cl( 2, 1) CPU =        0.002 ms (setup)        0.018 (comm)        0.001 (pade)        0.001 (series)        0.018 (mix)        0.000 (add) 
Cl( 2, 2) in Cl( 2, 2) CPU =        0.003 ms (setup)        0.031 (comm)        0.001 (pade)        0.001 (series)        0.032 (mix)        0.000 (add) 
Cl( 3, 2) in Cl( 3, 2) CPU =        0.015 ms (setup)        0.104 (comm)        0.002 (pade)        0.002 (series)        0.101 (mix)        0.001 (add) 
Cl( 3, 3) in Cl( 3, 3) CPU =        0.022 ms (setup)        0.181 (comm)        0.002 (pade)        0.001 (series)        0.176 (mix)        0.001 (add) 
Cl( 4, 3) in Cl( 4, 3) CPU =        0.056 ms (setup)        0.842 (comm)        0.006 (pade)        0.004 (series)        0.824 (mix)        0.001 (add) 
Cl( 4, 4) in Cl( 4, 4) CPU =        0.104 ms (setup)        1.304 (comm)        0.005 (pade)        0.004 (series)        1.286 (mix)        0.001 (add) 
Cl( 5, 4) in Cl( 5, 4) CPU =        0.254 ms (setup)        5.311 (comm)        0.022 (pade)        0.015 (series)        5.301 (mix)        0.003 (add) 
Cl( 5, 5) in Cl( 5, 5) CPU =        0.494 ms (setup)        7.992 (comm)        0.022 (pade)        0.015 (series)        7.977 (mix)        0.003 (add) 
Cl( 6, 5) in Cl( 6, 5) CPU =        1.155 ms (setup)       30.640 (comm)        0.099 (pade)        0.073 (series)       30.611 (mix)        0.007 (add) 
Cl( 6, 6) in Cl( 6, 6) CPU =        2.318 ms (setup)       44.234 (comm)        0.101 (pade)        0.074 (series)       44.187 (mix)        0.007 (add) 
Cl( 7, 6) in Cl( 7, 6) CPU =        5.476 ms (setup)      177.119 (comm)        0.580 (pade)        0.463 (series)      176.852 (mix)        0.029 (add) 
Cl( 7, 7) in Cl( 7, 7) CPU =       10.931 ms (setup)      242.846 (comm)        0.577 (pade)        0.462 (series)      242.641 (mix)        0.029 (add) 
Cl( 8, 7) in Cl( 8, 7) CPU =       25.829 ms (setup)     1065.342 (comm)        4.615 (pade)        3.180 (series)     1064.178 (mix)        0.113 (add) 
Cl( 8, 8) in Cl( 8, 8) CPU =       52.099 ms (setup)     1395.624 (comm)        4.591 (pade)        3.180 (series)     1393.684 (mix)        0.113 (add) 
Cl( 1, 0) in Cl( 8, 8) CPU =        0.011 ms (setup)        5.786 (comm)        4.367 (pade)        3.178 (series)        3.933 (mix)        0.113 (add) 
Cl( 1, 1) in Cl( 8, 8) CPU =        0.018 ms (setup)        9.707 (comm)        4.463 (pade)        3.184 (series)        8.058 (mix)        0.114 (add) 
Cl( 2, 1) in Cl( 8, 8) CPU =        0.041 ms (setup)       20.735 (comm)        4.548 (pade)        3.181 (series)       19.044 (mix)        0.114 (add) 
Cl( 2, 2) in Cl( 8, 8) CPU =        0.083 ms (setup)       37.595 (comm)        4.542 (pade)        3.180 (series)       35.956 (mix)        0.114 (add) 
Cl( 3, 2) in Cl( 8, 8) CPU =        0.511 ms (setup)       52.828 (comm)        4.620 (pade)        3.182 (series)       51.177 (mix)        0.113 (add) 
Cl( 3, 3) in Cl( 8, 8) CPU =        0.833 ms (setup)       72.337 (comm)        4.569 (pade)        3.188 (series)       70.677 (mix)        0.115 (add) 
Cl( 4, 3) in Cl( 8, 8) CPU =        0.963 ms (setup)       76.250 (comm)        4.604 (pade)        3.188 (series)       74.580 (mix)        0.115 (add) 
Cl( 4, 4) in Cl( 8, 8) CPU =        1.142 ms (setup)      105.399 (comm)        4.595 (pade)        3.188 (series)      103.605 (mix)        0.115 (add) 
Cl( 5, 4) in Cl( 8, 8) CPU =        1.682 ms (setup)      138.363 (comm)        4.603 (pade)        3.189 (series)      136.516 (mix)        0.115 (add) 
Cl( 5, 5) in Cl( 8, 8) CPU =        2.588 ms (setup)      164.130 (comm)        4.635 (pade)        3.191 (series)      162.329 (mix)        0.115 (add) 
Cl( 6, 5) in Cl( 8, 8) CPU =        5.310 ms (setup)      226.007 (comm)        4.620 (pade)        3.192 (series)      224.314 (mix)        0.115 (add) 
Cl( 6, 6) in Cl( 8, 8) CPU =        9.552 ms (setup)      255.039 (comm)        4.625 (pade)        3.190 (series)      253.389 (mix)        0.122 (add) 
Cl( 7, 6) in Cl( 8, 8) CPU =       22.204 ms (setup)      398.761 (comm)        4.625 (pade)        3.189 (series)      397.651 (mix)        0.115 (add) 
Cl( 7, 7) in Cl( 8, 8) CPU =       41.644 ms (setup)      511.310 (comm)        4.616 (pade)        3.180 (series)      509.548 (mix)        0.114 (add) 
Cl( 8, 7) in Cl( 8, 8) CPU =      100.065 ms (setup)     1099.333 (comm)        4.624 (pade)        3.193 (series)     1097.423 (mix)        0.114 (add) 
Cl( 8, 8) in Cl( 8, 8) CPU =       52.108 ms (setup)     1384.228 (comm)        4.610 (pade)        3.181 (series)     1381.086 (mix)        0.118 (add) 
Fill: 1
Cl( 1, 0) in Cl( 1, 0) CPU =        0.001 ms (setup)        0.005 (comm)        0.001 (pade)        0.001 (series)        0.004 (mix)        0.001 (add) 
Cl( 1, 1) in Cl( 1, 1) CPU =        0.001 ms (setup)        0.007 (comm)        0.001 (pade)        0.001 (series)        0.007 (mix)        0.000 (add) 
Cl( 2, 1) in Cl( 2, 1) CPU =        0.003 ms (setup)        0.025 (comm)        0.001 (pade)        0.001 (series)        0.025 (mix)        0.000 (add) 
Cl( 2, 2) in Cl( 2, 2) CPU =        0.005 ms (setup)        0.040 (comm)        0.001 (pade)        0.001 (series)        0.038 (mix)        0.000 (add) 
Cl( 3, 2) in Cl( 3, 2) CPU =        0.013 ms (setup)        0.148 (comm)        0.002 (pade)        0.001 (series)        0.146 (mix)        0.000 (add) 
Cl( 3, 3) in Cl( 3, 3) CPU =        0.026 ms (setup)        0.234 (comm)        0.002 (pade)        0.001 (series)        0.229 (mix)        0.000 (add) 
Cl( 4, 3) in Cl( 4, 3) CPU =        0.071 ms (setup)        1.000 (comm)        0.006 (pade)        0.005 (series)        0.989 (mix)        0.001 (add) 
Cl( 4, 4) in Cl( 4, 4) CPU =        0.139 ms (setup)        1.524 (comm)        0.006 (pade)        0.005 (series)        1.508 (mix)        0.001 (add) 
Cl( 5, 4) in Cl( 5, 4) CPU =        0.360 ms (setup)        5.865 (comm)        0.021 (pade)        0.015 (series)        5.846 (mix)        0.002 (add) 
Cl( 5, 5) in Cl( 5, 5) CPU =        0.738 ms (setup)        8.755 (comm)        0.022 (pade)        0.015 (series)        8.745 (mix)        0.002 (add) 
Cl( 6, 5) in Cl( 6, 5) CPU =        1.782 ms (setup)       33.354 (comm)        0.100 (pade)        0.073 (series)       33.340 (mix)        0.007 (add) 
Cl( 6, 6) in Cl( 6, 6) CPU =        3.616 ms (setup)       47.583 (comm)        0.099 (pade)        0.074 (series)       47.596 (mix)        0.007 (add) 
Cl( 7, 6) in Cl( 7, 6) CPU =        8.954 ms (setup)      189.873 (comm)        0.577 (pade)        0.462 (series)      189.596 (mix)        0.029 (add) 
Cl( 7, 7) in Cl( 7, 7) CPU =       18.050 ms (setup)      261.860 (comm)        0.576 (pade)        0.463 (series)      261.590 (mix)        0.029 (add) 
Cl( 8, 7) in Cl( 8, 7) CPU =       44.828 ms (setup)     1130.900 (comm)        4.603 (pade)        3.188 (series)     1128.389 (mix)        0.115 (add) 
Cl( 8, 8) in Cl( 8, 8) CPU =       91.519 ms (setup)     1512.587 (comm)        4.598 (pade)        3.178 (series)     1510.601 (mix)        0.116 (add) 
Cl( 1, 0) in Cl( 8, 8) CPU =        0.015 ms (setup)       11.863 (comm)        4.490 (pade)        3.184 (series)       10.283 (mix)        0.116 (add) 
Cl( 1, 1) in Cl( 8, 8) CPU =        0.029 ms (setup)       18.984 (comm)        4.462 (pade)        3.180 (series)       17.331 (mix)        0.115 (add) 
Cl( 2, 1) in Cl( 8, 8) CPU =        0.067 ms (setup)       28.902 (comm)        4.564 (pade)        3.179 (series)       27.250 (mix)        0.114 (add) 
Cl( 2, 2) in Cl( 8, 8) CPU =        0.785 ms (setup)       41.767 (comm)        4.538 (pade)        3.177 (series)       40.150 (mix)        0.114 (add) 
Cl( 3, 2) in Cl( 8, 8) CPU =        0.807 ms (setup)       57.953 (comm)        4.553 (pade)        3.180 (series)       56.294 (mix)        0.114 (add) 
Cl( 3, 3) in Cl( 8, 8) CPU =        0.856 ms (setup)       79.106 (comm)        4.572 (pade)        3.183 (series)       77.432 (mix)        0.115 (add) 
Cl( 4, 3) in Cl( 8, 8) CPU =        1.035 ms (setup)      105.066 (comm)        4.601 (pade)        3.185 (series)      103.933 (mix)        0.114 (add) 
Cl( 4, 4) in Cl( 8, 8) CPU =        1.260 ms (setup)      131.509 (comm)        4.588 (pade)        3.191 (series)      129.762 (mix)        0.115 (add) 
Cl( 5, 4) in Cl( 8, 8) CPU =        2.037 ms (setup)      164.022 (comm)        4.615 (pade)        3.191 (series)      162.301 (mix)        0.115 (add) 
Cl( 5, 5) in Cl( 8, 8) CPU =        3.249 ms (setup)      194.219 (comm)        4.615 (pade)        3.192 (series)      192.637 (mix)        0.115 (add) 
Cl( 6, 5) in Cl( 8, 8) CPU =        7.033 ms (setup)      251.046 (comm)        4.613 (pade)        3.192 (series)      249.397 (mix)        0.115 (add) 
Cl( 6, 6) in Cl( 8, 8) CPU =       12.889 ms (setup)      294.391 (comm)        4.631 (pade)        3.208 (series)      292.358 (mix)        0.115 (add) 
Cl( 7, 6) in Cl( 8, 8) CPU =       30.466 ms (setup)      455.600 (comm)        4.623 (pade)        3.189 (series)      453.754 (mix)        0.114 (add) 
Cl( 7, 7) in Cl( 8, 8) CPU =       58.457 ms (setup)      558.044 (comm)        4.607 (pade)        3.181 (series)      556.402 (mix)        0.123 (add) 
Cl( 8, 7) in Cl( 8, 8) CPU =      143.122 ms (setup)     1170.672 (comm)        4.594 (pade)        3.179 (series)     1169.186 (mix)        0.114 (add) 
Cl( 8, 8) in Cl( 8, 8) CPU =       91.564 ms (setup)     1517.188 (comm)        4.609 (pade)        3.178 (series)     1514.101 (mix)        0.114 (add) 
