expressions/expressions
	linux-vdso.so.1 (0x0000ffff74f5c000)
	libflexiblas.so.3 => /lib64/libflexiblas.so.3 (0x0000ffff74960000)
	libstdc++.so.6 => /lib64/libstdc++.so.6 (0x0000ffff746b0000)
	libm.so.6 => /lib64/libm.so.6 (0x0000ffff745e0000)
	libomp.so => /usr/lib64/llvm20/lib64/libomp.so (0x0000ffff74480000)
	libgcc_s.so.1 => /lib64/libgcc_s.so.1 (0x0000ffff74440000)
	libc.so.6 => /lib64/libc.so.6 (0x0000ffff74270000)
	libgfortran.so.5 => /lib64/libgfortran.so.5 (0x0000ffff740a0000)
	/lib/ld-linux-aarch64.so.1 (0x0000ffff74f60000)
gfft_test/gfft_test
	linux-vdso.so.1 (0x0000fffef09ec000)
	libflexiblas.so.3 => /lib64/libflexiblas.so.3 (0x0000fffef03f0000)
	libstdc++.so.6 => /lib64/libstdc++.so.6 (0x0000fffef0140000)
	libm.so.6 => /lib64/libm.so.6 (0x0000fffef0070000)
	libomp.so => /usr/lib64/llvm20/lib64/libomp.so (0x0000fffeeff10000)
	libgcc_s.so.1 => /lib64/libgcc_s.so.1 (0x0000fffeefed0000)
	libc.so.6 => /lib64/libc.so.6 (0x0000fffeefd00000)
	libgfortran.so.5 => /lib64/libgfortran.so.5 (0x0000fffeefb30000)
	/lib/ld-linux-aarch64.so.1 (0x0000fffef09f0000)
products/products
	linux-vdso.so.1 (0x0000ffffa116c000)
	libflexiblas.so.3 => /lib64/libflexiblas.so.3 (0x0000ffffa0b70000)
	libstdc++.so.6 => /lib64/libstdc++.so.6 (0x0000ffffa08c0000)
	libm.so.6 => /lib64/libm.so.6 (0x0000ffffa07f0000)
	libomp.so => /usr/lib64/llvm20/lib64/libomp.so (0x0000ffffa0690000)
	libgcc_s.so.1 => /lib64/libgcc_s.so.1 (0x0000ffffa0650000)
	libc.so.6 => /lib64/libc.so.6 (0x0000ffffa0480000)
	libgfortran.so.5 => /lib64/libgfortran.so.5 (0x0000ffffa02b0000)
	/lib/ld-linux-aarch64.so.1 (0x0000ffffa1170000)
squaring/squaring
	linux-vdso.so.1 (0x0000ffff74eac000)
	libflexiblas.so.3 => /lib64/libflexiblas.so.3 (0x0000ffff748b0000)
	libstdc++.so.6 => /lib64/libstdc++.so.6 (0x0000ffff74600000)
	libm.so.6 => /lib64/libm.so.6 (0x0000ffff74530000)
	libomp.so => /usr/lib64/llvm20/lib64/libomp.so (0x0000ffff743d0000)
	libgcc_s.so.1 => /lib64/libgcc_s.so.1 (0x0000ffff74390000)
	libc.so.6 => /lib64/libc.so.6 (0x0000ffff741c0000)
	libgfortran.so.5 => /lib64/libgfortran.so.5 (0x0000ffff73ff0000)
	/lib/ld-linux-aarch64.so.1 (0x0000ffff74eb0000)
transforms/transforms
	linux-vdso.so.1 (0x0000ffff8c6dc000)
	libflexiblas.so.3 => /lib64/libflexiblas.so.3 (0x0000ffff8c0e0000)
	libstdc++.so.6 => /lib64/libstdc++.so.6 (0x0000ffff8be30000)
	libm.so.6 => /lib64/libm.so.6 (0x0000ffff8bd60000)
	libomp.so => /usr/lib64/llvm20/lib64/libomp.so (0x0000ffff8bc00000)
	libgcc_s.so.1 => /lib64/libgcc_s.so.1 (0x0000ffff8bbc0000)
	libc.so.6 => /lib64/libc.so.6 (0x0000ffff8b9f0000)
	libgfortran.so.5 => /lib64/libgfortran.so.5 (0x0000ffff8b820000)
	/lib/ld-linux-aarch64.so.1 (0x0000ffff8c6e0000)
versor/versor
	linux-vdso.so.1 (0x0000fffefaefc000)
	libflexiblas.so.3 => /lib64/libflexiblas.so.3 (0x0000fffefa900000)
	libstdc++.so.6 => /lib64/libstdc++.so.6 (0x0000fffefa650000)
	libm.so.6 => /lib64/libm.so.6 (0x0000fffefa580000)
	libomp.so => /usr/lib64/llvm20/lib64/libomp.so (0x0000fffefa420000)
	libgcc_s.so.1 => /lib64/libgcc_s.so.1 (0x0000fffefa3e0000)
	libc.so.6 => /lib64/libc.so.6 (0x0000fffefa210000)
	libgfortran.so.5 => /lib64/libgfortran.so.5 (0x0000fffefa040000)
	/lib/ld-linux-aarch64.so.1 (0x0000fffefaf00000)
