
framed_multi<float,-4,4>
Clifford algebra products test:
Fill: 0.5
Cl( 1, 0) in Cl( 1, 0) CPU =        0.001 ms (setup)        0.001 (*)        0.001 (^)        0.001 (&)        0.001 (%) 
Cl( 1, 1) in Cl( 1, 1) CPU =        0.001 ms (setup)        0.001 (*)        0.001 (^)        0.001 (&)        0.001 (%) 
Cl( 2, 1) in Cl( 2, 1) CPU =        0.001 ms (setup)        0.002 (*)        0.001 (^)        0.001 (&)        0.001 (%) 
Cl( 2, 2) in Cl( 2, 2) CPU =        0.002 ms (setup)        0.003 (*)        0.002 (^)        0.002 (&)        0.002 (%) 
Cl( 3, 2) in Cl( 3, 2) CPU =        0.003 ms (setup)        0.007 (*)        0.004 (^)        0.004 (&)        0.003 (%) 
Cl( 3, 3) in Cl( 3, 3) CPU =        0.005 ms (setup)        0.016 (*)        0.007 (^)        0.007 (&)        0.007 (%) 
Cl( 4, 3) in Cl( 4, 3) CPU =        0.011 ms (setup)        0.050 (*)        0.025 (^)        0.022 (&)        0.017 (%) 
Cl( 4, 4) in Cl( 4, 4) CPU =        0.024 ms (setup)        0.329 (*)        0.069 (^)        0.061 (&)        0.046 (%) 
Cl( 1, 0) in Cl( 4, 4) CPU =        0.001 ms (setup)        0.001 (*)        0.000 (^)        0.001 (&)        0.000 (%) 
Cl( 1, 1) in Cl( 4, 4) CPU =        0.001 ms (setup)        0.001 (*)        0.001 (^)        0.001 (&)        0.001 (%) 
Cl( 2, 1) in Cl( 4, 4) CPU =        0.001 ms (setup)        0.002 (*)        0.001 (^)        0.001 (&)        0.001 (%) 
Cl( 2, 2) in Cl( 4, 4) CPU =        0.001 ms (setup)        0.002 (*)        0.001 (^)        0.002 (&)        0.001 (%) 
Cl( 3, 2) in Cl( 4, 4) CPU =        0.003 ms (setup)        0.007 (*)        0.004 (^)        0.004 (&)        0.003 (%) 
Cl( 3, 3) in Cl( 4, 4) CPU =        0.005 ms (setup)        0.016 (*)        0.009 (^)        0.007 (&)        0.007 (%) 
Cl( 4, 3) in Cl( 4, 4) CPU =        0.012 ms (setup)        0.052 (*)        0.024 (^)        0.024 (&)        0.018 (%) 
Cl( 4, 4) in Cl( 4, 4) CPU =        0.024 ms (setup)        0.330 (*)        0.072 (^)        0.067 (&)        0.049 (%) 
Fill: 1
Cl( 1, 0) in Cl( 1, 0) CPU =        0.001 ms (setup)        0.001 (*)        0.001 (^)        0.001 (&)        0.001 (%) 
Cl( 1, 1) in Cl( 1, 1) CPU =        0.001 ms (setup)        0.002 (*)        0.001 (^)        0.001 (&)        0.001 (%) 
Cl( 2, 1) in Cl( 2, 1) CPU =        0.001 ms (setup)        0.002 (*)        0.001 (^)        0.001 (&)        0.002 (%) 
Cl( 2, 2) in Cl( 2, 2) CPU =        0.002 ms (setup)        0.004 (*)        0.002 (^)        0.003 (&)        0.002 (%) 
Cl( 3, 2) in Cl( 3, 2) CPU =        0.004 ms (setup)        0.011 (*)        0.005 (^)        0.006 (&)        0.005 (%) 
Cl( 3, 3) in Cl( 3, 3) CPU =        0.007 ms (setup)        0.036 (*)        0.011 (^)        0.015 (&)        0.011 (%) 
Cl( 4, 3) in Cl( 4, 3) CPU =        0.016 ms (setup)        0.120 (*)        0.025 (^)        0.037 (&)        0.028 (%) 
Cl( 4, 4) in Cl( 4, 4) CPU =        0.036 ms (setup)        0.407 (*)        0.064 (^)        0.104 (&)        0.072 (%) 
Cl( 1, 0) in Cl( 4, 4) CPU =        0.001 ms (setup)        0.001 (*)        0.001 (^)        0.001 (&)        0.001 (%) 
Cl( 1, 1) in Cl( 4, 4) CPU =        0.001 ms (setup)        0.002 (*)        0.001 (^)        0.001 (&)        0.001 (%) 
Cl( 2, 1) in Cl( 4, 4) CPU =        0.001 ms (setup)        0.003 (*)        0.001 (^)        0.002 (&)        0.001 (%) 
Cl( 2, 2) in Cl( 4, 4) CPU =        0.002 ms (setup)        0.005 (*)        0.002 (^)        0.003 (&)        0.002 (%) 
Cl( 3, 2) in Cl( 4, 4) CPU =        0.003 ms (setup)        0.012 (*)        0.005 (^)        0.005 (&)        0.005 (%) 
Cl( 3, 3) in Cl( 4, 4) CPU =        0.007 ms (setup)        0.036 (*)        0.011 (^)        0.015 (&)        0.011 (%) 
Cl( 4, 3) in Cl( 4, 4) CPU =        0.017 ms (setup)        0.119 (*)        0.025 (^)        0.037 (&)        0.027 (%) 
Cl( 4, 4) in Cl( 4, 4) CPU =        0.037 ms (setup)        0.406 (*)        0.063 (^)        0.104 (&)        0.072 (%) 

matrix_multi<float,-4,4>
Clifford algebra products test:
Fill: 0.5
Cl( 1, 0) in Cl( 1, 0) CPU =        0.007 ms (setup)        0.001 (*)        0.005 (^)        0.004 (&)        0.005 (%) 
Cl( 1, 1) in Cl( 1, 1) CPU =        0.003 ms (setup)        0.000 (*)        0.004 (^)        0.004 (&)        0.004 (%) 
Cl( 2, 1) in Cl( 2, 1) CPU =        0.002 ms (setup)        0.001 (*)        0.007 (^)        0.011 (&)        0.011 (%) 
Cl( 2, 2) in Cl( 2, 2) CPU =        0.005 ms (setup)        0.001 (*)        0.033 (^)        0.022 (&)        0.028 (%) 
Cl( 3, 2) in Cl( 3, 2) CPU =        0.011 ms (setup)        0.001 (*)        0.129 (^)        0.106 (&)        0.118 (%) 
Cl( 3, 3) in Cl( 3, 3) CPU =        0.021 ms (setup)        0.001 (*)        0.185 (^)        0.183 (&)        0.180 (%) 
Cl( 4, 3) in Cl( 4, 3) CPU =        0.050 ms (setup)        0.002 (*)        0.799 (^)        0.410 (&)        0.388 (%) 
Cl( 4, 4) in Cl( 4, 4) CPU =        0.054 ms (setup)        0.001 (*)        0.678 (^)        0.670 (&)        0.693 (%) 
Cl( 1, 0) in Cl( 4, 4) CPU =        0.001 ms (setup)        0.001 (*)        0.011 (^)        0.011 (&)        0.011 (%) 
Cl( 1, 1) in Cl( 4, 4) CPU =        0.002 ms (setup)        0.001 (*)        0.016 (^)        0.013 (&)        0.017 (%) 
Cl( 2, 1) in Cl( 4, 4) CPU =        0.005 ms (setup)        0.001 (*)        0.029 (^)        0.018 (&)        0.023 (%) 
Cl( 2, 2) in Cl( 4, 4) CPU =        0.009 ms (setup)        0.000 (*)        0.044 (^)        0.032 (&)        0.036 (%) 
Cl( 3, 2) in Cl( 4, 4) CPU =        0.020 ms (setup)        0.001 (*)        0.088 (^)        0.065 (&)        0.074 (%) 
Cl( 3, 3) in Cl( 4, 4) CPU =        0.037 ms (setup)        0.001 (*)        0.137 (^)        0.108 (&)        0.113 (%) 
Cl( 4, 3) in Cl( 4, 4) CPU =        0.092 ms (setup)        0.001 (*)        0.404 (^)        0.401 (&)        0.397 (%) 
Cl( 4, 4) in Cl( 4, 4) CPU =        0.053 ms (setup)        0.001 (*)        0.638 (^)        0.651 (&)        0.661 (%) 
Fill: 1
Cl( 1, 0) in Cl( 1, 0) CPU =        0.001 ms (setup)        0.001 (*)        0.003 (^)        0.002 (&)        0.003 (%) 
Cl( 1, 1) in Cl( 1, 1) CPU =        0.001 ms (setup)        0.000 (*)        0.004 (^)        0.003 (&)        0.004 (%) 
Cl( 2, 1) in Cl( 2, 1) CPU =        0.002 ms (setup)        0.001 (*)        0.012 (^)        0.011 (&)        0.012 (%) 
Cl( 2, 2) in Cl( 2, 2) CPU =        0.003 ms (setup)        0.001 (*)        0.020 (^)        0.018 (&)        0.020 (%) 
Cl( 3, 2) in Cl( 3, 2) CPU =        0.007 ms (setup)        0.000 (*)        0.071 (^)        0.071 (&)        0.071 (%) 
Cl( 3, 3) in Cl( 3, 3) CPU =        0.013 ms (setup)        0.000 (*)        0.114 (^)        0.107 (&)        0.116 (%) 
Cl( 4, 3) in Cl( 4, 3) CPU =        0.034 ms (setup)        0.001 (*)        0.488 (^)        0.492 (&)        0.491 (%) 
Cl( 4, 4) in Cl( 4, 4) CPU =        0.069 ms (setup)        0.001 (*)        0.760 (^)        0.756 (&)        0.770 (%) 
Cl( 1, 0) in Cl( 4, 4) CPU =        0.002 ms (setup)        0.001 (*)        0.019 (^)        0.013 (&)        0.017 (%) 
Cl( 1, 1) in Cl( 4, 4) CPU =        0.003 ms (setup)        0.001 (*)        0.024 (^)        0.015 (&)        0.021 (%) 
Cl( 2, 1) in Cl( 4, 4) CPU =        0.005 ms (setup)        0.001 (*)        0.040 (^)        0.027 (&)        0.031 (%) 
Cl( 2, 2) in Cl( 4, 4) CPU =        0.011 ms (setup)        0.001 (*)        0.056 (^)        0.038 (&)        0.044 (%) 
Cl( 3, 2) in Cl( 4, 4) CPU =        0.024 ms (setup)        0.001 (*)        0.126 (^)        0.092 (&)        0.092 (%) 
Cl( 3, 3) in Cl( 4, 4) CPU =        0.043 ms (setup)        0.001 (*)        0.184 (^)        0.150 (&)        0.158 (%) 
Cl( 4, 3) in Cl( 4, 4) CPU =        0.112 ms (setup)        0.001 (*)        0.538 (^)        0.492 (&)        0.494 (%) 
Cl( 4, 4) in Cl( 4, 4) CPU =        0.069 ms (setup)        0.001 (*)        0.763 (^)        0.757 (&)        0.769 (%) 

framed_multi<double>
Clifford algebra products test:
Fill: 0.5
Cl( 1, 0) in Cl( 1, 0) CPU =        0.000 ms (setup)        0.001 (*)        0.001 (^)        0.000 (&)        0.000 (%) 
Cl( 1, 1) in Cl( 1, 1) CPU =        0.001 ms (setup)        0.000 (*)        0.001 (^)        0.001 (&)        0.001 (%) 
Cl( 2, 1) in Cl( 2, 1) CPU =        0.001 ms (setup)        0.001 (*)        0.001 (^)        0.001 (&)        0.001 (%) 
Cl( 2, 2) in Cl( 2, 2) CPU =        0.001 ms (setup)        0.002 (*)        0.001 (^)        0.001 (&)        0.001 (%) 
Cl( 3, 2) in Cl( 3, 2) CPU =        0.002 ms (setup)        0.004 (*)        0.002 (^)        0.002 (&)        0.002 (%) 
Cl( 3, 3) in Cl( 3, 3) CPU =        0.003 ms (setup)        0.010 (*)        0.005 (^)        0.005 (&)        0.004 (%) 
Cl( 4, 3) in Cl( 4, 3) CPU =        0.007 ms (setup)        0.031 (*)        0.018 (^)        0.015 (&)        0.013 (%) 
Cl( 4, 4) in Cl( 4, 4) CPU =        0.013 ms (setup)        0.161 (*)        0.056 (^)        0.043 (&)        0.034 (%) 
Cl( 5, 4) in Cl( 5, 4) CPU =        0.028 ms (setup)        0.585 (*)        0.162 (^)        0.123 (&)        0.087 (%) 
Cl( 5, 5) in Cl( 5, 5) CPU =        0.057 ms (setup)        0.812 (*)        0.472 (^)        0.333 (&)        0.217 (%) 
Cl( 6, 5) in Cl( 6, 5) CPU =        0.119 ms (setup)        2.986 (*)        1.340 (^)        0.988 (&)        0.598 (%) 
Cl( 6, 6) in Cl( 6, 6) CPU =        0.242 ms (setup)        4.079 (*)        3.763 (^)        2.797 (&)        1.594 (%) 
Cl( 7, 6) in Cl( 7, 6) CPU =        0.489 ms (setup)       14.473 (*)       11.377 (^)        8.308 (&)        4.702 (%) 
Cl( 7, 7) in Cl( 7, 7) CPU =        0.987 ms (setup)       20.049 (*)       33.047 (^)       23.911 (&)       12.896 (%) 
Cl( 8, 7) in Cl( 8, 7) CPU =        1.998 ms (setup)       72.252 (*)       98.017 (^)       70.662 (&)       37.515 (%) 
Cl( 8, 8) in Cl( 8, 8) CPU =        4.010 ms (setup)      100.515 (*)      289.587 (^)      210.454 (&)      108.991 (%) 
Cl( 1, 0) in Cl( 8, 8) CPU =        0.000 ms (setup)        0.001 (*)        0.001 (^)        0.001 (&)        0.000 (%) 
Cl( 1, 1) in Cl( 8, 8) CPU =        0.001 ms (setup)        0.001 (*)        0.001 (^)        0.000 (&)        0.001 (%) 
Cl( 2, 1) in Cl( 8, 8) CPU =        0.001 ms (setup)        0.002 (*)        0.001 (^)        0.001 (&)        0.001 (%) 
Cl( 2, 2) in Cl( 8, 8) CPU =        0.001 ms (setup)        0.002 (*)        0.001 (^)        0.001 (&)        0.001 (%) 
Cl( 3, 2) in Cl( 8, 8) CPU =        0.001 ms (setup)        0.004 (*)        0.002 (^)        0.002 (&)        0.002 (%) 
Cl( 3, 3) in Cl( 8, 8) CPU =        0.003 ms (setup)        0.009 (*)        0.005 (^)        0.005 (&)        0.004 (%) 
Cl( 4, 3) in Cl( 8, 8) CPU =        0.006 ms (setup)        0.024 (*)        0.015 (^)        0.012 (&)        0.011 (%) 
Cl( 4, 4) in Cl( 8, 8) CPU =        0.013 ms (setup)        0.160 (*)        0.055 (^)        0.043 (&)        0.035 (%) 
Cl( 5, 4) in Cl( 8, 8) CPU =        0.027 ms (setup)        0.580 (*)        0.162 (^)        0.119 (&)        0.088 (%) 
Cl( 5, 5) in Cl( 8, 8) CPU =        0.057 ms (setup)        0.797 (*)        0.464 (^)        0.323 (&)        0.215 (%) 
Cl( 6, 5) in Cl( 8, 8) CPU =        0.118 ms (setup)        2.958 (*)        1.331 (^)        0.959 (&)        0.579 (%) 
Cl( 6, 6) in Cl( 8, 8) CPU =        0.237 ms (setup)        4.040 (*)        3.848 (^)        2.783 (&)        1.613 (%) 
Cl( 7, 6) in Cl( 8, 8) CPU =        0.487 ms (setup)       14.354 (*)       11.181 (^)        8.213 (&)        4.516 (%) 
Cl( 7, 7) in Cl( 8, 8) CPU =        0.985 ms (setup)       19.840 (*)       32.918 (^)       23.904 (&)       12.755 (%) 
Cl( 8, 7) in Cl( 8, 8) CPU =        1.990 ms (setup)       72.231 (*)       97.954 (^)       70.506 (&)       37.340 (%) 
Cl( 8, 8) in Cl( 8, 8) CPU =        4.018 ms (setup)      100.828 (*)      289.161 (^)      209.454 (&)      108.928 (%) 
Fill: 1
Cl( 1, 0) in Cl( 1, 0) CPU =        0.001 ms (setup)        0.001 (*)        0.001 (^)        0.001 (&)        0.000 (%) 
Cl( 1, 1) in Cl( 1, 1) CPU =        0.000 ms (setup)        0.001 (*)        0.001 (^)        0.001 (&)        0.000 (%) 
Cl( 2, 1) in Cl( 2, 1) CPU =        0.001 ms (setup)        0.001 (*)        0.001 (^)        0.001 (&)        0.001 (%) 
Cl( 2, 2) in Cl( 2, 2) CPU =        0.001 ms (setup)        0.003 (*)        0.001 (^)        0.002 (&)        0.002 (%) 
Cl( 3, 2) in Cl( 3, 2) CPU =        0.002 ms (setup)        0.007 (*)        0.004 (^)        0.004 (&)        0.004 (%) 
Cl( 3, 3) in Cl( 3, 3) CPU =        0.004 ms (setup)        0.020 (*)        0.007 (^)        0.009 (&)        0.007 (%) 
Cl( 4, 3) in Cl( 4, 3) CPU =        0.009 ms (setup)        0.067 (*)        0.022 (^)        0.024 (&)        0.018 (%) 
Cl( 4, 4) in Cl( 4, 4) CPU =        0.020 ms (setup)        0.200 (*)        0.054 (^)        0.060 (&)        0.050 (%) 
Cl( 5, 4) in Cl( 5, 4) CPU =        0.044 ms (setup)        0.682 (*)        0.141 (^)        0.156 (&)        0.120 (%) 
Cl( 5, 5) in Cl( 5, 5) CPU =        0.091 ms (setup)        1.018 (*)        0.365 (^)        0.405 (&)        0.291 (%) 
Cl( 6, 5) in Cl( 6, 5) CPU =        0.187 ms (setup)        3.587 (*)        0.966 (^)        1.067 (&)        0.723 (%) 
Cl( 6, 6) in Cl( 6, 6) CPU =        0.377 ms (setup)        5.389 (*)        2.630 (^)        2.900 (&)        1.859 (%) 
Cl( 7, 6) in Cl( 7, 6) CPU =        0.780 ms (setup)       17.843 (*)        7.309 (^)        8.293 (&)        4.958 (%) 
Cl( 7, 7) in Cl( 7, 7) CPU =        1.560 ms (setup)       27.238 (*)       20.697 (^)       24.221 (&)       13.644 (%) 
Cl( 8, 7) in Cl( 8, 7) CPU =        3.174 ms (setup)       92.014 (*)       59.419 (^)       71.199 (&)       38.863 (%) 
Cl( 8, 8) in Cl( 8, 8) CPU =        6.390 ms (setup)      143.647 (*)      173.165 (^)      214.415 (&)      114.805 (%) 
Cl( 1, 0) in Cl( 8, 8) CPU =        0.001 ms (setup)        0.001 (*)        0.001 (^)        0.001 (&)        0.000 (%) 
Cl( 1, 1) in Cl( 8, 8) CPU =        0.001 ms (setup)        0.001 (*)        0.001 (^)        0.001 (&)        0.001 (%) 
Cl( 2, 1) in Cl( 8, 8) CPU =        0.001 ms (setup)        0.002 (*)        0.001 (^)        0.001 (&)        0.001 (%) 
Cl( 2, 2) in Cl( 8, 8) CPU =        0.001 ms (setup)        0.003 (*)        0.002 (^)        0.002 (&)        0.002 (%) 
Cl( 3, 2) in Cl( 8, 8) CPU =        0.003 ms (setup)        0.007 (*)        0.003 (^)        0.003 (&)        0.003 (%) 
Cl( 3, 3) in Cl( 8, 8) CPU =        0.005 ms (setup)        0.020 (*)        0.007 (^)        0.009 (&)        0.007 (%) 
Cl( 4, 3) in Cl( 8, 8) CPU =        0.009 ms (setup)        0.068 (*)        0.019 (^)        0.022 (&)        0.019 (%) 
Cl( 4, 4) in Cl( 8, 8) CPU =        0.021 ms (setup)        0.202 (*)        0.056 (^)        0.061 (&)        0.050 (%) 
Cl( 5, 4) in Cl( 8, 8) CPU =        0.044 ms (setup)        0.691 (*)        0.143 (^)        0.157 (&)        0.118 (%) 
Cl( 5, 5) in Cl( 8, 8) CPU =        0.092 ms (setup)        1.032 (*)        0.366 (^)        0.404 (&)        0.292 (%) 
Cl( 6, 5) in Cl( 8, 8) CPU =        0.189 ms (setup)        3.583 (*)        0.963 (^)        1.069 (&)        0.724 (%) 
Cl( 6, 6) in Cl( 8, 8) CPU =        0.378 ms (setup)        5.394 (*)        2.617 (^)        2.892 (&)        1.848 (%) 
Cl( 7, 6) in Cl( 8, 8) CPU =        0.776 ms (setup)       17.835 (*)        7.317 (^)        8.286 (&)        4.960 (%) 
Cl( 7, 7) in Cl( 8, 8) CPU =        1.556 ms (setup)       27.246 (*)       20.637 (^)       24.214 (&)       13.649 (%) 
Cl( 8, 7) in Cl( 8, 8) CPU =        3.188 ms (setup)       92.349 (*)       59.533 (^)       72.520 (&)       39.853 (%) 
Cl( 8, 8) in Cl( 8, 8) CPU =        6.380 ms (setup)      143.538 (*)      172.932 (^)      210.846 (&)      112.862 (%) 

matrix_multi<double>
Clifford algebra products test:
Fill: 0.5
Cl( 1, 0) in Cl( 1, 0) CPU =        0.002 ms (setup)        0.001 (*)        0.001 (^)        0.000 (&)        0.001 (%) 
Cl( 1, 1) in Cl( 1, 1) CPU =        0.002 ms (setup)        0.001 (*)        0.002 (^)        0.003 (&)        0.003 (%) 
Cl( 2, 1) in Cl( 2, 1) CPU =        0.003 ms (setup)        0.000 (*)        0.010 (^)        0.011 (&)        0.009 (%) 
Cl( 2, 2) in Cl( 2, 2) CPU =        0.003 ms (setup)        0.000 (*)        0.012 (^)        0.009 (&)        0.013 (%) 
Cl( 3, 2) in Cl( 3, 2) CPU =        0.011 ms (setup)        0.001 (*)        0.055 (^)        0.059 (&)        0.058 (%) 
Cl( 3, 3) in Cl( 3, 3) CPU =        0.011 ms (setup)        0.000 (*)        0.092 (^)        0.085 (&)        0.095 (%) 
Cl( 4, 3) in Cl( 4, 3) CPU =        0.027 ms (setup)        0.001 (*)        0.382 (^)        0.407 (&)        0.402 (%) 
Cl( 4, 4) in Cl( 4, 4) CPU =        0.054 ms (setup)        0.001 (*)        0.620 (^)        0.656 (&)        0.657 (%) 
Cl( 5, 4) in Cl( 5, 4) CPU =        0.129 ms (setup)        0.003 (*)        2.516 (^)        2.522 (&)        2.558 (%) 
Cl( 5, 5) in Cl( 5, 5) CPU =        0.245 ms (setup)        0.003 (*)        3.681 (^)        3.916 (&)        3.869 (%) 
Cl( 6, 5) in Cl( 6, 5) CPU =        0.587 ms (setup)        0.015 (*)       24.283 (^)       15.581 (&)       15.068 (%) 
Cl( 6, 6) in Cl( 6, 6) CPU =        1.179 ms (setup)        0.015 (*)       21.189 (^)       22.569 (&)       21.706 (%) 
Cl( 7, 6) in Cl( 7, 6) CPU =        2.743 ms (setup)        0.103 (*)       86.256 (^)       89.967 (&)       85.574 (%) 
Cl( 7, 7) in Cl( 7, 7) CPU =        5.479 ms (setup)        0.104 (*)      117.885 (^)      122.309 (&)      117.126 (%) 
Cl( 8, 7) in Cl( 8, 7) CPU =       12.929 ms (setup)        0.825 (*)      623.391 (^)      873.832 (&)      792.115 (%) 
Cl( 8, 8) in Cl( 8, 8) CPU =       26.147 ms (setup)        0.826 (*)      681.932 (^)      740.339 (&)      673.409 (%) 
Cl( 1, 0) in Cl( 8, 8) CPU =        0.009 ms (setup)        0.831 (*)        1.423 (^)        1.369 (&)        1.395 (%) 
Cl( 1, 1) in Cl( 8, 8) CPU =        0.015 ms (setup)        0.833 (*)        6.305 (^)        6.070 (&)        5.484 (%) 
Cl( 2, 1) in Cl( 8, 8) CPU =        0.026 ms (setup)        0.834 (*)       17.552 (^)       10.774 (&)       12.095 (%) 
Cl( 2, 2) in Cl( 8, 8) CPU =        0.052 ms (setup)        0.834 (*)       11.352 (^)       10.848 (&)        8.441 (%) 
Cl( 3, 2) in Cl( 8, 8) CPU =        0.288 ms (setup)        0.826 (*)       25.770 (^)       17.099 (&)       16.829 (%) 
Cl( 3, 3) in Cl( 8, 8) CPU =        0.449 ms (setup)        0.826 (*)       35.860 (^)       25.709 (&)       23.044 (%) 
Cl( 4, 3) in Cl( 8, 8) CPU =        0.506 ms (setup)        0.827 (*)       49.159 (^)       47.525 (&)       30.798 (%) 
Cl( 4, 4) in Cl( 8, 8) CPU =        0.592 ms (setup)        0.827 (*)       51.066 (^)       49.296 (&)       32.264 (%) 
Cl( 5, 4) in Cl( 8, 8) CPU =        0.872 ms (setup)        0.827 (*)       95.196 (^)       78.778 (&)       58.181 (%) 
Cl( 5, 5) in Cl( 8, 8) CPU =        1.323 ms (setup)        0.826 (*)       91.892 (^)       96.637 (&)       60.569 (%) 
Cl( 6, 5) in Cl( 8, 8) CPU =        2.658 ms (setup)        0.826 (*)      137.132 (^)      126.719 (&)       92.372 (%) 
Cl( 6, 6) in Cl( 8, 8) CPU =        4.776 ms (setup)        0.826 (*)      144.959 (^)      135.465 (&)      101.351 (%) 
Cl( 7, 6) in Cl( 8, 8) CPU =       11.062 ms (setup)        0.826 (*)      203.147 (^)      212.054 (&)      159.260 (%) 
Cl( 7, 7) in Cl( 8, 8) CPU =       20.843 ms (setup)        0.825 (*)      261.353 (^)      269.018 (&)      218.826 (%) 
Cl( 8, 7) in Cl( 8, 8) CPU =       49.777 ms (setup)        0.826 (*)      525.437 (^)      563.740 (&)      492.142 (%) 
Cl( 8, 8) in Cl( 8, 8) CPU =       26.216 ms (setup)        0.826 (*)      653.768 (^)      739.898 (&)      659.357 (%) 
Fill: 1
Cl( 1, 0) in Cl( 1, 0) CPU =        0.001 ms (setup)        0.000 (*)        0.003 (^)        0.002 (&)        0.003 (%) 
Cl( 1, 1) in Cl( 1, 1) CPU =        0.001 ms (setup)        0.000 (*)        0.004 (^)        0.003 (&)        0.004 (%) 
Cl( 2, 1) in Cl( 2, 1) CPU =        0.002 ms (setup)        0.000 (*)        0.013 (^)        0.011 (&)        0.012 (%) 
Cl( 2, 2) in Cl( 2, 2) CPU =        0.003 ms (setup)        0.000 (*)        0.021 (^)        0.017 (&)        0.020 (%) 
Cl( 3, 2) in Cl( 3, 2) CPU =        0.007 ms (setup)        0.000 (*)        0.070 (^)        0.070 (&)        0.072 (%) 
Cl( 3, 3) in Cl( 3, 3) CPU =        0.013 ms (setup)        0.001 (*)        0.116 (^)        0.108 (&)        0.115 (%) 
Cl( 4, 3) in Cl( 4, 3) CPU =        0.038 ms (setup)        0.001 (*)        0.492 (^)        0.493 (&)        0.495 (%) 
Cl( 4, 4) in Cl( 4, 4) CPU =        0.073 ms (setup)        0.001 (*)        0.755 (^)        0.746 (&)        0.752 (%) 
Cl( 5, 4) in Cl( 5, 4) CPU =        0.189 ms (setup)        0.003 (*)        2.881 (^)        2.944 (&)        2.921 (%) 
Cl( 5, 5) in Cl( 5, 5) CPU =        0.378 ms (setup)        0.003 (*)        4.312 (^)        4.367 (&)        4.333 (%) 
Cl( 6, 5) in Cl( 6, 5) CPU =        0.900 ms (setup)        0.015 (*)       16.291 (^)       16.915 (&)       16.346 (%) 
Cl( 6, 6) in Cl( 6, 6) CPU =        1.833 ms (setup)        0.015 (*)       23.322 (^)       24.106 (&)       23.355 (%) 
Cl( 7, 6) in Cl( 7, 6) CPU =        4.479 ms (setup)        0.103 (*)       91.141 (^)       97.553 (&)       91.532 (%) 
Cl( 7, 7) in Cl( 7, 7) CPU =        9.036 ms (setup)        0.104 (*)      126.434 (^)      133.323 (&)      126.901 (%) 
Cl( 8, 7) in Cl( 8, 7) CPU =       22.409 ms (setup)        0.825 (*)      703.248 (^)      610.846 (&)      541.346 (%) 
Cl( 8, 8) in Cl( 8, 8) CPU =       45.703 ms (setup)        0.827 (*)      725.302 (^)      807.240 (&)      729.385 (%) 
Cl( 1, 0) in Cl( 8, 8) CPU =        0.009 ms (setup)        0.830 (*)        6.458 (^)        3.299 (&)        5.482 (%) 
Cl( 1, 1) in Cl( 8, 8) CPU =        0.017 ms (setup)        0.832 (*)       11.048 (^)        6.059 (&)        8.410 (%) 
Cl( 2, 1) in Cl( 8, 8) CPU =        0.036 ms (setup)        0.832 (*)       17.605 (^)       10.801 (&)       12.140 (%) 
Cl( 2, 2) in Cl( 8, 8) CPU =        0.422 ms (setup)        0.826 (*)       25.418 (^)       16.776 (&)       16.672 (%) 
Cl( 3, 2) in Cl( 8, 8) CPU =        0.434 ms (setup)        0.826 (*)       35.455 (^)       24.999 (&)       22.196 (%) 
Cl( 3, 3) in Cl( 8, 8) CPU =        0.460 ms (setup)        0.827 (*)       47.611 (^)       35.239 (&)       29.465 (%) 
Cl( 4, 3) in Cl( 8, 8) CPU =        0.544 ms (setup)        0.827 (*)       63.003 (^)       48.648 (&)       38.498 (%) 
Cl( 4, 4) in Cl( 8, 8) CPU =        0.664 ms (setup)        0.828 (*)       78.445 (^)       61.864 (&)       47.206 (%) 
Cl( 5, 4) in Cl( 8, 8) CPU =        1.051 ms (setup)        0.827 (*)       96.175 (^)       79.565 (&)       58.882 (%) 
Cl( 5, 5) in Cl( 8, 8) CPU =        1.657 ms (setup)        0.828 (*)      110.644 (^)       97.647 (&)       70.853 (%) 
Cl( 6, 5) in Cl( 8, 8) CPU =        3.522 ms (setup)        0.826 (*)      139.243 (^)      128.694 (&)       94.264 (%) 
Cl( 6, 6) in Cl( 8, 8) CPU =        6.472 ms (setup)        0.826 (*)      156.170 (^)      157.007 (&)      114.865 (%) 
Cl( 7, 6) in Cl( 8, 8) CPU =       15.228 ms (setup)        0.826 (*)      236.981 (^)      239.596 (&)      188.009 (%) 
Cl( 7, 7) in Cl( 8, 8) CPU =       29.262 ms (setup)        0.827 (*)      277.290 (^)      301.894 (&)      241.864 (%) 
Cl( 8, 7) in Cl( 8, 8) CPU =       71.651 ms (setup)        0.826 (*)      580.913 (^)      612.312 (&)      542.282 (%) 
Cl( 8, 8) in Cl( 8, 8) CPU =       45.516 ms (setup)        0.826 (*)      727.892 (^)      807.335 (&)      729.960 (%) 
