Benchmarking versor product performance up to Cl(16,0)

--- Benchmarking framed_multi ---
Cl( 1, 0) | naive :      0.083 ms | operator| :      0.009 ms | versor :      0.004 ms | versor_exp :      0.004 ms
Cl( 2, 0) | naive :      0.010 ms | operator| :      0.004 ms | versor :      0.003 ms | versor_exp :      0.018 ms
Cl( 3, 0) | naive :      0.020 ms | operator| :      0.011 ms | versor :      0.010 ms | versor_exp :      0.034 ms
Cl( 4, 0) | naive :      0.069 ms | operator| :      0.060 ms | versor :      0.049 ms | versor_exp :      0.100 ms
Cl( 5, 0) | naive :      0.176 ms | operator| :      0.242 ms | versor :      0.232 ms | versor_exp :      0.375 ms
Cl( 6, 0) | naive :      0.282 ms | operator| :      0.288 ms | versor :      0.284 ms | versor_exp :      0.552 ms
Cl( 7, 0) | naive :      0.394 ms | operator| :      0.320 ms | versor :      0.320 ms | versor_exp :      0.729 ms
Cl( 8, 0) | naive :      0.773 ms | operator| :      0.418 ms | versor :      0.417 ms | versor_exp :      0.617 ms
Cl( 9, 0) | naive :      2.632 ms | operator| :      1.603 ms | versor :      1.603 ms | versor_exp :      1.985 ms
Cl(10, 0) | naive :      2.381 ms | operator| :      1.325 ms | versor :      1.304 ms | versor_exp :      1.926 ms
Cl(11, 0) | naive :      8.544 ms | operator| :      4.888 ms | versor :      4.875 ms | versor_exp :      7.806 ms
Cl(12, 0) | naive :     30.572 ms | operator| :     18.197 ms | versor :     18.227 ms | versor_exp :     31.771 ms
Cl(13, 0) | naive :    124.237 ms | operator| :     70.360 ms | versor :     70.310 ms | versor_exp :    309.785 ms
Cl(14, 0) | naive :    117.397 ms | operator| :     80.986 ms | versor :     80.875 ms | versor_exp :    343.888 ms
Cl(15, 0) | naive :    171.132 ms | operator| :    103.743 ms | versor :    103.971 ms | versor_exp :    438.277 ms
Cl(16, 0) | naive :    271.310 ms | operator| :    151.438 ms | versor :    151.650 ms | versor_exp :    590.736 ms
Cl( 0, 1) | naive :      0.010 ms | operator| :      0.005 ms | versor :      0.003 ms | versor_exp :      0.002 ms
Cl( 0, 2) | naive :      0.009 ms | operator| :      0.006 ms | versor :      0.004 ms | versor_exp :      0.012 ms
Cl( 0, 3) | naive :      0.023 ms | operator| :      0.019 ms | versor :      0.014 ms | versor_exp :      0.031 ms
Cl( 0, 4) | naive :      0.036 ms | operator| :      0.029 ms | versor :      0.025 ms | versor_exp :      0.053 ms
Cl( 0, 5) | naive :      0.044 ms | operator| :      0.038 ms | versor :      0.035 ms | versor_exp :      0.084 ms
Cl( 0, 6) | naive :      0.066 ms | operator| :      0.049 ms | versor :      0.046 ms | versor_exp :      0.120 ms
Cl( 0, 7) | naive :      0.209 ms | operator| :      0.172 ms | versor :      0.165 ms | versor_exp :      0.361 ms
Cl( 0, 8) | naive :      0.417 ms | operator| :      0.220 ms | versor :      0.213 ms | versor_exp :      0.311 ms
Cl( 0, 9) | naive :      1.221 ms | operator| :      0.676 ms | versor :      0.666 ms | versor_exp :      0.963 ms
Cl( 0,10) | naive :      4.356 ms | operator| :      2.557 ms | versor :      2.545 ms | versor_exp :      3.748 ms
Cl( 0,11) | naive :     19.720 ms | operator| :     13.462 ms | versor :     13.471 ms | versor_exp :     21.150 ms
Cl( 0,12) | naive :     33.945 ms | operator| :     19.088 ms | versor :     19.154 ms | versor_exp :     33.238 ms
Cl( 0,13) | naive :     42.727 ms | operator| :     23.895 ms | versor :     23.904 ms | versor_exp :    139.848 ms
Cl( 0,14) | naive :     59.462 ms | operator| :     33.744 ms | versor :     33.789 ms | versor_exp :    174.029 ms
Cl( 0,15) | naive :    164.201 ms | operator| :    104.498 ms | versor :    104.878 ms | versor_exp :    428.770 ms
Cl( 0,16) | naive :    271.427 ms | operator| :    152.315 ms | versor :    152.762 ms | versor_exp :    592.221 ms

--- Benchmarking matrix_multi ---
Cl( 1, 0) | naive :      0.005 ms | operator| :      0.002 ms | versor :      0.001 ms | versor_exp :      0.002 ms
Cl( 2, 0) | naive :      0.009 ms | operator| :      0.000 ms | versor :      0.001 ms | versor_exp :      0.004 ms
Cl( 3, 0) | naive :      0.021 ms | operator| :      0.001 ms | versor :      0.001 ms | versor_exp :      0.005 ms
Cl( 4, 0) | naive :      0.019 ms | operator| :      0.002 ms | versor :      0.001 ms | versor_exp :      0.009 ms
Cl( 5, 0) | naive :      0.017 ms | operator| :      0.007 ms | versor :      0.005 ms | versor_exp :      0.031 ms
Cl( 6, 0) | naive :      0.036 ms | operator| :      0.006 ms | versor :      0.005 ms | versor_exp :      0.030 ms
Cl( 7, 0) | naive :      0.037 ms | operator| :      0.006 ms | versor :      0.005 ms | versor_exp :      0.029 ms
Cl( 8, 0) | naive :      0.821 ms | operator| :      0.006 ms | versor :      0.005 ms | versor_exp :      0.029 ms
Cl( 9, 0) | naive :      0.151 ms | operator| :      0.023 ms | versor :      0.022 ms | versor_exp :      0.096 ms
Cl(10, 0) | naive :      2.792 ms | operator| :      0.022 ms | versor :      0.022 ms | versor_exp :      0.095 ms
Cl(11, 0) | naive :     22.147 ms | operator| :      0.116 ms | versor :      0.113 ms | versor_exp :      0.451 ms
Cl(12, 0) | naive :    174.863 ms | operator| :      0.685 ms | versor :      0.680 ms | versor_exp :      2.513 ms
Cl(13, 0) | naive :      6.555 ms | operator| :      5.424 ms | versor :      5.421 ms | versor_exp :     18.431 ms
Cl(14, 0) | naive :     12.924 ms | operator| :      5.395 ms | versor :      5.430 ms | versor_exp :     18.359 ms
Cl(15, 0) | naive :     12.939 ms | operator| :      5.433 ms | versor :      5.401 ms | versor_exp :     18.360 ms
Cl(16, 0) | naive :   3279.722 ms | operator| :      5.376 ms | versor :      5.370 ms | versor_exp :     18.312 ms
Cl( 0, 1) | naive :      0.003 ms | operator| :      0.002 ms | versor :      0.001 ms | versor_exp :      0.001 ms
Cl( 0, 2) | naive :      0.011 ms | operator| :      0.001 ms | versor :      0.001 ms | versor_exp :      0.006 ms
Cl( 0, 3) | naive :      0.018 ms | operator| :      0.002 ms | versor :      0.002 ms | versor_exp :      0.009 ms
Cl( 0, 4) | naive :      0.048 ms | operator| :      0.002 ms | versor :      0.001 ms | versor_exp :      0.008 ms
Cl( 0, 5) | naive :      0.063 ms | operator| :      0.002 ms | versor :      0.001 ms | versor_exp :      0.009 ms
Cl( 0, 6) | naive :      0.064 ms | operator| :      0.001 ms | versor :      0.002 ms | versor_exp :      0.009 ms
Cl( 0, 7) | naive :      0.684 ms | operator| :      0.006 ms | versor :      0.005 ms | versor_exp :      0.029 ms
Cl( 0, 8) | naive :      0.819 ms | operator| :      0.006 ms | versor :      0.005 ms | versor_exp :      0.028 ms
Cl( 0, 9) | naive :      0.244 ms | operator| :      0.023 ms | versor :      0.022 ms | versor_exp :      0.098 ms
Cl( 0,10) | naive :      0.926 ms | operator| :      0.116 ms | versor :      0.112 ms | versor_exp :      0.446 ms
Cl( 0,11) | naive :      3.823 ms | operator| :      0.682 ms | versor :      0.684 ms | versor_exp :      2.638 ms
Cl( 0,12) | naive :    182.680 ms | operator| :      0.683 ms | versor :      0.677 ms | versor_exp :      2.620 ms
Cl( 0,13) | naive :    185.161 ms | operator| :      0.689 ms | versor :      0.682 ms | versor_exp :      2.624 ms
Cl( 0,14) | naive :    185.257 ms | operator| :      0.687 ms | versor :      0.680 ms | versor_exp :      2.624 ms
Cl( 0,15) | naive :    152.873 ms | operator| :      5.381 ms | versor :      5.373 ms | versor_exp :     18.195 ms
Cl( 0,16) | naive :   3285.955 ms | operator| :      5.426 ms | versor :      5.388 ms | versor_exp :     18.161 ms
