expressions/expressions
	linux-vdso.so.1 (0x000077ee27001000)
	libflexiblas.so.3 => /usr/lib/x86_64-linux-gnu/libflexiblas.so.3 (0x000077ee26600000)
	libstdc++.so.6 => /usr/lib/x86_64-linux-gnu/libstdc++.so.6 (0x000077ee26200000)
	libm.so.6 => /usr/lib/x86_64-linux-gnu/libm.so.6 (0x000077ee26db3000)
	libomp.so.5 => /usr/lib/x86_64-linux-gnu/libomp.so.5 (0x000077ee264c9000)
	libgcc_s.so.1 => /usr/lib/x86_64-linux-gnu/libgcc_s.so.1 (0x000077ee26d85000)
	libc.so.6 => /usr/lib/x86_64-linux-gnu/libc.so.6 (0x000077ee25e00000)
	/lib64/ld-linux-x86-64.so.2 (0x000077ee27003000)
gfft_test/gfft_test
	linux-vdso.so.1 (0x00007047d2e16000)
	libflexiblas.so.3 => /usr/lib/x86_64-linux-gnu/libflexiblas.so.3 (0x00007047d2600000)
	libstdc++.so.6 => /usr/lib/x86_64-linux-gnu/libstdc++.so.6 (0x00007047d2200000)
	libm.so.6 => /usr/lib/x86_64-linux-gnu/libm.so.6 (0x00007047d24da000)
	libomp.so.5 => /usr/lib/x86_64-linux-gnu/libomp.so.5 (0x00007047d20c9000)
	libgcc_s.so.1 => /usr/lib/x86_64-linux-gnu/libgcc_s.so.1 (0x00007047d2d3c000)
	libc.so.6 => /usr/lib/x86_64-linux-gnu/libc.so.6 (0x00007047d1e00000)
	/lib64/ld-linux-x86-64.so.2 (0x00007047d2e18000)
products/products
	linux-vdso.so.1 (0x00007266a9c94000)
	libflexiblas.so.3 => /usr/lib/x86_64-linux-gnu/libflexiblas.so.3 (0x00007266a9400000)
	libstdc++.so.6 => /usr/lib/x86_64-linux-gnu/libstdc++.so.6 (0x00007266a9000000)
	libm.so.6 => /usr/lib/x86_64-linux-gnu/libm.so.6 (0x00007266a92da000)
	libomp.so.5 => /usr/lib/x86_64-linux-gnu/libomp.so.5 (0x00007266a8ec9000)
	libgcc_s.so.1 => /usr/lib/x86_64-linux-gnu/libgcc_s.so.1 (0x00007266a9b53000)
	libc.so.6 => /usr/lib/x86_64-linux-gnu/libc.so.6 (0x00007266a8c00000)
	/lib64/ld-linux-x86-64.so.2 (0x00007266a9c96000)
squaring/squaring
	linux-vdso.so.1 (0x000076251f8cf000)
	libflexiblas.so.3 => /usr/lib/x86_64-linux-gnu/libflexiblas.so.3 (0x000076251f000000)
	libstdc++.so.6 => /usr/lib/x86_64-linux-gnu/libstdc++.so.6 (0x000076251ec00000)
	libm.so.6 => /usr/lib/x86_64-linux-gnu/libm.so.6 (0x000076251eeda000)
	libomp.so.5 => /usr/lib/x86_64-linux-gnu/libomp.so.5 (0x000076251eac9000)
	libgcc_s.so.1 => /usr/lib/x86_64-linux-gnu/libgcc_s.so.1 (0x000076251f7f3000)
	libc.so.6 => /usr/lib/x86_64-linux-gnu/libc.so.6 (0x000076251e800000)
	/lib64/ld-linux-x86-64.so.2 (0x000076251f8d1000)
transforms/transforms
	linux-vdso.so.1 (0x0000721a076d5000)
	libflexiblas.so.3 => /usr/lib/x86_64-linux-gnu/libflexiblas.so.3 (0x0000721a06e00000)
	libstdc++.so.6 => /usr/lib/x86_64-linux-gnu/libstdc++.so.6 (0x0000721a06a00000)
	libm.so.6 => /usr/lib/x86_64-linux-gnu/libm.so.6 (0x0000721a06cda000)
	libomp.so.5 => /usr/lib/x86_64-linux-gnu/libomp.so.5 (0x0000721a068c9000)
	libgcc_s.so.1 => /usr/lib/x86_64-linux-gnu/libgcc_s.so.1 (0x0000721a075fa000)
	libc.so.6 => /usr/lib/x86_64-linux-gnu/libc.so.6 (0x0000721a06600000)
	/lib64/ld-linux-x86-64.so.2 (0x0000721a076d7000)
versor/versor
	linux-vdso.so.1 (0x000073edbc015000)
	libflexiblas.so.3 => /usr/lib/x86_64-linux-gnu/libflexiblas.so.3 (0x000073edbb800000)
	libstdc++.so.6 => /usr/lib/x86_64-linux-gnu/libstdc++.so.6 (0x000073edbb400000)
	libm.so.6 => /usr/lib/x86_64-linux-gnu/libm.so.6 (0x000073edbb6da000)
	libomp.so.5 => /usr/lib/x86_64-linux-gnu/libomp.so.5 (0x000073edbb2c9000)
	libgcc_s.so.1 => /usr/lib/x86_64-linux-gnu/libgcc_s.so.1 (0x000073edbbf37000)
	libc.so.6 => /usr/lib/x86_64-linux-gnu/libc.so.6 (0x000073edbb000000)
	/lib64/ld-linux-x86-64.so.2 (0x000073edbc017000)
