
framed_multi<float,-4,4>
Clifford algebra products test:
Fill: 0.5
Cl( 1, 0) in Cl( 1, 0) CPU =        0.001 ms (setup)        0.001 (*)        0.001 (^)        0.001 (&)        0.001 (%) 
Cl( 1, 1) in Cl( 1, 1) CPU =        0.001 ms (setup)        0.001 (*)        0.001 (^)        0.001 (&)        0.001 (%) 
Cl( 2, 1) in Cl( 2, 1) CPU =        0.001 ms (setup)        0.001 (*)        0.001 (^)        0.001 (&)        0.001 (%) 
Cl( 2, 2) in Cl( 2, 2) CPU =        0.001 ms (setup)        0.002 (*)        0.002 (^)        0.001 (&)        0.001 (%) 
Cl( 3, 2) in Cl( 3, 2) CPU =        0.002 ms (setup)        0.003 (*)        0.002 (^)        0.002 (&)        0.002 (%) 
Cl( 3, 3) in Cl( 3, 3) CPU =        0.003 ms (setup)        0.009 (*)        0.005 (^)        0.004 (&)        0.003 (%) 
Cl( 4, 3) in Cl( 4, 3) CPU =        0.006 ms (setup)        0.022 (*)        0.009 (^)        0.007 (&)        0.007 (%) 
Cl( 4, 4) in Cl( 4, 4) CPU =        0.011 ms (setup)        0.173 (*)        0.022 (^)        0.021 (&)        0.015 (%) 
Cl( 1, 0) in Cl( 4, 4) CPU =        0.001 ms (setup)        0.001 (*)        0.000 (^)        0.001 (&)        0.001 (%) 
Cl( 1, 1) in Cl( 4, 4) CPU =        0.001 ms (setup)        0.001 (*)        0.000 (^)        0.000 (&)        0.000 (%) 
Cl( 2, 1) in Cl( 4, 4) CPU =        0.001 ms (setup)        0.001 (*)        0.001 (^)        0.001 (&)        0.001 (%) 
Cl( 2, 2) in Cl( 4, 4) CPU =        0.001 ms (setup)        0.001 (*)        0.001 (^)        0.001 (&)        0.001 (%) 
Cl( 3, 2) in Cl( 4, 4) CPU =        0.002 ms (setup)        0.003 (*)        0.002 (^)        0.002 (&)        0.002 (%) 
Cl( 3, 3) in Cl( 4, 4) CPU =        0.003 ms (setup)        0.007 (*)        0.004 (^)        0.003 (&)        0.003 (%) 
Cl( 4, 3) in Cl( 4, 4) CPU =        0.006 ms (setup)        0.022 (*)        0.007 (^)        0.009 (&)        0.007 (%) 
Cl( 4, 4) in Cl( 4, 4) CPU =        0.011 ms (setup)        0.169 (*)        0.024 (^)        0.021 (&)        0.015 (%) 
Fill: 1
Cl( 1, 0) in Cl( 1, 0) CPU =        0.001 ms (setup)        0.001 (*)        0.000 (^)        0.001 (&)        0.001 (%) 
Cl( 1, 1) in Cl( 1, 1) CPU =        0.001 ms (setup)        0.001 (*)        0.001 (^)        0.001 (&)        0.001 (%) 
Cl( 2, 1) in Cl( 2, 1) CPU =        0.001 ms (setup)        0.002 (*)        0.001 (^)        0.001 (&)        0.001 (%) 
Cl( 2, 2) in Cl( 2, 2) CPU =        0.001 ms (setup)        0.002 (*)        0.001 (^)        0.001 (&)        0.002 (%) 
Cl( 3, 2) in Cl( 3, 2) CPU =        0.002 ms (setup)        0.005 (*)        0.003 (^)        0.003 (&)        0.002 (%) 
Cl( 3, 3) in Cl( 3, 3) CPU =        0.004 ms (setup)        0.015 (*)        0.005 (^)        0.005 (&)        0.005 (%) 
Cl( 4, 3) in Cl( 4, 3) CPU =        0.007 ms (setup)        0.045 (*)        0.013 (^)        0.015 (&)        0.011 (%) 
Cl( 4, 4) in Cl( 4, 4) CPU =        0.017 ms (setup)        0.212 (*)        0.029 (^)        0.039 (&)        0.026 (%) 
Cl( 1, 0) in Cl( 4, 4) CPU =        0.001 ms (setup)        0.001 (*)        0.000 (^)        0.001 (&)        0.001 (%) 
Cl( 1, 1) in Cl( 4, 4) CPU =        0.001 ms (setup)        0.001 (*)        0.001 (^)        0.001 (&)        0.001 (%) 
Cl( 2, 1) in Cl( 4, 4) CPU =        0.001 ms (setup)        0.002 (*)        0.001 (^)        0.001 (&)        0.001 (%) 
Cl( 2, 2) in Cl( 4, 4) CPU =        0.001 ms (setup)        0.002 (*)        0.001 (^)        0.001 (&)        0.001 (%) 
Cl( 3, 2) in Cl( 4, 4) CPU =        0.002 ms (setup)        0.005 (*)        0.003 (^)        0.007 (&)        0.004 (%) 
Cl( 3, 3) in Cl( 4, 4) CPU =        0.007 ms (setup)        0.026 (*)        0.008 (^)        0.010 (&)        0.009 (%) 
Cl( 4, 3) in Cl( 4, 4) CPU =        0.015 ms (setup)        0.083 (*)        0.019 (^)        0.026 (&)        0.019 (%) 
Cl( 4, 4) in Cl( 4, 4) CPU =        0.031 ms (setup)        0.211 (*)        0.029 (^)        0.040 (&)        0.027 (%) 

matrix_multi<float,-4,4>
Clifford algebra products test:
Fill: 0.5
Cl( 1, 0) in Cl( 1, 0) CPU =        0.007 ms (setup)        0.000 (*)        0.003 (^)        0.002 (&)        0.003 (%) 
Cl( 1, 1) in Cl( 1, 1) CPU =        0.002 ms (setup)        0.001 (*)        0.002 (^)        0.002 (&)        0.002 (%) 
Cl( 2, 1) in Cl( 2, 1) CPU =        0.001 ms (setup)        0.000 (*)        0.004 (^)        0.007 (&)        0.006 (%) 
Cl( 2, 2) in Cl( 2, 2) CPU =        0.004 ms (setup)        0.000 (*)        0.017 (^)        0.011 (&)        0.015 (%) 
Cl( 3, 2) in Cl( 3, 2) CPU =        0.005 ms (setup)        0.001 (*)        0.061 (^)        0.051 (&)        0.056 (%) 
Cl( 3, 3) in Cl( 3, 3) CPU =        0.009 ms (setup)        0.001 (*)        0.086 (^)        0.085 (&)        0.084 (%) 
Cl( 4, 3) in Cl( 4, 3) CPU =        0.024 ms (setup)        0.001 (*)        0.390 (^)        0.381 (&)        0.383 (%) 
Cl( 4, 4) in Cl( 4, 4) CPU =        0.050 ms (setup)        0.001 (*)        0.661 (^)        0.680 (&)        0.703 (%) 
Cl( 1, 0) in Cl( 4, 4) CPU =        0.001 ms (setup)        0.001 (*)        0.003 (^)        0.002 (&)        0.002 (%) 
Cl( 1, 1) in Cl( 4, 4) CPU =        0.002 ms (setup)        0.001 (*)        0.025 (^)        0.015 (&)        0.023 (%) 
Cl( 2, 1) in Cl( 4, 4) CPU =        0.026 ms (setup)        0.001 (*)        0.045 (^)        0.029 (&)        0.037 (%) 
Cl( 2, 2) in Cl( 4, 4) CPU =        0.013 ms (setup)        0.001 (*)        0.075 (^)        0.051 (&)        0.064 (%) 
Cl( 3, 2) in Cl( 4, 4) CPU =        0.036 ms (setup)        0.002 (*)        0.097 (^)        0.060 (&)        0.061 (%) 
Cl( 3, 3) in Cl( 4, 4) CPU =        0.037 ms (setup)        0.001 (*)        0.251 (^)        0.200 (&)        0.150 (%) 
Cl( 4, 3) in Cl( 4, 4) CPU =        0.087 ms (setup)        0.001 (*)        0.400 (^)        0.392 (&)        0.397 (%) 
Cl( 4, 4) in Cl( 4, 4) CPU =        0.052 ms (setup)        0.001 (*)        0.627 (^)        0.675 (&)        0.684 (%) 
Fill: 1
Cl( 1, 0) in Cl( 1, 0) CPU =        0.001 ms (setup)        0.001 (*)        0.003 (^)        0.002 (&)        0.003 (%) 
Cl( 1, 1) in Cl( 1, 1) CPU =        0.001 ms (setup)        0.001 (*)        0.004 (^)        0.003 (&)        0.004 (%) 
Cl( 2, 1) in Cl( 2, 1) CPU =        0.002 ms (setup)        0.001 (*)        0.012 (^)        0.011 (&)        0.013 (%) 
Cl( 2, 2) in Cl( 2, 2) CPU =        0.003 ms (setup)        0.000 (*)        0.020 (^)        0.018 (&)        0.020 (%) 
Cl( 3, 2) in Cl( 3, 2) CPU =        0.007 ms (setup)        0.001 (*)        0.068 (^)        0.070 (&)        0.072 (%) 
Cl( 3, 3) in Cl( 3, 3) CPU =        0.012 ms (setup)        0.000 (*)        0.109 (^)        0.106 (&)        0.115 (%) 
Cl( 4, 3) in Cl( 4, 3) CPU =        0.032 ms (setup)        0.001 (*)        0.489 (^)        0.501 (&)        0.500 (%) 
Cl( 4, 4) in Cl( 4, 4) CPU =        0.071 ms (setup)        0.001 (*)        0.774 (^)        0.773 (&)        0.793 (%) 
Cl( 1, 0) in Cl( 4, 4) CPU =        0.002 ms (setup)        0.001 (*)        0.020 (^)        0.013 (&)        0.017 (%) 
Cl( 1, 1) in Cl( 4, 4) CPU =        0.002 ms (setup)        0.001 (*)        0.024 (^)        0.015 (&)        0.022 (%) 
Cl( 2, 1) in Cl( 4, 4) CPU =        0.004 ms (setup)        0.001 (*)        0.040 (^)        0.027 (&)        0.031 (%) 
Cl( 2, 2) in Cl( 4, 4) CPU =        0.011 ms (setup)        0.001 (*)        0.057 (^)        0.036 (&)        0.043 (%) 
Cl( 3, 2) in Cl( 4, 4) CPU =        0.025 ms (setup)        0.001 (*)        0.124 (^)        0.089 (&)        0.091 (%) 
Cl( 3, 3) in Cl( 4, 4) CPU =        0.043 ms (setup)        0.001 (*)        0.180 (^)        0.144 (&)        0.156 (%) 
Cl( 4, 3) in Cl( 4, 4) CPU =        0.120 ms (setup)        0.001 (*)        0.548 (^)        0.507 (&)        0.499 (%) 
Cl( 4, 4) in Cl( 4, 4) CPU =        0.066 ms (setup)        0.001 (*)        0.778 (^)        0.787 (&)        0.782 (%) 

framed_multi<double>
Clifford algebra products test:
Fill: 0.5
Cl( 1, 0) in Cl( 1, 0) CPU =        0.001 ms (setup)        0.001 (*)        0.001 (^)        0.001 (&)        0.001 (%) 
Cl( 1, 1) in Cl( 1, 1) CPU =        0.001 ms (setup)        0.001 (*)        0.000 (^)        0.001 (&)        0.001 (%) 
Cl( 2, 1) in Cl( 2, 1) CPU =        0.001 ms (setup)        0.002 (*)        0.001 (^)        0.001 (&)        0.001 (%) 
Cl( 2, 2) in Cl( 2, 2) CPU =        0.001 ms (setup)        0.002 (*)        0.001 (^)        0.001 (&)        0.002 (%) 
Cl( 3, 2) in Cl( 3, 2) CPU =        0.002 ms (setup)        0.004 (*)        0.002 (^)        0.002 (&)        0.003 (%) 
Cl( 3, 3) in Cl( 3, 3) CPU =        0.003 ms (setup)        0.010 (*)        0.004 (^)        0.004 (&)        0.004 (%) 
Cl( 4, 3) in Cl( 4, 3) CPU =        0.007 ms (setup)        0.026 (*)        0.010 (^)        0.010 (&)        0.009 (%) 
Cl( 4, 4) in Cl( 4, 4) CPU =        0.013 ms (setup)        0.164 (*)        0.028 (^)        0.024 (&)        0.021 (%) 
Cl( 5, 4) in Cl( 5, 4) CPU =        0.026 ms (setup)        0.605 (*)        0.112 (^)        0.091 (&)        0.060 (%) 
Cl( 5, 5) in Cl( 5, 5) CPU =        0.054 ms (setup)        0.829 (*)        0.394 (^)        0.288 (&)        0.173 (%) 
Cl( 6, 5) in Cl( 6, 5) CPU =        0.103 ms (setup)        3.093 (*)        1.178 (^)        0.873 (&)        0.534 (%) 
Cl( 6, 6) in Cl( 6, 6) CPU =        0.225 ms (setup)        4.204 (*)        3.202 (^)        2.623 (&)        1.435 (%) 
Cl( 7, 6) in Cl( 7, 6) CPU =        0.481 ms (setup)       14.526 (*)        9.742 (^)        8.139 (&)        4.429 (%) 
Cl( 7, 7) in Cl( 7, 7) CPU =        0.914 ms (setup)       19.777 (*)       28.900 (^)       23.591 (&)       12.283 (%) 
Cl( 8, 7) in Cl( 8, 7) CPU =        1.881 ms (setup)       70.569 (*)       85.361 (^)       70.692 (&)       36.611 (%) 
Cl( 8, 8) in Cl( 8, 8) CPU =        3.877 ms (setup)       95.826 (*)      250.214 (^)      214.146 (&)      107.723 (%) 
Cl( 1, 0) in Cl( 8, 8) CPU =        0.001 ms (setup)        0.001 (*)        0.001 (^)        0.001 (&)        0.001 (%) 
Cl( 1, 1) in Cl( 8, 8) CPU =        0.001 ms (setup)        0.001 (*)        0.001 (^)        0.001 (&)        0.000 (%) 
Cl( 2, 1) in Cl( 8, 8) CPU =        0.001 ms (setup)        0.001 (*)        0.001 (^)        0.001 (&)        0.000 (%) 
Cl( 2, 2) in Cl( 8, 8) CPU =        0.001 ms (setup)        0.002 (*)        0.002 (^)        0.001 (&)        0.001 (%) 
Cl( 3, 2) in Cl( 8, 8) CPU =        0.002 ms (setup)        0.004 (*)        0.002 (^)        0.002 (&)        0.002 (%) 
Cl( 3, 3) in Cl( 8, 8) CPU =        0.003 ms (setup)        0.009 (*)        0.004 (^)        0.004 (&)        0.004 (%) 
Cl( 4, 3) in Cl( 8, 8) CPU =        0.007 ms (setup)        0.021 (*)        0.009 (^)        0.007 (&)        0.007 (%) 
Cl( 4, 4) in Cl( 8, 8) CPU =        0.018 ms (setup)        0.163 (*)        0.027 (^)        0.030 (&)        0.022 (%) 
Cl( 5, 4) in Cl( 8, 8) CPU =        0.026 ms (setup)        0.599 (*)        0.114 (^)        0.087 (&)        0.058 (%) 
Cl( 5, 5) in Cl( 8, 8) CPU =        0.054 ms (setup)        0.819 (*)        0.380 (^)        0.293 (&)        0.170 (%) 
Cl( 6, 5) in Cl( 8, 8) CPU =        0.110 ms (setup)        2.983 (*)        1.158 (^)        0.906 (&)        0.510 (%) 
Cl( 6, 6) in Cl( 8, 8) CPU =        0.215 ms (setup)        4.027 (*)        3.347 (^)        2.607 (&)        1.437 (%) 
Cl( 7, 6) in Cl( 8, 8) CPU =        0.450 ms (setup)       13.878 (*)        9.435 (^)        7.784 (&)        4.149 (%) 
Cl( 7, 7) in Cl( 8, 8) CPU =        0.916 ms (setup)       19.024 (*)       28.184 (^)       23.641 (&)       12.254 (%) 
Cl( 8, 7) in Cl( 8, 8) CPU =        1.859 ms (setup)       73.928 (*)       84.163 (^)       72.044 (&)       36.316 (%) 
Cl( 8, 8) in Cl( 8, 8) CPU =        3.798 ms (setup)       97.428 (*)      251.304 (^)      215.591 (&)      108.566 (%) 
Fill: 1
Cl( 1, 0) in Cl( 1, 0) CPU =        0.001 ms (setup)        0.001 (*)        0.001 (^)        0.001 (&)        0.001 (%) 
Cl( 1, 1) in Cl( 1, 1) CPU =        0.001 ms (setup)        0.001 (*)        0.001 (^)        0.001 (&)        0.001 (%) 
Cl( 2, 1) in Cl( 2, 1) CPU =        0.001 ms (setup)        0.002 (*)        0.001 (^)        0.001 (&)        0.001 (%) 
Cl( 2, 2) in Cl( 2, 2) CPU =        0.001 ms (setup)        0.003 (*)        0.001 (^)        0.002 (&)        0.002 (%) 
Cl( 3, 2) in Cl( 3, 2) CPU =        0.003 ms (setup)        0.007 (*)        0.003 (^)        0.003 (&)        0.003 (%) 
Cl( 3, 3) in Cl( 3, 3) CPU =        0.005 ms (setup)        0.018 (*)        0.005 (^)        0.007 (&)        0.005 (%) 
Cl( 4, 3) in Cl( 4, 3) CPU =        0.009 ms (setup)        0.058 (*)        0.013 (^)        0.015 (&)        0.013 (%) 
Cl( 4, 4) in Cl( 4, 4) CPU =        0.018 ms (setup)        0.199 (*)        0.036 (^)        0.046 (&)        0.033 (%) 
Cl( 5, 4) in Cl( 5, 4) CPU =        0.041 ms (setup)        0.712 (*)        0.095 (^)        0.121 (&)        0.091 (%) 
Cl( 5, 5) in Cl( 5, 5) CPU =        0.089 ms (setup)        1.049 (*)        0.287 (^)        0.360 (&)        0.247 (%) 
Cl( 6, 5) in Cl( 6, 5) CPU =        0.180 ms (setup)        3.579 (*)        0.764 (^)        0.963 (&)        0.656 (%) 
Cl( 6, 6) in Cl( 6, 6) CPU =        0.385 ms (setup)        5.255 (*)        1.975 (^)        2.804 (&)        1.726 (%) 
Cl( 7, 6) in Cl( 7, 6) CPU =        0.740 ms (setup)       17.236 (*)        5.546 (^)        8.053 (&)        4.734 (%) 
Cl( 7, 7) in Cl( 7, 7) CPU =        1.525 ms (setup)       26.788 (*)       15.618 (^)       22.730 (&)       12.790 (%) 
Cl( 8, 7) in Cl( 8, 7) CPU =        3.240 ms (setup)       89.264 (*)       45.191 (^)       67.186 (&)       36.208 (%) 
Cl( 8, 8) in Cl( 8, 8) CPU =        6.609 ms (setup)      138.000 (*)      127.234 (^)      203.650 (&)      107.787 (%) 
Cl( 1, 0) in Cl( 8, 8) CPU =        0.001 ms (setup)        0.001 (*)        0.001 (^)        0.001 (&)        0.001 (%) 
Cl( 1, 1) in Cl( 8, 8) CPU =        0.001 ms (setup)        0.001 (*)        0.001 (^)        0.001 (&)        0.001 (%) 
Cl( 2, 1) in Cl( 8, 8) CPU =        0.001 ms (setup)        0.002 (*)        0.001 (^)        0.001 (&)        0.001 (%) 
Cl( 2, 2) in Cl( 8, 8) CPU =        0.002 ms (setup)        0.003 (*)        0.002 (^)        0.002 (&)        0.002 (%) 
Cl( 3, 2) in Cl( 8, 8) CPU =        0.003 ms (setup)        0.007 (*)        0.003 (^)        0.003 (&)        0.003 (%) 
Cl( 3, 3) in Cl( 8, 8) CPU =        0.005 ms (setup)        0.018 (*)        0.006 (^)        0.007 (&)        0.005 (%) 
Cl( 4, 3) in Cl( 8, 8) CPU =        0.013 ms (setup)        0.058 (*)        0.013 (^)        0.016 (&)        0.013 (%) 
Cl( 4, 4) in Cl( 8, 8) CPU =        0.019 ms (setup)        0.199 (*)        0.035 (^)        0.044 (&)        0.033 (%) 
Cl( 5, 4) in Cl( 8, 8) CPU =        0.035 ms (setup)        0.723 (*)        0.098 (^)        0.124 (&)        0.085 (%) 
Cl( 5, 5) in Cl( 8, 8) CPU =        0.089 ms (setup)        1.060 (*)        0.284 (^)        0.360 (&)        0.245 (%) 
Cl( 6, 5) in Cl( 8, 8) CPU =        0.170 ms (setup)        3.532 (*)        0.749 (^)        0.970 (&)        0.648 (%) 
Cl( 6, 6) in Cl( 8, 8) CPU =        0.372 ms (setup)        5.231 (*)        1.979 (^)        2.805 (&)        1.695 (%) 
Cl( 7, 6) in Cl( 8, 8) CPU =        0.773 ms (setup)       17.328 (*)        5.543 (^)        8.026 (&)        4.746 (%) 
Cl( 7, 7) in Cl( 8, 8) CPU =        1.558 ms (setup)       25.932 (*)       15.399 (^)       23.674 (&)       12.879 (%) 
Cl( 8, 7) in Cl( 8, 8) CPU =        3.171 ms (setup)       88.072 (*)       43.547 (^)       67.173 (&)       36.348 (%) 
Cl( 8, 8) in Cl( 8, 8) CPU =        6.652 ms (setup)      142.625 (*)      128.797 (^)      203.686 (&)      107.605 (%) 

matrix_multi<double>
Clifford algebra products test:
Fill: 0.5
Cl( 1, 0) in Cl( 1, 0) CPU =        0.004 ms (setup)        0.000 (*)        0.003 (^)        0.003 (&)        0.005 (%) 
Cl( 1, 1) in Cl( 1, 1) CPU =        0.002 ms (setup)        0.001 (*)        0.002 (^)        0.002 (&)        0.002 (%) 
Cl( 2, 1) in Cl( 2, 1) CPU =        0.004 ms (setup)        0.001 (*)        0.012 (^)        0.009 (&)        0.011 (%) 
Cl( 2, 2) in Cl( 2, 2) CPU =        0.004 ms (setup)        0.001 (*)        0.009 (^)        0.011 (&)        0.013 (%) 
Cl( 3, 2) in Cl( 3, 2) CPU =        0.012 ms (setup)        0.001 (*)        0.047 (^)        0.050 (&)        0.058 (%) 
Cl( 3, 3) in Cl( 3, 3) CPU =        0.011 ms (setup)        0.001 (*)        0.069 (^)        0.083 (&)        0.083 (%) 
Cl( 4, 3) in Cl( 4, 3) CPU =        0.027 ms (setup)        0.001 (*)        0.384 (^)        0.411 (&)        0.416 (%) 
Cl( 4, 4) in Cl( 4, 4) CPU =        0.048 ms (setup)        0.001 (*)        0.628 (^)        0.636 (&)        0.656 (%) 
Cl( 5, 4) in Cl( 5, 4) CPU =        0.123 ms (setup)        0.002 (*)        2.470 (^)        2.680 (&)        2.636 (%) 
Cl( 5, 5) in Cl( 5, 5) CPU =        0.233 ms (setup)        0.002 (*)        3.938 (^)        3.938 (&)        3.956 (%) 
Cl( 6, 5) in Cl( 6, 5) CPU =        0.567 ms (setup)        0.011 (*)       14.204 (^)       15.146 (&)       14.799 (%) 
Cl( 6, 6) in Cl( 6, 6) CPU =        1.127 ms (setup)        0.011 (*)       21.009 (^)       21.345 (&)       21.195 (%) 
Cl( 7, 6) in Cl( 7, 6) CPU =        2.619 ms (setup)        0.081 (*)       82.972 (^)       87.299 (&)       83.787 (%) 
Cl( 7, 7) in Cl( 7, 7) CPU =        5.237 ms (setup)        0.081 (*)      111.948 (^)      117.752 (&)      114.047 (%) 
Cl( 8, 7) in Cl( 8, 7) CPU =       12.143 ms (setup)        0.552 (*)      486.130 (^)      533.133 (&)      489.822 (%) 
Cl( 8, 8) in Cl( 8, 8) CPU =       25.451 ms (setup)        0.548 (*)      644.541 (^)      696.711 (&)      645.211 (%) 
Cl( 1, 0) in Cl( 8, 8) CPU =        0.017 ms (setup)        0.547 (*)        6.563 (^)        6.357 (&)        7.069 (%) 
Cl( 1, 1) in Cl( 8, 8) CPU =        0.026 ms (setup)        0.610 (*)        8.974 (^)        6.529 (&)        8.287 (%) 
Cl( 2, 1) in Cl( 8, 8) CPU =        0.041 ms (setup)        0.595 (*)       11.462 (^)        8.404 (&)        9.853 (%) 
Cl( 2, 2) in Cl( 8, 8) CPU =        0.070 ms (setup)        0.539 (*)       15.563 (^)       11.293 (&)       12.225 (%) 
Cl( 3, 2) in Cl( 8, 8) CPU =        0.209 ms (setup)        0.526 (*)       20.733 (^)       14.999 (&)       15.111 (%) 
Cl( 3, 3) in Cl( 8, 8) CPU =        0.472 ms (setup)        0.526 (*)       29.812 (^)       22.654 (&)       21.012 (%) 
Cl( 4, 3) in Cl( 8, 8) CPU =        0.526 ms (setup)        0.526 (*)       38.053 (^)       38.658 (&)       29.564 (%) 
Cl( 4, 4) in Cl( 8, 8) CPU =        0.630 ms (setup)        0.541 (*)       51.620 (^)       40.406 (&)       35.587 (%) 
Cl( 5, 4) in Cl( 8, 8) CPU =        0.921 ms (setup)        0.538 (*)       68.413 (^)       53.597 (&)       45.898 (%) 
Cl( 5, 5) in Cl( 8, 8) CPU =        1.413 ms (setup)        0.543 (*)       87.722 (^)       77.637 (&)       60.538 (%) 
Cl( 6, 5) in Cl( 8, 8) CPU =        2.662 ms (setup)        0.538 (*)      106.505 (^)       89.500 (&)       74.207 (%) 
Cl( 6, 6) in Cl( 8, 8) CPU =        5.662 ms (setup)        0.557 (*)      127.178 (^)      125.034 (&)       99.334 (%) 
Cl( 7, 6) in Cl( 8, 8) CPU =       10.918 ms (setup)        0.547 (*)      186.808 (^)      197.787 (&)      156.031 (%) 
Cl( 7, 7) in Cl( 8, 8) CPU =       20.698 ms (setup)        0.554 (*)      237.464 (^)      248.641 (&)      209.024 (%) 
Cl( 8, 7) in Cl( 8, 8) CPU =       50.009 ms (setup)        0.557 (*)      504.541 (^)      514.333 (&)      474.395 (%) 
Cl( 8, 8) in Cl( 8, 8) CPU =       26.162 ms (setup)        0.557 (*)      628.993 (^)      697.664 (&)      640.017 (%) 
Fill: 1
Cl( 1, 0) in Cl( 1, 0) CPU =        0.001 ms (setup)        0.001 (*)        0.003 (^)        0.002 (&)        0.003 (%) 
Cl( 1, 1) in Cl( 1, 1) CPU =        0.001 ms (setup)        0.000 (*)        0.005 (^)        0.003 (&)        0.004 (%) 
Cl( 2, 1) in Cl( 2, 1) CPU =        0.002 ms (setup)        0.001 (*)        0.012 (^)        0.011 (&)        0.012 (%) 
Cl( 2, 2) in Cl( 2, 2) CPU =        0.003 ms (setup)        0.001 (*)        0.019 (^)        0.017 (&)        0.019 (%) 
Cl( 3, 2) in Cl( 3, 2) CPU =        0.007 ms (setup)        0.001 (*)        0.062 (^)        0.064 (&)        0.062 (%) 
Cl( 3, 3) in Cl( 3, 3) CPU =        0.013 ms (setup)        0.001 (*)        0.108 (^)        0.103 (&)        0.110 (%) 
Cl( 4, 3) in Cl( 4, 3) CPU =        0.036 ms (setup)        0.001 (*)        0.489 (^)        0.494 (&)        0.494 (%) 
Cl( 4, 4) in Cl( 4, 4) CPU =        0.073 ms (setup)        0.001 (*)        0.771 (^)        0.765 (&)        0.779 (%) 
Cl( 5, 4) in Cl( 5, 4) CPU =        0.184 ms (setup)        0.003 (*)        2.903 (^)        2.974 (&)        2.966 (%) 
Cl( 5, 5) in Cl( 5, 5) CPU =        0.366 ms (setup)        0.004 (*)        4.376 (^)        4.346 (&)        4.414 (%) 
Cl( 6, 5) in Cl( 6, 5) CPU =        0.933 ms (setup)        0.011 (*)       17.271 (^)       16.672 (&)       16.326 (%) 
Cl( 6, 6) in Cl( 6, 6) CPU =        1.814 ms (setup)        0.011 (*)       22.752 (^)       23.383 (&)       22.797 (%) 
Cl( 7, 6) in Cl( 7, 6) CPU =        4.479 ms (setup)        0.098 (*)       88.925 (^)       94.377 (&)       89.124 (%) 
Cl( 7, 7) in Cl( 7, 7) CPU =        8.796 ms (setup)        0.082 (*)      123.000 (^)      127.081 (&)      122.442 (%) 
Cl( 8, 7) in Cl( 8, 7) CPU =       23.588 ms (setup)        0.571 (*)      658.853 (^)      557.778 (&)      517.659 (%) 
Cl( 8, 8) in Cl( 8, 8) CPU =       44.886 ms (setup)        0.565 (*)      691.875 (^)      745.072 (&)      691.726 (%) 
Cl( 1, 0) in Cl( 8, 8) CPU =        0.017 ms (setup)        0.545 (*)        8.678 (^)        6.606 (&)        8.518 (%) 
Cl( 1, 1) in Cl( 8, 8) CPU =        0.023 ms (setup)        0.541 (*)       11.347 (^)        8.432 (&)        9.800 (%) 
Cl( 2, 1) in Cl( 8, 8) CPU =        0.044 ms (setup)        0.540 (*)       15.752 (^)       11.201 (&)       12.097 (%) 
Cl( 2, 2) in Cl( 8, 8) CPU =        0.443 ms (setup)        0.528 (*)       20.389 (^)       14.998 (&)       14.982 (%) 
Cl( 3, 2) in Cl( 8, 8) CPU =        0.463 ms (setup)        0.526 (*)       26.857 (^)       20.338 (&)       18.498 (%) 
Cl( 3, 3) in Cl( 8, 8) CPU =        0.487 ms (setup)        0.542 (*)       37.688 (^)       29.197 (&)       25.669 (%) 
Cl( 4, 3) in Cl( 8, 8) CPU =        0.575 ms (setup)        0.536 (*)       51.161 (^)       43.618 (&)       35.257 (%) 
Cl( 4, 4) in Cl( 8, 8) CPU =        0.708 ms (setup)        0.531 (*)       62.607 (^)       53.120 (&)       41.971 (%) 
Cl( 5, 4) in Cl( 8, 8) CPU =        1.084 ms (setup)        0.542 (*)       77.816 (^)       67.459 (&)       51.933 (%) 
Cl( 5, 5) in Cl( 8, 8) CPU =        1.726 ms (setup)        0.547 (*)       88.775 (^)       78.516 (&)       61.541 (%) 
Cl( 6, 5) in Cl( 8, 8) CPU =        3.458 ms (setup)        0.551 (*)      115.147 (^)      107.141 (&)       82.257 (%) 
Cl( 6, 6) in Cl( 8, 8) CPU =        6.404 ms (setup)        0.540 (*)      129.390 (^)      126.656 (&)      100.975 (%) 
Cl( 7, 6) in Cl( 8, 8) CPU =       14.918 ms (setup)        0.550 (*)      210.962 (^)      204.746 (&)      170.851 (%) 
Cl( 7, 7) in Cl( 8, 8) CPU =       28.291 ms (setup)        0.551 (*)      248.952 (^)      260.796 (&)      219.709 (%) 
Cl( 8, 7) in Cl( 8, 8) CPU =       70.504 ms (setup)        0.551 (*)      551.248 (^)      560.314 (&)      514.629 (%) 
Cl( 8, 8) in Cl( 8, 8) CPU =       45.546 ms (setup)        0.558 (*)      691.985 (^)      741.520 (&)      691.856 (%) 
