
framed_multi<float,-4,4>
Clifford algebra expressions test:
Fill: 0.5
Cl( 1, 0) in Cl( 1, 0) CPU =        0.001 ms (setup)        0.002 (comm)        0.004 (pade)        0.002 (series)        0.001 (mix)        0.002 (add) 
Cl( 1, 1) in Cl( 1, 1) CPU =        0.001 ms (setup)        0.001 (comm)        0.004 (pade)        0.001 (series)        0.000 (mix)        0.001 (add) 
Cl( 2, 1) in Cl( 2, 1) CPU =        0.001 ms (setup)        0.005 (comm)        0.009 (pade)        0.007 (series)        0.002 (mix)        0.002 (add) 
Cl( 2, 2) in Cl( 2, 2) CPU =        0.003 ms (setup)        0.009 (comm)        0.011 (pade)        0.011 (series)        0.003 (mix)        0.002 (add) 
Cl( 3, 2) in Cl( 3, 2) CPU =        0.004 ms (setup)        0.022 (comm)        0.053 (pade)        0.022 (series)        0.006 (mix)        0.004 (add) 
Cl( 3, 3) in Cl( 3, 3) CPU =        0.011 ms (setup)        0.058 (comm)        0.072 (pade)        0.089 (series)        0.018 (mix)        0.005 (add) 
Cl( 4, 3) in Cl( 4, 3) CPU =        0.022 ms (setup)        0.151 (comm)        0.267 (pade)        0.268 (series)        0.052 (mix)        0.016 (add) 
Cl( 4, 4) in Cl( 4, 4) CPU =        0.046 ms (setup)        0.853 (comm)        0.388 (pade)        1.455 (series)        0.154 (mix)        0.036 (add) 
Cl( 1, 0) in Cl( 4, 4) CPU =        0.001 ms (setup)        0.001 (comm)        0.004 (pade)        0.002 (series)        0.001 (mix)        0.001 (add) 
Cl( 1, 1) in Cl( 4, 4) CPU =        0.001 ms (setup)        0.003 (comm)        0.004 (pade)        0.003 (series)        0.001 (mix)        0.002 (add) 
Cl( 2, 1) in Cl( 4, 4) CPU =        0.002 ms (setup)        0.005 (comm)        0.009 (pade)        0.007 (series)        0.002 (mix)        0.002 (add) 
Cl( 2, 2) in Cl( 4, 4) CPU =        0.002 ms (setup)        0.010 (comm)        0.011 (pade)        0.014 (series)        0.003 (mix)        0.002 (add) 
Cl( 3, 2) in Cl( 4, 4) CPU =        0.005 ms (setup)        0.022 (comm)        0.052 (pade)        0.033 (series)        0.007 (mix)        0.004 (add) 
Cl( 3, 3) in Cl( 4, 4) CPU =        0.011 ms (setup)        0.060 (comm)        0.073 (pade)        0.092 (series)        0.018 (mix)        0.007 (add) 
Cl( 4, 3) in Cl( 4, 4) CPU =        0.021 ms (setup)        0.136 (comm)        0.153 (pade)        0.099 (series)        0.024 (mix)        0.005 (add) 
Cl( 4, 4) in Cl( 4, 4) CPU =        0.026 ms (setup)        0.423 (comm)        0.186 (pade)        0.708 (series)        0.083 (mix)        0.013 (add) 
Fill: 1
Cl( 1, 0) in Cl( 1, 0) CPU =        0.000 ms (setup)        0.002 (comm)        0.002 (pade)        0.002 (series)        0.001 (mix)        0.001 (add) 
Cl( 1, 1) in Cl( 1, 1) CPU =        0.001 ms (setup)        0.002 (comm)        0.002 (pade)        0.003 (series)        0.001 (mix)        0.001 (add) 
Cl( 2, 1) in Cl( 2, 1) CPU =        0.001 ms (setup)        0.003 (comm)        0.005 (pade)        0.004 (series)        0.001 (mix)        0.001 (add) 
Cl( 2, 2) in Cl( 2, 2) CPU =        0.001 ms (setup)        0.006 (comm)        0.007 (pade)        0.007 (series)        0.002 (mix)        0.001 (add) 
Cl( 3, 2) in Cl( 3, 2) CPU =        0.003 ms (setup)        0.015 (comm)        0.026 (pade)        0.019 (series)        0.005 (mix)        0.002 (add) 
Cl( 3, 3) in Cl( 3, 3) CPU =        0.007 ms (setup)        0.041 (comm)        0.039 (pade)        0.058 (series)        0.011 (mix)        0.003 (add) 
Cl( 4, 3) in Cl( 4, 3) CPU =        0.015 ms (setup)        0.121 (comm)        0.145 (pade)        0.178 (series)        0.029 (mix)        0.007 (add) 
Cl( 4, 4) in Cl( 4, 4) CPU =        0.034 ms (setup)        0.480 (comm)        0.204 (pade)        0.788 (series)        0.081 (mix)        0.020 (add) 
Cl( 1, 0) in Cl( 4, 4) CPU =        0.001 ms (setup)        0.002 (comm)        0.002 (pade)        0.002 (series)        0.001 (mix)        0.001 (add) 
Cl( 1, 1) in Cl( 4, 4) CPU =        0.001 ms (setup)        0.002 (comm)        0.002 (pade)        0.002 (series)        0.001 (mix)        0.001 (add) 
Cl( 2, 1) in Cl( 4, 4) CPU =        0.001 ms (setup)        0.004 (comm)        0.005 (pade)        0.004 (series)        0.002 (mix)        0.001 (add) 
Cl( 2, 2) in Cl( 4, 4) CPU =        0.002 ms (setup)        0.006 (comm)        0.007 (pade)        0.007 (series)        0.002 (mix)        0.001 (add) 
Cl( 3, 2) in Cl( 4, 4) CPU =        0.004 ms (setup)        0.015 (comm)        0.026 (pade)        0.019 (series)        0.005 (mix)        0.002 (add) 
Cl( 3, 3) in Cl( 4, 4) CPU =        0.007 ms (setup)        0.041 (comm)        0.038 (pade)        0.058 (series)        0.011 (mix)        0.004 (add) 
Cl( 4, 3) in Cl( 4, 4) CPU =        0.015 ms (setup)        0.122 (comm)        0.144 (pade)        0.177 (series)        0.030 (mix)        0.007 (add) 
Cl( 4, 4) in Cl( 4, 4) CPU =        0.034 ms (setup)        0.484 (comm)        0.204 (pade)        0.785 (series)        0.081 (mix)        0.020 (add) 

matrix_multi<float,-4,4>
Clifford algebra expressions test:
Fill: 0.5
Cl( 1, 0) in Cl( 1, 0) CPU =        0.002 ms (setup)        0.003 (comm)        0.001 (pade)        0.001 (series)        0.003 (mix)        0.000 (add) 
Cl( 1, 1) in Cl( 1, 1) CPU =        0.003 ms (setup)        0.005 (comm)        0.001 (pade)        0.001 (series)        0.005 (mix)        0.000 (add) 
Cl( 2, 1) in Cl( 2, 1) CPU =        0.003 ms (setup)        0.015 (comm)        0.001 (pade)        0.001 (series)        0.013 (mix)        0.000 (add) 
Cl( 2, 2) in Cl( 2, 2) CPU =        0.003 ms (setup)        0.028 (comm)        0.001 (pade)        0.001 (series)        0.026 (mix)        0.000 (add) 
Cl( 3, 2) in Cl( 3, 2) CPU =        0.014 ms (setup)        0.104 (comm)        0.002 (pade)        0.001 (series)        0.100 (mix)        0.000 (add) 
Cl( 3, 3) in Cl( 3, 3) CPU =        0.022 ms (setup)        0.192 (comm)        0.002 (pade)        0.001 (series)        0.185 (mix)        0.001 (add) 
Cl( 4, 3) in Cl( 4, 3) CPU =        0.051 ms (setup)        0.853 (comm)        0.005 (pade)        0.002 (series)        0.832 (mix)        0.001 (add) 
Cl( 4, 4) in Cl( 4, 4) CPU =        0.104 ms (setup)        1.387 (comm)        0.005 (pade)        0.002 (series)        1.369 (mix)        0.001 (add) 
Cl( 1, 0) in Cl( 4, 4) CPU =        0.002 ms (setup)        0.018 (comm)        0.005 (pade)        0.002 (series)        0.017 (mix)        0.001 (add) 
Cl( 1, 1) in Cl( 4, 4) CPU =        0.003 ms (setup)        0.021 (comm)        0.005 (pade)        0.002 (series)        0.019 (mix)        0.000 (add) 
Cl( 2, 1) in Cl( 4, 4) CPU =        0.007 ms (setup)        0.051 (comm)        0.005 (pade)        0.002 (series)        0.049 (mix)        0.000 (add) 
Cl( 2, 2) in Cl( 4, 4) CPU =        0.011 ms (setup)        0.084 (comm)        0.005 (pade)        0.002 (series)        0.081 (mix)        0.000 (add) 
Cl( 3, 2) in Cl( 4, 4) CPU =        0.041 ms (setup)        0.175 (comm)        0.005 (pade)        0.002 (series)        0.170 (mix)        0.001 (add) 
Cl( 3, 3) in Cl( 4, 4) CPU =        0.069 ms (setup)        0.291 (comm)        0.005 (pade)        0.002 (series)        0.272 (mix)        0.001 (add) 
Cl( 4, 3) in Cl( 4, 4) CPU =        0.181 ms (setup)        0.920 (comm)        0.005 (pade)        0.002 (series)        0.895 (mix)        0.001 (add) 
Cl( 4, 4) in Cl( 4, 4) CPU =        0.103 ms (setup)        1.381 (comm)        0.005 (pade)        0.002 (series)        1.349 (mix)        0.001 (add) 
Fill: 1
Cl( 1, 0) in Cl( 1, 0) CPU =        0.001 ms (setup)        0.005 (comm)        0.001 (pade)        0.001 (series)        0.004 (mix)        0.001 (add) 
Cl( 1, 1) in Cl( 1, 1) CPU =        0.001 ms (setup)        0.007 (comm)        0.001 (pade)        0.001 (series)        0.007 (mix)        0.000 (add) 
Cl( 2, 1) in Cl( 2, 1) CPU =        0.002 ms (setup)        0.025 (comm)        0.001 (pade)        0.001 (series)        0.024 (mix)        0.000 (add) 
Cl( 2, 2) in Cl( 2, 2) CPU =        0.005 ms (setup)        0.039 (comm)        0.001 (pade)        0.001 (series)        0.038 (mix)        0.000 (add) 
Cl( 3, 2) in Cl( 3, 2) CPU =        0.013 ms (setup)        0.146 (comm)        0.002 (pade)        0.001 (series)        0.142 (mix)        0.000 (add) 
Cl( 3, 3) in Cl( 3, 3) CPU =        0.024 ms (setup)        0.228 (comm)        0.002 (pade)        0.001 (series)        0.224 (mix)        0.001 (add) 
Cl( 4, 3) in Cl( 4, 3) CPU =        0.064 ms (setup)        0.996 (comm)        0.005 (pade)        0.002 (series)        0.979 (mix)        0.000 (add) 
Cl( 4, 4) in Cl( 4, 4) CPU =        0.126 ms (setup)        1.536 (comm)        0.005 (pade)        0.003 (series)        1.520 (mix)        0.001 (add) 
Cl( 1, 0) in Cl( 4, 4) CPU =        0.002 ms (setup)        0.033 (comm)        0.005 (pade)        0.002 (series)        0.032 (mix)        0.001 (add) 
Cl( 1, 1) in Cl( 4, 4) CPU =        0.003 ms (setup)        0.046 (comm)        0.005 (pade)        0.002 (series)        0.044 (mix)        0.000 (add) 
Cl( 2, 1) in Cl( 4, 4) CPU =        0.007 ms (setup)        0.069 (comm)        0.005 (pade)        0.002 (series)        0.068 (mix)        0.001 (add) 
Cl( 2, 2) in Cl( 4, 4) CPU =        0.020 ms (setup)        0.105 (comm)        0.005 (pade)        0.002 (series)        0.103 (mix)        0.001 (add) 
Cl( 3, 2) in Cl( 4, 4) CPU =        0.046 ms (setup)        0.210 (comm)        0.005 (pade)        0.002 (series)        0.204 (mix)        0.001 (add) 
Cl( 3, 3) in Cl( 4, 4) CPU =        0.082 ms (setup)        0.347 (comm)        0.005 (pade)        0.002 (series)        0.342 (mix)        0.001 (add) 
Cl( 4, 3) in Cl( 4, 4) CPU =        0.218 ms (setup)        1.047 (comm)        0.005 (pade)        0.002 (series)        1.034 (mix)        0.001 (add) 
Cl( 4, 4) in Cl( 4, 4) CPU =        0.128 ms (setup)        1.538 (comm)        0.005 (pade)        0.002 (series)        1.522 (mix)        0.001 (add) 

framed_multi<double>
Clifford algebra expressions test:
Fill: 0.5
Cl( 1, 0) in Cl( 1, 0) CPU =        0.001 ms (setup)        0.001 (comm)        0.002 (pade)        0.001 (series)        0.001 (mix)        0.001 (add) 
Cl( 1, 1) in Cl( 1, 1) CPU =        0.001 ms (setup)        0.001 (comm)        0.002 (pade)        0.001 (series)        0.000 (mix)        0.001 (add) 
Cl( 2, 1) in Cl( 2, 1) CPU =        0.001 ms (setup)        0.004 (comm)        0.005 (pade)        0.004 (series)        0.001 (mix)        0.001 (add) 
Cl( 2, 2) in Cl( 2, 2) CPU =        0.002 ms (setup)        0.005 (comm)        0.006 (pade)        0.007 (series)        0.002 (mix)        0.001 (add) 
Cl( 3, 2) in Cl( 3, 2) CPU =        0.003 ms (setup)        0.013 (comm)        0.028 (pade)        0.013 (series)        0.004 (mix)        0.002 (add) 
Cl( 3, 3) in Cl( 3, 3) CPU =        0.007 ms (setup)        0.036 (comm)        0.035 (pade)        0.049 (series)        0.009 (mix)        0.002 (add) 
Cl( 4, 3) in Cl( 4, 3) CPU =        0.013 ms (setup)        0.100 (comm)        0.134 (pade)        0.137 (series)        0.033 (mix)        0.005 (add) 
Cl( 4, 4) in Cl( 4, 4) CPU =        0.027 ms (setup)        0.440 (comm)        0.181 (pade)        0.684 (series)        0.109 (mix)        0.007 (add) 
Cl( 5, 4) in Cl( 5, 4) CPU =        0.055 ms (setup)        1.510 (comm)        0.640 (pade)        2.464 (series)        0.303 (mix)        0.015 (add) 
Cl( 5, 5) in Cl( 5, 5) CPU =        0.114 ms (setup)        2.575 (comm)        0.924 (pade)        3.559 (series)        0.866 (mix)        0.030 (add) 
Cl( 6, 5) in Cl( 6, 5) CPU =        0.236 ms (setup)        8.394 (comm)        3.267 (pade)       12.610 (series)        2.376 (mix)        0.071 (add) 
Cl( 6, 6) in Cl( 6, 6) CPU =        0.482 ms (setup)       15.051 (comm)        4.641 (pade)       17.936 (series)        6.776 (mix)        0.137 (add) 
Cl( 7, 6) in Cl( 7, 6) CPU =        0.982 ms (setup)       48.425 (comm)       16.058 (pade)       61.703 (series)       19.679 (mix)        0.312 (add) 
Cl( 7, 7) in Cl( 7, 7) CPU =        1.992 ms (setup)       97.706 (comm)       22.720 (pade)       88.272 (series)       57.796 (mix)        0.620 (add) 
Cl( 8, 7) in Cl( 8, 7) CPU =        4.019 ms (setup)      311.561 (comm)       83.100 (pade)      310.885 (series)      167.655 (mix)        1.291 (add) 
Cl( 8, 8) in Cl( 8, 8) CPU =        8.051 ms (setup)      707.059 (comm)      120.218 (pade)      450.968 (series)      505.952 (mix)        2.768 (add) 
Cl( 1, 0) in Cl( 8, 8) CPU =        0.001 ms (setup)        0.001 (comm)        0.001 (pade)        0.001 (series)        0.001 (mix)        0.001 (add) 
Cl( 1, 1) in Cl( 8, 8) CPU =        0.001 ms (setup)        0.000 (comm)        0.002 (pade)        0.001 (series)        0.000 (mix)        0.001 (add) 
Cl( 2, 1) in Cl( 8, 8) CPU =        0.001 ms (setup)        0.003 (comm)        0.005 (pade)        0.003 (series)        0.001 (mix)        0.001 (add) 
Cl( 2, 2) in Cl( 8, 8) CPU =        0.002 ms (setup)        0.006 (comm)        0.006 (pade)        0.007 (series)        0.002 (mix)        0.001 (add) 
Cl( 3, 2) in Cl( 8, 8) CPU =        0.003 ms (setup)        0.010 (comm)        0.019 (pade)        0.011 (series)        0.003 (mix)        0.001 (add) 
Cl( 3, 3) in Cl( 8, 8) CPU =        0.006 ms (setup)        0.035 (comm)        0.035 (pade)        0.046 (series)        0.009 (mix)        0.002 (add) 
Cl( 4, 3) in Cl( 8, 8) CPU =        0.012 ms (setup)        0.095 (comm)        0.129 (pade)        0.131 (series)        0.030 (mix)        0.004 (add) 
Cl( 4, 4) in Cl( 8, 8) CPU =        0.026 ms (setup)        0.429 (comm)        0.178 (pade)        0.675 (series)        0.106 (mix)        0.007 (add) 
Cl( 5, 4) in Cl( 8, 8) CPU =        0.055 ms (setup)        1.500 (comm)        0.634 (pade)        2.429 (series)        0.301 (mix)        0.014 (add) 
Cl( 5, 5) in Cl( 8, 8) CPU =        0.112 ms (setup)        2.498 (comm)        0.884 (pade)        3.476 (series)        0.809 (mix)        0.026 (add) 
Cl( 6, 5) in Cl( 8, 8) CPU =        0.235 ms (setup)        8.295 (comm)        3.234 (pade)       12.530 (series)        2.361 (mix)        0.059 (add) 
Cl( 6, 6) in Cl( 8, 8) CPU =        0.475 ms (setup)       14.829 (comm)        4.567 (pade)       17.722 (series)        6.713 (mix)        0.131 (add) 
Cl( 7, 6) in Cl( 8, 8) CPU =        0.979 ms (setup)       48.276 (comm)       15.875 (pade)       61.213 (series)       19.651 (mix)        0.309 (add) 
Cl( 7, 7) in Cl( 8, 8) CPU =        1.993 ms (setup)       97.673 (comm)       22.723 (pade)       88.166 (series)       57.650 (mix)        0.623 (add) 
Cl( 8, 7) in Cl( 8, 8) CPU =        4.022 ms (setup)      314.367 (comm)       82.792 (pade)      309.416 (series)      170.744 (mix)        1.328 (add) 
Cl( 8, 8) in Cl( 8, 8) CPU =        8.034 ms (setup)      703.249 (comm)      119.616 (pade)      450.548 (series)      502.553 (mix)        2.779 (add) 
Fill: 1
Cl( 1, 0) in Cl( 1, 0) CPU =        0.001 ms (setup)        0.002 (comm)        0.002 (pade)        0.002 (series)        0.001 (mix)        0.001 (add) 
Cl( 1, 1) in Cl( 1, 1) CPU =        0.001 ms (setup)        0.003 (comm)        0.002 (pade)        0.003 (series)        0.001 (mix)        0.001 (add) 
Cl( 2, 1) in Cl( 2, 1) CPU =        0.001 ms (setup)        0.004 (comm)        0.005 (pade)        0.005 (series)        0.001 (mix)        0.001 (add) 
Cl( 2, 2) in Cl( 2, 2) CPU =        0.002 ms (setup)        0.007 (comm)        0.007 (pade)        0.009 (series)        0.003 (mix)        0.001 (add) 
Cl( 3, 2) in Cl( 3, 2) CPU =        0.004 ms (setup)        0.020 (comm)        0.028 (pade)        0.025 (series)        0.006 (mix)        0.002 (add) 
Cl( 3, 3) in Cl( 3, 3) CPU =        0.009 ms (setup)        0.056 (comm)        0.040 (pade)        0.072 (series)        0.015 (mix)        0.003 (add) 
Cl( 4, 3) in Cl( 4, 3) CPU =        0.018 ms (setup)        0.170 (comm)        0.145 (pade)        0.230 (series)        0.044 (mix)        0.005 (add) 
Cl( 4, 4) in Cl( 4, 4) CPU =        0.040 ms (setup)        0.509 (comm)        0.197 (pade)        0.769 (series)        0.120 (mix)        0.010 (add) 
Cl( 5, 4) in Cl( 5, 4) CPU =        0.085 ms (setup)        1.702 (comm)        0.700 (pade)        2.718 (series)        0.302 (mix)        0.019 (add) 
Cl( 5, 5) in Cl( 5, 5) CPU =        0.178 ms (setup)        2.873 (comm)        1.033 (pade)        4.051 (series)        0.783 (mix)        0.040 (add) 
Cl( 6, 5) in Cl( 6, 5) CPU =        0.376 ms (setup)        9.241 (comm)        3.666 (pade)       14.293 (series)        2.049 (mix)        0.080 (add) 
Cl( 6, 6) in Cl( 6, 6) CPU =        0.752 ms (setup)       16.364 (comm)        5.495 (pade)       21.600 (series)        5.554 (mix)        0.166 (add) 
Cl( 7, 6) in Cl( 7, 6) CPU =        1.547 ms (setup)       51.328 (comm)       18.247 (pade)       71.183 (series)       15.758 (mix)        0.337 (add) 
Cl( 7, 7) in Cl( 7, 7) CPU =        3.122 ms (setup)       99.419 (comm)       27.668 (pade)      108.972 (series)       44.851 (mix)        0.676 (add) 
Cl( 8, 7) in Cl( 8, 7) CPU =        6.386 ms (setup)      315.487 (comm)       96.704 (pade)      366.475 (series)      132.619 (mix)        1.359 (add) 
Cl( 8, 8) in Cl( 8, 8) CPU =       12.792 ms (setup)      671.354 (comm)      149.334 (pade)      572.419 (series)      385.519 (mix)        2.733 (add) 
Cl( 1, 0) in Cl( 8, 8) CPU =        0.001 ms (setup)        0.002 (comm)        0.002 (pade)        0.002 (series)        0.001 (mix)        0.001 (add) 
Cl( 1, 1) in Cl( 8, 8) CPU =        0.001 ms (setup)        0.002 (comm)        0.002 (pade)        0.003 (series)        0.001 (mix)        0.001 (add) 
Cl( 2, 1) in Cl( 8, 8) CPU =        0.002 ms (setup)        0.004 (comm)        0.005 (pade)        0.005 (series)        0.002 (mix)        0.001 (add) 
Cl( 2, 2) in Cl( 8, 8) CPU =        0.002 ms (setup)        0.007 (comm)        0.007 (pade)        0.009 (series)        0.003 (mix)        0.001 (add) 
Cl( 3, 2) in Cl( 8, 8) CPU =        0.004 ms (setup)        0.019 (comm)        0.028 (pade)        0.024 (series)        0.005 (mix)        0.002 (add) 
Cl( 3, 3) in Cl( 8, 8) CPU =        0.008 ms (setup)        0.056 (comm)        0.040 (pade)        0.072 (series)        0.013 (mix)        0.003 (add) 
Cl( 4, 3) in Cl( 8, 8) CPU =        0.017 ms (setup)        0.180 (comm)        0.144 (pade)        0.236 (series)        0.046 (mix)        0.005 (add) 
Cl( 4, 4) in Cl( 8, 8) CPU =        0.037 ms (setup)        0.512 (comm)        0.198 (pade)        0.769 (series)        0.123 (mix)        0.011 (add) 
Cl( 5, 4) in Cl( 8, 8) CPU =        0.092 ms (setup)        1.695 (comm)        0.699 (pade)        2.732 (series)        0.304 (mix)        0.019 (add) 
Cl( 5, 5) in Cl( 8, 8) CPU =        0.180 ms (setup)        2.876 (comm)        1.038 (pade)        4.069 (series)        0.777 (mix)        0.040 (add) 
Cl( 6, 5) in Cl( 8, 8) CPU =        0.377 ms (setup)        9.226 (comm)        3.659 (pade)       14.321 (series)        2.050 (mix)        0.081 (add) 
Cl( 6, 6) in Cl( 8, 8) CPU =        0.758 ms (setup)       16.355 (comm)        5.489 (pade)       21.605 (series)        5.554 (mix)        0.166 (add) 
Cl( 7, 6) in Cl( 8, 8) CPU =        1.558 ms (setup)       51.327 (comm)       18.253 (pade)       71.152 (series)       15.751 (mix)        0.337 (add) 
Cl( 7, 7) in Cl( 8, 8) CPU =        3.136 ms (setup)       99.464 (comm)       27.684 (pade)      108.992 (series)       44.828 (mix)        0.676 (add) 
Cl( 8, 7) in Cl( 8, 8) CPU =        6.402 ms (setup)      315.544 (comm)       96.569 (pade)      366.880 (series)      132.700 (mix)        1.356 (add) 
Cl( 8, 8) in Cl( 8, 8) CPU =       12.795 ms (setup)      671.333 (comm)      149.239 (pade)      572.247 (series)      385.569 (mix)        2.726 (add) 

matrix_multi<double>
Clifford algebra expressions test:
Fill: 0.5
Cl( 1, 0) in Cl( 1, 0) CPU =        0.002 ms (setup)        0.003 (comm)        0.001 (pade)        0.001 (series)        0.002 (mix)        0.000 (add) 
Cl( 1, 1) in Cl( 1, 1) CPU =        0.004 ms (setup)        0.002 (comm)        0.001 (pade)        0.000 (series)        0.002 (mix)        0.000 (add) 
Cl( 2, 1) in Cl( 2, 1) CPU =        0.002 ms (setup)        0.018 (comm)        0.001 (pade)        0.001 (series)        0.018 (mix)        0.001 (add) 
Cl( 2, 2) in Cl( 2, 2) CPU =        0.002 ms (setup)        0.032 (comm)        0.001 (pade)        0.001 (series)        0.030 (mix)        0.000 (add) 
Cl( 3, 2) in Cl( 3, 2) CPU =        0.015 ms (setup)        0.105 (comm)        0.002 (pade)        0.002 (series)        0.101 (mix)        0.001 (add) 
Cl( 3, 3) in Cl( 3, 3) CPU =        0.022 ms (setup)        0.181 (comm)        0.002 (pade)        0.001 (series)        0.176 (mix)        0.001 (add) 
Cl( 4, 3) in Cl( 4, 3) CPU =        0.054 ms (setup)        0.839 (comm)        0.005 (pade)        0.004 (series)        0.821 (mix)        0.001 (add) 
Cl( 4, 4) in Cl( 4, 4) CPU =        0.105 ms (setup)        1.305 (comm)        0.005 (pade)        0.004 (series)        1.282 (mix)        0.001 (add) 
Cl( 5, 4) in Cl( 5, 4) CPU =        0.251 ms (setup)        5.338 (comm)        0.022 (pade)        0.015 (series)        5.322 (mix)        0.003 (add) 
Cl( 5, 5) in Cl( 5, 5) CPU =        0.493 ms (setup)        7.998 (comm)        0.022 (pade)        0.015 (series)        7.997 (mix)        0.002 (add) 
Cl( 6, 5) in Cl( 6, 5) CPU =        1.157 ms (setup)       30.657 (comm)        0.099 (pade)        0.074 (series)       30.605 (mix)        0.007 (add) 
Cl( 6, 6) in Cl( 6, 6) CPU =        2.315 ms (setup)       44.180 (comm)        0.100 (pade)        0.073 (series)       44.129 (mix)        0.007 (add) 
Cl( 7, 6) in Cl( 7, 6) CPU =        5.478 ms (setup)      177.208 (comm)        0.574 (pade)        0.462 (series)      176.992 (mix)        0.029 (add) 
Cl( 7, 7) in Cl( 7, 7) CPU =       10.938 ms (setup)      243.026 (comm)        0.578 (pade)        0.462 (series)      242.803 (mix)        0.029 (add) 
Cl( 8, 7) in Cl( 8, 7) CPU =       25.732 ms (setup)     1063.287 (comm)        4.606 (pade)        3.177 (series)     1062.143 (mix)        0.118 (add) 
Cl( 8, 8) in Cl( 8, 8) CPU =       51.957 ms (setup)     1393.499 (comm)        4.595 (pade)        3.179 (series)     1391.744 (mix)        0.116 (add) 
Cl( 1, 0) in Cl( 8, 8) CPU =        0.013 ms (setup)        4.889 (comm)        4.362 (pade)        3.179 (series)        3.219 (mix)        0.116 (add) 
Cl( 1, 1) in Cl( 8, 8) CPU =        0.018 ms (setup)        9.024 (comm)        4.453 (pade)        3.179 (series)        7.397 (mix)        0.116 (add) 
Cl( 2, 1) in Cl( 8, 8) CPU =        0.040 ms (setup)       19.996 (comm)        4.526 (pade)        3.177 (series)       18.350 (mix)        0.116 (add) 
Cl( 2, 2) in Cl( 8, 8) CPU =        0.082 ms (setup)       36.858 (comm)        4.535 (pade)        3.178 (series)       35.174 (mix)        0.116 (add) 
Cl( 3, 2) in Cl( 8, 8) CPU =        0.505 ms (setup)       52.105 (comm)        4.627 (pade)        3.179 (series)       50.413 (mix)        0.115 (add) 
Cl( 3, 3) in Cl( 8, 8) CPU =        0.843 ms (setup)       71.594 (comm)        4.588 (pade)        3.182 (series)       69.844 (mix)        0.117 (add) 
Cl( 4, 3) in Cl( 8, 8) CPU =        0.964 ms (setup)       75.296 (comm)        4.587 (pade)        3.182 (series)       73.567 (mix)        0.117 (add) 
Cl( 4, 4) in Cl( 8, 8) CPU =        1.153 ms (setup)      104.373 (comm)        4.601 (pade)        3.183 (series)      102.627 (mix)        0.117 (add) 
Cl( 5, 4) in Cl( 8, 8) CPU =        1.683 ms (setup)      137.107 (comm)        4.604 (pade)        3.179 (series)      135.310 (mix)        0.117 (add) 
Cl( 5, 5) in Cl( 8, 8) CPU =        2.587 ms (setup)      162.931 (comm)        4.609 (pade)        3.179 (series)      161.138 (mix)        0.117 (add) 
Cl( 6, 5) in Cl( 8, 8) CPU =        5.317 ms (setup)      224.756 (comm)        4.620 (pade)        3.188 (series)      222.975 (mix)        0.117 (add) 
Cl( 6, 6) in Cl( 8, 8) CPU =        9.547 ms (setup)      253.738 (comm)        4.617 (pade)        3.183 (series)      251.999 (mix)        0.118 (add) 
Cl( 7, 6) in Cl( 8, 8) CPU =       22.128 ms (setup)      397.766 (comm)        4.612 (pade)        3.179 (series)      395.728 (mix)        0.119 (add) 
Cl( 7, 7) in Cl( 8, 8) CPU =       41.508 ms (setup)      509.612 (comm)        4.621 (pade)        3.180 (series)      507.812 (mix)        0.118 (add) 
Cl( 8, 7) in Cl( 8, 8) CPU =       99.907 ms (setup)     1097.105 (comm)        4.595 (pade)        3.182 (series)     1095.448 (mix)        0.115 (add) 
Cl( 8, 8) in Cl( 8, 8) CPU =       51.944 ms (setup)     1381.423 (comm)        4.610 (pade)        3.179 (series)     1380.262 (mix)        0.116 (add) 
Fill: 1
Cl( 1, 0) in Cl( 1, 0) CPU =        0.002 ms (setup)        0.005 (comm)        0.001 (pade)        0.001 (series)        0.004 (mix)        0.000 (add) 
Cl( 1, 1) in Cl( 1, 1) CPU =        0.001 ms (setup)        0.007 (comm)        0.001 (pade)        0.000 (series)        0.007 (mix)        0.000 (add) 
Cl( 2, 1) in Cl( 2, 1) CPU =        0.003 ms (setup)        0.025 (comm)        0.001 (pade)        0.001 (series)        0.024 (mix)        0.000 (add) 
Cl( 2, 2) in Cl( 2, 2) CPU =        0.005 ms (setup)        0.041 (comm)        0.001 (pade)        0.001 (series)        0.038 (mix)        0.000 (add) 
Cl( 3, 2) in Cl( 3, 2) CPU =        0.014 ms (setup)        0.147 (comm)        0.002 (pade)        0.002 (series)        0.144 (mix)        0.001 (add) 
Cl( 3, 3) in Cl( 3, 3) CPU =        0.026 ms (setup)        0.232 (comm)        0.001 (pade)        0.001 (series)        0.228 (mix)        0.000 (add) 
Cl( 4, 3) in Cl( 4, 3) CPU =        0.071 ms (setup)        0.998 (comm)        0.006 (pade)        0.005 (series)        0.987 (mix)        0.001 (add) 
Cl( 4, 4) in Cl( 4, 4) CPU =        0.140 ms (setup)        1.516 (comm)        0.005 (pade)        0.005 (series)        1.502 (mix)        0.001 (add) 
Cl( 5, 4) in Cl( 5, 4) CPU =        0.360 ms (setup)        5.845 (comm)        0.022 (pade)        0.015 (series)        5.822 (mix)        0.003 (add) 
Cl( 5, 5) in Cl( 5, 5) CPU =        0.739 ms (setup)        8.726 (comm)        0.022 (pade)        0.015 (series)        8.709 (mix)        0.002 (add) 
Cl( 6, 5) in Cl( 6, 5) CPU =        1.783 ms (setup)       33.290 (comm)        0.099 (pade)        0.074 (series)       33.232 (mix)        0.007 (add) 
Cl( 6, 6) in Cl( 6, 6) CPU =        3.620 ms (setup)       47.468 (comm)        0.099 (pade)        0.073 (series)       47.449 (mix)        0.007 (add) 
Cl( 7, 6) in Cl( 7, 6) CPU =        8.928 ms (setup)      189.326 (comm)        0.578 (pade)        0.463 (series)      189.082 (mix)        0.029 (add) 
Cl( 7, 7) in Cl( 7, 7) CPU =       18.044 ms (setup)      261.276 (comm)        0.577 (pade)        0.461 (series)      260.772 (mix)        0.029 (add) 
Cl( 8, 7) in Cl( 8, 7) CPU =       44.516 ms (setup)     1126.897 (comm)        4.608 (pade)        3.180 (series)     1124.730 (mix)        0.116 (add) 
Cl( 8, 8) in Cl( 8, 8) CPU =       90.579 ms (setup)     1511.621 (comm)        4.603 (pade)        3.182 (series)     1510.070 (mix)        0.117 (add) 
Cl( 1, 0) in Cl( 8, 8) CPU =        0.015 ms (setup)       11.254 (comm)        4.460 (pade)        3.183 (series)        9.655 (mix)        0.118 (add) 
Cl( 1, 1) in Cl( 8, 8) CPU =        0.029 ms (setup)       18.358 (comm)        4.460 (pade)        3.178 (series)       16.709 (mix)        0.116 (add) 
Cl( 2, 1) in Cl( 8, 8) CPU =        0.066 ms (setup)       28.354 (comm)        4.583 (pade)        3.176 (series)       26.609 (mix)        0.116 (add) 
Cl( 2, 2) in Cl( 8, 8) CPU =        0.798 ms (setup)       41.171 (comm)        4.540 (pade)        3.179 (series)       39.463 (mix)        0.115 (add) 
Cl( 3, 2) in Cl( 8, 8) CPU =        0.825 ms (setup)       57.295 (comm)        4.551 (pade)        3.178 (series)       55.624 (mix)        0.115 (add) 
Cl( 3, 3) in Cl( 8, 8) CPU =        0.871 ms (setup)       78.302 (comm)        4.577 (pade)        3.179 (series)       76.534 (mix)        0.116 (add) 
Cl( 4, 3) in Cl( 8, 8) CPU =        1.040 ms (setup)      104.139 (comm)        4.604 (pade)        3.181 (series)      102.382 (mix)        0.117 (add) 
Cl( 4, 4) in Cl( 8, 8) CPU =        1.277 ms (setup)      130.598 (comm)        4.603 (pade)        3.181 (series)      128.762 (mix)        0.117 (add) 
Cl( 5, 4) in Cl( 8, 8) CPU =        2.042 ms (setup)      162.875 (comm)        4.619 (pade)        3.179 (series)      161.105 (mix)        0.117 (add) 
Cl( 5, 5) in Cl( 8, 8) CPU =        3.251 ms (setup)      192.878 (comm)        4.605 (pade)        3.183 (series)      191.169 (mix)        0.117 (add) 
Cl( 6, 5) in Cl( 8, 8) CPU =        7.007 ms (setup)      249.731 (comm)        4.616 (pade)        3.182 (series)      248.130 (mix)        0.119 (add) 
Cl( 6, 6) in Cl( 8, 8) CPU =       12.864 ms (setup)      292.933 (comm)        4.626 (pade)        3.182 (series)      291.200 (mix)        0.118 (add) 
Cl( 7, 6) in Cl( 8, 8) CPU =       30.335 ms (setup)      453.191 (comm)        4.603 (pade)        3.183 (series)      451.579 (mix)        0.116 (add) 
Cl( 7, 7) in Cl( 8, 8) CPU =       58.333 ms (setup)      555.466 (comm)        4.619 (pade)        3.186 (series)      553.558 (mix)        0.117 (add) 
Cl( 8, 7) in Cl( 8, 8) CPU =      142.816 ms (setup)     1168.628 (comm)        4.612 (pade)        3.180 (series)     1166.723 (mix)        0.117 (add) 
Cl( 8, 8) in Cl( 8, 8) CPU =       90.675 ms (setup)     1510.966 (comm)        4.625 (pade)        3.180 (series)     1509.401 (mix)        0.116 (add) 
