expressions/expressions
	linux-vdso.so.1 (0x00007a4ff8260000)
	libarmadillo.so.14 => /lib/libarmadillo.so.14 (0x00007a4ff820f000)
	libflexiblas.so.3 => /lib/x86_64-linux-gnu/libflexiblas.so.3 (0x00007a4ff7400000)
	libstdc++.so.6 => /lib/x86_64-linux-gnu/libstdc++.so.6 (0x00007a4ff7000000)
	libm.so.6 => /lib/x86_64-linux-gnu/libm.so.6 (0x00007a4ff7309000)
	libgcc_s.so.1 => /lib/x86_64-linux-gnu/libgcc_s.so.1 (0x00007a4ff7bd3000)
	libc.so.6 => /lib/x86_64-linux-gnu/libc.so.6 (0x00007a4ff6c00000)
	libarpack.so.2 => /lib/x86_64-linux-gnu/libarpack.so.2 (0x00007a4ff7b81000)
	/lib64/ld-linux-x86-64.so.2 (0x00007a4ff8262000)
	libgfortran.so.5 => /lib/x86_64-linux-gnu/libgfortran.so.5 (0x00007a4ff6800000)
gfft_test/gfft_test
	linux-vdso.so.1 (0x000079f370fc2000)
	libarmadillo.so.14 => /lib/libarmadillo.so.14 (0x000079f370f71000)
	libflexiblas.so.3 => /lib/x86_64-linux-gnu/libflexiblas.so.3 (0x000079f370400000)
	libstdc++.so.6 => /lib/x86_64-linux-gnu/libstdc++.so.6 (0x000079f370000000)
	libm.so.6 => /lib/x86_64-linux-gnu/libm.so.6 (0x000079f370309000)
	libgcc_s.so.1 => /lib/x86_64-linux-gnu/libgcc_s.so.1 (0x000079f370f44000)
	libc.so.6 => /lib/x86_64-linux-gnu/libc.so.6 (0x000079f36fc00000)
	libarpack.so.2 => /lib/x86_64-linux-gnu/libarpack.so.2 (0x000079f370ef0000)
	/lib64/ld-linux-x86-64.so.2 (0x000079f370fc4000)
	libgfortran.so.5 => /lib/x86_64-linux-gnu/libgfortran.so.5 (0x000079f36f800000)
products/products
	linux-vdso.so.1 (0x0000716e5d5bb000)
	libarmadillo.so.14 => /lib/libarmadillo.so.14 (0x0000716e5d56a000)
	libflexiblas.so.3 => /lib/x86_64-linux-gnu/libflexiblas.so.3 (0x0000716e5c800000)
	libstdc++.so.6 => /lib/x86_64-linux-gnu/libstdc++.so.6 (0x0000716e5c400000)
	libm.so.6 => /lib/x86_64-linux-gnu/libm.so.6 (0x0000716e5c709000)
	libgcc_s.so.1 => /lib/x86_64-linux-gnu/libgcc_s.so.1 (0x0000716e5cfd3000)
	libc.so.6 => /lib/x86_64-linux-gnu/libc.so.6 (0x0000716e5c000000)
	libarpack.so.2 => /lib/x86_64-linux-gnu/libarpack.so.2 (0x0000716e5cf81000)
	/lib64/ld-linux-x86-64.so.2 (0x0000716e5d5bd000)
	libgfortran.so.5 => /lib/x86_64-linux-gnu/libgfortran.so.5 (0x0000716e5bc00000)
squaring/squaring
	linux-vdso.so.1 (0x0000785d61039000)
	libarmadillo.so.14 => /lib/libarmadillo.so.14 (0x0000785d60fe8000)
	libflexiblas.so.3 => /lib/x86_64-linux-gnu/libflexiblas.so.3 (0x0000785d60400000)
	libstdc++.so.6 => /lib/x86_64-linux-gnu/libstdc++.so.6 (0x0000785d60000000)
	libm.so.6 => /lib/x86_64-linux-gnu/libm.so.6 (0x0000785d60ef1000)
	libgcc_s.so.1 => /lib/x86_64-linux-gnu/libgcc_s.so.1 (0x0000785d60bd3000)
	libc.so.6 => /lib/x86_64-linux-gnu/libc.so.6 (0x0000785d5fc00000)
	libarpack.so.2 => /lib/x86_64-linux-gnu/libarpack.so.2 (0x0000785d60b81000)
	/lib64/ld-linux-x86-64.so.2 (0x0000785d6103b000)
	libgfortran.so.5 => /lib/x86_64-linux-gnu/libgfortran.so.5 (0x0000785d5f800000)
transforms/transforms
	linux-vdso.so.1 (0x0000766a6c1dc000)
	libarmadillo.so.14 => /lib/libarmadillo.so.14 (0x0000766a6c18b000)
	libflexiblas.so.3 => /lib/x86_64-linux-gnu/libflexiblas.so.3 (0x0000766a6b600000)
	libstdc++.so.6 => /lib/x86_64-linux-gnu/libstdc++.so.6 (0x0000766a6b200000)
	libm.so.6 => /lib/x86_64-linux-gnu/libm.so.6 (0x0000766a6b509000)
	libgcc_s.so.1 => /lib/x86_64-linux-gnu/libgcc_s.so.1 (0x0000766a6c15e000)
	libc.so.6 => /lib/x86_64-linux-gnu/libc.so.6 (0x0000766a6ae00000)
	libarpack.so.2 => /lib/x86_64-linux-gnu/libarpack.so.2 (0x0000766a6c10a000)
	/lib64/ld-linux-x86-64.so.2 (0x0000766a6c1de000)
	libgfortran.so.5 => /lib/x86_64-linux-gnu/libgfortran.so.5 (0x0000766a6aa00000)
versor/versor
	linux-vdso.so.1 (0x000070b8305e9000)
	libarmadillo.so.14 => /lib/libarmadillo.so.14 (0x000070b830598000)
	libflexiblas.so.3 => /lib/x86_64-linux-gnu/libflexiblas.so.3 (0x000070b82fa00000)
	libstdc++.so.6 => /lib/x86_64-linux-gnu/libstdc++.so.6 (0x000070b82f600000)
	libm.so.6 => /lib/x86_64-linux-gnu/libm.so.6 (0x000070b82f909000)
	libgcc_s.so.1 => /lib/x86_64-linux-gnu/libgcc_s.so.1 (0x000070b83056b000)
	libc.so.6 => /lib/x86_64-linux-gnu/libc.so.6 (0x000070b82f200000)
	libarpack.so.2 => /lib/x86_64-linux-gnu/libarpack.so.2 (0x000070b830517000)
	/lib64/ld-linux-x86-64.so.2 (0x000070b8305eb000)
	libgfortran.so.5 => /lib/x86_64-linux-gnu/libgfortran.so.5 (0x000070b82ee00000)
