
framed_multi<float,-4,4>
Clifford algebra products test:
Fill: 0.5
Cl( 1, 0) in Cl( 1, 0) CPU =        0.004 ms (setup)        0.011 (*)        0.007 (^)        0.004 (&)        0.004 (%) 
Cl( 1, 1) in Cl( 1, 1) CPU =        0.004 ms (setup)        0.003 (*)        0.003 (^)        0.003 (&)        0.003 (%) 
Cl( 2, 1) in Cl( 2, 1) CPU =        0.004 ms (setup)        0.011 (*)        0.006 (^)        0.005 (&)        0.005 (%) 
Cl( 2, 2) in Cl( 2, 2) CPU =        0.005 ms (setup)        0.013 (*)        0.010 (^)        0.007 (&)        0.007 (%) 
Cl( 3, 2) in Cl( 3, 2) CPU =        0.012 ms (setup)        0.029 (*)        0.017 (^)        0.015 (&)        0.013 (%) 
Cl( 3, 3) in Cl( 3, 3) CPU =        0.018 ms (setup)        0.066 (*)        0.036 (^)        0.033 (&)        0.039 (%) 
Cl( 4, 3) in Cl( 4, 3) CPU =        0.044 ms (setup)        0.197 (*)        0.107 (^)        0.095 (&)        0.071 (%) 
Cl( 4, 4) in Cl( 4, 4) CPU =        0.081 ms (setup)        1.459 (*)        0.241 (^)        0.222 (&)        0.151 (%) 
Cl( 1, 0) in Cl( 4, 4) CPU =        0.003 ms (setup)        0.001 (*)        0.002 (^)        0.001 (&)        0.001 (%) 
Cl( 1, 1) in Cl( 4, 4) CPU =        0.003 ms (setup)        0.003 (*)        0.003 (^)        0.003 (&)        0.003 (%) 
Cl( 2, 1) in Cl( 4, 4) CPU =        0.004 ms (setup)        0.007 (*)        0.007 (^)        0.004 (&)        0.004 (%) 
Cl( 2, 2) in Cl( 4, 4) CPU =        0.005 ms (setup)        0.009 (*)        0.008 (^)        0.005 (&)        0.015 (%) 
Cl( 3, 2) in Cl( 4, 4) CPU =        0.011 ms (setup)        0.030 (*)        0.018 (^)        0.015 (&)        0.015 (%) 
Cl( 3, 3) in Cl( 4, 4) CPU =        0.020 ms (setup)        0.065 (*)        0.038 (^)        0.033 (&)        0.026 (%) 
Cl( 4, 3) in Cl( 4, 4) CPU =        0.047 ms (setup)        0.204 (*)        0.132 (^)        0.098 (&)        0.071 (%) 
Cl( 4, 4) in Cl( 4, 4) CPU =        0.081 ms (setup)        1.504 (*)        0.251 (^)        0.248 (&)        0.166 (%) 
Fill: 1
Cl( 1, 0) in Cl( 1, 0) CPU =        0.004 ms (setup)        0.005 (*)        0.004 (^)        0.003 (&)        0.003 (%) 
Cl( 1, 1) in Cl( 1, 1) CPU =        0.004 ms (setup)        0.006 (*)        0.005 (^)        0.004 (&)        0.004 (%) 
Cl( 2, 1) in Cl( 2, 1) CPU =        0.005 ms (setup)        0.009 (*)        0.007 (^)        0.005 (&)        0.005 (%) 
Cl( 2, 2) in Cl( 2, 2) CPU =        0.009 ms (setup)        0.033 (*)        0.013 (^)        0.011 (&)        0.010 (%) 
Cl( 3, 2) in Cl( 3, 2) CPU =        0.015 ms (setup)        0.049 (*)        0.021 (^)        0.025 (&)        0.020 (%) 
Cl( 3, 3) in Cl( 3, 3) CPU =        0.030 ms (setup)        0.160 (*)        0.045 (^)        0.060 (&)        0.047 (%) 
Cl( 4, 3) in Cl( 4, 3) CPU =        0.062 ms (setup)        0.488 (*)        0.104 (^)        0.167 (&)        0.112 (%) 
Cl( 4, 4) in Cl( 4, 4) CPU =        0.132 ms (setup)        1.769 (*)        0.259 (^)        0.430 (&)        0.279 (%) 
Cl( 1, 0) in Cl( 4, 4) CPU =        0.003 ms (setup)        0.005 (*)        0.004 (^)        0.003 (&)        0.003 (%) 
Cl( 1, 1) in Cl( 4, 4) CPU =        0.004 ms (setup)        0.006 (*)        0.005 (^)        0.004 (&)        0.004 (%) 
Cl( 2, 1) in Cl( 4, 4) CPU =        0.004 ms (setup)        0.009 (*)        0.007 (^)        0.005 (&)        0.005 (%) 
Cl( 2, 2) in Cl( 4, 4) CPU =        0.009 ms (setup)        0.018 (*)        0.011 (^)        0.011 (&)        0.010 (%) 
Cl( 3, 2) in Cl( 4, 4) CPU =        0.015 ms (setup)        0.060 (*)        0.019 (^)        0.022 (&)        0.018 (%) 
Cl( 3, 3) in Cl( 4, 4) CPU =        0.028 ms (setup)        0.130 (*)        0.041 (^)        0.062 (&)        0.042 (%) 
Cl( 4, 3) in Cl( 4, 4) CPU =        0.058 ms (setup)        0.440 (*)        0.099 (^)        0.143 (&)        0.101 (%) 
Cl( 4, 4) in Cl( 4, 4) CPU =        0.127 ms (setup)        1.437 (*)        0.212 (^)        0.349 (&)        0.224 (%) 

matrix_multi<float,-4,4>
Clifford algebra products test:
Fill: 0.5
Cl( 1, 0) in Cl( 1, 0) CPU =        0.052 ms (setup)        0.002 (*)        0.022 (^)        0.016 (&)        0.021 (%) 
Cl( 1, 1) in Cl( 1, 1) CPU =        0.009 ms (setup)        0.002 (*)        0.014 (^)        0.015 (&)        0.015 (%) 
Cl( 2, 1) in Cl( 2, 1) CPU =        0.005 ms (setup)        0.002 (*)        0.033 (^)        0.056 (&)        0.056 (%) 
Cl( 2, 2) in Cl( 2, 2) CPU =        0.018 ms (setup)        0.002 (*)        0.127 (^)        0.077 (&)        0.107 (%) 
Cl( 3, 2) in Cl( 3, 2) CPU =        0.036 ms (setup)        0.004 (*)        0.505 (^)        0.423 (&)        0.430 (%) 
Cl( 3, 3) in Cl( 3, 3) CPU =        0.068 ms (setup)        0.003 (*)        0.621 (^)        0.652 (&)        0.607 (%) 
Cl( 4, 3) in Cl( 4, 3) CPU =        0.134 ms (setup)        0.005 (*)        2.359 (^)        2.180 (&)        2.106 (%) 
Cl( 4, 4) in Cl( 4, 4) CPU =        0.196 ms (setup)        0.004 (*)        2.995 (^)        2.843 (&)        2.793 (%) 
Cl( 1, 0) in Cl( 4, 4) CPU =        0.005 ms (setup)        0.003 (*)        0.013 (^)        0.013 (&)        0.012 (%) 
Cl( 1, 1) in Cl( 4, 4) CPU =        0.008 ms (setup)        0.003 (*)        0.130 (^)        0.086 (&)        0.113 (%) 
Cl( 2, 1) in Cl( 4, 4) CPU =        0.018 ms (setup)        0.003 (*)        0.161 (^)        0.101 (&)        0.122 (%) 
Cl( 2, 2) in Cl( 4, 4) CPU =        0.035 ms (setup)        0.008 (*)        0.260 (^)        0.177 (&)        0.205 (%) 
Cl( 3, 2) in Cl( 4, 4) CPU =        0.092 ms (setup)        0.003 (*)        0.326 (^)        0.291 (&)        0.231 (%) 
Cl( 3, 3) in Cl( 4, 4) CPU =        0.113 ms (setup)        0.003 (*)        0.491 (^)        0.439 (&)        0.422 (%) 
Cl( 4, 3) in Cl( 4, 4) CPU =        0.273 ms (setup)        0.003 (*)        1.353 (^)        1.453 (&)        1.393 (%) 
Cl( 4, 4) in Cl( 4, 4) CPU =        0.128 ms (setup)        0.003 (*)        2.030 (^)        2.178 (&)        2.198 (%) 
Fill: 1
Cl( 1, 0) in Cl( 1, 0) CPU =        0.003 ms (setup)        0.005 (*)        0.010 (^)        0.007 (&)        0.011 (%) 
Cl( 1, 1) in Cl( 1, 1) CPU =        0.004 ms (setup)        0.001 (*)        0.014 (^)        0.011 (&)        0.013 (%) 
Cl( 2, 1) in Cl( 2, 1) CPU =        0.005 ms (setup)        0.001 (*)        0.049 (^)        0.042 (&)        0.048 (%) 
Cl( 2, 2) in Cl( 2, 2) CPU =        0.008 ms (setup)        0.001 (*)        0.072 (^)        0.057 (&)        0.072 (%) 
Cl( 3, 2) in Cl( 3, 2) CPU =        0.021 ms (setup)        0.002 (*)        0.256 (^)        0.248 (&)        0.260 (%) 
Cl( 3, 3) in Cl( 3, 3) CPU =        0.039 ms (setup)        0.002 (*)        0.406 (^)        0.388 (&)        0.414 (%) 
Cl( 4, 3) in Cl( 4, 3) CPU =        0.093 ms (setup)        0.003 (*)        1.659 (^)        1.696 (&)        1.688 (%) 
Cl( 4, 4) in Cl( 4, 4) CPU =        0.179 ms (setup)        0.003 (*)        2.424 (^)        2.410 (&)        2.457 (%) 
Cl( 1, 0) in Cl( 4, 4) CPU =        0.008 ms (setup)        0.003 (*)        0.088 (^)        0.061 (&)        0.083 (%) 
Cl( 1, 1) in Cl( 4, 4) CPU =        0.006 ms (setup)        0.003 (*)        0.108 (^)        0.068 (&)        0.102 (%) 
Cl( 2, 1) in Cl( 4, 4) CPU =        0.016 ms (setup)        0.003 (*)        0.169 (^)        0.116 (&)        0.127 (%) 
Cl( 2, 2) in Cl( 4, 4) CPU =        0.042 ms (setup)        0.003 (*)        0.233 (^)        0.147 (&)        0.182 (%) 
Cl( 3, 2) in Cl( 4, 4) CPU =        0.087 ms (setup)        0.003 (*)        0.445 (^)        0.327 (&)        0.333 (%) 
Cl( 3, 3) in Cl( 4, 4) CPU =        0.131 ms (setup)        0.003 (*)        0.667 (^)        0.556 (&)        0.584 (%) 
Cl( 4, 3) in Cl( 4, 4) CPU =        0.347 ms (setup)        0.003 (*)        1.838 (^)        1.695 (&)        1.715 (%) 
Cl( 4, 4) in Cl( 4, 4) CPU =        0.184 ms (setup)        0.002 (*)        2.421 (^)        2.401 (&)        2.472 (%) 

framed_multi<double>
Clifford algebra products test:
Fill: 0.5
Cl( 1, 0) in Cl( 1, 0) CPU =        0.002 ms (setup)        0.002 (*)        0.001 (^)        0.001 (&)        0.003 (%) 
Cl( 1, 1) in Cl( 1, 1) CPU =        0.001 ms (setup)        0.001 (*)        0.001 (^)        0.001 (&)        0.001 (%) 
Cl( 2, 1) in Cl( 2, 1) CPU =        0.002 ms (setup)        0.003 (*)        0.002 (^)        0.002 (&)        0.002 (%) 
Cl( 2, 2) in Cl( 2, 2) CPU =        0.002 ms (setup)        0.005 (*)        0.003 (^)        0.003 (&)        0.005 (%) 
Cl( 3, 2) in Cl( 3, 2) CPU =        0.006 ms (setup)        0.011 (*)        0.006 (^)        0.006 (&)        0.006 (%) 
Cl( 3, 3) in Cl( 3, 3) CPU =        0.008 ms (setup)        0.028 (*)        0.013 (^)        0.013 (&)        0.013 (%) 
Cl( 4, 3) in Cl( 4, 3) CPU =        0.015 ms (setup)        0.088 (*)        0.036 (^)        0.036 (&)        0.030 (%) 
Cl( 4, 4) in Cl( 4, 4) CPU =        0.029 ms (setup)        0.462 (*)        0.088 (^)        0.082 (&)        0.064 (%) 
Cl( 5, 4) in Cl( 5, 4) CPU =        0.069 ms (setup)        1.633 (*)        0.248 (^)        0.253 (&)        0.186 (%) 
Cl( 5, 5) in Cl( 5, 5) CPU =        0.113 ms (setup)        2.123 (*)        0.650 (^)        0.619 (&)        0.415 (%) 
Cl( 6, 5) in Cl( 6, 5) CPU =        0.230 ms (setup)        7.609 (*)        1.859 (^)        1.817 (&)        1.185 (%) 
Cl( 6, 6) in Cl( 6, 6) CPU =        0.493 ms (setup)       10.110 (*)        5.104 (^)        5.042 (&)        3.166 (%) 
Cl( 7, 6) in Cl( 7, 6) CPU =        1.067 ms (setup)       39.633 (*)       15.401 (^)       15.177 (&)        8.949 (%) 
Cl( 7, 7) in Cl( 7, 7) CPU =        1.954 ms (setup)       51.045 (*)       44.758 (^)       44.388 (&)       24.649 (%) 
Cl( 8, 7) in Cl( 8, 7) CPU =        3.857 ms (setup)      178.153 (*)      134.917 (^)      128.526 (&)       71.797 (%) 
Cl( 8, 8) in Cl( 8, 8) CPU =        7.940 ms (setup)      237.867 (*)      403.665 (^)      394.516 (&)      214.826 (%) 
Cl( 1, 0) in Cl( 8, 8) CPU =        0.002 ms (setup)        0.001 (*)        0.001 (^)        0.001 (&)        0.001 (%) 
Cl( 1, 1) in Cl( 8, 8) CPU =        0.001 ms (setup)        0.001 (*)        0.001 (^)        0.001 (&)        0.001 (%) 
Cl( 2, 1) in Cl( 8, 8) CPU =        0.002 ms (setup)        0.001 (*)        0.001 (^)        0.001 (&)        0.001 (%) 
Cl( 2, 2) in Cl( 8, 8) CPU =        0.002 ms (setup)        0.004 (*)        0.003 (^)        0.003 (&)        0.005 (%) 
Cl( 3, 2) in Cl( 8, 8) CPU =        0.004 ms (setup)        0.010 (*)        0.005 (^)        0.005 (&)        0.013 (%) 
Cl( 3, 3) in Cl( 8, 8) CPU =        0.007 ms (setup)        0.026 (*)        0.013 (^)        0.011 (&)        0.011 (%) 
Cl( 4, 3) in Cl( 8, 8) CPU =        0.014 ms (setup)        0.062 (*)        0.033 (^)        0.029 (&)        0.026 (%) 
Cl( 4, 4) in Cl( 8, 8) CPU =        0.030 ms (setup)        0.461 (*)        0.093 (^)        0.091 (&)        0.074 (%) 
Cl( 5, 4) in Cl( 8, 8) CPU =        0.058 ms (setup)        1.580 (*)        0.245 (^)        0.246 (&)        0.180 (%) 
Cl( 5, 5) in Cl( 8, 8) CPU =        0.114 ms (setup)        2.109 (*)        0.632 (^)        0.642 (&)        0.416 (%) 
Cl( 6, 5) in Cl( 8, 8) CPU =        0.231 ms (setup)        7.649 (*)        1.947 (^)        1.952 (&)        1.169 (%) 
Cl( 6, 6) in Cl( 8, 8) CPU =        0.465 ms (setup)        9.918 (*)        5.109 (^)        4.869 (&)        2.961 (%) 
Cl( 7, 6) in Cl( 8, 8) CPU =        0.951 ms (setup)       38.616 (*)       14.767 (^)       14.455 (&)        8.821 (%) 
Cl( 7, 7) in Cl( 8, 8) CPU =        1.966 ms (setup)       50.900 (*)       45.465 (^)       43.107 (&)       24.363 (%) 
Cl( 8, 7) in Cl( 8, 8) CPU =        3.946 ms (setup)      180.286 (*)      133.804 (^)      129.812 (&)       71.599 (%) 
Cl( 8, 8) in Cl( 8, 8) CPU =        7.945 ms (setup)      239.177 (*)      403.807 (^)      399.606 (&)      216.282 (%) 
Fill: 1
Cl( 1, 0) in Cl( 1, 0) CPU =        0.004 ms (setup)        0.002 (*)        0.001 (^)        0.001 (&)        0.002 (%) 
Cl( 1, 1) in Cl( 1, 1) CPU =        0.001 ms (setup)        0.003 (*)        0.002 (^)        0.001 (&)        0.002 (%) 
Cl( 2, 1) in Cl( 2, 1) CPU =        0.002 ms (setup)        0.004 (*)        0.003 (^)        0.002 (&)        0.002 (%) 
Cl( 2, 2) in Cl( 2, 2) CPU =        0.004 ms (setup)        0.007 (*)        0.005 (^)        0.005 (&)        0.005 (%) 
Cl( 3, 2) in Cl( 3, 2) CPU =        0.007 ms (setup)        0.041 (*)        0.009 (^)        0.011 (&)        0.009 (%) 
Cl( 3, 3) in Cl( 3, 3) CPU =        0.013 ms (setup)        0.070 (*)        0.018 (^)        0.024 (&)        0.019 (%) 
Cl( 4, 3) in Cl( 4, 3) CPU =        0.025 ms (setup)        0.235 (*)        0.042 (^)        0.069 (&)        0.045 (%) 
Cl( 4, 4) in Cl( 4, 4) CPU =        0.070 ms (setup)        0.577 (*)        0.124 (^)        0.164 (&)        0.111 (%) 
Cl( 5, 4) in Cl( 5, 4) CPU =        0.096 ms (setup)        1.945 (*)        0.263 (^)        0.434 (&)        0.294 (%) 
Cl( 5, 5) in Cl( 5, 5) CPU =        0.188 ms (setup)        2.579 (*)        0.646 (^)        1.165 (&)        0.740 (%) 
Cl( 6, 5) in Cl( 6, 5) CPU =        0.389 ms (setup)        8.571 (*)        1.743 (^)        3.342 (&)        2.007 (%) 
Cl( 6, 6) in Cl( 6, 6) CPU =        0.771 ms (setup)       12.507 (*)        4.813 (^)        9.694 (&)        5.575 (%) 
Cl( 7, 6) in Cl( 7, 6) CPU =        1.585 ms (setup)       46.017 (*)       13.675 (^)       28.997 (&)       16.028 (%) 
Cl( 7, 7) in Cl( 7, 7) CPU =        3.489 ms (setup)       68.407 (*)       40.048 (^)       86.175 (&)       46.742 (%) 
Cl( 8, 7) in Cl( 8, 7) CPU =        6.766 ms (setup)      217.442 (*)      121.372 (^)      265.892 (&)      141.518 (%) 
Cl( 8, 8) in Cl( 8, 8) CPU =       13.746 ms (setup)      330.700 (*)      368.089 (^)      825.071 (&)      427.656 (%) 
Cl( 1, 0) in Cl( 8, 8) CPU =        0.002 ms (setup)        0.002 (*)        0.001 (^)        0.001 (&)        0.002 (%) 
Cl( 1, 1) in Cl( 8, 8) CPU =        0.001 ms (setup)        0.002 (*)        0.002 (^)        0.002 (&)        0.002 (%) 
Cl( 2, 1) in Cl( 8, 8) CPU =        0.003 ms (setup)        0.004 (*)        0.002 (^)        0.003 (&)        0.003 (%) 
Cl( 2, 2) in Cl( 8, 8) CPU =        0.003 ms (setup)        0.007 (*)        0.004 (^)        0.004 (&)        0.005 (%) 
Cl( 3, 2) in Cl( 8, 8) CPU =        0.007 ms (setup)        0.021 (*)        0.008 (^)        0.009 (&)        0.009 (%) 
Cl( 3, 3) in Cl( 8, 8) CPU =        0.012 ms (setup)        0.061 (*)        0.018 (^)        0.024 (&)        0.019 (%) 
Cl( 4, 3) in Cl( 8, 8) CPU =        0.025 ms (setup)        0.211 (*)        0.042 (^)        0.067 (&)        0.045 (%) 
Cl( 4, 4) in Cl( 8, 8) CPU =        0.048 ms (setup)        0.553 (*)        0.102 (^)        0.155 (&)        0.120 (%) 
Cl( 5, 4) in Cl( 8, 8) CPU =        0.096 ms (setup)        1.808 (*)        0.252 (^)        0.424 (&)        0.281 (%) 
Cl( 5, 5) in Cl( 8, 8) CPU =        0.188 ms (setup)        2.595 (*)        0.649 (^)        1.163 (&)        0.737 (%) 
Cl( 6, 5) in Cl( 8, 8) CPU =        0.444 ms (setup)        8.733 (*)        1.742 (^)        3.368 (&)        2.003 (%) 
Cl( 6, 6) in Cl( 8, 8) CPU =        0.860 ms (setup)       12.521 (*)        4.830 (^)        9.841 (&)        5.564 (%) 
Cl( 7, 6) in Cl( 8, 8) CPU =        1.586 ms (setup)       46.306 (*)       13.628 (^)       28.503 (&)       15.992 (%) 
Cl( 7, 7) in Cl( 8, 8) CPU =        3.369 ms (setup)       66.543 (*)       40.243 (^)       85.794 (&)       46.642 (%) 
Cl( 8, 7) in Cl( 8, 8) CPU =        6.842 ms (setup)      217.712 (*)      123.218 (^)      265.506 (&)      140.839 (%) 
Cl( 8, 8) in Cl( 8, 8) CPU =       13.687 ms (setup)      334.975 (*)      365.023 (^)      823.550 (&)      430.615 (%) 

matrix_multi<double>
Clifford algebra products test:
Fill: 0.5
Cl( 1, 0) in Cl( 1, 0) CPU =        0.007 ms (setup)        0.002 (*)        0.011 (^)        0.007 (&)        0.009 (%) 
Cl( 1, 1) in Cl( 1, 1) CPU =        0.007 ms (setup)        0.001 (*)        0.007 (^)        0.007 (&)        0.007 (%) 
Cl( 2, 1) in Cl( 2, 1) CPU =        0.008 ms (setup)        0.001 (*)        0.050 (^)        0.029 (&)        0.038 (%) 
Cl( 2, 2) in Cl( 2, 2) CPU =        0.010 ms (setup)        0.001 (*)        0.030 (^)        0.040 (&)        0.050 (%) 
Cl( 3, 2) in Cl( 3, 2) CPU =        0.035 ms (setup)        0.002 (*)        0.177 (^)        0.202 (&)        0.208 (%) 
Cl( 3, 3) in Cl( 3, 3) CPU =        0.029 ms (setup)        0.002 (*)        0.249 (^)        0.307 (&)        0.300 (%) 
Cl( 4, 3) in Cl( 4, 3) CPU =        0.079 ms (setup)        0.004 (*)        1.300 (^)        1.446 (&)        1.415 (%) 
Cl( 4, 4) in Cl( 4, 4) CPU =        0.134 ms (setup)        0.004 (*)        1.951 (^)        2.037 (&)        2.062 (%) 
Cl( 5, 4) in Cl( 5, 4) CPU =        0.313 ms (setup)        0.011 (*)        7.280 (^)        8.205 (&)        8.014 (%) 
Cl( 5, 5) in Cl( 5, 5) CPU =        0.581 ms (setup)        0.011 (*)       10.975 (^)       11.239 (&)       11.201 (%) 
Cl( 6, 5) in Cl( 6, 5) CPU =        1.387 ms (setup)        0.059 (*)       40.880 (^)       43.523 (&)       41.625 (%) 
Cl( 6, 6) in Cl( 6, 6) CPU =        2.624 ms (setup)        0.060 (*)       58.662 (^)       59.713 (&)       57.352 (%) 
Cl( 7, 6) in Cl( 7, 6) CPU =        6.096 ms (setup)        0.180 (*)      266.546 (^)      300.367 (&)      268.250 (%) 
Cl( 7, 7) in Cl( 7, 7) CPU =       12.072 ms (setup)        0.752 (*)      323.779 (^)      383.824 (&)      333.135 (%) 
Cl( 8, 7) in Cl( 8, 7) CPU =       28.904 ms (setup)        4.101 (*)     1806.505 (^)     1988.754 (&)     1628.983 (%) 
Cl( 8, 8) in Cl( 8, 8) CPU =       59.638 ms (setup)        4.094 (*)     2058.118 (^)     2448.597 (&)     2041.674 (%) 
Cl( 1, 0) in Cl( 8, 8) CPU =        0.067 ms (setup)        5.681 (*)       18.407 (^)       18.331 (&)       18.436 (%) 
Cl( 1, 1) in Cl( 8, 8) CPU =        0.142 ms (setup)        4.170 (*)       37.647 (^)       18.557 (&)       31.960 (%) 
Cl( 2, 1) in Cl( 8, 8) CPU =        0.170 ms (setup)        4.180 (*)       63.605 (^)       35.020 (&)       48.203 (%) 
Cl( 2, 2) in Cl( 8, 8) CPU =        0.321 ms (setup)        5.679 (*)       94.769 (^)       60.041 (&)       68.454 (%) 
Cl( 3, 2) in Cl( 8, 8) CPU =        1.948 ms (setup)        5.593 (*)      136.550 (^)       92.013 (&)       92.136 (%) 
Cl( 3, 3) in Cl( 8, 8) CPU =        1.401 ms (setup)        4.075 (*)      188.501 (^)      135.806 (&)      123.623 (%) 
Cl( 4, 3) in Cl( 8, 8) CPU =        1.564 ms (setup)        5.500 (*)      249.280 (^)      245.957 (&)      161.803 (%) 
Cl( 4, 4) in Cl( 8, 8) CPU =        1.774 ms (setup)        4.092 (*)      323.135 (^)      255.088 (&)      204.754 (%) 
Cl( 5, 4) in Cl( 8, 8) CPU =        2.517 ms (setup)        4.096 (*)      411.201 (^)      324.978 (&)      252.532 (%) 
Cl( 5, 5) in Cl( 8, 8) CPU =        4.412 ms (setup)        4.106 (*)      544.106 (^)      481.048 (&)      346.400 (%) 
Cl( 6, 5) in Cl( 8, 8) CPU =        8.825 ms (setup)        4.084 (*)      597.682 (^)      517.402 (&)      382.241 (%) 
Cl( 6, 6) in Cl( 8, 8) CPU =       13.313 ms (setup)        4.084 (*)      712.491 (^)      721.605 (&)      507.259 (%) 
Cl( 7, 6) in Cl( 8, 8) CPU =       27.643 ms (setup)        5.579 (*)      808.203 (^)      979.385 (&)      653.992 (%) 
Cl( 7, 7) in Cl( 8, 8) CPU =       48.927 ms (setup)        4.076 (*)     1025.130 (^)     1172.203 (&)      864.664 (%) 
Cl( 8, 7) in Cl( 8, 8) CPU =      121.855 ms (setup)        4.093 (*)     1643.417 (^)     1861.099 (&)     1504.992 (%) 
Cl( 8, 8) in Cl( 8, 8) CPU =       59.096 ms (setup)        4.091 (*)     1910.156 (^)     2449.867 (&)     1966.874 (%) 
Fill: 1
Cl( 1, 0) in Cl( 1, 0) CPU =        0.004 ms (setup)        0.002 (*)        0.011 (^)        0.008 (&)        0.011 (%) 
Cl( 1, 1) in Cl( 1, 1) CPU =        0.003 ms (setup)        0.002 (*)        0.015 (^)        0.010 (&)        0.015 (%) 
Cl( 2, 1) in Cl( 2, 1) CPU =        0.005 ms (setup)        0.001 (*)        0.054 (^)        0.044 (&)        0.054 (%) 
Cl( 2, 2) in Cl( 2, 2) CPU =        0.011 ms (setup)        0.001 (*)        0.082 (^)        0.100 (&)        0.131 (%) 
Cl( 3, 2) in Cl( 3, 2) CPU =        0.024 ms (setup)        0.002 (*)        0.341 (^)        0.295 (&)        0.244 (%) 
Cl( 3, 3) in Cl( 3, 3) CPU =        0.045 ms (setup)        0.002 (*)        0.407 (^)        0.402 (&)        0.476 (%) 
Cl( 4, 3) in Cl( 4, 3) CPU =        0.107 ms (setup)        0.004 (*)        1.689 (^)        1.742 (&)        1.676 (%) 
Cl( 4, 4) in Cl( 4, 4) CPU =        0.180 ms (setup)        0.004 (*)        2.322 (^)        2.328 (&)        2.374 (%) 
Cl( 5, 4) in Cl( 5, 4) CPU =        0.440 ms (setup)        0.011 (*)        8.478 (^)        8.826 (&)        8.616 (%) 
Cl( 5, 5) in Cl( 5, 5) CPU =        0.845 ms (setup)        0.011 (*)       12.127 (^)       12.171 (&)       12.004 (%) 
Cl( 6, 5) in Cl( 6, 5) CPU =        2.021 ms (setup)        0.064 (*)       45.348 (^)       48.047 (&)       45.506 (%) 
Cl( 6, 6) in Cl( 6, 6) CPU =        4.184 ms (setup)        0.064 (*)       61.331 (^)       65.112 (&)       62.200 (%) 
Cl( 7, 6) in Cl( 7, 6) CPU =        9.629 ms (setup)        0.625 (*)      277.325 (^)      311.575 (&)      275.820 (%) 
Cl( 7, 7) in Cl( 7, 7) CPU =       19.672 ms (setup)        0.181 (*)      361.258 (^)      401.371 (&)      360.120 (%) 
Cl( 8, 7) in Cl( 8, 7) CPU =       51.146 ms (setup)        5.665 (*)     2006.918 (^)     2035.654 (&)     1678.682 (%) 
Cl( 8, 8) in Cl( 8, 8) CPU =      101.487 ms (setup)        4.093 (*)     2159.140 (^)     2539.557 (&)     2131.122 (%) 
Cl( 1, 0) in Cl( 8, 8) CPU =        0.070 ms (setup)        4.173 (*)       36.380 (^)       18.603 (&)       32.264 (%) 
Cl( 1, 1) in Cl( 8, 8) CPU =        0.171 ms (setup)        5.673 (*)       60.144 (^)       35.505 (&)       48.448 (%) 
Cl( 2, 1) in Cl( 8, 8) CPU =        0.228 ms (setup)        4.175 (*)       93.955 (^)       58.865 (&)       67.526 (%) 
Cl( 2, 2) in Cl( 8, 8) CPU =        1.316 ms (setup)        4.113 (*)      134.781 (^)       90.371 (&)       91.175 (%) 
Cl( 3, 2) in Cl( 8, 8) CPU =        1.361 ms (setup)        4.089 (*)      183.260 (^)      131.889 (&)      118.983 (%) 
Cl( 3, 3) in Cl( 8, 8) CPU =        1.433 ms (setup)        4.083 (*)      245.044 (^)      184.586 (&)      156.280 (%) 
Cl( 4, 3) in Cl( 8, 8) CPU =        1.664 ms (setup)        4.085 (*)      325.408 (^)      249.323 (&)      200.704 (%) 
Cl( 4, 4) in Cl( 8, 8) CPU =        1.955 ms (setup)        4.096 (*)      395.899 (^)      315.622 (&)      243.659 (%) 
Cl( 5, 4) in Cl( 8, 8) CPU =        2.977 ms (setup)        4.099 (*)      481.207 (^)      400.120 (&)      293.386 (%) 
Cl( 5, 5) in Cl( 8, 8) CPU =        6.152 ms (setup)        5.546 (*)      546.198 (^)      484.783 (&)      350.065 (%) 
Cl( 6, 5) in Cl( 8, 8) CPU =       10.780 ms (setup)        4.083 (*)      644.512 (^)      605.048 (&)      432.055 (%) 
Cl( 6, 6) in Cl( 8, 8) CPU =       16.525 ms (setup)        4.074 (*)      712.364 (^)      726.861 (&)      512.655 (%) 
Cl( 7, 6) in Cl( 8, 8) CPU =       35.944 ms (setup)        4.091 (*)      934.637 (^)      988.977 (&)      722.554 (%) 
Cl( 7, 7) in Cl( 8, 8) CPU =       66.397 ms (setup)        4.085 (*)     1045.809 (^)     1186.794 (&)      918.917 (%) 
Cl( 8, 7) in Cl( 8, 8) CPU =      167.723 ms (setup)        4.097 (*)     1832.795 (^)     2042.915 (&)     1676.939 (%) 
Cl( 8, 8) in Cl( 8, 8) CPU =      101.794 ms (setup)        4.186 (*)     2151.865 (^)     2536.343 (&)     2129.077 (%) 
