
framed_multi<double>
Clifford algebra squaring test:
Fill: 0.5
Cl( 1, 0) in Cl( 1, 0) CPU =        0.040 ms (setup)        0.018 (*) 
Cl( 1, 1) in Cl( 1, 1) CPU =        0.002 ms (setup)        0.002 (*) 
Cl( 2, 1) in Cl( 2, 1) CPU =        0.003 ms (setup)        0.005 (*) 
Cl( 2, 2) in Cl( 2, 2) CPU =        0.003 ms (setup)        0.005 (*) 
Cl( 3, 2) in Cl( 3, 2) CPU =        0.008 ms (setup)        0.013 (*) 
Cl( 3, 3) in Cl( 3, 3) CPU =        0.011 ms (setup)        0.032 (*) 
Cl( 4, 3) in Cl( 4, 3) CPU =        0.017 ms (setup)        0.102 (*) 
Cl( 4, 4) in Cl( 4, 4) CPU =        0.032 ms (setup)        0.613 (*) 
Cl( 5, 4) in Cl( 5, 4) CPU =        0.066 ms (setup)        1.851 (*) 
Cl( 5, 5) in Cl( 5, 5) CPU =        0.166 ms (setup)        2.314 (*) 
Cl( 6, 5) in Cl( 6, 5) CPU =        0.241 ms (setup)        8.593 (*) 
Cl( 6, 6) in Cl( 6, 6) CPU =        0.464 ms (setup)       10.799 (*) 
Cl( 7, 6) in Cl( 7, 6) CPU =        0.977 ms (setup)       41.416 (*) 
Cl( 7, 7) in Cl( 7, 7) CPU =        1.922 ms (setup)       50.743 (*) 
Cl( 8, 7) in Cl( 8, 7) CPU =        3.902 ms (setup)      179.645 (*) 
Cl( 8, 8) in Cl( 8, 8) CPU =        7.827 ms (setup)      240.282 (*) 
Cl( 9, 8) in Cl( 9, 8) CPU =       18.094 ms (setup)      660.337 (*) 
Cl( 9, 9) in Cl( 9, 9) CPU =       37.400 ms (setup)     1217.684 (*) 
Cl(10, 9) in Cl(10, 9) CPU =       78.521 ms (setup)     4688.697 (*) 
Cl(10,10) in Cl(10,10) CPU =      153.270 ms (setup)     6737.591 (*) 
Cl(11,10) in Cl(11,10) CPU =      335.114 ms (setup)    28188.696 (*) 
Cl(11,11) in Cl(11,11) CPU =      676.812 ms (setup)    40619.795 (*) 
Fill: 1
Cl( 1, 0) in Cl( 1, 0) CPU =        0.010 ms (setup)        0.007 (*) 
Cl( 1, 1) in Cl( 1, 1) CPU =        0.002 ms (setup)        0.006 (*) 
Cl( 2, 1) in Cl( 2, 1) CPU =        0.003 ms (setup)        0.091 (*) 
Cl( 2, 2) in Cl( 2, 2) CPU =        0.006 ms (setup)        0.012 (*) 
Cl( 3, 2) in Cl( 3, 2) CPU =        0.012 ms (setup)        0.025 (*) 
Cl( 3, 3) in Cl( 3, 3) CPU =        0.013 ms (setup)        0.074 (*) 
Cl( 4, 3) in Cl( 4, 3) CPU =        0.028 ms (setup)        0.240 (*) 
Cl( 4, 4) in Cl( 4, 4) CPU =        0.058 ms (setup)        0.638 (*) 
Cl( 5, 4) in Cl( 5, 4) CPU =        0.116 ms (setup)        1.962 (*) 
Cl( 5, 5) in Cl( 5, 5) CPU =        0.211 ms (setup)        2.786 (*) 
Cl( 6, 5) in Cl( 6, 5) CPU =        0.479 ms (setup)        9.387 (*) 
Cl( 6, 6) in Cl( 6, 6) CPU =        0.785 ms (setup)       12.527 (*) 
Cl( 7, 6) in Cl( 7, 6) CPU =        1.659 ms (setup)       47.054 (*) 
Cl( 7, 7) in Cl( 7, 7) CPU =        3.476 ms (setup)       66.618 (*) 
Cl( 8, 7) in Cl( 8, 7) CPU =        6.622 ms (setup)      220.198 (*) 
Cl( 8, 8) in Cl( 8, 8) CPU =       13.541 ms (setup)      321.407 (*) 
Cl( 9, 8) in Cl( 9, 8) CPU =       27.480 ms (setup)      898.484 (*) 
Cl( 9, 9) in Cl( 9, 9) CPU =       62.477 ms (setup)     1755.176 (*) 
Cl(10, 9) in Cl(10, 9) CPU =      130.007 ms (setup)     6195.280 (*) 
Cl(10,10) in Cl(10,10) CPU =      302.159 ms (setup)    10236.301 (*) 
Cl(11,10) in Cl(11,10) CPU =      619.637 ms (setup)    38927.667 (*) 
Cl(11,11) in Cl(11,11) CPU =     1275.316 ms (setup)    66162.020 (*) 

matrix_multi<double>
Clifford algebra squaring test:
Fill: 0.5
Cl( 1, 0) in Cl( 1, 0) CPU =        0.063 ms (setup)        0.005 (*) 
Cl( 1, 1) in Cl( 1, 1) CPU =        0.009 ms (setup)        0.002 (*) 
Cl( 2, 1) in Cl( 2, 1) CPU =        0.027 ms (setup)        0.001 (*) 
Cl( 2, 2) in Cl( 2, 2) CPU =        0.017 ms (setup)        0.001 (*) 
Cl( 3, 2) in Cl( 3, 2) CPU =        0.047 ms (setup)        0.009 (*) 
Cl( 3, 3) in Cl( 3, 3) CPU =        0.050 ms (setup)        0.003 (*) 
Cl( 4, 3) in Cl( 4, 3) CPU =        0.075 ms (setup)        0.006 (*) 
Cl( 4, 4) in Cl( 4, 4) CPU =        0.136 ms (setup)        0.009 (*) 
Cl( 5, 4) in Cl( 5, 4) CPU =        0.315 ms (setup)        0.013 (*) 
Cl( 5, 5) in Cl( 5, 5) CPU =        0.596 ms (setup)        0.014 (*) 
Cl( 6, 5) in Cl( 6, 5) CPU =        1.366 ms (setup)        0.062 (*) 
Cl( 6, 6) in Cl( 6, 6) CPU =        2.822 ms (setup)        0.062 (*) 
Cl( 7, 6) in Cl( 7, 6) CPU =        6.462 ms (setup)        0.301 (*) 
Cl( 7, 7) in Cl( 7, 7) CPU =       16.335 ms (setup)        0.258 (*) 
Cl( 8, 7) in Cl( 8, 7) CPU =       32.839 ms (setup)        4.256 (*) 
Cl( 8, 8) in Cl( 8, 8) CPU =       60.751 ms (setup)        2.976 (*) 
Cl( 9, 8) in Cl( 9, 8) CPU =      147.062 ms (setup)       25.733 (*) 
Cl( 9, 9) in Cl( 9, 9) CPU =      288.343 ms (setup)       27.545 (*) 
Cl(10, 9) in Cl(10, 9) CPU =      763.681 ms (setup)      209.984 (*) 
Cl(10,10) in Cl(10,10) CPU =     1487.128 ms (setup)      218.097 (*) 
Cl(11,10) in Cl(11,10) CPU =     4255.834 ms (setup)     1694.716 (*) 
Cl(11,11) in Cl(11,11) CPU =     8324.368 ms (setup)     1637.268 (*) 
Fill: 1
Cl( 1, 0) in Cl( 1, 0) CPU =        0.021 ms (setup)        0.004 (*) 
Cl( 1, 1) in Cl( 1, 1) CPU =        0.013 ms (setup)        0.001 (*) 
Cl( 2, 1) in Cl( 2, 1) CPU =        0.015 ms (setup)        0.001 (*) 
Cl( 2, 2) in Cl( 2, 2) CPU =       20.668 ms (setup)        0.004 (*) 
Cl( 3, 2) in Cl( 3, 2) CPU =        0.047 ms (setup)        0.010 (*) 
Cl( 3, 3) in Cl( 3, 3) CPU =        0.044 ms (setup)        0.003 (*) 
Cl( 4, 3) in Cl( 4, 3) CPU =        0.106 ms (setup)        0.005 (*) 
Cl( 4, 4) in Cl( 4, 4) CPU =        0.220 ms (setup)        0.006 (*) 
Cl( 5, 4) in Cl( 5, 4) CPU =        0.450 ms (setup)        0.014 (*) 
Cl( 5, 5) in Cl( 5, 5) CPU =        0.886 ms (setup)        0.014 (*) 
Cl( 6, 5) in Cl( 6, 5) CPU =        2.125 ms (setup)        0.063 (*) 
Cl( 6, 6) in Cl( 6, 6) CPU =        4.091 ms (setup)        0.061 (*) 
Cl( 7, 6) in Cl( 7, 6) CPU =       10.407 ms (setup)        0.291 (*) 
Cl( 7, 7) in Cl( 7, 7) CPU =       24.091 ms (setup)        0.269 (*) 
Cl( 8, 7) in Cl( 8, 7) CPU =       56.062 ms (setup)        3.668 (*) 
Cl( 8, 8) in Cl( 8, 8) CPU =      102.739 ms (setup)        4.230 (*) 
Cl( 9, 8) in Cl( 9, 8) CPU =      266.448 ms (setup)       27.597 (*) 
Cl( 9, 9) in Cl( 9, 9) CPU =      530.244 ms (setup)       26.625 (*) 
Cl(10, 9) in Cl(10, 9) CPU =     1441.476 ms (setup)      208.285 (*) 
Cl(10,10) in Cl(10,10) CPU =     2927.075 ms (setup)      210.653 (*) 
Cl(11,10) in Cl(11,10) CPU =     8690.265 ms (setup)     1709.668 (*) 
Cl(11,11) in Cl(11,11) CPU =    18026.614 ms (setup)     1711.646 (*) 
