framed_multi<double,DEFAULT_LO,DEFAULT_HI,tuning_naive_p>
Clifford algebra transform test:
Fill: 0.5
Cl( 1, 0) in Cl(16, 0) CPU = mm:       1.04 (old)       5.87 (new) fm:    4208.35 (old)       0.71 (new)  diff: old: 6.43e-15 new: 0.00e+00 fm: 0.00e+00 mm: 6.43e-15
Cl( 2, 0) in Cl(16, 0) CPU = mm:       0.17 (old)       3.18 (new) fm:     133.63 (old)       0.60 (new)  diff: old: 5.10e-15 new: 3.36e-17 fm: 0.00e+00 mm: 5.10e-15
Cl( 3, 0) in Cl(16, 0) CPU = mm:       0.04 (old)       3.27 (new) fm:     135.50 (old)       0.59 (new)  diff: old: 2.68e-15 new: 0.00e+00 fm: 0.00e+00 mm: 2.68e-15
Cl( 4, 0) in Cl(16, 0) CPU = mm:       0.04 (old)       3.34 (new) fm:     135.29 (old)       0.61 (new)  diff: old: 2.34e-15 new: 6.47e-17 fm: 0.00e+00 mm: 2.35e-15
Cl( 5, 0) in Cl(16, 0) CPU = mm:       0.06 (old)       3.27 (new) fm:     135.38 (old)       0.65 (new)  diff: old: 2.83e-15 new: 2.38e-16 fm: 0.00e+00 mm: 2.82e-15
Cl( 6, 0) in Cl(16, 0) CPU = mm:       0.10 (old)       3.43 (new) fm:     134.36 (old)       0.89 (new)  diff: old: 3.08e-15 new: 1.72e-16 fm: 0.00e+00 mm: 3.15e-15
Cl( 7, 0) in Cl(16, 0) CPU = mm:       0.18 (old)       3.87 (new) fm:     134.46 (old)       1.02 (new)  diff: old: 3.97e-15 new: 1.26e-16 fm: 0.00e+00 mm: 3.98e-15
Cl( 8, 0) in Cl(16, 0) CPU = mm:       0.33 (old)       4.18 (new) fm:     138.01 (old)       1.57 (new)  diff: old: 3.04e-15 new: 1.57e-16 fm: 0.00e+00 mm: 3.04e-15
Cl( 9, 0) in Cl(16, 0) CPU = mm:       0.70 (old)       4.74 (new) fm:     137.00 (old)       2.63 (new)  diff: old: 3.16e-15 new: 2.40e-16 fm: 0.00e+00 mm: 2.95e-15
Cl(10, 0) in Cl(16, 0) CPU = mm:       1.67 (old)       7.15 (new) fm:     137.05 (old)       4.44 (new)  diff: old: 2.68e-15 new: 2.15e-16 fm: 5.10e-17 mm: 2.48e-15
Cl(11, 0) in Cl(16, 0) CPU = mm:       2.67 (old)       8.49 (new) fm:     140.06 (old)       8.41 (new)  diff: old: 2.12e-15 new: 3.56e-16 fm: 1.00e-16 mm: 1.99e-15
Cl(12, 0) in Cl(16, 0) CPU = mm:       5.34 (old)      10.63 (new) fm:     138.89 (old)      15.47 (new)  diff: old: 2.12e-15 new: 7.06e-16 fm: 1.36e-16 mm: 1.99e-15
Cl(13, 0) in Cl(16, 0) CPU = mm:      11.14 (old)      15.01 (new) fm:     142.29 (old)      30.12 (new)  diff: old: 2.23e-15 new: 1.39e-15 fm: 1.76e-16 mm: 1.36e-15
Cl(14, 0) in Cl(16, 0) CPU = mm:      23.32 (old)      23.75 (new) fm:     155.28 (old)      47.43 (new)  diff: old: 1.63e-15 new: 9.98e-16 fm: 2.30e-16 mm: 9.81e-16
Cl(15, 0) in Cl(16, 0) CPU = mm:      48.02 (old)      34.74 (new) fm:     146.12 (old)      69.76 (new)  diff: old: 1.15e-15 new: 7.50e-16 fm: 3.03e-16 mm: 7.03e-16
Cl(16, 0) in Cl(16, 0) CPU = mm:     102.65 (old)      56.65 (new) fm:     147.64 (old)     122.93 (new)  diff: old: 6.43e-16 new: 4.09e-16 fm: 4.07e-16 mm: 6.08e-16
Cl( 1, 0) in Cl( 8, 8) CPU = mm:       0.08 (old)       1.42 (new) fm:    4269.24 (old)       0.69 (new)  diff: old: 1.59e-15 new: 0.00e+00 fm: 0.00e+00 mm: 1.59e-15
Cl( 1, 1) in Cl( 8, 8) CPU = mm:       0.03 (old)       2.42 (new) fm:     151.05 (old)       0.49 (new)  diff: old: 3.96e-15 new: 0.00e+00 fm: 0.00e+00 mm: 3.96e-15
Cl( 2, 1) in Cl( 8, 8) CPU = mm:       0.04 (old)       3.33 (new) fm:     152.50 (old)       0.61 (new)  diff: old: 2.92e-15 new: 4.13e-17 fm: 0.00e+00 mm: 2.89e-15
Cl( 2, 2) in Cl( 8, 8) CPU = mm:       0.05 (old)       2.66 (new) fm:     150.83 (old)       0.60 (new)  diff: old: 8.17e-16 new: 2.79e-17 fm: 5.57e-17 mm: 7.93e-16
Cl( 3, 2) in Cl( 8, 8) CPU = mm:       0.08 (old)       2.78 (new) fm:     152.05 (old)       0.61 (new)  diff: old: 3.95e-15 new: 1.93e-16 fm: 4.45e-17 mm: 4.07e-15
Cl( 3, 3) in Cl( 8, 8) CPU = mm:       0.12 (old)       2.62 (new) fm:     152.28 (old)       0.65 (new)  diff: old: 2.47e-15 new: 1.28e-16 fm: 7.87e-17 mm: 2.46e-15
Cl( 4, 3) in Cl( 8, 8) CPU = mm:       0.17 (old)       3.21 (new) fm:     151.69 (old)       0.72 (new)  diff: old: 2.16e-15 new: 1.47e-16 fm: 8.07e-17 mm: 2.21e-15
Cl( 4, 4) in Cl( 8, 8) CPU = mm:       0.41 (old)       3.27 (new) fm:     152.11 (old)       0.91 (new)  diff: old: 8.73e-16 new: 2.05e-16 fm: 1.31e-16 mm: 8.68e-16
Cl( 5, 4) in Cl( 8, 8) CPU = mm:       0.65 (old)       3.44 (new) fm:     152.90 (old)       1.30 (new)  diff: old: 1.04e-15 new: 2.22e-16 fm: 1.16e-16 mm: 1.03e-15
Cl( 5, 5) in Cl( 8, 8) CPU = mm:       1.26 (old)       3.88 (new) fm:     152.26 (old)       2.20 (new)  diff: old: 7.03e-16 new: 2.85e-16 fm: 1.79e-16 mm: 6.79e-16
Cl( 6, 5) in Cl( 8, 8) CPU = mm:       2.81 (old)       4.52 (new) fm:     153.46 (old)       4.22 (new)  diff: old: 7.71e-16 new: 3.09e-16 fm: 1.75e-16 mm: 7.00e-16
Cl( 6, 6) in Cl( 8, 8) CPU = mm:       5.82 (old)       5.52 (new) fm:     154.55 (old)       7.92 (new)  diff: old: 5.35e-16 new: 3.86e-16 fm: 2.33e-16 mm: 5.36e-16
Cl( 7, 6) in Cl( 8, 8) CPU = mm:      12.00 (old)       8.52 (new) fm:     156.29 (old)      15.28 (new)  diff: old: 5.17e-16 new: 4.19e-16 fm: 2.32e-16 mm: 5.13e-16
Cl( 7, 7) in Cl( 8, 8) CPU = mm:      23.37 (old)      13.55 (new) fm:     156.09 (old)      31.37 (new)  diff: old: 5.32e-16 new: 5.15e-16 fm: 3.01e-16 mm: 5.10e-16
Cl( 8, 7) in Cl( 8, 8) CPU = mm:      51.60 (old)      26.02 (new) fm:     160.93 (old)      63.16 (new)  diff: old: 5.31e-16 new: 5.75e-16 fm: 3.04e-16 mm: 5.10e-16
Cl( 8, 8) in Cl( 8, 8) CPU = mm:     103.38 (old)      50.74 (new) fm:     174.86 (old)     104.80 (new)  diff: old: 6.44e-16 new: 4.07e-16 fm: 4.06e-16 mm: 6.03e-16
Cl( 1, 0) in Cl( 1, 0) CPU = mm:       0.01 (old)       0.01 (new) fm:       0.01 (old)       0.01 (new)  diff: old: 0.00e+00 new: 0.00e+00 fm: 0.00e+00 mm: 0.00e+00
Cl( 1, 1) in Cl( 1, 1) CPU = mm:       0.02 (old)       0.00 (new) fm:       0.01 (old)       0.00 (new)  diff: old: 0.00e+00 new: 0.00e+00 fm: 0.00e+00 mm: 0.00e+00
Cl( 2, 1) in Cl( 2, 1) CPU = mm:       0.01 (old)       0.01 (new) fm:       0.01 (old)       0.02 (new)  diff: old: 3.59e-17 new: 3.59e-17 fm: 0.00e+00 mm: 0.00e+00
Cl( 2, 2) in Cl( 2, 2) CPU = mm:       0.01 (old)       0.01 (new) fm:       0.01 (old)       0.01 (new)  diff: old: 5.64e-17 new: 4.57e-17 fm: 9.97e-18 mm: 4.46e-17
Cl( 3, 2) in Cl( 3, 2) CPU = mm:       0.02 (old)       0.02 (new) fm:       0.02 (old)       0.04 (new)  diff: old: 9.33e-17 new: 3.24e-17 fm: 0.00e+00 mm: 7.62e-17
Cl( 3, 3) in Cl( 3, 3) CPU = mm:       0.03 (old)       0.03 (new) fm:       0.05 (old)       0.05 (new)  diff: old: 1.07e-16 new: 1.19e-16 fm: 1.42e-16 mm: 1.67e-16
Cl( 4, 3) in Cl( 4, 3) CPU = mm:       0.06 (old)       0.07 (new) fm:       0.09 (old)       0.13 (new)  diff: old: 1.82e-16 new: 6.91e-17 fm: 8.87e-17 mm: 1.96e-16
Cl( 4, 4) in Cl( 4, 4) CPU = mm:       0.12 (old)       0.11 (new) fm:       0.18 (old)       0.19 (new)  diff: old: 1.49e-16 new: 1.40e-16 fm: 1.37e-16 mm: 1.83e-16
Cl( 5, 4) in Cl( 5, 4) CPU = mm:       0.26 (old)       0.26 (new) fm:       0.39 (old)       0.67 (new)  diff: old: 2.08e-16 new: 1.27e-16 fm: 1.33e-16 mm: 2.04e-16
Cl( 5, 5) in Cl( 5, 5) CPU = mm:       0.50 (old)       0.47 (new) fm:       0.86 (old)       1.23 (new)  diff: old: 2.40e-16 new: 1.83e-16 fm: 1.91e-16 mm: 2.61e-16
Cl( 6, 5) in Cl( 6, 5) CPU = mm:       1.22 (old)       1.12 (new) fm:       1.93 (old)       2.89 (new)  diff: old: 2.85e-16 new: 1.76e-16 fm: 1.79e-16 mm: 2.86e-16
Cl( 6, 6) in Cl( 6, 6) CPU = mm:       2.35 (old)       2.18 (new) fm:       4.00 (old)       4.71 (new)  diff: old: 3.31e-16 new: 2.39e-16 fm: 2.33e-16 mm: 3.31e-16
Cl( 7, 6) in Cl( 7, 6) CPU = mm:       7.36 (old)       5.10 (new) fm:      12.85 (old)      13.88 (new)  diff: old: 3.71e-16 new: 2.29e-16 fm: 2.30e-16 mm: 3.71e-16
Cl( 7, 7) in Cl( 7, 7) CPU = mm:      14.69 (old)      10.49 (new) fm:      26.64 (old)      22.16 (new)  diff: old: 4.56e-16 new: 3.05e-16 fm: 3.02e-16 mm: 4.40e-16
Cl( 8, 7) in Cl( 8, 7) CPU = mm:      50.74 (old)      24.61 (new) fm:      88.32 (old)      63.22 (new)  diff: old: 5.26e-16 new: 3.05e-16 fm: 3.05e-16 mm: 5.07e-16
Cl( 8, 8) in Cl( 8, 8) CPU = mm:     103.30 (old)      49.24 (new) fm:     171.85 (old)     105.40 (new)  diff: old: 6.38e-16 new: 4.09e-16 fm: 4.08e-16 mm: 6.06e-16
Fill: 1
Cl( 1, 0) in Cl(16, 0) CPU = mm:       0.07 (old)       2.27 (new) fm:     140.15 (old)       0.58 (new)  diff: old: 4.99e-15 new: 0.00e+00 fm: 0.00e+00 mm: 4.99e-15
Cl( 2, 0) in Cl(16, 0) CPU = mm:       0.04 (old)       1.36 (new) fm:     139.77 (old)       0.59 (new)  diff: old: 3.56e-15 new: 3.91e-17 fm: 0.00e+00 mm: 3.56e-15
Cl( 3, 0) in Cl(16, 0) CPU = mm:       0.05 (old)       1.36 (new) fm:     140.67 (old)       0.61 (new)  diff: old: 2.13e-15 new: 1.15e-17 fm: 0.00e+00 mm: 2.13e-15
Cl( 4, 0) in Cl(16, 0) CPU = mm:       0.07 (old)       1.37 (new) fm:     140.22 (old)       0.64 (new)  diff: old: 3.30e-15 new: 1.64e-16 fm: 0.00e+00 mm: 3.26e-15
Cl( 5, 0) in Cl(16, 0) CPU = mm:       0.11 (old)       1.41 (new) fm:     139.99 (old)       0.69 (new)  diff: old: 3.33e-15 new: 1.70e-16 fm: 0.00e+00 mm: 3.31e-15
Cl( 6, 0) in Cl(16, 0) CPU = mm:       0.24 (old)       2.18 (new) fm:     141.16 (old)       0.84 (new)  diff: old: 3.27e-15 new: 1.48e-16 fm: 0.00e+00 mm: 3.25e-15
Cl( 7, 0) in Cl(16, 0) CPU = mm:       0.37 (old)       1.68 (new) fm:     143.33 (old)       1.14 (new)  diff: old: 3.58e-15 new: 1.71e-16 fm: 0.00e+00 mm: 3.59e-15
Cl( 8, 0) in Cl(16, 0) CPU = mm:       0.74 (old)       2.28 (new) fm:     142.22 (old)       1.87 (new)  diff: old: 3.19e-15 new: 2.07e-16 fm: 0.00e+00 mm: 3.16e-15
Cl( 9, 0) in Cl(16, 0) CPU = mm:       1.37 (old)       3.15 (new) fm:     140.68 (old)       3.33 (new)  diff: old: 2.92e-15 new: 3.00e-16 fm: 0.00e+00 mm: 2.65e-15
Cl(10, 0) in Cl(16, 0) CPU = mm:       2.76 (old)       5.30 (new) fm:     141.03 (old)       5.68 (new)  diff: old: 2.55e-15 new: 3.08e-16 fm: 9.24e-17 mm: 2.31e-15
Cl(11, 0) in Cl(16, 0) CPU = mm:       5.73 (old)       7.43 (new) fm:     141.98 (old)       9.79 (new)  diff: old: 1.95e-15 new: 4.36e-16 fm: 1.36e-16 mm: 1.83e-15
Cl(12, 0) in Cl(16, 0) CPU = mm:      11.69 (old)      12.54 (new) fm:     141.68 (old)      17.52 (new)  diff: old: 2.14e-15 new: 7.81e-16 fm: 1.74e-16 mm: 2.01e-15
Cl(13, 0) in Cl(16, 0) CPU = mm:      23.92 (old)      19.29 (new) fm:     145.23 (old)      32.95 (new)  diff: old: 2.21e-15 new: 1.38e-15 fm: 2.26e-16 mm: 1.38e-15
Cl(14, 0) in Cl(16, 0) CPU = mm:      48.49 (old)      34.53 (new) fm:     147.14 (old)      50.06 (new)  diff: old: 1.55e-15 new: 1.02e-15 fm: 2.98e-16 mm: 9.83e-16
Cl(15, 0) in Cl(16, 0) CPU = mm:      99.32 (old)      53.11 (new) fm:     148.01 (old)      74.27 (new)  diff: old: 1.23e-15 new: 8.97e-16 fm: 4.07e-16 mm: 8.02e-16
Cl(16, 0) in Cl(16, 0) CPU = mm:     209.71 (old)      99.14 (new) fm:     154.69 (old)     125.23 (new)  diff: old: 7.38e-16 new: 5.53e-16 fm: 5.56e-16 mm: 7.78e-16
Cl( 1, 0) in Cl( 8, 8) CPU = mm:       0.06 (old)       1.62 (new) fm:     160.52 (old)       0.59 (new)  diff: old: 4.52e-15 new: 0.00e+00 fm: 0.00e+00 mm: 4.52e-15
Cl( 1, 1) in Cl( 8, 8) CPU = mm:       0.04 (old)       1.37 (new) fm:     160.60 (old)       0.58 (new)  diff: old: 2.02e-15 new: 0.00e+00 fm: 0.00e+00 mm: 2.01e-15
Cl( 2, 1) in Cl( 8, 8) CPU = mm:       0.05 (old)       1.39 (new) fm:     161.76 (old)       0.59 (new)  diff: old: 1.68e-15 new: 4.26e-17 fm: 0.00e+00 mm: 1.64e-15
Cl( 2, 2) in Cl( 8, 8) CPU = mm:       0.07 (old)       1.42 (new) fm:     159.82 (old)       0.61 (new)  diff: old: 1.45e-15 new: 1.48e-16 fm: 1.01e-16 mm: 1.44e-15
Cl( 3, 2) in Cl( 8, 8) CPU = mm:       0.11 (old)       1.38 (new) fm:     158.81 (old)       0.65 (new)  diff: old: 1.82e-15 new: 1.08e-16 fm: 6.92e-17 mm: 1.89e-15
Cl( 3, 3) in Cl( 8, 8) CPU = mm:       0.19 (old)       1.41 (new) fm:     160.62 (old)       0.66 (new)  diff: old: 1.34e-15 new: 1.51e-16 fm: 1.18e-16 mm: 1.30e-15
Cl( 4, 3) in Cl( 8, 8) CPU = mm:       0.34 (old)       1.48 (new) fm:     159.35 (old)       0.79 (new)  diff: old: 1.25e-15 new: 2.15e-16 fm: 1.22e-16 mm: 1.24e-15
Cl( 4, 4) in Cl( 8, 8) CPU = mm:       0.65 (old)       1.59 (new) fm:     159.58 (old)       0.99 (new)  diff: old: 9.27e-16 new: 2.63e-16 fm: 1.61e-16 mm: 9.11e-16
Cl( 5, 4) in Cl( 8, 8) CPU = mm:       1.29 (old)       1.87 (new) fm:     160.16 (old)       1.42 (new)  diff: old: 8.91e-16 new: 2.96e-16 fm: 1.89e-16 mm: 8.68e-16
Cl( 5, 5) in Cl( 8, 8) CPU = mm:       2.68 (old)       2.41 (new) fm:     159.86 (old)       2.59 (new)  diff: old: 7.33e-16 new: 3.66e-16 fm: 2.31e-16 mm: 7.02e-16
Cl( 6, 5) in Cl( 8, 8) CPU = mm:       5.80 (old)       3.67 (new) fm:     162.26 (old)       4.52 (new)  diff: old: 7.62e-16 new: 3.84e-16 fm: 2.29e-16 mm: 6.80e-16
Cl( 6, 6) in Cl( 8, 8) CPU = mm:      11.27 (old)       6.00 (new) fm:     162.79 (old)       8.03 (new)  diff: old: 5.52e-16 new: 5.04e-16 fm: 3.02e-16 mm: 5.83e-16
Cl( 7, 6) in Cl( 8, 8) CPU = mm:      24.03 (old)      10.71 (new) fm:     161.74 (old)      16.15 (new)  diff: old: 5.56e-16 new: 5.35e-16 fm: 3.07e-16 mm: 5.83e-16
Cl( 7, 7) in Cl( 8, 8) CPU = mm:      48.76 (old)      20.71 (new) fm:     168.86 (old)      33.02 (new)  diff: old: 5.83e-16 new: 7.05e-16 fm: 4.06e-16 mm: 6.11e-16
Cl( 8, 7) in Cl( 8, 8) CPU = mm:     105.01 (old)      44.95 (new) fm:     173.53 (old)      67.62 (new)  diff: old: 5.85e-16 new: 7.41e-16 fm: 4.07e-16 mm: 6.19e-16
Cl( 8, 8) in Cl( 8, 8) CPU = mm:     211.20 (old)      88.25 (new) fm:     178.47 (old)     109.25 (new)  diff: old: 7.42e-16 new: 5.54e-16 fm: 5.57e-16 mm: 7.83e-16
Cl( 1, 0) in Cl( 1, 0) CPU = mm:       0.01 (old)       0.01 (new) fm:       0.01 (old)       0.01 (new)  diff: old: 0.00e+00 new: 0.00e+00 fm: 0.00e+00 mm: 0.00e+00
Cl( 1, 1) in Cl( 1, 1) CPU = mm:       0.01 (old)       0.01 (new) fm:       0.00 (old)       0.00 (new)  diff: old: 0.00e+00 new: 0.00e+00 fm: 0.00e+00 mm: 0.00e+00
Cl( 2, 1) in Cl( 2, 1) CPU = mm:       0.01 (old)       0.02 (new) fm:       0.01 (old)       0.02 (new)  diff: old: 4.15e-17 new: 2.07e-17 fm: 0.00e+00 mm: 2.93e-17
Cl( 2, 2) in Cl( 2, 2) CPU = mm:       0.01 (old)       0.01 (new) fm:       0.01 (old)       0.01 (new)  diff: old: 6.72e-17 new: 7.99e-17 fm: 1.37e-16 mm: 1.65e-16
Cl( 3, 2) in Cl( 3, 2) CPU = mm:       0.03 (old)       0.02 (new) fm:       0.02 (old)       0.04 (new)  diff: old: 1.14e-16 new: 5.76e-17 fm: 1.15e-16 mm: 1.36e-16
Cl( 3, 3) in Cl( 3, 3) CPU = mm:       0.06 (old)       0.04 (new) fm:       0.04 (old)       0.05 (new)  diff: old: 1.39e-16 new: 7.99e-17 fm: 1.08e-16 mm: 1.70e-16
Cl( 4, 3) in Cl( 4, 3) CPU = mm:       0.12 (old)       0.08 (new) fm:       0.07 (old)       0.16 (new)  diff: old: 1.54e-16 new: 1.37e-16 fm: 1.34e-16 mm: 1.92e-16
Cl( 4, 4) in Cl( 4, 4) CPU = mm:       0.21 (old)       0.14 (new) fm:       0.25 (old)       0.21 (new)  diff: old: 1.94e-16 new: 1.64e-16 fm: 1.70e-16 mm: 2.24e-16
Cl( 5, 4) in Cl( 5, 4) CPU = mm:       0.58 (old)       0.35 (new) fm:       0.34 (old)       0.80 (new)  diff: old: 2.07e-16 new: 1.76e-16 fm: 1.70e-16 mm: 2.45e-16
Cl( 5, 5) in Cl( 5, 5) CPU = mm:       1.04 (old)       0.78 (new) fm:       0.78 (old)       1.02 (new)  diff: old: 2.77e-16 new: 2.10e-16 fm: 2.31e-16 mm: 3.18e-16
Cl( 6, 5) in Cl( 6, 5) CPU = mm:       2.71 (old)       1.67 (new) fm:       1.80 (old)       3.20 (new)  diff: old: 3.00e-16 new: 2.13e-16 fm: 2.35e-16 mm: 3.41e-16
Cl( 6, 6) in Cl( 6, 6) CPU = mm:       4.61 (old)       3.28 (new) fm:       3.83 (old)       4.92 (new)  diff: old: 3.78e-16 new: 2.95e-16 fm: 3.06e-16 mm: 4.27e-16
Cl( 7, 6) in Cl( 7, 6) CPU = mm:      15.08 (old)       8.16 (new) fm:      13.32 (old)      14.70 (new)  diff: old: 4.10e-16 new: 2.98e-16 fm: 3.04e-16 mm: 4.47e-16
Cl( 7, 7) in Cl( 7, 7) CPU = mm:      29.90 (old)      16.75 (new) fm:      27.34 (old)      23.91 (new)  diff: old: 5.32e-16 new: 4.02e-16 fm: 4.08e-16 mm: 5.65e-16
Cl( 8, 7) in Cl( 8, 7) CPU = mm:     101.61 (old)      45.20 (new) fm:      93.65 (old)      67.25 (new)  diff: old: 5.80e-16 new: 4.05e-16 fm: 4.13e-16 mm: 6.19e-16
Cl( 8, 8) in Cl( 8, 8) CPU = mm:     211.19 (old)      85.90 (new) fm:     177.25 (old)     112.93 (new)  diff: old: 7.39e-16 new: 5.57e-16 fm: 5.59e-16 mm: 7.84e-16
