expressions/expressions
	linux-vdso.so.1 (0x0000799085b3a000)
	libflexiblas.so.3 => /usr/lib/x86_64-linux-gnu/libflexiblas.so.3 (0x0000799084c00000)
	libstdc++.so.6 => /usr/lib/x86_64-linux-gnu/libstdc++.so.6 (0x0000799084800000)
	libm.so.6 => /usr/lib/x86_64-linux-gnu/libm.so.6 (0x00007990859e4000)
	libgcc_s.so.1 => /usr/lib/x86_64-linux-gnu/libgcc_s.so.1 (0x00007990859b6000)
	libc.so.6 => /usr/lib/x86_64-linux-gnu/libc.so.6 (0x0000799084400000)
	/lib64/ld-linux-x86-64.so.2 (0x0000799085b3c000)
gfft_test/gfft_test
	linux-vdso.so.1 (0x00007c5cac6f5000)
	libflexiblas.so.3 => /usr/lib/x86_64-linux-gnu/libflexiblas.so.3 (0x00007c5cabc00000)
	libstdc++.so.6 => /usr/lib/x86_64-linux-gnu/libstdc++.so.6 (0x00007c5cab800000)
	libm.so.6 => /usr/lib/x86_64-linux-gnu/libm.so.6 (0x00007c5cabada000)
	libgcc_s.so.1 => /usr/lib/x86_64-linux-gnu/libgcc_s.so.1 (0x00007c5cac3d2000)
	libc.so.6 => /usr/lib/x86_64-linux-gnu/libc.so.6 (0x00007c5cab400000)
	/lib64/ld-linux-x86-64.so.2 (0x00007c5cac6f7000)
products/products
	linux-vdso.so.1 (0x00007f84d5950000)
	libflexiblas.so.3 => /usr/lib/x86_64-linux-gnu/libflexiblas.so.3 (0x00007f84d4c00000)
	libstdc++.so.6 => /usr/lib/x86_64-linux-gnu/libstdc++.so.6 (0x00007f84d4800000)
	libm.so.6 => /usr/lib/x86_64-linux-gnu/libm.so.6 (0x00007f84d4ada000)
	libgcc_s.so.1 => /usr/lib/x86_64-linux-gnu/libgcc_s.so.1 (0x00007f84d53d2000)
	libc.so.6 => /usr/lib/x86_64-linux-gnu/libc.so.6 (0x00007f84d4400000)
	/lib64/ld-linux-x86-64.so.2 (0x00007f84d5952000)
squaring/squaring
	linux-vdso.so.1 (0x00007f018e381000)
	libflexiblas.so.3 => /usr/lib/x86_64-linux-gnu/libflexiblas.so.3 (0x00007f018d800000)
	libstdc++.so.6 => /usr/lib/x86_64-linux-gnu/libstdc++.so.6 (0x00007f018d400000)
	libm.so.6 => /usr/lib/x86_64-linux-gnu/libm.so.6 (0x00007f018d6da000)
	libgcc_s.so.1 => /usr/lib/x86_64-linux-gnu/libgcc_s.so.1 (0x00007f018e323000)
	libc.so.6 => /usr/lib/x86_64-linux-gnu/libc.so.6 (0x00007f018d000000)
	/lib64/ld-linux-x86-64.so.2 (0x00007f018e383000)
transforms/transforms
	linux-vdso.so.1 (0x0000783aa458d000)
	libflexiblas.so.3 => /usr/lib/x86_64-linux-gnu/libflexiblas.so.3 (0x0000783aa3a00000)
	libstdc++.so.6 => /usr/lib/x86_64-linux-gnu/libstdc++.so.6 (0x0000783aa3600000)
	libm.so.6 => /usr/lib/x86_64-linux-gnu/libm.so.6 (0x0000783aa38da000)
	libgcc_s.so.1 => /usr/lib/x86_64-linux-gnu/libgcc_s.so.1 (0x0000783aa452f000)
	libc.so.6 => /usr/lib/x86_64-linux-gnu/libc.so.6 (0x0000783aa3200000)
	/lib64/ld-linux-x86-64.so.2 (0x0000783aa458f000)
versor/versor
	linux-vdso.so.1 (0x000075b1adc39000)
	libflexiblas.so.3 => /usr/lib/x86_64-linux-gnu/libflexiblas.so.3 (0x000075b1ad000000)
	libstdc++.so.6 => /usr/lib/x86_64-linux-gnu/libstdc++.so.6 (0x000075b1acc00000)
	libm.so.6 => /usr/lib/x86_64-linux-gnu/libm.so.6 (0x000075b1aceda000)
	libgcc_s.so.1 => /usr/lib/x86_64-linux-gnu/libgcc_s.so.1 (0x000075b1adbdb000)
	libc.so.6 => /usr/lib/x86_64-linux-gnu/libc.so.6 (0x000075b1ac800000)
	/lib64/ld-linux-x86-64.so.2 (0x000075b1adc3b000)
