expressions/expressions
	linux-vdso.so.1 (0x0000fffee799c000)
	libflexiblas.so.3 => /lib64/libflexiblas.so.3 (0x0000fffee73a0000)
	libstdc++.so.6 => /lib64/libstdc++.so.6 (0x0000fffee70f0000)
	libm.so.6 => /lib64/libm.so.6 (0x0000fffee7020000)
	libgcc_s.so.1 => /lib64/libgcc_s.so.1 (0x0000fffee6fe0000)
	libc.so.6 => /lib64/libc.so.6 (0x0000fffee6e10000)
	libgfortran.so.5 => /lib64/libgfortran.so.5 (0x0000fffee6c40000)
	/lib/ld-linux-aarch64.so.1 (0x0000fffee79a0000)
gfft_test/gfft_test
	linux-vdso.so.1 (0x0000ffff14d0c000)
	libflexiblas.so.3 => /lib64/libflexiblas.so.3 (0x0000ffff14710000)
	libstdc++.so.6 => /lib64/libstdc++.so.6 (0x0000ffff14460000)
	libm.so.6 => /lib64/libm.so.6 (0x0000ffff14390000)
	libgcc_s.so.1 => /lib64/libgcc_s.so.1 (0x0000ffff14350000)
	libc.so.6 => /lib64/libc.so.6 (0x0000ffff14180000)
	libgfortran.so.5 => /lib64/libgfortran.so.5 (0x0000ffff13fb0000)
	/lib/ld-linux-aarch64.so.1 (0x0000ffff14d10000)
products/products
	linux-vdso.so.1 (0x0000ffff2852c000)
	libflexiblas.so.3 => /lib64/libflexiblas.so.3 (0x0000ffff27f30000)
	libstdc++.so.6 => /lib64/libstdc++.so.6 (0x0000ffff27c80000)
	libm.so.6 => /lib64/libm.so.6 (0x0000ffff27bb0000)
	libgcc_s.so.1 => /lib64/libgcc_s.so.1 (0x0000ffff27b70000)
	libc.so.6 => /lib64/libc.so.6 (0x0000ffff279a0000)
	libgfortran.so.5 => /lib64/libgfortran.so.5 (0x0000ffff277d0000)
	/lib/ld-linux-aarch64.so.1 (0x0000ffff28530000)
squaring/squaring
	linux-vdso.so.1 (0x0000ffff01afc000)
	libflexiblas.so.3 => /lib64/libflexiblas.so.3 (0x0000ffff01500000)
	libstdc++.so.6 => /lib64/libstdc++.so.6 (0x0000ffff01250000)
	libm.so.6 => /lib64/libm.so.6 (0x0000ffff01180000)
	libgcc_s.so.1 => /lib64/libgcc_s.so.1 (0x0000ffff01140000)
	libc.so.6 => /lib64/libc.so.6 (0x0000ffff00f70000)
	libgfortran.so.5 => /lib64/libgfortran.so.5 (0x0000ffff00da0000)
	/lib/ld-linux-aarch64.so.1 (0x0000ffff01b00000)
transforms/transforms
	linux-vdso.so.1 (0x0000ffff62cdc000)
	libflexiblas.so.3 => /lib64/libflexiblas.so.3 (0x0000ffff626e0000)
	libstdc++.so.6 => /lib64/libstdc++.so.6 (0x0000ffff62430000)
	libm.so.6 => /lib64/libm.so.6 (0x0000ffff62360000)
	libgcc_s.so.1 => /lib64/libgcc_s.so.1 (0x0000ffff62320000)
	libc.so.6 => /lib64/libc.so.6 (0x0000ffff62150000)
	libgfortran.so.5 => /lib64/libgfortran.so.5 (0x0000ffff61f80000)
	/lib/ld-linux-aarch64.so.1 (0x0000ffff62ce0000)
versor/versor
	linux-vdso.so.1 (0x0000fffed803c000)
	libflexiblas.so.3 => /lib64/libflexiblas.so.3 (0x0000fffed7a40000)
	libstdc++.so.6 => /lib64/libstdc++.so.6 (0x0000fffed7790000)
	libm.so.6 => /lib64/libm.so.6 (0x0000fffed76c0000)
	libgcc_s.so.1 => /lib64/libgcc_s.so.1 (0x0000fffed7680000)
	libc.so.6 => /lib64/libc.so.6 (0x0000fffed74b0000)
	libgfortran.so.5 => /lib64/libgfortran.so.5 (0x0000fffed72e0000)
	/lib/ld-linux-aarch64.so.1 (0x0000fffed8040000)
