
framed_multi<double>
Clifford algebra squaring test:
Fill: 0.5
Cl( 1, 0) in Cl( 1, 0) CPU =        0.022 ms (setup)        0.004 (*) 
Cl( 1, 1) in Cl( 1, 1) CPU =        0.001 ms (setup)        0.001 (*) 
Cl( 2, 1) in Cl( 2, 1) CPU =        0.001 ms (setup)        0.002 (*) 
Cl( 2, 2) in Cl( 2, 2) CPU =        0.001 ms (setup)        0.002 (*) 
Cl( 3, 2) in Cl( 3, 2) CPU =        0.002 ms (setup)        0.006 (*) 
Cl( 3, 3) in Cl( 3, 3) CPU =        0.003 ms (setup)        0.016 (*) 
Cl( 4, 3) in Cl( 4, 3) CPU =        0.006 ms (setup)        0.036 (*) 
Cl( 4, 4) in Cl( 4, 4) CPU =        0.013 ms (setup)        0.233 (*) 
Cl( 5, 4) in Cl( 5, 4) CPU =        0.028 ms (setup)        0.627 (*) 
Cl( 5, 5) in Cl( 5, 5) CPU =        0.057 ms (setup)        0.835 (*) 
Cl( 6, 5) in Cl( 6, 5) CPU =        0.117 ms (setup)        2.991 (*) 
Cl( 6, 6) in Cl( 6, 6) CPU =        0.230 ms (setup)        4.079 (*) 
Cl( 7, 6) in Cl( 7, 6) CPU =        0.471 ms (setup)       15.528 (*) 
Cl( 7, 7) in Cl( 7, 7) CPU =        0.968 ms (setup)       20.523 (*) 
Cl( 8, 7) in Cl( 8, 7) CPU =        1.970 ms (setup)       73.755 (*) 
Cl( 8, 8) in Cl( 8, 8) CPU =        3.915 ms (setup)      101.789 (*) 
Cl( 9, 8) in Cl( 9, 8) CPU =        8.040 ms (setup)      276.673 (*) 
Cl( 9, 9) in Cl( 9, 9) CPU =       16.503 ms (setup)      536.307 (*) 
Cl(10, 9) in Cl(10, 9) CPU =       35.098 ms (setup)     2067.057 (*) 
Cl(10,10) in Cl(10,10) CPU =       74.202 ms (setup)     3033.639 (*) 
Cl(11,10) in Cl(11,10) CPU =      150.143 ms (setup)    12411.844 (*) 
Cl(11,11) in Cl(11,11) CPU =      293.498 ms (setup)    18804.146 (*) 
Fill: 1
Cl( 1, 0) in Cl( 1, 0) CPU =        0.002 ms (setup)        0.003 (*) 
Cl( 1, 1) in Cl( 1, 1) CPU =        0.001 ms (setup)        0.002 (*) 
Cl( 2, 1) in Cl( 2, 1) CPU =        0.001 ms (setup)        0.003 (*) 
Cl( 2, 2) in Cl( 2, 2) CPU =        0.002 ms (setup)        0.005 (*) 
Cl( 3, 2) in Cl( 3, 2) CPU =        0.002 ms (setup)        0.010 (*) 
Cl( 3, 3) in Cl( 3, 3) CPU =        0.006 ms (setup)        0.024 (*) 
Cl( 4, 3) in Cl( 4, 3) CPU =        0.010 ms (setup)        0.071 (*) 
Cl( 4, 4) in Cl( 4, 4) CPU =        0.022 ms (setup)        0.237 (*) 
Cl( 5, 4) in Cl( 5, 4) CPU =        0.044 ms (setup)        0.741 (*) 
Cl( 5, 5) in Cl( 5, 5) CPU =        0.090 ms (setup)        1.081 (*) 
Cl( 6, 5) in Cl( 6, 5) CPU =        0.183 ms (setup)        3.607 (*) 
Cl( 6, 6) in Cl( 6, 6) CPU =        0.367 ms (setup)        5.409 (*) 
Cl( 7, 6) in Cl( 7, 6) CPU =        0.755 ms (setup)       18.477 (*) 
Cl( 7, 7) in Cl( 7, 7) CPU =        1.521 ms (setup)       27.810 (*) 
Cl( 8, 7) in Cl( 8, 7) CPU =        3.130 ms (setup)       92.547 (*) 
Cl( 8, 8) in Cl( 8, 8) CPU =        6.182 ms (setup)      143.834 (*) 
Cl( 9, 8) in Cl( 9, 8) CPU =       13.186 ms (setup)      391.841 (*) 
Cl( 9, 9) in Cl( 9, 9) CPU =       27.668 ms (setup)      796.491 (*) 
Cl(10, 9) in Cl(10, 9) CPU =       59.941 ms (setup)     2836.594 (*) 
Cl(10,10) in Cl(10,10) CPU =      129.048 ms (setup)     4776.083 (*) 
Cl(11,10) in Cl(11,10) CPU =      255.637 ms (setup)    17788.805 (*) 
Cl(11,11) in Cl(11,11) CPU =      490.540 ms (setup)    30996.856 (*) 

matrix_multi<double>
Clifford algebra squaring test:
Fill: 0.5
Cl( 1, 0) in Cl( 1, 0) CPU =        0.014 ms (setup)        0.002 (*) 
Cl( 1, 1) in Cl( 1, 1) CPU =        0.008 ms (setup)        0.000 (*) 
Cl( 2, 1) in Cl( 2, 1) CPU =        0.010 ms (setup)        0.001 (*) 
Cl( 2, 2) in Cl( 2, 2) CPU =        0.009 ms (setup)        0.001 (*) 
Cl( 3, 2) in Cl( 3, 2) CPU =        0.010 ms (setup)        0.005 (*) 
Cl( 3, 3) in Cl( 3, 3) CPU =        0.014 ms (setup)        0.000 (*) 
Cl( 4, 3) in Cl( 4, 3) CPU =        0.027 ms (setup)        0.001 (*) 
Cl( 4, 4) in Cl( 4, 4) CPU =        0.054 ms (setup)        0.002 (*) 
Cl( 5, 4) in Cl( 5, 4) CPU =        0.135 ms (setup)        0.004 (*) 
Cl( 5, 5) in Cl( 5, 5) CPU =        0.248 ms (setup)        0.003 (*) 
Cl( 6, 5) in Cl( 6, 5) CPU =        0.598 ms (setup)        0.017 (*) 
Cl( 6, 6) in Cl( 6, 6) CPU =        1.184 ms (setup)        0.016 (*) 
Cl( 7, 6) in Cl( 7, 6) CPU =        2.769 ms (setup)        0.069 (*) 
Cl( 7, 7) in Cl( 7, 7) CPU =        6.114 ms (setup)        0.061 (*) 
Cl( 8, 7) in Cl( 8, 7) CPU =       13.503 ms (setup)        0.239 (*) 
Cl( 8, 8) in Cl( 8, 8) CPU =       27.438 ms (setup)        0.234 (*) 
Cl( 9, 8) in Cl( 9, 8) CPU =       65.549 ms (setup)        4.211 (*) 
Cl( 9, 9) in Cl( 9, 9) CPU =      130.761 ms (setup)        2.810 (*) 
Cl(10, 9) in Cl(10, 9) CPU =      335.944 ms (setup)       43.381 (*) 
Cl(10,10) in Cl(10,10) CPU =      679.037 ms (setup)       42.202 (*) 
Cl(11,10) in Cl(11,10) CPU =     1871.454 ms (setup)      360.534 (*) 
Cl(11,11) in Cl(11,11) CPU =     3836.329 ms (setup)      360.898 (*) 
Fill: 1
Cl( 1, 0) in Cl( 1, 0) CPU =        0.006 ms (setup)        0.001 (*) 
Cl( 1, 1) in Cl( 1, 1) CPU =        0.005 ms (setup)        0.000 (*) 
Cl( 2, 1) in Cl( 2, 1) CPU =        0.008 ms (setup)        0.001 (*) 
Cl( 2, 2) in Cl( 2, 2) CPU =        0.005 ms (setup)        0.001 (*) 
Cl( 3, 2) in Cl( 3, 2) CPU =        0.009 ms (setup)        0.002 (*) 
Cl( 3, 3) in Cl( 3, 3) CPU =        0.015 ms (setup)        0.001 (*) 
Cl( 4, 3) in Cl( 4, 3) CPU =        1.010 ms (setup)        0.002 (*) 
Cl( 4, 4) in Cl( 4, 4) CPU =        2.403 ms (setup)        0.002 (*) 
Cl( 5, 4) in Cl( 5, 4) CPU =        0.201 ms (setup)        0.004 (*) 
Cl( 5, 5) in Cl( 5, 5) CPU =        0.388 ms (setup)        0.003 (*) 
Cl( 6, 5) in Cl( 6, 5) CPU =        0.939 ms (setup)        0.017 (*) 
Cl( 6, 6) in Cl( 6, 6) CPU =        1.856 ms (setup)        0.016 (*) 
Cl( 7, 6) in Cl( 7, 6) CPU =        4.508 ms (setup)        0.058 (*) 
Cl( 7, 7) in Cl( 7, 7) CPU =        9.665 ms (setup)        0.060 (*) 
Cl( 8, 7) in Cl( 8, 7) CPU =       22.956 ms (setup)        0.236 (*) 
Cl( 8, 8) in Cl( 8, 8) CPU =       46.574 ms (setup)        0.237 (*) 
Cl( 9, 8) in Cl( 9, 8) CPU =      119.323 ms (setup)        5.799 (*) 
Cl( 9, 9) in Cl( 9, 9) CPU =      241.707 ms (setup)        4.665 (*) 
Cl(10, 9) in Cl(10, 9) CPU =      666.585 ms (setup)       44.489 (*) 
Cl(10,10) in Cl(10,10) CPU =     1387.790 ms (setup)       43.098 (*) 
Cl(11,10) in Cl(11,10) CPU =     4107.861 ms (setup)      366.644 (*) 
Cl(11,11) in Cl(11,11) CPU =     8615.393 ms (setup)      361.173 (*) 
