expressions/expressions
	linux-vdso.so.1 (0x0000789297788000)
	libarmadillo.so.14 => /lib/libarmadillo.so.14 (0x0000789297737000)
	libflexiblas.so.3 => /lib/x86_64-linux-gnu/libflexiblas.so.3 (0x0000789297000000)
	libstdc++.so.6 => /lib/x86_64-linux-gnu/libstdc++.so.6 (0x0000789296c00000)
	libm.so.6 => /lib/x86_64-linux-gnu/libm.so.6 (0x0000789296f09000)
	libgcc_s.so.1 => /lib/x86_64-linux-gnu/libgcc_s.so.1 (0x0000789296edc000)
	libc.so.6 => /lib/x86_64-linux-gnu/libc.so.6 (0x0000789296800000)
	libarpack.so.2 => /lib/x86_64-linux-gnu/libarpack.so.2 (0x0000789296bae000)
	/lib64/ld-linux-x86-64.so.2 (0x000078929778a000)
	libgfortran.so.5 => /lib/x86_64-linux-gnu/libgfortran.so.5 (0x0000789296400000)
gfft_test/gfft_test
	linux-vdso.so.1 (0x00007ad0dc3ff000)
	libarmadillo.so.14 => /lib/libarmadillo.so.14 (0x00007ad0dc3ae000)
	libflexiblas.so.3 => /lib/x86_64-linux-gnu/libflexiblas.so.3 (0x00007ad0dbc00000)
	libstdc++.so.6 => /lib/x86_64-linux-gnu/libstdc++.so.6 (0x00007ad0db800000)
	libm.so.6 => /lib/x86_64-linux-gnu/libm.so.6 (0x00007ad0dbb09000)
	libgcc_s.so.1 => /lib/x86_64-linux-gnu/libgcc_s.so.1 (0x00007ad0dc37f000)
	libc.so.6 => /lib/x86_64-linux-gnu/libc.so.6 (0x00007ad0db400000)
	libarpack.so.2 => /lib/x86_64-linux-gnu/libarpack.so.2 (0x00007ad0dc32d000)
	/lib64/ld-linux-x86-64.so.2 (0x00007ad0dc401000)
	libgfortran.so.5 => /lib/x86_64-linux-gnu/libgfortran.so.5 (0x00007ad0db000000)
products/products
	linux-vdso.so.1 (0x0000765e260e5000)
	libarmadillo.so.14 => /lib/libarmadillo.so.14 (0x0000765e26094000)
	libflexiblas.so.3 => /lib/x86_64-linux-gnu/libflexiblas.so.3 (0x0000765e25800000)
	libstdc++.so.6 => /lib/x86_64-linux-gnu/libstdc++.so.6 (0x0000765e25400000)
	libm.so.6 => /lib/x86_64-linux-gnu/libm.so.6 (0x0000765e25f9d000)
	libgcc_s.so.1 => /lib/x86_64-linux-gnu/libgcc_s.so.1 (0x0000765e25f6e000)
	libc.so.6 => /lib/x86_64-linux-gnu/libc.so.6 (0x0000765e25000000)
	libarpack.so.2 => /lib/x86_64-linux-gnu/libarpack.so.2 (0x0000765e25f1c000)
	/lib64/ld-linux-x86-64.so.2 (0x0000765e260e7000)
	libgfortran.so.5 => /lib/x86_64-linux-gnu/libgfortran.so.5 (0x0000765e24c00000)
squaring/squaring
	linux-vdso.so.1 (0x00007f48667a4000)
	libarmadillo.so.14 => /lib/libarmadillo.so.14 (0x00007f4866753000)
	libflexiblas.so.3 => /lib/x86_64-linux-gnu/libflexiblas.so.3 (0x00007f4866000000)
	libstdc++.so.6 => /lib/x86_64-linux-gnu/libstdc++.so.6 (0x00007f4865c00000)
	libm.so.6 => /lib/x86_64-linux-gnu/libm.so.6 (0x00007f4865f09000)
	libgcc_s.so.1 => /lib/x86_64-linux-gnu/libgcc_s.so.1 (0x00007f4866724000)
	libc.so.6 => /lib/x86_64-linux-gnu/libc.so.6 (0x00007f4865800000)
	libarpack.so.2 => /lib/x86_64-linux-gnu/libarpack.so.2 (0x00007f4865eb7000)
	/lib64/ld-linux-x86-64.so.2 (0x00007f48667a6000)
	libgfortran.so.5 => /lib/x86_64-linux-gnu/libgfortran.so.5 (0x00007f4865400000)
transforms/transforms
	linux-vdso.so.1 (0x00007c1c86970000)
	libarmadillo.so.14 => /lib/libarmadillo.so.14 (0x00007c1c8691f000)
	libflexiblas.so.3 => /lib/x86_64-linux-gnu/libflexiblas.so.3 (0x00007c1c86200000)
	libstdc++.so.6 => /lib/x86_64-linux-gnu/libstdc++.so.6 (0x00007c1c85e00000)
	libm.so.6 => /lib/x86_64-linux-gnu/libm.so.6 (0x00007c1c86109000)
	libgcc_s.so.1 => /lib/x86_64-linux-gnu/libgcc_s.so.1 (0x00007c1c860dc000)
	libc.so.6 => /lib/x86_64-linux-gnu/libc.so.6 (0x00007c1c85a00000)
	libarpack.so.2 => /lib/x86_64-linux-gnu/libarpack.so.2 (0x00007c1c85dae000)
	/lib64/ld-linux-x86-64.so.2 (0x00007c1c86972000)
	libgfortran.so.5 => /lib/x86_64-linux-gnu/libgfortran.so.5 (0x00007c1c85600000)
versor/versor
	linux-vdso.so.1 (0x00007cf47252a000)
	libarmadillo.so.14 => /lib/libarmadillo.so.14 (0x00007cf4724d9000)
	libflexiblas.so.3 => /lib/x86_64-linux-gnu/libflexiblas.so.3 (0x00007cf471c00000)
	libstdc++.so.6 => /lib/x86_64-linux-gnu/libstdc++.so.6 (0x00007cf471800000)
	libm.so.6 => /lib/x86_64-linux-gnu/libm.so.6 (0x00007cf4723e2000)
	libgcc_s.so.1 => /lib/x86_64-linux-gnu/libgcc_s.so.1 (0x00007cf4723b3000)
	libc.so.6 => /lib/x86_64-linux-gnu/libc.so.6 (0x00007cf471400000)
	libarpack.so.2 => /lib/x86_64-linux-gnu/libarpack.so.2 (0x00007cf472361000)
	/lib64/ld-linux-x86-64.so.2 (0x00007cf47252c000)
	libgfortran.so.5 => /lib/x86_64-linux-gnu/libgfortran.so.5 (0x00007cf471000000)
