
framed_multi<double>
Clifford algebra squaring test:
Fill: 0.5
Cl( 1, 0) in Cl( 1, 0) CPU =        0.082 ms (setup)        0.013 (*) 
Cl( 1, 1) in Cl( 1, 1) CPU =        0.002 ms (setup)        0.002 (*) 
Cl( 2, 1) in Cl( 2, 1) CPU =        0.002 ms (setup)        0.008 (*) 
Cl( 2, 2) in Cl( 2, 2) CPU =        0.003 ms (setup)        0.006 (*) 
Cl( 3, 2) in Cl( 3, 2) CPU =        0.004 ms (setup)        0.013 (*) 
Cl( 3, 3) in Cl( 3, 3) CPU =        0.012 ms (setup)        0.126 (*) 
Cl( 4, 3) in Cl( 4, 3) CPU =        0.018 ms (setup)        0.114 (*) 
Cl( 4, 4) in Cl( 4, 4) CPU =        0.034 ms (setup)        0.572 (*) 
Cl( 5, 4) in Cl( 5, 4) CPU =        0.069 ms (setup)        1.959 (*) 
Cl( 5, 5) in Cl( 5, 5) CPU =        0.230 ms (setup)        2.399 (*) 
Cl( 6, 5) in Cl( 6, 5) CPU =        0.266 ms (setup)        8.408 (*) 
Cl( 6, 6) in Cl( 6, 6) CPU =        0.490 ms (setup)       11.103 (*) 
Cl( 7, 6) in Cl( 7, 6) CPU =        1.000 ms (setup)       43.327 (*) 
Cl( 7, 7) in Cl( 7, 7) CPU =        1.982 ms (setup)       54.086 (*) 
Cl( 8, 7) in Cl( 8, 7) CPU =        4.344 ms (setup)      191.857 (*) 
Cl( 8, 8) in Cl( 8, 8) CPU =        8.743 ms (setup)      256.568 (*) 
Cl( 9, 8) in Cl( 9, 8) CPU =       17.974 ms (setup)      699.747 (*) 
Cl( 9, 9) in Cl( 9, 9) CPU =       39.622 ms (setup)     1301.701 (*) 
Cl(10, 9) in Cl(10, 9) CPU =       82.299 ms (setup)     4990.062 (*) 
Cl(10,10) in Cl(10,10) CPU =      161.130 ms (setup)     7075.305 (*) 
Cl(11,10) in Cl(11,10) CPU =      352.987 ms (setup)    29197.975 (*) 
Cl(11,11) in Cl(11,11) CPU =      721.709 ms (setup)    42984.568 (*) 
Fill: 1
Cl( 1, 0) in Cl( 1, 0) CPU =        0.010 ms (setup)        0.006 (*) 
Cl( 1, 1) in Cl( 1, 1) CPU =        0.002 ms (setup)        0.006 (*) 
Cl( 2, 1) in Cl( 2, 1) CPU =        0.003 ms (setup)        0.005 (*) 
Cl( 2, 2) in Cl( 2, 2) CPU =        0.005 ms (setup)        0.011 (*) 
Cl( 3, 2) in Cl( 3, 2) CPU =        0.009 ms (setup)        0.025 (*) 
Cl( 3, 3) in Cl( 3, 3) CPU =        0.014 ms (setup)        0.073 (*) 
Cl( 4, 3) in Cl( 4, 3) CPU =        0.030 ms (setup)        0.231 (*) 
Cl( 4, 4) in Cl( 4, 4) CPU =        0.055 ms (setup)        0.613 (*) 
Cl( 5, 4) in Cl( 5, 4) CPU =        0.111 ms (setup)        1.936 (*) 
Cl( 5, 5) in Cl( 5, 5) CPU =        0.214 ms (setup)        2.776 (*) 
Cl( 6, 5) in Cl( 6, 5) CPU =        0.423 ms (setup)        9.809 (*) 
Cl( 6, 6) in Cl( 6, 6) CPU =        1.019 ms (setup)       14.679 (*) 
Cl( 7, 6) in Cl( 7, 6) CPU =        1.905 ms (setup)       50.283 (*) 
Cl( 7, 7) in Cl( 7, 7) CPU =        3.395 ms (setup)       70.199 (*) 
Cl( 8, 7) in Cl( 8, 7) CPU =        6.975 ms (setup)      228.285 (*) 
Cl( 8, 8) in Cl( 8, 8) CPU =       14.202 ms (setup)      340.647 (*) 
Cl( 9, 8) in Cl( 9, 8) CPU =       29.553 ms (setup)      941.893 (*) 
Cl( 9, 9) in Cl( 9, 9) CPU =       61.623 ms (setup)     1810.881 (*) 
Cl(10, 9) in Cl(10, 9) CPU =      131.674 ms (setup)     6500.644 (*) 
Cl(10,10) in Cl(10,10) CPU =      307.007 ms (setup)    10636.354 (*) 
Cl(11,10) in Cl(11,10) CPU =      648.764 ms (setup)    39756.595 (*) 
Cl(11,11) in Cl(11,11) CPU =     1343.729 ms (setup)    67374.217 (*) 

matrix_multi<double>
Clifford algebra squaring test:
Fill: 0.5
Cl( 1, 0) in Cl( 1, 0) CPU =        0.043 ms (setup)        0.003 (*) 
Cl( 1, 1) in Cl( 1, 1) CPU =        0.006 ms (setup)        0.001 (*) 
Cl( 2, 1) in Cl( 2, 1) CPU =        0.024 ms (setup)        0.002 (*) 
Cl( 2, 2) in Cl( 2, 2) CPU =        0.020 ms (setup)        0.002 (*) 
Cl( 3, 2) in Cl( 3, 2) CPU =        0.055 ms (setup)        0.009 (*) 
Cl( 3, 3) in Cl( 3, 3) CPU =        0.047 ms (setup)        0.003 (*) 
Cl( 4, 3) in Cl( 4, 3) CPU =        0.076 ms (setup)        0.006 (*) 
Cl( 4, 4) in Cl( 4, 4) CPU =        0.150 ms (setup)        0.009 (*) 
Cl( 5, 4) in Cl( 5, 4) CPU =        0.366 ms (setup)        0.014 (*) 
Cl( 5, 5) in Cl( 5, 5) CPU =        0.643 ms (setup)        0.013 (*) 
Cl( 6, 5) in Cl( 6, 5) CPU =        1.557 ms (setup)        0.065 (*) 
Cl( 6, 6) in Cl( 6, 6) CPU =        3.143 ms (setup)        0.068 (*) 
Cl( 7, 6) in Cl( 7, 6) CPU =        7.359 ms (setup)        0.280 (*) 
Cl( 7, 7) in Cl( 7, 7) CPU =       17.451 ms (setup)        0.618 (*) 
Cl( 8, 7) in Cl( 8, 7) CPU =       34.519 ms (setup)        2.133 (*) 
Cl( 8, 8) in Cl( 8, 8) CPU =       65.502 ms (setup)        1.492 (*) 
Cl( 9, 8) in Cl( 9, 8) CPU =      156.932 ms (setup)       26.220 (*) 
Cl( 9, 9) in Cl( 9, 9) CPU =      301.444 ms (setup)       25.735 (*) 
Cl(10, 9) in Cl(10, 9) CPU =      775.999 ms (setup)      212.502 (*) 
Cl(10,10) in Cl(10,10) CPU =     1532.227 ms (setup)      214.110 (*) 
Cl(11,10) in Cl(11,10) CPU =     4212.997 ms (setup)     1640.484 (*) 
Cl(11,11) in Cl(11,11) CPU =     8374.775 ms (setup)     1646.576 (*) 
Fill: 1
Cl( 1, 0) in Cl( 1, 0) CPU =        1.055 ms (setup)        0.004 (*) 
Cl( 1, 1) in Cl( 1, 1) CPU =        0.013 ms (setup)        0.001 (*) 
Cl( 2, 1) in Cl( 2, 1) CPU =        0.017 ms (setup)        0.002 (*) 
Cl( 2, 2) in Cl( 2, 2) CPU =       35.641 ms (setup)        0.005 (*) 
Cl( 3, 2) in Cl( 3, 2) CPU =        0.047 ms (setup)        0.009 (*) 
Cl( 3, 3) in Cl( 3, 3) CPU =        0.046 ms (setup)        0.003 (*) 
Cl( 4, 3) in Cl( 4, 3) CPU =        0.118 ms (setup)        0.099 (*) 
Cl( 4, 4) in Cl( 4, 4) CPU =        0.218 ms (setup)        0.005 (*) 
Cl( 5, 4) in Cl( 5, 4) CPU =        0.483 ms (setup)        0.014 (*) 
Cl( 5, 5) in Cl( 5, 5) CPU =        1.065 ms (setup)        0.014 (*) 
Cl( 6, 5) in Cl( 6, 5) CPU =        2.490 ms (setup)        0.066 (*) 
Cl( 6, 6) in Cl( 6, 6) CPU =        4.711 ms (setup)        0.065 (*) 
Cl( 7, 6) in Cl( 7, 6) CPU =       10.528 ms (setup)        0.488 (*) 
Cl( 7, 7) in Cl( 7, 7) CPU =       24.653 ms (setup)        0.242 (*) 
Cl( 8, 7) in Cl( 8, 7) CPU =       53.829 ms (setup)        2.782 (*) 
Cl( 8, 8) in Cl( 8, 8) CPU =      110.233 ms (setup)        4.025 (*) 
Cl( 9, 8) in Cl( 9, 8) CPU =      267.384 ms (setup)       28.418 (*) 
Cl( 9, 9) in Cl( 9, 9) CPU =      533.338 ms (setup)       28.324 (*) 
Cl(10, 9) in Cl(10, 9) CPU =     1447.412 ms (setup)      213.506 (*) 
Cl(10,10) in Cl(10,10) CPU =     2926.469 ms (setup)      214.602 (*) 
Cl(11,10) in Cl(11,10) CPU =     8507.263 ms (setup)     1709.387 (*) 
Cl(11,11) in Cl(11,11) CPU =    17972.167 ms (setup)     1643.072 (*) 
