
framed_multi<float,-4,4>
Clifford algebra expressions test:
Fill: 0.5
Cl( 1, 0) in Cl( 1, 0) CPU =        0.001 ms (setup)        0.001 (comm)        0.005 (pade)        0.001 (series)        0.001 (mix)        0.001 (add) 
Cl( 1, 1) in Cl( 1, 1) CPU =        0.001 ms (setup)        0.001 (comm)        0.005 (pade)        0.001 (series)        0.001 (mix)        0.001 (add) 
Cl( 2, 1) in Cl( 2, 1) CPU =        0.001 ms (setup)        0.003 (comm)        0.009 (pade)        0.004 (series)        0.001 (mix)        0.001 (add) 
Cl( 2, 2) in Cl( 2, 2) CPU =        0.001 ms (setup)        0.005 (comm)        0.009 (pade)        0.005 (series)        0.002 (mix)        0.001 (add) 
Cl( 3, 2) in Cl( 3, 2) CPU =        0.002 ms (setup)        0.011 (comm)        0.033 (pade)        0.010 (series)        0.003 (mix)        0.002 (add) 
Cl( 3, 3) in Cl( 3, 3) CPU =        0.006 ms (setup)        0.026 (comm)        0.040 (pade)        0.489 (series)        0.007 (mix)        0.002 (add) 
Cl( 4, 3) in Cl( 4, 3) CPU =        0.012 ms (setup)        0.070 (comm)        0.402 (pade)        0.106 (series)        0.019 (mix)        0.007 (add) 
Cl( 4, 4) in Cl( 4, 4) CPU =        0.026 ms (setup)        0.452 (comm)        0.700 (pade)        0.719 (series)        0.088 (mix)        0.015 (add) 
Cl( 1, 0) in Cl( 4, 4) CPU =        0.000 ms (setup)        0.001 (comm)        0.005 (pade)        0.001 (series)        0.001 (mix)        0.001 (add) 
Cl( 1, 1) in Cl( 4, 4) CPU =        0.001 ms (setup)        0.002 (comm)        0.004 (pade)        0.002 (series)        0.001 (mix)        0.001 (add) 
Cl( 2, 1) in Cl( 4, 4) CPU =        0.001 ms (setup)        0.003 (comm)        0.008 (pade)        0.003 (series)        0.001 (mix)        0.001 (add) 
Cl( 2, 2) in Cl( 4, 4) CPU =        0.001 ms (setup)        0.005 (comm)        0.009 (pade)        0.005 (series)        0.002 (mix)        0.001 (add) 
Cl( 3, 2) in Cl( 4, 4) CPU =        0.002 ms (setup)        0.011 (comm)        0.032 (pade)        0.012 (series)        0.004 (mix)        0.002 (add) 
Cl( 3, 3) in Cl( 4, 4) CPU =        0.420 ms (setup)        0.026 (comm)        0.040 (pade)        0.487 (series)        0.007 (mix)        0.003 (add) 
Cl( 4, 3) in Cl( 4, 4) CPU =        0.013 ms (setup)        0.062 (comm)        0.393 (pade)        0.102 (series)        0.017 (mix)        0.005 (add) 
Cl( 4, 4) in Cl( 4, 4) CPU =        0.026 ms (setup)        0.443 (comm)        0.689 (pade)        0.720 (series)        0.088 (mix)        0.015 (add) 
Fill: 1
Cl( 1, 0) in Cl( 1, 0) CPU =        0.001 ms (setup)        0.002 (comm)        0.004 (pade)        0.002 (series)        0.001 (mix)        0.001 (add) 
Cl( 1, 1) in Cl( 1, 1) CPU =        0.001 ms (setup)        0.002 (comm)        0.005 (pade)        0.003 (series)        0.001 (mix)        0.001 (add) 
Cl( 2, 1) in Cl( 2, 1) CPU =        0.001 ms (setup)        0.004 (comm)        0.008 (pade)        0.004 (series)        0.001 (mix)        0.001 (add) 
Cl( 2, 2) in Cl( 2, 2) CPU =        0.001 ms (setup)        0.006 (comm)        0.011 (pade)        0.007 (series)        0.002 (mix)        0.001 (add) 
Cl( 3, 2) in Cl( 3, 2) CPU =        0.004 ms (setup)        0.727 (comm)        0.032 (pade)        0.019 (series)        0.005 (mix)        0.249 (add) 
Cl( 3, 3) in Cl( 3, 3) CPU =        0.007 ms (setup)        0.042 (comm)        0.044 (pade)        0.524 (series)        0.011 (mix)        0.004 (add) 
Cl( 4, 3) in Cl( 4, 3) CPU =        0.017 ms (setup)        0.122 (comm)        0.416 (pade)        0.183 (series)        0.029 (mix)        0.007 (add) 
Cl( 4, 4) in Cl( 4, 4) CPU =        0.034 ms (setup)        0.489 (comm)        0.711 (pade)        0.803 (series)        0.081 (mix)        0.021 (add) 
Cl( 1, 0) in Cl( 4, 4) CPU =        0.001 ms (setup)        0.002 (comm)        0.005 (pade)        0.002 (series)        0.001 (mix)        0.001 (add) 
Cl( 1, 1) in Cl( 4, 4) CPU =        0.001 ms (setup)        0.002 (comm)        0.005 (pade)        0.002 (series)        0.001 (mix)        0.001 (add) 
Cl( 2, 1) in Cl( 4, 4) CPU =        0.001 ms (setup)        0.003 (comm)        0.009 (pade)        0.004 (series)        0.001 (mix)        0.001 (add) 
Cl( 2, 2) in Cl( 4, 4) CPU =        0.001 ms (setup)        0.006 (comm)        0.011 (pade)        0.007 (series)        0.002 (mix)        0.001 (add) 
Cl( 3, 2) in Cl( 4, 4) CPU =        0.004 ms (setup)        0.719 (comm)        0.032 (pade)        0.020 (series)        0.005 (mix)        0.002 (add) 
Cl( 3, 3) in Cl( 4, 4) CPU =        0.007 ms (setup)        0.042 (comm)        0.044 (pade)        0.528 (series)        0.011 (mix)        0.004 (add) 
Cl( 4, 3) in Cl( 4, 4) CPU =        0.015 ms (setup)        0.123 (comm)        0.838 (pade)        0.183 (series)        0.030 (mix)        0.007 (add) 
Cl( 4, 4) in Cl( 4, 4) CPU =        0.034 ms (setup)        0.489 (comm)        0.710 (pade)        0.804 (series)        0.081 (mix)        0.020 (add) 

matrix_multi<float,-4,4>
Clifford algebra expressions test:
Fill: 0.5
Cl( 1, 0) in Cl( 1, 0) CPU =        0.001 ms (setup)        0.003 (comm)        0.003 (pade)        0.001 (series)        0.002 (mix)        0.001 (add) 
Cl( 1, 1) in Cl( 1, 1) CPU =        0.001 ms (setup)        0.006 (comm)        0.003 (pade)        0.001 (series)        0.006 (mix)        0.000 (add) 
Cl( 2, 1) in Cl( 2, 1) CPU =        0.002 ms (setup)        0.416 (comm)        0.005 (pade)        0.001 (series)        0.168 (mix)        0.000 (add) 
Cl( 2, 2) in Cl( 2, 2) CPU =        0.003 ms (setup)        0.034 (comm)        0.004 (pade)        0.001 (series)        0.298 (mix)        0.000 (add) 
Cl( 3, 2) in Cl( 3, 2) CPU =        0.009 ms (setup)        0.118 (comm)        0.005 (pade)        0.001 (series)        0.115 (mix)        0.000 (add) 
Cl( 3, 3) in Cl( 3, 3) CPU =        0.021 ms (setup)        0.196 (comm)        0.005 (pade)        0.002 (series)        0.189 (mix)        0.001 (add) 
Cl( 4, 3) in Cl( 4, 3) CPU =        0.051 ms (setup)        0.928 (comm)        0.009 (pade)        0.004 (series)        0.909 (mix)        0.001 (add) 
Cl( 4, 4) in Cl( 4, 4) CPU =        0.104 ms (setup)        1.456 (comm)        0.009 (pade)        0.004 (series)        1.427 (mix)        0.001 (add) 
Cl( 1, 0) in Cl( 4, 4) CPU =        0.002 ms (setup)        0.028 (comm)        0.007 (pade)        0.004 (series)        0.026 (mix)        0.001 (add) 
Cl( 1, 1) in Cl( 4, 4) CPU =        0.003 ms (setup)        0.049 (comm)        0.008 (pade)        0.004 (series)        0.220 (mix)        0.001 (add) 
Cl( 2, 1) in Cl( 4, 4) CPU =        0.007 ms (setup)        0.081 (comm)        0.009 (pade)        0.004 (series)        0.078 (mix)        0.000 (add) 
Cl( 2, 2) in Cl( 4, 4) CPU =        0.011 ms (setup)        0.098 (comm)        0.009 (pade)        0.003 (series)        0.095 (mix)        0.000 (add) 
Cl( 3, 2) in Cl( 4, 4) CPU =        0.035 ms (setup)        0.203 (comm)        0.009 (pade)        0.004 (series)        0.198 (mix)        0.001 (add) 
Cl( 3, 3) in Cl( 4, 4) CPU =        0.072 ms (setup)        0.307 (comm)        0.009 (pade)        0.004 (series)        0.297 (mix)        0.000 (add) 
Cl( 4, 3) in Cl( 4, 4) CPU =        0.190 ms (setup)        0.972 (comm)        0.009 (pade)        0.004 (series)        0.953 (mix)        0.001 (add) 
Cl( 4, 4) in Cl( 4, 4) CPU =        0.101 ms (setup)        1.450 (comm)        0.009 (pade)        0.004 (series)        1.435 (mix)        0.000 (add) 
Fill: 1
Cl( 1, 0) in Cl( 1, 0) CPU =        0.001 ms (setup)        0.005 (comm)        0.004 (pade)        0.001 (series)        0.005 (mix)        0.001 (add) 
Cl( 1, 1) in Cl( 1, 1) CPU =        0.001 ms (setup)        0.008 (comm)        0.003 (pade)        0.001 (series)        0.007 (mix)        0.000 (add) 
Cl( 2, 1) in Cl( 2, 1) CPU =        0.002 ms (setup)        0.443 (comm)        0.005 (pade)        0.001 (series)        0.206 (mix)        0.001 (add) 
Cl( 2, 2) in Cl( 2, 2) CPU =        0.005 ms (setup)        0.043 (comm)        0.004 (pade)        0.001 (series)        0.307 (mix)        0.000 (add) 
Cl( 3, 2) in Cl( 3, 2) CPU =        0.012 ms (setup)        0.159 (comm)        0.005 (pade)        0.002 (series)        0.155 (mix)        0.001 (add) 
Cl( 3, 3) in Cl( 3, 3) CPU =        0.024 ms (setup)        0.251 (comm)        0.005 (pade)        0.002 (series)        0.246 (mix)        0.000 (add) 
Cl( 4, 3) in Cl( 4, 3) CPU =        0.066 ms (setup)        1.065 (comm)        0.009 (pade)        0.004 (series)        1.052 (mix)        0.000 (add) 
Cl( 4, 4) in Cl( 4, 4) CPU =        0.130 ms (setup)        1.625 (comm)        0.010 (pade)        0.004 (series)        1.607 (mix)        0.001 (add) 
Cl( 1, 0) in Cl( 4, 4) CPU =        0.003 ms (setup)        0.047 (comm)        0.007 (pade)        0.004 (series)        0.044 (mix)        0.001 (add) 
Cl( 1, 1) in Cl( 4, 4) CPU =        0.004 ms (setup)        0.064 (comm)        0.008 (pade)        0.004 (series)        0.351 (mix)        0.000 (add) 
Cl( 2, 1) in Cl( 4, 4) CPU =        0.008 ms (setup)        0.092 (comm)        0.009 (pade)        0.004 (series)        0.089 (mix)        0.001 (add) 
Cl( 2, 2) in Cl( 4, 4) CPU =        0.019 ms (setup)        0.135 (comm)        0.009 (pade)        0.004 (series)        0.130 (mix)        0.000 (add) 
Cl( 3, 2) in Cl( 4, 4) CPU =        0.048 ms (setup)        0.254 (comm)        0.009 (pade)        0.004 (series)        0.248 (mix)        0.001 (add) 
Cl( 3, 3) in Cl( 4, 4) CPU =        0.085 ms (setup)        0.390 (comm)        0.009 (pade)        0.004 (series)        0.386 (mix)        0.000 (add) 
Cl( 4, 3) in Cl( 4, 4) CPU =        0.229 ms (setup)        1.135 (comm)        0.009 (pade)        0.004 (series)        1.124 (mix)        0.001 (add) 
Cl( 4, 4) in Cl( 4, 4) CPU =        0.126 ms (setup)        1.629 (comm)        0.009 (pade)        0.004 (series)        1.614 (mix)        0.001 (add) 

framed_multi<double>
Clifford algebra expressions test:
Fill: 0.5
Cl( 1, 0) in Cl( 1, 0) CPU =        0.001 ms (setup)        0.001 (comm)        0.005 (pade)        0.001 (series)        0.001 (mix)        0.001 (add) 
Cl( 1, 1) in Cl( 1, 1) CPU =        0.001 ms (setup)        0.001 (comm)        0.005 (pade)        0.000 (series)        0.001 (mix)        0.001 (add) 
Cl( 2, 1) in Cl( 2, 1) CPU =        0.001 ms (setup)        0.004 (comm)        0.303 (pade)        0.004 (series)        0.001 (mix)        0.001 (add) 
Cl( 2, 2) in Cl( 2, 2) CPU =        0.002 ms (setup)        0.005 (comm)        0.009 (pade)        0.007 (series)        0.002 (mix)        0.001 (add) 
Cl( 3, 2) in Cl( 3, 2) CPU =        0.003 ms (setup)        0.480 (comm)        0.033 (pade)        0.013 (series)        0.004 (mix)        0.002 (add) 
Cl( 3, 3) in Cl( 3, 3) CPU =        0.428 ms (setup)        0.036 (comm)        0.041 (pade)        0.497 (series)        0.009 (mix)        0.002 (add) 
Cl( 4, 3) in Cl( 4, 3) CPU =        0.013 ms (setup)        0.101 (comm)        0.547 (pade)        0.138 (series)        0.034 (mix)        0.005 (add) 
Cl( 4, 4) in Cl( 4, 4) CPU =        0.026 ms (setup)        0.444 (comm)        0.695 (pade)        0.699 (series)        0.107 (mix)        0.008 (add) 
Cl( 5, 4) in Cl( 5, 4) CPU =        0.054 ms (setup)        1.526 (comm)        1.174 (pade)        2.537 (series)        0.300 (mix)        0.015 (add) 
Cl( 5, 5) in Cl( 5, 5) CPU =        0.114 ms (setup)        2.575 (comm)        1.468 (pade)        3.619 (series)        0.843 (mix)        0.028 (add) 
Cl( 6, 5) in Cl( 6, 5) CPU =        0.234 ms (setup)        8.507 (comm)        3.916 (pade)       12.892 (series)        2.340 (mix)        0.062 (add) 
Cl( 6, 6) in Cl( 6, 6) CPU =        0.482 ms (setup)       15.117 (comm)        5.226 (pade)       18.128 (series)        6.713 (mix)        0.134 (add) 
Cl( 7, 6) in Cl( 7, 6) CPU =        0.974 ms (setup)       50.148 (comm)       16.669 (pade)       65.023 (series)       19.579 (mix)        0.304 (add) 
Cl( 7, 7) in Cl( 7, 7) CPU =        1.976 ms (setup)       99.105 (comm)       23.339 (pade)       91.427 (series)       57.670 (mix)        0.624 (add) 
Cl( 8, 7) in Cl( 8, 7) CPU =        3.989 ms (setup)      315.305 (comm)       82.106 (pade)      318.072 (series)      168.156 (mix)        1.298 (add) 
Cl( 8, 8) in Cl( 8, 8) CPU =        8.026 ms (setup)      711.171 (comm)      117.859 (pade)      457.471 (series)      507.327 (mix)        2.801 (add) 
Cl( 1, 0) in Cl( 8, 8) CPU =        0.001 ms (setup)        0.001 (comm)        0.002 (pade)        0.001 (series)        0.001 (mix)        0.001 (add) 
Cl( 1, 1) in Cl( 8, 8) CPU =        0.001 ms (setup)        0.001 (comm)        0.005 (pade)        0.001 (series)        0.000 (mix)        0.001 (add) 
Cl( 2, 1) in Cl( 8, 8) CPU =        0.001 ms (setup)        0.003 (comm)        0.009 (pade)        0.003 (series)        0.001 (mix)        0.001 (add) 
Cl( 2, 2) in Cl( 8, 8) CPU =        0.002 ms (setup)        0.005 (comm)        0.009 (pade)        0.007 (series)        0.002 (mix)        0.001 (add) 
Cl( 3, 2) in Cl( 8, 8) CPU =        0.003 ms (setup)        0.590 (comm)        0.026 (pade)        0.011 (series)        0.003 (mix)        0.001 (add) 
Cl( 3, 3) in Cl( 8, 8) CPU =        0.006 ms (setup)        0.036 (comm)        0.041 (pade)        0.496 (series)        0.009 (mix)        0.002 (add) 
Cl( 4, 3) in Cl( 8, 8) CPU =        0.012 ms (setup)        0.101 (comm)        0.642 (pade)        0.135 (series)        0.035 (mix)        0.004 (add) 
Cl( 4, 4) in Cl( 8, 8) CPU =        0.027 ms (setup)        0.438 (comm)        0.693 (pade)        0.695 (series)        0.105 (mix)        0.007 (add) 
Cl( 5, 4) in Cl( 8, 8) CPU =        0.054 ms (setup)        1.519 (comm)        1.172 (pade)        2.526 (series)        0.291 (mix)        0.013 (add) 
Cl( 5, 5) in Cl( 8, 8) CPU =        0.112 ms (setup)        2.509 (comm)        1.432 (pade)        3.558 (series)        0.794 (mix)        0.026 (add) 
Cl( 6, 5) in Cl( 8, 8) CPU =        0.232 ms (setup)        8.435 (comm)        3.839 (pade)       12.829 (series)        2.320 (mix)        0.060 (add) 
Cl( 6, 6) in Cl( 8, 8) CPU =        0.474 ms (setup)       14.949 (comm)        5.173 (pade)       18.002 (series)        6.651 (mix)        0.132 (add) 
Cl( 7, 6) in Cl( 8, 8) CPU =        0.974 ms (setup)       50.185 (comm)       16.581 (pade)       64.892 (series)       19.587 (mix)        0.304 (add) 
Cl( 7, 7) in Cl( 8, 8) CPU =        1.982 ms (setup)       99.714 (comm)       23.362 (pade)       91.689 (series)       58.027 (mix)        0.630 (add) 
Cl( 8, 7) in Cl( 8, 8) CPU =        4.009 ms (setup)      319.577 (comm)       82.053 (pade)      318.577 (series)      171.626 (mix)        1.322 (add) 
Cl( 8, 8) in Cl( 8, 8) CPU =        8.020 ms (setup)      708.755 (comm)      117.487 (pade)      457.428 (series)      504.533 (mix)        2.771 (add) 
Fill: 1
Cl( 1, 0) in Cl( 1, 0) CPU =        0.001 ms (setup)        0.002 (comm)        0.005 (pade)        0.002 (series)        0.001 (mix)        0.001 (add) 
Cl( 1, 1) in Cl( 1, 1) CPU =        0.001 ms (setup)        0.003 (comm)        0.005 (pade)        0.003 (series)        0.001 (mix)        0.001 (add) 
Cl( 2, 1) in Cl( 2, 1) CPU =        0.001 ms (setup)        0.004 (comm)        0.629 (pade)        0.044 (series)        0.002 (mix)        0.001 (add) 
Cl( 2, 2) in Cl( 2, 2) CPU =        0.002 ms (setup)        0.007 (comm)        0.011 (pade)        0.009 (series)        0.003 (mix)        0.001 (add) 
Cl( 3, 2) in Cl( 3, 2) CPU =        0.004 ms (setup)        0.467 (comm)        0.033 (pade)        0.024 (series)        0.005 (mix)        0.002 (add) 
Cl( 3, 3) in Cl( 3, 3) CPU =        0.008 ms (setup)        0.057 (comm)        0.044 (pade)        0.539 (series)        0.015 (mix)        0.003 (add) 
Cl( 4, 3) in Cl( 4, 3) CPU =        0.018 ms (setup)        0.174 (comm)        0.659 (pade)        0.230 (series)        0.045 (mix)        0.005 (add) 
Cl( 4, 4) in Cl( 4, 4) CPU =        0.039 ms (setup)        0.520 (comm)        0.601 (pade)        0.790 (series)        0.119 (mix)        0.009 (add) 
Cl( 5, 4) in Cl( 5, 4) CPU =        0.084 ms (setup)        1.727 (comm)        1.227 (pade)        2.787 (series)        0.300 (mix)        0.019 (add) 
Cl( 5, 5) in Cl( 5, 5) CPU =        0.179 ms (setup)        2.901 (comm)        1.578 (pade)        4.129 (series)        0.779 (mix)        0.040 (add) 
Cl( 6, 5) in Cl( 6, 5) CPU =        0.369 ms (setup)        9.381 (comm)        4.279 (pade)       14.553 (series)        2.041 (mix)        0.080 (add) 
Cl( 6, 6) in Cl( 6, 6) CPU =        0.746 ms (setup)       16.471 (comm)        6.073 (pade)       21.779 (series)        5.531 (mix)        0.167 (add) 
Cl( 7, 6) in Cl( 7, 6) CPU =        1.552 ms (setup)       53.199 (comm)       18.980 (pade)       74.835 (series)       15.864 (mix)        0.338 (add) 
Cl( 7, 7) in Cl( 7, 7) CPU =        3.143 ms (setup)      101.823 (comm)       28.480 (pade)      112.410 (series)       45.715 (mix)        0.674 (add) 
Cl( 8, 7) in Cl( 8, 7) CPU =        6.376 ms (setup)      319.449 (comm)       95.939 (pade)      374.897 (series)      132.674 (mix)        1.365 (add) 
Cl( 8, 8) in Cl( 8, 8) CPU =       12.792 ms (setup)      676.678 (comm)      147.285 (pade)      579.355 (series)      388.522 (mix)        2.899 (add) 
Cl( 1, 0) in Cl( 8, 8) CPU =        0.001 ms (setup)        0.002 (comm)        0.004 (pade)        0.002 (series)        0.001 (mix)        0.001 (add) 
Cl( 1, 1) in Cl( 8, 8) CPU =        0.001 ms (setup)        0.003 (comm)        0.005 (pade)        0.003 (series)        0.001 (mix)        0.001 (add) 
Cl( 2, 1) in Cl( 8, 8) CPU =        0.001 ms (setup)        0.004 (comm)        0.680 (pade)        0.004 (series)        0.002 (mix)        0.001 (add) 
Cl( 2, 2) in Cl( 8, 8) CPU =        0.002 ms (setup)        0.150 (comm)        0.011 (pade)        0.009 (series)        0.002 (mix)        0.001 (add) 
Cl( 3, 2) in Cl( 8, 8) CPU =        0.004 ms (setup)        0.368 (comm)        0.033 (pade)        0.024 (series)        0.005 (mix)        0.002 (add) 
Cl( 3, 3) in Cl( 8, 8) CPU =        0.009 ms (setup)        0.056 (comm)        0.045 (pade)        0.542 (series)        0.014 (mix)        0.003 (add) 
Cl( 4, 3) in Cl( 8, 8) CPU =        0.017 ms (setup)        0.179 (comm)        0.657 (pade)        0.235 (series)        0.046 (mix)        0.005 (add) 
Cl( 4, 4) in Cl( 8, 8) CPU =        0.036 ms (setup)        0.522 (comm)        0.582 (pade)        0.790 (series)        0.119 (mix)        0.010 (add) 
Cl( 5, 4) in Cl( 8, 8) CPU =        0.085 ms (setup)        1.727 (comm)        1.228 (pade)        2.799 (series)        0.301 (mix)        0.019 (add) 
Cl( 5, 5) in Cl( 8, 8) CPU =        0.180 ms (setup)        2.890 (comm)        1.571 (pade)        4.115 (series)        0.771 (mix)        0.040 (add) 
Cl( 6, 5) in Cl( 8, 8) CPU =        0.368 ms (setup)        9.366 (comm)        4.285 (pade)       14.594 (series)        2.040 (mix)        0.079 (add) 
Cl( 6, 6) in Cl( 8, 8) CPU =        0.746 ms (setup)       16.469 (comm)        6.071 (pade)       21.794 (series)        5.535 (mix)        0.166 (add) 
Cl( 7, 6) in Cl( 8, 8) CPU =        1.540 ms (setup)       53.158 (comm)       18.978 (pade)       74.811 (series)       15.861 (mix)        0.339 (add) 
Cl( 7, 7) in Cl( 8, 8) CPU =        3.146 ms (setup)      101.894 (comm)       28.326 (pade)      112.505 (series)       45.730 (mix)        0.676 (add) 
Cl( 8, 7) in Cl( 8, 8) CPU =        6.373 ms (setup)      319.589 (comm)       96.061 (pade)      375.161 (series)      132.620 (mix)        1.367 (add) 
Cl( 8, 8) in Cl( 8, 8) CPU =       12.771 ms (setup)      677.029 (comm)      147.095 (pade)      578.371 (series)      387.987 (mix)        2.739 (add) 

matrix_multi<double>
Clifford algebra expressions test:
Fill: 0.5
Cl( 1, 0) in Cl( 1, 0) CPU =        0.002 ms (setup)        0.003 (comm)        0.003 (pade)        0.001 (series)        0.003 (mix)        0.000 (add) 
Cl( 1, 1) in Cl( 1, 1) CPU =        0.004 ms (setup)        0.003 (comm)        0.003 (pade)        0.001 (series)        0.002 (mix)        0.000 (add) 
Cl( 2, 1) in Cl( 2, 1) CPU =        0.002 ms (setup)        0.432 (comm)        0.005 (pade)        0.001 (series)        0.020 (mix)        0.000 (add) 
Cl( 2, 2) in Cl( 2, 2) CPU =        0.003 ms (setup)        0.034 (comm)        0.005 (pade)        0.001 (series)        0.296 (mix)        0.000 (add) 
Cl( 3, 2) in Cl( 3, 2) CPU =        0.015 ms (setup)        0.121 (comm)        0.006 (pade)        0.002 (series)        0.119 (mix)        0.001 (add) 
Cl( 3, 3) in Cl( 3, 3) CPU =        0.021 ms (setup)        0.204 (comm)        0.006 (pade)        0.002 (series)        0.199 (mix)        0.001 (add) 
Cl( 4, 3) in Cl( 4, 3) CPU =        0.055 ms (setup)        0.921 (comm)        0.011 (pade)        0.117 (series)        0.906 (mix)        0.001 (add) 
Cl( 4, 4) in Cl( 4, 4) CPU =        0.104 ms (setup)        1.399 (comm)        0.011 (pade)        0.005 (series)        1.383 (mix)        0.001 (add) 
Cl( 5, 4) in Cl( 5, 4) CPU =        0.251 ms (setup)        5.679 (comm)        0.029 (pade)        0.017 (series)        5.667 (mix)        0.002 (add) 
Cl( 5, 5) in Cl( 5, 5) CPU =        0.489 ms (setup)        8.392 (comm)        0.027 (pade)        0.017 (series)        8.382 (mix)        0.002 (add) 
Cl( 6, 5) in Cl( 6, 5) CPU =        1.132 ms (setup)       32.186 (comm)        0.081 (pade)        0.081 (series)       32.166 (mix)        0.007 (add) 
Cl( 6, 6) in Cl( 6, 6) CPU =        2.287 ms (setup)       45.892 (comm)        0.083 (pade)        0.081 (series)       45.843 (mix)        0.005 (add) 
Cl( 7, 6) in Cl( 7, 6) CPU =        5.395 ms (setup)      215.806 (comm)        0.957 (pade)        0.242 (series)      214.689 (mix)        0.025 (add) 
Cl( 7, 7) in Cl( 7, 7) CPU =       10.796 ms (setup)      287.010 (comm)        0.952 (pade)        1.542 (series)      285.474 (mix)        0.029 (add) 
Cl( 8, 7) in Cl( 8, 7) CPU =       25.741 ms (setup)     1231.125 (comm)        3.613 (pade)        5.750 (series)     1213.549 (mix)        0.113 (add) 
Cl( 8, 8) in Cl( 8, 8) CPU =       51.601 ms (setup)     1559.440 (comm)        3.667 (pade)        6.200 (series)     1553.930 (mix)        0.113 (add) 
Cl( 1, 0) in Cl( 8, 8) CPU =        0.011 ms (setup)        6.785 (comm)        0.388 (pade)        6.303 (series)        3.552 (mix)        0.097 (add) 
Cl( 1, 1) in Cl( 8, 8) CPU =        0.026 ms (setup)       11.542 (comm)        0.582 (pade)        6.229 (series)        8.341 (mix)        0.113 (add) 
Cl( 2, 1) in Cl( 8, 8) CPU =        0.043 ms (setup)       28.381 (comm)        0.585 (pade)        6.229 (series)       24.930 (mix)        0.110 (add) 
Cl( 2, 2) in Cl( 8, 8) CPU =        0.087 ms (setup)       53.227 (comm)        0.588 (pade)        6.240 (series)       49.933 (mix)        0.097 (add) 
Cl( 3, 2) in Cl( 8, 8) CPU =        0.532 ms (setup)       75.510 (comm)        0.622 (pade)        6.128 (series)       71.937 (mix)        0.103 (add) 
Cl( 3, 3) in Cl( 8, 8) CPU =        0.746 ms (setup)      103.255 (comm)        0.670 (pade)        6.229 (series)       99.950 (mix)        0.121 (add) 
Cl( 4, 3) in Cl( 8, 8) CPU =        0.874 ms (setup)      107.341 (comm)        0.700 (pade)        6.212 (series)      105.925 (mix)        0.122 (add) 
Cl( 4, 4) in Cl( 8, 8) CPU =        1.068 ms (setup)      148.874 (comm)        0.707 (pade)        6.174 (series)      145.158 (mix)        0.098 (add) 
Cl( 5, 4) in Cl( 8, 8) CPU =        1.641 ms (setup)      194.035 (comm)        0.874 (pade)        6.376 (series)      190.697 (mix)        0.113 (add) 
Cl( 5, 5) in Cl( 8, 8) CPU =        2.533 ms (setup)      230.276 (comm)        0.878 (pade)        6.078 (series)      226.588 (mix)        0.114 (add) 
Cl( 6, 5) in Cl( 8, 8) CPU =        5.354 ms (setup)      308.892 (comm)        3.667 (pade)        5.905 (series)      305.168 (mix)        0.105 (add) 
Cl( 6, 6) in Cl( 8, 8) CPU =        9.677 ms (setup)      345.569 (comm)        3.679 (pade)        6.135 (series)      341.292 (mix)        0.106 (add) 
Cl( 7, 6) in Cl( 8, 8) CPU =       22.630 ms (setup)      501.700 (comm)        3.660 (pade)        5.649 (series)      497.985 (mix)        0.102 (add) 
Cl( 7, 7) in Cl( 8, 8) CPU =       41.976 ms (setup)      634.409 (comm)        3.645 (pade)        6.234 (series)      664.700 (mix)        0.112 (add) 
Cl( 8, 7) in Cl( 8, 8) CPU =      101.435 ms (setup)     1287.169 (comm)        3.655 (pade)        6.191 (series)     1287.701 (mix)        0.110 (add) 
Cl( 8, 8) in Cl( 8, 8) CPU =       51.583 ms (setup)     1545.558 (comm)        3.670 (pade)        6.288 (series)     1539.185 (mix)        0.113 (add) 
Fill: 1
Cl( 1, 0) in Cl( 1, 0) CPU =        0.002 ms (setup)        0.005 (comm)        0.004 (pade)        0.001 (series)        0.005 (mix)        0.000 (add) 
Cl( 1, 1) in Cl( 1, 1) CPU =        0.002 ms (setup)        0.007 (comm)        0.003 (pade)        0.001 (series)        0.007 (mix)        0.001 (add) 
Cl( 2, 1) in Cl( 2, 1) CPU =        0.003 ms (setup)        0.466 (comm)        0.004 (pade)        0.001 (series)        0.026 (mix)        0.000 (add) 
Cl( 2, 2) in Cl( 2, 2) CPU =        0.005 ms (setup)        0.044 (comm)        0.004 (pade)        0.001 (series)        0.304 (mix)        0.000 (add) 
Cl( 3, 2) in Cl( 3, 2) CPU =        0.013 ms (setup)        0.169 (comm)        0.006 (pade)        0.002 (series)        0.164 (mix)        0.000 (add) 
Cl( 3, 3) in Cl( 3, 3) CPU =        0.026 ms (setup)        0.258 (comm)        0.005 (pade)        0.002 (series)        0.254 (mix)        0.001 (add) 
Cl( 4, 3) in Cl( 4, 3) CPU =        0.072 ms (setup)        1.087 (comm)        0.011 (pade)        0.005 (series)        1.074 (mix)        0.001 (add) 
Cl( 4, 4) in Cl( 4, 4) CPU =        0.142 ms (setup)        1.621 (comm)        0.011 (pade)        0.005 (series)        1.605 (mix)        0.001 (add) 
Cl( 5, 4) in Cl( 5, 4) CPU =        0.359 ms (setup)        6.215 (comm)        0.026 (pade)        0.018 (series)        6.191 (mix)        0.002 (add) 
Cl( 5, 5) in Cl( 5, 5) CPU =        0.728 ms (setup)        9.132 (comm)        0.026 (pade)        0.018 (series)        9.117 (mix)        0.002 (add) 
Cl( 6, 5) in Cl( 6, 5) CPU =        1.760 ms (setup)       34.775 (comm)        0.569 (pade)        0.081 (series)       34.751 (mix)        0.005 (add) 
Cl( 6, 6) in Cl( 6, 6) CPU =        3.607 ms (setup)       49.107 (comm)        0.083 (pade)        0.081 (series)       49.061 (mix)        0.006 (add) 
Cl( 7, 6) in Cl( 7, 6) CPU =        8.821 ms (setup)      233.394 (comm)        0.960 (pade)        0.240 (series)      232.472 (mix)        0.028 (add) 
Cl( 7, 7) in Cl( 7, 7) CPU =       17.881 ms (setup)      308.332 (comm)        1.000 (pade)        0.249 (series)      307.189 (mix)        0.031 (add) 
Cl( 8, 7) in Cl( 8, 7) CPU =       44.452 ms (setup)     1307.197 (comm)        3.663 (pade)        6.271 (series)     1291.659 (mix)        0.111 (add) 
Cl( 8, 8) in Cl( 8, 8) CPU =       90.249 ms (setup)     1731.092 (comm)        3.674 (pade)        6.104 (series)     1719.034 (mix)        0.110 (add) 
Cl( 1, 0) in Cl( 8, 8) CPU =        0.015 ms (setup)       15.414 (comm)        0.595 (pade)        6.328 (series)       11.943 (mix)        0.104 (add) 
Cl( 1, 1) in Cl( 8, 8) CPU =        0.029 ms (setup)       26.015 (comm)        0.577 (pade)        6.272 (series)       22.591 (mix)        0.098 (add) 
Cl( 2, 1) in Cl( 8, 8) CPU =        0.073 ms (setup)       40.507 (comm)        0.596 (pade)        5.950 (series)       37.166 (mix)        0.108 (add) 
Cl( 2, 2) in Cl( 8, 8) CPU =        0.685 ms (setup)       59.155 (comm)        0.601 (pade)        6.149 (series)       55.686 (mix)        0.112 (add) 
Cl( 3, 2) in Cl( 8, 8) CPU =        0.732 ms (setup)       83.255 (comm)        0.670 (pade)        6.248 (series)       79.436 (mix)        0.123 (add) 
Cl( 3, 3) in Cl( 8, 8) CPU =        0.770 ms (setup)      112.944 (comm)        0.673 (pade)        6.253 (series)      107.805 (mix)        0.115 (add) 
Cl( 4, 3) in Cl( 8, 8) CPU =        0.954 ms (setup)      149.216 (comm)        0.704 (pade)        6.210 (series)      145.435 (mix)        0.116 (add) 
Cl( 4, 4) in Cl( 8, 8) CPU =        1.209 ms (setup)      187.469 (comm)        0.706 (pade)        6.157 (series)      183.890 (mix)        0.113 (add) 
Cl( 5, 4) in Cl( 8, 8) CPU =        2.005 ms (setup)      231.792 (comm)        0.877 (pade)        6.208 (series)      228.364 (mix)        0.104 (add) 
Cl( 5, 5) in Cl( 8, 8) CPU =        3.191 ms (setup)      274.017 (comm)        0.877 (pade)        6.170 (series)      270.467 (mix)        0.097 (add) 
Cl( 6, 5) in Cl( 8, 8) CPU =        7.136 ms (setup)      344.190 (comm)        3.665 (pade)        5.604 (series)      341.201 (mix)        0.106 (add) 
Cl( 6, 6) in Cl( 8, 8) CPU =       13.048 ms (setup)      399.810 (comm)        3.668 (pade)        6.145 (series)      396.052 (mix)        0.110 (add) 
Cl( 7, 6) in Cl( 8, 8) CPU =       30.803 ms (setup)      577.416 (comm)        3.637 (pade)        6.141 (series)      574.487 (mix)        0.103 (add) 
Cl( 7, 7) in Cl( 8, 8) CPU =       58.673 ms (setup)      691.883 (comm)        3.676 (pade)        6.062 (series)      707.373 (mix)        0.112 (add) 
Cl( 8, 7) in Cl( 8, 8) CPU =      144.776 ms (setup)     1340.706 (comm)        3.712 (pade)        6.148 (series)     1334.764 (mix)        0.113 (add) 
Cl( 8, 8) in Cl( 8, 8) CPU =       90.383 ms (setup)     1697.172 (comm)        3.672 (pade)        6.272 (series)     1702.042 (mix)        0.113 (add) 
