
framed_multi<float,-4,4>
Clifford algebra products test:
Fill: 0.5
Cl( 1, 0) in Cl( 1, 0) CPU =        0.000 ms (setup)        0.000 (*)        0.001 (^)        0.000 (&)        0.000 (%) 
Cl( 1, 1) in Cl( 1, 1) CPU =        0.001 ms (setup)        0.001 (*)        0.001 (^)        0.000 (&)        0.001 (%) 
Cl( 2, 1) in Cl( 2, 1) CPU =        0.001 ms (setup)        0.001 (*)        0.000 (^)        0.001 (&)        0.001 (%) 
Cl( 2, 2) in Cl( 2, 2) CPU =        0.001 ms (setup)        0.002 (*)        0.001 (^)        0.001 (&)        0.001 (%) 
Cl( 3, 2) in Cl( 3, 2) CPU =        0.002 ms (setup)        0.003 (*)        0.002 (^)        0.002 (&)        0.002 (%) 
Cl( 3, 3) in Cl( 3, 3) CPU =        0.003 ms (setup)        0.008 (*)        0.005 (^)        0.004 (&)        0.004 (%) 
Cl( 4, 3) in Cl( 4, 3) CPU =        0.007 ms (setup)        0.021 (*)        0.013 (^)        0.011 (&)        0.009 (%) 
Cl( 4, 4) in Cl( 4, 4) CPU =        0.013 ms (setup)        0.169 (*)        0.044 (^)        0.035 (&)        0.024 (%) 
Cl( 1, 0) in Cl( 4, 4) CPU =        0.001 ms (setup)        0.000 (*)        0.000 (^)        0.001 (&)        0.001 (%) 
Cl( 1, 1) in Cl( 4, 4) CPU =        0.000 ms (setup)        0.000 (*)        0.001 (^)        0.001 (&)        0.000 (%) 
Cl( 2, 1) in Cl( 4, 4) CPU =        0.001 ms (setup)        0.001 (*)        0.001 (^)        0.001 (&)        0.001 (%) 
Cl( 2, 2) in Cl( 4, 4) CPU =        0.001 ms (setup)        0.002 (*)        0.001 (^)        0.001 (&)        0.001 (%) 
Cl( 3, 2) in Cl( 4, 4) CPU =        0.001 ms (setup)        0.003 (*)        0.002 (^)        0.002 (&)        0.001 (%) 
Cl( 3, 3) in Cl( 4, 4) CPU =        0.004 ms (setup)        0.008 (*)        0.004 (^)        0.004 (&)        0.003 (%) 
Cl( 4, 3) in Cl( 4, 4) CPU =        0.007 ms (setup)        0.022 (*)        0.012 (^)        0.011 (&)        0.008 (%) 
Cl( 4, 4) in Cl( 4, 4) CPU =        0.013 ms (setup)        0.163 (*)        0.045 (^)        0.036 (&)        0.024 (%) 
Fill: 1
Cl( 1, 0) in Cl( 1, 0) CPU =        0.000 ms (setup)        0.001 (*)        0.001 (^)        0.000 (&)        0.001 (%) 
Cl( 1, 1) in Cl( 1, 1) CPU =        0.001 ms (setup)        0.001 (*)        0.001 (^)        0.001 (&)        0.001 (%) 
Cl( 2, 1) in Cl( 2, 1) CPU =        0.001 ms (setup)        0.001 (*)        0.001 (^)        0.001 (&)        0.001 (%) 
Cl( 2, 2) in Cl( 2, 2) CPU =        0.001 ms (setup)        0.002 (*)        0.001 (^)        0.002 (&)        0.001 (%) 
Cl( 3, 2) in Cl( 3, 2) CPU =        0.002 ms (setup)        0.005 (*)        0.003 (^)        0.003 (&)        0.003 (%) 
Cl( 3, 3) in Cl( 3, 3) CPU =        0.004 ms (setup)        0.015 (*)        0.005 (^)        0.006 (&)        0.005 (%) 
Cl( 4, 3) in Cl( 4, 3) CPU =        0.009 ms (setup)        0.045 (*)        0.013 (^)        0.016 (&)        0.012 (%) 
Cl( 4, 4) in Cl( 4, 4) CPU =        0.018 ms (setup)        0.203 (*)        0.036 (^)        0.042 (&)        0.030 (%) 
Cl( 1, 0) in Cl( 4, 4) CPU =        0.001 ms (setup)        0.001 (*)        0.001 (^)        0.001 (&)        0.000 (%) 
Cl( 1, 1) in Cl( 4, 4) CPU =        0.001 ms (setup)        0.001 (*)        0.001 (^)        0.001 (&)        0.000 (%) 
Cl( 2, 1) in Cl( 4, 4) CPU =        0.001 ms (setup)        0.001 (*)        0.001 (^)        0.001 (&)        0.001 (%) 
Cl( 2, 2) in Cl( 4, 4) CPU =        0.001 ms (setup)        0.002 (*)        0.001 (^)        0.001 (&)        0.001 (%) 
Cl( 3, 2) in Cl( 4, 4) CPU =        0.002 ms (setup)        0.005 (*)        0.003 (^)        0.003 (&)        0.002 (%) 
Cl( 3, 3) in Cl( 4, 4) CPU =        0.004 ms (setup)        0.014 (*)        0.005 (^)        0.006 (&)        0.005 (%) 
Cl( 4, 3) in Cl( 4, 4) CPU =        0.008 ms (setup)        0.045 (*)        0.013 (^)        0.016 (&)        0.011 (%) 
Cl( 4, 4) in Cl( 4, 4) CPU =        0.018 ms (setup)        0.199 (*)        0.036 (^)        0.042 (&)        0.030 (%) 

matrix_multi<float,-4,4>
Clifford algebra products test:
Fill: 0.5
Cl( 1, 0) in Cl( 1, 0) CPU =        0.001 ms (setup)        0.001 (*)        0.002 (^)        0.001 (&)        0.002 (%) 
Cl( 1, 1) in Cl( 1, 1) CPU =        0.003 ms (setup)        0.000 (*)        0.003 (^)        0.002 (&)        0.003 (%) 
Cl( 2, 1) in Cl( 2, 1) CPU =        0.002 ms (setup)        0.001 (*)        0.007 (^)        0.007 (&)        0.007 (%) 
Cl( 2, 2) in Cl( 2, 2) CPU =        0.003 ms (setup)        0.000 (*)        0.008 (^)        0.010 (&)        0.010 (%) 
Cl( 3, 2) in Cl( 3, 2) CPU =        0.009 ms (setup)        0.001 (*)        0.041 (^)        0.052 (&)        0.051 (%) 
Cl( 3, 3) in Cl( 3, 3) CPU =        0.011 ms (setup)        0.001 (*)        0.105 (^)        0.096 (&)        0.104 (%) 
Cl( 4, 3) in Cl( 4, 3) CPU =        0.025 ms (setup)        0.001 (*)        0.348 (^)        0.411 (&)        0.405 (%) 
Cl( 4, 4) in Cl( 4, 4) CPU =        0.052 ms (setup)        0.001 (*)        0.693 (^)        0.718 (&)        0.715 (%) 
Cl( 1, 0) in Cl( 4, 4) CPU =        0.001 ms (setup)        0.001 (*)        0.015 (^)        0.015 (&)        0.015 (%) 
Cl( 1, 1) in Cl( 4, 4) CPU =        0.002 ms (setup)        0.001 (*)        0.026 (^)        0.018 (&)        0.022 (%) 
Cl( 2, 1) in Cl( 4, 4) CPU =        0.005 ms (setup)        0.001 (*)        0.041 (^)        0.026 (&)        0.034 (%) 
Cl( 2, 2) in Cl( 4, 4) CPU =        0.011 ms (setup)        0.001 (*)        0.047 (^)        0.041 (&)        0.039 (%) 
Cl( 3, 2) in Cl( 4, 4) CPU =        0.021 ms (setup)        0.001 (*)        0.110 (^)        0.076 (&)        0.084 (%) 
Cl( 3, 3) in Cl( 4, 4) CPU =        0.035 ms (setup)        0.001 (*)        0.172 (^)        0.134 (&)        0.148 (%) 
Cl( 4, 3) in Cl( 4, 4) CPU =        0.093 ms (setup)        0.001 (*)        0.430 (^)        0.423 (&)        0.432 (%) 
Cl( 4, 4) in Cl( 4, 4) CPU =        0.052 ms (setup)        0.001 (*)        0.710 (^)        0.710 (&)        0.722 (%) 
Fill: 1
Cl( 1, 0) in Cl( 1, 0) CPU =        0.001 ms (setup)        0.000 (*)        0.003 (^)        0.002 (&)        0.002 (%) 
Cl( 1, 1) in Cl( 1, 1) CPU =        0.001 ms (setup)        0.001 (*)        0.004 (^)        0.003 (&)        0.004 (%) 
Cl( 2, 1) in Cl( 2, 1) CPU =        0.002 ms (setup)        0.001 (*)        0.014 (^)        0.012 (&)        0.013 (%) 
Cl( 2, 2) in Cl( 2, 2) CPU =        0.003 ms (setup)        0.000 (*)        0.022 (^)        0.019 (&)        0.023 (%) 
Cl( 3, 2) in Cl( 3, 2) CPU =        0.007 ms (setup)        0.001 (*)        0.081 (^)        0.080 (&)        0.080 (%) 
Cl( 3, 3) in Cl( 3, 3) CPU =        0.012 ms (setup)        0.001 (*)        0.124 (^)        0.117 (&)        0.124 (%) 
Cl( 4, 3) in Cl( 4, 3) CPU =        0.033 ms (setup)        0.001 (*)        0.524 (^)        0.526 (&)        0.532 (%) 
Cl( 4, 4) in Cl( 4, 4) CPU =        0.069 ms (setup)        0.001 (*)        0.821 (^)        0.811 (&)        0.816 (%) 
Cl( 1, 0) in Cl( 4, 4) CPU =        0.001 ms (setup)        0.001 (*)        0.027 (^)        0.018 (&)        0.022 (%) 
Cl( 1, 1) in Cl( 4, 4) CPU =        0.002 ms (setup)        0.001 (*)        0.034 (^)        0.021 (&)        0.030 (%) 
Cl( 2, 1) in Cl( 4, 4) CPU =        0.004 ms (setup)        0.001 (*)        0.053 (^)        0.036 (&)        0.041 (%) 
Cl( 2, 2) in Cl( 4, 4) CPU =        0.010 ms (setup)        0.001 (*)        0.072 (^)        0.049 (&)        0.057 (%) 
Cl( 3, 2) in Cl( 4, 4) CPU =        0.025 ms (setup)        0.001 (*)        0.150 (^)        0.106 (&)        0.109 (%) 
Cl( 3, 3) in Cl( 4, 4) CPU =        0.044 ms (setup)        0.001 (*)        0.209 (^)        0.172 (&)        0.180 (%) 
Cl( 4, 3) in Cl( 4, 4) CPU =        0.118 ms (setup)        0.001 (*)        0.583 (^)        0.534 (&)        0.533 (%) 
Cl( 4, 4) in Cl( 4, 4) CPU =        0.068 ms (setup)        0.001 (*)        0.812 (^)        0.806 (&)        0.812 (%) 

framed_multi<double>
Clifford algebra products test:
Fill: 0.5
Cl( 1, 0) in Cl( 1, 0) CPU =        0.001 ms (setup)        0.001 (*)        0.000 (^)        0.001 (&)        0.001 (%) 
Cl( 1, 1) in Cl( 1, 1) CPU =        0.001 ms (setup)        0.001 (*)        0.000 (^)        0.001 (&)        0.000 (%) 
Cl( 2, 1) in Cl( 2, 1) CPU =        0.001 ms (setup)        0.002 (*)        0.001 (^)        0.001 (&)        0.001 (%) 
Cl( 2, 2) in Cl( 2, 2) CPU =        0.001 ms (setup)        0.002 (*)        0.001 (^)        0.001 (&)        0.001 (%) 
Cl( 3, 2) in Cl( 3, 2) CPU =        0.002 ms (setup)        0.004 (*)        0.002 (^)        0.002 (&)        0.002 (%) 
Cl( 3, 3) in Cl( 3, 3) CPU =        0.003 ms (setup)        0.011 (*)        0.005 (^)        0.005 (&)        0.005 (%) 
Cl( 4, 3) in Cl( 4, 3) CPU =        0.007 ms (setup)        0.030 (*)        0.018 (^)        0.015 (&)        0.013 (%) 
Cl( 4, 4) in Cl( 4, 4) CPU =        0.013 ms (setup)        0.163 (*)        0.053 (^)        0.041 (&)        0.033 (%) 
Cl( 5, 4) in Cl( 5, 4) CPU =        0.028 ms (setup)        0.605 (*)        0.162 (^)        0.130 (&)        0.090 (%) 
Cl( 5, 5) in Cl( 5, 5) CPU =        0.057 ms (setup)        0.826 (*)        0.470 (^)        0.334 (&)        0.217 (%) 
Cl( 6, 5) in Cl( 6, 5) CPU =        0.117 ms (setup)        3.035 (*)        1.333 (^)        0.956 (&)        0.597 (%) 
Cl( 6, 6) in Cl( 6, 6) CPU =        0.240 ms (setup)        4.148 (*)        3.789 (^)        2.773 (&)        1.577 (%) 
Cl( 7, 6) in Cl( 7, 6) CPU =        0.489 ms (setup)       15.370 (*)       11.450 (^)        8.434 (&)        4.819 (%) 
Cl( 7, 7) in Cl( 7, 7) CPU =        0.990 ms (setup)       20.798 (*)       33.288 (^)       24.224 (&)       12.994 (%) 
Cl( 8, 7) in Cl( 8, 7) CPU =        1.999 ms (setup)       74.468 (*)       98.724 (^)       70.445 (&)       37.312 (%) 
Cl( 8, 8) in Cl( 8, 8) CPU =        4.019 ms (setup)      102.047 (*)      291.774 (^)      209.968 (&)      108.537 (%) 
Cl( 1, 0) in Cl( 8, 8) CPU =        0.001 ms (setup)        0.000 (*)        0.000 (^)        0.000 (&)        0.000 (%) 
Cl( 1, 1) in Cl( 8, 8) CPU =        0.001 ms (setup)        0.001 (*)        0.000 (^)        0.000 (&)        0.000 (%) 
Cl( 2, 1) in Cl( 8, 8) CPU =        0.001 ms (setup)        0.000 (*)        0.000 (^)        0.000 (&)        0.000 (%) 
Cl( 2, 2) in Cl( 8, 8) CPU =        0.001 ms (setup)        0.002 (*)        0.001 (^)        0.001 (&)        0.001 (%) 
Cl( 3, 2) in Cl( 8, 8) CPU =        0.002 ms (setup)        0.004 (*)        0.002 (^)        0.002 (&)        0.002 (%) 
Cl( 3, 3) in Cl( 8, 8) CPU =        0.003 ms (setup)        0.009 (*)        0.005 (^)        0.005 (&)        0.004 (%) 
Cl( 4, 3) in Cl( 8, 8) CPU =        0.006 ms (setup)        0.023 (*)        0.013 (^)        0.012 (&)        0.011 (%) 
Cl( 4, 4) in Cl( 8, 8) CPU =        0.013 ms (setup)        0.164 (*)        0.053 (^)        0.043 (&)        0.034 (%) 
Cl( 5, 4) in Cl( 8, 8) CPU =        0.028 ms (setup)        0.603 (*)        0.166 (^)        0.130 (&)        0.088 (%) 
Cl( 5, 5) in Cl( 8, 8) CPU =        0.057 ms (setup)        0.821 (*)        0.457 (^)        0.343 (&)        0.207 (%) 
Cl( 6, 5) in Cl( 8, 8) CPU =        0.119 ms (setup)        3.041 (*)        1.314 (^)        0.949 (&)        0.578 (%) 
Cl( 6, 6) in Cl( 8, 8) CPU =        0.236 ms (setup)        4.093 (*)        3.816 (^)        2.696 (&)        1.572 (%) 
Cl( 7, 6) in Cl( 8, 8) CPU =        0.487 ms (setup)       15.308 (*)       11.149 (^)        8.163 (&)        4.532 (%) 
Cl( 7, 7) in Cl( 8, 8) CPU =        0.986 ms (setup)       20.716 (*)       33.230 (^)       24.012 (&)       12.846 (%) 
Cl( 8, 7) in Cl( 8, 8) CPU =        1.989 ms (setup)       74.102 (*)       98.660 (^)       70.404 (&)       37.354 (%) 
Cl( 8, 8) in Cl( 8, 8) CPU =        4.027 ms (setup)      102.456 (*)      291.810 (^)      211.811 (&)      109.160 (%) 
Fill: 1
Cl( 1, 0) in Cl( 1, 0) CPU =        0.001 ms (setup)        0.001 (*)        0.001 (^)        0.000 (&)        0.001 (%) 
Cl( 1, 1) in Cl( 1, 1) CPU =        0.001 ms (setup)        0.001 (*)        0.001 (^)        0.001 (&)        0.001 (%) 
Cl( 2, 1) in Cl( 2, 1) CPU =        0.001 ms (setup)        0.001 (*)        0.001 (^)        0.001 (&)        0.001 (%) 
Cl( 2, 2) in Cl( 2, 2) CPU =        0.001 ms (setup)        0.003 (*)        0.002 (^)        0.002 (&)        0.002 (%) 
Cl( 3, 2) in Cl( 3, 2) CPU =        0.003 ms (setup)        0.007 (*)        0.003 (^)        0.003 (&)        0.003 (%) 
Cl( 3, 3) in Cl( 3, 3) CPU =        0.005 ms (setup)        0.020 (*)        0.007 (^)        0.009 (&)        0.007 (%) 
Cl( 4, 3) in Cl( 4, 3) CPU =        0.009 ms (setup)        0.067 (*)        0.022 (^)        0.024 (&)        0.018 (%) 
Cl( 4, 4) in Cl( 4, 4) CPU =        0.021 ms (setup)        0.203 (*)        0.056 (^)        0.060 (&)        0.050 (%) 
Cl( 5, 4) in Cl( 5, 4) CPU =        0.044 ms (setup)        0.709 (*)        0.144 (^)        0.154 (&)        0.120 (%) 
Cl( 5, 5) in Cl( 5, 5) CPU =        0.093 ms (setup)        1.040 (*)        0.368 (^)        0.406 (&)        0.291 (%) 
Cl( 6, 5) in Cl( 6, 5) CPU =        0.188 ms (setup)        3.663 (*)        0.969 (^)        1.071 (&)        0.730 (%) 
Cl( 6, 6) in Cl( 6, 6) CPU =        0.383 ms (setup)        5.436 (*)        2.621 (^)        2.900 (&)        1.849 (%) 
Cl( 7, 6) in Cl( 7, 6) CPU =        0.786 ms (setup)       18.801 (*)        7.336 (^)        8.314 (&)        4.966 (%) 
Cl( 7, 7) in Cl( 7, 7) CPU =        1.560 ms (setup)       28.041 (*)       20.741 (^)       24.477 (&)       13.767 (%) 
Cl( 8, 7) in Cl( 8, 7) CPU =        3.203 ms (setup)       93.790 (*)       59.504 (^)       72.421 (&)       39.215 (%) 
Cl( 8, 8) in Cl( 8, 8) CPU =        6.380 ms (setup)      144.768 (*)      172.739 (^)      211.788 (&)      112.442 (%) 
Cl( 1, 0) in Cl( 8, 8) CPU =        0.001 ms (setup)        0.001 (*)        0.001 (^)        0.000 (&)        0.000 (%) 
Cl( 1, 1) in Cl( 8, 8) CPU =        0.002 ms (setup)        0.001 (*)        0.001 (^)        0.001 (&)        0.001 (%) 
Cl( 2, 1) in Cl( 8, 8) CPU =        0.001 ms (setup)        0.002 (*)        0.001 (^)        0.001 (&)        0.001 (%) 
Cl( 2, 2) in Cl( 8, 8) CPU =        0.001 ms (setup)        0.003 (*)        0.002 (^)        0.002 (&)        0.002 (%) 
Cl( 3, 2) in Cl( 8, 8) CPU =        0.002 ms (setup)        0.007 (*)        0.003 (^)        0.004 (&)        0.003 (%) 
Cl( 3, 3) in Cl( 8, 8) CPU =        0.004 ms (setup)        0.020 (*)        0.007 (^)        0.009 (&)        0.007 (%) 
Cl( 4, 3) in Cl( 8, 8) CPU =        0.009 ms (setup)        0.067 (*)        0.019 (^)        0.022 (&)        0.019 (%) 
Cl( 4, 4) in Cl( 8, 8) CPU =        0.020 ms (setup)        0.202 (*)        0.056 (^)        0.061 (&)        0.050 (%) 
Cl( 5, 4) in Cl( 8, 8) CPU =        0.043 ms (setup)        0.709 (*)        0.145 (^)        0.155 (&)        0.120 (%) 
Cl( 5, 5) in Cl( 8, 8) CPU =        0.092 ms (setup)        1.038 (*)        0.368 (^)        0.405 (&)        0.292 (%) 
Cl( 6, 5) in Cl( 8, 8) CPU =        0.186 ms (setup)        3.653 (*)        0.971 (^)        1.069 (&)        0.731 (%) 
Cl( 6, 6) in Cl( 8, 8) CPU =        0.382 ms (setup)        5.439 (*)        2.622 (^)        2.898 (&)        1.853 (%) 
Cl( 7, 6) in Cl( 8, 8) CPU =        0.786 ms (setup)       18.793 (*)        7.325 (^)        8.317 (&)        4.966 (%) 
Cl( 7, 7) in Cl( 8, 8) CPU =        1.565 ms (setup)       28.092 (*)       20.750 (^)       24.475 (&)       13.780 (%) 
Cl( 8, 7) in Cl( 8, 8) CPU =        3.192 ms (setup)       93.984 (*)       59.497 (^)       72.385 (&)       39.209 (%) 
Cl( 8, 8) in Cl( 8, 8) CPU =        6.343 ms (setup)      144.743 (*)      172.878 (^)      211.835 (&)      112.468 (%) 

matrix_multi<double>
Clifford algebra products test:
Fill: 0.5
Cl( 1, 0) in Cl( 1, 0) CPU =        0.002 ms (setup)        0.000 (*)        0.003 (^)        0.002 (&)        0.003 (%) 
Cl( 1, 1) in Cl( 1, 1) CPU =        0.002 ms (setup)        0.001 (*)        0.002 (^)        0.002 (&)        0.002 (%) 
Cl( 2, 1) in Cl( 2, 1) CPU =        0.003 ms (setup)        0.001 (*)        0.012 (^)        0.009 (&)        0.011 (%) 
Cl( 2, 2) in Cl( 2, 2) CPU =        0.004 ms (setup)        0.000 (*)        0.009 (^)        0.011 (&)        0.014 (%) 
Cl( 3, 2) in Cl( 3, 2) CPU =        0.013 ms (setup)        0.000 (*)        0.056 (^)        0.060 (&)        0.067 (%) 
Cl( 3, 3) in Cl( 3, 3) CPU =        0.012 ms (setup)        0.001 (*)        0.082 (^)        0.097 (&)        0.094 (%) 
Cl( 4, 3) in Cl( 4, 3) CPU =        0.029 ms (setup)        0.002 (*)        0.422 (^)        0.451 (&)        0.456 (%) 
Cl( 4, 4) in Cl( 4, 4) CPU =        0.053 ms (setup)        0.001 (*)        0.661 (^)        0.673 (&)        0.689 (%) 
Cl( 5, 4) in Cl( 5, 4) CPU =        0.127 ms (setup)        0.004 (*)        2.631 (^)        2.885 (&)        2.822 (%) 
Cl( 5, 5) in Cl( 5, 5) CPU =        0.248 ms (setup)        0.004 (*)        4.155 (^)        4.187 (&)        4.181 (%) 
Cl( 6, 5) in Cl( 6, 5) CPU =        0.583 ms (setup)        0.017 (*)       15.166 (^)       16.283 (&)       15.738 (%) 
Cl( 6, 6) in Cl( 6, 6) CPU =        1.159 ms (setup)        0.017 (*)       22.571 (^)       23.000 (&)       22.490 (%) 
Cl( 7, 6) in Cl( 7, 6) CPU =        2.698 ms (setup)        0.234 (*)      103.585 (^)      116.169 (&)      103.109 (%) 
Cl( 7, 7) in Cl( 7, 7) CPU =        5.412 ms (setup)        0.047 (*)      130.692 (^)      152.522 (&)      134.052 (%) 
Cl( 8, 7) in Cl( 8, 7) CPU =       12.867 ms (setup)        1.471 (*)      570.243 (^)      664.012 (&)      571.172 (%) 
Cl( 8, 8) in Cl( 8, 8) CPU =       25.855 ms (setup)        1.342 (*)      762.059 (^)      883.348 (&)      764.633 (%) 
Cl( 1, 0) in Cl( 8, 8) CPU =        0.009 ms (setup)        1.319 (*)        3.177 (^)        3.142 (&)        3.142 (%) 
Cl( 1, 1) in Cl( 8, 8) CPU =        0.019 ms (setup)        0.239 (*)        7.378 (^)        3.209 (&)        6.103 (%) 
Cl( 2, 1) in Cl( 8, 8) CPU =        0.027 ms (setup)        1.643 (*)       13.448 (^)        6.945 (&)       10.031 (%) 
Cl( 2, 2) in Cl( 8, 8) CPU =        0.066 ms (setup)        0.889 (*)       22.090 (^)       13.316 (&)       15.096 (%) 
Cl( 3, 2) in Cl( 8, 8) CPU =        0.339 ms (setup)        0.223 (*)       32.717 (^)       21.377 (&)       21.221 (%) 
Cl( 3, 3) in Cl( 8, 8) CPU =        0.609 ms (setup)        1.016 (*)       46.124 (^)       32.656 (&)       29.184 (%) 
Cl( 4, 3) in Cl( 8, 8) CPU =        0.556 ms (setup)        1.631 (*)       62.245 (^)       61.450 (&)       38.922 (%) 
Cl( 4, 4) in Cl( 8, 8) CPU =        0.531 ms (setup)        0.233 (*)       81.261 (^)       62.793 (&)       49.702 (%) 
Cl( 5, 4) in Cl( 8, 8) CPU =        1.018 ms (setup)        0.719 (*)      104.896 (^)       82.588 (&)       63.196 (%) 
Cl( 5, 5) in Cl( 8, 8) CPU =        1.395 ms (setup)        1.084 (*)      140.715 (^)      124.933 (&)       89.386 (%) 
Cl( 6, 5) in Cl( 8, 8) CPU =        2.768 ms (setup)        1.355 (*)      159.168 (^)      137.722 (&)      102.470 (%) 
Cl( 6, 6) in Cl( 8, 8) CPU =        4.924 ms (setup)        0.224 (*)      191.594 (^)      194.893 (&)      139.077 (%) 
Cl( 7, 6) in Cl( 8, 8) CPU =       11.285 ms (setup)        0.224 (*)      243.596 (^)      282.163 (&)      198.662 (%) 
Cl( 7, 7) in Cl( 8, 8) CPU =       21.206 ms (setup)        1.300 (*)      311.887 (^)      358.607 (&)      274.585 (%) 
Cl( 8, 7) in Cl( 8, 8) CPU =       50.778 ms (setup)        1.528 (*)      588.593 (^)      649.233 (&)      547.828 (%) 
Cl( 8, 8) in Cl( 8, 8) CPU =       25.962 ms (setup)        1.506 (*)      722.172 (^)      861.834 (&)      725.231 (%) 
Fill: 1
Cl( 1, 0) in Cl( 1, 0) CPU =        0.001 ms (setup)        0.000 (*)        0.003 (^)        0.002 (&)        0.003 (%) 
Cl( 1, 1) in Cl( 1, 1) CPU =        0.001 ms (setup)        0.001 (*)        0.005 (^)        0.003 (&)        0.004 (%) 
Cl( 2, 1) in Cl( 2, 1) CPU =        0.002 ms (setup)        0.000 (*)        0.013 (^)        0.012 (&)        0.013 (%) 
Cl( 2, 2) in Cl( 2, 2) CPU =        0.003 ms (setup)        0.001 (*)        0.022 (^)        0.018 (&)        0.022 (%) 
Cl( 3, 2) in Cl( 3, 2) CPU =        0.007 ms (setup)        0.000 (*)        0.077 (^)        0.078 (&)        0.078 (%) 
Cl( 3, 3) in Cl( 3, 3) CPU =        0.015 ms (setup)        0.001 (*)        0.128 (^)        0.120 (&)        0.128 (%) 
Cl( 4, 3) in Cl( 4, 3) CPU =        0.039 ms (setup)        0.001 (*)        0.538 (^)        0.536 (&)        0.534 (%) 
Cl( 4, 4) in Cl( 4, 4) CPU =        0.074 ms (setup)        0.001 (*)        0.811 (^)        0.796 (&)        0.805 (%) 
Cl( 5, 4) in Cl( 5, 4) CPU =        0.185 ms (setup)        0.004 (*)        3.067 (^)        3.139 (&)        3.092 (%) 
Cl( 5, 5) in Cl( 5, 5) CPU =        0.372 ms (setup)        0.004 (*)        4.516 (^)        4.561 (&)        4.541 (%) 
Cl( 6, 5) in Cl( 6, 5) CPU =        0.898 ms (setup)        0.017 (*)       17.096 (^)       17.747 (&)       17.186 (%) 
Cl( 6, 6) in Cl( 6, 6) CPU =        1.812 ms (setup)        0.018 (*)       24.201 (^)       24.965 (&)       24.239 (%) 
Cl( 7, 6) in Cl( 7, 6) CPU =        4.423 ms (setup)        0.047 (*)      108.568 (^)      121.025 (&)      107.809 (%) 
Cl( 7, 7) in Cl( 7, 7) CPU =        9.014 ms (setup)        0.280 (*)      145.469 (^)      159.963 (&)      145.165 (%) 
Cl( 8, 7) in Cl( 8, 7) CPU =       22.262 ms (setup)        1.272 (*)      764.499 (^)      687.232 (&)      595.125 (%) 
Cl( 8, 8) in Cl( 8, 8) CPU =       45.145 ms (setup)        1.670 (*)      784.502 (^)      908.116 (&)      786.104 (%) 
Cl( 1, 0) in Cl( 8, 8) CPU =        0.028 ms (setup)        1.054 (*)        7.370 (^)        3.201 (&)        6.094 (%) 
Cl( 1, 1) in Cl( 8, 8) CPU =        0.022 ms (setup)        1.030 (*)       13.456 (^)        6.942 (&)       10.027 (%) 
Cl( 2, 1) in Cl( 8, 8) CPU =        0.042 ms (setup)        1.573 (*)       21.977 (^)       13.253 (&)       15.079 (%) 
Cl( 2, 2) in Cl( 8, 8) CPU =        0.356 ms (setup)        0.718 (*)       32.410 (^)       21.317 (&)       21.160 (%) 
Cl( 3, 2) in Cl( 8, 8) CPU =        0.393 ms (setup)        0.233 (*)       45.466 (^)       32.083 (&)       28.569 (%) 
Cl( 3, 3) in Cl( 8, 8) CPU =        0.496 ms (setup)        0.233 (*)       61.428 (^)       45.589 (&)       37.953 (%) 
Cl( 4, 3) in Cl( 8, 8) CPU =        0.490 ms (setup)        0.233 (*)       80.804 (^)       62.522 (&)       49.207 (%) 
Cl( 4, 4) in Cl( 8, 8) CPU =        0.696 ms (setup)        0.228 (*)      100.873 (^)       80.158 (&)       60.703 (%) 
Cl( 5, 4) in Cl( 8, 8) CPU =        1.026 ms (setup)        0.233 (*)      123.357 (^)      102.468 (&)       75.222 (%) 
Cl( 5, 5) in Cl( 8, 8) CPU =        1.734 ms (setup)        1.343 (*)      141.673 (^)      125.858 (&)       90.313 (%) 
Cl( 6, 5) in Cl( 8, 8) CPU =        3.655 ms (setup)        0.772 (*)      174.577 (^)      163.341 (&)      117.760 (%) 
Cl( 6, 6) in Cl( 8, 8) CPU =        6.650 ms (setup)        1.367 (*)      194.101 (^)      197.461 (&)      141.684 (%) 
Cl( 7, 6) in Cl( 8, 8) CPU =       15.456 ms (setup)        1.004 (*)      280.180 (^)      297.815 (&)      220.397 (%) 
Cl( 7, 7) in Cl( 8, 8) CPU =       29.334 ms (setup)        0.225 (*)      323.788 (^)      358.301 (&)      278.465 (%) 
Cl( 8, 7) in Cl( 8, 8) CPU =       72.439 ms (setup)        0.223 (*)      638.448 (^)      698.795 (&)      605.296 (%) 
Cl( 8, 8) in Cl( 8, 8) CPU =       45.511 ms (setup)        0.887 (*)      784.457 (^)      925.728 (&)      783.221 (%) 
