
framed_multi<double>
Clifford algebra squaring test:
Fill: 0.5
Cl( 1, 0) in Cl( 1, 0) CPU =        0.022 ms (setup)        0.004 (*) 
Cl( 1, 1) in Cl( 1, 1) CPU =        0.001 ms (setup)        0.001 (*) 
Cl( 2, 1) in Cl( 2, 1) CPU =        0.001 ms (setup)        0.003 (*) 
Cl( 2, 2) in Cl( 2, 2) CPU =        0.001 ms (setup)        0.003 (*) 
Cl( 3, 2) in Cl( 3, 2) CPU =        0.001 ms (setup)        0.005 (*) 
Cl( 3, 3) in Cl( 3, 3) CPU =        0.003 ms (setup)        0.014 (*) 
Cl( 4, 3) in Cl( 4, 3) CPU =        0.007 ms (setup)        0.036 (*) 
Cl( 4, 4) in Cl( 4, 4) CPU =        0.013 ms (setup)        0.252 (*) 
Cl( 5, 4) in Cl( 5, 4) CPU =        0.029 ms (setup)        0.649 (*) 
Cl( 5, 5) in Cl( 5, 5) CPU =        0.057 ms (setup)        0.853 (*) 
Cl( 6, 5) in Cl( 6, 5) CPU =        0.115 ms (setup)        3.060 (*) 
Cl( 6, 6) in Cl( 6, 6) CPU =        0.229 ms (setup)        4.141 (*) 
Cl( 7, 6) in Cl( 7, 6) CPU =        0.473 ms (setup)       15.691 (*) 
Cl( 7, 7) in Cl( 7, 7) CPU =        0.958 ms (setup)       20.859 (*) 
Cl( 8, 7) in Cl( 8, 7) CPU =        1.941 ms (setup)       75.021 (*) 
Cl( 8, 8) in Cl( 8, 8) CPU =        3.917 ms (setup)      102.557 (*) 
Cl( 9, 8) in Cl( 9, 8) CPU =        8.179 ms (setup)      279.506 (*) 
Cl( 9, 9) in Cl( 9, 9) CPU =       16.772 ms (setup)      540.497 (*) 
Cl(10, 9) in Cl(10, 9) CPU =       34.922 ms (setup)     2101.796 (*) 
Cl(10,10) in Cl(10,10) CPU =       72.835 ms (setup)     3061.387 (*) 
Cl(11,10) in Cl(11,10) CPU =      149.502 ms (setup)    12536.520 (*) 
Cl(11,11) in Cl(11,11) CPU =      294.189 ms (setup)    18937.902 (*) 
Fill: 1
Cl( 1, 0) in Cl( 1, 0) CPU =        0.003 ms (setup)        0.004 (*) 
Cl( 1, 1) in Cl( 1, 1) CPU =        0.001 ms (setup)        0.002 (*) 
Cl( 2, 1) in Cl( 2, 1) CPU =        0.001 ms (setup)        0.003 (*) 
Cl( 2, 2) in Cl( 2, 2) CPU =        0.001 ms (setup)        0.004 (*) 
Cl( 3, 2) in Cl( 3, 2) CPU =        0.004 ms (setup)        0.009 (*) 
Cl( 3, 3) in Cl( 3, 3) CPU =        0.006 ms (setup)        0.024 (*) 
Cl( 4, 3) in Cl( 4, 3) CPU =        0.011 ms (setup)        0.071 (*) 
Cl( 4, 4) in Cl( 4, 4) CPU =        0.022 ms (setup)        0.242 (*) 
Cl( 5, 4) in Cl( 5, 4) CPU =        0.044 ms (setup)        0.769 (*) 
Cl( 5, 5) in Cl( 5, 5) CPU =        0.091 ms (setup)        1.102 (*) 
Cl( 6, 5) in Cl( 6, 5) CPU =        0.184 ms (setup)        3.690 (*) 
Cl( 6, 6) in Cl( 6, 6) CPU =        0.365 ms (setup)        5.492 (*) 
Cl( 7, 6) in Cl( 7, 6) CPU =        0.754 ms (setup)       18.782 (*) 
Cl( 7, 7) in Cl( 7, 7) CPU =        1.516 ms (setup)       28.159 (*) 
Cl( 8, 7) in Cl( 8, 7) CPU =        3.124 ms (setup)       94.113 (*) 
Cl( 8, 8) in Cl( 8, 8) CPU =        6.216 ms (setup)      145.018 (*) 
Cl( 9, 8) in Cl( 9, 8) CPU =       13.206 ms (setup)      398.160 (*) 
Cl( 9, 9) in Cl( 9, 9) CPU =       27.310 ms (setup)      800.826 (*) 
Cl(10, 9) in Cl(10, 9) CPU =       59.185 ms (setup)     2870.890 (*) 
Cl(10,10) in Cl(10,10) CPU =      129.387 ms (setup)     4814.779 (*) 
Cl(11,10) in Cl(11,10) CPU =      255.872 ms (setup)    17971.280 (*) 
Cl(11,11) in Cl(11,11) CPU =      500.681 ms (setup)    31199.906 (*) 

matrix_multi<double>
Clifford algebra squaring test:
Fill: 0.5
Cl( 1, 0) in Cl( 1, 0) CPU =        0.003 ms (setup)        0.001 (*) 
Cl( 1, 1) in Cl( 1, 1) CPU =        0.016 ms (setup)        0.000 (*) 
Cl( 2, 1) in Cl( 2, 1) CPU =        0.008 ms (setup)        0.000 (*) 
Cl( 2, 2) in Cl( 2, 2) CPU =        0.006 ms (setup)        0.001 (*) 
Cl( 3, 2) in Cl( 3, 2) CPU =        0.020 ms (setup)        0.003 (*) 
Cl( 3, 3) in Cl( 3, 3) CPU =        0.017 ms (setup)        0.001 (*) 
Cl( 4, 3) in Cl( 4, 3) CPU =        0.027 ms (setup)        0.002 (*) 
Cl( 4, 4) in Cl( 4, 4) CPU =        0.059 ms (setup)        0.001 (*) 
Cl( 5, 4) in Cl( 5, 4) CPU =        0.133 ms (setup)        0.004 (*) 
Cl( 5, 5) in Cl( 5, 5) CPU =        0.243 ms (setup)        0.003 (*) 
Cl( 6, 5) in Cl( 6, 5) CPU =        0.592 ms (setup)        0.018 (*) 
Cl( 6, 6) in Cl( 6, 6) CPU =        1.174 ms (setup)        0.018 (*) 
Cl( 7, 6) in Cl( 7, 6) CPU =        2.735 ms (setup)        0.081 (*) 
Cl( 7, 7) in Cl( 7, 7) CPU =        6.094 ms (setup)        0.066 (*) 
Cl( 8, 7) in Cl( 8, 7) CPU =       13.556 ms (setup)        0.265 (*) 
Cl( 8, 8) in Cl( 8, 8) CPU =       27.199 ms (setup)        0.609 (*) 
Cl( 9, 8) in Cl( 9, 8) CPU =       64.748 ms (setup)        4.249 (*) 
Cl( 9, 9) in Cl( 9, 9) CPU =      129.959 ms (setup)        6.248 (*) 
Cl(10, 9) in Cl(10, 9) CPU =      330.098 ms (setup)       47.139 (*) 
Cl(10,10) in Cl(10,10) CPU =      673.413 ms (setup)       46.723 (*) 
Cl(11,10) in Cl(11,10) CPU =     1864.927 ms (setup)      365.481 (*) 
Cl(11,11) in Cl(11,11) CPU =     3863.632 ms (setup)      365.361 (*) 
Fill: 1
Cl( 1, 0) in Cl( 1, 0) CPU =        0.010 ms (setup)        0.001 (*) 
Cl( 1, 1) in Cl( 1, 1) CPU =        0.004 ms (setup)        0.001 (*) 
Cl( 2, 1) in Cl( 2, 1) CPU =        0.004 ms (setup)        0.001 (*) 
Cl( 2, 2) in Cl( 2, 2) CPU =        0.006 ms (setup)        0.001 (*) 
Cl( 3, 2) in Cl( 3, 2) CPU =        2.045 ms (setup)        0.003 (*) 
Cl( 3, 3) in Cl( 3, 3) CPU =        0.019 ms (setup)        0.001 (*) 
Cl( 4, 3) in Cl( 4, 3) CPU =        3.027 ms (setup)        0.002 (*) 
Cl( 4, 4) in Cl( 4, 4) CPU =        0.081 ms (setup)        0.001 (*) 
Cl( 5, 4) in Cl( 5, 4) CPU =        0.198 ms (setup)        0.004 (*) 
Cl( 5, 5) in Cl( 5, 5) CPU =        0.386 ms (setup)        0.004 (*) 
Cl( 6, 5) in Cl( 6, 5) CPU =        0.932 ms (setup)        0.018 (*) 
Cl( 6, 6) in Cl( 6, 6) CPU =        1.830 ms (setup)        0.017 (*) 
Cl( 7, 6) in Cl( 7, 6) CPU =        4.474 ms (setup)        0.072 (*) 
Cl( 7, 7) in Cl( 7, 7) CPU =        9.645 ms (setup)        0.064 (*) 
Cl( 8, 7) in Cl( 8, 7) CPU =       23.159 ms (setup)        0.257 (*) 
Cl( 8, 8) in Cl( 8, 8) CPU =       46.730 ms (setup)        0.999 (*) 
Cl( 9, 8) in Cl( 9, 8) CPU =      118.093 ms (setup)        5.094 (*) 
Cl( 9, 9) in Cl( 9, 9) CPU =      243.160 ms (setup)        5.637 (*) 
Cl(10, 9) in Cl(10, 9) CPU =      667.798 ms (setup)       45.730 (*) 
Cl(10,10) in Cl(10,10) CPU =     1391.343 ms (setup)       45.996 (*) 
Cl(11,10) in Cl(11,10) CPU =     4125.294 ms (setup)      381.684 (*) 
Cl(11,11) in Cl(11,11) CPU =     8672.130 ms (setup)      365.927 (*) 
