expressions/expressions
	linux-vdso.so.1 (0x0000fffee8d2c000)
	libarmadillo.so.12 => /lib64/libarmadillo.so.12 (0x0000fffee8cc0000)
	libflexiblas.so.3 => /lib64/libflexiblas.so.3 (0x0000fffee86f0000)
	libstdc++.so.6 => /lib64/libstdc++.so.6 (0x0000fffee8440000)
	libm.so.6 => /lib64/libm.so.6 (0x0000fffee8370000)
	libgcc_s.so.1 => /lib64/libgcc_s.so.1 (0x0000fffee8330000)
	libc.so.6 => /lib64/libc.so.6 (0x0000fffee8160000)
	libarpack.so.2 => /lib64/libarpack.so.2 (0x0000fffee8100000)
	libgfortran.so.5 => /lib64/libgfortran.so.5 (0x0000fffee7f30000)
	/lib/ld-linux-aarch64.so.1 (0x0000fffee8d30000)
gfft_test/gfft_test
	linux-vdso.so.1 (0x0000ffff5010c000)
	libarmadillo.so.12 => /lib64/libarmadillo.so.12 (0x0000ffff500a0000)
	libflexiblas.so.3 => /lib64/libflexiblas.so.3 (0x0000ffff4fad0000)
	libstdc++.so.6 => /lib64/libstdc++.so.6 (0x0000ffff4f820000)
	libm.so.6 => /lib64/libm.so.6 (0x0000ffff4f750000)
	libgcc_s.so.1 => /lib64/libgcc_s.so.1 (0x0000ffff4f710000)
	libc.so.6 => /lib64/libc.so.6 (0x0000ffff4f540000)
	libarpack.so.2 => /lib64/libarpack.so.2 (0x0000ffff4f4e0000)
	libgfortran.so.5 => /lib64/libgfortran.so.5 (0x0000ffff4f310000)
	/lib/ld-linux-aarch64.so.1 (0x0000ffff50110000)
products/products
	linux-vdso.so.1 (0x0000ffff1416c000)
	libarmadillo.so.12 => /lib64/libarmadillo.so.12 (0x0000ffff14100000)
	libflexiblas.so.3 => /lib64/libflexiblas.so.3 (0x0000ffff13b30000)
	libstdc++.so.6 => /lib64/libstdc++.so.6 (0x0000ffff13880000)
	libm.so.6 => /lib64/libm.so.6 (0x0000ffff137b0000)
	libgcc_s.so.1 => /lib64/libgcc_s.so.1 (0x0000ffff13770000)
	libc.so.6 => /lib64/libc.so.6 (0x0000ffff135a0000)
	libarpack.so.2 => /lib64/libarpack.so.2 (0x0000ffff13540000)
	libgfortran.so.5 => /lib64/libgfortran.so.5 (0x0000ffff13370000)
	/lib/ld-linux-aarch64.so.1 (0x0000ffff14170000)
squaring/squaring
	linux-vdso.so.1 (0x0000ffff4b25c000)
	libarmadillo.so.12 => /lib64/libarmadillo.so.12 (0x0000ffff4b1f0000)
	libflexiblas.so.3 => /lib64/libflexiblas.so.3 (0x0000ffff4ac20000)
	libstdc++.so.6 => /lib64/libstdc++.so.6 (0x0000ffff4a970000)
	libm.so.6 => /lib64/libm.so.6 (0x0000ffff4a8a0000)
	libgcc_s.so.1 => /lib64/libgcc_s.so.1 (0x0000ffff4a860000)
	libc.so.6 => /lib64/libc.so.6 (0x0000ffff4a690000)
	libarpack.so.2 => /lib64/libarpack.so.2 (0x0000ffff4a630000)
	libgfortran.so.5 => /lib64/libgfortran.so.5 (0x0000ffff4a460000)
	/lib/ld-linux-aarch64.so.1 (0x0000ffff4b260000)
transforms/transforms
	linux-vdso.so.1 (0x0000ffffab1dc000)
	libarmadillo.so.12 => /lib64/libarmadillo.so.12 (0x0000ffffab170000)
	libflexiblas.so.3 => /lib64/libflexiblas.so.3 (0x0000ffffaaba0000)
	libstdc++.so.6 => /lib64/libstdc++.so.6 (0x0000ffffaa8f0000)
	libm.so.6 => /lib64/libm.so.6 (0x0000ffffaa820000)
	libgcc_s.so.1 => /lib64/libgcc_s.so.1 (0x0000ffffaa7e0000)
	libc.so.6 => /lib64/libc.so.6 (0x0000ffffaa610000)
	libarpack.so.2 => /lib64/libarpack.so.2 (0x0000ffffaa5b0000)
	libgfortran.so.5 => /lib64/libgfortran.so.5 (0x0000ffffaa3e0000)
	/lib/ld-linux-aarch64.so.1 (0x0000ffffab1e0000)
versor/versor
	linux-vdso.so.1 (0x0000fffed115c000)
	libarmadillo.so.12 => /lib64/libarmadillo.so.12 (0x0000fffed10f0000)
	libflexiblas.so.3 => /lib64/libflexiblas.so.3 (0x0000fffed0b20000)
	libstdc++.so.6 => /lib64/libstdc++.so.6 (0x0000fffed0870000)
	libm.so.6 => /lib64/libm.so.6 (0x0000fffed07a0000)
	libgcc_s.so.1 => /lib64/libgcc_s.so.1 (0x0000fffed0760000)
	libc.so.6 => /lib64/libc.so.6 (0x0000fffed0590000)
	libarpack.so.2 => /lib64/libarpack.so.2 (0x0000fffed0530000)
	libgfortran.so.5 => /lib64/libgfortran.so.5 (0x0000fffed0360000)
	/lib/ld-linux-aarch64.so.1 (0x0000fffed1160000)
