
framed_multi<float,-4,4>
Clifford algebra products test:
Fill: 0.5
Cl( 1, 0) in Cl( 1, 0) CPU =        0.001 ms (setup)        0.001 (*)        0.007 (^)        0.001 (&)        0.001 (%) 
Cl( 1, 1) in Cl( 1, 1) CPU =        0.001 ms (setup)        0.001 (*)        0.001 (^)        0.000 (&)        0.001 (%) 
Cl( 2, 1) in Cl( 2, 1) CPU =        0.001 ms (setup)        0.001 (*)        0.002 (^)        0.001 (&)        0.001 (%) 
Cl( 2, 2) in Cl( 2, 2) CPU =        0.001 ms (setup)        0.002 (*)        0.002 (^)        0.001 (&)        0.001 (%) 
Cl( 3, 2) in Cl( 3, 2) CPU =        0.002 ms (setup)        0.004 (*)        0.003 (^)        0.002 (&)        0.002 (%) 
Cl( 3, 3) in Cl( 3, 3) CPU =        0.003 ms (setup)        0.009 (*)        0.006 (^)        0.004 (&)        0.003 (%) 
Cl( 4, 3) in Cl( 4, 3) CPU =        0.007 ms (setup)        0.022 (*)        0.017 (^)        0.009 (&)        0.007 (%) 
Cl( 4, 4) in Cl( 4, 4) CPU =        0.013 ms (setup)        0.169 (*)        0.047 (^)        0.029 (&)        0.018 (%) 
Cl( 1, 0) in Cl( 4, 4) CPU =        0.000 ms (setup)        0.000 (*)        0.000 (^)        0.000 (&)        0.000 (%) 
Cl( 1, 1) in Cl( 4, 4) CPU =        0.001 ms (setup)        0.000 (*)        0.000 (^)        0.000 (&)        0.001 (%) 
Cl( 2, 1) in Cl( 4, 4) CPU =        0.001 ms (setup)        0.000 (*)        0.001 (^)        0.000 (&)        0.000 (%) 
Cl( 2, 2) in Cl( 4, 4) CPU =        0.001 ms (setup)        0.001 (*)        0.002 (^)        0.001 (&)        0.001 (%) 
Cl( 3, 2) in Cl( 4, 4) CPU =        0.002 ms (setup)        0.004 (*)        0.003 (^)        0.002 (&)        0.002 (%) 
Cl( 3, 3) in Cl( 4, 4) CPU =        0.004 ms (setup)        0.009 (*)        0.007 (^)        0.004 (&)        0.003 (%) 
Cl( 4, 3) in Cl( 4, 4) CPU =        0.007 ms (setup)        0.023 (*)        0.017 (^)        0.011 (&)        0.007 (%) 
Cl( 4, 4) in Cl( 4, 4) CPU =        0.013 ms (setup)        0.159 (*)        0.052 (^)        0.033 (&)        0.019 (%) 
Fill: 1
Cl( 1, 0) in Cl( 1, 0) CPU =        0.001 ms (setup)        0.001 (*)        0.002 (^)        0.000 (&)        0.001 (%) 
Cl( 1, 1) in Cl( 1, 1) CPU =        0.001 ms (setup)        0.001 (*)        0.001 (^)        0.001 (&)        0.001 (%) 
Cl( 2, 1) in Cl( 2, 1) CPU =        0.001 ms (setup)        0.001 (*)        0.001 (^)        0.001 (&)        0.001 (%) 
Cl( 2, 2) in Cl( 2, 2) CPU =        0.001 ms (setup)        0.002 (*)        0.002 (^)        0.001 (&)        0.001 (%) 
Cl( 3, 2) in Cl( 3, 2) CPU =        0.003 ms (setup)        0.005 (*)        0.003 (^)        0.003 (&)        0.002 (%) 
Cl( 3, 3) in Cl( 3, 3) CPU =        0.005 ms (setup)        0.015 (*)        0.006 (^)        0.005 (&)        0.005 (%) 
Cl( 4, 3) in Cl( 4, 3) CPU =        0.009 ms (setup)        0.049 (*)        0.014 (^)        0.014 (&)        0.010 (%) 
Cl( 4, 4) in Cl( 4, 4) CPU =        0.019 ms (setup)        0.202 (*)        0.036 (^)        0.038 (&)        0.026 (%) 
Cl( 1, 0) in Cl( 4, 4) CPU =        0.001 ms (setup)        0.001 (*)        0.001 (^)        0.000 (&)        0.000 (%) 
Cl( 1, 1) in Cl( 4, 4) CPU =        0.001 ms (setup)        0.001 (*)        0.001 (^)        0.001 (&)        0.001 (%) 
Cl( 2, 1) in Cl( 4, 4) CPU =        0.001 ms (setup)        0.001 (*)        0.001 (^)        0.001 (&)        0.001 (%) 
Cl( 2, 2) in Cl( 4, 4) CPU =        0.001 ms (setup)        0.002 (*)        0.002 (^)        0.001 (&)        0.001 (%) 
Cl( 3, 2) in Cl( 4, 4) CPU =        0.002 ms (setup)        0.005 (*)        0.003 (^)        0.003 (&)        0.002 (%) 
Cl( 3, 3) in Cl( 4, 4) CPU =        0.005 ms (setup)        0.015 (*)        0.006 (^)        0.005 (&)        0.005 (%) 
Cl( 4, 3) in Cl( 4, 4) CPU =        0.009 ms (setup)        0.049 (*)        0.014 (^)        0.015 (&)        0.010 (%) 
Cl( 4, 4) in Cl( 4, 4) CPU =        0.020 ms (setup)        0.197 (*)        0.036 (^)        0.037 (&)        0.026 (%) 

matrix_multi<float,-4,4>
Clifford algebra products test:
Fill: 0.5
Cl( 1, 0) in Cl( 1, 0) CPU =        0.001 ms (setup)        0.007 (*)        0.003 (^)        0.002 (&)        0.002 (%) 
Cl( 1, 1) in Cl( 1, 1) CPU =        0.004 ms (setup)        0.000 (*)        0.002 (^)        0.002 (&)        0.003 (%) 
Cl( 2, 1) in Cl( 2, 1) CPU =        0.002 ms (setup)        0.001 (*)        0.009 (^)        0.006 (&)        0.008 (%) 
Cl( 2, 2) in Cl( 2, 2) CPU =        0.005 ms (setup)        0.001 (*)        0.016 (^)        0.013 (&)        0.017 (%) 
Cl( 3, 2) in Cl( 3, 2) CPU =        0.005 ms (setup)        0.001 (*)        0.058 (^)        0.058 (&)        0.065 (%) 
Cl( 3, 3) in Cl( 3, 3) CPU =        0.010 ms (setup)        0.001 (*)        0.098 (^)        0.087 (&)        0.098 (%) 
Cl( 4, 3) in Cl( 4, 3) CPU =        0.024 ms (setup)        0.001 (*)        0.412 (^)        0.416 (&)        0.432 (%) 
Cl( 4, 4) in Cl( 4, 4) CPU =        0.048 ms (setup)        0.001 (*)        0.673 (^)        0.649 (&)        0.676 (%) 
Cl( 1, 0) in Cl( 4, 4) CPU =        0.002 ms (setup)        0.001 (*)        0.014 (^)        0.013 (&)        0.013 (%) 
Cl( 1, 1) in Cl( 4, 4) CPU =        0.002 ms (setup)        0.001 (*)        0.020 (^)        0.017 (&)        0.021 (%) 
Cl( 2, 1) in Cl( 4, 4) CPU =        0.005 ms (setup)        0.001 (*)        0.034 (^)        0.022 (&)        0.027 (%) 
Cl( 2, 2) in Cl( 4, 4) CPU =        0.007 ms (setup)        0.001 (*)        0.050 (^)        0.035 (&)        0.040 (%) 
Cl( 3, 2) in Cl( 4, 4) CPU =        0.019 ms (setup)        0.001 (*)        0.095 (^)        0.072 (&)        0.080 (%) 
Cl( 3, 3) in Cl( 4, 4) CPU =        0.035 ms (setup)        0.001 (*)        0.143 (^)        0.115 (&)        0.115 (%) 
Cl( 4, 3) in Cl( 4, 4) CPU =        0.090 ms (setup)        0.001 (*)        0.413 (^)        0.407 (&)        0.403 (%) 
Cl( 4, 4) in Cl( 4, 4) CPU =        0.048 ms (setup)        0.001 (*)        0.631 (^)        0.650 (&)        0.651 (%) 
Fill: 1
Cl( 1, 0) in Cl( 1, 0) CPU =        0.001 ms (setup)        0.007 (*)        0.003 (^)        0.002 (&)        0.003 (%) 
Cl( 1, 1) in Cl( 1, 1) CPU =        0.001 ms (setup)        0.000 (*)        0.004 (^)        0.002 (&)        0.004 (%) 
Cl( 2, 1) in Cl( 2, 1) CPU =        0.001 ms (setup)        0.001 (*)        0.012 (^)        0.011 (&)        0.012 (%) 
Cl( 2, 2) in Cl( 2, 2) CPU =        0.003 ms (setup)        0.000 (*)        0.019 (^)        0.016 (&)        0.019 (%) 
Cl( 3, 2) in Cl( 3, 2) CPU =        0.006 ms (setup)        0.001 (*)        0.072 (^)        0.072 (&)        0.071 (%) 
Cl( 3, 3) in Cl( 3, 3) CPU =        0.011 ms (setup)        0.001 (*)        0.113 (^)        0.105 (&)        0.113 (%) 
Cl( 4, 3) in Cl( 4, 3) CPU =        0.035 ms (setup)        0.001 (*)        0.491 (^)        0.496 (&)        0.495 (%) 
Cl( 4, 4) in Cl( 4, 4) CPU =        0.068 ms (setup)        0.001 (*)        0.750 (^)        0.749 (&)        0.757 (%) 
Cl( 1, 0) in Cl( 4, 4) CPU =        0.003 ms (setup)        0.001 (*)        0.024 (^)        0.015 (&)        0.020 (%) 
Cl( 1, 1) in Cl( 4, 4) CPU =        0.003 ms (setup)        0.001 (*)        0.029 (^)        0.018 (&)        0.025 (%) 
Cl( 2, 1) in Cl( 4, 4) CPU =        0.005 ms (setup)        0.001 (*)        0.045 (^)        0.031 (&)        0.035 (%) 
Cl( 2, 2) in Cl( 4, 4) CPU =        0.010 ms (setup)        0.001 (*)        0.063 (^)        0.043 (&)        0.050 (%) 
Cl( 3, 2) in Cl( 4, 4) CPU =        0.024 ms (setup)        0.001 (*)        0.131 (^)        0.097 (&)        0.097 (%) 
Cl( 3, 3) in Cl( 4, 4) CPU =        0.043 ms (setup)        0.001 (*)        0.189 (^)        0.152 (&)        0.160 (%) 
Cl( 4, 3) in Cl( 4, 4) CPU =        0.114 ms (setup)        0.001 (*)        0.544 (^)        0.497 (&)        0.495 (%) 
Cl( 4, 4) in Cl( 4, 4) CPU =        0.067 ms (setup)        0.001 (*)        0.752 (^)        0.747 (&)        0.756 (%) 

framed_multi<double>
Clifford algebra products test:
Fill: 0.5
Cl( 1, 0) in Cl( 1, 0) CPU =        0.001 ms (setup)        0.001 (*)        0.001 (^)        0.001 (&)        0.001 (%) 
Cl( 1, 1) in Cl( 1, 1) CPU =        0.001 ms (setup)        0.001 (*)        0.000 (^)        0.000 (&)        0.001 (%) 
Cl( 2, 1) in Cl( 2, 1) CPU =        0.001 ms (setup)        0.002 (*)        0.001 (^)        0.001 (&)        0.001 (%) 
Cl( 2, 2) in Cl( 2, 2) CPU =        0.001 ms (setup)        0.002 (*)        0.002 (^)        0.001 (&)        0.002 (%) 
Cl( 3, 2) in Cl( 3, 2) CPU =        0.002 ms (setup)        0.004 (*)        0.003 (^)        0.003 (&)        0.003 (%) 
Cl( 3, 3) in Cl( 3, 3) CPU =        0.003 ms (setup)        0.011 (*)        0.006 (^)        0.005 (&)        0.007 (%) 
Cl( 4, 3) in Cl( 4, 3) CPU =        0.007 ms (setup)        0.028 (*)        0.015 (^)        0.013 (&)        0.015 (%) 
Cl( 4, 4) in Cl( 4, 4) CPU =        0.013 ms (setup)        0.153 (*)        0.051 (^)        0.037 (&)        0.035 (%) 
Cl( 5, 4) in Cl( 5, 4) CPU =        0.028 ms (setup)        0.564 (*)        0.153 (^)        0.118 (&)        0.101 (%) 
Cl( 5, 5) in Cl( 5, 5) CPU =        0.054 ms (setup)        0.768 (*)        0.443 (^)        0.323 (&)        0.231 (%) 
Cl( 6, 5) in Cl( 6, 5) CPU =        0.113 ms (setup)        2.902 (*)        1.286 (^)        0.915 (&)        0.627 (%) 
Cl( 6, 6) in Cl( 6, 6) CPU =        0.230 ms (setup)        3.966 (*)        3.673 (^)        2.746 (&)        1.616 (%) 
Cl( 7, 6) in Cl( 7, 6) CPU =        0.468 ms (setup)       14.896 (*)       11.013 (^)        8.284 (&)        4.915 (%) 
Cl( 7, 7) in Cl( 7, 7) CPU =        0.954 ms (setup)       20.189 (*)       32.196 (^)       24.137 (&)       13.434 (%) 
Cl( 8, 7) in Cl( 8, 7) CPU =        1.936 ms (setup)       72.606 (*)       95.645 (^)       70.389 (&)       38.845 (%) 
Cl( 8, 8) in Cl( 8, 8) CPU =        3.925 ms (setup)       99.805 (*)      283.538 (^)      210.755 (&)      113.639 (%) 
Cl( 1, 0) in Cl( 8, 8) CPU =        0.001 ms (setup)        0.000 (*)        0.000 (^)        0.000 (&)        0.001 (%) 
Cl( 1, 1) in Cl( 8, 8) CPU =        0.001 ms (setup)        0.000 (*)        0.000 (^)        0.001 (&)        0.001 (%) 
Cl( 2, 1) in Cl( 8, 8) CPU =        0.001 ms (setup)        0.000 (*)        0.001 (^)        0.001 (&)        0.000 (%) 
Cl( 2, 2) in Cl( 8, 8) CPU =        0.001 ms (setup)        0.002 (*)        0.002 (^)        0.001 (&)        0.002 (%) 
Cl( 3, 2) in Cl( 8, 8) CPU =        0.002 ms (setup)        0.004 (*)        0.002 (^)        0.002 (&)        0.003 (%) 
Cl( 3, 3) in Cl( 8, 8) CPU =        0.004 ms (setup)        0.009 (*)        0.005 (^)        0.005 (&)        0.005 (%) 
Cl( 4, 3) in Cl( 8, 8) CPU =        0.007 ms (setup)        0.023 (*)        0.013 (^)        0.011 (&)        0.013 (%) 
Cl( 4, 4) in Cl( 8, 8) CPU =        0.015 ms (setup)        0.156 (*)        0.052 (^)        0.040 (&)        0.037 (%) 
Cl( 5, 4) in Cl( 8, 8) CPU =        0.028 ms (setup)        0.571 (*)        0.156 (^)        0.116 (&)        0.098 (%) 
Cl( 5, 5) in Cl( 8, 8) CPU =        0.056 ms (setup)        0.764 (*)        0.433 (^)        0.331 (&)        0.223 (%) 
Cl( 6, 5) in Cl( 8, 8) CPU =        0.114 ms (setup)        2.905 (*)        1.274 (^)        0.909 (&)        0.599 (%) 
Cl( 6, 6) in Cl( 8, 8) CPU =        0.226 ms (setup)        3.932 (*)        3.682 (^)        2.643 (&)        1.603 (%) 
Cl( 7, 6) in Cl( 8, 8) CPU =        0.465 ms (setup)       14.855 (*)       10.790 (^)        8.012 (&)        4.591 (%) 
Cl( 7, 7) in Cl( 8, 8) CPU =        0.951 ms (setup)       20.072 (*)       32.192 (^)       23.927 (&)       13.349 (%) 
Cl( 8, 7) in Cl( 8, 8) CPU =        1.929 ms (setup)       72.246 (*)       95.525 (^)       70.270 (&)       38.827 (%) 
Cl( 8, 8) in Cl( 8, 8) CPU =        3.941 ms (setup)      100.187 (*)      283.811 (^)      212.471 (&)      114.282 (%) 
Fill: 1
Cl( 1, 0) in Cl( 1, 0) CPU =        0.001 ms (setup)        0.001 (*)        0.001 (^)        0.001 (&)        0.002 (%) 
Cl( 1, 1) in Cl( 1, 1) CPU =        0.001 ms (setup)        0.001 (*)        0.001 (^)        0.001 (&)        0.001 (%) 
Cl( 2, 1) in Cl( 2, 1) CPU =        0.001 ms (setup)        0.002 (*)        0.001 (^)        0.001 (&)        0.002 (%) 
Cl( 2, 2) in Cl( 2, 2) CPU =        0.002 ms (setup)        0.003 (*)        0.002 (^)        0.002 (&)        0.002 (%) 
Cl( 3, 2) in Cl( 3, 2) CPU =        0.003 ms (setup)        0.007 (*)        0.003 (^)        0.004 (&)        0.004 (%) 
Cl( 3, 3) in Cl( 3, 3) CPU =        0.005 ms (setup)        0.020 (*)        0.007 (^)        0.007 (&)        0.008 (%) 
Cl( 4, 3) in Cl( 4, 3) CPU =        0.009 ms (setup)        0.061 (*)        0.018 (^)        0.019 (&)        0.018 (%) 
Cl( 4, 4) in Cl( 4, 4) CPU =        0.020 ms (setup)        0.190 (*)        0.048 (^)        0.054 (&)        0.044 (%) 
Cl( 5, 4) in Cl( 5, 4) CPU =        0.039 ms (setup)        0.684 (*)        0.130 (^)        0.147 (&)        0.108 (%) 
Cl( 5, 5) in Cl( 5, 5) CPU =        0.081 ms (setup)        0.992 (*)        0.340 (^)        0.385 (&)        0.272 (%) 
Cl( 6, 5) in Cl( 6, 5) CPU =        0.161 ms (setup)        3.535 (*)        0.906 (^)        1.048 (&)        0.687 (%) 
Cl( 6, 6) in Cl( 6, 6) CPU =        0.327 ms (setup)        5.261 (*)        2.478 (^)        2.884 (&)        1.790 (%) 
Cl( 7, 6) in Cl( 7, 6) CPU =        0.681 ms (setup)       18.341 (*)        6.969 (^)        8.350 (&)        4.892 (%) 
Cl( 7, 7) in Cl( 7, 7) CPU =        1.415 ms (setup)       27.454 (*)       19.898 (^)       24.602 (&)       13.781 (%) 
Cl( 8, 7) in Cl( 8, 7) CPU =        2.784 ms (setup)       92.713 (*)       57.655 (^)       72.342 (&)       39.212 (%) 
Cl( 8, 8) in Cl( 8, 8) CPU =        5.800 ms (setup)      143.101 (*)      168.933 (^)      212.388 (&)      112.899 (%) 
Cl( 1, 0) in Cl( 8, 8) CPU =        0.001 ms (setup)        0.001 (*)        0.000 (^)        0.000 (&)        0.001 (%) 
Cl( 1, 1) in Cl( 8, 8) CPU =        0.001 ms (setup)        0.001 (*)        0.000 (^)        0.001 (&)        0.001 (%) 
Cl( 2, 1) in Cl( 8, 8) CPU =        0.001 ms (setup)        0.002 (*)        0.001 (^)        0.001 (&)        0.001 (%) 
Cl( 2, 2) in Cl( 8, 8) CPU =        0.001 ms (setup)        0.003 (*)        0.001 (^)        0.002 (&)        0.002 (%) 
Cl( 3, 2) in Cl( 8, 8) CPU =        0.003 ms (setup)        0.007 (*)        0.003 (^)        0.004 (&)        0.004 (%) 
Cl( 3, 3) in Cl( 8, 8) CPU =        0.005 ms (setup)        0.019 (*)        0.007 (^)        0.007 (&)        0.008 (%) 
Cl( 4, 3) in Cl( 8, 8) CPU =        0.009 ms (setup)        0.064 (*)        0.018 (^)        0.018 (&)        0.018 (%) 
Cl( 4, 4) in Cl( 8, 8) CPU =        0.020 ms (setup)        0.193 (*)        0.047 (^)        0.052 (&)        0.045 (%) 
Cl( 5, 4) in Cl( 8, 8) CPU =        0.040 ms (setup)        0.679 (*)        0.129 (^)        0.145 (&)        0.110 (%) 
Cl( 5, 5) in Cl( 8, 8) CPU =        0.081 ms (setup)        0.995 (*)        0.340 (^)        0.384 (&)        0.270 (%) 
Cl( 6, 5) in Cl( 8, 8) CPU =        0.161 ms (setup)        3.536 (*)        0.905 (^)        1.052 (&)        0.688 (%) 
Cl( 6, 6) in Cl( 8, 8) CPU =        0.328 ms (setup)        5.249 (*)        2.482 (^)        2.885 (&)        1.790 (%) 
Cl( 7, 6) in Cl( 8, 8) CPU =        0.680 ms (setup)       18.360 (*)        6.978 (^)        8.351 (&)        4.891 (%) 
Cl( 7, 7) in Cl( 8, 8) CPU =        1.411 ms (setup)       27.624 (*)       19.931 (^)       24.603 (&)       13.785 (%) 
Cl( 8, 7) in Cl( 8, 8) CPU =        2.791 ms (setup)       92.675 (*)       57.652 (^)       72.331 (&)       39.227 (%) 
Cl( 8, 8) in Cl( 8, 8) CPU =        5.788 ms (setup)      143.155 (*)      168.897 (^)      212.343 (&)      112.859 (%) 

matrix_multi<double>
Clifford algebra products test:
Fill: 0.5
Cl( 1, 0) in Cl( 1, 0) CPU =        0.002 ms (setup)        0.001 (*)        0.003 (^)        0.002 (&)        0.002 (%) 
Cl( 1, 1) in Cl( 1, 1) CPU =        0.003 ms (setup)        0.001 (*)        0.002 (^)        0.002 (&)        0.002 (%) 
Cl( 2, 1) in Cl( 2, 1) CPU =        0.003 ms (setup)        0.001 (*)        0.011 (^)        0.007 (&)        0.009 (%) 
Cl( 2, 2) in Cl( 2, 2) CPU =        0.003 ms (setup)        0.001 (*)        0.008 (^)        0.009 (&)        0.012 (%) 
Cl( 3, 2) in Cl( 3, 2) CPU =        0.011 ms (setup)        0.001 (*)        0.051 (^)        0.053 (&)        0.060 (%) 
Cl( 3, 3) in Cl( 3, 3) CPU =        0.011 ms (setup)        0.001 (*)        0.073 (^)        0.086 (&)        0.084 (%) 
Cl( 4, 3) in Cl( 4, 3) CPU =        0.026 ms (setup)        0.002 (*)        0.386 (^)        0.411 (&)        0.413 (%) 
Cl( 4, 4) in Cl( 4, 4) CPU =        0.049 ms (setup)        0.001 (*)        0.607 (^)        0.614 (&)        0.626 (%) 
Cl( 5, 4) in Cl( 5, 4) CPU =        0.119 ms (setup)        0.003 (*)        2.406 (^)        2.642 (&)        2.581 (%) 
Cl( 5, 5) in Cl( 5, 5) CPU =        0.226 ms (setup)        0.004 (*)        3.817 (^)        3.855 (&)        3.856 (%) 
Cl( 6, 5) in Cl( 6, 5) CPU =        0.552 ms (setup)        0.016 (*)       13.947 (^)       15.036 (&)       14.521 (%) 
Cl( 6, 6) in Cl( 6, 6) CPU =        1.091 ms (setup)        0.017 (*)       20.830 (^)       21.296 (&)       20.794 (%) 
Cl( 7, 6) in Cl( 7, 6) CPU =        2.587 ms (setup)        0.045 (*)       97.665 (^)      109.802 (&)       96.947 (%) 
Cl( 7, 7) in Cl( 7, 7) CPU =        5.157 ms (setup)        0.044 (*)      121.939 (^)      142.887 (&)      124.984 (%) 
Cl( 8, 7) in Cl( 8, 7) CPU =       12.476 ms (setup)        1.191 (*)      539.609 (^)      630.748 (&)      539.366 (%) 
Cl( 8, 8) in Cl( 8, 8) CPU =       25.062 ms (setup)        0.221 (*)      696.668 (^)      801.405 (&)      699.773 (%) 
Cl( 1, 0) in Cl( 8, 8) CPU =        0.010 ms (setup)        0.902 (*)        3.168 (^)        3.131 (&)        3.136 (%) 
Cl( 1, 1) in Cl( 8, 8) CPU =        0.018 ms (setup)        0.901 (*)        7.361 (^)        3.195 (&)        6.080 (%) 
Cl( 2, 1) in Cl( 8, 8) CPU =        0.027 ms (setup)        0.889 (*)       13.319 (^)        6.904 (&)       10.018 (%) 
Cl( 2, 2) in Cl( 8, 8) CPU =        0.078 ms (setup)        0.895 (*)       21.991 (^)       13.267 (&)       15.077 (%) 
Cl( 3, 2) in Cl( 8, 8) CPU =        0.315 ms (setup)        0.221 (*)       32.565 (^)       21.271 (&)       21.209 (%) 
Cl( 3, 3) in Cl( 8, 8) CPU =        0.400 ms (setup)        0.934 (*)       46.035 (^)       32.653 (&)       29.165 (%) 
Cl( 4, 3) in Cl( 8, 8) CPU =        0.477 ms (setup)        0.217 (*)       62.052 (^)       62.185 (&)       39.352 (%) 
Cl( 4, 4) in Cl( 8, 8) CPU =        0.550 ms (setup)        1.131 (*)       82.062 (^)       62.291 (&)       50.163 (%) 
Cl( 5, 4) in Cl( 8, 8) CPU =        0.830 ms (setup)        0.209 (*)      103.980 (^)       81.757 (&)       62.700 (%) 
Cl( 5, 5) in Cl( 8, 8) CPU =        1.294 ms (setup)        1.478 (*)      139.291 (^)      123.669 (&)       88.669 (%) 
Cl( 6, 5) in Cl( 8, 8) CPU =        2.526 ms (setup)        1.599 (*)      156.494 (^)      135.512 (&)      100.702 (%) 
Cl( 6, 6) in Cl( 8, 8) CPU =        4.667 ms (setup)        0.208 (*)      187.222 (^)      190.929 (&)      136.006 (%) 
Cl( 7, 6) in Cl( 8, 8) CPU =       10.661 ms (setup)        0.208 (*)      234.194 (^)      273.517 (&)      191.121 (%) 
Cl( 7, 7) in Cl( 8, 8) CPU =       20.564 ms (setup)        0.937 (*)      299.253 (^)      335.470 (&)      256.312 (%) 
Cl( 8, 7) in Cl( 8, 8) CPU =       48.607 ms (setup)        0.957 (*)      546.576 (^)      599.259 (&)      505.714 (%) 
Cl( 8, 8) in Cl( 8, 8) CPU =       24.998 ms (setup)        0.215 (*)      663.770 (^)      801.197 (&)      680.652 (%) 
Fill: 1
Cl( 1, 0) in Cl( 1, 0) CPU =        0.001 ms (setup)        0.001 (*)        0.003 (^)        0.002 (&)        0.003 (%) 
Cl( 1, 1) in Cl( 1, 1) CPU =        0.001 ms (setup)        0.001 (*)        0.004 (^)        0.002 (&)        0.003 (%) 
Cl( 2, 1) in Cl( 2, 1) CPU =        0.001 ms (setup)        0.001 (*)        0.012 (^)        0.010 (&)        0.011 (%) 
Cl( 2, 2) in Cl( 2, 2) CPU =        0.003 ms (setup)        0.000 (*)        0.018 (^)        0.018 (&)        0.018 (%) 
Cl( 3, 2) in Cl( 3, 2) CPU =        0.007 ms (setup)        0.001 (*)        0.069 (^)        0.070 (&)        0.068 (%) 
Cl( 3, 3) in Cl( 3, 3) CPU =        0.013 ms (setup)        0.000 (*)        0.115 (^)        0.107 (&)        0.115 (%) 
Cl( 4, 3) in Cl( 4, 3) CPU =        0.035 ms (setup)        0.001 (*)        0.487 (^)        0.490 (&)        0.485 (%) 
Cl( 4, 4) in Cl( 4, 4) CPU =        0.067 ms (setup)        0.001 (*)        0.730 (^)        0.726 (&)        0.729 (%) 
Cl( 5, 4) in Cl( 5, 4) CPU =        0.170 ms (setup)        0.004 (*)        2.796 (^)        2.869 (&)        2.810 (%) 
Cl( 5, 5) in Cl( 5, 5) CPU =        0.340 ms (setup)        0.003 (*)        4.149 (^)        4.197 (&)        4.157 (%) 
Cl( 6, 5) in Cl( 6, 5) CPU =        0.843 ms (setup)        0.016 (*)       15.743 (^)       16.379 (&)       15.810 (%) 
Cl( 6, 6) in Cl( 6, 6) CPU =        1.723 ms (setup)        0.016 (*)       22.188 (^)       22.960 (&)       22.285 (%) 
Cl( 7, 6) in Cl( 7, 6) CPU =        4.266 ms (setup)        0.044 (*)      101.657 (^)      114.028 (&)      101.200 (%) 
Cl( 7, 7) in Cl( 7, 7) CPU =        8.623 ms (setup)        0.041 (*)      135.436 (^)      149.739 (&)      135.280 (%) 
Cl( 8, 7) in Cl( 8, 7) CPU =       21.805 ms (setup)        0.728 (*)      721.865 (^)      652.120 (&)      560.308 (%) 
Cl( 8, 8) in Cl( 8, 8) CPU =       44.120 ms (setup)        0.210 (*)      736.453 (^)      845.769 (&)      737.183 (%) 
Cl( 1, 0) in Cl( 8, 8) CPU =        0.019 ms (setup)        0.902 (*)        7.349 (^)        3.182 (&)        6.029 (%) 
Cl( 1, 1) in Cl( 8, 8) CPU =        0.029 ms (setup)        0.900 (*)       13.363 (^)        6.931 (&)        9.950 (%) 
Cl( 2, 1) in Cl( 8, 8) CPU =        0.046 ms (setup)        1.246 (*)       21.838 (^)       13.204 (&)       14.986 (%) 
Cl( 2, 2) in Cl( 8, 8) CPU =        0.373 ms (setup)        1.538 (*)       32.282 (^)       21.235 (&)       21.070 (%) 
Cl( 3, 2) in Cl( 8, 8) CPU =        0.408 ms (setup)        0.208 (*)       45.343 (^)       31.986 (&)       28.529 (%) 
Cl( 3, 3) in Cl( 8, 8) CPU =        0.436 ms (setup)        1.065 (*)       61.290 (^)       45.543 (&)       37.992 (%) 
Cl( 4, 3) in Cl( 8, 8) CPU =        0.510 ms (setup)        0.211 (*)       80.286 (^)       62.125 (&)       49.049 (%) 
Cl( 4, 4) in Cl( 8, 8) CPU =        0.644 ms (setup)        1.212 (*)      100.067 (^)       79.563 (&)       60.402 (%) 
Cl( 5, 4) in Cl( 8, 8) CPU =        1.022 ms (setup)        0.209 (*)      122.496 (^)      101.648 (&)       74.689 (%) 
Cl( 5, 5) in Cl( 8, 8) CPU =        1.603 ms (setup)        0.218 (*)      140.709 (^)      124.734 (&)       89.731 (%) 
Cl( 6, 5) in Cl( 8, 8) CPU =        3.404 ms (setup)        0.211 (*)      171.513 (^)      160.551 (&)      115.657 (%) 
Cl( 6, 6) in Cl( 8, 8) CPU =        6.296 ms (setup)        0.209 (*)      190.496 (^)      193.675 (&)      138.471 (%) 
Cl( 7, 6) in Cl( 8, 8) CPU =       14.950 ms (setup)        0.897 (*)      270.998 (^)      279.841 (&)      212.413 (%) 
Cl( 7, 7) in Cl( 8, 8) CPU =       28.814 ms (setup)        0.208 (*)      309.971 (^)      345.913 (&)      266.755 (%) 
Cl( 8, 7) in Cl( 8, 8) CPU =       70.085 ms (setup)        0.218 (*)      603.987 (^)      651.451 (&)      561.785 (%) 
Cl( 8, 8) in Cl( 8, 8) CPU =       44.331 ms (setup)        0.711 (*)      737.909 (^)      840.731 (&)      738.727 (%) 
