expressions/expressions
	linux-vdso.so.1 (0x00007b52970b2000)
	libarmadillo.so.15 => /lib/libarmadillo.so.15 (0x00007b529706d000)
	libopenblas.so.0 => /usr/lib/x86_64-linux-gnu/libopenblas.so.0 (0x00007b5294520000)
	libstdc++.so.6 => /usr/lib/x86_64-linux-gnu/libstdc++.so.6 (0x00007b5294200000)
	libm.so.6 => /usr/lib/x86_64-linux-gnu/libm.so.6 (0x00007b52940da000)
	libgcc_s.so.1 => /usr/lib/x86_64-linux-gnu/libgcc_s.so.1 (0x00007b52944f2000)
	libc.so.6 => /usr/lib/x86_64-linux-gnu/libc.so.6 (0x00007b5293e00000)
	libblas.so.3 => /lib/x86_64-linux-gnu/libblas.so.3 (0x00007b5293600000)
	libarpack.so.2 => /usr/lib/x86_64-linux-gnu/libarpack.so.2 (0x00007b52944a7000)
	libsuperlu.so.7 => /usr/lib/x86_64-linux-gnu/libsuperlu.so.7 (0x00007b5294065000)
	/lib64/ld-linux-x86-64.so.2 (0x00007b52970b4000)
	libmvec.so.1 => /usr/lib/x86_64-linux-gnu/libmvec.so.1 (0x00007b5293505000)
	libgfortran.so.5 => /usr/lib/x86_64-linux-gnu/libgfortran.so.5 (0x00007b5293000000)
gfft_test/gfft_test
	linux-vdso.so.1 (0x00007274b0aa2000)
	libarmadillo.so.15 => /lib/libarmadillo.so.15 (0x00007274b0a5d000)
	libopenblas.so.0 => /usr/lib/x86_64-linux-gnu/libopenblas.so.0 (0x00007274ae120000)
	libstdc++.so.6 => /usr/lib/x86_64-linux-gnu/libstdc++.so.6 (0x00007274ade00000)
	libm.so.6 => /usr/lib/x86_64-linux-gnu/libm.so.6 (0x00007274b0937000)
	libgcc_s.so.1 => /usr/lib/x86_64-linux-gnu/libgcc_s.so.1 (0x00007274b0909000)
	libc.so.6 => /usr/lib/x86_64-linux-gnu/libc.so.6 (0x00007274ada00000)
	libblas.so.3 => /lib/x86_64-linux-gnu/libblas.so.3 (0x00007274ad200000)
	libarpack.so.2 => /usr/lib/x86_64-linux-gnu/libarpack.so.2 (0x00007274ae0d5000)
	libsuperlu.so.7 => /usr/lib/x86_64-linux-gnu/libsuperlu.so.7 (0x00007274add8b000)
	/lib64/ld-linux-x86-64.so.2 (0x00007274b0aa4000)
	libmvec.so.1 => /usr/lib/x86_64-linux-gnu/libmvec.so.1 (0x00007274adc90000)
	libgfortran.so.5 => /usr/lib/x86_64-linux-gnu/libgfortran.so.5 (0x00007274ace00000)
products/products
	linux-vdso.so.1 (0x00007f8af5964000)
	libarmadillo.so.15 => /lib/libarmadillo.so.15 (0x00007f8af591f000)
	libopenblas.so.0 => /usr/lib/x86_64-linux-gnu/libopenblas.so.0 (0x00007f8af2d20000)
	libstdc++.so.6 => /usr/lib/x86_64-linux-gnu/libstdc++.so.6 (0x00007f8af2a00000)
	libm.so.6 => /usr/lib/x86_64-linux-gnu/libm.so.6 (0x00007f8af57f9000)
	libgcc_s.so.1 => /usr/lib/x86_64-linux-gnu/libgcc_s.so.1 (0x00007f8af57cb000)
	libc.so.6 => /usr/lib/x86_64-linux-gnu/libc.so.6 (0x00007f8af2600000)
	libblas.so.3 => /lib/x86_64-linux-gnu/libblas.so.3 (0x00007f8af1e00000)
	libarpack.so.2 => /usr/lib/x86_64-linux-gnu/libarpack.so.2 (0x00007f8af2cd5000)
	libsuperlu.so.7 => /usr/lib/x86_64-linux-gnu/libsuperlu.so.7 (0x00007f8af298b000)
	/lib64/ld-linux-x86-64.so.2 (0x00007f8af5966000)
	libmvec.so.1 => /usr/lib/x86_64-linux-gnu/libmvec.so.1 (0x00007f8af2890000)
	libgfortran.so.5 => /usr/lib/x86_64-linux-gnu/libgfortran.so.5 (0x00007f8af1a00000)
squaring/squaring
	linux-vdso.so.1 (0x000073e547e3a000)
	libarmadillo.so.15 => /lib/libarmadillo.so.15 (0x000073e547df5000)
	libopenblas.so.0 => /usr/lib/x86_64-linux-gnu/libopenblas.so.0 (0x000073e545520000)
	libstdc++.so.6 => /usr/lib/x86_64-linux-gnu/libstdc++.so.6 (0x000073e545200000)
	libm.so.6 => /usr/lib/x86_64-linux-gnu/libm.so.6 (0x000073e5450da000)
	libgcc_s.so.1 => /usr/lib/x86_64-linux-gnu/libgcc_s.so.1 (0x000073e547dc7000)
	libc.so.6 => /usr/lib/x86_64-linux-gnu/libc.so.6 (0x000073e544e00000)
	libblas.so.3 => /lib/x86_64-linux-gnu/libblas.so.3 (0x000073e544600000)
	libarpack.so.2 => /usr/lib/x86_64-linux-gnu/libarpack.so.2 (0x000073e547d7a000)
	libsuperlu.so.7 => /usr/lib/x86_64-linux-gnu/libsuperlu.so.7 (0x000073e5454ab000)
	/lib64/ld-linux-x86-64.so.2 (0x000073e547e3c000)
	libmvec.so.1 => /usr/lib/x86_64-linux-gnu/libmvec.so.1 (0x000073e544505000)
	libgfortran.so.5 => /usr/lib/x86_64-linux-gnu/libgfortran.so.5 (0x000073e544000000)
transforms/transforms
	linux-vdso.so.1 (0x00007fde07240000)
	libarmadillo.so.15 => /lib/libarmadillo.so.15 (0x00007fde071fb000)
	libopenblas.so.0 => /usr/lib/x86_64-linux-gnu/libopenblas.so.0 (0x00007fde04920000)
	libstdc++.so.6 => /usr/lib/x86_64-linux-gnu/libstdc++.so.6 (0x00007fde04600000)
	libm.so.6 => /usr/lib/x86_64-linux-gnu/libm.so.6 (0x00007fde044da000)
	libgcc_s.so.1 => /usr/lib/x86_64-linux-gnu/libgcc_s.so.1 (0x00007fde071cd000)
	libc.so.6 => /usr/lib/x86_64-linux-gnu/libc.so.6 (0x00007fde04200000)
	libblas.so.3 => /lib/x86_64-linux-gnu/libblas.so.3 (0x00007fde03a00000)
	libarpack.so.2 => /usr/lib/x86_64-linux-gnu/libarpack.so.2 (0x00007fde07180000)
	libsuperlu.so.7 => /usr/lib/x86_64-linux-gnu/libsuperlu.so.7 (0x00007fde0710b000)
	/lib64/ld-linux-x86-64.so.2 (0x00007fde07242000)
	libmvec.so.1 => /usr/lib/x86_64-linux-gnu/libmvec.so.1 (0x00007fde03905000)
	libgfortran.so.5 => /usr/lib/x86_64-linux-gnu/libgfortran.so.5 (0x00007fde03400000)
versor/versor
	linux-vdso.so.1 (0x00007b9d6b3f2000)
	libarmadillo.so.15 => /lib/libarmadillo.so.15 (0x00007b9d6b3ad000)
	libopenblas.so.0 => /usr/lib/x86_64-linux-gnu/libopenblas.so.0 (0x00007b9d68b20000)
	libstdc++.so.6 => /usr/lib/x86_64-linux-gnu/libstdc++.so.6 (0x00007b9d68800000)
	libm.so.6 => /usr/lib/x86_64-linux-gnu/libm.so.6 (0x00007b9d686da000)
	libgcc_s.so.1 => /usr/lib/x86_64-linux-gnu/libgcc_s.so.1 (0x00007b9d6b37f000)
	libc.so.6 => /usr/lib/x86_64-linux-gnu/libc.so.6 (0x00007b9d68400000)
	libblas.so.3 => /lib/x86_64-linux-gnu/libblas.so.3 (0x00007b9d67c00000)
	libarpack.so.2 => /usr/lib/x86_64-linux-gnu/libarpack.so.2 (0x00007b9d6b332000)
	libsuperlu.so.7 => /usr/lib/x86_64-linux-gnu/libsuperlu.so.7 (0x00007b9d68aab000)
	/lib64/ld-linux-x86-64.so.2 (0x00007b9d6b3f4000)
	libmvec.so.1 => /usr/lib/x86_64-linux-gnu/libmvec.so.1 (0x00007b9d67b05000)
	libgfortran.so.5 => /usr/lib/x86_64-linux-gnu/libgfortran.so.5 (0x00007b9d67600000)
