
framed_multi<float,-4,4>
Clifford algebra products test:
Fill: 0.5
Cl( 1, 0) in Cl( 1, 0) CPU =        0.002 ms (setup)        0.002 (*)        0.002 (^)        0.001 (&)        0.001 (%) 
Cl( 1, 1) in Cl( 1, 1) CPU =        0.001 ms (setup)        0.001 (*)        0.001 (^)        0.001 (&)        0.001 (%) 
Cl( 2, 1) in Cl( 2, 1) CPU =        0.001 ms (setup)        0.002 (*)        0.002 (^)        0.001 (&)        0.001 (%) 
Cl( 2, 2) in Cl( 2, 2) CPU =        0.001 ms (setup)        0.002 (*)        0.002 (^)        0.001 (&)        0.002 (%) 
Cl( 3, 2) in Cl( 3, 2) CPU =        0.002 ms (setup)        0.004 (*)        0.003 (^)        0.002 (&)        0.002 (%) 
Cl( 3, 3) in Cl( 3, 3) CPU =        0.003 ms (setup)        0.008 (*)        0.006 (^)        0.004 (&)        0.004 (%) 
Cl( 4, 3) in Cl( 4, 3) CPU =        0.007 ms (setup)        0.024 (*)        0.015 (^)        0.009 (&)        0.007 (%) 
Cl( 4, 4) in Cl( 4, 4) CPU =        0.015 ms (setup)        0.159 (*)        0.036 (^)        0.022 (&)        0.017 (%) 
Cl( 1, 0) in Cl( 4, 4) CPU =        0.001 ms (setup)        0.001 (*)        0.000 (^)        0.000 (&)        0.000 (%) 
Cl( 1, 1) in Cl( 4, 4) CPU =        0.001 ms (setup)        0.001 (*)        0.001 (^)        0.001 (&)        0.001 (%) 
Cl( 2, 1) in Cl( 4, 4) CPU =        0.001 ms (setup)        0.002 (*)        0.002 (^)        0.002 (&)        0.001 (%) 
Cl( 2, 2) in Cl( 4, 4) CPU =        0.001 ms (setup)        0.002 (*)        0.002 (^)        0.001 (&)        0.001 (%) 
Cl( 3, 2) in Cl( 4, 4) CPU =        0.002 ms (setup)        0.004 (*)        0.003 (^)        0.003 (&)        0.002 (%) 
Cl( 3, 3) in Cl( 4, 4) CPU =        0.004 ms (setup)        0.021 (*)        0.006 (^)        0.004 (&)        0.003 (%) 
Cl( 4, 3) in Cl( 4, 4) CPU =        0.007 ms (setup)        0.023 (*)        0.014 (^)        0.010 (&)        0.007 (%) 
Cl( 4, 4) in Cl( 4, 4) CPU =        0.015 ms (setup)        0.159 (*)        0.040 (^)        0.027 (&)        0.018 (%) 
Fill: 1
Cl( 1, 0) in Cl( 1, 0) CPU =        0.001 ms (setup)        0.001 (*)        0.002 (^)        0.001 (&)        0.001 (%) 
Cl( 1, 1) in Cl( 1, 1) CPU =        0.001 ms (setup)        0.001 (*)        0.002 (^)        0.001 (&)        0.001 (%) 
Cl( 2, 1) in Cl( 2, 1) CPU =        0.001 ms (setup)        0.002 (*)        0.002 (^)        0.001 (&)        0.001 (%) 
Cl( 2, 2) in Cl( 2, 2) CPU =        0.001 ms (setup)        0.003 (*)        0.002 (^)        0.002 (&)        0.002 (%) 
Cl( 3, 2) in Cl( 3, 2) CPU =        0.003 ms (setup)        0.006 (*)        0.003 (^)        0.003 (&)        0.003 (%) 
Cl( 3, 3) in Cl( 3, 3) CPU =        0.005 ms (setup)        0.016 (*)        0.006 (^)        0.007 (&)        0.005 (%) 
Cl( 4, 3) in Cl( 4, 3) CPU =        0.009 ms (setup)        0.052 (*)        0.013 (^)        0.017 (&)        0.013 (%) 
Cl( 4, 4) in Cl( 4, 4) CPU =        0.021 ms (setup)        0.203 (*)        0.031 (^)        0.045 (&)        0.030 (%) 
Cl( 1, 0) in Cl( 4, 4) CPU =        0.001 ms (setup)        0.001 (*)        0.001 (^)        0.001 (&)        0.001 (%) 
Cl( 1, 1) in Cl( 4, 4) CPU =        0.001 ms (setup)        0.001 (*)        0.001 (^)        0.001 (&)        0.001 (%) 
Cl( 2, 1) in Cl( 4, 4) CPU =        0.001 ms (setup)        0.002 (*)        0.001 (^)        0.001 (&)        0.001 (%) 
Cl( 2, 2) in Cl( 4, 4) CPU =        0.002 ms (setup)        0.003 (*)        0.002 (^)        3.503 (&)        0.001 (%) 
Cl( 3, 2) in Cl( 4, 4) CPU =        0.003 ms (setup)        0.006 (*)        0.003 (^)        0.003 (&)        0.003 (%) 
Cl( 3, 3) in Cl( 4, 4) CPU =        0.005 ms (setup)        0.017 (*)        0.006 (^)        0.007 (&)        0.005 (%) 
Cl( 4, 3) in Cl( 4, 4) CPU =        0.009 ms (setup)        0.051 (*)        0.013 (^)        0.019 (&)        0.012 (%) 
Cl( 4, 4) in Cl( 4, 4) CPU =        0.021 ms (setup)        3.702 (*)        0.031 (^)        0.044 (&)        0.029 (%) 

matrix_multi<float,-4,4>
Clifford algebra products test:
Fill: 0.5
Cl( 1, 0) in Cl( 1, 0) CPU =        0.019 ms (setup)        0.001 (*)        0.004 (^)        0.003 (&)        0.004 (%) 
Cl( 1, 1) in Cl( 1, 1) CPU =        0.002 ms (setup)        0.000 (*)        0.003 (^)        0.003 (&)        0.003 (%) 
Cl( 2, 1) in Cl( 2, 1) CPU =        0.001 ms (setup)        0.001 (*)        0.005 (^)        0.009 (&)        0.007 (%) 
Cl( 2, 2) in Cl( 2, 2) CPU =        0.004 ms (setup)        0.001 (*)        0.019 (^)        0.011 (&)        3.024 (%) 
Cl( 3, 2) in Cl( 3, 2) CPU =        0.007 ms (setup)        0.001 (*)        0.071 (^)        0.060 (&)        0.066 (%) 
Cl( 3, 3) in Cl( 3, 3) CPU =        0.011 ms (setup)        0.001 (*)        3.599 (^)        0.095 (&)        0.093 (%) 
Cl( 4, 3) in Cl( 4, 3) CPU =        0.028 ms (setup)        0.001 (*)        3.934 (^)        3.926 (&)        3.927 (%) 
Cl( 4, 4) in Cl( 4, 4) CPU =        3.559 ms (setup)        0.001 (*)        7.730 (^)        4.223 (&)        4.244 (%) 
Cl( 1, 0) in Cl( 4, 4) CPU =        0.003 ms (setup)        0.001 (*)        0.005 (^)        0.004 (&)        0.004 (%) 
Cl( 1, 1) in Cl( 4, 4) CPU =        0.005 ms (setup)        0.001 (*)        0.033 (^)        0.020 (&)        3.530 (%) 
Cl( 2, 1) in Cl( 4, 4) CPU =        0.005 ms (setup)        0.001 (*)        0.037 (^)        0.025 (&)        0.030 (%) 
Cl( 2, 2) in Cl( 4, 4) CPU =        0.012 ms (setup)        0.001 (*)        0.061 (^)        0.041 (&)        0.049 (%) 
Cl( 3, 2) in Cl( 4, 4) CPU =        0.027 ms (setup)        0.001 (*)        0.081 (^)        0.072 (&)        0.074 (%) 
Cl( 3, 3) in Cl( 4, 4) CPU =        0.038 ms (setup)        0.001 (*)        0.151 (^)        0.128 (&)        3.634 (%) 
Cl( 4, 3) in Cl( 4, 4) CPU =        0.097 ms (setup)        0.001 (*)        3.954 (^)        3.960 (&)        3.953 (%) 
Cl( 4, 4) in Cl( 4, 4) CPU =        0.054 ms (setup)        0.001 (*)        4.194 (^)        7.729 (&)        7.732 (%) 
Fill: 1
Cl( 1, 0) in Cl( 1, 0) CPU =        0.003 ms (setup)        0.001 (*)        0.005 (^)        0.003 (&)        0.004 (%) 
Cl( 1, 1) in Cl( 1, 1) CPU =        0.001 ms (setup)        0.001 (*)        0.005 (^)        0.004 (&)        0.005 (%) 
Cl( 2, 1) in Cl( 2, 1) CPU =        0.002 ms (setup)        0.001 (*)        0.015 (^)        0.013 (&)        0.015 (%) 
Cl( 2, 2) in Cl( 2, 2) CPU =        0.003 ms (setup)        0.001 (*)        0.022 (^)        0.018 (&)        0.022 (%) 
Cl( 3, 2) in Cl( 3, 2) CPU =        0.007 ms (setup)        0.001 (*)        3.581 (^)        0.081 (&)        0.082 (%) 
Cl( 3, 3) in Cl( 3, 3) CPU =        0.013 ms (setup)        0.001 (*)        0.121 (^)        0.116 (&)        0.123 (%) 
Cl( 4, 3) in Cl( 4, 3) CPU =        0.035 ms (setup)        0.001 (*)        4.043 (^)        4.057 (&)        4.059 (%) 
Cl( 4, 4) in Cl( 4, 4) CPU =        3.574 ms (setup)        0.001 (*)        7.822 (^)        7.814 (&)        7.832 (%) 
Cl( 1, 0) in Cl( 4, 4) CPU =        0.004 ms (setup)        0.001 (*)        0.027 (^)        0.019 (&)        0.024 (%) 
Cl( 1, 1) in Cl( 4, 4) CPU =        0.003 ms (setup)        0.001 (*)        0.032 (^)        0.020 (&)        3.530 (%) 
Cl( 2, 1) in Cl( 4, 4) CPU =        0.005 ms (setup)        0.001 (*)        0.050 (^)        0.034 (&)        0.039 (%) 
Cl( 2, 2) in Cl( 4, 4) CPU =        0.011 ms (setup)        0.001 (*)        0.066 (^)        0.043 (&)        0.052 (%) 
Cl( 3, 2) in Cl( 4, 4) CPU =        0.026 ms (setup)        0.001 (*)        0.146 (^)        0.101 (&)        3.609 (%) 
Cl( 3, 3) in Cl( 4, 4) CPU =        0.046 ms (setup)        0.001 (*)        0.201 (^)        0.162 (&)        0.174 (%) 
Cl( 4, 3) in Cl( 4, 4) CPU =        0.121 ms (setup)        0.001 (*)        7.601 (^)        4.058 (&)        4.046 (%) 
Cl( 4, 4) in Cl( 4, 4) CPU =        0.071 ms (setup)        0.001 (*)        7.817 (^)        4.311 (&)        7.822 (%) 

framed_multi<double>
Clifford algebra products test:
Fill: 0.5
Cl( 1, 0) in Cl( 1, 0) CPU =        0.001 ms (setup)        0.001 (*)        0.001 (^)        0.001 (&)        0.003 (%) 
Cl( 1, 1) in Cl( 1, 1) CPU =        0.001 ms (setup)        0.001 (*)        0.001 (^)        0.001 (&)        0.001 (%) 
Cl( 2, 1) in Cl( 2, 1) CPU =        0.001 ms (setup)        0.002 (*)        0.001 (^)        0.001 (&)        0.001 (%) 
Cl( 2, 2) in Cl( 2, 2) CPU =        0.001 ms (setup)        0.002 (*)        0.002 (^)        0.002 (&)        0.002 (%) 
Cl( 3, 2) in Cl( 3, 2) CPU =        0.002 ms (setup)        0.005 (*)        0.003 (^)        0.003 (&)        0.003 (%) 
Cl( 3, 3) in Cl( 3, 3) CPU =        0.004 ms (setup)        0.011 (*)        0.005 (^)        0.005 (&)        0.007 (%) 
Cl( 4, 3) in Cl( 4, 3) CPU =        0.008 ms (setup)        0.032 (*)        0.013 (^)        0.016 (&)        0.015 (%) 
Cl( 4, 4) in Cl( 4, 4) CPU =        0.015 ms (setup)        0.169 (*)        0.034 (^)        0.030 (&)        0.033 (%) 
Cl( 5, 4) in Cl( 5, 4) CPU =        0.030 ms (setup)        4.108 (*)        0.132 (^)        0.105 (&)        0.089 (%) 
Cl( 5, 5) in Cl( 5, 5) CPU =        3.562 ms (setup)        4.729 (*)        0.471 (^)        0.290 (&)        0.204 (%) 
Cl( 6, 5) in Cl( 6, 5) CPU =        0.109 ms (setup)        2.776 (*)        1.270 (^)        0.878 (&)        0.566 (%) 
Cl( 6, 6) in Cl( 6, 6) CPU =        0.234 ms (setup)        3.796 (*)        3.598 (^)        2.596 (&)        1.496 (%) 
Cl( 7, 6) in Cl( 7, 6) CPU =        0.477 ms (setup)      111.797 (*)       95.877 (^)       71.945 (&)       22.817 (%) 
Cl( 7, 7) in Cl( 7, 7) CPU =        0.973 ms (setup)      156.130 (*)      164.608 (^)       24.646 (&)       12.777 (%) 
Cl( 8, 7) in Cl( 8, 7) CPU =        2.006 ms (setup)      572.177 (*)       94.605 (^)       72.514 (&)       37.904 (%) 
Cl( 8, 8) in Cl( 8, 8) CPU =        4.024 ms (setup)      660.435 (*)      278.029 (^)      217.903 (&)      114.261 (%) 
Cl( 1, 0) in Cl( 8, 8) CPU =        0.002 ms (setup)        0.001 (*)        0.001 (^)        0.001 (&)        0.001 (%) 
Cl( 1, 1) in Cl( 8, 8) CPU =        0.001 ms (setup)        0.001 (*)        0.000 (^)        0.001 (&)        0.001 (%) 
Cl( 2, 1) in Cl( 8, 8) CPU =        0.001 ms (setup)        0.001 (*)        0.000 (^)        0.000 (&)        0.001 (%) 
Cl( 2, 2) in Cl( 8, 8) CPU =        0.001 ms (setup)        0.002 (*)        0.002 (^)        0.001 (&)        0.003 (%) 
Cl( 3, 2) in Cl( 8, 8) CPU =        0.002 ms (setup)        0.004 (*)        0.002 (^)        0.002 (&)        0.003 (%) 
Cl( 3, 3) in Cl( 8, 8) CPU =        0.003 ms (setup)        0.009 (*)        0.005 (^)        0.005 (&)        0.005 (%) 
Cl( 4, 3) in Cl( 8, 8) CPU =        0.007 ms (setup)        0.022 (*)        0.011 (^)        0.009 (&)        0.012 (%) 
Cl( 4, 4) in Cl( 8, 8) CPU =        0.013 ms (setup)        0.152 (*)        0.033 (^)        0.028 (&)        0.030 (%) 
Cl( 5, 4) in Cl( 8, 8) CPU =        0.026 ms (setup)        0.554 (*)        0.117 (^)        0.106 (&)        0.079 (%) 
Cl( 5, 5) in Cl( 8, 8) CPU =        0.054 ms (setup)        0.720 (*)        0.417 (^)        0.288 (&)        0.201 (%) 
Cl( 6, 5) in Cl( 8, 8) CPU =        0.110 ms (setup)        2.624 (*)        1.238 (^)        0.911 (&)        0.546 (%) 
Cl( 6, 6) in Cl( 8, 8) CPU =        0.223 ms (setup)        3.563 (*)        3.562 (^)        2.599 (&)        1.469 (%) 
Cl( 7, 6) in Cl( 8, 8) CPU =        0.457 ms (setup)      111.781 (*)       92.058 (^)       68.281 (&)       31.155 (%) 
Cl( 7, 7) in Cl( 8, 8) CPU =        0.940 ms (setup)      151.976 (*)      168.195 (^)       24.253 (&)       13.559 (%) 
Cl( 8, 7) in Cl( 8, 8) CPU =        2.008 ms (setup)      598.703 (*)       93.732 (^)       70.790 (&)       38.157 (%) 
Cl( 8, 8) in Cl( 8, 8) CPU =        3.979 ms (setup)      671.930 (*)      273.684 (^)      218.528 (&)      112.850 (%) 
Fill: 1
Cl( 1, 0) in Cl( 1, 0) CPU =        0.002 ms (setup)        0.001 (*)        0.001 (^)        0.001 (&)        0.002 (%) 
Cl( 1, 1) in Cl( 1, 1) CPU =        0.001 ms (setup)        0.001 (*)        0.001 (^)        0.001 (&)        0.001 (%) 
Cl( 2, 1) in Cl( 2, 1) CPU =        0.001 ms (setup)        0.002 (*)        0.001 (^)        0.001 (&)        0.001 (%) 
Cl( 2, 2) in Cl( 2, 2) CPU =        0.002 ms (setup)        0.003 (*)        0.002 (^)        0.002 (&)        0.002 (%) 
Cl( 3, 2) in Cl( 3, 2) CPU =        0.003 ms (setup)        0.007 (*)        0.003 (^)        0.003 (&)        0.004 (%) 
Cl( 3, 3) in Cl( 3, 3) CPU =        0.005 ms (setup)        0.025 (*)        0.006 (^)        0.007 (&)        0.007 (%) 
Cl( 4, 3) in Cl( 4, 3) CPU =        0.010 ms (setup)        0.070 (*)        0.014 (^)        0.019 (&)        0.018 (%) 
Cl( 4, 4) in Cl( 4, 4) CPU =        0.018 ms (setup)        0.178 (*)        0.036 (^)        0.052 (&)        0.042 (%) 
Cl( 5, 4) in Cl( 5, 4) CPU =        0.037 ms (setup)        0.593 (*)        0.088 (^)        0.142 (&)        0.111 (%) 
Cl( 5, 5) in Cl( 5, 5) CPU =        0.080 ms (setup)        0.887 (*)        0.267 (^)        0.400 (&)        0.275 (%) 
Cl( 6, 5) in Cl( 6, 5) CPU =        0.167 ms (setup)        3.095 (*)        0.725 (^)        1.181 (&)        0.738 (%) 
Cl( 6, 6) in Cl( 6, 6) CPU =        0.330 ms (setup)        5.460 (*)        1.962 (^)        3.430 (&)        2.027 (%) 
Cl( 7, 6) in Cl( 7, 6) CPU =        0.688 ms (setup)      132.306 (*)       47.957 (^)       87.812 (&)       48.102 (%) 
Cl( 7, 7) in Cl( 7, 7) CPU =        8.973 ms (setup)      207.663 (*)      135.670 (^)       28.791 (&)       15.728 (%) 
Cl( 8, 7) in Cl( 8, 7) CPU =        2.933 ms (setup)      656.246 (*)       43.744 (^)       87.514 (&)       46.014 (%) 
Cl( 8, 8) in Cl( 8, 8) CPU =        5.959 ms (setup)      698.797 (*)      129.562 (^)      261.861 (&)      137.058 (%) 
Cl( 1, 0) in Cl( 8, 8) CPU =        0.002 ms (setup)        0.002 (*)        0.001 (^)        0.001 (&)        0.001 (%) 
Cl( 1, 1) in Cl( 8, 8) CPU =        0.001 ms (setup)        0.001 (*)        0.001 (^)        0.001 (&)        0.001 (%) 
Cl( 2, 1) in Cl( 8, 8) CPU =        0.002 ms (setup)        0.002 (*)        0.001 (^)        0.001 (&)        0.001 (%) 
Cl( 2, 2) in Cl( 8, 8) CPU =        0.002 ms (setup)        0.003 (*)        0.002 (^)        0.002 (&)        0.002 (%) 
Cl( 3, 2) in Cl( 8, 8) CPU =        0.003 ms (setup)        0.007 (*)        0.003 (^)        0.003 (&)        0.004 (%) 
Cl( 3, 3) in Cl( 8, 8) CPU =        0.005 ms (setup)        0.022 (*)        0.005 (^)        0.008 (&)        0.008 (%) 
Cl( 4, 3) in Cl( 8, 8) CPU =        0.010 ms (setup)        0.068 (*)        0.018 (^)        0.019 (&)        0.018 (%) 
Cl( 4, 4) in Cl( 8, 8) CPU =        0.020 ms (setup)        0.170 (*)        0.033 (^)        0.056 (&)        0.042 (%) 
Cl( 5, 4) in Cl( 8, 8) CPU =        0.040 ms (setup)        0.612 (*)        0.090 (^)        0.140 (&)        0.107 (%) 
Cl( 5, 5) in Cl( 8, 8) CPU =        0.079 ms (setup)        0.904 (*)        0.256 (^)        0.402 (&)        0.274 (%) 
Cl( 6, 5) in Cl( 8, 8) CPU =        0.164 ms (setup)        3.098 (*)        0.712 (^)        1.175 (&)        0.744 (%) 
Cl( 6, 6) in Cl( 8, 8) CPU =        0.328 ms (setup)        4.567 (*)        1.933 (^)        3.389 (&)        2.001 (%) 
Cl( 7, 6) in Cl( 8, 8) CPU =        0.675 ms (setup)      132.274 (*)       47.977 (^)       87.782 (&)       48.175 (%) 
Cl( 7, 7) in Cl( 8, 8) CPU =        9.046 ms (setup)      207.606 (*)      135.838 (^)       28.721 (&)       15.840 (%) 
Cl( 8, 7) in Cl( 8, 8) CPU =        2.936 ms (setup)      660.399 (*)       44.233 (^)       86.123 (&)       45.785 (%) 
Cl( 8, 8) in Cl( 8, 8) CPU =        6.069 ms (setup)      706.010 (*)      126.480 (^)      259.897 (&)      135.559 (%) 

matrix_multi<double>
Clifford algebra products test:
Fill: 0.5
Cl( 1, 0) in Cl( 1, 0) CPU =        0.007 ms (setup)        0.001 (*)        0.004 (^)        0.003 (&)        0.003 (%) 
Cl( 1, 1) in Cl( 1, 1) CPU =        0.004 ms (setup)        0.000 (*)        0.002 (^)        0.002 (&)        0.002 (%) 
Cl( 2, 1) in Cl( 2, 1) CPU =        0.003 ms (setup)        0.001 (*)        0.013 (^)        0.009 (&)        0.011 (%) 
Cl( 2, 2) in Cl( 2, 2) CPU =        0.005 ms (setup)        0.000 (*)        0.009 (^)        0.011 (&)        0.013 (%) 
Cl( 3, 2) in Cl( 3, 2) CPU =        0.013 ms (setup)        0.001 (*)        0.050 (^)        0.053 (&)        0.057 (%) 
Cl( 3, 3) in Cl( 3, 3) CPU =        0.010 ms (setup)        0.001 (*)        0.066 (^)        0.079 (&)        0.082 (%) 
Cl( 4, 3) in Cl( 4, 3) CPU =        0.026 ms (setup)        0.001 (*)        0.376 (^)        0.439 (&)        1.182 (%) 
Cl( 4, 4) in Cl( 4, 4) CPU =        0.050 ms (setup)        0.001 (*)        0.588 (^)        0.588 (&)        0.613 (%) 
Cl( 5, 4) in Cl( 5, 4) CPU =        0.118 ms (setup)        0.003 (*)        2.326 (^)        2.518 (&)        2.470 (%) 
Cl( 5, 5) in Cl( 5, 5) CPU =        0.224 ms (setup)        0.002 (*)        3.574 (^)        3.638 (&)        3.627 (%) 
Cl( 6, 5) in Cl( 6, 5) CPU =        0.547 ms (setup)        0.011 (*)       12.769 (^)       13.572 (&)       13.296 (%) 
Cl( 6, 6) in Cl( 6, 6) CPU =        1.011 ms (setup)        0.011 (*)       18.754 (^)       19.013 (&)       18.720 (%) 
Cl( 7, 6) in Cl( 7, 6) CPU =        2.386 ms (setup)        0.036 (*)      628.268 (^)      635.858 (&)      636.036 (%) 
Cl( 7, 7) in Cl( 7, 7) CPU =       43.798 ms (setup)        0.033 (*)      684.398 (^)      697.506 (&)      693.557 (%) 
Cl( 8, 7) in Cl( 8, 7) CPU =       14.376 ms (setup)        1.279 (*)     1119.283 (^)     1188.497 (&)     1099.982 (%) 
Cl( 8, 8) in Cl( 8, 8) CPU =       25.980 ms (setup)        0.176 (*)     1258.296 (^)     1357.928 (&)     1251.800 (%) 
Cl( 1, 0) in Cl( 8, 8) CPU =        0.024 ms (setup)        1.522 (*)       31.899 (^)       31.704 (&)       31.652 (%) 
Cl( 1, 1) in Cl( 8, 8) CPU =        0.034 ms (setup)        3.777 (*)       40.300 (^)       31.744 (&)       36.098 (%) 
Cl( 2, 1) in Cl( 8, 8) CPU =        3.547 ms (setup)        3.767 (*)       51.863 (^)       35.792 (&)       47.660 (%) 
Cl( 2, 2) in Cl( 8, 8) CPU =        0.101 ms (setup)        0.261 (*)       68.052 (^)       48.119 (&)       55.789 (%) 
Cl( 3, 2) in Cl( 8, 8) CPU =        8.259 ms (setup)        0.151 (*)       84.148 (^)       56.173 (&)       63.864 (%) 
Cl( 3, 3) in Cl( 8, 8) CPU =        3.929 ms (setup)        0.150 (*)      128.097 (^)       96.236 (&)       96.290 (%) 
Cl( 4, 3) in Cl( 8, 8) CPU =        3.994 ms (setup)        0.151 (*)      156.124 (^)      163.894 (&)      140.441 (%) 
Cl( 4, 4) in Cl( 8, 8) CPU =        4.087 ms (setup)        3.650 (*)      231.698 (^)      184.270 (&)      192.346 (%) 
Cl( 5, 4) in Cl( 8, 8) CPU =        7.883 ms (setup)        3.655 (*)      307.904 (^)      235.863 (&)      236.035 (%) 
Cl( 5, 5) in Cl( 8, 8) CPU =       11.857 ms (setup)        3.667 (*)      379.594 (^)      320.005 (&)      295.719 (%) 
Cl( 6, 5) in Cl( 8, 8) CPU =       23.678 ms (setup)        0.153 (*)      523.816 (^)      419.984 (&)      404.137 (%) 
Cl( 6, 6) in Cl( 8, 8) CPU =       51.965 ms (setup)        0.156 (*)      608.392 (^)      560.390 (&)      519.888 (%) 
Cl( 7, 6) in Cl( 8, 8) CPU =      104.031 ms (setup)        3.734 (*)      817.095 (^)      853.792 (&)      776.568 (%) 
Cl( 7, 7) in Cl( 8, 8) CPU =       18.565 ms (setup)        0.859 (*)      887.591 (^)      919.893 (&)      840.635 (%) 
Cl( 8, 7) in Cl( 8, 8) CPU =       45.404 ms (setup)        0.172 (*)     1112.408 (^)     1166.787 (&)     1069.995 (%) 
Cl( 8, 8) in Cl( 8, 8) CPU =       26.015 ms (setup)        1.195 (*)     1215.223 (^)     1356.911 (&)     1230.808 (%) 
Fill: 1
Cl( 1, 0) in Cl( 1, 0) CPU =        0.003 ms (setup)        0.001 (*)        0.004 (^)        0.003 (&)        0.003 (%) 
Cl( 1, 1) in Cl( 1, 1) CPU =        0.002 ms (setup)        0.001 (*)        0.004 (^)        0.003 (&)        0.004 (%) 
Cl( 2, 1) in Cl( 2, 1) CPU =        0.002 ms (setup)        0.001 (*)        0.014 (^)        0.011 (&)        0.013 (%) 
Cl( 2, 2) in Cl( 2, 2) CPU =        0.003 ms (setup)        0.001 (*)        0.020 (^)        0.016 (&)        0.019 (%) 
Cl( 3, 2) in Cl( 3, 2) CPU =        0.007 ms (setup)        0.001 (*)        0.065 (^)        0.065 (&)        0.068 (%) 
Cl( 3, 3) in Cl( 3, 3) CPU =        0.013 ms (setup)        0.001 (*)        0.103 (^)        0.097 (&)        0.106 (%) 
Cl( 4, 3) in Cl( 4, 3) CPU =        0.035 ms (setup)        0.001 (*)        0.478 (^)        0.480 (&)        0.481 (%) 
Cl( 4, 4) in Cl( 4, 4) CPU =        0.061 ms (setup)        0.001 (*)        0.719 (^)        0.694 (&)        0.719 (%) 
Cl( 5, 4) in Cl( 5, 4) CPU =        0.151 ms (setup)        0.002 (*)        2.654 (^)        2.694 (&)        2.681 (%) 
Cl( 5, 5) in Cl( 5, 5) CPU =        0.304 ms (setup)        0.003 (*)        3.860 (^)        3.868 (&)        3.881 (%) 
Cl( 6, 5) in Cl( 6, 5) CPU =        0.759 ms (setup)        0.011 (*)       15.793 (^)       14.834 (&)       14.450 (%) 
Cl( 6, 6) in Cl( 6, 6) CPU =        1.516 ms (setup)        0.011 (*)       19.869 (^)       20.338 (&)       20.020 (%) 
Cl( 7, 6) in Cl( 7, 6) CPU =        3.722 ms (setup)        0.036 (*)      663.467 (^)      668.257 (&)      665.904 (%) 
Cl( 7, 7) in Cl( 7, 7) CPU =       57.528 ms (setup)        0.039 (*)      695.581 (^)      705.794 (&)      701.481 (%) 
Cl( 8, 7) in Cl( 8, 7) CPU =       22.483 ms (setup)        1.994 (*)     1123.222 (^)     1221.268 (&)     1119.824 (%) 
Cl( 8, 8) in Cl( 8, 8) CPU =       44.871 ms (setup)        0.203 (*)     1287.332 (^)     1469.777 (&)     1285.424 (%) 
Cl( 1, 0) in Cl( 8, 8) CPU =        0.079 ms (setup)        1.526 (*)       43.819 (^)       31.774 (&)       39.601 (%) 
Cl( 1, 1) in Cl( 8, 8) CPU =        0.036 ms (setup)        3.767 (*)       51.965 (^)       35.871 (&)       47.508 (%) 
Cl( 2, 1) in Cl( 8, 8) CPU =        0.066 ms (setup)        0.263 (*)       64.364 (^)       47.900 (&)       52.132 (%) 
Cl( 2, 2) in Cl( 8, 8) CPU =        3.950 ms (setup)        3.658 (*)       80.127 (^)       56.095 (&)       63.997 (%) 
Cl( 3, 2) in Cl( 8, 8) CPU =        4.053 ms (setup)        3.663 (*)      103.913 (^)       75.892 (&)       72.367 (%) 
Cl( 3, 3) in Cl( 8, 8) CPU =        3.939 ms (setup)        0.152 (*)      151.832 (^)      116.005 (&)      115.880 (%) 
Cl( 4, 3) in Cl( 8, 8) CPU =        4.040 ms (setup)        0.151 (*)      220.185 (^)      191.858 (&)      172.249 (%) 
Cl( 4, 4) in Cl( 8, 8) CPU =        4.160 ms (setup)        0.153 (*)      263.947 (^)      215.925 (&)      203.979 (%) 
Cl( 5, 4) in Cl( 8, 8) CPU =        8.059 ms (setup)        3.659 (*)      335.599 (^)      276.353 (&)      256.014 (%) 
Cl( 5, 5) in Cl( 8, 8) CPU =       12.136 ms (setup)        3.664 (*)      383.945 (^)      331.749 (&)      304.118 (%) 
Cl( 6, 5) in Cl( 8, 8) CPU =       28.129 ms (setup)        0.234 (*)      556.138 (^)      487.822 (&)      439.860 (%) 
Cl( 6, 6) in Cl( 8, 8) CPU =       64.003 ms (setup)        3.732 (*)      623.799 (^)      584.171 (&)      539.960 (%) 
Cl( 7, 6) in Cl( 8, 8) CPU =      102.836 ms (setup)        1.119 (*)      856.096 (^)      863.177 (&)      795.683 (%) 
Cl( 7, 7) in Cl( 8, 8) CPU =       27.068 ms (setup)        1.409 (*)      895.692 (^)      924.735 (&)      846.071 (%) 
Cl( 8, 7) in Cl( 8, 8) CPU =       64.953 ms (setup)        1.706 (*)     1167.700 (^)     1217.846 (&)     1121.153 (%) 
Cl( 8, 8) in Cl( 8, 8) CPU =       44.109 ms (setup)        0.192 (*)     1288.958 (^)     1392.005 (&)     1278.821 (%) 
