
framed_multi<float,-4,4>
Clifford algebra products test:
Fill: 0.5
Cl( 1, 0) in Cl( 1, 0) CPU =        0.001 ms (setup)        0.001 (*)        0.001 (^)        0.001 (&)        0.001 (%) 
Cl( 1, 1) in Cl( 1, 1) CPU =        0.000 ms (setup)        0.000 (*)        0.001 (^)        0.000 (&)        0.000 (%) 
Cl( 2, 1) in Cl( 2, 1) CPU =        0.001 ms (setup)        0.001 (*)        0.000 (^)        0.001 (&)        0.001 (%) 
Cl( 2, 2) in Cl( 2, 2) CPU =        0.001 ms (setup)        0.002 (*)        0.001 (^)        0.001 (&)        0.001 (%) 
Cl( 3, 2) in Cl( 3, 2) CPU =        0.002 ms (setup)        0.004 (*)        0.002 (^)        0.002 (&)        0.002 (%) 
Cl( 3, 3) in Cl( 3, 3) CPU =        0.003 ms (setup)        0.009 (*)        0.004 (^)        0.004 (&)        0.003 (%) 
Cl( 4, 3) in Cl( 4, 3) CPU =        0.006 ms (setup)        0.056 (*)        0.017 (^)        0.016 (&)        0.013 (%) 
Cl( 4, 4) in Cl( 4, 4) CPU =        0.020 ms (setup)        0.252 (*)        0.023 (^)        0.020 (&)        0.015 (%) 
Cl( 1, 0) in Cl( 4, 4) CPU =        0.001 ms (setup)        0.001 (*)        0.001 (^)        0.001 (&)        0.001 (%) 
Cl( 1, 1) in Cl( 4, 4) CPU =        0.001 ms (setup)        0.001 (*)        0.001 (^)        0.000 (&)        0.001 (%) 
Cl( 2, 1) in Cl( 4, 4) CPU =        0.001 ms (setup)        0.001 (*)        0.001 (^)        0.001 (&)        0.001 (%) 
Cl( 2, 2) in Cl( 4, 4) CPU =        0.001 ms (setup)        0.002 (*)        0.001 (^)        0.001 (&)        0.001 (%) 
Cl( 3, 2) in Cl( 4, 4) CPU =        0.002 ms (setup)        0.003 (*)        0.002 (^)        0.002 (&)        0.002 (%) 
Cl( 3, 3) in Cl( 4, 4) CPU =        0.003 ms (setup)        0.008 (*)        0.003 (^)        0.003 (&)        0.003 (%) 
Cl( 4, 3) in Cl( 4, 4) CPU =        0.005 ms (setup)        0.021 (*)        0.008 (^)        0.009 (&)        0.007 (%) 
Cl( 4, 4) in Cl( 4, 4) CPU =        0.011 ms (setup)        0.158 (*)        0.024 (^)        0.026 (&)        0.019 (%) 
Fill: 1
Cl( 1, 0) in Cl( 1, 0) CPU =        0.001 ms (setup)        0.001 (*)        0.001 (^)        0.000 (&)        0.001 (%) 
Cl( 1, 1) in Cl( 1, 1) CPU =        0.001 ms (setup)        0.001 (*)        0.001 (^)        0.001 (&)        0.001 (%) 
Cl( 2, 1) in Cl( 2, 1) CPU =        0.001 ms (setup)        0.001 (*)        0.001 (^)        0.001 (&)        0.001 (%) 
Cl( 2, 2) in Cl( 2, 2) CPU =        0.001 ms (setup)        0.002 (*)        0.001 (^)        0.001 (&)        0.001 (%) 
Cl( 3, 2) in Cl( 3, 2) CPU =        0.002 ms (setup)        0.005 (*)        0.002 (^)        0.003 (&)        0.002 (%) 
Cl( 3, 3) in Cl( 3, 3) CPU =        0.004 ms (setup)        0.013 (*)        0.005 (^)        0.006 (&)        0.005 (%) 
Cl( 4, 3) in Cl( 4, 3) CPU =        0.007 ms (setup)        0.046 (*)        0.011 (^)        0.015 (&)        0.011 (%) 
Cl( 4, 4) in Cl( 4, 4) CPU =        0.015 ms (setup)        0.212 (*)        0.035 (^)        0.040 (&)        0.027 (%) 
Cl( 1, 0) in Cl( 4, 4) CPU =        0.000 ms (setup)        0.001 (*)        0.001 (^)        0.001 (&)        0.001 (%) 
Cl( 1, 1) in Cl( 4, 4) CPU =        0.001 ms (setup)        0.001 (*)        0.001 (^)        0.001 (&)        0.001 (%) 
Cl( 2, 1) in Cl( 4, 4) CPU =        0.001 ms (setup)        0.001 (*)        0.001 (^)        0.001 (&)        0.001 (%) 
Cl( 2, 2) in Cl( 4, 4) CPU =        0.001 ms (setup)        0.002 (*)        0.001 (^)        0.002 (&)        0.001 (%) 
Cl( 3, 2) in Cl( 4, 4) CPU =        0.002 ms (setup)        0.005 (*)        0.002 (^)        0.003 (&)        0.002 (%) 
Cl( 3, 3) in Cl( 4, 4) CPU =        0.004 ms (setup)        0.014 (*)        0.005 (^)        0.005 (&)        0.005 (%) 
Cl( 4, 3) in Cl( 4, 4) CPU =        0.007 ms (setup)        0.045 (*)        0.011 (^)        0.017 (&)        0.011 (%) 
Cl( 4, 4) in Cl( 4, 4) CPU =        0.017 ms (setup)        0.203 (*)        0.028 (^)        0.040 (&)        0.028 (%) 

matrix_multi<float,-4,4>
Clifford algebra products test:
Fill: 0.5
Cl( 1, 0) in Cl( 1, 0) CPU =        0.001 ms (setup)        0.001 (*)        0.001 (^)        0.001 (&)        0.001 (%) 
Cl( 1, 1) in Cl( 1, 1) CPU =        0.001 ms (setup)        0.001 (*)        0.004 (^)        0.002 (&)        0.003 (%) 
Cl( 2, 1) in Cl( 2, 1) CPU =        0.003 ms (setup)        0.000 (*)        0.004 (^)        0.007 (&)        0.006 (%) 
Cl( 2, 2) in Cl( 2, 2) CPU =        0.005 ms (setup)        0.000 (*)        0.022 (^)        0.013 (&)        0.013 (%) 
Cl( 3, 2) in Cl( 3, 2) CPU =        0.010 ms (setup)        0.001 (*)        0.038 (^)        0.030 (&)        0.040 (%) 
Cl( 3, 3) in Cl( 3, 3) CPU =        0.010 ms (setup)        0.001 (*)        0.081 (^)        0.092 (&)        0.090 (%) 
Cl( 4, 3) in Cl( 4, 3) CPU =        0.024 ms (setup)        0.001 (*)        0.374 (^)        0.402 (&)        0.407 (%) 
Cl( 4, 4) in Cl( 4, 4) CPU =        0.051 ms (setup)        0.001 (*)        0.818 (^)        0.656 (&)        0.670 (%) 
Cl( 1, 0) in Cl( 4, 4) CPU =        0.002 ms (setup)        0.001 (*)        0.003 (^)        0.002 (&)        0.002 (%) 
Cl( 1, 1) in Cl( 4, 4) CPU =        0.002 ms (setup)        0.001 (*)        0.011 (^)        0.011 (&)        0.013 (%) 
Cl( 2, 1) in Cl( 4, 4) CPU =        0.005 ms (setup)        0.001 (*)        0.028 (^)        0.024 (&)        0.023 (%) 
Cl( 2, 2) in Cl( 4, 4) CPU =        0.007 ms (setup)        0.001 (*)        0.044 (^)        0.030 (&)        0.034 (%) 
Cl( 3, 2) in Cl( 4, 4) CPU =        0.024 ms (setup)        0.001 (*)        0.073 (^)        0.067 (&)        0.065 (%) 
Cl( 3, 3) in Cl( 4, 4) CPU =        0.034 ms (setup)        0.001 (*)        0.116 (^)        0.101 (&)        0.103 (%) 
Cl( 4, 3) in Cl( 4, 4) CPU =        0.090 ms (setup)        0.001 (*)        0.403 (^)        0.410 (&)        0.407 (%) 
Cl( 4, 4) in Cl( 4, 4) CPU =        0.050 ms (setup)        0.001 (*)        0.624 (^)        0.659 (&)        0.684 (%) 
Fill: 1
Cl( 1, 0) in Cl( 1, 0) CPU =        0.001 ms (setup)        0.001 (*)        0.003 (^)        0.002 (&)        0.003 (%) 
Cl( 1, 1) in Cl( 1, 1) CPU =        0.001 ms (setup)        0.001 (*)        0.004 (^)        0.003 (&)        0.004 (%) 
Cl( 2, 1) in Cl( 2, 1) CPU =        0.002 ms (setup)        0.001 (*)        0.013 (^)        0.011 (&)        0.013 (%) 
Cl( 2, 2) in Cl( 2, 2) CPU =        0.002 ms (setup)        0.001 (*)        0.021 (^)        0.019 (&)        0.021 (%) 
Cl( 3, 2) in Cl( 3, 2) CPU =        0.007 ms (setup)        0.001 (*)        0.073 (^)        0.071 (&)        0.072 (%) 
Cl( 3, 3) in Cl( 3, 3) CPU =        0.012 ms (setup)        0.001 (*)        0.115 (^)        0.106 (&)        0.114 (%) 
Cl( 4, 3) in Cl( 4, 3) CPU =        0.035 ms (setup)        0.001 (*)        0.490 (^)        0.496 (&)        0.496 (%) 
Cl( 4, 4) in Cl( 4, 4) CPU =        0.070 ms (setup)        0.001 (*)        0.784 (^)        0.771 (&)        0.783 (%) 
Cl( 1, 0) in Cl( 4, 4) CPU =        0.002 ms (setup)        0.001 (*)        0.020 (^)        0.014 (&)        0.017 (%) 
Cl( 1, 1) in Cl( 4, 4) CPU =        0.002 ms (setup)        0.001 (*)        0.027 (^)        0.015 (&)        0.021 (%) 
Cl( 2, 1) in Cl( 4, 4) CPU =        0.005 ms (setup)        0.001 (*)        0.038 (^)        0.026 (&)        0.030 (%) 
Cl( 2, 2) in Cl( 4, 4) CPU =        0.011 ms (setup)        0.001 (*)        0.054 (^)        0.036 (&)        0.044 (%) 
Cl( 3, 2) in Cl( 4, 4) CPU =        0.025 ms (setup)        0.001 (*)        0.121 (^)        0.090 (&)        0.092 (%) 
Cl( 3, 3) in Cl( 4, 4) CPU =        0.045 ms (setup)        0.001 (*)        0.180 (^)        0.147 (&)        0.155 (%) 
Cl( 4, 3) in Cl( 4, 4) CPU =        0.114 ms (setup)        0.001 (*)        0.544 (^)        0.504 (&)        0.507 (%) 
Cl( 4, 4) in Cl( 4, 4) CPU =        0.068 ms (setup)        0.001 (*)        0.778 (^)        0.770 (&)        0.781 (%) 

framed_multi<double>
Clifford algebra products test:
Fill: 0.5
Cl( 1, 0) in Cl( 1, 0) CPU =        0.001 ms (setup)        0.001 (*)        0.001 (^)        0.001 (&)        0.001 (%) 
Cl( 1, 1) in Cl( 1, 1) CPU =        0.001 ms (setup)        0.001 (*)        0.001 (^)        0.001 (&)        0.000 (%) 
Cl( 2, 1) in Cl( 2, 1) CPU =        0.001 ms (setup)        0.002 (*)        0.001 (^)        0.001 (&)        0.001 (%) 
Cl( 2, 2) in Cl( 2, 2) CPU =        0.001 ms (setup)        0.002 (*)        0.001 (^)        0.001 (&)        0.002 (%) 
Cl( 3, 2) in Cl( 3, 2) CPU =        0.002 ms (setup)        0.004 (*)        0.002 (^)        0.002 (&)        0.002 (%) 
Cl( 3, 3) in Cl( 3, 3) CPU =        0.003 ms (setup)        0.009 (*)        0.004 (^)        0.004 (&)        0.004 (%) 
Cl( 4, 3) in Cl( 4, 3) CPU =        0.007 ms (setup)        0.026 (*)        0.010 (^)        0.011 (&)        0.008 (%) 
Cl( 4, 4) in Cl( 4, 4) CPU =        0.013 ms (setup)        0.166 (*)        0.028 (^)        0.025 (&)        0.021 (%) 
Cl( 5, 4) in Cl( 5, 4) CPU =        0.027 ms (setup)        0.620 (*)        0.107 (^)        0.096 (&)        0.061 (%) 
Cl( 5, 5) in Cl( 5, 5) CPU =        0.055 ms (setup)        0.835 (*)        0.410 (^)        0.285 (&)        0.175 (%) 
Cl( 6, 5) in Cl( 6, 5) CPU =        0.111 ms (setup)        3.159 (*)        1.983 (^)        0.905 (&)        0.521 (%) 
Cl( 6, 6) in Cl( 6, 6) CPU =        0.218 ms (setup)        4.237 (*)        3.310 (^)        2.694 (&)        1.455 (%) 
Cl( 7, 6) in Cl( 7, 6) CPU =        0.472 ms (setup)       15.043 (*)        9.752 (^)        8.093 (&)        4.392 (%) 
Cl( 7, 7) in Cl( 7, 7) CPU =        0.907 ms (setup)       20.661 (*)       28.230 (^)       23.725 (&)       12.303 (%) 
Cl( 8, 7) in Cl( 8, 7) CPU =        1.893 ms (setup)       73.547 (*)       83.567 (^)       71.956 (&)       35.941 (%) 
Cl( 8, 8) in Cl( 8, 8) CPU =        3.847 ms (setup)      100.322 (*)      251.614 (^)      214.396 (&)      107.858 (%) 
Cl( 1, 0) in Cl( 8, 8) CPU =        0.001 ms (setup)        0.001 (*)        0.001 (^)        0.000 (&)        0.000 (%) 
Cl( 1, 1) in Cl( 8, 8) CPU =        0.001 ms (setup)        0.001 (*)        0.000 (^)        0.000 (&)        0.001 (%) 
Cl( 2, 1) in Cl( 8, 8) CPU =        0.001 ms (setup)        0.001 (*)        0.000 (^)        0.001 (&)        0.001 (%) 
Cl( 2, 2) in Cl( 8, 8) CPU =        0.001 ms (setup)        0.002 (*)        0.002 (^)        0.001 (&)        0.002 (%) 
Cl( 3, 2) in Cl( 8, 8) CPU =        0.002 ms (setup)        0.004 (*)        0.003 (^)        0.002 (&)        0.002 (%) 
Cl( 3, 3) in Cl( 8, 8) CPU =        0.003 ms (setup)        0.009 (*)        0.004 (^)        0.004 (&)        0.003 (%) 
Cl( 4, 3) in Cl( 8, 8) CPU =        0.007 ms (setup)        0.021 (*)        0.009 (^)        0.008 (&)        0.007 (%) 
Cl( 4, 4) in Cl( 8, 8) CPU =        0.013 ms (setup)        0.158 (*)        0.026 (^)        0.029 (&)        0.020 (%) 
Cl( 5, 4) in Cl( 8, 8) CPU =        0.025 ms (setup)        0.592 (*)        0.121 (^)        0.089 (&)        0.054 (%) 
Cl( 5, 5) in Cl( 8, 8) CPU =        0.052 ms (setup)        0.820 (*)        0.381 (^)        0.290 (&)        0.165 (%) 
Cl( 6, 5) in Cl( 8, 8) CPU =        0.104 ms (setup)        3.079 (*)        1.131 (^)        0.883 (&)        0.510 (%) 
Cl( 6, 6) in Cl( 8, 8) CPU =        0.219 ms (setup)        4.041 (*)        3.229 (^)        2.568 (&)        1.411 (%) 
Cl( 7, 6) in Cl( 8, 8) CPU =        0.431 ms (setup)       14.391 (*)        9.440 (^)        7.837 (&)        4.133 (%) 
Cl( 7, 7) in Cl( 8, 8) CPU =        0.890 ms (setup)       19.548 (*)       28.761 (^)       23.484 (&)       12.216 (%) 
Cl( 8, 7) in Cl( 8, 8) CPU =        1.867 ms (setup)       75.441 (*)       85.593 (^)       70.088 (&)       36.197 (%) 
Cl( 8, 8) in Cl( 8, 8) CPU =        3.784 ms (setup)       97.666 (*)      253.127 (^)      216.209 (&)      109.374 (%) 
Fill: 1
Cl( 1, 0) in Cl( 1, 0) CPU =        0.001 ms (setup)        0.001 (*)        0.001 (^)        0.001 (&)        0.000 (%) 
Cl( 1, 1) in Cl( 1, 1) CPU =        0.001 ms (setup)        0.001 (*)        0.001 (^)        0.001 (&)        0.001 (%) 
Cl( 2, 1) in Cl( 2, 1) CPU =        0.001 ms (setup)        0.002 (*)        0.001 (^)        0.001 (&)        0.001 (%) 
Cl( 2, 2) in Cl( 2, 2) CPU =        0.002 ms (setup)        0.003 (*)        0.002 (^)        0.002 (&)        0.002 (%) 
Cl( 3, 2) in Cl( 3, 2) CPU =        0.003 ms (setup)        0.007 (*)        0.003 (^)        0.003 (&)        0.003 (%) 
Cl( 3, 3) in Cl( 3, 3) CPU =        0.005 ms (setup)        0.018 (*)        0.005 (^)        0.007 (&)        0.006 (%) 
Cl( 4, 3) in Cl( 4, 3) CPU =        0.009 ms (setup)        0.057 (*)        0.013 (^)        0.016 (&)        0.013 (%) 
Cl( 4, 4) in Cl( 4, 4) CPU =        0.017 ms (setup)        0.211 (*)        0.036 (^)        0.044 (&)        0.035 (%) 
Cl( 5, 4) in Cl( 5, 4) CPU =        0.037 ms (setup)        0.727 (*)        0.095 (^)        0.130 (&)        0.085 (%) 
Cl( 5, 5) in Cl( 5, 5) CPU =        0.085 ms (setup)        1.046 (*)        0.287 (^)        0.359 (&)        0.250 (%) 
Cl( 6, 5) in Cl( 6, 5) CPU =        0.176 ms (setup)        3.715 (*)        0.766 (^)        1.000 (&)        0.658 (%) 
Cl( 6, 6) in Cl( 6, 6) CPU =        0.370 ms (setup)        5.292 (*)        2.004 (^)        2.727 (&)        1.694 (%) 
Cl( 7, 6) in Cl( 7, 6) CPU =        0.772 ms (setup)       17.815 (*)        5.474 (^)        8.006 (&)        4.676 (%) 
Cl( 7, 7) in Cl( 7, 7) CPU =        1.566 ms (setup)       26.271 (*)       15.396 (^)       23.055 (&)       12.905 (%) 
Cl( 8, 7) in Cl( 8, 7) CPU =        3.208 ms (setup)       94.240 (*)       43.861 (^)       68.320 (&)       36.246 (%) 
Cl( 8, 8) in Cl( 8, 8) CPU =        6.751 ms (setup)      138.881 (*)      128.792 (^)      203.878 (&)      106.368 (%) 
Cl( 1, 0) in Cl( 8, 8) CPU =        0.001 ms (setup)        0.001 (*)        0.001 (^)        0.001 (&)        0.001 (%) 
Cl( 1, 1) in Cl( 8, 8) CPU =        0.001 ms (setup)        0.001 (*)        0.001 (^)        0.001 (&)        0.001 (%) 
Cl( 2, 1) in Cl( 8, 8) CPU =        0.001 ms (setup)        0.002 (*)        0.001 (^)        0.001 (&)        0.001 (%) 
Cl( 2, 2) in Cl( 8, 8) CPU =        0.001 ms (setup)        0.003 (*)        0.002 (^)        0.001 (&)        0.002 (%) 
Cl( 3, 2) in Cl( 8, 8) CPU =        0.003 ms (setup)        0.007 (*)        0.003 (^)        0.003 (&)        0.003 (%) 
Cl( 3, 3) in Cl( 8, 8) CPU =        0.005 ms (setup)        0.018 (*)        0.005 (^)        0.007 (&)        0.005 (%) 
Cl( 4, 3) in Cl( 8, 8) CPU =        0.009 ms (setup)        0.061 (*)        0.014 (^)        0.016 (&)        0.013 (%) 
Cl( 4, 4) in Cl( 8, 8) CPU =        0.018 ms (setup)        0.198 (*)        0.037 (^)        0.042 (&)        0.032 (%) 
Cl( 5, 4) in Cl( 8, 8) CPU =        0.040 ms (setup)        0.704 (*)        0.097 (^)        0.124 (&)        0.086 (%) 
Cl( 5, 5) in Cl( 8, 8) CPU =        0.084 ms (setup)        1.042 (*)        0.286 (^)        0.357 (&)        0.244 (%) 
Cl( 6, 5) in Cl( 8, 8) CPU =        0.185 ms (setup)        3.659 (*)        0.757 (^)        0.980 (&)        0.664 (%) 
Cl( 6, 6) in Cl( 8, 8) CPU =        0.390 ms (setup)        5.264 (*)        1.986 (^)        3.570 (&)        1.741 (%) 
Cl( 7, 6) in Cl( 8, 8) CPU =        0.791 ms (setup)       17.937 (*)        5.564 (^)        7.995 (&)        4.713 (%) 
Cl( 7, 7) in Cl( 8, 8) CPU =        1.529 ms (setup)       26.186 (*)       15.410 (^)       23.072 (&)       12.918 (%) 
Cl( 8, 7) in Cl( 8, 8) CPU =        3.150 ms (setup)       95.901 (*)       43.783 (^)       67.049 (&)       36.162 (%) 
Cl( 8, 8) in Cl( 8, 8) CPU =        6.690 ms (setup)      140.941 (*)      127.739 (^)      205.342 (&)      106.444 (%) 

matrix_multi<double>
Clifford algebra products test:
Fill: 0.5
Cl( 1, 0) in Cl( 1, 0) CPU =        0.004 ms (setup)        0.001 (*)        0.003 (^)        0.002 (&)        0.003 (%) 
Cl( 1, 1) in Cl( 1, 1) CPU =        0.003 ms (setup)        0.000 (*)        0.002 (^)        0.002 (&)        0.002 (%) 
Cl( 2, 1) in Cl( 2, 1) CPU =        0.002 ms (setup)        0.001 (*)        0.011 (^)        0.008 (&)        0.011 (%) 
Cl( 2, 2) in Cl( 2, 2) CPU =        0.004 ms (setup)        0.001 (*)        0.009 (^)        0.011 (&)        0.013 (%) 
Cl( 3, 2) in Cl( 3, 2) CPU =        0.011 ms (setup)        0.001 (*)        0.046 (^)        0.049 (&)        0.056 (%) 
Cl( 3, 3) in Cl( 3, 3) CPU =        0.010 ms (setup)        0.001 (*)        0.065 (^)        0.077 (&)        0.079 (%) 
Cl( 4, 3) in Cl( 4, 3) CPU =        0.026 ms (setup)        0.001 (*)        0.373 (^)        0.407 (&)        0.414 (%) 
Cl( 4, 4) in Cl( 4, 4) CPU =        0.050 ms (setup)        0.001 (*)        0.622 (^)        0.627 (&)        0.643 (%) 
Cl( 5, 4) in Cl( 5, 4) CPU =        0.125 ms (setup)        0.002 (*)        2.452 (^)        2.649 (&)        2.636 (%) 
Cl( 5, 5) in Cl( 5, 5) CPU =        0.229 ms (setup)        0.003 (*)        3.923 (^)        3.948 (&)        3.974 (%) 
Cl( 6, 5) in Cl( 6, 5) CPU =        0.556 ms (setup)        0.011 (*)       14.332 (^)       16.072 (&)       15.130 (%) 
Cl( 6, 6) in Cl( 6, 6) CPU =        1.109 ms (setup)        0.011 (*)       21.265 (^)       21.461 (&)       21.303 (%) 
Cl( 7, 6) in Cl( 7, 6) CPU =        2.562 ms (setup)        0.082 (*)       85.016 (^)       89.072 (&)       85.738 (%) 
Cl( 7, 7) in Cl( 7, 7) CPU =        5.182 ms (setup)        0.081 (*)      113.279 (^)      119.675 (&)      115.630 (%) 
Cl( 8, 7) in Cl( 8, 7) CPU =       13.841 ms (setup)        0.605 (*)      496.488 (^)      541.471 (&)      493.055 (%) 
Cl( 8, 8) in Cl( 8, 8) CPU =       26.680 ms (setup)        0.588 (*)      653.308 (^)      711.074 (&)      658.830 (%) 
Cl( 1, 0) in Cl( 8, 8) CPU =        0.070 ms (setup)        0.634 (*)        6.562 (^)        7.445 (&)        6.447 (%) 
Cl( 1, 1) in Cl( 8, 8) CPU =        0.093 ms (setup)        0.680 (*)        8.747 (^)        6.392 (&)        8.561 (%) 
Cl( 2, 1) in Cl( 8, 8) CPU =        0.098 ms (setup)        0.620 (*)       11.489 (^)        8.407 (&)        9.845 (%) 
Cl( 2, 2) in Cl( 8, 8) CPU =        0.126 ms (setup)        0.613 (*)       15.606 (^)       11.271 (&)       12.229 (%) 
Cl( 3, 2) in Cl( 8, 8) CPU =        0.980 ms (setup)        0.601 (*)       20.720 (^)       15.027 (&)       16.384 (%) 
Cl( 3, 3) in Cl( 8, 8) CPU =        1.864 ms (setup)        0.612 (*)       29.380 (^)       22.458 (&)       20.716 (%) 
Cl( 4, 3) in Cl( 8, 8) CPU =        1.872 ms (setup)        0.594 (*)       37.532 (^)       38.623 (&)       28.470 (%) 
Cl( 4, 4) in Cl( 8, 8) CPU =        1.975 ms (setup)        0.607 (*)       50.913 (^)       41.392 (&)       36.287 (%) 
Cl( 5, 4) in Cl( 8, 8) CPU =        0.850 ms (setup)        0.556 (*)       67.780 (^)       53.608 (&)       46.038 (%) 
Cl( 5, 5) in Cl( 8, 8) CPU =        1.379 ms (setup)        0.550 (*)       87.688 (^)       79.592 (&)       60.419 (%) 
Cl( 6, 5) in Cl( 8, 8) CPU =        3.276 ms (setup)        0.554 (*)      109.397 (^)       89.889 (&)       76.564 (%) 
Cl( 6, 6) in Cl( 8, 8) CPU =        6.309 ms (setup)        0.616 (*)      127.454 (^)      124.260 (&)       98.909 (%) 
Cl( 7, 6) in Cl( 8, 8) CPU =       11.975 ms (setup)        0.616 (*)      189.441 (^)      200.958 (&)      157.218 (%) 
Cl( 7, 7) in Cl( 8, 8) CPU =       22.012 ms (setup)        0.619 (*)      240.834 (^)      251.188 (&)      210.575 (%) 
Cl( 8, 7) in Cl( 8, 8) CPU =       52.605 ms (setup)        0.553 (*)      515.902 (^)      527.780 (&)      483.533 (%) 
Cl( 8, 8) in Cl( 8, 8) CPU =       27.126 ms (setup)        0.603 (*)      640.683 (^)      711.562 (&)      656.301 (%) 
Fill: 1
Cl( 1, 0) in Cl( 1, 0) CPU =        0.001 ms (setup)        0.001 (*)        0.003 (^)        0.002 (&)        0.003 (%) 
Cl( 1, 1) in Cl( 1, 1) CPU =        0.002 ms (setup)        0.001 (*)        0.004 (^)        0.003 (&)        0.004 (%) 
Cl( 2, 1) in Cl( 2, 1) CPU =        0.002 ms (setup)        0.001 (*)        0.012 (^)        0.011 (&)        0.012 (%) 
Cl( 2, 2) in Cl( 2, 2) CPU =        0.003 ms (setup)        0.001 (*)        0.019 (^)        0.017 (&)        0.020 (%) 
Cl( 3, 2) in Cl( 3, 2) CPU =        0.007 ms (setup)        0.001 (*)        0.062 (^)        0.062 (&)        0.062 (%) 
Cl( 3, 3) in Cl( 3, 3) CPU =        0.013 ms (setup)        0.001 (*)        0.108 (^)        0.100 (&)        0.111 (%) 
Cl( 4, 3) in Cl( 4, 3) CPU =        0.035 ms (setup)        0.001 (*)        0.487 (^)        0.489 (&)        0.497 (%) 
Cl( 4, 4) in Cl( 4, 4) CPU =        0.074 ms (setup)        0.001 (*)        0.781 (^)        0.764 (&)        0.778 (%) 
Cl( 5, 4) in Cl( 5, 4) CPU =        0.183 ms (setup)        0.003 (*)        2.931 (^)        3.027 (&)        2.969 (%) 
Cl( 5, 5) in Cl( 5, 5) CPU =        0.369 ms (setup)        0.003 (*)        4.402 (^)        4.453 (&)        4.415 (%) 
Cl( 6, 5) in Cl( 6, 5) CPU =        0.909 ms (setup)        0.011 (*)       16.256 (^)       16.785 (&)       16.353 (%) 
Cl( 6, 6) in Cl( 6, 6) CPU =        1.812 ms (setup)        0.011 (*)       23.105 (^)       23.686 (&)       23.362 (%) 
Cl( 7, 6) in Cl( 7, 6) CPU =        4.367 ms (setup)        0.082 (*)       91.502 (^)       94.873 (&)       90.369 (%) 
Cl( 7, 7) in Cl( 7, 7) CPU =        8.793 ms (setup)        0.083 (*)      125.411 (^)      128.986 (&)      124.971 (%) 
Cl( 8, 7) in Cl( 8, 7) CPU =       22.695 ms (setup)        0.557 (*)      670.433 (^)      564.896 (&)      524.966 (%) 
Cl( 8, 8) in Cl( 8, 8) CPU =       47.146 ms (setup)        0.616 (*)      708.367 (^)      767.701 (&)      706.505 (%) 
Cl( 1, 0) in Cl( 8, 8) CPU =        0.065 ms (setup)        0.614 (*)        8.719 (^)        6.367 (&)        9.195 (%) 
Cl( 1, 1) in Cl( 8, 8) CPU =        0.082 ms (setup)        0.633 (*)       11.635 (^)        8.431 (&)        9.799 (%) 
Cl( 2, 1) in Cl( 8, 8) CPU =        0.103 ms (setup)        0.614 (*)       15.420 (^)       11.168 (&)       12.032 (%) 
Cl( 2, 2) in Cl( 8, 8) CPU =        1.776 ms (setup)        0.595 (*)       20.352 (^)       14.969 (&)       14.829 (%) 
Cl( 3, 2) in Cl( 8, 8) CPU =        1.804 ms (setup)        0.595 (*)       28.273 (^)       20.738 (&)       18.446 (%) 
Cl( 3, 3) in Cl( 8, 8) CPU =        1.837 ms (setup)        0.603 (*)       36.986 (^)       28.829 (&)       25.259 (%) 
Cl( 4, 3) in Cl( 8, 8) CPU =        1.913 ms (setup)        0.600 (*)       52.983 (^)       40.974 (&)       34.720 (%) 
Cl( 4, 4) in Cl( 8, 8) CPU =        0.660 ms (setup)        0.533 (*)       64.890 (^)       51.483 (&)       42.453 (%) 
Cl( 5, 4) in Cl( 8, 8) CPU =        1.038 ms (setup)        0.549 (*)       79.809 (^)       65.314 (&)       52.115 (%) 
Cl( 5, 5) in Cl( 8, 8) CPU =        1.683 ms (setup)        0.546 (*)       89.352 (^)       79.159 (&)       62.567 (%) 
Cl( 6, 5) in Cl( 8, 8) CPU =        3.700 ms (setup)        0.617 (*)      116.207 (^)      104.569 (&)       84.317 (%) 
Cl( 6, 6) in Cl( 8, 8) CPU =        6.378 ms (setup)        0.548 (*)      129.804 (^)      127.428 (&)      101.728 (%) 
Cl( 7, 6) in Cl( 8, 8) CPU =       16.646 ms (setup)        0.548 (*)      216.895 (^)      206.430 (&)      172.495 (%) 
Cl( 7, 7) in Cl( 8, 8) CPU =       29.144 ms (setup)        0.624 (*)      253.571 (^)      261.496 (&)      221.855 (%) 
Cl( 8, 7) in Cl( 8, 8) CPU =       72.849 ms (setup)        0.556 (*)      560.077 (^)      571.222 (&)      530.946 (%) 
Cl( 8, 8) in Cl( 8, 8) CPU =       45.389 ms (setup)        0.619 (*)      700.565 (^)      750.577 (&)      700.540 (%) 
