
framed_multi<float,-4,4>
Clifford algebra expressions test:
Fill: 0.5
Cl( 1, 0) in Cl( 1, 0) CPU =        0.001 ms (setup)        0.002 (comm)        0.020 (pade)        0.003 (series)        0.001 (mix)        0.002 (add) 
Cl( 1, 1) in Cl( 1, 1) CPU =        0.001 ms (setup)        0.001 (comm)        0.005 (pade)        0.001 (series)        0.000 (mix)        0.001 (add) 
Cl( 2, 1) in Cl( 2, 1) CPU =        0.001 ms (setup)        0.004 (comm)        0.009 (pade)        0.004 (series)        0.001 (mix)        0.001 (add) 
Cl( 2, 2) in Cl( 2, 2) CPU =        0.001 ms (setup)        0.005 (comm)        0.009 (pade)        0.006 (series)        0.002 (mix)        0.001 (add) 
Cl( 3, 2) in Cl( 3, 2) CPU =        0.002 ms (setup)        0.011 (comm)        0.033 (pade)        0.011 (series)        0.004 (mix)        0.003 (add) 
Cl( 3, 3) in Cl( 3, 3) CPU =        0.453 ms (setup)        0.028 (comm)        0.041 (pade)        0.499 (series)        0.007 (mix)        0.005 (add) 
Cl( 4, 3) in Cl( 4, 3) CPU =        0.013 ms (setup)        0.069 (comm)        0.409 (pade)        0.116 (series)        0.018 (mix)        0.011 (add) 
Cl( 4, 4) in Cl( 4, 4) CPU =        0.026 ms (setup)        0.422 (comm)        0.598 (pade)        0.714 (series)        0.079 (mix)        0.024 (add) 
Cl( 1, 0) in Cl( 4, 4) CPU =        0.000 ms (setup)        0.001 (comm)        0.005 (pade)        0.002 (series)        0.000 (mix)        0.001 (add) 
Cl( 1, 1) in Cl( 4, 4) CPU =        0.001 ms (setup)        0.002 (comm)        0.005 (pade)        0.002 (series)        0.001 (mix)        0.001 (add) 
Cl( 2, 1) in Cl( 4, 4) CPU =        0.001 ms (setup)        0.003 (comm)        0.008 (pade)        0.003 (series)        0.001 (mix)        0.002 (add) 
Cl( 2, 2) in Cl( 4, 4) CPU =        0.002 ms (setup)        0.005 (comm)        0.009 (pade)        0.005 (series)        0.002 (mix)        0.002 (add) 
Cl( 3, 2) in Cl( 4, 4) CPU =        0.003 ms (setup)        0.011 (comm)        0.030 (pade)        0.013 (series)        0.004 (mix)        0.002 (add) 
Cl( 3, 3) in Cl( 4, 4) CPU =        0.413 ms (setup)        0.028 (comm)        0.038 (pade)        0.484 (series)        0.007 (mix)        0.005 (add) 
Cl( 4, 3) in Cl( 4, 4) CPU =        0.013 ms (setup)        0.064 (comm)        0.400 (pade)        0.111 (series)        0.020 (mix)        0.009 (add) 
Cl( 4, 4) in Cl( 4, 4) CPU =        0.027 ms (setup)        0.416 (comm)        0.698 (pade)        0.716 (series)        0.075 (mix)        0.023 (add) 
Fill: 1
Cl( 1, 0) in Cl( 1, 0) CPU =        0.001 ms (setup)        0.002 (comm)        0.005 (pade)        0.009 (series)        0.001 (mix)        0.002 (add) 
Cl( 1, 1) in Cl( 1, 1) CPU =        0.000 ms (setup)        0.003 (comm)        0.005 (pade)        0.003 (series)        0.001 (mix)        0.001 (add) 
Cl( 2, 1) in Cl( 2, 1) CPU =        0.001 ms (setup)        0.003 (comm)        0.009 (pade)        0.004 (series)        0.001 (mix)        0.001 (add) 
Cl( 2, 2) in Cl( 2, 2) CPU =        0.001 ms (setup)        0.006 (comm)        0.010 (pade)        0.007 (series)        0.002 (mix)        0.001 (add) 
Cl( 3, 2) in Cl( 3, 2) CPU =        0.003 ms (setup)        0.800 (comm)        0.030 (pade)        0.021 (series)        0.415 (mix)        0.003 (add) 
Cl( 3, 3) in Cl( 3, 3) CPU =        0.007 ms (setup)        0.043 (comm)        0.044 (pade)        0.530 (series)        0.010 (mix)        0.005 (add) 
Cl( 4, 3) in Cl( 4, 3) CPU =        0.016 ms (setup)        0.123 (comm)        0.418 (pade)        0.191 (series)        0.026 (mix)        0.009 (add) 
Cl( 4, 4) in Cl( 4, 4) CPU =        0.035 ms (setup)        0.476 (comm)        0.719 (pade)        0.801 (series)        0.070 (mix)        0.025 (add) 
Cl( 1, 0) in Cl( 4, 4) CPU =        0.001 ms (setup)        0.002 (comm)        0.005 (pade)        0.002 (series)        0.001 (mix)        0.001 (add) 
Cl( 1, 1) in Cl( 4, 4) CPU =        0.001 ms (setup)        0.003 (comm)        0.005 (pade)        0.003 (series)        0.001 (mix)        0.001 (add) 
Cl( 2, 1) in Cl( 4, 4) CPU =        0.001 ms (setup)        0.004 (comm)        0.008 (pade)        0.004 (series)        0.001 (mix)        0.001 (add) 
Cl( 2, 2) in Cl( 4, 4) CPU =        0.002 ms (setup)        0.005 (comm)        0.010 (pade)        0.007 (series)        0.002 (mix)        0.001 (add) 
Cl( 3, 2) in Cl( 4, 4) CPU =        0.003 ms (setup)        0.724 (comm)        0.032 (pade)        0.021 (series)        0.415 (mix)        0.003 (add) 
Cl( 3, 3) in Cl( 4, 4) CPU =        0.007 ms (setup)        0.042 (comm)        0.044 (pade)        0.527 (series)        0.011 (mix)        0.005 (add) 
Cl( 4, 3) in Cl( 4, 4) CPU =        0.015 ms (setup)        0.122 (comm)        0.408 (pade)        0.191 (series)        0.026 (mix)        0.009 (add) 
Cl( 4, 4) in Cl( 4, 4) CPU =        0.035 ms (setup)        0.479 (comm)        0.466 (pade)        0.803 (series)        0.070 (mix)        0.026 (add) 

matrix_multi<float,-4,4>
Clifford algebra expressions test:
Fill: 0.5
Cl( 1, 0) in Cl( 1, 0) CPU =        0.003 ms (setup)        0.011 (comm)        0.005 (pade)        0.002 (series)        0.002 (mix)        0.001 (add) 
Cl( 1, 1) in Cl( 1, 1) CPU =        0.003 ms (setup)        0.005 (comm)        0.003 (pade)        0.001 (series)        0.004 (mix)        0.001 (add) 
Cl( 2, 1) in Cl( 2, 1) CPU =        0.002 ms (setup)        0.527 (comm)        0.005 (pade)        0.001 (series)        0.018 (mix)        0.001 (add) 
Cl( 2, 2) in Cl( 2, 2) CPU =        0.003 ms (setup)        0.030 (comm)        0.004 (pade)        0.001 (series)        0.028 (mix)        0.001 (add) 
Cl( 3, 2) in Cl( 3, 2) CPU =        0.013 ms (setup)        0.120 (comm)        0.005 (pade)        0.002 (series)        0.118 (mix)        0.001 (add) 
Cl( 3, 3) in Cl( 3, 3) CPU =        0.020 ms (setup)        0.189 (comm)        0.005 (pade)        0.002 (series)        0.181 (mix)        0.001 (add) 
Cl( 4, 3) in Cl( 4, 3) CPU =        0.046 ms (setup)        0.899 (comm)        0.010 (pade)        0.003 (series)        0.871 (mix)        0.001 (add) 
Cl( 4, 4) in Cl( 4, 4) CPU =        0.095 ms (setup)        1.355 (comm)        0.009 (pade)        0.003 (series)        1.331 (mix)        0.001 (add) 
Cl( 1, 0) in Cl( 4, 4) CPU =        0.003 ms (setup)        0.022 (comm)        0.005 (pade)        0.003 (series)        0.020 (mix)        0.001 (add) 
Cl( 1, 1) in Cl( 4, 4) CPU =        0.003 ms (setup)        0.030 (comm)        0.009 (pade)        0.003 (series)        0.312 (mix)        0.001 (add) 
Cl( 2, 1) in Cl( 4, 4) CPU =        0.006 ms (setup)        0.063 (comm)        0.009 (pade)        0.003 (series)        0.353 (mix)        0.001 (add) 
Cl( 2, 2) in Cl( 4, 4) CPU =        0.011 ms (setup)        0.077 (comm)        0.009 (pade)        0.003 (series)        0.364 (mix)        0.001 (add) 
Cl( 3, 2) in Cl( 4, 4) CPU =        0.042 ms (setup)        0.215 (comm)        0.009 (pade)        0.003 (series)        0.208 (mix)        0.001 (add) 
Cl( 3, 3) in Cl( 4, 4) CPU =        0.068 ms (setup)        0.301 (comm)        0.009 (pade)        0.003 (series)        0.294 (mix)        0.001 (add) 
Cl( 4, 3) in Cl( 4, 4) CPU =        0.177 ms (setup)        0.837 (comm)        0.010 (pade)        0.003 (series)        0.819 (mix)        0.001 (add) 
Cl( 4, 4) in Cl( 4, 4) CPU =        0.095 ms (setup)        1.389 (comm)        0.009 (pade)        0.003 (series)        1.367 (mix)        0.001 (add) 
Fill: 1
Cl( 1, 0) in Cl( 1, 0) CPU =        0.007 ms (setup)        0.005 (comm)        0.004 (pade)        0.002 (series)        0.004 (mix)        0.001 (add) 
Cl( 1, 1) in Cl( 1, 1) CPU =        0.001 ms (setup)        0.007 (comm)        0.003 (pade)        0.001 (series)        0.007 (mix)        0.000 (add) 
Cl( 2, 1) in Cl( 2, 1) CPU =        0.291 ms (setup)        0.161 (comm)        0.005 (pade)        0.001 (series)        0.022 (mix)        0.000 (add) 
Cl( 2, 2) in Cl( 2, 2) CPU =        0.273 ms (setup)        0.036 (comm)        0.004 (pade)        0.001 (series)        0.300 (mix)        0.000 (add) 
Cl( 3, 2) in Cl( 3, 2) CPU =        0.011 ms (setup)        0.146 (comm)        0.005 (pade)        0.002 (series)        0.140 (mix)        0.001 (add) 
Cl( 3, 3) in Cl( 3, 3) CPU =        0.022 ms (setup)        0.229 (comm)        0.005 (pade)        0.002 (series)        0.222 (mix)        0.001 (add) 
Cl( 4, 3) in Cl( 4, 3) CPU =        0.063 ms (setup)        1.015 (comm)        0.009 (pade)        0.004 (series)        0.994 (mix)        0.001 (add) 
Cl( 4, 4) in Cl( 4, 4) CPU =        0.123 ms (setup)        1.540 (comm)        0.010 (pade)        0.004 (series)        1.520 (mix)        0.001 (add) 
Cl( 1, 0) in Cl( 4, 4) CPU =        0.002 ms (setup)        0.041 (comm)        0.007 (pade)        0.003 (series)        0.038 (mix)        0.001 (add) 
Cl( 1, 1) in Cl( 4, 4) CPU =        0.003 ms (setup)        0.056 (comm)        0.009 (pade)        0.003 (series)        0.345 (mix)        0.001 (add) 
Cl( 2, 1) in Cl( 4, 4) CPU =        0.007 ms (setup)        0.081 (comm)        0.009 (pade)        0.003 (series)        0.193 (mix)        0.001 (add) 
Cl( 2, 2) in Cl( 4, 4) CPU =        0.018 ms (setup)        0.117 (comm)        0.009 (pade)        0.003 (series)        0.115 (mix)        0.001 (add) 
Cl( 3, 2) in Cl( 4, 4) CPU =        0.045 ms (setup)        0.236 (comm)        0.009 (pade)        0.003 (series)        0.229 (mix)        0.001 (add) 
Cl( 3, 3) in Cl( 4, 4) CPU =        0.083 ms (setup)        0.358 (comm)        0.009 (pade)        0.004 (series)        0.353 (mix)        0.000 (add) 
Cl( 4, 3) in Cl( 4, 4) CPU =        0.222 ms (setup)        1.061 (comm)        0.010 (pade)        0.003 (series)        1.050 (mix)        0.001 (add) 
Cl( 4, 4) in Cl( 4, 4) CPU =        0.124 ms (setup)        1.544 (comm)        0.009 (pade)        0.003 (series)        1.530 (mix)        0.001 (add) 

framed_multi<double>
Clifford algebra expressions test:
Fill: 0.5
Cl( 1, 0) in Cl( 1, 0) CPU =        0.001 ms (setup)        0.011 (comm)        0.007 (pade)        0.003 (series)        0.001 (mix)        0.002 (add) 
Cl( 1, 1) in Cl( 1, 1) CPU =        0.001 ms (setup)        0.001 (comm)        0.005 (pade)        0.001 (series)        0.001 (mix)        0.001 (add) 
Cl( 2, 1) in Cl( 2, 1) CPU =        0.001 ms (setup)        0.004 (comm)        0.008 (pade)        0.004 (series)        0.001 (mix)        0.001 (add) 
Cl( 2, 2) in Cl( 2, 2) CPU =        0.002 ms (setup)        0.006 (comm)        0.009 (pade)        0.007 (series)        0.002 (mix)        0.001 (add) 
Cl( 3, 2) in Cl( 3, 2) CPU =        0.003 ms (setup)        0.858 (comm)        0.032 (pade)        0.013 (series)        0.004 (mix)        0.002 (add) 
Cl( 3, 3) in Cl( 3, 3) CPU =        0.423 ms (setup)        0.034 (comm)        0.038 (pade)        0.492 (series)        0.008 (mix)        0.003 (add) 
Cl( 4, 3) in Cl( 4, 3) CPU =        0.013 ms (setup)        0.099 (comm)        0.644 (pade)        0.136 (series)        0.033 (mix)        0.005 (add) 
Cl( 4, 4) in Cl( 4, 4) CPU =        0.026 ms (setup)        0.422 (comm)        0.674 (pade)        0.665 (series)        0.101 (mix)        0.009 (add) 
Cl( 5, 4) in Cl( 5, 4) CPU =        0.053 ms (setup)        1.484 (comm)        1.150 (pade)        2.436 (series)        0.292 (mix)        0.017 (add) 
Cl( 5, 5) in Cl( 5, 5) CPU =        0.107 ms (setup)        2.490 (comm)        1.399 (pade)        3.442 (series)        0.803 (mix)        0.034 (add) 
Cl( 6, 5) in Cl( 6, 5) CPU =        0.227 ms (setup)        8.257 (comm)        3.763 (pade)       12.468 (series)        2.276 (mix)        0.071 (add) 
Cl( 6, 6) in Cl( 6, 6) CPU =        0.467 ms (setup)       14.716 (comm)        5.080 (pade)       17.559 (series)        6.599 (mix)        0.154 (add) 
Cl( 7, 6) in Cl( 7, 6) CPU =        0.948 ms (setup)       49.141 (comm)       16.285 (pade)       63.800 (series)       19.264 (mix)        0.333 (add) 
Cl( 7, 7) in Cl( 7, 7) CPU =        1.958 ms (setup)       97.367 (comm)       22.765 (pade)       89.665 (series)       56.915 (mix)        0.653 (add) 
Cl( 8, 7) in Cl( 8, 7) CPU =        3.925 ms (setup)      311.038 (comm)       80.912 (pade)      313.726 (series)      166.241 (mix)        1.386 (add) 
Cl( 8, 8) in Cl( 8, 8) CPU =        7.952 ms (setup)      702.024 (comm)      115.914 (pade)      451.589 (series)      501.562 (mix)        2.941 (add) 
Cl( 1, 0) in Cl( 8, 8) CPU =        0.001 ms (setup)        0.001 (comm)        0.002 (pade)        0.002 (series)        0.000 (mix)        0.001 (add) 
Cl( 1, 1) in Cl( 8, 8) CPU =        0.001 ms (setup)        0.001 (comm)        0.005 (pade)        0.001 (series)        0.000 (mix)        0.001 (add) 
Cl( 2, 1) in Cl( 8, 8) CPU =        0.001 ms (setup)        0.004 (comm)        0.009 (pade)        0.004 (series)        0.001 (mix)        0.001 (add) 
Cl( 2, 2) in Cl( 8, 8) CPU =        0.002 ms (setup)        0.006 (comm)        0.009 (pade)        0.007 (series)        0.002 (mix)        0.001 (add) 
Cl( 3, 2) in Cl( 8, 8) CPU =        0.003 ms (setup)        0.609 (comm)        0.024 (pade)        0.011 (series)        0.003 (mix)        0.001 (add) 
Cl( 3, 3) in Cl( 8, 8) CPU =        0.006 ms (setup)        0.034 (comm)        0.038 (pade)        0.487 (series)        0.008 (mix)        0.003 (add) 
Cl( 4, 3) in Cl( 8, 8) CPU =        0.013 ms (setup)        0.099 (comm)        0.637 (pade)        0.134 (series)        0.032 (mix)        0.005 (add) 
Cl( 4, 4) in Cl( 8, 8) CPU =        0.026 ms (setup)        0.414 (comm)        0.680 (pade)        0.656 (series)        0.100 (mix)        0.009 (add) 
Cl( 5, 4) in Cl( 8, 8) CPU =        0.054 ms (setup)        1.474 (comm)        1.145 (pade)        2.416 (series)        0.290 (mix)        0.017 (add) 
Cl( 5, 5) in Cl( 8, 8) CPU =        0.107 ms (setup)        2.397 (comm)        1.385 (pade)        3.373 (series)        0.771 (mix)        0.032 (add) 
Cl( 6, 5) in Cl( 8, 8) CPU =        0.226 ms (setup)        8.158 (comm)        3.720 (pade)       12.402 (series)        2.256 (mix)        0.069 (add) 
Cl( 6, 6) in Cl( 8, 8) CPU =        0.461 ms (setup)       14.555 (comm)        4.992 (pade)       17.428 (series)        6.545 (mix)        0.152 (add) 
Cl( 7, 6) in Cl( 8, 8) CPU =        0.954 ms (setup)       49.120 (comm)       16.177 (pade)       63.523 (series)       19.354 (mix)        0.331 (add) 
Cl( 7, 7) in Cl( 8, 8) CPU =        1.961 ms (setup)       97.819 (comm)       22.806 (pade)       89.629 (series)       57.300 (mix)        0.656 (add) 
Cl( 8, 7) in Cl( 8, 8) CPU =        3.950 ms (setup)      314.697 (comm)       80.811 (pade)      313.215 (series)      169.653 (mix)        1.411 (add) 
Cl( 8, 8) in Cl( 8, 8) CPU =        7.963 ms (setup)      699.457 (comm)      115.664 (pade)      451.493 (series)      498.971 (mix)        2.942 (add) 
Fill: 1
Cl( 1, 0) in Cl( 1, 0) CPU =        0.001 ms (setup)        0.003 (comm)        0.006 (pade)        0.003 (series)        0.001 (mix)        0.002 (add) 
Cl( 1, 1) in Cl( 1, 1) CPU =        0.001 ms (setup)        0.003 (comm)        0.005 (pade)        0.003 (series)        0.001 (mix)        0.001 (add) 
Cl( 2, 1) in Cl( 2, 1) CPU =        0.001 ms (setup)        0.004 (comm)        0.009 (pade)        0.005 (series)        0.001 (mix)        0.001 (add) 
Cl( 2, 2) in Cl( 2, 2) CPU =        0.002 ms (setup)        0.007 (comm)        0.011 (pade)        0.009 (series)        0.003 (mix)        0.001 (add) 
Cl( 3, 2) in Cl( 3, 2) CPU =        0.005 ms (setup)        0.584 (comm)        0.032 (pade)        0.025 (series)        0.005 (mix)        0.002 (add) 
Cl( 3, 3) in Cl( 3, 3) CPU =        0.009 ms (setup)        0.052 (comm)        0.043 (pade)        0.532 (series)        0.013 (mix)        0.003 (add) 
Cl( 4, 3) in Cl( 4, 3) CPU =        0.018 ms (setup)        0.165 (comm)        0.651 (pade)        0.228 (series)        0.038 (mix)        0.004 (add) 
Cl( 4, 4) in Cl( 4, 4) CPU =        0.036 ms (setup)        0.487 (comm)        0.702 (pade)        0.754 (series)        0.102 (mix)        0.011 (add) 
Cl( 5, 4) in Cl( 5, 4) CPU =        0.074 ms (setup)        1.651 (comm)        1.200 (pade)        2.671 (series)        0.284 (mix)        0.021 (add) 
Cl( 5, 5) in Cl( 5, 5) CPU =        0.153 ms (setup)        2.767 (comm)        1.533 (pade)        3.910 (series)        0.727 (mix)        0.042 (add) 
Cl( 6, 5) in Cl( 6, 5) CPU =        0.310 ms (setup)        9.125 (comm)        4.178 (pade)       14.197 (series)        1.960 (mix)        0.082 (add) 
Cl( 6, 6) in Cl( 6, 6) CPU =        0.642 ms (setup)       16.024 (comm)        5.894 (pade)       21.172 (series)        5.402 (mix)        0.170 (add) 
Cl( 7, 6) in Cl( 7, 6) CPU =        1.371 ms (setup)       52.346 (comm)       18.657 (pade)       73.588 (series)       15.486 (mix)        0.343 (add) 
Cl( 7, 7) in Cl( 7, 7) CPU =        2.913 ms (setup)      100.523 (comm)       27.934 (pade)      110.940 (series)       45.065 (mix)        0.683 (add) 
Cl( 8, 7) in Cl( 8, 7) CPU =        5.725 ms (setup)      316.663 (comm)       94.966 (pade)      371.238 (series)      131.211 (mix)        1.381 (add) 
Cl( 8, 8) in Cl( 8, 8) CPU =       11.868 ms (setup)      673.574 (comm)      146.530 (pade)      575.850 (series)      385.646 (mix)        2.760 (add) 
Cl( 1, 0) in Cl( 8, 8) CPU =        0.001 ms (setup)        0.003 (comm)        0.005 (pade)        0.003 (series)        0.001 (mix)        0.002 (add) 
Cl( 1, 1) in Cl( 8, 8) CPU =        0.001 ms (setup)        0.003 (comm)        0.005 (pade)        0.003 (series)        0.001 (mix)        0.001 (add) 
Cl( 2, 1) in Cl( 8, 8) CPU =        0.001 ms (setup)        0.004 (comm)        0.009 (pade)        0.005 (series)        0.001 (mix)        0.001 (add) 
Cl( 2, 2) in Cl( 8, 8) CPU =        0.002 ms (setup)        0.007 (comm)        0.011 (pade)        0.009 (series)        0.003 (mix)        0.001 (add) 
Cl( 3, 2) in Cl( 8, 8) CPU =        0.004 ms (setup)        0.855 (comm)        0.032 (pade)        0.024 (series)        0.005 (mix)        0.002 (add) 
Cl( 3, 3) in Cl( 8, 8) CPU =        0.009 ms (setup)        0.053 (comm)        0.042 (pade)        0.530 (series)        0.012 (mix)        0.003 (add) 
Cl( 4, 3) in Cl( 8, 8) CPU =        0.018 ms (setup)        0.164 (comm)        0.647 (pade)        0.229 (series)        0.038 (mix)        0.005 (add) 
Cl( 4, 4) in Cl( 8, 8) CPU =        0.036 ms (setup)        0.486 (comm)        0.700 (pade)        0.755 (series)        0.103 (mix)        0.011 (add) 
Cl( 5, 4) in Cl( 8, 8) CPU =        0.073 ms (setup)        1.663 (comm)        1.206 (pade)        2.676 (series)        0.281 (mix)        0.021 (add) 
Cl( 5, 5) in Cl( 8, 8) CPU =        0.152 ms (setup)        2.757 (comm)        1.525 (pade)        3.906 (series)        0.726 (mix)        0.041 (add) 
Cl( 6, 5) in Cl( 8, 8) CPU =        0.311 ms (setup)        9.114 (comm)        4.197 (pade)       14.213 (series)        1.967 (mix)        0.082 (add) 
Cl( 6, 6) in Cl( 8, 8) CPU =        0.641 ms (setup)       16.027 (comm)        5.894 (pade)       21.134 (series)        5.405 (mix)        0.170 (add) 
Cl( 7, 6) in Cl( 8, 8) CPU =        1.368 ms (setup)       52.318 (comm)       18.669 (pade)       73.636 (series)       15.481 (mix)        0.344 (add) 
Cl( 7, 7) in Cl( 8, 8) CPU =        2.909 ms (setup)      100.501 (comm)       28.027 (pade)      110.977 (series)       45.059 (mix)        0.686 (add) 
Cl( 8, 7) in Cl( 8, 8) CPU =        5.721 ms (setup)      316.628 (comm)       95.069 (pade)      371.373 (series)      131.203 (mix)        1.381 (add) 
Cl( 8, 8) in Cl( 8, 8) CPU =       11.864 ms (setup)      673.657 (comm)      146.629 (pade)      575.928 (series)      385.634 (mix)        2.760 (add) 

matrix_multi<double>
Clifford algebra expressions test:
Fill: 0.5
Cl( 1, 0) in Cl( 1, 0) CPU =        0.003 ms (setup)        0.004 (comm)        0.004 (pade)        0.002 (series)        0.002 (mix)        0.001 (add) 
Cl( 1, 1) in Cl( 1, 1) CPU =        0.005 ms (setup)        0.002 (comm)        0.003 (pade)        0.001 (series)        0.002 (mix)        0.000 (add) 
Cl( 2, 1) in Cl( 2, 1) CPU =        0.002 ms (setup)        0.447 (comm)        0.005 (pade)        0.001 (series)        0.017 (mix)        0.001 (add) 
Cl( 2, 2) in Cl( 2, 2) CPU =        0.003 ms (setup)        0.030 (comm)        0.004 (pade)        0.001 (series)        0.029 (mix)        0.001 (add) 
Cl( 3, 2) in Cl( 3, 2) CPU =        0.013 ms (setup)        0.108 (comm)        0.005 (pade)        0.002 (series)        0.103 (mix)        0.001 (add) 
Cl( 3, 3) in Cl( 3, 3) CPU =        0.019 ms (setup)        0.181 (comm)        0.005 (pade)        0.002 (series)        0.174 (mix)        0.001 (add) 
Cl( 4, 3) in Cl( 4, 3) CPU =        0.051 ms (setup)        0.828 (comm)        0.011 (pade)        0.005 (series)        0.805 (mix)        0.001 (add) 
Cl( 4, 4) in Cl( 4, 4) CPU =        0.096 ms (setup)        1.262 (comm)        0.011 (pade)        0.005 (series)        1.243 (mix)        0.001 (add) 
Cl( 5, 4) in Cl( 5, 4) CPU =        0.231 ms (setup)        5.168 (comm)        0.022 (pade)        0.016 (series)        5.146 (mix)        0.002 (add) 
Cl( 5, 5) in Cl( 5, 5) CPU =        0.451 ms (setup)        7.673 (comm)        0.023 (pade)        0.016 (series)        7.679 (mix)        0.002 (add) 
Cl( 6, 5) in Cl( 6, 5) CPU =        1.076 ms (setup)       29.676 (comm)        0.066 (pade)        0.076 (series)       29.642 (mix)        0.005 (add) 
Cl( 6, 6) in Cl( 6, 6) CPU =        2.150 ms (setup)       42.249 (comm)        0.065 (pade)        0.075 (series)       42.158 (mix)        0.005 (add) 
Cl( 7, 6) in Cl( 7, 6) CPU =        5.167 ms (setup)      203.017 (comm)        0.943 (pade)        0.226 (series)      201.468 (mix)        0.031 (add) 
Cl( 7, 7) in Cl( 7, 7) CPU =       10.315 ms (setup)      268.502 (comm)        0.942 (pade)        1.956 (series)      267.734 (mix)        0.030 (add) 
Cl( 8, 7) in Cl( 8, 7) CPU =       24.973 ms (setup)     1158.085 (comm)        3.597 (pade)        6.019 (series)     1155.906 (mix)        0.120 (add) 
Cl( 8, 8) in Cl( 8, 8) CPU =       50.090 ms (setup)     1471.420 (comm)        3.630 (pade)        5.905 (series)     1465.115 (mix)        0.124 (add) 
Cl( 1, 0) in Cl( 8, 8) CPU =        0.012 ms (setup)        6.401 (comm)        0.376 (pade)        6.586 (series)        3.414 (mix)        0.133 (add) 
Cl( 1, 1) in Cl( 8, 8) CPU =        0.022 ms (setup)       11.191 (comm)        0.559 (pade)        5.911 (series)        8.101 (mix)        0.120 (add) 
Cl( 2, 1) in Cl( 8, 8) CPU =        0.050 ms (setup)       28.024 (comm)        0.569 (pade)        6.003 (series)       24.843 (mix)        0.120 (add) 
Cl( 2, 2) in Cl( 8, 8) CPU =        0.102 ms (setup)       53.147 (comm)        0.572 (pade)        6.447 (series)       49.768 (mix)        0.125 (add) 
Cl( 3, 2) in Cl( 8, 8) CPU =        0.555 ms (setup)       74.715 (comm)        0.609 (pade)        6.527 (series)       71.415 (mix)        0.120 (add) 
Cl( 3, 3) in Cl( 8, 8) CPU =        0.807 ms (setup)      102.349 (comm)        0.609 (pade)        6.087 (series)       99.261 (mix)        0.120 (add) 
Cl( 4, 3) in Cl( 8, 8) CPU =        0.912 ms (setup)      106.603 (comm)        0.690 (pade)        6.074 (series)      103.089 (mix)        0.120 (add) 
Cl( 4, 4) in Cl( 8, 8) CPU =        1.276 ms (setup)      148.592 (comm)        0.683 (pade)        6.050 (series)      142.575 (mix)        0.131 (add) 
Cl( 5, 4) in Cl( 8, 8) CPU =        1.763 ms (setup)      194.470 (comm)        0.855 (pade)        5.952 (series)      189.666 (mix)        0.124 (add) 
Cl( 5, 5) in Cl( 8, 8) CPU =        2.459 ms (setup)      227.821 (comm)        0.865 (pade)        6.109 (series)      227.119 (mix)        0.120 (add) 
Cl( 6, 5) in Cl( 8, 8) CPU =        5.091 ms (setup)      303.706 (comm)        3.620 (pade)        6.286 (series)      300.424 (mix)        0.122 (add) 
Cl( 6, 6) in Cl( 8, 8) CPU =        9.284 ms (setup)      337.591 (comm)        3.591 (pade)        5.984 (series)      334.035 (mix)        0.122 (add) 
Cl( 7, 6) in Cl( 8, 8) CPU =       21.479 ms (setup)      482.963 (comm)        3.635 (pade)        6.109 (series)      479.730 (mix)        0.120 (add) 
Cl( 7, 7) in Cl( 8, 8) CPU =       40.930 ms (setup)      609.840 (comm)        3.569 (pade)        5.809 (series)      626.136 (mix)        0.120 (add) 
Cl( 8, 7) in Cl( 8, 8) CPU =       97.374 ms (setup)     1193.445 (comm)        3.659 (pade)        6.029 (series)     1190.283 (mix)        0.121 (add) 
Cl( 8, 8) in Cl( 8, 8) CPU =       50.099 ms (setup)     1453.425 (comm)        3.624 (pade)        6.183 (series)     1451.221 (mix)        0.120 (add) 
Fill: 1
Cl( 1, 0) in Cl( 1, 0) CPU =        0.001 ms (setup)        0.005 (comm)        0.004 (pade)        0.002 (series)        0.004 (mix)        0.001 (add) 
Cl( 1, 1) in Cl( 1, 1) CPU =        0.001 ms (setup)        0.007 (comm)        0.003 (pade)        0.001 (series)        0.006 (mix)        0.000 (add) 
Cl( 2, 1) in Cl( 2, 1) CPU =        0.002 ms (setup)        0.462 (comm)        0.004 (pade)        0.001 (series)        0.022 (mix)        0.001 (add) 
Cl( 2, 2) in Cl( 2, 2) CPU =        0.268 ms (setup)        0.036 (comm)        0.004 (pade)        0.001 (series)        0.299 (mix)        0.000 (add) 
Cl( 3, 2) in Cl( 3, 2) CPU =        0.012 ms (setup)        0.147 (comm)        0.006 (pade)        0.002 (series)        0.144 (mix)        0.001 (add) 
Cl( 3, 3) in Cl( 3, 3) CPU =        0.024 ms (setup)        0.229 (comm)        0.005 (pade)        0.002 (series)        0.225 (mix)        0.000 (add) 
Cl( 4, 3) in Cl( 4, 3) CPU =        0.067 ms (setup)        0.985 (comm)        0.011 (pade)        0.005 (series)        0.974 (mix)        0.001 (add) 
Cl( 4, 4) in Cl( 4, 4) CPU =        0.127 ms (setup)        1.482 (comm)        0.012 (pade)        0.005 (series)        1.465 (mix)        0.001 (add) 
Cl( 5, 4) in Cl( 5, 4) CPU =        0.325 ms (setup)        5.721 (comm)        0.024 (pade)        0.016 (series)        5.698 (mix)        0.002 (add) 
Cl( 5, 5) in Cl( 5, 5) CPU =        0.661 ms (setup)        8.418 (comm)        0.024 (pade)        0.016 (series)        8.399 (mix)        0.002 (add) 
Cl( 6, 5) in Cl( 6, 5) CPU =        1.656 ms (setup)       32.295 (comm)        0.065 (pade)        0.075 (series)       32.275 (mix)        0.005 (add) 
Cl( 6, 6) in Cl( 6, 6) CPU =        3.409 ms (setup)       45.319 (comm)        0.064 (pade)        0.075 (series)       45.303 (mix)        0.007 (add) 
Cl( 7, 6) in Cl( 7, 6) CPU =        8.599 ms (setup)      217.743 (comm)        0.926 (pade)        2.049 (series)      217.715 (mix)        0.034 (add) 
Cl( 7, 7) in Cl( 7, 7) CPU =       17.376 ms (setup)      289.259 (comm)        0.924 (pade)        1.331 (series)      288.201 (mix)        0.030 (add) 
Cl( 8, 7) in Cl( 8, 7) CPU =       43.619 ms (setup)     1232.521 (comm)        3.611 (pade)        5.561 (series)     1228.084 (mix)        0.120 (add) 
Cl( 8, 8) in Cl( 8, 8) CPU =       89.346 ms (setup)     1600.443 (comm)        3.614 (pade)        6.655 (series)     1593.149 (mix)        0.124 (add) 
Cl( 1, 0) in Cl( 8, 8) CPU =        0.018 ms (setup)       15.447 (comm)        0.559 (pade)        6.397 (series)       12.083 (mix)        0.128 (add) 
Cl( 1, 1) in Cl( 8, 8) CPU =        0.036 ms (setup)       25.767 (comm)        0.559 (pade)        6.000 (series)       22.351 (mix)        0.120 (add) 
Cl( 2, 1) in Cl( 8, 8) CPU =        0.083 ms (setup)       40.435 (comm)        0.577 (pade)        6.000 (series)       36.998 (mix)        0.120 (add) 
Cl( 2, 2) in Cl( 8, 8) CPU =        0.718 ms (setup)       58.679 (comm)        0.585 (pade)        6.083 (series)       55.364 (mix)        0.122 (add) 
Cl( 3, 2) in Cl( 8, 8) CPU =        0.759 ms (setup)       82.356 (comm)        0.610 (pade)        6.338 (series)       78.930 (mix)        0.120 (add) 
Cl( 3, 3) in Cl( 8, 8) CPU =        0.810 ms (setup)      112.146 (comm)        0.613 (pade)        5.952 (series)      109.676 (mix)        0.121 (add) 
Cl( 4, 3) in Cl( 8, 8) CPU =        0.978 ms (setup)      147.605 (comm)        0.688 (pade)        6.484 (series)      146.433 (mix)        0.120 (add) 
Cl( 4, 4) in Cl( 8, 8) CPU =        1.425 ms (setup)      188.310 (comm)        0.691 (pade)        6.035 (series)      183.822 (mix)        0.120 (add) 
Cl( 5, 4) in Cl( 8, 8) CPU =        1.937 ms (setup)      229.488 (comm)        0.860 (pade)        6.101 (series)      229.363 (mix)        0.120 (add) 
Cl( 5, 5) in Cl( 8, 8) CPU =        3.154 ms (setup)      271.574 (comm)        0.866 (pade)        6.024 (series)      268.309 (mix)        0.121 (add) 
Cl( 6, 5) in Cl( 8, 8) CPU =        6.766 ms (setup)      338.418 (comm)        3.641 (pade)        6.082 (series)      334.832 (mix)        0.131 (add) 
Cl( 6, 6) in Cl( 8, 8) CPU =       12.681 ms (setup)      391.484 (comm)        3.662 (pade)        6.034 (series)      387.786 (mix)        0.120 (add) 
Cl( 7, 6) in Cl( 8, 8) CPU =       29.970 ms (setup)      559.270 (comm)        3.615 (pade)        6.160 (series)      555.785 (mix)        0.126 (add) 
Cl( 7, 7) in Cl( 8, 8) CPU =       57.747 ms (setup)      665.350 (comm)        3.635 (pade)        6.085 (series)      702.729 (mix)        0.120 (add) 
Cl( 8, 7) in Cl( 8, 8) CPU =      140.594 ms (setup)     1279.380 (comm)        3.642 (pade)        5.917 (series)     1277.118 (mix)        0.123 (add) 
Cl( 8, 8) in Cl( 8, 8) CPU =       89.497 ms (setup)     1601.084 (comm)        3.595 (pade)        6.192 (series)     1594.484 (mix)        0.120 (add) 
