
framed_multi<double>
Clifford algebra squaring test:
Fill: 0.5
Cl( 1, 0) in Cl( 1, 0) CPU =        0.046 ms (setup)        0.028 (*) 
Cl( 1, 1) in Cl( 1, 1) CPU =        0.001 ms (setup)        0.001 (*) 
Cl( 2, 1) in Cl( 2, 1) CPU =        0.001 ms (setup)        0.003 (*) 
Cl( 2, 2) in Cl( 2, 2) CPU =        0.001 ms (setup)        0.003 (*) 
Cl( 3, 2) in Cl( 3, 2) CPU =        0.002 ms (setup)        0.006 (*) 
Cl( 3, 3) in Cl( 3, 3) CPU =        0.003 ms (setup)        0.014 (*) 
Cl( 4, 3) in Cl( 4, 3) CPU =        0.007 ms (setup)        0.034 (*) 
Cl( 4, 4) in Cl( 4, 4) CPU =        0.014 ms (setup)        0.274 (*) 
Cl( 5, 4) in Cl( 5, 4) CPU =        0.028 ms (setup)        0.627 (*) 
Cl( 5, 5) in Cl( 5, 5) CPU =        0.058 ms (setup)        0.815 (*) 
Cl( 6, 5) in Cl( 6, 5) CPU =        0.114 ms (setup)        2.956 (*) 
Cl( 6, 6) in Cl( 6, 6) CPU =        0.233 ms (setup)        3.968 (*) 
Cl( 7, 6) in Cl( 7, 6) CPU =        0.469 ms (setup)       15.280 (*) 
Cl( 7, 7) in Cl( 7, 7) CPU =        0.970 ms (setup)       20.209 (*) 
Cl( 8, 7) in Cl( 8, 7) CPU =        1.945 ms (setup)       72.751 (*) 
Cl( 8, 8) in Cl( 8, 8) CPU =        3.967 ms (setup)      100.136 (*) 
Cl( 9, 8) in Cl( 9, 8) CPU =        8.271 ms (setup)      271.960 (*) 
Cl( 9, 9) in Cl( 9, 9) CPU =       16.793 ms (setup)      532.233 (*) 
Cl(10, 9) in Cl(10, 9) CPU =       35.766 ms (setup)     2072.115 (*) 
Cl(10,10) in Cl(10,10) CPU =       73.669 ms (setup)     3033.405 (*) 
Cl(11,10) in Cl(11,10) CPU =      152.799 ms (setup)    12423.458 (*) 
Cl(11,11) in Cl(11,11) CPU =      293.258 ms (setup)    18765.100 (*) 
Fill: 1
Cl( 1, 0) in Cl( 1, 0) CPU =        0.018 ms (setup)        0.003 (*) 
Cl( 1, 1) in Cl( 1, 1) CPU =        0.001 ms (setup)        0.003 (*) 
Cl( 2, 1) in Cl( 2, 1) CPU =        0.001 ms (setup)        0.003 (*) 
Cl( 2, 2) in Cl( 2, 2) CPU =        0.002 ms (setup)        0.005 (*) 
Cl( 3, 2) in Cl( 3, 2) CPU =        0.003 ms (setup)        0.011 (*) 
Cl( 3, 3) in Cl( 3, 3) CPU =        0.007 ms (setup)        0.024 (*) 
Cl( 4, 3) in Cl( 4, 3) CPU =        0.012 ms (setup)        0.068 (*) 
Cl( 4, 4) in Cl( 4, 4) CPU =        0.023 ms (setup)        0.238 (*) 
Cl( 5, 4) in Cl( 5, 4) CPU =        0.043 ms (setup)        0.734 (*) 
Cl( 5, 5) in Cl( 5, 5) CPU =        0.086 ms (setup)        1.049 (*) 
Cl( 6, 5) in Cl( 6, 5) CPU =        0.168 ms (setup)        3.567 (*) 
Cl( 6, 6) in Cl( 6, 6) CPU =        0.341 ms (setup)        5.296 (*) 
Cl( 7, 6) in Cl( 7, 6) CPU =        0.698 ms (setup)       18.380 (*) 
Cl( 7, 7) in Cl( 7, 7) CPU =        1.458 ms (setup)       27.598 (*) 
Cl( 8, 7) in Cl( 8, 7) CPU =        2.823 ms (setup)       92.608 (*) 
Cl( 8, 8) in Cl( 8, 8) CPU =        5.837 ms (setup)      143.110 (*) 
Cl( 9, 8) in Cl( 9, 8) CPU =       12.791 ms (setup)      390.927 (*) 
Cl( 9, 9) in Cl( 9, 9) CPU =       26.701 ms (setup)      797.535 (*) 
Cl(10, 9) in Cl(10, 9) CPU =       60.109 ms (setup)     2868.000 (*) 
Cl(10,10) in Cl(10,10) CPU =      128.176 ms (setup)     4815.688 (*) 
Cl(11,10) in Cl(11,10) CPU =      250.557 ms (setup)    17930.660 (*) 
Cl(11,11) in Cl(11,11) CPU =      481.714 ms (setup)    31257.357 (*) 

matrix_multi<double>
Clifford algebra squaring test:
Fill: 0.5
Cl( 1, 0) in Cl( 1, 0) CPU =        0.004 ms (setup)        0.003 (*) 
Cl( 1, 1) in Cl( 1, 1) CPU =        0.047 ms (setup)        0.001 (*) 
Cl( 2, 1) in Cl( 2, 1) CPU =        0.007 ms (setup)        0.001 (*) 
Cl( 2, 2) in Cl( 2, 2) CPU =        0.006 ms (setup)        0.001 (*) 
Cl( 3, 2) in Cl( 3, 2) CPU =        0.018 ms (setup)        0.003 (*) 
Cl( 3, 3) in Cl( 3, 3) CPU =        0.020 ms (setup)        0.001 (*) 
Cl( 4, 3) in Cl( 4, 3) CPU =        0.025 ms (setup)        0.002 (*) 
Cl( 4, 4) in Cl( 4, 4) CPU =        0.051 ms (setup)        0.002 (*) 
Cl( 5, 4) in Cl( 5, 4) CPU =        0.124 ms (setup)        0.005 (*) 
Cl( 5, 5) in Cl( 5, 5) CPU =        0.228 ms (setup)        0.003 (*) 
Cl( 6, 5) in Cl( 6, 5) CPU =        0.557 ms (setup)        0.018 (*) 
Cl( 6, 6) in Cl( 6, 6) CPU =        1.103 ms (setup)        0.016 (*) 
Cl( 7, 6) in Cl( 7, 6) CPU =        2.607 ms (setup)        0.076 (*) 
Cl( 7, 7) in Cl( 7, 7) CPU =        5.828 ms (setup)        0.071 (*) 
Cl( 8, 7) in Cl( 8, 7) CPU =       13.206 ms (setup)        0.252 (*) 
Cl( 8, 8) in Cl( 8, 8) CPU =       26.300 ms (setup)        0.245 (*) 
Cl( 9, 8) in Cl( 9, 8) CPU =       63.391 ms (setup)        4.976 (*) 
Cl( 9, 9) in Cl( 9, 9) CPU =      126.385 ms (setup)        6.203 (*) 
Cl(10, 9) in Cl(10, 9) CPU =      325.699 ms (setup)       46.278 (*) 
Cl(10,10) in Cl(10,10) CPU =      666.181 ms (setup)       46.799 (*) 
Cl(11,10) in Cl(11,10) CPU =     1846.314 ms (setup)      364.430 (*) 
Cl(11,11) in Cl(11,11) CPU =     3787.907 ms (setup)      386.835 (*) 
Fill: 1
Cl( 1, 0) in Cl( 1, 0) CPU =        0.010 ms (setup)        0.002 (*) 
Cl( 1, 1) in Cl( 1, 1) CPU =        0.004 ms (setup)        0.001 (*) 
Cl( 2, 1) in Cl( 2, 1) CPU =        0.006 ms (setup)        0.001 (*) 
Cl( 2, 2) in Cl( 2, 2) CPU =        0.011 ms (setup)        0.000 (*) 
Cl( 3, 2) in Cl( 3, 2) CPU =        0.012 ms (setup)        0.002 (*) 
Cl( 3, 3) in Cl( 3, 3) CPU =        0.015 ms (setup)        0.001 (*) 
Cl( 4, 3) in Cl( 4, 3) CPU =        0.041 ms (setup)        0.001 (*) 
Cl( 4, 4) in Cl( 4, 4) CPU =        0.074 ms (setup)        0.001 (*) 
Cl( 5, 4) in Cl( 5, 4) CPU =        0.188 ms (setup)        0.004 (*) 
Cl( 5, 5) in Cl( 5, 5) CPU =        0.358 ms (setup)        0.003 (*) 
Cl( 6, 5) in Cl( 6, 5) CPU =        0.879 ms (setup)        0.017 (*) 
Cl( 6, 6) in Cl( 6, 6) CPU =        1.749 ms (setup)        0.017 (*) 
Cl( 7, 6) in Cl( 7, 6) CPU =        4.307 ms (setup)        0.067 (*) 
Cl( 7, 7) in Cl( 7, 7) CPU =        9.352 ms (setup)        0.064 (*) 
Cl( 8, 7) in Cl( 8, 7) CPU =       22.865 ms (setup)        0.244 (*) 
Cl( 8, 8) in Cl( 8, 8) CPU =       45.649 ms (setup)        0.248 (*) 
Cl( 9, 8) in Cl( 9, 8) CPU =      118.561 ms (setup)        3.926 (*) 
Cl( 9, 9) in Cl( 9, 9) CPU =      241.755 ms (setup)        2.656 (*) 
Cl(10, 9) in Cl(10, 9) CPU =      667.966 ms (setup)       44.715 (*) 
Cl(10,10) in Cl(10,10) CPU =     1389.585 ms (setup)       44.143 (*) 
Cl(11,10) in Cl(11,10) CPU =     4103.614 ms (setup)      367.639 (*) 
Cl(11,11) in Cl(11,11) CPU =     8594.539 ms (setup)      363.502 (*) 
