expressions/expressions
	linux-vdso.so.1 (0x000077facf9de000)
	libarmadillo.so.14 => /lib/libarmadillo.so.14 (0x000077facf89d000)
	libflexiblas.so.3 => /lib/x86_64-linux-gnu/libflexiblas.so.3 (0x000077facf000000)
	libstdc++.so.6 => /lib/x86_64-linux-gnu/libstdc++.so.6 (0x000077facec00000)
	libm.so.6 => /lib/x86_64-linux-gnu/libm.so.6 (0x000077facf7a6000)
	libgcc_s.so.1 => /lib/x86_64-linux-gnu/libgcc_s.so.1 (0x000077facf777000)
	libc.so.6 => /lib/x86_64-linux-gnu/libc.so.6 (0x000077face800000)
	libarpack.so.2 => /lib/x86_64-linux-gnu/libarpack.so.2 (0x000077facf725000)
	/lib64/ld-linux-x86-64.so.2 (0x000077facf9e0000)
	libgfortran.so.5 => /lib/x86_64-linux-gnu/libgfortran.so.5 (0x000077face400000)
gfft_test/gfft_test
	linux-vdso.so.1 (0x00007984093fe000)
	libarmadillo.so.14 => /lib/libarmadillo.so.14 (0x0000798409339000)
	libflexiblas.so.3 => /lib/x86_64-linux-gnu/libflexiblas.so.3 (0x0000798408c00000)
	libstdc++.so.6 => /lib/x86_64-linux-gnu/libstdc++.so.6 (0x0000798408800000)
	libm.so.6 => /lib/x86_64-linux-gnu/libm.so.6 (0x0000798408b09000)
	libgcc_s.so.1 => /lib/x86_64-linux-gnu/libgcc_s.so.1 (0x0000798408adc000)
	libc.so.6 => /lib/x86_64-linux-gnu/libc.so.6 (0x0000798408400000)
	libarpack.so.2 => /lib/x86_64-linux-gnu/libarpack.so.2 (0x00007984087ae000)
	/lib64/ld-linux-x86-64.so.2 (0x0000798409400000)
	libgfortran.so.5 => /lib/x86_64-linux-gnu/libgfortran.so.5 (0x0000798408000000)
products/products
	linux-vdso.so.1 (0x000073f0e1853000)
	libarmadillo.so.14 => /lib/libarmadillo.so.14 (0x000073f0e172a000)
	libflexiblas.so.3 => /lib/x86_64-linux-gnu/libflexiblas.so.3 (0x000073f0e1000000)
	libstdc++.so.6 => /lib/x86_64-linux-gnu/libstdc++.so.6 (0x000073f0e0c00000)
	libm.so.6 => /lib/x86_64-linux-gnu/libm.so.6 (0x000073f0e0f09000)
	libgcc_s.so.1 => /lib/x86_64-linux-gnu/libgcc_s.so.1 (0x000073f0e0edc000)
	libc.so.6 => /lib/x86_64-linux-gnu/libc.so.6 (0x000073f0e0800000)
	libarpack.so.2 => /lib/x86_64-linux-gnu/libarpack.so.2 (0x000073f0e0bae000)
	/lib64/ld-linux-x86-64.so.2 (0x000073f0e1855000)
	libgfortran.so.5 => /lib/x86_64-linux-gnu/libgfortran.so.5 (0x000073f0e0400000)
squaring/squaring
	linux-vdso.so.1 (0x0000787b5cbca000)
	libarmadillo.so.14 => /lib/libarmadillo.so.14 (0x0000787b5cb02000)
	libflexiblas.so.3 => /lib/x86_64-linux-gnu/libflexiblas.so.3 (0x0000787b5c200000)
	libstdc++.so.6 => /lib/x86_64-linux-gnu/libstdc++.so.6 (0x0000787b5be00000)
	libm.so.6 => /lib/x86_64-linux-gnu/libm.so.6 (0x0000787b5ca0b000)
	libgcc_s.so.1 => /lib/x86_64-linux-gnu/libgcc_s.so.1 (0x0000787b5c9dc000)
	libc.so.6 => /lib/x86_64-linux-gnu/libc.so.6 (0x0000787b5ba00000)
	libarpack.so.2 => /lib/x86_64-linux-gnu/libarpack.so.2 (0x0000787b5c98a000)
	/lib64/ld-linux-x86-64.so.2 (0x0000787b5cbcc000)
	libgfortran.so.5 => /lib/x86_64-linux-gnu/libgfortran.so.5 (0x0000787b5b600000)
transforms/transforms
	linux-vdso.so.1 (0x0000713d76ccc000)
	libarmadillo.so.14 => /lib/libarmadillo.so.14 (0x0000713d76c05000)
	libflexiblas.so.3 => /lib/x86_64-linux-gnu/libflexiblas.so.3 (0x0000713d76400000)
	libstdc++.so.6 => /lib/x86_64-linux-gnu/libstdc++.so.6 (0x0000713d76000000)
	libm.so.6 => /lib/x86_64-linux-gnu/libm.so.6 (0x0000713d76309000)
	libgcc_s.so.1 => /lib/x86_64-linux-gnu/libgcc_s.so.1 (0x0000713d76bd6000)
	libc.so.6 => /lib/x86_64-linux-gnu/libc.so.6 (0x0000713d75c00000)
	libarpack.so.2 => /lib/x86_64-linux-gnu/libarpack.so.2 (0x0000713d76b84000)
	/lib64/ld-linux-x86-64.so.2 (0x0000713d76cce000)
	libgfortran.so.5 => /lib/x86_64-linux-gnu/libgfortran.so.5 (0x0000713d75800000)
versor/versor
	linux-vdso.so.1 (0x000071dc9e18d000)
	libarmadillo.so.14 => /lib/libarmadillo.so.14 (0x000071dc9e0c3000)
	libflexiblas.so.3 => /lib/x86_64-linux-gnu/libflexiblas.so.3 (0x000071dc9d800000)
	libstdc++.so.6 => /lib/x86_64-linux-gnu/libstdc++.so.6 (0x000071dc9d400000)
	libm.so.6 => /lib/x86_64-linux-gnu/libm.so.6 (0x000071dc9dfcc000)
	libgcc_s.so.1 => /lib/x86_64-linux-gnu/libgcc_s.so.1 (0x000071dc9df9d000)
	libc.so.6 => /lib/x86_64-linux-gnu/libc.so.6 (0x000071dc9d000000)
	libarpack.so.2 => /lib/x86_64-linux-gnu/libarpack.so.2 (0x000071dc9df4b000)
	/lib64/ld-linux-x86-64.so.2 (0x000071dc9e18f000)
	libgfortran.so.5 => /lib/x86_64-linux-gnu/libgfortran.so.5 (0x000071dc9cc00000)
