
framed_multi<float,-4,4>
Clifford algebra products test:
Fill: 0.5
Cl( 1, 0) in Cl( 1, 0) CPU =        0.004 ms (setup)        0.002 (*)        0.001 (^)        0.001 (&)        0.001 (%) 
Cl( 1, 1) in Cl( 1, 1) CPU =        0.001 ms (setup)        0.001 (*)        0.001 (^)        0.001 (&)        0.001 (%) 
Cl( 2, 1) in Cl( 2, 1) CPU =        0.002 ms (setup)        0.003 (*)        0.002 (^)        0.002 (&)        0.002 (%) 
Cl( 2, 2) in Cl( 2, 2) CPU =        0.002 ms (setup)        0.004 (*)        0.003 (^)        0.003 (&)        0.003 (%) 
Cl( 3, 2) in Cl( 3, 2) CPU =        0.004 ms (setup)        0.009 (*)        0.005 (^)        0.005 (&)        0.005 (%) 
Cl( 3, 3) in Cl( 3, 3) CPU =        0.007 ms (setup)        0.022 (*)        0.015 (^)        0.013 (&)        0.011 (%) 
Cl( 4, 3) in Cl( 4, 3) CPU =        0.015 ms (setup)        0.067 (*)        0.035 (^)        0.034 (&)        0.027 (%) 
Cl( 4, 4) in Cl( 4, 4) CPU =        0.029 ms (setup)        0.544 (*)        0.088 (^)        0.085 (&)        0.059 (%) 
Cl( 1, 0) in Cl( 4, 4) CPU =        0.001 ms (setup)        0.000 (*)        0.001 (^)        0.001 (&)        0.001 (%) 
Cl( 1, 1) in Cl( 4, 4) CPU =        0.001 ms (setup)        0.001 (*)        0.001 (^)        0.001 (&)        0.001 (%) 
Cl( 2, 1) in Cl( 4, 4) CPU =        0.002 ms (setup)        0.002 (*)        0.002 (^)        0.001 (&)        0.002 (%) 
Cl( 2, 2) in Cl( 4, 4) CPU =        0.002 ms (setup)        0.003 (*)        0.002 (^)        0.002 (&)        0.002 (%) 
Cl( 3, 2) in Cl( 4, 4) CPU =        0.004 ms (setup)        0.009 (*)        0.005 (^)        0.005 (&)        0.005 (%) 
Cl( 3, 3) in Cl( 4, 4) CPU =        0.008 ms (setup)        0.022 (*)        0.013 (^)        0.011 (&)        0.009 (%) 
Cl( 4, 3) in Cl( 4, 4) CPU =        0.015 ms (setup)        0.071 (*)        0.034 (^)        0.036 (&)        0.028 (%) 
Cl( 4, 4) in Cl( 4, 4) CPU =        0.030 ms (setup)        0.505 (*)        0.090 (^)        0.090 (&)        0.129 (%) 
Fill: 1
Cl( 1, 0) in Cl( 1, 0) CPU =        0.001 ms (setup)        0.003 (*)        0.001 (^)        0.001 (&)        0.001 (%) 
Cl( 1, 1) in Cl( 1, 1) CPU =        0.001 ms (setup)        0.002 (*)        0.002 (^)        0.001 (&)        0.001 (%) 
Cl( 2, 1) in Cl( 2, 1) CPU =        0.002 ms (setup)        0.003 (*)        0.002 (^)        0.002 (&)        0.002 (%) 
Cl( 2, 2) in Cl( 2, 2) CPU =        0.003 ms (setup)        0.006 (*)        0.003 (^)        0.004 (&)        0.005 (%) 
Cl( 3, 2) in Cl( 3, 2) CPU =        0.007 ms (setup)        0.016 (*)        0.007 (^)        0.009 (&)        0.007 (%) 
Cl( 3, 3) in Cl( 3, 3) CPU =        0.011 ms (setup)        0.046 (*)        0.015 (^)        0.021 (&)        0.017 (%) 
Cl( 4, 3) in Cl( 4, 3) CPU =        0.022 ms (setup)        0.151 (*)        0.036 (^)        0.055 (&)        0.041 (%) 
Cl( 4, 4) in Cl( 4, 4) CPU =        0.048 ms (setup)        0.654 (*)        0.090 (^)        0.151 (&)        0.174 (%) 
Cl( 1, 0) in Cl( 4, 4) CPU =        0.001 ms (setup)        0.003 (*)        0.001 (^)        0.001 (&)        0.001 (%) 
Cl( 1, 1) in Cl( 4, 4) CPU =        0.001 ms (setup)        0.002 (*)        0.002 (^)        0.001 (&)        0.001 (%) 
Cl( 2, 1) in Cl( 4, 4) CPU =        0.002 ms (setup)        0.003 (*)        0.002 (^)        0.002 (&)        0.002 (%) 
Cl( 2, 2) in Cl( 4, 4) CPU =        0.003 ms (setup)        0.006 (*)        0.004 (^)        0.004 (&)        0.004 (%) 
Cl( 3, 2) in Cl( 4, 4) CPU =        0.005 ms (setup)        0.017 (*)        0.009 (^)        0.009 (&)        0.007 (%) 
Cl( 3, 3) in Cl( 4, 4) CPU =        0.012 ms (setup)        0.048 (*)        0.015 (^)        0.021 (&)        0.017 (%) 
Cl( 4, 3) in Cl( 4, 4) CPU =        0.076 ms (setup)        0.152 (*)        0.036 (^)        0.055 (&)        0.107 (%) 
Cl( 4, 4) in Cl( 4, 4) CPU =        0.050 ms (setup)        0.654 (*)        0.090 (^)        0.152 (&)        0.106 (%) 

matrix_multi<float,-4,4>
Clifford algebra products test:
Fill: 0.5
Cl( 1, 0) in Cl( 1, 0) CPU =        0.013 ms (setup)        0.001 (*)        0.008 (^)        0.007 (&)        0.008 (%) 
Cl( 1, 1) in Cl( 1, 1) CPU =        0.004 ms (setup)        0.001 (*)        0.006 (^)        0.007 (&)        0.007 (%) 
Cl( 2, 1) in Cl( 2, 1) CPU =        0.003 ms (setup)        0.001 (*)        0.013 (^)        0.023 (&)        0.021 (%) 
Cl( 2, 2) in Cl( 2, 2) CPU =        0.009 ms (setup)        0.001 (*)        0.053 (^)        0.034 (&)        0.044 (%) 
Cl( 3, 2) in Cl( 3, 2) CPU =        0.017 ms (setup)        0.001 (*)        0.223 (^)        0.175 (&)        0.205 (%) 
Cl( 3, 3) in Cl( 3, 3) CPU =        0.030 ms (setup)        0.001 (*)        0.299 (^)        0.303 (&)        0.302 (%) 
Cl( 4, 3) in Cl( 4, 3) CPU =        0.069 ms (setup)        0.003 (*)        1.259 (^)        1.234 (&)        1.282 (%) 
Cl( 4, 4) in Cl( 4, 4) CPU =        0.131 ms (setup)        0.003 (*)        2.086 (^)        2.046 (&)        2.130 (%) 
Cl( 1, 0) in Cl( 4, 4) CPU =        0.001 ms (setup)        0.003 (*)        0.011 (^)        0.010 (&)        0.011 (%) 
Cl( 1, 1) in Cl( 4, 4) CPU =        0.005 ms (setup)        0.003 (*)        0.097 (^)        0.060 (&)        0.084 (%) 
Cl( 2, 1) in Cl( 4, 4) CPU =        0.013 ms (setup)        0.003 (*)        0.114 (^)        0.074 (&)        0.100 (%) 
Cl( 2, 2) in Cl( 4, 4) CPU =        0.025 ms (setup)        0.003 (*)        0.200 (^)        0.136 (&)        0.157 (%) 
Cl( 3, 2) in Cl( 4, 4) CPU =        0.076 ms (setup)        0.003 (*)        0.243 (^)        0.225 (&)        0.223 (%) 
Cl( 3, 3) in Cl( 4, 4) CPU =        0.101 ms (setup)        0.003 (*)        0.461 (^)        0.411 (&)        0.403 (%) 
Cl( 4, 3) in Cl( 4, 4) CPU =        0.257 ms (setup)        0.003 (*)        1.290 (^)        1.306 (&)        1.313 (%) 
Cl( 4, 4) in Cl( 4, 4) CPU =        0.127 ms (setup)        0.003 (*)        1.942 (^)        2.162 (&)        2.107 (%) 
Fill: 1
Cl( 1, 0) in Cl( 1, 0) CPU =        0.004 ms (setup)        0.001 (*)        0.009 (^)        0.007 (&)        0.008 (%) 
Cl( 1, 1) in Cl( 1, 1) CPU =        0.003 ms (setup)        0.001 (*)        0.013 (^)        0.009 (&)        0.013 (%) 
Cl( 2, 1) in Cl( 2, 1) CPU =        0.005 ms (setup)        0.001 (*)        0.044 (^)        0.037 (&)        0.042 (%) 
Cl( 2, 2) in Cl( 2, 2) CPU =        0.008 ms (setup)        0.001 (*)        0.070 (^)        0.055 (&)        0.068 (%) 
Cl( 3, 2) in Cl( 3, 2) CPU =        0.020 ms (setup)        0.001 (*)        0.253 (^)        0.236 (&)        0.245 (%) 
Cl( 3, 3) in Cl( 3, 3) CPU =        0.037 ms (setup)        0.003 (*)        0.376 (^)        0.363 (&)        0.387 (%) 
Cl( 4, 3) in Cl( 4, 3) CPU =        0.093 ms (setup)        0.002 (*)        1.569 (^)        1.605 (&)        1.615 (%) 
Cl( 4, 4) in Cl( 4, 4) CPU =        0.182 ms (setup)        0.002 (*)        2.343 (^)        2.332 (&)        2.473 (%) 
Cl( 1, 0) in Cl( 4, 4) CPU =        0.005 ms (setup)        0.003 (*)        0.086 (^)        0.054 (&)        0.068 (%) 
Cl( 1, 1) in Cl( 4, 4) CPU =        0.005 ms (setup)        0.003 (*)        0.098 (^)        0.068 (&)        0.086 (%) 
Cl( 2, 1) in Cl( 4, 4) CPU =        0.015 ms (setup)        0.003 (*)        0.154 (^)        0.110 (&)        0.117 (%) 
Cl( 2, 2) in Cl( 4, 4) CPU =        0.034 ms (setup)        0.004 (*)        0.216 (^)        0.138 (&)        0.169 (%) 
Cl( 3, 2) in Cl( 4, 4) CPU =        0.079 ms (setup)        0.003 (*)        0.430 (^)        0.312 (&)        0.318 (%) 
Cl( 3, 3) in Cl( 4, 4) CPU =        0.129 ms (setup)        0.002 (*)        0.641 (^)        0.521 (&)        0.550 (%) 
Cl( 4, 3) in Cl( 4, 4) CPU =        0.337 ms (setup)        0.003 (*)        1.742 (^)        1.621 (&)        1.604 (%) 
Cl( 4, 4) in Cl( 4, 4) CPU =        0.182 ms (setup)        0.003 (*)        2.337 (^)        2.341 (&)        2.490 (%) 

framed_multi<double>
Clifford algebra products test:
Fill: 0.5
Cl( 1, 0) in Cl( 1, 0) CPU =        0.003 ms (setup)        0.002 (*)        0.001 (^)        0.001 (&)        0.001 (%) 
Cl( 1, 1) in Cl( 1, 1) CPU =        0.001 ms (setup)        0.001 (*)        0.001 (^)        0.001 (&)        0.001 (%) 
Cl( 2, 1) in Cl( 2, 1) CPU =        0.002 ms (setup)        0.004 (*)        0.002 (^)        0.002 (&)        0.002 (%) 
Cl( 2, 2) in Cl( 2, 2) CPU =        0.002 ms (setup)        0.005 (*)        0.004 (^)        0.004 (&)        0.004 (%) 
Cl( 3, 2) in Cl( 3, 2) CPU =        0.004 ms (setup)        0.013 (*)        0.007 (^)        0.007 (&)        0.006 (%) 
Cl( 3, 3) in Cl( 3, 3) CPU =        0.007 ms (setup)        0.030 (*)        0.016 (^)        0.014 (&)        0.013 (%) 
Cl( 4, 3) in Cl( 4, 3) CPU =        0.016 ms (setup)        0.088 (*)        0.041 (^)        0.039 (&)        0.032 (%) 
Cl( 4, 4) in Cl( 4, 4) CPU =        0.032 ms (setup)        0.463 (*)        0.098 (^)        0.090 (&)        0.072 (%) 
Cl( 5, 4) in Cl( 5, 4) CPU =        0.062 ms (setup)        1.621 (*)        0.281 (^)        0.279 (&)        0.199 (%) 
Cl( 5, 5) in Cl( 5, 5) CPU =        0.122 ms (setup)        2.167 (*)        0.706 (^)        0.664 (&)        0.445 (%) 
Cl( 6, 5) in Cl( 6, 5) CPU =        0.243 ms (setup)        7.623 (*)        2.050 (^)        2.077 (&)        1.294 (%) 
Cl( 6, 6) in Cl( 6, 6) CPU =        0.520 ms (setup)       10.475 (*)        5.522 (^)        5.316 (&)        3.110 (%) 
Cl( 7, 6) in Cl( 7, 6) CPU =        1.024 ms (setup)       40.979 (*)       16.691 (^)       15.957 (&)        9.078 (%) 
Cl( 7, 7) in Cl( 7, 7) CPU =        2.031 ms (setup)       52.672 (*)       48.997 (^)       45.666 (&)       24.745 (%) 
Cl( 8, 7) in Cl( 8, 7) CPU =        4.112 ms (setup)      187.320 (*)      145.345 (^)      137.405 (&)       71.654 (%) 
Cl( 8, 8) in Cl( 8, 8) CPU =        8.064 ms (setup)      245.891 (*)      435.111 (^)      422.350 (&)      217.624 (%) 
Cl( 1, 0) in Cl( 8, 8) CPU =        0.001 ms (setup)        0.001 (*)        0.001 (^)        0.001 (&)        0.001 (%) 
Cl( 1, 1) in Cl( 8, 8) CPU =        0.001 ms (setup)        0.001 (*)        0.001 (^)        0.001 (&)        0.001 (%) 
Cl( 2, 1) in Cl( 8, 8) CPU =        0.002 ms (setup)        0.001 (*)        0.001 (^)        0.001 (&)        0.001 (%) 
Cl( 2, 2) in Cl( 8, 8) CPU =        0.002 ms (setup)        0.004 (*)        0.003 (^)        0.003 (&)        0.003 (%) 
Cl( 3, 2) in Cl( 8, 8) CPU =        0.004 ms (setup)        0.011 (*)        0.007 (^)        0.007 (&)        0.005 (%) 
Cl( 3, 3) in Cl( 8, 8) CPU =        0.008 ms (setup)        0.026 (*)        0.015 (^)        0.013 (&)        0.012 (%) 
Cl( 4, 3) in Cl( 8, 8) CPU =        0.015 ms (setup)        0.074 (*)        0.037 (^)        0.032 (&)        0.028 (%) 
Cl( 4, 4) in Cl( 8, 8) CPU =        0.030 ms (setup)        0.465 (*)        0.119 (^)        0.099 (&)        0.076 (%) 
Cl( 5, 4) in Cl( 8, 8) CPU =        0.060 ms (setup)        1.589 (*)        0.276 (^)        0.273 (&)        0.193 (%) 
Cl( 5, 5) in Cl( 8, 8) CPU =        0.120 ms (setup)        2.113 (*)        0.693 (^)        0.692 (&)        0.450 (%) 
Cl( 6, 5) in Cl( 8, 8) CPU =        0.242 ms (setup)        7.471 (*)        1.966 (^)        1.929 (&)        1.197 (%) 
Cl( 6, 6) in Cl( 8, 8) CPU =        0.480 ms (setup)        9.986 (*)        5.535 (^)        5.138 (&)        3.113 (%) 
Cl( 7, 6) in Cl( 8, 8) CPU =        0.988 ms (setup)       39.831 (*)       15.908 (^)       15.257 (&)        8.495 (%) 
Cl( 7, 7) in Cl( 8, 8) CPU =        2.023 ms (setup)       52.512 (*)       47.895 (^)       46.205 (&)       24.460 (%) 
Cl( 8, 7) in Cl( 8, 8) CPU =        4.122 ms (setup)      185.078 (*)      143.875 (^)      137.315 (&)       72.055 (%) 
Cl( 8, 8) in Cl( 8, 8) CPU =        8.326 ms (setup)      247.423 (*)      435.968 (^)      421.733 (&)      214.870 (%) 
Fill: 1
Cl( 1, 0) in Cl( 1, 0) CPU =        0.001 ms (setup)        0.002 (*)        0.001 (^)        0.001 (&)        0.001 (%) 
Cl( 1, 1) in Cl( 1, 1) CPU =        0.001 ms (setup)        0.003 (*)        0.002 (^)        0.003 (&)        0.002 (%) 
Cl( 2, 1) in Cl( 2, 1) CPU =        0.002 ms (setup)        0.004 (*)        0.003 (^)        0.003 (&)        0.003 (%) 
Cl( 2, 2) in Cl( 2, 2) CPU =        0.003 ms (setup)        0.009 (*)        0.005 (^)        0.005 (&)        0.005 (%) 
Cl( 3, 2) in Cl( 3, 2) CPU =        0.006 ms (setup)        0.024 (*)        0.009 (^)        0.011 (&)        0.009 (%) 
Cl( 3, 3) in Cl( 3, 3) CPU =        0.013 ms (setup)        0.069 (*)        0.021 (^)        0.026 (&)        0.026 (%) 
Cl( 4, 3) in Cl( 4, 3) CPU =        0.028 ms (setup)        0.224 (*)        0.046 (^)        0.066 (&)        0.049 (%) 
Cl( 4, 4) in Cl( 4, 4) CPU =        0.052 ms (setup)        0.546 (*)        0.110 (^)        0.165 (&)        0.118 (%) 
Cl( 5, 4) in Cl( 5, 4) CPU =        0.102 ms (setup)        1.832 (*)        0.269 (^)        0.443 (&)        0.303 (%) 
Cl( 5, 5) in Cl( 5, 5) CPU =        0.199 ms (setup)        2.620 (*)        0.682 (^)        1.208 (&)        0.761 (%) 
Cl( 6, 5) in Cl( 6, 5) CPU =        0.410 ms (setup)        8.780 (*)        1.802 (^)        3.666 (&)        2.120 (%) 
Cl( 6, 6) in Cl( 6, 6) CPU =        0.813 ms (setup)       12.770 (*)        4.865 (^)        9.882 (&)        5.607 (%) 
Cl( 7, 6) in Cl( 7, 6) CPU =        1.629 ms (setup)       47.055 (*)       14.576 (^)       29.097 (&)       15.935 (%) 
Cl( 7, 7) in Cl( 7, 7) CPU =        3.383 ms (setup)       67.680 (*)       40.957 (^)       87.619 (&)       46.353 (%) 
Cl( 8, 7) in Cl( 8, 7) CPU =        7.038 ms (setup)      226.903 (*)      121.050 (^)      271.113 (&)      139.411 (%) 
Cl( 8, 8) in Cl( 8, 8) CPU =       14.268 ms (setup)      339.963 (*)      367.446 (^)      831.903 (&)      415.093 (%) 
Cl( 1, 0) in Cl( 8, 8) CPU =        0.001 ms (setup)        0.002 (*)        0.001 (^)        0.001 (&)        0.001 (%) 
Cl( 1, 1) in Cl( 8, 8) CPU =        0.001 ms (setup)        0.002 (*)        0.002 (^)        0.002 (&)        0.002 (%) 
Cl( 2, 1) in Cl( 8, 8) CPU =        0.003 ms (setup)        0.005 (*)        0.003 (^)        0.003 (&)        0.003 (%) 
Cl( 2, 2) in Cl( 8, 8) CPU =        0.003 ms (setup)        0.009 (*)        0.005 (^)        0.005 (&)        0.005 (%) 
Cl( 3, 2) in Cl( 8, 8) CPU =        0.007 ms (setup)        0.024 (*)        0.009 (^)        0.010 (&)        0.009 (%) 
Cl( 3, 3) in Cl( 8, 8) CPU =        0.012 ms (setup)        0.067 (*)        0.020 (^)        0.026 (&)        0.021 (%) 
Cl( 4, 3) in Cl( 8, 8) CPU =        0.026 ms (setup)        0.224 (*)        0.046 (^)        0.064 (&)        0.049 (%) 
Cl( 4, 4) in Cl( 8, 8) CPU =        0.051 ms (setup)        0.548 (*)        0.110 (^)        0.166 (&)        0.119 (%) 
Cl( 5, 4) in Cl( 8, 8) CPU =        0.102 ms (setup)        1.837 (*)        0.277 (^)        0.443 (&)        0.299 (%) 
Cl( 5, 5) in Cl( 8, 8) CPU =        0.198 ms (setup)        2.646 (*)        0.682 (^)        1.206 (&)        0.760 (%) 
Cl( 6, 5) in Cl( 8, 8) CPU =        0.411 ms (setup)        8.799 (*)        1.804 (^)        3.435 (&)        2.046 (%) 
Cl( 6, 6) in Cl( 8, 8) CPU =        0.805 ms (setup)       12.845 (*)        4.836 (^)       10.027 (&)        5.574 (%) 
Cl( 7, 6) in Cl( 8, 8) CPU =        1.666 ms (setup)       47.613 (*)       13.899 (^)       29.675 (&)       15.873 (%) 
Cl( 7, 7) in Cl( 8, 8) CPU =        3.401 ms (setup)       67.860 (*)       40.481 (^)       88.941 (&)       46.257 (%) 
Cl( 8, 7) in Cl( 8, 8) CPU =        6.995 ms (setup)      228.131 (*)      120.545 (^)      271.799 (&)      138.505 (%) 
Cl( 8, 8) in Cl( 8, 8) CPU =       14.118 ms (setup)      338.625 (*)      366.796 (^)      832.099 (&)      415.946 (%) 

matrix_multi<double>
Clifford algebra products test:
Fill: 0.5
Cl( 1, 0) in Cl( 1, 0) CPU =        0.004 ms (setup)        0.001 (*)        0.009 (^)        0.007 (&)        0.009 (%) 
Cl( 1, 1) in Cl( 1, 1) CPU =        0.005 ms (setup)        0.001 (*)        0.007 (^)        0.005 (&)        0.005 (%) 
Cl( 2, 1) in Cl( 2, 1) CPU =        0.007 ms (setup)        0.001 (*)        0.039 (^)        0.030 (&)        0.048 (%) 
Cl( 2, 2) in Cl( 2, 2) CPU =        0.009 ms (setup)        0.001 (*)        0.028 (^)        0.035 (&)        0.049 (%) 
Cl( 3, 2) in Cl( 3, 2) CPU =        0.032 ms (setup)        0.002 (*)        0.202 (^)        0.210 (&)        0.204 (%) 
Cl( 3, 3) in Cl( 3, 3) CPU =        0.032 ms (setup)        0.002 (*)        0.286 (^)        0.313 (&)        0.304 (%) 
Cl( 4, 3) in Cl( 4, 3) CPU =        0.073 ms (setup)        0.004 (*)        1.349 (^)        1.439 (&)        1.391 (%) 
Cl( 4, 4) in Cl( 4, 4) CPU =        0.148 ms (setup)        0.004 (*)        1.909 (^)        1.970 (&)        2.029 (%) 
Cl( 5, 4) in Cl( 5, 4) CPU =        0.311 ms (setup)        0.011 (*)        7.175 (^)        8.008 (&)        7.729 (%) 
Cl( 5, 5) in Cl( 5, 5) CPU =        0.607 ms (setup)        0.011 (*)       10.965 (^)       11.149 (&)       11.090 (%) 
Cl( 6, 5) in Cl( 6, 5) CPU =        1.417 ms (setup)        0.061 (*)       40.434 (^)       43.869 (&)       42.363 (%) 
Cl( 6, 6) in Cl( 6, 6) CPU =        2.687 ms (setup)        0.066 (*)       58.478 (^)       60.091 (&)       59.074 (%) 
Cl( 7, 6) in Cl( 7, 6) CPU =        6.200 ms (setup)        0.188 (*)      269.423 (^)      302.578 (&)      266.800 (%) 
Cl( 7, 7) in Cl( 7, 7) CPU =       12.447 ms (setup)        0.490 (*)      329.728 (^)      386.632 (&)      340.502 (%) 
Cl( 8, 7) in Cl( 8, 7) CPU =       31.126 ms (setup)        4.218 (*)     1836.992 (^)     2014.632 (&)     1657.030 (%) 
Cl( 8, 8) in Cl( 8, 8) CPU =       59.812 ms (setup)        4.134 (*)     2092.947 (^)     2485.207 (&)     2084.349 (%) 
Cl( 1, 0) in Cl( 8, 8) CPU =        0.056 ms (setup)        5.716 (*)       18.509 (^)       18.404 (&)       18.614 (%) 
Cl( 1, 1) in Cl( 8, 8) CPU =        0.153 ms (setup)        5.721 (*)       36.666 (^)       18.503 (&)       32.240 (%) 
Cl( 2, 1) in Cl( 8, 8) CPU =        0.159 ms (setup)        4.212 (*)       60.803 (^)       35.206 (&)       48.587 (%) 
Cl( 2, 2) in Cl( 8, 8) CPU =        0.299 ms (setup)        5.716 (*)       95.078 (^)       60.396 (&)       68.466 (%) 
Cl( 3, 2) in Cl( 8, 8) CPU =        1.856 ms (setup)        5.625 (*)      137.620 (^)       91.050 (&)       92.053 (%) 
Cl( 3, 3) in Cl( 8, 8) CPU =        1.387 ms (setup)        5.529 (*)      189.463 (^)      139.339 (&)      124.299 (%) 
Cl( 4, 3) in Cl( 8, 8) CPU =        1.582 ms (setup)        4.128 (*)      252.556 (^)      246.331 (&)      161.377 (%) 
Cl( 4, 4) in Cl( 8, 8) CPU =        3.415 ms (setup)        5.632 (*)      325.003 (^)      252.781 (&)      204.873 (%) 
Cl( 5, 4) in Cl( 8, 8) CPU =        2.530 ms (setup)        5.498 (*)      412.279 (^)      329.138 (&)      253.572 (%) 
Cl( 5, 5) in Cl( 8, 8) CPU =        3.609 ms (setup)        4.131 (*)      548.825 (^)      482.786 (&)      348.409 (%) 
Cl( 6, 5) in Cl( 8, 8) CPU =        8.614 ms (setup)        4.123 (*)      596.448 (^)      519.758 (&)      386.423 (%) 
Cl( 6, 6) in Cl( 8, 8) CPU =       13.375 ms (setup)        4.120 (*)      711.875 (^)      726.050 (&)      510.625 (%) 
Cl( 7, 6) in Cl( 8, 8) CPU =       27.720 ms (setup)        4.125 (*)      817.727 (^)      982.537 (&)      660.052 (%) 
Cl( 7, 7) in Cl( 8, 8) CPU =       52.275 ms (setup)        4.121 (*)     1034.550 (^)     1177.636 (&)      871.108 (%) 
Cl( 8, 7) in Cl( 8, 8) CPU =      124.963 ms (setup)        4.128 (*)     1667.660 (^)     1899.194 (&)     1532.450 (%) 
Cl( 8, 8) in Cl( 8, 8) CPU =       60.489 ms (setup)        4.127 (*)     1958.773 (^)     2489.762 (&)     2006.382 (%) 
Fill: 1
Cl( 1, 0) in Cl( 1, 0) CPU =        0.002 ms (setup)        0.001 (*)        0.009 (^)        0.017 (&)        0.009 (%) 
Cl( 1, 1) in Cl( 1, 1) CPU =        0.003 ms (setup)        0.001 (*)        0.030 (^)        0.009 (&)        0.014 (%) 
Cl( 2, 1) in Cl( 2, 1) CPU =        0.004 ms (setup)        0.001 (*)        0.048 (^)        0.039 (&)        0.044 (%) 
Cl( 2, 2) in Cl( 2, 2) CPU =        0.009 ms (setup)        0.001 (*)        0.072 (^)        0.088 (&)        0.077 (%) 
Cl( 3, 2) in Cl( 3, 2) CPU =        0.028 ms (setup)        0.002 (*)        0.270 (^)        0.276 (&)        0.287 (%) 
Cl( 3, 3) in Cl( 3, 3) CPU =        0.040 ms (setup)        0.002 (*)        0.448 (^)        0.378 (&)        0.462 (%) 
Cl( 4, 3) in Cl( 4, 3) CPU =        0.101 ms (setup)        0.004 (*)        1.696 (^)        1.695 (&)        1.595 (%) 
Cl( 4, 4) in Cl( 4, 4) CPU =        0.186 ms (setup)        0.004 (*)        2.280 (^)        2.271 (&)        2.317 (%) 
Cl( 5, 4) in Cl( 5, 4) CPU =        0.448 ms (setup)        0.011 (*)        8.501 (^)        8.767 (&)        8.523 (%) 
Cl( 5, 5) in Cl( 5, 5) CPU =        0.876 ms (setup)        0.011 (*)       11.970 (^)       12.731 (&)       12.062 (%) 
Cl( 6, 5) in Cl( 6, 5) CPU =        2.080 ms (setup)        0.061 (*)       46.037 (^)       47.880 (&)       45.955 (%) 
Cl( 6, 6) in Cl( 6, 6) CPU =        4.093 ms (setup)        0.065 (*)       62.390 (^)       65.157 (&)       63.051 (%) 
Cl( 7, 6) in Cl( 7, 6) CPU =        9.767 ms (setup)        0.193 (*)      281.798 (^)      315.247 (&)      280.803 (%) 
Cl( 7, 7) in Cl( 7, 7) CPU =       19.622 ms (setup)        0.191 (*)      369.281 (^)      410.399 (&)      370.810 (%) 
Cl( 8, 7) in Cl( 8, 7) CPU =       50.852 ms (setup)        4.135 (*)     2045.092 (^)     2067.211 (&)     1707.261 (%) 
Cl( 8, 8) in Cl( 8, 8) CPU =      101.129 ms (setup)        4.288 (*)     2204.673 (^)     2591.567 (&)     2185.414 (%) 
Cl( 1, 0) in Cl( 8, 8) CPU =        0.064 ms (setup)        4.229 (*)       36.846 (^)       18.754 (&)       31.932 (%) 
Cl( 1, 1) in Cl( 8, 8) CPU =        0.146 ms (setup)        4.216 (*)       60.945 (^)       35.387 (&)       48.663 (%) 
Cl( 2, 1) in Cl( 8, 8) CPU =        0.214 ms (setup)        5.724 (*)       95.097 (^)       60.489 (&)       68.460 (%) 
Cl( 2, 2) in Cl( 8, 8) CPU =        1.322 ms (setup)        4.142 (*)      135.388 (^)       92.898 (&)       92.265 (%) 
Cl( 3, 2) in Cl( 8, 8) CPU =        1.371 ms (setup)        4.127 (*)      186.278 (^)      133.076 (&)      120.520 (%) 
Cl( 3, 3) in Cl( 8, 8) CPU =        1.421 ms (setup)        4.133 (*)      247.927 (^)      185.506 (&)      159.810 (%) 
Cl( 4, 3) in Cl( 8, 8) CPU =        3.312 ms (setup)        4.122 (*)      324.807 (^)      253.528 (&)      204.633 (%) 
Cl( 4, 4) in Cl( 8, 8) CPU =        1.998 ms (setup)        5.641 (*)      400.562 (^)      320.962 (&)      245.781 (%) 
Cl( 5, 4) in Cl( 8, 8) CPU =        2.980 ms (setup)        4.131 (*)      480.894 (^)      400.724 (&)      297.819 (%) 
Cl( 5, 5) in Cl( 8, 8) CPU =        5.309 ms (setup)        5.595 (*)      549.117 (^)      487.629 (&)      352.988 (%) 
Cl( 6, 5) in Cl( 8, 8) CPU =       10.022 ms (setup)        5.694 (*)      651.936 (^)      612.553 (&)      439.132 (%) 
Cl( 6, 6) in Cl( 8, 8) CPU =       15.642 ms (setup)        4.152 (*)      719.593 (^)      732.385 (&)      516.529 (%) 
Cl( 7, 6) in Cl( 8, 8) CPU =       38.849 ms (setup)        5.631 (*)      950.587 (^)      996.590 (&)      735.604 (%) 
Cl( 7, 7) in Cl( 8, 8) CPU =       69.538 ms (setup)        4.138 (*)     1066.291 (^)     1206.168 (&)      898.610 (%) 
Cl( 8, 7) in Cl( 8, 8) CPU =      172.787 ms (setup)        4.125 (*)     1869.188 (^)     2066.595 (&)     1715.836 (%) 
Cl( 8, 8) in Cl( 8, 8) CPU =      103.317 ms (setup)        4.221 (*)     2214.446 (^)     2588.299 (&)     2190.628 (%) 
