
framed_multi<double>
Clifford algebra squaring test:
Fill: 0.5
Cl( 1, 0) in Cl( 1, 0) CPU =        0.038 ms (setup)        0.011 (*) 
Cl( 1, 1) in Cl( 1, 1) CPU =        0.002 ms (setup)        0.002 (*) 
Cl( 2, 1) in Cl( 2, 1) CPU =        0.003 ms (setup)        0.004 (*) 
Cl( 2, 2) in Cl( 2, 2) CPU =        0.003 ms (setup)        0.006 (*) 
Cl( 3, 2) in Cl( 3, 2) CPU =        0.004 ms (setup)        0.013 (*) 
Cl( 3, 3) in Cl( 3, 3) CPU =        0.011 ms (setup)        0.032 (*) 
Cl( 4, 3) in Cl( 4, 3) CPU =        0.027 ms (setup)        0.109 (*) 
Cl( 4, 4) in Cl( 4, 4) CPU =        0.034 ms (setup)        0.545 (*) 
Cl( 5, 4) in Cl( 5, 4) CPU =        0.070 ms (setup)        1.904 (*) 
Cl( 5, 5) in Cl( 5, 5) CPU =        0.133 ms (setup)        2.406 (*) 
Cl( 6, 5) in Cl( 6, 5) CPU =        0.256 ms (setup)        8.695 (*) 
Cl( 6, 6) in Cl( 6, 6) CPU =        0.490 ms (setup)       10.853 (*) 
Cl( 7, 6) in Cl( 7, 6) CPU =        1.039 ms (setup)       42.015 (*) 
Cl( 7, 7) in Cl( 7, 7) CPU =        1.994 ms (setup)       52.101 (*) 
Cl( 8, 7) in Cl( 8, 7) CPU =        4.316 ms (setup)      190.281 (*) 
Cl( 8, 8) in Cl( 8, 8) CPU =        8.789 ms (setup)      246.034 (*) 
Cl( 9, 8) in Cl( 9, 8) CPU =       17.990 ms (setup)      679.599 (*) 
Cl( 9, 9) in Cl( 9, 9) CPU =       39.289 ms (setup)     1267.018 (*) 
Cl(10, 9) in Cl(10, 9) CPU =       81.630 ms (setup)     4876.245 (*) 
Cl(10,10) in Cl(10,10) CPU =      162.192 ms (setup)     7009.949 (*) 
Cl(11,10) in Cl(11,10) CPU =      353.851 ms (setup)    28780.757 (*) 
Cl(11,11) in Cl(11,11) CPU =      723.747 ms (setup)    42216.940 (*) 
Fill: 1
Cl( 1, 0) in Cl( 1, 0) CPU =        0.007 ms (setup)        0.007 (*) 
Cl( 1, 1) in Cl( 1, 1) CPU =        0.002 ms (setup)        0.006 (*) 
Cl( 2, 1) in Cl( 2, 1) CPU =        0.002 ms (setup)        0.006 (*) 
Cl( 2, 2) in Cl( 2, 2) CPU =        0.005 ms (setup)        0.011 (*) 
Cl( 3, 2) in Cl( 3, 2) CPU =        0.010 ms (setup)        0.027 (*) 
Cl( 3, 3) in Cl( 3, 3) CPU =        0.015 ms (setup)        0.079 (*) 
Cl( 4, 3) in Cl( 4, 3) CPU =        0.030 ms (setup)        0.231 (*) 
Cl( 4, 4) in Cl( 4, 4) CPU =        0.056 ms (setup)        0.591 (*) 
Cl( 5, 4) in Cl( 5, 4) CPU =        0.110 ms (setup)        1.867 (*) 
Cl( 5, 5) in Cl( 5, 5) CPU =        0.211 ms (setup)        2.667 (*) 
Cl( 6, 5) in Cl( 6, 5) CPU =        0.418 ms (setup)        8.787 (*) 
Cl( 6, 6) in Cl( 6, 6) CPU =        0.822 ms (setup)       12.868 (*) 
Cl( 7, 6) in Cl( 7, 6) CPU =        1.651 ms (setup)       47.875 (*) 
Cl( 7, 7) in Cl( 7, 7) CPU =        3.371 ms (setup)       68.623 (*) 
Cl( 8, 7) in Cl( 8, 7) CPU =        6.899 ms (setup)      224.042 (*) 
Cl( 8, 8) in Cl( 8, 8) CPU =       14.149 ms (setup)      333.608 (*) 
Cl( 9, 8) in Cl( 9, 8) CPU =       29.072 ms (setup)      920.666 (*) 
Cl( 9, 9) in Cl( 9, 9) CPU =       66.668 ms (setup)     1784.498 (*) 
Cl(10, 9) in Cl(10, 9) CPU =      148.903 ms (setup)     6416.796 (*) 
Cl(10,10) in Cl(10,10) CPU =      320.729 ms (setup)    10437.289 (*) 
Cl(11,10) in Cl(11,10) CPU =      651.817 ms (setup)    39153.839 (*) 
Cl(11,11) in Cl(11,11) CPU =     1335.587 ms (setup)    67360.434 (*) 

matrix_multi<double>
Clifford algebra squaring test:
Fill: 0.5
Cl( 1, 0) in Cl( 1, 0) CPU =        0.039 ms (setup)        0.004 (*) 
Cl( 1, 1) in Cl( 1, 1) CPU =        0.006 ms (setup)        0.001 (*) 
Cl( 2, 1) in Cl( 2, 1) CPU =        0.020 ms (setup)        0.002 (*) 
Cl( 2, 2) in Cl( 2, 2) CPU =        0.018 ms (setup)        0.001 (*) 
Cl( 3, 2) in Cl( 3, 2) CPU =        0.046 ms (setup)        0.009 (*) 
Cl( 3, 3) in Cl( 3, 3) CPU =        0.049 ms (setup)        0.003 (*) 
Cl( 4, 3) in Cl( 4, 3) CPU =        0.073 ms (setup)        0.009 (*) 
Cl( 4, 4) in Cl( 4, 4) CPU =        0.144 ms (setup)        0.005 (*) 
Cl( 5, 4) in Cl( 5, 4) CPU =        0.351 ms (setup)        0.014 (*) 
Cl( 5, 5) in Cl( 5, 5) CPU =        0.590 ms (setup)        0.014 (*) 
Cl( 6, 5) in Cl( 6, 5) CPU =        1.466 ms (setup)        0.065 (*) 
Cl( 6, 6) in Cl( 6, 6) CPU =        2.817 ms (setup)        0.064 (*) 
Cl( 7, 6) in Cl( 7, 6) CPU =        7.725 ms (setup)        0.264 (*) 
Cl( 7, 7) in Cl( 7, 7) CPU =       17.847 ms (setup)        0.272 (*) 
Cl( 8, 7) in Cl( 8, 7) CPU =       34.999 ms (setup)        3.008 (*) 
Cl( 8, 8) in Cl( 8, 8) CPU =       64.435 ms (setup)        3.084 (*) 
Cl( 9, 8) in Cl( 9, 8) CPU =      154.520 ms (setup)       26.978 (*) 
Cl( 9, 9) in Cl( 9, 9) CPU =      290.880 ms (setup)       25.811 (*) 
Cl(10, 9) in Cl(10, 9) CPU =      751.259 ms (setup)      209.749 (*) 
Cl(10,10) in Cl(10,10) CPU =     1495.390 ms (setup)      210.586 (*) 
Cl(11,10) in Cl(11,10) CPU =     4125.517 ms (setup)     1642.552 (*) 
Cl(11,11) in Cl(11,11) CPU =     8183.268 ms (setup)     1645.710 (*) 
Fill: 1
Cl( 1, 0) in Cl( 1, 0) CPU =        0.018 ms (setup)        0.004 (*) 
Cl( 1, 1) in Cl( 1, 1) CPU =        0.012 ms (setup)        0.001 (*) 
Cl( 2, 1) in Cl( 2, 1) CPU =        0.016 ms (setup)        0.002 (*) 
Cl( 2, 2) in Cl( 2, 2) CPU =       40.753 ms (setup)        0.004 (*) 
Cl( 3, 2) in Cl( 3, 2) CPU =        0.044 ms (setup)        0.009 (*) 
Cl( 3, 3) in Cl( 3, 3) CPU =        0.043 ms (setup)        0.003 (*) 
Cl( 4, 3) in Cl( 4, 3) CPU =        0.120 ms (setup)        0.005 (*) 
Cl( 4, 4) in Cl( 4, 4) CPU =        0.201 ms (setup)        0.005 (*) 
Cl( 5, 4) in Cl( 5, 4) CPU =        0.459 ms (setup)        0.014 (*) 
Cl( 5, 5) in Cl( 5, 5) CPU =        0.897 ms (setup)        0.014 (*) 
Cl( 6, 5) in Cl( 6, 5) CPU =        2.125 ms (setup)        0.065 (*) 
Cl( 6, 6) in Cl( 6, 6) CPU =        4.319 ms (setup)        0.063 (*) 
Cl( 7, 6) in Cl( 7, 6) CPU =       10.571 ms (setup)        0.395 (*) 
Cl( 7, 7) in Cl( 7, 7) CPU =       25.877 ms (setup)        0.456 (*) 
Cl( 8, 7) in Cl( 8, 7) CPU =       56.063 ms (setup)        2.031 (*) 
Cl( 8, 8) in Cl( 8, 8) CPU =      105.133 ms (setup)        2.979 (*) 
Cl( 9, 8) in Cl( 9, 8) CPU =      267.618 ms (setup)       29.112 (*) 
Cl( 9, 9) in Cl( 9, 9) CPU =      532.609 ms (setup)       26.608 (*) 
Cl(10, 9) in Cl(10, 9) CPU =     1414.196 ms (setup)      211.628 (*) 
Cl(10,10) in Cl(10,10) CPU =     2915.244 ms (setup)      209.991 (*) 
Cl(11,10) in Cl(11,10) CPU =     8465.512 ms (setup)     1713.326 (*) 
Cl(11,11) in Cl(11,11) CPU =    17617.804 ms (setup)     1644.215 (*) 
