framed_multi<double,DEFAULT_LO,DEFAULT_HI,tuning_naive_p>
Clifford algebra transform test:
Fill: 0.5
Cl( 1, 0) in Cl(16, 0) CPU = mm:       0.93 (old)       5.45 (new) fm:    3787.56 (old)       0.74 (new)  diff: old: 6.43e-15 new: 0.00e+00 fm: 0.00e+00 mm: 6.43e-15
Cl( 2, 0) in Cl(16, 0) CPU = mm:       0.17 (old)       3.37 (new) fm:     119.51 (old)       0.65 (new)  diff: old: 5.10e-15 new: 3.36e-17 fm: 0.00e+00 mm: 5.10e-15
Cl( 3, 0) in Cl(16, 0) CPU = mm:       0.04 (old)       3.28 (new) fm:     120.97 (old)       0.64 (new)  diff: old: 2.68e-15 new: 0.00e+00 fm: 0.00e+00 mm: 2.68e-15
Cl( 4, 0) in Cl(16, 0) CPU = mm:       0.04 (old)       3.16 (new) fm:     119.73 (old)       0.62 (new)  diff: old: 2.34e-15 new: 6.47e-17 fm: 0.00e+00 mm: 2.35e-15
Cl( 5, 0) in Cl(16, 0) CPU = mm:       0.24 (old)       3.14 (new) fm:     119.03 (old)       0.67 (new)  diff: old: 2.83e-15 new: 2.38e-16 fm: 0.00e+00 mm: 2.82e-15
Cl( 6, 0) in Cl(16, 0) CPU = mm:       0.23 (old)       3.25 (new) fm:     120.89 (old)       0.77 (new)  diff: old: 3.08e-15 new: 1.72e-16 fm: 0.00e+00 mm: 3.15e-15
Cl( 7, 0) in Cl(16, 0) CPU = mm:       0.33 (old)       3.54 (new) fm:     121.06 (old)       1.02 (new)  diff: old: 3.97e-15 new: 1.26e-16 fm: 0.00e+00 mm: 3.98e-15
Cl( 8, 0) in Cl(16, 0) CPU = mm:       0.49 (old)       4.24 (new) fm:     120.77 (old)       1.59 (new)  diff: old: 3.04e-15 new: 1.57e-16 fm: 0.00e+00 mm: 3.04e-15
Cl( 9, 0) in Cl(16, 0) CPU = mm:       0.78 (old)       4.75 (new) fm:     121.83 (old)       2.62 (new)  diff: old: 3.16e-15 new: 2.40e-16 fm: 0.00e+00 mm: 2.95e-15
Cl(10, 0) in Cl(16, 0) CPU = mm:       1.50 (old)       6.98 (new) fm:     123.59 (old)       4.43 (new)  diff: old: 2.68e-15 new: 2.15e-16 fm: 5.10e-17 mm: 2.48e-15
Cl(11, 0) in Cl(16, 0) CPU = mm:       2.95 (old)       7.34 (new) fm:     125.02 (old)       8.02 (new)  diff: old: 2.12e-15 new: 3.56e-16 fm: 1.00e-16 mm: 1.99e-15
Cl(12, 0) in Cl(16, 0) CPU = mm:       6.16 (old)      11.63 (new) fm:     126.92 (old)      13.83 (new)  diff: old: 2.12e-15 new: 7.06e-16 fm: 1.36e-16 mm: 1.99e-15
Cl(13, 0) in Cl(16, 0) CPU = mm:      12.21 (old)      15.27 (new) fm:     131.59 (old)      27.87 (new)  diff: old: 2.23e-15 new: 1.39e-15 fm: 1.76e-16 mm: 1.36e-15
Cl(14, 0) in Cl(16, 0) CPU = mm:      25.73 (old)      24.53 (new) fm:     133.75 (old)      43.55 (new)  diff: old: 1.63e-15 new: 9.98e-16 fm: 2.30e-16 mm: 9.81e-16
Cl(15, 0) in Cl(16, 0) CPU = mm:      53.46 (old)      35.80 (new) fm:     133.90 (old)      66.87 (new)  diff: old: 1.15e-15 new: 7.50e-16 fm: 3.03e-16 mm: 7.03e-16
Cl(16, 0) in Cl(16, 0) CPU = mm:     113.26 (old)      58.45 (new) fm:     137.70 (old)     118.96 (new)  diff: old: 6.43e-16 new: 4.09e-16 fm: 4.07e-16 mm: 6.08e-16
Cl( 1, 0) in Cl( 8, 8) CPU = mm:       0.09 (old)       2.40 (new) fm:    3857.11 (old)       0.71 (new)  diff: old: 1.59e-15 new: 0.00e+00 fm: 0.00e+00 mm: 1.59e-15
Cl( 1, 1) in Cl( 8, 8) CPU = mm:       0.05 (old)       1.96 (new) fm:     149.85 (old)       0.53 (new)  diff: old: 3.96e-15 new: 0.00e+00 fm: 0.00e+00 mm: 3.96e-15
Cl( 2, 1) in Cl( 8, 8) CPU = mm:       0.04 (old)       3.28 (new) fm:     148.62 (old)       0.63 (new)  diff: old: 2.92e-15 new: 4.13e-17 fm: 0.00e+00 mm: 2.89e-15
Cl( 2, 2) in Cl( 8, 8) CPU = mm:       0.06 (old)       2.64 (new) fm:     149.28 (old)       0.62 (new)  diff: old: 8.17e-16 new: 2.79e-17 fm: 5.57e-17 mm: 7.93e-16
Cl( 3, 2) in Cl( 8, 8) CPU = mm:       0.07 (old)       3.16 (new) fm:     146.93 (old)       0.64 (new)  diff: old: 3.95e-15 new: 1.93e-16 fm: 4.45e-17 mm: 4.07e-15
Cl( 3, 3) in Cl( 8, 8) CPU = mm:       0.13 (old)       3.19 (new) fm:     147.65 (old)       0.66 (new)  diff: old: 2.47e-15 new: 1.28e-16 fm: 7.87e-17 mm: 2.46e-15
Cl( 4, 3) in Cl( 8, 8) CPU = mm:       0.20 (old)       2.50 (new) fm:     145.69 (old)       0.77 (new)  diff: old: 2.16e-15 new: 1.47e-16 fm: 8.07e-17 mm: 2.21e-15
Cl( 4, 4) in Cl( 8, 8) CPU = mm:       0.32 (old)       3.26 (new) fm:     146.23 (old)       0.93 (new)  diff: old: 8.73e-16 new: 2.05e-16 fm: 1.31e-16 mm: 8.68e-16
Cl( 5, 4) in Cl( 8, 8) CPU = mm:       0.70 (old)       3.47 (new) fm:     146.77 (old)       1.30 (new)  diff: old: 1.04e-15 new: 2.22e-16 fm: 1.16e-16 mm: 1.03e-15
Cl( 5, 5) in Cl( 8, 8) CPU = mm:       1.38 (old)       3.68 (new) fm:     146.23 (old)       2.16 (new)  diff: old: 7.03e-16 new: 2.85e-16 fm: 1.79e-16 mm: 6.79e-16
Cl( 6, 5) in Cl( 8, 8) CPU = mm:       2.96 (old)       4.63 (new) fm:     148.52 (old)       3.71 (new)  diff: old: 7.71e-16 new: 3.09e-16 fm: 1.75e-16 mm: 7.00e-16
Cl( 6, 6) in Cl( 8, 8) CPU = mm:       6.15 (old)       5.33 (new) fm:     151.12 (old)       7.56 (new)  diff: old: 5.35e-16 new: 3.86e-16 fm: 2.33e-16 mm: 5.36e-16
Cl( 7, 6) in Cl( 8, 8) CPU = mm:      13.38 (old)       8.56 (new) fm:     152.02 (old)      14.62 (new)  diff: old: 5.17e-16 new: 4.19e-16 fm: 2.32e-16 mm: 5.13e-16
Cl( 7, 7) in Cl( 8, 8) CPU = mm:      26.16 (old)      14.00 (new) fm:     152.57 (old)      30.01 (new)  diff: old: 5.32e-16 new: 5.15e-16 fm: 3.01e-16 mm: 5.10e-16
Cl( 8, 7) in Cl( 8, 8) CPU = mm:      58.26 (old)      26.87 (new) fm:     161.11 (old)      61.13 (new)  diff: old: 5.31e-16 new: 5.75e-16 fm: 3.04e-16 mm: 5.10e-16
Cl( 8, 8) in Cl( 8, 8) CPU = mm:     115.83 (old)      50.68 (new) fm:     167.27 (old)     102.04 (new)  diff: old: 6.44e-16 new: 4.07e-16 fm: 4.06e-16 mm: 6.03e-16
Cl( 1, 0) in Cl( 1, 0) CPU = mm:       0.01 (old)       0.01 (new) fm:       0.01 (old)       0.00 (new)  diff: old: 0.00e+00 new: 0.00e+00 fm: 0.00e+00 mm: 0.00e+00
Cl( 1, 1) in Cl( 1, 1) CPU = mm:       0.02 (old)       0.00 (new) fm:       0.01 (old)       0.00 (new)  diff: old: 0.00e+00 new: 0.00e+00 fm: 0.00e+00 mm: 0.00e+00
Cl( 2, 1) in Cl( 2, 1) CPU = mm:       0.01 (old)       0.01 (new) fm:       0.01 (old)       0.01 (new)  diff: old: 3.59e-17 new: 3.59e-17 fm: 0.00e+00 mm: 0.00e+00
Cl( 2, 2) in Cl( 2, 2) CPU = mm:       0.01 (old)       0.01 (new) fm:       0.01 (old)       0.01 (new)  diff: old: 5.64e-17 new: 4.57e-17 fm: 9.97e-18 mm: 4.46e-17
Cl( 3, 2) in Cl( 3, 2) CPU = mm:       0.03 (old)       0.02 (new) fm:       0.03 (old)       0.03 (new)  diff: old: 9.33e-17 new: 3.24e-17 fm: 0.00e+00 mm: 7.62e-17
Cl( 3, 3) in Cl( 3, 3) CPU = mm:       0.04 (old)       0.03 (new) fm:       0.07 (old)       0.07 (new)  diff: old: 1.07e-16 new: 1.19e-16 fm: 1.42e-16 mm: 1.67e-16
Cl( 4, 3) in Cl( 4, 3) CPU = mm:       0.08 (old)       0.06 (new) fm:       0.12 (old)       0.12 (new)  diff: old: 1.82e-16 new: 6.91e-17 fm: 8.87e-17 mm: 1.96e-16
Cl( 4, 4) in Cl( 4, 4) CPU = mm:       0.17 (old)       0.11 (new) fm:       0.28 (old)       0.17 (new)  diff: old: 1.49e-16 new: 1.40e-16 fm: 1.37e-16 mm: 1.83e-16
Cl( 5, 4) in Cl( 5, 4) CPU = mm:       0.39 (old)       0.26 (new) fm:       0.51 (old)       0.64 (new)  diff: old: 2.08e-16 new: 1.27e-16 fm: 1.33e-16 mm: 2.04e-16
Cl( 5, 5) in Cl( 5, 5) CPU = mm:       0.71 (old)       0.48 (new) fm:       1.08 (old)       0.95 (new)  diff: old: 2.40e-16 new: 1.83e-16 fm: 1.91e-16 mm: 2.61e-16
Cl( 6, 5) in Cl( 6, 5) CPU = mm:       1.61 (old)       1.16 (new) fm:       2.42 (old)       2.72 (new)  diff: old: 2.85e-16 new: 1.76e-16 fm: 1.79e-16 mm: 2.86e-16
Cl( 6, 6) in Cl( 6, 6) CPU = mm:       3.17 (old)       2.23 (new) fm:       4.96 (old)       4.63 (new)  diff: old: 3.31e-16 new: 2.39e-16 fm: 2.33e-16 mm: 3.31e-16
Cl( 7, 6) in Cl( 7, 6) CPU = mm:       9.36 (old)       5.24 (new) fm:      14.28 (old)      13.29 (new)  diff: old: 3.71e-16 new: 2.29e-16 fm: 2.30e-16 mm: 3.71e-16
Cl( 7, 7) in Cl( 7, 7) CPU = mm:      17.96 (old)      10.45 (new) fm:      29.53 (old)      21.89 (new)  diff: old: 4.56e-16 new: 3.05e-16 fm: 3.02e-16 mm: 4.40e-16
Cl( 8, 7) in Cl( 8, 7) CPU = mm:      58.12 (old)      26.47 (new) fm:      90.83 (old)      61.77 (new)  diff: old: 5.26e-16 new: 3.05e-16 fm: 3.05e-16 mm: 5.07e-16
Cl( 8, 8) in Cl( 8, 8) CPU = mm:     118.04 (old)      51.45 (new) fm:     170.21 (old)     104.41 (new)  diff: old: 6.38e-16 new: 4.09e-16 fm: 4.08e-16 mm: 6.06e-16
Fill: 1
Cl( 1, 0) in Cl(16, 0) CPU = mm:       0.07 (old)       2.22 (new) fm:     130.05 (old)       0.60 (new)  diff: old: 4.99e-15 new: 0.00e+00 fm: 0.00e+00 mm: 4.99e-15
Cl( 2, 0) in Cl(16, 0) CPU = mm:       0.05 (old)       1.29 (new) fm:     129.71 (old)       0.60 (new)  diff: old: 3.56e-15 new: 3.91e-17 fm: 0.00e+00 mm: 3.56e-15
Cl( 3, 0) in Cl(16, 0) CPU = mm:       0.06 (old)       1.30 (new) fm:     131.70 (old)       0.62 (new)  diff: old: 2.13e-15 new: 1.15e-17 fm: 0.00e+00 mm: 2.13e-15
Cl( 4, 0) in Cl(16, 0) CPU = mm:       0.07 (old)       1.32 (new) fm:     130.78 (old)       0.65 (new)  diff: old: 3.30e-15 new: 1.64e-16 fm: 0.00e+00 mm: 3.26e-15
Cl( 5, 0) in Cl(16, 0) CPU = mm:       0.12 (old)       1.33 (new) fm:     131.67 (old)       0.72 (new)  diff: old: 3.33e-15 new: 1.70e-16 fm: 0.00e+00 mm: 3.31e-15
Cl( 6, 0) in Cl(16, 0) CPU = mm:       0.22 (old)       1.49 (new) fm:     130.52 (old)       0.85 (new)  diff: old: 3.27e-15 new: 1.48e-16 fm: 0.00e+00 mm: 3.25e-15
Cl( 7, 0) in Cl(16, 0) CPU = mm:       0.42 (old)       1.62 (new) fm:     130.98 (old)       1.13 (new)  diff: old: 3.58e-15 new: 1.71e-16 fm: 0.00e+00 mm: 3.59e-15
Cl( 8, 0) in Cl(16, 0) CPU = mm:       0.85 (old)       2.28 (new) fm:     133.42 (old)       1.86 (new)  diff: old: 3.19e-15 new: 2.07e-16 fm: 0.00e+00 mm: 3.16e-15
Cl( 9, 0) in Cl(16, 0) CPU = mm:       1.59 (old)       3.14 (new) fm:     133.46 (old)       3.14 (new)  diff: old: 2.92e-15 new: 3.00e-16 fm: 0.00e+00 mm: 2.65e-15
Cl(10, 0) in Cl(16, 0) CPU = mm:       3.30 (old)       5.23 (new) fm:     133.95 (old)       5.53 (new)  diff: old: 2.55e-15 new: 3.08e-16 fm: 9.24e-17 mm: 2.31e-15
Cl(11, 0) in Cl(16, 0) CPU = mm:       6.56 (old)       7.64 (new) fm:     132.31 (old)       9.30 (new)  diff: old: 1.95e-15 new: 4.36e-16 fm: 1.36e-16 mm: 1.83e-15
Cl(12, 0) in Cl(16, 0) CPU = mm:      13.74 (old)      12.96 (new) fm:     133.92 (old)      15.99 (new)  diff: old: 2.14e-15 new: 7.81e-16 fm: 1.74e-16 mm: 2.01e-15
Cl(13, 0) in Cl(16, 0) CPU = mm:      28.34 (old)      20.08 (new) fm:     133.72 (old)      30.37 (new)  diff: old: 2.21e-15 new: 1.38e-15 fm: 2.26e-16 mm: 1.38e-15
Cl(14, 0) in Cl(16, 0) CPU = mm:      55.44 (old)      37.14 (new) fm:     138.16 (old)      46.30 (new)  diff: old: 1.55e-15 new: 1.02e-15 fm: 2.98e-16 mm: 9.83e-16
Cl(15, 0) in Cl(16, 0) CPU = mm:     112.14 (old)      56.39 (new) fm:     141.79 (old)      72.11 (new)  diff: old: 1.23e-15 new: 8.97e-16 fm: 4.07e-16 mm: 8.02e-16
Cl(16, 0) in Cl(16, 0) CPU = mm:     235.98 (old)     101.64 (new) fm:     149.82 (old)     125.99 (new)  diff: old: 7.38e-16 new: 5.53e-16 fm: 5.56e-16 mm: 7.78e-16
Cl( 1, 0) in Cl( 8, 8) CPU = mm:       0.09 (old)       1.69 (new) fm:     155.66 (old)       0.62 (new)  diff: old: 4.52e-15 new: 0.00e+00 fm: 0.00e+00 mm: 4.52e-15
Cl( 1, 1) in Cl( 8, 8) CPU = mm:       0.04 (old)       1.29 (new) fm:     156.94 (old)       0.63 (new)  diff: old: 2.02e-15 new: 0.00e+00 fm: 0.00e+00 mm: 2.01e-15
Cl( 2, 1) in Cl( 8, 8) CPU = mm:       0.05 (old)       1.46 (new) fm:     156.47 (old)       0.62 (new)  diff: old: 1.68e-15 new: 4.26e-17 fm: 0.00e+00 mm: 1.64e-15
Cl( 2, 2) in Cl( 8, 8) CPU = mm:       0.07 (old)       1.33 (new) fm:     158.93 (old)       0.63 (new)  diff: old: 1.45e-15 new: 1.48e-16 fm: 1.01e-16 mm: 1.44e-15
Cl( 3, 2) in Cl( 8, 8) CPU = mm:       0.12 (old)       1.31 (new) fm:     160.44 (old)       0.66 (new)  diff: old: 1.82e-15 new: 1.08e-16 fm: 6.92e-17 mm: 1.89e-15
Cl( 3, 3) in Cl( 8, 8) CPU = mm:       0.22 (old)       1.32 (new) fm:     156.19 (old)       0.72 (new)  diff: old: 1.34e-15 new: 1.51e-16 fm: 1.18e-16 mm: 1.30e-15
Cl( 4, 3) in Cl( 8, 8) CPU = mm:       0.40 (old)       1.42 (new) fm:     158.46 (old)       0.78 (new)  diff: old: 1.25e-15 new: 2.15e-16 fm: 1.22e-16 mm: 1.24e-15
Cl( 4, 4) in Cl( 8, 8) CPU = mm:       0.72 (old)       1.55 (new) fm:     155.57 (old)       0.98 (new)  diff: old: 9.27e-16 new: 2.63e-16 fm: 1.61e-16 mm: 9.11e-16
Cl( 5, 4) in Cl( 8, 8) CPU = mm:       1.48 (old)       1.92 (new) fm:     156.73 (old)       1.40 (new)  diff: old: 8.91e-16 new: 2.96e-16 fm: 1.89e-16 mm: 8.68e-16
Cl( 5, 5) in Cl( 8, 8) CPU = mm:       3.11 (old)       2.39 (new) fm:     156.58 (old)       2.28 (new)  diff: old: 7.33e-16 new: 3.66e-16 fm: 2.31e-16 mm: 7.02e-16
Cl( 6, 5) in Cl( 8, 8) CPU = mm:       6.49 (old)       3.87 (new) fm:     161.88 (old)       4.12 (new)  diff: old: 7.62e-16 new: 3.84e-16 fm: 2.29e-16 mm: 6.80e-16
Cl( 6, 6) in Cl( 8, 8) CPU = mm:      13.54 (old)       6.38 (new) fm:     160.58 (old)       7.86 (new)  diff: old: 5.52e-16 new: 5.04e-16 fm: 3.02e-16 mm: 5.83e-16
Cl( 7, 6) in Cl( 8, 8) CPU = mm:      28.23 (old)      12.07 (new) fm:     164.80 (old)      16.05 (new)  diff: old: 5.56e-16 new: 5.35e-16 fm: 3.07e-16 mm: 5.83e-16
Cl( 7, 7) in Cl( 8, 8) CPU = mm:      55.23 (old)      21.90 (new) fm:     164.35 (old)      33.97 (new)  diff: old: 5.83e-16 new: 7.05e-16 fm: 4.06e-16 mm: 6.11e-16
Cl( 8, 7) in Cl( 8, 8) CPU = mm:     121.23 (old)      45.83 (new) fm:     167.38 (old)      67.16 (new)  diff: old: 5.85e-16 new: 7.41e-16 fm: 4.07e-16 mm: 6.19e-16
Cl( 8, 8) in Cl( 8, 8) CPU = mm:     239.60 (old)      87.09 (new) fm:     177.79 (old)     110.63 (new)  diff: old: 7.42e-16 new: 5.54e-16 fm: 5.57e-16 mm: 7.83e-16
Cl( 1, 0) in Cl( 1, 0) CPU = mm:       0.01 (old)       0.01 (new) fm:       0.01 (old)       0.00 (new)  diff: old: 0.00e+00 new: 0.00e+00 fm: 0.00e+00 mm: 0.00e+00
Cl( 1, 1) in Cl( 1, 1) CPU = mm:       0.01 (old)       0.00 (new) fm:       0.01 (old)       0.00 (new)  diff: old: 0.00e+00 new: 0.00e+00 fm: 0.00e+00 mm: 0.00e+00
Cl( 2, 1) in Cl( 2, 1) CPU = mm:       0.01 (old)       0.01 (new) fm:       0.01 (old)       0.01 (new)  diff: old: 4.15e-17 new: 2.07e-17 fm: 0.00e+00 mm: 2.93e-17
Cl( 2, 2) in Cl( 2, 2) CPU = mm:       0.02 (old)       0.01 (new) fm:       0.01 (old)       0.01 (new)  diff: old: 6.72e-17 new: 7.99e-17 fm: 1.37e-16 mm: 1.65e-16
Cl( 3, 2) in Cl( 3, 2) CPU = mm:       0.04 (old)       0.02 (new) fm:       0.03 (old)       0.04 (new)  diff: old: 1.14e-16 new: 5.76e-17 fm: 1.15e-16 mm: 1.36e-16
Cl( 3, 3) in Cl( 3, 3) CPU = mm:       0.09 (old)       0.03 (new) fm:       0.05 (old)       0.04 (new)  diff: old: 1.39e-16 new: 7.99e-17 fm: 1.08e-16 mm: 1.70e-16
Cl( 4, 3) in Cl( 4, 3) CPU = mm:       0.18 (old)       0.08 (new) fm:       0.11 (old)       0.14 (new)  diff: old: 1.54e-16 new: 1.37e-16 fm: 1.34e-16 mm: 1.92e-16
Cl( 4, 4) in Cl( 4, 4) CPU = mm:       0.34 (old)       0.15 (new) fm:       0.22 (old)       0.20 (new)  diff: old: 1.94e-16 new: 1.64e-16 fm: 1.70e-16 mm: 2.24e-16
Cl( 5, 4) in Cl( 5, 4) CPU = mm:       0.68 (old)       0.38 (new) fm:       0.48 (old)       0.66 (new)  diff: old: 2.07e-16 new: 1.76e-16 fm: 1.70e-16 mm: 2.45e-16
Cl( 5, 5) in Cl( 5, 5) CPU = mm:       1.36 (old)       0.71 (new) fm:       0.99 (old)       1.09 (new)  diff: old: 2.77e-16 new: 2.10e-16 fm: 2.31e-16 mm: 3.18e-16
Cl( 6, 5) in Cl( 6, 5) CPU = mm:       3.22 (old)       1.74 (new) fm:       2.50 (old)       3.03 (new)  diff: old: 3.00e-16 new: 2.13e-16 fm: 2.35e-16 mm: 3.41e-16
Cl( 6, 6) in Cl( 6, 6) CPU = mm:       7.31 (old)       3.71 (new) fm:       5.47 (old)       5.06 (new)  diff: old: 3.78e-16 new: 2.95e-16 fm: 3.06e-16 mm: 4.27e-16
Cl( 7, 6) in Cl( 7, 6) CPU = mm:      18.50 (old)       8.37 (new) fm:      14.89 (old)      14.13 (new)  diff: old: 4.10e-16 new: 2.98e-16 fm: 3.04e-16 mm: 4.47e-16
Cl( 7, 7) in Cl( 7, 7) CPU = mm:      36.03 (old)      16.63 (new) fm:      31.29 (old)      22.43 (new)  diff: old: 5.32e-16 new: 4.02e-16 fm: 4.08e-16 mm: 5.65e-16
Cl( 8, 7) in Cl( 8, 7) CPU = mm:     117.51 (old)      43.89 (new) fm:      95.09 (old)      66.83 (new)  diff: old: 5.80e-16 new: 4.05e-16 fm: 4.13e-16 mm: 6.19e-16
Cl( 8, 8) in Cl( 8, 8) CPU = mm:     240.95 (old)      87.56 (new) fm:     176.49 (old)     111.00 (new)  diff: old: 7.39e-16 new: 5.57e-16 fm: 5.59e-16 mm: 7.84e-16
