
framed_multi<float,-4,4>
Clifford algebra expressions test:
Fill: 0.5
Cl( 1, 0) in Cl( 1, 0) CPU =        0.001 ms (setup)        0.003 (comm)        0.009 (pade)        0.003 (series)        0.001 (mix)        0.005 (add) 
Cl( 1, 1) in Cl( 1, 1) CPU =        0.001 ms (setup)        0.001 (comm)        0.004 (pade)        0.001 (series)        0.000 (mix)        0.001 (add) 
Cl( 2, 1) in Cl( 2, 1) CPU =        0.001 ms (setup)        0.004 (comm)        0.007 (pade)        0.004 (series)        0.001 (mix)        0.001 (add) 
Cl( 2, 2) in Cl( 2, 2) CPU =        0.002 ms (setup)        0.005 (comm)        0.007 (pade)        0.005 (series)        0.002 (mix)        0.002 (add) 
Cl( 3, 2) in Cl( 3, 2) CPU =        0.003 ms (setup)        0.010 (comm)        0.030 (pade)        0.009 (series)        0.003 (mix)        0.003 (add) 
Cl( 3, 3) in Cl( 3, 3) CPU =        0.006 ms (setup)        0.024 (comm)        0.035 (pade)        0.034 (series)        0.006 (mix)        0.005 (add) 
Cl( 4, 3) in Cl( 4, 3) CPU =        0.011 ms (setup)        0.056 (comm)        0.124 (pade)        0.096 (series)        0.016 (mix)        0.010 (add) 
Cl( 4, 4) in Cl( 4, 4) CPU =        0.076 ms (setup)        0.392 (comm)        0.166 (pade)        0.631 (series)        0.055 (mix)        0.025 (add) 
Cl( 1, 0) in Cl( 4, 4) CPU =        0.001 ms (setup)        0.001 (comm)        0.004 (pade)        0.001 (series)        0.001 (mix)        0.001 (add) 
Cl( 1, 1) in Cl( 4, 4) CPU =        0.001 ms (setup)        0.002 (comm)        0.004 (pade)        0.001 (series)        0.001 (mix)        0.002 (add) 
Cl( 2, 1) in Cl( 4, 4) CPU =        0.001 ms (setup)        0.004 (comm)        0.007 (pade)        0.004 (series)        0.001 (mix)        0.001 (add) 
Cl( 2, 2) in Cl( 4, 4) CPU =        0.002 ms (setup)        0.005 (comm)        0.007 (pade)        0.006 (series)        0.002 (mix)        0.001 (add) 
Cl( 3, 2) in Cl( 4, 4) CPU =        0.003 ms (setup)        0.010 (comm)        0.028 (pade)        0.015 (series)        0.004 (mix)        0.003 (add) 
Cl( 3, 3) in Cl( 4, 4) CPU =        0.006 ms (setup)        0.024 (comm)        0.037 (pade)        0.036 (series)        0.007 (mix)        0.006 (add) 
Cl( 4, 3) in Cl( 4, 4) CPU =        0.012 ms (setup)        0.050 (comm)        0.134 (pade)        0.088 (series)        0.015 (mix)        0.011 (add) 
Cl( 4, 4) in Cl( 4, 4) CPU =        0.026 ms (setup)        0.364 (comm)        0.165 (pade)        0.631 (series)        0.046 (mix)        0.021 (add) 
Fill: 1
Cl( 1, 0) in Cl( 1, 0) CPU =        0.001 ms (setup)        0.003 (comm)        0.004 (pade)        0.005 (series)        0.001 (mix)        0.005 (add) 
Cl( 1, 1) in Cl( 1, 1) CPU =        0.001 ms (setup)        0.003 (comm)        0.004 (pade)        0.003 (series)        0.001 (mix)        0.002 (add) 
Cl( 2, 1) in Cl( 2, 1) CPU =        0.001 ms (setup)        0.004 (comm)        0.007 (pade)        0.004 (series)        0.001 (mix)        0.001 (add) 
Cl( 2, 2) in Cl( 2, 2) CPU =        0.002 ms (setup)        0.007 (comm)        0.009 (pade)        0.007 (series)        0.002 (mix)        0.001 (add) 
Cl( 3, 2) in Cl( 3, 2) CPU =        0.004 ms (setup)        0.015 (comm)        0.029 (pade)        0.019 (series)        0.005 (mix)        0.003 (add) 
Cl( 3, 3) in Cl( 3, 3) CPU =        0.007 ms (setup)        0.039 (comm)        0.038 (pade)        0.054 (series)        0.011 (mix)        0.005 (add) 
Cl( 4, 3) in Cl( 4, 3) CPU =        0.015 ms (setup)        0.120 (comm)        0.136 (pade)        0.176 (series)        0.026 (mix)        0.011 (add) 
Cl( 4, 4) in Cl( 4, 4) CPU =        0.033 ms (setup)        0.434 (comm)        0.188 (pade)        0.729 (series)        0.069 (mix)        0.035 (add) 
Cl( 1, 0) in Cl( 4, 4) CPU =        0.001 ms (setup)        0.003 (comm)        0.004 (pade)        0.002 (series)        0.001 (mix)        0.002 (add) 
Cl( 1, 1) in Cl( 4, 4) CPU =        0.001 ms (setup)        0.003 (comm)        0.004 (pade)        0.003 (series)        0.001 (mix)        0.001 (add) 
Cl( 2, 1) in Cl( 4, 4) CPU =        0.001 ms (setup)        0.004 (comm)        0.007 (pade)        0.004 (series)        0.001 (mix)        0.001 (add) 
Cl( 2, 2) in Cl( 4, 4) CPU =        0.002 ms (setup)        0.007 (comm)        0.009 (pade)        0.007 (series)        0.003 (mix)        0.002 (add) 
Cl( 3, 2) in Cl( 4, 4) CPU =        0.004 ms (setup)        0.015 (comm)        0.029 (pade)        0.019 (series)        0.005 (mix)        0.003 (add) 
Cl( 3, 3) in Cl( 4, 4) CPU =        0.007 ms (setup)        0.039 (comm)        0.037 (pade)        0.054 (series)        0.011 (mix)        0.005 (add) 
Cl( 4, 3) in Cl( 4, 4) CPU =        0.015 ms (setup)        0.118 (comm)        0.137 (pade)        0.175 (series)        0.025 (mix)        0.013 (add) 
Cl( 4, 4) in Cl( 4, 4) CPU =        0.033 ms (setup)        0.430 (comm)        0.190 (pade)        0.712 (series)        0.068 (mix)        0.029 (add) 

matrix_multi<float,-4,4>
Clifford algebra expressions test:
Fill: 0.5
Cl( 1, 0) in Cl( 1, 0) CPU =        0.003 ms (setup)        0.006 (comm)        0.003 (pade)        0.004 (series)        0.003 (mix)        0.001 (add) 
Cl( 1, 1) in Cl( 1, 1) CPU =        0.002 ms (setup)        0.005 (comm)        0.002 (pade)        0.001 (series)        0.005 (mix)        0.001 (add) 
Cl( 2, 1) in Cl( 2, 1) CPU =        0.002 ms (setup)        0.024 (comm)        0.003 (pade)        0.002 (series)        0.022 (mix)        0.001 (add) 
Cl( 2, 2) in Cl( 2, 2) CPU =        0.002 ms (setup)        0.032 (comm)        0.002 (pade)        0.001 (series)        0.031 (mix)        0.000 (add) 
Cl( 3, 2) in Cl( 3, 2) CPU =        0.013 ms (setup)        0.123 (comm)        0.004 (pade)        0.003 (series)        0.114 (mix)        0.001 (add) 
Cl( 3, 3) in Cl( 3, 3) CPU =        0.020 ms (setup)        0.186 (comm)        0.004 (pade)        0.002 (series)        0.172 (mix)        0.001 (add) 
Cl( 4, 3) in Cl( 4, 3) CPU =        0.046 ms (setup)        0.872 (comm)        0.007 (pade)        0.003 (series)        0.860 (mix)        0.001 (add) 
Cl( 4, 4) in Cl( 4, 4) CPU =        0.093 ms (setup)        1.311 (comm)        0.007 (pade)        0.002 (series)        1.303 (mix)        0.001 (add) 
Cl( 1, 0) in Cl( 4, 4) CPU =        0.003 ms (setup)        0.022 (comm)        0.004 (pade)        0.005 (series)        0.021 (mix)        0.001 (add) 
Cl( 1, 1) in Cl( 4, 4) CPU =        0.003 ms (setup)        0.029 (comm)        0.007 (pade)        0.002 (series)        0.028 (mix)        0.001 (add) 
Cl( 2, 1) in Cl( 4, 4) CPU =        0.009 ms (setup)        0.062 (comm)        0.007 (pade)        0.003 (series)        0.061 (mix)        0.001 (add) 
Cl( 2, 2) in Cl( 4, 4) CPU =        0.011 ms (setup)        0.075 (comm)        0.007 (pade)        0.002 (series)        0.073 (mix)        0.001 (add) 
Cl( 3, 2) in Cl( 4, 4) CPU =        0.044 ms (setup)        0.207 (comm)        0.007 (pade)        0.003 (series)        0.197 (mix)        0.001 (add) 
Cl( 3, 3) in Cl( 4, 4) CPU =        0.066 ms (setup)        0.293 (comm)        0.007 (pade)        0.003 (series)        0.284 (mix)        0.001 (add) 
Cl( 4, 3) in Cl( 4, 4) CPU =        0.178 ms (setup)        0.820 (comm)        0.007 (pade)        0.003 (series)        0.800 (mix)        0.001 (add) 
Cl( 4, 4) in Cl( 4, 4) CPU =        0.092 ms (setup)        1.332 (comm)        0.007 (pade)        0.003 (series)        1.325 (mix)        0.001 (add) 
Fill: 1
Cl( 1, 0) in Cl( 1, 0) CPU =        0.003 ms (setup)        0.008 (comm)        0.003 (pade)        0.004 (series)        0.005 (mix)        0.001 (add) 
Cl( 1, 1) in Cl( 1, 1) CPU =        0.001 ms (setup)        0.009 (comm)        0.002 (pade)        0.001 (series)        0.007 (mix)        0.001 (add) 
Cl( 2, 1) in Cl( 2, 1) CPU =        0.002 ms (setup)        0.028 (comm)        0.003 (pade)        0.001 (series)        0.026 (mix)        0.001 (add) 
Cl( 2, 2) in Cl( 2, 2) CPU =        0.005 ms (setup)        0.040 (comm)        0.003 (pade)        0.002 (series)        0.043 (mix)        0.001 (add) 
Cl( 3, 2) in Cl( 3, 2) CPU =        0.012 ms (setup)        0.146 (comm)        0.004 (pade)        0.003 (series)        0.144 (mix)        0.001 (add) 
Cl( 3, 3) in Cl( 3, 3) CPU =        0.022 ms (setup)        0.220 (comm)        0.003 (pade)        0.002 (series)        0.218 (mix)        0.001 (add) 
Cl( 4, 3) in Cl( 4, 3) CPU =        0.058 ms (setup)        0.987 (comm)        0.007 (pade)        0.003 (series)        0.971 (mix)        0.001 (add) 
Cl( 4, 4) in Cl( 4, 4) CPU =        0.116 ms (setup)        1.474 (comm)        0.007 (pade)        0.003 (series)        1.467 (mix)        0.001 (add) 
Cl( 1, 0) in Cl( 4, 4) CPU =        0.003 ms (setup)        0.044 (comm)        0.006 (pade)        0.003 (series)        0.040 (mix)        0.001 (add) 
Cl( 1, 1) in Cl( 4, 4) CPU =        0.004 ms (setup)        0.054 (comm)        0.006 (pade)        0.002 (series)        0.053 (mix)        0.001 (add) 
Cl( 2, 1) in Cl( 4, 4) CPU =        0.008 ms (setup)        0.075 (comm)        0.006 (pade)        0.002 (series)        0.074 (mix)        0.001 (add) 
Cl( 2, 2) in Cl( 4, 4) CPU =        0.019 ms (setup)        0.106 (comm)        0.006 (pade)        0.003 (series)        0.104 (mix)        0.001 (add) 
Cl( 3, 2) in Cl( 4, 4) CPU =        0.050 ms (setup)        0.214 (comm)        0.007 (pade)        0.003 (series)        0.216 (mix)        0.001 (add) 
Cl( 3, 3) in Cl( 4, 4) CPU =        0.076 ms (setup)        0.338 (comm)        0.007 (pade)        0.002 (series)        0.333 (mix)        0.001 (add) 
Cl( 4, 3) in Cl( 4, 4) CPU =        0.211 ms (setup)        1.040 (comm)        0.008 (pade)        0.003 (series)        1.028 (mix)        0.001 (add) 
Cl( 4, 4) in Cl( 4, 4) CPU =        0.120 ms (setup)        1.481 (comm)        0.007 (pade)        0.003 (series)        1.471 (mix)        0.001 (add) 

framed_multi<double>
Clifford algebra expressions test:
Fill: 0.5
Cl( 1, 0) in Cl( 1, 0) CPU =        0.001 ms (setup)        0.005 (comm)        0.007 (pade)        0.005 (series)        0.001 (mix)        0.002 (add) 
Cl( 1, 1) in Cl( 1, 1) CPU =        0.001 ms (setup)        0.001 (comm)        0.003 (pade)        0.001 (series)        0.000 (mix)        0.001 (add) 
Cl( 2, 1) in Cl( 2, 1) CPU =        0.001 ms (setup)        0.005 (comm)        0.007 (pade)        0.004 (series)        0.002 (mix)        0.001 (add) 
Cl( 2, 2) in Cl( 2, 2) CPU =        0.002 ms (setup)        0.005 (comm)        0.007 (pade)        0.007 (series)        0.002 (mix)        0.001 (add) 
Cl( 3, 2) in Cl( 3, 2) CPU =        0.003 ms (setup)        0.012 (comm)        0.029 (pade)        0.012 (series)        0.004 (mix)        0.002 (add) 
Cl( 3, 3) in Cl( 3, 3) CPU =        0.007 ms (setup)        0.031 (comm)        0.037 (pade)        0.048 (series)        0.009 (mix)        0.003 (add) 
Cl( 4, 3) in Cl( 4, 3) CPU =        0.013 ms (setup)        0.080 (comm)        0.120 (pade)        0.135 (series)        0.022 (mix)        0.004 (add) 
Cl( 4, 4) in Cl( 4, 4) CPU =        0.027 ms (setup)        0.391 (comm)        0.176 (pade)        0.617 (series)        0.072 (mix)        0.007 (add) 
Cl( 5, 4) in Cl( 5, 4) CPU =        0.056 ms (setup)        1.361 (comm)        0.594 (pade)        2.243 (series)        0.251 (mix)        0.026 (add) 
Cl( 5, 5) in Cl( 5, 5) CPU =        0.117 ms (setup)        2.274 (comm)        0.819 (pade)        3.119 (series)        0.741 (mix)        0.028 (add) 
Cl( 6, 5) in Cl( 6, 5) CPU =        0.241 ms (setup)        7.333 (comm)        2.933 (pade)       11.175 (series)        2.050 (mix)        0.063 (add) 
Cl( 6, 6) in Cl( 6, 6) CPU =        0.501 ms (setup)       13.156 (comm)        4.154 (pade)       15.563 (series)        6.069 (mix)        0.110 (add) 
Cl( 7, 6) in Cl( 7, 6) CPU =        1.016 ms (setup)       42.544 (comm)       13.943 (pade)       53.911 (series)       17.500 (mix)        0.227 (add) 
Cl( 7, 7) in Cl( 7, 7) CPU =        2.026 ms (setup)       86.490 (comm)       19.257 (pade)       75.853 (series)       52.016 (mix)        0.525 (add) 
Cl( 8, 7) in Cl( 8, 7) CPU =        4.095 ms (setup)      280.795 (comm)       70.116 (pade)      271.769 (series)      153.649 (mix)        1.076 (add) 
Cl( 8, 8) in Cl( 8, 8) CPU =        8.287 ms (setup)      640.088 (comm)       99.425 (pade)      382.322 (series)      466.969 (mix)        2.286 (add) 
Cl( 1, 0) in Cl( 8, 8) CPU =        0.002 ms (setup)        0.002 (comm)        0.004 (pade)        0.004 (series)        0.001 (mix)        0.001 (add) 
Cl( 1, 1) in Cl( 8, 8) CPU =        0.001 ms (setup)        0.001 (comm)        0.004 (pade)        0.001 (series)        0.001 (mix)        0.001 (add) 
Cl( 2, 1) in Cl( 8, 8) CPU =        0.001 ms (setup)        0.004 (comm)        0.007 (pade)        0.004 (series)        0.001 (mix)        0.001 (add) 
Cl( 2, 2) in Cl( 8, 8) CPU =        0.002 ms (setup)        0.005 (comm)        0.007 (pade)        0.007 (series)        0.002 (mix)        0.002 (add) 
Cl( 3, 2) in Cl( 8, 8) CPU =        0.003 ms (setup)        0.010 (comm)        0.021 (pade)        0.009 (series)        0.003 (mix)        0.001 (add) 
Cl( 3, 3) in Cl( 8, 8) CPU =        0.007 ms (setup)        0.032 (comm)        0.033 (pade)        0.043 (series)        0.007 (mix)        0.003 (add) 
Cl( 4, 3) in Cl( 8, 8) CPU =        0.013 ms (setup)        0.078 (comm)        0.116 (pade)        0.134 (series)        0.019 (mix)        0.004 (add) 
Cl( 4, 4) in Cl( 8, 8) CPU =        0.027 ms (setup)        0.372 (comm)        0.161 (pade)        0.611 (series)        0.068 (mix)        0.007 (add) 
Cl( 5, 4) in Cl( 8, 8) CPU =        0.057 ms (setup)        1.338 (comm)        0.565 (pade)        2.147 (series)        0.249 (mix)        0.013 (add) 
Cl( 5, 5) in Cl( 8, 8) CPU =        0.116 ms (setup)        2.189 (comm)        0.790 (pade)        3.035 (series)        0.706 (mix)        0.024 (add) 
Cl( 6, 5) in Cl( 8, 8) CPU =        0.233 ms (setup)        7.198 (comm)        2.790 (pade)       10.793 (series)        2.043 (mix)        0.051 (add) 
Cl( 6, 6) in Cl( 8, 8) CPU =        0.480 ms (setup)       13.848 (comm)        3.969 (pade)       15.515 (series)        5.891 (mix)        0.108 (add) 
Cl( 7, 6) in Cl( 8, 8) CPU =        0.987 ms (setup)       42.164 (comm)       13.444 (pade)       52.330 (series)       17.575 (mix)        0.220 (add) 
Cl( 7, 7) in Cl( 8, 8) CPU =        2.015 ms (setup)       86.747 (comm)       19.285 (pade)       75.663 (series)       52.332 (mix)        0.504 (add) 
Cl( 8, 7) in Cl( 8, 8) CPU =        4.086 ms (setup)      281.500 (comm)       69.615 (pade)      268.484 (series)      157.152 (mix)        1.117 (add) 
Cl( 8, 8) in Cl( 8, 8) CPU =        8.450 ms (setup)      640.061 (comm)       99.675 (pade)      392.559 (series)      469.605 (mix)        2.293 (add) 
Fill: 1
Cl( 1, 0) in Cl( 1, 0) CPU =        0.001 ms (setup)        0.004 (comm)        0.005 (pade)        0.005 (series)        0.001 (mix)        0.001 (add) 
Cl( 1, 1) in Cl( 1, 1) CPU =        0.001 ms (setup)        0.003 (comm)        0.004 (pade)        0.003 (series)        0.001 (mix)        0.001 (add) 
Cl( 2, 1) in Cl( 2, 1) CPU =        0.002 ms (setup)        0.004 (comm)        0.007 (pade)        0.005 (series)        0.002 (mix)        0.001 (add) 
Cl( 2, 2) in Cl( 2, 2) CPU =        0.002 ms (setup)        0.007 (comm)        0.009 (pade)        0.009 (series)        0.003 (mix)        0.001 (add) 
Cl( 3, 2) in Cl( 3, 2) CPU =        0.005 ms (setup)        0.018 (comm)        0.028 (pade)        0.025 (series)        0.005 (mix)        0.002 (add) 
Cl( 3, 3) in Cl( 3, 3) CPU =        0.009 ms (setup)        0.052 (comm)        0.036 (pade)        0.074 (series)        0.012 (mix)        0.003 (add) 
Cl( 4, 3) in Cl( 4, 3) CPU =        0.017 ms (setup)        0.167 (comm)        0.131 (pade)        0.248 (series)        0.031 (mix)        0.005 (add) 
Cl( 4, 4) in Cl( 4, 4) CPU =        0.034 ms (setup)        0.453 (comm)        0.181 (pade)        0.678 (series)        0.093 (mix)        0.009 (add) 
Cl( 5, 4) in Cl( 5, 4) CPU =        0.072 ms (setup)        1.480 (comm)        0.636 (pade)        2.374 (series)        0.253 (mix)        0.017 (add) 
Cl( 5, 5) in Cl( 5, 5) CPU =        0.151 ms (setup)        2.480 (comm)        0.901 (pade)        3.490 (series)        0.694 (mix)        0.033 (add) 
Cl( 6, 5) in Cl( 6, 5) CPU =        0.352 ms (setup)        8.043 (comm)        3.149 (pade)       13.133 (series)        1.975 (mix)        0.066 (add) 
Cl( 6, 6) in Cl( 6, 6) CPU =        0.734 ms (setup)       14.750 (comm)        4.612 (pade)       18.216 (series)        5.394 (mix)        0.138 (add) 
Cl( 7, 6) in Cl( 7, 6) CPU =        1.443 ms (setup)       45.645 (comm)       15.312 (pade)       61.886 (series)       15.539 (mix)        0.271 (add) 
Cl( 7, 7) in Cl( 7, 7) CPU =        2.997 ms (setup)       90.421 (comm)       23.140 (pade)       91.471 (series)       44.588 (mix)        0.681 (add) 
Cl( 8, 7) in Cl( 8, 7) CPU =        6.327 ms (setup)      285.780 (comm)       82.212 (pade)      318.820 (series)      131.111 (mix)        1.280 (add) 
Cl( 8, 8) in Cl( 8, 8) CPU =       12.443 ms (setup)      633.005 (comm)      127.663 (pade)      486.428 (series)      395.680 (mix)        3.703 (add) 
Cl( 1, 0) in Cl( 8, 8) CPU =        0.001 ms (setup)        0.004 (comm)        0.005 (pade)        0.005 (series)        0.002 (mix)        0.002 (add) 
Cl( 1, 1) in Cl( 8, 8) CPU =        0.001 ms (setup)        0.003 (comm)        0.004 (pade)        0.003 (series)        0.001 (mix)        0.001 (add) 
Cl( 2, 1) in Cl( 8, 8) CPU =        0.002 ms (setup)        0.004 (comm)        0.009 (pade)        0.005 (series)        0.002 (mix)        0.001 (add) 
Cl( 2, 2) in Cl( 8, 8) CPU =        0.002 ms (setup)        0.007 (comm)        0.009 (pade)        0.009 (series)        0.002 (mix)        0.001 (add) 
Cl( 3, 2) in Cl( 8, 8) CPU =        0.004 ms (setup)        0.018 (comm)        0.027 (pade)        0.025 (series)        0.005 (mix)        0.002 (add) 
Cl( 3, 3) in Cl( 8, 8) CPU =        0.009 ms (setup)        0.052 (comm)        0.036 (pade)        0.075 (series)        0.012 (mix)        0.003 (add) 
Cl( 4, 3) in Cl( 8, 8) CPU =        0.017 ms (setup)        0.166 (comm)        0.131 (pade)        0.264 (series)        0.034 (mix)        0.005 (add) 
Cl( 4, 4) in Cl( 8, 8) CPU =        0.034 ms (setup)        0.455 (comm)        0.182 (pade)        0.673 (series)        0.091 (mix)        0.009 (add) 
Cl( 5, 4) in Cl( 8, 8) CPU =        0.072 ms (setup)        1.472 (comm)        0.632 (pade)        2.347 (series)        0.255 (mix)        0.017 (add) 
Cl( 5, 5) in Cl( 8, 8) CPU =        0.155 ms (setup)        2.478 (comm)        0.908 (pade)        3.478 (series)        0.694 (mix)        0.032 (add) 
Cl( 6, 5) in Cl( 8, 8) CPU =        0.349 ms (setup)        8.075 (comm)        3.137 (pade)       12.261 (series)        1.945 (mix)        0.065 (add) 
Cl( 6, 6) in Cl( 8, 8) CPU =        0.721 ms (setup)       14.559 (comm)        4.623 (pade)       18.327 (series)        5.393 (mix)        0.135 (add) 
Cl( 7, 6) in Cl( 8, 8) CPU =        1.454 ms (setup)       45.604 (comm)       15.337 (pade)       60.357 (series)       15.517 (mix)        0.284 (add) 
Cl( 7, 7) in Cl( 8, 8) CPU =        3.002 ms (setup)       89.898 (comm)       23.320 (pade)       92.440 (series)       44.617 (mix)        0.578 (add) 
Cl( 8, 7) in Cl( 8, 8) CPU =        6.224 ms (setup)      287.392 (comm)       81.902 (pade)      312.625 (series)      131.494 (mix)        1.306 (add) 
Cl( 8, 8) in Cl( 8, 8) CPU =       12.433 ms (setup)      634.657 (comm)      129.272 (pade)      485.784 (series)      395.462 (mix)        3.938 (add) 

matrix_multi<double>
Clifford algebra expressions test:
Fill: 0.5
Cl( 1, 0) in Cl( 1, 0) CPU =        0.005 ms (setup)        0.006 (comm)        0.002 (pade)        0.003 (series)        0.003 (mix)        0.001 (add) 
Cl( 1, 1) in Cl( 1, 1) CPU =        0.006 ms (setup)        0.003 (comm)        0.002 (pade)        0.001 (series)        0.005 (mix)        0.001 (add) 
Cl( 2, 1) in Cl( 2, 1) CPU =        0.002 ms (setup)        0.022 (comm)        0.003 (pade)        0.001 (series)        0.019 (mix)        0.001 (add) 
Cl( 2, 2) in Cl( 2, 2) CPU =        0.003 ms (setup)        0.032 (comm)        0.002 (pade)        0.001 (series)        0.030 (mix)        0.001 (add) 
Cl( 3, 2) in Cl( 3, 2) CPU =        0.015 ms (setup)        0.102 (comm)        0.004 (pade)        0.002 (series)        0.100 (mix)        0.001 (add) 
Cl( 3, 3) in Cl( 3, 3) CPU =        0.019 ms (setup)        0.168 (comm)        0.004 (pade)        0.002 (series)        0.163 (mix)        0.001 (add) 
Cl( 4, 3) in Cl( 4, 3) CPU =        0.051 ms (setup)        0.831 (comm)        0.009 (pade)        0.004 (series)        0.820 (mix)        0.001 (add) 
Cl( 4, 4) in Cl( 4, 4) CPU =        0.097 ms (setup)        1.260 (comm)        0.008 (pade)        0.004 (series)        1.246 (mix)        0.001 (add) 
Cl( 5, 4) in Cl( 5, 4) CPU =        0.228 ms (setup)        4.926 (comm)        0.021 (pade)        0.011 (series)        4.952 (mix)        0.003 (add) 
Cl( 5, 5) in Cl( 5, 5) CPU =        0.463 ms (setup)        7.176 (comm)        0.021 (pade)        0.010 (series)        7.149 (mix)        0.002 (add) 
Cl( 6, 5) in Cl( 6, 5) CPU =        1.020 ms (setup)       27.325 (comm)        0.072 (pade)        0.050 (series)       27.337 (mix)        0.005 (add) 
Cl( 6, 6) in Cl( 6, 6) CPU =        2.025 ms (setup)       38.172 (comm)        0.075 (pade)        0.050 (series)       38.194 (mix)        0.007 (add) 
Cl( 7, 6) in Cl( 7, 6) CPU =        4.789 ms (setup)      156.820 (comm)        0.348 (pade)        0.365 (series)      153.723 (mix)        0.022 (add) 
Cl( 7, 7) in Cl( 7, 7) CPU =        9.583 ms (setup)      209.254 (comm)        0.352 (pade)        0.349 (series)      207.468 (mix)        0.026 (add) 
Cl( 8, 7) in Cl( 8, 7) CPU =       26.778 ms (setup)     1134.817 (comm)        2.156 (pade)        2.301 (series)     1091.995 (mix)        0.254 (add) 
Cl( 8, 8) in Cl( 8, 8) CPU =       50.415 ms (setup)     1218.340 (comm)        1.986 (pade)        2.264 (series)     1214.869 (mix)        0.162 (add) 
Cl( 1, 0) in Cl( 8, 8) CPU =        0.015 ms (setup)       17.393 (comm)        0.599 (pade)        2.249 (series)       15.728 (mix)        0.108 (add) 
Cl( 1, 1) in Cl( 8, 8) CPU =        0.026 ms (setup)       21.167 (comm)        1.103 (pade)        2.321 (series)       19.677 (mix)        0.129 (add) 
Cl( 2, 1) in Cl( 8, 8) CPU =        0.061 ms (setup)       29.221 (comm)        1.147 (pade)        2.226 (series)       27.724 (mix)        0.096 (add) 
Cl( 2, 2) in Cl( 8, 8) CPU =        0.107 ms (setup)       41.483 (comm)        1.185 (pade)        2.241 (series)       41.090 (mix)        0.095 (add) 
Cl( 3, 2) in Cl( 8, 8) CPU =        1.413 ms (setup)       52.113 (comm)        1.330 (pade)        2.241 (series)       49.694 (mix)        0.101 (add) 
Cl( 3, 3) in Cl( 8, 8) CPU =        0.798 ms (setup)       72.599 (comm)        1.342 (pade)        2.272 (series)       69.547 (mix)        0.093 (add) 
Cl( 4, 3) in Cl( 8, 8) CPU =        0.778 ms (setup)       80.458 (comm)        1.635 (pade)        2.488 (series)       68.639 (mix)        0.089 (add) 
Cl( 4, 4) in Cl( 8, 8) CPU =        0.938 ms (setup)      106.170 (comm)        1.603 (pade)        2.442 (series)       93.907 (mix)        0.089 (add) 
Cl( 5, 4) in Cl( 8, 8) CPU =        1.464 ms (setup)      131.401 (comm)        1.939 (pade)        2.348 (series)      123.954 (mix)        0.099 (add) 
Cl( 5, 5) in Cl( 8, 8) CPU =        2.236 ms (setup)      154.399 (comm)        1.895 (pade)        2.228 (series)      149.793 (mix)        0.088 (add) 
Cl( 6, 5) in Cl( 8, 8) CPU =        5.748 ms (setup)      220.968 (comm)        2.030 (pade)        2.240 (series)      215.970 (mix)        0.096 (add) 
Cl( 6, 6) in Cl( 8, 8) CPU =        9.353 ms (setup)      231.042 (comm)        2.111 (pade)        2.337 (series)      230.337 (mix)        0.095 (add) 
Cl( 7, 6) in Cl( 8, 8) CPU =       21.316 ms (setup)      356.919 (comm)        2.053 (pade)        2.321 (series)      355.505 (mix)        0.107 (add) 
Cl( 7, 7) in Cl( 8, 8) CPU =       36.413 ms (setup)      447.124 (comm)        2.073 (pade)        2.304 (series)      441.378 (mix)        0.105 (add) 
Cl( 8, 7) in Cl( 8, 8) CPU =       88.633 ms (setup)      961.525 (comm)        2.075 (pade)        2.347 (series)      960.294 (mix)        0.130 (add) 
Cl( 8, 8) in Cl( 8, 8) CPU =       50.035 ms (setup)     1205.737 (comm)        2.015 (pade)        2.256 (series)     1207.144 (mix)        0.249 (add) 
Fill: 1
Cl( 1, 0) in Cl( 1, 0) CPU =        0.002 ms (setup)        0.009 (comm)        0.003 (pade)        0.004 (series)        0.005 (mix)        0.001 (add) 
Cl( 1, 1) in Cl( 1, 1) CPU =        0.002 ms (setup)        0.007 (comm)        0.002 (pade)        0.001 (series)        0.007 (mix)        0.001 (add) 
Cl( 2, 1) in Cl( 2, 1) CPU =        0.002 ms (setup)        0.026 (comm)        0.003 (pade)        0.001 (series)        0.025 (mix)        0.001 (add) 
Cl( 2, 2) in Cl( 2, 2) CPU =        0.005 ms (setup)        0.037 (comm)        0.002 (pade)        0.001 (series)        0.036 (mix)        0.001 (add) 
Cl( 3, 2) in Cl( 3, 2) CPU =        0.015 ms (setup)        0.134 (comm)        0.004 (pade)        0.002 (series)        0.130 (mix)        0.001 (add) 
Cl( 3, 3) in Cl( 3, 3) CPU =        0.022 ms (setup)        0.210 (comm)        0.003 (pade)        0.002 (series)        0.209 (mix)        0.001 (add) 
Cl( 4, 3) in Cl( 4, 3) CPU =        0.060 ms (setup)        0.967 (comm)        0.008 (pade)        0.004 (series)        0.947 (mix)        0.001 (add) 
Cl( 4, 4) in Cl( 4, 4) CPU =        0.120 ms (setup)        1.413 (comm)        0.011 (pade)        0.005 (series)        1.408 (mix)        0.001 (add) 
Cl( 5, 4) in Cl( 5, 4) CPU =        0.294 ms (setup)        5.375 (comm)        0.021 (pade)        0.011 (series)        5.354 (mix)        0.002 (add) 
Cl( 5, 5) in Cl( 5, 5) CPU =        0.589 ms (setup)        7.743 (comm)        0.021 (pade)        0.010 (series)        7.740 (mix)        0.002 (add) 
Cl( 6, 5) in Cl( 6, 5) CPU =        1.494 ms (setup)       30.233 (comm)        0.073 (pade)        0.050 (series)       29.153 (mix)        0.007 (add) 
Cl( 6, 6) in Cl( 6, 6) CPU =        3.034 ms (setup)       40.358 (comm)        0.072 (pade)        0.054 (series)       40.349 (mix)        0.008 (add) 
Cl( 7, 6) in Cl( 7, 6) CPU =        7.503 ms (setup)      208.325 (comm)        0.349 (pade)        0.345 (series)      199.362 (mix)        0.021 (add) 
Cl( 7, 7) in Cl( 7, 7) CPU =       15.011 ms (setup)      222.467 (comm)        0.369 (pade)        0.364 (series)      220.977 (mix)        0.022 (add) 
Cl( 8, 7) in Cl( 8, 7) CPU =       41.242 ms (setup)     1162.673 (comm)        2.055 (pade)        2.252 (series)     1125.253 (mix)        0.196 (add) 
Cl( 8, 8) in Cl( 8, 8) CPU =       84.865 ms (setup)     1280.776 (comm)        1.967 (pade)        2.249 (series)     1307.189 (mix)        0.239 (add) 
Cl( 1, 0) in Cl( 8, 8) CPU =        0.022 ms (setup)       22.974 (comm)        1.053 (pade)        2.226 (series)       21.875 (mix)        0.124 (add) 
Cl( 1, 1) in Cl( 8, 8) CPU =        0.048 ms (setup)       27.921 (comm)        1.054 (pade)        2.228 (series)       26.570 (mix)        0.094 (add) 
Cl( 2, 1) in Cl( 8, 8) CPU =        0.089 ms (setup)       36.625 (comm)        1.206 (pade)        2.296 (series)       34.109 (mix)        0.091 (add) 
Cl( 2, 2) in Cl( 8, 8) CPU =        0.623 ms (setup)       39.336 (comm)        1.278 (pade)        2.229 (series)       42.370 (mix)        0.105 (add) 
Cl( 3, 2) in Cl( 8, 8) CPU =        1.741 ms (setup)       58.046 (comm)        1.457 (pade)        2.337 (series)       53.959 (mix)        0.097 (add) 
Cl( 3, 3) in Cl( 8, 8) CPU =        0.830 ms (setup)       77.011 (comm)        1.402 (pade)        2.240 (series)       65.963 (mix)        0.306 (add) 
Cl( 4, 3) in Cl( 8, 8) CPU =        1.631 ms (setup)      102.882 (comm)        1.653 (pade)        2.308 (series)       99.713 (mix)        0.094 (add) 
Cl( 4, 4) in Cl( 8, 8) CPU =        1.040 ms (setup)      121.124 (comm)        1.702 (pade)        2.230 (series)      123.760 (mix)        0.104 (add) 
Cl( 5, 4) in Cl( 8, 8) CPU =        2.766 ms (setup)      150.133 (comm)        1.947 (pade)        2.247 (series)      148.484 (mix)        0.112 (add) 
Cl( 5, 5) in Cl( 8, 8) CPU =        2.859 ms (setup)      170.409 (comm)        2.011 (pade)        2.244 (series)      175.014 (mix)        0.102 (add) 
Cl( 6, 5) in Cl( 8, 8) CPU =        9.141 ms (setup)      227.784 (comm)        2.034 (pade)        2.245 (series)      228.355 (mix)        0.096 (add) 
Cl( 6, 6) in Cl( 8, 8) CPU =       11.965 ms (setup)      258.859 (comm)        2.046 (pade)        2.333 (series)      258.685 (mix)        0.106 (add) 
Cl( 7, 6) in Cl( 8, 8) CPU =       25.868 ms (setup)      400.619 (comm)        2.038 (pade)        2.244 (series)      397.888 (mix)        0.104 (add) 
Cl( 7, 7) in Cl( 8, 8) CPU =       49.054 ms (setup)      488.269 (comm)        2.033 (pade)        2.248 (series)      485.238 (mix)        0.107 (add) 
Cl( 8, 7) in Cl( 8, 8) CPU =      126.450 ms (setup)     1014.051 (comm)        2.019 (pade)        2.277 (series)     1018.959 (mix)        0.112 (add) 
Cl( 8, 8) in Cl( 8, 8) CPU =       82.255 ms (setup)     1309.517 (comm)        2.035 (pade)        2.260 (series)     1285.457 (mix)        0.185 (add) 
