expressions/expressions
	linux-vdso.so.1 (0x000078f7d99c8000)
	libarmadillo.so.15 => /lib/libarmadillo.so.15 (0x000078f7d9983000)
	libflexiblas.so.3 => /usr/lib/x86_64-linux-gnu/libflexiblas.so.3 (0x000078f7d8a00000)
	libstdc++.so.6 => /usr/lib/x86_64-linux-gnu/libstdc++.so.6 (0x000078f7d8600000)
	libm.so.6 => /usr/lib/x86_64-linux-gnu/libm.so.6 (0x000078f7d88da000)
	libgcc_s.so.1 => /usr/lib/x86_64-linux-gnu/libgcc_s.so.1 (0x000078f7d9955000)
	libc.so.6 => /usr/lib/x86_64-linux-gnu/libc.so.6 (0x000078f7d8200000)
	libarpack.so.2 => /usr/lib/x86_64-linux-gnu/libarpack.so.2 (0x000078f7d9908000)
	libsuperlu.so.7 => /usr/lib/x86_64-linux-gnu/libsuperlu.so.7 (0x000078f7d9893000)
	/lib64/ld-linux-x86-64.so.2 (0x000078f7d99ca000)
	libgfortran.so.5 => /usr/lib/x86_64-linux-gnu/libgfortran.so.5 (0x000078f7d7e00000)
gfft_test/gfft_test
	linux-vdso.so.1 (0x000075064b6e6000)
	libarmadillo.so.15 => /lib/libarmadillo.so.15 (0x000075064b6a1000)
	libflexiblas.so.3 => /usr/lib/x86_64-linux-gnu/libflexiblas.so.3 (0x000075064aa00000)
	libstdc++.so.6 => /usr/lib/x86_64-linux-gnu/libstdc++.so.6 (0x000075064a600000)
	libm.so.6 => /usr/lib/x86_64-linux-gnu/libm.so.6 (0x000075064b57b000)
	libgcc_s.so.1 => /usr/lib/x86_64-linux-gnu/libgcc_s.so.1 (0x000075064b54d000)
	libc.so.6 => /usr/lib/x86_64-linux-gnu/libc.so.6 (0x000075064a200000)
	libarpack.so.2 => /usr/lib/x86_64-linux-gnu/libarpack.so.2 (0x000075064b500000)
	libsuperlu.so.7 => /usr/lib/x86_64-linux-gnu/libsuperlu.so.7 (0x000075064b18b000)
	/lib64/ld-linux-x86-64.so.2 (0x000075064b6e8000)
	libgfortran.so.5 => /usr/lib/x86_64-linux-gnu/libgfortran.so.5 (0x0000750649e00000)
products/products
	linux-vdso.so.1 (0x00007187c1037000)
	libarmadillo.so.15 => /lib/libarmadillo.so.15 (0x00007187c0ff2000)
	libflexiblas.so.3 => /usr/lib/x86_64-linux-gnu/libflexiblas.so.3 (0x00007187c0200000)
	libstdc++.so.6 => /usr/lib/x86_64-linux-gnu/libstdc++.so.6 (0x00007187bfe00000)
	libm.so.6 => /usr/lib/x86_64-linux-gnu/libm.so.6 (0x00007187c00da000)
	libgcc_s.so.1 => /usr/lib/x86_64-linux-gnu/libgcc_s.so.1 (0x00007187c0fc4000)
	libc.so.6 => /usr/lib/x86_64-linux-gnu/libc.so.6 (0x00007187bfa00000)
	libarpack.so.2 => /usr/lib/x86_64-linux-gnu/libarpack.so.2 (0x00007187c09b5000)
	libsuperlu.so.7 => /usr/lib/x86_64-linux-gnu/libsuperlu.so.7 (0x00007187c0940000)
	/lib64/ld-linux-x86-64.so.2 (0x00007187c1039000)
	libgfortran.so.5 => /usr/lib/x86_64-linux-gnu/libgfortran.so.5 (0x00007187bf600000)
squaring/squaring
	linux-vdso.so.1 (0x0000777c77269000)
	libarmadillo.so.15 => /lib/libarmadillo.so.15 (0x0000777c77224000)
	libflexiblas.so.3 => /usr/lib/x86_64-linux-gnu/libflexiblas.so.3 (0x0000777c76600000)
	libstdc++.so.6 => /usr/lib/x86_64-linux-gnu/libstdc++.so.6 (0x0000777c76200000)
	libm.so.6 => /usr/lib/x86_64-linux-gnu/libm.so.6 (0x0000777c764da000)
	libgcc_s.so.1 => /usr/lib/x86_64-linux-gnu/libgcc_s.so.1 (0x0000777c771f6000)
	libc.so.6 => /usr/lib/x86_64-linux-gnu/libc.so.6 (0x0000777c75e00000)
	libarpack.so.2 => /usr/lib/x86_64-linux-gnu/libarpack.so.2 (0x0000777c771a9000)
	libsuperlu.so.7 => /usr/lib/x86_64-linux-gnu/libsuperlu.so.7 (0x0000777c77134000)
	/lib64/ld-linux-x86-64.so.2 (0x0000777c7726b000)
	libgfortran.so.5 => /usr/lib/x86_64-linux-gnu/libgfortran.so.5 (0x0000777c75a00000)
transforms/transforms
	linux-vdso.so.1 (0x00007ab884021000)
	libarmadillo.so.15 => /lib/libarmadillo.so.15 (0x00007ab883fdc000)
	libflexiblas.so.3 => /usr/lib/x86_64-linux-gnu/libflexiblas.so.3 (0x00007ab883400000)
	libstdc++.so.6 => /usr/lib/x86_64-linux-gnu/libstdc++.so.6 (0x00007ab883000000)
	libm.so.6 => /usr/lib/x86_64-linux-gnu/libm.so.6 (0x00007ab8832da000)
	libgcc_s.so.1 => /usr/lib/x86_64-linux-gnu/libgcc_s.so.1 (0x00007ab883fae000)
	libc.so.6 => /usr/lib/x86_64-linux-gnu/libc.so.6 (0x00007ab882c00000)
	libarpack.so.2 => /usr/lib/x86_64-linux-gnu/libarpack.so.2 (0x00007ab883f61000)
	libsuperlu.so.7 => /usr/lib/x86_64-linux-gnu/libsuperlu.so.7 (0x00007ab883b8b000)
	/lib64/ld-linux-x86-64.so.2 (0x00007ab884023000)
	libgfortran.so.5 => /usr/lib/x86_64-linux-gnu/libgfortran.so.5 (0x00007ab882800000)
versor/versor
	linux-vdso.so.1 (0x00007f3576bca000)
	libarmadillo.so.15 => /lib/libarmadillo.so.15 (0x00007f3576b85000)
	libflexiblas.so.3 => /usr/lib/x86_64-linux-gnu/libflexiblas.so.3 (0x00007f3576000000)
	libstdc++.so.6 => /usr/lib/x86_64-linux-gnu/libstdc++.so.6 (0x00007f3575c00000)
	libm.so.6 => /usr/lib/x86_64-linux-gnu/libm.so.6 (0x00007f3575eda000)
	libgcc_s.so.1 => /usr/lib/x86_64-linux-gnu/libgcc_s.so.1 (0x00007f3576b57000)
	libc.so.6 => /usr/lib/x86_64-linux-gnu/libc.so.6 (0x00007f3575800000)
	libarpack.so.2 => /usr/lib/x86_64-linux-gnu/libarpack.so.2 (0x00007f35767b5000)
	libsuperlu.so.7 => /usr/lib/x86_64-linux-gnu/libsuperlu.so.7 (0x00007f3576740000)
	/lib64/ld-linux-x86-64.so.2 (0x00007f3576bcc000)
	libgfortran.so.5 => /usr/lib/x86_64-linux-gnu/libgfortran.so.5 (0x00007f3575400000)
