
framed_multi<float,-4,4>
Clifford algebra products test:
Fill: 0.5
Cl( 1, 0) in Cl( 1, 0) CPU =        0.006 ms (setup)        0.003 (*)        0.002 (^)        0.002 (&)        0.002 (%) 
Cl( 1, 1) in Cl( 1, 1) CPU =        0.002 ms (setup)        0.002 (*)        0.001 (^)        0.001 (&)        0.001 (%) 
Cl( 2, 1) in Cl( 2, 1) CPU =        0.003 ms (setup)        0.005 (*)        0.003 (^)        0.003 (&)        0.003 (%) 
Cl( 2, 2) in Cl( 2, 2) CPU =        0.004 ms (setup)        0.007 (*)        0.005 (^)        0.004 (&)        0.004 (%) 
Cl( 3, 2) in Cl( 3, 2) CPU =        0.007 ms (setup)        0.016 (*)        0.009 (^)        0.009 (&)        0.008 (%) 
Cl( 3, 3) in Cl( 3, 3) CPU =        0.010 ms (setup)        0.039 (*)        0.019 (^)        0.018 (&)        0.015 (%) 
Cl( 4, 3) in Cl( 4, 3) CPU =        0.024 ms (setup)        0.134 (*)        0.056 (^)        0.055 (&)        0.043 (%) 
Cl( 4, 4) in Cl( 4, 4) CPU =        0.047 ms (setup)        1.560 (*)        0.262 (^)        0.247 (&)        0.176 (%) 
Cl( 1, 0) in Cl( 4, 4) CPU =        0.002 ms (setup)        0.001 (*)        0.002 (^)        0.002 (&)        0.002 (%) 
Cl( 1, 1) in Cl( 4, 4) CPU =        0.003 ms (setup)        0.003 (*)        0.002 (^)        0.003 (&)        0.002 (%) 
Cl( 2, 1) in Cl( 4, 4) CPU =        0.004 ms (setup)        0.007 (*)        0.004 (^)        0.006 (&)        0.005 (%) 
Cl( 2, 2) in Cl( 4, 4) CPU =        0.005 ms (setup)        0.009 (*)        0.006 (^)        0.005 (&)        0.005 (%) 
Cl( 3, 2) in Cl( 4, 4) CPU =        0.011 ms (setup)        0.030 (*)        0.017 (^)        0.016 (&)        0.015 (%) 
Cl( 3, 3) in Cl( 4, 4) CPU =        0.019 ms (setup)        0.065 (*)        0.038 (^)        0.032 (&)        0.027 (%) 
Cl( 4, 3) in Cl( 4, 4) CPU =        0.042 ms (setup)        0.214 (*)        0.107 (^)        0.103 (&)        0.077 (%) 
Cl( 4, 4) in Cl( 4, 4) CPU =        0.084 ms (setup)        1.559 (*)        0.262 (^)        0.276 (&)        0.195 (%) 
Fill: 1
Cl( 1, 0) in Cl( 1, 0) CPU =        0.003 ms (setup)        0.005 (*)        0.003 (^)        0.003 (&)        0.003 (%) 
Cl( 1, 1) in Cl( 1, 1) CPU =        0.008 ms (setup)        0.007 (*)        0.004 (^)        0.004 (&)        0.004 (%) 
Cl( 2, 1) in Cl( 2, 1) CPU =        0.005 ms (setup)        0.009 (*)        0.005 (^)        0.005 (&)        0.005 (%) 
Cl( 2, 2) in Cl( 2, 2) CPU =        0.008 ms (setup)        0.018 (*)        0.009 (^)        0.011 (&)        0.010 (%) 
Cl( 3, 2) in Cl( 3, 2) CPU =        0.015 ms (setup)        0.050 (*)        0.020 (^)        0.025 (&)        0.022 (%) 
Cl( 3, 3) in Cl( 3, 3) CPU =        0.030 ms (setup)        0.148 (*)        0.046 (^)        0.088 (&)        0.060 (%) 
Cl( 4, 3) in Cl( 4, 3) CPU =        0.062 ms (setup)        0.530 (*)        0.136 (^)        0.163 (&)        0.127 (%) 
Cl( 4, 4) in Cl( 4, 4) CPU =        0.140 ms (setup)        1.916 (*)        0.279 (^)        0.454 (&)        0.317 (%) 
Cl( 1, 0) in Cl( 4, 4) CPU =        0.003 ms (setup)        0.005 (*)        0.003 (^)        0.003 (&)        0.003 (%) 
Cl( 1, 1) in Cl( 4, 4) CPU =        0.004 ms (setup)        0.006 (*)        0.004 (^)        0.004 (&)        0.004 (%) 
Cl( 2, 1) in Cl( 4, 4) CPU =        0.005 ms (setup)        0.009 (*)        0.005 (^)        0.005 (&)        0.005 (%) 
Cl( 2, 2) in Cl( 4, 4) CPU =        0.008 ms (setup)        0.018 (*)        0.009 (^)        0.011 (&)        0.010 (%) 
Cl( 3, 2) in Cl( 4, 4) CPU =        0.014 ms (setup)        0.050 (*)        0.020 (^)        0.025 (&)        0.021 (%) 
Cl( 3, 3) in Cl( 4, 4) CPU =        0.030 ms (setup)        0.156 (*)        0.045 (^)        0.062 (&)        0.050 (%) 
Cl( 4, 3) in Cl( 4, 4) CPU =        0.063 ms (setup)        0.501 (*)        0.107 (^)        0.169 (&)        0.119 (%) 
Cl( 4, 4) in Cl( 4, 4) CPU =        0.141 ms (setup)        1.730 (*)        0.244 (^)        0.407 (&)        0.255 (%) 

matrix_multi<float,-4,4>
Clifford algebra products test:
Fill: 0.5
Cl( 1, 0) in Cl( 1, 0) CPU =        0.022 ms (setup)        0.002 (*)        0.022 (^)        0.017 (&)        0.021 (%) 
Cl( 1, 1) in Cl( 1, 1) CPU =        0.009 ms (setup)        0.002 (*)        0.015 (^)        0.016 (&)        0.016 (%) 
Cl( 2, 1) in Cl( 2, 1) CPU =        0.005 ms (setup)        0.002 (*)        0.034 (^)        0.053 (&)        0.052 (%) 
Cl( 2, 2) in Cl( 2, 2) CPU =        0.022 ms (setup)        0.002 (*)        0.132 (^)        0.083 (&)        0.142 (%) 
Cl( 3, 2) in Cl( 3, 2) CPU =        0.043 ms (setup)        0.003 (*)        0.531 (^)        0.431 (&)        0.442 (%) 
Cl( 3, 3) in Cl( 3, 3) CPU =        0.070 ms (setup)        0.003 (*)        0.658 (^)        0.689 (&)        0.661 (%) 
Cl( 4, 3) in Cl( 4, 3) CPU =        0.163 ms (setup)        0.004 (*)        2.506 (^)        2.236 (&)        2.148 (%) 
Cl( 4, 4) in Cl( 4, 4) CPU =        0.234 ms (setup)        0.003 (*)        3.169 (^)        2.958 (&)        2.889 (%) 
Cl( 1, 0) in Cl( 4, 4) CPU =        0.001 ms (setup)        0.002 (*)        0.009 (^)        0.009 (&)        0.009 (%) 
Cl( 1, 1) in Cl( 4, 4) CPU =        0.007 ms (setup)        0.002 (*)        0.113 (^)        0.070 (&)        0.105 (%) 
Cl( 2, 1) in Cl( 4, 4) CPU =        0.016 ms (setup)        0.002 (*)        0.134 (^)        0.088 (&)        0.132 (%) 
Cl( 2, 2) in Cl( 4, 4) CPU =        0.031 ms (setup)        0.002 (*)        0.243 (^)        0.157 (&)        0.195 (%) 
Cl( 3, 2) in Cl( 4, 4) CPU =        0.091 ms (setup)        0.003 (*)        0.299 (^)        0.274 (&)        0.264 (%) 
Cl( 3, 3) in Cl( 4, 4) CPU =        0.130 ms (setup)        0.003 (*)        0.475 (^)        0.453 (&)        0.413 (%) 
Cl( 4, 3) in Cl( 4, 4) CPU =        0.277 ms (setup)        0.002 (*)        1.355 (^)        1.356 (&)        1.432 (%) 
Cl( 4, 4) in Cl( 4, 4) CPU =        0.141 ms (setup)        0.002 (*)        2.054 (^)        2.200 (&)        2.239 (%) 
Fill: 1
Cl( 1, 0) in Cl( 1, 0) CPU =        0.002 ms (setup)        0.001 (*)        0.009 (^)        0.007 (&)        0.009 (%) 
Cl( 1, 1) in Cl( 1, 1) CPU =        0.003 ms (setup)        0.001 (*)        0.014 (^)        0.009 (&)        0.013 (%) 
Cl( 2, 1) in Cl( 2, 1) CPU =        0.005 ms (setup)        0.001 (*)        0.046 (^)        0.039 (&)        0.044 (%) 
Cl( 2, 2) in Cl( 2, 2) CPU =        0.009 ms (setup)        0.001 (*)        0.072 (^)        0.057 (&)        0.071 (%) 
Cl( 3, 2) in Cl( 3, 2) CPU =        0.022 ms (setup)        0.001 (*)        0.303 (^)        0.248 (&)        0.252 (%) 
Cl( 3, 3) in Cl( 3, 3) CPU =        0.043 ms (setup)        0.001 (*)        0.393 (^)        0.374 (&)        0.401 (%) 
Cl( 4, 3) in Cl( 4, 3) CPU =        0.101 ms (setup)        0.002 (*)        1.639 (^)        1.669 (&)        1.690 (%) 
Cl( 4, 4) in Cl( 4, 4) CPU =        0.198 ms (setup)        0.002 (*)        2.468 (^)        2.445 (&)        2.495 (%) 
Cl( 1, 0) in Cl( 4, 4) CPU =        0.006 ms (setup)        0.002 (*)        0.082 (^)        0.051 (&)        0.064 (%) 
Cl( 1, 1) in Cl( 4, 4) CPU =        0.005 ms (setup)        0.002 (*)        0.092 (^)        0.057 (&)        0.086 (%) 
Cl( 2, 1) in Cl( 4, 4) CPU =        0.015 ms (setup)        0.002 (*)        0.144 (^)        0.098 (&)        0.110 (%) 
Cl( 2, 2) in Cl( 4, 4) CPU =        0.035 ms (setup)        0.002 (*)        0.206 (^)        0.132 (&)        0.162 (%) 
Cl( 3, 2) in Cl( 4, 4) CPU =        0.084 ms (setup)        0.002 (*)        0.428 (^)        0.318 (&)        0.321 (%) 
Cl( 3, 3) in Cl( 4, 4) CPU =        0.133 ms (setup)        0.002 (*)        0.637 (^)        0.530 (&)        0.560 (%) 
Cl( 4, 3) in Cl( 4, 4) CPU =        0.359 ms (setup)        0.002 (*)        1.834 (^)        1.809 (&)        1.925 (%) 
Cl( 4, 4) in Cl( 4, 4) CPU =        0.201 ms (setup)        0.002 (*)        2.598 (^)        2.461 (&)        2.510 (%) 

framed_multi<double>
Clifford algebra products test:
Fill: 0.5
Cl( 1, 0) in Cl( 1, 0) CPU =        0.001 ms (setup)        0.002 (*)        0.001 (^)        0.001 (&)        0.001 (%) 
Cl( 1, 1) in Cl( 1, 1) CPU =        0.001 ms (setup)        0.001 (*)        0.001 (^)        0.001 (&)        0.001 (%) 
Cl( 2, 1) in Cl( 2, 1) CPU =        0.002 ms (setup)        0.004 (*)        0.002 (^)        0.003 (&)        0.002 (%) 
Cl( 2, 2) in Cl( 2, 2) CPU =        0.002 ms (setup)        0.006 (*)        0.004 (^)        0.004 (&)        0.003 (%) 
Cl( 3, 2) in Cl( 3, 2) CPU =        0.005 ms (setup)        0.014 (*)        0.007 (^)        0.007 (&)        0.007 (%) 
Cl( 3, 3) in Cl( 3, 3) CPU =        0.009 ms (setup)        0.032 (*)        0.015 (^)        0.015 (&)        0.013 (%) 
Cl( 4, 3) in Cl( 4, 3) CPU =        0.016 ms (setup)        0.153 (*)        0.041 (^)        0.040 (&)        0.032 (%) 
Cl( 4, 4) in Cl( 4, 4) CPU =        0.031 ms (setup)        0.499 (*)        0.099 (^)        0.091 (&)        0.074 (%) 
Cl( 5, 4) in Cl( 5, 4) CPU =        0.064 ms (setup)        1.808 (*)        0.276 (^)        0.281 (&)        0.200 (%) 
Cl( 5, 5) in Cl( 5, 5) CPU =        0.118 ms (setup)        2.359 (*)        0.715 (^)        0.664 (&)        0.445 (%) 
Cl( 6, 5) in Cl( 6, 5) CPU =        0.244 ms (setup)       37.886 (*)        9.123 (^)        8.785 (&)        5.539 (%) 
Cl( 6, 6) in Cl( 6, 6) CPU =        2.272 ms (setup)       51.178 (*)       25.277 (^)       24.151 (&)       14.126 (%) 
Cl( 7, 6) in Cl( 7, 6) CPU =        4.578 ms (setup)      176.013 (*)       75.946 (^)       72.079 (&)       40.770 (%) 
Cl( 7, 7) in Cl( 7, 7) CPU =        8.957 ms (setup)      240.049 (*)      220.475 (^)       46.721 (&)       25.079 (%) 
Cl( 8, 7) in Cl( 8, 7) CPU =        4.018 ms (setup)      820.974 (*)      141.749 (^)      134.191 (&)       70.401 (%) 
Cl( 8, 8) in Cl( 8, 8) CPU =        8.332 ms (setup)      882.475 (*)      422.622 (^)      405.990 (&)      207.636 (%) 
Cl( 1, 0) in Cl( 8, 8) CPU =        0.001 ms (setup)        0.001 (*)        0.001 (^)        0.001 (&)        0.001 (%) 
Cl( 1, 1) in Cl( 8, 8) CPU =        0.001 ms (setup)        0.001 (*)        0.001 (^)        0.001 (&)        0.001 (%) 
Cl( 2, 1) in Cl( 8, 8) CPU =        0.002 ms (setup)        0.001 (*)        0.001 (^)        0.001 (&)        0.001 (%) 
Cl( 2, 2) in Cl( 8, 8) CPU =        0.002 ms (setup)        0.006 (*)        0.004 (^)        0.003 (&)        0.003 (%) 
Cl( 3, 2) in Cl( 8, 8) CPU =        0.004 ms (setup)        0.011 (*)        0.007 (^)        0.006 (&)        0.006 (%) 
Cl( 3, 3) in Cl( 8, 8) CPU =        0.007 ms (setup)        0.028 (*)        0.015 (^)        0.013 (&)        0.012 (%) 
Cl( 4, 3) in Cl( 8, 8) CPU =        0.015 ms (setup)        0.070 (*)        0.038 (^)        0.046 (&)        0.028 (%) 
Cl( 4, 4) in Cl( 8, 8) CPU =        0.030 ms (setup)        0.507 (*)        0.108 (^)        0.100 (&)        0.075 (%) 
Cl( 5, 4) in Cl( 8, 8) CPU =        0.061 ms (setup)        1.738 (*)        0.272 (^)        0.270 (&)        0.193 (%) 
Cl( 5, 5) in Cl( 8, 8) CPU =        0.119 ms (setup)        2.402 (*)        0.713 (^)        0.721 (&)        0.462 (%) 
Cl( 6, 5) in Cl( 8, 8) CPU =        0.257 ms (setup)       36.427 (*)        9.008 (^)        8.838 (&)        5.413 (%) 
Cl( 6, 6) in Cl( 8, 8) CPU =        2.679 ms (setup)       49.926 (*)       25.378 (^)       23.745 (&)       13.883 (%) 
Cl( 7, 6) in Cl( 8, 8) CPU =        4.518 ms (setup)      173.098 (*)       73.186 (^)       70.450 (&)       39.343 (%) 
Cl( 7, 7) in Cl( 8, 8) CPU =        9.606 ms (setup)      237.880 (*)      218.637 (^)       44.745 (&)       24.634 (%) 
Cl( 8, 7) in Cl( 8, 8) CPU =        4.000 ms (setup)      820.848 (*)      141.561 (^)      134.056 (&)       70.433 (%) 
Cl( 8, 8) in Cl( 8, 8) CPU =        8.345 ms (setup)      894.221 (*)      422.588 (^)      410.346 (&)      208.442 (%) 
Fill: 1
Cl( 1, 0) in Cl( 1, 0) CPU =        0.002 ms (setup)        0.002 (*)        0.001 (^)        0.001 (&)        0.001 (%) 
Cl( 1, 1) in Cl( 1, 1) CPU =        0.002 ms (setup)        0.003 (*)        0.001 (^)        0.002 (&)        0.002 (%) 
Cl( 2, 1) in Cl( 2, 1) CPU =        0.002 ms (setup)        0.004 (*)        0.002 (^)        0.003 (&)        0.003 (%) 
Cl( 2, 2) in Cl( 2, 2) CPU =        0.003 ms (setup)        0.009 (*)        0.005 (^)        0.005 (&)        0.005 (%) 
Cl( 3, 2) in Cl( 3, 2) CPU =        0.007 ms (setup)        0.023 (*)        0.009 (^)        0.010 (&)        0.009 (%) 
Cl( 3, 3) in Cl( 3, 3) CPU =        0.013 ms (setup)        0.067 (*)        0.020 (^)        0.025 (&)        0.023 (%) 
Cl( 4, 3) in Cl( 4, 3) CPU =        0.026 ms (setup)        0.223 (*)        0.046 (^)        0.064 (&)        0.048 (%) 
Cl( 4, 4) in Cl( 4, 4) CPU =        0.051 ms (setup)        0.613 (*)        0.110 (^)        0.177 (&)        0.119 (%) 
Cl( 5, 4) in Cl( 5, 4) CPU =        0.100 ms (setup)        2.014 (*)        0.270 (^)        0.444 (&)        0.293 (%) 
Cl( 5, 5) in Cl( 5, 5) CPU =        0.194 ms (setup)        2.840 (*)        0.686 (^)        1.209 (&)        0.768 (%) 
Cl( 6, 5) in Cl( 6, 5) CPU =        0.405 ms (setup)       42.540 (*)        8.233 (^)       15.736 (&)        9.526 (%) 
Cl( 6, 6) in Cl( 6, 6) CPU =        3.557 ms (setup)       63.050 (*)       22.555 (^)       45.946 (&)       25.986 (%) 
Cl( 7, 6) in Cl( 7, 6) CPU =        7.450 ms (setup)      207.406 (*)       63.528 (^)      133.486 (&)       24.262 (%) 
Cl( 7, 7) in Cl( 7, 7) CPU =        3.321 ms (setup)      309.665 (*)      185.875 (^)       88.380 (&)       46.358 (%) 
Cl( 8, 7) in Cl( 8, 7) CPU =        6.893 ms (setup)      859.058 (*)      121.169 (^)      273.293 (&)      141.332 (%) 
Cl( 8, 8) in Cl( 8, 8) CPU =       14.583 ms (setup)      977.038 (*)      353.207 (^)      810.722 (&)      410.706 (%) 
Cl( 1, 0) in Cl( 8, 8) CPU =        0.001 ms (setup)        0.002 (*)        0.001 (^)        0.001 (&)        0.001 (%) 
Cl( 1, 1) in Cl( 8, 8) CPU =        0.001 ms (setup)        0.003 (*)        0.002 (^)        0.002 (&)        0.001 (%) 
Cl( 2, 1) in Cl( 8, 8) CPU =        0.003 ms (setup)        0.004 (*)        0.002 (^)        0.003 (&)        0.002 (%) 
Cl( 2, 2) in Cl( 8, 8) CPU =        0.003 ms (setup)        0.009 (*)        0.005 (^)        0.005 (&)        0.005 (%) 
Cl( 3, 2) in Cl( 8, 8) CPU =        0.007 ms (setup)        0.023 (*)        0.009 (^)        0.010 (&)        0.009 (%) 
Cl( 3, 3) in Cl( 8, 8) CPU =        0.013 ms (setup)        0.068 (*)        0.021 (^)        0.028 (&)        0.021 (%) 
Cl( 4, 3) in Cl( 8, 8) CPU =        0.026 ms (setup)        0.222 (*)        0.057 (^)        0.064 (&)        0.048 (%) 
Cl( 4, 4) in Cl( 8, 8) CPU =        0.051 ms (setup)        0.601 (*)        0.111 (^)        0.181 (&)        0.119 (%) 
Cl( 5, 4) in Cl( 8, 8) CPU =        0.100 ms (setup)        1.967 (*)        0.269 (^)        0.444 (&)        0.294 (%) 
Cl( 5, 5) in Cl( 8, 8) CPU =        0.195 ms (setup)        2.847 (*)        0.686 (^)        1.209 (&)        0.768 (%) 
Cl( 6, 5) in Cl( 8, 8) CPU =        0.405 ms (setup)       42.675 (*)        8.433 (^)       15.742 (&)        9.380 (%) 
Cl( 6, 6) in Cl( 8, 8) CPU =        3.614 ms (setup)       63.456 (*)       22.747 (^)       46.045 (&)       25.991 (%) 
Cl( 7, 6) in Cl( 8, 8) CPU =        7.471 ms (setup)      207.269 (*)       63.944 (^)      133.930 (&)       23.270 (%) 
Cl( 7, 7) in Cl( 8, 8) CPU =        3.268 ms (setup)      309.240 (*)      183.026 (^)       88.775 (&)       46.252 (%) 
Cl( 8, 7) in Cl( 8, 8) CPU =        6.921 ms (setup)      856.270 (*)      118.726 (^)      268.062 (&)      138.163 (%) 
Cl( 8, 8) in Cl( 8, 8) CPU =       14.176 ms (setup)      976.279 (*)      351.369 (^)      808.201 (&)      407.428 (%) 

matrix_multi<double>
Clifford algebra products test:
Fill: 0.5
Cl( 1, 0) in Cl( 1, 0) CPU =        0.004 ms (setup)        0.001 (*)        0.009 (^)        0.007 (&)        0.009 (%) 
Cl( 1, 1) in Cl( 1, 1) CPU =        0.005 ms (setup)        0.001 (*)        0.009 (^)        0.007 (&)        0.007 (%) 
Cl( 2, 1) in Cl( 2, 1) CPU =        0.006 ms (setup)        0.001 (*)        0.046 (^)        0.029 (&)        0.037 (%) 
Cl( 2, 2) in Cl( 2, 2) CPU =        0.009 ms (setup)        0.001 (*)        0.033 (^)        0.040 (&)        0.050 (%) 
Cl( 3, 2) in Cl( 3, 2) CPU =        0.045 ms (setup)        0.002 (*)        0.176 (^)        0.199 (&)        0.205 (%) 
Cl( 3, 3) in Cl( 3, 3) CPU =        0.040 ms (setup)        0.002 (*)        0.254 (^)        0.308 (&)        0.307 (%) 
Cl( 4, 3) in Cl( 4, 3) CPU =        0.088 ms (setup)        0.003 (*)        1.353 (^)        1.442 (&)        1.449 (%) 
Cl( 4, 4) in Cl( 4, 4) CPU =        0.150 ms (setup)        0.003 (*)        2.067 (^)        2.171 (&)        2.186 (%) 
Cl( 5, 4) in Cl( 5, 4) CPU =        0.352 ms (setup)        0.011 (*)        8.011 (^)        8.606 (&)        8.438 (%) 
Cl( 5, 5) in Cl( 5, 5) CPU =        0.665 ms (setup)        0.011 (*)       11.938 (^)       12.222 (&)       12.005 (%) 
Cl( 6, 5) in Cl( 6, 5) CPU =        1.553 ms (setup)        0.172 (*)      191.489 (^)      202.803 (&)      200.340 (%) 
Cl( 6, 6) in Cl( 6, 6) CPU =       13.988 ms (setup)        0.141 (*)      279.649 (^)      282.957 (&)      281.236 (%) 
Cl( 7, 6) in Cl( 7, 6) CPU =       31.949 ms (setup)        0.734 (*)      911.213 (^)      948.202 (&)      911.623 (%) 
Cl( 7, 7) in Cl( 7, 7) CPU =       13.595 ms (setup)        0.807 (*)      980.769 (^)     1039.925 (&)      987.113 (%) 
Cl( 8, 7) in Cl( 8, 7) CPU =       33.264 ms (setup)        4.042 (*)     2425.516 (^)     2768.505 (&)     2382.247 (%) 
Cl( 8, 8) in Cl( 8, 8) CPU =       66.728 ms (setup)        4.590 (*)     2881.944 (^)     3278.226 (&)     2848.200 (%) 
Cl( 1, 0) in Cl( 8, 8) CPU =        0.056 ms (setup)        4.373 (*)       58.668 (^)       57.851 (&)       60.031 (%) 
Cl( 1, 1) in Cl( 8, 8) CPU =        0.325 ms (setup)        6.178 (*)       84.131 (^)       58.909 (&)       77.187 (%) 
Cl( 2, 1) in Cl( 8, 8) CPU =        0.480 ms (setup)        4.477 (*)      113.666 (^)       77.776 (&)       98.258 (%) 
Cl( 2, 2) in Cl( 8, 8) CPU =        1.290 ms (setup)        4.695 (*)      159.537 (^)      111.124 (&)      126.119 (%) 
Cl( 3, 2) in Cl( 8, 8) CPU =        7.917 ms (setup)        4.346 (*)      210.541 (^)      149.194 (&)      154.487 (%) 
Cl( 3, 3) in Cl( 8, 8) CPU =       14.621 ms (setup)        4.997 (*)      288.452 (^)      217.981 (&)      207.198 (%) 
Cl( 4, 3) in Cl( 8, 8) CPU =       15.658 ms (setup)        4.917 (*)      377.051 (^)      373.347 (&)      282.521 (%) 
Cl( 4, 4) in Cl( 8, 8) CPU =       16.637 ms (setup)        5.791 (*)      501.862 (^)      403.977 (&)      362.876 (%) 
Cl( 5, 4) in Cl( 8, 8) CPU =       20.564 ms (setup)        4.397 (*)      670.397 (^)      521.520 (&)      460.349 (%) 
Cl( 5, 5) in Cl( 8, 8) CPU =       25.708 ms (setup)        5.543 (*)      843.081 (^)      739.013 (&)      598.041 (%) 
Cl( 6, 5) in Cl( 8, 8) CPU =       40.118 ms (setup)        4.920 (*)     1090.791 (^)      902.581 (&)      776.754 (%) 
Cl( 6, 6) in Cl( 8, 8) CPU =       63.391 ms (setup)        4.889 (*)     1300.052 (^)     1233.449 (&)     1006.034 (%) 
Cl( 7, 6) in Cl( 8, 8) CPU =      139.274 ms (setup)        4.167 (*)     1514.869 (^)     1712.746 (&)     1339.716 (%) 
Cl( 7, 7) in Cl( 8, 8) CPU =       52.626 ms (setup)        4.136 (*)     1751.076 (^)     1895.607 (&)     1567.179 (%) 
Cl( 8, 7) in Cl( 8, 8) CPU =      132.546 ms (setup)        4.296 (*)     2414.137 (^)     2649.618 (&)     2259.959 (%) 
Cl( 8, 8) in Cl( 8, 8) CPU =       65.985 ms (setup)        4.362 (*)     2743.401 (^)     3291.528 (&)     2773.270 (%) 
Fill: 1
Cl( 1, 0) in Cl( 1, 0) CPU =        0.002 ms (setup)        0.001 (*)        0.009 (^)        0.007 (&)        0.011 (%) 
Cl( 1, 1) in Cl( 1, 1) CPU =        0.002 ms (setup)        0.001 (*)        0.013 (^)        0.009 (&)        0.013 (%) 
Cl( 2, 1) in Cl( 2, 1) CPU =        0.005 ms (setup)        0.001 (*)        0.050 (^)        0.042 (&)        0.052 (%) 
Cl( 2, 2) in Cl( 2, 2) CPU =        0.011 ms (setup)        0.001 (*)        0.074 (^)        0.060 (&)        0.073 (%) 
Cl( 3, 2) in Cl( 3, 2) CPU =        0.024 ms (setup)        0.002 (*)        0.252 (^)        0.250 (&)        0.258 (%) 
Cl( 3, 3) in Cl( 3, 3) CPU =        0.045 ms (setup)        0.001 (*)        0.414 (^)        0.387 (&)        0.420 (%) 
Cl( 4, 3) in Cl( 4, 3) CPU =        0.108 ms (setup)        0.003 (*)        1.690 (^)        1.703 (&)        1.713 (%) 
Cl( 4, 4) in Cl( 4, 4) CPU =        0.207 ms (setup)        0.004 (*)        2.513 (^)        2.518 (&)        2.571 (%) 
Cl( 5, 4) in Cl( 5, 4) CPU =        0.486 ms (setup)        0.010 (*)        9.024 (^)        9.341 (&)        9.180 (%) 
Cl( 5, 5) in Cl( 5, 5) CPU =        0.956 ms (setup)        0.011 (*)       13.040 (^)       13.261 (&)       13.808 (%) 
Cl( 6, 5) in Cl( 6, 5) CPU =        2.245 ms (setup)        0.175 (*)      216.758 (^)      221.088 (&)      218.460 (%) 
Cl( 6, 6) in Cl( 6, 6) CPU =       20.749 ms (setup)        0.156 (*)      302.919 (^)      307.733 (&)      304.332 (%) 
Cl( 7, 6) in Cl( 7, 6) CPU =       49.563 ms (setup)        0.737 (*)      925.807 (^)      964.695 (&)      925.269 (%) 
Cl( 7, 7) in Cl( 7, 7) CPU =       21.075 ms (setup)        0.759 (*)     1024.313 (^)     1064.278 (&)     1021.800 (%) 
Cl( 8, 7) in Cl( 8, 7) CPU =       54.200 ms (setup)        4.175 (*)     2818.103 (^)     2841.646 (&)     2442.952 (%) 
Cl( 8, 8) in Cl( 8, 8) CPU =      108.691 ms (setup)        5.783 (*)     2999.231 (^)     3398.785 (&)     2960.406 (%) 
Cl( 1, 0) in Cl( 8, 8) CPU =        0.064 ms (setup)        3.732 (*)       83.515 (^)       59.309 (&)       76.480 (%) 
Cl( 1, 1) in Cl( 8, 8) CPU =        0.393 ms (setup)        4.909 (*)      113.091 (^)       77.220 (&)       97.279 (%) 
Cl( 2, 1) in Cl( 8, 8) CPU =        0.791 ms (setup)        3.771 (*)      157.426 (^)      110.834 (&)      122.840 (%) 
Cl( 2, 2) in Cl( 8, 8) CPU =       14.197 ms (setup)        6.304 (*)      205.617 (^)      146.011 (&)      154.394 (%) 
Cl( 3, 2) in Cl( 8, 8) CPU =       14.475 ms (setup)        5.260 (*)      271.194 (^)      200.643 (&)      192.099 (%) 
Cl( 3, 3) in Cl( 8, 8) CPU =       14.982 ms (setup)        5.002 (*)      365.040 (^)      281.947 (&)      256.291 (%) 
Cl( 4, 3) in Cl( 8, 8) CPU =       16.213 ms (setup)        5.143 (*)      498.303 (^)      399.413 (&)      347.715 (%) 
Cl( 4, 4) in Cl( 8, 8) CPU =       17.605 ms (setup)        5.330 (*)      603.003 (^)      495.931 (&)      416.028 (%) 
Cl( 5, 4) in Cl( 8, 8) CPU =       22.916 ms (setup)        4.253 (*)      774.495 (^)      628.771 (&)      518.133 (%) 
Cl( 5, 5) in Cl( 8, 8) CPU =       29.178 ms (setup)        5.332 (*)      870.068 (^)      760.765 (&)      620.875 (%) 
Cl( 6, 5) in Cl( 8, 8) CPU =       52.236 ms (setup)        4.852 (*)     1180.007 (^)     1041.825 (&)      856.232 (%) 
Cl( 6, 6) in Cl( 8, 8) CPU =       79.626 ms (setup)        4.252 (*)     1333.395 (^)     1267.187 (&)     1044.648 (%) 
Cl( 7, 6) in Cl( 8, 8) CPU =      132.464 ms (setup)        4.140 (*)     1654.105 (^)     1699.091 (&)     1416.887 (%) 
Cl( 7, 7) in Cl( 8, 8) CPU =       72.942 ms (setup)        3.958 (*)     1780.009 (^)     1927.181 (&)     1593.947 (%) 
Cl( 8, 7) in Cl( 8, 8) CPU =      180.629 ms (setup)        5.293 (*)     2636.488 (^)     2841.463 (&)     2476.917 (%) 
Cl( 8, 8) in Cl( 8, 8) CPU =      109.375 ms (setup)        4.349 (*)     3002.912 (^)     3403.352 (&)     2967.841 (%) 
