
framed_multi<double>
Clifford algebra squaring test:
Fill: 0.5
Cl( 1, 0) in Cl( 1, 0) CPU =        0.022 ms (setup)        0.004 (*) 
Cl( 1, 1) in Cl( 1, 1) CPU =        0.001 ms (setup)        0.001 (*) 
Cl( 2, 1) in Cl( 2, 1) CPU =        0.001 ms (setup)        0.003 (*) 
Cl( 2, 2) in Cl( 2, 2) CPU =        0.001 ms (setup)        0.003 (*) 
Cl( 3, 2) in Cl( 3, 2) CPU =        0.001 ms (setup)        0.006 (*) 
Cl( 3, 3) in Cl( 3, 3) CPU =        0.004 ms (setup)        0.015 (*) 
Cl( 4, 3) in Cl( 4, 3) CPU =        0.007 ms (setup)        0.038 (*) 
Cl( 4, 4) in Cl( 4, 4) CPU =        0.013 ms (setup)        0.253 (*) 
Cl( 5, 4) in Cl( 5, 4) CPU =        0.029 ms (setup)        0.652 (*) 
Cl( 5, 5) in Cl( 5, 5) CPU =        0.058 ms (setup)        0.856 (*) 
Cl( 6, 5) in Cl( 6, 5) CPU =        0.118 ms (setup)        3.056 (*) 
Cl( 6, 6) in Cl( 6, 6) CPU =        0.234 ms (setup)        4.128 (*) 
Cl( 7, 6) in Cl( 7, 6) CPU =        0.480 ms (setup)       15.814 (*) 
Cl( 7, 7) in Cl( 7, 7) CPU =        0.968 ms (setup)       20.887 (*) 
Cl( 8, 7) in Cl( 8, 7) CPU =        1.964 ms (setup)       74.361 (*) 
Cl( 8, 8) in Cl( 8, 8) CPU =        3.964 ms (setup)      102.561 (*) 
Cl( 9, 8) in Cl( 9, 8) CPU =        8.390 ms (setup)      279.932 (*) 
Cl( 9, 9) in Cl( 9, 9) CPU =       17.317 ms (setup)      539.921 (*) 
Cl(10, 9) in Cl(10, 9) CPU =       35.659 ms (setup)     2094.523 (*) 
Cl(10,10) in Cl(10,10) CPU =       75.945 ms (setup)     3061.572 (*) 
Cl(11,10) in Cl(11,10) CPU =      157.323 ms (setup)    12524.331 (*) 
Cl(11,11) in Cl(11,11) CPU =      310.918 ms (setup)    18895.736 (*) 
Fill: 1
Cl( 1, 0) in Cl( 1, 0) CPU =        0.003 ms (setup)        0.003 (*) 
Cl( 1, 1) in Cl( 1, 1) CPU =        0.001 ms (setup)        0.002 (*) 
Cl( 2, 1) in Cl( 2, 1) CPU =        0.001 ms (setup)        0.002 (*) 
Cl( 2, 2) in Cl( 2, 2) CPU =        0.002 ms (setup)        0.005 (*) 
Cl( 3, 2) in Cl( 3, 2) CPU =        0.003 ms (setup)        0.010 (*) 
Cl( 3, 3) in Cl( 3, 3) CPU =        0.006 ms (setup)        0.025 (*) 
Cl( 4, 3) in Cl( 4, 3) CPU =        0.011 ms (setup)        0.073 (*) 
Cl( 4, 4) in Cl( 4, 4) CPU =        0.023 ms (setup)        0.243 (*) 
Cl( 5, 4) in Cl( 5, 4) CPU =        0.046 ms (setup)        0.763 (*) 
Cl( 5, 5) in Cl( 5, 5) CPU =        0.092 ms (setup)        1.100 (*) 
Cl( 6, 5) in Cl( 6, 5) CPU =        0.186 ms (setup)        3.680 (*) 
Cl( 6, 6) in Cl( 6, 6) CPU =        0.367 ms (setup)        5.481 (*) 
Cl( 7, 6) in Cl( 7, 6) CPU =        0.769 ms (setup)       18.762 (*) 
Cl( 7, 7) in Cl( 7, 7) CPU =        1.545 ms (setup)       28.167 (*) 
Cl( 8, 7) in Cl( 8, 7) CPU =        3.169 ms (setup)       93.862 (*) 
Cl( 8, 8) in Cl( 8, 8) CPU =        6.335 ms (setup)      144.819 (*) 
Cl( 9, 8) in Cl( 9, 8) CPU =       13.559 ms (setup)      397.190 (*) 
Cl( 9, 9) in Cl( 9, 9) CPU =       28.292 ms (setup)      802.270 (*) 
Cl(10, 9) in Cl(10, 9) CPU =       62.168 ms (setup)     2865.819 (*) 
Cl(10,10) in Cl(10,10) CPU =      138.863 ms (setup)     4814.728 (*) 
Cl(11,10) in Cl(11,10) CPU =      278.548 ms (setup)    17949.349 (*) 
Cl(11,11) in Cl(11,11) CPU =      556.612 ms (setup)    31196.583 (*) 

matrix_multi<double>
Clifford algebra squaring test:
Fill: 0.5
Cl( 1, 0) in Cl( 1, 0) CPU =        0.004 ms (setup)        0.002 (*) 
Cl( 1, 1) in Cl( 1, 1) CPU =        0.019 ms (setup)        0.001 (*) 
Cl( 2, 1) in Cl( 2, 1) CPU =        0.009 ms (setup)        0.000 (*) 
Cl( 2, 2) in Cl( 2, 2) CPU =        0.005 ms (setup)        0.000 (*) 
Cl( 3, 2) in Cl( 3, 2) CPU =        0.020 ms (setup)        0.003 (*) 
Cl( 3, 3) in Cl( 3, 3) CPU =        0.016 ms (setup)        0.001 (*) 
Cl( 4, 3) in Cl( 4, 3) CPU =        0.027 ms (setup)        0.002 (*) 
Cl( 4, 4) in Cl( 4, 4) CPU =        0.055 ms (setup)        0.001 (*) 
Cl( 5, 4) in Cl( 5, 4) CPU =        0.132 ms (setup)        0.004 (*) 
Cl( 5, 5) in Cl( 5, 5) CPU =        0.245 ms (setup)        0.004 (*) 
Cl( 6, 5) in Cl( 6, 5) CPU =        0.585 ms (setup)        0.019 (*) 
Cl( 6, 6) in Cl( 6, 6) CPU =        1.171 ms (setup)        0.017 (*) 
Cl( 7, 6) in Cl( 7, 6) CPU =        2.726 ms (setup)        0.081 (*) 
Cl( 7, 7) in Cl( 7, 7) CPU =        6.057 ms (setup)        0.065 (*) 
Cl( 8, 7) in Cl( 8, 7) CPU =       13.613 ms (setup)        1.098 (*) 
Cl( 8, 8) in Cl( 8, 8) CPU =       26.319 ms (setup)        0.256 (*) 
Cl( 9, 8) in Cl( 9, 8) CPU =       64.779 ms (setup)        5.508 (*) 
Cl( 9, 9) in Cl( 9, 9) CPU =      128.665 ms (setup)        7.034 (*) 
Cl(10, 9) in Cl(10, 9) CPU =      330.011 ms (setup)       46.429 (*) 
Cl(10,10) in Cl(10,10) CPU =      673.276 ms (setup)       45.777 (*) 
Cl(11,10) in Cl(11,10) CPU =     1843.908 ms (setup)      366.351 (*) 
Cl(11,11) in Cl(11,11) CPU =     3822.171 ms (setup)      364.208 (*) 
Fill: 1
Cl( 1, 0) in Cl( 1, 0) CPU =        0.007 ms (setup)        0.002 (*) 
Cl( 1, 1) in Cl( 1, 1) CPU =        0.004 ms (setup)        0.000 (*) 
Cl( 2, 1) in Cl( 2, 1) CPU =        0.004 ms (setup)        0.001 (*) 
Cl( 2, 2) in Cl( 2, 2) CPU =        0.006 ms (setup)        0.001 (*) 
Cl( 3, 2) in Cl( 3, 2) CPU =        0.009 ms (setup)        0.002 (*) 
Cl( 3, 3) in Cl( 3, 3) CPU =        0.016 ms (setup)        0.001 (*) 
Cl( 4, 3) in Cl( 4, 3) CPU =        1.774 ms (setup)        0.003 (*) 
Cl( 4, 4) in Cl( 4, 4) CPU =        3.094 ms (setup)        0.002 (*) 
Cl( 5, 4) in Cl( 5, 4) CPU =        0.199 ms (setup)        0.004 (*) 
Cl( 5, 5) in Cl( 5, 5) CPU =        0.393 ms (setup)        0.004 (*) 
Cl( 6, 5) in Cl( 6, 5) CPU =        0.931 ms (setup)        0.017 (*) 
Cl( 6, 6) in Cl( 6, 6) CPU =        1.832 ms (setup)        0.017 (*) 
Cl( 7, 6) in Cl( 7, 6) CPU =        4.478 ms (setup)        0.076 (*) 
Cl( 7, 7) in Cl( 7, 7) CPU =        9.645 ms (setup)        0.067 (*) 
Cl( 8, 7) in Cl( 8, 7) CPU =       23.164 ms (setup)        0.260 (*) 
Cl( 8, 8) in Cl( 8, 8) CPU =       46.686 ms (setup)        0.258 (*) 
Cl( 9, 8) in Cl( 9, 8) CPU =      119.535 ms (setup)        5.405 (*) 
Cl( 9, 9) in Cl( 9, 9) CPU =      242.057 ms (setup)        5.361 (*) 
Cl(10, 9) in Cl(10, 9) CPU =      664.539 ms (setup)       45.245 (*) 
Cl(10,10) in Cl(10,10) CPU =     1390.538 ms (setup)       48.188 (*) 
Cl(11,10) in Cl(11,10) CPU =     4108.286 ms (setup)      368.298 (*) 
Cl(11,11) in Cl(11,11) CPU =     8617.512 ms (setup)      365.652 (*) 
