
framed_multi<float,-4,4>
Clifford algebra products test:
Fill: 0.5
Cl( 1, 0) in Cl( 1, 0) CPU =        0.004 ms (setup)        0.003 (*)        0.002 (^)        0.002 (&)        0.002 (%) 
Cl( 1, 1) in Cl( 1, 1) CPU =        0.002 ms (setup)        0.002 (*)        0.001 (^)        0.002 (&)        0.001 (%) 
Cl( 2, 1) in Cl( 2, 1) CPU =        0.003 ms (setup)        0.005 (*)        0.003 (^)        0.003 (&)        0.003 (%) 
Cl( 2, 2) in Cl( 2, 2) CPU =        0.003 ms (setup)        0.007 (*)        0.004 (^)        0.004 (&)        0.004 (%) 
Cl( 3, 2) in Cl( 3, 2) CPU =        0.006 ms (setup)        0.014 (*)        0.007 (^)        0.008 (&)        0.007 (%) 
Cl( 3, 3) in Cl( 3, 3) CPU =        0.010 ms (setup)        0.033 (*)        0.018 (^)        0.024 (&)        0.015 (%) 
Cl( 4, 3) in Cl( 4, 3) CPU =        0.022 ms (setup)        0.101 (*)        0.053 (^)        0.052 (&)        0.041 (%) 
Cl( 4, 4) in Cl( 4, 4) CPU =        0.044 ms (setup)        0.797 (*)        0.132 (^)        0.126 (&)        0.093 (%) 
Cl( 1, 0) in Cl( 4, 4) CPU =        0.002 ms (setup)        0.001 (*)        0.001 (^)        0.001 (&)        0.001 (%) 
Cl( 1, 1) in Cl( 4, 4) CPU =        0.002 ms (setup)        0.002 (*)        0.002 (^)        0.002 (&)        0.002 (%) 
Cl( 2, 1) in Cl( 4, 4) CPU =        0.002 ms (setup)        0.004 (*)        0.002 (^)        0.002 (&)        0.002 (%) 
Cl( 2, 2) in Cl( 4, 4) CPU =        0.003 ms (setup)        0.004 (*)        0.003 (^)        0.003 (&)        0.003 (%) 
Cl( 3, 2) in Cl( 4, 4) CPU =        0.005 ms (setup)        0.015 (*)        0.009 (^)        0.009 (&)        0.008 (%) 
Cl( 3, 3) in Cl( 4, 4) CPU =        0.013 ms (setup)        0.033 (*)        0.021 (^)        0.017 (&)        0.015 (%) 
Cl( 4, 3) in Cl( 4, 4) CPU =        0.022 ms (setup)        0.108 (*)        0.051 (^)        0.065 (&)        0.040 (%) 
Cl( 4, 4) in Cl( 4, 4) CPU =        0.042 ms (setup)        0.746 (*)        0.127 (^)        0.135 (&)        0.097 (%) 
Fill: 1
Cl( 1, 0) in Cl( 1, 0) CPU =        0.001 ms (setup)        0.002 (*)        0.002 (^)        0.002 (&)        0.002 (%) 
Cl( 1, 1) in Cl( 1, 1) CPU =        0.002 ms (setup)        0.003 (*)        0.002 (^)        0.002 (&)        0.002 (%) 
Cl( 2, 1) in Cl( 2, 1) CPU =        0.003 ms (setup)        0.005 (*)        0.003 (^)        0.003 (&)        0.003 (%) 
Cl( 2, 2) in Cl( 2, 2) CPU =        0.004 ms (setup)        0.009 (*)        0.005 (^)        0.005 (&)        0.005 (%) 
Cl( 3, 2) in Cl( 3, 2) CPU =        0.007 ms (setup)        0.023 (*)        0.010 (^)        0.013 (&)        0.011 (%) 
Cl( 3, 3) in Cl( 3, 3) CPU =        0.015 ms (setup)        0.070 (*)        0.023 (^)        0.032 (&)        0.026 (%) 
Cl( 4, 3) in Cl( 4, 3) CPU =        0.032 ms (setup)        0.216 (*)        0.051 (^)        0.079 (&)        0.062 (%) 
Cl( 4, 4) in Cl( 4, 4) CPU =        0.065 ms (setup)        0.838 (*)        0.133 (^)        0.216 (&)        0.150 (%) 
Cl( 1, 0) in Cl( 4, 4) CPU =        0.002 ms (setup)        0.002 (*)        0.001 (^)        0.001 (&)        0.002 (%) 
Cl( 1, 1) in Cl( 4, 4) CPU =        0.002 ms (setup)        0.003 (*)        0.002 (^)        0.002 (&)        0.002 (%) 
Cl( 2, 1) in Cl( 4, 4) CPU =        0.002 ms (setup)        0.005 (*)        0.003 (^)        0.003 (&)        0.003 (%) 
Cl( 2, 2) in Cl( 4, 4) CPU =        0.004 ms (setup)        0.009 (*)        0.005 (^)        0.005 (&)        0.005 (%) 
Cl( 3, 2) in Cl( 4, 4) CPU =        0.007 ms (setup)        0.022 (*)        0.009 (^)        0.012 (&)        0.011 (%) 
Cl( 3, 3) in Cl( 4, 4) CPU =        0.015 ms (setup)        0.071 (*)        0.021 (^)        0.029 (&)        0.023 (%) 
Cl( 4, 3) in Cl( 4, 4) CPU =        0.029 ms (setup)        0.209 (*)        0.049 (^)        0.074 (&)        0.055 (%) 
Cl( 4, 4) in Cl( 4, 4) CPU =        0.063 ms (setup)        0.807 (*)        0.121 (^)        0.209 (&)        0.143 (%) 

matrix_multi<float,-4,4>
Clifford algebra products test:
Fill: 0.5
Cl( 1, 0) in Cl( 1, 0) CPU =        0.013 ms (setup)        0.001 (*)        0.011 (^)        0.008 (&)        0.011 (%) 
Cl( 1, 1) in Cl( 1, 1) CPU =        0.005 ms (setup)        0.001 (*)        0.008 (^)        0.008 (&)        0.008 (%) 
Cl( 2, 1) in Cl( 2, 1) CPU =        0.003 ms (setup)        0.001 (*)        0.024 (^)        0.028 (&)        0.028 (%) 
Cl( 2, 2) in Cl( 2, 2) CPU =        0.011 ms (setup)        0.001 (*)        0.069 (^)        0.043 (&)        0.060 (%) 
Cl( 3, 2) in Cl( 3, 2) CPU =        0.022 ms (setup)        0.004 (*)        0.293 (^)        0.247 (&)        0.273 (%) 
Cl( 3, 3) in Cl( 3, 3) CPU =        0.036 ms (setup)        0.003 (*)        0.376 (^)        0.423 (&)        0.410 (%) 
Cl( 4, 3) in Cl( 4, 3) CPU =        0.086 ms (setup)        0.017 (*)        1.922 (^)        1.544 (&)        1.502 (%) 
Cl( 4, 4) in Cl( 4, 4) CPU =        0.128 ms (setup)        0.013 (*)        2.523 (^)        2.753 (&)        2.613 (%) 
Cl( 1, 0) in Cl( 4, 4) CPU =        0.001 ms (setup)        0.013 (*)        0.010 (^)        0.010 (&)        0.011 (%) 
Cl( 1, 1) in Cl( 4, 4) CPU =        0.008 ms (setup)        0.015 (*)        0.194 (^)        0.104 (&)        0.154 (%) 
Cl( 2, 1) in Cl( 4, 4) CPU =        0.013 ms (setup)        0.015 (*)        0.211 (^)        0.119 (&)        0.158 (%) 
Cl( 2, 2) in Cl( 4, 4) CPU =        0.026 ms (setup)        0.015 (*)        0.478 (^)        0.313 (&)        0.334 (%) 
Cl( 3, 2) in Cl( 4, 4) CPU =        0.078 ms (setup)        0.015 (*)        0.543 (^)        0.513 (&)        0.384 (%) 
Cl( 3, 3) in Cl( 4, 4) CPU =        0.100 ms (setup)        0.013 (*)        0.700 (^)        0.683 (&)        0.559 (%) 
Cl( 4, 3) in Cl( 4, 4) CPU =        0.253 ms (setup)        0.013 (*)        1.579 (^)        1.834 (&)        1.621 (%) 
Cl( 4, 4) in Cl( 4, 4) CPU =        0.177 ms (setup)        0.013 (*)        2.239 (^)        2.777 (&)        2.480 (%) 
Fill: 1
Cl( 1, 0) in Cl( 1, 0) CPU =        0.003 ms (setup)        0.001 (*)        0.013 (^)        0.007 (&)        0.008 (%) 
Cl( 1, 1) in Cl( 1, 1) CPU =        0.003 ms (setup)        0.001 (*)        0.013 (^)        0.009 (&)        0.012 (%) 
Cl( 2, 1) in Cl( 2, 1) CPU =        0.004 ms (setup)        0.001 (*)        0.044 (^)        0.036 (&)        0.041 (%) 
Cl( 2, 2) in Cl( 2, 2) CPU =        0.007 ms (setup)        0.001 (*)        0.070 (^)        0.060 (&)        0.067 (%) 
Cl( 3, 2) in Cl( 3, 2) CPU =        0.020 ms (setup)        0.003 (*)        0.270 (^)        0.266 (&)        0.268 (%) 
Cl( 3, 3) in Cl( 3, 3) CPU =        0.037 ms (setup)        0.003 (*)        0.414 (^)        0.409 (&)        0.421 (%) 
Cl( 4, 3) in Cl( 4, 3) CPU =        0.092 ms (setup)        0.018 (*)        1.949 (^)        2.136 (&)        1.990 (%) 
Cl( 4, 4) in Cl( 4, 4) CPU =        0.181 ms (setup)        0.013 (*)        2.829 (^)        3.425 (&)        3.037 (%) 
Cl( 1, 0) in Cl( 4, 4) CPU =        0.004 ms (setup)        0.013 (*)        0.182 (^)        0.065 (&)        0.100 (%) 
Cl( 1, 1) in Cl( 4, 4) CPU =        0.005 ms (setup)        0.013 (*)        0.261 (^)        0.105 (&)        0.213 (%) 
Cl( 2, 1) in Cl( 4, 4) CPU =        0.015 ms (setup)        0.014 (*)        0.392 (^)        0.223 (&)        0.225 (%) 
Cl( 2, 2) in Cl( 4, 4) CPU =        0.040 ms (setup)        0.013 (*)        0.486 (^)        0.322 (&)        0.332 (%) 
Cl( 3, 2) in Cl( 4, 4) CPU =        0.078 ms (setup)        0.013 (*)        0.791 (^)        0.596 (&)        0.552 (%) 
Cl( 3, 3) in Cl( 4, 4) CPU =        0.127 ms (setup)        0.013 (*)        1.054 (^)        0.917 (&)        0.855 (%) 
Cl( 4, 3) in Cl( 4, 4) CPU =        0.371 ms (setup)        0.013 (*)        2.199 (^)        2.133 (&)        1.996 (%) 
Cl( 4, 4) in Cl( 4, 4) CPU =        0.180 ms (setup)        0.013 (*)        2.810 (^)        3.041 (&)        2.860 (%) 

framed_multi<double>
Clifford algebra products test:
Fill: 0.5
Cl( 1, 0) in Cl( 1, 0) CPU =        0.003 ms (setup)        0.002 (*)        0.001 (^)        0.001 (&)        0.001 (%) 
Cl( 1, 1) in Cl( 1, 1) CPU =        0.001 ms (setup)        0.001 (*)        0.001 (^)        0.001 (&)        0.001 (%) 
Cl( 2, 1) in Cl( 2, 1) CPU =        0.002 ms (setup)        0.004 (*)        0.002 (^)        0.002 (&)        0.002 (%) 
Cl( 2, 2) in Cl( 2, 2) CPU =        0.002 ms (setup)        0.005 (*)        0.004 (^)        0.004 (&)        0.004 (%) 
Cl( 3, 2) in Cl( 3, 2) CPU =        0.004 ms (setup)        0.013 (*)        0.007 (^)        0.007 (&)        0.009 (%) 
Cl( 3, 3) in Cl( 3, 3) CPU =        0.009 ms (setup)        0.033 (*)        0.018 (^)        0.015 (&)        0.013 (%) 
Cl( 4, 3) in Cl( 4, 3) CPU =        0.016 ms (setup)        0.089 (*)        0.041 (^)        0.039 (&)        0.032 (%) 
Cl( 4, 4) in Cl( 4, 4) CPU =        0.036 ms (setup)        0.463 (*)        0.098 (^)        0.099 (&)        0.070 (%) 
Cl( 5, 4) in Cl( 5, 4) CPU =        0.063 ms (setup)        1.702 (*)        0.282 (^)        0.280 (&)        0.199 (%) 
Cl( 5, 5) in Cl( 5, 5) CPU =        0.119 ms (setup)        2.264 (*)        0.719 (^)        0.662 (&)        0.445 (%) 
Cl( 6, 5) in Cl( 6, 5) CPU =        0.247 ms (setup)        8.472 (*)        2.035 (^)        1.956 (&)        1.242 (%) 
Cl( 6, 6) in Cl( 6, 6) CPU =        0.503 ms (setup)       11.415 (*)        5.536 (^)        5.317 (&)        3.134 (%) 
Cl( 7, 6) in Cl( 7, 6) CPU =        1.025 ms (setup)       42.494 (*)       16.710 (^)       16.073 (&)        9.076 (%) 
Cl( 7, 7) in Cl( 7, 7) CPU =        2.045 ms (setup)       54.866 (*)       48.883 (^)       45.976 (&)       25.724 (%) 
Cl( 8, 7) in Cl( 8, 7) CPU =        4.150 ms (setup)      221.595 (*)      144.303 (^)      137.002 (&)       72.703 (%) 
Cl( 8, 8) in Cl( 8, 8) CPU =        8.326 ms (setup)      285.622 (*)      435.344 (^)      417.235 (&)      214.001 (%) 
Cl( 1, 0) in Cl( 8, 8) CPU =        0.001 ms (setup)        0.001 (*)        0.001 (^)        0.001 (&)        0.001 (%) 
Cl( 1, 1) in Cl( 8, 8) CPU =        0.001 ms (setup)        0.001 (*)        0.001 (^)        0.001 (&)        0.001 (%) 
Cl( 2, 1) in Cl( 8, 8) CPU =        0.002 ms (setup)        0.001 (*)        0.001 (^)        0.001 (&)        0.001 (%) 
Cl( 2, 2) in Cl( 8, 8) CPU =        0.002 ms (setup)        0.004 (*)        0.003 (^)        0.003 (&)        0.003 (%) 
Cl( 3, 2) in Cl( 8, 8) CPU =        0.004 ms (setup)        0.011 (*)        0.007 (^)        0.006 (&)        0.006 (%) 
Cl( 3, 3) in Cl( 8, 8) CPU =        0.007 ms (setup)        0.030 (*)        0.015 (^)        0.013 (&)        0.013 (%) 
Cl( 4, 3) in Cl( 8, 8) CPU =        0.015 ms (setup)        0.071 (*)        0.037 (^)        0.032 (&)        0.028 (%) 
Cl( 4, 4) in Cl( 8, 8) CPU =        0.030 ms (setup)        0.460 (*)        0.104 (^)        0.099 (&)        0.076 (%) 
Cl( 5, 4) in Cl( 8, 8) CPU =        0.062 ms (setup)        1.652 (*)        0.279 (^)        0.271 (&)        0.193 (%) 
Cl( 5, 5) in Cl( 8, 8) CPU =        0.121 ms (setup)        2.175 (*)        0.696 (^)        0.690 (&)        0.450 (%) 
Cl( 6, 5) in Cl( 8, 8) CPU =        0.242 ms (setup)        8.087 (*)        1.956 (^)        1.931 (&)        1.197 (%) 
Cl( 6, 6) in Cl( 8, 8) CPU =        0.480 ms (setup)       10.617 (*)        5.550 (^)        5.131 (&)        3.050 (%) 
Cl( 7, 6) in Cl( 8, 8) CPU =        0.988 ms (setup)       40.916 (*)       15.889 (^)       15.203 (&)        8.521 (%) 
Cl( 7, 7) in Cl( 8, 8) CPU =        1.970 ms (setup)       53.242 (*)       48.034 (^)       45.316 (&)       24.494 (%) 
Cl( 8, 7) in Cl( 8, 8) CPU =        4.225 ms (setup)      222.727 (*)      144.440 (^)      136.161 (&)       71.648 (%) 
Cl( 8, 8) in Cl( 8, 8) CPU =        8.508 ms (setup)      285.330 (*)      433.815 (^)      422.201 (&)      215.150 (%) 
Fill: 1
Cl( 1, 0) in Cl( 1, 0) CPU =        0.003 ms (setup)        0.002 (*)        0.001 (^)        0.001 (&)        0.001 (%) 
Cl( 1, 1) in Cl( 1, 1) CPU =        0.001 ms (setup)        0.003 (*)        0.002 (^)        0.002 (&)        0.002 (%) 
Cl( 2, 1) in Cl( 2, 1) CPU =        0.002 ms (setup)        0.004 (*)        0.003 (^)        0.003 (&)        0.002 (%) 
Cl( 2, 2) in Cl( 2, 2) CPU =        0.003 ms (setup)        0.009 (*)        0.005 (^)        0.005 (&)        0.005 (%) 
Cl( 3, 2) in Cl( 3, 2) CPU =        0.007 ms (setup)        0.024 (*)        0.009 (^)        0.011 (&)        0.009 (%) 
Cl( 3, 3) in Cl( 3, 3) CPU =        0.013 ms (setup)        0.069 (*)        0.020 (^)        0.025 (&)        0.021 (%) 
Cl( 4, 3) in Cl( 4, 3) CPU =        0.026 ms (setup)        0.234 (*)        0.046 (^)        0.064 (&)        0.049 (%) 
Cl( 4, 4) in Cl( 4, 4) CPU =        0.051 ms (setup)        0.558 (*)        0.110 (^)        0.165 (&)        0.118 (%) 
Cl( 5, 4) in Cl( 5, 4) CPU =        0.108 ms (setup)        1.885 (*)        0.272 (^)        0.440 (&)        0.296 (%) 
Cl( 5, 5) in Cl( 5, 5) CPU =        0.200 ms (setup)        2.697 (*)        0.683 (^)        1.208 (&)        0.762 (%) 
Cl( 6, 5) in Cl( 6, 5) CPU =        0.411 ms (setup)        9.374 (*)        1.808 (^)        3.442 (&)        2.050 (%) 
Cl( 6, 6) in Cl( 6, 6) CPU =        0.811 ms (setup)       13.470 (*)        4.889 (^)        9.985 (&)        5.609 (%) 
Cl( 7, 6) in Cl( 7, 6) CPU =        1.655 ms (setup)       48.064 (*)       13.709 (^)       29.171 (&)       15.968 (%) 
Cl( 7, 7) in Cl( 7, 7) CPU =        3.339 ms (setup)       69.038 (*)       40.279 (^)       88.081 (&)       46.654 (%) 
Cl( 8, 7) in Cl( 8, 7) CPU =        7.033 ms (setup)      264.910 (*)      122.151 (^)      274.045 (&)      139.437 (%) 
Cl( 8, 8) in Cl( 8, 8) CPU =       14.387 ms (setup)      373.492 (*)      367.305 (^)      846.430 (&)      421.142 (%) 
Cl( 1, 0) in Cl( 8, 8) CPU =        0.001 ms (setup)        0.002 (*)        0.001 (^)        0.001 (&)        0.001 (%) 
Cl( 1, 1) in Cl( 8, 8) CPU =        0.002 ms (setup)        0.002 (*)        0.001 (^)        0.001 (&)        0.001 (%) 
Cl( 2, 1) in Cl( 8, 8) CPU =        0.003 ms (setup)        0.004 (*)        0.003 (^)        0.003 (&)        0.003 (%) 
Cl( 2, 2) in Cl( 8, 8) CPU =        0.003 ms (setup)        0.009 (*)        0.004 (^)        0.005 (&)        0.005 (%) 
Cl( 3, 2) in Cl( 8, 8) CPU =        0.061 ms (setup)        0.030 (*)        0.009 (^)        0.011 (&)        0.009 (%) 
Cl( 3, 3) in Cl( 8, 8) CPU =        0.013 ms (setup)        0.069 (*)        0.020 (^)        0.026 (&)        0.021 (%) 
Cl( 4, 3) in Cl( 8, 8) CPU =        0.026 ms (setup)        0.224 (*)        0.046 (^)        0.064 (&)        0.060 (%) 
Cl( 4, 4) in Cl( 8, 8) CPU =        0.051 ms (setup)        0.552 (*)        0.112 (^)        0.165 (&)        0.126 (%) 
Cl( 5, 4) in Cl( 8, 8) CPU =        0.103 ms (setup)        1.897 (*)        0.275 (^)        0.443 (&)        0.298 (%) 
Cl( 5, 5) in Cl( 8, 8) CPU =        0.201 ms (setup)        2.786 (*)        0.727 (^)        1.349 (&)        0.808 (%) 
Cl( 6, 5) in Cl( 8, 8) CPU =        0.435 ms (setup)        9.396 (*)        1.816 (^)        3.472 (&)        2.049 (%) 
Cl( 6, 6) in Cl( 8, 8) CPU =        0.813 ms (setup)       13.411 (*)        4.968 (^)        9.956 (&)        5.606 (%) 
Cl( 7, 6) in Cl( 8, 8) CPU =        1.692 ms (setup)       48.215 (*)       13.792 (^)       29.091 (&)       16.199 (%) 
Cl( 7, 7) in Cl( 8, 8) CPU =        3.303 ms (setup)       68.986 (*)       40.309 (^)       88.823 (&)       46.477 (%) 
Cl( 8, 7) in Cl( 8, 8) CPU =        7.103 ms (setup)      265.546 (*)      120.254 (^)      271.649 (&)      139.008 (%) 
Cl( 8, 8) in Cl( 8, 8) CPU =       15.077 ms (setup)      375.238 (*)      369.029 (^)      843.133 (&)      421.692 (%) 

matrix_multi<double>
Clifford algebra products test:
Fill: 0.5
Cl( 1, 0) in Cl( 1, 0) CPU =        0.004 ms (setup)        0.001 (*)        0.008 (^)        0.007 (&)        0.008 (%) 
Cl( 1, 1) in Cl( 1, 1) CPU =        0.006 ms (setup)        0.001 (*)        0.005 (^)        0.005 (&)        0.006 (%) 
Cl( 2, 1) in Cl( 2, 1) CPU =        0.005 ms (setup)        0.001 (*)        0.038 (^)        0.025 (&)        0.038 (%) 
Cl( 2, 2) in Cl( 2, 2) CPU =        0.009 ms (setup)        0.001 (*)        0.030 (^)        0.036 (&)        0.071 (%) 
Cl( 3, 2) in Cl( 3, 2) CPU =        0.032 ms (setup)        0.003 (*)        0.191 (^)        0.198 (&)        0.213 (%) 
Cl( 3, 3) in Cl( 3, 3) CPU =        0.031 ms (setup)        0.003 (*)        0.269 (^)        0.327 (&)        0.309 (%) 
Cl( 4, 3) in Cl( 4, 3) CPU =        0.072 ms (setup)        0.014 (*)        1.449 (^)        1.851 (&)        1.628 (%) 
Cl( 4, 4) in Cl( 4, 4) CPU =        0.134 ms (setup)        0.014 (*)        2.386 (^)        2.696 (&)        2.509 (%) 
Cl( 5, 4) in Cl( 5, 4) CPU =        0.314 ms (setup)        0.097 (*)       10.215 (^)       14.956 (&)       11.619 (%) 
Cl( 5, 5) in Cl( 5, 5) CPU =        0.587 ms (setup)        0.098 (*)       16.401 (^)       18.104 (&)       16.284 (%) 
Cl( 6, 5) in Cl( 6, 5) CPU =        1.382 ms (setup)        0.757 (*)       78.364 (^)      113.526 (&)       79.963 (%) 
Cl( 6, 6) in Cl( 6, 6) CPU =        2.675 ms (setup)        0.759 (*)      120.470 (^)      145.890 (&)      113.186 (%) 
Cl( 7, 6) in Cl( 7, 6) CPU =        6.181 ms (setup)        6.056 (*)      832.105 (^)     1214.562 (&)      833.177 (%) 
Cl( 7, 7) in Cl( 7, 7) CPU =       12.210 ms (setup)        5.986 (*)      817.567 (^)     1446.901 (&)      903.457 (%) 
Cl( 8, 7) in Cl( 8, 7) CPU =       31.290 ms (setup)       48.322 (*)     7794.287 (^)    11926.431 (&)     7623.974 (%) 
Cl( 8, 8) in Cl( 8, 8) CPU =       61.074 ms (setup)       48.019 (*)     8782.883 (^)    13760.542 (&)     8794.870 (%) 
Cl( 1, 0) in Cl( 8, 8) CPU =        0.168 ms (setup)       48.492 (*)       58.367 (^)       58.197 (&)       59.389 (%) 
Cl( 1, 1) in Cl( 8, 8) CPU =        0.136 ms (setup)       48.203 (*)      204.867 (^)       58.682 (&)      156.444 (%) 
Cl( 2, 1) in Cl( 8, 8) CPU =        0.158 ms (setup)       48.191 (*)      447.863 (^)      203.027 (&)      302.810 (%) 
Cl( 2, 2) in Cl( 8, 8) CPU =        0.292 ms (setup)       47.995 (*)      785.911 (^)      445.015 (&)      494.692 (%) 
Cl( 3, 2) in Cl( 8, 8) CPU =        1.962 ms (setup)       49.377 (*)     1222.619 (^)      783.404 (&)      736.800 (%) 
Cl( 3, 3) in Cl( 8, 8) CPU =        1.388 ms (setup)       47.901 (*)     1758.528 (^)     1222.905 (&)     1032.577 (%) 
Cl( 4, 3) in Cl( 8, 8) CPU =        1.552 ms (setup)       48.012 (*)     2388.554 (^)     2390.318 (&)     1379.491 (%) 
Cl( 4, 4) in Cl( 8, 8) CPU =        1.830 ms (setup)       48.022 (*)     3129.983 (^)     2389.894 (&)     1772.641 (%) 
Cl( 5, 4) in Cl( 8, 8) CPU =        2.567 ms (setup)       48.138 (*)     3973.547 (^)     3125.497 (&)     2212.689 (%) 
Cl( 5, 5) in Cl( 8, 8) CPU =        3.691 ms (setup)       48.568 (*)     5437.354 (^)     4863.082 (&)     3233.352 (%) 
Cl( 6, 5) in Cl( 8, 8) CPU =        6.862 ms (setup)       48.711 (*)     5465.447 (^)     4892.754 (&)     3266.169 (%) 
Cl( 6, 6) in Cl( 8, 8) CPU =       11.683 ms (setup)       48.488 (*)     6534.414 (^)     7063.946 (&)     4495.374 (%) 
Cl( 7, 6) in Cl( 8, 8) CPU =       27.398 ms (setup)       48.880 (*)     5809.694 (^)     8388.183 (&)     4655.027 (%) 
Cl( 7, 7) in Cl( 8, 8) CPU =       50.743 ms (setup)       48.368 (*)     7472.690 (^)     9800.971 (&)     6149.092 (%) 
Cl( 8, 7) in Cl( 8, 8) CPU =      123.582 ms (setup)       48.505 (*)     6833.070 (^)    10503.987 (&)     6136.507 (%) 
Cl( 8, 8) in Cl( 8, 8) CPU =       60.693 ms (setup)       48.182 (*)     7185.132 (^)    13745.956 (&)     7979.908 (%) 
Fill: 1
Cl( 1, 0) in Cl( 1, 0) CPU =        0.002 ms (setup)        0.001 (*)        0.009 (^)        0.007 (&)        0.009 (%) 
Cl( 1, 1) in Cl( 1, 1) CPU =        0.002 ms (setup)        0.001 (*)        0.013 (^)        0.009 (&)        0.013 (%) 
Cl( 2, 1) in Cl( 2, 1) CPU =        0.007 ms (setup)        0.001 (*)        0.044 (^)        0.036 (&)        0.042 (%) 
Cl( 2, 2) in Cl( 2, 2) CPU =        0.009 ms (setup)        0.001 (*)        0.069 (^)        0.056 (&)        0.073 (%) 
Cl( 3, 2) in Cl( 3, 2) CPU =        0.021 ms (setup)        0.003 (*)        0.263 (^)        0.258 (&)        0.264 (%) 
Cl( 3, 3) in Cl( 3, 3) CPU =        0.041 ms (setup)        0.003 (*)        0.417 (^)        0.411 (&)        0.433 (%) 
Cl( 4, 3) in Cl( 4, 3) CPU =        0.099 ms (setup)        0.013 (*)        1.933 (^)        2.109 (&)        1.959 (%) 
Cl( 4, 4) in Cl( 4, 4) CPU =        0.184 ms (setup)        0.014 (*)        2.736 (^)        2.954 (&)        2.793 (%) 
Cl( 5, 4) in Cl( 5, 4) CPU =        0.458 ms (setup)        0.097 (*)       13.109 (^)       15.732 (&)       13.575 (%) 
Cl( 5, 5) in Cl( 5, 5) CPU =        0.872 ms (setup)        0.101 (*)       17.633 (^)       20.877 (&)       17.686 (%) 
Cl( 6, 5) in Cl( 6, 5) CPU =        2.070 ms (setup)        0.760 (*)      100.590 (^)      133.769 (&)      101.200 (%) 
Cl( 6, 6) in Cl( 6, 6) CPU =        4.127 ms (setup)        0.761 (*)      125.904 (^)      165.641 (&)      126.015 (%) 
Cl( 7, 6) in Cl( 7, 6) CPU =        9.739 ms (setup)        5.981 (*)      841.267 (^)     1225.916 (&)      844.385 (%) 
Cl( 7, 7) in Cl( 7, 7) CPU =       20.409 ms (setup)        6.000 (*)     1013.745 (^)     1465.475 (&)     1016.653 (%) 
Cl( 8, 7) in Cl( 8, 7) CPU =       50.782 ms (setup)       48.313 (*)     8008.573 (^)    11954.786 (&)     7683.137 (%) 
Cl( 8, 8) in Cl( 8, 8) CPU =      103.489 ms (setup)       48.757 (*)     8888.106 (^)    13833.345 (&)     8910.387 (%) 
Cl( 1, 0) in Cl( 8, 8) CPU =        0.124 ms (setup)       48.830 (*)      204.962 (^)       58.923 (&)      155.383 (%) 
Cl( 1, 1) in Cl( 8, 8) CPU =        0.145 ms (setup)       48.534 (*)      447.392 (^)      203.382 (&)      303.778 (%) 
Cl( 2, 1) in Cl( 8, 8) CPU =        0.214 ms (setup)       49.029 (*)      787.881 (^)      446.935 (&)      494.167 (%) 
Cl( 2, 2) in Cl( 8, 8) CPU =        1.296 ms (setup)       47.930 (*)     1219.850 (^)      786.014 (&)      738.604 (%) 
Cl( 3, 2) in Cl( 8, 8) CPU =        1.344 ms (setup)       48.107 (*)     1755.149 (^)     1223.331 (&)     1030.543 (%) 
Cl( 3, 3) in Cl( 8, 8) CPU =        1.411 ms (setup)       47.913 (*)     2390.561 (^)     1755.754 (&)     1374.308 (%) 
Cl( 4, 3) in Cl( 8, 8) CPU =        1.639 ms (setup)       48.036 (*)     3124.088 (^)     2395.402 (&)     1770.290 (%) 
Cl( 4, 4) in Cl( 8, 8) CPU =        1.949 ms (setup)       48.081 (*)     3944.604 (^)     3127.603 (&)     2204.242 (%) 
Cl( 5, 4) in Cl( 8, 8) CPU =        3.110 ms (setup)       48.002 (*)     4734.695 (^)     3961.238 (&)     2700.669 (%) 
Cl( 5, 5) in Cl( 8, 8) CPU =        4.434 ms (setup)       48.022 (*)     5422.498 (^)     4869.293 (&)     3240.880 (%) 
Cl( 6, 5) in Cl( 8, 8) CPU =        9.049 ms (setup)       48.069 (*)     6051.289 (^)     5925.801 (&)     3855.149 (%) 
Cl( 6, 6) in Cl( 8, 8) CPU =       16.154 ms (setup)       49.211 (*)     6543.835 (^)     7049.795 (&)     4511.725 (%) 
Cl( 7, 6) in Cl( 8, 8) CPU =       38.251 ms (setup)       47.974 (*)     7120.909 (^)     8409.425 (&)     5342.584 (%) 
Cl( 7, 7) in Cl( 8, 8) CPU =       67.340 ms (setup)       48.394 (*)     7507.579 (^)     9831.028 (&)     6176.321 (%) 
Cl( 8, 7) in Cl( 8, 8) CPU =      170.790 ms (setup)       48.195 (*)     8465.593 (^)    11957.883 (&)     7671.370 (%) 
Cl( 8, 8) in Cl( 8, 8) CPU =      102.983 ms (setup)       47.979 (*)     8904.672 (^)    13846.371 (&)     8908.008 (%) 
