expressions/expressions
	linux-vdso.so.1 (0x00007a7c6e354000)
	libarmadillo.so.14 => /lib/libarmadillo.so.14 (0x00007a7c6e303000)
	libflexiblas.so.3 => /lib/x86_64-linux-gnu/libflexiblas.so.3 (0x00007a7c6da00000)
	libstdc++.so.6 => /lib/x86_64-linux-gnu/libstdc++.so.6 (0x00007a7c6d600000)
	libm.so.6 => /lib/x86_64-linux-gnu/libm.so.6 (0x00007a7c6e20c000)
	libgcc_s.so.1 => /lib/x86_64-linux-gnu/libgcc_s.so.1 (0x00007a7c6e1dd000)
	libiomp5.so => /opt/intel/oneapi/compiler/2025.2/lib/libiomp5.so (0x00007a7c6d000000)
	libc.so.6 => /lib/x86_64-linux-gnu/libc.so.6 (0x00007a7c6cc00000)
	libarpack.so.2 => /lib/x86_64-linux-gnu/libarpack.so.2 (0x00007a7c6e18b000)
	/lib64/ld-linux-x86-64.so.2 (0x00007a7c6e356000)
	librt.so.1 => /lib/x86_64-linux-gnu/librt.so.1 (0x00007a7c6e186000)
	libdl.so.2 => /lib/x86_64-linux-gnu/libdl.so.2 (0x00007a7c6e17f000)
	libpthread.so.0 => /lib/x86_64-linux-gnu/libpthread.so.0 (0x00007a7c6e17a000)
	libgfortran.so.5 => /lib/x86_64-linux-gnu/libgfortran.so.5 (0x00007a7c6c800000)
gfft_test/gfft_test
	linux-vdso.so.1 (0x00007c9b5e90d000)
	libarmadillo.so.14 => /lib/libarmadillo.so.14 (0x00007c9b5e8bc000)
	libflexiblas.so.3 => /lib/x86_64-linux-gnu/libflexiblas.so.3 (0x00007c9b5e000000)
	libstdc++.so.6 => /lib/x86_64-linux-gnu/libstdc++.so.6 (0x00007c9b5dc00000)
	libm.so.6 => /lib/x86_64-linux-gnu/libm.so.6 (0x00007c9b5e7c5000)
	libgcc_s.so.1 => /lib/x86_64-linux-gnu/libgcc_s.so.1 (0x00007c9b5e796000)
	libiomp5.so => /opt/intel/oneapi/compiler/2025.2/lib/libiomp5.so (0x00007c9b5d600000)
	libc.so.6 => /lib/x86_64-linux-gnu/libc.so.6 (0x00007c9b5d200000)
	libarpack.so.2 => /lib/x86_64-linux-gnu/libarpack.so.2 (0x00007c9b5e744000)
	/lib64/ld-linux-x86-64.so.2 (0x00007c9b5e90f000)
	librt.so.1 => /lib/x86_64-linux-gnu/librt.so.1 (0x00007c9b5e73f000)
	libdl.so.2 => /lib/x86_64-linux-gnu/libdl.so.2 (0x00007c9b5e738000)
	libpthread.so.0 => /lib/x86_64-linux-gnu/libpthread.so.0 (0x00007c9b5e733000)
	libgfortran.so.5 => /lib/x86_64-linux-gnu/libgfortran.so.5 (0x00007c9b5ce00000)
products/products
	linux-vdso.so.1 (0x00007ee385529000)
	libarmadillo.so.14 => /lib/libarmadillo.so.14 (0x00007ee3854d8000)
	libflexiblas.so.3 => /lib/x86_64-linux-gnu/libflexiblas.so.3 (0x00007ee384c00000)
	libstdc++.so.6 => /lib/x86_64-linux-gnu/libstdc++.so.6 (0x00007ee384800000)
	libm.so.6 => /lib/x86_64-linux-gnu/libm.so.6 (0x00007ee3853e1000)
	libgcc_s.so.1 => /lib/x86_64-linux-gnu/libgcc_s.so.1 (0x00007ee3853b2000)
	libiomp5.so => /opt/intel/oneapi/compiler/2025.2/lib/libiomp5.so (0x00007ee384200000)
	libc.so.6 => /lib/x86_64-linux-gnu/libc.so.6 (0x00007ee383e00000)
	libarpack.so.2 => /lib/x86_64-linux-gnu/libarpack.so.2 (0x00007ee385360000)
	/lib64/ld-linux-x86-64.so.2 (0x00007ee38552b000)
	librt.so.1 => /lib/x86_64-linux-gnu/librt.so.1 (0x00007ee38535b000)
	libdl.so.2 => /lib/x86_64-linux-gnu/libdl.so.2 (0x00007ee385354000)
	libpthread.so.0 => /lib/x86_64-linux-gnu/libpthread.so.0 (0x00007ee38534f000)
	libgfortran.so.5 => /lib/x86_64-linux-gnu/libgfortran.so.5 (0x00007ee383a00000)
squaring/squaring
	linux-vdso.so.1 (0x00007f137bd82000)
	libarmadillo.so.14 => /lib/libarmadillo.so.14 (0x00007f137bd31000)
	libflexiblas.so.3 => /lib/x86_64-linux-gnu/libflexiblas.so.3 (0x00007f137b600000)
	libstdc++.so.6 => /lib/x86_64-linux-gnu/libstdc++.so.6 (0x00007f137b200000)
	libm.so.6 => /lib/x86_64-linux-gnu/libm.so.6 (0x00007f137b509000)
	libgcc_s.so.1 => /lib/x86_64-linux-gnu/libgcc_s.so.1 (0x00007f137b4dc000)
	libiomp5.so => /opt/intel/oneapi/compiler/2025.2/lib/libiomp5.so (0x00007f137ac00000)
	libc.so.6 => /lib/x86_64-linux-gnu/libc.so.6 (0x00007f137a800000)
	libarpack.so.2 => /lib/x86_64-linux-gnu/libarpack.so.2 (0x00007f137b1ae000)
	/lib64/ld-linux-x86-64.so.2 (0x00007f137bd84000)
	librt.so.1 => /lib/x86_64-linux-gnu/librt.so.1 (0x00007f137bd2a000)
	libdl.so.2 => /lib/x86_64-linux-gnu/libdl.so.2 (0x00007f137bd23000)
	libpthread.so.0 => /lib/x86_64-linux-gnu/libpthread.so.0 (0x00007f137bd1e000)
	libgfortran.so.5 => /lib/x86_64-linux-gnu/libgfortran.so.5 (0x00007f137a400000)
transforms/transforms
	linux-vdso.so.1 (0x00007dfe9c212000)
	libarmadillo.so.14 => /lib/libarmadillo.so.14 (0x00007dfe9c1c1000)
	libflexiblas.so.3 => /lib/x86_64-linux-gnu/libflexiblas.so.3 (0x00007dfe9ba00000)
	libstdc++.so.6 => /lib/x86_64-linux-gnu/libstdc++.so.6 (0x00007dfe9b600000)
	libm.so.6 => /lib/x86_64-linux-gnu/libm.so.6 (0x00007dfe9b909000)
	libgcc_s.so.1 => /lib/x86_64-linux-gnu/libgcc_s.so.1 (0x00007dfe9c192000)
	libiomp5.so => /opt/intel/oneapi/compiler/2025.2/lib/libiomp5.so (0x00007dfe9b000000)
	libc.so.6 => /lib/x86_64-linux-gnu/libc.so.6 (0x00007dfe9ac00000)
	libarpack.so.2 => /lib/x86_64-linux-gnu/libarpack.so.2 (0x00007dfe9c140000)
	/lib64/ld-linux-x86-64.so.2 (0x00007dfe9c214000)
	librt.so.1 => /lib/x86_64-linux-gnu/librt.so.1 (0x00007dfe9c13b000)
	libdl.so.2 => /lib/x86_64-linux-gnu/libdl.so.2 (0x00007dfe9c134000)
	libpthread.so.0 => /lib/x86_64-linux-gnu/libpthread.so.0 (0x00007dfe9c12f000)
	libgfortran.so.5 => /lib/x86_64-linux-gnu/libgfortran.so.5 (0x00007dfe9a800000)
versor/versor
	linux-vdso.so.1 (0x00007c405575b000)
	libarmadillo.so.14 => /lib/libarmadillo.so.14 (0x00007c405570a000)
	libflexiblas.so.3 => /lib/x86_64-linux-gnu/libflexiblas.so.3 (0x00007c4054e00000)
	libstdc++.so.6 => /lib/x86_64-linux-gnu/libstdc++.so.6 (0x00007c4054a00000)
	libm.so.6 => /lib/x86_64-linux-gnu/libm.so.6 (0x00007c4055613000)
	libgcc_s.so.1 => /lib/x86_64-linux-gnu/libgcc_s.so.1 (0x00007c40555e4000)
	libiomp5.so => /opt/intel/oneapi/compiler/2025.2/lib/libiomp5.so (0x00007c4054400000)
	libc.so.6 => /lib/x86_64-linux-gnu/libc.so.6 (0x00007c4054000000)
	libarpack.so.2 => /lib/x86_64-linux-gnu/libarpack.so.2 (0x00007c4055592000)
	/lib64/ld-linux-x86-64.so.2 (0x00007c405575d000)
	librt.so.1 => /lib/x86_64-linux-gnu/librt.so.1 (0x00007c405558d000)
	libdl.so.2 => /lib/x86_64-linux-gnu/libdl.so.2 (0x00007c4055586000)
	libpthread.so.0 => /lib/x86_64-linux-gnu/libpthread.so.0 (0x00007c4055581000)
	libgfortran.so.5 => /lib/x86_64-linux-gnu/libgfortran.so.5 (0x00007c4053c00000)
