
framed_multi<double>
Clifford algebra squaring test:
Fill: 0.5
Cl( 1, 0) in Cl( 1, 0) CPU =        0.161 ms (setup)        0.010 (*) 
Cl( 1, 1) in Cl( 1, 1) CPU =        0.002 ms (setup)        0.001 (*) 
Cl( 2, 1) in Cl( 2, 1) CPU =        0.003 ms (setup)        0.008 (*) 
Cl( 2, 2) in Cl( 2, 2) CPU =        0.003 ms (setup)        0.006 (*) 
Cl( 3, 2) in Cl( 3, 2) CPU =        0.004 ms (setup)        0.013 (*) 
Cl( 3, 3) in Cl( 3, 3) CPU =        0.012 ms (setup)        0.035 (*) 
Cl( 4, 3) in Cl( 4, 3) CPU =        0.017 ms (setup)        0.108 (*) 
Cl( 4, 4) in Cl( 4, 4) CPU =        0.034 ms (setup)        0.593 (*) 
Cl( 5, 4) in Cl( 5, 4) CPU =        0.073 ms (setup)        1.768 (*) 
Cl( 5, 5) in Cl( 5, 5) CPU =        0.145 ms (setup)        2.447 (*) 
Cl( 6, 5) in Cl( 6, 5) CPU =        0.253 ms (setup)        8.499 (*) 
Cl( 6, 6) in Cl( 6, 6) CPU =        0.489 ms (setup)       11.108 (*) 
Cl( 7, 6) in Cl( 7, 6) CPU =        0.998 ms (setup)       39.121 (*) 
Cl( 7, 7) in Cl( 7, 7) CPU =        2.010 ms (setup)       51.565 (*) 
Cl( 8, 7) in Cl( 8, 7) CPU =        4.029 ms (setup)      188.867 (*) 
Cl( 8, 8) in Cl( 8, 8) CPU =        8.744 ms (setup)      250.343 (*) 
Cl( 9, 8) in Cl( 9, 8) CPU =       17.887 ms (setup)      706.522 (*) 
Cl( 9, 9) in Cl( 9, 9) CPU =       35.326 ms (setup)     1295.966 (*) 
Cl(10, 9) in Cl(10, 9) CPU =       72.844 ms (setup)     4952.844 (*) 
Cl(10,10) in Cl(10,10) CPU =      149.785 ms (setup)     7061.680 (*) 
Cl(11,10) in Cl(11,10) CPU =      345.321 ms (setup)    28984.710 (*) 
Cl(11,11) in Cl(11,11) CPU =      710.354 ms (setup)    43276.514 (*) 
Fill: 1
Cl( 1, 0) in Cl( 1, 0) CPU =        0.010 ms (setup)        0.007 (*) 
Cl( 1, 1) in Cl( 1, 1) CPU =        0.002 ms (setup)        0.006 (*) 
Cl( 2, 1) in Cl( 2, 1) CPU =        0.003 ms (setup)        0.006 (*) 
Cl( 2, 2) in Cl( 2, 2) CPU =        0.004 ms (setup)        0.010 (*) 
Cl( 3, 2) in Cl( 3, 2) CPU =        0.010 ms (setup)        0.025 (*) 
Cl( 3, 3) in Cl( 3, 3) CPU =        0.014 ms (setup)        0.074 (*) 
Cl( 4, 3) in Cl( 4, 3) CPU =        0.030 ms (setup)        0.233 (*) 
Cl( 4, 4) in Cl( 4, 4) CPU =        0.067 ms (setup)        0.607 (*) 
Cl( 5, 4) in Cl( 5, 4) CPU =        0.113 ms (setup)        1.907 (*) 
Cl( 5, 5) in Cl( 5, 5) CPU =        0.209 ms (setup)        2.884 (*) 
Cl( 6, 5) in Cl( 6, 5) CPU =        0.430 ms (setup)        9.140 (*) 
Cl( 6, 6) in Cl( 6, 6) CPU =        0.840 ms (setup)       13.279 (*) 
Cl( 7, 6) in Cl( 7, 6) CPU =        1.654 ms (setup)       43.793 (*) 
Cl( 7, 7) in Cl( 7, 7) CPU =        3.390 ms (setup)       65.162 (*) 
Cl( 8, 7) in Cl( 8, 7) CPU =        6.856 ms (setup)      222.526 (*) 
Cl( 8, 8) in Cl( 8, 8) CPU =       14.387 ms (setup)      333.747 (*) 
Cl( 9, 8) in Cl( 9, 8) CPU =       29.424 ms (setup)      923.506 (*) 
Cl( 9, 9) in Cl( 9, 9) CPU =       66.162 ms (setup)     1820.770 (*) 
Cl(10, 9) in Cl(10, 9) CPU =      149.435 ms (setup)     6506.201 (*) 
Cl(10,10) in Cl(10,10) CPU =      318.007 ms (setup)    10519.311 (*) 
Cl(11,10) in Cl(11,10) CPU =      657.959 ms (setup)    39751.715 (*) 
Cl(11,11) in Cl(11,11) CPU =     1332.408 ms (setup)    67380.525 (*) 

matrix_multi<double>
Clifford algebra squaring test:
Fill: 0.5
Cl( 1, 0) in Cl( 1, 0) CPU =        0.043 ms (setup)        0.004 (*) 
Cl( 1, 1) in Cl( 1, 1) CPU =        0.006 ms (setup)        0.002 (*) 
Cl( 2, 1) in Cl( 2, 1) CPU =        0.021 ms (setup)        0.001 (*) 
Cl( 2, 2) in Cl( 2, 2) CPU =        0.019 ms (setup)        0.001 (*) 
Cl( 3, 2) in Cl( 3, 2) CPU =        0.050 ms (setup)        0.008 (*) 
Cl( 3, 3) in Cl( 3, 3) CPU =       18.879 ms (setup)        0.009 (*) 
Cl( 4, 3) in Cl( 4, 3) CPU =        0.084 ms (setup)        0.005 (*) 
Cl( 4, 4) in Cl( 4, 4) CPU =        0.146 ms (setup)        0.005 (*) 
Cl( 5, 4) in Cl( 5, 4) CPU =        0.348 ms (setup)        0.014 (*) 
Cl( 5, 5) in Cl( 5, 5) CPU =        0.616 ms (setup)        0.013 (*) 
Cl( 6, 5) in Cl( 6, 5) CPU =        1.556 ms (setup)        0.066 (*) 
Cl( 6, 6) in Cl( 6, 6) CPU =        2.915 ms (setup)        0.064 (*) 
Cl( 7, 6) in Cl( 7, 6) CPU =        7.117 ms (setup)        0.421 (*) 
Cl( 7, 7) in Cl( 7, 7) CPU =       13.166 ms (setup)        0.397 (*) 
Cl( 8, 7) in Cl( 8, 7) CPU =       32.083 ms (setup)        3.082 (*) 
Cl( 8, 8) in Cl( 8, 8) CPU =       61.696 ms (setup)        3.017 (*) 
Cl( 9, 8) in Cl( 9, 8) CPU =      153.731 ms (setup)       21.977 (*) 
Cl( 9, 9) in Cl( 9, 9) CPU =      292.418 ms (setup)       22.210 (*) 
Cl(10, 9) in Cl(10, 9) CPU =      767.293 ms (setup)      170.724 (*) 
Cl(10,10) in Cl(10,10) CPU =     1526.918 ms (setup)      175.281 (*) 
Cl(11,10) in Cl(11,10) CPU =     4227.852 ms (setup)     1381.170 (*) 
Cl(11,11) in Cl(11,11) CPU =     8424.318 ms (setup)     1310.058 (*) 
Fill: 1
Cl( 1, 0) in Cl( 1, 0) CPU =        0.021 ms (setup)        0.004 (*) 
Cl( 1, 1) in Cl( 1, 1) CPU =        0.011 ms (setup)        0.001 (*) 
Cl( 2, 1) in Cl( 2, 1) CPU =        0.015 ms (setup)        0.001 (*) 
Cl( 2, 2) in Cl( 2, 2) CPU =       25.262 ms (setup)        0.004 (*) 
Cl( 3, 2) in Cl( 3, 2) CPU =        0.047 ms (setup)        0.009 (*) 
Cl( 3, 3) in Cl( 3, 3) CPU =        0.045 ms (setup)        0.003 (*) 
Cl( 4, 3) in Cl( 4, 3) CPU =        0.114 ms (setup)        0.005 (*) 
Cl( 4, 4) in Cl( 4, 4) CPU =        0.216 ms (setup)        0.006 (*) 
Cl( 5, 4) in Cl( 5, 4) CPU =        0.479 ms (setup)        0.014 (*) 
Cl( 5, 5) in Cl( 5, 5) CPU =        0.923 ms (setup)        0.014 (*) 
Cl( 6, 5) in Cl( 6, 5) CPU =        2.402 ms (setup)        0.064 (*) 
Cl( 6, 6) in Cl( 6, 6) CPU =        4.446 ms (setup)        0.064 (*) 
Cl( 7, 6) in Cl( 7, 6) CPU =       10.937 ms (setup)        0.415 (*) 
Cl( 7, 7) in Cl( 7, 7) CPU =       21.100 ms (setup)        0.420 (*) 
Cl( 8, 7) in Cl( 8, 7) CPU =       52.607 ms (setup)        3.062 (*) 
Cl( 8, 8) in Cl( 8, 8) CPU =      101.376 ms (setup)        2.966 (*) 
Cl( 9, 8) in Cl( 9, 8) CPU =      266.784 ms (setup)       23.039 (*) 
Cl( 9, 9) in Cl( 9, 9) CPU =      537.730 ms (setup)       22.101 (*) 
Cl(10, 9) in Cl(10, 9) CPU =     1436.496 ms (setup)      168.954 (*) 
Cl(10,10) in Cl(10,10) CPU =     2896.561 ms (setup)      169.755 (*) 
Cl(11,10) in Cl(11,10) CPU =     8457.337 ms (setup)     1311.684 (*) 
Cl(11,11) in Cl(11,11) CPU =    17712.243 ms (setup)     1382.147 (*) 
