expressions/expressions
	linux-vdso.so.1 (0x000074fa6f5f0000)
	libarmadillo.so.15 => /lib/libarmadillo.so.15 (0x000074fa6f5ab000)
	libopenblas.so.0 => /usr/lib/x86_64-linux-gnu/libopenblas.so.0 (0x000074fa6c920000)
	libstdc++.so.6 => /usr/lib/x86_64-linux-gnu/libstdc++.so.6 (0x000074fa6c600000)
	libm.so.6 => /usr/lib/x86_64-linux-gnu/libm.so.6 (0x000074fa6f485000)
	libgcc_s.so.1 => /usr/lib/x86_64-linux-gnu/libgcc_s.so.1 (0x000074fa6c8f2000)
	libc.so.6 => /usr/lib/x86_64-linux-gnu/libc.so.6 (0x000074fa6c200000)
	libblas.so.3 => /lib/x86_64-linux-gnu/libblas.so.3 (0x000074fa6ba00000)
	libarpack.so.2 => /usr/lib/x86_64-linux-gnu/libarpack.so.2 (0x000074fa6c8a7000)
	libsuperlu.so.7 => /usr/lib/x86_64-linux-gnu/libsuperlu.so.7 (0x000074fa6c58b000)
	/lib64/ld-linux-x86-64.so.2 (0x000074fa6f5f2000)
	libmvec.so.1 => /usr/lib/x86_64-linux-gnu/libmvec.so.1 (0x000074fa6c490000)
	libgfortran.so.5 => /usr/lib/x86_64-linux-gnu/libgfortran.so.5 (0x000074fa6b600000)
gfft_test/gfft_test
	linux-vdso.so.1 (0x00007709033c3000)
	libarmadillo.so.15 => /lib/libarmadillo.so.15 (0x000077090337e000)
	libopenblas.so.0 => /usr/lib/x86_64-linux-gnu/libopenblas.so.0 (0x0000770900b20000)
	libstdc++.so.6 => /usr/lib/x86_64-linux-gnu/libstdc++.so.6 (0x0000770900800000)
	libm.so.6 => /usr/lib/x86_64-linux-gnu/libm.so.6 (0x00007709006da000)
	libgcc_s.so.1 => /usr/lib/x86_64-linux-gnu/libgcc_s.so.1 (0x0000770903350000)
	libc.so.6 => /usr/lib/x86_64-linux-gnu/libc.so.6 (0x0000770900400000)
	libblas.so.3 => /lib/x86_64-linux-gnu/libblas.so.3 (0x00007708ffc00000)
	libarpack.so.2 => /usr/lib/x86_64-linux-gnu/libarpack.so.2 (0x0000770903303000)
	libsuperlu.so.7 => /usr/lib/x86_64-linux-gnu/libsuperlu.so.7 (0x0000770900aab000)
	/lib64/ld-linux-x86-64.so.2 (0x00007709033c5000)
	libmvec.so.1 => /usr/lib/x86_64-linux-gnu/libmvec.so.1 (0x00007708ffb05000)
	libgfortran.so.5 => /usr/lib/x86_64-linux-gnu/libgfortran.so.5 (0x00007708ff600000)
products/products
	linux-vdso.so.1 (0x000077a1a5cb6000)
	libarmadillo.so.15 => /lib/libarmadillo.so.15 (0x000077a1a5c71000)
	libopenblas.so.0 => /usr/lib/x86_64-linux-gnu/libopenblas.so.0 (0x000077a1a3120000)
	libstdc++.so.6 => /usr/lib/x86_64-linux-gnu/libstdc++.so.6 (0x000077a1a2e00000)
	libm.so.6 => /usr/lib/x86_64-linux-gnu/libm.so.6 (0x000077a1a2cda000)
	libgcc_s.so.1 => /usr/lib/x86_64-linux-gnu/libgcc_s.so.1 (0x000077a1a5c43000)
	libc.so.6 => /usr/lib/x86_64-linux-gnu/libc.so.6 (0x000077a1a2a00000)
	libblas.so.3 => /lib/x86_64-linux-gnu/libblas.so.3 (0x000077a1a2200000)
	libarpack.so.2 => /usr/lib/x86_64-linux-gnu/libarpack.so.2 (0x000077a1a5bf6000)
	libsuperlu.so.7 => /usr/lib/x86_64-linux-gnu/libsuperlu.so.7 (0x000077a1a30ab000)
	/lib64/ld-linux-x86-64.so.2 (0x000077a1a5cb8000)
	libmvec.so.1 => /usr/lib/x86_64-linux-gnu/libmvec.so.1 (0x000077a1a2105000)
	libgfortran.so.5 => /usr/lib/x86_64-linux-gnu/libgfortran.so.5 (0x000077a1a1c00000)
squaring/squaring
	linux-vdso.so.1 (0x000075fd5df60000)
	libarmadillo.so.15 => /lib/libarmadillo.so.15 (0x000075fd5dbeb000)
	libopenblas.so.0 => /usr/lib/x86_64-linux-gnu/libopenblas.so.0 (0x000075fd5b710000)
	libstdc++.so.6 => /usr/lib/x86_64-linux-gnu/libstdc++.so.6 (0x000075fd5b400000)
	libm.so.6 => /usr/lib/x86_64-linux-gnu/libm.so.6 (0x000075fd5b2da000)
	libgcc_s.so.1 => /usr/lib/x86_64-linux-gnu/libgcc_s.so.1 (0x000075fd5b6e2000)
	libc.so.6 => /usr/lib/x86_64-linux-gnu/libc.so.6 (0x000075fd5b000000)
	libblas.so.3 => /lib/x86_64-linux-gnu/libblas.so.3 (0x000075fd5a800000)
	libarpack.so.2 => /usr/lib/x86_64-linux-gnu/libarpack.so.2 (0x000075fd5b28f000)
	libsuperlu.so.7 => /usr/lib/x86_64-linux-gnu/libsuperlu.so.7 (0x000075fd5af8b000)
	/lib64/ld-linux-x86-64.so.2 (0x000075fd5df62000)
	libmvec.so.1 => /usr/lib/x86_64-linux-gnu/libmvec.so.1 (0x000075fd5a705000)
	libgfortran.so.5 => /usr/lib/x86_64-linux-gnu/libgfortran.so.5 (0x000075fd5a200000)
transforms/transforms
	linux-vdso.so.1 (0x00007a9beb721000)
	libarmadillo.so.15 => /lib/libarmadillo.so.15 (0x00007a9beb704000)
	libopenblas.so.0 => /usr/lib/x86_64-linux-gnu/libopenblas.so.0 (0x00007a9be8ef8000)
	libstdc++.so.6 => /usr/lib/x86_64-linux-gnu/libstdc++.so.6 (0x00007a9be8c00000)
	libm.so.6 => /usr/lib/x86_64-linux-gnu/libm.so.6 (0x00007a9be8ada000)
	libgcc_s.so.1 => /usr/lib/x86_64-linux-gnu/libgcc_s.so.1 (0x00007a9be8eca000)
	libc.so.6 => /usr/lib/x86_64-linux-gnu/libc.so.6 (0x00007a9be8800000)
	libblas.so.3 => /lib/x86_64-linux-gnu/libblas.so.3 (0x00007a9be8000000)
	libarpack.so.2 => /usr/lib/x86_64-linux-gnu/libarpack.so.2 (0x00007a9be8a8f000)
	libsuperlu.so.7 => /usr/lib/x86_64-linux-gnu/libsuperlu.so.7 (0x00007a9be878b000)
	/lib64/ld-linux-x86-64.so.2 (0x00007a9beb723000)
	libmvec.so.1 => /usr/lib/x86_64-linux-gnu/libmvec.so.1 (0x00007a9be7f05000)
	libgfortran.so.5 => /usr/lib/x86_64-linux-gnu/libgfortran.so.5 (0x00007a9be7a00000)
versor/versor
	linux-vdso.so.1 (0x00007b317660e000)
	libarmadillo.so.15 => /lib/libarmadillo.so.15 (0x00007b31765c9000)
	libopenblas.so.0 => /usr/lib/x86_64-linux-gnu/libopenblas.so.0 (0x00007b3173d20000)
	libstdc++.so.6 => /usr/lib/x86_64-linux-gnu/libstdc++.so.6 (0x00007b3173a00000)
	libm.so.6 => /usr/lib/x86_64-linux-gnu/libm.so.6 (0x00007b31738da000)
	libgcc_s.so.1 => /usr/lib/x86_64-linux-gnu/libgcc_s.so.1 (0x00007b317659b000)
	libc.so.6 => /usr/lib/x86_64-linux-gnu/libc.so.6 (0x00007b3173600000)
	libblas.so.3 => /lib/x86_64-linux-gnu/libblas.so.3 (0x00007b3172e00000)
	libarpack.so.2 => /usr/lib/x86_64-linux-gnu/libarpack.so.2 (0x00007b317654e000)
	libsuperlu.so.7 => /usr/lib/x86_64-linux-gnu/libsuperlu.so.7 (0x00007b3173cab000)
	/lib64/ld-linux-x86-64.so.2 (0x00007b3176610000)
	libmvec.so.1 => /usr/lib/x86_64-linux-gnu/libmvec.so.1 (0x00007b3172d05000)
	libgfortran.so.5 => /usr/lib/x86_64-linux-gnu/libgfortran.so.5 (0x00007b3172800000)
