expressions/expressions
	linux-vdso.so.1 (0x0000714ad38bb000)
	libflexiblas.so.3 => /lib/x86_64-linux-gnu/libflexiblas.so.3 (0x0000714ad3000000)
	libstdc++.so.6 => /lib/x86_64-linux-gnu/libstdc++.so.6 (0x0000714ad2c00000)
	libm.so.6 => /lib/x86_64-linux-gnu/libm.so.6 (0x0000714ad3786000)
	libgcc_s.so.1 => /lib/x86_64-linux-gnu/libgcc_s.so.1 (0x0000714ad3759000)
	libiomp5.so => /opt/intel/oneapi/compiler/2025.2/lib/libiomp5.so (0x0000714ad2600000)
	libc.so.6 => /lib/x86_64-linux-gnu/libc.so.6 (0x0000714ad2200000)
	/lib64/ld-linux-x86-64.so.2 (0x0000714ad38bd000)
	librt.so.1 => /lib/x86_64-linux-gnu/librt.so.1 (0x0000714ad3752000)
	libdl.so.2 => /lib/x86_64-linux-gnu/libdl.so.2 (0x0000714ad374d000)
	libpthread.so.0 => /lib/x86_64-linux-gnu/libpthread.so.0 (0x0000714ad3748000)
gfft_test/gfft_test
	linux-vdso.so.1 (0x00007515ca3f6000)
	libflexiblas.so.3 => /lib/x86_64-linux-gnu/libflexiblas.so.3 (0x00007515c9c00000)
	libstdc++.so.6 => /lib/x86_64-linux-gnu/libstdc++.so.6 (0x00007515c9800000)
	libm.so.6 => /lib/x86_64-linux-gnu/libm.so.6 (0x00007515c9b09000)
	libgcc_s.so.1 => /lib/x86_64-linux-gnu/libgcc_s.so.1 (0x00007515ca38b000)
	libiomp5.so => /opt/intel/oneapi/compiler/2025.2/lib/libiomp5.so (0x00007515c9200000)
	libc.so.6 => /lib/x86_64-linux-gnu/libc.so.6 (0x00007515c8e00000)
	/lib64/ld-linux-x86-64.so.2 (0x00007515ca3f8000)
	librt.so.1 => /lib/x86_64-linux-gnu/librt.so.1 (0x00007515ca384000)
	libdl.so.2 => /lib/x86_64-linux-gnu/libdl.so.2 (0x00007515ca37f000)
	libpthread.so.0 => /lib/x86_64-linux-gnu/libpthread.so.0 (0x00007515ca37a000)
products/products
	linux-vdso.so.1 (0x0000723b7b4e1000)
	libflexiblas.so.3 => /lib/x86_64-linux-gnu/libflexiblas.so.3 (0x0000723b7ac00000)
	libstdc++.so.6 => /lib/x86_64-linux-gnu/libstdc++.so.6 (0x0000723b7a800000)
	libm.so.6 => /lib/x86_64-linux-gnu/libm.so.6 (0x0000723b7b3ac000)
	libgcc_s.so.1 => /lib/x86_64-linux-gnu/libgcc_s.so.1 (0x0000723b7b37f000)
	libiomp5.so => /opt/intel/oneapi/compiler/2025.2/lib/libiomp5.so (0x0000723b7a200000)
	libc.so.6 => /lib/x86_64-linux-gnu/libc.so.6 (0x0000723b79e00000)
	/lib64/ld-linux-x86-64.so.2 (0x0000723b7b4e3000)
	librt.so.1 => /lib/x86_64-linux-gnu/librt.so.1 (0x0000723b7b378000)
	libdl.so.2 => /lib/x86_64-linux-gnu/libdl.so.2 (0x0000723b7b373000)
	libpthread.so.0 => /lib/x86_64-linux-gnu/libpthread.so.0 (0x0000723b7b36e000)
squaring/squaring
	linux-vdso.so.1 (0x00007c4c1887f000)
	libflexiblas.so.3 => /lib/x86_64-linux-gnu/libflexiblas.so.3 (0x00007c4c18000000)
	libstdc++.so.6 => /lib/x86_64-linux-gnu/libstdc++.so.6 (0x00007c4c17c00000)
	libm.so.6 => /lib/x86_64-linux-gnu/libm.so.6 (0x00007c4c1874a000)
	libgcc_s.so.1 => /lib/x86_64-linux-gnu/libgcc_s.so.1 (0x00007c4c1871d000)
	libiomp5.so => /opt/intel/oneapi/compiler/2025.2/lib/libiomp5.so (0x00007c4c17600000)
	libc.so.6 => /lib/x86_64-linux-gnu/libc.so.6 (0x00007c4c17200000)
	/lib64/ld-linux-x86-64.so.2 (0x00007c4c18881000)
	librt.so.1 => /lib/x86_64-linux-gnu/librt.so.1 (0x00007c4c18716000)
	libdl.so.2 => /lib/x86_64-linux-gnu/libdl.so.2 (0x00007c4c17ffb000)
	libpthread.so.0 => /lib/x86_64-linux-gnu/libpthread.so.0 (0x00007c4c17ff6000)
transforms/transforms
	linux-vdso.so.1 (0x00007a4bfd91c000)
	libflexiblas.so.3 => /lib/x86_64-linux-gnu/libflexiblas.so.3 (0x00007a4bfd000000)
	libstdc++.so.6 => /lib/x86_64-linux-gnu/libstdc++.so.6 (0x00007a4bfcc00000)
	libm.so.6 => /lib/x86_64-linux-gnu/libm.so.6 (0x00007a4bfd7e7000)
	libgcc_s.so.1 => /lib/x86_64-linux-gnu/libgcc_s.so.1 (0x00007a4bfd7ba000)
	libiomp5.so => /opt/intel/oneapi/compiler/2025.2/lib/libiomp5.so (0x00007a4bfc600000)
	libc.so.6 => /lib/x86_64-linux-gnu/libc.so.6 (0x00007a4bfc200000)
	/lib64/ld-linux-x86-64.so.2 (0x00007a4bfd91e000)
	librt.so.1 => /lib/x86_64-linux-gnu/librt.so.1 (0x00007a4bfd7b3000)
	libdl.so.2 => /lib/x86_64-linux-gnu/libdl.so.2 (0x00007a4bfd7ae000)
	libpthread.so.0 => /lib/x86_64-linux-gnu/libpthread.so.0 (0x00007a4bfd7a9000)
versor/versor
	linux-vdso.so.1 (0x0000788f41a36000)
	libflexiblas.so.3 => /lib/x86_64-linux-gnu/libflexiblas.so.3 (0x0000788f41200000)
	libstdc++.so.6 => /lib/x86_64-linux-gnu/libstdc++.so.6 (0x0000788f40e00000)
	libm.so.6 => /lib/x86_64-linux-gnu/libm.so.6 (0x0000788f41109000)
	libgcc_s.so.1 => /lib/x86_64-linux-gnu/libgcc_s.so.1 (0x0000788f419cb000)
	libiomp5.so => /opt/intel/oneapi/compiler/2025.2/lib/libiomp5.so (0x0000788f40800000)
	libc.so.6 => /lib/x86_64-linux-gnu/libc.so.6 (0x0000788f40400000)
	/lib64/ld-linux-x86-64.so.2 (0x0000788f41a38000)
	librt.so.1 => /lib/x86_64-linux-gnu/librt.so.1 (0x0000788f419c4000)
	libdl.so.2 => /lib/x86_64-linux-gnu/libdl.so.2 (0x0000788f419bf000)
	libpthread.so.0 => /lib/x86_64-linux-gnu/libpthread.so.0 (0x0000788f419ba000)
