
framed_multi<float,-4,4>
Clifford algebra products test:
Fill: 0.5
Cl( 1, 0) in Cl( 1, 0) CPU =        0.004 ms (setup)        0.002 (*)        0.001 (^)        0.001 (&)        0.001 (%) 
Cl( 1, 1) in Cl( 1, 1) CPU =        0.001 ms (setup)        0.001 (*)        0.001 (^)        0.001 (&)        0.001 (%) 
Cl( 2, 1) in Cl( 2, 1) CPU =        0.002 ms (setup)        0.003 (*)        0.002 (^)        0.002 (&)        0.002 (%) 
Cl( 2, 2) in Cl( 2, 2) CPU =        0.002 ms (setup)        0.005 (*)        0.003 (^)        0.003 (&)        0.003 (%) 
Cl( 3, 2) in Cl( 3, 2) CPU =        0.004 ms (setup)        0.009 (*)        0.005 (^)        0.005 (&)        0.005 (%) 
Cl( 3, 3) in Cl( 3, 3) CPU =        0.012 ms (setup)        0.044 (*)        0.011 (^)        0.011 (&)        0.009 (%) 
Cl( 4, 3) in Cl( 4, 3) CPU =        0.015 ms (setup)        0.068 (*)        0.034 (^)        0.033 (&)        0.026 (%) 
Cl( 4, 4) in Cl( 4, 4) CPU =        0.029 ms (setup)        0.527 (*)        0.085 (^)        0.106 (&)        0.059 (%) 
Cl( 1, 0) in Cl( 4, 4) CPU =        0.001 ms (setup)        0.001 (*)        0.001 (^)        0.001 (&)        0.001 (%) 
Cl( 1, 1) in Cl( 4, 4) CPU =        0.001 ms (setup)        0.001 (*)        0.001 (^)        0.001 (&)        0.001 (%) 
Cl( 2, 1) in Cl( 4, 4) CPU =        0.002 ms (setup)        0.003 (*)        0.002 (^)        0.002 (&)        0.002 (%) 
Cl( 2, 2) in Cl( 4, 4) CPU =        0.002 ms (setup)        0.003 (*)        0.002 (^)        0.002 (&)        0.002 (%) 
Cl( 3, 2) in Cl( 4, 4) CPU =        0.004 ms (setup)        0.011 (*)        0.007 (^)        0.005 (&)        0.005 (%) 
Cl( 3, 3) in Cl( 4, 4) CPU =        0.008 ms (setup)        0.024 (*)        0.013 (^)        0.011 (&)        0.009 (%) 
Cl( 4, 3) in Cl( 4, 4) CPU =        0.015 ms (setup)        0.074 (*)        0.033 (^)        0.035 (&)        0.026 (%) 
Cl( 4, 4) in Cl( 4, 4) CPU =        0.029 ms (setup)        0.548 (*)        0.086 (^)        0.090 (&)        0.095 (%) 
Fill: 1
Cl( 1, 0) in Cl( 1, 0) CPU =        0.001 ms (setup)        0.002 (*)        0.001 (^)        0.001 (&)        0.001 (%) 
Cl( 1, 1) in Cl( 1, 1) CPU =        0.001 ms (setup)        0.002 (*)        0.001 (^)        0.002 (&)        0.001 (%) 
Cl( 2, 1) in Cl( 2, 1) CPU =        0.002 ms (setup)        0.003 (*)        0.002 (^)        0.002 (&)        0.002 (%) 
Cl( 2, 2) in Cl( 2, 2) CPU =        0.003 ms (setup)        0.007 (*)        0.004 (^)        0.004 (&)        0.004 (%) 
Cl( 3, 2) in Cl( 3, 2) CPU =        0.005 ms (setup)        0.017 (*)        0.008 (^)        0.008 (&)        0.007 (%) 
Cl( 3, 3) in Cl( 3, 3) CPU =        0.011 ms (setup)        0.050 (*)        0.017 (^)        0.025 (&)        0.019 (%) 
Cl( 4, 3) in Cl( 4, 3) CPU =        0.026 ms (setup)        0.167 (*)        0.036 (^)        0.054 (&)        0.041 (%) 
Cl( 4, 4) in Cl( 4, 4) CPU =        0.075 ms (setup)        0.689 (*)        0.090 (^)        0.149 (&)        0.112 (%) 
Cl( 1, 0) in Cl( 4, 4) CPU =        0.001 ms (setup)        0.004 (*)        0.001 (^)        0.001 (&)        0.001 (%) 
Cl( 1, 1) in Cl( 4, 4) CPU =        0.002 ms (setup)        0.002 (*)        0.002 (^)        0.001 (&)        0.002 (%) 
Cl( 2, 1) in Cl( 4, 4) CPU =        0.002 ms (setup)        0.003 (*)        0.002 (^)        0.002 (&)        0.002 (%) 
Cl( 2, 2) in Cl( 4, 4) CPU =        0.003 ms (setup)        0.007 (*)        0.003 (^)        0.004 (&)        0.004 (%) 
Cl( 3, 2) in Cl( 4, 4) CPU =        0.005 ms (setup)        0.017 (*)        0.007 (^)        0.010 (&)        0.007 (%) 
Cl( 3, 3) in Cl( 4, 4) CPU =        0.011 ms (setup)        0.051 (*)        0.015 (^)        0.021 (&)        0.017 (%) 
Cl( 4, 3) in Cl( 4, 4) CPU =        0.027 ms (setup)        0.167 (*)        0.036 (^)        0.055 (&)        0.045 (%) 
Cl( 4, 4) in Cl( 4, 4) CPU =        0.052 ms (setup)        0.684 (*)        0.091 (^)        0.149 (&)        0.133 (%) 

matrix_multi<float,-4,4>
Clifford algebra products test:
Fill: 0.5
Cl( 1, 0) in Cl( 1, 0) CPU =        0.013 ms (setup)        0.001 (*)        0.009 (^)        0.007 (&)        0.009 (%) 
Cl( 1, 1) in Cl( 1, 1) CPU =        0.005 ms (setup)        0.001 (*)        0.007 (^)        0.007 (&)        0.009 (%) 
Cl( 2, 1) in Cl( 2, 1) CPU =        0.003 ms (setup)        0.001 (*)        0.016 (^)        0.022 (&)        0.022 (%) 
Cl( 2, 2) in Cl( 2, 2) CPU =        0.009 ms (setup)        0.001 (*)        0.070 (^)        0.036 (&)        0.046 (%) 
Cl( 3, 2) in Cl( 3, 2) CPU =        0.018 ms (setup)        0.001 (*)        0.249 (^)        0.182 (&)        0.214 (%) 
Cl( 3, 3) in Cl( 3, 3) CPU =        0.034 ms (setup)        0.002 (*)        0.327 (^)        0.330 (&)        0.351 (%) 
Cl( 4, 3) in Cl( 4, 3) CPU =        0.074 ms (setup)        0.003 (*)        1.346 (^)        1.395 (&)        1.373 (%) 
Cl( 4, 4) in Cl( 4, 4) CPU =        0.143 ms (setup)        0.002 (*)        2.194 (^)        2.196 (&)        2.257 (%) 
Cl( 1, 0) in Cl( 4, 4) CPU =        0.001 ms (setup)        0.002 (*)        0.007 (^)        0.007 (&)        0.007 (%) 
Cl( 1, 1) in Cl( 4, 4) CPU =        0.005 ms (setup)        0.002 (*)        0.095 (^)        0.059 (&)        0.082 (%) 
Cl( 2, 1) in Cl( 4, 4) CPU =        0.013 ms (setup)        0.002 (*)        0.112 (^)        0.073 (&)        0.090 (%) 
Cl( 2, 2) in Cl( 4, 4) CPU =        0.026 ms (setup)        0.002 (*)        0.197 (^)        0.130 (&)        0.155 (%) 
Cl( 3, 2) in Cl( 4, 4) CPU =        0.076 ms (setup)        0.002 (*)        0.245 (^)        0.228 (&)        0.218 (%) 
Cl( 3, 3) in Cl( 4, 4) CPU =        0.113 ms (setup)        0.002 (*)        0.477 (^)        0.419 (&)        0.416 (%) 
Cl( 4, 3) in Cl( 4, 4) CPU =        0.276 ms (setup)        0.002 (*)        1.348 (^)        1.377 (&)        1.391 (%) 
Cl( 4, 4) in Cl( 4, 4) CPU =        0.144 ms (setup)        0.002 (*)        2.068 (^)        2.224 (&)        2.235 (%) 
Fill: 1
Cl( 1, 0) in Cl( 1, 0) CPU =        0.003 ms (setup)        0.001 (*)        0.009 (^)        0.007 (&)        0.009 (%) 
Cl( 1, 1) in Cl( 1, 1) CPU =        0.003 ms (setup)        0.001 (*)        0.014 (^)        0.009 (&)        0.013 (%) 
Cl( 2, 1) in Cl( 2, 1) CPU =        0.005 ms (setup)        0.001 (*)        0.052 (^)        0.038 (&)        0.044 (%) 
Cl( 2, 2) in Cl( 2, 2) CPU =        0.009 ms (setup)        0.001 (*)        0.072 (^)        0.058 (&)        0.071 (%) 
Cl( 3, 2) in Cl( 3, 2) CPU =        0.022 ms (setup)        0.001 (*)        0.241 (^)        0.244 (&)        0.259 (%) 
Cl( 3, 3) in Cl( 3, 3) CPU =        0.042 ms (setup)        0.001 (*)        0.400 (^)        0.378 (&)        0.407 (%) 
Cl( 4, 3) in Cl( 4, 3) CPU =        0.102 ms (setup)        0.002 (*)        1.658 (^)        1.683 (&)        1.693 (%) 
Cl( 4, 4) in Cl( 4, 4) CPU =        0.203 ms (setup)        0.002 (*)        2.560 (^)        2.476 (&)        2.510 (%) 
Cl( 1, 0) in Cl( 4, 4) CPU =        0.006 ms (setup)        0.002 (*)        0.084 (^)        0.052 (&)        0.066 (%) 
Cl( 1, 1) in Cl( 4, 4) CPU =        0.005 ms (setup)        0.002 (*)        0.095 (^)        0.060 (&)        0.084 (%) 
Cl( 2, 1) in Cl( 4, 4) CPU =        0.015 ms (setup)        0.003 (*)        0.150 (^)        0.133 (&)        0.115 (%) 
Cl( 2, 2) in Cl( 4, 4) CPU =        0.036 ms (setup)        0.002 (*)        0.216 (^)        0.139 (&)        0.172 (%) 
Cl( 3, 2) in Cl( 4, 4) CPU =        0.086 ms (setup)        0.002 (*)        0.437 (^)        0.320 (&)        0.327 (%) 
Cl( 3, 3) in Cl( 4, 4) CPU =        0.138 ms (setup)        0.002 (*)        0.650 (^)        0.535 (&)        0.569 (%) 
Cl( 4, 3) in Cl( 4, 4) CPU =        0.360 ms (setup)        0.002 (*)        1.825 (^)        1.703 (&)        1.714 (%) 
Cl( 4, 4) in Cl( 4, 4) CPU =        0.204 ms (setup)        0.002 (*)        2.475 (^)        2.466 (&)        2.529 (%) 

framed_multi<double>
Clifford algebra products test:
Fill: 0.5
Cl( 1, 0) in Cl( 1, 0) CPU =        0.001 ms (setup)        0.002 (*)        0.002 (^)        0.001 (&)        0.001 (%) 
Cl( 1, 1) in Cl( 1, 1) CPU =        0.001 ms (setup)        0.001 (*)        0.001 (^)        0.001 (&)        0.001 (%) 
Cl( 2, 1) in Cl( 2, 1) CPU =        0.002 ms (setup)        0.004 (*)        0.002 (^)        0.002 (&)        0.002 (%) 
Cl( 2, 2) in Cl( 2, 2) CPU =        0.002 ms (setup)        0.005 (*)        0.004 (^)        0.004 (&)        0.004 (%) 
Cl( 3, 2) in Cl( 3, 2) CPU =        0.005 ms (setup)        0.013 (*)        0.007 (^)        0.009 (&)        0.006 (%) 
Cl( 3, 3) in Cl( 3, 3) CPU =        0.007 ms (setup)        0.032 (*)        0.019 (^)        0.015 (&)        0.013 (%) 
Cl( 4, 3) in Cl( 4, 3) CPU =        0.016 ms (setup)        0.089 (*)        0.041 (^)        0.040 (&)        0.032 (%) 
Cl( 4, 4) in Cl( 4, 4) CPU =        0.030 ms (setup)        0.506 (*)        0.098 (^)        0.097 (&)        0.069 (%) 
Cl( 5, 4) in Cl( 5, 4) CPU =        0.062 ms (setup)        1.750 (*)        0.276 (^)        0.279 (&)        0.198 (%) 
Cl( 5, 5) in Cl( 5, 5) CPU =        0.120 ms (setup)        2.339 (*)        0.711 (^)        0.660 (&)        0.443 (%) 
Cl( 6, 5) in Cl( 6, 5) CPU =        0.241 ms (setup)        8.175 (*)        2.032 (^)        1.939 (&)        1.272 (%) 
Cl( 6, 6) in Cl( 6, 6) CPU =        0.522 ms (setup)       11.526 (*)        5.609 (^)        5.292 (&)        3.111 (%) 
Cl( 7, 6) in Cl( 7, 6) CPU =        1.016 ms (setup)       38.480 (*)       16.563 (^)       15.893 (&)        9.068 (%) 
Cl( 7, 7) in Cl( 7, 7) CPU =        1.974 ms (setup)       52.179 (*)       47.733 (^)       46.126 (&)       24.796 (%) 
Cl( 8, 7) in Cl( 8, 7) CPU =        4.122 ms (setup)      184.992 (*)      142.879 (^)      133.365 (&)       70.311 (%) 
Cl( 8, 8) in Cl( 8, 8) CPU =        8.072 ms (setup)      251.257 (*)      422.800 (^)      413.498 (&)      214.393 (%) 
Cl( 1, 0) in Cl( 8, 8) CPU =        0.003 ms (setup)        0.001 (*)        0.001 (^)        0.001 (&)        0.001 (%) 
Cl( 1, 1) in Cl( 8, 8) CPU =        0.001 ms (setup)        0.001 (*)        0.001 (^)        0.001 (&)        0.001 (%) 
Cl( 2, 1) in Cl( 8, 8) CPU =        0.002 ms (setup)        0.001 (*)        0.001 (^)        0.001 (&)        0.001 (%) 
Cl( 2, 2) in Cl( 8, 8) CPU =        0.002 ms (setup)        0.005 (*)        0.003 (^)        0.003 (&)        0.003 (%) 
Cl( 3, 2) in Cl( 8, 8) CPU =        0.004 ms (setup)        0.011 (*)        0.007 (^)        0.006 (&)        0.007 (%) 
Cl( 3, 3) in Cl( 8, 8) CPU =        0.011 ms (setup)        0.028 (*)        0.017 (^)        0.013 (&)        0.012 (%) 
Cl( 4, 3) in Cl( 8, 8) CPU =        0.015 ms (setup)        0.071 (*)        0.038 (^)        0.032 (&)        0.028 (%) 
Cl( 4, 4) in Cl( 8, 8) CPU =        0.032 ms (setup)        0.503 (*)        0.104 (^)        0.106 (&)        0.075 (%) 
Cl( 5, 4) in Cl( 8, 8) CPU =        0.061 ms (setup)        1.708 (*)        0.275 (^)        0.271 (&)        0.189 (%) 
Cl( 5, 5) in Cl( 8, 8) CPU =        0.120 ms (setup)        2.298 (*)        0.694 (^)        0.692 (&)        0.444 (%) 
Cl( 6, 5) in Cl( 8, 8) CPU =        0.246 ms (setup)        7.967 (*)        1.961 (^)        1.966 (&)        1.226 (%) 
Cl( 6, 6) in Cl( 8, 8) CPU =        0.499 ms (setup)       10.817 (*)        5.528 (^)        5.138 (&)        3.026 (%) 
Cl( 7, 6) in Cl( 8, 8) CPU =        0.984 ms (setup)       37.481 (*)       16.169 (^)       15.308 (&)        8.498 (%) 
Cl( 7, 7) in Cl( 8, 8) CPU =        1.971 ms (setup)       50.876 (*)       47.904 (^)       46.355 (&)       25.025 (%) 
Cl( 8, 7) in Cl( 8, 8) CPU =        4.037 ms (setup)      182.984 (*)      142.859 (^)      137.662 (&)       73.080 (%) 
Cl( 8, 8) in Cl( 8, 8) CPU =        8.095 ms (setup)      251.310 (*)      422.209 (^)      415.842 (&)      214.817 (%) 
Fill: 1
Cl( 1, 0) in Cl( 1, 0) CPU =        0.001 ms (setup)        0.002 (*)        0.002 (^)        0.001 (&)        0.001 (%) 
Cl( 1, 1) in Cl( 1, 1) CPU =        0.001 ms (setup)        0.002 (*)        0.002 (^)        0.002 (&)        0.002 (%) 
Cl( 2, 1) in Cl( 2, 1) CPU =        0.002 ms (setup)        0.004 (*)        0.003 (^)        0.003 (&)        0.003 (%) 
Cl( 2, 2) in Cl( 2, 2) CPU =        0.004 ms (setup)        0.009 (*)        0.004 (^)        0.005 (&)        0.005 (%) 
Cl( 3, 2) in Cl( 3, 2) CPU =        0.007 ms (setup)        0.025 (*)        0.009 (^)        0.010 (&)        0.009 (%) 
Cl( 3, 3) in Cl( 3, 3) CPU =        0.013 ms (setup)        0.069 (*)        0.020 (^)        0.026 (&)        0.021 (%) 
Cl( 4, 3) in Cl( 4, 3) CPU =        0.026 ms (setup)        0.224 (*)        0.046 (^)        0.067 (&)        0.049 (%) 
Cl( 4, 4) in Cl( 4, 4) CPU =        0.053 ms (setup)        0.586 (*)        0.111 (^)        0.169 (&)        0.118 (%) 
Cl( 5, 4) in Cl( 5, 4) CPU =        0.103 ms (setup)        1.937 (*)        0.273 (^)        0.475 (&)        0.310 (%) 
Cl( 5, 5) in Cl( 5, 5) CPU =        0.240 ms (setup)        2.881 (*)        0.690 (^)        1.210 (&)        0.761 (%) 
Cl( 6, 5) in Cl( 6, 5) CPU =        0.414 ms (setup)        9.302 (*)        1.796 (^)        3.421 (&)        2.036 (%) 
Cl( 6, 6) in Cl( 6, 6) CPU =        0.797 ms (setup)       13.556 (*)        4.831 (^)        9.876 (&)        5.596 (%) 
Cl( 7, 6) in Cl( 7, 6) CPU =        1.645 ms (setup)       44.509 (*)       13.748 (^)       29.293 (&)       16.108 (%) 
Cl( 7, 7) in Cl( 7, 7) CPU =        3.346 ms (setup)       66.425 (*)       39.577 (^)       87.866 (&)       46.411 (%) 
Cl( 8, 7) in Cl( 8, 7) CPU =        6.877 ms (setup)      224.522 (*)      120.350 (^)      268.986 (&)      138.353 (%) 
Cl( 8, 8) in Cl( 8, 8) CPU =       13.928 ms (setup)      344.069 (*)      350.084 (^)      831.261 (&)      420.404 (%) 
Cl( 1, 0) in Cl( 8, 8) CPU =        0.001 ms (setup)        0.002 (*)        0.001 (^)        0.001 (&)        0.001 (%) 
Cl( 1, 1) in Cl( 8, 8) CPU =        0.001 ms (setup)        0.003 (*)        0.002 (^)        0.002 (&)        0.001 (%) 
Cl( 2, 1) in Cl( 8, 8) CPU =        0.003 ms (setup)        0.004 (*)        0.002 (^)        0.002 (&)        0.002 (%) 
Cl( 2, 2) in Cl( 8, 8) CPU =        0.003 ms (setup)        0.009 (*)        0.005 (^)        0.006 (&)        0.005 (%) 
Cl( 3, 2) in Cl( 8, 8) CPU =        0.007 ms (setup)        0.024 (*)        0.009 (^)        0.011 (&)        0.009 (%) 
Cl( 3, 3) in Cl( 8, 8) CPU =        0.013 ms (setup)        0.068 (*)        0.020 (^)        0.033 (&)        0.021 (%) 
Cl( 4, 3) in Cl( 8, 8) CPU =        0.026 ms (setup)        0.225 (*)        0.054 (^)        0.064 (&)        0.049 (%) 
Cl( 4, 4) in Cl( 8, 8) CPU =        0.052 ms (setup)        0.589 (*)        0.109 (^)        0.171 (&)        0.118 (%) 
Cl( 5, 4) in Cl( 8, 8) CPU =        0.103 ms (setup)        1.975 (*)        0.270 (^)        0.440 (&)        0.293 (%) 
Cl( 5, 5) in Cl( 8, 8) CPU =        0.196 ms (setup)        2.829 (*)        0.691 (^)        1.211 (&)        0.797 (%) 
Cl( 6, 5) in Cl( 8, 8) CPU =        0.410 ms (setup)        9.570 (*)        1.808 (^)        3.428 (&)        2.029 (%) 
Cl( 6, 6) in Cl( 8, 8) CPU =        0.806 ms (setup)       13.805 (*)        4.889 (^)        9.884 (&)        5.583 (%) 
Cl( 7, 6) in Cl( 8, 8) CPU =        1.637 ms (setup)       45.093 (*)       13.832 (^)       30.712 (&)       16.040 (%) 
Cl( 7, 7) in Cl( 8, 8) CPU =        3.296 ms (setup)       66.650 (*)       39.487 (^)       87.030 (&)       46.669 (%) 
Cl( 8, 7) in Cl( 8, 8) CPU =        6.777 ms (setup)      222.914 (*)      120.242 (^)      269.647 (&)      139.568 (%) 
Cl( 8, 8) in Cl( 8, 8) CPU =       13.818 ms (setup)      340.896 (*)      356.596 (^)      830.457 (&)      424.377 (%) 

matrix_multi<double>
Clifford algebra products test:
Fill: 0.5
Cl( 1, 0) in Cl( 1, 0) CPU =        0.004 ms (setup)        0.001 (*)        0.009 (^)        0.007 (&)        0.009 (%) 
Cl( 1, 1) in Cl( 1, 1) CPU =        0.005 ms (setup)        0.001 (*)        0.007 (^)        0.007 (&)        0.007 (%) 
Cl( 2, 1) in Cl( 2, 1) CPU =        0.005 ms (setup)        0.001 (*)        0.051 (^)        0.029 (&)        0.037 (%) 
Cl( 2, 2) in Cl( 2, 2) CPU =        0.009 ms (setup)        0.001 (*)        0.033 (^)        0.040 (&)        0.049 (%) 
Cl( 3, 2) in Cl( 3, 2) CPU =        0.035 ms (setup)        0.002 (*)        0.176 (^)        0.192 (&)        0.206 (%) 
Cl( 3, 3) in Cl( 3, 3) CPU =        0.034 ms (setup)        0.002 (*)        0.254 (^)        0.306 (&)        0.308 (%) 
Cl( 4, 3) in Cl( 4, 3) CPU =        0.082 ms (setup)        0.003 (*)        1.359 (^)        1.462 (&)        1.450 (%) 
Cl( 4, 4) in Cl( 4, 4) CPU =        0.152 ms (setup)        0.003 (*)        2.106 (^)        2.136 (&)        2.202 (%) 
Cl( 5, 4) in Cl( 5, 4) CPU =        0.345 ms (setup)        0.010 (*)        7.704 (^)        8.485 (&)        8.242 (%) 
Cl( 5, 5) in Cl( 5, 5) CPU =        0.650 ms (setup)        0.010 (*)       11.912 (^)       12.052 (&)       11.986 (%) 
Cl( 6, 5) in Cl( 6, 5) CPU =        1.518 ms (setup)        0.059 (*)       43.474 (^)       46.471 (&)       44.870 (%) 
Cl( 6, 6) in Cl( 6, 6) CPU =        2.974 ms (setup)        0.059 (*)       62.616 (^)       64.226 (&)       63.395 (%) 
Cl( 7, 6) in Cl( 7, 6) CPU =        6.861 ms (setup)        0.398 (*)      256.002 (^)      278.577 (&)      257.143 (%) 
Cl( 7, 7) in Cl( 7, 7) CPU =       13.448 ms (setup)        0.398 (*)      325.433 (^)      363.171 (&)      333.221 (%) 
Cl( 8, 7) in Cl( 8, 7) CPU =       31.097 ms (setup)        2.845 (*)     1530.091 (^)     1767.845 (&)     1521.601 (%) 
Cl( 8, 8) in Cl( 8, 8) CPU =       62.387 ms (setup)        2.870 (*)     1954.393 (^)     2229.144 (&)     1958.029 (%) 
Cl( 1, 0) in Cl( 8, 8) CPU =        0.057 ms (setup)        2.889 (*)       15.922 (^)       15.934 (&)       15.801 (%) 
Cl( 1, 1) in Cl( 8, 8) CPU =        0.072 ms (setup)        2.909 (*)       26.968 (^)       16.349 (&)       23.556 (%) 
Cl( 2, 1) in Cl( 8, 8) CPU =        0.107 ms (setup)        2.869 (*)       43.089 (^)       25.773 (&)       33.811 (%) 
Cl( 2, 2) in Cl( 8, 8) CPU =        0.262 ms (setup)        2.873 (*)       66.160 (^)       42.242 (&)       47.089 (%) 
Cl( 3, 2) in Cl( 8, 8) CPU =        0.958 ms (setup)        2.865 (*)       93.888 (^)       63.480 (&)       63.791 (%) 
Cl( 3, 3) in Cl( 8, 8) CPU =        1.576 ms (setup)        2.890 (*)      131.402 (^)       94.888 (&)       85.207 (%) 
Cl( 4, 3) in Cl( 8, 8) CPU =        1.705 ms (setup)        2.849 (*)      176.413 (^)      174.291 (&)      114.211 (%) 
Cl( 4, 4) in Cl( 8, 8) CPU =        1.956 ms (setup)        2.848 (*)      228.769 (^)      177.820 (&)      145.203 (%) 
Cl( 5, 4) in Cl( 8, 8) CPU =        2.760 ms (setup)        2.858 (*)      295.295 (^)      234.220 (&)      184.245 (%) 
Cl( 5, 5) in Cl( 8, 8) CPU =        3.814 ms (setup)        2.862 (*)      395.323 (^)      347.692 (&)      255.621 (%) 
Cl( 6, 5) in Cl( 8, 8) CPU =        7.502 ms (setup)        2.891 (*)      440.544 (^)      381.569 (&)      291.514 (%) 
Cl( 6, 6) in Cl( 8, 8) CPU =       12.645 ms (setup)        3.022 (*)      528.123 (^)      531.176 (&)      387.923 (%) 
Cl( 7, 6) in Cl( 8, 8) CPU =       29.420 ms (setup)        2.849 (*)      665.076 (^)      767.161 (&)      547.557 (%) 
Cl( 7, 7) in Cl( 8, 8) CPU =       52.601 ms (setup)        2.994 (*)      843.921 (^)      934.459 (&)      726.399 (%) 
Cl( 8, 7) in Cl( 8, 8) CPU =      127.756 ms (setup)        2.970 (*)     1550.635 (^)     1687.304 (&)     1444.084 (%) 
Cl( 8, 8) in Cl( 8, 8) CPU =       62.912 ms (setup)        2.857 (*)     1847.626 (^)     2229.213 (&)     1912.134 (%) 
Fill: 1
Cl( 1, 0) in Cl( 1, 0) CPU =        0.002 ms (setup)        0.001 (*)        0.009 (^)        0.007 (&)        0.009 (%) 
Cl( 1, 1) in Cl( 1, 1) CPU =        0.002 ms (setup)        0.001 (*)        0.013 (^)        0.009 (&)        0.015 (%) 
Cl( 2, 1) in Cl( 2, 1) CPU =        0.004 ms (setup)        0.001 (*)        0.051 (^)        0.042 (&)        0.046 (%) 
Cl( 2, 2) in Cl( 2, 2) CPU =        0.011 ms (setup)        0.001 (*)        0.082 (^)        0.060 (&)        0.073 (%) 
Cl( 3, 2) in Cl( 3, 2) CPU =        0.024 ms (setup)        0.001 (*)        0.261 (^)        0.255 (&)        0.249 (%) 
Cl( 3, 3) in Cl( 3, 3) CPU =        0.045 ms (setup)        0.002 (*)        0.412 (^)        0.389 (&)        0.423 (%) 
Cl( 4, 3) in Cl( 4, 3) CPU =        0.115 ms (setup)        0.003 (*)        1.694 (^)        1.703 (&)        1.727 (%) 
Cl( 4, 4) in Cl( 4, 4) CPU =        0.209 ms (setup)        0.003 (*)        2.466 (^)        2.478 (&)        2.518 (%) 
Cl( 5, 4) in Cl( 5, 4) CPU =        0.513 ms (setup)        0.010 (*)        8.997 (^)        9.267 (&)        9.088 (%) 
Cl( 5, 5) in Cl( 5, 5) CPU =        0.953 ms (setup)        0.010 (*)       13.027 (^)       13.167 (&)       13.046 (%) 
Cl( 6, 5) in Cl( 6, 5) CPU =        2.223 ms (setup)        0.059 (*)       48.644 (^)       50.706 (&)       49.160 (%) 
Cl( 6, 6) in Cl( 6, 6) CPU =        4.412 ms (setup)        0.059 (*)       66.657 (^)       69.242 (&)       67.695 (%) 
Cl( 7, 6) in Cl( 7, 6) CPU =       10.370 ms (setup)        0.398 (*)      268.443 (^)      291.785 (&)      271.684 (%) 
Cl( 7, 7) in Cl( 7, 7) CPU =       20.855 ms (setup)        0.398 (*)      358.692 (^)      386.452 (&)      361.247 (%) 
Cl( 8, 7) in Cl( 8, 7) CPU =       51.092 ms (setup)        2.841 (*)     1930.326 (^)     1823.973 (&)     1588.364 (%) 
Cl( 8, 8) in Cl( 8, 8) CPU =      104.749 ms (setup)        2.876 (*)     2069.097 (^)     2332.057 (&)     2065.540 (%) 
Cl( 1, 0) in Cl( 8, 8) CPU =        0.069 ms (setup)        2.948 (*)       27.117 (^)       16.042 (&)       23.900 (%) 
Cl( 1, 1) in Cl( 8, 8) CPU =        0.086 ms (setup)        2.926 (*)       42.898 (^)       25.511 (&)       34.619 (%) 
Cl( 2, 1) in Cl( 8, 8) CPU =        0.167 ms (setup)        2.861 (*)       65.200 (^)       41.846 (&)       46.934 (%) 
Cl( 2, 2) in Cl( 8, 8) CPU =        1.435 ms (setup)        2.849 (*)       92.143 (^)       63.002 (&)       62.160 (%) 
Cl( 3, 2) in Cl( 8, 8) CPU =        1.494 ms (setup)        2.844 (*)      126.879 (^)       91.210 (&)       82.832 (%) 
Cl( 3, 3) in Cl( 8, 8) CPU =        1.552 ms (setup)        2.869 (*)      172.518 (^)      129.636 (&)      108.693 (%) 
Cl( 4, 3) in Cl( 8, 8) CPU =        1.801 ms (setup)        2.856 (*)      227.739 (^)      180.305 (&)      144.192 (%) 
Cl( 4, 4) in Cl( 8, 8) CPU =        2.164 ms (setup)        2.857 (*)      281.656 (^)      226.700 (&)      176.733 (%) 
Cl( 5, 4) in Cl( 8, 8) CPU =        3.186 ms (setup)        2.877 (*)      344.983 (^)      287.641 (&)      214.687 (%) 
Cl( 5, 5) in Cl( 8, 8) CPU =        4.667 ms (setup)        2.853 (*)      392.840 (^)      348.990 (&)      255.992 (%) 
Cl( 6, 5) in Cl( 8, 8) CPU =        9.515 ms (setup)        2.913 (*)      481.654 (^)      449.683 (&)      329.048 (%) 
Cl( 6, 6) in Cl( 8, 8) CPU =       16.308 ms (setup)        2.916 (*)      532.978 (^)      538.913 (&)      393.523 (%) 
Cl( 7, 6) in Cl( 8, 8) CPU =       38.885 ms (setup)        2.844 (*)      764.115 (^)      780.147 (&)      603.847 (%) 
Cl( 7, 7) in Cl( 8, 8) CPU =       70.946 ms (setup)        2.839 (*)      874.794 (^)      966.331 (&)      755.936 (%) 
Cl( 8, 7) in Cl( 8, 8) CPU =      176.584 ms (setup)        2.936 (*)     1709.553 (^)     1829.263 (&)     1599.139 (%) 
Cl( 8, 8) in Cl( 8, 8) CPU =      104.874 ms (setup)        2.877 (*)     2069.242 (^)     2342.528 (&)     2074.374 (%) 
