
framed_multi<double>
Clifford algebra squaring test:
Fill: 0.5
Cl( 1, 0) in Cl( 1, 0) CPU =        0.054 ms (setup)        0.014 (*) 
Cl( 1, 1) in Cl( 1, 1) CPU =        0.003 ms (setup)        0.003 (*) 
Cl( 2, 1) in Cl( 2, 1) CPU =        0.003 ms (setup)        0.007 (*) 
Cl( 2, 2) in Cl( 2, 2) CPU =        0.004 ms (setup)        0.008 (*) 
Cl( 3, 2) in Cl( 3, 2) CPU =        0.010 ms (setup)        0.028 (*) 
Cl( 3, 3) in Cl( 3, 3) CPU =        0.012 ms (setup)        0.049 (*) 
Cl( 4, 3) in Cl( 4, 3) CPU =        0.023 ms (setup)        0.142 (*) 
Cl( 4, 4) in Cl( 4, 4) CPU =        0.041 ms (setup)        0.848 (*) 
Cl( 5, 4) in Cl( 5, 4) CPU =        0.089 ms (setup)        2.565 (*) 
Cl( 5, 5) in Cl( 5, 5) CPU =        0.167 ms (setup)        3.042 (*) 
Cl( 6, 5) in Cl( 6, 5) CPU =        0.328 ms (setup)       10.525 (*) 
Cl( 6, 6) in Cl( 6, 6) CPU =        0.595 ms (setup)       12.713 (*) 
Cl( 7, 6) in Cl( 7, 6) CPU =        1.040 ms (setup)       37.044 (*) 
Cl( 7, 7) in Cl( 7, 7) CPU =        1.939 ms (setup)       48.150 (*) 
Cl( 8, 7) in Cl( 8, 7) CPU =        3.969 ms (setup)      171.531 (*) 
Cl( 8, 8) in Cl( 8, 8) CPU =        7.975 ms (setup)      233.484 (*) 
Cl( 9, 8) in Cl( 9, 8) CPU =       18.140 ms (setup)      656.927 (*) 
Cl( 9, 9) in Cl( 9, 9) CPU =       37.370 ms (setup)     1209.960 (*) 
Cl(10, 9) in Cl(10, 9) CPU =       72.313 ms (setup)     4636.168 (*) 
Cl(10,10) in Cl(10,10) CPU =      160.453 ms (setup)     6543.359 (*) 
Cl(11,10) in Cl(11,10) CPU =      335.593 ms (setup)    27317.054 (*) 
Cl(11,11) in Cl(11,11) CPU =      652.353 ms (setup)    40178.280 (*) 
Fill: 1
Cl( 1, 0) in Cl( 1, 0) CPU =        0.007 ms (setup)        0.008 (*) 
Cl( 1, 1) in Cl( 1, 1) CPU =        0.002 ms (setup)        0.006 (*) 
Cl( 2, 1) in Cl( 2, 1) CPU =        0.003 ms (setup)        0.006 (*) 
Cl( 2, 2) in Cl( 2, 2) CPU =        0.004 ms (setup)        0.010 (*) 
Cl( 3, 2) in Cl( 3, 2) CPU =        0.008 ms (setup)        0.024 (*) 
Cl( 3, 3) in Cl( 3, 3) CPU =        0.014 ms (setup)        0.073 (*) 
Cl( 4, 3) in Cl( 4, 3) CPU =        0.028 ms (setup)        0.271 (*) 
Cl( 4, 4) in Cl( 4, 4) CPU =        0.054 ms (setup)        3.897 (*) 
Cl( 5, 4) in Cl( 5, 4) CPU =        0.112 ms (setup)        2.013 (*) 
Cl( 5, 5) in Cl( 5, 5) CPU =        0.212 ms (setup)        3.129 (*) 
Cl( 6, 5) in Cl( 6, 5) CPU =        0.443 ms (setup)        8.809 (*) 
Cl( 6, 6) in Cl( 6, 6) CPU =        0.773 ms (setup)       12.584 (*) 
Cl( 7, 6) in Cl( 7, 6) CPU =        1.609 ms (setup)       42.266 (*) 
Cl( 7, 7) in Cl( 7, 7) CPU =        3.204 ms (setup)       62.204 (*) 
Cl( 8, 7) in Cl( 8, 7) CPU =        6.663 ms (setup)      209.985 (*) 
Cl( 8, 8) in Cl( 8, 8) CPU =       13.124 ms (setup)      316.490 (*) 
Cl( 9, 8) in Cl( 9, 8) CPU =       27.295 ms (setup)      879.232 (*) 
Cl( 9, 9) in Cl( 9, 9) CPU =       61.991 ms (setup)     1737.754 (*) 
Cl(10, 9) in Cl(10, 9) CPU =      131.887 ms (setup)     6169.186 (*) 
Cl(10,10) in Cl(10,10) CPU =      305.201 ms (setup)    10129.552 (*) 
Cl(11,10) in Cl(11,10) CPU =      621.074 ms (setup)    38072.147 (*) 
Cl(11,11) in Cl(11,11) CPU =     1278.504 ms (setup)    64793.826 (*) 

matrix_multi<double>
Clifford algebra squaring test:
Fill: 0.5
Cl( 1, 0) in Cl( 1, 0) CPU =        0.064 ms (setup)        0.004 (*) 
Cl( 1, 1) in Cl( 1, 1) CPU =        0.006 ms (setup)        0.001 (*) 
Cl( 2, 1) in Cl( 2, 1) CPU =        0.023 ms (setup)        0.001 (*) 
Cl( 2, 2) in Cl( 2, 2) CPU =        0.017 ms (setup)        0.001 (*) 
Cl( 3, 2) in Cl( 3, 2) CPU =        0.044 ms (setup)        0.009 (*) 
Cl( 3, 3) in Cl( 3, 3) CPU =        0.049 ms (setup)        0.003 (*) 
Cl( 4, 3) in Cl( 4, 3) CPU =        0.075 ms (setup)        0.005 (*) 
Cl( 4, 4) in Cl( 4, 4) CPU =        0.139 ms (setup)        0.005 (*) 
Cl( 5, 4) in Cl( 5, 4) CPU =        0.327 ms (setup)        0.013 (*) 
Cl( 5, 5) in Cl( 5, 5) CPU =        0.567 ms (setup)        0.013 (*) 
Cl( 6, 5) in Cl( 6, 5) CPU =        1.374 ms (setup)        0.062 (*) 
Cl( 6, 6) in Cl( 6, 6) CPU =        2.658 ms (setup)        0.062 (*) 
Cl( 7, 6) in Cl( 7, 6) CPU =        6.167 ms (setup)        0.405 (*) 
Cl( 7, 7) in Cl( 7, 7) CPU =       11.992 ms (setup)        0.391 (*) 
Cl( 8, 7) in Cl( 8, 7) CPU =       30.339 ms (setup)        3.122 (*) 
Cl( 8, 8) in Cl( 8, 8) CPU =       57.437 ms (setup)        3.043 (*) 
Cl( 9, 8) in Cl( 9, 8) CPU =      138.999 ms (setup)       21.759 (*) 
Cl( 9, 9) in Cl( 9, 9) CPU =      276.491 ms (setup)       21.783 (*) 
Cl(10, 9) in Cl(10, 9) CPU =      742.843 ms (setup)      175.189 (*) 
Cl(10,10) in Cl(10,10) CPU =     1474.716 ms (setup)      168.679 (*) 
Cl(11,10) in Cl(11,10) CPU =     4141.554 ms (setup)     1348.486 (*) 
Cl(11,11) in Cl(11,11) CPU =     8253.658 ms (setup)     1371.329 (*) 
Fill: 1
Cl( 1, 0) in Cl( 1, 0) CPU =        0.023 ms (setup)        0.004 (*) 
Cl( 1, 1) in Cl( 1, 1) CPU =        0.011 ms (setup)        0.001 (*) 
Cl( 2, 1) in Cl( 2, 1) CPU =        0.016 ms (setup)        0.001 (*) 
Cl( 2, 2) in Cl( 2, 2) CPU =        0.026 ms (setup)        0.001 (*) 
Cl( 3, 2) in Cl( 3, 2) CPU =        5.685 ms (setup)        0.010 (*) 
Cl( 3, 3) in Cl( 3, 3) CPU =        0.048 ms (setup)        0.003 (*) 
Cl( 4, 3) in Cl( 4, 3) CPU =        0.107 ms (setup)        0.006 (*) 
Cl( 4, 4) in Cl( 4, 4) CPU =        0.195 ms (setup)        0.005 (*) 
Cl( 5, 4) in Cl( 5, 4) CPU =        0.469 ms (setup)        0.014 (*) 
Cl( 5, 5) in Cl( 5, 5) CPU =        0.852 ms (setup)        0.013 (*) 
Cl( 6, 5) in Cl( 6, 5) CPU =        2.095 ms (setup)        0.062 (*) 
Cl( 6, 6) in Cl( 6, 6) CPU =        4.094 ms (setup)        0.061 (*) 
Cl( 7, 6) in Cl( 7, 6) CPU =        9.849 ms (setup)        0.399 (*) 
Cl( 7, 7) in Cl( 7, 7) CPU =       19.326 ms (setup)        0.401 (*) 
Cl( 8, 7) in Cl( 8, 7) CPU =       47.669 ms (setup)        3.016 (*) 
Cl( 8, 8) in Cl( 8, 8) CPU =       95.747 ms (setup)        3.027 (*) 
Cl( 9, 8) in Cl( 9, 8) CPU =      250.886 ms (setup)       21.723 (*) 
Cl( 9, 9) in Cl( 9, 9) CPU =      512.906 ms (setup)       21.829 (*) 
Cl(10, 9) in Cl(10, 9) CPU =     1422.942 ms (setup)      167.660 (*) 
Cl(10,10) in Cl(10,10) CPU =     2901.870 ms (setup)      178.106 (*) 
Cl(11,10) in Cl(11,10) CPU =     8601.347 ms (setup)     1386.482 (*) 
Cl(11,11) in Cl(11,11) CPU =    17863.948 ms (setup)     1307.883 (*) 
