
framed_multi<float,-4,4>
Clifford algebra expressions test:
Fill: 0.5
Cl( 1, 0) in Cl( 1, 0) CPU =        0.001 ms (setup)        0.002 (comm)        0.011 (pade)        0.002 (series)        0.001 (mix)        0.002 (add) 
Cl( 1, 1) in Cl( 1, 1) CPU =        0.001 ms (setup)        0.001 (comm)        0.002 (pade)        0.001 (series)        0.000 (mix)        0.001 (add) 
Cl( 2, 1) in Cl( 2, 1) CPU =        0.001 ms (setup)        0.004 (comm)        0.005 (pade)        0.004 (series)        0.001 (mix)        0.001 (add) 
Cl( 2, 2) in Cl( 2, 2) CPU =        0.001 ms (setup)        0.005 (comm)        0.006 (pade)        0.006 (series)        0.002 (mix)        0.001 (add) 
Cl( 3, 2) in Cl( 3, 2) CPU =        0.003 ms (setup)        0.012 (comm)        0.029 (pade)        0.011 (series)        0.004 (mix)        0.003 (add) 
Cl( 3, 3) in Cl( 3, 3) CPU =        0.007 ms (setup)        0.028 (comm)        0.036 (pade)        0.043 (series)        0.007 (mix)        0.005 (add) 
Cl( 4, 3) in Cl( 4, 3) CPU =        0.013 ms (setup)        0.070 (comm)        0.144 (pade)        0.116 (series)        0.021 (mix)        0.011 (add) 
Cl( 4, 4) in Cl( 4, 4) CPU =        0.026 ms (setup)        0.436 (comm)        0.198 (pade)        0.740 (series)        0.085 (mix)        0.025 (add) 
Cl( 1, 0) in Cl( 4, 4) CPU =        0.001 ms (setup)        0.001 (comm)        0.002 (pade)        0.002 (series)        0.000 (mix)        0.001 (add) 
Cl( 1, 1) in Cl( 4, 4) CPU =        0.001 ms (setup)        0.002 (comm)        0.002 (pade)        0.002 (series)        0.000 (mix)        0.001 (add) 
Cl( 2, 1) in Cl( 4, 4) CPU =        0.001 ms (setup)        0.003 (comm)        0.005 (pade)        0.004 (series)        0.001 (mix)        0.001 (add) 
Cl( 2, 2) in Cl( 4, 4) CPU =        0.001 ms (setup)        0.005 (comm)        0.005 (pade)        0.006 (series)        0.002 (mix)        0.002 (add) 
Cl( 3, 2) in Cl( 4, 4) CPU =        0.003 ms (setup)        0.011 (comm)        0.028 (pade)        0.017 (series)        0.004 (mix)        0.003 (add) 
Cl( 3, 3) in Cl( 4, 4) CPU =        0.007 ms (setup)        0.026 (comm)        0.040 (pade)        0.043 (series)        0.006 (mix)        0.006 (add) 
Cl( 4, 3) in Cl( 4, 4) CPU =        0.013 ms (setup)        0.066 (comm)        0.138 (pade)        0.106 (series)        0.022 (mix)        0.009 (add) 
Cl( 4, 4) in Cl( 4, 4) CPU =        0.026 ms (setup)        0.424 (comm)        0.193 (pade)        0.743 (series)        0.082 (mix)        0.022 (add) 
Fill: 1
Cl( 1, 0) in Cl( 1, 0) CPU =        0.001 ms (setup)        0.002 (comm)        0.003 (pade)        0.011 (series)        0.001 (mix)        0.002 (add) 
Cl( 1, 1) in Cl( 1, 1) CPU =        0.001 ms (setup)        0.002 (comm)        0.002 (pade)        0.003 (series)        0.001 (mix)        0.001 (add) 
Cl( 2, 1) in Cl( 2, 1) CPU =        0.001 ms (setup)        0.004 (comm)        0.005 (pade)        0.004 (series)        0.001 (mix)        0.001 (add) 
Cl( 2, 2) in Cl( 2, 2) CPU =        0.001 ms (setup)        0.005 (comm)        0.007 (pade)        0.007 (series)        0.002 (mix)        0.001 (add) 
Cl( 3, 2) in Cl( 3, 2) CPU =        0.003 ms (setup)        0.015 (comm)        0.028 (pade)        0.021 (series)        0.005 (mix)        0.003 (add) 
Cl( 3, 3) in Cl( 3, 3) CPU =        0.007 ms (setup)        0.042 (comm)        0.041 (pade)        0.062 (series)        0.010 (mix)        0.005 (add) 
Cl( 4, 3) in Cl( 4, 3) CPU =        0.016 ms (setup)        0.123 (comm)        0.151 (pade)        0.191 (series)        0.026 (mix)        0.009 (add) 
Cl( 4, 4) in Cl( 4, 4) CPU =        0.034 ms (setup)        0.488 (comm)        0.212 (pade)        0.828 (series)        0.070 (mix)        0.025 (add) 
Cl( 1, 0) in Cl( 4, 4) CPU =        0.000 ms (setup)        0.002 (comm)        0.002 (pade)        0.002 (series)        0.001 (mix)        0.001 (add) 
Cl( 1, 1) in Cl( 4, 4) CPU =        0.001 ms (setup)        0.002 (comm)        0.002 (pade)        0.003 (series)        0.001 (mix)        0.001 (add) 
Cl( 2, 1) in Cl( 4, 4) CPU =        0.001 ms (setup)        0.004 (comm)        0.005 (pade)        0.004 (series)        0.002 (mix)        0.001 (add) 
Cl( 2, 2) in Cl( 4, 4) CPU =        0.001 ms (setup)        0.006 (comm)        0.007 (pade)        0.007 (series)        0.002 (mix)        0.001 (add) 
Cl( 3, 2) in Cl( 4, 4) CPU =        0.003 ms (setup)        0.015 (comm)        0.028 (pade)        0.021 (series)        0.005 (mix)        0.003 (add) 
Cl( 3, 3) in Cl( 4, 4) CPU =        0.007 ms (setup)        0.042 (comm)        0.040 (pade)        0.062 (series)        0.010 (mix)        0.005 (add) 
Cl( 4, 3) in Cl( 4, 4) CPU =        0.016 ms (setup)        0.122 (comm)        0.150 (pade)        0.191 (series)        0.025 (mix)        0.009 (add) 
Cl( 4, 4) in Cl( 4, 4) CPU =        0.034 ms (setup)        0.486 (comm)        0.211 (pade)        0.828 (series)        0.070 (mix)        0.024 (add) 

matrix_multi<float,-4,4>
Clifford algebra expressions test:
Fill: 0.5
Cl( 1, 0) in Cl( 1, 0) CPU =        0.003 ms (setup)        0.005 (comm)        0.001 (pade)        0.002 (series)        0.004 (mix)        0.001 (add) 
Cl( 1, 1) in Cl( 1, 1) CPU =        0.001 ms (setup)        0.003 (comm)        0.001 (pade)        0.001 (series)        0.002 (mix)        0.000 (add) 
Cl( 2, 1) in Cl( 2, 1) CPU =        0.002 ms (setup)        0.017 (comm)        0.001 (pade)        0.001 (series)        0.015 (mix)        0.000 (add) 
Cl( 2, 2) in Cl( 2, 2) CPU =        0.004 ms (setup)        0.030 (comm)        0.001 (pade)        0.001 (series)        0.028 (mix)        0.001 (add) 
Cl( 3, 2) in Cl( 3, 2) CPU =        0.012 ms (setup)        0.091 (comm)        0.002 (pade)        0.001 (series)        0.088 (mix)        0.001 (add) 
Cl( 3, 3) in Cl( 3, 3) CPU =        0.021 ms (setup)        0.183 (comm)        0.002 (pade)        0.001 (series)        0.176 (mix)        0.001 (add) 
Cl( 4, 3) in Cl( 4, 3) CPU =        0.052 ms (setup)        0.896 (comm)        0.005 (pade)        0.003 (series)        0.873 (mix)        0.001 (add) 
Cl( 4, 4) in Cl( 4, 4) CPU =        0.103 ms (setup)        1.310 (comm)        0.005 (pade)        0.002 (series)        1.285 (mix)        0.000 (add) 
Cl( 1, 0) in Cl( 4, 4) CPU =        0.003 ms (setup)        0.028 (comm)        0.005 (pade)        0.002 (series)        0.025 (mix)        0.001 (add) 
Cl( 1, 1) in Cl( 4, 4) CPU =        0.005 ms (setup)        0.037 (comm)        0.004 (pade)        0.002 (series)        0.035 (mix)        0.001 (add) 
Cl( 2, 1) in Cl( 4, 4) CPU =        0.005 ms (setup)        0.050 (comm)        0.004 (pade)        0.002 (series)        0.047 (mix)        0.001 (add) 
Cl( 2, 2) in Cl( 4, 4) CPU =        0.010 ms (setup)        0.083 (comm)        0.004 (pade)        0.002 (series)        0.079 (mix)        0.001 (add) 
Cl( 3, 2) in Cl( 4, 4) CPU =        0.043 ms (setup)        0.178 (comm)        0.005 (pade)        0.003 (series)        0.171 (mix)        0.000 (add) 
Cl( 3, 3) in Cl( 4, 4) CPU =        0.072 ms (setup)        0.281 (comm)        0.005 (pade)        0.002 (series)        0.269 (mix)        0.001 (add) 
Cl( 4, 3) in Cl( 4, 4) CPU =        0.186 ms (setup)        0.856 (comm)        0.005 (pade)        0.003 (series)        0.828 (mix)        0.000 (add) 
Cl( 4, 4) in Cl( 4, 4) CPU =        0.103 ms (setup)        1.400 (comm)        0.005 (pade)        0.002 (series)        1.367 (mix)        0.000 (add) 
Fill: 1
Cl( 1, 0) in Cl( 1, 0) CPU =        0.001 ms (setup)        0.005 (comm)        0.001 (pade)        0.003 (series)        0.004 (mix)        0.001 (add) 
Cl( 1, 1) in Cl( 1, 1) CPU =        0.001 ms (setup)        0.007 (comm)        0.001 (pade)        0.001 (series)        0.007 (mix)        0.000 (add) 
Cl( 2, 1) in Cl( 2, 1) CPU =        0.002 ms (setup)        0.024 (comm)        0.001 (pade)        0.001 (series)        0.022 (mix)        0.001 (add) 
Cl( 2, 2) in Cl( 2, 2) CPU =        0.004 ms (setup)        0.036 (comm)        0.001 (pade)        0.001 (series)        0.035 (mix)        0.001 (add) 
Cl( 3, 2) in Cl( 3, 2) CPU =        0.013 ms (setup)        0.131 (comm)        0.002 (pade)        0.002 (series)        0.126 (mix)        0.001 (add) 
Cl( 3, 3) in Cl( 3, 3) CPU =        0.025 ms (setup)        0.219 (comm)        0.001 (pade)        0.001 (series)        0.213 (mix)        0.001 (add) 
Cl( 4, 3) in Cl( 4, 3) CPU =        0.067 ms (setup)        0.991 (comm)        0.005 (pade)        0.002 (series)        0.977 (mix)        0.001 (add) 
Cl( 4, 4) in Cl( 4, 4) CPU =        0.130 ms (setup)        1.543 (comm)        0.005 (pade)        0.002 (series)        1.528 (mix)        0.001 (add) 
Cl( 1, 0) in Cl( 4, 4) CPU =        0.003 ms (setup)        0.032 (comm)        0.005 (pade)        0.003 (series)        0.030 (mix)        0.001 (add) 
Cl( 1, 1) in Cl( 4, 4) CPU =        0.003 ms (setup)        0.044 (comm)        0.004 (pade)        0.002 (series)        0.043 (mix)        0.000 (add) 
Cl( 2, 1) in Cl( 4, 4) CPU =        0.007 ms (setup)        0.069 (comm)        0.004 (pade)        0.002 (series)        0.067 (mix)        0.001 (add) 
Cl( 2, 2) in Cl( 4, 4) CPU =        0.019 ms (setup)        0.098 (comm)        0.004 (pade)        0.002 (series)        0.096 (mix)        0.000 (add) 
Cl( 3, 2) in Cl( 4, 4) CPU =        0.046 ms (setup)        0.208 (comm)        0.004 (pade)        0.002 (series)        0.203 (mix)        0.000 (add) 
Cl( 3, 3) in Cl( 4, 4) CPU =        0.086 ms (setup)        0.335 (comm)        0.004 (pade)        0.002 (series)        0.329 (mix)        0.001 (add) 
Cl( 4, 3) in Cl( 4, 4) CPU =        0.227 ms (setup)        1.036 (comm)        0.005 (pade)        0.003 (series)        1.024 (mix)        0.001 (add) 
Cl( 4, 4) in Cl( 4, 4) CPU =        0.132 ms (setup)        1.548 (comm)        0.005 (pade)        0.002 (series)        1.530 (mix)        0.001 (add) 

framed_multi<double>
Clifford algebra expressions test:
Fill: 0.5
Cl( 1, 0) in Cl( 1, 0) CPU =        0.001 ms (setup)        0.002 (comm)        0.011 (pade)        0.003 (series)        0.001 (mix)        0.002 (add) 
Cl( 1, 1) in Cl( 1, 1) CPU =        0.001 ms (setup)        0.000 (comm)        0.002 (pade)        0.001 (series)        0.001 (mix)        0.001 (add) 
Cl( 2, 1) in Cl( 2, 1) CPU =        0.001 ms (setup)        0.004 (comm)        0.005 (pade)        0.004 (series)        0.002 (mix)        0.001 (add) 
Cl( 2, 2) in Cl( 2, 2) CPU =        0.002 ms (setup)        0.006 (comm)        0.006 (pade)        0.007 (series)        0.002 (mix)        0.001 (add) 
Cl( 3, 2) in Cl( 3, 2) CPU =        0.002 ms (setup)        0.013 (comm)        0.029 (pade)        0.013 (series)        0.004 (mix)        0.003 (add) 
Cl( 3, 3) in Cl( 3, 3) CPU =        0.007 ms (setup)        0.034 (comm)        0.036 (pade)        0.050 (series)        0.008 (mix)        0.003 (add) 
Cl( 4, 3) in Cl( 4, 3) CPU =        0.013 ms (setup)        0.095 (comm)        0.135 (pade)        0.135 (series)        0.030 (mix)        0.005 (add) 
Cl( 4, 4) in Cl( 4, 4) CPU =        0.026 ms (setup)        0.435 (comm)        0.181 (pade)        0.692 (series)        0.101 (mix)        0.009 (add) 
Cl( 5, 4) in Cl( 5, 4) CPU =        0.053 ms (setup)        1.492 (comm)        0.647 (pade)        2.477 (series)        0.292 (mix)        0.017 (add) 
Cl( 5, 5) in Cl( 5, 5) CPU =        0.108 ms (setup)        2.502 (comm)        0.924 (pade)        3.541 (series)        0.810 (mix)        0.035 (add) 
Cl( 6, 5) in Cl( 6, 5) CPU =        0.226 ms (setup)        8.331 (comm)        3.288 (pade)       12.636 (series)        2.272 (mix)        0.076 (add) 
Cl( 6, 6) in Cl( 6, 6) CPU =        0.464 ms (setup)       14.934 (comm)        4.656 (pade)       17.984 (series)        6.586 (mix)        0.151 (add) 
Cl( 7, 6) in Cl( 7, 6) CPU =        0.949 ms (setup)       48.162 (comm)       16.034 (pade)       61.857 (series)       19.219 (mix)        0.329 (add) 
Cl( 7, 7) in Cl( 7, 7) CPU =        1.957 ms (setup)       96.871 (comm)       22.790 (pade)       88.639 (series)       56.641 (mix)        0.658 (add) 
Cl( 8, 7) in Cl( 8, 7) CPU =        3.897 ms (setup)      309.349 (comm)       82.073 (pade)      311.269 (series)      165.458 (mix)        1.381 (add) 
Cl( 8, 8) in Cl( 8, 8) CPU =        7.911 ms (setup)      700.307 (comm)      117.974 (pade)      452.529 (series)      498.988 (mix)        2.957 (add) 
Cl( 1, 0) in Cl( 8, 8) CPU =        0.001 ms (setup)        0.001 (comm)        0.003 (pade)        0.002 (series)        0.000 (mix)        0.001 (add) 
Cl( 1, 1) in Cl( 8, 8) CPU =        0.001 ms (setup)        0.000 (comm)        0.002 (pade)        0.001 (series)        0.001 (mix)        0.001 (add) 
Cl( 2, 1) in Cl( 8, 8) CPU =        0.001 ms (setup)        0.003 (comm)        0.005 (pade)        0.004 (series)        0.002 (mix)        0.001 (add) 
Cl( 2, 2) in Cl( 8, 8) CPU =        0.002 ms (setup)        0.006 (comm)        0.007 (pade)        0.007 (series)        0.002 (mix)        0.001 (add) 
Cl( 3, 2) in Cl( 8, 8) CPU =        0.003 ms (setup)        0.011 (comm)        0.019 (pade)        0.011 (series)        0.003 (mix)        0.001 (add) 
Cl( 3, 3) in Cl( 8, 8) CPU =        0.006 ms (setup)        0.034 (comm)        0.036 (pade)        0.047 (series)        0.009 (mix)        0.003 (add) 
Cl( 4, 3) in Cl( 8, 8) CPU =        0.012 ms (setup)        0.093 (comm)        0.132 (pade)        0.133 (series)        0.029 (mix)        0.005 (add) 
Cl( 4, 4) in Cl( 8, 8) CPU =        0.026 ms (setup)        0.426 (comm)        0.179 (pade)        0.679 (series)        0.101 (mix)        0.009 (add) 
Cl( 5, 4) in Cl( 8, 8) CPU =        0.053 ms (setup)        1.484 (comm)        0.638 (pade)        2.442 (series)        0.289 (mix)        0.017 (add) 
Cl( 5, 5) in Cl( 8, 8) CPU =        0.106 ms (setup)        2.416 (comm)        0.891 (pade)        3.454 (series)        0.768 (mix)        0.034 (add) 
Cl( 6, 5) in Cl( 8, 8) CPU =        0.225 ms (setup)        8.241 (comm)        3.227 (pade)       12.569 (series)        2.254 (mix)        0.075 (add) 
Cl( 6, 6) in Cl( 8, 8) CPU =        0.459 ms (setup)       14.723 (comm)        4.577 (pade)       17.813 (series)        6.523 (mix)        0.146 (add) 
Cl( 7, 6) in Cl( 8, 8) CPU =        0.950 ms (setup)       48.023 (comm)       15.930 (pade)       61.529 (series)       19.208 (mix)        0.324 (add) 
Cl( 7, 7) in Cl( 8, 8) CPU =        1.964 ms (setup)       96.987 (comm)       22.784 (pade)       88.600 (series)       56.825 (mix)        0.658 (add) 
Cl( 8, 7) in Cl( 8, 8) CPU =        3.916 ms (setup)      312.727 (comm)       82.130 (pade)      310.707 (series)      168.840 (mix)        1.394 (add) 
Cl( 8, 8) in Cl( 8, 8) CPU =        7.907 ms (setup)      697.914 (comm)      117.941 (pade)      452.575 (series)      496.720 (mix)        2.952 (add) 
Fill: 1
Cl( 1, 0) in Cl( 1, 0) CPU =        0.001 ms (setup)        0.002 (comm)        0.003 (pade)        0.003 (series)        0.001 (mix)        0.001 (add) 
Cl( 1, 1) in Cl( 1, 1) CPU =        0.001 ms (setup)        0.003 (comm)        0.002 (pade)        0.003 (series)        0.001 (mix)        0.001 (add) 
Cl( 2, 1) in Cl( 2, 1) CPU =        0.001 ms (setup)        0.004 (comm)        0.006 (pade)        0.005 (series)        0.001 (mix)        0.001 (add) 
Cl( 2, 2) in Cl( 2, 2) CPU =        0.002 ms (setup)        0.007 (comm)        0.007 (pade)        0.009 (series)        0.003 (mix)        0.001 (add) 
Cl( 3, 2) in Cl( 3, 2) CPU =        0.004 ms (setup)        0.018 (comm)        0.028 (pade)        0.024 (series)        0.005 (mix)        0.002 (add) 
Cl( 3, 3) in Cl( 3, 3) CPU =        0.008 ms (setup)        0.053 (comm)        0.040 (pade)        0.072 (series)        0.013 (mix)        0.004 (add) 
Cl( 4, 3) in Cl( 4, 3) CPU =        0.018 ms (setup)        0.160 (comm)        0.146 (pade)        0.227 (series)        0.036 (mix)        0.005 (add) 
Cl( 4, 4) in Cl( 4, 4) CPU =        0.037 ms (setup)        0.503 (comm)        0.200 (pade)        0.777 (series)        0.105 (mix)        0.011 (add) 
Cl( 5, 4) in Cl( 5, 4) CPU =        0.073 ms (setup)        1.686 (comm)        0.705 (pade)        2.720 (series)        0.283 (mix)        0.021 (add) 
Cl( 5, 5) in Cl( 5, 5) CPU =        0.150 ms (setup)        2.829 (comm)        1.030 (pade)        4.022 (series)        0.727 (mix)        0.041 (add) 
Cl( 6, 5) in Cl( 6, 5) CPU =        0.309 ms (setup)        9.206 (comm)        3.694 (pade)       14.371 (series)        1.974 (mix)        0.083 (add) 
Cl( 6, 6) in Cl( 6, 6) CPU =        0.638 ms (setup)       16.236 (comm)        5.490 (pade)       21.590 (series)        5.415 (mix)        0.170 (add) 
Cl( 7, 6) in Cl( 7, 6) CPU =        1.367 ms (setup)       51.213 (comm)       18.369 (pade)       71.755 (series)       15.347 (mix)        0.345 (add) 
Cl( 7, 7) in Cl( 7, 7) CPU =        2.896 ms (setup)       99.246 (comm)       27.892 (pade)      109.697 (series)       44.389 (mix)        0.684 (add) 
Cl( 8, 7) in Cl( 8, 7) CPU =        5.685 ms (setup)      313.618 (comm)       96.618 (pade)      368.743 (series)      129.552 (mix)        1.387 (add) 
Cl( 8, 8) in Cl( 8, 8) CPU =       11.802 ms (setup)      670.070 (comm)      148.301 (pade)      576.302 (series)      381.985 (mix)        3.195 (add) 
Cl( 1, 0) in Cl( 8, 8) CPU =        0.001 ms (setup)        0.002 (comm)        0.003 (pade)        0.004 (series)        0.001 (mix)        0.002 (add) 
Cl( 1, 1) in Cl( 8, 8) CPU =        0.001 ms (setup)        0.003 (comm)        0.002 (pade)        0.003 (series)        0.001 (mix)        0.001 (add) 
Cl( 2, 1) in Cl( 8, 8) CPU =        0.002 ms (setup)        0.004 (comm)        0.005 (pade)        0.004 (series)        0.001 (mix)        0.001 (add) 
Cl( 2, 2) in Cl( 8, 8) CPU =        0.002 ms (setup)        0.007 (comm)        0.007 (pade)        0.009 (series)        0.003 (mix)        0.001 (add) 
Cl( 3, 2) in Cl( 8, 8) CPU =        0.004 ms (setup)        0.019 (comm)        0.029 (pade)        0.024 (series)        0.005 (mix)        0.002 (add) 
Cl( 3, 3) in Cl( 8, 8) CPU =        0.008 ms (setup)        0.053 (comm)        0.040 (pade)        0.072 (series)        0.013 (mix)        0.004 (add) 
Cl( 4, 3) in Cl( 8, 8) CPU =        0.018 ms (setup)        0.165 (comm)        0.145 (pade)        0.228 (series)        0.039 (mix)        0.006 (add) 
Cl( 4, 4) in Cl( 8, 8) CPU =        0.036 ms (setup)        0.499 (comm)        0.201 (pade)        0.777 (series)        0.104 (mix)        0.011 (add) 
Cl( 5, 4) in Cl( 8, 8) CPU =        0.073 ms (setup)        1.681 (comm)        0.698 (pade)        2.708 (series)        0.284 (mix)        0.021 (add) 
Cl( 5, 5) in Cl( 8, 8) CPU =        0.151 ms (setup)        2.824 (comm)        1.030 (pade)        4.014 (series)        0.726 (mix)        0.041 (add) 
Cl( 6, 5) in Cl( 8, 8) CPU =        0.310 ms (setup)        9.180 (comm)        3.676 (pade)       14.361 (series)        1.973 (mix)        0.083 (add) 
Cl( 6, 6) in Cl( 8, 8) CPU =        0.640 ms (setup)       16.239 (comm)        5.478 (pade)       21.535 (series)        5.412 (mix)        0.170 (add) 
Cl( 7, 6) in Cl( 8, 8) CPU =        1.367 ms (setup)       51.207 (comm)       18.392 (pade)       71.785 (series)       15.348 (mix)        0.344 (add) 
Cl( 7, 7) in Cl( 8, 8) CPU =        2.893 ms (setup)       99.228 (comm)       27.878 (pade)      109.638 (series)       44.387 (mix)        0.684 (add) 
Cl( 8, 7) in Cl( 8, 8) CPU =        5.679 ms (setup)      313.582 (comm)       95.779 (pade)      369.404 (series)      129.564 (mix)        1.385 (add) 
Cl( 8, 8) in Cl( 8, 8) CPU =       11.806 ms (setup)      669.899 (comm)      148.273 (pade)      576.044 (series)      382.017 (mix)        3.192 (add) 

matrix_multi<double>
Clifford algebra expressions test:
Fill: 0.5
Cl( 1, 0) in Cl( 1, 0) CPU =        0.003 ms (setup)        0.002 (comm)        0.001 (pade)        0.002 (series)        0.001 (mix)        0.001 (add) 
Cl( 1, 1) in Cl( 1, 1) CPU =        0.003 ms (setup)        0.007 (comm)        0.001 (pade)        0.001 (series)        0.005 (mix)        0.000 (add) 
Cl( 2, 1) in Cl( 2, 1) CPU =        0.001 ms (setup)        0.019 (comm)        0.001 (pade)        0.001 (series)        0.018 (mix)        0.000 (add) 
Cl( 2, 2) in Cl( 2, 2) CPU =        0.003 ms (setup)        0.028 (comm)        0.001 (pade)        0.001 (series)        0.026 (mix)        0.001 (add) 
Cl( 3, 2) in Cl( 3, 2) CPU =        0.017 ms (setup)        0.096 (comm)        0.002 (pade)        0.002 (series)        0.091 (mix)        0.001 (add) 
Cl( 3, 3) in Cl( 3, 3) CPU =        0.021 ms (setup)        0.173 (comm)        0.002 (pade)        0.002 (series)        0.165 (mix)        0.000 (add) 
Cl( 4, 3) in Cl( 4, 3) CPU =        0.053 ms (setup)        0.815 (comm)        0.005 (pade)        0.004 (series)        0.793 (mix)        0.001 (add) 
Cl( 4, 4) in Cl( 4, 4) CPU =        0.103 ms (setup)        1.228 (comm)        0.005 (pade)        0.004 (series)        1.208 (mix)        0.001 (add) 
Cl( 5, 4) in Cl( 5, 4) CPU =        0.244 ms (setup)        5.133 (comm)        0.019 (pade)        0.015 (series)        5.120 (mix)        0.002 (add) 
Cl( 5, 5) in Cl( 5, 5) CPU =        0.490 ms (setup)        7.740 (comm)        0.021 (pade)        0.015 (series)        7.725 (mix)        0.002 (add) 
Cl( 6, 5) in Cl( 6, 5) CPU =        1.135 ms (setup)       29.922 (comm)        0.098 (pade)        0.077 (series)       29.832 (mix)        0.005 (add) 
Cl( 6, 6) in Cl( 6, 6) CPU =        2.268 ms (setup)       42.383 (comm)        0.101 (pade)        0.077 (series)       42.276 (mix)        0.005 (add) 
Cl( 7, 6) in Cl( 7, 6) CPU =        5.392 ms (setup)      172.379 (comm)        0.554 (pade)        0.482 (series)      171.989 (mix)        0.030 (add) 
Cl( 7, 7) in Cl( 7, 7) CPU =       10.768 ms (setup)      231.263 (comm)        0.557 (pade)        0.481 (series)      230.940 (mix)        0.030 (add) 
Cl( 8, 7) in Cl( 8, 7) CPU =       25.530 ms (setup)     1282.942 (comm)        4.520 (pade)        3.252 (series)     1212.294 (mix)        0.121 (add) 
Cl( 8, 8) in Cl( 8, 8) CPU =       51.531 ms (setup)     1335.733 (comm)        4.514 (pade)        3.255 (series)     1332.735 (mix)        0.121 (add) 
Cl( 1, 0) in Cl( 8, 8) CPU =        0.016 ms (setup)        6.107 (comm)        4.261 (pade)        3.256 (series)        4.458 (mix)        0.120 (add) 
Cl( 1, 1) in Cl( 8, 8) CPU =        0.022 ms (setup)       11.762 (comm)        4.367 (pade)        3.256 (series)       10.049 (mix)        0.120 (add) 
Cl( 2, 1) in Cl( 8, 8) CPU =        0.039 ms (setup)       16.291 (comm)        4.444 (pade)        3.255 (series)       14.568 (mix)        0.121 (add) 
Cl( 2, 2) in Cl( 8, 8) CPU =        0.105 ms (setup)       27.987 (comm)        4.466 (pade)        3.254 (series)       26.230 (mix)        0.120 (add) 
Cl( 3, 2) in Cl( 8, 8) CPU =        0.664 ms (setup)       44.681 (comm)        4.463 (pade)        3.253 (series)       42.913 (mix)        0.120 (add) 
Cl( 3, 3) in Cl( 8, 8) CPU =        0.836 ms (setup)       71.519 (comm)        4.490 (pade)        3.256 (series)       69.793 (mix)        0.120 (add) 
Cl( 4, 3) in Cl( 8, 8) CPU =        0.961 ms (setup)       90.440 (comm)        4.498 (pade)        3.256 (series)       88.806 (mix)        0.121 (add) 
Cl( 4, 4) in Cl( 8, 8) CPU =        1.146 ms (setup)      109.805 (comm)        4.508 (pade)        3.259 (series)      108.231 (mix)        0.121 (add) 
Cl( 5, 4) in Cl( 8, 8) CPU =        1.675 ms (setup)      128.308 (comm)        4.529 (pade)        3.258 (series)      126.712 (mix)        0.121 (add) 
Cl( 5, 5) in Cl( 8, 8) CPU =        2.587 ms (setup)      169.106 (comm)        4.524 (pade)        3.258 (series)      167.495 (mix)        0.121 (add) 
Cl( 6, 5) in Cl( 8, 8) CPU =        5.113 ms (setup)      229.575 (comm)        4.544 (pade)        3.259 (series)      228.065 (mix)        0.121 (add) 
Cl( 6, 6) in Cl( 8, 8) CPU =        9.493 ms (setup)      258.927 (comm)        4.531 (pade)        3.259 (series)      257.355 (mix)        0.121 (add) 
Cl( 7, 6) in Cl( 8, 8) CPU =       21.739 ms (setup)      416.154 (comm)        4.529 (pade)        3.263 (series)      414.541 (mix)        0.122 (add) 
Cl( 7, 7) in Cl( 8, 8) CPU =       41.556 ms (setup)      493.255 (comm)        4.537 (pade)        3.261 (series)      491.748 (mix)        0.122 (add) 
Cl( 8, 7) in Cl( 8, 8) CPU =       98.112 ms (setup)     1071.419 (comm)        4.519 (pade)        3.259 (series)     1068.723 (mix)        0.121 (add) 
Cl( 8, 8) in Cl( 8, 8) CPU =       51.489 ms (setup)     1335.765 (comm)        4.522 (pade)        3.256 (series)     1332.924 (mix)        0.122 (add) 
Fill: 1
Cl( 1, 0) in Cl( 1, 0) CPU =        0.002 ms (setup)        0.005 (comm)        0.001 (pade)        0.002 (series)        0.004 (mix)        0.001 (add) 
Cl( 1, 1) in Cl( 1, 1) CPU =        0.002 ms (setup)        0.007 (comm)        0.001 (pade)        0.001 (series)        0.007 (mix)        0.001 (add) 
Cl( 2, 1) in Cl( 2, 1) CPU =        0.002 ms (setup)        0.024 (comm)        0.001 (pade)        0.001 (series)        0.022 (mix)        0.001 (add) 
Cl( 2, 2) in Cl( 2, 2) CPU =        0.005 ms (setup)        0.036 (comm)        0.001 (pade)        0.001 (series)        0.035 (mix)        0.000 (add) 
Cl( 3, 2) in Cl( 3, 2) CPU =        0.013 ms (setup)        0.137 (comm)        0.002 (pade)        0.002 (series)        0.132 (mix)        0.001 (add) 
Cl( 3, 3) in Cl( 3, 3) CPU =        0.026 ms (setup)        0.220 (comm)        0.001 (pade)        0.002 (series)        0.214 (mix)        0.000 (add) 
Cl( 4, 3) in Cl( 4, 3) CPU =        0.072 ms (setup)        0.978 (comm)        0.005 (pade)        0.005 (series)        0.966 (mix)        0.001 (add) 
Cl( 4, 4) in Cl( 4, 4) CPU =        0.136 ms (setup)        1.494 (comm)        0.005 (pade)        0.005 (series)        1.486 (mix)        0.001 (add) 
Cl( 5, 4) in Cl( 5, 4) CPU =        0.343 ms (setup)        5.700 (comm)        0.019 (pade)        0.015 (series)        5.675 (mix)        0.002 (add) 
Cl( 5, 5) in Cl( 5, 5) CPU =        0.702 ms (setup)        8.488 (comm)        0.021 (pade)        0.015 (series)        8.481 (mix)        0.002 (add) 
Cl( 6, 5) in Cl( 6, 5) CPU =        1.722 ms (setup)       32.230 (comm)        0.097 (pade)        0.077 (series)       32.162 (mix)        0.005 (add) 
Cl( 6, 6) in Cl( 6, 6) CPU =        3.552 ms (setup)       45.748 (comm)        0.097 (pade)        0.078 (series)       45.703 (mix)        0.005 (add) 
Cl( 7, 6) in Cl( 7, 6) CPU =        8.817 ms (setup)      182.666 (comm)        0.556 (pade)        0.482 (series)      182.573 (mix)        0.030 (add) 
Cl( 7, 7) in Cl( 7, 7) CPU =       17.831 ms (setup)      251.108 (comm)        0.554 (pade)        0.481 (series)      250.856 (mix)        0.030 (add) 
Cl( 8, 7) in Cl( 8, 7) CPU =       44.174 ms (setup)     1337.499 (comm)        4.524 (pade)        3.257 (series)     1266.678 (mix)        0.121 (add) 
Cl( 8, 8) in Cl( 8, 8) CPU =       90.041 ms (setup)     1450.022 (comm)        4.536 (pade)        3.256 (series)     1449.866 (mix)        0.122 (add) 
Cl( 1, 0) in Cl( 8, 8) CPU =        0.018 ms (setup)       11.543 (comm)        4.370 (pade)        3.258 (series)        9.880 (mix)        0.121 (add) 
Cl( 1, 1) in Cl( 8, 8) CPU =        0.034 ms (setup)       18.465 (comm)        4.362 (pade)        3.254 (series)       16.746 (mix)        0.120 (add) 
Cl( 2, 1) in Cl( 8, 8) CPU =        0.078 ms (setup)       28.220 (comm)        4.440 (pade)        3.254 (series)       26.489 (mix)        0.120 (add) 
Cl( 2, 2) in Cl( 8, 8) CPU =        0.791 ms (setup)       40.959 (comm)        4.447 (pade)        3.257 (series)       39.240 (mix)        0.120 (add) 
Cl( 3, 2) in Cl( 8, 8) CPU =        0.812 ms (setup)       57.068 (comm)        4.470 (pade)        3.252 (series)       55.354 (mix)        0.120 (add) 
Cl( 3, 3) in Cl( 8, 8) CPU =        0.866 ms (setup)       77.847 (comm)        4.473 (pade)        3.255 (series)       76.090 (mix)        0.121 (add) 
Cl( 4, 3) in Cl( 8, 8) CPU =        1.038 ms (setup)      103.069 (comm)        4.504 (pade)        3.256 (series)      101.329 (mix)        0.121 (add) 
Cl( 4, 4) in Cl( 8, 8) CPU =        1.286 ms (setup)      129.120 (comm)        4.510 (pade)        3.259 (series)      127.560 (mix)        0.121 (add) 
Cl( 5, 4) in Cl( 8, 8) CPU =        2.034 ms (setup)      160.925 (comm)        4.527 (pade)        3.258 (series)      159.324 (mix)        0.121 (add) 
Cl( 5, 5) in Cl( 8, 8) CPU =        3.229 ms (setup)      190.627 (comm)        4.527 (pade)        3.260 (series)      189.075 (mix)        0.121 (add) 
Cl( 6, 5) in Cl( 8, 8) CPU =        6.907 ms (setup)      245.587 (comm)        4.526 (pade)        3.260 (series)      244.016 (mix)        0.122 (add) 
Cl( 6, 6) in Cl( 8, 8) CPU =       12.840 ms (setup)      287.051 (comm)        4.516 (pade)        3.263 (series)      285.507 (mix)        0.122 (add) 
Cl( 7, 6) in Cl( 8, 8) CPU =       30.047 ms (setup)      441.346 (comm)        4.536 (pade)        3.261 (series)      439.836 (mix)        0.121 (add) 
Cl( 7, 7) in Cl( 8, 8) CPU =       58.497 ms (setup)      538.644 (comm)        4.538 (pade)        3.263 (series)      537.327 (mix)        0.121 (add) 
Cl( 8, 7) in Cl( 8, 8) CPU =      141.064 ms (setup)     1126.923 (comm)        4.514 (pade)        3.263 (series)     1124.921 (mix)        0.121 (add) 
Cl( 8, 8) in Cl( 8, 8) CPU =       90.106 ms (setup)     1451.767 (comm)        4.527 (pade)        3.257 (series)     1448.811 (mix)        0.120 (add) 
