
framed_multi<double>
Clifford algebra squaring test:
Fill: 0.5
Cl( 1, 0) in Cl( 1, 0) CPU =        0.052 ms (setup)        0.019 (*) 
Cl( 1, 1) in Cl( 1, 1) CPU =        0.001 ms (setup)        0.001 (*) 
Cl( 2, 1) in Cl( 2, 1) CPU =        0.001 ms (setup)        0.003 (*) 
Cl( 2, 2) in Cl( 2, 2) CPU =        0.001 ms (setup)        0.003 (*) 
Cl( 3, 2) in Cl( 3, 2) CPU =        0.002 ms (setup)        0.005 (*) 
Cl( 3, 3) in Cl( 3, 3) CPU =        0.004 ms (setup)        0.014 (*) 
Cl( 4, 3) in Cl( 4, 3) CPU =        0.006 ms (setup)        0.034 (*) 
Cl( 4, 4) in Cl( 4, 4) CPU =        0.013 ms (setup)        0.286 (*) 
Cl( 5, 4) in Cl( 5, 4) CPU =        0.029 ms (setup)        0.643 (*) 
Cl( 5, 5) in Cl( 5, 5) CPU =        0.058 ms (setup)        0.835 (*) 
Cl( 6, 5) in Cl( 6, 5) CPU =        0.114 ms (setup)        3.029 (*) 
Cl( 6, 6) in Cl( 6, 6) CPU =        0.232 ms (setup)        4.070 (*) 
Cl( 7, 6) in Cl( 7, 6) CPU =        0.467 ms (setup)       14.607 (*) 
Cl( 7, 7) in Cl( 7, 7) CPU =        0.968 ms (setup)       19.983 (*) 
Cl( 8, 7) in Cl( 8, 7) CPU =        1.961 ms (setup)       72.888 (*) 
Cl( 8, 8) in Cl( 8, 8) CPU =        3.966 ms (setup)      100.824 (*) 
Cl( 9, 8) in Cl( 9, 8) CPU =        8.319 ms (setup)      268.418 (*) 
Cl( 9, 9) in Cl( 9, 9) CPU =       16.688 ms (setup)      534.261 (*) 
Cl(10, 9) in Cl(10, 9) CPU =       34.653 ms (setup)     2067.022 (*) 
Cl(10,10) in Cl(10,10) CPU =       72.677 ms (setup)     3033.576 (*) 
Cl(11,10) in Cl(11,10) CPU =      149.810 ms (setup)    12410.746 (*) 
Cl(11,11) in Cl(11,11) CPU =      290.167 ms (setup)    18806.110 (*) 
Fill: 1
Cl( 1, 0) in Cl( 1, 0) CPU =        0.021 ms (setup)        0.005 (*) 
Cl( 1, 1) in Cl( 1, 1) CPU =        0.001 ms (setup)        0.002 (*) 
Cl( 2, 1) in Cl( 2, 1) CPU =        0.001 ms (setup)        0.003 (*) 
Cl( 2, 2) in Cl( 2, 2) CPU =        0.002 ms (setup)        0.004 (*) 
Cl( 3, 2) in Cl( 3, 2) CPU =        0.003 ms (setup)        0.010 (*) 
Cl( 3, 3) in Cl( 3, 3) CPU =        0.005 ms (setup)        0.024 (*) 
Cl( 4, 3) in Cl( 4, 3) CPU =        0.010 ms (setup)        0.068 (*) 
Cl( 4, 4) in Cl( 4, 4) CPU =        0.021 ms (setup)        0.243 (*) 
Cl( 5, 4) in Cl( 5, 4) CPU =        0.041 ms (setup)        0.745 (*) 
Cl( 5, 5) in Cl( 5, 5) CPU =        0.085 ms (setup)        1.074 (*) 
Cl( 6, 5) in Cl( 6, 5) CPU =        0.169 ms (setup)        3.617 (*) 
Cl( 6, 6) in Cl( 6, 6) CPU =        0.341 ms (setup)        5.390 (*) 
Cl( 7, 6) in Cl( 7, 6) CPU =        0.700 ms (setup)       17.950 (*) 
Cl( 7, 7) in Cl( 7, 7) CPU =        1.435 ms (setup)       27.333 (*) 
Cl( 8, 7) in Cl( 8, 7) CPU =        2.840 ms (setup)       92.118 (*) 
Cl( 8, 8) in Cl( 8, 8) CPU =        5.939 ms (setup)      143.571 (*) 
Cl( 9, 8) in Cl( 9, 8) CPU =       12.842 ms (setup)      387.261 (*) 
Cl( 9, 9) in Cl( 9, 9) CPU =       26.140 ms (setup)      797.642 (*) 
Cl(10, 9) in Cl(10, 9) CPU =       58.113 ms (setup)     2850.219 (*) 
Cl(10,10) in Cl(10,10) CPU =      125.706 ms (setup)     4809.773 (*) 
Cl(11,10) in Cl(11,10) CPU =      249.490 ms (setup)    17851.566 (*) 
Cl(11,11) in Cl(11,11) CPU =      479.531 ms (setup)    31226.184 (*) 

matrix_multi<double>
Clifford algebra squaring test:
Fill: 0.5
Cl( 1, 0) in Cl( 1, 0) CPU =        0.003 ms (setup)        0.002 (*) 
Cl( 1, 1) in Cl( 1, 1) CPU =        0.036 ms (setup)        0.000 (*) 
Cl( 2, 1) in Cl( 2, 1) CPU =        0.009 ms (setup)        0.001 (*) 
Cl( 2, 2) in Cl( 2, 2) CPU =        0.005 ms (setup)        0.001 (*) 
Cl( 3, 2) in Cl( 3, 2) CPU =        0.017 ms (setup)        0.003 (*) 
Cl( 3, 3) in Cl( 3, 3) CPU =        0.021 ms (setup)        0.001 (*) 
Cl( 4, 3) in Cl( 4, 3) CPU =        0.028 ms (setup)        0.002 (*) 
Cl( 4, 4) in Cl( 4, 4) CPU =        0.052 ms (setup)        0.001 (*) 
Cl( 5, 4) in Cl( 5, 4) CPU =        0.130 ms (setup)        0.004 (*) 
Cl( 5, 5) in Cl( 5, 5) CPU =        0.234 ms (setup)        0.003 (*) 
Cl( 6, 5) in Cl( 6, 5) CPU =        0.572 ms (setup)        0.018 (*) 
Cl( 6, 6) in Cl( 6, 6) CPU =        1.128 ms (setup)        0.017 (*) 
Cl( 7, 6) in Cl( 7, 6) CPU =        2.645 ms (setup)        0.112 (*) 
Cl( 7, 7) in Cl( 7, 7) CPU =        5.312 ms (setup)        0.109 (*) 
Cl( 8, 7) in Cl( 8, 7) CPU =       12.695 ms (setup)        0.760 (*) 
Cl( 8, 8) in Cl( 8, 8) CPU =       25.458 ms (setup)        0.757 (*) 
Cl( 9, 8) in Cl( 9, 8) CPU =       62.458 ms (setup)        5.727 (*) 
Cl( 9, 9) in Cl( 9, 9) CPU =      126.379 ms (setup)        5.675 (*) 
Cl(10, 9) in Cl(10, 9) CPU =      328.272 ms (setup)       44.050 (*) 
Cl(10,10) in Cl(10,10) CPU =      669.479 ms (setup)       43.954 (*) 
Cl(11,10) in Cl(11,10) CPU =     1862.676 ms (setup)      347.607 (*) 
Cl(11,11) in Cl(11,11) CPU =     3824.296 ms (setup)      348.093 (*) 
Fill: 1
Cl( 1, 0) in Cl( 1, 0) CPU =        0.010 ms (setup)        0.002 (*) 
Cl( 1, 1) in Cl( 1, 1) CPU =        0.005 ms (setup)        0.001 (*) 
Cl( 2, 1) in Cl( 2, 1) CPU =        0.004 ms (setup)        0.001 (*) 
Cl( 2, 2) in Cl( 2, 2) CPU =        0.008 ms (setup)        0.001 (*) 
Cl( 3, 2) in Cl( 3, 2) CPU =        0.011 ms (setup)        0.002 (*) 
Cl( 3, 3) in Cl( 3, 3) CPU =        0.018 ms (setup)        0.001 (*) 
Cl( 4, 3) in Cl( 4, 3) CPU =        2.681 ms (setup)        0.002 (*) 
Cl( 4, 4) in Cl( 4, 4) CPU =        0.077 ms (setup)        0.001 (*) 
Cl( 5, 4) in Cl( 5, 4) CPU =        0.189 ms (setup)        0.004 (*) 
Cl( 5, 5) in Cl( 5, 5) CPU =        0.370 ms (setup)        0.003 (*) 
Cl( 6, 5) in Cl( 6, 5) CPU =        0.897 ms (setup)        0.017 (*) 
Cl( 6, 6) in Cl( 6, 6) CPU =        1.763 ms (setup)        0.017 (*) 
Cl( 7, 6) in Cl( 7, 6) CPU =        4.369 ms (setup)        0.109 (*) 
Cl( 7, 7) in Cl( 7, 7) CPU =        8.811 ms (setup)        0.110 (*) 
Cl( 8, 7) in Cl( 8, 7) CPU =       21.881 ms (setup)        0.761 (*) 
Cl( 8, 8) in Cl( 8, 8) CPU =       44.645 ms (setup)        0.761 (*) 
Cl( 9, 8) in Cl( 9, 8) CPU =      116.269 ms (setup)        5.717 (*) 
Cl( 9, 9) in Cl( 9, 9) CPU =      238.944 ms (setup)        5.718 (*) 
Cl(10, 9) in Cl(10, 9) CPU =      661.969 ms (setup)       43.951 (*) 
Cl(10,10) in Cl(10,10) CPU =     1387.041 ms (setup)       43.955 (*) 
Cl(11,10) in Cl(11,10) CPU =     4116.748 ms (setup)      346.555 (*) 
Cl(11,11) in Cl(11,11) CPU =     8627.022 ms (setup)      346.485 (*) 
