
framed_multi<float,-4,4>
Clifford algebra expressions test:
Fill: 0.5
Cl( 1, 0) in Cl( 1, 0) CPU =        0.001 ms (setup)        0.002 (comm)        0.004 (pade)        0.001 (series)        0.000 (mix)        0.001 (add) 
Cl( 1, 1) in Cl( 1, 1) CPU =        0.001 ms (setup)        0.001 (comm)        0.004 (pade)        0.001 (series)        0.000 (mix)        0.001 (add) 
Cl( 2, 1) in Cl( 2, 1) CPU =        0.001 ms (setup)        0.003 (comm)        0.007 (pade)        0.003 (series)        0.001 (mix)        0.001 (add) 
Cl( 2, 2) in Cl( 2, 2) CPU =        0.002 ms (setup)        0.005 (comm)        0.007 (pade)        0.005 (series)        0.002 (mix)        0.001 (add) 
Cl( 3, 2) in Cl( 3, 2) CPU =        0.002 ms (setup)        0.011 (comm)        0.033 (pade)        0.011 (series)        0.004 (mix)        0.003 (add) 
Cl( 3, 3) in Cl( 3, 3) CPU =        0.006 ms (setup)        0.026 (comm)        0.041 (pade)        0.042 (series)        0.007 (mix)        0.003 (add) 
Cl( 4, 3) in Cl( 4, 3) CPU =        0.012 ms (setup)        0.065 (comm)        0.162 (pade)        0.130 (series)        0.019 (mix)        0.007 (add) 
Cl( 4, 4) in Cl( 4, 4) CPU =        0.028 ms (setup)        3.992 (comm)        3.723 (pade)        4.295 (series)        0.054 (mix)        0.015 (add) 
Cl( 1, 0) in Cl( 4, 4) CPU =        0.001 ms (setup)        0.001 (comm)        0.004 (pade)        0.001 (series)        0.001 (mix)        0.001 (add) 
Cl( 1, 1) in Cl( 4, 4) CPU =        0.001 ms (setup)        0.002 (comm)        0.004 (pade)        0.002 (series)        0.001 (mix)        0.001 (add) 
Cl( 2, 1) in Cl( 4, 4) CPU =        0.001 ms (setup)        0.004 (comm)        0.007 (pade)        0.004 (series)        0.001 (mix)        0.001 (add) 
Cl( 2, 2) in Cl( 4, 4) CPU =        0.002 ms (setup)        0.005 (comm)        0.009 (pade)        0.007 (series)        0.002 (mix)        0.002 (add) 
Cl( 3, 2) in Cl( 4, 4) CPU =        0.003 ms (setup)        0.013 (comm)        0.032 (pade)        0.017 (series)        0.003 (mix)        0.003 (add) 
Cl( 3, 3) in Cl( 4, 4) CPU =        0.006 ms (setup)        0.027 (comm)        0.043 (pade)        0.044 (series)        0.007 (mix)        0.005 (add) 
Cl( 4, 3) in Cl( 4, 4) CPU =        0.012 ms (setup)        3.561 (comm)        0.148 (pade)        0.111 (series)        0.017 (mix)        3.514 (add) 
Cl( 4, 4) in Cl( 4, 4) CPU =        0.026 ms (setup)        3.937 (comm)        3.708 (pade)        7.780 (series)        0.051 (mix)        0.011 (add) 
Fill: 1
Cl( 1, 0) in Cl( 1, 0) CPU =        0.001 ms (setup)        0.002 (comm)        0.004 (pade)        0.002 (series)        0.001 (mix)        0.001 (add) 
Cl( 1, 1) in Cl( 1, 1) CPU =        0.001 ms (setup)        0.003 (comm)        0.004 (pade)        0.003 (series)        0.001 (mix)        0.001 (add) 
Cl( 2, 1) in Cl( 2, 1) CPU =        0.001 ms (setup)        0.004 (comm)        0.007 (pade)        0.005 (series)        0.002 (mix)        0.001 (add) 
Cl( 2, 2) in Cl( 2, 2) CPU =        0.002 ms (setup)        0.007 (comm)        0.010 (pade)        0.008 (series)        0.002 (mix)        0.001 (add) 
Cl( 3, 2) in Cl( 3, 2) CPU =        0.005 ms (setup)        0.016 (comm)        0.032 (pade)        0.022 (series)        0.005 (mix)        0.002 (add) 
Cl( 3, 3) in Cl( 3, 3) CPU =        0.009 ms (setup)        0.045 (comm)        0.045 (pade)        0.066 (series)        0.012 (mix)        0.004 (add) 
Cl( 4, 3) in Cl( 4, 3) CPU =        0.018 ms (setup)        0.134 (comm)        0.165 (pade)        0.208 (series)        0.030 (mix)        0.007 (add) 
Cl( 4, 4) in Cl( 4, 4) CPU =        0.036 ms (setup)        4.035 (comm)        3.737 (pade)        7.897 (series)        0.079 (mix)        3.520 (add) 
Cl( 1, 0) in Cl( 4, 4) CPU =        0.001 ms (setup)        0.002 (comm)        0.003 (pade)        0.002 (series)        0.001 (mix)        0.001 (add) 
Cl( 1, 1) in Cl( 4, 4) CPU =        0.001 ms (setup)        0.003 (comm)        0.004 (pade)        0.003 (series)        0.001 (mix)        0.001 (add) 
Cl( 2, 1) in Cl( 4, 4) CPU =        0.001 ms (setup)        0.004 (comm)        0.008 (pade)        0.005 (series)        0.002 (mix)        0.001 (add) 
Cl( 2, 2) in Cl( 4, 4) CPU =        0.002 ms (setup)        0.006 (comm)        0.009 (pade)        0.008 (series)        0.002 (mix)        0.001 (add) 
Cl( 3, 2) in Cl( 4, 4) CPU =        0.004 ms (setup)        0.016 (comm)        0.032 (pade)        0.022 (series)        0.005 (mix)        0.002 (add) 
Cl( 3, 3) in Cl( 4, 4) CPU =        0.008 ms (setup)        0.045 (comm)        0.046 (pade)        3.568 (series)        0.011 (mix)        0.004 (add) 
Cl( 4, 3) in Cl( 4, 4) CPU =        0.018 ms (setup)        0.135 (comm)        3.667 (pade)        0.208 (series)        0.030 (mix)        0.007 (add) 
Cl( 4, 4) in Cl( 4, 4) CPU =        0.040 ms (setup)        4.029 (comm)        3.738 (pade)        4.398 (series)        0.080 (mix)        0.018 (add) 

matrix_multi<float,-4,4>
Clifford algebra expressions test:
Fill: 0.5
Cl( 1, 0) in Cl( 1, 0) CPU =        0.002 ms (setup)        0.003 (comm)        0.003 (pade)        0.001 (series)        0.002 (mix)        0.001 (add) 
Cl( 1, 1) in Cl( 1, 1) CPU =        0.002 ms (setup)        0.005 (comm)        0.002 (pade)        0.001 (series)        0.005 (mix)        0.001 (add) 
Cl( 2, 1) in Cl( 2, 1) CPU =        0.002 ms (setup)        0.023 (comm)        0.003 (pade)        0.001 (series)        0.022 (mix)        0.001 (add) 
Cl( 2, 2) in Cl( 2, 2) CPU =        0.003 ms (setup)        0.034 (comm)        0.002 (pade)        0.001 (series)        0.034 (mix)        0.001 (add) 
Cl( 3, 2) in Cl( 3, 2) CPU =        0.013 ms (setup)        0.130 (comm)        0.004 (pade)        0.002 (series)        0.126 (mix)        0.001 (add) 
Cl( 3, 3) in Cl( 3, 3) CPU =        0.021 ms (setup)        0.212 (comm)        0.004 (pade)        0.002 (series)        3.706 (mix)        0.001 (add) 
Cl( 4, 3) in Cl( 4, 3) CPU =        0.052 ms (setup)        7.989 (comm)        0.007 (pade)        0.003 (series)        7.967 (mix)        0.001 (add) 
Cl( 4, 4) in Cl( 4, 4) CPU =        0.101 ms (setup)       12.015 (comm)        0.008 (pade)        0.003 (series)       11.993 (mix)        0.001 (add) 
Cl( 1, 0) in Cl( 4, 4) CPU =        0.003 ms (setup)        3.527 (comm)        0.004 (pade)        0.003 (series)        0.024 (mix)        0.001 (add) 
Cl( 1, 1) in Cl( 4, 4) CPU =        0.003 ms (setup)        0.036 (comm)        0.006 (pade)        0.003 (series)        0.033 (mix)        0.001 (add) 
Cl( 2, 1) in Cl( 4, 4) CPU =        0.007 ms (setup)        0.072 (comm)        0.007 (pade)        0.003 (series)        0.070 (mix)        0.001 (add) 
Cl( 2, 2) in Cl( 4, 4) CPU =        0.011 ms (setup)        0.087 (comm)        0.006 (pade)        0.003 (series)        0.085 (mix)        0.001 (add) 
Cl( 3, 2) in Cl( 4, 4) CPU =        0.045 ms (setup)        3.735 (comm)        0.007 (pade)        0.003 (series)        3.728 (mix)        0.001 (add) 
Cl( 3, 3) in Cl( 4, 4) CPU =        0.072 ms (setup)        3.834 (comm)        0.007 (pade)        0.003 (series)        3.825 (mix)        0.001 (add) 
Cl( 4, 3) in Cl( 4, 4) CPU =        3.695 ms (setup)        4.434 (comm)        0.007 (pade)        0.003 (series)        7.915 (mix)        0.001 (add) 
Cl( 4, 4) in Cl( 4, 4) CPU =        3.603 ms (setup)       12.046 (comm)        0.007 (pade)        0.003 (series)       12.020 (mix)        0.001 (add) 
Fill: 1
Cl( 1, 0) in Cl( 1, 0) CPU =        0.001 ms (setup)        0.005 (comm)        0.002 (pade)        0.001 (series)        0.005 (mix)        0.001 (add) 
Cl( 1, 1) in Cl( 1, 1) CPU =        0.002 ms (setup)        0.009 (comm)        0.002 (pade)        0.001 (series)        0.009 (mix)        0.001 (add) 
Cl( 2, 1) in Cl( 2, 1) CPU =        0.002 ms (setup)        0.029 (comm)        0.003 (pade)        0.001 (series)        0.028 (mix)        0.001 (add) 
Cl( 2, 2) in Cl( 2, 2) CPU =        0.005 ms (setup)        0.045 (comm)        0.003 (pade)        0.001 (series)        3.547 (mix)        0.000 (add) 
Cl( 3, 2) in Cl( 3, 2) CPU =        0.013 ms (setup)        0.163 (comm)        0.004 (pade)        0.001 (series)        3.670 (mix)        0.001 (add) 
Cl( 3, 3) in Cl( 3, 3) CPU =        0.025 ms (setup)        3.756 (comm)        0.004 (pade)        0.002 (series)        0.251 (mix)        0.001 (add) 
Cl( 4, 3) in Cl( 4, 3) CPU =        3.571 ms (setup)        8.126 (comm)        0.007 (pade)        0.003 (series)        8.120 (mix)        0.001 (add) 
Cl( 4, 4) in Cl( 4, 4) CPU =        0.138 ms (setup)       12.223 (comm)        0.007 (pade)        0.003 (series)       12.216 (mix)        0.001 (add) 
Cl( 1, 0) in Cl( 4, 4) CPU =        0.003 ms (setup)        0.046 (comm)        0.007 (pade)        0.003 (series)        0.044 (mix)        0.001 (add) 
Cl( 1, 1) in Cl( 4, 4) CPU =        0.004 ms (setup)        0.061 (comm)        0.007 (pade)        0.003 (series)        0.059 (mix)        0.001 (add) 
Cl( 2, 1) in Cl( 4, 4) CPU =        0.009 ms (setup)        0.087 (comm)        0.006 (pade)        0.003 (series)        3.587 (mix)        0.001 (add) 
Cl( 2, 2) in Cl( 4, 4) CPU =        0.021 ms (setup)        0.124 (comm)        0.005 (pade)        0.003 (series)        0.122 (mix)        0.001 (add) 
Cl( 3, 2) in Cl( 4, 4) CPU =        0.052 ms (setup)        0.254 (comm)        0.007 (pade)        0.003 (series)        0.247 (mix)        0.001 (add) 
Cl( 3, 3) in Cl( 4, 4) CPU =        3.593 ms (setup)        3.894 (comm)        0.007 (pade)        0.003 (series)        3.889 (mix)        0.001 (add) 
Cl( 4, 3) in Cl( 4, 4) CPU =        3.754 ms (setup)        8.191 (comm)        0.007 (pade)        0.003 (series)        8.183 (mix)        0.001 (add) 
Cl( 4, 4) in Cl( 4, 4) CPU =        0.135 ms (setup)       15.726 (comm)        0.007 (pade)        0.003 (series)       15.710 (mix)        0.001 (add) 

framed_multi<double>
Clifford algebra expressions test:
Fill: 0.5
Cl( 1, 0) in Cl( 1, 0) CPU =        0.001 ms (setup)        0.002 (comm)        0.004 (pade)        0.002 (series)        0.001 (mix)        0.001 (add) 
Cl( 1, 1) in Cl( 1, 1) CPU =        0.001 ms (setup)        0.001 (comm)        0.004 (pade)        0.001 (series)        0.001 (mix)        0.001 (add) 
Cl( 2, 1) in Cl( 2, 1) CPU =        0.001 ms (setup)        0.005 (comm)        0.007 (pade)        0.004 (series)        0.002 (mix)        0.001 (add) 
Cl( 2, 2) in Cl( 2, 2) CPU =        0.002 ms (setup)        0.006 (comm)        0.009 (pade)        0.007 (series)        0.003 (mix)        0.002 (add) 
Cl( 3, 2) in Cl( 3, 2) CPU =        0.003 ms (setup)        0.013 (comm)        0.034 (pade)        0.013 (series)        0.005 (mix)        0.003 (add) 
Cl( 3, 3) in Cl( 3, 3) CPU =        0.007 ms (setup)        3.535 (comm)        0.043 (pade)        0.050 (series)        0.009 (mix)        0.003 (add) 
Cl( 4, 3) in Cl( 4, 3) CPU =        0.014 ms (setup)        0.083 (comm)        3.659 (pade)        0.141 (series)        0.023 (mix)        0.005 (add) 
Cl( 4, 4) in Cl( 4, 4) CPU =        0.030 ms (setup)        3.973 (comm)        0.207 (pade)        7.782 (series)        0.066 (mix)        0.009 (add) 
Cl( 5, 4) in Cl( 5, 4) CPU =        0.057 ms (setup)       15.757 (comm)        7.780 (pade)       23.947 (series)        3.780 (mix)        0.034 (add) 
Cl( 5, 5) in Cl( 5, 5) CPU =        0.122 ms (setup)       23.814 (comm)        8.117 (pade)       32.056 (series)        7.862 (mix)        0.050 (add) 
Cl( 6, 5) in Cl( 6, 5) CPU =        3.744 ms (setup)       75.924 (comm)       31.856 (pade)      119.857 (series)       16.326 (mix)        0.060 (add) 
Cl( 6, 6) in Cl( 6, 6) CPU =        3.994 ms (setup)       43.879 (comm)       55.379 (pade)      191.724 (series)        6.253 (mix)        0.226 (add) 
Cl( 7, 6) in Cl( 7, 6) CPU =        0.922 ms (setup)      423.799 (comm)      140.244 (pade)      563.480 (series)      159.990 (mix)        3.777 (add) 
Cl( 7, 7) in Cl( 7, 7) CPU =       16.053 ms (setup)      825.341 (comm)      195.933 (pade)      771.928 (series)       90.675 (mix)        0.585 (add) 
Cl( 8, 7) in Cl( 8, 7) CPU =        3.813 ms (setup)     1445.008 (comm)      670.666 (pade)     2607.564 (series)      159.188 (mix)        1.130 (add) 
Cl( 8, 8) in Cl( 8, 8) CPU =        7.711 ms (setup)     1837.899 (comm)      694.601 (pade)     2756.794 (series)      480.735 (mix)        2.454 (add) 
Cl( 1, 0) in Cl( 8, 8) CPU =        0.002 ms (setup)        0.001 (comm)        0.002 (pade)        0.001 (series)        0.001 (mix)        0.001 (add) 
Cl( 1, 1) in Cl( 8, 8) CPU =        0.001 ms (setup)        0.001 (comm)        0.004 (pade)        0.001 (series)        0.000 (mix)        0.001 (add) 
Cl( 2, 1) in Cl( 8, 8) CPU =        0.001 ms (setup)        0.004 (comm)        0.007 (pade)        0.003 (series)        0.001 (mix)        0.001 (add) 
Cl( 2, 2) in Cl( 8, 8) CPU =        0.002 ms (setup)        0.005 (comm)        0.007 (pade)        0.006 (series)        0.002 (mix)        0.001 (add) 
Cl( 3, 2) in Cl( 8, 8) CPU =        0.003 ms (setup)        0.010 (comm)        0.024 (pade)        0.010 (series)        0.004 (mix)        0.001 (add) 
Cl( 3, 3) in Cl( 8, 8) CPU =        0.006 ms (setup)        0.030 (comm)        0.038 (pade)        2.123 (series)        0.007 (mix)        0.002 (add) 
Cl( 4, 3) in Cl( 8, 8) CPU =        0.012 ms (setup)        0.069 (comm)        0.134 (pade)        3.647 (series)        0.018 (mix)        0.004 (add) 
Cl( 4, 4) in Cl( 8, 8) CPU =        0.026 ms (setup)        3.928 (comm)        3.697 (pade)        4.298 (series)        0.071 (mix)        3.510 (add) 
Cl( 5, 4) in Cl( 8, 8) CPU =        0.060 ms (setup)       12.236 (comm)        4.242 (pade)       23.922 (series)        3.777 (mix)        0.015 (add) 
Cl( 5, 5) in Cl( 8, 8) CPU =        0.110 ms (setup)       23.730 (comm)        8.021 (pade)       31.989 (series)       16.915 (mix)        0.027 (add) 
Cl( 6, 5) in Cl( 8, 8) CPU =        2.622 ms (setup)       75.865 (comm)       28.181 (pade)      116.014 (series)       19.834 (mix)        0.056 (add) 
Cl( 6, 6) in Cl( 8, 8) CPU =        0.476 ms (setup)       56.224 (comm)       40.054 (pade)      156.405 (series)       52.104 (mix)        0.122 (add) 
Cl( 7, 6) in Cl( 8, 8) CPU =        0.911 ms (setup)      427.978 (comm)      143.685 (pade)      560.000 (series)      159.925 (mix)        3.775 (add) 
Cl( 7, 7) in Cl( 8, 8) CPU =       16.052 ms (setup)      827.904 (comm)      199.966 (pade)      783.769 (series)       89.288 (mix)        0.530 (add) 
Cl( 8, 7) in Cl( 8, 8) CPU =        3.813 ms (setup)     1451.014 (comm)      675.423 (pade)     2625.046 (series)      161.391 (mix)        1.155 (add) 
Cl( 8, 8) in Cl( 8, 8) CPU =        7.817 ms (setup)     1833.336 (comm)      703.090 (pade)     2764.133 (series)      476.091 (mix)        2.425 (add) 
Fill: 1
Cl( 1, 0) in Cl( 1, 0) CPU =        0.001 ms (setup)        0.002 (comm)        0.004 (pade)        0.002 (series)        0.001 (mix)        0.001 (add) 
Cl( 1, 1) in Cl( 1, 1) CPU =        0.001 ms (setup)        0.002 (comm)        0.004 (pade)        0.003 (series)        0.001 (mix)        0.001 (add) 
Cl( 2, 1) in Cl( 2, 1) CPU =        0.002 ms (setup)        0.004 (comm)        0.007 (pade)        0.005 (series)        0.002 (mix)        0.001 (add) 
Cl( 2, 2) in Cl( 2, 2) CPU =        0.002 ms (setup)        0.007 (comm)        0.009 (pade)        0.009 (series)        0.003 (mix)        0.001 (add) 
Cl( 3, 2) in Cl( 3, 2) CPU =        0.004 ms (setup)        0.018 (comm)        0.030 (pade)        0.022 (series)        0.005 (mix)        0.002 (add) 
Cl( 3, 3) in Cl( 3, 3) CPU =        0.009 ms (setup)        0.048 (comm)        0.042 (pade)        0.071 (series)        0.011 (mix)        0.003 (add) 
Cl( 4, 3) in Cl( 4, 3) CPU =        0.016 ms (setup)        0.141 (comm)        3.672 (pade)        0.229 (series)        3.543 (mix)        0.005 (add) 
Cl( 4, 4) in Cl( 4, 4) CPU =        0.037 ms (setup)        4.064 (comm)        0.238 (pade)        7.912 (series)        0.089 (mix)        0.009 (add) 
Cl( 5, 4) in Cl( 5, 4) CPU =        0.074 ms (setup)       15.918 (comm)        7.821 (pade)       24.195 (series)        0.251 (mix)        0.019 (add) 
Cl( 5, 5) in Cl( 5, 5) CPU =        3.659 ms (setup)       24.087 (comm)       11.681 (pade)       39.672 (series)        7.716 (mix)        0.037 (add) 
Cl( 6, 5) in Cl( 6, 5) CPU =        3.873 ms (setup)       80.302 (comm)       35.639 (pade)      128.340 (series)       15.980 (mix)        3.576 (add) 
Cl( 6, 6) in Cl( 6, 6) CPU =        7.816 ms (setup)       24.374 (comm)       47.992 (pade)      192.011 (series)       11.395 (mix)        0.138 (add) 
Cl( 7, 6) in Cl( 7, 6) CPU =        1.532 ms (setup)      440.043 (comm)      164.127 (pade)      636.226 (series)      123.826 (mix)        3.809 (add) 
Cl( 7, 7) in Cl( 7, 7) CPU =       27.896 ms (setup)      827.850 (comm)      240.406 (pade)      947.796 (series)      128.253 (mix)        0.599 (add) 
Cl( 8, 7) in Cl( 8, 7) CPU =        6.729 ms (setup)     1455.485 (comm)      673.551 (pade)     2690.514 (series)      114.475 (mix)        1.285 (add) 
Cl( 8, 8) in Cl( 8, 8) CPU =       14.049 ms (setup)     1775.834 (comm)      721.387 (pade)     2867.760 (series)      342.293 (mix)        3.974 (add) 
Cl( 1, 0) in Cl( 8, 8) CPU =        0.001 ms (setup)        0.002 (comm)        0.003 (pade)        0.002 (series)        0.001 (mix)        0.001 (add) 
Cl( 1, 1) in Cl( 8, 8) CPU =        0.001 ms (setup)        0.003 (comm)        0.004 (pade)        0.003 (series)        0.001 (mix)        0.001 (add) 
Cl( 2, 1) in Cl( 8, 8) CPU =        0.002 ms (setup)        0.004 (comm)        0.008 (pade)        0.004 (series)        0.002 (mix)        0.001 (add) 
Cl( 2, 2) in Cl( 8, 8) CPU =        0.002 ms (setup)        0.007 (comm)        0.009 (pade)        0.009 (series)        0.003 (mix)        0.001 (add) 
Cl( 3, 2) in Cl( 8, 8) CPU =        0.004 ms (setup)        0.017 (comm)        0.030 (pade)        1.144 (series)        0.005 (mix)        0.002 (add) 
Cl( 3, 3) in Cl( 8, 8) CPU =        0.008 ms (setup)        0.046 (comm)        0.042 (pade)        0.070 (series)        0.011 (mix)        0.004 (add) 
Cl( 4, 3) in Cl( 8, 8) CPU =        0.016 ms (setup)        3.670 (comm)        0.149 (pade)        3.739 (series)        0.031 (mix)        0.005 (add) 
Cl( 4, 4) in Cl( 8, 8) CPU =        0.036 ms (setup)        4.082 (comm)        3.741 (pade)        7.920 (series)        3.593 (mix)        0.009 (add) 
Cl( 5, 4) in Cl( 8, 8) CPU =        0.080 ms (setup)       15.940 (comm)        4.330 (pade)       24.276 (series)        3.777 (mix)        0.019 (add) 
Cl( 5, 5) in Cl( 8, 8) CPU =        3.668 ms (setup)       24.113 (comm)       11.710 (pade)       39.705 (series)        7.732 (mix)        0.037 (add) 
Cl( 6, 5) in Cl( 8, 8) CPU =        3.874 ms (setup)       80.238 (comm)       35.646 (pade)      135.626 (series)       15.992 (mix)        0.074 (add) 
Cl( 6, 6) in Cl( 8, 8) CPU =        4.295 ms (setup)       27.838 (comm)       48.014 (pade)      192.018 (series)       13.606 (mix)        0.140 (add) 
Cl( 7, 6) in Cl( 8, 8) CPU =        1.577 ms (setup)      440.063 (comm)      164.089 (pade)      639.602 (series)      132.076 (mix)        3.812 (add) 
Cl( 7, 7) in Cl( 8, 8) CPU =       27.900 ms (setup)      820.183 (comm)      243.840 (pade)      951.586 (series)      135.103 (mix)        0.606 (add) 
Cl( 8, 7) in Cl( 8, 8) CPU =        6.505 ms (setup)     1454.000 (comm)      682.861 (pade)     2676.562 (series)      114.770 (mix)        1.307 (add) 
Cl( 8, 8) in Cl( 8, 8) CPU =       13.043 ms (setup)     1776.587 (comm)      724.261 (pade)     2866.742 (series)      339.750 (mix)        3.738 (add) 

matrix_multi<double>
Clifford algebra expressions test:
Fill: 0.5
Cl( 1, 0) in Cl( 1, 0) CPU =        0.003 ms (setup)        0.003 (comm)        0.002 (pade)        0.001 (series)        0.003 (mix)        0.000 (add) 
Cl( 1, 1) in Cl( 1, 1) CPU =        0.005 ms (setup)        0.003 (comm)        0.002 (pade)        0.001 (series)        0.003 (mix)        0.001 (add) 
Cl( 2, 1) in Cl( 2, 1) CPU =        0.002 ms (setup)        0.120 (comm)        0.012 (pade)        0.001 (series)        0.018 (mix)        0.001 (add) 
Cl( 2, 2) in Cl( 2, 2) CPU =        0.003 ms (setup)        0.032 (comm)        0.003 (pade)        0.001 (series)        0.030 (mix)        0.001 (add) 
Cl( 3, 2) in Cl( 3, 2) CPU =        0.014 ms (setup)        0.104 (comm)        0.004 (pade)        0.002 (series)        1.920 (mix)        0.001 (add) 
Cl( 3, 3) in Cl( 3, 3) CPU =        0.018 ms (setup)        0.184 (comm)        0.004 (pade)        0.001 (series)        0.178 (mix)        0.001 (add) 
Cl( 4, 3) in Cl( 4, 3) CPU =        0.052 ms (setup)        7.950 (comm)        0.009 (pade)        0.005 (series)       12.167 (mix)        0.001 (add) 
Cl( 4, 4) in Cl( 4, 4) CPU =        0.111 ms (setup)       11.989 (comm)        0.009 (pade)        0.005 (series)       11.813 (mix)        0.001 (add) 
Cl( 5, 4) in Cl( 5, 4) CPU =        3.756 ms (setup)       48.014 (comm)        0.019 (pade)        0.013 (series)       48.078 (mix)        0.002 (add) 
Cl( 5, 5) in Cl( 5, 5) CPU =        4.011 ms (setup)       71.898 (comm)        0.019 (pade)        0.013 (series)       71.966 (mix)        0.002 (add) 
Cl( 6, 5) in Cl( 6, 5) CPU =        8.222 ms (setup)       87.788 (comm)        0.052 (pade)        0.059 (series)      198.730 (mix)        0.005 (add) 
Cl( 6, 6) in Cl( 6, 6) CPU =        2.160 ms (setup)       44.508 (comm)        0.052 (pade)        0.059 (series)      163.224 (mix)        0.005 (add) 
Cl( 7, 6) in Cl( 7, 6) CPU =        5.151 ms (setup)     1417.059 (comm)        0.224 (pade)        0.236 (series)     1360.113 (mix)        0.023 (add) 
Cl( 7, 7) in Cl( 7, 7) CPU =       23.596 ms (setup)     1719.826 (comm)        0.224 (pade)        3.733 (series)     1429.844 (mix)        0.022 (add) 
Cl( 8, 7) in Cl( 8, 7) CPU =       27.719 ms (setup)     3005.981 (comm)        8.226 (pade)       12.219 (series)     2421.109 (mix)        0.095 (add) 
Cl( 8, 8) in Cl( 8, 8) CPU =       52.428 ms (setup)     3358.162 (comm)        8.043 (pade)       12.003 (series)     2780.034 (mix)        0.091 (add) 
Cl( 1, 0) in Cl( 8, 8) CPU =        0.013 ms (setup)      152.035 (comm)        4.175 (pade)       11.936 (series)      135.921 (mix)        3.623 (add) 
Cl( 1, 1) in Cl( 8, 8) CPU =        0.028 ms (setup)      164.197 (comm)       11.712 (pade)       11.901 (series)      159.763 (mix)        0.103 (add) 
Cl( 2, 1) in Cl( 8, 8) CPU =        0.052 ms (setup)      199.675 (comm)       11.812 (pade)       11.896 (series)      188.327 (mix)        0.096 (add) 
Cl( 2, 2) in Cl( 8, 8) CPU =        0.102 ms (setup)      231.721 (comm)        8.298 (pade)       11.908 (series)      232.037 (mix)        3.601 (add) 
Cl( 3, 2) in Cl( 8, 8) CPU =       11.986 ms (setup)      259.707 (comm)       12.014 (pade)       11.893 (series)      247.719 (mix)        0.097 (add) 
Cl( 3, 3) in Cl( 8, 8) CPU =        7.797 ms (setup)      328.294 (comm)       12.030 (pade)        8.021 (series)      327.805 (mix)        0.099 (add) 
Cl( 4, 3) in Cl( 8, 8) CPU =        7.963 ms (setup)      408.007 (comm)       15.819 (pade)        8.034 (series)      395.784 (mix)        0.100 (add) 
Cl( 4, 4) in Cl( 8, 8) CPU =        8.149 ms (setup)      523.923 (comm)       15.834 (pade)        8.024 (series)      499.918 (mix)        0.099 (add) 
Cl( 5, 4) in Cl( 8, 8) CPU =       23.684 ms (setup)      655.772 (comm)       19.659 (pade)       11.925 (series)      647.568 (mix)        0.099 (add) 
Cl( 5, 5) in Cl( 8, 8) CPU =       20.308 ms (setup)      743.787 (comm)       19.698 (pade)       11.934 (series)      728.137 (mix)        3.602 (add) 
Cl( 6, 5) in Cl( 8, 8) CPU =       47.819 ms (setup)     1123.648 (comm)        8.114 (pade)       12.081 (series)     1103.712 (mix)        0.101 (add) 
Cl( 6, 6) in Cl( 8, 8) CPU =       86.375 ms (setup)     1303.737 (comm)        8.131 (pade)       11.947 (series)     1307.638 (mix)        3.607 (add) 
Cl( 7, 6) in Cl( 8, 8) CPU =       43.761 ms (setup)     1902.363 (comm)        8.084 (pade)        8.176 (series)     1735.453 (mix)        0.091 (add) 
Cl( 7, 7) in Cl( 8, 8) CPU =       43.512 ms (setup)     2195.358 (comm)        8.023 (pade)        8.127 (series)     1824.782 (mix)        0.093 (add) 
Cl( 8, 7) in Cl( 8, 8) CPU =       99.794 ms (setup)     3070.923 (comm)        8.031 (pade)       12.025 (series)     2468.704 (mix)        0.106 (add) 
Cl( 8, 8) in Cl( 8, 8) CPU =       53.999 ms (setup)     3345.839 (comm)        8.056 (pade)       12.072 (series)     2755.472 (mix)        0.090 (add) 
Fill: 1
Cl( 1, 0) in Cl( 1, 0) CPU =        0.002 ms (setup)        0.005 (comm)        0.003 (pade)        0.001 (series)        0.004 (mix)        0.001 (add) 
Cl( 1, 1) in Cl( 1, 1) CPU =        0.002 ms (setup)        0.007 (comm)        0.002 (pade)        0.001 (series)        0.007 (mix)        0.000 (add) 
Cl( 2, 1) in Cl( 2, 1) CPU =        0.003 ms (setup)        0.025 (comm)        0.003 (pade)        0.001 (series)        0.024 (mix)        0.001 (add) 
Cl( 2, 2) in Cl( 2, 2) CPU =        0.005 ms (setup)        0.040 (comm)        0.003 (pade)        0.001 (series)        0.038 (mix)        0.001 (add) 
Cl( 3, 2) in Cl( 3, 2) CPU =        0.012 ms (setup)        1.495 (comm)        0.004 (pade)        0.002 (series)        0.139 (mix)        0.001 (add) 
Cl( 3, 3) in Cl( 3, 3) CPU =        0.023 ms (setup)        3.675 (comm)        0.003 (pade)        0.001 (series)        3.742 (mix)        0.001 (add) 
Cl( 4, 3) in Cl( 4, 3) CPU =        0.076 ms (setup)        8.189 (comm)        0.009 (pade)        0.005 (series)        8.138 (mix)        0.001 (add) 
Cl( 4, 4) in Cl( 4, 4) CPU =        0.146 ms (setup)       15.759 (comm)        0.009 (pade)        0.005 (series)       15.763 (mix)        0.001 (add) 
Cl( 5, 4) in Cl( 5, 4) CPU =        3.880 ms (setup)       52.148 (comm)        0.018 (pade)        0.013 (series)       52.181 (mix)        0.001 (add) 
Cl( 5, 5) in Cl( 5, 5) CPU =        7.745 ms (setup)       76.378 (comm)        0.018 (pade)        0.013 (series)       79.886 (mix)        0.002 (add) 
Cl( 6, 5) in Cl( 6, 5) CPU =       15.918 ms (setup)       66.992 (comm)        0.054 (pade)        0.058 (series)      192.876 (mix)        0.005 (add) 
Cl( 6, 6) in Cl( 6, 6) CPU =        3.587 ms (setup)       47.538 (comm)        0.052 (pade)        0.059 (series)      154.306 (mix)        0.005 (add) 
Cl( 7, 6) in Cl( 7, 6) CPU =        8.602 ms (setup)     1458.482 (comm)        3.732 (pade)        0.232 (series)     1381.917 (mix)        0.021 (add) 
Cl( 7, 7) in Cl( 7, 7) CPU =       17.370 ms (setup)     1796.321 (comm)        0.231 (pade)        0.230 (series)     1447.273 (mix)        0.021 (add) 
Cl( 8, 7) in Cl( 8, 7) CPU =       44.922 ms (setup)     3075.722 (comm)        8.030 (pade)       12.017 (series)     2488.588 (mix)        0.089 (add) 
Cl( 8, 8) in Cl( 8, 8) CPU =       88.183 ms (setup)     3474.164 (comm)        8.219 (pade)        8.133 (series)     2883.582 (mix)        0.090 (add) 
Cl( 1, 0) in Cl( 8, 8) CPU =        0.102 ms (setup)      175.792 (comm)        8.207 (pade)       11.900 (series)      168.030 (mix)        3.625 (add) 
Cl( 1, 1) in Cl( 8, 8) CPU =        0.039 ms (setup)      191.821 (comm)        8.194 (pade)        8.391 (series)      188.167 (mix)        3.599 (add) 
Cl( 2, 1) in Cl( 8, 8) CPU =        0.090 ms (setup)      212.059 (comm)       11.841 (pade)       11.909 (series)      207.795 (mix)        0.118 (add) 
Cl( 2, 2) in Cl( 8, 8) CPU =        7.756 ms (setup)      235.868 (comm)       11.805 (pade)        8.024 (series)      220.334 (mix)        0.097 (add) 
Cl( 3, 2) in Cl( 8, 8) CPU =        7.784 ms (setup)      264.281 (comm)       12.003 (pade)        8.040 (series)      256.078 (mix)        3.599 (add) 
Cl( 3, 3) in Cl( 8, 8) CPU =        7.837 ms (setup)      360.017 (comm)       12.027 (pade)        8.040 (series)      344.010 (mix)        3.603 (add) 
Cl( 4, 3) in Cl( 8, 8) CPU =        8.036 ms (setup)      495.829 (comm)       15.814 (pade)        8.018 (series)      479.736 (mix)        0.098 (add) 
Cl( 4, 4) in Cl( 8, 8) CPU =        8.292 ms (setup)      568.075 (comm)       15.817 (pade)        8.042 (series)      559.803 (mix)        0.099 (add) 
Cl( 5, 4) in Cl( 8, 8) CPU =       16.227 ms (setup)      703.769 (comm)       19.662 (pade)        8.039 (series)      692.066 (mix)        0.102 (add) 
Cl( 5, 5) in Cl( 8, 8) CPU =       27.966 ms (setup)      828.213 (comm)       16.147 (pade)        8.406 (series)      811.962 (mix)        0.100 (add) 
Cl( 6, 5) in Cl( 8, 8) CPU =       75.873 ms (setup)     1180.267 (comm)       11.596 (pade)       11.968 (series)     1184.185 (mix)        3.606 (add) 
Cl( 6, 6) in Cl( 8, 8) CPU =       77.512 ms (setup)     1415.291 (comm)        8.110 (pade)       12.065 (series)     1427.756 (mix)        0.099 (add) 
Cl( 7, 6) in Cl( 8, 8) CPU =       31.570 ms (setup)     2025.106 (comm)        8.155 (pade)       12.042 (series)     1765.909 (mix)        0.091 (add) 
Cl( 7, 7) in Cl( 8, 8) CPU =       58.530 ms (setup)     2333.019 (comm)        7.695 (pade)       11.653 (series)     1867.303 (mix)        0.097 (add) 
Cl( 8, 7) in Cl( 8, 8) CPU =      139.997 ms (setup)     3132.229 (comm)       11.426 (pade)       11.982 (series)     2542.169 (mix)        0.102 (add) 
Cl( 8, 8) in Cl( 8, 8) CPU =       87.892 ms (setup)     3487.926 (comm)       11.542 (pade)        8.107 (series)     2897.553 (mix)        0.093 (add) 
