expressions/expressions
	linux-vdso.so.1 (0x000071d0de123000)
	libarmadillo.so.15 => /lib/libarmadillo.so.15 (0x000071d0ddfef000)
	libopenblas.so.0 => /usr/lib/x86_64-linux-gnu/libopenblas.so.0 (0x000071d0dbb10000)
	libstdc++.so.6 => /usr/lib/x86_64-linux-gnu/libstdc++.so.6 (0x000071d0db800000)
	libm.so.6 => /usr/lib/x86_64-linux-gnu/libm.so.6 (0x000071d0db6da000)
	libgcc_s.so.1 => /usr/lib/x86_64-linux-gnu/libgcc_s.so.1 (0x000071d0dbae2000)
	libc.so.6 => /usr/lib/x86_64-linux-gnu/libc.so.6 (0x000071d0db400000)
	libblas.so.3 => /lib/x86_64-linux-gnu/libblas.so.3 (0x000071d0dac00000)
	libarpack.so.2 => /usr/lib/x86_64-linux-gnu/libarpack.so.2 (0x000071d0db68f000)
	libsuperlu.so.7 => /usr/lib/x86_64-linux-gnu/libsuperlu.so.7 (0x000071d0db38b000)
	/lib64/ld-linux-x86-64.so.2 (0x000071d0de125000)
	libmvec.so.1 => /usr/lib/x86_64-linux-gnu/libmvec.so.1 (0x000071d0dab05000)
	libgfortran.so.5 => /usr/lib/x86_64-linux-gnu/libgfortran.so.5 (0x000071d0da600000)
gfft_test/gfft_test
	linux-vdso.so.1 (0x000076d1e47bc000)
	libarmadillo.so.15 => /lib/libarmadillo.so.15 (0x000076d1e4700000)
	libopenblas.so.0 => /usr/lib/x86_64-linux-gnu/libopenblas.so.0 (0x000076d1e2220000)
	libstdc++.so.6 => /usr/lib/x86_64-linux-gnu/libstdc++.so.6 (0x000076d1e1e00000)
	libm.so.6 => /usr/lib/x86_64-linux-gnu/libm.so.6 (0x000076d1e20fa000)
	libgcc_s.so.1 => /usr/lib/x86_64-linux-gnu/libgcc_s.so.1 (0x000076d1e20cc000)
	libc.so.6 => /usr/lib/x86_64-linux-gnu/libc.so.6 (0x000076d1e1a00000)
	libblas.so.3 => /lib/x86_64-linux-gnu/libblas.so.3 (0x000076d1e1200000)
	libarpack.so.2 => /usr/lib/x86_64-linux-gnu/libarpack.so.2 (0x000076d1e1db5000)
	libsuperlu.so.7 => /usr/lib/x86_64-linux-gnu/libsuperlu.so.7 (0x000076d1e1d40000)
	/lib64/ld-linux-x86-64.so.2 (0x000076d1e47be000)
	libmvec.so.1 => /usr/lib/x86_64-linux-gnu/libmvec.so.1 (0x000076d1e1c45000)
	libgfortran.so.5 => /usr/lib/x86_64-linux-gnu/libgfortran.so.5 (0x000076d1e0e00000)
products/products
	linux-vdso.so.1 (0x0000720f775c0000)
	libarmadillo.so.15 => /lib/libarmadillo.so.15 (0x0000720f774a3000)
	libopenblas.so.0 => /usr/lib/x86_64-linux-gnu/libopenblas.so.0 (0x0000720f74fc8000)
	libstdc++.so.6 => /usr/lib/x86_64-linux-gnu/libstdc++.so.6 (0x0000720f74c00000)
	libm.so.6 => /usr/lib/x86_64-linux-gnu/libm.so.6 (0x0000720f74ea2000)
	libgcc_s.so.1 => /usr/lib/x86_64-linux-gnu/libgcc_s.so.1 (0x0000720f74bd2000)
	libc.so.6 => /usr/lib/x86_64-linux-gnu/libc.so.6 (0x0000720f74800000)
	libblas.so.3 => /lib/x86_64-linux-gnu/libblas.so.3 (0x0000720f74000000)
	libarpack.so.2 => /usr/lib/x86_64-linux-gnu/libarpack.so.2 (0x0000720f74b87000)
	libsuperlu.so.7 => /usr/lib/x86_64-linux-gnu/libsuperlu.so.7 (0x0000720f74b12000)
	/lib64/ld-linux-x86-64.so.2 (0x0000720f775c2000)
	libmvec.so.1 => /usr/lib/x86_64-linux-gnu/libmvec.so.1 (0x0000720f73f05000)
	libgfortran.so.5 => /usr/lib/x86_64-linux-gnu/libgfortran.so.5 (0x0000720f73a00000)
squaring/squaring
	linux-vdso.so.1 (0x000079583e88b000)
	libarmadillo.so.15 => /lib/libarmadillo.so.15 (0x000079583e7cc000)
	libopenblas.so.0 => /usr/lib/x86_64-linux-gnu/libopenblas.so.0 (0x000079583c2f0000)
	libstdc++.so.6 => /usr/lib/x86_64-linux-gnu/libstdc++.so.6 (0x000079583c000000)
	libm.so.6 => /usr/lib/x86_64-linux-gnu/libm.so.6 (0x000079583beda000)
	libgcc_s.so.1 => /usr/lib/x86_64-linux-gnu/libgcc_s.so.1 (0x000079583c2c2000)
	libc.so.6 => /usr/lib/x86_64-linux-gnu/libc.so.6 (0x000079583bc00000)
	libblas.so.3 => /lib/x86_64-linux-gnu/libblas.so.3 (0x000079583b400000)
	libarpack.so.2 => /usr/lib/x86_64-linux-gnu/libarpack.so.2 (0x000079583be8f000)
	libsuperlu.so.7 => /usr/lib/x86_64-linux-gnu/libsuperlu.so.7 (0x000079583bb8b000)
	/lib64/ld-linux-x86-64.so.2 (0x000079583e88d000)
	libmvec.so.1 => /usr/lib/x86_64-linux-gnu/libmvec.so.1 (0x000079583b305000)
	libgfortran.so.5 => /usr/lib/x86_64-linux-gnu/libgfortran.so.5 (0x000079583ae00000)
transforms/transforms
	linux-vdso.so.1 (0x0000715ae5db3000)
	libarmadillo.so.15 => /lib/libarmadillo.so.15 (0x0000715ae5cf5000)
	libopenblas.so.0 => /usr/lib/x86_64-linux-gnu/libopenblas.so.0 (0x0000715ae3818000)
	libstdc++.so.6 => /usr/lib/x86_64-linux-gnu/libstdc++.so.6 (0x0000715ae3400000)
	libm.so.6 => /usr/lib/x86_64-linux-gnu/libm.so.6 (0x0000715ae36f2000)
	libgcc_s.so.1 => /usr/lib/x86_64-linux-gnu/libgcc_s.so.1 (0x0000715ae36c4000)
	libc.so.6 => /usr/lib/x86_64-linux-gnu/libc.so.6 (0x0000715ae3000000)
	libblas.so.3 => /lib/x86_64-linux-gnu/libblas.so.3 (0x0000715ae2800000)
	libarpack.so.2 => /usr/lib/x86_64-linux-gnu/libarpack.so.2 (0x0000715ae33b5000)
	libsuperlu.so.7 => /usr/lib/x86_64-linux-gnu/libsuperlu.so.7 (0x0000715ae3340000)
	/lib64/ld-linux-x86-64.so.2 (0x0000715ae5db5000)
	libmvec.so.1 => /usr/lib/x86_64-linux-gnu/libmvec.so.1 (0x0000715ae3245000)
	libgfortran.so.5 => /usr/lib/x86_64-linux-gnu/libgfortran.so.5 (0x0000715ae2400000)
versor/versor
	linux-vdso.so.1 (0x00007f377f91b000)
	libarmadillo.so.15 => /lib/libarmadillo.so.15 (0x00007f377f85a000)
	libopenblas.so.0 => /usr/lib/x86_64-linux-gnu/libopenblas.so.0 (0x00007f377d380000)
	libstdc++.so.6 => /usr/lib/x86_64-linux-gnu/libstdc++.so.6 (0x00007f377d000000)
	libm.so.6 => /usr/lib/x86_64-linux-gnu/libm.so.6 (0x00007f377ceda000)
	libgcc_s.so.1 => /usr/lib/x86_64-linux-gnu/libgcc_s.so.1 (0x00007f377d352000)
	libc.so.6 => /usr/lib/x86_64-linux-gnu/libc.so.6 (0x00007f377cc00000)
	libblas.so.3 => /lib/x86_64-linux-gnu/libblas.so.3 (0x00007f377c400000)
	libarpack.so.2 => /usr/lib/x86_64-linux-gnu/libarpack.so.2 (0x00007f377d307000)
	libsuperlu.so.7 => /usr/lib/x86_64-linux-gnu/libsuperlu.so.7 (0x00007f377ce65000)
	/lib64/ld-linux-x86-64.so.2 (0x00007f377f91d000)
	libmvec.so.1 => /usr/lib/x86_64-linux-gnu/libmvec.so.1 (0x00007f377c305000)
	libgfortran.so.5 => /usr/lib/x86_64-linux-gnu/libgfortran.so.5 (0x00007f377be00000)
