
framed_multi<double>
Clifford algebra squaring test:
Fill: 0.5
Cl( 1, 0) in Cl( 1, 0) CPU =        0.028 ms (setup)        0.004 (*) 
Cl( 1, 1) in Cl( 1, 1) CPU =        0.001 ms (setup)        0.001 (*) 
Cl( 2, 1) in Cl( 2, 1) CPU =        0.002 ms (setup)        0.003 (*) 
Cl( 2, 2) in Cl( 2, 2) CPU =        0.002 ms (setup)        0.004 (*) 
Cl( 3, 2) in Cl( 3, 2) CPU =        0.003 ms (setup)        0.006 (*) 
Cl( 3, 3) in Cl( 3, 3) CPU =        0.004 ms (setup)        0.017 (*) 
Cl( 4, 3) in Cl( 4, 3) CPU =        0.008 ms (setup)        0.039 (*) 
Cl( 4, 4) in Cl( 4, 4) CPU =        7.059 ms (setup)        0.249 (*) 
Cl( 5, 4) in Cl( 5, 4) CPU =        0.026 ms (setup)        7.768 (*) 
Cl( 5, 5) in Cl( 5, 5) CPU =        0.061 ms (setup)        7.978 (*) 
Cl( 6, 5) in Cl( 6, 5) CPU =        0.122 ms (setup)       32.011 (*) 
Cl( 6, 6) in Cl( 6, 6) CPU =        0.231 ms (setup)       39.881 (*) 
Cl( 7, 6) in Cl( 7, 6) CPU =        0.484 ms (setup)      143.334 (*) 
Cl( 7, 7) in Cl( 7, 7) CPU =        7.990 ms (setup)      176.285 (*) 
Cl( 8, 7) in Cl( 8, 7) CPU =       15.996 ms (setup)      671.640 (*) 
Cl( 8, 8) in Cl( 8, 8) CPU =       32.186 ms (setup)      694.456 (*) 
Cl( 9, 8) in Cl( 9, 8) CPU =       79.526 ms (setup)      949.786 (*) 
Cl( 9, 9) in Cl( 9, 9) CPU =       18.740 ms (setup)     1126.807 (*) 
Cl(10, 9) in Cl(10, 9) CPU =       41.851 ms (setup)     2710.688 (*) 
Cl(10,10) in Cl(10,10) CPU =       81.672 ms (setup)     3546.237 (*) 
Cl(11,10) in Cl(11,10) CPU =      144.071 ms (setup)    13141.675 (*) 
Cl(11,11) in Cl(11,11) CPU =      348.574 ms (setup)    18712.825 (*) 
Fill: 1
Cl( 1, 0) in Cl( 1, 0) CPU =        0.006 ms (setup)        0.004 (*) 
Cl( 1, 1) in Cl( 1, 1) CPU =        0.001 ms (setup)        0.004 (*) 
Cl( 2, 1) in Cl( 2, 1) CPU =        0.002 ms (setup)        0.003 (*) 
Cl( 2, 2) in Cl( 2, 2) CPU =        0.002 ms (setup)        0.004 (*) 
Cl( 3, 2) in Cl( 3, 2) CPU =        0.004 ms (setup)        0.010 (*) 
Cl( 3, 3) in Cl( 3, 3) CPU =        0.007 ms (setup)        0.023 (*) 
Cl( 4, 3) in Cl( 4, 3) CPU =        0.012 ms (setup)        0.066 (*) 
Cl( 4, 4) in Cl( 4, 4) CPU =        0.021 ms (setup)        0.246 (*) 
Cl( 5, 4) in Cl( 5, 4) CPU =        0.041 ms (setup)        0.760 (*) 
Cl( 5, 5) in Cl( 5, 5) CPU =        0.083 ms (setup)        1.097 (*) 
Cl( 6, 5) in Cl( 6, 5) CPU =        0.184 ms (setup)        3.761 (*) 
Cl( 6, 6) in Cl( 6, 6) CPU =        0.376 ms (setup)        5.381 (*) 
Cl( 7, 6) in Cl( 7, 6) CPU =        0.756 ms (setup)       92.791 (*) 
Cl( 7, 7) in Cl( 7, 7) CPU =        8.691 ms (setup)      239.787 (*) 
Cl( 8, 7) in Cl( 8, 7) CPU =       31.525 ms (setup)      808.382 (*) 
Cl( 8, 8) in Cl( 8, 8) CPU =       56.164 ms (setup)      696.760 (*) 
Cl( 9, 8) in Cl( 9, 8) CPU =      119.517 ms (setup)     1030.545 (*) 
Cl( 9, 9) in Cl( 9, 9) CPU =       30.529 ms (setup)     1348.859 (*) 
Cl(10, 9) in Cl(10, 9) CPU =       66.995 ms (setup)     3417.881 (*) 
Cl(10,10) in Cl(10,10) CPU =      158.353 ms (setup)     5071.840 (*) 
Cl(11,10) in Cl(11,10) CPU =      334.999 ms (setup)    17677.740 (*) 
Cl(11,11) in Cl(11,11) CPU =      657.022 ms (setup)    28600.904 (*) 

matrix_multi<double>
Clifford algebra squaring test:
Fill: 0.5
Cl( 1, 0) in Cl( 1, 0) CPU =        0.033 ms (setup)        0.003 (*) 
Cl( 1, 1) in Cl( 1, 1) CPU =        0.004 ms (setup)        0.000 (*) 
Cl( 2, 1) in Cl( 2, 1) CPU =        0.010 ms (setup)        0.001 (*) 
Cl( 2, 2) in Cl( 2, 2) CPU =        0.008 ms (setup)        0.000 (*) 
Cl( 3, 2) in Cl( 3, 2) CPU =        0.018 ms (setup)        0.004 (*) 
Cl( 3, 3) in Cl( 3, 3) CPU =        0.019 ms (setup)        0.001 (*) 
Cl( 4, 3) in Cl( 4, 3) CPU =        0.030 ms (setup)        0.001 (*) 
Cl( 4, 4) in Cl( 4, 4) CPU =        0.048 ms (setup)        0.002 (*) 
Cl( 5, 4) in Cl( 5, 4) CPU =        0.140 ms (setup)        0.003 (*) 
Cl( 5, 5) in Cl( 5, 5) CPU =        0.217 ms (setup)        0.003 (*) 
Cl( 6, 5) in Cl( 6, 5) CPU =        0.551 ms (setup)        0.012 (*) 
Cl( 6, 6) in Cl( 6, 6) CPU =        1.061 ms (setup)        0.012 (*) 
Cl( 7, 6) in Cl( 7, 6) CPU =        2.612 ms (setup)        0.120 (*) 
Cl( 7, 7) in Cl( 7, 7) CPU =       43.036 ms (setup)        0.039 (*) 
Cl( 8, 7) in Cl( 8, 7) CPU =      120.205 ms (setup)        0.192 (*) 
Cl( 8, 8) in Cl( 8, 8) CPU =      216.412 ms (setup)        7.186 (*) 
Cl( 9, 8) in Cl( 9, 8) CPU =      583.868 ms (setup)        8.319 (*) 
Cl( 9, 9) in Cl( 9, 9) CPU =      705.029 ms (setup)        6.278 (*) 
Cl(10, 9) in Cl(10, 9) CPU =      918.809 ms (setup)       59.764 (*) 
Cl(10,10) in Cl(10,10) CPU =     1251.503 ms (setup)       48.342 (*) 
Cl(11,10) in Cl(11,10) CPU =     2545.132 ms (setup)      430.474 (*) 
Cl(11,11) in Cl(11,11) CPU =     4379.357 ms (setup)      412.266 (*) 
Fill: 1
Cl( 1, 0) in Cl( 1, 0) CPU =        0.015 ms (setup)        0.002 (*) 
Cl( 1, 1) in Cl( 1, 1) CPU =        0.008 ms (setup)        0.001 (*) 
Cl( 2, 1) in Cl( 2, 1) CPU =        0.010 ms (setup)        0.001 (*) 
Cl( 2, 2) in Cl( 2, 2) CPU =        0.014 ms (setup)        0.001 (*) 
Cl( 3, 2) in Cl( 3, 2) CPU =        0.017 ms (setup)        0.003 (*) 
Cl( 3, 3) in Cl( 3, 3) CPU =        0.024 ms (setup)        0.002 (*) 
Cl( 4, 3) in Cl( 4, 3) CPU =      207.874 ms (setup)        0.003 (*) 
Cl( 4, 4) in Cl( 4, 4) CPU =        0.084 ms (setup)        0.002 (*) 
Cl( 5, 4) in Cl( 5, 4) CPU =        0.222 ms (setup)        0.003 (*) 
Cl( 5, 5) in Cl( 5, 5) CPU =        7.407 ms (setup)        0.003 (*) 
Cl( 6, 5) in Cl( 6, 5) CPU =        7.997 ms (setup)        0.015 (*) 
Cl( 6, 6) in Cl( 6, 6) CPU =       15.995 ms (setup)        0.014 (*) 
Cl( 7, 6) in Cl( 7, 6) CPU =       40.023 ms (setup)        0.069 (*) 
Cl( 7, 7) in Cl( 7, 7) CPU =       79.836 ms (setup)        0.044 (*) 
Cl( 8, 7) in Cl( 8, 7) CPU =      207.960 ms (setup)        0.210 (*) 
Cl( 8, 8) in Cl( 8, 8) CPU =      407.604 ms (setup)        0.232 (*) 
Cl( 9, 8) in Cl( 9, 8) CPU =      699.550 ms (setup)        2.457 (*) 
Cl( 9, 9) in Cl( 9, 9) CPU =      818.756 ms (setup)        3.580 (*) 
Cl(10, 9) in Cl(10, 9) CPU =     1254.136 ms (setup)       49.605 (*) 
Cl(10,10) in Cl(10,10) CPU =     1904.855 ms (setup)       54.120 (*) 
Cl(11,10) in Cl(11,10) CPU =     4464.662 ms (setup)      409.224 (*) 
Cl(11,11) in Cl(11,11) CPU =     8549.025 ms (setup)      489.865 (*) 
