
framed_multi<float,-4,4>
Clifford algebra expressions test:
Fill: 0.5
Cl( 1, 0) in Cl( 1, 0) CPU =        0.005 ms (setup)        0.005 (comm)        0.018 (pade)        0.010 (series)        0.003 (mix)        0.007 (add) 
Cl( 1, 1) in Cl( 1, 1) CPU =        0.002 ms (setup)        0.002 (comm)        0.013 (pade)        0.003 (series)        0.001 (mix)        0.005 (add) 
Cl( 2, 1) in Cl( 2, 1) CPU =        0.003 ms (setup)        0.017 (comm)        0.031 (pade)        0.019 (series)        0.005 (mix)        0.005 (add) 
Cl( 2, 2) in Cl( 2, 2) CPU =        0.005 ms (setup)        0.036 (comm)        0.034 (pade)        0.032 (series)        0.009 (mix)        0.006 (add) 
Cl( 3, 2) in Cl( 3, 2) CPU =        0.009 ms (setup)        0.057 (comm)        0.171 (pade)        0.052 (series)        0.019 (mix)        0.011 (add) 
Cl( 3, 3) in Cl( 3, 3) CPU =        0.022 ms (setup)        0.133 (comm)        0.194 (pade)        0.256 (series)        0.043 (mix)        0.015 (add) 
Cl( 4, 3) in Cl( 4, 3) CPU =        0.040 ms (setup)        0.335 (comm)        0.656 (pade)        0.596 (series)        0.103 (mix)        0.030 (add) 
Cl( 4, 4) in Cl( 4, 4) CPU =        0.082 ms (setup)        1.812 (comm)        0.805 (pade)        3.054 (series)        0.309 (mix)        0.046 (add) 
Cl( 1, 0) in Cl( 4, 4) CPU =        0.001 ms (setup)        0.002 (comm)        0.009 (pade)        0.005 (series)        0.001 (mix)        0.003 (add) 
Cl( 1, 1) in Cl( 4, 4) CPU =        0.002 ms (setup)        0.005 (comm)        0.009 (pade)        0.005 (series)        0.002 (mix)        0.003 (add) 
Cl( 2, 1) in Cl( 4, 4) CPU =        0.002 ms (setup)        0.011 (comm)        0.020 (pade)        0.015 (series)        0.004 (mix)        0.005 (add) 
Cl( 2, 2) in Cl( 4, 4) CPU =        0.005 ms (setup)        0.022 (comm)        0.029 (pade)        0.027 (series)        0.007 (mix)        0.005 (add) 
Cl( 3, 2) in Cl( 4, 4) CPU =        0.007 ms (setup)        0.042 (comm)        0.113 (pade)        0.062 (series)        0.014 (mix)        0.008 (add) 
Cl( 3, 3) in Cl( 4, 4) CPU =        0.017 ms (setup)        0.102 (comm)        0.161 (pade)        0.166 (series)        0.034 (mix)        0.015 (add) 
Cl( 4, 3) in Cl( 4, 4) CPU =        0.032 ms (setup)        0.240 (comm)        0.542 (pade)        0.422 (series)        0.074 (mix)        0.022 (add) 
Cl( 4, 4) in Cl( 4, 4) CPU =        0.064 ms (setup)        1.599 (comm)        0.689 (pade)        2.376 (series)        0.166 (mix)        0.038 (add) 
Fill: 1
Cl( 1, 0) in Cl( 1, 0) CPU =        0.001 ms (setup)        0.009 (comm)        0.009 (pade)        0.009 (series)        0.002 (mix)        0.005 (add) 
Cl( 1, 1) in Cl( 1, 1) CPU =        0.002 ms (setup)        0.009 (comm)        0.009 (pade)        0.009 (series)        0.002 (mix)        0.003 (add) 
Cl( 2, 1) in Cl( 2, 1) CPU =        0.004 ms (setup)        0.011 (comm)        0.019 (pade)        0.013 (series)        0.004 (mix)        0.004 (add) 
Cl( 2, 2) in Cl( 2, 2) CPU =        0.005 ms (setup)        0.022 (comm)        0.030 (pade)        0.026 (series)        0.007 (mix)        0.005 (add) 
Cl( 3, 2) in Cl( 3, 2) CPU =        0.009 ms (setup)        0.052 (comm)        0.121 (pade)        0.068 (series)        0.015 (mix)        0.007 (add) 
Cl( 3, 3) in Cl( 3, 3) CPU =        0.019 ms (setup)        0.170 (comm)        0.127 (pade)        0.261 (series)        0.037 (mix)        0.013 (add) 
Cl( 4, 3) in Cl( 4, 3) CPU =        0.042 ms (setup)        0.427 (comm)        0.435 (pade)        0.656 (series)        0.090 (mix)        0.029 (add) 
Cl( 4, 4) in Cl( 4, 4) CPU =        0.091 ms (setup)        1.474 (comm)        0.634 (pade)        2.467 (series)        0.270 (mix)        0.072 (add) 
Cl( 1, 0) in Cl( 4, 4) CPU =        0.002 ms (setup)        0.005 (comm)        0.008 (pade)        0.007 (series)        0.002 (mix)        0.004 (add) 
Cl( 1, 1) in Cl( 4, 4) CPU =        0.003 ms (setup)        0.007 (comm)        0.009 (pade)        0.009 (series)        0.003 (mix)        0.003 (add) 
Cl( 2, 1) in Cl( 4, 4) CPU =        0.007 ms (setup)        0.013 (comm)        0.019 (pade)        0.013 (series)        0.004 (mix)        0.004 (add) 
Cl( 2, 2) in Cl( 4, 4) CPU =        0.006 ms (setup)        0.022 (comm)        0.030 (pade)        0.026 (series)        0.007 (mix)        0.005 (add) 
Cl( 3, 2) in Cl( 4, 4) CPU =        0.009 ms (setup)        0.051 (comm)        0.101 (pade)        0.067 (series)        0.015 (mix)        0.007 (add) 
Cl( 3, 3) in Cl( 4, 4) CPU =        0.019 ms (setup)        0.138 (comm)        0.129 (pade)        0.199 (series)        0.044 (mix)        0.015 (add) 
Cl( 4, 3) in Cl( 4, 4) CPU =        0.040 ms (setup)        0.424 (comm)        0.433 (pade)        0.656 (series)        0.095 (mix)        0.030 (add) 
Cl( 4, 4) in Cl( 4, 4) CPU =        0.087 ms (setup)        1.473 (comm)        0.669 (pade)        2.569 (series)        0.246 (mix)        0.074 (add) 

matrix_multi<float,-4,4>
Clifford algebra expressions test:
Fill: 0.5
Cl( 1, 0) in Cl( 1, 0) CPU =        0.006 ms (setup)        0.011 (comm)        0.004 (pade)        0.005 (series)        0.007 (mix)        0.001 (add) 
Cl( 1, 1) in Cl( 1, 1) CPU =        0.005 ms (setup)        0.020 (comm)        0.003 (pade)        0.005 (series)        0.016 (mix)        0.001 (add) 
Cl( 2, 1) in Cl( 2, 1) CPU =        0.006 ms (setup)        0.083 (comm)        0.004 (pade)        0.003 (series)        0.077 (mix)        0.001 (add) 
Cl( 2, 2) in Cl( 2, 2) CPU =        0.007 ms (setup)        0.112 (comm)        0.003 (pade)        0.003 (series)        0.111 (mix)        0.001 (add) 
Cl( 3, 2) in Cl( 3, 2) CPU =        0.035 ms (setup)        0.367 (comm)        0.005 (pade)        0.005 (series)        0.372 (mix)        0.001 (add) 
Cl( 3, 3) in Cl( 3, 3) CPU =        0.074 ms (setup)        0.628 (comm)        0.005 (pade)        0.005 (series)        0.616 (mix)        0.001 (add) 
Cl( 4, 3) in Cl( 4, 3) CPU =        0.143 ms (setup)        2.933 (comm)        0.011 (pade)        0.009 (series)        3.068 (mix)        0.002 (add) 
Cl( 4, 4) in Cl( 4, 4) CPU =        0.308 ms (setup)        4.466 (comm)        0.010 (pade)        0.009 (series)        4.280 (mix)        0.001 (add) 
Cl( 1, 0) in Cl( 4, 4) CPU =        0.007 ms (setup)        0.072 (comm)        0.009 (pade)        0.009 (series)        0.061 (mix)        0.001 (add) 
Cl( 1, 1) in Cl( 4, 4) CPU =        0.007 ms (setup)        0.092 (comm)        0.009 (pade)        0.009 (series)        0.085 (mix)        0.001 (add) 
Cl( 2, 1) in Cl( 4, 4) CPU =        0.020 ms (setup)        0.220 (comm)        0.009 (pade)        0.009 (series)        0.206 (mix)        0.001 (add) 
Cl( 2, 2) in Cl( 4, 4) CPU =        0.034 ms (setup)        0.240 (comm)        0.009 (pade)        0.011 (series)        0.270 (mix)        0.001 (add) 
Cl( 3, 2) in Cl( 4, 4) CPU =        0.146 ms (setup)        0.663 (comm)        0.009 (pade)        0.009 (series)        0.654 (mix)        0.001 (add) 
Cl( 3, 3) in Cl( 4, 4) CPU =        0.223 ms (setup)        0.974 (comm)        0.009 (pade)        0.009 (series)        0.966 (mix)        0.001 (add) 
Cl( 4, 3) in Cl( 4, 4) CPU =        0.552 ms (setup)        2.670 (comm)        0.009 (pade)        0.009 (series)        2.641 (mix)        0.002 (add) 
Cl( 4, 4) in Cl( 4, 4) CPU =        0.279 ms (setup)        4.184 (comm)        0.009 (pade)        0.009 (series)        4.181 (mix)        0.001 (add) 
Fill: 1
Cl( 1, 0) in Cl( 1, 0) CPU =        0.006 ms (setup)        0.021 (comm)        0.004 (pade)        0.005 (series)        0.018 (mix)        0.001 (add) 
Cl( 1, 1) in Cl( 1, 1) CPU =        0.003 ms (setup)        0.028 (comm)        0.003 (pade)        0.003 (series)        0.025 (mix)        0.001 (add) 
Cl( 2, 1) in Cl( 2, 1) CPU =        0.007 ms (setup)        0.086 (comm)        0.003 (pade)        0.004 (series)        0.083 (mix)        0.001 (add) 
Cl( 2, 2) in Cl( 2, 2) CPU =        0.016 ms (setup)        0.130 (comm)        0.003 (pade)        0.004 (series)        0.135 (mix)        0.001 (add) 
Cl( 3, 2) in Cl( 3, 2) CPU =        0.040 ms (setup)        0.480 (comm)        0.005 (pade)        0.005 (series)        0.475 (mix)        0.001 (add) 
Cl( 3, 3) in Cl( 3, 3) CPU =        0.079 ms (setup)        0.769 (comm)        0.005 (pade)        0.005 (series)        0.764 (mix)        0.001 (add) 
Cl( 4, 3) in Cl( 4, 3) CPU =        0.191 ms (setup)        3.230 (comm)        0.009 (pade)        0.009 (series)        3.679 (mix)        0.002 (add) 
Cl( 4, 4) in Cl( 4, 4) CPU =        0.407 ms (setup)        4.860 (comm)        0.009 (pade)        0.009 (series)        4.821 (mix)        0.002 (add) 
Cl( 1, 0) in Cl( 4, 4) CPU =        0.007 ms (setup)        0.136 (comm)        0.009 (pade)        0.009 (series)        0.122 (mix)        0.001 (add) 
Cl( 1, 1) in Cl( 4, 4) CPU =        0.009 ms (setup)        0.179 (comm)        0.009 (pade)        0.009 (series)        0.166 (mix)        0.001 (add) 
Cl( 2, 1) in Cl( 4, 4) CPU =        0.025 ms (setup)        0.243 (comm)        0.009 (pade)        0.009 (series)        0.243 (mix)        0.001 (add) 
Cl( 2, 2) in Cl( 4, 4) CPU =        0.072 ms (setup)        0.356 (comm)        0.009 (pade)        0.009 (series)        0.345 (mix)        0.001 (add) 
Cl( 3, 2) in Cl( 4, 4) CPU =        0.175 ms (setup)        0.715 (comm)        0.009 (pade)        0.009 (series)        0.707 (mix)        0.001 (add) 
Cl( 3, 3) in Cl( 4, 4) CPU =        0.262 ms (setup)        1.161 (comm)        0.009 (pade)        0.009 (series)        1.142 (mix)        0.001 (add) 
Cl( 4, 3) in Cl( 4, 4) CPU =        0.731 ms (setup)        3.420 (comm)        0.009 (pade)        0.009 (series)        3.411 (mix)        0.002 (add) 
Cl( 4, 4) in Cl( 4, 4) CPU =        0.390 ms (setup)        4.848 (comm)        0.009 (pade)        0.009 (series)        4.878 (mix)        0.002 (add) 

framed_multi<double>
Clifford algebra expressions test:
Fill: 0.5
Cl( 1, 0) in Cl( 1, 0) CPU =        0.002 ms (setup)        0.004 (comm)        0.013 (pade)        0.009 (series)        0.002 (mix)        0.005 (add) 
Cl( 1, 1) in Cl( 1, 1) CPU =        0.002 ms (setup)        0.001 (comm)        0.007 (pade)        0.002 (series)        0.001 (mix)        0.003 (add) 
Cl( 2, 1) in Cl( 2, 1) CPU =        0.002 ms (setup)        0.011 (comm)        0.019 (pade)        0.012 (series)        0.003 (mix)        0.003 (add) 
Cl( 2, 2) in Cl( 2, 2) CPU =        0.005 ms (setup)        0.018 (comm)        0.022 (pade)        0.022 (series)        0.006 (mix)        0.004 (add) 
Cl( 3, 2) in Cl( 3, 2) CPU =        0.007 ms (setup)        0.038 (comm)        0.101 (pade)        0.036 (series)        0.013 (mix)        0.005 (add) 
Cl( 3, 3) in Cl( 3, 3) CPU =        0.015 ms (setup)        0.092 (comm)        0.124 (pade)        0.151 (series)        0.030 (mix)        0.007 (add) 
Cl( 4, 3) in Cl( 4, 3) CPU =        0.029 ms (setup)        0.237 (comm)        0.391 (pade)        0.475 (series)        0.072 (mix)        0.013 (add) 
Cl( 4, 4) in Cl( 4, 4) CPU =        0.059 ms (setup)        1.181 (comm)        0.532 (pade)        2.041 (series)        0.189 (mix)        0.024 (add) 
Cl( 5, 4) in Cl( 5, 4) CPU =        0.112 ms (setup)        3.741 (comm)        1.760 (pade)        6.726 (series)        0.498 (mix)        0.051 (add) 
Cl( 5, 5) in Cl( 5, 5) CPU =        0.230 ms (setup)        5.862 (comm)        2.502 (pade)        9.556 (series)        1.339 (mix)        0.114 (add) 
Cl( 6, 5) in Cl( 6, 5) CPU =        0.473 ms (setup)       19.864 (comm)        9.165 (pade)       31.498 (series)        3.589 (mix)        0.191 (add) 
Cl( 6, 6) in Cl( 6, 6) CPU =        0.946 ms (setup)       31.042 (comm)       12.409 (pade)       44.816 (series)       10.228 (mix)        0.375 (add) 
Cl( 7, 6) in Cl( 7, 6) CPU =        1.897 ms (setup)      101.240 (comm)       40.239 (pade)      152.479 (series)       29.355 (mix)        0.786 (add) 
Cl( 7, 7) in Cl( 7, 7) CPU =        3.750 ms (setup)      184.531 (comm)       55.859 (pade)      216.014 (series)       87.105 (mix)        1.603 (add) 
Cl( 8, 7) in Cl( 8, 7) CPU =        7.639 ms (setup)      603.864 (comm)      195.026 (pade)      747.292 (series)      257.094 (mix)        3.621 (add) 
Cl( 8, 8) in Cl( 8, 8) CPU =       15.700 ms (setup)     1272.849 (comm)      278.240 (pade)     1063.932 (series)      790.306 (mix)        8.494 (add) 
Cl( 1, 0) in Cl( 8, 8) CPU =        0.002 ms (setup)        0.003 (comm)        0.007 (pade)        0.006 (series)        0.002 (mix)        0.004 (add) 
Cl( 1, 1) in Cl( 8, 8) CPU =        0.002 ms (setup)        0.001 (comm)        0.009 (pade)        0.002 (series)        0.001 (mix)        0.004 (add) 
Cl( 2, 1) in Cl( 8, 8) CPU =        0.002 ms (setup)        0.010 (comm)        0.018 (pade)        0.010 (series)        0.003 (mix)        0.003 (add) 
Cl( 2, 2) in Cl( 8, 8) CPU =        0.005 ms (setup)        0.018 (comm)        0.020 (pade)        0.020 (series)        0.006 (mix)        0.004 (add) 
Cl( 3, 2) in Cl( 8, 8) CPU =        0.006 ms (setup)        0.034 (comm)        0.057 (pade)        0.030 (series)        0.009 (mix)        0.004 (add) 
Cl( 3, 3) in Cl( 8, 8) CPU =        0.013 ms (setup)        0.093 (comm)        0.120 (pade)        0.144 (series)        0.031 (mix)        0.007 (add) 
Cl( 4, 3) in Cl( 8, 8) CPU =        0.027 ms (setup)        0.231 (comm)        0.382 (pade)        0.438 (series)        0.073 (mix)        0.013 (add) 
Cl( 4, 4) in Cl( 8, 8) CPU =        0.058 ms (setup)        1.154 (comm)        0.531 (pade)        2.018 (series)        0.200 (mix)        0.024 (add) 
Cl( 5, 4) in Cl( 8, 8) CPU =        0.113 ms (setup)        3.658 (comm)        1.711 (pade)        6.606 (series)        0.473 (mix)        0.045 (add) 
Cl( 5, 5) in Cl( 8, 8) CPU =        0.220 ms (setup)        5.644 (comm)        2.381 (pade)        9.598 (series)        1.264 (mix)        0.088 (add) 
Cl( 6, 5) in Cl( 8, 8) CPU =        0.501 ms (setup)       18.735 (comm)        8.011 (pade)       31.341 (series)        3.706 (mix)        0.182 (add) 
Cl( 6, 6) in Cl( 8, 8) CPU =        0.954 ms (setup)       30.870 (comm)       11.340 (pade)       44.355 (series)        9.973 (mix)        0.374 (add) 
Cl( 7, 6) in Cl( 8, 8) CPU =        1.869 ms (setup)      100.183 (comm)       38.569 (pade)      149.644 (series)       29.526 (mix)        0.910 (add) 
Cl( 7, 7) in Cl( 8, 8) CPU =        4.052 ms (setup)      187.878 (comm)       55.648 (pade)      212.824 (series)       87.880 (mix)        1.600 (add) 
Cl( 8, 7) in Cl( 8, 8) CPU =        7.666 ms (setup)      606.553 (comm)      196.215 (pade)      737.553 (series)      263.185 (mix)        3.452 (add) 
Cl( 8, 8) in Cl( 8, 8) CPU =       15.514 ms (setup)     1269.949 (comm)      276.158 (pade)     1057.237 (series)      783.567 (mix)        8.492 (add) 
Fill: 1
Cl( 1, 0) in Cl( 1, 0) CPU =        0.002 ms (setup)        0.006 (comm)        0.009 (pade)        0.009 (series)        0.002 (mix)        0.004 (add) 
Cl( 1, 1) in Cl( 1, 1) CPU =        0.002 ms (setup)        0.009 (comm)        0.008 (pade)        0.009 (series)        0.003 (mix)        0.005 (add) 
Cl( 2, 1) in Cl( 2, 1) CPU =        0.005 ms (setup)        0.013 (comm)        0.021 (pade)        0.015 (series)        0.004 (mix)        0.004 (add) 
Cl( 2, 2) in Cl( 2, 2) CPU =        0.005 ms (setup)        0.025 (comm)        0.030 (pade)        0.030 (series)        0.008 (mix)        0.004 (add) 
Cl( 3, 2) in Cl( 3, 2) CPU =        0.011 ms (setup)        0.062 (comm)        0.089 (pade)        0.091 (series)        0.018 (mix)        0.007 (add) 
Cl( 3, 3) in Cl( 3, 3) CPU =        0.023 ms (setup)        0.170 (comm)        0.136 (pade)        0.252 (series)        0.045 (mix)        0.011 (add) 
Cl( 4, 3) in Cl( 4, 3) CPU =        0.049 ms (setup)        0.542 (comm)        0.470 (pade)        0.966 (series)        0.104 (mix)        0.020 (add) 
Cl( 4, 4) in Cl( 4, 4) CPU =        0.096 ms (setup)        1.423 (comm)        0.594 (pade)        2.288 (series)        0.264 (mix)        0.041 (add) 
Cl( 5, 4) in Cl( 5, 4) CPU =        0.189 ms (setup)        4.385 (comm)        1.891 (pade)        7.463 (series)        0.688 (mix)        0.084 (add) 
Cl( 5, 5) in Cl( 5, 5) CPU =        0.391 ms (setup)        7.296 (comm)        2.775 (pade)       10.866 (series)        1.848 (mix)        0.167 (add) 
Cl( 6, 5) in Cl( 6, 5) CPU =        0.765 ms (setup)       23.457 (comm)        9.007 (pade)       35.229 (series)        5.112 (mix)        0.334 (add) 
Cl( 6, 6) in Cl( 6, 6) CPU =        1.590 ms (setup)       41.698 (comm)       13.369 (pade)       54.182 (series)       14.859 (mix)        0.698 (add) 
Cl( 7, 6) in Cl( 7, 6) CPU =        3.139 ms (setup)      127.020 (comm)       44.910 (pade)      172.275 (series)       42.678 (mix)        1.438 (add) 
Cl( 7, 7) in Cl( 7, 7) CPU =        6.334 ms (setup)      257.298 (comm)       66.481 (pade)      262.884 (series)      126.344 (mix)        3.856 (add) 
Cl( 8, 7) in Cl( 8, 7) CPU =       12.988 ms (setup)      815.477 (comm)      227.523 (pade)      863.273 (series)      387.212 (mix)        9.030 (add) 
Cl( 8, 8) in Cl( 8, 8) CPU =       26.700 ms (setup)     1842.004 (comm)      346.791 (pade)     1311.097 (series)     1186.020 (mix)       18.556 (add) 
Cl( 1, 0) in Cl( 8, 8) CPU =        0.001 ms (setup)        0.006 (comm)        0.015 (pade)        0.009 (series)        0.002 (mix)        0.004 (add) 
Cl( 1, 1) in Cl( 8, 8) CPU =        0.002 ms (setup)        0.008 (comm)        0.007 (pade)        0.009 (series)        0.003 (mix)        0.003 (add) 
Cl( 2, 1) in Cl( 8, 8) CPU =        0.004 ms (setup)        0.013 (comm)        0.019 (pade)        0.015 (series)        0.005 (mix)        0.004 (add) 
Cl( 2, 2) in Cl( 8, 8) CPU =        0.005 ms (setup)        0.025 (comm)        0.031 (pade)        0.030 (series)        0.008 (mix)        0.005 (add) 
Cl( 3, 2) in Cl( 8, 8) CPU =        0.011 ms (setup)        0.068 (comm)        0.090 (pade)        0.081 (series)        0.018 (mix)        0.007 (add) 
Cl( 3, 3) in Cl( 8, 8) CPU =        0.022 ms (setup)        0.175 (comm)        0.125 (pade)        0.261 (series)        0.043 (mix)        0.011 (add) 
Cl( 4, 3) in Cl( 8, 8) CPU =        0.049 ms (setup)        0.534 (comm)        0.411 (pade)        0.854 (series)        0.104 (mix)        0.020 (add) 
Cl( 4, 4) in Cl( 8, 8) CPU =        0.093 ms (setup)        1.419 (comm)        0.595 (pade)        2.312 (series)        0.264 (mix)        0.041 (add) 
Cl( 5, 4) in Cl( 8, 8) CPU =        0.191 ms (setup)        4.386 (comm)        1.887 (pade)        7.378 (series)        0.689 (mix)        0.080 (add) 
Cl( 5, 5) in Cl( 8, 8) CPU =        0.374 ms (setup)        7.345 (comm)        2.997 (pade)       11.004 (series)        1.843 (mix)        0.162 (add) 
Cl( 6, 5) in Cl( 8, 8) CPU =        0.768 ms (setup)       22.640 (comm)        9.229 (pade)       35.760 (series)        5.117 (mix)        0.334 (add) 
Cl( 6, 6) in Cl( 8, 8) CPU =        1.553 ms (setup)       40.605 (comm)       13.315 (pade)       52.488 (series)       14.595 (mix)        0.823 (add) 
Cl( 7, 6) in Cl( 8, 8) CPU =        3.131 ms (setup)      128.052 (comm)       44.440 (pade)      169.810 (series)       42.809 (mix)        1.438 (add) 
Cl( 7, 7) in Cl( 8, 8) CPU =        6.521 ms (setup)      256.274 (comm)       67.221 (pade)      258.202 (series)      125.654 (mix)        3.726 (add) 
Cl( 8, 7) in Cl( 8, 8) CPU =       13.146 ms (setup)      816.236 (comm)      226.728 (pade)      855.403 (series)      387.254 (mix)        9.102 (add) 
Cl( 8, 8) in Cl( 8, 8) CPU =       26.873 ms (setup)     1837.525 (comm)      347.855 (pade)     1311.975 (series)     1181.052 (mix)       18.556 (add) 

matrix_multi<double>
Clifford algebra expressions test:
Fill: 0.5
Cl( 1, 0) in Cl( 1, 0) CPU =        0.005 ms (setup)        0.012 (comm)        0.003 (pade)        0.005 (series)        0.009 (mix)        0.002 (add) 
Cl( 1, 1) in Cl( 1, 1) CPU =        0.013 ms (setup)        0.009 (comm)        0.003 (pade)        0.003 (series)        0.007 (mix)        0.002 (add) 
Cl( 2, 1) in Cl( 2, 1) CPU =        0.004 ms (setup)        0.072 (comm)        0.004 (pade)        0.003 (series)        0.069 (mix)        0.001 (add) 
Cl( 2, 2) in Cl( 2, 2) CPU =        0.005 ms (setup)        0.120 (comm)        0.004 (pade)        0.004 (series)        0.117 (mix)        0.001 (add) 
Cl( 3, 2) in Cl( 3, 2) CPU =        0.041 ms (setup)        0.329 (comm)        0.005 (pade)        0.005 (series)        0.322 (mix)        0.001 (add) 
Cl( 3, 3) in Cl( 3, 3) CPU =        0.065 ms (setup)        0.593 (comm)        0.005 (pade)        0.005 (series)        0.589 (mix)        0.001 (add) 
Cl( 4, 3) in Cl( 4, 3) CPU =        0.156 ms (setup)        2.617 (comm)        0.012 (pade)        0.013 (series)        2.603 (mix)        0.002 (add) 
Cl( 4, 4) in Cl( 4, 4) CPU =        0.293 ms (setup)        4.423 (comm)        0.012 (pade)        0.013 (series)        4.058 (mix)        0.002 (add) 
Cl( 5, 4) in Cl( 5, 4) CPU =        0.672 ms (setup)       15.561 (comm)        0.047 (pade)        0.052 (series)       15.831 (mix)        0.004 (add) 
Cl( 5, 5) in Cl( 5, 5) CPU =        1.337 ms (setup)       22.376 (comm)        0.041 (pade)        0.045 (series)       22.144 (mix)        0.005 (add) 
Cl( 6, 5) in Cl( 6, 5) CPU =        2.968 ms (setup)       84.692 (comm)        0.230 (pade)        0.267 (series)       84.764 (mix)        0.018 (add) 
Cl( 6, 6) in Cl( 6, 6) CPU =        5.873 ms (setup)      119.657 (comm)        0.264 (pade)        0.267 (series)      120.166 (mix)        0.019 (add) 
Cl( 7, 6) in Cl( 7, 6) CPU =       13.574 ms (setup)      490.197 (comm)        1.619 (pade)        1.732 (series)      488.534 (mix)        0.101 (add) 
Cl( 7, 7) in Cl( 7, 7) CPU =       27.414 ms (setup)      648.777 (comm)        1.628 (pade)        1.737 (series)      647.945 (mix)        0.099 (add) 
Cl( 8, 7) in Cl( 8, 7) CPU =       69.499 ms (setup)     3544.417 (comm)       12.124 (pade)       12.041 (series)     3386.251 (mix)        0.570 (add) 
Cl( 8, 8) in Cl( 8, 8) CPU =      130.783 ms (setup)     3847.108 (comm)       12.170 (pade)       12.165 (series)     3829.496 (mix)        0.419 (add) 
Cl( 1, 0) in Cl( 8, 8) CPU =        0.070 ms (setup)       36.465 (comm)       11.295 (pade)       12.700 (series)       30.184 (mix)        0.394 (add) 
Cl( 1, 1) in Cl( 8, 8) CPU =        0.095 ms (setup)       50.233 (comm)       11.537 (pade)       12.574 (series)       44.708 (mix)        0.391 (add) 
Cl( 2, 1) in Cl( 8, 8) CPU =        0.184 ms (setup)       92.153 (comm)       11.924 (pade)       12.021 (series)       85.576 (mix)        0.394 (add) 
Cl( 2, 2) in Cl( 8, 8) CPU =        0.353 ms (setup)      155.896 (comm)       11.752 (pade)       12.027 (series)      151.344 (mix)        0.395 (add) 
Cl( 3, 2) in Cl( 8, 8) CPU =        2.047 ms (setup)      212.754 (comm)       11.819 (pade)       12.077 (series)      205.548 (mix)        0.388 (add) 
Cl( 3, 3) in Cl( 8, 8) CPU =        3.186 ms (setup)      288.332 (comm)       12.177 (pade)       13.080 (series)      283.814 (mix)        0.392 (add) 
Cl( 4, 3) in Cl( 8, 8) CPU =        3.569 ms (setup)      310.955 (comm)       11.847 (pade)       12.036 (series)      306.016 (mix)        0.394 (add) 
Cl( 4, 4) in Cl( 8, 8) CPU =        7.498 ms (setup)      426.923 (comm)       11.811 (pade)       12.162 (series)      405.733 (mix)        0.567 (add) 
Cl( 5, 4) in Cl( 8, 8) CPU =        5.597 ms (setup)      545.561 (comm)       12.188 (pade)       12.040 (series)      539.305 (mix)        0.390 (add) 
Cl( 5, 5) in Cl( 8, 8) CPU =        7.819 ms (setup)      642.035 (comm)       11.867 (pade)       12.441 (series)      633.434 (mix)        0.394 (add) 
Cl( 6, 5) in Cl( 8, 8) CPU =       15.663 ms (setup)      845.184 (comm)       12.112 (pade)       12.024 (series)      845.289 (mix)        0.398 (add) 
Cl( 6, 6) in Cl( 8, 8) CPU =       26.722 ms (setup)      936.430 (comm)       12.657 (pade)       12.045 (series)      935.336 (mix)        0.394 (add) 
Cl( 7, 6) in Cl( 8, 8) CPU =       57.541 ms (setup)     1318.223 (comm)       11.900 (pade)       11.981 (series)     1305.459 (mix)        0.400 (add) 
Cl( 7, 7) in Cl( 8, 8) CPU =      101.359 ms (setup)     1648.805 (comm)       12.008 (pade)       12.028 (series)     1638.853 (mix)        0.393 (add) 
Cl( 8, 7) in Cl( 8, 8) CPU =      249.292 ms (setup)     3156.638 (comm)       12.035 (pade)       12.054 (series)     3131.774 (mix)        0.424 (add) 
Cl( 8, 8) in Cl( 8, 8) CPU =      132.883 ms (setup)     3815.006 (comm)       11.886 (pade)       12.055 (series)     3805.992 (mix)        0.422 (add) 
Fill: 1
Cl( 1, 0) in Cl( 1, 0) CPU =        0.004 ms (setup)        0.021 (comm)        0.004 (pade)        0.004 (series)        0.018 (mix)        0.001 (add) 
Cl( 1, 1) in Cl( 1, 1) CPU =        0.005 ms (setup)        0.036 (comm)        0.003 (pade)        0.003 (series)        0.026 (mix)        0.001 (add) 
Cl( 2, 1) in Cl( 2, 1) CPU =        0.005 ms (setup)        0.091 (comm)        0.004 (pade)        0.003 (series)        0.088 (mix)        0.001 (add) 
Cl( 2, 2) in Cl( 2, 2) CPU =        0.018 ms (setup)        0.141 (comm)        0.004 (pade)        0.003 (series)        0.139 (mix)        0.001 (add) 
Cl( 3, 2) in Cl( 3, 2) CPU =        0.045 ms (setup)        0.478 (comm)        0.005 (pade)        0.005 (series)        0.480 (mix)        0.001 (add) 
Cl( 3, 3) in Cl( 3, 3) CPU =        0.086 ms (setup)        0.775 (comm)        0.005 (pade)        0.005 (series)        0.770 (mix)        0.001 (add) 
Cl( 4, 3) in Cl( 4, 3) CPU =        0.207 ms (setup)        3.218 (comm)        0.011 (pade)        0.013 (series)        3.188 (mix)        0.002 (add) 
Cl( 4, 4) in Cl( 4, 4) CPU =        0.406 ms (setup)        4.713 (comm)        0.012 (pade)        0.013 (series)        4.716 (mix)        0.002 (add) 
Cl( 5, 4) in Cl( 5, 4) CPU =        0.965 ms (setup)       16.991 (comm)        0.042 (pade)        0.045 (series)       16.942 (mix)        0.005 (add) 
Cl( 5, 5) in Cl( 5, 5) CPU =        1.898 ms (setup)       24.415 (comm)        0.046 (pade)        0.046 (series)       24.413 (mix)        0.005 (add) 
Cl( 6, 5) in Cl( 6, 5) CPU =        4.421 ms (setup)       93.175 (comm)        0.234 (pade)        0.275 (series)       92.657 (mix)        0.018 (add) 
Cl( 6, 6) in Cl( 6, 6) CPU =        9.449 ms (setup)      128.364 (comm)        0.232 (pade)        0.268 (series)      128.404 (mix)        0.019 (add) 
Cl( 7, 6) in Cl( 7, 6) CPU =       21.114 ms (setup)      528.152 (comm)        1.601 (pade)        1.798 (series)      524.662 (mix)        0.097 (add) 
Cl( 7, 7) in Cl( 7, 7) CPU =       41.880 ms (setup)      700.893 (comm)        1.599 (pade)        1.740 (series)      703.951 (mix)        0.093 (add) 
Cl( 8, 7) in Cl( 8, 7) CPU =      110.120 ms (setup)     4216.925 (comm)       11.899 (pade)       12.086 (series)     4075.531 (mix)        0.397 (add) 
Cl( 8, 8) in Cl( 8, 8) CPU =      216.204 ms (setup)     4218.277 (comm)       12.028 (pade)       12.019 (series)     4188.022 (mix)        0.395 (add) 
Cl( 1, 0) in Cl( 8, 8) CPU =        0.088 ms (setup)       59.109 (comm)       12.828 (pade)       12.468 (series)       53.075 (mix)        0.438 (add) 
Cl( 1, 1) in Cl( 8, 8) CPU =        0.144 ms (setup)       85.401 (comm)       11.563 (pade)       11.992 (series)       79.589 (mix)        0.394 (add) 
Cl( 2, 1) in Cl( 8, 8) CPU =        0.296 ms (setup)      122.989 (comm)       12.968 (pade)       12.036 (series)      116.574 (mix)        0.395 (add) 
Cl( 2, 2) in Cl( 8, 8) CPU =        3.046 ms (setup)      171.501 (comm)       11.889 (pade)       12.149 (series)      165.810 (mix)        0.412 (add) 
Cl( 3, 2) in Cl( 8, 8) CPU =        3.299 ms (setup)      233.141 (comm)       12.236 (pade)       12.049 (series)      226.690 (mix)        0.412 (add) 
Cl( 3, 3) in Cl( 8, 8) CPU =        3.533 ms (setup)      316.775 (comm)       11.792 (pade)       12.171 (series)      308.913 (mix)        0.396 (add) 
Cl( 4, 3) in Cl( 8, 8) CPU =        7.344 ms (setup)      424.178 (comm)       12.358 (pade)       12.034 (series)      421.341 (mix)        0.391 (add) 
Cl( 4, 4) in Cl( 8, 8) CPU =        4.367 ms (setup)      525.632 (comm)       11.928 (pade)       12.069 (series)      519.017 (mix)        0.393 (add) 
Cl( 5, 4) in Cl( 8, 8) CPU =        6.412 ms (setup)      642.014 (comm)       11.860 (pade)       12.011 (series)      634.360 (mix)        0.414 (add) 
Cl( 5, 5) in Cl( 8, 8) CPU =        9.183 ms (setup)      754.294 (comm)       11.835 (pade)       12.029 (series)      755.193 (mix)        0.396 (add) 
Cl( 6, 5) in Cl( 8, 8) CPU =       18.381 ms (setup)      939.837 (comm)       11.921 (pade)       12.151 (series)      930.439 (mix)        0.395 (add) 
Cl( 6, 6) in Cl( 8, 8) CPU =       31.777 ms (setup)     1081.666 (comm)       13.066 (pade)       12.290 (series)     1075.589 (mix)        0.403 (add) 
Cl( 7, 6) in Cl( 8, 8) CPU =       74.014 ms (setup)     1506.589 (comm)       11.909 (pade)       12.033 (series)     1496.991 (mix)        0.392 (add) 
Cl( 7, 7) in Cl( 8, 8) CPU =      137.891 ms (setup)     1791.060 (comm)       11.928 (pade)       12.785 (series)     1789.012 (mix)        0.398 (add) 
Cl( 8, 7) in Cl( 8, 8) CPU =      339.052 ms (setup)     3364.735 (comm)       12.008 (pade)       12.021 (series)     3348.595 (mix)        0.406 (add) 
Cl( 8, 8) in Cl( 8, 8) CPU =      218.825 ms (setup)     4229.322 (comm)       12.663 (pade)       12.171 (series)     4181.865 (mix)        0.401 (add) 
