
framed_multi<double>
Clifford algebra squaring test:
Fill: 0.5
Cl( 1, 0) in Cl( 1, 0) CPU =        0.032 ms (setup)        0.012 (*) 
Cl( 1, 1) in Cl( 1, 1) CPU =        0.002 ms (setup)        0.002 (*) 
Cl( 2, 1) in Cl( 2, 1) CPU =        0.002 ms (setup)        0.005 (*) 
Cl( 2, 2) in Cl( 2, 2) CPU =        0.003 ms (setup)        0.005 (*) 
Cl( 3, 2) in Cl( 3, 2) CPU =        0.007 ms (setup)        0.012 (*) 
Cl( 3, 3) in Cl( 3, 3) CPU =        0.011 ms (setup)        0.032 (*) 
Cl( 4, 3) in Cl( 4, 3) CPU =        0.017 ms (setup)        0.100 (*) 
Cl( 4, 4) in Cl( 4, 4) CPU =        0.032 ms (setup)        0.723 (*) 
Cl( 5, 4) in Cl( 5, 4) CPU =        0.068 ms (setup)        1.701 (*) 
Cl( 5, 5) in Cl( 5, 5) CPU =        0.126 ms (setup)        2.277 (*) 
Cl( 6, 5) in Cl( 6, 5) CPU =        0.315 ms (setup)        8.058 (*) 
Cl( 6, 6) in Cl( 6, 6) CPU =        0.481 ms (setup)       10.974 (*) 
Cl( 7, 6) in Cl( 7, 6) CPU =        0.999 ms (setup)       38.169 (*) 
Cl( 7, 7) in Cl( 7, 7) CPU =        2.009 ms (setup)       49.241 (*) 
Cl( 8, 7) in Cl( 8, 7) CPU =        4.228 ms (setup)      177.094 (*) 
Cl( 8, 8) in Cl( 8, 8) CPU =        8.421 ms (setup)      240.892 (*) 
Cl( 9, 8) in Cl( 9, 8) CPU =       17.415 ms (setup)      661.283 (*) 
Cl( 9, 9) in Cl( 9, 9) CPU =       32.912 ms (setup)     1250.504 (*) 
Cl(10, 9) in Cl(10, 9) CPU =       72.081 ms (setup)     4736.754 (*) 
Cl(10,10) in Cl(10,10) CPU =      141.810 ms (setup)     6775.968 (*) 
Cl(11,10) in Cl(11,10) CPU =      325.437 ms (setup)    27546.395 (*) 
Cl(11,11) in Cl(11,11) CPU =      633.145 ms (setup)    40667.105 (*) 
Fill: 1
Cl( 1, 0) in Cl( 1, 0) CPU =        0.012 ms (setup)        0.007 (*) 
Cl( 1, 1) in Cl( 1, 1) CPU =        0.002 ms (setup)        0.004 (*) 
Cl( 2, 1) in Cl( 2, 1) CPU =        0.003 ms (setup)        0.007 (*) 
Cl( 2, 2) in Cl( 2, 2) CPU =        0.004 ms (setup)        0.010 (*) 
Cl( 3, 2) in Cl( 3, 2) CPU =        0.010 ms (setup)        0.023 (*) 
Cl( 3, 3) in Cl( 3, 3) CPU =        0.014 ms (setup)        0.069 (*) 
Cl( 4, 3) in Cl( 4, 3) CPU =        0.030 ms (setup)        0.229 (*) 
Cl( 4, 4) in Cl( 4, 4) CPU =        0.053 ms (setup)       13.245 (*) 
Cl( 5, 4) in Cl( 5, 4) CPU =        0.111 ms (setup)        1.833 (*) 
Cl( 5, 5) in Cl( 5, 5) CPU =        0.203 ms (setup)        2.711 (*) 
Cl( 6, 5) in Cl( 6, 5) CPU =        0.406 ms (setup)        8.737 (*) 
Cl( 6, 6) in Cl( 6, 6) CPU =        0.807 ms (setup)       13.595 (*) 
Cl( 7, 6) in Cl( 7, 6) CPU =        1.706 ms (setup)       43.063 (*) 
Cl( 7, 7) in Cl( 7, 7) CPU =        3.277 ms (setup)       64.032 (*) 
Cl( 8, 7) in Cl( 8, 7) CPU =        6.750 ms (setup)      216.242 (*) 
Cl( 8, 8) in Cl( 8, 8) CPU =       13.743 ms (setup)      326.214 (*) 
Cl( 9, 8) in Cl( 9, 8) CPU =       27.951 ms (setup)      901.555 (*) 
Cl( 9, 9) in Cl( 9, 9) CPU =       62.690 ms (setup)     1771.185 (*) 
Cl(10, 9) in Cl(10, 9) CPU =      146.840 ms (setup)     6203.742 (*) 
Cl(10,10) in Cl(10,10) CPU =      291.029 ms (setup)    10167.681 (*) 
Cl(11,10) in Cl(11,10) CPU =      573.457 ms (setup)    37882.448 (*) 
Cl(11,11) in Cl(11,11) CPU =     1271.042 ms (setup)    65763.643 (*) 

matrix_multi<double>
Clifford algebra squaring test:
Fill: 0.5
Cl( 1, 0) in Cl( 1, 0) CPU =        0.067 ms (setup)        0.003 (*) 
Cl( 1, 1) in Cl( 1, 1) CPU =        0.007 ms (setup)        0.002 (*) 
Cl( 2, 1) in Cl( 2, 1) CPU =        0.023 ms (setup)        0.002 (*) 
Cl( 2, 2) in Cl( 2, 2) CPU =        0.021 ms (setup)        0.001 (*) 
Cl( 3, 2) in Cl( 3, 2) CPU =        0.044 ms (setup)        0.008 (*) 
Cl( 3, 3) in Cl( 3, 3) CPU =        0.055 ms (setup)        0.003 (*) 
Cl( 4, 3) in Cl( 4, 3) CPU =        0.079 ms (setup)        0.008 (*) 
Cl( 4, 4) in Cl( 4, 4) CPU =        0.157 ms (setup)        0.004 (*) 
Cl( 5, 4) in Cl( 5, 4) CPU =        0.354 ms (setup)        0.013 (*) 
Cl( 5, 5) in Cl( 5, 5) CPU =        0.679 ms (setup)        0.012 (*) 
Cl( 6, 5) in Cl( 6, 5) CPU =        1.634 ms (setup)        0.063 (*) 
Cl( 6, 6) in Cl( 6, 6) CPU =        3.020 ms (setup)        0.062 (*) 
Cl( 7, 6) in Cl( 7, 6) CPU =        7.395 ms (setup)        0.423 (*) 
Cl( 7, 7) in Cl( 7, 7) CPU =       13.482 ms (setup)        0.407 (*) 
Cl( 8, 7) in Cl( 8, 7) CPU =       33.251 ms (setup)        2.953 (*) 
Cl( 8, 8) in Cl( 8, 8) CPU =       62.846 ms (setup)        3.009 (*) 
Cl( 9, 8) in Cl( 9, 8) CPU =      159.620 ms (setup)       22.196 (*) 
Cl( 9, 9) in Cl( 9, 9) CPU =      304.068 ms (setup)       21.933 (*) 
Cl(10, 9) in Cl(10, 9) CPU =      802.944 ms (setup)      177.481 (*) 
Cl(10,10) in Cl(10,10) CPU =     1589.446 ms (setup)      186.014 (*) 
Cl(11,10) in Cl(11,10) CPU =     4404.318 ms (setup)     1333.103 (*) 
Cl(11,11) in Cl(11,11) CPU =     8729.643 ms (setup)     1311.260 (*) 
Fill: 1
Cl( 1, 0) in Cl( 1, 0) CPU =        0.023 ms (setup)        0.003 (*) 
Cl( 1, 1) in Cl( 1, 1) CPU =        0.012 ms (setup)        0.001 (*) 
Cl( 2, 1) in Cl( 2, 1) CPU =        0.013 ms (setup)        0.001 (*) 
Cl( 2, 2) in Cl( 2, 2) CPU =        0.024 ms (setup)        0.002 (*) 
Cl( 3, 2) in Cl( 3, 2) CPU =        0.031 ms (setup)        0.005 (*) 
Cl( 3, 3) in Cl( 3, 3) CPU =        0.047 ms (setup)        0.003 (*) 
Cl( 4, 3) in Cl( 4, 3) CPU =        0.118 ms (setup)        0.005 (*) 
Cl( 4, 4) in Cl( 4, 4) CPU =        0.214 ms (setup)        0.005 (*) 
Cl( 5, 4) in Cl( 5, 4) CPU =       24.399 ms (setup)        0.021 (*) 
Cl( 5, 5) in Cl( 5, 5) CPU =        1.034 ms (setup)        0.012 (*) 
Cl( 6, 5) in Cl( 6, 5) CPU =        2.249 ms (setup)        0.062 (*) 
Cl( 6, 6) in Cl( 6, 6) CPU =        4.444 ms (setup)        0.062 (*) 
Cl( 7, 6) in Cl( 7, 6) CPU =       10.539 ms (setup)        0.407 (*) 
Cl( 7, 7) in Cl( 7, 7) CPU =       20.766 ms (setup)        0.402 (*) 
Cl( 8, 7) in Cl( 8, 7) CPU =       50.579 ms (setup)        3.379 (*) 
Cl( 8, 8) in Cl( 8, 8) CPU =      103.699 ms (setup)        3.012 (*) 
Cl( 9, 8) in Cl( 9, 8) CPU =      262.118 ms (setup)       22.588 (*) 
Cl( 9, 9) in Cl( 9, 9) CPU =      535.306 ms (setup)       21.914 (*) 
Cl(10, 9) in Cl(10, 9) CPU =     1478.708 ms (setup)      170.843 (*) 
Cl(10,10) in Cl(10,10) CPU =     3046.504 ms (setup)      171.469 (*) 
Cl(11,10) in Cl(11,10) CPU =     8873.852 ms (setup)     1319.492 (*) 
Cl(11,11) in Cl(11,11) CPU =    18451.121 ms (setup)     1351.369 (*) 
