
framed_multi<float,-4,4>
Clifford algebra expressions test:
Fill: 0.5
Cl( 1, 0) in Cl( 1, 0) CPU =        0.006 ms (setup)        0.009 (comm)        0.015 (pade)        0.005 (series)        0.002 (mix)        0.004 (add) 
Cl( 1, 1) in Cl( 1, 1) CPU =        0.002 ms (setup)        0.002 (comm)        0.015 (pade)        0.002 (series)        0.001 (mix)        0.004 (add) 
Cl( 2, 1) in Cl( 2, 1) CPU =        0.003 ms (setup)        0.014 (comm)        0.031 (pade)        0.017 (series)        0.005 (mix)        0.005 (add) 
Cl( 2, 2) in Cl( 2, 2) CPU =        0.005 ms (setup)        0.022 (comm)        0.037 (pade)        0.030 (series)        0.008 (mix)        0.005 (add) 
Cl( 3, 2) in Cl( 3, 2) CPU =        0.009 ms (setup)        0.047 (comm)        0.190 (pade)        0.046 (series)        0.015 (mix)        0.008 (add) 
Cl( 3, 3) in Cl( 3, 3) CPU =        0.019 ms (setup)        0.115 (comm)        0.184 (pade)        0.200 (series)        0.041 (mix)        0.012 (add) 
Cl( 4, 3) in Cl( 4, 3) CPU =        0.039 ms (setup)        0.333 (comm)        0.687 (pade)        0.521 (series)        0.097 (mix)        0.026 (add) 
Cl( 4, 4) in Cl( 4, 4) CPU =        0.088 ms (setup)        1.814 (comm)        0.819 (pade)        2.903 (series)        0.250 (mix)        0.052 (add) 
Cl( 1, 0) in Cl( 4, 4) CPU =        0.002 ms (setup)        0.001 (comm)        0.011 (pade)        0.005 (series)        0.001 (mix)        0.003 (add) 
Cl( 1, 1) in Cl( 4, 4) CPU =        0.002 ms (setup)        0.004 (comm)        0.011 (pade)        0.005 (series)        0.002 (mix)        0.004 (add) 
Cl( 2, 1) in Cl( 4, 4) CPU =        0.003 ms (setup)        0.011 (comm)        0.027 (pade)        0.015 (series)        0.004 (mix)        0.009 (add) 
Cl( 2, 2) in Cl( 4, 4) CPU =        0.005 ms (setup)        0.018 (comm)        0.030 (pade)        0.026 (series)        0.007 (mix)        0.005 (add) 
Cl( 3, 2) in Cl( 4, 4) CPU =        0.007 ms (setup)        0.038 (comm)        0.114 (pade)        0.064 (series)        0.014 (mix)        0.007 (add) 
Cl( 3, 3) in Cl( 4, 4) CPU =        0.016 ms (setup)        0.096 (comm)        0.155 (pade)        0.154 (series)        0.034 (mix)        0.014 (add) 
Cl( 4, 3) in Cl( 4, 4) CPU =        0.031 ms (setup)        0.232 (comm)        0.541 (pade)        0.397 (series)        0.074 (mix)        0.019 (add) 
Cl( 4, 4) in Cl( 4, 4) CPU =        0.067 ms (setup)        1.344 (comm)        0.704 (pade)        2.401 (series)        0.180 (mix)        0.039 (add) 
Fill: 1
Cl( 1, 0) in Cl( 1, 0) CPU =        0.002 ms (setup)        0.021 (comm)        0.009 (pade)        0.007 (series)        0.002 (mix)        0.003 (add) 
Cl( 1, 1) in Cl( 1, 1) CPU =        0.002 ms (setup)        0.007 (comm)        0.009 (pade)        0.009 (series)        0.003 (mix)        0.003 (add) 
Cl( 2, 1) in Cl( 2, 1) CPU =        0.003 ms (setup)        0.012 (comm)        0.021 (pade)        0.015 (series)        0.004 (mix)        0.003 (add) 
Cl( 2, 2) in Cl( 2, 2) CPU =        0.005 ms (setup)        0.022 (comm)        0.030 (pade)        0.026 (series)        0.007 (mix)        0.004 (add) 
Cl( 3, 2) in Cl( 3, 2) CPU =        0.010 ms (setup)        0.049 (comm)        0.095 (pade)        0.067 (series)        0.016 (mix)        0.007 (add) 
Cl( 3, 3) in Cl( 3, 3) CPU =        0.020 ms (setup)        0.153 (comm)        0.132 (pade)        0.207 (series)        0.038 (mix)        0.013 (add) 
Cl( 4, 3) in Cl( 4, 3) CPU =        0.044 ms (setup)        0.429 (comm)        0.477 (pade)        0.701 (series)        0.094 (mix)        0.024 (add) 
Cl( 4, 4) in Cl( 4, 4) CPU =        0.107 ms (setup)        1.603 (comm)        0.739 (pade)        2.550 (series)        0.254 (mix)        0.075 (add) 
Cl( 1, 0) in Cl( 4, 4) CPU =        0.001 ms (setup)        0.005 (comm)        0.009 (pade)        0.007 (series)        0.002 (mix)        0.003 (add) 
Cl( 1, 1) in Cl( 4, 4) CPU =        0.002 ms (setup)        0.007 (comm)        0.011 (pade)        0.062 (series)        0.003 (mix)        0.003 (add) 
Cl( 2, 1) in Cl( 4, 4) CPU =        0.003 ms (setup)        0.011 (comm)        0.024 (pade)        0.013 (series)        0.004 (mix)        0.003 (add) 
Cl( 2, 2) in Cl( 4, 4) CPU =        0.006 ms (setup)        0.021 (comm)        0.030 (pade)        0.026 (series)        0.007 (mix)        0.004 (add) 
Cl( 3, 2) in Cl( 4, 4) CPU =        0.010 ms (setup)        0.053 (comm)        0.108 (pade)        0.068 (series)        0.015 (mix)        0.007 (add) 
Cl( 3, 3) in Cl( 4, 4) CPU =        0.021 ms (setup)        0.135 (comm)        0.132 (pade)        0.194 (series)        0.043 (mix)        0.012 (add) 
Cl( 4, 3) in Cl( 4, 4) CPU =        0.044 ms (setup)        0.430 (comm)        0.468 (pade)        0.637 (series)        0.094 (mix)        0.024 (add) 
Cl( 4, 4) in Cl( 4, 4) CPU =        0.095 ms (setup)        1.544 (comm)        0.683 (pade)        2.579 (series)        0.251 (mix)        0.072 (add) 

matrix_multi<float,-4,4>
Clifford algebra expressions test:
Fill: 0.5
Cl( 1, 0) in Cl( 1, 0) CPU =        0.002 ms (setup)        0.008 (comm)        0.005 (pade)        0.002 (series)        0.007 (mix)        0.001 (add) 
Cl( 1, 1) in Cl( 1, 1) CPU =        0.004 ms (setup)        0.016 (comm)        0.005 (pade)        0.002 (series)        0.016 (mix)        0.000 (add) 
Cl( 2, 1) in Cl( 2, 1) CPU =        0.006 ms (setup)        0.081 (comm)        0.007 (pade)        0.002 (series)        0.077 (mix)        0.001 (add) 
Cl( 2, 2) in Cl( 2, 2) CPU =        0.007 ms (setup)        0.114 (comm)        0.006 (pade)        0.002 (series)        0.113 (mix)        0.001 (add) 
Cl( 3, 2) in Cl( 3, 2) CPU =        0.035 ms (setup)        0.414 (comm)        0.014 (pade)        0.009 (series)        0.405 (mix)        0.001 (add) 
Cl( 3, 3) in Cl( 3, 3) CPU =        0.060 ms (setup)        0.734 (comm)        0.020 (pade)        0.011 (series)        0.735 (mix)        0.001 (add) 
Cl( 4, 3) in Cl( 4, 3) CPU =        0.138 ms (setup)        3.825 (comm)        0.037 (pade)        0.055 (series)        3.790 (mix)        0.001 (add) 
Cl( 4, 4) in Cl( 4, 4) CPU =        0.276 ms (setup)        5.294 (comm)        0.036 (pade)        0.055 (series)        5.506 (mix)        0.001 (add) 
Cl( 1, 0) in Cl( 4, 4) CPU =        0.006 ms (setup)        0.129 (comm)        0.011 (pade)        0.057 (series)        0.083 (mix)        0.001 (add) 
Cl( 1, 1) in Cl( 4, 4) CPU =        0.007 ms (setup)        0.197 (comm)        0.022 (pade)        0.054 (series)        0.111 (mix)        0.001 (add) 
Cl( 2, 1) in Cl( 4, 4) CPU =        0.020 ms (setup)        0.374 (comm)        0.026 (pade)        0.054 (series)        0.343 (mix)        0.001 (add) 
Cl( 2, 2) in Cl( 4, 4) CPU =        0.036 ms (setup)        0.460 (comm)        0.025 (pade)        0.055 (series)        0.421 (mix)        0.001 (add) 
Cl( 3, 2) in Cl( 4, 4) CPU =        0.141 ms (setup)        1.302 (comm)        0.029 (pade)        0.063 (series)        1.274 (mix)        0.005 (add) 
Cl( 3, 3) in Cl( 4, 4) CPU =        0.209 ms (setup)        1.752 (comm)        0.028 (pade)        0.054 (series)        1.746 (mix)        0.001 (add) 
Cl( 4, 3) in Cl( 4, 4) CPU =        0.572 ms (setup)        3.559 (comm)        0.038 (pade)        0.054 (series)        3.645 (mix)        0.001 (add) 
Cl( 4, 4) in Cl( 4, 4) CPU =        0.274 ms (setup)        5.371 (comm)        0.036 (pade)        0.055 (series)        5.354 (mix)        0.001 (add) 
Fill: 1
Cl( 1, 0) in Cl( 1, 0) CPU =        0.002 ms (setup)        0.017 (comm)        0.005 (pade)        0.002 (series)        0.017 (mix)        0.001 (add) 
Cl( 1, 1) in Cl( 1, 1) CPU =        0.005 ms (setup)        0.026 (comm)        0.005 (pade)        0.002 (series)        0.024 (mix)        0.001 (add) 
Cl( 2, 1) in Cl( 2, 1) CPU =        0.007 ms (setup)        0.087 (comm)        0.007 (pade)        0.002 (series)        0.086 (mix)        0.001 (add) 
Cl( 2, 2) in Cl( 2, 2) CPU =        0.015 ms (setup)        0.148 (comm)        0.006 (pade)        0.002 (series)        0.141 (mix)        0.001 (add) 
Cl( 3, 2) in Cl( 3, 2) CPU =        0.042 ms (setup)        0.587 (comm)        0.012 (pade)        0.010 (series)        0.581 (mix)        0.001 (add) 
Cl( 3, 3) in Cl( 3, 3) CPU =        0.076 ms (setup)        0.905 (comm)        0.012 (pade)        0.010 (series)        0.895 (mix)        0.001 (add) 
Cl( 4, 3) in Cl( 4, 3) CPU =        0.191 ms (setup)        4.362 (comm)        0.037 (pade)        0.055 (series)        4.346 (mix)        0.001 (add) 
Cl( 4, 4) in Cl( 4, 4) CPU =        0.387 ms (setup)        6.283 (comm)        0.037 (pade)        0.055 (series)        6.265 (mix)        0.001 (add) 
Cl( 1, 0) in Cl( 4, 4) CPU =        0.007 ms (setup)        0.219 (comm)        0.025 (pade)        0.054 (series)        0.185 (mix)        0.001 (add) 
Cl( 1, 1) in Cl( 4, 4) CPU =        0.010 ms (setup)        0.355 (comm)        0.021 (pade)        0.054 (series)        0.328 (mix)        0.001 (add) 
Cl( 2, 1) in Cl( 4, 4) CPU =        0.029 ms (setup)        0.576 (comm)        0.025 (pade)        0.054 (series)        0.540 (mix)        0.001 (add) 
Cl( 2, 2) in Cl( 4, 4) CPU =        0.069 ms (setup)        0.871 (comm)        0.023 (pade)        0.059 (series)        0.848 (mix)        0.001 (add) 
Cl( 3, 2) in Cl( 4, 4) CPU =        0.177 ms (setup)        1.471 (comm)        0.029 (pade)        0.058 (series)        1.441 (mix)        0.001 (add) 
Cl( 3, 3) in Cl( 4, 4) CPU =        0.331 ms (setup)        2.129 (comm)        0.029 (pade)        0.055 (series)        2.324 (mix)        0.001 (add) 
Cl( 4, 3) in Cl( 4, 4) CPU =        0.771 ms (setup)        4.663 (comm)        0.040 (pade)        0.056 (series)        4.612 (mix)        0.001 (add) 
Cl( 4, 4) in Cl( 4, 4) CPU =        0.387 ms (setup)        6.303 (comm)        0.036 (pade)        0.054 (series)        6.261 (mix)        0.001 (add) 

framed_multi<double>
Clifford algebra expressions test:
Fill: 0.5
Cl( 1, 0) in Cl( 1, 0) CPU =        0.004 ms (setup)        0.003 (comm)        0.009 (pade)        0.003 (series)        0.002 (mix)        0.002 (add) 
Cl( 1, 1) in Cl( 1, 1) CPU =        0.002 ms (setup)        0.003 (comm)        0.010 (pade)        0.002 (series)        0.001 (mix)        0.002 (add) 
Cl( 2, 1) in Cl( 2, 1) CPU =        0.003 ms (setup)        0.011 (comm)        0.028 (pade)        0.012 (series)        0.003 (mix)        0.003 (add) 
Cl( 2, 2) in Cl( 2, 2) CPU =        0.006 ms (setup)        0.019 (comm)        0.024 (pade)        0.023 (series)        0.007 (mix)        0.003 (add) 
Cl( 3, 2) in Cl( 3, 2) CPU =        0.007 ms (setup)        0.042 (comm)        0.094 (pade)        0.040 (series)        0.018 (mix)        0.005 (add) 
Cl( 3, 3) in Cl( 3, 3) CPU =        0.015 ms (setup)        0.102 (comm)        0.119 (pade)        0.171 (series)        0.034 (mix)        0.007 (add) 
Cl( 4, 3) in Cl( 4, 3) CPU =        0.030 ms (setup)        0.260 (comm)        0.407 (pade)        0.493 (series)        0.082 (mix)        0.013 (add) 
Cl( 4, 4) in Cl( 4, 4) CPU =        0.062 ms (setup)        1.198 (comm)        0.549 (pade)        2.102 (series)        0.216 (mix)        0.024 (add) 
Cl( 5, 4) in Cl( 5, 4) CPU =        0.129 ms (setup)        4.112 (comm)        1.948 (pade)        7.537 (series)        0.551 (mix)        0.066 (add) 
Cl( 5, 5) in Cl( 5, 5) CPU =        0.300 ms (setup)        6.139 (comm)        2.617 (pade)       10.373 (series)        1.462 (mix)        0.101 (add) 
Cl( 6, 5) in Cl( 6, 5) CPU =        0.505 ms (setup)       20.913 (comm)        9.646 (pade)       36.065 (series)        3.909 (mix)        0.200 (add) 
Cl( 6, 6) in Cl( 6, 6) CPU =        1.025 ms (setup)       33.421 (comm)       13.587 (pade)       48.858 (series)       11.034 (mix)        0.376 (add) 
Cl( 7, 6) in Cl( 7, 6) CPU =        1.994 ms (setup)      116.082 (comm)       49.746 (pade)      178.319 (series)       31.856 (mix)        0.752 (add) 
Cl( 7, 7) in Cl( 7, 7) CPU =        3.994 ms (setup)      205.267 (comm)       65.281 (pade)      240.495 (series)       96.585 (mix)        1.512 (add) 
Cl( 8, 7) in Cl( 8, 7) CPU =        8.155 ms (setup)      729.895 (comm)      267.177 (pade)      947.451 (series)      286.380 (mix)        3.174 (add) 
Cl( 8, 8) in Cl( 8, 8) CPU =       16.326 ms (setup)     1443.591 (comm)      347.374 (pade)     1260.634 (series)      872.604 (mix)        7.123 (add) 
Cl( 1, 0) in Cl( 8, 8) CPU =        0.002 ms (setup)        0.002 (comm)        0.005 (pade)        0.003 (series)        0.001 (mix)        0.003 (add) 
Cl( 1, 1) in Cl( 8, 8) CPU =        0.002 ms (setup)        0.001 (comm)        0.009 (pade)        0.002 (series)        0.001 (mix)        0.003 (add) 
Cl( 2, 1) in Cl( 8, 8) CPU =        0.002 ms (setup)        0.010 (comm)        0.022 (pade)        0.010 (series)        0.004 (mix)        0.003 (add) 
Cl( 2, 2) in Cl( 8, 8) CPU =        0.004 ms (setup)        0.019 (comm)        0.026 (pade)        0.022 (series)        0.007 (mix)        0.003 (add) 
Cl( 3, 2) in Cl( 8, 8) CPU =        0.007 ms (setup)        0.032 (comm)        0.071 (pade)        0.034 (series)        0.011 (mix)        0.004 (add) 
Cl( 3, 3) in Cl( 8, 8) CPU =        0.018 ms (setup)        0.104 (comm)        0.119 (pade)        0.163 (series)        0.035 (mix)        0.007 (add) 
Cl( 4, 3) in Cl( 8, 8) CPU =        0.029 ms (setup)        0.269 (comm)        0.404 (pade)        0.483 (series)        0.083 (mix)        0.013 (add) 
Cl( 4, 4) in Cl( 8, 8) CPU =        0.061 ms (setup)        1.177 (comm)        0.553 (pade)        2.049 (series)        0.211 (mix)        0.023 (add) 
Cl( 5, 4) in Cl( 8, 8) CPU =        0.118 ms (setup)        3.972 (comm)        1.882 (pade)        7.093 (series)        0.529 (mix)        0.045 (add) 
Cl( 5, 5) in Cl( 8, 8) CPU =        0.237 ms (setup)        6.019 (comm)        2.715 (pade)        9.855 (series)        1.365 (mix)        0.088 (add) 
Cl( 6, 5) in Cl( 8, 8) CPU =        0.483 ms (setup)       20.631 (comm)        9.393 (pade)       35.826 (series)        3.876 (mix)        0.181 (add) 
Cl( 6, 6) in Cl( 8, 8) CPU =        0.962 ms (setup)       33.227 (comm)       12.537 (pade)       47.279 (series)       11.081 (mix)        0.369 (add) 
Cl( 7, 6) in Cl( 8, 8) CPU =        1.962 ms (setup)      117.348 (comm)       47.833 (pade)      176.710 (series)       32.612 (mix)        0.741 (add) 
Cl( 7, 7) in Cl( 8, 8) CPU =        3.946 ms (setup)      207.026 (comm)       63.967 (pade)      238.694 (series)       97.344 (mix)        1.566 (add) 
Cl( 8, 7) in Cl( 8, 8) CPU =        8.045 ms (setup)      735.849 (comm)      268.550 (pade)      958.466 (series)      288.456 (mix)        3.200 (add) 
Cl( 8, 8) in Cl( 8, 8) CPU =       16.340 ms (setup)     1441.121 (comm)      346.300 (pade)     1263.006 (series)      865.089 (mix)        7.335 (add) 
Fill: 1
Cl( 1, 0) in Cl( 1, 0) CPU =        0.003 ms (setup)        0.005 (comm)        0.010 (pade)        0.009 (series)        0.002 (mix)        0.003 (add) 
Cl( 1, 1) in Cl( 1, 1) CPU =        0.003 ms (setup)        0.008 (comm)        0.011 (pade)        0.009 (series)        0.004 (mix)        0.003 (add) 
Cl( 2, 1) in Cl( 2, 1) CPU =        0.005 ms (setup)        0.013 (comm)        0.024 (pade)        0.016 (series)        0.005 (mix)        0.003 (add) 
Cl( 2, 2) in Cl( 2, 2) CPU =        0.007 ms (setup)        0.028 (comm)        0.035 (pade)        0.033 (series)        0.009 (mix)        0.004 (add) 
Cl( 3, 2) in Cl( 3, 2) CPU =        0.012 ms (setup)        0.068 (comm)        0.094 (pade)        0.113 (series)        0.019 (mix)        0.006 (add) 
Cl( 3, 3) in Cl( 3, 3) CPU =        0.025 ms (setup)        0.183 (comm)        0.131 (pade)        0.296 (series)        0.046 (mix)        0.011 (add) 
Cl( 4, 3) in Cl( 4, 3) CPU =        0.051 ms (setup)        0.571 (comm)        0.433 (pade)        0.922 (series)        0.113 (mix)        0.020 (add) 
Cl( 4, 4) in Cl( 4, 4) CPU =        0.107 ms (setup)        1.442 (comm)        0.608 (pade)        2.292 (series)        0.286 (mix)        0.040 (add) 
Cl( 5, 4) in Cl( 5, 4) CPU =        0.197 ms (setup)        4.672 (comm)        2.076 (pade)        7.838 (series)        0.724 (mix)        0.080 (add) 
Cl( 5, 5) in Cl( 5, 5) CPU =        0.389 ms (setup)        7.545 (comm)        2.909 (pade)       11.212 (series)        1.916 (mix)        0.160 (add) 
Cl( 6, 5) in Cl( 6, 5) CPU =        0.806 ms (setup)       24.725 (comm)       10.511 (pade)       38.769 (series)        5.324 (mix)        0.332 (add) 
Cl( 6, 6) in Cl( 6, 6) CPU =        1.583 ms (setup)       43.098 (comm)       14.743 (pade)       55.462 (series)       15.091 (mix)        0.702 (add) 
Cl( 7, 6) in Cl( 7, 6) CPU =        3.408 ms (setup)      142.629 (comm)       53.313 (pade)      196.638 (series)       43.389 (mix)        1.386 (add) 
Cl( 7, 7) in Cl( 7, 7) CPU =        6.558 ms (setup)      270.716 (comm)       75.767 (pade)      283.139 (series)      130.380 (mix)        2.801 (add) 
Cl( 8, 7) in Cl( 8, 7) CPU =       13.633 ms (setup)      927.096 (comm)      298.817 (pade)     1067.843 (series)      400.423 (mix)        6.357 (add) 
Cl( 8, 8) in Cl( 8, 8) CPU =       28.104 ms (setup)     1973.923 (comm)      416.411 (pade)     1521.745 (series)     1220.272 (mix)       14.500 (add) 
Cl( 1, 0) in Cl( 8, 8) CPU =        0.002 ms (setup)        0.005 (comm)        0.009 (pade)        0.007 (series)        0.002 (mix)        0.003 (add) 
Cl( 1, 1) in Cl( 8, 8) CPU =        0.004 ms (setup)        0.008 (comm)        0.011 (pade)        0.010 (series)        0.003 (mix)        0.003 (add) 
Cl( 2, 1) in Cl( 8, 8) CPU =        0.004 ms (setup)        0.013 (comm)        0.029 (pade)        0.016 (series)        0.005 (mix)        0.003 (add) 
Cl( 2, 2) in Cl( 8, 8) CPU =        0.007 ms (setup)        0.027 (comm)        0.030 (pade)        0.034 (series)        0.009 (mix)        0.004 (add) 
Cl( 3, 2) in Cl( 8, 8) CPU =        0.011 ms (setup)        0.067 (comm)        0.099 (pade)        0.090 (series)        0.019 (mix)        0.006 (add) 
Cl( 3, 3) in Cl( 8, 8) CPU =        0.024 ms (setup)        0.195 (comm)        0.127 (pade)        0.281 (series)        0.046 (mix)        0.011 (add) 
Cl( 4, 3) in Cl( 8, 8) CPU =        0.052 ms (setup)        0.569 (comm)        0.440 (pade)        0.907 (series)        0.114 (mix)        0.020 (add) 
Cl( 4, 4) in Cl( 8, 8) CPU =        0.098 ms (setup)        1.438 (comm)        0.604 (pade)        2.292 (series)        0.286 (mix)        0.039 (add) 
Cl( 5, 4) in Cl( 8, 8) CPU =        0.197 ms (setup)        4.635 (comm)        2.057 (pade)        8.234 (series)        0.725 (mix)        0.088 (add) 
Cl( 5, 5) in Cl( 8, 8) CPU =        0.396 ms (setup)        7.519 (comm)        2.925 (pade)       11.201 (series)        1.912 (mix)        0.160 (add) 
Cl( 6, 5) in Cl( 8, 8) CPU =        0.801 ms (setup)       24.718 (comm)       10.271 (pade)       38.931 (series)        5.306 (mix)        0.327 (add) 
Cl( 6, 6) in Cl( 8, 8) CPU =        1.611 ms (setup)       42.619 (comm)       14.468 (pade)       55.398 (series)       14.903 (mix)        0.660 (add) 
Cl( 7, 6) in Cl( 8, 8) CPU =        3.232 ms (setup)      142.643 (comm)       53.164 (pade)      197.590 (series)       43.353 (mix)        1.365 (add) 
Cl( 7, 7) in Cl( 8, 8) CPU =        6.579 ms (setup)      270.755 (comm)       74.998 (pade)      283.141 (series)      131.181 (mix)        2.791 (add) 
Cl( 8, 7) in Cl( 8, 8) CPU =       13.722 ms (setup)      927.217 (comm)      299.867 (pade)     1068.274 (series)      401.119 (mix)        6.346 (add) 
Cl( 8, 8) in Cl( 8, 8) CPU =       28.117 ms (setup)     1968.324 (comm)      410.911 (pade)     1523.621 (series)     1222.789 (mix)       14.577 (add) 

matrix_multi<double>
Clifford algebra expressions test:
Fill: 0.5
Cl( 1, 0) in Cl( 1, 0) CPU =        0.006 ms (setup)        0.010 (comm)        0.004 (pade)        0.003 (series)        0.009 (mix)        0.001 (add) 
Cl( 1, 1) in Cl( 1, 1) CPU =        0.013 ms (setup)        0.010 (comm)        0.005 (pade)        0.002 (series)        0.008 (mix)        0.001 (add) 
Cl( 2, 1) in Cl( 2, 1) CPU =        0.007 ms (setup)        0.076 (comm)        0.007 (pade)        0.002 (series)        0.068 (mix)        0.001 (add) 
Cl( 2, 2) in Cl( 2, 2) CPU =        0.011 ms (setup)        0.120 (comm)        0.007 (pade)        0.002 (series)        0.123 (mix)        0.001 (add) 
Cl( 3, 2) in Cl( 3, 2) CPU =        0.040 ms (setup)        0.413 (comm)        0.013 (pade)        0.011 (series)        0.394 (mix)        0.001 (add) 
Cl( 3, 3) in Cl( 3, 3) CPU =        0.065 ms (setup)        0.716 (comm)        0.013 (pade)        0.010 (series)        0.699 (mix)        0.001 (add) 
Cl( 4, 3) in Cl( 4, 3) CPU =        0.151 ms (setup)        3.650 (comm)        0.040 (pade)        0.058 (series)        3.720 (mix)        0.002 (add) 
Cl( 4, 4) in Cl( 4, 4) CPU =        0.280 ms (setup)        5.097 (comm)        0.039 (pade)        0.058 (series)        5.071 (mix)        0.002 (add) 
Cl( 5, 4) in Cl( 5, 4) CPU =        0.649 ms (setup)       27.373 (comm)        0.201 (pade)        0.402 (series)       27.433 (mix)        0.005 (add) 
Cl( 5, 5) in Cl( 5, 5) CPU =        1.258 ms (setup)       35.977 (comm)        0.201 (pade)        0.401 (series)       36.327 (mix)        0.005 (add) 
Cl( 6, 5) in Cl( 6, 5) CPU =        2.853 ms (setup)      215.662 (comm)        1.324 (pade)        3.089 (series)      213.822 (mix)        0.019 (add) 
Cl( 6, 6) in Cl( 6, 6) CPU =        5.620 ms (setup)      282.534 (comm)        1.322 (pade)        3.083 (series)      282.827 (mix)        0.018 (add) 
Cl( 7, 6) in Cl( 7, 6) CPU =       12.925 ms (setup)     1919.064 (comm)        9.829 (pade)       24.309 (series)     1905.763 (mix)        0.105 (add) 
Cl( 7, 7) in Cl( 7, 7) CPU =       25.808 ms (setup)     2310.536 (comm)        9.873 (pade)       24.258 (series)     2294.617 (mix)        0.108 (add) 
Cl( 8, 7) in Cl( 8, 7) CPU =       65.416 ms (setup)    18748.411 (comm)       77.420 (pade)      193.526 (series)    18560.765 (mix)        0.416 (add) 
Cl( 8, 8) in Cl( 8, 8) CPU =      123.853 ms (setup)    20505.903 (comm)       76.608 (pade)      195.342 (series)    20334.657 (mix)        0.428 (add) 
Cl( 1, 0) in Cl( 8, 8) CPU =        0.252 ms (setup)      124.731 (comm)        1.209 (pade)      194.500 (series)       27.353 (mix)        0.419 (add) 
Cl( 1, 1) in Cl( 8, 8) CPU =        0.106 ms (setup)      229.445 (comm)        1.437 (pade)      198.223 (series)      130.090 (mix)        0.418 (add) 
Cl( 2, 1) in Cl( 8, 8) CPU =        0.207 ms (setup)      814.303 (comm)        1.479 (pade)      195.739 (series)      716.212 (mix)        0.420 (add) 
Cl( 2, 2) in Cl( 8, 8) CPU =        0.405 ms (setup)     1880.553 (comm)        1.478 (pade)      193.634 (series)     1780.692 (mix)        0.418 (add) 
Cl( 3, 2) in Cl( 8, 8) CPU =        3.466 ms (setup)     2794.162 (comm)        1.653 (pade)      193.687 (series)     2702.890 (mix)        0.422 (add) 
Cl( 3, 3) in Cl( 8, 8) CPU =        6.133 ms (setup)     3928.084 (comm)        1.659 (pade)      194.010 (series)     3826.030 (mix)        0.419 (add) 
Cl( 4, 3) in Cl( 8, 8) CPU =        6.436 ms (setup)     3939.658 (comm)        2.208 (pade)      192.579 (series)     3817.267 (mix)        0.600 (add) 
Cl( 4, 4) in Cl( 8, 8) CPU =        7.043 ms (setup)     5591.885 (comm)        2.244 (pade)      195.710 (series)     5473.972 (mix)        0.595 (add) 
Cl( 5, 4) in Cl( 8, 8) CPU =        8.446 ms (setup)     7210.550 (comm)        4.117 (pade)      194.155 (series)     7107.680 (mix)        0.420 (add) 
Cl( 5, 5) in Cl( 8, 8) CPU =        7.208 ms (setup)     8619.859 (comm)        4.788 (pade)      193.973 (series)     8520.177 (mix)        0.403 (add) 
Cl( 6, 5) in Cl( 8, 8) CPU =       14.348 ms (setup)    10671.666 (comm)       30.995 (pade)      193.444 (series)    10624.434 (mix)        0.408 (add) 
Cl( 6, 6) in Cl( 8, 8) CPU =       26.164 ms (setup)    11543.405 (comm)       30.359 (pade)      194.593 (series)    11461.628 (mix)        0.411 (add) 
Cl( 7, 6) in Cl( 8, 8) CPU =       60.306 ms (setup)    12876.725 (comm)       45.620 (pade)      193.125 (series)    12750.539 (mix)        0.413 (add) 
Cl( 7, 7) in Cl( 8, 8) CPU =      103.859 ms (setup)    15847.249 (comm)       46.501 (pade)      194.668 (series)    15778.587 (mix)        0.409 (add) 
Cl( 8, 7) in Cl( 8, 8) CPU =      258.029 ms (setup)    18954.541 (comm)       76.782 (pade)      195.639 (series)    18849.442 (mix)        0.425 (add) 
Cl( 8, 8) in Cl( 8, 8) CPU =      126.236 ms (setup)    19713.852 (comm)       77.002 (pade)      193.740 (series)    19582.729 (mix)        0.451 (add) 
Fill: 1
Cl( 1, 0) in Cl( 1, 0) CPU =        0.004 ms (setup)        0.018 (comm)        0.007 (pade)        0.002 (series)        0.015 (mix)        0.001 (add) 
Cl( 1, 1) in Cl( 1, 1) CPU =        0.005 ms (setup)        0.027 (comm)        0.005 (pade)        0.002 (series)        0.024 (mix)        0.001 (add) 
Cl( 2, 1) in Cl( 2, 1) CPU =        0.007 ms (setup)        0.100 (comm)        0.007 (pade)        0.002 (series)        0.086 (mix)        0.001 (add) 
Cl( 2, 2) in Cl( 2, 2) CPU =        0.017 ms (setup)        0.146 (comm)        0.007 (pade)        0.002 (series)        0.144 (mix)        0.001 (add) 
Cl( 3, 2) in Cl( 3, 2) CPU =        0.045 ms (setup)        0.590 (comm)        0.013 (pade)        0.011 (series)        0.570 (mix)        0.001 (add) 
Cl( 3, 3) in Cl( 3, 3) CPU =        0.082 ms (setup)        0.894 (comm)        0.013 (pade)        0.011 (series)        0.882 (mix)        0.001 (add) 
Cl( 4, 3) in Cl( 4, 3) CPU =        0.201 ms (setup)        4.346 (comm)        0.040 (pade)        0.058 (series)        4.266 (mix)        0.003 (add) 
Cl( 4, 4) in Cl( 4, 4) CPU =        0.390 ms (setup)        6.106 (comm)        0.045 (pade)        0.058 (series)        6.046 (mix)        0.002 (add) 
Cl( 5, 4) in Cl( 5, 4) CPU =        0.927 ms (setup)       30.491 (comm)        0.195 (pade)        0.396 (series)       30.117 (mix)        0.005 (add) 
Cl( 5, 5) in Cl( 5, 5) CPU =        1.813 ms (setup)       40.052 (comm)        0.196 (pade)        0.400 (series)       39.941 (mix)        0.005 (add) 
Cl( 6, 5) in Cl( 6, 5) CPU =        4.306 ms (setup)      238.773 (comm)        1.323 (pade)        3.081 (series)      237.456 (mix)        0.019 (add) 
Cl( 6, 6) in Cl( 6, 6) CPU =        8.512 ms (setup)      300.958 (comm)        1.322 (pade)        3.074 (series)      299.080 (mix)        0.019 (add) 
Cl( 7, 6) in Cl( 7, 6) CPU =       20.277 ms (setup)     2120.169 (comm)        9.835 (pade)       24.122 (series)     2097.407 (mix)        0.101 (add) 
Cl( 7, 7) in Cl( 7, 7) CPU =       40.491 ms (setup)     2525.856 (comm)        9.803 (pade)       24.309 (series)     2520.101 (mix)        0.100 (add) 
Cl( 8, 7) in Cl( 8, 7) CPU =      105.525 ms (setup)    19856.186 (comm)       77.610 (pade)      194.611 (series)    19717.745 (mix)        0.424 (add) 
Cl( 8, 8) in Cl( 8, 8) CPU =      202.147 ms (setup)    22999.969 (comm)       76.939 (pade)      194.544 (series)    22895.950 (mix)        0.450 (add) 
Cl( 1, 0) in Cl( 8, 8) CPU =        0.108 ms (setup)      371.960 (comm)        1.433 (pade)      194.395 (series)      277.372 (mix)        0.495 (add) 
Cl( 1, 1) in Cl( 8, 8) CPU =        0.195 ms (setup)      766.212 (comm)        1.428 (pade)      195.319 (series)      665.533 (mix)        0.420 (add) 
Cl( 2, 1) in Cl( 8, 8) CPU =        0.333 ms (setup)     1346.157 (comm)        1.476 (pade)      194.159 (series)     1250.586 (mix)        0.420 (add) 
Cl( 2, 2) in Cl( 8, 8) CPU =        6.058 ms (setup)     2126.592 (comm)        1.484 (pade)      194.519 (series)     2022.625 (mix)        0.414 (add) 
Cl( 3, 2) in Cl( 8, 8) CPU =        6.625 ms (setup)     3080.957 (comm)        1.649 (pade)      193.605 (series)     2988.432 (mix)        0.440 (add) 
Cl( 3, 3) in Cl( 8, 8) CPU =        6.159 ms (setup)     4253.547 (comm)        1.659 (pade)      194.023 (series)     4152.533 (mix)        0.598 (add) 
Cl( 4, 3) in Cl( 8, 8) CPU =        7.074 ms (setup)     5620.841 (comm)        2.220 (pade)      193.549 (series)     5539.327 (mix)        0.420 (add) 
Cl( 4, 4) in Cl( 8, 8) CPU =        3.928 ms (setup)     7190.647 (comm)        2.229 (pade)      194.065 (series)     7089.348 (mix)        0.410 (add) 
Cl( 5, 4) in Cl( 8, 8) CPU =        5.992 ms (setup)     8819.648 (comm)        4.147 (pade)      195.190 (series)     8699.580 (mix)        0.415 (add) 
Cl( 5, 5) in Cl( 8, 8) CPU =        8.902 ms (setup)    10396.273 (comm)        4.157 (pade)      194.066 (series)    10358.216 (mix)        0.407 (add) 
Cl( 6, 5) in Cl( 8, 8) CPU =       21.902 ms (setup)    12122.815 (comm)       31.133 (pade)      194.939 (series)    11981.983 (mix)        0.411 (add) 
Cl( 6, 6) in Cl( 8, 8) CPU =       33.717 ms (setup)    13744.270 (comm)       30.339 (pade)      195.123 (series)    13643.492 (mix)        0.420 (add) 
Cl( 7, 6) in Cl( 8, 8) CPU =       77.647 ms (setup)    15668.044 (comm)       45.782 (pade)      193.350 (series)    15582.012 (mix)        0.582 (add) 
Cl( 7, 7) in Cl( 8, 8) CPU =      138.751 ms (setup)    17516.854 (comm)       46.062 (pade)      193.606 (series)    17383.777 (mix)        0.409 (add) 
Cl( 8, 7) in Cl( 8, 8) CPU =      344.671 ms (setup)    20659.724 (comm)       77.669 (pade)      193.691 (series)    20541.041 (mix)        0.430 (add) 
Cl( 8, 8) in Cl( 8, 8) CPU =      201.952 ms (setup)    23038.137 (comm)       76.871 (pade)      193.755 (series)    22913.615 (mix)        0.431 (add) 
