
framed_multi<float,-4,4>
Clifford algebra expressions test:
Fill: 0.5
Cl( 1, 0) in Cl( 1, 0) CPU =        0.001 ms (setup)        0.002 (comm)        0.018 (pade)        0.003 (series)        0.001 (mix)        0.003 (add) 
Cl( 1, 1) in Cl( 1, 1) CPU =        0.001 ms (setup)        0.001 (comm)        0.003 (pade)        0.001 (series)        0.000 (mix)        0.001 (add) 
Cl( 2, 1) in Cl( 2, 1) CPU =        0.001 ms (setup)        0.003 (comm)        0.007 (pade)        0.004 (series)        0.001 (mix)        0.001 (add) 
Cl( 2, 2) in Cl( 2, 2) CPU =        0.002 ms (setup)        0.005 (comm)        0.007 (pade)        0.005 (series)        0.002 (mix)        0.001 (add) 
Cl( 3, 2) in Cl( 3, 2) CPU =        0.003 ms (setup)        0.011 (comm)        0.030 (pade)        0.011 (series)        0.004 (mix)        0.003 (add) 
Cl( 3, 3) in Cl( 3, 3) CPU =        0.007 ms (setup)        0.027 (comm)        0.038 (pade)        0.043 (series)        0.007 (mix)        0.005 (add) 
Cl( 4, 3) in Cl( 4, 3) CPU =        0.013 ms (setup)        0.070 (comm)        0.145 (pade)        0.115 (series)        0.018 (mix)        0.011 (add) 
Cl( 4, 4) in Cl( 4, 4) CPU =        0.026 ms (setup)        0.429 (comm)        0.193 (pade)        0.713 (series)        0.077 (mix)        0.024 (add) 
Cl( 1, 0) in Cl( 4, 4) CPU =        0.000 ms (setup)        0.001 (comm)        0.003 (pade)        0.002 (series)        0.000 (mix)        0.001 (add) 
Cl( 1, 1) in Cl( 4, 4) CPU =        0.001 ms (setup)        0.002 (comm)        0.003 (pade)        0.002 (series)        0.001 (mix)        0.001 (add) 
Cl( 2, 1) in Cl( 4, 4) CPU =        0.001 ms (setup)        0.003 (comm)        0.006 (pade)        0.002 (series)        0.001 (mix)        0.001 (add) 
Cl( 2, 2) in Cl( 4, 4) CPU =        0.001 ms (setup)        0.005 (comm)        0.006 (pade)        0.005 (series)        0.002 (mix)        0.001 (add) 
Cl( 3, 2) in Cl( 4, 4) CPU =        0.003 ms (setup)        0.011 (comm)        0.028 (pade)        0.013 (series)        0.004 (mix)        0.002 (add) 
Cl( 3, 3) in Cl( 4, 4) CPU =        0.007 ms (setup)        0.026 (comm)        0.036 (pade)        0.044 (series)        0.007 (mix)        0.005 (add) 
Cl( 4, 3) in Cl( 4, 4) CPU =        0.013 ms (setup)        0.065 (comm)        0.137 (pade)        0.108 (series)        0.021 (mix)        0.009 (add) 
Cl( 4, 4) in Cl( 4, 4) CPU =        0.026 ms (setup)        0.416 (comm)        0.189 (pade)        0.713 (series)        0.076 (mix)        0.023 (add) 
Fill: 1
Cl( 1, 0) in Cl( 1, 0) CPU =        0.000 ms (setup)        0.002 (comm)        0.003 (pade)        0.011 (series)        0.001 (mix)        0.002 (add) 
Cl( 1, 1) in Cl( 1, 1) CPU =        0.000 ms (setup)        0.002 (comm)        0.003 (pade)        0.003 (series)        0.001 (mix)        0.001 (add) 
Cl( 2, 1) in Cl( 2, 1) CPU =        0.001 ms (setup)        0.004 (comm)        0.006 (pade)        0.004 (series)        0.001 (mix)        0.001 (add) 
Cl( 2, 2) in Cl( 2, 2) CPU =        0.001 ms (setup)        0.005 (comm)        0.008 (pade)        0.007 (series)        0.002 (mix)        0.001 (add) 
Cl( 3, 2) in Cl( 3, 2) CPU =        0.003 ms (setup)        0.015 (comm)        0.029 (pade)        0.021 (series)        0.005 (mix)        0.003 (add) 
Cl( 3, 3) in Cl( 3, 3) CPU =        0.007 ms (setup)        0.042 (comm)        0.041 (pade)        0.061 (series)        0.010 (mix)        0.005 (add) 
Cl( 4, 3) in Cl( 4, 3) CPU =        0.017 ms (setup)        0.123 (comm)        0.153 (pade)        0.191 (series)        0.026 (mix)        0.010 (add) 
Cl( 4, 4) in Cl( 4, 4) CPU =        0.035 ms (setup)        0.477 (comm)        0.208 (pade)        0.803 (series)        0.069 (mix)        0.025 (add) 
Cl( 1, 0) in Cl( 4, 4) CPU =        0.001 ms (setup)        0.002 (comm)        0.003 (pade)        0.002 (series)        0.001 (mix)        0.001 (add) 
Cl( 1, 1) in Cl( 4, 4) CPU =        0.001 ms (setup)        0.003 (comm)        0.003 (pade)        0.003 (series)        0.001 (mix)        0.001 (add) 
Cl( 2, 1) in Cl( 4, 4) CPU =        0.001 ms (setup)        0.003 (comm)        0.005 (pade)        0.004 (series)        0.001 (mix)        0.002 (add) 
Cl( 2, 2) in Cl( 4, 4) CPU =        0.001 ms (setup)        0.005 (comm)        0.007 (pade)        0.007 (series)        0.002 (mix)        0.001 (add) 
Cl( 3, 2) in Cl( 4, 4) CPU =        0.003 ms (setup)        0.015 (comm)        0.029 (pade)        0.021 (series)        0.005 (mix)        0.003 (add) 
Cl( 3, 3) in Cl( 4, 4) CPU =        0.007 ms (setup)        0.042 (comm)        0.041 (pade)        0.061 (series)        0.010 (mix)        0.005 (add) 
Cl( 4, 3) in Cl( 4, 4) CPU =        0.015 ms (setup)        0.122 (comm)        0.149 (pade)        0.189 (series)        0.026 (mix)        0.010 (add) 
Cl( 4, 4) in Cl( 4, 4) CPU =        0.034 ms (setup)        0.473 (comm)        0.208 (pade)        0.801 (series)        0.069 (mix)        0.024 (add) 

matrix_multi<float,-4,4>
Clifford algebra expressions test:
Fill: 0.5
Cl( 1, 0) in Cl( 1, 0) CPU =        0.003 ms (setup)        0.010 (comm)        0.002 (pade)        0.002 (series)        0.002 (mix)        0.001 (add) 
Cl( 1, 1) in Cl( 1, 1) CPU =        0.003 ms (setup)        0.005 (comm)        0.002 (pade)        0.001 (series)        0.004 (mix)        0.001 (add) 
Cl( 2, 1) in Cl( 2, 1) CPU =        0.002 ms (setup)        0.019 (comm)        0.002 (pade)        0.001 (series)        0.018 (mix)        0.001 (add) 
Cl( 2, 2) in Cl( 2, 2) CPU =        0.003 ms (setup)        0.029 (comm)        0.001 (pade)        0.001 (series)        0.028 (mix)        0.001 (add) 
Cl( 3, 2) in Cl( 3, 2) CPU =        0.013 ms (setup)        0.119 (comm)        0.003 (pade)        0.002 (series)        0.115 (mix)        0.001 (add) 
Cl( 3, 3) in Cl( 3, 3) CPU =        0.020 ms (setup)        0.188 (comm)        0.003 (pade)        0.002 (series)        0.180 (mix)        0.001 (add) 
Cl( 4, 3) in Cl( 4, 3) CPU =        0.048 ms (setup)        0.895 (comm)        0.007 (pade)        0.003 (series)        0.865 (mix)        0.001 (add) 
Cl( 4, 4) in Cl( 4, 4) CPU =        0.095 ms (setup)        1.359 (comm)        0.007 (pade)        0.003 (series)        1.333 (mix)        0.001 (add) 
Cl( 1, 0) in Cl( 4, 4) CPU =        0.003 ms (setup)        0.021 (comm)        0.004 (pade)        0.003 (series)        0.019 (mix)        0.001 (add) 
Cl( 1, 1) in Cl( 4, 4) CPU =        0.003 ms (setup)        0.029 (comm)        0.007 (pade)        0.003 (series)        0.027 (mix)        0.000 (add) 
Cl( 2, 1) in Cl( 4, 4) CPU =        0.006 ms (setup)        0.064 (comm)        0.007 (pade)        0.003 (series)        0.060 (mix)        0.001 (add) 
Cl( 2, 2) in Cl( 4, 4) CPU =        0.011 ms (setup)        0.078 (comm)        0.007 (pade)        0.003 (series)        0.074 (mix)        0.001 (add) 
Cl( 3, 2) in Cl( 4, 4) CPU =        0.042 ms (setup)        0.216 (comm)        0.007 (pade)        0.003 (series)        0.208 (mix)        0.001 (add) 
Cl( 3, 3) in Cl( 4, 4) CPU =        0.068 ms (setup)        0.301 (comm)        0.007 (pade)        0.003 (series)        0.293 (mix)        0.001 (add) 
Cl( 4, 3) in Cl( 4, 4) CPU =        0.177 ms (setup)        0.834 (comm)        0.007 (pade)        0.003 (series)        0.815 (mix)        0.001 (add) 
Cl( 4, 4) in Cl( 4, 4) CPU =        0.095 ms (setup)        1.373 (comm)        0.007 (pade)        0.003 (series)        1.347 (mix)        0.001 (add) 
Fill: 1
Cl( 1, 0) in Cl( 1, 0) CPU =        0.009 ms (setup)        0.005 (comm)        0.002 (pade)        0.002 (series)        0.004 (mix)        0.001 (add) 
Cl( 1, 1) in Cl( 1, 1) CPU =        0.001 ms (setup)        0.007 (comm)        0.001 (pade)        0.001 (series)        0.006 (mix)        0.000 (add) 
Cl( 2, 1) in Cl( 2, 1) CPU =        0.002 ms (setup)        0.024 (comm)        0.002 (pade)        0.001 (series)        0.022 (mix)        0.001 (add) 
Cl( 2, 2) in Cl( 2, 2) CPU =        0.004 ms (setup)        0.036 (comm)        0.002 (pade)        0.001 (series)        0.036 (mix)        0.001 (add) 
Cl( 3, 2) in Cl( 3, 2) CPU =        0.011 ms (setup)        0.146 (comm)        0.003 (pade)        0.002 (series)        0.142 (mix)        0.000 (add) 
Cl( 3, 3) in Cl( 3, 3) CPU =        0.022 ms (setup)        0.228 (comm)        0.003 (pade)        0.002 (series)        0.221 (mix)        0.001 (add) 
Cl( 4, 3) in Cl( 4, 3) CPU =        0.064 ms (setup)        1.004 (comm)        0.007 (pade)        0.004 (series)        0.990 (mix)        0.001 (add) 
Cl( 4, 4) in Cl( 4, 4) CPU =        0.122 ms (setup)        1.532 (comm)        0.007 (pade)        0.004 (series)        1.517 (mix)        0.001 (add) 
Cl( 1, 0) in Cl( 4, 4) CPU =        0.002 ms (setup)        0.041 (comm)        0.007 (pade)        0.003 (series)        0.037 (mix)        0.001 (add) 
Cl( 1, 1) in Cl( 4, 4) CPU =        0.003 ms (setup)        0.054 (comm)        0.007 (pade)        0.003 (series)        0.053 (mix)        0.001 (add) 
Cl( 2, 1) in Cl( 4, 4) CPU =        0.007 ms (setup)        0.080 (comm)        0.007 (pade)        0.003 (series)        0.077 (mix)        0.001 (add) 
Cl( 2, 2) in Cl( 4, 4) CPU =        0.018 ms (setup)        0.116 (comm)        0.006 (pade)        0.003 (series)        0.113 (mix)        0.001 (add) 
Cl( 3, 2) in Cl( 4, 4) CPU =        0.044 ms (setup)        0.234 (comm)        0.007 (pade)        0.003 (series)        0.228 (mix)        0.001 (add) 
Cl( 3, 3) in Cl( 4, 4) CPU =        0.083 ms (setup)        0.357 (comm)        0.007 (pade)        0.003 (series)        0.349 (mix)        0.001 (add) 
Cl( 4, 3) in Cl( 4, 4) CPU =        0.224 ms (setup)        1.062 (comm)        0.008 (pade)        0.003 (series)        1.047 (mix)        0.001 (add) 
Cl( 4, 4) in Cl( 4, 4) CPU =        0.123 ms (setup)        1.528 (comm)        0.007 (pade)        0.003 (series)        1.517 (mix)        0.001 (add) 

framed_multi<double>
Clifford algebra expressions test:
Fill: 0.5
Cl( 1, 0) in Cl( 1, 0) CPU =        0.001 ms (setup)        0.009 (comm)        0.005 (pade)        0.003 (series)        0.001 (mix)        0.002 (add) 
Cl( 1, 1) in Cl( 1, 1) CPU =        0.001 ms (setup)        0.001 (comm)        0.003 (pade)        0.001 (series)        0.000 (mix)        0.001 (add) 
Cl( 2, 1) in Cl( 2, 1) CPU =        0.001 ms (setup)        0.004 (comm)        0.007 (pade)        0.004 (series)        0.001 (mix)        0.001 (add) 
Cl( 2, 2) in Cl( 2, 2) CPU =        0.001 ms (setup)        0.006 (comm)        0.007 (pade)        0.007 (series)        0.002 (mix)        0.001 (add) 
Cl( 3, 2) in Cl( 3, 2) CPU =        0.003 ms (setup)        0.013 (comm)        0.029 (pade)        0.013 (series)        0.004 (mix)        0.002 (add) 
Cl( 3, 3) in Cl( 3, 3) CPU =        0.007 ms (setup)        0.034 (comm)        0.036 (pade)        0.049 (series)        0.008 (mix)        0.003 (add) 
Cl( 4, 3) in Cl( 4, 3) CPU =        0.013 ms (setup)        0.099 (comm)        0.134 (pade)        0.136 (series)        0.033 (mix)        0.005 (add) 
Cl( 4, 4) in Cl( 4, 4) CPU =        0.026 ms (setup)        0.418 (comm)        0.176 (pade)        0.662 (series)        0.101 (mix)        0.009 (add) 
Cl( 5, 4) in Cl( 5, 4) CPU =        0.053 ms (setup)        1.454 (comm)        0.632 (pade)        2.429 (series)        0.292 (mix)        0.017 (add) 
Cl( 5, 5) in Cl( 5, 5) CPU =        0.108 ms (setup)        2.473 (comm)        0.896 (pade)        3.403 (series)        0.817 (mix)        0.034 (add) 
Cl( 6, 5) in Cl( 6, 5) CPU =        0.227 ms (setup)        8.212 (comm)        3.207 (pade)       12.444 (series)        2.281 (mix)        0.071 (add) 
Cl( 6, 6) in Cl( 6, 6) CPU =        0.467 ms (setup)       14.697 (comm)        4.490 (pade)       17.553 (series)        6.599 (mix)        0.152 (add) 
Cl( 7, 6) in Cl( 7, 6) CPU =        0.948 ms (setup)       47.778 (comm)       15.633 (pade)       61.178 (series)       19.243 (mix)        0.330 (add) 
Cl( 7, 7) in Cl( 7, 7) CPU =        1.953 ms (setup)       96.017 (comm)       22.105 (pade)       87.041 (series)       56.892 (mix)        0.653 (add) 
Cl( 8, 7) in Cl( 8, 7) CPU =        3.922 ms (setup)      308.885 (comm)       78.868 (pade)      309.192 (series)      166.191 (mix)        1.381 (add) 
Cl( 8, 8) in Cl( 8, 8) CPU =        7.954 ms (setup)      700.218 (comm)      113.883 (pade)      447.491 (series)      501.395 (mix)        2.905 (add) 
Cl( 1, 0) in Cl( 8, 8) CPU =        0.001 ms (setup)        0.001 (comm)        0.003 (pade)        0.002 (series)        0.001 (mix)        0.001 (add) 
Cl( 1, 1) in Cl( 8, 8) CPU =        0.001 ms (setup)        0.001 (comm)        0.003 (pade)        0.001 (series)        0.000 (mix)        0.001 (add) 
Cl( 2, 1) in Cl( 8, 8) CPU =        0.001 ms (setup)        0.004 (comm)        0.005 (pade)        0.003 (series)        0.001 (mix)        0.001 (add) 
Cl( 2, 2) in Cl( 8, 8) CPU =        0.002 ms (setup)        0.006 (comm)        0.007 (pade)        0.007 (series)        0.002 (mix)        0.001 (add) 
Cl( 3, 2) in Cl( 8, 8) CPU =        0.003 ms (setup)        0.011 (comm)        0.021 (pade)        0.011 (series)        0.004 (mix)        0.002 (add) 
Cl( 3, 3) in Cl( 8, 8) CPU =        0.005 ms (setup)        0.034 (comm)        0.035 (pade)        0.046 (series)        0.007 (mix)        0.003 (add) 
Cl( 4, 3) in Cl( 8, 8) CPU =        0.012 ms (setup)        0.091 (comm)        0.130 (pade)        0.134 (series)        0.026 (mix)        0.005 (add) 
Cl( 4, 4) in Cl( 8, 8) CPU =        0.026 ms (setup)        0.418 (comm)        0.175 (pade)        0.655 (series)        0.100 (mix)        0.009 (add) 
Cl( 5, 4) in Cl( 8, 8) CPU =        0.054 ms (setup)        1.465 (comm)        0.627 (pade)        2.401 (series)        0.287 (mix)        0.016 (add) 
Cl( 5, 5) in Cl( 8, 8) CPU =        0.107 ms (setup)        2.386 (comm)        0.870 (pade)        3.364 (series)        0.771 (mix)        0.032 (add) 
Cl( 6, 5) in Cl( 8, 8) CPU =        0.225 ms (setup)        8.139 (comm)        3.167 (pade)       12.397 (series)        2.260 (mix)        0.069 (add) 
Cl( 6, 6) in Cl( 8, 8) CPU =        0.458 ms (setup)       14.529 (comm)        4.431 (pade)       17.373 (series)        6.543 (mix)        0.151 (add) 
Cl( 7, 6) in Cl( 8, 8) CPU =        0.949 ms (setup)       47.867 (comm)       15.540 (pade)       61.061 (series)       19.338 (mix)        0.325 (add) 
Cl( 7, 7) in Cl( 8, 8) CPU =        1.961 ms (setup)       96.576 (comm)       22.162 (pade)       87.035 (series)       57.274 (mix)        0.659 (add) 
Cl( 8, 7) in Cl( 8, 8) CPU =        3.934 ms (setup)      312.400 (comm)       79.002 (pade)      308.729 (series)      169.626 (mix)        1.385 (add) 
Cl( 8, 8) in Cl( 8, 8) CPU =        7.945 ms (setup)      697.206 (comm)      114.011 (pade)      447.577 (series)      498.705 (mix)        2.929 (add) 
Fill: 1
Cl( 1, 0) in Cl( 1, 0) CPU =        0.000 ms (setup)        0.003 (comm)        0.004 (pade)        0.003 (series)        0.001 (mix)        0.001 (add) 
Cl( 1, 1) in Cl( 1, 1) CPU =        0.001 ms (setup)        0.002 (comm)        0.003 (pade)        0.003 (series)        0.001 (mix)        0.001 (add) 
Cl( 2, 1) in Cl( 2, 1) CPU =        0.001 ms (setup)        0.004 (comm)        0.006 (pade)        0.005 (series)        0.001 (mix)        0.001 (add) 
Cl( 2, 2) in Cl( 2, 2) CPU =        0.002 ms (setup)        0.007 (comm)        0.009 (pade)        0.009 (series)        0.002 (mix)        0.001 (add) 
Cl( 3, 2) in Cl( 3, 2) CPU =        0.004 ms (setup)        0.019 (comm)        0.029 (pade)        0.024 (series)        0.005 (mix)        0.002 (add) 
Cl( 3, 3) in Cl( 3, 3) CPU =        0.009 ms (setup)        0.053 (comm)        0.039 (pade)        0.071 (series)        0.013 (mix)        0.003 (add) 
Cl( 4, 3) in Cl( 4, 3) CPU =        0.018 ms (setup)        0.165 (comm)        0.145 (pade)        0.229 (series)        0.039 (mix)        0.005 (add) 
Cl( 4, 4) in Cl( 4, 4) CPU =        0.036 ms (setup)        0.487 (comm)        0.195 (pade)        0.754 (series)        0.104 (mix)        0.011 (add) 
Cl( 5, 4) in Cl( 5, 4) CPU =        0.074 ms (setup)        1.646 (comm)        0.685 (pade)        2.672 (series)        0.283 (mix)        0.021 (add) 
Cl( 5, 5) in Cl( 5, 5) CPU =        0.151 ms (setup)        2.772 (comm)        1.012 (pade)        3.914 (series)        0.727 (mix)        0.041 (add) 
Cl( 6, 5) in Cl( 6, 5) CPU =        0.310 ms (setup)        9.093 (comm)        3.617 (pade)       14.187 (series)        1.962 (mix)        0.081 (add) 
Cl( 6, 6) in Cl( 6, 6) CPU =        0.642 ms (setup)       16.005 (comm)        5.348 (pade)       21.162 (series)        5.404 (mix)        0.169 (add) 
Cl( 7, 6) in Cl( 7, 6) CPU =        1.369 ms (setup)       51.037 (comm)       18.082 (pade)       71.142 (series)       15.463 (mix)        0.344 (add) 
Cl( 7, 7) in Cl( 7, 7) CPU =        2.900 ms (setup)       98.990 (comm)       27.431 (pade)      108.236 (series)       44.888 (mix)        0.682 (add) 
Cl( 8, 7) in Cl( 8, 7) CPU =        5.720 ms (setup)      314.456 (comm)       93.427 (pade)      367.956 (series)      131.069 (mix)        1.375 (add) 
Cl( 8, 8) in Cl( 8, 8) CPU =       11.869 ms (setup)      671.081 (comm)      144.556 (pade)      571.830 (series)      384.920 (mix)        2.756 (add) 
Cl( 1, 0) in Cl( 8, 8) CPU =        0.001 ms (setup)        0.002 (comm)        0.004 (pade)        0.003 (series)        0.001 (mix)        0.002 (add) 
Cl( 1, 1) in Cl( 8, 8) CPU =        0.001 ms (setup)        0.003 (comm)        0.003 (pade)        0.003 (series)        0.001 (mix)        0.001 (add) 
Cl( 2, 1) in Cl( 8, 8) CPU =        0.001 ms (setup)        0.004 (comm)        0.006 (pade)        0.005 (series)        0.002 (mix)        0.001 (add) 
Cl( 2, 2) in Cl( 8, 8) CPU =        0.002 ms (setup)        0.007 (comm)        0.008 (pade)        0.009 (series)        0.002 (mix)        0.001 (add) 
Cl( 3, 2) in Cl( 8, 8) CPU =        0.004 ms (setup)        0.019 (comm)        0.028 (pade)        0.024 (series)        0.005 (mix)        0.002 (add) 
Cl( 3, 3) in Cl( 8, 8) CPU =        0.008 ms (setup)        0.053 (comm)        0.040 (pade)        0.071 (series)        0.013 (mix)        0.003 (add) 
Cl( 4, 3) in Cl( 8, 8) CPU =        0.018 ms (setup)        0.165 (comm)        0.144 (pade)        0.229 (series)        0.038 (mix)        0.005 (add) 
Cl( 4, 4) in Cl( 8, 8) CPU =        0.036 ms (setup)        0.487 (comm)        0.197 (pade)        0.754 (series)        0.103 (mix)        0.011 (add) 
Cl( 5, 4) in Cl( 8, 8) CPU =        0.073 ms (setup)        1.669 (comm)        0.690 (pade)        2.670 (series)        0.281 (mix)        0.021 (add) 
Cl( 5, 5) in Cl( 8, 8) CPU =        0.152 ms (setup)        2.777 (comm)        1.008 (pade)        3.917 (series)        0.727 (mix)        0.041 (add) 
Cl( 6, 5) in Cl( 8, 8) CPU =        0.311 ms (setup)        9.095 (comm)        3.630 (pade)       14.172 (series)        1.965 (mix)        0.082 (add) 
Cl( 6, 6) in Cl( 8, 8) CPU =        0.641 ms (setup)       16.018 (comm)        5.343 (pade)       21.146 (series)        5.402 (mix)        0.170 (add) 
Cl( 7, 6) in Cl( 8, 8) CPU =        1.362 ms (setup)       51.072 (comm)       18.086 (pade)       71.160 (series)       15.470 (mix)        0.343 (add) 
Cl( 7, 7) in Cl( 8, 8) CPU =        2.900 ms (setup)       99.022 (comm)       27.437 (pade)      108.285 (series)       44.897 (mix)        0.682 (add) 
Cl( 8, 7) in Cl( 8, 8) CPU =        5.726 ms (setup)      314.671 (comm)       93.435 (pade)      368.000 (series)      131.092 (mix)        1.378 (add) 
Cl( 8, 8) in Cl( 8, 8) CPU =       11.878 ms (setup)      671.214 (comm)      144.951 (pade)      572.163 (series)      384.916 (mix)        2.753 (add) 

matrix_multi<double>
Clifford algebra expressions test:
Fill: 0.5
Cl( 1, 0) in Cl( 1, 0) CPU =        0.003 ms (setup)        0.002 (comm)        0.002 (pade)        0.002 (series)        0.001 (mix)        0.001 (add) 
Cl( 1, 1) in Cl( 1, 1) CPU =        0.003 ms (setup)        0.005 (comm)        0.002 (pade)        0.001 (series)        0.005 (mix)        0.000 (add) 
Cl( 2, 1) in Cl( 2, 1) CPU =        0.001 ms (setup)        0.019 (comm)        0.002 (pade)        0.001 (series)        0.018 (mix)        0.001 (add) 
Cl( 2, 2) in Cl( 2, 2) CPU =        0.003 ms (setup)        0.029 (comm)        0.002 (pade)        0.001 (series)        0.027 (mix)        0.001 (add) 
Cl( 3, 2) in Cl( 3, 2) CPU =        0.015 ms (setup)        0.103 (comm)        0.003 (pade)        0.002 (series)        0.098 (mix)        0.001 (add) 
Cl( 3, 3) in Cl( 3, 3) CPU =        0.019 ms (setup)        0.182 (comm)        0.003 (pade)        0.002 (series)        0.176 (mix)        0.001 (add) 
Cl( 4, 3) in Cl( 4, 3) CPU =        0.051 ms (setup)        0.824 (comm)        0.008 (pade)        0.005 (series)        0.800 (mix)        0.001 (add) 
Cl( 4, 4) in Cl( 4, 4) CPU =        0.096 ms (setup)        1.220 (comm)        0.008 (pade)        0.005 (series)        1.202 (mix)        0.001 (add) 
Cl( 5, 4) in Cl( 5, 4) CPU =        0.229 ms (setup)        5.162 (comm)        0.022 (pade)        0.017 (series)        5.141 (mix)        0.002 (add) 
Cl( 5, 5) in Cl( 5, 5) CPU =        0.454 ms (setup)        7.681 (comm)        0.022 (pade)        0.015 (series)        7.670 (mix)        0.002 (add) 
Cl( 6, 5) in Cl( 6, 5) CPU =        1.072 ms (setup)       30.129 (comm)        0.079 (pade)        0.075 (series)       30.073 (mix)        0.005 (add) 
Cl( 6, 6) in Cl( 6, 6) CPU =        2.143 ms (setup)       42.229 (comm)        0.078 (pade)        0.075 (series)       42.166 (mix)        0.005 (add) 
Cl( 7, 6) in Cl( 7, 6) CPU =        5.137 ms (setup)      173.059 (comm)        0.347 (pade)        0.470 (series)      172.623 (mix)        0.030 (add) 
Cl( 7, 7) in Cl( 7, 7) CPU =       10.277 ms (setup)      230.083 (comm)        0.348 (pade)        0.472 (series)      229.841 (mix)        0.030 (add) 
Cl( 8, 7) in Cl( 8, 7) CPU =       24.867 ms (setup)     1278.803 (comm)        1.974 (pade)        3.220 (series)     1208.587 (mix)        0.121 (add) 
Cl( 8, 8) in Cl( 8, 8) CPU =       49.877 ms (setup)     1326.265 (comm)        1.977 (pade)        3.222 (series)     1322.262 (mix)        0.132 (add) 
Cl( 1, 0) in Cl( 8, 8) CPU =        0.016 ms (setup)        5.322 (comm)        0.376 (pade)        3.220 (series)        3.648 (mix)        0.120 (add) 
Cl( 1, 1) in Cl( 8, 8) CPU =        0.022 ms (setup)       10.657 (comm)        0.556 (pade)        3.219 (series)        8.934 (mix)        0.120 (add) 
Cl( 2, 1) in Cl( 8, 8) CPU =        0.041 ms (setup)       14.854 (comm)        0.571 (pade)        3.218 (series)       13.151 (mix)        0.120 (add) 
Cl( 2, 2) in Cl( 8, 8) CPU =        0.110 ms (setup)       26.125 (comm)        0.569 (pade)        3.218 (series)       24.444 (mix)        0.120 (add) 
Cl( 3, 2) in Cl( 8, 8) CPU =        0.716 ms (setup)       42.654 (comm)        0.604 (pade)        3.220 (series)       40.941 (mix)        0.120 (add) 
Cl( 3, 3) in Cl( 8, 8) CPU =        0.890 ms (setup)       69.069 (comm)        0.607 (pade)        3.220 (series)       67.331 (mix)        0.120 (add) 
Cl( 4, 3) in Cl( 8, 8) CPU =        1.004 ms (setup)       87.757 (comm)        0.678 (pade)        3.220 (series)       86.052 (mix)        0.120 (add) 
Cl( 4, 4) in Cl( 8, 8) CPU =        1.185 ms (setup)      107.369 (comm)        0.677 (pade)        3.222 (series)      105.737 (mix)        0.122 (add) 
Cl( 5, 4) in Cl( 8, 8) CPU =        1.702 ms (setup)      125.886 (comm)        0.862 (pade)        3.227 (series)      124.158 (mix)        0.123 (add) 
Cl( 5, 5) in Cl( 8, 8) CPU =        2.599 ms (setup)      166.183 (comm)        0.862 (pade)        3.227 (series)      164.488 (mix)        0.121 (add) 
Cl( 6, 5) in Cl( 8, 8) CPU =        4.966 ms (setup)      225.567 (comm)        1.984 (pade)        3.228 (series)      224.713 (mix)        0.122 (add) 
Cl( 6, 6) in Cl( 8, 8) CPU =        9.258 ms (setup)      256.075 (comm)        1.982 (pade)        3.229 (series)      253.762 (mix)        0.123 (add) 
Cl( 7, 6) in Cl( 8, 8) CPU =       21.532 ms (setup)      413.552 (comm)        1.985 (pade)        3.222 (series)      411.577 (mix)        0.123 (add) 
Cl( 7, 7) in Cl( 8, 8) CPU =       41.206 ms (setup)      488.363 (comm)        1.978 (pade)        3.223 (series)      485.952 (mix)        0.121 (add) 
Cl( 8, 7) in Cl( 8, 8) CPU =       97.269 ms (setup)     1069.415 (comm)        1.986 (pade)        3.230 (series)     1068.325 (mix)        0.122 (add) 
Cl( 8, 8) in Cl( 8, 8) CPU =       50.040 ms (setup)     1326.906 (comm)        1.977 (pade)        3.219 (series)     1323.146 (mix)        0.120 (add) 
Fill: 1
Cl( 1, 0) in Cl( 1, 0) CPU =        0.001 ms (setup)        0.005 (comm)        0.002 (pade)        0.002 (series)        0.004 (mix)        0.001 (add) 
Cl( 1, 1) in Cl( 1, 1) CPU =        0.002 ms (setup)        0.007 (comm)        0.002 (pade)        0.001 (series)        0.006 (mix)        0.000 (add) 
Cl( 2, 1) in Cl( 2, 1) CPU =        0.002 ms (setup)        0.024 (comm)        0.002 (pade)        0.001 (series)        0.022 (mix)        0.001 (add) 
Cl( 2, 2) in Cl( 2, 2) CPU =        0.005 ms (setup)        0.037 (comm)        0.001 (pade)        0.001 (series)        0.036 (mix)        0.000 (add) 
Cl( 3, 2) in Cl( 3, 2) CPU =        0.012 ms (setup)        0.148 (comm)        0.004 (pade)        0.002 (series)        0.143 (mix)        0.001 (add) 
Cl( 3, 3) in Cl( 3, 3) CPU =        0.025 ms (setup)        0.228 (comm)        0.003 (pade)        0.002 (series)        0.223 (mix)        0.001 (add) 
Cl( 4, 3) in Cl( 4, 3) CPU =        0.067 ms (setup)        0.982 (comm)        0.007 (pade)        0.005 (series)        0.974 (mix)        0.001 (add) 
Cl( 4, 4) in Cl( 4, 4) CPU =        0.128 ms (setup)        1.472 (comm)        0.007 (pade)        0.005 (series)        1.452 (mix)        0.001 (add) 
Cl( 5, 4) in Cl( 5, 4) CPU =        0.328 ms (setup)        5.699 (comm)        0.022 (pade)        0.015 (series)        5.679 (mix)        0.002 (add) 
Cl( 5, 5) in Cl( 5, 5) CPU =        0.657 ms (setup)        8.370 (comm)        0.022 (pade)        0.015 (series)        8.334 (mix)        0.002 (add) 
Cl( 6, 5) in Cl( 6, 5) CPU =        1.652 ms (setup)       32.331 (comm)        0.077 (pade)        0.075 (series)       32.287 (mix)        0.005 (add) 
Cl( 6, 6) in Cl( 6, 6) CPU =        3.406 ms (setup)       45.315 (comm)        0.077 (pade)        0.075 (series)       45.270 (mix)        0.006 (add) 
Cl( 7, 6) in Cl( 7, 6) CPU =        8.546 ms (setup)      183.536 (comm)        0.346 (pade)        0.470 (series)      183.113 (mix)        0.030 (add) 
Cl( 7, 7) in Cl( 7, 7) CPU =       17.276 ms (setup)      249.387 (comm)        0.347 (pade)        0.469 (series)      249.329 (mix)        0.030 (add) 
Cl( 8, 7) in Cl( 8, 7) CPU =       43.583 ms (setup)     1333.498 (comm)        1.977 (pade)        3.222 (series)     1264.853 (mix)        0.120 (add) 
Cl( 8, 8) in Cl( 8, 8) CPU =       89.040 ms (setup)     1439.880 (comm)        1.982 (pade)        3.222 (series)     1436.886 (mix)        0.120 (add) 
Cl( 1, 0) in Cl( 8, 8) CPU =        0.018 ms (setup)       10.470 (comm)        0.557 (pade)        3.220 (series)        8.783 (mix)        0.120 (add) 
Cl( 1, 1) in Cl( 8, 8) CPU =        0.035 ms (setup)       17.044 (comm)        0.555 (pade)        3.219 (series)       15.372 (mix)        0.120 (add) 
Cl( 2, 1) in Cl( 8, 8) CPU =        0.081 ms (setup)       26.567 (comm)        0.571 (pade)        3.218 (series)       24.860 (mix)        0.120 (add) 
Cl( 2, 2) in Cl( 8, 8) CPU =        0.871 ms (setup)       39.059 (comm)        0.571 (pade)        3.217 (series)       37.352 (mix)        0.120 (add) 
Cl( 3, 2) in Cl( 8, 8) CPU =        0.866 ms (setup)       54.943 (comm)        0.604 (pade)        3.220 (series)       53.230 (mix)        0.120 (add) 
Cl( 3, 3) in Cl( 8, 8) CPU =        0.916 ms (setup)       75.655 (comm)        0.604 (pade)        3.224 (series)       73.138 (mix)        0.122 (add) 
Cl( 4, 3) in Cl( 8, 8) CPU =        1.088 ms (setup)      100.591 (comm)        0.676 (pade)        3.220 (series)       98.858 (mix)        0.121 (add) 
Cl( 4, 4) in Cl( 8, 8) CPU =        1.298 ms (setup)      126.398 (comm)        0.678 (pade)        3.238 (series)      124.660 (mix)        0.121 (add) 
Cl( 5, 4) in Cl( 8, 8) CPU =        1.979 ms (setup)      158.114 (comm)        0.862 (pade)        3.229 (series)      156.403 (mix)        0.121 (add) 
Cl( 5, 5) in Cl( 8, 8) CPU =        3.303 ms (setup)      187.919 (comm)        0.858 (pade)        3.226 (series)      186.001 (mix)        0.121 (add) 
Cl( 6, 5) in Cl( 8, 8) CPU =        6.796 ms (setup)      242.924 (comm)        1.981 (pade)        3.222 (series)      240.766 (mix)        0.121 (add) 
Cl( 6, 6) in Cl( 8, 8) CPU =       12.579 ms (setup)      284.126 (comm)        1.978 (pade)        3.231 (series)      281.876 (mix)        0.121 (add) 
Cl( 7, 6) in Cl( 8, 8) CPU =       30.060 ms (setup)      437.733 (comm)        1.978 (pade)        3.221 (series)      434.505 (mix)        0.122 (add) 
Cl( 7, 7) in Cl( 8, 8) CPU =       57.784 ms (setup)      532.439 (comm)        1.984 (pade)        3.226 (series)      530.352 (mix)        0.121 (add) 
Cl( 8, 7) in Cl( 8, 8) CPU =      140.610 ms (setup)     1122.684 (comm)        1.988 (pade)        3.222 (series)     1121.469 (mix)        0.120 (add) 
Cl( 8, 8) in Cl( 8, 8) CPU =       88.651 ms (setup)     1440.401 (comm)        1.980 (pade)        3.220 (series)     1437.174 (mix)        0.121 (add) 
