
framed_multi<float,-4,4>
Clifford algebra products test:
Fill: 0.5
Cl( 1, 0) in Cl( 1, 0) CPU =        0.001 ms (setup)        0.001 (*)        0.009 (^)        0.001 (&)        0.000 (%) 
Cl( 1, 1) in Cl( 1, 1) CPU =        0.001 ms (setup)        0.001 (*)        0.001 (^)        0.001 (&)        0.001 (%) 
Cl( 2, 1) in Cl( 2, 1) CPU =        0.001 ms (setup)        0.001 (*)        0.002 (^)        0.001 (&)        0.001 (%) 
Cl( 2, 2) in Cl( 2, 2) CPU =        0.001 ms (setup)        0.002 (*)        0.002 (^)        0.001 (&)        0.001 (%) 
Cl( 3, 2) in Cl( 3, 2) CPU =        0.002 ms (setup)        0.004 (*)        0.003 (^)        0.002 (&)        0.002 (%) 
Cl( 3, 3) in Cl( 3, 3) CPU =        0.004 ms (setup)        0.008 (*)        0.007 (^)        0.004 (&)        0.003 (%) 
Cl( 4, 3) in Cl( 4, 3) CPU =        0.007 ms (setup)        0.023 (*)        0.018 (^)        0.009 (&)        0.007 (%) 
Cl( 4, 4) in Cl( 4, 4) CPU =        0.013 ms (setup)        0.167 (*)        0.048 (^)        0.029 (&)        0.019 (%) 
Cl( 1, 0) in Cl( 4, 4) CPU =        0.001 ms (setup)        0.000 (*)        0.000 (^)        0.000 (&)        0.000 (%) 
Cl( 1, 1) in Cl( 4, 4) CPU =        0.001 ms (setup)        0.001 (*)        0.001 (^)        0.001 (&)        0.001 (%) 
Cl( 2, 1) in Cl( 4, 4) CPU =        0.001 ms (setup)        0.001 (*)        0.001 (^)        0.001 (&)        0.001 (%) 
Cl( 2, 2) in Cl( 4, 4) CPU =        0.001 ms (setup)        0.001 (*)        0.002 (^)        0.001 (&)        0.001 (%) 
Cl( 3, 2) in Cl( 4, 4) CPU =        0.002 ms (setup)        0.004 (*)        0.003 (^)        0.002 (&)        0.002 (%) 
Cl( 3, 3) in Cl( 4, 4) CPU =        0.004 ms (setup)        0.008 (*)        0.006 (^)        0.004 (&)        0.003 (%) 
Cl( 4, 3) in Cl( 4, 4) CPU =        0.007 ms (setup)        0.024 (*)        0.017 (^)        0.011 (&)        0.007 (%) 
Cl( 4, 4) in Cl( 4, 4) CPU =        0.013 ms (setup)        0.160 (*)        0.049 (^)        0.033 (&)        0.020 (%) 
Fill: 1
Cl( 1, 0) in Cl( 1, 0) CPU =        0.001 ms (setup)        0.001 (*)        0.001 (^)        0.001 (&)        0.000 (%) 
Cl( 1, 1) in Cl( 1, 1) CPU =        0.001 ms (setup)        0.001 (*)        0.001 (^)        0.001 (&)        0.001 (%) 
Cl( 2, 1) in Cl( 2, 1) CPU =        0.001 ms (setup)        0.001 (*)        0.001 (^)        0.001 (&)        0.001 (%) 
Cl( 2, 2) in Cl( 2, 2) CPU =        0.002 ms (setup)        0.003 (*)        0.002 (^)        0.002 (&)        0.001 (%) 
Cl( 3, 2) in Cl( 3, 2) CPU =        0.002 ms (setup)        0.005 (*)        0.003 (^)        0.003 (&)        0.002 (%) 
Cl( 3, 3) in Cl( 3, 3) CPU =        0.005 ms (setup)        0.015 (*)        0.006 (^)        0.005 (&)        0.005 (%) 
Cl( 4, 3) in Cl( 4, 3) CPU =        0.009 ms (setup)        0.049 (*)        0.015 (^)        0.014 (&)        0.010 (%) 
Cl( 4, 4) in Cl( 4, 4) CPU =        0.019 ms (setup)        0.201 (*)        0.037 (^)        0.037 (&)        0.026 (%) 
Cl( 1, 0) in Cl( 4, 4) CPU =        0.001 ms (setup)        0.001 (*)        0.001 (^)        0.001 (&)        0.000 (%) 
Cl( 1, 1) in Cl( 4, 4) CPU =        0.001 ms (setup)        0.001 (*)        0.001 (^)        0.001 (&)        0.001 (%) 
Cl( 2, 1) in Cl( 4, 4) CPU =        0.001 ms (setup)        0.001 (*)        0.001 (^)        0.001 (&)        0.001 (%) 
Cl( 2, 2) in Cl( 4, 4) CPU =        0.001 ms (setup)        0.002 (*)        0.001 (^)        0.001 (&)        0.001 (%) 
Cl( 3, 2) in Cl( 4, 4) CPU =        0.002 ms (setup)        0.005 (*)        0.003 (^)        0.003 (&)        0.002 (%) 
Cl( 3, 3) in Cl( 4, 4) CPU =        0.005 ms (setup)        0.015 (*)        0.005 (^)        0.005 (&)        0.005 (%) 
Cl( 4, 3) in Cl( 4, 4) CPU =        0.009 ms (setup)        0.049 (*)        0.013 (^)        0.014 (&)        0.010 (%) 
Cl( 4, 4) in Cl( 4, 4) CPU =        0.020 ms (setup)        0.196 (*)        0.036 (^)        0.037 (&)        0.025 (%) 

matrix_multi<float,-4,4>
Clifford algebra products test:
Fill: 0.5
Cl( 1, 0) in Cl( 1, 0) CPU =        0.019 ms (setup)        0.007 (*)        0.003 (^)        0.002 (&)        0.003 (%) 
Cl( 1, 1) in Cl( 1, 1) CPU =        0.002 ms (setup)        0.001 (*)        0.002 (^)        0.002 (&)        0.002 (%) 
Cl( 2, 1) in Cl( 2, 1) CPU =        0.001 ms (setup)        0.000 (*)        0.003 (^)        0.005 (&)        0.005 (%) 
Cl( 2, 2) in Cl( 2, 2) CPU =        0.003 ms (setup)        0.001 (*)        0.015 (^)        0.009 (&)        0.013 (%) 
Cl( 3, 2) in Cl( 3, 2) CPU =        0.005 ms (setup)        0.001 (*)        0.064 (^)        0.052 (&)        0.060 (%) 
Cl( 3, 3) in Cl( 3, 3) CPU =        0.010 ms (setup)        0.001 (*)        0.089 (^)        0.089 (&)        0.087 (%) 
Cl( 4, 3) in Cl( 4, 3) CPU =        0.026 ms (setup)        0.001 (*)        0.401 (^)        0.383 (&)        0.392 (%) 
Cl( 4, 4) in Cl( 4, 4) CPU =        0.049 ms (setup)        0.001 (*)        0.670 (^)        0.666 (&)        0.683 (%) 
Cl( 1, 0) in Cl( 4, 4) CPU =        0.001 ms (setup)        0.001 (*)        0.005 (^)        0.004 (&)        0.004 (%) 
Cl( 1, 1) in Cl( 4, 4) CPU =        0.003 ms (setup)        0.001 (*)        0.030 (^)        0.018 (&)        0.026 (%) 
Cl( 2, 1) in Cl( 4, 4) CPU =        0.005 ms (setup)        0.001 (*)        0.035 (^)        0.023 (&)        0.028 (%) 
Cl( 2, 2) in Cl( 4, 4) CPU =        0.009 ms (setup)        0.001 (*)        0.060 (^)        0.041 (&)        0.048 (%) 
Cl( 3, 2) in Cl( 4, 4) CPU =        0.023 ms (setup)        0.001 (*)        0.076 (^)        0.071 (&)        0.070 (%) 
Cl( 3, 3) in Cl( 4, 4) CPU =        0.035 ms (setup)        0.001 (*)        0.144 (^)        0.123 (&)        0.120 (%) 
Cl( 4, 3) in Cl( 4, 4) CPU =        0.088 ms (setup)        0.001 (*)        0.421 (^)        0.415 (&)        0.413 (%) 
Cl( 4, 4) in Cl( 4, 4) CPU =        0.049 ms (setup)        0.001 (*)        0.634 (^)        0.674 (&)        0.675 (%) 
Fill: 1
Cl( 1, 0) in Cl( 1, 0) CPU =        0.001 ms (setup)        0.009 (*)        0.003 (^)        0.002 (&)        0.003 (%) 
Cl( 1, 1) in Cl( 1, 1) CPU =        0.001 ms (setup)        0.000 (*)        0.004 (^)        0.002 (&)        0.004 (%) 
Cl( 2, 1) in Cl( 2, 1) CPU =        0.001 ms (setup)        0.001 (*)        0.011 (^)        0.010 (&)        0.011 (%) 
Cl( 2, 2) in Cl( 2, 2) CPU =        0.003 ms (setup)        0.001 (*)        0.018 (^)        0.015 (&)        0.018 (%) 
Cl( 3, 2) in Cl( 3, 2) CPU =        0.006 ms (setup)        0.001 (*)        0.069 (^)        0.071 (&)        0.072 (%) 
Cl( 3, 3) in Cl( 3, 3) CPU =        0.011 ms (setup)        0.000 (*)        0.111 (^)        0.106 (&)        0.112 (%) 
Cl( 4, 3) in Cl( 4, 3) CPU =        0.034 ms (setup)        0.001 (*)        0.492 (^)        0.501 (&)        0.501 (%) 
Cl( 4, 4) in Cl( 4, 4) CPU =        0.068 ms (setup)        0.001 (*)        0.757 (^)        0.753 (&)        0.768 (%) 
Cl( 1, 0) in Cl( 4, 4) CPU =        0.002 ms (setup)        0.001 (*)        0.024 (^)        0.016 (&)        0.021 (%) 
Cl( 1, 1) in Cl( 4, 4) CPU =        0.002 ms (setup)        0.001 (*)        0.029 (^)        0.018 (&)        0.026 (%) 
Cl( 2, 1) in Cl( 4, 4) CPU =        0.004 ms (setup)        0.001 (*)        0.047 (^)        0.032 (&)        0.036 (%) 
Cl( 2, 2) in Cl( 4, 4) CPU =        0.009 ms (setup)        0.001 (*)        0.064 (^)        0.043 (&)        0.050 (%) 
Cl( 3, 2) in Cl( 4, 4) CPU =        0.023 ms (setup)        0.001 (*)        0.137 (^)        0.097 (&)        0.100 (%) 
Cl( 3, 3) in Cl( 4, 4) CPU =        0.044 ms (setup)        0.001 (*)        0.190 (^)        0.157 (&)        0.164 (%) 
Cl( 4, 3) in Cl( 4, 4) CPU =        0.115 ms (setup)        0.001 (*)        0.548 (^)        0.505 (&)        0.499 (%) 
Cl( 4, 4) in Cl( 4, 4) CPU =        0.068 ms (setup)        0.001 (*)        0.759 (^)        0.761 (&)        0.765 (%) 

framed_multi<double>
Clifford algebra products test:
Fill: 0.5
Cl( 1, 0) in Cl( 1, 0) CPU =        0.001 ms (setup)        0.001 (*)        0.001 (^)        0.001 (&)        0.001 (%) 
Cl( 1, 1) in Cl( 1, 1) CPU =        0.001 ms (setup)        0.001 (*)        0.000 (^)        0.000 (&)        0.001 (%) 
Cl( 2, 1) in Cl( 2, 1) CPU =        0.001 ms (setup)        0.002 (*)        0.001 (^)        0.001 (&)        0.001 (%) 
Cl( 2, 2) in Cl( 2, 2) CPU =        0.001 ms (setup)        0.002 (*)        0.002 (^)        0.001 (&)        0.002 (%) 
Cl( 3, 2) in Cl( 3, 2) CPU =        0.002 ms (setup)        0.005 (*)        0.003 (^)        0.003 (&)        0.003 (%) 
Cl( 3, 3) in Cl( 3, 3) CPU =        0.004 ms (setup)        0.011 (*)        0.005 (^)        0.005 (&)        0.006 (%) 
Cl( 4, 3) in Cl( 4, 3) CPU =        0.007 ms (setup)        0.028 (*)        0.015 (^)        0.013 (&)        0.015 (%) 
Cl( 4, 4) in Cl( 4, 4) CPU =        0.013 ms (setup)        0.153 (*)        0.051 (^)        0.037 (&)        0.035 (%) 
Cl( 5, 4) in Cl( 5, 4) CPU =        0.028 ms (setup)        0.571 (*)        0.153 (^)        0.120 (&)        0.101 (%) 
Cl( 5, 5) in Cl( 5, 5) CPU =        0.054 ms (setup)        0.775 (*)        0.444 (^)        0.323 (&)        0.230 (%) 
Cl( 6, 5) in Cl( 6, 5) CPU =        0.113 ms (setup)        2.933 (*)        1.286 (^)        0.910 (&)        0.627 (%) 
Cl( 6, 6) in Cl( 6, 6) CPU =        0.230 ms (setup)        3.964 (*)        3.674 (^)        2.747 (&)        1.615 (%) 
Cl( 7, 6) in Cl( 7, 6) CPU =        0.467 ms (setup)       14.263 (*)       11.022 (^)        8.373 (&)        4.913 (%) 
Cl( 7, 7) in Cl( 7, 7) CPU =        0.959 ms (setup)       19.498 (*)       32.224 (^)       24.146 (&)       13.444 (%) 
Cl( 8, 7) in Cl( 8, 7) CPU =        1.951 ms (setup)       71.414 (*)       95.711 (^)       70.451 (&)       38.878 (%) 
Cl( 8, 8) in Cl( 8, 8) CPU =        3.936 ms (setup)       98.618 (*)      283.736 (^)      211.189 (&)      113.806 (%) 
Cl( 1, 0) in Cl( 8, 8) CPU =        0.001 ms (setup)        0.000 (*)        0.000 (^)        0.000 (&)        0.000 (%) 
Cl( 1, 1) in Cl( 8, 8) CPU =        0.000 ms (setup)        0.001 (*)        0.001 (^)        0.001 (&)        0.001 (%) 
Cl( 2, 1) in Cl( 8, 8) CPU =        0.001 ms (setup)        0.002 (*)        0.001 (^)        0.001 (&)        0.001 (%) 
Cl( 2, 2) in Cl( 8, 8) CPU =        0.001 ms (setup)        0.002 (*)        0.001 (^)        0.001 (&)        0.002 (%) 
Cl( 3, 2) in Cl( 8, 8) CPU =        0.002 ms (setup)        0.004 (*)        0.002 (^)        0.002 (&)        0.003 (%) 
Cl( 3, 3) in Cl( 8, 8) CPU =        0.004 ms (setup)        0.009 (*)        0.005 (^)        0.005 (&)        0.006 (%) 
Cl( 4, 3) in Cl( 8, 8) CPU =        0.007 ms (setup)        0.024 (*)        0.013 (^)        0.011 (&)        0.013 (%) 
Cl( 4, 4) in Cl( 8, 8) CPU =        0.013 ms (setup)        0.154 (*)        0.052 (^)        0.039 (&)        0.039 (%) 
Cl( 5, 4) in Cl( 8, 8) CPU =        0.027 ms (setup)        0.567 (*)        0.155 (^)        0.115 (&)        0.092 (%) 
Cl( 5, 5) in Cl( 8, 8) CPU =        0.055 ms (setup)        0.770 (*)        0.444 (^)        0.307 (&)        0.221 (%) 
Cl( 6, 5) in Cl( 8, 8) CPU =        0.113 ms (setup)        2.905 (*)        1.274 (^)        0.903 (&)        0.607 (%) 
Cl( 6, 6) in Cl( 8, 8) CPU =        0.226 ms (setup)        3.941 (*)        3.728 (^)        2.703 (&)        1.635 (%) 
Cl( 7, 6) in Cl( 8, 8) CPU =        0.466 ms (setup)       14.103 (*)       10.909 (^)        8.148 (&)        4.634 (%) 
Cl( 7, 7) in Cl( 8, 8) CPU =        0.954 ms (setup)       19.331 (*)       32.165 (^)       23.916 (&)       13.272 (%) 
Cl( 8, 7) in Cl( 8, 8) CPU =        1.928 ms (setup)       71.474 (*)       95.713 (^)       70.808 (&)       39.102 (%) 
Cl( 8, 8) in Cl( 8, 8) CPU =        3.938 ms (setup)       98.847 (*)      283.523 (^)      210.889 (&)      113.819 (%) 
Fill: 1
Cl( 1, 0) in Cl( 1, 0) CPU =        0.001 ms (setup)        0.001 (*)        0.001 (^)        0.000 (&)        0.002 (%) 
Cl( 1, 1) in Cl( 1, 1) CPU =        0.001 ms (setup)        0.002 (*)        0.001 (^)        0.001 (&)        0.001 (%) 
Cl( 2, 1) in Cl( 2, 1) CPU =        0.001 ms (setup)        0.002 (*)        0.001 (^)        0.001 (&)        0.002 (%) 
Cl( 2, 2) in Cl( 2, 2) CPU =        0.001 ms (setup)        0.003 (*)        0.002 (^)        0.002 (&)        0.002 (%) 
Cl( 3, 2) in Cl( 3, 2) CPU =        0.003 ms (setup)        0.007 (*)        0.003 (^)        0.004 (&)        0.004 (%) 
Cl( 3, 3) in Cl( 3, 3) CPU =        0.005 ms (setup)        0.020 (*)        0.007 (^)        0.007 (&)        0.008 (%) 
Cl( 4, 3) in Cl( 4, 3) CPU =        0.009 ms (setup)        0.061 (*)        0.018 (^)        0.019 (&)        0.018 (%) 
Cl( 4, 4) in Cl( 4, 4) CPU =        0.019 ms (setup)        0.191 (*)        0.049 (^)        0.054 (&)        0.044 (%) 
Cl( 5, 4) in Cl( 5, 4) CPU =        0.040 ms (setup)        0.683 (*)        0.133 (^)        0.149 (&)        0.108 (%) 
Cl( 5, 5) in Cl( 5, 5) CPU =        0.081 ms (setup)        0.995 (*)        0.340 (^)        0.381 (&)        0.270 (%) 
Cl( 6, 5) in Cl( 6, 5) CPU =        0.161 ms (setup)        3.539 (*)        0.906 (^)        1.046 (&)        0.683 (%) 
Cl( 6, 6) in Cl( 6, 6) CPU =        0.328 ms (setup)        5.256 (*)        2.476 (^)        2.889 (&)        1.792 (%) 
Cl( 7, 6) in Cl( 7, 6) CPU =        0.677 ms (setup)       17.655 (*)        6.979 (^)        8.373 (&)        4.896 (%) 
Cl( 7, 7) in Cl( 7, 7) CPU =        1.419 ms (setup)       26.839 (*)       19.933 (^)       24.646 (&)       13.777 (%) 
Cl( 8, 7) in Cl( 8, 7) CPU =        2.789 ms (setup)       91.425 (*)       57.684 (^)       72.788 (&)       39.456 (%) 
Cl( 8, 8) in Cl( 8, 8) CPU =        5.776 ms (setup)      142.066 (*)      169.048 (^)      215.665 (&)      114.186 (%) 
Cl( 1, 0) in Cl( 8, 8) CPU =        0.001 ms (setup)        0.001 (*)        0.001 (^)        0.001 (&)        0.001 (%) 
Cl( 1, 1) in Cl( 8, 8) CPU =        0.001 ms (setup)        0.001 (*)        0.001 (^)        0.001 (&)        0.001 (%) 
Cl( 2, 1) in Cl( 8, 8) CPU =        0.001 ms (setup)        0.002 (*)        0.001 (^)        0.001 (&)        0.002 (%) 
Cl( 2, 2) in Cl( 8, 8) CPU =        0.002 ms (setup)        0.003 (*)        0.002 (^)        0.002 (&)        0.002 (%) 
Cl( 3, 2) in Cl( 8, 8) CPU =        0.003 ms (setup)        0.007 (*)        0.003 (^)        0.003 (&)        0.004 (%) 
Cl( 3, 3) in Cl( 8, 8) CPU =        0.005 ms (setup)        0.021 (*)        0.007 (^)        0.008 (&)        0.009 (%) 
Cl( 4, 3) in Cl( 8, 8) CPU =        0.010 ms (setup)        0.062 (*)        0.017 (^)        0.019 (&)        0.018 (%) 
Cl( 4, 4) in Cl( 8, 8) CPU =        0.020 ms (setup)        0.194 (*)        0.047 (^)        0.053 (&)        0.045 (%) 
Cl( 5, 4) in Cl( 8, 8) CPU =        0.040 ms (setup)        0.682 (*)        0.134 (^)        0.149 (&)        0.108 (%) 
Cl( 5, 5) in Cl( 8, 8) CPU =        0.080 ms (setup)        0.991 (*)        0.337 (^)        0.384 (&)        0.270 (%) 
Cl( 6, 5) in Cl( 8, 8) CPU =        0.162 ms (setup)        3.539 (*)        0.907 (^)        1.044 (&)        0.684 (%) 
Cl( 6, 6) in Cl( 8, 8) CPU =        0.329 ms (setup)        5.252 (*)        2.481 (^)        2.886 (&)        1.794 (%) 
Cl( 7, 6) in Cl( 8, 8) CPU =        0.678 ms (setup)       17.666 (*)        6.966 (^)        8.373 (&)        4.890 (%) 
Cl( 7, 7) in Cl( 8, 8) CPU =        1.424 ms (setup)       26.782 (*)       19.920 (^)       24.637 (&)       13.791 (%) 
Cl( 8, 7) in Cl( 8, 8) CPU =        2.790 ms (setup)       91.550 (*)       57.672 (^)       72.819 (&)       39.447 (%) 
Cl( 8, 8) in Cl( 8, 8) CPU =        5.767 ms (setup)      142.453 (*)      168.971 (^)      215.613 (&)      114.144 (%) 

matrix_multi<double>
Clifford algebra products test:
Fill: 0.5
Cl( 1, 0) in Cl( 1, 0) CPU =        0.004 ms (setup)        0.001 (*)        0.003 (^)        0.002 (&)        0.003 (%) 
Cl( 1, 1) in Cl( 1, 1) CPU =        0.002 ms (setup)        0.000 (*)        0.003 (^)        0.002 (&)        0.003 (%) 
Cl( 2, 1) in Cl( 2, 1) CPU =        0.004 ms (setup)        0.000 (*)        0.011 (^)        0.010 (&)        0.011 (%) 
Cl( 2, 2) in Cl( 2, 2) CPU =        0.004 ms (setup)        0.001 (*)        0.013 (^)        0.013 (&)        0.013 (%) 
Cl( 3, 2) in Cl( 3, 2) CPU =        0.009 ms (setup)        0.001 (*)        0.041 (^)        0.040 (&)        0.046 (%) 
Cl( 3, 3) in Cl( 3, 3) CPU =        0.010 ms (setup)        0.001 (*)        0.081 (^)        0.082 (&)        0.081 (%) 
Cl( 4, 3) in Cl( 4, 3) CPU =        0.026 ms (setup)        0.002 (*)        0.419 (^)        0.404 (&)        0.413 (%) 
Cl( 4, 4) in Cl( 4, 4) CPU =        0.049 ms (setup)        0.002 (*)        0.638 (^)        0.624 (&)        0.639 (%) 
Cl( 5, 4) in Cl( 5, 4) CPU =        0.119 ms (setup)        0.003 (*)        2.414 (^)        2.627 (&)        2.571 (%) 
Cl( 5, 5) in Cl( 5, 5) CPU =        0.226 ms (setup)        0.003 (*)        3.652 (^)        3.740 (&)        3.748 (%) 
Cl( 6, 5) in Cl( 6, 5) CPU =        0.551 ms (setup)        0.016 (*)       14.548 (^)       15.457 (&)       14.932 (%) 
Cl( 6, 6) in Cl( 6, 6) CPU =        1.086 ms (setup)        0.016 (*)       19.946 (^)       21.102 (&)       20.367 (%) 
Cl( 7, 6) in Cl( 7, 6) CPU =        2.570 ms (setup)        0.105 (*)       79.974 (^)       89.788 (&)       82.296 (%) 
Cl( 7, 7) in Cl( 7, 7) CPU =        5.152 ms (setup)        0.105 (*)      109.460 (^)      117.420 (&)      110.445 (%) 
Cl( 8, 7) in Cl( 8, 7) CPU =       12.421 ms (setup)        0.837 (*)      471.041 (^)      591.725 (&)      474.273 (%) 
Cl( 8, 8) in Cl( 8, 8) CPU =       24.867 ms (setup)        0.837 (*)      620.083 (^)      704.827 (&)      626.583 (%) 
Cl( 1, 0) in Cl( 8, 8) CPU =        0.026 ms (setup)        0.856 (*)        2.377 (^)        2.357 (&)        2.369 (%) 
Cl( 1, 1) in Cl( 8, 8) CPU =        0.017 ms (setup)        0.854 (*)        9.659 (^)        4.962 (&)        7.081 (%) 
Cl( 2, 1) in Cl( 8, 8) CPU =        0.036 ms (setup)        0.854 (*)        5.385 (^)        5.173 (&)        4.393 (%) 
Cl( 2, 2) in Cl( 8, 8) CPU =        0.048 ms (setup)        0.854 (*)       23.270 (^)       15.189 (&)       14.955 (%) 
Cl( 3, 2) in Cl( 8, 8) CPU =        0.125 ms (setup)        0.850 (*)       16.157 (^)       15.367 (&)       10.803 (%) 
Cl( 3, 3) in Cl( 8, 8) CPU =        0.526 ms (setup)        0.839 (*)       33.776 (^)       32.502 (&)       21.108 (%) 
Cl( 4, 3) in Cl( 8, 8) CPU =        0.560 ms (setup)        0.847 (*)       46.386 (^)       45.362 (&)       28.591 (%) 
Cl( 4, 4) in Cl( 8, 8) CPU =        0.552 ms (setup)        0.837 (*)       74.091 (^)       58.480 (&)       44.026 (%) 
Cl( 5, 4) in Cl( 8, 8) CPU =        0.819 ms (setup)        0.837 (*)       78.600 (^)       61.386 (&)       46.904 (%) 
Cl( 5, 5) in Cl( 8, 8) CPU =        1.267 ms (setup)        0.837 (*)       78.374 (^)       77.892 (&)       49.209 (%) 
Cl( 6, 5) in Cl( 8, 8) CPU =        2.498 ms (setup)        0.838 (*)      122.207 (^)      104.878 (&)       78.550 (%) 
Cl( 6, 6) in Cl( 8, 8) CPU =        4.717 ms (setup)        0.838 (*)      119.584 (^)      129.933 (&)       86.118 (%) 
Cl( 7, 6) in Cl( 8, 8) CPU =       10.722 ms (setup)        0.838 (*)      214.997 (^)      204.351 (&)      163.132 (%) 
Cl( 7, 7) in Cl( 8, 8) CPU =       20.566 ms (setup)        0.846 (*)      227.591 (^)      259.069 (&)      197.556 (%) 
Cl( 8, 7) in Cl( 8, 8) CPU =       48.645 ms (setup)        0.838 (*)      502.631 (^)      543.118 (&)      472.997 (%) 
Cl( 8, 8) in Cl( 8, 8) CPU =       24.949 ms (setup)        0.840 (*)      648.714 (^)      731.197 (&)      653.944 (%) 
Fill: 1
Cl( 1, 0) in Cl( 1, 0) CPU =        0.001 ms (setup)        0.001 (*)        0.003 (^)        0.002 (&)        0.003 (%) 
Cl( 1, 1) in Cl( 1, 1) CPU =        0.001 ms (setup)        0.000 (*)        0.004 (^)        0.002 (&)        0.004 (%) 
Cl( 2, 1) in Cl( 2, 1) CPU =        0.001 ms (setup)        0.001 (*)        0.011 (^)        0.010 (&)        0.012 (%) 
Cl( 2, 2) in Cl( 2, 2) CPU =        0.003 ms (setup)        0.001 (*)        0.019 (^)        0.015 (&)        0.018 (%) 
Cl( 3, 2) in Cl( 3, 2) CPU =        0.007 ms (setup)        0.001 (*)        0.073 (^)        0.070 (&)        0.072 (%) 
Cl( 3, 3) in Cl( 3, 3) CPU =        0.012 ms (setup)        0.001 (*)        0.113 (^)        0.107 (&)        0.113 (%) 
Cl( 4, 3) in Cl( 4, 3) CPU =        0.035 ms (setup)        0.001 (*)        0.482 (^)        0.488 (&)        0.486 (%) 
Cl( 4, 4) in Cl( 4, 4) CPU =        0.067 ms (setup)        0.001 (*)        0.725 (^)        0.719 (&)        0.725 (%) 
Cl( 5, 4) in Cl( 5, 4) CPU =        0.171 ms (setup)        0.003 (*)        2.780 (^)        2.841 (&)        2.799 (%) 
Cl( 5, 5) in Cl( 5, 5) CPU =        0.341 ms (setup)        0.003 (*)        4.118 (^)        4.180 (&)        4.138 (%) 
Cl( 6, 5) in Cl( 6, 5) CPU =        0.829 ms (setup)        0.016 (*)       15.762 (^)       16.340 (&)       15.808 (%) 
Cl( 6, 6) in Cl( 6, 6) CPU =        1.711 ms (setup)        0.017 (*)       22.096 (^)       22.849 (&)       22.208 (%) 
Cl( 7, 6) in Cl( 7, 6) CPU =        4.255 ms (setup)        0.105 (*)       88.027 (^)       94.380 (&)       88.284 (%) 
Cl( 7, 7) in Cl( 7, 7) CPU =        8.585 ms (setup)        0.105 (*)      119.919 (^)      126.933 (&)      120.695 (%) 
Cl( 8, 7) in Cl( 8, 7) CPU =       21.763 ms (setup)        0.838 (*)      518.282 (^)      871.488 (&)      520.479 (%) 
Cl( 8, 8) in Cl( 8, 8) CPU =       44.171 ms (setup)        0.837 (*)      687.947 (^)      768.726 (&)      692.869 (%) 
Cl( 1, 0) in Cl( 8, 8) CPU =        0.013 ms (setup)        0.848 (*)        5.339 (^)        2.398 (&)        4.349 (%) 
Cl( 1, 1) in Cl( 8, 8) CPU =        0.021 ms (setup)        0.847 (*)        9.654 (^)        4.963 (&)        7.077 (%) 
Cl( 2, 1) in Cl( 8, 8) CPU =        0.046 ms (setup)        0.850 (*)       15.959 (^)        9.497 (&)       10.631 (%) 
Cl( 2, 2) in Cl( 8, 8) CPU =        0.506 ms (setup)        0.839 (*)       23.585 (^)       15.319 (&)       15.049 (%) 
Cl( 3, 2) in Cl( 8, 8) CPU =        0.517 ms (setup)        0.840 (*)       33.392 (^)       23.378 (&)       20.504 (%) 
Cl( 3, 3) in Cl( 8, 8) CPU =        0.493 ms (setup)        0.838 (*)       45.351 (^)       33.440 (&)       27.626 (%) 
Cl( 4, 3) in Cl( 8, 8) CPU =        0.506 ms (setup)        0.840 (*)       60.135 (^)       46.299 (&)       36.211 (%) 
Cl( 4, 4) in Cl( 8, 8) CPU =        0.624 ms (setup)        0.838 (*)       75.147 (^)       59.302 (&)       44.763 (%) 
Cl( 5, 4) in Cl( 8, 8) CPU =        1.000 ms (setup)        0.839 (*)       92.518 (^)       76.562 (&)       56.069 (%) 
Cl( 5, 5) in Cl( 8, 8) CPU =        1.578 ms (setup)        0.838 (*)      106.806 (^)       94.299 (&)       67.978 (%) 
Cl( 6, 5) in Cl( 8, 8) CPU =        3.474 ms (setup)        0.838 (*)      134.229 (^)      124.471 (&)       90.451 (%) 
Cl( 6, 6) in Cl( 8, 8) CPU =        6.285 ms (setup)        0.837 (*)      150.286 (^)      151.631 (&)      110.172 (%) 
Cl( 7, 6) in Cl( 8, 8) CPU =       14.938 ms (setup)        0.839 (*)      228.112 (^)      231.350 (&)      180.605 (%) 
Cl( 7, 7) in Cl( 8, 8) CPU =       28.821 ms (setup)        0.839 (*)      264.921 (^)      289.786 (&)      231.240 (%) 
Cl( 8, 7) in Cl( 8, 8) CPU =       69.970 ms (setup)        0.840 (*)      556.181 (^)      588.329 (&)      520.347 (%) 
Cl( 8, 8) in Cl( 8, 8) CPU =       44.049 ms (setup)        0.838 (*)      688.042 (^)      767.716 (&)      691.104 (%) 
