expressions/expressions
	linux-vdso.so.1 (0x0000ffffbb09c000)
	libarmadillo.so.12 => /lib64/libarmadillo.so.12 (0x0000ffffbb030000)
	libopenblas.so.0 => /lib64/libopenblas.so.0 (0x0000ffffb9cc0000)
	libstdc++.so.6 => /lib64/libstdc++.so.6 (0x0000ffffb9a10000)
	libm.so.6 => /lib64/libm.so.6 (0x0000ffffb9940000)
	libgcc_s.so.1 => /lib64/libgcc_s.so.1 (0x0000ffffb9900000)
	libc.so.6 => /lib64/libc.so.6 (0x0000ffffb9730000)
	libflexiblas.so.3 => /lib64/libflexiblas.so.3 (0x0000ffffb9160000)
	libarpack.so.2 => /lib64/libarpack.so.2 (0x0000ffffb9100000)
	libgfortran.so.5 => /lib64/libgfortran.so.5 (0x0000ffffb8f30000)
	/lib/ld-linux-aarch64.so.1 (0x0000ffffbb0a0000)
gfft_test/gfft_test
	linux-vdso.so.1 (0x0000fffef2c7c000)
	libarmadillo.so.12 => /lib64/libarmadillo.so.12 (0x0000fffef2c10000)
	libopenblas.so.0 => /lib64/libopenblas.so.0 (0x0000fffef18a0000)
	libstdc++.so.6 => /lib64/libstdc++.so.6 (0x0000fffef15f0000)
	libm.so.6 => /lib64/libm.so.6 (0x0000fffef1520000)
	libgcc_s.so.1 => /lib64/libgcc_s.so.1 (0x0000fffef14e0000)
	libc.so.6 => /lib64/libc.so.6 (0x0000fffef1310000)
	libflexiblas.so.3 => /lib64/libflexiblas.so.3 (0x0000fffef0d40000)
	libarpack.so.2 => /lib64/libarpack.so.2 (0x0000fffef0ce0000)
	libgfortran.so.5 => /lib64/libgfortran.so.5 (0x0000fffef0b10000)
	/lib/ld-linux-aarch64.so.1 (0x0000fffef2c80000)
products/products
	linux-vdso.so.1 (0x0000ffff5be4c000)
	libarmadillo.so.12 => /lib64/libarmadillo.so.12 (0x0000ffff5bde0000)
	libopenblas.so.0 => /lib64/libopenblas.so.0 (0x0000ffff5aa70000)
	libstdc++.so.6 => /lib64/libstdc++.so.6 (0x0000ffff5a7c0000)
	libm.so.6 => /lib64/libm.so.6 (0x0000ffff5a6f0000)
	libgcc_s.so.1 => /lib64/libgcc_s.so.1 (0x0000ffff5a6b0000)
	libc.so.6 => /lib64/libc.so.6 (0x0000ffff5a4e0000)
	libflexiblas.so.3 => /lib64/libflexiblas.so.3 (0x0000ffff59f10000)
	libarpack.so.2 => /lib64/libarpack.so.2 (0x0000ffff59eb0000)
	libgfortran.so.5 => /lib64/libgfortran.so.5 (0x0000ffff59ce0000)
	/lib/ld-linux-aarch64.so.1 (0x0000ffff5be50000)
squaring/squaring
	linux-vdso.so.1 (0x0000ffff1cb2c000)
	libarmadillo.so.12 => /lib64/libarmadillo.so.12 (0x0000ffff1cac0000)
	libopenblas.so.0 => /lib64/libopenblas.so.0 (0x0000ffff1b750000)
	libstdc++.so.6 => /lib64/libstdc++.so.6 (0x0000ffff1b4a0000)
	libm.so.6 => /lib64/libm.so.6 (0x0000ffff1b3d0000)
	libgcc_s.so.1 => /lib64/libgcc_s.so.1 (0x0000ffff1b390000)
	libc.so.6 => /lib64/libc.so.6 (0x0000ffff1b1c0000)
	libflexiblas.so.3 => /lib64/libflexiblas.so.3 (0x0000ffff1abf0000)
	libarpack.so.2 => /lib64/libarpack.so.2 (0x0000ffff1ab90000)
	libgfortran.so.5 => /lib64/libgfortran.so.5 (0x0000ffff1a9c0000)
	/lib/ld-linux-aarch64.so.1 (0x0000ffff1cb30000)
transforms/transforms
	linux-vdso.so.1 (0x0000ffff0c60c000)
	libarmadillo.so.12 => /lib64/libarmadillo.so.12 (0x0000ffff0c5a0000)
	libopenblas.so.0 => /lib64/libopenblas.so.0 (0x0000ffff0b230000)
	libstdc++.so.6 => /lib64/libstdc++.so.6 (0x0000ffff0af80000)
	libm.so.6 => /lib64/libm.so.6 (0x0000ffff0aeb0000)
	libgcc_s.so.1 => /lib64/libgcc_s.so.1 (0x0000ffff0ae70000)
	libc.so.6 => /lib64/libc.so.6 (0x0000ffff0aca0000)
	libflexiblas.so.3 => /lib64/libflexiblas.so.3 (0x0000ffff0a6d0000)
	libarpack.so.2 => /lib64/libarpack.so.2 (0x0000ffff0a670000)
	libgfortran.so.5 => /lib64/libgfortran.so.5 (0x0000ffff0a4a0000)
	/lib/ld-linux-aarch64.so.1 (0x0000ffff0c610000)
versor/versor
	linux-vdso.so.1 (0x0000ffff5b57c000)
	libarmadillo.so.12 => /lib64/libarmadillo.so.12 (0x0000ffff5b510000)
	libopenblas.so.0 => /lib64/libopenblas.so.0 (0x0000ffff5a1a0000)
	libstdc++.so.6 => /lib64/libstdc++.so.6 (0x0000ffff59ef0000)
	libm.so.6 => /lib64/libm.so.6 (0x0000ffff59e20000)
	libgcc_s.so.1 => /lib64/libgcc_s.so.1 (0x0000ffff59de0000)
	libc.so.6 => /lib64/libc.so.6 (0x0000ffff59c10000)
	libflexiblas.so.3 => /lib64/libflexiblas.so.3 (0x0000ffff59640000)
	libarpack.so.2 => /lib64/libarpack.so.2 (0x0000ffff595e0000)
	libgfortran.so.5 => /lib64/libgfortran.so.5 (0x0000ffff59410000)
	/lib/ld-linux-aarch64.so.1 (0x0000ffff5b580000)
