
framed_multi<float,-4,4>
Clifford algebra products test:
Fill: 0.5
Cl( 1, 0) in Cl( 1, 0) CPU =        0.001 ms (setup)        0.001 (*)        0.007 (^)        0.001 (&)        0.000 (%) 
Cl( 1, 1) in Cl( 1, 1) CPU =        0.000 ms (setup)        0.000 (*)        0.001 (^)        0.000 (&)        0.001 (%) 
Cl( 2, 1) in Cl( 2, 1) CPU =        0.001 ms (setup)        0.000 (*)        0.001 (^)        0.000 (&)        0.000 (%) 
Cl( 2, 2) in Cl( 2, 2) CPU =        0.001 ms (setup)        0.002 (*)        0.002 (^)        0.001 (&)        0.001 (%) 
Cl( 3, 2) in Cl( 3, 2) CPU =        0.002 ms (setup)        0.004 (*)        0.003 (^)        0.002 (&)        0.002 (%) 
Cl( 3, 3) in Cl( 3, 3) CPU =        0.003 ms (setup)        0.009 (*)        0.007 (^)        0.004 (&)        0.003 (%) 
Cl( 4, 3) in Cl( 4, 3) CPU =        0.007 ms (setup)        0.022 (*)        0.019 (^)        0.009 (&)        0.007 (%) 
Cl( 4, 4) in Cl( 4, 4) CPU =        0.013 ms (setup)        0.164 (*)        0.053 (^)        0.033 (&)        0.017 (%) 
Cl( 1, 0) in Cl( 4, 4) CPU =        0.000 ms (setup)        0.000 (*)        0.000 (^)        0.001 (&)        0.000 (%) 
Cl( 1, 1) in Cl( 4, 4) CPU =        0.001 ms (setup)        0.001 (*)        0.001 (^)        0.000 (&)        0.001 (%) 
Cl( 2, 1) in Cl( 4, 4) CPU =        0.001 ms (setup)        0.001 (*)        0.001 (^)        0.001 (&)        0.001 (%) 
Cl( 2, 2) in Cl( 4, 4) CPU =        0.001 ms (setup)        0.002 (*)        0.001 (^)        0.001 (&)        0.001 (%) 
Cl( 3, 2) in Cl( 4, 4) CPU =        0.002 ms (setup)        0.003 (*)        0.003 (^)        0.002 (&)        0.002 (%) 
Cl( 3, 3) in Cl( 4, 4) CPU =        0.004 ms (setup)        0.009 (*)        0.007 (^)        0.004 (&)        0.004 (%) 
Cl( 4, 3) in Cl( 4, 4) CPU =        0.007 ms (setup)        0.022 (*)        0.017 (^)        0.009 (&)        0.007 (%) 
Cl( 4, 4) in Cl( 4, 4) CPU =        0.013 ms (setup)        0.165 (*)        0.048 (^)        0.031 (&)        0.019 (%) 
Fill: 1
Cl( 1, 0) in Cl( 1, 0) CPU =        0.001 ms (setup)        0.001 (*)        0.002 (^)        0.001 (&)        0.000 (%) 
Cl( 1, 1) in Cl( 1, 1) CPU =        0.001 ms (setup)        0.001 (*)        0.001 (^)        0.001 (&)        0.000 (%) 
Cl( 2, 1) in Cl( 2, 1) CPU =        0.001 ms (setup)        0.001 (*)        0.001 (^)        0.001 (&)        0.001 (%) 
Cl( 2, 2) in Cl( 2, 2) CPU =        0.001 ms (setup)        0.002 (*)        0.002 (^)        0.001 (&)        0.001 (%) 
Cl( 3, 2) in Cl( 3, 2) CPU =        0.002 ms (setup)        0.005 (*)        0.003 (^)        0.002 (&)        0.002 (%) 
Cl( 3, 3) in Cl( 3, 3) CPU =        0.005 ms (setup)        0.015 (*)        0.006 (^)        0.005 (&)        0.004 (%) 
Cl( 4, 3) in Cl( 4, 3) CPU =        0.009 ms (setup)        0.049 (*)        0.014 (^)        0.014 (&)        0.011 (%) 
Cl( 4, 4) in Cl( 4, 4) CPU =        0.019 ms (setup)        0.204 (*)        0.036 (^)        0.038 (&)        0.026 (%) 
Cl( 1, 0) in Cl( 4, 4) CPU =        0.001 ms (setup)        0.001 (*)        0.001 (^)        0.000 (&)        0.001 (%) 
Cl( 1, 1) in Cl( 4, 4) CPU =        0.000 ms (setup)        0.001 (*)        0.001 (^)        0.001 (&)        0.001 (%) 
Cl( 2, 1) in Cl( 4, 4) CPU =        0.001 ms (setup)        0.002 (*)        0.001 (^)        0.001 (&)        0.001 (%) 
Cl( 2, 2) in Cl( 4, 4) CPU =        0.001 ms (setup)        0.002 (*)        0.002 (^)        0.001 (&)        0.001 (%) 
Cl( 3, 2) in Cl( 4, 4) CPU =        0.002 ms (setup)        0.005 (*)        0.003 (^)        0.003 (&)        0.002 (%) 
Cl( 3, 3) in Cl( 4, 4) CPU =        0.005 ms (setup)        0.015 (*)        0.005 (^)        0.005 (&)        0.005 (%) 
Cl( 4, 3) in Cl( 4, 4) CPU =        0.009 ms (setup)        0.048 (*)        0.013 (^)        0.014 (&)        0.010 (%) 
Cl( 4, 4) in Cl( 4, 4) CPU =        0.021 ms (setup)        0.198 (*)        0.036 (^)        0.037 (&)        0.026 (%) 

matrix_multi<float,-4,4>
Clifford algebra products test:
Fill: 0.5
Cl( 1, 0) in Cl( 1, 0) CPU =        0.007 ms (setup)        0.001 (*)        0.000 (^)        0.000 (&)        0.001 (%) 
Cl( 1, 1) in Cl( 1, 1) CPU =        0.002 ms (setup)        0.001 (*)        0.002 (^)        0.001 (&)        0.001 (%) 
Cl( 2, 1) in Cl( 2, 1) CPU =        0.003 ms (setup)        0.000 (*)        0.007 (^)        0.005 (&)        0.007 (%) 
Cl( 2, 2) in Cl( 2, 2) CPU =        0.004 ms (setup)        0.000 (*)        0.015 (^)        0.014 (&)        0.017 (%) 
Cl( 3, 2) in Cl( 3, 2) CPU =        0.008 ms (setup)        0.001 (*)        0.038 (^)        0.036 (&)        0.036 (%) 
Cl( 3, 3) in Cl( 3, 3) CPU =        0.011 ms (setup)        0.001 (*)        0.095 (^)        0.088 (&)        0.099 (%) 
Cl( 4, 3) in Cl( 4, 3) CPU =        0.025 ms (setup)        0.001 (*)        0.412 (^)        0.376 (&)        0.393 (%) 
Cl( 4, 4) in Cl( 4, 4) CPU =        0.049 ms (setup)        0.001 (*)        0.670 (^)        0.669 (&)        0.687 (%) 
Cl( 1, 0) in Cl( 4, 4) CPU =        0.002 ms (setup)        0.001 (*)        0.014 (^)        0.013 (&)        0.013 (%) 
Cl( 1, 1) in Cl( 4, 4) CPU =        0.003 ms (setup)        0.001 (*)        0.019 (^)        0.018 (&)        0.020 (%) 
Cl( 2, 1) in Cl( 4, 4) CPU =        0.007 ms (setup)        0.001 (*)        0.030 (^)        0.018 (&)        0.026 (%) 
Cl( 2, 2) in Cl( 4, 4) CPU =        0.007 ms (setup)        0.001 (*)        0.049 (^)        0.040 (&)        0.042 (%) 
Cl( 3, 2) in Cl( 4, 4) CPU =        0.021 ms (setup)        0.001 (*)        0.088 (^)        0.079 (&)        0.071 (%) 
Cl( 3, 3) in Cl( 4, 4) CPU =        0.034 ms (setup)        0.001 (*)        0.143 (^)        0.110 (&)        0.123 (%) 
Cl( 4, 3) in Cl( 4, 4) CPU =        0.089 ms (setup)        0.001 (*)        0.455 (^)        0.395 (&)        0.405 (%) 
Cl( 4, 4) in Cl( 4, 4) CPU =        0.048 ms (setup)        0.001 (*)        0.669 (^)        0.658 (&)        0.679 (%) 
Fill: 1
Cl( 1, 0) in Cl( 1, 0) CPU =        0.001 ms (setup)        0.008 (*)        0.003 (^)        0.002 (&)        0.003 (%) 
Cl( 1, 1) in Cl( 1, 1) CPU =        0.001 ms (setup)        0.000 (*)        0.004 (^)        0.002 (&)        0.004 (%) 
Cl( 2, 1) in Cl( 2, 1) CPU =        0.001 ms (setup)        0.001 (*)        0.011 (^)        0.011 (&)        0.011 (%) 
Cl( 2, 2) in Cl( 2, 2) CPU =        0.003 ms (setup)        0.000 (*)        0.019 (^)        0.016 (&)        0.018 (%) 
Cl( 3, 2) in Cl( 3, 2) CPU =        0.005 ms (setup)        0.001 (*)        0.075 (^)        0.072 (&)        0.072 (%) 
Cl( 3, 3) in Cl( 3, 3) CPU =        0.011 ms (setup)        0.001 (*)        0.114 (^)        0.106 (&)        0.114 (%) 
Cl( 4, 3) in Cl( 4, 3) CPU =        0.033 ms (setup)        0.001 (*)        0.495 (^)        0.504 (&)        0.497 (%) 
Cl( 4, 4) in Cl( 4, 4) CPU =        0.068 ms (setup)        0.001 (*)        0.759 (^)        0.754 (&)        0.762 (%) 
Cl( 1, 0) in Cl( 4, 4) CPU =        0.003 ms (setup)        0.001 (*)        0.024 (^)        0.015 (&)        0.020 (%) 
Cl( 1, 1) in Cl( 4, 4) CPU =        0.003 ms (setup)        0.001 (*)        0.030 (^)        0.018 (&)        0.026 (%) 
Cl( 2, 1) in Cl( 4, 4) CPU =        0.004 ms (setup)        0.001 (*)        0.047 (^)        0.032 (&)        0.036 (%) 
Cl( 2, 2) in Cl( 4, 4) CPU =        0.009 ms (setup)        0.001 (*)        0.064 (^)        0.043 (&)        0.050 (%) 
Cl( 3, 2) in Cl( 4, 4) CPU =        0.024 ms (setup)        0.001 (*)        0.128 (^)        0.098 (&)        0.098 (%) 
Cl( 3, 3) in Cl( 4, 4) CPU =        0.044 ms (setup)        0.001 (*)        0.191 (^)        0.154 (&)        0.163 (%) 
Cl( 4, 3) in Cl( 4, 4) CPU =        0.115 ms (setup)        0.001 (*)        0.543 (^)        0.505 (&)        0.503 (%) 
Cl( 4, 4) in Cl( 4, 4) CPU =        0.067 ms (setup)        0.001 (*)        0.764 (^)        0.754 (&)        0.765 (%) 

framed_multi<double>
Clifford algebra products test:
Fill: 0.5
Cl( 1, 0) in Cl( 1, 0) CPU =        0.001 ms (setup)        0.001 (*)        0.001 (^)        0.001 (&)        0.001 (%) 
Cl( 1, 1) in Cl( 1, 1) CPU =        0.001 ms (setup)        0.000 (*)        0.000 (^)        0.000 (&)        0.001 (%) 
Cl( 2, 1) in Cl( 2, 1) CPU =        0.001 ms (setup)        0.002 (*)        0.001 (^)        0.001 (&)        0.001 (%) 
Cl( 2, 2) in Cl( 2, 2) CPU =        0.001 ms (setup)        0.002 (*)        0.002 (^)        0.001 (&)        0.002 (%) 
Cl( 3, 2) in Cl( 3, 2) CPU =        0.002 ms (setup)        0.004 (*)        0.003 (^)        0.003 (&)        0.003 (%) 
Cl( 3, 3) in Cl( 3, 3) CPU =        0.003 ms (setup)        0.010 (*)        0.006 (^)        0.005 (&)        0.006 (%) 
Cl( 4, 3) in Cl( 4, 3) CPU =        0.007 ms (setup)        0.028 (*)        0.015 (^)        0.013 (&)        0.015 (%) 
Cl( 4, 4) in Cl( 4, 4) CPU =        0.014 ms (setup)        0.155 (*)        0.050 (^)        0.037 (&)        0.035 (%) 
Cl( 5, 4) in Cl( 5, 4) CPU =        0.029 ms (setup)        0.574 (*)        0.153 (^)        0.118 (&)        0.101 (%) 
Cl( 5, 5) in Cl( 5, 5) CPU =        0.054 ms (setup)        0.779 (*)        0.450 (^)        0.307 (&)        0.226 (%) 
Cl( 6, 5) in Cl( 6, 5) CPU =        0.114 ms (setup)        2.933 (*)        1.286 (^)        0.912 (&)        0.627 (%) 
Cl( 6, 6) in Cl( 6, 6) CPU =        0.229 ms (setup)        4.009 (*)        3.665 (^)        2.748 (&)        1.615 (%) 
Cl( 7, 6) in Cl( 7, 6) CPU =        0.465 ms (setup)       14.329 (*)       11.018 (^)        8.329 (&)        4.916 (%) 
Cl( 7, 7) in Cl( 7, 7) CPU =        0.951 ms (setup)       19.611 (*)       32.221 (^)       24.172 (&)       13.433 (%) 
Cl( 8, 7) in Cl( 8, 7) CPU =        1.944 ms (setup)       71.740 (*)       95.637 (^)       70.442 (&)       38.842 (%) 
Cl( 8, 8) in Cl( 8, 8) CPU =        3.926 ms (setup)       98.922 (*)      283.620 (^)      211.121 (&)      114.031 (%) 
Cl( 1, 0) in Cl( 8, 8) CPU =        0.001 ms (setup)        0.000 (*)        0.000 (^)        0.001 (&)        0.001 (%) 
Cl( 1, 1) in Cl( 8, 8) CPU =        0.001 ms (setup)        0.001 (*)        0.001 (^)        0.001 (&)        0.001 (%) 
Cl( 2, 1) in Cl( 8, 8) CPU =        0.001 ms (setup)        0.001 (*)        0.001 (^)        0.001 (&)        0.001 (%) 
Cl( 2, 2) in Cl( 8, 8) CPU =        0.001 ms (setup)        0.002 (*)        0.001 (^)        0.001 (&)        0.002 (%) 
Cl( 3, 2) in Cl( 8, 8) CPU =        0.002 ms (setup)        0.004 (*)        0.002 (^)        0.002 (&)        0.003 (%) 
Cl( 3, 3) in Cl( 8, 8) CPU =        0.004 ms (setup)        0.009 (*)        0.005 (^)        0.005 (&)        0.005 (%) 
Cl( 4, 3) in Cl( 8, 8) CPU =        0.007 ms (setup)        0.023 (*)        0.013 (^)        0.011 (&)        0.013 (%) 
Cl( 4, 4) in Cl( 8, 8) CPU =        0.013 ms (setup)        0.156 (*)        0.052 (^)        0.039 (&)        0.037 (%) 
Cl( 5, 4) in Cl( 8, 8) CPU =        0.027 ms (setup)        0.570 (*)        0.157 (^)        0.116 (&)        0.097 (%) 
Cl( 5, 5) in Cl( 8, 8) CPU =        0.056 ms (setup)        0.768 (*)        0.433 (^)        0.330 (&)        0.222 (%) 
Cl( 6, 5) in Cl( 8, 8) CPU =        0.113 ms (setup)        2.910 (*)        1.270 (^)        0.914 (&)        0.598 (%) 
Cl( 6, 6) in Cl( 8, 8) CPU =        0.226 ms (setup)        3.948 (*)        3.671 (^)        2.640 (&)        1.595 (%) 
Cl( 7, 6) in Cl( 8, 8) CPU =        0.468 ms (setup)       14.177 (*)       10.800 (^)        8.030 (&)        4.596 (%) 
Cl( 7, 7) in Cl( 8, 8) CPU =        0.952 ms (setup)       19.420 (*)       32.200 (^)       23.944 (&)       13.351 (%) 
Cl( 8, 7) in Cl( 8, 8) CPU =        1.937 ms (setup)       71.570 (*)       95.599 (^)       70.425 (&)       38.908 (%) 
Cl( 8, 8) in Cl( 8, 8) CPU =        3.931 ms (setup)       99.208 (*)      283.869 (^)      212.706 (&)      114.710 (%) 
Fill: 1
Cl( 1, 0) in Cl( 1, 0) CPU =        0.001 ms (setup)        0.001 (*)        0.001 (^)        0.001 (&)        0.001 (%) 
Cl( 1, 1) in Cl( 1, 1) CPU =        0.000 ms (setup)        0.001 (*)        0.000 (^)        0.001 (&)        0.001 (%) 
Cl( 2, 1) in Cl( 2, 1) CPU =        0.001 ms (setup)        0.002 (*)        0.001 (^)        0.001 (&)        0.001 (%) 
Cl( 2, 2) in Cl( 2, 2) CPU =        0.001 ms (setup)        0.003 (*)        0.001 (^)        0.002 (&)        0.002 (%) 
Cl( 3, 2) in Cl( 3, 2) CPU =        0.003 ms (setup)        0.007 (*)        0.003 (^)        0.003 (&)        0.004 (%) 
Cl( 3, 3) in Cl( 3, 3) CPU =        0.005 ms (setup)        0.019 (*)        0.007 (^)        0.007 (&)        0.007 (%) 
Cl( 4, 3) in Cl( 4, 3) CPU =        0.009 ms (setup)        0.061 (*)        0.018 (^)        0.019 (&)        0.018 (%) 
Cl( 4, 4) in Cl( 4, 4) CPU =        0.021 ms (setup)        0.191 (*)        0.048 (^)        0.054 (&)        0.044 (%) 
Cl( 5, 4) in Cl( 5, 4) CPU =        0.040 ms (setup)        0.683 (*)        0.133 (^)        0.148 (&)        0.108 (%) 
Cl( 5, 5) in Cl( 5, 5) CPU =        0.082 ms (setup)        0.991 (*)        0.339 (^)        0.381 (&)        0.270 (%) 
Cl( 6, 5) in Cl( 6, 5) CPU =        0.162 ms (setup)        3.545 (*)        0.905 (^)        1.044 (&)        0.684 (%) 
Cl( 6, 6) in Cl( 6, 6) CPU =        0.328 ms (setup)        5.254 (*)        2.470 (^)        2.885 (&)        1.790 (%) 
Cl( 7, 6) in Cl( 7, 6) CPU =        0.679 ms (setup)       17.657 (*)        6.970 (^)        8.392 (&)        4.900 (%) 
Cl( 7, 7) in Cl( 7, 7) CPU =        1.424 ms (setup)       26.791 (*)       19.922 (^)       24.648 (&)       13.779 (%) 
Cl( 8, 7) in Cl( 8, 7) CPU =        2.803 ms (setup)       91.544 (*)       57.694 (^)       72.876 (&)       39.498 (%) 
Cl( 8, 8) in Cl( 8, 8) CPU =        5.804 ms (setup)      142.424 (*)      168.931 (^)      215.891 (&)      114.087 (%) 
Cl( 1, 0) in Cl( 8, 8) CPU =        0.001 ms (setup)        0.001 (*)        0.001 (^)        0.001 (&)        0.001 (%) 
Cl( 1, 1) in Cl( 8, 8) CPU =        0.001 ms (setup)        0.001 (*)        0.001 (^)        0.001 (&)        0.001 (%) 
Cl( 2, 1) in Cl( 8, 8) CPU =        0.001 ms (setup)        0.002 (*)        0.001 (^)        0.001 (&)        0.002 (%) 
Cl( 2, 2) in Cl( 8, 8) CPU =        0.002 ms (setup)        0.003 (*)        0.001 (^)        0.002 (&)        0.002 (%) 
Cl( 3, 2) in Cl( 8, 8) CPU =        0.003 ms (setup)        0.007 (*)        0.003 (^)        0.003 (&)        0.004 (%) 
Cl( 3, 3) in Cl( 8, 8) CPU =        0.005 ms (setup)        0.019 (*)        0.007 (^)        0.008 (&)        0.008 (%) 
Cl( 4, 3) in Cl( 8, 8) CPU =        0.009 ms (setup)        0.061 (*)        0.017 (^)        0.019 (&)        0.018 (%) 
Cl( 4, 4) in Cl( 8, 8) CPU =        0.021 ms (setup)        0.195 (*)        0.047 (^)        0.053 (&)        0.045 (%) 
Cl( 5, 4) in Cl( 8, 8) CPU =        0.040 ms (setup)        0.681 (*)        0.131 (^)        0.148 (&)        0.108 (%) 
Cl( 5, 5) in Cl( 8, 8) CPU =        0.081 ms (setup)        0.990 (*)        0.340 (^)        0.382 (&)        0.269 (%) 
Cl( 6, 5) in Cl( 8, 8) CPU =        0.161 ms (setup)        3.550 (*)        0.905 (^)        1.042 (&)        0.685 (%) 
Cl( 6, 6) in Cl( 8, 8) CPU =        0.328 ms (setup)        5.257 (*)        2.471 (^)        2.889 (&)        1.790 (%) 
Cl( 7, 6) in Cl( 8, 8) CPU =        0.680 ms (setup)       17.685 (*)        6.973 (^)        8.386 (&)        4.911 (%) 
Cl( 7, 7) in Cl( 8, 8) CPU =        1.424 ms (setup)       26.777 (*)       19.936 (^)       24.643 (&)       13.779 (%) 
Cl( 8, 7) in Cl( 8, 8) CPU =        2.795 ms (setup)       91.624 (*)       57.710 (^)       72.860 (&)       39.479 (%) 
Cl( 8, 8) in Cl( 8, 8) CPU =        5.776 ms (setup)      142.382 (*)      168.958 (^)      215.900 (&)      114.111 (%) 

matrix_multi<double>
Clifford algebra products test:
Fill: 0.5
Cl( 1, 0) in Cl( 1, 0) CPU =        0.002 ms (setup)        0.001 (*)        0.002 (^)        0.001 (&)        0.002 (%) 
Cl( 1, 1) in Cl( 1, 1) CPU =        0.003 ms (setup)        0.000 (*)        0.004 (^)        0.002 (&)        0.004 (%) 
Cl( 2, 1) in Cl( 2, 1) CPU =        0.003 ms (setup)        0.001 (*)        0.011 (^)        0.009 (&)        0.011 (%) 
Cl( 2, 2) in Cl( 2, 2) CPU =        0.005 ms (setup)        0.001 (*)        0.017 (^)        0.014 (&)        0.016 (%) 
Cl( 3, 2) in Cl( 3, 2) CPU =        0.008 ms (setup)        0.001 (*)        0.057 (^)        0.050 (&)        0.052 (%) 
Cl( 3, 3) in Cl( 3, 3) CPU =        0.011 ms (setup)        0.001 (*)        0.088 (^)        0.088 (&)        0.090 (%) 
Cl( 4, 3) in Cl( 4, 3) CPU =        0.026 ms (setup)        0.001 (*)        0.357 (^)        0.395 (&)        0.401 (%) 
Cl( 4, 4) in Cl( 4, 4) CPU =        0.048 ms (setup)        0.001 (*)        0.597 (^)        0.602 (&)        0.595 (%) 
Cl( 5, 4) in Cl( 5, 4) CPU =        0.119 ms (setup)        0.003 (*)        2.505 (^)        2.681 (&)        2.601 (%) 
Cl( 5, 5) in Cl( 5, 5) CPU =        0.226 ms (setup)        0.003 (*)        3.791 (^)        3.814 (&)        3.799 (%) 
Cl( 6, 5) in Cl( 6, 5) CPU =        0.549 ms (setup)        0.015 (*)       14.218 (^)       15.062 (&)       14.529 (%) 
Cl( 6, 6) in Cl( 6, 6) CPU =        1.091 ms (setup)        0.016 (*)       20.897 (^)       21.709 (&)       21.073 (%) 
Cl( 7, 6) in Cl( 7, 6) CPU =        2.592 ms (setup)        0.105 (*)       80.871 (^)       87.543 (&)       81.563 (%) 
Cl( 7, 7) in Cl( 7, 7) CPU =        5.181 ms (setup)        0.105 (*)      113.056 (^)      117.800 (&)      112.519 (%) 
Cl( 8, 7) in Cl( 8, 7) CPU =       12.485 ms (setup)        0.837 (*)      497.954 (^)      569.323 (&)      500.719 (%) 
Cl( 8, 8) in Cl( 8, 8) CPU =       25.139 ms (setup)        0.837 (*)      650.246 (^)      731.616 (&)      655.933 (%) 
Cl( 1, 0) in Cl( 8, 8) CPU =        0.011 ms (setup)        0.859 (*)        2.365 (^)        1.174 (&)        2.361 (%) 
Cl( 1, 1) in Cl( 8, 8) CPU =        0.013 ms (setup)        0.862 (*)        2.365 (^)        1.183 (&)        2.371 (%) 
Cl( 2, 1) in Cl( 8, 8) CPU =        0.026 ms (setup)        0.862 (*)       15.945 (^)        9.482 (&)       10.616 (%) 
Cl( 2, 2) in Cl( 8, 8) CPU =        0.073 ms (setup)        0.863 (*)       15.856 (^)       15.262 (&)       10.682 (%) 
Cl( 3, 2) in Cl( 8, 8) CPU =        0.249 ms (setup)        0.846 (*)       16.399 (^)        9.750 (&)       10.946 (%) 
Cl( 3, 3) in Cl( 8, 8) CPU =        0.395 ms (setup)        0.837 (*)       44.214 (^)       32.345 (&)       26.924 (%) 
Cl( 4, 3) in Cl( 8, 8) CPU =        0.512 ms (setup)        0.837 (*)       46.459 (^)       34.120 (&)       28.454 (%) 
Cl( 4, 4) in Cl( 8, 8) CPU =        0.598 ms (setup)        0.837 (*)       74.668 (^)       58.916 (&)       44.348 (%) 
Cl( 5, 4) in Cl( 8, 8) CPU =        0.811 ms (setup)        0.838 (*)       75.857 (^)       75.804 (&)       47.129 (%) 
Cl( 5, 5) in Cl( 8, 8) CPU =        1.246 ms (setup)        0.838 (*)       87.914 (^)       93.005 (&)       57.434 (%) 
Cl( 6, 5) in Cl( 8, 8) CPU =        2.642 ms (setup)        0.846 (*)      131.576 (^)      121.788 (&)       87.971 (%) 
Cl( 6, 6) in Cl( 8, 8) CPU =        4.759 ms (setup)        0.837 (*)      147.368 (^)      148.829 (&)      107.344 (%) 
Cl( 7, 6) in Cl( 8, 8) CPU =       10.841 ms (setup)        0.848 (*)      199.285 (^)      225.113 (&)      163.275 (%) 
Cl( 7, 7) in Cl( 8, 8) CPU =       20.730 ms (setup)        0.838 (*)      227.834 (^)      258.861 (&)      197.341 (%) 
Cl( 8, 7) in Cl( 8, 8) CPU =       48.464 ms (setup)        0.837 (*)      508.540 (^)      544.698 (&)      475.135 (%) 
Cl( 8, 8) in Cl( 8, 8) CPU =       25.069 ms (setup)        0.838 (*)      622.991 (^)      706.698 (&)      627.779 (%) 
Fill: 1
Cl( 1, 0) in Cl( 1, 0) CPU =        0.001 ms (setup)        0.001 (*)        0.003 (^)        0.002 (&)        0.003 (%) 
Cl( 1, 1) in Cl( 1, 1) CPU =        0.001 ms (setup)        0.000 (*)        0.004 (^)        0.002 (&)        0.004 (%) 
Cl( 2, 1) in Cl( 2, 1) CPU =        0.001 ms (setup)        0.001 (*)        0.012 (^)        0.011 (&)        0.011 (%) 
Cl( 2, 2) in Cl( 2, 2) CPU =        0.003 ms (setup)        0.001 (*)        0.019 (^)        0.015 (&)        0.019 (%) 
Cl( 3, 2) in Cl( 3, 2) CPU =        0.007 ms (setup)        0.001 (*)        0.072 (^)        0.069 (&)        0.070 (%) 
Cl( 3, 3) in Cl( 3, 3) CPU =        0.012 ms (setup)        0.001 (*)        0.115 (^)        0.106 (&)        0.114 (%) 
Cl( 4, 3) in Cl( 4, 3) CPU =        0.034 ms (setup)        0.001 (*)        0.490 (^)        0.487 (&)        0.488 (%) 
Cl( 4, 4) in Cl( 4, 4) CPU =        0.068 ms (setup)        0.002 (*)        0.727 (^)        0.723 (&)        0.730 (%) 
Cl( 5, 4) in Cl( 5, 4) CPU =        0.170 ms (setup)        0.004 (*)        2.812 (^)        2.880 (&)        2.832 (%) 
Cl( 5, 5) in Cl( 5, 5) CPU =        0.343 ms (setup)        0.003 (*)        4.136 (^)        4.201 (&)        4.171 (%) 
Cl( 6, 5) in Cl( 6, 5) CPU =        0.838 ms (setup)        0.016 (*)       15.809 (^)       16.415 (&)       15.864 (%) 
Cl( 6, 6) in Cl( 6, 6) CPU =        1.718 ms (setup)        0.016 (*)       22.209 (^)       22.944 (&)       22.255 (%) 
Cl( 7, 6) in Cl( 7, 6) CPU =        4.264 ms (setup)        0.105 (*)       88.526 (^)       94.728 (&)       88.726 (%) 
Cl( 7, 7) in Cl( 7, 7) CPU =        8.625 ms (setup)        0.105 (*)      120.627 (^)      127.600 (&)      121.097 (%) 
Cl( 8, 7) in Cl( 8, 7) CPU =       21.553 ms (setup)        0.837 (*)      519.682 (^)      590.741 (&)      522.318 (%) 
Cl( 8, 8) in Cl( 8, 8) CPU =       44.524 ms (setup)        0.839 (*)      690.214 (^)      771.573 (&)      694.457 (%) 
Cl( 1, 0) in Cl( 8, 8) CPU =        0.013 ms (setup)        0.853 (*)        5.332 (^)        2.396 (&)        4.343 (%) 
Cl( 1, 1) in Cl( 8, 8) CPU =        0.021 ms (setup)        0.859 (*)        9.647 (^)        4.958 (&)        7.086 (%) 
Cl( 2, 1) in Cl( 8, 8) CPU =        0.044 ms (setup)        0.862 (*)       15.989 (^)        9.501 (&)       10.643 (%) 
Cl( 2, 2) in Cl( 8, 8) CPU =        0.426 ms (setup)        0.840 (*)       23.611 (^)       15.360 (&)       15.066 (%) 
Cl( 3, 2) in Cl( 8, 8) CPU =        0.452 ms (setup)        0.839 (*)       33.467 (^)       23.403 (&)       20.486 (%) 
Cl( 3, 3) in Cl( 8, 8) CPU =        0.477 ms (setup)        0.837 (*)       45.300 (^)       33.406 (&)       27.581 (%) 
Cl( 4, 3) in Cl( 8, 8) CPU =        0.557 ms (setup)        0.838 (*)       60.046 (^)       46.206 (&)       36.139 (%) 
Cl( 4, 4) in Cl( 8, 8) CPU =        0.622 ms (setup)        0.837 (*)       75.068 (^)       59.222 (&)       44.660 (%) 
Cl( 5, 4) in Cl( 8, 8) CPU =        0.996 ms (setup)        0.838 (*)       92.492 (^)       76.559 (&)       56.088 (%) 
Cl( 5, 5) in Cl( 8, 8) CPU =        1.580 ms (setup)        0.838 (*)      106.582 (^)       94.106 (&)       67.657 (%) 
Cl( 6, 5) in Cl( 8, 8) CPU =        3.501 ms (setup)        0.837 (*)      134.309 (^)      124.494 (&)       90.493 (%) 
Cl( 6, 6) in Cl( 8, 8) CPU =        6.402 ms (setup)        0.838 (*)      150.020 (^)      151.338 (&)      109.837 (%) 
Cl( 7, 6) in Cl( 8, 8) CPU =       15.027 ms (setup)        0.846 (*)      228.356 (^)      231.383 (&)      180.703 (%) 
Cl( 7, 7) in Cl( 8, 8) CPU =       28.882 ms (setup)        0.840 (*)      266.260 (^)      290.689 (&)      231.495 (%) 
Cl( 8, 7) in Cl( 8, 8) CPU =       70.329 ms (setup)        0.837 (*)      557.556 (^)      591.704 (&)      522.320 (%) 
Cl( 8, 8) in Cl( 8, 8) CPU =       44.410 ms (setup)        0.838 (*)      691.887 (^)      770.313 (&)      694.163 (%) 
