
framed_multi<double>
Clifford algebra squaring test:
Fill: 0.5
Cl( 1, 0) in Cl( 1, 0) CPU =        0.047 ms (setup)        0.029 (*) 
Cl( 1, 1) in Cl( 1, 1) CPU =        0.001 ms (setup)        0.001 (*) 
Cl( 2, 1) in Cl( 2, 1) CPU =        0.001 ms (setup)        0.003 (*) 
Cl( 2, 2) in Cl( 2, 2) CPU =        0.001 ms (setup)        0.003 (*) 
Cl( 3, 2) in Cl( 3, 2) CPU =        0.002 ms (setup)        0.005 (*) 
Cl( 3, 3) in Cl( 3, 3) CPU =        0.004 ms (setup)        0.014 (*) 
Cl( 4, 3) in Cl( 4, 3) CPU =        0.006 ms (setup)        0.034 (*) 
Cl( 4, 4) in Cl( 4, 4) CPU =        0.013 ms (setup)        0.271 (*) 
Cl( 5, 4) in Cl( 5, 4) CPU =        0.030 ms (setup)        0.629 (*) 
Cl( 5, 5) in Cl( 5, 5) CPU =        0.057 ms (setup)        0.814 (*) 
Cl( 6, 5) in Cl( 6, 5) CPU =        0.117 ms (setup)        2.989 (*) 
Cl( 6, 6) in Cl( 6, 6) CPU =        0.232 ms (setup)        3.980 (*) 
Cl( 7, 6) in Cl( 7, 6) CPU =        0.477 ms (setup)       14.381 (*) 
Cl( 7, 7) in Cl( 7, 7) CPU =        0.957 ms (setup)       19.540 (*) 
Cl( 8, 7) in Cl( 8, 7) CPU =        1.935 ms (setup)       71.795 (*) 
Cl( 8, 8) in Cl( 8, 8) CPU =        3.963 ms (setup)       99.336 (*) 
Cl( 9, 8) in Cl( 9, 8) CPU =        8.217 ms (setup)      267.810 (*) 
Cl( 9, 9) in Cl( 9, 9) CPU =       16.993 ms (setup)      530.965 (*) 
Cl(10, 9) in Cl(10, 9) CPU =       35.275 ms (setup)     2067.305 (*) 
Cl(10,10) in Cl(10,10) CPU =       72.899 ms (setup)     3018.523 (*) 
Cl(11,10) in Cl(11,10) CPU =      150.221 ms (setup)    12370.462 (*) 
Cl(11,11) in Cl(11,11) CPU =      290.431 ms (setup)    18746.009 (*) 
Fill: 1
Cl( 1, 0) in Cl( 1, 0) CPU =        0.017 ms (setup)        0.003 (*) 
Cl( 1, 1) in Cl( 1, 1) CPU =        0.001 ms (setup)        0.002 (*) 
Cl( 2, 1) in Cl( 2, 1) CPU =        0.001 ms (setup)        0.003 (*) 
Cl( 2, 2) in Cl( 2, 2) CPU =        0.001 ms (setup)        0.004 (*) 
Cl( 3, 2) in Cl( 3, 2) CPU =        0.004 ms (setup)        0.008 (*) 
Cl( 3, 3) in Cl( 3, 3) CPU =        0.006 ms (setup)        0.023 (*) 
Cl( 4, 3) in Cl( 4, 3) CPU =        0.010 ms (setup)        0.068 (*) 
Cl( 4, 4) in Cl( 4, 4) CPU =        0.020 ms (setup)        0.236 (*) 
Cl( 5, 4) in Cl( 5, 4) CPU =        0.041 ms (setup)        0.735 (*) 
Cl( 5, 5) in Cl( 5, 5) CPU =        0.086 ms (setup)        1.045 (*) 
Cl( 6, 5) in Cl( 6, 5) CPU =        0.169 ms (setup)        3.552 (*) 
Cl( 6, 6) in Cl( 6, 6) CPU =        0.344 ms (setup)        5.279 (*) 
Cl( 7, 6) in Cl( 7, 6) CPU =        0.699 ms (setup)       17.687 (*) 
Cl( 7, 7) in Cl( 7, 7) CPU =        1.442 ms (setup)       26.862 (*) 
Cl( 8, 7) in Cl( 8, 7) CPU =        2.791 ms (setup)       91.294 (*) 
Cl( 8, 8) in Cl( 8, 8) CPU =        5.837 ms (setup)      141.893 (*) 
Cl( 9, 8) in Cl( 9, 8) CPU =       12.818 ms (setup)      387.693 (*) 
Cl( 9, 9) in Cl( 9, 9) CPU =       26.659 ms (setup)      793.127 (*) 
Cl(10, 9) in Cl(10, 9) CPU =       59.726 ms (setup)     2847.776 (*) 
Cl(10,10) in Cl(10,10) CPU =      123.225 ms (setup)     4780.530 (*) 
Cl(11,10) in Cl(11,10) CPU =      249.372 ms (setup)    17826.670 (*) 
Cl(11,11) in Cl(11,11) CPU =      479.470 ms (setup)    31130.322 (*) 

matrix_multi<double>
Clifford algebra squaring test:
Fill: 0.5
Cl( 1, 0) in Cl( 1, 0) CPU =        0.004 ms (setup)        0.002 (*) 
Cl( 1, 1) in Cl( 1, 1) CPU =        0.037 ms (setup)        0.001 (*) 
Cl( 2, 1) in Cl( 2, 1) CPU =        0.022 ms (setup)        0.001 (*) 
Cl( 2, 2) in Cl( 2, 2) CPU =        0.005 ms (setup)        0.000 (*) 
Cl( 3, 2) in Cl( 3, 2) CPU =        0.018 ms (setup)        0.002 (*) 
Cl( 3, 3) in Cl( 3, 3) CPU =        0.018 ms (setup)        0.001 (*) 
Cl( 4, 3) in Cl( 4, 3) CPU =        0.025 ms (setup)        0.002 (*) 
Cl( 4, 4) in Cl( 4, 4) CPU =        0.050 ms (setup)        0.001 (*) 
Cl( 5, 4) in Cl( 5, 4) CPU =        0.123 ms (setup)        0.004 (*) 
Cl( 5, 5) in Cl( 5, 5) CPU =        0.224 ms (setup)        0.003 (*) 
Cl( 6, 5) in Cl( 6, 5) CPU =        0.550 ms (setup)        0.017 (*) 
Cl( 6, 6) in Cl( 6, 6) CPU =        1.104 ms (setup)        0.017 (*) 
Cl( 7, 6) in Cl( 7, 6) CPU =        2.595 ms (setup)        0.108 (*) 
Cl( 7, 7) in Cl( 7, 7) CPU =        5.189 ms (setup)        0.105 (*) 
Cl( 8, 7) in Cl( 8, 7) CPU =       12.479 ms (setup)        0.755 (*) 
Cl( 8, 8) in Cl( 8, 8) CPU =       24.994 ms (setup)        0.751 (*) 
Cl( 9, 8) in Cl( 9, 8) CPU =       61.996 ms (setup)        5.644 (*) 
Cl( 9, 9) in Cl( 9, 9) CPU =      124.010 ms (setup)        5.724 (*) 
Cl(10, 9) in Cl(10, 9) CPU =      323.371 ms (setup)       43.775 (*) 
Cl(10,10) in Cl(10,10) CPU =      660.605 ms (setup)       43.845 (*) 
Cl(11,10) in Cl(11,10) CPU =     1841.647 ms (setup)      346.632 (*) 
Cl(11,11) in Cl(11,11) CPU =     3793.755 ms (setup)      346.115 (*) 
Fill: 1
Cl( 1, 0) in Cl( 1, 0) CPU =        0.010 ms (setup)        0.002 (*) 
Cl( 1, 1) in Cl( 1, 1) CPU =        0.004 ms (setup)        0.001 (*) 
Cl( 2, 1) in Cl( 2, 1) CPU =        0.004 ms (setup)        0.001 (*) 
Cl( 2, 2) in Cl( 2, 2) CPU =        0.011 ms (setup)        0.001 (*) 
Cl( 3, 2) in Cl( 3, 2) CPU =        1.446 ms (setup)        0.003 (*) 
Cl( 3, 3) in Cl( 3, 3) CPU =        2.653 ms (setup)        0.001 (*) 
Cl( 4, 3) in Cl( 4, 3) CPU =        0.041 ms (setup)        0.001 (*) 
Cl( 4, 4) in Cl( 4, 4) CPU =        0.074 ms (setup)        0.002 (*) 
Cl( 5, 4) in Cl( 5, 4) CPU =        0.183 ms (setup)        0.004 (*) 
Cl( 5, 5) in Cl( 5, 5) CPU =        0.357 ms (setup)        0.003 (*) 
Cl( 6, 5) in Cl( 6, 5) CPU =        0.875 ms (setup)        0.016 (*) 
Cl( 6, 6) in Cl( 6, 6) CPU =        1.745 ms (setup)        0.016 (*) 
Cl( 7, 6) in Cl( 7, 6) CPU =        4.308 ms (setup)        0.106 (*) 
Cl( 7, 7) in Cl( 7, 7) CPU =        8.720 ms (setup)        0.106 (*) 
Cl( 8, 7) in Cl( 8, 7) CPU =       21.862 ms (setup)        0.756 (*) 
Cl( 8, 8) in Cl( 8, 8) CPU =       44.383 ms (setup)        0.753 (*) 
Cl( 9, 8) in Cl( 9, 8) CPU =      116.595 ms (setup)        5.647 (*) 
Cl( 9, 9) in Cl( 9, 9) CPU =      238.474 ms (setup)        5.701 (*) 
Cl(10, 9) in Cl(10, 9) CPU =      663.949 ms (setup)       43.866 (*) 
Cl(10,10) in Cl(10,10) CPU =     1383.311 ms (setup)       43.795 (*) 
Cl(11,10) in Cl(11,10) CPU =     4106.532 ms (setup)      354.553 (*) 
Cl(11,11) in Cl(11,11) CPU =     8620.931 ms (setup)      345.730 (*) 
