
framed_multi<float,-4,4>
Clifford algebra expressions test:
Fill: 0.5
Cl( 1, 0) in Cl( 1, 0) CPU =        0.009 ms (setup)        0.004 (comm)        0.011 (pade)        0.008 (series)        0.002 (mix)        0.004 (add) 
Cl( 1, 1) in Cl( 1, 1) CPU =        0.003 ms (setup)        0.002 (comm)        0.011 (pade)        0.002 (series)        0.001 (mix)        0.004 (add) 
Cl( 2, 1) in Cl( 2, 1) CPU =        0.004 ms (setup)        0.015 (comm)        0.026 (pade)        0.018 (series)        0.005 (mix)        0.007 (add) 
Cl( 2, 2) in Cl( 2, 2) CPU =        0.005 ms (setup)        0.024 (comm)        0.033 (pade)        0.032 (series)        0.009 (mix)        0.005 (add) 
Cl( 3, 2) in Cl( 3, 2) CPU =        0.009 ms (setup)        0.051 (comm)        0.145 (pade)        0.053 (series)        0.018 (mix)        0.009 (add) 
Cl( 3, 3) in Cl( 3, 3) CPU =        0.022 ms (setup)        0.133 (comm)        0.226 (pade)        0.216 (series)        0.081 (mix)        0.014 (add) 
Cl( 4, 3) in Cl( 4, 3) CPU =        0.044 ms (setup)        0.342 (comm)        0.648 (pade)        0.598 (series)        0.108 (mix)        0.029 (add) 
Cl( 4, 4) in Cl( 4, 4) CPU =        0.118 ms (setup)        1.897 (comm)        0.850 (pade)        3.065 (series)        0.263 (mix)        0.063 (add) 
Cl( 1, 0) in Cl( 4, 4) CPU =        0.002 ms (setup)        0.002 (comm)        0.009 (pade)        0.005 (series)        0.001 (mix)        0.002 (add) 
Cl( 1, 1) in Cl( 4, 4) CPU =        0.002 ms (setup)        0.005 (comm)        0.009 (pade)        0.005 (series)        0.002 (mix)        0.003 (add) 
Cl( 2, 1) in Cl( 4, 4) CPU =        0.003 ms (setup)        0.011 (comm)        0.022 (pade)        0.015 (series)        0.004 (mix)        0.004 (add) 
Cl( 2, 2) in Cl( 4, 4) CPU =        0.005 ms (setup)        0.021 (comm)        0.026 (pade)        0.029 (series)        0.007 (mix)        0.004 (add) 
Cl( 3, 2) in Cl( 4, 4) CPU =        0.008 ms (setup)        0.043 (comm)        0.111 (pade)        0.062 (series)        0.014 (mix)        0.007 (add) 
Cl( 3, 3) in Cl( 4, 4) CPU =        0.017 ms (setup)        0.103 (comm)        0.163 (pade)        0.183 (series)        0.038 (mix)        0.015 (add) 
Cl( 4, 3) in Cl( 4, 4) CPU =        0.033 ms (setup)        0.251 (comm)        0.546 (pade)        0.446 (series)        0.079 (mix)        0.021 (add) 
Cl( 4, 4) in Cl( 4, 4) CPU =        0.070 ms (setup)        1.502 (comm)        0.711 (pade)        2.413 (series)        0.186 (mix)        0.040 (add) 
Fill: 1
Cl( 1, 0) in Cl( 1, 0) CPU =        0.002 ms (setup)        0.005 (comm)        0.007 (pade)        0.007 (series)        0.002 (mix)        0.003 (add) 
Cl( 1, 1) in Cl( 1, 1) CPU =        0.002 ms (setup)        0.007 (comm)        0.007 (pade)        0.009 (series)        0.003 (mix)        0.003 (add) 
Cl( 2, 1) in Cl( 2, 1) CPU =        0.003 ms (setup)        0.013 (comm)        0.021 (pade)        0.013 (series)        0.004 (mix)        0.003 (add) 
Cl( 2, 2) in Cl( 2, 2) CPU =        0.006 ms (setup)        0.082 (comm)        0.031 (pade)        0.028 (series)        0.007 (mix)        0.004 (add) 
Cl( 3, 2) in Cl( 3, 2) CPU =        0.011 ms (setup)        0.052 (comm)        0.089 (pade)        0.119 (series)        0.015 (mix)        0.006 (add) 
Cl( 3, 3) in Cl( 3, 3) CPU =        0.020 ms (setup)        0.152 (comm)        0.165 (pade)        0.210 (series)        0.044 (mix)        0.013 (add) 
Cl( 4, 3) in Cl( 4, 3) CPU =        0.044 ms (setup)        0.454 (comm)        0.487 (pade)        0.780 (series)        0.095 (mix)        0.024 (add) 
Cl( 4, 4) in Cl( 4, 4) CPU =        0.101 ms (setup)        1.540 (comm)        0.654 (pade)        2.575 (series)        0.256 (mix)        0.071 (add) 
Cl( 1, 0) in Cl( 4, 4) CPU =        0.002 ms (setup)        0.005 (comm)        0.007 (pade)        0.007 (series)        0.002 (mix)        0.003 (add) 
Cl( 1, 1) in Cl( 4, 4) CPU =        0.003 ms (setup)        0.007 (comm)        0.007 (pade)        0.009 (series)        0.003 (mix)        0.003 (add) 
Cl( 2, 1) in Cl( 4, 4) CPU =        0.003 ms (setup)        0.011 (comm)        0.019 (pade)        0.013 (series)        0.004 (mix)        0.003 (add) 
Cl( 2, 2) in Cl( 4, 4) CPU =        0.006 ms (setup)        0.021 (comm)        0.026 (pade)        0.086 (series)        0.009 (mix)        0.004 (add) 
Cl( 3, 2) in Cl( 4, 4) CPU =        0.011 ms (setup)        0.052 (comm)        0.088 (pade)        0.073 (series)        0.015 (mix)        0.007 (add) 
Cl( 3, 3) in Cl( 4, 4) CPU =        0.078 ms (setup)        0.140 (comm)        0.126 (pade)        0.204 (series)        0.037 (mix)        0.011 (add) 
Cl( 4, 3) in Cl( 4, 4) CPU =        0.042 ms (setup)        0.495 (comm)        0.505 (pade)        0.681 (series)        0.095 (mix)        0.024 (add) 
Cl( 4, 4) in Cl( 4, 4) CPU =        0.095 ms (setup)        1.591 (comm)        0.656 (pade)        2.555 (series)        0.259 (mix)        0.077 (add) 

matrix_multi<float,-4,4>
Clifford algebra expressions test:
Fill: 0.5
Cl( 1, 0) in Cl( 1, 0) CPU =        0.002 ms (setup)        0.007 (comm)        0.003 (pade)        0.003 (series)        0.006 (mix)        0.001 (add) 
Cl( 1, 1) in Cl( 1, 1) CPU =        0.004 ms (setup)        0.016 (comm)        0.003 (pade)        0.003 (series)        0.014 (mix)        0.001 (add) 
Cl( 2, 1) in Cl( 2, 1) CPU =        0.005 ms (setup)        0.074 (comm)        0.003 (pade)        0.003 (series)        0.137 (mix)        0.001 (add) 
Cl( 2, 2) in Cl( 2, 2) CPU =        0.007 ms (setup)        0.106 (comm)        0.003 (pade)        0.003 (series)        0.104 (mix)        0.001 (add) 
Cl( 3, 2) in Cl( 3, 2) CPU =        0.035 ms (setup)        0.424 (comm)        0.005 (pade)        0.005 (series)        0.425 (mix)        0.001 (add) 
Cl( 3, 3) in Cl( 3, 3) CPU =        0.063 ms (setup)        0.734 (comm)        0.005 (pade)        0.005 (series)        0.713 (mix)        0.001 (add) 
Cl( 4, 3) in Cl( 4, 3) CPU =        0.205 ms (setup)        3.224 (comm)        0.011 (pade)        0.009 (series)        2.893 (mix)        0.001 (add) 
Cl( 4, 4) in Cl( 4, 4) CPU =        0.280 ms (setup)        4.379 (comm)        0.011 (pade)        0.009 (series)        4.298 (mix)        0.001 (add) 
Cl( 1, 0) in Cl( 4, 4) CPU =        0.005 ms (setup)        0.071 (comm)        0.010 (pade)        0.008 (series)        0.064 (mix)        0.001 (add) 
Cl( 1, 1) in Cl( 4, 4) CPU =        0.007 ms (setup)        0.090 (comm)        0.011 (pade)        0.009 (series)        0.085 (mix)        0.001 (add) 
Cl( 2, 1) in Cl( 4, 4) CPU =        0.019 ms (setup)        0.216 (comm)        0.011 (pade)        0.009 (series)        0.203 (mix)        0.001 (add) 
Cl( 2, 2) in Cl( 4, 4) CPU =        0.035 ms (setup)        0.257 (comm)        0.011 (pade)        0.008 (series)        0.251 (mix)        0.001 (add) 
Cl( 3, 2) in Cl( 4, 4) CPU =        0.145 ms (setup)        0.704 (comm)        0.011 (pade)        0.009 (series)        0.709 (mix)        0.001 (add) 
Cl( 3, 3) in Cl( 4, 4) CPU =        0.214 ms (setup)        1.018 (comm)        0.011 (pade)        0.009 (series)        1.015 (mix)        0.001 (add) 
Cl( 4, 3) in Cl( 4, 4) CPU =        0.551 ms (setup)        2.748 (comm)        0.011 (pade)        0.009 (series)        2.728 (mix)        0.001 (add) 
Cl( 4, 4) in Cl( 4, 4) CPU =        0.277 ms (setup)        4.353 (comm)        0.011 (pade)        0.009 (series)        4.353 (mix)        0.001 (add) 
Fill: 1
Cl( 1, 0) in Cl( 1, 0) CPU =        0.003 ms (setup)        0.017 (comm)        0.003 (pade)        0.002 (series)        0.017 (mix)        0.001 (add) 
Cl( 1, 1) in Cl( 1, 1) CPU =        0.005 ms (setup)        0.026 (comm)        0.003 (pade)        0.002 (series)        0.023 (mix)        0.001 (add) 
Cl( 2, 1) in Cl( 2, 1) CPU =        0.007 ms (setup)        0.082 (comm)        0.003 (pade)        0.003 (series)        0.080 (mix)        0.001 (add) 
Cl( 2, 2) in Cl( 2, 2) CPU =        0.017 ms (setup)        0.137 (comm)        0.003 (pade)        0.003 (series)        0.134 (mix)        0.001 (add) 
Cl( 3, 2) in Cl( 3, 2) CPU =        0.044 ms (setup)        0.520 (comm)        0.005 (pade)        0.005 (series)        0.510 (mix)        0.001 (add) 
Cl( 3, 3) in Cl( 3, 3) CPU =        0.077 ms (setup)        0.796 (comm)        0.005 (pade)        0.005 (series)        0.800 (mix)        0.001 (add) 
Cl( 4, 3) in Cl( 4, 3) CPU =        0.201 ms (setup)        3.368 (comm)        0.011 (pade)        0.009 (series)        3.349 (mix)        0.001 (add) 
Cl( 4, 4) in Cl( 4, 4) CPU =        0.396 ms (setup)        5.226 (comm)        0.011 (pade)        0.009 (series)        4.992 (mix)        0.001 (add) 
Cl( 1, 0) in Cl( 4, 4) CPU =        0.007 ms (setup)        0.129 (comm)        0.011 (pade)        0.009 (series)        0.130 (mix)        0.001 (add) 
Cl( 1, 1) in Cl( 4, 4) CPU =        0.009 ms (setup)        0.174 (comm)        0.011 (pade)        0.009 (series)        0.170 (mix)        0.001 (add) 
Cl( 2, 1) in Cl( 4, 4) CPU =        0.026 ms (setup)        0.261 (comm)        0.011 (pade)        0.009 (series)        0.256 (mix)        0.001 (add) 
Cl( 2, 2) in Cl( 4, 4) CPU =        0.067 ms (setup)        0.385 (comm)        0.011 (pade)        0.009 (series)        0.377 (mix)        0.001 (add) 
Cl( 3, 2) in Cl( 4, 4) CPU =        0.168 ms (setup)        0.779 (comm)        0.011 (pade)        0.009 (series)        0.779 (mix)        0.001 (add) 
Cl( 3, 3) in Cl( 4, 4) CPU =        0.258 ms (setup)        1.215 (comm)        0.011 (pade)        0.009 (series)        1.220 (mix)        0.001 (add) 
Cl( 4, 3) in Cl( 4, 4) CPU =        0.714 ms (setup)        3.712 (comm)        0.011 (pade)        0.009 (series)        3.536 (mix)        0.001 (add) 
Cl( 4, 4) in Cl( 4, 4) CPU =        0.398 ms (setup)        4.987 (comm)        0.011 (pade)        0.009 (series)        4.981 (mix)        0.001 (add) 

framed_multi<double>
Clifford algebra expressions test:
Fill: 0.5
Cl( 1, 0) in Cl( 1, 0) CPU =        0.002 ms (setup)        0.003 (comm)        0.007 (pade)        0.003 (series)        0.001 (mix)        0.003 (add) 
Cl( 1, 1) in Cl( 1, 1) CPU =        0.002 ms (setup)        0.001 (comm)        0.007 (pade)        0.002 (series)        0.001 (mix)        0.003 (add) 
Cl( 2, 1) in Cl( 2, 1) CPU =        0.003 ms (setup)        0.011 (comm)        0.017 (pade)        0.012 (series)        0.003 (mix)        0.003 (add) 
Cl( 2, 2) in Cl( 2, 2) CPU =        0.005 ms (setup)        0.019 (comm)        0.020 (pade)        0.023 (series)        0.007 (mix)        0.058 (add) 
Cl( 3, 2) in Cl( 3, 2) CPU =        0.007 ms (setup)        0.042 (comm)        0.089 (pade)        0.040 (series)        0.014 (mix)        0.005 (add) 
Cl( 3, 3) in Cl( 3, 3) CPU =        0.015 ms (setup)        0.126 (comm)        0.114 (pade)        0.172 (series)        0.034 (mix)        0.007 (add) 
Cl( 4, 3) in Cl( 4, 3) CPU =        0.030 ms (setup)        0.278 (comm)        0.455 (pade)        0.492 (series)        0.085 (mix)        0.013 (add) 
Cl( 4, 4) in Cl( 4, 4) CPU =        0.062 ms (setup)        1.242 (comm)        0.551 (pade)        2.106 (series)        0.212 (mix)        0.024 (add) 
Cl( 5, 4) in Cl( 5, 4) CPU =        0.122 ms (setup)        3.970 (comm)        1.854 (pade)        7.204 (series)        0.545 (mix)        0.050 (add) 
Cl( 5, 5) in Cl( 5, 5) CPU =        0.240 ms (setup)        6.157 (comm)        2.583 (pade)        9.935 (series)        1.467 (mix)        0.113 (add) 
Cl( 6, 5) in Cl( 6, 5) CPU =        0.498 ms (setup)       20.021 (comm)        8.840 (pade)       34.818 (series)        3.925 (mix)        0.182 (add) 
Cl( 6, 6) in Cl( 6, 6) CPU =        0.993 ms (setup)       33.054 (comm)       12.173 (pade)       48.224 (series)       11.062 (mix)        0.377 (add) 
Cl( 7, 6) in Cl( 7, 6) CPU =        1.969 ms (setup)      108.487 (comm)       41.428 (pade)      162.163 (series)       31.400 (mix)        0.747 (add) 
Cl( 7, 7) in Cl( 7, 7) CPU =        3.946 ms (setup)      196.690 (comm)       58.077 (pade)      225.792 (series)       93.044 (mix)        1.518 (add) 
Cl( 8, 7) in Cl( 8, 7) CPU =        8.028 ms (setup)      644.874 (comm)      210.675 (pade)      786.065 (series)      274.190 (mix)        3.336 (add) 
Cl( 8, 8) in Cl( 8, 8) CPU =       16.448 ms (setup)     1350.504 (comm)      291.106 (pade)     1113.443 (series)      833.935 (mix)        7.108 (add) 
Cl( 1, 0) in Cl( 8, 8) CPU =        0.007 ms (setup)        0.002 (comm)        0.005 (pade)        0.004 (series)        0.001 (mix)        0.003 (add) 
Cl( 1, 1) in Cl( 8, 8) CPU =        0.003 ms (setup)        0.001 (comm)        0.008 (pade)        0.002 (series)        0.001 (mix)        0.003 (add) 
Cl( 2, 1) in Cl( 8, 8) CPU =        0.003 ms (setup)        0.009 (comm)        1.535 (pade)        0.010 (series)        0.003 (mix)        0.003 (add) 
Cl( 2, 2) in Cl( 8, 8) CPU =        0.005 ms (setup)        0.019 (comm)        0.022 (pade)        0.022 (series)        0.007 (mix)        0.003 (add) 
Cl( 3, 2) in Cl( 8, 8) CPU =        0.007 ms (setup)        0.032 (comm)        0.066 (pade)        0.034 (series)        0.011 (mix)        0.003 (add) 
Cl( 3, 3) in Cl( 8, 8) CPU =        0.014 ms (setup)        0.104 (comm)        0.116 (pade)        0.161 (series)        0.036 (mix)        0.007 (add) 
Cl( 4, 3) in Cl( 8, 8) CPU =        0.029 ms (setup)        0.261 (comm)        0.390 (pade)        0.488 (series)        0.083 (mix)        0.013 (add) 
Cl( 4, 4) in Cl( 8, 8) CPU =        0.061 ms (setup)        1.206 (comm)        0.544 (pade)        2.087 (series)        0.207 (mix)        0.023 (add) 
Cl( 5, 4) in Cl( 8, 8) CPU =        0.124 ms (setup)        3.938 (comm)        1.800 (pade)        6.984 (series)        0.527 (mix)        0.048 (add) 
Cl( 5, 5) in Cl( 8, 8) CPU =        0.231 ms (setup)        5.959 (comm)        2.494 (pade)        9.713 (series)        1.380 (mix)        0.087 (add) 
Cl( 6, 5) in Cl( 8, 8) CPU =        0.480 ms (setup)       19.694 (comm)        9.015 (pade)       33.275 (series)        3.850 (mix)        0.179 (add) 
Cl( 6, 6) in Cl( 8, 8) CPU =        0.955 ms (setup)       32.743 (comm)       12.442 (pade)       46.285 (series)       10.897 (mix)        0.369 (add) 
Cl( 7, 6) in Cl( 8, 8) CPU =        1.959 ms (setup)      107.284 (comm)       40.950 (pade)      158.665 (series)       31.887 (mix)        0.742 (add) 
Cl( 7, 7) in Cl( 8, 8) CPU =        3.966 ms (setup)      197.845 (comm)       57.833 (pade)      223.657 (series)       94.044 (mix)        1.528 (add) 
Cl( 8, 7) in Cl( 8, 8) CPU =        8.095 ms (setup)      652.346 (comm)      208.473 (pade)      790.260 (series)      281.779 (mix)        3.331 (add) 
Cl( 8, 8) in Cl( 8, 8) CPU =       16.427 ms (setup)     1340.298 (comm)      291.441 (pade)     1116.681 (series)      833.918 (mix)        7.675 (add) 
Fill: 1
Cl( 1, 0) in Cl( 1, 0) CPU =        0.002 ms (setup)        0.006 (comm)        0.007 (pade)        0.007 (series)        0.002 (mix)        0.003 (add) 
Cl( 1, 1) in Cl( 1, 1) CPU =        0.002 ms (setup)        0.008 (comm)        0.007 (pade)        0.009 (series)        0.003 (mix)        0.003 (add) 
Cl( 2, 1) in Cl( 2, 1) CPU =        0.005 ms (setup)        0.013 (comm)        0.021 (pade)        0.015 (series)        0.005 (mix)        0.003 (add) 
Cl( 2, 2) in Cl( 2, 2) CPU =        0.007 ms (setup)        0.027 (comm)        0.028 (pade)        0.034 (series)        0.009 (mix)        0.004 (add) 
Cl( 3, 2) in Cl( 3, 2) CPU =        0.011 ms (setup)        0.068 (comm)        0.090 (pade)        0.091 (series)        0.019 (mix)        0.006 (add) 
Cl( 3, 3) in Cl( 3, 3) CPU =        0.025 ms (setup)        0.192 (comm)        0.125 (pade)        0.279 (series)        0.048 (mix)        0.011 (add) 
Cl( 4, 3) in Cl( 4, 3) CPU =        0.052 ms (setup)        0.578 (comm)        0.425 (pade)        0.922 (series)        0.116 (mix)        0.020 (add) 
Cl( 4, 4) in Cl( 4, 4) CPU =        0.101 ms (setup)        1.466 (comm)        0.606 (pade)        2.363 (series)        0.281 (mix)        0.040 (add) 
Cl( 5, 4) in Cl( 5, 4) CPU =        0.202 ms (setup)        4.627 (comm)        1.991 (pade)        7.787 (series)        0.735 (mix)        0.079 (add) 
Cl( 5, 5) in Cl( 5, 5) CPU =        0.405 ms (setup)        8.015 (comm)        3.214 (pade)       11.366 (series)        1.921 (mix)        0.164 (add) 
Cl( 6, 5) in Cl( 6, 5) CPU =        0.824 ms (setup)       24.145 (comm)        9.507 (pade)       38.190 (series)        5.268 (mix)        0.334 (add) 
Cl( 6, 6) in Cl( 6, 6) CPU =        1.619 ms (setup)       42.287 (comm)       13.972 (pade)       54.975 (series)       14.859 (mix)        0.660 (add) 
Cl( 7, 6) in Cl( 7, 6) CPU =        3.308 ms (setup)      134.751 (comm)       46.328 (pade)      180.417 (series)       43.995 (mix)        1.357 (add) 
Cl( 7, 7) in Cl( 7, 7) CPU =        6.751 ms (setup)      265.094 (comm)       70.097 (pade)      268.675 (series)      128.740 (mix)        3.718 (add) 
Cl( 8, 7) in Cl( 8, 7) CPU =       13.847 ms (setup)      841.914 (comm)      240.692 (pade)      913.826 (series)      394.817 (mix)        8.032 (add) 
Cl( 8, 8) in Cl( 8, 8) CPU =       28.704 ms (setup)     1863.212 (comm)      361.367 (pade)     1375.477 (series)     1170.650 (mix)       17.648 (add) 
Cl( 1, 0) in Cl( 8, 8) CPU =        0.002 ms (setup)        0.006 (comm)        0.007 (pade)        0.007 (series)        0.002 (mix)        0.003 (add) 
Cl( 1, 1) in Cl( 8, 8) CPU =        0.004 ms (setup)        0.007 (comm)        0.007 (pade)        0.009 (series)        0.003 (mix)        0.003 (add) 
Cl( 2, 1) in Cl( 8, 8) CPU =        0.004 ms (setup)        0.013 (comm)        0.019 (pade)        0.015 (series)        0.005 (mix)        0.003 (add) 
Cl( 2, 2) in Cl( 8, 8) CPU =        0.011 ms (setup)        0.027 (comm)        0.028 (pade)        0.034 (series)        0.009 (mix)        0.004 (add) 
Cl( 3, 2) in Cl( 8, 8) CPU =        0.011 ms (setup)        0.068 (comm)        0.089 (pade)        0.095 (series)        0.019 (mix)        0.006 (add) 
Cl( 3, 3) in Cl( 8, 8) CPU =        0.024 ms (setup)        0.217 (comm)        0.124 (pade)        0.311 (series)        0.047 (mix)        0.011 (add) 
Cl( 4, 3) in Cl( 8, 8) CPU =        0.052 ms (setup)        0.572 (comm)        0.429 (pade)        0.907 (series)        0.113 (mix)        0.019 (add) 
Cl( 4, 4) in Cl( 8, 8) CPU =        0.108 ms (setup)        1.474 (comm)        0.604 (pade)        2.349 (series)        0.285 (mix)        0.039 (add) 
Cl( 5, 4) in Cl( 8, 8) CPU =        0.204 ms (setup)        4.678 (comm)        2.021 (pade)        7.780 (series)        0.726 (mix)        0.079 (add) 
Cl( 5, 5) in Cl( 8, 8) CPU =        0.405 ms (setup)        7.611 (comm)        2.945 (pade)       11.402 (series)        1.919 (mix)        0.160 (add) 
Cl( 6, 5) in Cl( 8, 8) CPU =        0.829 ms (setup)       23.846 (comm)        9.968 (pade)       37.525 (series)        5.265 (mix)        0.333 (add) 
Cl( 6, 6) in Cl( 8, 8) CPU =        1.642 ms (setup)       42.424 (comm)       13.886 (pade)       54.904 (series)       14.869 (mix)        0.678 (add) 
Cl( 7, 6) in Cl( 8, 8) CPU =        3.418 ms (setup)      133.206 (comm)       46.477 (pade)      179.793 (series)       42.419 (mix)        1.359 (add) 
Cl( 7, 7) in Cl( 8, 8) CPU =        6.708 ms (setup)      263.216 (comm)       69.467 (pade)      268.695 (series)      128.113 (mix)        3.700 (add) 
Cl( 8, 7) in Cl( 8, 8) CPU =       13.965 ms (setup)      846.891 (comm)      241.894 (pade)      908.595 (series)      395.946 (mix)        8.002 (add) 
Cl( 8, 8) in Cl( 8, 8) CPU =       28.684 ms (setup)     1856.821 (comm)      361.124 (pade)     1371.946 (series)     1174.206 (mix)       17.689 (add) 

matrix_multi<double>
Clifford algebra expressions test:
Fill: 0.5
Cl( 1, 0) in Cl( 1, 0) CPU =        0.004 ms (setup)        0.011 (comm)        0.003 (pade)        0.003 (series)        0.011 (mix)        0.001 (add) 
Cl( 1, 1) in Cl( 1, 1) CPU =        0.011 ms (setup)        0.009 (comm)        0.003 (pade)        0.003 (series)        0.008 (mix)        0.001 (add) 
Cl( 2, 1) in Cl( 2, 1) CPU =        0.005 ms (setup)        0.073 (comm)        0.003 (pade)        0.003 (series)        0.071 (mix)        0.001 (add) 
Cl( 2, 2) in Cl( 2, 2) CPU =        0.007 ms (setup)        0.128 (comm)        0.003 (pade)        0.003 (series)        0.122 (mix)        0.001 (add) 
Cl( 3, 2) in Cl( 3, 2) CPU =        0.043 ms (setup)        0.351 (comm)        0.005 (pade)        0.005 (series)        0.350 (mix)        0.001 (add) 
Cl( 3, 3) in Cl( 3, 3) CPU =        0.067 ms (setup)        0.635 (comm)        0.005 (pade)        0.005 (series)        0.636 (mix)        0.001 (add) 
Cl( 4, 3) in Cl( 4, 3) CPU =        0.158 ms (setup)        2.828 (comm)        0.013 (pade)        0.013 (series)        2.784 (mix)        0.001 (add) 
Cl( 4, 4) in Cl( 4, 4) CPU =        0.297 ms (setup)        4.259 (comm)        0.017 (pade)        0.013 (series)        4.413 (mix)        0.001 (add) 
Cl( 5, 4) in Cl( 5, 4) CPU =        0.680 ms (setup)       16.771 (comm)        0.045 (pade)        0.046 (series)       17.477 (mix)        0.004 (add) 
Cl( 5, 5) in Cl( 5, 5) CPU =        1.490 ms (setup)       23.858 (comm)        0.045 (pade)        0.051 (series)       23.765 (mix)        0.004 (add) 
Cl( 6, 5) in Cl( 6, 5) CPU =        3.016 ms (setup)       91.843 (comm)        0.253 (pade)        0.275 (series)       91.746 (mix)        0.018 (add) 
Cl( 6, 6) in Cl( 6, 6) CPU =        6.008 ms (setup)      130.153 (comm)        0.250 (pade)        0.273 (series)      127.534 (mix)        0.018 (add) 
Cl( 7, 6) in Cl( 7, 6) CPU =       13.780 ms (setup)      527.543 (comm)        1.756 (pade)        1.752 (series)      525.385 (mix)        0.104 (add) 
Cl( 7, 7) in Cl( 7, 7) CPU =       27.179 ms (setup)      697.144 (comm)        1.730 (pade)        1.733 (series)      697.234 (mix)        0.100 (add) 
Cl( 8, 7) in Cl( 8, 7) CPU =       67.920 ms (setup)     3815.481 (comm)       12.681 (pade)       12.177 (series)     3649.271 (mix)        0.411 (add) 
Cl( 8, 8) in Cl( 8, 8) CPU =      132.958 ms (setup)     4125.914 (comm)       12.562 (pade)       12.195 (series)     4095.881 (mix)        0.408 (add) 
Cl( 1, 0) in Cl( 8, 8) CPU =        0.067 ms (setup)       37.153 (comm)       12.376 (pade)       12.104 (series)       31.921 (mix)        0.406 (add) 
Cl( 1, 1) in Cl( 8, 8) CPU =        0.098 ms (setup)       52.548 (comm)       12.159 (pade)       12.123 (series)       46.566 (mix)        0.427 (add) 
Cl( 2, 1) in Cl( 8, 8) CPU =        0.200 ms (setup)       93.626 (comm)       12.315 (pade)       12.136 (series)       88.618 (mix)        0.402 (add) 
Cl( 2, 2) in Cl( 8, 8) CPU =        0.378 ms (setup)      158.308 (comm)       12.324 (pade)       12.156 (series)      153.192 (mix)        0.402 (add) 
Cl( 3, 2) in Cl( 8, 8) CPU =        2.929 ms (setup)      214.566 (comm)       12.392 (pade)       12.129 (series)      210.126 (mix)        0.408 (add) 
Cl( 3, 3) in Cl( 8, 8) CPU =        4.888 ms (setup)      291.968 (comm)       12.385 (pade)       12.117 (series)      285.156 (mix)        0.401 (add) 
Cl( 4, 3) in Cl( 8, 8) CPU =        5.439 ms (setup)      311.699 (comm)       12.543 (pade)       12.181 (series)      298.067 (mix)        0.399 (add) 
Cl( 4, 4) in Cl( 8, 8) CPU =        7.293 ms (setup)      426.264 (comm)       12.495 (pade)       12.113 (series)      404.043 (mix)        0.565 (add) 
Cl( 5, 4) in Cl( 8, 8) CPU =        5.556 ms (setup)      546.349 (comm)       12.477 (pade)       12.165 (series)      540.501 (mix)        0.397 (add) 
Cl( 5, 5) in Cl( 8, 8) CPU =        7.937 ms (setup)      644.477 (comm)       12.502 (pade)       12.144 (series)      638.744 (mix)        0.397 (add) 
Cl( 6, 5) in Cl( 8, 8) CPU =       17.140 ms (setup)      854.001 (comm)       12.950 (pade)       12.119 (series)      847.185 (mix)        0.404 (add) 
Cl( 6, 6) in Cl( 8, 8) CPU =       28.119 ms (setup)      956.494 (comm)       12.469 (pade)       12.216 (series)      945.365 (mix)        0.401 (add) 
Cl( 7, 6) in Cl( 8, 8) CPU =       60.035 ms (setup)     1368.856 (comm)       12.505 (pade)       12.141 (series)     1364.692 (mix)        0.402 (add) 
Cl( 7, 7) in Cl( 8, 8) CPU =      107.115 ms (setup)     1710.793 (comm)       12.524 (pade)       12.716 (series)     1710.910 (mix)        0.396 (add) 
Cl( 8, 7) in Cl( 8, 8) CPU =      264.567 ms (setup)     3365.151 (comm)       12.510 (pade)       12.203 (series)     3354.827 (mix)        0.397 (add) 
Cl( 8, 8) in Cl( 8, 8) CPU =      131.809 ms (setup)     4078.243 (comm)       12.511 (pade)       12.123 (series)     4065.892 (mix)        0.475 (add) 
Fill: 1
Cl( 1, 0) in Cl( 1, 0) CPU =        0.003 ms (setup)        0.018 (comm)        0.003 (pade)        0.003 (series)        0.017 (mix)        0.001 (add) 
Cl( 1, 1) in Cl( 1, 1) CPU =        0.005 ms (setup)        0.026 (comm)        0.003 (pade)        0.003 (series)        0.023 (mix)        0.001 (add) 
Cl( 2, 1) in Cl( 2, 1) CPU =        0.007 ms (setup)        0.123 (comm)        0.003 (pade)        0.004 (series)        0.089 (mix)        0.001 (add) 
Cl( 2, 2) in Cl( 2, 2) CPU =        0.018 ms (setup)        0.153 (comm)        0.003 (pade)        0.003 (series)        0.150 (mix)        0.001 (add) 
Cl( 3, 2) in Cl( 3, 2) CPU =        0.049 ms (setup)        0.524 (comm)        0.005 (pade)        0.005 (series)        0.526 (mix)        0.001 (add) 
Cl( 3, 3) in Cl( 3, 3) CPU =        0.092 ms (setup)        0.835 (comm)        0.005 (pade)        0.005 (series)        0.833 (mix)        0.001 (add) 
Cl( 4, 3) in Cl( 4, 3) CPU =        0.212 ms (setup)        3.412 (comm)        0.013 (pade)        0.013 (series)        3.401 (mix)        0.002 (add) 
Cl( 4, 4) in Cl( 4, 4) CPU =        0.416 ms (setup)        5.019 (comm)        0.013 (pade)        0.013 (series)        5.013 (mix)        0.002 (add) 
Cl( 5, 4) in Cl( 5, 4) CPU =        1.102 ms (setup)       18.637 (comm)        0.054 (pade)        0.049 (series)       18.405 (mix)        0.004 (add) 
Cl( 5, 5) in Cl( 5, 5) CPU =        1.952 ms (setup)       26.721 (comm)        0.045 (pade)        0.046 (series)       26.270 (mix)        0.004 (add) 
Cl( 6, 5) in Cl( 6, 5) CPU =        4.506 ms (setup)      100.448 (comm)        0.252 (pade)        0.269 (series)       99.899 (mix)        0.018 (add) 
Cl( 6, 6) in Cl( 6, 6) CPU =        8.959 ms (setup)      137.829 (comm)        0.253 (pade)        0.269 (series)      138.125 (mix)        0.018 (add) 
Cl( 7, 6) in Cl( 7, 6) CPU =       20.986 ms (setup)      565.904 (comm)        1.740 (pade)        1.728 (series)      565.227 (mix)        0.092 (add) 
Cl( 7, 7) in Cl( 7, 7) CPU =       42.624 ms (setup)      757.570 (comm)        1.796 (pade)        1.746 (series)      754.232 (mix)        0.094 (add) 
Cl( 8, 7) in Cl( 8, 7) CPU =      107.329 ms (setup)     3450.302 (comm)       13.218 (pade)       12.497 (series)     3452.889 (mix)        0.405 (add) 
Cl( 8, 8) in Cl( 8, 8) CPU =      216.772 ms (setup)     4480.383 (comm)       12.577 (pade)       12.146 (series)     4468.033 (mix)        0.632 (add) 
Cl( 1, 0) in Cl( 8, 8) CPU =        0.087 ms (setup)       60.302 (comm)       12.213 (pade)       12.180 (series)       54.232 (mix)        0.403 (add) 
Cl( 1, 1) in Cl( 8, 8) CPU =        0.148 ms (setup)       87.323 (comm)       12.203 (pade)       12.193 (series)       81.228 (mix)        0.405 (add) 
Cl( 2, 1) in Cl( 8, 8) CPU =        0.318 ms (setup)      125.190 (comm)       12.337 (pade)       12.162 (series)      119.888 (mix)        0.402 (add) 
Cl( 2, 2) in Cl( 8, 8) CPU =        5.242 ms (setup)      175.054 (comm)       12.428 (pade)       12.222 (series)      167.929 (mix)        0.404 (add) 
Cl( 3, 2) in Cl( 8, 8) CPU =        4.944 ms (setup)      237.179 (comm)       12.405 (pade)       12.335 (series)      230.751 (mix)        0.405 (add) 
Cl( 3, 3) in Cl( 8, 8) CPU =        5.022 ms (setup)      320.273 (comm)       12.393 (pade)       12.171 (series)      315.654 (mix)        0.404 (add) 
Cl( 4, 3) in Cl( 8, 8) CPU =        7.455 ms (setup)      426.200 (comm)       12.546 (pade)       12.142 (series)      420.939 (mix)        0.409 (add) 
Cl( 4, 4) in Cl( 8, 8) CPU =        4.410 ms (setup)      527.623 (comm)       12.433 (pade)       12.155 (series)      523.031 (mix)        0.397 (add) 
Cl( 5, 4) in Cl( 8, 8) CPU =        8.006 ms (setup)      645.641 (comm)       12.728 (pade)       13.563 (series)      641.241 (mix)        0.399 (add) 
Cl( 5, 5) in Cl( 8, 8) CPU =        9.579 ms (setup)      758.860 (comm)       12.536 (pade)       12.151 (series)      756.205 (mix)        0.396 (add) 
Cl( 6, 5) in Cl( 8, 8) CPU =       21.675 ms (setup)      950.700 (comm)       12.752 (pade)       12.151 (series)      941.601 (mix)        0.403 (add) 
Cl( 6, 6) in Cl( 8, 8) CPU =       35.681 ms (setup)     1092.332 (comm)       12.761 (pade)       12.128 (series)     1086.505 (mix)        0.405 (add) 
Cl( 7, 6) in Cl( 8, 8) CPU =       78.853 ms (setup)     1564.523 (comm)       12.521 (pade)       12.112 (series)     1552.857 (mix)        0.435 (add) 
Cl( 7, 7) in Cl( 8, 8) CPU =      146.784 ms (setup)     1859.433 (comm)       12.566 (pade)       12.130 (series)     1860.472 (mix)        0.397 (add) 
Cl( 8, 7) in Cl( 8, 8) CPU =      362.748 ms (setup)     3582.892 (comm)       12.480 (pade)       12.119 (series)     3570.352 (mix)        0.398 (add) 
Cl( 8, 8) in Cl( 8, 8) CPU =      217.668 ms (setup)     4482.414 (comm)       12.627 (pade)       12.135 (series)     4463.771 (mix)        0.403 (add) 
