expressions/expressions
	linux-vdso.so.1 (0x00007fb8dffd9000)
	libopenblas.so.0 => /lib/x86_64-linux-gnu/libopenblas.so.0 (0x00007fb8dce90000)
	libstdc++.so.6 => /lib/x86_64-linux-gnu/libstdc++.so.6 (0x00007fb8dcc00000)
	libm.so.6 => /lib/x86_64-linux-gnu/libm.so.6 (0x00007fb8dcb09000)
	libgcc_s.so.1 => /lib/x86_64-linux-gnu/libgcc_s.so.1 (0x00007fb8dcadc000)
	libiomp5.so => /opt/intel/oneapi/compiler/2025.2/lib/libiomp5.so (0x00007fb8dc600000)
	libc.so.6 => /lib/x86_64-linux-gnu/libc.so.6 (0x00007fb8dc200000)
	libmvec.so.1 => /lib/x86_64-linux-gnu/libmvec.so.1 (0x00007fb8dc506000)
	libgfortran.so.5 => /lib/x86_64-linux-gnu/libgfortran.so.5 (0x00007fb8dbe00000)
	/lib64/ld-linux-x86-64.so.2 (0x00007fb8dffdb000)
	librt.so.1 => /lib/x86_64-linux-gnu/librt.so.1 (0x00007fb8dcad7000)
	libdl.so.2 => /lib/x86_64-linux-gnu/libdl.so.2 (0x00007fb8dcad2000)
	libpthread.so.0 => /lib/x86_64-linux-gnu/libpthread.so.0 (0x00007fb8dcacd000)
gfft_test/gfft_test
	linux-vdso.so.1 (0x00007aea3338c000)
	libopenblas.so.0 => /lib/x86_64-linux-gnu/libopenblas.so.0 (0x00007aea30248000)
	libstdc++.so.6 => /lib/x86_64-linux-gnu/libstdc++.so.6 (0x00007aea2fe00000)
	libm.so.6 => /lib/x86_64-linux-gnu/libm.so.6 (0x00007aea30151000)
	libgcc_s.so.1 => /lib/x86_64-linux-gnu/libgcc_s.so.1 (0x00007aea30124000)
	libiomp5.so => /opt/intel/oneapi/compiler/2025.2/lib/libiomp5.so (0x00007aea2f800000)
	libc.so.6 => /lib/x86_64-linux-gnu/libc.so.6 (0x00007aea2f400000)
	libmvec.so.1 => /lib/x86_64-linux-gnu/libmvec.so.1 (0x00007aea2fd06000)
	libgfortran.so.5 => /lib/x86_64-linux-gnu/libgfortran.so.5 (0x00007aea2f000000)
	/lib64/ld-linux-x86-64.so.2 (0x00007aea3338e000)
	librt.so.1 => /lib/x86_64-linux-gnu/librt.so.1 (0x00007aea3011d000)
	libdl.so.2 => /lib/x86_64-linux-gnu/libdl.so.2 (0x00007aea30116000)
	libpthread.so.0 => /lib/x86_64-linux-gnu/libpthread.so.0 (0x00007aea30111000)
products/products
	linux-vdso.so.1 (0x00007774a9987000)
	libopenblas.so.0 => /lib/x86_64-linux-gnu/libopenblas.so.0 (0x00007774a6840000)
	libstdc++.so.6 => /lib/x86_64-linux-gnu/libstdc++.so.6 (0x00007774a6400000)
	libm.so.6 => /lib/x86_64-linux-gnu/libm.so.6 (0x00007774a6749000)
	libgcc_s.so.1 => /lib/x86_64-linux-gnu/libgcc_s.so.1 (0x00007774a671c000)
	libiomp5.so => /opt/intel/oneapi/compiler/2025.2/lib/libiomp5.so (0x00007774a5e00000)
	libc.so.6 => /lib/x86_64-linux-gnu/libc.so.6 (0x00007774a5a00000)
	libmvec.so.1 => /lib/x86_64-linux-gnu/libmvec.so.1 (0x00007774a6306000)
	libgfortran.so.5 => /lib/x86_64-linux-gnu/libgfortran.so.5 (0x00007774a5600000)
	/lib64/ld-linux-x86-64.so.2 (0x00007774a9989000)
	librt.so.1 => /lib/x86_64-linux-gnu/librt.so.1 (0x00007774a6717000)
	libdl.so.2 => /lib/x86_64-linux-gnu/libdl.so.2 (0x00007774a6712000)
	libpthread.so.0 => /lib/x86_64-linux-gnu/libpthread.so.0 (0x00007774a670d000)
squaring/squaring
	linux-vdso.so.1 (0x00007c2e838f4000)
	libopenblas.so.0 => /lib/x86_64-linux-gnu/libopenblas.so.0 (0x00007c2e807b0000)
	libstdc++.so.6 => /lib/x86_64-linux-gnu/libstdc++.so.6 (0x00007c2e80400000)
	libm.so.6 => /lib/x86_64-linux-gnu/libm.so.6 (0x00007c2e806b9000)
	libgcc_s.so.1 => /lib/x86_64-linux-gnu/libgcc_s.so.1 (0x00007c2e803d3000)
	libiomp5.so => /opt/intel/oneapi/compiler/2025.2/lib/libiomp5.so (0x00007c2e7fe00000)
	libc.so.6 => /lib/x86_64-linux-gnu/libc.so.6 (0x00007c2e7fa00000)
	libmvec.so.1 => /lib/x86_64-linux-gnu/libmvec.so.1 (0x00007c2e802d9000)
	libgfortran.so.5 => /lib/x86_64-linux-gnu/libgfortran.so.5 (0x00007c2e7f600000)
	/lib64/ld-linux-x86-64.so.2 (0x00007c2e838f6000)
	librt.so.1 => /lib/x86_64-linux-gnu/librt.so.1 (0x00007c2e806b2000)
	libdl.so.2 => /lib/x86_64-linux-gnu/libdl.so.2 (0x00007c2e806ab000)
	libpthread.so.0 => /lib/x86_64-linux-gnu/libpthread.so.0 (0x00007c2e806a6000)
transforms/transforms
	linux-vdso.so.1 (0x00007da10a744000)
	libopenblas.so.0 => /lib/x86_64-linux-gnu/libopenblas.so.0 (0x00007da107600000)
	libstdc++.so.6 => /lib/x86_64-linux-gnu/libstdc++.so.6 (0x00007da107200000)
	libm.so.6 => /lib/x86_64-linux-gnu/libm.so.6 (0x00007da107509000)
	libgcc_s.so.1 => /lib/x86_64-linux-gnu/libgcc_s.so.1 (0x00007da1074dc000)
	libiomp5.so => /opt/intel/oneapi/compiler/2025.2/lib/libiomp5.so (0x00007da106c00000)
	libc.so.6 => /lib/x86_64-linux-gnu/libc.so.6 (0x00007da106800000)
	libmvec.so.1 => /lib/x86_64-linux-gnu/libmvec.so.1 (0x00007da107106000)
	libgfortran.so.5 => /lib/x86_64-linux-gnu/libgfortran.so.5 (0x00007da106400000)
	/lib64/ld-linux-x86-64.so.2 (0x00007da10a746000)
	librt.so.1 => /lib/x86_64-linux-gnu/librt.so.1 (0x00007da1074d5000)
	libdl.so.2 => /lib/x86_64-linux-gnu/libdl.so.2 (0x00007da1074ce000)
	libpthread.so.0 => /lib/x86_64-linux-gnu/libpthread.so.0 (0x00007da1074c9000)
versor/versor
	linux-vdso.so.1 (0x0000744794da3000)
	libopenblas.so.0 => /lib/x86_64-linux-gnu/libopenblas.so.0 (0x0000744791c58000)
	libstdc++.so.6 => /lib/x86_64-linux-gnu/libstdc++.so.6 (0x0000744791800000)
	libm.so.6 => /lib/x86_64-linux-gnu/libm.so.6 (0x0000744791b61000)
	libgcc_s.so.1 => /lib/x86_64-linux-gnu/libgcc_s.so.1 (0x0000744791b34000)
	libiomp5.so => /opt/intel/oneapi/compiler/2025.2/lib/libiomp5.so (0x0000744791200000)
	libc.so.6 => /lib/x86_64-linux-gnu/libc.so.6 (0x0000744790e00000)
	libmvec.so.1 => /lib/x86_64-linux-gnu/libmvec.so.1 (0x0000744791706000)
	libgfortran.so.5 => /lib/x86_64-linux-gnu/libgfortran.so.5 (0x0000744790a00000)
	/lib64/ld-linux-x86-64.so.2 (0x0000744794da5000)
	librt.so.1 => /lib/x86_64-linux-gnu/librt.so.1 (0x0000744794d5e000)
	libdl.so.2 => /lib/x86_64-linux-gnu/libdl.so.2 (0x0000744791b2d000)
	libpthread.so.0 => /lib/x86_64-linux-gnu/libpthread.so.0 (0x0000744791b28000)
