
framed_multi<float,-4,4>
Clifford algebra products test:
Fill: 0.5
Cl( 1, 0) in Cl( 1, 0) CPU =        0.005 ms (setup)        0.003 (*)        0.002 (^)        0.002 (&)        0.002 (%) 
Cl( 1, 1) in Cl( 1, 1) CPU =        0.002 ms (setup)        0.002 (*)        0.001 (^)        0.002 (&)        0.002 (%) 
Cl( 2, 1) in Cl( 2, 1) CPU =        0.002 ms (setup)        0.005 (*)        0.003 (^)        0.003 (&)        0.003 (%) 
Cl( 2, 2) in Cl( 2, 2) CPU =        0.003 ms (setup)        0.007 (*)        0.005 (^)        0.004 (&)        0.004 (%) 
Cl( 3, 2) in Cl( 3, 2) CPU =        0.007 ms (setup)        0.038 (*)        0.008 (^)        0.009 (&)        0.008 (%) 
Cl( 3, 3) in Cl( 3, 3) CPU =        0.011 ms (setup)        0.039 (*)        0.019 (^)        0.018 (&)        0.016 (%) 
Cl( 4, 3) in Cl( 4, 3) CPU =        0.024 ms (setup)        0.118 (*)        0.057 (^)        0.055 (&)        0.043 (%) 
Cl( 4, 4) in Cl( 4, 4) CPU =        0.046 ms (setup)        0.887 (*)        0.135 (^)        0.126 (&)        0.093 (%) 
Cl( 1, 0) in Cl( 4, 4) CPU =        0.002 ms (setup)        0.001 (*)        0.001 (^)        0.001 (&)        0.001 (%) 
Cl( 1, 1) in Cl( 4, 4) CPU =        0.002 ms (setup)        0.001 (*)        0.001 (^)        0.002 (&)        0.002 (%) 
Cl( 2, 1) in Cl( 4, 4) CPU =        0.002 ms (setup)        0.004 (*)        0.003 (^)        0.002 (&)        0.003 (%) 
Cl( 2, 2) in Cl( 4, 4) CPU =        0.003 ms (setup)        0.005 (*)        0.004 (^)        0.003 (&)        0.003 (%) 
Cl( 3, 2) in Cl( 4, 4) CPU =        0.005 ms (setup)        0.016 (*)        0.009 (^)        0.009 (&)        0.007 (%) 
Cl( 3, 3) in Cl( 4, 4) CPU =        0.010 ms (setup)        0.035 (*)        0.021 (^)        0.017 (&)        0.015 (%) 
Cl( 4, 3) in Cl( 4, 4) CPU =        0.022 ms (setup)        0.114 (*)        0.051 (^)        0.082 (&)        0.039 (%) 
Cl( 4, 4) in Cl( 4, 4) CPU =        0.042 ms (setup)        0.834 (*)        0.129 (^)        0.135 (&)        0.144 (%) 
Fill: 1
Cl( 1, 0) in Cl( 1, 0) CPU =        0.002 ms (setup)        0.002 (*)        0.002 (^)        0.002 (&)        0.002 (%) 
Cl( 1, 1) in Cl( 1, 1) CPU =        0.002 ms (setup)        0.003 (*)        0.002 (^)        0.002 (&)        0.002 (%) 
Cl( 2, 1) in Cl( 2, 1) CPU =        0.003 ms (setup)        0.005 (*)        0.003 (^)        0.003 (&)        0.003 (%) 
Cl( 2, 2) in Cl( 2, 2) CPU =        0.004 ms (setup)        0.009 (*)        0.005 (^)        0.005 (&)        0.005 (%) 
Cl( 3, 2) in Cl( 3, 2) CPU =        0.007 ms (setup)        0.025 (*)        0.010 (^)        0.013 (&)        0.011 (%) 
Cl( 3, 3) in Cl( 3, 3) CPU =        0.015 ms (setup)        0.139 (*)        0.023 (^)        0.031 (&)        0.026 (%) 
Cl( 4, 3) in Cl( 4, 3) CPU =        0.031 ms (setup)        0.296 (*)        0.054 (^)        0.083 (&)        0.061 (%) 
Cl( 4, 4) in Cl( 4, 4) CPU =        0.067 ms (setup)        0.955 (*)        0.129 (^)        0.239 (&)        0.150 (%) 
Cl( 1, 0) in Cl( 4, 4) CPU =        0.002 ms (setup)        0.002 (*)        0.001 (^)        0.002 (&)        0.002 (%) 
Cl( 1, 1) in Cl( 4, 4) CPU =        0.002 ms (setup)        0.003 (*)        0.002 (^)        0.002 (&)        0.002 (%) 
Cl( 2, 1) in Cl( 4, 4) CPU =        0.002 ms (setup)        0.005 (*)        0.003 (^)        0.003 (&)        0.003 (%) 
Cl( 2, 2) in Cl( 4, 4) CPU =        0.004 ms (setup)        0.009 (*)        0.005 (^)        0.005 (&)        0.011 (%) 
Cl( 3, 2) in Cl( 4, 4) CPU =        0.007 ms (setup)        0.024 (*)        0.009 (^)        0.012 (&)        0.011 (%) 
Cl( 3, 3) in Cl( 4, 4) CPU =        0.014 ms (setup)        0.071 (*)        0.022 (^)        0.030 (&)        0.024 (%) 
Cl( 4, 3) in Cl( 4, 4) CPU =        0.030 ms (setup)        0.226 (*)        0.049 (^)        0.074 (&)        0.059 (%) 
Cl( 4, 4) in Cl( 4, 4) CPU =        0.064 ms (setup)        0.843 (*)        0.126 (^)        0.202 (&)        0.145 (%) 

matrix_multi<float,-4,4>
Clifford algebra products test:
Fill: 0.5
Cl( 1, 0) in Cl( 1, 0) CPU =        0.013 ms (setup)        0.001 (*)        0.012 (^)        0.009 (&)        0.012 (%) 
Cl( 1, 1) in Cl( 1, 1) CPU =        0.005 ms (setup)        0.001 (*)        0.009 (^)        0.009 (&)        0.009 (%) 
Cl( 2, 1) in Cl( 2, 1) CPU =        0.003 ms (setup)        0.001 (*)        0.018 (^)        0.030 (&)        0.029 (%) 
Cl( 2, 2) in Cl( 2, 2) CPU =        0.012 ms (setup)        0.001 (*)        0.077 (^)        0.044 (&)        0.060 (%) 
Cl( 3, 2) in Cl( 3, 2) CPU =        0.023 ms (setup)        0.002 (*)        0.282 (^)        0.236 (&)        0.256 (%) 
Cl( 3, 3) in Cl( 3, 3) CPU =        0.040 ms (setup)        0.002 (*)        0.379 (^)        0.405 (&)        0.399 (%) 
Cl( 4, 3) in Cl( 4, 3) CPU =        0.096 ms (setup)        0.003 (*)        1.596 (^)        1.488 (&)        1.336 (%) 
Cl( 4, 4) in Cl( 4, 4) CPU =        0.142 ms (setup)        0.003 (*)        2.198 (^)        2.210 (&)        2.279 (%) 
Cl( 1, 0) in Cl( 4, 4) CPU =        0.001 ms (setup)        0.004 (*)        0.008 (^)        0.007 (&)        0.007 (%) 
Cl( 1, 1) in Cl( 4, 4) CPU =        0.005 ms (setup)        0.002 (*)        0.100 (^)        0.059 (&)        0.082 (%) 
Cl( 2, 1) in Cl( 4, 4) CPU =        0.013 ms (setup)        0.002 (*)        0.111 (^)        0.072 (&)        0.089 (%) 
Cl( 2, 2) in Cl( 4, 4) CPU =        0.027 ms (setup)        0.003 (*)        0.202 (^)        0.133 (&)        0.160 (%) 
Cl( 3, 2) in Cl( 4, 4) CPU =        0.076 ms (setup)        0.002 (*)        0.251 (^)        0.225 (&)        0.221 (%) 
Cl( 3, 3) in Cl( 4, 4) CPU =        0.108 ms (setup)        0.002 (*)        0.478 (^)        0.424 (&)        0.410 (%) 
Cl( 4, 3) in Cl( 4, 4) CPU =        0.272 ms (setup)        0.002 (*)        1.334 (^)        1.351 (&)        1.386 (%) 
Cl( 4, 4) in Cl( 4, 4) CPU =        0.140 ms (setup)        0.003 (*)        2.067 (^)        2.322 (&)        2.349 (%) 
Fill: 1
Cl( 1, 0) in Cl( 1, 0) CPU =        0.001 ms (setup)        0.001 (*)        0.009 (^)        0.007 (&)        0.009 (%) 
Cl( 1, 1) in Cl( 1, 1) CPU =        0.003 ms (setup)        0.001 (*)        0.021 (^)        0.027 (&)        0.015 (%) 
Cl( 2, 1) in Cl( 2, 1) CPU =        0.004 ms (setup)        0.001 (*)        0.046 (^)        0.038 (&)        0.049 (%) 
Cl( 2, 2) in Cl( 2, 2) CPU =        0.011 ms (setup)        0.001 (*)        0.072 (^)        0.071 (&)        0.070 (%) 
Cl( 3, 2) in Cl( 3, 2) CPU =        0.022 ms (setup)        0.001 (*)        0.283 (^)        0.259 (&)        0.266 (%) 
Cl( 3, 3) in Cl( 3, 3) CPU =        0.043 ms (setup)        0.002 (*)        0.412 (^)        0.391 (&)        0.410 (%) 
Cl( 4, 3) in Cl( 4, 3) CPU =        0.099 ms (setup)        0.002 (*)        1.651 (^)        1.685 (&)        1.722 (%) 
Cl( 4, 4) in Cl( 4, 4) CPU =        0.198 ms (setup)        0.002 (*)        2.479 (^)        2.458 (&)        2.514 (%) 
Cl( 1, 0) in Cl( 4, 4) CPU =        0.006 ms (setup)        0.002 (*)        0.077 (^)        0.052 (&)        0.065 (%) 
Cl( 1, 1) in Cl( 4, 4) CPU =        0.007 ms (setup)        0.002 (*)        0.094 (^)        0.059 (&)        0.082 (%) 
Cl( 2, 1) in Cl( 4, 4) CPU =        0.015 ms (setup)        0.002 (*)        0.155 (^)        0.101 (&)        0.114 (%) 
Cl( 2, 2) in Cl( 4, 4) CPU =        0.036 ms (setup)        0.007 (*)        0.206 (^)        0.142 (&)        0.162 (%) 
Cl( 3, 2) in Cl( 4, 4) CPU =        0.087 ms (setup)        0.002 (*)        0.433 (^)        0.338 (&)        0.333 (%) 
Cl( 3, 3) in Cl( 4, 4) CPU =        0.134 ms (setup)        0.002 (*)        0.656 (^)        0.535 (&)        0.567 (%) 
Cl( 4, 3) in Cl( 4, 4) CPU =        0.360 ms (setup)        0.002 (*)        1.835 (^)        1.686 (&)        1.702 (%) 
Cl( 4, 4) in Cl( 4, 4) CPU =        0.202 ms (setup)        0.002 (*)        2.478 (^)        2.506 (&)        2.513 (%) 

framed_multi<double>
Clifford algebra products test:
Fill: 0.5
Cl( 1, 0) in Cl( 1, 0) CPU =        0.001 ms (setup)        0.002 (*)        0.001 (^)        0.001 (&)        0.001 (%) 
Cl( 1, 1) in Cl( 1, 1) CPU =        0.001 ms (setup)        0.001 (*)        0.001 (^)        0.001 (&)        0.001 (%) 
Cl( 2, 1) in Cl( 2, 1) CPU =        0.002 ms (setup)        0.004 (*)        0.002 (^)        0.002 (&)        0.002 (%) 
Cl( 2, 2) in Cl( 2, 2) CPU =        0.002 ms (setup)        0.005 (*)        0.004 (^)        0.003 (&)        0.003 (%) 
Cl( 3, 2) in Cl( 3, 2) CPU =        0.004 ms (setup)        0.013 (*)        0.007 (^)        0.007 (&)        0.007 (%) 
Cl( 3, 3) in Cl( 3, 3) CPU =        0.008 ms (setup)        0.030 (*)        0.015 (^)        0.015 (&)        0.013 (%) 
Cl( 4, 3) in Cl( 4, 3) CPU =        0.016 ms (setup)        0.089 (*)        0.042 (^)        0.043 (&)        0.032 (%) 
Cl( 4, 4) in Cl( 4, 4) CPU =        0.030 ms (setup)        0.502 (*)        0.104 (^)        0.090 (&)        0.069 (%) 
Cl( 5, 4) in Cl( 5, 4) CPU =        0.062 ms (setup)        1.740 (*)        0.278 (^)        0.275 (&)        0.196 (%) 
Cl( 5, 5) in Cl( 5, 5) CPU =        0.117 ms (setup)        2.397 (*)        0.709 (^)        0.669 (&)        0.441 (%) 
Cl( 6, 5) in Cl( 6, 5) CPU =        0.246 ms (setup)        8.358 (*)        2.042 (^)        1.948 (&)        1.220 (%) 
Cl( 6, 6) in Cl( 6, 6) CPU =        0.500 ms (setup)       11.115 (*)        5.500 (^)        5.340 (&)        3.095 (%) 
Cl( 7, 6) in Cl( 7, 6) CPU =        0.984 ms (setup)       38.837 (*)       16.773 (^)       15.930 (&)        9.023 (%) 
Cl( 7, 7) in Cl( 7, 7) CPU =        1.961 ms (setup)       52.285 (*)       48.921 (^)       47.097 (&)       25.081 (%) 
Cl( 8, 7) in Cl( 8, 7) CPU =        4.223 ms (setup)      185.934 (*)      142.706 (^)      139.141 (&)       72.823 (%) 
Cl( 8, 8) in Cl( 8, 8) CPU =        8.072 ms (setup)      252.603 (*)      429.271 (^)      419.967 (&)      213.376 (%) 
Cl( 1, 0) in Cl( 8, 8) CPU =        0.001 ms (setup)        0.001 (*)        0.001 (^)        0.001 (&)        0.001 (%) 
Cl( 1, 1) in Cl( 8, 8) CPU =        0.001 ms (setup)        0.001 (*)        0.001 (^)        0.001 (&)        0.001 (%) 
Cl( 2, 1) in Cl( 8, 8) CPU =        0.002 ms (setup)        0.001 (*)        0.001 (^)        0.001 (&)        0.001 (%) 
Cl( 2, 2) in Cl( 8, 8) CPU =        0.002 ms (setup)        0.005 (*)        0.004 (^)        0.003 (&)        0.003 (%) 
Cl( 3, 2) in Cl( 8, 8) CPU =        0.004 ms (setup)        0.011 (*)        0.007 (^)        0.006 (&)        0.006 (%) 
Cl( 3, 3) in Cl( 8, 8) CPU =        0.007 ms (setup)        0.027 (*)        0.015 (^)        0.013 (&)        0.012 (%) 
Cl( 4, 3) in Cl( 8, 8) CPU =        0.015 ms (setup)        0.071 (*)        0.038 (^)        0.032 (&)        0.028 (%) 
Cl( 4, 4) in Cl( 8, 8) CPU =        0.030 ms (setup)        0.497 (*)        0.104 (^)        0.100 (&)        0.075 (%) 
Cl( 5, 4) in Cl( 8, 8) CPU =        0.061 ms (setup)        1.738 (*)        0.272 (^)        0.271 (&)        0.202 (%) 
Cl( 5, 5) in Cl( 8, 8) CPU =        0.120 ms (setup)        2.303 (*)        0.692 (^)        0.688 (&)        0.444 (%) 
Cl( 6, 5) in Cl( 8, 8) CPU =        0.242 ms (setup)        8.018 (*)        1.961 (^)        1.909 (&)        1.178 (%) 
Cl( 6, 6) in Cl( 8, 8) CPU =        0.474 ms (setup)       10.701 (*)        5.511 (^)        5.173 (&)        3.045 (%) 
Cl( 7, 6) in Cl( 8, 8) CPU =        0.976 ms (setup)       38.774 (*)       16.012 (^)       15.560 (&)        8.528 (%) 
Cl( 7, 7) in Cl( 8, 8) CPU =        1.958 ms (setup)       51.005 (*)       47.811 (^)       46.549 (&)       24.706 (%) 
Cl( 8, 7) in Cl( 8, 8) CPU =        4.016 ms (setup)      185.294 (*)      141.486 (^)      134.908 (&)       71.617 (%) 
Cl( 8, 8) in Cl( 8, 8) CPU =        8.066 ms (setup)      255.702 (*)      425.685 (^)      413.712 (&)      215.061 (%) 
Fill: 1
Cl( 1, 0) in Cl( 1, 0) CPU =        0.001 ms (setup)        0.002 (*)        0.001 (^)        0.001 (&)        0.001 (%) 
Cl( 1, 1) in Cl( 1, 1) CPU =        0.001 ms (setup)        0.002 (*)        0.002 (^)        0.002 (&)        0.002 (%) 
Cl( 2, 1) in Cl( 2, 1) CPU =        0.002 ms (setup)        0.004 (*)        0.003 (^)        0.003 (&)        0.003 (%) 
Cl( 2, 2) in Cl( 2, 2) CPU =        0.004 ms (setup)        0.009 (*)        0.004 (^)        0.005 (&)        0.005 (%) 
Cl( 3, 2) in Cl( 3, 2) CPU =        0.007 ms (setup)        0.026 (*)        0.009 (^)        0.011 (&)        0.009 (%) 
Cl( 3, 3) in Cl( 3, 3) CPU =        0.013 ms (setup)        0.069 (*)        0.020 (^)        0.026 (&)        0.021 (%) 
Cl( 4, 3) in Cl( 4, 3) CPU =        0.026 ms (setup)        0.231 (*)        0.046 (^)        0.064 (&)        0.049 (%) 
Cl( 4, 4) in Cl( 4, 4) CPU =        0.054 ms (setup)        0.593 (*)        0.113 (^)        0.166 (&)        0.120 (%) 
Cl( 5, 4) in Cl( 5, 4) CPU =        0.103 ms (setup)        1.948 (*)        0.273 (^)        0.443 (&)        0.294 (%) 
Cl( 5, 5) in Cl( 5, 5) CPU =        0.196 ms (setup)        2.821 (*)        0.691 (^)        1.212 (&)        0.760 (%) 
Cl( 6, 5) in Cl( 6, 5) CPU =        0.404 ms (setup)        9.296 (*)        1.804 (^)        3.449 (&)        2.026 (%) 
Cl( 6, 6) in Cl( 6, 6) CPU =        0.789 ms (setup)       13.919 (*)        4.854 (^)        9.935 (&)        5.604 (%) 
Cl( 7, 6) in Cl( 7, 6) CPU =        1.633 ms (setup)       44.763 (*)       13.567 (^)       29.131 (&)       15.803 (%) 
Cl( 7, 7) in Cl( 7, 7) CPU =        3.356 ms (setup)       66.594 (*)       39.342 (^)       86.380 (&)       47.388 (%) 
Cl( 8, 7) in Cl( 8, 7) CPU =        6.803 ms (setup)      230.910 (*)      117.219 (^)      267.266 (&)      136.084 (%) 
Cl( 8, 8) in Cl( 8, 8) CPU =       13.899 ms (setup)      348.105 (*)      365.228 (^)      834.063 (&)      421.899 (%) 
Cl( 1, 0) in Cl( 8, 8) CPU =        0.002 ms (setup)        0.002 (*)        0.001 (^)        0.001 (&)        0.001 (%) 
Cl( 1, 1) in Cl( 8, 8) CPU =        0.001 ms (setup)        0.002 (*)        0.002 (^)        0.002 (&)        0.002 (%) 
Cl( 2, 1) in Cl( 8, 8) CPU =        0.003 ms (setup)        0.005 (*)        0.003 (^)        0.003 (&)        0.003 (%) 
Cl( 2, 2) in Cl( 8, 8) CPU =        0.003 ms (setup)        0.009 (*)        0.004 (^)        0.005 (&)        0.005 (%) 
Cl( 3, 2) in Cl( 8, 8) CPU =        0.007 ms (setup)        0.023 (*)        0.009 (^)        0.014 (&)        0.009 (%) 
Cl( 3, 3) in Cl( 8, 8) CPU =        0.013 ms (setup)        0.069 (*)        0.021 (^)        0.026 (&)        0.021 (%) 
Cl( 4, 3) in Cl( 8, 8) CPU =        0.026 ms (setup)        0.231 (*)        0.046 (^)        0.064 (&)        0.049 (%) 
Cl( 4, 4) in Cl( 8, 8) CPU =        0.052 ms (setup)        0.589 (*)        0.114 (^)        0.167 (&)        0.118 (%) 
Cl( 5, 4) in Cl( 8, 8) CPU =        0.102 ms (setup)        1.938 (*)        0.270 (^)        0.443 (&)        0.295 (%) 
Cl( 5, 5) in Cl( 8, 8) CPU =        0.195 ms (setup)        2.817 (*)        0.693 (^)        1.211 (&)        0.766 (%) 
Cl( 6, 5) in Cl( 8, 8) CPU =        0.405 ms (setup)        9.320 (*)        1.815 (^)        3.452 (&)        2.030 (%) 
Cl( 6, 6) in Cl( 8, 8) CPU =        0.787 ms (setup)       13.582 (*)        5.014 (^)        9.972 (&)        5.612 (%) 
Cl( 7, 6) in Cl( 8, 8) CPU =        1.633 ms (setup)       45.081 (*)       13.617 (^)       30.044 (&)       15.852 (%) 
Cl( 7, 7) in Cl( 8, 8) CPU =        3.327 ms (setup)       67.079 (*)       39.443 (^)       86.567 (&)       46.274 (%) 
Cl( 8, 7) in Cl( 8, 8) CPU =        6.836 ms (setup)      232.377 (*)      118.865 (^)      263.712 (&)      136.593 (%) 
Cl( 8, 8) in Cl( 8, 8) CPU =       13.893 ms (setup)      348.068 (*)      368.155 (^)      832.288 (&)      418.401 (%) 

matrix_multi<double>
Clifford algebra products test:
Fill: 0.5
Cl( 1, 0) in Cl( 1, 0) CPU =        0.005 ms (setup)        0.001 (*)        0.009 (^)        0.007 (&)        0.009 (%) 
Cl( 1, 1) in Cl( 1, 1) CPU =        0.005 ms (setup)        0.001 (*)        0.006 (^)        0.007 (&)        0.007 (%) 
Cl( 2, 1) in Cl( 2, 1) CPU =        0.005 ms (setup)        0.001 (*)        0.044 (^)        0.029 (&)        0.037 (%) 
Cl( 2, 2) in Cl( 2, 2) CPU =        0.009 ms (setup)        0.001 (*)        0.036 (^)        0.040 (&)        0.050 (%) 
Cl( 3, 2) in Cl( 3, 2) CPU =        0.035 ms (setup)        0.001 (*)        0.193 (^)        0.189 (&)        0.211 (%) 
Cl( 3, 3) in Cl( 3, 3) CPU =        0.034 ms (setup)        0.002 (*)        0.260 (^)        0.311 (&)        0.308 (%) 
Cl( 4, 3) in Cl( 4, 3) CPU =        0.082 ms (setup)        0.003 (*)        1.359 (^)        1.421 (&)        1.440 (%) 
Cl( 4, 4) in Cl( 4, 4) CPU =        0.147 ms (setup)        0.003 (*)        2.050 (^)        2.119 (&)        2.170 (%) 
Cl( 5, 4) in Cl( 5, 4) CPU =        0.386 ms (setup)        0.010 (*)        7.652 (^)        8.541 (&)        8.262 (%) 
Cl( 5, 5) in Cl( 5, 5) CPU =        0.652 ms (setup)        0.010 (*)       11.842 (^)       12.418 (&)       11.992 (%) 
Cl( 6, 5) in Cl( 6, 5) CPU =        1.514 ms (setup)        0.059 (*)       42.751 (^)       46.457 (&)       44.374 (%) 
Cl( 6, 6) in Cl( 6, 6) CPU =        2.960 ms (setup)        0.058 (*)       63.273 (^)       65.242 (&)       62.898 (%) 
Cl( 7, 6) in Cl( 7, 6) CPU =        6.847 ms (setup)        0.415 (*)      256.630 (^)      279.141 (&)      258.223 (%) 
Cl( 7, 7) in Cl( 7, 7) CPU =       13.379 ms (setup)        0.398 (*)      324.786 (^)      363.770 (&)      332.221 (%) 
Cl( 8, 7) in Cl( 8, 7) CPU =       31.613 ms (setup)        2.851 (*)     1534.304 (^)     1778.794 (&)     1533.966 (%) 
Cl( 8, 8) in Cl( 8, 8) CPU =       64.420 ms (setup)        2.913 (*)     1953.518 (^)     2232.889 (&)     1959.947 (%) 
Cl( 1, 0) in Cl( 8, 8) CPU =        0.058 ms (setup)        2.882 (*)       15.788 (^)       15.573 (&)       15.684 (%) 
Cl( 1, 1) in Cl( 8, 8) CPU =        0.073 ms (setup)        2.865 (*)       27.387 (^)       15.763 (&)       23.588 (%) 
Cl( 2, 1) in Cl( 8, 8) CPU =        0.102 ms (setup)        2.876 (*)       43.035 (^)       25.494 (&)       33.694 (%) 
Cl( 2, 2) in Cl( 8, 8) CPU =        0.268 ms (setup)        2.863 (*)       66.161 (^)       42.715 (&)       46.833 (%) 
Cl( 3, 2) in Cl( 8, 8) CPU =        0.973 ms (setup)        2.859 (*)       93.651 (^)       62.985 (&)       63.659 (%) 
Cl( 3, 3) in Cl( 8, 8) CPU =        1.558 ms (setup)        2.871 (*)      131.264 (^)       95.145 (&)       85.457 (%) 
Cl( 4, 3) in Cl( 8, 8) CPU =        1.754 ms (setup)        2.859 (*)      175.060 (^)      175.019 (&)      116.472 (%) 
Cl( 4, 4) in Cl( 8, 8) CPU =        2.067 ms (setup)        3.100 (*)      230.455 (^)      177.646 (&)      148.409 (%) 
Cl( 5, 4) in Cl( 8, 8) CPU =        2.776 ms (setup)        2.856 (*)      295.122 (^)      232.805 (&)      183.977 (%) 
Cl( 5, 5) in Cl( 8, 8) CPU =        3.858 ms (setup)        2.975 (*)      392.009 (^)      347.880 (&)      256.036 (%) 
Cl( 6, 5) in Cl( 8, 8) CPU =        7.963 ms (setup)        2.847 (*)      440.965 (^)      379.194 (&)      288.928 (%) 
Cl( 6, 6) in Cl( 8, 8) CPU =       12.627 ms (setup)        2.845 (*)      525.064 (^)      530.510 (&)      386.655 (%) 
Cl( 7, 6) in Cl( 8, 8) CPU =       30.137 ms (setup)        2.896 (*)      662.411 (^)      763.913 (&)      546.113 (%) 
Cl( 7, 7) in Cl( 8, 8) CPU =       53.620 ms (setup)        2.852 (*)      842.943 (^)      936.243 (&)      731.569 (%) 
Cl( 8, 7) in Cl( 8, 8) CPU =      129.323 ms (setup)        2.870 (*)     1555.807 (^)     1690.586 (&)     1447.570 (%) 
Cl( 8, 8) in Cl( 8, 8) CPU =       65.176 ms (setup)        2.946 (*)     1856.547 (^)     2228.910 (&)     1916.771 (%) 
Fill: 1
Cl( 1, 0) in Cl( 1, 0) CPU =        0.003 ms (setup)        0.001 (*)        0.009 (^)        0.007 (&)        0.009 (%) 
Cl( 1, 1) in Cl( 1, 1) CPU =        0.004 ms (setup)        0.001 (*)        0.013 (^)        0.009 (&)        0.013 (%) 
Cl( 2, 1) in Cl( 2, 1) CPU =        0.005 ms (setup)        0.001 (*)        0.048 (^)        0.042 (&)        0.046 (%) 
Cl( 2, 2) in Cl( 2, 2) CPU =        0.013 ms (setup)        0.001 (*)        0.074 (^)        0.060 (&)        0.074 (%) 
Cl( 3, 2) in Cl( 3, 2) CPU =        0.024 ms (setup)        0.001 (*)        0.258 (^)        0.247 (&)        0.258 (%) 
Cl( 3, 3) in Cl( 3, 3) CPU =        0.043 ms (setup)        0.001 (*)        0.412 (^)        0.398 (&)        0.423 (%) 
Cl( 4, 3) in Cl( 4, 3) CPU =        0.107 ms (setup)        0.003 (*)        1.671 (^)        1.696 (&)        1.701 (%) 
Cl( 4, 4) in Cl( 4, 4) CPU =        0.205 ms (setup)        0.003 (*)        2.553 (^)        2.474 (&)        2.518 (%) 
Cl( 5, 4) in Cl( 5, 4) CPU =        0.487 ms (setup)        0.011 (*)        8.995 (^)        9.358 (&)        9.194 (%) 
Cl( 5, 5) in Cl( 5, 5) CPU =        0.952 ms (setup)        0.010 (*)       12.976 (^)       13.562 (&)       13.059 (%) 
Cl( 6, 5) in Cl( 6, 5) CPU =        2.232 ms (setup)        0.059 (*)       49.505 (^)       52.422 (&)       50.508 (%) 
Cl( 6, 6) in Cl( 6, 6) CPU =        4.421 ms (setup)        0.059 (*)       67.271 (^)       70.103 (&)       67.241 (%) 
Cl( 7, 6) in Cl( 7, 6) CPU =       10.437 ms (setup)        0.400 (*)      270.864 (^)      293.130 (&)      271.183 (%) 
Cl( 7, 7) in Cl( 7, 7) CPU =       21.012 ms (setup)        0.403 (*)      361.870 (^)      388.945 (&)      362.014 (%) 
Cl( 8, 7) in Cl( 8, 7) CPU =       52.988 ms (setup)        2.998 (*)     1928.238 (^)     1830.400 (&)     1596.949 (%) 
Cl( 8, 8) in Cl( 8, 8) CPU =      106.668 ms (setup)        2.872 (*)     2063.461 (^)     2349.179 (&)     2077.072 (%) 
Cl( 1, 0) in Cl( 8, 8) CPU =        0.068 ms (setup)        2.904 (*)       27.018 (^)       15.869 (&)       23.483 (%) 
Cl( 1, 1) in Cl( 8, 8) CPU =        0.086 ms (setup)        2.857 (*)       43.283 (^)       25.399 (&)       34.961 (%) 
Cl( 2, 1) in Cl( 8, 8) CPU =        0.177 ms (setup)        3.067 (*)       66.449 (^)       42.295 (&)       47.776 (%) 
Cl( 2, 2) in Cl( 8, 8) CPU =        1.489 ms (setup)        3.078 (*)       92.721 (^)       63.020 (&)       62.477 (%) 
Cl( 3, 2) in Cl( 8, 8) CPU =        1.538 ms (setup)        2.861 (*)      128.749 (^)       92.062 (&)       82.232 (%) 
Cl( 3, 3) in Cl( 8, 8) CPU =        1.595 ms (setup)        2.948 (*)      173.895 (^)      130.177 (&)      109.318 (%) 
Cl( 4, 3) in Cl( 8, 8) CPU =        1.891 ms (setup)        2.868 (*)      229.019 (^)      182.043 (&)      144.114 (%) 
Cl( 4, 4) in Cl( 8, 8) CPU =        2.144 ms (setup)        2.858 (*)      284.353 (^)      227.061 (&)      176.109 (%) 
Cl( 5, 4) in Cl( 8, 8) CPU =        3.320 ms (setup)        2.848 (*)      345.209 (^)      288.656 (&)      216.203 (%) 
Cl( 5, 5) in Cl( 8, 8) CPU =        4.809 ms (setup)        3.006 (*)      393.524 (^)      352.058 (&)      256.867 (%) 
Cl( 6, 5) in Cl( 8, 8) CPU =        9.534 ms (setup)        2.856 (*)      481.474 (^)      448.725 (&)      328.647 (%) 
Cl( 6, 6) in Cl( 8, 8) CPU =       17.209 ms (setup)        2.844 (*)      535.815 (^)      540.883 (&)      394.721 (%) 
Cl( 7, 6) in Cl( 8, 8) CPU =       38.605 ms (setup)        2.850 (*)      759.493 (^)      779.942 (&)      604.229 (%) 
Cl( 7, 7) in Cl( 8, 8) CPU =       71.666 ms (setup)        2.861 (*)      873.996 (^)      967.973 (&)      755.813 (%) 
Cl( 8, 7) in Cl( 8, 8) CPU =      179.851 ms (setup)        2.868 (*)     1707.689 (^)     1838.337 (&)     1591.208 (%) 
Cl( 8, 8) in Cl( 8, 8) CPU =      105.284 ms (setup)        2.861 (*)     2067.776 (^)     2346.053 (&)     2068.059 (%) 
