
framed_multi<double>
Clifford algebra squaring test:
Fill: 0.5
Cl( 1, 0) in Cl( 1, 0) CPU =        0.063 ms (setup)        0.010 (*) 
Cl( 1, 1) in Cl( 1, 1) CPU =        0.002 ms (setup)        0.002 (*) 
Cl( 2, 1) in Cl( 2, 1) CPU =        0.002 ms (setup)        0.016 (*) 
Cl( 2, 2) in Cl( 2, 2) CPU =        0.003 ms (setup)        0.007 (*) 
Cl( 3, 2) in Cl( 3, 2) CPU =        0.004 ms (setup)        0.017 (*) 
Cl( 3, 3) in Cl( 3, 3) CPU =        0.027 ms (setup)        0.040 (*) 
Cl( 4, 3) in Cl( 4, 3) CPU =        0.019 ms (setup)        0.104 (*) 
Cl( 4, 4) in Cl( 4, 4) CPU =        0.034 ms (setup)        0.605 (*) 
Cl( 5, 4) in Cl( 5, 4) CPU =        0.070 ms (setup)        1.902 (*) 
Cl( 5, 5) in Cl( 5, 5) CPU =        0.177 ms (setup)        2.412 (*) 
Cl( 6, 5) in Cl( 6, 5) CPU =        0.257 ms (setup)        8.471 (*) 
Cl( 6, 6) in Cl( 6, 6) CPU =        0.488 ms (setup)       11.104 (*) 
Cl( 7, 6) in Cl( 7, 6) CPU =        1.105 ms (setup)       39.697 (*) 
Cl( 7, 7) in Cl( 7, 7) CPU =        2.065 ms (setup)       53.188 (*) 
Cl( 8, 7) in Cl( 8, 7) CPU =        4.333 ms (setup)      190.649 (*) 
Cl( 8, 8) in Cl( 8, 8) CPU =        8.811 ms (setup)      259.125 (*) 
Cl( 9, 8) in Cl( 9, 8) CPU =       17.983 ms (setup)      701.675 (*) 
Cl( 9, 9) in Cl( 9, 9) CPU =       37.402 ms (setup)     1318.010 (*) 
Cl(10, 9) in Cl(10, 9) CPU =       72.806 ms (setup)     5093.738 (*) 
Cl(10,10) in Cl(10,10) CPU =      159.605 ms (setup)     7140.710 (*) 
Cl(11,10) in Cl(11,10) CPU =      338.081 ms (setup)    29385.495 (*) 
Cl(11,11) in Cl(11,11) CPU =      642.437 ms (setup)    43117.499 (*) 
Fill: 1
Cl( 1, 0) in Cl( 1, 0) CPU =        0.005 ms (setup)        0.009 (*) 
Cl( 1, 1) in Cl( 1, 1) CPU =        0.002 ms (setup)        0.004 (*) 
Cl( 2, 1) in Cl( 2, 1) CPU =        0.002 ms (setup)        0.006 (*) 
Cl( 2, 2) in Cl( 2, 2) CPU =        0.004 ms (setup)        0.011 (*) 
Cl( 3, 2) in Cl( 3, 2) CPU =        0.009 ms (setup)        0.026 (*) 
Cl( 3, 3) in Cl( 3, 3) CPU =        0.014 ms (setup)        0.073 (*) 
Cl( 4, 3) in Cl( 4, 3) CPU =        0.030 ms (setup)        0.251 (*) 
Cl( 4, 4) in Cl( 4, 4) CPU =        0.060 ms (setup)       39.956 (*) 
Cl( 5, 4) in Cl( 5, 4) CPU =        0.115 ms (setup)        1.990 (*) 
Cl( 5, 5) in Cl( 5, 5) CPU =        0.208 ms (setup)        2.821 (*) 
Cl( 6, 5) in Cl( 6, 5) CPU =        0.424 ms (setup)        9.617 (*) 
Cl( 6, 6) in Cl( 6, 6) CPU =        0.826 ms (setup)       13.701 (*) 
Cl( 7, 6) in Cl( 7, 6) CPU =        1.665 ms (setup)       46.532 (*) 
Cl( 7, 7) in Cl( 7, 7) CPU =        3.324 ms (setup)       67.566 (*) 
Cl( 8, 7) in Cl( 8, 7) CPU =        6.835 ms (setup)      227.977 (*) 
Cl( 8, 8) in Cl( 8, 8) CPU =       13.913 ms (setup)      342.022 (*) 
Cl( 9, 8) in Cl( 9, 8) CPU =       28.909 ms (setup)      948.290 (*) 
Cl( 9, 9) in Cl( 9, 9) CPU =       67.213 ms (setup)     1848.357 (*) 
Cl(10, 9) in Cl(10, 9) CPU =      142.788 ms (setup)     6594.732 (*) 
Cl(10,10) in Cl(10,10) CPU =      279.217 ms (setup)    10652.472 (*) 
Cl(11,10) in Cl(11,10) CPU =      597.783 ms (setup)    39798.825 (*) 
Cl(11,11) in Cl(11,11) CPU =     1214.282 ms (setup)    67408.429 (*) 

matrix_multi<double>
Clifford algebra squaring test:
Fill: 0.5
Cl( 1, 0) in Cl( 1, 0) CPU =        0.048 ms (setup)        0.003 (*) 
Cl( 1, 1) in Cl( 1, 1) CPU =        0.005 ms (setup)        0.001 (*) 
Cl( 2, 1) in Cl( 2, 1) CPU =        0.020 ms (setup)        0.002 (*) 
Cl( 2, 2) in Cl( 2, 2) CPU =        0.018 ms (setup)        0.001 (*) 
Cl( 3, 2) in Cl( 3, 2) CPU =        0.048 ms (setup)        0.008 (*) 
Cl( 3, 3) in Cl( 3, 3) CPU =        0.058 ms (setup)        0.003 (*) 
Cl( 4, 3) in Cl( 4, 3) CPU =       48.578 ms (setup)        0.012 (*) 
Cl( 4, 4) in Cl( 4, 4) CPU =        0.164 ms (setup)        0.008 (*) 
Cl( 5, 4) in Cl( 5, 4) CPU =        0.372 ms (setup)        0.013 (*) 
Cl( 5, 5) in Cl( 5, 5) CPU =        0.649 ms (setup)        0.013 (*) 
Cl( 6, 5) in Cl( 6, 5) CPU =        1.558 ms (setup)        0.063 (*) 
Cl( 6, 6) in Cl( 6, 6) CPU =        3.103 ms (setup)        0.062 (*) 
Cl( 7, 6) in Cl( 7, 6) CPU =        6.884 ms (setup)        0.410 (*) 
Cl( 7, 7) in Cl( 7, 7) CPU =       13.392 ms (setup)        0.396 (*) 
Cl( 8, 7) in Cl( 8, 7) CPU =       31.929 ms (setup)        2.925 (*) 
Cl( 8, 8) in Cl( 8, 8) CPU =       63.345 ms (setup)        3.055 (*) 
Cl( 9, 8) in Cl( 9, 8) CPU =      159.555 ms (setup)       22.101 (*) 
Cl( 9, 9) in Cl( 9, 9) CPU =      303.365 ms (setup)       22.176 (*) 
Cl(10, 9) in Cl(10, 9) CPU =      795.787 ms (setup)      174.203 (*) 
Cl(10,10) in Cl(10,10) CPU =     1566.887 ms (setup)      170.105 (*) 
Cl(11,10) in Cl(11,10) CPU =     4304.995 ms (setup)     1314.307 (*) 
Cl(11,11) in Cl(11,11) CPU =     8670.298 ms (setup)     1363.307 (*) 
Fill: 1
Cl( 1, 0) in Cl( 1, 0) CPU =        0.021 ms (setup)        0.004 (*) 
Cl( 1, 1) in Cl( 1, 1) CPU =        0.018 ms (setup)        0.002 (*) 
Cl( 2, 1) in Cl( 2, 1) CPU =        0.022 ms (setup)        0.003 (*) 
Cl( 2, 2) in Cl( 2, 2) CPU =        0.027 ms (setup)        0.002 (*) 
Cl( 3, 2) in Cl( 3, 2) CPU =        7.613 ms (setup)        0.008 (*) 
Cl( 3, 3) in Cl( 3, 3) CPU =        0.060 ms (setup)        0.004 (*) 
Cl( 4, 3) in Cl( 4, 3) CPU =        0.121 ms (setup)        0.005 (*) 
Cl( 4, 4) in Cl( 4, 4) CPU =        0.242 ms (setup)        0.006 (*) 
Cl( 5, 4) in Cl( 5, 4) CPU =        0.497 ms (setup)        0.014 (*) 
Cl( 5, 5) in Cl( 5, 5) CPU =        0.971 ms (setup)        0.013 (*) 
Cl( 6, 5) in Cl( 6, 5) CPU =        2.277 ms (setup)        0.064 (*) 
Cl( 6, 6) in Cl( 6, 6) CPU =        4.460 ms (setup)        0.062 (*) 
Cl( 7, 6) in Cl( 7, 6) CPU =       10.544 ms (setup)        0.402 (*) 
Cl( 7, 7) in Cl( 7, 7) CPU =       21.017 ms (setup)        0.396 (*) 
Cl( 8, 7) in Cl( 8, 7) CPU =       52.223 ms (setup)        2.998 (*) 
Cl( 8, 8) in Cl( 8, 8) CPU =      103.993 ms (setup)        3.094 (*) 
Cl( 9, 8) in Cl( 9, 8) CPU =      273.671 ms (setup)       22.125 (*) 
Cl( 9, 9) in Cl( 9, 9) CPU =      540.654 ms (setup)       22.378 (*) 
Cl(10, 9) in Cl(10, 9) CPU =     1468.765 ms (setup)      174.017 (*) 
Cl(10,10) in Cl(10,10) CPU =     2994.320 ms (setup)      171.417 (*) 
Cl(11,10) in Cl(11,10) CPU =     8731.932 ms (setup)     1371.420 (*) 
Cl(11,11) in Cl(11,11) CPU =    18167.113 ms (setup)     1319.532 (*) 
