framed_multi<double,DEFAULT_LO,DEFAULT_HI,tuning_naive_p>
Clifford algebra transform test:
Fill: 0.5
Cl( 1, 0) in Cl(16, 0) CPU = mm:       1.71 (old)       8.31 (new) fm:    4700.41 (old)       0.59 (new)  diff: old: 6.43e-15 new: 0.00e+00 fm: 0.00e+00 mm: 6.43e-15
Cl( 2, 0) in Cl(16, 0) CPU = mm:       0.03 (old)       3.43 (new) fm:     144.03 (old)       0.49 (new)  diff: old: 5.10e-15 new: 3.36e-17 fm: 0.00e+00 mm: 5.10e-15
Cl( 3, 0) in Cl(16, 0) CPU = mm:       0.04 (old)       3.43 (new) fm:     144.61 (old)       0.51 (new)  diff: old: 2.68e-15 new: 0.00e+00 fm: 0.00e+00 mm: 2.68e-15
Cl( 4, 0) in Cl(16, 0) CPU = mm:       0.04 (old)       3.38 (new) fm:     144.12 (old)       0.51 (new)  diff: old: 2.34e-15 new: 6.47e-17 fm: 0.00e+00 mm: 2.35e-15
Cl( 5, 0) in Cl(16, 0) CPU = mm:       0.06 (old)       3.56 (new) fm:     144.41 (old)       0.58 (new)  diff: old: 2.83e-15 new: 2.38e-16 fm: 0.00e+00 mm: 2.82e-15
Cl( 6, 0) in Cl(16, 0) CPU = mm:       0.10 (old)       3.34 (new) fm:     143.31 (old)       0.66 (new)  diff: old: 3.08e-15 new: 1.72e-16 fm: 0.00e+00 mm: 3.15e-15
Cl( 7, 0) in Cl(16, 0) CPU = mm:       0.21 (old)       3.75 (new) fm:     144.17 (old)       0.90 (new)  diff: old: 3.97e-15 new: 1.26e-16 fm: 0.00e+00 mm: 3.98e-15
Cl( 8, 0) in Cl(16, 0) CPU = mm:       0.34 (old)       4.64 (new) fm:     145.05 (old)       1.44 (new)  diff: old: 3.04e-15 new: 1.57e-16 fm: 0.00e+00 mm: 3.04e-15
Cl( 9, 0) in Cl(16, 0) CPU = mm:       0.73 (old)       5.50 (new) fm:     144.72 (old)       2.46 (new)  diff: old: 3.16e-15 new: 2.40e-16 fm: 0.00e+00 mm: 2.95e-15
Cl(10, 0) in Cl(16, 0) CPU = mm:       1.46 (old)       7.21 (new) fm:     148.01 (old)       4.29 (new)  diff: old: 2.68e-15 new: 2.15e-16 fm: 5.10e-17 mm: 2.48e-15
Cl(11, 0) in Cl(16, 0) CPU = mm:       2.97 (old)       9.03 (new) fm:     145.75 (old)       7.91 (new)  diff: old: 2.12e-15 new: 3.56e-16 fm: 1.00e-16 mm: 1.99e-15
Cl(12, 0) in Cl(16, 0) CPU = mm:       5.95 (old)      13.26 (new) fm:     146.68 (old)      14.36 (new)  diff: old: 2.12e-15 new: 7.06e-16 fm: 1.36e-16 mm: 1.99e-15
Cl(13, 0) in Cl(16, 0) CPU = mm:      12.04 (old)      19.81 (new) fm:     155.74 (old)      29.15 (new)  diff: old: 2.23e-15 new: 1.39e-15 fm: 1.76e-16 mm: 1.36e-15
Cl(14, 0) in Cl(16, 0) CPU = mm:      25.35 (old)      29.94 (new) fm:     157.73 (old)      45.54 (new)  diff: old: 1.63e-15 new: 9.98e-16 fm: 2.30e-16 mm: 9.81e-16
Cl(15, 0) in Cl(16, 0) CPU = mm:      52.77 (old)      41.34 (new) fm:     162.41 (old)      68.93 (new)  diff: old: 1.15e-15 new: 7.51e-16 fm: 3.03e-16 mm: 7.03e-16
Cl(16, 0) in Cl(16, 0) CPU = mm:     112.08 (old)      64.34 (new) fm:     170.52 (old)     117.78 (new)  diff: old: 6.43e-16 new: 4.09e-16 fm: 4.07e-16 mm: 6.08e-16
Cl( 1, 0) in Cl( 8, 8) CPU = mm:       0.08 (old)       1.67 (new) fm:    4734.42 (old)       0.61 (new)  diff: old: 1.59e-15 new: 0.00e+00 fm: 0.00e+00 mm: 1.59e-15
Cl( 1, 1) in Cl( 8, 8) CPU = mm:       0.03 (old)       1.98 (new) fm:     174.50 (old)       0.49 (new)  diff: old: 3.96e-15 new: 0.00e+00 fm: 0.00e+00 mm: 3.96e-15
Cl( 2, 1) in Cl( 8, 8) CPU = mm:       0.04 (old)       3.21 (new) fm:     174.46 (old)       0.57 (new)  diff: old: 2.92e-15 new: 4.13e-17 fm: 0.00e+00 mm: 2.89e-15
Cl( 2, 2) in Cl( 8, 8) CPU = mm:       0.05 (old)       2.51 (new) fm:     175.79 (old)       0.52 (new)  diff: old: 8.17e-16 new: 2.79e-17 fm: 5.57e-17 mm: 7.93e-16
Cl( 3, 2) in Cl( 8, 8) CPU = mm:       0.07 (old)       3.20 (new) fm:     174.43 (old)       0.53 (new)  diff: old: 3.95e-15 new: 1.93e-16 fm: 4.45e-17 mm: 4.07e-15
Cl( 3, 3) in Cl( 8, 8) CPU = mm:       0.12 (old)       3.27 (new) fm:     175.55 (old)       0.58 (new)  diff: old: 2.47e-15 new: 1.28e-16 fm: 7.87e-17 mm: 2.46e-15
Cl( 4, 3) in Cl( 8, 8) CPU = mm:       0.19 (old)       3.31 (new) fm:     176.35 (old)       0.63 (new)  diff: old: 2.16e-15 new: 1.47e-16 fm: 8.07e-17 mm: 2.21e-15
Cl( 4, 4) in Cl( 8, 8) CPU = mm:       0.32 (old)       3.47 (new) fm:     175.36 (old)       0.82 (new)  diff: old: 8.73e-16 new: 2.05e-16 fm: 1.31e-16 mm: 8.68e-16
Cl( 5, 4) in Cl( 8, 8) CPU = mm:       0.68 (old)       3.65 (new) fm:     176.84 (old)       1.23 (new)  diff: old: 1.04e-15 new: 2.22e-16 fm: 1.16e-16 mm: 1.03e-15
Cl( 5, 5) in Cl( 8, 8) CPU = mm:       1.34 (old)       4.29 (new) fm:     177.42 (old)       2.13 (new)  diff: old: 7.03e-16 new: 2.85e-16 fm: 1.80e-16 mm: 6.78e-16
Cl( 6, 5) in Cl( 8, 8) CPU = mm:       2.84 (old)       4.26 (new) fm:     178.77 (old)       3.85 (new)  diff: old: 7.71e-16 new: 3.09e-16 fm: 1.75e-16 mm: 7.00e-16
Cl( 6, 6) in Cl( 8, 8) CPU = mm:       5.93 (old)       6.07 (new) fm:     178.69 (old)       7.57 (new)  diff: old: 5.36e-16 new: 3.84e-16 fm: 2.32e-16 mm: 5.37e-16
Cl( 7, 6) in Cl( 8, 8) CPU = mm:      13.05 (old)       8.98 (new) fm:     181.90 (old)      15.15 (new)  diff: old: 5.17e-16 new: 4.19e-16 fm: 2.32e-16 mm: 5.13e-16
Cl( 7, 7) in Cl( 8, 8) CPU = mm:      25.72 (old)      16.33 (new) fm:     182.74 (old)      31.19 (new)  diff: old: 5.32e-16 new: 5.15e-16 fm: 3.01e-16 mm: 5.10e-16
Cl( 8, 7) in Cl( 8, 8) CPU = mm:      55.57 (old)      30.35 (new) fm:     186.41 (old)      64.32 (new)  diff: old: 5.31e-16 new: 5.75e-16 fm: 3.04e-16 mm: 5.10e-16
Cl( 8, 8) in Cl( 8, 8) CPU = mm:     115.14 (old)      58.12 (new) fm:     197.18 (old)     107.38 (new)  diff: old: 6.44e-16 new: 4.07e-16 fm: 4.06e-16 mm: 6.03e-16
Cl( 1, 0) in Cl( 1, 0) CPU = mm:       0.01 (old)       0.01 (new) fm:       0.01 (old)       0.00 (new)  diff: old: 0.00e+00 new: 0.00e+00 fm: 0.00e+00 mm: 0.00e+00
Cl( 1, 1) in Cl( 1, 1) CPU = mm:       0.02 (old)       0.00 (new) fm:       0.01 (old)       0.00 (new)  diff: old: 0.00e+00 new: 0.00e+00 fm: 0.00e+00 mm: 0.00e+00
Cl( 2, 1) in Cl( 2, 1) CPU = mm:       0.01 (old)       0.01 (new) fm:       0.01 (old)       0.02 (new)  diff: old: 3.59e-17 new: 3.59e-17 fm: 0.00e+00 mm: 0.00e+00
Cl( 2, 2) in Cl( 2, 2) CPU = mm:       0.01 (old)       0.01 (new) fm:       0.02 (old)       0.01 (new)  diff: old: 5.64e-17 new: 4.57e-17 fm: 9.97e-18 mm: 4.46e-17
Cl( 3, 2) in Cl( 3, 2) CPU = mm:       0.03 (old)       0.03 (new) fm:       0.04 (old)       0.04 (new)  diff: old: 9.33e-17 new: 3.24e-17 fm: 0.00e+00 mm: 7.62e-17
Cl( 3, 3) in Cl( 3, 3) CPU = mm:       0.04 (old)       0.03 (new) fm:       0.07 (old)       0.04 (new)  diff: old: 1.07e-16 new: 1.19e-16 fm: 1.42e-16 mm: 1.67e-16
Cl( 4, 3) in Cl( 4, 3) CPU = mm:       0.08 (old)       0.12 (new) fm:       0.14 (old)       0.13 (new)  diff: old: 1.82e-16 new: 6.91e-17 fm: 8.87e-17 mm: 1.96e-16
Cl( 4, 4) in Cl( 4, 4) CPU = mm:       0.16 (old)       0.15 (new) fm:       0.27 (old)       0.19 (new)  diff: old: 1.49e-16 new: 1.40e-16 fm: 1.37e-16 mm: 1.83e-16
Cl( 5, 4) in Cl( 5, 4) CPU = mm:       0.36 (old)       0.36 (new) fm:       0.54 (old)       0.68 (new)  diff: old: 2.08e-16 new: 1.27e-16 fm: 1.33e-16 mm: 2.04e-16
Cl( 5, 5) in Cl( 5, 5) CPU = mm:       0.70 (old)       0.62 (new) fm:       1.14 (old)       0.99 (new)  diff: old: 2.40e-16 new: 1.83e-16 fm: 1.91e-16 mm: 2.61e-16
Cl( 6, 5) in Cl( 6, 5) CPU = mm:       1.64 (old)       1.39 (new) fm:       2.70 (old)       2.86 (new)  diff: old: 2.85e-16 new: 1.76e-16 fm: 1.79e-16 mm: 2.87e-16
Cl( 6, 6) in Cl( 6, 6) CPU = mm:       3.19 (old)       2.66 (new) fm:       5.60 (old)       4.71 (new)  diff: old: 3.31e-16 new: 2.39e-16 fm: 2.33e-16 mm: 3.31e-16
Cl( 7, 6) in Cl( 7, 6) CPU = mm:       8.83 (old)       6.18 (new) fm:      15.36 (old)      13.96 (new)  diff: old: 3.71e-16 new: 2.29e-16 fm: 2.30e-16 mm: 3.71e-16
Cl( 7, 7) in Cl( 7, 7) CPU = mm:      17.74 (old)      12.10 (new) fm:      33.06 (old)      22.38 (new)  diff: old: 4.56e-16 new: 3.04e-16 fm: 3.02e-16 mm: 4.40e-16
Cl( 8, 7) in Cl( 8, 7) CPU = mm:      55.97 (old)      28.87 (new) fm:     106.03 (old)      64.01 (new)  diff: old: 5.26e-16 new: 3.05e-16 fm: 3.05e-16 mm: 5.07e-16
Cl( 8, 8) in Cl( 8, 8) CPU = mm:     114.55 (old)      56.90 (new) fm:     197.01 (old)     106.67 (new)  diff: old: 6.38e-16 new: 4.09e-16 fm: 4.08e-16 mm: 6.06e-16
Fill: 1
Cl( 1, 0) in Cl(16, 0) CPU = mm:       0.07 (old)       1.71 (new) fm:     158.29 (old)       0.52 (new)  diff: old: 4.99e-15 new: 0.00e+00 fm: 0.00e+00 mm: 4.99e-15
Cl( 2, 0) in Cl(16, 0) CPU = mm:       0.04 (old)       1.57 (new) fm:     154.74 (old)       0.51 (new)  diff: old: 3.56e-15 new: 3.91e-17 fm: 0.00e+00 mm: 3.56e-15
Cl( 3, 0) in Cl(16, 0) CPU = mm:       0.05 (old)       1.55 (new) fm:     152.22 (old)       0.53 (new)  diff: old: 2.13e-15 new: 1.15e-17 fm: 0.00e+00 mm: 2.13e-15
Cl( 4, 0) in Cl(16, 0) CPU = mm:       0.07 (old)       1.62 (new) fm:     160.61 (old)       0.55 (new)  diff: old: 3.30e-15 new: 1.64e-16 fm: 0.00e+00 mm: 3.26e-15
Cl( 5, 0) in Cl(16, 0) CPU = mm:       0.12 (old)       1.62 (new) fm:     157.16 (old)       0.63 (new)  diff: old: 3.33e-15 new: 1.70e-16 fm: 0.00e+00 mm: 3.31e-15
Cl( 6, 0) in Cl(16, 0) CPU = mm:       0.22 (old)       1.72 (new) fm:     155.86 (old)       0.76 (new)  diff: old: 3.27e-15 new: 1.48e-16 fm: 0.00e+00 mm: 3.25e-15
Cl( 7, 0) in Cl(16, 0) CPU = mm:       0.43 (old)       2.00 (new) fm:     157.25 (old)       1.08 (new)  diff: old: 3.58e-15 new: 1.71e-16 fm: 0.00e+00 mm: 3.59e-15
Cl( 8, 0) in Cl(16, 0) CPU = mm:       0.82 (old)       2.81 (new) fm:     156.58 (old)       1.90 (new)  diff: old: 3.19e-15 new: 2.07e-16 fm: 0.00e+00 mm: 3.16e-15
Cl( 9, 0) in Cl(16, 0) CPU = mm:       1.62 (old)       3.97 (new) fm:     160.71 (old)       3.19 (new)  diff: old: 2.92e-15 new: 3.00e-16 fm: 0.00e+00 mm: 2.65e-15
Cl(10, 0) in Cl(16, 0) CPU = mm:       3.13 (old)       6.50 (new) fm:     157.72 (old)       5.57 (new)  diff: old: 2.55e-15 new: 3.08e-16 fm: 9.24e-17 mm: 2.31e-15
Cl(11, 0) in Cl(16, 0) CPU = mm:       6.39 (old)       9.31 (new) fm:     156.85 (old)       9.82 (new)  diff: old: 1.95e-15 new: 4.36e-16 fm: 1.36e-16 mm: 1.83e-15
Cl(12, 0) in Cl(16, 0) CPU = mm:      13.53 (old)      15.56 (new) fm:     158.63 (old)      17.03 (new)  diff: old: 2.14e-15 new: 7.81e-16 fm: 1.74e-16 mm: 2.01e-15
Cl(13, 0) in Cl(16, 0) CPU = mm:      27.02 (old)      23.60 (new) fm:     161.05 (old)      32.51 (new)  diff: old: 2.21e-15 new: 1.38e-15 fm: 2.26e-16 mm: 1.38e-15
Cl(14, 0) in Cl(16, 0) CPU = mm:      54.96 (old)      42.51 (new) fm:     159.90 (old)      48.94 (new)  diff: old: 1.55e-15 new: 1.02e-15 fm: 2.98e-16 mm: 9.83e-16
Cl(15, 0) in Cl(16, 0) CPU = mm:     111.82 (old)      62.13 (new) fm:     170.27 (old)      75.37 (new)  diff: old: 1.23e-15 new: 8.97e-16 fm: 4.07e-16 mm: 8.02e-16
Cl(16, 0) in Cl(16, 0) CPU = mm:     229.89 (old)     108.38 (new) fm:     174.03 (old)     128.43 (new)  diff: old: 7.38e-16 new: 5.53e-16 fm: 5.56e-16 mm: 7.78e-16
Cl( 1, 0) in Cl( 8, 8) CPU = mm:       0.09 (old)       1.76 (new) fm:     185.62 (old)       0.52 (new)  diff: old: 4.52e-15 new: 0.00e+00 fm: 0.00e+00 mm: 4.52e-15
Cl( 1, 1) in Cl( 8, 8) CPU = mm:       0.04 (old)       1.53 (new) fm:     182.96 (old)       0.53 (new)  diff: old: 2.02e-15 new: 0.00e+00 fm: 0.00e+00 mm: 2.01e-15
Cl( 2, 1) in Cl( 8, 8) CPU = mm:       0.05 (old)       1.55 (new) fm:     185.29 (old)       0.52 (new)  diff: old: 1.68e-15 new: 4.26e-17 fm: 0.00e+00 mm: 1.64e-15
Cl( 2, 2) in Cl( 8, 8) CPU = mm:       0.07 (old)       1.54 (new) fm:     185.46 (old)       0.52 (new)  diff: old: 1.45e-15 new: 1.48e-16 fm: 1.01e-16 mm: 1.44e-15
Cl( 3, 2) in Cl( 8, 8) CPU = mm:       0.12 (old)       1.68 (new) fm:     186.19 (old)       0.53 (new)  diff: old: 1.82e-15 new: 1.08e-16 fm: 6.92e-17 mm: 1.89e-15
Cl( 3, 3) in Cl( 8, 8) CPU = mm:       0.21 (old)       1.55 (new) fm:     185.84 (old)       0.59 (new)  diff: old: 1.34e-15 new: 1.51e-16 fm: 1.18e-16 mm: 1.30e-15
Cl( 4, 3) in Cl( 8, 8) CPU = mm:       0.38 (old)       1.65 (new) fm:     188.28 (old)       0.70 (new)  diff: old: 1.25e-15 new: 2.15e-16 fm: 1.22e-16 mm: 1.24e-15
Cl( 4, 4) in Cl( 8, 8) CPU = mm:       0.73 (old)       1.88 (new) fm:     185.83 (old)       0.89 (new)  diff: old: 9.27e-16 new: 2.63e-16 fm: 1.61e-16 mm: 9.11e-16
Cl( 5, 4) in Cl( 8, 8) CPU = mm:       1.46 (old)       2.09 (new) fm:     185.93 (old)       1.33 (new)  diff: old: 8.91e-16 new: 2.96e-16 fm: 1.89e-16 mm: 8.68e-16
Cl( 5, 5) in Cl( 8, 8) CPU = mm:       2.85 (old)       2.70 (new) fm:     186.22 (old)       2.23 (new)  diff: old: 7.35e-16 new: 3.66e-16 fm: 2.31e-16 mm: 7.05e-16
Cl( 6, 5) in Cl( 8, 8) CPU = mm:       6.50 (old)       4.00 (new) fm:     188.65 (old)       4.25 (new)  diff: old: 7.62e-16 new: 3.84e-16 fm: 2.29e-16 mm: 6.80e-16
Cl( 6, 6) in Cl( 8, 8) CPU = mm:      12.78 (old)       6.56 (new) fm:     189.28 (old)       8.12 (new)  diff: old: 5.49e-16 new: 5.05e-16 fm: 3.03e-16 mm: 5.82e-16
Cl( 7, 6) in Cl( 8, 8) CPU = mm:      27.26 (old)      11.90 (new) fm:     189.85 (old)      16.50 (new)  diff: old: 5.56e-16 new: 5.35e-16 fm: 3.07e-16 mm: 5.83e-16
Cl( 7, 7) in Cl( 8, 8) CPU = mm:      54.16 (old)      23.23 (new) fm:     189.10 (old)      33.28 (new)  diff: old: 5.83e-16 new: 7.04e-16 fm: 4.06e-16 mm: 6.12e-16
Cl( 8, 7) in Cl( 8, 8) CPU = mm:     116.60 (old)      47.98 (new) fm:     197.88 (old)      68.31 (new)  diff: old: 5.85e-16 new: 7.41e-16 fm: 4.07e-16 mm: 6.20e-16
Cl( 8, 8) in Cl( 8, 8) CPU = mm:     231.97 (old)      95.36 (new) fm:     204.81 (old)     115.30 (new)  diff: old: 7.43e-16 new: 5.54e-16 fm: 5.58e-16 mm: 7.84e-16
Cl( 1, 0) in Cl( 1, 0) CPU = mm:       0.01 (old)       0.01 (new) fm:       0.01 (old)       0.01 (new)  diff: old: 0.00e+00 new: 0.00e+00 fm: 0.00e+00 mm: 0.00e+00
Cl( 1, 1) in Cl( 1, 1) CPU = mm:       0.01 (old)       0.00 (new) fm:       0.00 (old)       0.00 (new)  diff: old: 0.00e+00 new: 0.00e+00 fm: 0.00e+00 mm: 0.00e+00
Cl( 2, 1) in Cl( 2, 1) CPU = mm:       0.02 (old)       0.02 (new) fm:       0.01 (old)       0.02 (new)  diff: old: 4.15e-17 new: 2.07e-17 fm: 0.00e+00 mm: 2.93e-17
Cl( 2, 2) in Cl( 2, 2) CPU = mm:       0.02 (old)       0.01 (new) fm:       0.01 (old)       0.01 (new)  diff: old: 6.72e-17 new: 7.99e-17 fm: 1.37e-16 mm: 1.65e-16
Cl( 3, 2) in Cl( 3, 2) CPU = mm:       0.04 (old)       0.03 (new) fm:       0.03 (old)       0.04 (new)  diff: old: 1.14e-16 new: 5.76e-17 fm: 1.15e-16 mm: 1.36e-16
Cl( 3, 3) in Cl( 3, 3) CPU = mm:       0.08 (old)       0.04 (new) fm:       0.05 (old)       0.04 (new)  diff: old: 1.39e-16 new: 7.99e-17 fm: 1.08e-16 mm: 1.70e-16
Cl( 4, 3) in Cl( 4, 3) CPU = mm:       0.16 (old)       0.11 (new) fm:       0.12 (old)       0.16 (new)  diff: old: 1.54e-16 new: 1.37e-16 fm: 1.34e-16 mm: 1.92e-16
Cl( 4, 4) in Cl( 4, 4) CPU = mm:       0.30 (old)       0.20 (new) fm:       0.23 (old)       0.21 (new)  diff: old: 1.94e-16 new: 1.64e-16 fm: 1.70e-16 mm: 2.24e-16
Cl( 5, 4) in Cl( 5, 4) CPU = mm:       0.69 (old)       0.48 (new) fm:       0.51 (old)       0.76 (new)  diff: old: 2.07e-16 new: 1.76e-16 fm: 1.70e-16 mm: 2.45e-16
Cl( 5, 5) in Cl( 5, 5) CPU = mm:       1.37 (old)       0.83 (new) fm:       1.05 (old)       1.03 (new)  diff: old: 2.77e-16 new: 2.10e-16 fm: 2.31e-16 mm: 3.18e-16
Cl( 6, 5) in Cl( 6, 5) CPU = mm:       3.24 (old)       1.97 (new) fm:       2.55 (old)       3.17 (new)  diff: old: 3.00e-16 new: 2.13e-16 fm: 2.35e-16 mm: 3.41e-16
Cl( 6, 6) in Cl( 6, 6) CPU = mm:       6.25 (old)       3.88 (new) fm:       5.54 (old)       4.89 (new)  diff: old: 3.78e-16 new: 2.95e-16 fm: 3.05e-16 mm: 4.27e-16
Cl( 7, 6) in Cl( 7, 6) CPU = mm:      18.24 (old)       9.28 (new) fm:      16.41 (old)      14.85 (new)  diff: old: 4.10e-16 new: 2.99e-16 fm: 3.04e-16 mm: 4.47e-16
Cl( 7, 7) in Cl( 7, 7) CPU = mm:      35.35 (old)      18.52 (new) fm:      34.80 (old)      24.42 (new)  diff: old: 5.32e-16 new: 4.02e-16 fm: 4.09e-16 mm: 5.65e-16
Cl( 8, 7) in Cl( 8, 7) CPU = mm:     111.70 (old)      47.69 (new) fm:     110.23 (old)      68.32 (new)  diff: old: 5.80e-16 new: 4.05e-16 fm: 4.13e-16 mm: 6.19e-16
Cl( 8, 8) in Cl( 8, 8) CPU = mm:     232.22 (old)      93.29 (new) fm:     205.05 (old)     114.00 (new)  diff: old: 7.39e-16 new: 5.57e-16 fm: 5.59e-16 mm: 7.84e-16
