
framed_multi<float,-4,4>
Clifford algebra expressions test:
Fill: 0.5
Cl( 1, 0) in Cl( 1, 0) CPU =        0.001 ms (setup)        0.003 (comm)        0.029 (pade)        0.005 (series)        0.002 (mix)        0.004 (add) 
Cl( 1, 1) in Cl( 1, 1) CPU =        0.001 ms (setup)        0.001 (comm)        0.007 (pade)        0.001 (series)        0.001 (mix)        0.002 (add) 
Cl( 2, 1) in Cl( 2, 1) CPU =        0.002 ms (setup)        0.007 (comm)        0.015 (pade)        0.007 (series)        0.002 (mix)        0.002 (add) 
Cl( 2, 2) in Cl( 2, 2) CPU =        0.002 ms (setup)        0.009 (comm)        0.015 (pade)        0.011 (series)        0.003 (mix)        0.002 (add) 
Cl( 3, 2) in Cl( 3, 2) CPU =        0.004 ms (setup)        0.022 (comm)        0.065 (pade)        0.021 (series)        0.007 (mix)        0.005 (add) 
Cl( 3, 3) in Cl( 3, 3) CPU =        0.011 ms (setup)        0.057 (comm)        0.080 (pade)        0.086 (series)        0.017 (mix)        0.008 (add) 
Cl( 4, 3) in Cl( 4, 3) CPU =        0.022 ms (setup)        0.143 (comm)        0.291 (pade)        0.258 (series)        0.047 (mix)        0.019 (add) 
Cl( 4, 4) in Cl( 4, 4) CPU =        0.045 ms (setup)        0.865 (comm)        0.404 (pade)        1.482 (series)        0.137 (mix)        0.043 (add) 
Cl( 1, 0) in Cl( 4, 4) CPU =        0.001 ms (setup)        0.001 (comm)        0.007 (pade)        0.003 (series)        0.001 (mix)        0.002 (add) 
Cl( 1, 1) in Cl( 4, 4) CPU =        0.001 ms (setup)        0.003 (comm)        0.007 (pade)        0.003 (series)        0.001 (mix)        0.002 (add) 
Cl( 2, 1) in Cl( 4, 4) CPU =        0.001 ms (setup)        0.005 (comm)        0.014 (pade)        0.007 (series)        0.002 (mix)        0.002 (add) 
Cl( 2, 2) in Cl( 4, 4) CPU =        0.003 ms (setup)        0.010 (comm)        0.016 (pade)        0.013 (series)        0.003 (mix)        0.002 (add) 
Cl( 3, 2) in Cl( 4, 4) CPU =        0.005 ms (setup)        0.022 (comm)        0.060 (pade)        0.033 (series)        0.006 (mix)        0.004 (add) 
Cl( 3, 3) in Cl( 4, 4) CPU =        0.011 ms (setup)        0.056 (comm)        0.084 (pade)        0.089 (series)        0.018 (mix)        0.010 (add) 
Cl( 4, 3) in Cl( 4, 4) CPU =        0.022 ms (setup)        0.129 (comm)        0.286 (pade)        0.234 (series)        0.043 (mix)        0.015 (add) 
Cl( 4, 4) in Cl( 4, 4) CPU =        0.045 ms (setup)        0.838 (comm)        0.352 (pade)        0.720 (series)        0.080 (mix)        0.022 (add) 
Fill: 1
Cl( 1, 0) in Cl( 1, 0) CPU =        0.001 ms (setup)        0.002 (comm)        0.004 (pade)        0.011 (series)        0.001 (mix)        0.002 (add) 
Cl( 1, 1) in Cl( 1, 1) CPU =        0.001 ms (setup)        0.003 (comm)        0.003 (pade)        0.003 (series)        0.001 (mix)        0.001 (add) 
Cl( 2, 1) in Cl( 2, 1) CPU =        0.001 ms (setup)        0.004 (comm)        0.007 (pade)        0.004 (series)        0.001 (mix)        0.001 (add) 
Cl( 2, 2) in Cl( 2, 2) CPU =        0.001 ms (setup)        0.005 (comm)        0.009 (pade)        0.007 (series)        0.002 (mix)        0.002 (add) 
Cl( 3, 2) in Cl( 3, 2) CPU =        0.003 ms (setup)        0.015 (comm)        0.030 (pade)        0.021 (series)        0.005 (mix)        0.003 (add) 
Cl( 3, 3) in Cl( 3, 3) CPU =        0.007 ms (setup)        0.042 (comm)        0.042 (pade)        0.061 (series)        0.011 (mix)        0.005 (add) 
Cl( 4, 3) in Cl( 4, 3) CPU =        0.017 ms (setup)        0.122 (comm)        0.154 (pade)        0.188 (series)        0.026 (mix)        0.010 (add) 
Cl( 4, 4) in Cl( 4, 4) CPU =        0.035 ms (setup)        0.478 (comm)        0.208 (pade)        0.801 (series)        0.069 (mix)        0.024 (add) 
Cl( 1, 0) in Cl( 4, 4) CPU =        0.001 ms (setup)        0.002 (comm)        0.003 (pade)        0.002 (series)        0.001 (mix)        0.001 (add) 
Cl( 1, 1) in Cl( 4, 4) CPU =        0.001 ms (setup)        0.002 (comm)        0.004 (pade)        0.003 (series)        0.001 (mix)        0.001 (add) 
Cl( 2, 1) in Cl( 4, 4) CPU =        0.001 ms (setup)        0.003 (comm)        0.006 (pade)        0.004 (series)        0.001 (mix)        0.001 (add) 
Cl( 2, 2) in Cl( 4, 4) CPU =        0.002 ms (setup)        0.005 (comm)        0.009 (pade)        0.007 (series)        0.002 (mix)        0.001 (add) 
Cl( 3, 2) in Cl( 4, 4) CPU =        0.003 ms (setup)        0.015 (comm)        0.029 (pade)        0.021 (series)        0.005 (mix)        0.003 (add) 
Cl( 3, 3) in Cl( 4, 4) CPU =        0.007 ms (setup)        0.042 (comm)        0.041 (pade)        0.061 (series)        0.010 (mix)        0.005 (add) 
Cl( 4, 3) in Cl( 4, 4) CPU =        0.015 ms (setup)        0.123 (comm)        0.151 (pade)        0.190 (series)        0.026 (mix)        0.009 (add) 
Cl( 4, 4) in Cl( 4, 4) CPU =        0.035 ms (setup)        0.472 (comm)        0.213 (pade)        0.801 (series)        0.069 (mix)        0.024 (add) 

matrix_multi<float,-4,4>
Clifford algebra expressions test:
Fill: 0.5
Cl( 1, 0) in Cl( 1, 0) CPU =        0.003 ms (setup)        0.011 (comm)        0.003 (pade)        0.002 (series)        0.002 (mix)        0.001 (add) 
Cl( 1, 1) in Cl( 1, 1) CPU =        0.003 ms (setup)        0.005 (comm)        0.002 (pade)        0.001 (series)        0.004 (mix)        0.001 (add) 
Cl( 2, 1) in Cl( 2, 1) CPU =        0.002 ms (setup)        0.020 (comm)        0.002 (pade)        0.001 (series)        0.018 (mix)        0.001 (add) 
Cl( 2, 2) in Cl( 2, 2) CPU =        0.003 ms (setup)        0.029 (comm)        0.002 (pade)        0.001 (series)        0.028 (mix)        0.000 (add) 
Cl( 3, 2) in Cl( 3, 2) CPU =        0.013 ms (setup)        0.120 (comm)        0.004 (pade)        0.002 (series)        0.114 (mix)        0.001 (add) 
Cl( 3, 3) in Cl( 3, 3) CPU =        0.020 ms (setup)        0.190 (comm)        0.004 (pade)        0.001 (series)        0.180 (mix)        0.001 (add) 
Cl( 4, 3) in Cl( 4, 3) CPU =        0.047 ms (setup)        0.900 (comm)        0.008 (pade)        0.003 (series)        0.872 (mix)        0.001 (add) 
Cl( 4, 4) in Cl( 4, 4) CPU =        0.095 ms (setup)        1.358 (comm)        0.008 (pade)        0.003 (series)        1.322 (mix)        0.001 (add) 
Cl( 1, 0) in Cl( 4, 4) CPU =        0.003 ms (setup)        0.022 (comm)        0.004 (pade)        0.003 (series)        0.019 (mix)        0.001 (add) 
Cl( 1, 1) in Cl( 4, 4) CPU =        0.003 ms (setup)        0.029 (comm)        0.007 (pade)        0.003 (series)        0.026 (mix)        0.001 (add) 
Cl( 2, 1) in Cl( 4, 4) CPU =        0.007 ms (setup)        0.063 (comm)        0.007 (pade)        0.003 (series)        0.060 (mix)        0.001 (add) 
Cl( 2, 2) in Cl( 4, 4) CPU =        0.011 ms (setup)        0.077 (comm)        0.007 (pade)        0.003 (series)        0.074 (mix)        0.001 (add) 
Cl( 3, 2) in Cl( 4, 4) CPU =        0.042 ms (setup)        0.218 (comm)        0.007 (pade)        0.003 (series)        0.208 (mix)        0.000 (add) 
Cl( 3, 3) in Cl( 4, 4) CPU =        0.069 ms (setup)        0.299 (comm)        0.007 (pade)        0.003 (series)        0.291 (mix)        0.000 (add) 
Cl( 4, 3) in Cl( 4, 4) CPU =        0.177 ms (setup)        0.835 (comm)        0.008 (pade)        0.003 (series)        0.815 (mix)        0.001 (add) 
Cl( 4, 4) in Cl( 4, 4) CPU =        0.095 ms (setup)        1.376 (comm)        0.008 (pade)        0.003 (series)        1.355 (mix)        0.001 (add) 
Fill: 1
Cl( 1, 0) in Cl( 1, 0) CPU =        0.008 ms (setup)        0.005 (comm)        0.002 (pade)        0.002 (series)        0.004 (mix)        0.001 (add) 
Cl( 1, 1) in Cl( 1, 1) CPU =        0.001 ms (setup)        0.007 (comm)        0.002 (pade)        0.001 (series)        0.006 (mix)        0.000 (add) 
Cl( 2, 1) in Cl( 2, 1) CPU =        0.002 ms (setup)        0.023 (comm)        0.002 (pade)        0.001 (series)        0.022 (mix)        0.001 (add) 
Cl( 2, 2) in Cl( 2, 2) CPU =        0.004 ms (setup)        0.036 (comm)        0.002 (pade)        0.001 (series)        0.035 (mix)        0.001 (add) 
Cl( 3, 2) in Cl( 3, 2) CPU =        0.011 ms (setup)        0.145 (comm)        0.004 (pade)        0.002 (series)        0.140 (mix)        0.000 (add) 
Cl( 3, 3) in Cl( 3, 3) CPU =        0.022 ms (setup)        0.228 (comm)        0.003 (pade)        0.002 (series)        0.222 (mix)        0.001 (add) 
Cl( 4, 3) in Cl( 4, 3) CPU =        0.062 ms (setup)        1.008 (comm)        0.009 (pade)        0.004 (series)        0.990 (mix)        0.001 (add) 
Cl( 4, 4) in Cl( 4, 4) CPU =        0.124 ms (setup)        1.534 (comm)        0.009 (pade)        0.004 (series)        1.522 (mix)        0.001 (add) 
Cl( 1, 0) in Cl( 4, 4) CPU =        0.002 ms (setup)        0.041 (comm)        0.007 (pade)        0.003 (series)        0.038 (mix)        0.001 (add) 
Cl( 1, 1) in Cl( 4, 4) CPU =        0.003 ms (setup)        0.055 (comm)        0.007 (pade)        0.003 (series)        0.053 (mix)        0.000 (add) 
Cl( 2, 1) in Cl( 4, 4) CPU =        0.007 ms (setup)        0.080 (comm)        0.007 (pade)        0.003 (series)        0.077 (mix)        0.001 (add) 
Cl( 2, 2) in Cl( 4, 4) CPU =        0.018 ms (setup)        0.116 (comm)        0.007 (pade)        0.003 (series)        0.113 (mix)        0.000 (add) 
Cl( 3, 2) in Cl( 4, 4) CPU =        0.045 ms (setup)        0.235 (comm)        0.007 (pade)        0.003 (series)        0.228 (mix)        0.001 (add) 
Cl( 3, 3) in Cl( 4, 4) CPU =        0.083 ms (setup)        0.356 (comm)        0.008 (pade)        0.004 (series)        0.352 (mix)        0.001 (add) 
Cl( 4, 3) in Cl( 4, 4) CPU =        0.222 ms (setup)        1.063 (comm)        0.009 (pade)        0.003 (series)        1.050 (mix)        0.000 (add) 
Cl( 4, 4) in Cl( 4, 4) CPU =        0.127 ms (setup)        1.539 (comm)        0.008 (pade)        0.003 (series)        1.521 (mix)        0.001 (add) 

framed_multi<double>
Clifford algebra expressions test:
Fill: 0.5
Cl( 1, 0) in Cl( 1, 0) CPU =        0.001 ms (setup)        0.008 (comm)        0.005 (pade)        0.002 (series)        0.001 (mix)        0.002 (add) 
Cl( 1, 1) in Cl( 1, 1) CPU =        0.001 ms (setup)        0.001 (comm)        0.004 (pade)        0.001 (series)        0.001 (mix)        0.001 (add) 
Cl( 2, 1) in Cl( 2, 1) CPU =        0.001 ms (setup)        0.004 (comm)        0.006 (pade)        0.004 (series)        0.001 (mix)        0.001 (add) 
Cl( 2, 2) in Cl( 2, 2) CPU =        0.002 ms (setup)        0.006 (comm)        0.007 (pade)        0.007 (series)        0.002 (mix)        0.001 (add) 
Cl( 3, 2) in Cl( 3, 2) CPU =        0.003 ms (setup)        0.013 (comm)        0.029 (pade)        0.013 (series)        0.004 (mix)        0.003 (add) 
Cl( 3, 3) in Cl( 3, 3) CPU =        0.007 ms (setup)        0.037 (comm)        0.037 (pade)        0.049 (series)        0.009 (mix)        0.003 (add) 
Cl( 4, 3) in Cl( 4, 3) CPU =        0.013 ms (setup)        0.098 (comm)        0.136 (pade)        0.136 (series)        0.032 (mix)        0.005 (add) 
Cl( 4, 4) in Cl( 4, 4) CPU =        0.026 ms (setup)        0.420 (comm)        0.177 (pade)        0.662 (series)        0.101 (mix)        0.009 (add) 
Cl( 5, 4) in Cl( 5, 4) CPU =        0.053 ms (setup)        1.449 (comm)        0.631 (pade)        2.433 (series)        0.291 (mix)        0.017 (add) 
Cl( 5, 5) in Cl( 5, 5) CPU =        0.109 ms (setup)        2.468 (comm)        0.895 (pade)        3.396 (series)        0.816 (mix)        0.033 (add) 
Cl( 6, 5) in Cl( 6, 5) CPU =        0.227 ms (setup)        8.231 (comm)        3.199 (pade)       12.412 (series)        2.275 (mix)        0.071 (add) 
Cl( 6, 6) in Cl( 6, 6) CPU =        0.467 ms (setup)       14.688 (comm)        4.486 (pade)       17.485 (series)        6.604 (mix)        0.153 (add) 
Cl( 7, 6) in Cl( 7, 6) CPU =        0.950 ms (setup)       47.884 (comm)       15.654 (pade)       61.257 (series)       19.258 (mix)        0.339 (add) 
Cl( 7, 7) in Cl( 7, 7) CPU =        1.955 ms (setup)       96.004 (comm)       22.091 (pade)       86.960 (series)       56.886 (mix)        0.657 (add) 
Cl( 8, 7) in Cl( 8, 7) CPU =        3.925 ms (setup)      309.104 (comm)       78.826 (pade)      309.569 (series)      166.252 (mix)        1.392 (add) 
Cl( 8, 8) in Cl( 8, 8) CPU =        7.949 ms (setup)      699.734 (comm)      113.770 (pade)      446.878 (series)      501.631 (mix)        2.921 (add) 
Cl( 1, 0) in Cl( 8, 8) CPU =        0.001 ms (setup)        0.001 (comm)        0.003 (pade)        0.003 (series)        0.001 (mix)        0.001 (add) 
Cl( 1, 1) in Cl( 8, 8) CPU =        0.001 ms (setup)        0.001 (comm)        0.004 (pade)        0.001 (series)        0.001 (mix)        0.001 (add) 
Cl( 2, 1) in Cl( 8, 8) CPU =        0.001 ms (setup)        0.004 (comm)        0.007 (pade)        0.003 (series)        0.001 (mix)        0.001 (add) 
Cl( 2, 2) in Cl( 8, 8) CPU =        0.002 ms (setup)        0.006 (comm)        0.007 (pade)        0.007 (series)        0.002 (mix)        0.001 (add) 
Cl( 3, 2) in Cl( 8, 8) CPU =        0.003 ms (setup)        0.011 (comm)        0.022 (pade)        0.011 (series)        0.003 (mix)        0.001 (add) 
Cl( 3, 3) in Cl( 8, 8) CPU =        0.005 ms (setup)        0.034 (comm)        0.036 (pade)        0.047 (series)        0.007 (mix)        0.003 (add) 
Cl( 4, 3) in Cl( 8, 8) CPU =        0.012 ms (setup)        0.091 (comm)        0.131 (pade)        0.134 (series)        0.026 (mix)        0.005 (add) 
Cl( 4, 4) in Cl( 8, 8) CPU =        0.026 ms (setup)        0.415 (comm)        0.176 (pade)        0.651 (series)        0.100 (mix)        0.009 (add) 
Cl( 5, 4) in Cl( 8, 8) CPU =        0.053 ms (setup)        1.463 (comm)        0.626 (pade)        2.396 (series)        0.291 (mix)        0.017 (add) 
Cl( 5, 5) in Cl( 8, 8) CPU =        0.106 ms (setup)        2.385 (comm)        0.866 (pade)        3.340 (series)        0.770 (mix)        0.033 (add) 
Cl( 6, 5) in Cl( 8, 8) CPU =        0.226 ms (setup)        8.124 (comm)        3.164 (pade)       12.342 (series)        2.257 (mix)        0.069 (add) 
Cl( 6, 6) in Cl( 8, 8) CPU =        0.461 ms (setup)       14.510 (comm)        4.420 (pade)       17.346 (series)        6.542 (mix)        0.151 (add) 
Cl( 7, 6) in Cl( 8, 8) CPU =        0.952 ms (setup)       47.822 (comm)       15.498 (pade)       60.870 (series)       19.352 (mix)        0.327 (add) 
Cl( 7, 7) in Cl( 8, 8) CPU =        1.961 ms (setup)       96.579 (comm)       22.117 (pade)       86.823 (series)       57.312 (mix)        0.656 (add) 
Cl( 8, 7) in Cl( 8, 8) CPU =        3.944 ms (setup)      312.302 (comm)       78.938 (pade)      308.548 (series)      169.645 (mix)        1.411 (add) 
Cl( 8, 8) in Cl( 8, 8) CPU =        7.937 ms (setup)      696.530 (comm)      113.539 (pade)      446.420 (series)      499.059 (mix)        2.922 (add) 
Fill: 1
Cl( 1, 0) in Cl( 1, 0) CPU =        0.001 ms (setup)        0.002 (comm)        0.005 (pade)        0.003 (series)        0.001 (mix)        0.001 (add) 
Cl( 1, 1) in Cl( 1, 1) CPU =        0.001 ms (setup)        0.003 (comm)        0.004 (pade)        0.004 (series)        0.001 (mix)        0.001 (add) 
Cl( 2, 1) in Cl( 2, 1) CPU =        0.001 ms (setup)        0.004 (comm)        0.006 (pade)        0.005 (series)        0.001 (mix)        0.001 (add) 
Cl( 2, 2) in Cl( 2, 2) CPU =        0.002 ms (setup)        0.007 (comm)        0.009 (pade)        0.009 (series)        0.002 (mix)        0.001 (add) 
Cl( 3, 2) in Cl( 3, 2) CPU =        0.004 ms (setup)        0.019 (comm)        0.029 (pade)        0.025 (series)        0.005 (mix)        0.002 (add) 
Cl( 3, 3) in Cl( 3, 3) CPU =        0.008 ms (setup)        0.055 (comm)        0.040 (pade)        0.071 (series)        0.013 (mix)        0.003 (add) 
Cl( 4, 3) in Cl( 4, 3) CPU =        0.018 ms (setup)        0.165 (comm)        0.143 (pade)        0.229 (series)        0.038 (mix)        0.005 (add) 
Cl( 4, 4) in Cl( 4, 4) CPU =        0.036 ms (setup)        0.485 (comm)        0.195 (pade)        0.752 (series)        0.103 (mix)        0.011 (add) 
Cl( 5, 4) in Cl( 5, 4) CPU =        0.075 ms (setup)        1.652 (comm)        0.686 (pade)        2.654 (series)        0.280 (mix)        0.021 (add) 
Cl( 5, 5) in Cl( 5, 5) CPU =        0.151 ms (setup)        2.763 (comm)        1.006 (pade)        3.889 (series)        0.725 (mix)        0.042 (add) 
Cl( 6, 5) in Cl( 6, 5) CPU =        0.310 ms (setup)        9.084 (comm)        3.606 (pade)       14.095 (series)        1.957 (mix)        0.082 (add) 
Cl( 6, 6) in Cl( 6, 6) CPU =        0.642 ms (setup)       15.976 (comm)        5.313 (pade)       21.040 (series)        5.408 (mix)        0.170 (add) 
Cl( 7, 6) in Cl( 7, 6) CPU =        1.371 ms (setup)       50.935 (comm)       18.014 (pade)       70.882 (series)       15.486 (mix)        0.343 (add) 
Cl( 7, 7) in Cl( 7, 7) CPU =        2.900 ms (setup)       98.885 (comm)       27.233 (pade)      107.844 (series)       44.940 (mix)        0.682 (add) 
Cl( 8, 7) in Cl( 8, 7) CPU =        5.718 ms (setup)      314.331 (comm)       93.050 (pade)      367.024 (series)      131.149 (mix)        1.377 (add) 
Cl( 8, 8) in Cl( 8, 8) CPU =       11.860 ms (setup)      670.727 (comm)      144.103 (pade)      570.445 (series)      385.279 (mix)        2.752 (add) 
Cl( 1, 0) in Cl( 8, 8) CPU =        0.001 ms (setup)        0.003 (comm)        0.004 (pade)        0.003 (series)        0.001 (mix)        0.001 (add) 
Cl( 1, 1) in Cl( 8, 8) CPU =        0.001 ms (setup)        0.003 (comm)        0.004 (pade)        0.003 (series)        0.001 (mix)        0.001 (add) 
Cl( 2, 1) in Cl( 8, 8) CPU =        0.001 ms (setup)        0.004 (comm)        0.007 (pade)        0.004 (series)        0.002 (mix)        0.001 (add) 
Cl( 2, 2) in Cl( 8, 8) CPU =        0.002 ms (setup)        0.007 (comm)        0.009 (pade)        0.009 (series)        0.003 (mix)        0.001 (add) 
Cl( 3, 2) in Cl( 8, 8) CPU =        0.004 ms (setup)        0.019 (comm)        0.029 (pade)        0.025 (series)        0.005 (mix)        0.002 (add) 
Cl( 3, 3) in Cl( 8, 8) CPU =        0.009 ms (setup)        0.052 (comm)        0.040 (pade)        0.071 (series)        0.013 (mix)        0.004 (add) 
Cl( 4, 3) in Cl( 8, 8) CPU =        0.017 ms (setup)        0.166 (comm)        0.144 (pade)        0.229 (series)        0.039 (mix)        0.005 (add) 
Cl( 4, 4) in Cl( 8, 8) CPU =        0.035 ms (setup)        0.485 (comm)        0.195 (pade)        0.750 (series)        0.103 (mix)        0.011 (add) 
Cl( 5, 4) in Cl( 8, 8) CPU =        0.074 ms (setup)        1.653 (comm)        0.689 (pade)        2.656 (series)        0.279 (mix)        0.022 (add) 
Cl( 5, 5) in Cl( 8, 8) CPU =        0.152 ms (setup)        2.761 (comm)        1.006 (pade)        3.889 (series)        0.724 (mix)        0.042 (add) 
Cl( 6, 5) in Cl( 8, 8) CPU =        0.312 ms (setup)        9.058 (comm)        3.623 (pade)       14.136 (series)        1.961 (mix)        0.081 (add) 
Cl( 6, 6) in Cl( 8, 8) CPU =        0.639 ms (setup)       15.992 (comm)        5.319 (pade)       21.032 (series)        5.400 (mix)        0.170 (add) 
Cl( 7, 6) in Cl( 8, 8) CPU =        1.371 ms (setup)       50.901 (comm)       18.094 (pade)       70.894 (series)       15.479 (mix)        0.343 (add) 
Cl( 7, 7) in Cl( 8, 8) CPU =        2.898 ms (setup)       98.888 (comm)       27.266 (pade)      107.817 (series)       44.949 (mix)        0.683 (add) 
Cl( 8, 7) in Cl( 8, 8) CPU =        5.729 ms (setup)      314.312 (comm)       93.258 (pade)      366.976 (series)      131.122 (mix)        1.373 (add) 
Cl( 8, 8) in Cl( 8, 8) CPU =       11.858 ms (setup)      670.357 (comm)      144.255 (pade)      570.590 (series)      385.281 (mix)        2.752 (add) 

matrix_multi<double>
Clifford algebra expressions test:
Fill: 0.5
Cl( 1, 0) in Cl( 1, 0) CPU =        0.003 ms (setup)        0.004 (comm)        0.002 (pade)        0.002 (series)        0.002 (mix)        0.001 (add) 
Cl( 1, 1) in Cl( 1, 1) CPU =        0.005 ms (setup)        0.002 (comm)        0.002 (pade)        0.001 (series)        0.002 (mix)        0.001 (add) 
Cl( 2, 1) in Cl( 2, 1) CPU =        0.002 ms (setup)        0.019 (comm)        0.002 (pade)        0.001 (series)        0.017 (mix)        0.001 (add) 
Cl( 2, 2) in Cl( 2, 2) CPU =        0.002 ms (setup)        0.030 (comm)        0.002 (pade)        0.001 (series)        0.029 (mix)        0.000 (add) 
Cl( 3, 2) in Cl( 3, 2) CPU =        0.013 ms (setup)        0.108 (comm)        0.004 (pade)        0.002 (series)        0.102 (mix)        0.001 (add) 
Cl( 3, 3) in Cl( 3, 3) CPU =        0.018 ms (setup)        0.180 (comm)        0.003 (pade)        0.002 (series)        0.173 (mix)        0.000 (add) 
Cl( 4, 3) in Cl( 4, 3) CPU =        0.051 ms (setup)        0.831 (comm)        0.009 (pade)        0.005 (series)        0.811 (mix)        0.001 (add) 
Cl( 4, 4) in Cl( 4, 4) CPU =        0.096 ms (setup)        1.257 (comm)        0.009 (pade)        0.005 (series)        1.239 (mix)        0.001 (add) 
Cl( 5, 4) in Cl( 5, 4) CPU =        0.229 ms (setup)        5.149 (comm)        0.024 (pade)        0.017 (series)        5.129 (mix)        0.002 (add) 
Cl( 5, 5) in Cl( 5, 5) CPU =        0.452 ms (setup)        7.656 (comm)        0.023 (pade)        0.016 (series)        7.644 (mix)        0.002 (add) 
Cl( 6, 5) in Cl( 6, 5) CPU =        1.069 ms (setup)       29.599 (comm)        0.078 (pade)        0.075 (series)       29.583 (mix)        0.006 (add) 
Cl( 6, 6) in Cl( 6, 6) CPU =        2.144 ms (setup)       42.122 (comm)        0.079 (pade)        0.075 (series)       42.050 (mix)        0.007 (add) 
Cl( 7, 6) in Cl( 7, 6) CPU =        5.141 ms (setup)      170.880 (comm)        0.348 (pade)        0.470 (series)      170.917 (mix)        0.030 (add) 
Cl( 7, 7) in Cl( 7, 7) CPU =       10.311 ms (setup)      231.977 (comm)        0.353 (pade)        0.471 (series)      231.450 (mix)        0.030 (add) 
Cl( 8, 7) in Cl( 8, 7) CPU =       24.846 ms (setup)     1029.263 (comm)        1.975 (pade)        3.226 (series)     1024.299 (mix)        0.123 (add) 
Cl( 8, 8) in Cl( 8, 8) CPU =       50.035 ms (setup)     1330.825 (comm)        1.976 (pade)        3.220 (series)     1327.466 (mix)        0.120 (add) 
Cl( 1, 0) in Cl( 8, 8) CPU =        0.012 ms (setup)        5.032 (comm)        0.376 (pade)        3.222 (series)        3.425 (mix)        0.120 (add) 
Cl( 1, 1) in Cl( 8, 8) CPU =        0.022 ms (setup)        8.048 (comm)        0.558 (pade)        3.223 (series)        6.407 (mix)        0.120 (add) 
Cl( 2, 1) in Cl( 8, 8) CPU =        0.049 ms (setup)       18.317 (comm)        0.568 (pade)        3.219 (series)       16.773 (mix)        0.120 (add) 
Cl( 2, 2) in Cl( 8, 8) CPU =        0.101 ms (setup)       34.918 (comm)        0.573 (pade)        3.220 (series)       33.242 (mix)        0.120 (add) 
Cl( 3, 2) in Cl( 8, 8) CPU =        0.629 ms (setup)       49.795 (comm)        0.605 (pade)        3.219 (series)       48.127 (mix)        0.120 (add) 
Cl( 3, 3) in Cl( 8, 8) CPU =        0.980 ms (setup)       68.752 (comm)        0.609 (pade)        3.220 (series)       67.090 (mix)        0.122 (add) 
Cl( 4, 3) in Cl( 8, 8) CPU =        1.097 ms (setup)       72.194 (comm)        0.684 (pade)        3.224 (series)       70.510 (mix)        0.120 (add) 
Cl( 4, 4) in Cl( 8, 8) CPU =        1.282 ms (setup)      101.079 (comm)        0.683 (pade)        3.224 (series)       99.328 (mix)        0.120 (add) 
Cl( 5, 4) in Cl( 8, 8) CPU =        1.736 ms (setup)      132.403 (comm)        0.872 (pade)        3.227 (series)      130.713 (mix)        0.123 (add) 
Cl( 5, 5) in Cl( 8, 8) CPU =        2.638 ms (setup)      157.788 (comm)        0.875 (pade)        3.228 (series)      155.977 (mix)        0.124 (add) 
Cl( 6, 5) in Cl( 8, 8) CPU =        5.120 ms (setup)      217.981 (comm)        1.980 (pade)        3.222 (series)      216.125 (mix)        0.121 (add) 
Cl( 6, 6) in Cl( 8, 8) CPU =        9.199 ms (setup)      245.162 (comm)        1.987 (pade)        3.234 (series)      243.376 (mix)        0.123 (add) 
Cl( 7, 6) in Cl( 8, 8) CPU =       21.535 ms (setup)      384.176 (comm)        1.979 (pade)        3.222 (series)      382.553 (mix)        0.120 (add) 
Cl( 7, 7) in Cl( 8, 8) CPU =       40.980 ms (setup)      489.629 (comm)        1.983 (pade)        3.238 (series)      487.851 (mix)        0.120 (add) 
Cl( 8, 7) in Cl( 8, 8) CPU =       97.148 ms (setup)     1060.174 (comm)        1.982 (pade)        3.220 (series)     1057.033 (mix)        0.120 (add) 
Cl( 8, 8) in Cl( 8, 8) CPU =       49.931 ms (setup)     1320.723 (comm)        1.977 (pade)        3.220 (series)     1315.674 (mix)        0.121 (add) 
Fill: 1
Cl( 1, 0) in Cl( 1, 0) CPU =        0.001 ms (setup)        0.005 (comm)        0.003 (pade)        0.002 (series)        0.004 (mix)        0.001 (add) 
Cl( 1, 1) in Cl( 1, 1) CPU =        0.001 ms (setup)        0.007 (comm)        0.001 (pade)        0.001 (series)        0.006 (mix)        0.000 (add) 
Cl( 2, 1) in Cl( 2, 1) CPU =        0.002 ms (setup)        0.024 (comm)        0.002 (pade)        0.001 (series)        0.022 (mix)        0.001 (add) 
Cl( 2, 2) in Cl( 2, 2) CPU =        0.005 ms (setup)        0.037 (comm)        0.002 (pade)        0.001 (series)        0.036 (mix)        0.001 (add) 
Cl( 3, 2) in Cl( 3, 2) CPU =        0.012 ms (setup)        0.148 (comm)        0.004 (pade)        0.002 (series)        0.143 (mix)        0.000 (add) 
Cl( 3, 3) in Cl( 3, 3) CPU =        0.024 ms (setup)        0.226 (comm)        0.003 (pade)        0.002 (series)        0.221 (mix)        0.000 (add) 
Cl( 4, 3) in Cl( 4, 3) CPU =        0.067 ms (setup)        0.980 (comm)        0.009 (pade)        0.005 (series)        0.967 (mix)        0.001 (add) 
Cl( 4, 4) in Cl( 4, 4) CPU =        0.128 ms (setup)        1.469 (comm)        0.009 (pade)        0.005 (series)        1.454 (mix)        0.001 (add) 
Cl( 5, 4) in Cl( 5, 4) CPU =        0.335 ms (setup)        5.666 (comm)        0.023 (pade)        0.015 (series)        5.639 (mix)        0.002 (add) 
Cl( 5, 5) in Cl( 5, 5) CPU =        0.657 ms (setup)        8.318 (comm)        0.022 (pade)        0.016 (series)        8.310 (mix)        0.002 (add) 
Cl( 6, 5) in Cl( 6, 5) CPU =        1.652 ms (setup)       32.054 (comm)        0.078 (pade)        0.075 (series)       32.018 (mix)        0.005 (add) 
Cl( 6, 6) in Cl( 6, 6) CPU =        3.401 ms (setup)       45.035 (comm)        0.079 (pade)        0.074 (series)       44.996 (mix)        0.005 (add) 
Cl( 7, 6) in Cl( 7, 6) CPU =        8.582 ms (setup)      182.966 (comm)        0.347 (pade)        0.470 (series)      182.537 (mix)        0.030 (add) 
Cl( 7, 7) in Cl( 7, 7) CPU =       17.334 ms (setup)      248.805 (comm)        0.349 (pade)        0.469 (series)      248.734 (mix)        0.031 (add) 
Cl( 8, 7) in Cl( 8, 7) CPU =       43.663 ms (setup)     1088.606 (comm)        1.978 (pade)        3.220 (series)     1087.881 (mix)        0.122 (add) 
Cl( 8, 8) in Cl( 8, 8) CPU =       89.307 ms (setup)     1444.074 (comm)        1.982 (pade)        3.224 (series)     1437.835 (mix)        0.120 (add) 
Cl( 1, 0) in Cl( 8, 8) CPU =        0.018 ms (setup)       10.443 (comm)        0.559 (pade)        3.220 (series)        8.809 (mix)        0.120 (add) 
Cl( 1, 1) in Cl( 8, 8) CPU =        0.036 ms (setup)       17.020 (comm)        0.559 (pade)        3.226 (series)       15.388 (mix)        0.120 (add) 
Cl( 2, 1) in Cl( 8, 8) CPU =        0.082 ms (setup)       26.509 (comm)        0.573 (pade)        3.220 (series)       24.862 (mix)        0.120 (add) 
Cl( 2, 2) in Cl( 8, 8) CPU =        0.928 ms (setup)       39.021 (comm)        0.574 (pade)        3.220 (series)       37.370 (mix)        0.120 (add) 
Cl( 3, 2) in Cl( 8, 8) CPU =        0.957 ms (setup)       54.873 (comm)        0.604 (pade)        3.219 (series)       53.200 (mix)        0.120 (add) 
Cl( 3, 3) in Cl( 8, 8) CPU =        1.010 ms (setup)       75.457 (comm)        0.609 (pade)        3.222 (series)       73.759 (mix)        0.121 (add) 
Cl( 4, 3) in Cl( 8, 8) CPU =        1.180 ms (setup)      100.481 (comm)        0.686 (pade)        3.223 (series)       98.692 (mix)        0.122 (add) 
Cl( 4, 4) in Cl( 8, 8) CPU =        1.363 ms (setup)      126.379 (comm)        0.689 (pade)        3.245 (series)      124.661 (mix)        0.122 (add) 
Cl( 5, 4) in Cl( 8, 8) CPU =        2.110 ms (setup)      157.838 (comm)        0.878 (pade)        3.228 (series)      156.011 (mix)        0.123 (add) 
Cl( 5, 5) in Cl( 8, 8) CPU =        3.210 ms (setup)      187.504 (comm)        0.862 (pade)        3.228 (series)      185.745 (mix)        0.122 (add) 
Cl( 6, 5) in Cl( 8, 8) CPU =        6.785 ms (setup)      242.061 (comm)        1.988 (pade)        3.226 (series)      240.412 (mix)        0.123 (add) 
Cl( 6, 6) in Cl( 8, 8) CPU =       12.480 ms (setup)      282.765 (comm)        1.988 (pade)        3.228 (series)      280.958 (mix)        0.121 (add) 
Cl( 7, 6) in Cl( 8, 8) CPU =       29.941 ms (setup)      437.219 (comm)        1.976 (pade)        3.220 (series)      434.302 (mix)        0.120 (add) 
Cl( 7, 7) in Cl( 8, 8) CPU =       57.511 ms (setup)      533.208 (comm)        1.974 (pade)        3.220 (series)      530.821 (mix)        0.120 (add) 
Cl( 8, 7) in Cl( 8, 8) CPU =      140.400 ms (setup)     1128.146 (comm)        1.982 (pade)        3.223 (series)     1124.687 (mix)        0.120 (add) 
Cl( 8, 8) in Cl( 8, 8) CPU =       89.171 ms (setup)     1443.665 (comm)        1.977 (pade)        3.222 (series)     1439.285 (mix)        0.121 (add) 
