
framed_multi<float,-4,4>
Clifford algebra expressions test:
Fill: 0.5
Cl( 1, 0) in Cl( 1, 0) CPU =        0.001 ms (setup)        0.001 (comm)        0.003 (pade)        0.001 (series)        0.001 (mix)        0.001 (add) 
Cl( 1, 1) in Cl( 1, 1) CPU =        0.001 ms (setup)        0.001 (comm)        0.002 (pade)        0.001 (series)        0.000 (mix)        0.001 (add) 
Cl( 2, 1) in Cl( 2, 1) CPU =        0.001 ms (setup)        0.004 (comm)        0.005 (pade)        0.003 (series)        0.001 (mix)        0.001 (add) 
Cl( 2, 2) in Cl( 2, 2) CPU =        0.002 ms (setup)        0.005 (comm)        0.006 (pade)        0.005 (series)        0.002 (mix)        0.001 (add) 
Cl( 3, 2) in Cl( 3, 2) CPU =        0.003 ms (setup)        0.009 (comm)        0.035 (pade)        0.009 (series)        0.004 (mix)        0.003 (add) 
Cl( 3, 3) in Cl( 3, 3) CPU =        0.005 ms (setup)        0.024 (comm)        0.037 (pade)        0.038 (series)        0.006 (mix)        0.003 (add) 
Cl( 4, 3) in Cl( 4, 3) CPU =        0.011 ms (setup)        0.059 (comm)        0.140 (pade)        0.105 (series)        0.015 (mix)        0.005 (add) 
Cl( 4, 4) in Cl( 4, 4) CPU =        0.022 ms (setup)        0.432 (comm)        0.189 (pade)        0.729 (series)        0.058 (mix)        0.012 (add) 
Cl( 1, 0) in Cl( 4, 4) CPU =        0.001 ms (setup)        0.001 (comm)        0.003 (pade)        0.001 (series)        0.001 (mix)        0.001 (add) 
Cl( 1, 1) in Cl( 4, 4) CPU =        0.001 ms (setup)        0.001 (comm)        0.002 (pade)        0.002 (series)        0.001 (mix)        0.001 (add) 
Cl( 2, 1) in Cl( 4, 4) CPU =        0.001 ms (setup)        0.003 (comm)        0.005 (pade)        0.004 (series)        0.001 (mix)        0.002 (add) 
Cl( 2, 2) in Cl( 4, 4) CPU =        0.002 ms (setup)        0.005 (comm)        0.006 (pade)        0.006 (series)        0.002 (mix)        0.001 (add) 
Cl( 3, 2) in Cl( 4, 4) CPU =        0.003 ms (setup)        0.009 (comm)        0.028 (pade)        0.015 (series)        0.003 (mix)        0.002 (add) 
Cl( 3, 3) in Cl( 4, 4) CPU =        0.005 ms (setup)        0.024 (comm)        0.038 (pade)        0.039 (series)        0.007 (mix)        0.005 (add) 
Cl( 4, 3) in Cl( 4, 4) CPU =        0.015 ms (setup)        0.052 (comm)        0.134 (pade)        0.095 (series)        0.014 (mix)        0.005 (add) 
Cl( 4, 4) in Cl( 4, 4) CPU =        0.024 ms (setup)        0.414 (comm)        0.180 (pade)        0.734 (series)        0.050 (mix)        0.010 (add) 
Fill: 1
Cl( 1, 0) in Cl( 1, 0) CPU =        0.001 ms (setup)        0.002 (comm)        0.002 (pade)        0.002 (series)        0.001 (mix)        0.001 (add) 
Cl( 1, 1) in Cl( 1, 1) CPU =        0.001 ms (setup)        0.002 (comm)        0.002 (pade)        0.003 (series)        0.001 (mix)        0.001 (add) 
Cl( 2, 1) in Cl( 2, 1) CPU =        0.001 ms (setup)        0.003 (comm)        0.005 (pade)        0.004 (series)        0.002 (mix)        0.001 (add) 
Cl( 2, 2) in Cl( 2, 2) CPU =        0.002 ms (setup)        0.005 (comm)        0.007 (pade)        0.007 (series)        0.002 (mix)        0.001 (add) 
Cl( 3, 2) in Cl( 3, 2) CPU =        0.004 ms (setup)        0.015 (comm)        0.028 (pade)        0.019 (series)        0.005 (mix)        0.002 (add) 
Cl( 3, 3) in Cl( 3, 3) CPU =        0.008 ms (setup)        0.041 (comm)        0.040 (pade)        0.059 (series)        0.011 (mix)        0.003 (add) 
Cl( 4, 3) in Cl( 4, 3) CPU =        0.016 ms (setup)        0.121 (comm)        0.155 (pade)        0.189 (series)        0.026 (mix)        0.006 (add) 
Cl( 4, 4) in Cl( 4, 4) CPU =        0.036 ms (setup)        0.492 (comm)        0.209 (pade)        0.858 (series)        0.072 (mix)        0.016 (add) 
Cl( 1, 0) in Cl( 4, 4) CPU =        0.001 ms (setup)        0.002 (comm)        0.002 (pade)        0.002 (series)        0.001 (mix)        0.001 (add) 
Cl( 1, 1) in Cl( 4, 4) CPU =        0.001 ms (setup)        0.004 (comm)        0.003 (pade)        0.004 (series)        0.001 (mix)        0.001 (add) 
Cl( 2, 1) in Cl( 4, 4) CPU =        0.001 ms (setup)        0.004 (comm)        0.005 (pade)        0.004 (series)        0.002 (mix)        0.001 (add) 
Cl( 2, 2) in Cl( 4, 4) CPU =        0.002 ms (setup)        0.005 (comm)        0.008 (pade)        0.007 (series)        0.002 (mix)        0.001 (add) 
Cl( 3, 2) in Cl( 4, 4) CPU =        0.004 ms (setup)        0.015 (comm)        0.027 (pade)        0.020 (series)        0.005 (mix)        0.002 (add) 
Cl( 3, 3) in Cl( 4, 4) CPU =        0.007 ms (setup)        0.040 (comm)        0.041 (pade)        0.058 (series)        0.011 (mix)        0.003 (add) 
Cl( 4, 3) in Cl( 4, 4) CPU =        0.015 ms (setup)        0.120 (comm)        0.149 (pade)        0.185 (series)        0.026 (mix)        0.006 (add) 
Cl( 4, 4) in Cl( 4, 4) CPU =        0.034 ms (setup)        0.489 (comm)        0.209 (pade)        0.835 (series)        0.071 (mix)        0.016 (add) 

matrix_multi<float,-4,4>
Clifford algebra expressions test:
Fill: 0.5
Cl( 1, 0) in Cl( 1, 0) CPU =        0.001 ms (setup)        0.003 (comm)        0.001 (pade)        0.001 (series)        0.002 (mix)        0.001 (add) 
Cl( 1, 1) in Cl( 1, 1) CPU =        0.002 ms (setup)        0.005 (comm)        0.001 (pade)        0.001 (series)        0.004 (mix)        0.000 (add) 
Cl( 2, 1) in Cl( 2, 1) CPU =        0.002 ms (setup)        0.021 (comm)        0.001 (pade)        0.001 (series)        0.019 (mix)        0.000 (add) 
Cl( 2, 2) in Cl( 2, 2) CPU =        0.002 ms (setup)        0.030 (comm)        0.001 (pade)        0.001 (series)        0.037 (mix)        0.001 (add) 
Cl( 3, 2) in Cl( 3, 2) CPU =        0.011 ms (setup)        0.112 (comm)        0.002 (pade)        0.001 (series)        0.111 (mix)        0.001 (add) 
Cl( 3, 3) in Cl( 3, 3) CPU =        0.019 ms (setup)        0.181 (comm)        0.002 (pade)        0.002 (series)        0.183 (mix)        0.001 (add) 
Cl( 4, 3) in Cl( 4, 3) CPU =        0.049 ms (setup)        0.856 (comm)        0.005 (pade)        0.003 (series)        0.864 (mix)        0.001 (add) 
Cl( 4, 4) in Cl( 4, 4) CPU =        0.096 ms (setup)        1.337 (comm)        0.007 (pade)        0.003 (series)        1.327 (mix)        0.001 (add) 
Cl( 1, 0) in Cl( 4, 4) CPU =        0.002 ms (setup)        0.018 (comm)        0.005 (pade)        0.002 (series)        0.015 (mix)        0.001 (add) 
Cl( 1, 1) in Cl( 4, 4) CPU =        0.003 ms (setup)        0.024 (comm)        0.005 (pade)        0.002 (series)        0.022 (mix)        0.001 (add) 
Cl( 2, 1) in Cl( 4, 4) CPU =        0.006 ms (setup)        0.054 (comm)        0.005 (pade)        0.002 (series)        0.054 (mix)        0.001 (add) 
Cl( 2, 2) in Cl( 4, 4) CPU =        0.010 ms (setup)        0.070 (comm)        0.007 (pade)        0.003 (series)        0.063 (mix)        0.000 (add) 
Cl( 3, 2) in Cl( 4, 4) CPU =        0.043 ms (setup)        0.191 (comm)        0.005 (pade)        0.003 (series)        0.184 (mix)        0.000 (add) 
Cl( 3, 3) in Cl( 4, 4) CPU =        0.067 ms (setup)        0.273 (comm)        0.005 (pade)        0.003 (series)        0.273 (mix)        0.001 (add) 
Cl( 4, 3) in Cl( 4, 4) CPU =        0.179 ms (setup)        0.827 (comm)        0.005 (pade)        0.003 (series)        0.803 (mix)        0.001 (add) 
Cl( 4, 4) in Cl( 4, 4) CPU =        0.098 ms (setup)        1.377 (comm)        0.005 (pade)        0.003 (series)        1.363 (mix)        0.001 (add) 
Fill: 1
Cl( 1, 0) in Cl( 1, 0) CPU =        0.001 ms (setup)        0.005 (comm)        0.001 (pade)        0.001 (series)        0.005 (mix)        0.001 (add) 
Cl( 1, 1) in Cl( 1, 1) CPU =        0.002 ms (setup)        0.008 (comm)        0.001 (pade)        0.001 (series)        0.007 (mix)        0.001 (add) 
Cl( 2, 1) in Cl( 2, 1) CPU =        0.002 ms (setup)        0.026 (comm)        0.002 (pade)        0.001 (series)        0.025 (mix)        0.001 (add) 
Cl( 2, 2) in Cl( 2, 2) CPU =        0.005 ms (setup)        0.040 (comm)        0.001 (pade)        0.001 (series)        0.038 (mix)        0.000 (add) 
Cl( 3, 2) in Cl( 3, 2) CPU =        0.013 ms (setup)        0.143 (comm)        0.002 (pade)        0.001 (series)        0.144 (mix)        0.001 (add) 
Cl( 3, 3) in Cl( 3, 3) CPU =        0.022 ms (setup)        0.220 (comm)        0.002 (pade)        0.002 (series)        0.220 (mix)        0.001 (add) 
Cl( 4, 3) in Cl( 4, 3) CPU =        0.064 ms (setup)        1.002 (comm)        0.005 (pade)        0.003 (series)        0.987 (mix)        0.001 (add) 
Cl( 4, 4) in Cl( 4, 4) CPU =        0.124 ms (setup)        1.546 (comm)        0.007 (pade)        0.003 (series)        1.532 (mix)        0.001 (add) 
Cl( 1, 0) in Cl( 4, 4) CPU =        0.002 ms (setup)        0.034 (comm)        0.005 (pade)        0.003 (series)        0.034 (mix)        0.001 (add) 
Cl( 1, 1) in Cl( 4, 4) CPU =        0.003 ms (setup)        0.052 (comm)        0.005 (pade)        0.003 (series)        0.044 (mix)        0.001 (add) 
Cl( 2, 1) in Cl( 4, 4) CPU =        0.007 ms (setup)        0.066 (comm)        0.005 (pade)        0.003 (series)        0.064 (mix)        0.001 (add) 
Cl( 2, 2) in Cl( 4, 4) CPU =        0.021 ms (setup)        0.104 (comm)        0.005 (pade)        0.003 (series)        0.097 (mix)        0.001 (add) 
Cl( 3, 2) in Cl( 4, 4) CPU =        0.049 ms (setup)        0.214 (comm)        0.005 (pade)        0.003 (series)        0.204 (mix)        0.000 (add) 
Cl( 3, 3) in Cl( 4, 4) CPU =        0.087 ms (setup)        0.337 (comm)        0.005 (pade)        0.003 (series)        0.334 (mix)        0.001 (add) 
Cl( 4, 3) in Cl( 4, 4) CPU =        0.227 ms (setup)        1.048 (comm)        0.005 (pade)        0.003 (series)        1.046 (mix)        0.001 (add) 
Cl( 4, 4) in Cl( 4, 4) CPU =        0.129 ms (setup)        1.536 (comm)        0.005 (pade)        0.003 (series)        1.532 (mix)        0.001 (add) 

framed_multi<double>
Clifford algebra expressions test:
Fill: 0.5
Cl( 1, 0) in Cl( 1, 0) CPU =        0.001 ms (setup)        0.001 (comm)        0.003 (pade)        0.001 (series)        0.001 (mix)        0.001 (add) 
Cl( 1, 1) in Cl( 1, 1) CPU =        0.001 ms (setup)        0.001 (comm)        0.002 (pade)        0.001 (series)        0.001 (mix)        0.001 (add) 
Cl( 2, 1) in Cl( 2, 1) CPU =        0.001 ms (setup)        0.004 (comm)        0.005 (pade)        0.004 (series)        0.001 (mix)        0.001 (add) 
Cl( 2, 2) in Cl( 2, 2) CPU =        0.002 ms (setup)        0.005 (comm)        0.006 (pade)        0.007 (series)        0.002 (mix)        0.001 (add) 
Cl( 3, 2) in Cl( 3, 2) CPU =        0.003 ms (setup)        0.011 (comm)        0.028 (pade)        0.011 (series)        0.004 (mix)        0.002 (add) 
Cl( 3, 3) in Cl( 3, 3) CPU =        0.006 ms (setup)        0.030 (comm)        0.035 (pade)        0.045 (series)        0.007 (mix)        0.003 (add) 
Cl( 4, 3) in Cl( 4, 3) CPU =        0.011 ms (setup)        0.073 (comm)        0.133 (pade)        0.129 (series)        0.018 (mix)        0.004 (add) 
Cl( 4, 4) in Cl( 4, 4) CPU =        0.026 ms (setup)        0.422 (comm)        0.182 (pade)        0.707 (series)        0.064 (mix)        0.008 (add) 
Cl( 5, 4) in Cl( 5, 4) CPU =        0.053 ms (setup)        1.545 (comm)        4.182 (pade)        8.396 (series)        0.254 (mix)        0.014 (add) 
Cl( 5, 5) in Cl( 5, 5) CPU =        0.113 ms (setup)        2.519 (comm)        6.590 (pade)        3.697 (series)        0.755 (mix)        0.026 (add) 
Cl( 6, 5) in Cl( 6, 5) CPU =        0.217 ms (setup)        8.341 (comm)       28.074 (pade)       13.345 (series)        2.074 (mix)        0.066 (add) 
Cl( 6, 6) in Cl( 6, 6) CPU =        0.442 ms (setup)       14.776 (comm)       32.615 (pade)       18.263 (series)        5.990 (mix)        0.133 (add) 
Cl( 7, 6) in Cl( 7, 6) CPU =        0.892 ms (setup)      108.738 (comm)       47.779 (pade)      192.799 (series)       17.852 (mix)        0.254 (add) 
Cl( 7, 7) in Cl( 7, 7) CPU =        1.835 ms (setup)      155.323 (comm)       53.544 (pade)      214.130 (series)       52.018 (mix)        0.520 (add) 
Cl( 8, 7) in Cl( 8, 7) CPU =        3.649 ms (setup)      362.065 (comm)      122.638 (pade)      448.527 (series)      153.413 (mix)        1.122 (add) 
Cl( 8, 8) in Cl( 8, 8) CPU =        7.286 ms (setup)      726.077 (comm)      147.942 (pade)      565.212 (series)      466.108 (mix)        2.711 (add) 
Cl( 1, 0) in Cl( 8, 8) CPU =        0.002 ms (setup)        0.001 (comm)        0.002 (pade)        0.001 (series)        0.001 (mix)        0.001 (add) 
Cl( 1, 1) in Cl( 8, 8) CPU =        0.001 ms (setup)        0.001 (comm)        0.002 (pade)        0.001 (series)        0.001 (mix)        0.001 (add) 
Cl( 2, 1) in Cl( 8, 8) CPU =        0.001 ms (setup)        0.004 (comm)        0.005 (pade)        0.003 (series)        0.002 (mix)        0.001 (add) 
Cl( 2, 2) in Cl( 8, 8) CPU =        0.002 ms (setup)        0.005 (comm)        0.007 (pade)        0.006 (series)        0.002 (mix)        0.001 (add) 
Cl( 3, 2) in Cl( 8, 8) CPU =        0.005 ms (setup)        0.010 (comm)        0.020 (pade)        0.011 (series)        0.003 (mix)        0.001 (add) 
Cl( 3, 3) in Cl( 8, 8) CPU =        0.005 ms (setup)        0.030 (comm)        0.036 (pade)        0.046 (series)        0.007 (mix)        0.002 (add) 
Cl( 4, 3) in Cl( 8, 8) CPU =        0.012 ms (setup)        0.073 (comm)        0.134 (pade)        0.125 (series)        0.019 (mix)        0.004 (add) 
Cl( 4, 4) in Cl( 8, 8) CPU =        0.026 ms (setup)        0.425 (comm)        0.183 (pade)        0.705 (series)        0.067 (mix)        0.007 (add) 
Cl( 5, 4) in Cl( 8, 8) CPU =        0.054 ms (setup)        1.566 (comm)        6.323 (pade)        9.393 (series)        0.256 (mix)        0.014 (add) 
Cl( 5, 5) in Cl( 8, 8) CPU =        0.110 ms (setup)        2.460 (comm)        6.774 (pade)        4.587 (series)        0.714 (mix)        0.025 (add) 
Cl( 6, 5) in Cl( 8, 8) CPU =        0.213 ms (setup)        8.082 (comm)       27.893 (pade)       12.828 (series)        2.048 (mix)        0.052 (add) 
Cl( 6, 6) in Cl( 8, 8) CPU =        0.423 ms (setup)       14.122 (comm)       33.717 (pade)       17.782 (series)        5.904 (mix)        0.107 (add) 
Cl( 7, 6) in Cl( 8, 8) CPU =        0.884 ms (setup)      109.707 (comm)       47.754 (pade)      189.550 (series)       17.477 (mix)        0.240 (add) 
Cl( 7, 7) in Cl( 8, 8) CPU =        1.791 ms (setup)      154.650 (comm)       55.038 (pade)      212.525 (series)       52.563 (mix)        0.519 (add) 
Cl( 8, 7) in Cl( 8, 8) CPU =        3.671 ms (setup)      365.481 (comm)      117.692 (pade)      446.772 (series)      158.300 (mix)        1.140 (add) 
Cl( 8, 8) in Cl( 8, 8) CPU =        7.311 ms (setup)      729.095 (comm)      148.322 (pade)      571.003 (series)      467.255 (mix)        2.694 (add) 
Fill: 1
Cl( 1, 0) in Cl( 1, 0) CPU =        0.001 ms (setup)        0.002 (comm)        0.002 (pade)        0.002 (series)        0.001 (mix)        0.001 (add) 
Cl( 1, 1) in Cl( 1, 1) CPU =        0.001 ms (setup)        0.003 (comm)        0.002 (pade)        0.003 (series)        0.001 (mix)        0.001 (add) 
Cl( 2, 1) in Cl( 2, 1) CPU =        0.001 ms (setup)        0.004 (comm)        0.007 (pade)        0.005 (series)        0.002 (mix)        0.001 (add) 
Cl( 2, 2) in Cl( 2, 2) CPU =        0.002 ms (setup)        0.007 (comm)        0.007 (pade)        0.009 (series)        0.003 (mix)        0.001 (add) 
Cl( 3, 2) in Cl( 3, 2) CPU =        0.005 ms (setup)        0.024 (comm)        0.029 (pade)        0.024 (series)        0.005 (mix)        0.002 (add) 
Cl( 3, 3) in Cl( 3, 3) CPU =        0.009 ms (setup)        0.048 (comm)        0.041 (pade)        0.070 (series)        0.011 (mix)        0.003 (add) 
Cl( 4, 3) in Cl( 4, 3) CPU =        0.018 ms (setup)        0.148 (comm)        0.151 (pade)        0.221 (series)        0.030 (mix)        0.005 (add) 
Cl( 4, 4) in Cl( 4, 4) CPU =        0.034 ms (setup)        0.508 (comm)        0.210 (pade)        0.828 (series)        0.081 (mix)        0.009 (add) 
Cl( 5, 4) in Cl( 5, 4) CPU =        0.071 ms (setup)        1.705 (comm)        5.895 (pade)        6.995 (series)        0.256 (mix)        0.017 (add) 
Cl( 5, 5) in Cl( 5, 5) CPU =        0.151 ms (setup)        2.873 (comm)        7.935 (pade)        4.293 (series)        0.645 (mix)        0.034 (add) 
Cl( 6, 5) in Cl( 6, 5) CPU =        0.318 ms (setup)        9.237 (comm)       28.337 (pade)       14.763 (series)        1.758 (mix)        0.070 (add) 
Cl( 6, 6) in Cl( 6, 6) CPU =        0.740 ms (setup)       15.893 (comm)       35.281 (pade)       21.721 (series)        4.897 (mix)        0.150 (add) 
Cl( 7, 6) in Cl( 7, 6) CPU =        1.547 ms (setup)      112.633 (comm)       51.117 (pade)      201.226 (series)       13.735 (mix)        0.276 (add) 
Cl( 7, 7) in Cl( 7, 7) CPU =        3.030 ms (setup)      156.549 (comm)       59.139 (pade)      236.307 (series)       39.294 (mix)        0.662 (add) 
Cl( 8, 7) in Cl( 8, 7) CPU =        6.348 ms (setup)      357.865 (comm)      133.071 (pade)      493.180 (series)      110.431 (mix)        2.069 (add) 
Cl( 8, 8) in Cl( 8, 8) CPU =       12.848 ms (setup)      667.091 (comm)      177.629 (pade)      683.495 (series)      328.254 (mix)        4.021 (add) 
Cl( 1, 0) in Cl( 8, 8) CPU =        0.001 ms (setup)        0.002 (comm)        0.003 (pade)        0.002 (series)        0.001 (mix)        0.001 (add) 
Cl( 1, 1) in Cl( 8, 8) CPU =        0.001 ms (setup)        0.003 (comm)        0.003 (pade)        0.003 (series)        0.001 (mix)        0.001 (add) 
Cl( 2, 1) in Cl( 8, 8) CPU =        0.001 ms (setup)        0.004 (comm)        0.007 (pade)        0.005 (series)        0.002 (mix)        0.001 (add) 
Cl( 2, 2) in Cl( 8, 8) CPU =        0.002 ms (setup)        0.007 (comm)        0.007 (pade)        0.008 (series)        0.003 (mix)        0.001 (add) 
Cl( 3, 2) in Cl( 8, 8) CPU =        0.004 ms (setup)        0.017 (comm)        0.028 (pade)        0.024 (series)        0.005 (mix)        0.002 (add) 
Cl( 3, 3) in Cl( 8, 8) CPU =        0.009 ms (setup)        0.047 (comm)        0.040 (pade)        0.068 (series)        0.011 (mix)        0.003 (add) 
Cl( 4, 3) in Cl( 8, 8) CPU =        0.018 ms (setup)        0.147 (comm)        0.143 (pade)        0.217 (series)        0.029 (mix)        0.005 (add) 
Cl( 4, 4) in Cl( 8, 8) CPU =        0.033 ms (setup)        0.515 (comm)        0.208 (pade)        0.828 (series)        0.086 (mix)        0.009 (add) 
Cl( 5, 4) in Cl( 8, 8) CPU =        0.074 ms (setup)        1.722 (comm)        6.386 (pade)        6.336 (series)        0.254 (mix)        0.017 (add) 
Cl( 5, 5) in Cl( 8, 8) CPU =        0.156 ms (setup)        2.787 (comm)        8.111 (pade)        4.248 (series)        0.660 (mix)        0.034 (add) 
Cl( 6, 5) in Cl( 8, 8) CPU =        0.307 ms (setup)        9.102 (comm)       28.328 (pade)       14.643 (series)        1.748 (mix)        0.066 (add) 
Cl( 6, 6) in Cl( 8, 8) CPU =        0.718 ms (setup)       15.603 (comm)       38.374 (pade)       21.497 (series)        4.853 (mix)        0.137 (add) 
Cl( 7, 6) in Cl( 8, 8) CPU =        1.463 ms (setup)      113.635 (comm)       50.064 (pade)      201.536 (series)       13.531 (mix)        0.284 (add) 
Cl( 7, 7) in Cl( 8, 8) CPU =        2.989 ms (setup)      154.686 (comm)       60.108 (pade)      233.061 (series)       38.835 (mix)        0.575 (add) 
Cl( 8, 7) in Cl( 8, 8) CPU =        6.337 ms (setup)      351.025 (comm)      134.468 (pade)      490.565 (series)      112.222 (mix)        2.179 (add) 
Cl( 8, 8) in Cl( 8, 8) CPU =       12.636 ms (setup)      671.446 (comm)      179.564 (pade)      679.269 (series)      327.488 (mix)        3.899 (add) 

matrix_multi<double>
Clifford algebra expressions test:
Fill: 0.5
Cl( 1, 0) in Cl( 1, 0) CPU =        0.003 ms (setup)        0.003 (comm)        0.001 (pade)        0.001 (series)        0.003 (mix)        0.001 (add) 
Cl( 1, 1) in Cl( 1, 1) CPU =        0.005 ms (setup)        0.003 (comm)        0.001 (pade)        0.001 (series)        0.003 (mix)        0.001 (add) 
Cl( 2, 1) in Cl( 2, 1) CPU =        0.002 ms (setup)        0.019 (comm)        0.001 (pade)        0.001 (series)        0.018 (mix)        0.001 (add) 
Cl( 2, 2) in Cl( 2, 2) CPU =        0.003 ms (setup)        0.031 (comm)        0.001 (pade)        0.001 (series)        0.030 (mix)        0.001 (add) 
Cl( 3, 2) in Cl( 3, 2) CPU =        0.014 ms (setup)        0.102 (comm)        0.002 (pade)        0.001 (series)        0.097 (mix)        0.001 (add) 
Cl( 3, 3) in Cl( 3, 3) CPU =        0.019 ms (setup)        0.175 (comm)        0.002 (pade)        0.001 (series)        0.169 (mix)        0.000 (add) 
Cl( 4, 3) in Cl( 4, 3) CPU =        0.052 ms (setup)        0.833 (comm)        0.006 (pade)        0.004 (series)        0.821 (mix)        0.001 (add) 
Cl( 4, 4) in Cl( 4, 4) CPU =        0.099 ms (setup)        1.321 (comm)        0.005 (pade)        0.004 (series)        1.312 (mix)        0.001 (add) 
Cl( 5, 4) in Cl( 5, 4) CPU =        0.243 ms (setup)        5.311 (comm)        0.018 (pade)        0.013 (series)        5.322 (mix)        0.002 (add) 
Cl( 5, 5) in Cl( 5, 5) CPU =        0.482 ms (setup)        7.895 (comm)        0.019 (pade)        0.013 (series)        7.866 (mix)        0.001 (add) 
Cl( 6, 5) in Cl( 6, 5) CPU =        1.079 ms (setup)       30.470 (comm)        0.075 (pade)        0.062 (series)       30.495 (mix)        0.005 (add) 
Cl( 6, 6) in Cl( 6, 6) CPU =        2.222 ms (setup)       43.861 (comm)        0.076 (pade)        0.062 (series)       43.973 (mix)        0.005 (add) 
Cl( 7, 6) in Cl( 7, 6) CPU =        5.249 ms (setup)      317.398 (comm)        1.244 (pade)        0.249 (series)      281.328 (mix)        0.022 (add) 
Cl( 7, 7) in Cl( 7, 7) CPU =       10.449 ms (setup)      381.144 (comm)        2.168 (pade)        3.799 (series)      348.137 (mix)        0.022 (add) 
Cl( 8, 7) in Cl( 8, 7) CPU =       24.152 ms (setup)     1431.865 (comm)       30.691 (pade)       11.921 (series)     1396.380 (mix)        0.096 (add) 
Cl( 8, 8) in Cl( 8, 8) CPU =       51.906 ms (setup)     1795.251 (comm)       28.099 (pade)        8.084 (series)     1750.573 (mix)        0.105 (add) 
Cl( 1, 0) in Cl( 8, 8) CPU =        0.013 ms (setup)       53.968 (comm)       24.177 (pade)       11.898 (series)       17.271 (mix)        0.132 (add) 
Cl( 1, 1) in Cl( 8, 8) CPU =        0.023 ms (setup)       85.887 (comm)       27.467 (pade)       11.868 (series)       59.385 (mix)        0.130 (add) 
Cl( 2, 1) in Cl( 8, 8) CPU =        0.048 ms (setup)      139.143 (comm)       27.989 (pade)       11.892 (series)      120.733 (mix)        0.096 (add) 
Cl( 2, 2) in Cl( 8, 8) CPU =        0.092 ms (setup)      166.328 (comm)       27.995 (pade)       11.886 (series)      156.798 (mix)        0.095 (add) 
Cl( 3, 2) in Cl( 8, 8) CPU =        0.477 ms (setup)      195.050 (comm)       28.038 (pade)       12.116 (series)      176.876 (mix)        0.097 (add) 
Cl( 3, 3) in Cl( 8, 8) CPU =        0.722 ms (setup)      238.394 (comm)       28.034 (pade)       11.886 (series)      216.182 (mix)        0.095 (add) 
Cl( 4, 3) in Cl( 8, 8) CPU =        0.834 ms (setup)      257.229 (comm)       27.246 (pade)       11.904 (series)      233.035 (mix)        0.091 (add) 
Cl( 4, 4) in Cl( 8, 8) CPU =        1.036 ms (setup)      310.339 (comm)       27.669 (pade)       11.911 (series)      275.629 (mix)        0.089 (add) 
Cl( 5, 4) in Cl( 8, 8) CPU =        1.589 ms (setup)      378.039 (comm)       28.059 (pade)       11.912 (series)      333.312 (mix)        0.090 (add) 
Cl( 5, 5) in Cl( 8, 8) CPU =        2.538 ms (setup)      419.878 (comm)       30.413 (pade)       11.910 (series)      373.449 (mix)        0.091 (add) 
Cl( 6, 5) in Cl( 8, 8) CPU =        5.376 ms (setup)      504.255 (comm)       28.061 (pade)       11.914 (series)      470.826 (mix)        0.092 (add) 
Cl( 6, 6) in Cl( 8, 8) CPU =        9.621 ms (setup)      555.141 (comm)       28.111 (pade)       11.906 (series)      517.595 (mix)        0.090 (add) 
Cl( 7, 6) in Cl( 8, 8) CPU =       22.451 ms (setup)      706.453 (comm)       28.054 (pade)       11.921 (series)      677.431 (mix)        0.098 (add) 
Cl( 7, 7) in Cl( 8, 8) CPU =       42.325 ms (setup)      871.803 (comm)       28.069 (pade)        8.395 (series)      816.080 (mix)        0.107 (add) 
Cl( 8, 7) in Cl( 8, 8) CPU =       98.851 ms (setup)     1488.070 (comm)       28.104 (pade)        8.104 (series)     1453.586 (mix)        0.093 (add) 
Cl( 8, 8) in Cl( 8, 8) CPU =       51.130 ms (setup)     1778.721 (comm)       28.113 (pade)        8.085 (series)     1742.197 (mix)        0.101 (add) 
Fill: 1
Cl( 1, 0) in Cl( 1, 0) CPU =        0.002 ms (setup)        0.006 (comm)        0.002 (pade)        0.001 (series)        0.005 (mix)        0.001 (add) 
Cl( 1, 1) in Cl( 1, 1) CPU =        0.002 ms (setup)        0.008 (comm)        0.001 (pade)        0.001 (series)        0.009 (mix)        0.001 (add) 
Cl( 2, 1) in Cl( 2, 1) CPU =        0.003 ms (setup)        0.025 (comm)        0.002 (pade)        0.001 (series)        0.025 (mix)        0.001 (add) 
Cl( 2, 2) in Cl( 2, 2) CPU =        0.005 ms (setup)        0.038 (comm)        0.001 (pade)        0.001 (series)        0.037 (mix)        0.001 (add) 
Cl( 3, 2) in Cl( 3, 2) CPU =        0.013 ms (setup)        0.138 (comm)        0.002 (pade)        0.001 (series)        0.135 (mix)        0.001 (add) 
Cl( 3, 3) in Cl( 3, 3) CPU =        0.024 ms (setup)        0.221 (comm)        0.002 (pade)        0.001 (series)        0.220 (mix)        0.001 (add) 
Cl( 4, 3) in Cl( 4, 3) CPU =        0.068 ms (setup)        1.008 (comm)        0.006 (pade)        0.004 (series)        0.982 (mix)        0.001 (add) 
Cl( 4, 4) in Cl( 4, 4) CPU =        0.133 ms (setup)        1.544 (comm)        0.005 (pade)        0.004 (series)        1.525 (mix)        0.001 (add) 
Cl( 5, 4) in Cl( 5, 4) CPU =        0.344 ms (setup)        5.880 (comm)        0.019 (pade)        0.013 (series)        5.897 (mix)        0.001 (add) 
Cl( 5, 5) in Cl( 5, 5) CPU =        0.684 ms (setup)        8.838 (comm)        0.021 (pade)        0.013 (series)        8.822 (mix)        0.001 (add) 
Cl( 6, 5) in Cl( 6, 5) CPU =        1.774 ms (setup)       33.353 (comm)        0.077 (pade)        0.064 (series)       34.525 (mix)        0.005 (add) 
Cl( 6, 6) in Cl( 6, 6) CPU =        3.633 ms (setup)       46.851 (comm)        0.081 (pade)        0.062 (series)       47.012 (mix)        0.005 (add) 
Cl( 7, 6) in Cl( 7, 6) CPU =        8.581 ms (setup)      327.796 (comm)        3.412 (pade)        0.242 (series)      295.205 (mix)        0.021 (add) 
Cl( 7, 7) in Cl( 7, 7) CPU =       17.279 ms (setup)      406.676 (comm)        1.749 (pade)        3.780 (series)      371.979 (mix)        0.021 (add) 
Cl( 8, 7) in Cl( 8, 7) CPU =       46.519 ms (setup)     1519.424 (comm)       28.088 (pade)       11.950 (series)     1486.726 (mix)        0.094 (add) 
Cl( 8, 8) in Cl( 8, 8) CPU =       88.275 ms (setup)     1953.935 (comm)       28.111 (pade)       11.933 (series)     1904.374 (mix)        0.100 (add) 
Cl( 1, 0) in Cl( 8, 8) CPU =        0.025 ms (setup)      115.579 (comm)       27.881 (pade)        8.052 (series)       95.306 (mix)        0.095 (add) 
Cl( 1, 1) in Cl( 8, 8) CPU =        0.034 ms (setup)      132.972 (comm)       26.619 (pade)        8.370 (series)      113.424 (mix)        0.096 (add) 
Cl( 2, 1) in Cl( 8, 8) CPU =        0.073 ms (setup)      150.626 (comm)       26.894 (pade)       11.887 (series)      133.934 (mix)        0.097 (add) 
Cl( 2, 2) in Cl( 8, 8) CPU =        0.657 ms (setup)      175.011 (comm)       27.541 (pade)        8.377 (series)      165.547 (mix)        0.090 (add) 
Cl( 3, 2) in Cl( 8, 8) CPU =        0.690 ms (setup)      204.800 (comm)       27.580 (pade)        8.386 (series)      185.536 (mix)        0.092 (add) 
Cl( 3, 3) in Cl( 8, 8) CPU =        0.742 ms (setup)      257.666 (comm)       27.328 (pade)       11.877 (series)      234.539 (mix)        0.089 (add) 
Cl( 4, 3) in Cl( 8, 8) CPU =        0.903 ms (setup)      306.487 (comm)       26.963 (pade)       11.896 (series)      275.099 (mix)        0.089 (add) 
Cl( 4, 4) in Cl( 8, 8) CPU =        1.157 ms (setup)      357.743 (comm)       30.355 (pade)       11.902 (series)      321.945 (mix)        0.089 (add) 
Cl( 5, 4) in Cl( 8, 8) CPU =        1.974 ms (setup)      415.879 (comm)       28.093 (pade)       11.907 (series)      377.209 (mix)        0.088 (add) 
Cl( 5, 5) in Cl( 8, 8) CPU =        3.276 ms (setup)      463.247 (comm)       28.088 (pade)       11.908 (series)      428.113 (mix)        0.088 (add) 
Cl( 6, 5) in Cl( 8, 8) CPU =        7.061 ms (setup)      544.390 (comm)       30.320 (pade)       11.913 (series)      509.397 (mix)        0.093 (add) 
Cl( 6, 6) in Cl( 8, 8) CPU =       13.081 ms (setup)      608.573 (comm)       28.067 (pade)       11.904 (series)      572.267 (mix)        0.099 (add) 
Cl( 7, 6) in Cl( 8, 8) CPU =       29.992 ms (setup)      797.509 (comm)       28.127 (pade)       11.918 (series)      767.162 (mix)        0.091 (add) 
Cl( 7, 7) in Cl( 8, 8) CPU =       57.507 ms (setup)      927.736 (comm)       28.040 (pade)        8.099 (series)      887.998 (mix)        0.106 (add) 
Cl( 8, 7) in Cl( 8, 8) CPU =      142.086 ms (setup)     1578.276 (comm)       27.736 (pade)       11.607 (series)     1548.764 (mix)        0.093 (add) 
Cl( 8, 8) in Cl( 8, 8) CPU =       91.261 ms (setup)     1946.483 (comm)       30.833 (pade)       11.933 (series)     1926.035 (mix)        0.101 (add) 
