expressions/expressions
	linux-vdso.so.1 (0x00007db893a86000)
	libflexiblas.so.3 => /usr/lib/x86_64-linux-gnu/libflexiblas.so.3 (0x00007db893200000)
	libstdc++.so.6 => /usr/lib/x86_64-linux-gnu/libstdc++.so.6 (0x00007db892e00000)
	libm.so.6 => /usr/lib/x86_64-linux-gnu/libm.so.6 (0x00007db8930da000)
	libgcc_s.so.1 => /usr/lib/x86_64-linux-gnu/libgcc_s.so.1 (0x00007db893930000)
	libc.so.6 => /usr/lib/x86_64-linux-gnu/libc.so.6 (0x00007db892a00000)
	/lib64/ld-linux-x86-64.so.2 (0x00007db893a88000)
gfft_test/gfft_test
	linux-vdso.so.1 (0x00007d78bf3c7000)
	libflexiblas.so.3 => /usr/lib/x86_64-linux-gnu/libflexiblas.so.3 (0x00007d78bec00000)
	libstdc++.so.6 => /usr/lib/x86_64-linux-gnu/libstdc++.so.6 (0x00007d78be800000)
	libm.so.6 => /usr/lib/x86_64-linux-gnu/libm.so.6 (0x00007d78beada000)
	libgcc_s.so.1 => /usr/lib/x86_64-linux-gnu/libgcc_s.so.1 (0x00007d78beaac000)
	libc.so.6 => /usr/lib/x86_64-linux-gnu/libc.so.6 (0x00007d78be400000)
	/lib64/ld-linux-x86-64.so.2 (0x00007d78bf3c9000)
products/products
	linux-vdso.so.1 (0x00007dfc68910000)
	libflexiblas.so.3 => /usr/lib/x86_64-linux-gnu/libflexiblas.so.3 (0x00007dfc68000000)
	libstdc++.so.6 => /usr/lib/x86_64-linux-gnu/libstdc++.so.6 (0x00007dfc67c00000)
	libm.so.6 => /usr/lib/x86_64-linux-gnu/libm.so.6 (0x00007dfc67eda000)
	libgcc_s.so.1 => /usr/lib/x86_64-linux-gnu/libgcc_s.so.1 (0x00007dfc687cf000)
	libc.so.6 => /usr/lib/x86_64-linux-gnu/libc.so.6 (0x00007dfc67800000)
	/lib64/ld-linux-x86-64.so.2 (0x00007dfc68912000)
squaring/squaring
	linux-vdso.so.1 (0x000072459f4a6000)
	libflexiblas.so.3 => /usr/lib/x86_64-linux-gnu/libflexiblas.so.3 (0x000072459ec00000)
	libstdc++.so.6 => /usr/lib/x86_64-linux-gnu/libstdc++.so.6 (0x000072459e800000)
	libm.so.6 => /usr/lib/x86_64-linux-gnu/libm.so.6 (0x000072459eada000)
	libgcc_s.so.1 => /usr/lib/x86_64-linux-gnu/libgcc_s.so.1 (0x000072459f3ca000)
	libc.so.6 => /usr/lib/x86_64-linux-gnu/libc.so.6 (0x000072459e400000)
	/lib64/ld-linux-x86-64.so.2 (0x000072459f4a8000)
transforms/transforms
	linux-vdso.so.1 (0x0000761a25b00000)
	libflexiblas.so.3 => /usr/lib/x86_64-linux-gnu/libflexiblas.so.3 (0x0000761a25200000)
	libstdc++.so.6 => /usr/lib/x86_64-linux-gnu/libstdc++.so.6 (0x0000761a24e00000)
	libm.so.6 => /usr/lib/x86_64-linux-gnu/libm.so.6 (0x0000761a2592d000)
	libgcc_s.so.1 => /usr/lib/x86_64-linux-gnu/libgcc_s.so.1 (0x0000761a251d2000)
	libc.so.6 => /usr/lib/x86_64-linux-gnu/libc.so.6 (0x0000761a24a00000)
	/lib64/ld-linux-x86-64.so.2 (0x0000761a25b02000)
versor/versor
	linux-vdso.so.1 (0x00007b7b76b9f000)
	libflexiblas.so.3 => /usr/lib/x86_64-linux-gnu/libflexiblas.so.3 (0x00007b7b76200000)
	libstdc++.so.6 => /usr/lib/x86_64-linux-gnu/libstdc++.so.6 (0x00007b7b75e00000)
	libm.so.6 => /usr/lib/x86_64-linux-gnu/libm.so.6 (0x00007b7b769c9000)
	libgcc_s.so.1 => /usr/lib/x86_64-linux-gnu/libgcc_s.so.1 (0x00007b7b7699b000)
	libc.so.6 => /usr/lib/x86_64-linux-gnu/libc.so.6 (0x00007b7b75a00000)
	/lib64/ld-linux-x86-64.so.2 (0x00007b7b76ba1000)
