
framed_multi<float,-4,4>
Clifford algebra products test:
Fill: 0.5
Cl( 1, 0) in Cl( 1, 0) CPU =        0.001 ms (setup)        0.001 (*)        0.001 (^)        0.001 (&)        0.001 (%) 
Cl( 1, 1) in Cl( 1, 1) CPU =        0.001 ms (setup)        0.001 (*)        0.001 (^)        0.001 (&)        0.001 (%) 
Cl( 2, 1) in Cl( 2, 1) CPU =        0.001 ms (setup)        0.001 (*)        0.001 (^)        0.001 (&)        0.001 (%) 
Cl( 2, 2) in Cl( 2, 2) CPU =        0.001 ms (setup)        0.002 (*)        0.001 (^)        0.001 (&)        0.001 (%) 
Cl( 3, 2) in Cl( 3, 2) CPU =        0.002 ms (setup)        0.003 (*)        0.002 (^)        0.002 (&)        0.002 (%) 
Cl( 3, 3) in Cl( 3, 3) CPU =        0.003 ms (setup)        0.009 (*)        0.003 (^)        0.004 (&)        0.003 (%) 
Cl( 4, 3) in Cl( 4, 3) CPU =        0.006 ms (setup)        0.022 (*)        0.008 (^)        0.009 (&)        0.007 (%) 
Cl( 4, 4) in Cl( 4, 4) CPU =        0.011 ms (setup)        0.167 (*)        0.020 (^)        0.021 (&)        0.018 (%) 
Cl( 1, 0) in Cl( 4, 4) CPU =        0.000 ms (setup)        0.000 (*)        0.000 (^)        0.001 (&)        0.001 (%) 
Cl( 1, 1) in Cl( 4, 4) CPU =        0.000 ms (setup)        0.001 (*)        0.001 (^)        0.001 (&)        0.001 (%) 
Cl( 2, 1) in Cl( 4, 4) CPU =        0.001 ms (setup)        0.001 (*)        0.001 (^)        0.001 (&)        0.001 (%) 
Cl( 2, 2) in Cl( 4, 4) CPU =        0.001 ms (setup)        0.002 (*)        0.001 (^)        0.001 (&)        0.001 (%) 
Cl( 3, 2) in Cl( 4, 4) CPU =        0.002 ms (setup)        0.003 (*)        0.002 (^)        0.002 (&)        0.002 (%) 
Cl( 3, 3) in Cl( 4, 4) CPU =        0.003 ms (setup)        0.007 (*)        0.003 (^)        0.004 (&)        0.003 (%) 
Cl( 4, 3) in Cl( 4, 4) CPU =        0.005 ms (setup)        0.024 (*)        0.007 (^)        0.009 (&)        0.007 (%) 
Cl( 4, 4) in Cl( 4, 4) CPU =        0.011 ms (setup)        0.162 (*)        0.021 (^)        0.021 (&)        0.015 (%) 
Fill: 1
Cl( 1, 0) in Cl( 1, 0) CPU =        0.001 ms (setup)        0.001 (*)        0.000 (^)        0.001 (&)        0.001 (%) 
Cl( 1, 1) in Cl( 1, 1) CPU =        0.001 ms (setup)        0.001 (*)        0.001 (^)        0.001 (&)        0.001 (%) 
Cl( 2, 1) in Cl( 2, 1) CPU =        0.001 ms (setup)        0.001 (*)        0.001 (^)        0.001 (&)        0.001 (%) 
Cl( 2, 2) in Cl( 2, 2) CPU =        0.002 ms (setup)        0.005 (*)        0.002 (^)        0.001 (&)        0.001 (%) 
Cl( 3, 2) in Cl( 3, 2) CPU =        0.002 ms (setup)        0.005 (*)        0.002 (^)        0.003 (&)        0.002 (%) 
Cl( 3, 3) in Cl( 3, 3) CPU =        0.004 ms (setup)        0.014 (*)        0.005 (^)        0.005 (&)        0.005 (%) 
Cl( 4, 3) in Cl( 4, 3) CPU =        0.007 ms (setup)        0.045 (*)        0.011 (^)        0.015 (&)        0.011 (%) 
Cl( 4, 4) in Cl( 4, 4) CPU =        0.016 ms (setup)        0.205 (*)        0.028 (^)        0.039 (&)        0.027 (%) 
Cl( 1, 0) in Cl( 4, 4) CPU =        0.001 ms (setup)        0.001 (*)        0.001 (^)        0.001 (&)        0.001 (%) 
Cl( 1, 1) in Cl( 4, 4) CPU =        0.001 ms (setup)        0.001 (*)        0.001 (^)        0.001 (&)        0.001 (%) 
Cl( 2, 1) in Cl( 4, 4) CPU =        0.001 ms (setup)        0.001 (*)        0.001 (^)        0.001 (&)        0.001 (%) 
Cl( 2, 2) in Cl( 4, 4) CPU =        0.001 ms (setup)        0.002 (*)        0.001 (^)        0.001 (&)        0.001 (%) 
Cl( 3, 2) in Cl( 4, 4) CPU =        0.002 ms (setup)        0.005 (*)        0.002 (^)        0.003 (&)        0.002 (%) 
Cl( 3, 3) in Cl( 4, 4) CPU =        0.004 ms (setup)        0.015 (*)        0.005 (^)        0.006 (&)        0.005 (%) 
Cl( 4, 3) in Cl( 4, 4) CPU =        0.008 ms (setup)        0.045 (*)        0.011 (^)        0.015 (&)        0.011 (%) 
Cl( 4, 4) in Cl( 4, 4) CPU =        0.021 ms (setup)        0.201 (*)        0.029 (^)        0.040 (&)        0.027 (%) 

matrix_multi<float,-4,4>
Clifford algebra products test:
Fill: 0.5
Cl( 1, 0) in Cl( 1, 0) CPU =        0.006 ms (setup)        0.000 (*)        0.003 (^)        0.003 (&)        0.005 (%) 
Cl( 1, 1) in Cl( 1, 1) CPU =        0.002 ms (setup)        0.001 (*)        0.001 (^)        0.001 (&)        0.001 (%) 
Cl( 2, 1) in Cl( 2, 1) CPU =        0.002 ms (setup)        0.001 (*)        0.005 (^)        0.006 (&)        0.005 (%) 
Cl( 2, 2) in Cl( 2, 2) CPU =        0.005 ms (setup)        0.001 (*)        0.018 (^)        0.015 (&)        0.018 (%) 
Cl( 3, 2) in Cl( 3, 2) CPU =        0.011 ms (setup)        0.001 (*)        0.036 (^)        0.041 (&)        0.044 (%) 
Cl( 3, 3) in Cl( 3, 3) CPU =        0.010 ms (setup)        0.001 (*)        0.079 (^)        0.083 (&)        0.088 (%) 
Cl( 4, 3) in Cl( 4, 3) CPU =        0.026 ms (setup)        0.001 (*)        0.398 (^)        0.397 (&)        0.415 (%) 
Cl( 4, 4) in Cl( 4, 4) CPU =        0.051 ms (setup)        0.001 (*)        0.694 (^)        0.665 (&)        0.688 (%) 
Cl( 1, 0) in Cl( 4, 4) CPU =        0.002 ms (setup)        0.001 (*)        0.011 (^)        0.007 (&)        0.009 (%) 
Cl( 1, 1) in Cl( 4, 4) CPU =        0.005 ms (setup)        0.001 (*)        0.033 (^)        0.015 (&)        0.022 (%) 
Cl( 2, 1) in Cl( 4, 4) CPU =        0.005 ms (setup)        0.001 (*)        0.018 (^)        0.015 (&)        0.019 (%) 
Cl( 2, 2) in Cl( 4, 4) CPU =        0.007 ms (setup)        0.001 (*)        0.045 (^)        0.032 (&)        0.035 (%) 
Cl( 3, 2) in Cl( 4, 4) CPU =        0.021 ms (setup)        0.001 (*)        0.077 (^)        0.053 (&)        0.059 (%) 
Cl( 3, 3) in Cl( 4, 4) CPU =        0.034 ms (setup)        0.001 (*)        0.146 (^)        0.104 (&)        0.115 (%) 
Cl( 4, 3) in Cl( 4, 4) CPU =        0.090 ms (setup)        0.001 (*)        0.446 (^)        0.412 (&)        0.413 (%) 
Cl( 4, 4) in Cl( 4, 4) CPU =        0.053 ms (setup)        0.001 (*)        0.661 (^)        0.681 (&)        0.697 (%) 
Fill: 1
Cl( 1, 0) in Cl( 1, 0) CPU =        0.001 ms (setup)        0.001 (*)        0.003 (^)        0.002 (&)        0.003 (%) 
Cl( 1, 1) in Cl( 1, 1) CPU =        0.001 ms (setup)        0.001 (*)        0.004 (^)        0.003 (&)        0.004 (%) 
Cl( 2, 1) in Cl( 2, 1) CPU =        0.002 ms (setup)        0.000 (*)        0.013 (^)        0.011 (&)        0.013 (%) 
Cl( 2, 2) in Cl( 2, 2) CPU =        0.002 ms (setup)        0.001 (*)        0.019 (^)        0.017 (&)        0.020 (%) 
Cl( 3, 2) in Cl( 3, 2) CPU =        0.006 ms (setup)        0.000 (*)        0.071 (^)        0.074 (&)        0.070 (%) 
Cl( 3, 3) in Cl( 3, 3) CPU =        0.012 ms (setup)        0.000 (*)        0.111 (^)        0.105 (&)        0.112 (%) 
Cl( 4, 3) in Cl( 4, 3) CPU =        0.034 ms (setup)        0.001 (*)        0.501 (^)        0.504 (&)        0.509 (%) 
Cl( 4, 4) in Cl( 4, 4) CPU =        0.070 ms (setup)        0.001 (*)        0.783 (^)        0.775 (&)        0.786 (%) 
Cl( 1, 0) in Cl( 4, 4) CPU =        0.002 ms (setup)        0.001 (*)        0.020 (^)        0.013 (&)        0.017 (%) 
Cl( 1, 1) in Cl( 4, 4) CPU =        0.002 ms (setup)        0.001 (*)        0.024 (^)        0.015 (&)        0.022 (%) 
Cl( 2, 1) in Cl( 4, 4) CPU =        0.005 ms (setup)        0.001 (*)        0.038 (^)        0.026 (&)        0.033 (%) 
Cl( 2, 2) in Cl( 4, 4) CPU =        0.011 ms (setup)        0.001 (*)        0.053 (^)        0.036 (&)        0.043 (%) 
Cl( 3, 2) in Cl( 4, 4) CPU =        0.025 ms (setup)        0.001 (*)        0.117 (^)        0.088 (&)        0.092 (%) 
Cl( 3, 3) in Cl( 4, 4) CPU =        0.043 ms (setup)        0.001 (*)        0.183 (^)        0.145 (&)        0.156 (%) 
Cl( 4, 3) in Cl( 4, 4) CPU =        0.114 ms (setup)        0.001 (*)        0.553 (^)        0.492 (&)        0.497 (%) 
Cl( 4, 4) in Cl( 4, 4) CPU =        0.068 ms (setup)        0.001 (*)        0.755 (^)        0.779 (&)        0.787 (%) 

framed_multi<double>
Clifford algebra products test:
Fill: 0.5
Cl( 1, 0) in Cl( 1, 0) CPU =        0.001 ms (setup)        0.001 (*)        0.001 (^)        0.001 (&)        0.001 (%) 
Cl( 1, 1) in Cl( 1, 1) CPU =        0.001 ms (setup)        0.001 (*)        0.001 (^)        0.001 (&)        0.001 (%) 
Cl( 2, 1) in Cl( 2, 1) CPU =        0.001 ms (setup)        0.001 (*)        0.001 (^)        0.001 (&)        0.001 (%) 
Cl( 2, 2) in Cl( 2, 2) CPU =        0.001 ms (setup)        0.002 (*)        0.001 (^)        0.002 (&)        0.001 (%) 
Cl( 3, 2) in Cl( 3, 2) CPU =        0.002 ms (setup)        0.004 (*)        0.003 (^)        0.002 (&)        0.002 (%) 
Cl( 3, 3) in Cl( 3, 3) CPU =        0.003 ms (setup)        0.009 (*)        0.004 (^)        0.004 (&)        0.004 (%) 
Cl( 4, 3) in Cl( 4, 3) CPU =        0.007 ms (setup)        0.025 (*)        0.010 (^)        0.010 (&)        0.011 (%) 
Cl( 4, 4) in Cl( 4, 4) CPU =        0.013 ms (setup)        0.160 (*)        0.027 (^)        0.028 (&)        0.019 (%) 
Cl( 5, 4) in Cl( 5, 4) CPU =        0.026 ms (setup)        0.586 (*)        0.111 (^)        0.094 (&)        0.060 (%) 
Cl( 5, 5) in Cl( 5, 5) CPU =        0.049 ms (setup)        0.838 (*)        0.395 (^)        0.291 (&)        0.171 (%) 
Cl( 6, 5) in Cl( 6, 5) CPU =        0.107 ms (setup)        3.083 (*)        1.155 (^)        0.885 (&)        0.521 (%) 
Cl( 6, 6) in Cl( 6, 6) CPU =        0.222 ms (setup)        4.107 (*)        3.212 (^)        2.618 (&)        1.453 (%) 
Cl( 7, 6) in Cl( 7, 6) CPU =        0.467 ms (setup)       44.984 (*)        9.719 (^)        8.139 (&)        4.438 (%) 
Cl( 7, 7) in Cl( 7, 7) CPU =        0.938 ms (setup)       52.251 (*)       28.200 (^)       25.039 (&)       12.517 (%) 
Cl( 8, 7) in Cl( 8, 7) CPU =        1.944 ms (setup)      106.145 (*)       85.365 (^)       70.588 (&)       36.282 (%) 
Cl( 8, 8) in Cl( 8, 8) CPU =        3.841 ms (setup)      130.801 (*)      250.978 (^)      215.264 (&)      107.880 (%) 
Cl( 1, 0) in Cl( 8, 8) CPU =        0.001 ms (setup)        0.001 (*)        0.001 (^)        0.001 (&)        0.001 (%) 
Cl( 1, 1) in Cl( 8, 8) CPU =        0.001 ms (setup)        0.001 (*)        0.001 (^)        0.001 (&)        0.001 (%) 
Cl( 2, 1) in Cl( 8, 8) CPU =        0.001 ms (setup)        0.001 (*)        0.001 (^)        0.001 (&)        0.001 (%) 
Cl( 2, 2) in Cl( 8, 8) CPU =        0.001 ms (setup)        0.002 (*)        0.002 (^)        0.002 (&)        0.001 (%) 
Cl( 3, 2) in Cl( 8, 8) CPU =        0.002 ms (setup)        0.004 (*)        0.002 (^)        0.002 (&)        0.002 (%) 
Cl( 3, 3) in Cl( 8, 8) CPU =        0.003 ms (setup)        0.009 (*)        0.004 (^)        0.005 (&)        0.004 (%) 
Cl( 4, 3) in Cl( 8, 8) CPU =        0.007 ms (setup)        0.021 (*)        0.009 (^)        0.009 (&)        0.008 (%) 
Cl( 4, 4) in Cl( 8, 8) CPU =        0.013 ms (setup)        0.161 (*)        0.029 (^)        0.032 (&)        0.019 (%) 
Cl( 5, 4) in Cl( 8, 8) CPU =        0.026 ms (setup)        0.597 (*)        0.115 (^)        0.096 (&)        0.057 (%) 
Cl( 5, 5) in Cl( 8, 8) CPU =        0.054 ms (setup)        0.810 (*)        0.371 (^)        0.293 (&)        0.169 (%) 
Cl( 6, 5) in Cl( 8, 8) CPU =        0.103 ms (setup)        2.964 (*)        1.129 (^)        0.890 (&)        0.506 (%) 
Cl( 6, 6) in Cl( 8, 8) CPU =        0.219 ms (setup)        3.962 (*)        3.228 (^)        2.562 (&)        1.436 (%) 
Cl( 7, 6) in Cl( 8, 8) CPU =        0.435 ms (setup)       46.688 (*)        9.784 (^)        7.868 (&)        4.176 (%) 
Cl( 7, 7) in Cl( 8, 8) CPU =        0.911 ms (setup)       52.107 (*)       28.213 (^)       23.647 (&)       12.278 (%) 
Cl( 8, 7) in Cl( 8, 8) CPU =        1.904 ms (setup)      105.834 (*)       83.694 (^)       71.763 (&)       36.316 (%) 
Cl( 8, 8) in Cl( 8, 8) CPU =        3.728 ms (setup)      131.034 (*)      251.072 (^)      216.787 (&)      110.126 (%) 
Fill: 1
Cl( 1, 0) in Cl( 1, 0) CPU =        0.001 ms (setup)        0.001 (*)        0.001 (^)        0.001 (&)        0.001 (%) 
Cl( 1, 1) in Cl( 1, 1) CPU =        0.001 ms (setup)        0.001 (*)        0.001 (^)        0.001 (&)        0.001 (%) 
Cl( 2, 1) in Cl( 2, 1) CPU =        0.001 ms (setup)        0.002 (*)        0.001 (^)        0.001 (&)        0.001 (%) 
Cl( 2, 2) in Cl( 2, 2) CPU =        0.002 ms (setup)        0.003 (*)        0.002 (^)        0.002 (&)        0.002 (%) 
Cl( 3, 2) in Cl( 3, 2) CPU =        0.003 ms (setup)        0.007 (*)        0.003 (^)        0.003 (&)        0.003 (%) 
Cl( 3, 3) in Cl( 3, 3) CPU =        0.005 ms (setup)        0.018 (*)        0.006 (^)        0.007 (&)        0.005 (%) 
Cl( 4, 3) in Cl( 4, 3) CPU =        0.010 ms (setup)        0.057 (*)        0.013 (^)        0.016 (&)        0.015 (%) 
Cl( 4, 4) in Cl( 4, 4) CPU =        0.019 ms (setup)        0.202 (*)        0.035 (^)        0.044 (&)        0.033 (%) 
Cl( 5, 4) in Cl( 5, 4) CPU =        0.040 ms (setup)        0.689 (*)        0.096 (^)        0.123 (&)        0.087 (%) 
Cl( 5, 5) in Cl( 5, 5) CPU =        0.083 ms (setup)        1.009 (*)        0.280 (^)        0.357 (&)        0.245 (%) 
Cl( 6, 5) in Cl( 6, 5) CPU =        0.182 ms (setup)        3.585 (*)        0.745 (^)        0.994 (&)        0.657 (%) 
Cl( 6, 6) in Cl( 6, 6) CPU =        0.385 ms (setup)        5.247 (*)        1.990 (^)        2.772 (&)        1.710 (%) 
Cl( 7, 6) in Cl( 7, 6) CPU =        0.796 ms (setup)       49.446 (*)        5.564 (^)        7.987 (&)        4.707 (%) 
Cl( 7, 7) in Cl( 7, 7) CPU =        1.534 ms (setup)       57.668 (*)       15.520 (^)       23.175 (&)       12.930 (%) 
Cl( 8, 7) in Cl( 8, 7) CPU =        3.212 ms (setup)      123.701 (*)       45.413 (^)       68.030 (&)       36.864 (%) 
Cl( 8, 8) in Cl( 8, 8) CPU =        6.713 ms (setup)      173.370 (*)      127.971 (^)      201.857 (&)      106.980 (%) 
Cl( 1, 0) in Cl( 8, 8) CPU =        0.001 ms (setup)        0.001 (*)        0.001 (^)        0.001 (&)        0.001 (%) 
Cl( 1, 1) in Cl( 8, 8) CPU =        0.001 ms (setup)        0.001 (*)        0.001 (^)        0.001 (&)        0.001 (%) 
Cl( 2, 1) in Cl( 8, 8) CPU =        0.002 ms (setup)        0.002 (*)        0.001 (^)        0.001 (&)        0.001 (%) 
Cl( 2, 2) in Cl( 8, 8) CPU =        0.001 ms (setup)        0.003 (*)        0.002 (^)        0.002 (&)        0.002 (%) 
Cl( 3, 2) in Cl( 8, 8) CPU =        0.003 ms (setup)        0.007 (*)        0.003 (^)        0.003 (&)        0.003 (%) 
Cl( 3, 3) in Cl( 8, 8) CPU =        0.006 ms (setup)        0.018 (*)        0.006 (^)        0.007 (&)        0.006 (%) 
Cl( 4, 3) in Cl( 8, 8) CPU =        0.010 ms (setup)        0.059 (*)        0.013 (^)        0.017 (&)        0.013 (%) 
Cl( 4, 4) in Cl( 8, 8) CPU =        0.020 ms (setup)        0.204 (*)        0.038 (^)        0.044 (&)        0.033 (%) 
Cl( 5, 4) in Cl( 8, 8) CPU =        0.040 ms (setup)        0.716 (*)        0.094 (^)        0.116 (&)        0.086 (%) 
Cl( 5, 5) in Cl( 8, 8) CPU =        0.081 ms (setup)        1.034 (*)        0.281 (^)        0.353 (&)        0.252 (%) 
Cl( 6, 5) in Cl( 8, 8) CPU =        0.186 ms (setup)        3.590 (*)        0.756 (^)        0.989 (&)        0.655 (%) 
Cl( 6, 6) in Cl( 8, 8) CPU =        0.370 ms (setup)        5.234 (*)        2.000 (^)        2.741 (&)        1.716 (%) 
Cl( 7, 6) in Cl( 8, 8) CPU =        0.777 ms (setup)       49.383 (*)        5.540 (^)        7.979 (&)        4.705 (%) 
Cl( 7, 7) in Cl( 8, 8) CPU =        1.558 ms (setup)       56.960 (*)       15.501 (^)       22.945 (&)       12.942 (%) 
Cl( 8, 7) in Cl( 8, 8) CPU =        3.312 ms (setup)      121.234 (*)       44.261 (^)       69.574 (&)       36.894 (%) 
Cl( 8, 8) in Cl( 8, 8) CPU =        6.357 ms (setup)      171.122 (*)      129.469 (^)      201.107 (&)      105.880 (%) 

matrix_multi<double>
Clifford algebra products test:
Fill: 0.5
Cl( 1, 0) in Cl( 1, 0) CPU =        0.004 ms (setup)        0.001 (*)        0.003 (^)        0.002 (&)        0.003 (%) 
Cl( 1, 1) in Cl( 1, 1) CPU =        0.002 ms (setup)        0.001 (*)        0.002 (^)        0.002 (&)        0.002 (%) 
Cl( 2, 1) in Cl( 2, 1) CPU =        0.003 ms (setup)        0.001 (*)        0.012 (^)        0.008 (&)        0.010 (%) 
Cl( 2, 2) in Cl( 2, 2) CPU =        0.005 ms (setup)        0.001 (*)        0.009 (^)        0.010 (&)        0.013 (%) 
Cl( 3, 2) in Cl( 3, 2) CPU =        0.013 ms (setup)        0.001 (*)        0.046 (^)        0.050 (&)        0.056 (%) 
Cl( 3, 3) in Cl( 3, 3) CPU =        0.011 ms (setup)        0.001 (*)        0.065 (^)        0.080 (&)        0.083 (%) 
Cl( 4, 3) in Cl( 4, 3) CPU =        0.027 ms (setup)        0.001 (*)        0.369 (^)        0.405 (&)        0.407 (%) 
Cl( 4, 4) in Cl( 4, 4) CPU =        0.050 ms (setup)        0.001 (*)        0.615 (^)        0.615 (&)        0.646 (%) 
Cl( 5, 4) in Cl( 5, 4) CPU =        0.122 ms (setup)        0.003 (*)        2.465 (^)        3.413 (&)        2.688 (%) 
Cl( 5, 5) in Cl( 5, 5) CPU =        0.233 ms (setup)        0.003 (*)        3.933 (^)        3.942 (&)        4.048 (%) 
Cl( 6, 5) in Cl( 6, 5) CPU =        0.576 ms (setup)        0.011 (*)       14.135 (^)       14.979 (&)       14.582 (%) 
Cl( 6, 6) in Cl( 6, 6) CPU =        1.097 ms (setup)        0.011 (*)       20.875 (^)       21.462 (&)       21.332 (%) 
Cl( 7, 6) in Cl( 7, 6) CPU =        2.585 ms (setup)        0.036 (*)      134.174 (^)      147.450 (&)      134.759 (%) 
Cl( 7, 7) in Cl( 7, 7) CPU =        5.221 ms (setup)        0.036 (*)      160.214 (^)      183.661 (&)      163.775 (%) 
Cl( 8, 7) in Cl( 8, 7) CPU =       12.226 ms (setup)        0.185 (*)      652.574 (^)      753.452 (&)      638.742 (%) 
Cl( 8, 8) in Cl( 8, 8) CPU =       25.180 ms (setup)        1.290 (*)      829.669 (^)      956.726 (&)      805.341 (%) 
Cl( 1, 0) in Cl( 8, 8) CPU =        0.016 ms (setup)        0.210 (*)       36.602 (^)       38.717 (&)       38.639 (%) 
Cl( 1, 1) in Cl( 8, 8) CPU =        0.023 ms (setup)        0.228 (*)       46.146 (^)       38.821 (&)       45.593 (%) 
Cl( 2, 1) in Cl( 8, 8) CPU =        0.032 ms (setup)        1.882 (*)       51.894 (^)       47.297 (&)       51.115 (%) 
Cl( 2, 2) in Cl( 8, 8) CPU =        0.073 ms (setup)        1.635 (*)       66.234 (^)       55.552 (&)       65.908 (%) 
Cl( 3, 2) in Cl( 8, 8) CPU =        0.219 ms (setup)        0.660 (*)       75.026 (^)       62.755 (&)       65.830 (%) 
Cl( 3, 3) in Cl( 8, 8) CPU =        0.323 ms (setup)        0.814 (*)       98.693 (^)       81.907 (&)       79.974 (%) 
Cl( 4, 3) in Cl( 8, 8) CPU =        0.386 ms (setup)        1.600 (*)      119.240 (^)      117.378 (&)       92.473 (%) 
Cl( 4, 4) in Cl( 8, 8) CPU =        0.483 ms (setup)        0.197 (*)      145.957 (^)      118.266 (&)      107.064 (%) 
Cl( 5, 4) in Cl( 8, 8) CPU =        0.762 ms (setup)        0.197 (*)      174.983 (^)      143.541 (&)      125.121 (%) 
Cl( 5, 5) in Cl( 8, 8) CPU =        1.248 ms (setup)        0.188 (*)      218.367 (^)      202.177 (&)      153.335 (%) 
Cl( 6, 5) in Cl( 8, 8) CPU =        2.541 ms (setup)        0.179 (*)      247.782 (^)      205.294 (&)      168.352 (%) 
Cl( 6, 6) in Cl( 8, 8) CPU =        4.694 ms (setup)        0.193 (*)      274.065 (^)      272.005 (&)      215.736 (%) 
Cl( 7, 6) in Cl( 8, 8) CPU =       10.866 ms (setup)        0.815 (*)      324.629 (^)      363.946 (&)      265.431 (%) 
Cl( 7, 7) in Cl( 8, 8) CPU =       20.477 ms (setup)        0.179 (*)      396.187 (^)      433.094 (&)      340.937 (%) 
Cl( 8, 7) in Cl( 8, 8) CPU =       48.595 ms (setup)        1.839 (*)      657.130 (^)      717.601 (&)      606.524 (%) 
Cl( 8, 8) in Cl( 8, 8) CPU =       24.476 ms (setup)        0.192 (*)      785.499 (^)      945.568 (&)      790.395 (%) 
Fill: 1
Cl( 1, 0) in Cl( 1, 0) CPU =        0.001 ms (setup)        0.001 (*)        0.003 (^)        0.002 (&)        0.003 (%) 
Cl( 1, 1) in Cl( 1, 1) CPU =        0.001 ms (setup)        0.001 (*)        0.004 (^)        0.003 (&)        0.004 (%) 
Cl( 2, 1) in Cl( 2, 1) CPU =        0.002 ms (setup)        0.001 (*)        0.013 (^)        0.011 (&)        0.013 (%) 
Cl( 2, 2) in Cl( 2, 2) CPU =        0.003 ms (setup)        0.001 (*)        0.019 (^)        0.017 (&)        0.020 (%) 
Cl( 3, 2) in Cl( 3, 2) CPU =        0.007 ms (setup)        0.001 (*)        0.064 (^)        0.066 (&)        0.064 (%) 
Cl( 3, 3) in Cl( 3, 3) CPU =        0.013 ms (setup)        0.001 (*)        0.115 (^)        0.104 (&)        0.111 (%) 
Cl( 4, 3) in Cl( 4, 3) CPU =        0.037 ms (setup)        0.001 (*)        0.494 (^)        0.502 (&)        0.490 (%) 
Cl( 4, 4) in Cl( 4, 4) CPU =        0.072 ms (setup)        0.001 (*)        0.778 (^)        0.768 (&)        0.777 (%) 
Cl( 5, 4) in Cl( 5, 4) CPU =        0.182 ms (setup)        0.002 (*)        2.898 (^)        2.941 (&)        2.960 (%) 
Cl( 5, 5) in Cl( 5, 5) CPU =        0.378 ms (setup)        0.003 (*)        4.407 (^)        4.397 (&)        4.388 (%) 
Cl( 6, 5) in Cl( 6, 5) CPU =        0.887 ms (setup)        0.011 (*)       16.189 (^)       16.594 (&)       16.262 (%) 
Cl( 6, 6) in Cl( 6, 6) CPU =        1.780 ms (setup)        0.011 (*)       23.418 (^)       23.492 (&)       23.061 (%) 
Cl( 7, 6) in Cl( 7, 6) CPU =        4.325 ms (setup)        0.037 (*)      140.219 (^)      153.954 (&)      137.335 (%) 
Cl( 7, 7) in Cl( 7, 7) CPU =        9.581 ms (setup)        0.037 (*)      174.075 (^)      191.169 (&)      174.930 (%) 
Cl( 8, 7) in Cl( 8, 7) CPU =       21.736 ms (setup)        1.827 (*)      818.759 (^)      774.043 (&)      668.356 (%) 
Cl( 8, 8) in Cl( 8, 8) CPU =       45.070 ms (setup)        1.010 (*)      871.645 (^)      987.073 (&)      852.858 (%) 
Cl( 1, 0) in Cl( 8, 8) CPU =        0.018 ms (setup)        0.211 (*)       45.625 (^)       43.593 (&)       44.687 (%) 
Cl( 1, 1) in Cl( 8, 8) CPU =        0.025 ms (setup)        0.198 (*)       56.024 (^)       42.543 (&)       53.880 (%) 
Cl( 2, 1) in Cl( 8, 8) CPU =        0.054 ms (setup)        0.193 (*)       62.827 (^)       55.161 (&)       61.910 (%) 
Cl( 2, 2) in Cl( 8, 8) CPU =        0.317 ms (setup)        1.062 (*)       78.032 (^)       63.242 (&)       68.847 (%) 
Cl( 3, 2) in Cl( 8, 8) CPU =        0.315 ms (setup)        0.196 (*)       92.294 (^)       79.720 (&)       75.410 (%) 
Cl( 3, 3) in Cl( 8, 8) CPU =        0.338 ms (setup)        0.195 (*)      118.638 (^)       98.728 (&)       91.181 (%) 
Cl( 4, 3) in Cl( 8, 8) CPU =        0.430 ms (setup)        0.195 (*)      145.075 (^)      121.475 (&)      107.183 (%) 
Cl( 4, 4) in Cl( 8, 8) CPU =        0.563 ms (setup)        0.196 (*)      169.482 (^)      140.816 (&)      120.261 (%) 
Cl( 5, 4) in Cl( 8, 8) CPU =        0.968 ms (setup)        1.157 (*)      199.089 (^)      167.304 (&)      139.014 (%) 
Cl( 5, 5) in Cl( 8, 8) CPU =        1.617 ms (setup)        0.195 (*)      218.635 (^)      197.288 (&)      155.544 (%) 
Cl( 6, 5) in Cl( 8, 8) CPU =        3.573 ms (setup)        1.917 (*)      255.281 (^)      239.084 (&)      184.250 (%) 
Cl( 6, 6) in Cl( 8, 8) CPU =        6.370 ms (setup)        0.200 (*)      278.315 (^)      276.028 (&)      209.569 (%) 
Cl( 7, 6) in Cl( 8, 8) CPU =       14.997 ms (setup)        0.192 (*)      365.582 (^)      372.524 (&)      289.284 (%) 
Cl( 7, 7) in Cl( 8, 8) CPU =       28.128 ms (setup)        0.183 (*)      410.028 (^)      445.821 (&)      350.646 (%) 
Cl( 8, 7) in Cl( 8, 8) CPU =       70.361 ms (setup)        0.195 (*)      718.710 (^)      777.634 (&)      660.312 (%) 
Cl( 8, 8) in Cl( 8, 8) CPU =       44.526 ms (setup)        1.280 (*)      864.919 (^)      989.716 (&)      841.927 (%) 
