
framed_multi<double>
Clifford algebra squaring test:
Fill: 0.5
Cl( 1, 0) in Cl( 1, 0) CPU =        0.025 ms (setup)        0.007 (*) 
Cl( 1, 1) in Cl( 1, 1) CPU =        0.001 ms (setup)        0.001 (*) 
Cl( 2, 1) in Cl( 2, 1) CPU =        0.002 ms (setup)        0.003 (*) 
Cl( 2, 2) in Cl( 2, 2) CPU =        0.001 ms (setup)        0.003 (*) 
Cl( 3, 2) in Cl( 3, 2) CPU =        0.002 ms (setup)        0.005 (*) 
Cl( 3, 3) in Cl( 3, 3) CPU =        0.006 ms (setup)        0.017 (*) 
Cl( 4, 3) in Cl( 4, 3) CPU =        0.008 ms (setup)        0.038 (*) 
Cl( 4, 4) in Cl( 4, 4) CPU =        0.014 ms (setup)        0.250 (*) 
Cl( 5, 4) in Cl( 5, 4) CPU =        0.029 ms (setup)        0.679 (*) 
Cl( 5, 5) in Cl( 5, 5) CPU =        0.054 ms (setup)        0.825 (*) 
Cl( 6, 5) in Cl( 6, 5) CPU =        0.104 ms (setup)        3.276 (*) 
Cl( 6, 6) in Cl( 6, 6) CPU =        0.225 ms (setup)        4.252 (*) 
Cl( 7, 6) in Cl( 7, 6) CPU =        0.447 ms (setup)       50.894 (*) 
Cl( 7, 7) in Cl( 7, 7) CPU =        0.889 ms (setup)       52.728 (*) 
Cl( 8, 7) in Cl( 8, 7) CPU =        2.200 ms (setup)      107.211 (*) 
Cl( 8, 8) in Cl( 8, 8) CPU =        3.729 ms (setup)      131.862 (*) 
Cl( 9, 8) in Cl( 9, 8) CPU =        7.603 ms (setup)      311.787 (*) 
Cl( 9, 9) in Cl( 9, 9) CPU =       14.894 ms (setup)      569.637 (*) 
Cl(10, 9) in Cl(10, 9) CPU =       31.048 ms (setup)     2098.415 (*) 
Cl(10,10) in Cl(10,10) CPU =       73.184 ms (setup)     2947.285 (*) 
Cl(11,10) in Cl(11,10) CPU =      170.570 ms (setup)    12558.539 (*) 
Cl(11,11) in Cl(11,11) CPU =      353.988 ms (setup)    17832.295 (*) 
Fill: 1
Cl( 1, 0) in Cl( 1, 0) CPU =        0.006 ms (setup)        0.004 (*) 
Cl( 1, 1) in Cl( 1, 1) CPU =        0.001 ms (setup)        0.004 (*) 
Cl( 2, 1) in Cl( 2, 1) CPU =        0.001 ms (setup)        0.003 (*) 
Cl( 2, 2) in Cl( 2, 2) CPU =        0.003 ms (setup)        0.005 (*) 
Cl( 3, 2) in Cl( 3, 2) CPU =        0.005 ms (setup)        0.010 (*) 
Cl( 3, 3) in Cl( 3, 3) CPU =        0.008 ms (setup)        0.024 (*) 
Cl( 4, 3) in Cl( 4, 3) CPU =        0.012 ms (setup)        0.066 (*) 
Cl( 4, 4) in Cl( 4, 4) CPU =        0.021 ms (setup)        0.244 (*) 
Cl( 5, 4) in Cl( 5, 4) CPU =        0.047 ms (setup)        0.754 (*) 
Cl( 5, 5) in Cl( 5, 5) CPU =        0.090 ms (setup)        1.082 (*) 
Cl( 6, 5) in Cl( 6, 5) CPU =        0.198 ms (setup)        3.689 (*) 
Cl( 6, 6) in Cl( 6, 6) CPU =        0.396 ms (setup)        5.400 (*) 
Cl( 7, 6) in Cl( 7, 6) CPU =        0.710 ms (setup)       51.386 (*) 
Cl( 7, 7) in Cl( 7, 7) CPU =        1.522 ms (setup)       60.268 (*) 
Cl( 8, 7) in Cl( 8, 7) CPU =        3.209 ms (setup)      119.984 (*) 
Cl( 8, 8) in Cl( 8, 8) CPU =        6.450 ms (setup)      167.296 (*) 
Cl( 9, 8) in Cl( 9, 8) CPU =       12.897 ms (setup)      408.646 (*) 
Cl( 9, 9) in Cl( 9, 9) CPU =       26.766 ms (setup)      786.956 (*) 
Cl(10, 9) in Cl(10, 9) CPU =       60.369 ms (setup)     2793.739 (*) 
Cl(10,10) in Cl(10,10) CPU =      159.101 ms (setup)     4586.081 (*) 
Cl(11,10) in Cl(11,10) CPU =      330.227 ms (setup)    17133.021 (*) 
Cl(11,11) in Cl(11,11) CPU =      684.396 ms (setup)    28114.198 (*) 

matrix_multi<double>
Clifford algebra squaring test:
Fill: 0.5
Cl( 1, 0) in Cl( 1, 0) CPU =        0.041 ms (setup)        0.003 (*) 
Cl( 1, 1) in Cl( 1, 1) CPU =        0.003 ms (setup)        0.001 (*) 
Cl( 2, 1) in Cl( 2, 1) CPU =        0.011 ms (setup)        0.002 (*) 
Cl( 2, 2) in Cl( 2, 2) CPU =        0.011 ms (setup)        0.001 (*) 
Cl( 3, 2) in Cl( 3, 2) CPU =        0.019 ms (setup)        0.005 (*) 
Cl( 3, 3) in Cl( 3, 3) CPU =        0.017 ms (setup)        0.001 (*) 
Cl( 4, 3) in Cl( 4, 3) CPU =        0.028 ms (setup)        0.001 (*) 
Cl( 4, 4) in Cl( 4, 4) CPU =        0.051 ms (setup)        0.002 (*) 
Cl( 5, 4) in Cl( 5, 4) CPU =        0.132 ms (setup)        0.003 (*) 
Cl( 5, 5) in Cl( 5, 5) CPU =        0.222 ms (setup)        0.003 (*) 
Cl( 6, 5) in Cl( 6, 5) CPU =        0.577 ms (setup)        0.012 (*) 
Cl( 6, 6) in Cl( 6, 6) CPU =        1.100 ms (setup)        0.012 (*) 
Cl( 7, 6) in Cl( 7, 6) CPU =        2.574 ms (setup)        0.103 (*) 
Cl( 7, 7) in Cl( 7, 7) CPU =       36.105 ms (setup)        0.063 (*) 
Cl( 8, 7) in Cl( 8, 7) CPU =       40.910 ms (setup)        0.225 (*) 
Cl( 8, 8) in Cl( 8, 8) CPU =       56.667 ms (setup)        0.390 (*) 
Cl( 9, 8) in Cl( 9, 8) CPU =       94.060 ms (setup)        2.188 (*) 
Cl( 9, 9) in Cl( 9, 9) CPU =      159.986 ms (setup)        2.590 (*) 
Cl(10, 9) in Cl(10, 9) CPU =      376.735 ms (setup)       52.078 (*) 
Cl(10,10) in Cl(10,10) CPU =      690.939 ms (setup)       47.990 (*) 
Cl(11,10) in Cl(11,10) CPU =     2051.749 ms (setup)      488.489 (*) 
Cl(11,11) in Cl(11,11) CPU =     3836.652 ms (setup)      477.676 (*) 
Fill: 1
Cl( 1, 0) in Cl( 1, 0) CPU =        0.013 ms (setup)        0.002 (*) 
Cl( 1, 1) in Cl( 1, 1) CPU =        0.007 ms (setup)        0.001 (*) 
Cl( 2, 1) in Cl( 2, 1) CPU =        0.009 ms (setup)        0.001 (*) 
Cl( 2, 2) in Cl( 2, 2) CPU =        0.010 ms (setup)        0.001 (*) 
Cl( 3, 2) in Cl( 3, 2) CPU =        0.010 ms (setup)        0.003 (*) 
Cl( 3, 3) in Cl( 3, 3) CPU =        0.016 ms (setup)        0.001 (*) 
Cl( 4, 3) in Cl( 4, 3) CPU =        0.042 ms (setup)        0.002 (*) 
Cl( 4, 4) in Cl( 4, 4) CPU =        0.072 ms (setup)        0.001 (*) 
Cl( 5, 4) in Cl( 5, 4) CPU =        0.192 ms (setup)        0.002 (*) 
Cl( 5, 5) in Cl( 5, 5) CPU =        0.351 ms (setup)        0.003 (*) 
Cl( 6, 5) in Cl( 6, 5) CPU =        0.910 ms (setup)        0.012 (*) 
Cl( 6, 6) in Cl( 6, 6) CPU =        1.804 ms (setup)        0.012 (*) 
Cl( 7, 6) in Cl( 7, 6) CPU =        4.344 ms (setup)        0.089 (*) 
Cl( 7, 7) in Cl( 7, 7) CPU =       40.938 ms (setup)        0.081 (*) 
Cl( 8, 7) in Cl( 8, 7) CPU =       52.693 ms (setup)        0.231 (*) 
Cl( 8, 8) in Cl( 8, 8) CPU =       76.236 ms (setup)        0.292 (*) 
Cl( 9, 8) in Cl( 9, 8) CPU =      144.843 ms (setup)        1.407 (*) 
Cl( 9, 9) in Cl( 9, 9) CPU =      257.690 ms (setup)        5.410 (*) 
Cl(10, 9) in Cl(10, 9) CPU =      670.973 ms (setup)       50.874 (*) 
Cl(10,10) in Cl(10,10) CPU =     1356.516 ms (setup)       52.590 (*) 
Cl(11,10) in Cl(11,10) CPU =     3911.625 ms (setup)      450.807 (*) 
Cl(11,11) in Cl(11,11) CPU =     7920.946 ms (setup)      402.484 (*) 
