
framed_multi<float,-4,4>
Clifford algebra expressions test:
Fill: 0.5
Cl( 1, 0) in Cl( 1, 0) CPU =        0.006 ms (setup)        0.004 (comm)        0.011 (pade)        0.005 (series)        0.002 (mix)        0.003 (add) 
Cl( 1, 1) in Cl( 1, 1) CPU =        0.003 ms (setup)        0.002 (comm)        0.011 (pade)        0.002 (series)        0.001 (mix)        0.004 (add) 
Cl( 2, 1) in Cl( 2, 1) CPU =        0.003 ms (setup)        0.013 (comm)        0.028 (pade)        0.015 (series)        0.005 (mix)        0.004 (add) 
Cl( 2, 2) in Cl( 2, 2) CPU =        0.005 ms (setup)        0.021 (comm)        0.030 (pade)        0.028 (series)        0.007 (mix)        0.005 (add) 
Cl( 3, 2) in Cl( 3, 2) CPU =        0.009 ms (setup)        0.087 (comm)        0.122 (pade)        0.044 (series)        0.016 (mix)        0.007 (add) 
Cl( 3, 3) in Cl( 3, 3) CPU =        0.021 ms (setup)        0.121 (comm)        0.160 (pade)        0.202 (series)        0.042 (mix)        0.011 (add) 
Cl( 4, 3) in Cl( 4, 3) CPU =        0.040 ms (setup)        0.321 (comm)        0.638 (pade)        0.525 (series)        0.102 (mix)        0.026 (add) 
Cl( 4, 4) in Cl( 4, 4) CPU =        0.080 ms (setup)        1.679 (comm)        0.756 (pade)        2.745 (series)        0.252 (mix)        0.052 (add) 
Cl( 1, 0) in Cl( 4, 4) CPU =        0.002 ms (setup)        0.001 (comm)        0.007 (pade)        0.005 (series)        0.001 (mix)        0.002 (add) 
Cl( 1, 1) in Cl( 4, 4) CPU =        0.002 ms (setup)        0.004 (comm)        0.008 (pade)        0.005 (series)        0.002 (mix)        0.003 (add) 
Cl( 2, 1) in Cl( 4, 4) CPU =        0.003 ms (setup)        0.011 (comm)        0.021 (pade)        0.013 (series)        0.004 (mix)        0.003 (add) 
Cl( 2, 2) in Cl( 4, 4) CPU =        0.005 ms (setup)        0.024 (comm)        0.024 (pade)        0.025 (series)        0.007 (mix)        0.004 (add) 
Cl( 3, 2) in Cl( 4, 4) CPU =        0.008 ms (setup)        0.040 (comm)        0.102 (pade)        0.059 (series)        0.014 (mix)        0.007 (add) 
Cl( 3, 3) in Cl( 4, 4) CPU =        0.023 ms (setup)        0.104 (comm)        0.147 (pade)        0.163 (series)        0.035 (mix)        0.013 (add) 
Cl( 4, 3) in Cl( 4, 4) CPU =        0.033 ms (setup)        0.251 (comm)        0.486 (pade)        0.384 (series)        0.075 (mix)        0.019 (add) 
Cl( 4, 4) in Cl( 4, 4) CPU =        0.068 ms (setup)        1.438 (comm)        0.547 (pade)        2.123 (series)        0.182 (mix)        0.038 (add) 
Fill: 1
Cl( 1, 0) in Cl( 1, 0) CPU =        0.002 ms (setup)        0.005 (comm)        0.006 (pade)        0.006 (series)        0.002 (mix)        0.003 (add) 
Cl( 1, 1) in Cl( 1, 1) CPU =        0.002 ms (setup)        0.007 (comm)        0.007 (pade)        0.008 (series)        0.004 (mix)        0.003 (add) 
Cl( 2, 1) in Cl( 2, 1) CPU =        0.003 ms (setup)        0.010 (comm)        0.018 (pade)        0.014 (series)        0.004 (mix)        0.003 (add) 
Cl( 2, 2) in Cl( 2, 2) CPU =        0.005 ms (setup)        0.019 (comm)        0.026 (pade)        0.024 (series)        0.007 (mix)        0.004 (add) 
Cl( 3, 2) in Cl( 3, 2) CPU =        0.009 ms (setup)        0.050 (comm)        0.082 (pade)        0.064 (series)        0.015 (mix)        0.010 (add) 
Cl( 3, 3) in Cl( 3, 3) CPU =        0.020 ms (setup)        0.135 (comm)        0.118 (pade)        0.191 (series)        0.038 (mix)        0.011 (add) 
Cl( 4, 3) in Cl( 4, 3) CPU =        0.044 ms (setup)        0.406 (comm)        0.418 (pade)        0.624 (series)        0.095 (mix)        0.025 (add) 
Cl( 4, 4) in Cl( 4, 4) CPU =        0.096 ms (setup)        1.475 (comm)        0.629 (pade)        2.454 (series)        0.263 (mix)        0.071 (add) 
Cl( 1, 0) in Cl( 4, 4) CPU =        0.002 ms (setup)        0.005 (comm)        0.006 (pade)        0.006 (series)        0.002 (mix)        0.003 (add) 
Cl( 1, 1) in Cl( 4, 4) CPU =        0.003 ms (setup)        0.007 (comm)        0.007 (pade)        0.008 (series)        0.002 (mix)        0.003 (add) 
Cl( 2, 1) in Cl( 4, 4) CPU =        0.003 ms (setup)        0.010 (comm)        0.018 (pade)        0.014 (series)        0.004 (mix)        0.003 (add) 
Cl( 2, 2) in Cl( 4, 4) CPU =        0.007 ms (setup)        0.019 (comm)        0.034 (pade)        0.024 (series)        0.007 (mix)        0.004 (add) 
Cl( 3, 2) in Cl( 4, 4) CPU =        0.010 ms (setup)        0.054 (comm)        0.082 (pade)        0.064 (series)        0.015 (mix)        0.006 (add) 
Cl( 3, 3) in Cl( 4, 4) CPU =        0.020 ms (setup)        0.134 (comm)        0.119 (pade)        0.195 (series)        0.038 (mix)        0.011 (add) 
Cl( 4, 3) in Cl( 4, 4) CPU =        0.044 ms (setup)        0.406 (comm)        0.419 (pade)        0.621 (series)        0.096 (mix)        0.026 (add) 
Cl( 4, 4) in Cl( 4, 4) CPU =        0.095 ms (setup)        1.484 (comm)        0.630 (pade)        2.445 (series)        0.257 (mix)        0.072 (add) 

matrix_multi<float,-4,4>
Clifford algebra expressions test:
Fill: 0.5
Cl( 1, 0) in Cl( 1, 0) CPU =        0.002 ms (setup)        0.007 (comm)        0.003 (pade)        0.003 (series)        0.006 (mix)        0.001 (add) 
Cl( 1, 1) in Cl( 1, 1) CPU =        0.004 ms (setup)        0.015 (comm)        0.002 (pade)        0.002 (series)        0.015 (mix)        0.001 (add) 
Cl( 2, 1) in Cl( 2, 1) CPU =        0.006 ms (setup)        0.077 (comm)        0.003 (pade)        0.003 (series)        0.068 (mix)        0.001 (add) 
Cl( 2, 2) in Cl( 2, 2) CPU =        0.007 ms (setup)        0.103 (comm)        0.003 (pade)        0.002 (series)        0.100 (mix)        0.001 (add) 
Cl( 3, 2) in Cl( 3, 2) CPU =        0.033 ms (setup)        0.342 (comm)        0.005 (pade)        0.005 (series)        0.332 (mix)        0.001 (add) 
Cl( 3, 3) in Cl( 3, 3) CPU =        0.060 ms (setup)        0.616 (comm)        0.005 (pade)        0.005 (series)        0.662 (mix)        0.001 (add) 
Cl( 4, 3) in Cl( 4, 3) CPU =        0.140 ms (setup)        2.654 (comm)        0.011 (pade)        0.009 (series)        2.657 (mix)        0.001 (add) 
Cl( 4, 4) in Cl( 4, 4) CPU =        0.274 ms (setup)        4.004 (comm)        0.011 (pade)        0.009 (series)        3.973 (mix)        0.001 (add) 
Cl( 1, 0) in Cl( 4, 4) CPU =        0.005 ms (setup)        0.062 (comm)        0.010 (pade)        0.009 (series)        0.055 (mix)        0.001 (add) 
Cl( 1, 1) in Cl( 4, 4) CPU =        0.007 ms (setup)        0.088 (comm)        0.010 (pade)        0.009 (series)        0.073 (mix)        0.001 (add) 
Cl( 2, 1) in Cl( 4, 4) CPU =        0.018 ms (setup)        0.188 (comm)        0.010 (pade)        0.009 (series)        0.178 (mix)        0.001 (add) 
Cl( 2, 2) in Cl( 4, 4) CPU =        0.032 ms (setup)        0.229 (comm)        0.011 (pade)        0.009 (series)        0.228 (mix)        0.001 (add) 
Cl( 3, 2) in Cl( 4, 4) CPU =        0.127 ms (setup)        0.636 (comm)        0.011 (pade)        0.009 (series)        0.629 (mix)        0.001 (add) 
Cl( 3, 3) in Cl( 4, 4) CPU =        0.201 ms (setup)        0.935 (comm)        0.011 (pade)        0.009 (series)        0.929 (mix)        0.001 (add) 
Cl( 4, 3) in Cl( 4, 4) CPU =        0.510 ms (setup)        2.526 (comm)        0.011 (pade)        0.009 (series)        2.581 (mix)        0.001 (add) 
Cl( 4, 4) in Cl( 4, 4) CPU =        0.267 ms (setup)        4.130 (comm)        0.011 (pade)        0.009 (series)        4.037 (mix)        0.001 (add) 
Fill: 1
Cl( 1, 0) in Cl( 1, 0) CPU =        0.004 ms (setup)        0.015 (comm)        0.003 (pade)        0.002 (series)        0.016 (mix)        0.001 (add) 
Cl( 1, 1) in Cl( 1, 1) CPU =        0.005 ms (setup)        0.024 (comm)        0.003 (pade)        0.002 (series)        0.022 (mix)        0.001 (add) 
Cl( 2, 1) in Cl( 2, 1) CPU =        0.007 ms (setup)        0.085 (comm)        0.003 (pade)        0.002 (series)        0.077 (mix)        0.001 (add) 
Cl( 2, 2) in Cl( 2, 2) CPU =        0.015 ms (setup)        0.130 (comm)        0.003 (pade)        0.002 (series)        0.129 (mix)        0.001 (add) 
Cl( 3, 2) in Cl( 3, 2) CPU =        0.038 ms (setup)        0.472 (comm)        0.005 (pade)        0.005 (series)        0.470 (mix)        0.001 (add) 
Cl( 3, 3) in Cl( 3, 3) CPU =        0.076 ms (setup)        0.744 (comm)        0.005 (pade)        0.005 (series)        0.742 (mix)        0.001 (add) 
Cl( 4, 3) in Cl( 4, 3) CPU =        0.187 ms (setup)        3.089 (comm)        0.015 (pade)        0.009 (series)        3.079 (mix)        0.001 (add) 
Cl( 4, 4) in Cl( 4, 4) CPU =        0.386 ms (setup)        4.654 (comm)        0.011 (pade)        0.009 (series)        4.736 (mix)        0.001 (add) 
Cl( 1, 0) in Cl( 4, 4) CPU =        0.007 ms (setup)        0.131 (comm)        0.011 (pade)        0.010 (series)        0.107 (mix)        0.001 (add) 
Cl( 1, 1) in Cl( 4, 4) CPU =        0.009 ms (setup)        0.176 (comm)        0.013 (pade)        0.011 (series)        0.159 (mix)        0.001 (add) 
Cl( 2, 1) in Cl( 4, 4) CPU =        0.026 ms (setup)        0.258 (comm)        0.011 (pade)        0.011 (series)        0.251 (mix)        0.001 (add) 
Cl( 2, 2) in Cl( 4, 4) CPU =        0.066 ms (setup)        0.396 (comm)        0.011 (pade)        0.009 (series)        0.348 (mix)        0.001 (add) 
Cl( 3, 2) in Cl( 4, 4) CPU =        0.153 ms (setup)        0.741 (comm)        0.011 (pade)        0.009 (series)        0.741 (mix)        0.001 (add) 
Cl( 3, 3) in Cl( 4, 4) CPU =        0.256 ms (setup)        1.186 (comm)        0.011 (pade)        0.009 (series)        1.113 (mix)        0.001 (add) 
Cl( 4, 3) in Cl( 4, 4) CPU =        0.666 ms (setup)        3.253 (comm)        0.011 (pade)        0.009 (series)        3.243 (mix)        0.001 (add) 
Cl( 4, 4) in Cl( 4, 4) CPU =        0.388 ms (setup)        4.659 (comm)        0.011 (pade)        0.009 (series)        4.655 (mix)        0.001 (add) 

framed_multi<double>
Clifford algebra expressions test:
Fill: 0.5
Cl( 1, 0) in Cl( 1, 0) CPU =        0.004 ms (setup)        0.003 (comm)        0.007 (pade)        0.003 (series)        0.001 (mix)        0.002 (add) 
Cl( 1, 1) in Cl( 1, 1) CPU =        0.001 ms (setup)        0.001 (comm)        0.007 (pade)        0.002 (series)        0.001 (mix)        0.002 (add) 
Cl( 2, 1) in Cl( 2, 1) CPU =        0.003 ms (setup)        0.010 (comm)        0.020 (pade)        0.011 (series)        0.003 (mix)        0.003 (add) 
Cl( 2, 2) in Cl( 2, 2) CPU =        0.005 ms (setup)        0.018 (comm)        0.018 (pade)        0.022 (series)        0.007 (mix)        0.003 (add) 
Cl( 3, 2) in Cl( 3, 2) CPU =        0.007 ms (setup)        0.042 (comm)        0.083 (pade)        0.040 (series)        0.014 (mix)        0.005 (add) 
Cl( 3, 3) in Cl( 3, 3) CPU =        0.019 ms (setup)        0.101 (comm)        0.105 (pade)        0.171 (series)        0.034 (mix)        0.007 (add) 
Cl( 4, 3) in Cl( 4, 3) CPU =        0.030 ms (setup)        0.260 (comm)        0.370 (pade)        0.489 (series)        0.084 (mix)        0.012 (add) 
Cl( 4, 4) in Cl( 4, 4) CPU =        0.062 ms (setup)        1.173 (comm)        0.517 (pade)        1.988 (series)        0.216 (mix)        0.023 (add) 
Cl( 5, 4) in Cl( 5, 4) CPU =        0.117 ms (setup)        3.760 (comm)        5.782 (pade)        6.848 (series)        0.546 (mix)        0.049 (add) 
Cl( 5, 5) in Cl( 5, 5) CPU =        0.242 ms (setup)        6.012 (comm)        5.783 (pade)        9.692 (series)        1.533 (mix)        0.112 (add) 
Cl( 6, 5) in Cl( 6, 5) CPU =        0.508 ms (setup)       19.910 (comm)       13.030 (pade)       32.846 (series)        3.912 (mix)        0.180 (add) 
Cl( 6, 6) in Cl( 6, 6) CPU =        0.995 ms (setup)       32.428 (comm)       16.129 (pade)       45.577 (series)       11.146 (mix)        0.370 (add) 
Cl( 7, 6) in Cl( 7, 6) CPU =        1.998 ms (setup)      112.749 (comm)       45.035 (pade)      170.376 (series)       32.425 (mix)        0.766 (add) 
Cl( 7, 7) in Cl( 7, 7) CPU =        3.934 ms (setup)      203.566 (comm)       60.699 (pade)      234.844 (series)       93.007 (mix)        1.552 (add) 
Cl( 8, 7) in Cl( 8, 7) CPU =        8.041 ms (setup)      644.365 (comm)      209.161 (pade)      780.969 (series)      277.793 (mix)        3.348 (add) 
Cl( 8, 8) in Cl( 8, 8) CPU =       16.227 ms (setup)     1368.776 (comm)      290.861 (pade)     1109.240 (series)      865.688 (mix)        7.870 (add) 
Cl( 1, 0) in Cl( 8, 8) CPU =        0.002 ms (setup)        0.002 (comm)        0.005 (pade)        0.003 (series)        0.001 (mix)        0.002 (add) 
Cl( 1, 1) in Cl( 8, 8) CPU =        0.002 ms (setup)        0.003 (comm)        0.007 (pade)        0.001 (series)        0.001 (mix)        0.002 (add) 
Cl( 2, 1) in Cl( 8, 8) CPU =        0.003 ms (setup)        0.009 (comm)        0.015 (pade)        0.009 (series)        0.003 (mix)        0.002 (add) 
Cl( 2, 2) in Cl( 8, 8) CPU =        0.005 ms (setup)        0.019 (comm)        0.020 (pade)        0.021 (series)        0.007 (mix)        0.003 (add) 
Cl( 3, 2) in Cl( 8, 8) CPU =        0.007 ms (setup)        0.031 (comm)        0.062 (pade)        0.033 (series)        0.011 (mix)        0.003 (add) 
Cl( 3, 3) in Cl( 8, 8) CPU =        0.014 ms (setup)        0.104 (comm)        0.107 (pade)        0.158 (series)        0.035 (mix)        0.007 (add) 
Cl( 4, 3) in Cl( 8, 8) CPU =        0.029 ms (setup)        0.260 (comm)        0.375 (pade)        0.479 (series)        0.082 (mix)        0.012 (add) 
Cl( 4, 4) in Cl( 8, 8) CPU =        0.061 ms (setup)        1.155 (comm)        0.517 (pade)        1.970 (series)        0.211 (mix)        0.022 (add) 
Cl( 5, 4) in Cl( 8, 8) CPU =        0.119 ms (setup)        3.704 (comm)        5.934 (pade)        6.606 (series)        0.530 (mix)        0.044 (add) 
Cl( 5, 5) in Cl( 8, 8) CPU =        0.236 ms (setup)        5.800 (comm)        7.548 (pade)        9.540 (series)        1.444 (mix)        0.092 (add) 
Cl( 6, 5) in Cl( 8, 8) CPU =        0.493 ms (setup)       18.936 (comm)       12.311 (pade)       31.928 (series)        3.853 (mix)        0.177 (add) 
Cl( 6, 6) in Cl( 8, 8) CPU =        0.964 ms (setup)       32.888 (comm)       15.404 (pade)       44.343 (series)       10.773 (mix)        0.366 (add) 
Cl( 7, 6) in Cl( 8, 8) CPU =        1.969 ms (setup)      112.480 (comm)       43.558 (pade)      167.923 (series)       31.732 (mix)        0.763 (add) 
Cl( 7, 7) in Cl( 8, 8) CPU =        3.952 ms (setup)      203.992 (comm)       61.325 (pade)      234.195 (series)       95.861 (mix)        1.571 (add) 
Cl( 8, 7) in Cl( 8, 8) CPU =        8.102 ms (setup)      649.797 (comm)      209.579 (pade)      776.996 (series)      282.445 (mix)        3.442 (add) 
Cl( 8, 8) in Cl( 8, 8) CPU =       16.149 ms (setup)     1355.453 (comm)      289.176 (pade)     1095.029 (series)      858.451 (mix)        9.545 (add) 
Fill: 1
Cl( 1, 0) in Cl( 1, 0) CPU =        0.002 ms (setup)        0.006 (comm)        0.007 (pade)        0.007 (series)        0.002 (mix)        0.003 (add) 
Cl( 1, 1) in Cl( 1, 1) CPU =        0.002 ms (setup)        0.008 (comm)        0.007 (pade)        0.009 (series)        0.003 (mix)        0.003 (add) 
Cl( 2, 1) in Cl( 2, 1) CPU =        0.004 ms (setup)        0.014 (comm)        0.019 (pade)        0.018 (series)        0.007 (mix)        0.005 (add) 
Cl( 2, 2) in Cl( 2, 2) CPU =        0.008 ms (setup)        0.039 (comm)        0.030 (pade)        0.037 (series)        0.009 (mix)        0.005 (add) 
Cl( 3, 2) in Cl( 3, 2) CPU =        0.013 ms (setup)        0.088 (comm)        0.111 (pade)        0.106 (series)        0.026 (mix)        0.007 (add) 
Cl( 3, 3) in Cl( 3, 3) CPU =        0.034 ms (setup)        0.225 (comm)        0.156 (pade)        0.340 (series)        0.064 (mix)        0.014 (add) 
Cl( 4, 3) in Cl( 4, 3) CPU =        0.062 ms (setup)        0.686 (comm)        0.470 (pade)        1.038 (series)        0.141 (mix)        0.019 (add) 
Cl( 4, 4) in Cl( 4, 4) CPU =        0.099 ms (setup)        1.552 (comm)        0.601 (pade)        2.517 (series)        0.344 (mix)        0.039 (add) 
Cl( 5, 4) in Cl( 5, 4) CPU =        0.235 ms (setup)        4.410 (comm)        7.034 (pade)        7.349 (series)        0.731 (mix)        0.079 (add) 
Cl( 5, 5) in Cl( 5, 5) CPU =        0.393 ms (setup)        7.321 (comm)        6.764 (pade)       10.868 (series)        1.960 (mix)        0.175 (add) 
Cl( 6, 5) in Cl( 6, 5) CPU =        0.815 ms (setup)       23.076 (comm)       13.127 (pade)       35.315 (series)        5.327 (mix)        0.332 (add) 
Cl( 6, 6) in Cl( 6, 6) CPU =        1.603 ms (setup)       41.309 (comm)       17.459 (pade)       53.616 (series)       14.850 (mix)        0.685 (add) 
Cl( 7, 6) in Cl( 7, 6) CPU =        3.243 ms (setup)      138.933 (comm)       48.983 (pade)      189.722 (series)       42.501 (mix)        1.480 (add) 
Cl( 7, 7) in Cl( 7, 7) CPU =        6.658 ms (setup)      267.125 (comm)       71.184 (pade)      276.552 (series)      129.005 (mix)        3.022 (add) 
Cl( 8, 7) in Cl( 8, 7) CPU =       13.588 ms (setup)      839.338 (comm)      245.283 (pade)      897.732 (series)      395.226 (mix)        9.068 (add) 
Cl( 8, 8) in Cl( 8, 8) CPU =       28.459 ms (setup)     1877.699 (comm)      353.147 (pade)     1355.274 (series)     1208.413 (mix)       14.135 (add) 
Cl( 1, 0) in Cl( 8, 8) CPU =        0.004 ms (setup)        0.005 (comm)        0.007 (pade)        0.007 (series)        0.002 (mix)        0.003 (add) 
Cl( 1, 1) in Cl( 8, 8) CPU =        0.002 ms (setup)        0.008 (comm)        0.007 (pade)        0.009 (series)        0.003 (mix)        0.003 (add) 
Cl( 2, 1) in Cl( 8, 8) CPU =        0.005 ms (setup)        0.013 (comm)        0.021 (pade)        0.017 (series)        0.007 (mix)        0.004 (add) 
Cl( 2, 2) in Cl( 8, 8) CPU =        0.006 ms (setup)        0.030 (comm)        0.030 (pade)        0.038 (series)        0.011 (mix)        0.004 (add) 
Cl( 3, 2) in Cl( 8, 8) CPU =        0.013 ms (setup)        0.074 (comm)        0.084 (pade)        0.095 (series)        0.020 (mix)        0.005 (add) 
Cl( 3, 3) in Cl( 8, 8) CPU =        0.024 ms (setup)        0.182 (comm)        0.118 (pade)        0.282 (series)        0.046 (mix)        0.011 (add) 
Cl( 4, 3) in Cl( 8, 8) CPU =        0.052 ms (setup)        0.573 (comm)        0.424 (pade)        0.914 (series)        0.113 (mix)        0.020 (add) 
Cl( 4, 4) in Cl( 8, 8) CPU =        0.162 ms (setup)        1.425 (comm)        0.576 (pade)        2.247 (series)        0.286 (mix)        0.039 (add) 
Cl( 5, 4) in Cl( 8, 8) CPU =        0.200 ms (setup)        4.393 (comm)        5.523 (pade)        7.333 (series)        0.726 (mix)        0.079 (add) 
Cl( 5, 5) in Cl( 8, 8) CPU =        0.415 ms (setup)        7.467 (comm)        6.769 (pade)       11.034 (series)        2.013 (mix)        0.167 (add) 
Cl( 6, 5) in Cl( 8, 8) CPU =        0.863 ms (setup)       22.950 (comm)       13.102 (pade)       35.346 (series)        5.254 (mix)        0.328 (add) 
Cl( 6, 6) in Cl( 8, 8) CPU =        1.594 ms (setup)       41.114 (comm)       17.588 (pade)       52.964 (series)       14.776 (mix)        0.684 (add) 
Cl( 7, 6) in Cl( 8, 8) CPU =        3.244 ms (setup)      137.449 (comm)       48.902 (pade)      189.416 (series)       43.287 (mix)        1.443 (add) 
Cl( 7, 7) in Cl( 8, 8) CPU =        6.636 ms (setup)      265.504 (comm)       71.161 (pade)      277.504 (series)      128.585 (mix)        3.061 (add) 
Cl( 8, 7) in Cl( 8, 8) CPU =       13.514 ms (setup)      842.290 (comm)      242.908 (pade)      898.231 (series)      394.371 (mix)        9.135 (add) 
Cl( 8, 8) in Cl( 8, 8) CPU =       28.099 ms (setup)     1879.366 (comm)      356.554 (pade)     1362.365 (series)     1206.665 (mix)       18.201 (add) 

matrix_multi<double>
Clifford algebra expressions test:
Fill: 0.5
Cl( 1, 0) in Cl( 1, 0) CPU =        0.004 ms (setup)        0.009 (comm)        0.003 (pade)        0.002 (series)        0.008 (mix)        0.001 (add) 
Cl( 1, 1) in Cl( 1, 1) CPU =        0.010 ms (setup)        0.009 (comm)        0.003 (pade)        0.003 (series)        0.013 (mix)        0.001 (add) 
Cl( 2, 1) in Cl( 2, 1) CPU =        0.005 ms (setup)        0.068 (comm)        0.003 (pade)        0.003 (series)        0.064 (mix)        0.001 (add) 
Cl( 2, 2) in Cl( 2, 2) CPU =        0.007 ms (setup)        0.113 (comm)        0.003 (pade)        0.003 (series)        0.110 (mix)        0.001 (add) 
Cl( 3, 2) in Cl( 3, 2) CPU =        0.041 ms (setup)        0.321 (comm)        0.005 (pade)        0.005 (series)        0.326 (mix)        0.001 (add) 
Cl( 3, 3) in Cl( 3, 3) CPU =        0.064 ms (setup)        0.582 (comm)        0.005 (pade)        0.005 (series)        0.585 (mix)        0.001 (add) 
Cl( 4, 3) in Cl( 4, 3) CPU =        0.150 ms (setup)        2.593 (comm)        0.013 (pade)        0.015 (series)        2.562 (mix)        0.002 (add) 
Cl( 4, 4) in Cl( 4, 4) CPU =        0.294 ms (setup)        3.899 (comm)        0.013 (pade)        0.014 (series)        3.878 (mix)        0.002 (add) 
Cl( 5, 4) in Cl( 5, 4) CPU =        0.660 ms (setup)       15.414 (comm)        0.052 (pade)        0.436 (series)       15.377 (mix)        0.005 (add) 
Cl( 5, 5) in Cl( 5, 5) CPU =        1.298 ms (setup)       22.302 (comm)        0.051 (pade)        0.057 (series)       22.198 (mix)        0.004 (add) 
Cl( 6, 5) in Cl( 6, 5) CPU =        2.927 ms (setup)       85.755 (comm)        0.671 (pade)        1.817 (series)       86.249 (mix)        0.018 (add) 
Cl( 6, 6) in Cl( 6, 6) CPU =        5.905 ms (setup)      120.507 (comm)        0.247 (pade)        0.315 (series)      121.334 (mix)        0.018 (add) 
Cl( 7, 6) in Cl( 7, 6) CPU =       13.351 ms (setup)      566.036 (comm)        5.969 (pade)        3.865 (series)      562.080 (mix)        0.105 (add) 
Cl( 7, 7) in Cl( 7, 7) CPU =       26.428 ms (setup)      741.049 (comm)        5.818 (pade)        3.861 (series)      737.633 (mix)        0.106 (add) 
Cl( 8, 7) in Cl( 8, 7) CPU =       64.971 ms (setup)     4201.440 (comm)       16.208 (pade)       27.991 (series)     4039.019 (mix)        0.423 (add) 
Cl( 8, 8) in Cl( 8, 8) CPU =      126.725 ms (setup)     4542.930 (comm)       17.680 (pade)       22.032 (series)     4533.422 (mix)        0.407 (add) 
Cl( 1, 0) in Cl( 8, 8) CPU =        0.065 ms (setup)       35.574 (comm)       16.060 (pade)       20.303 (series)       20.556 (mix)        0.423 (add) 
Cl( 1, 1) in Cl( 8, 8) CPU =        0.104 ms (setup)       58.239 (comm)       18.159 (pade)       21.803 (series)       46.007 (mix)        0.423 (add) 
Cl( 2, 1) in Cl( 8, 8) CPU =        0.171 ms (setup)      133.873 (comm)       17.890 (pade)       21.822 (series)      120.841 (mix)        0.498 (add) 
Cl( 2, 2) in Cl( 8, 8) CPU =        0.322 ms (setup)      238.719 (comm)       17.950 (pade)       20.290 (series)      217.326 (mix)        0.422 (add) 
Cl( 3, 2) in Cl( 8, 8) CPU =        2.031 ms (setup)      331.252 (comm)       17.517 (pade)       25.800 (series)      317.417 (mix)        0.395 (add) 
Cl( 3, 3) in Cl( 8, 8) CPU =        3.146 ms (setup)      446.368 (comm)       17.609 (pade)       24.300 (series)      438.727 (mix)        0.404 (add) 
Cl( 4, 3) in Cl( 8, 8) CPU =        3.530 ms (setup)      471.250 (comm)       17.506 (pade)       25.834 (series)      457.751 (mix)        0.403 (add) 
Cl( 4, 4) in Cl( 8, 8) CPU =        3.922 ms (setup)      637.352 (comm)       18.701 (pade)       24.337 (series)      621.374 (mix)        0.400 (add) 
Cl( 5, 4) in Cl( 8, 8) CPU =        5.450 ms (setup)      813.907 (comm)       17.435 (pade)       25.902 (series)      799.428 (mix)        0.413 (add) 
Cl( 5, 5) in Cl( 8, 8) CPU =        7.580 ms (setup)      947.014 (comm)       17.328 (pade)       24.378 (series)      937.729 (mix)        0.409 (add) 
Cl( 6, 5) in Cl( 8, 8) CPU =       14.482 ms (setup)     1228.617 (comm)       17.251 (pade)       25.932 (series)     1212.034 (mix)        0.400 (add) 
Cl( 6, 6) in Cl( 8, 8) CPU =       24.213 ms (setup)     1338.420 (comm)       18.888 (pade)       25.916 (series)     1331.476 (mix)        0.404 (add) 
Cl( 7, 6) in Cl( 8, 8) CPU =       56.044 ms (setup)     1761.026 (comm)       18.366 (pade)       26.146 (series)     1748.272 (mix)        0.411 (add) 
Cl( 7, 7) in Cl( 8, 8) CPU =      101.065 ms (setup)     2192.369 (comm)       18.492 (pade)       25.996 (series)     2177.505 (mix)        0.404 (add) 
Cl( 8, 7) in Cl( 8, 8) CPU =      251.113 ms (setup)     3795.310 (comm)       19.319 (pade)       22.096 (series)     3781.430 (mix)        0.404 (add) 
Cl( 8, 8) in Cl( 8, 8) CPU =      127.913 ms (setup)     4506.733 (comm)       18.840 (pade)       26.133 (series)     4491.693 (mix)        0.418 (add) 
Fill: 1
Cl( 1, 0) in Cl( 1, 0) CPU =        0.003 ms (setup)        0.016 (comm)        0.003 (pade)        0.003 (series)        0.016 (mix)        0.001 (add) 
Cl( 1, 1) in Cl( 1, 1) CPU =        0.005 ms (setup)        0.024 (comm)        0.003 (pade)        0.002 (series)        0.022 (mix)        0.001 (add) 
Cl( 2, 1) in Cl( 2, 1) CPU =        0.007 ms (setup)        0.085 (comm)        0.003 (pade)        0.003 (series)        0.094 (mix)        0.001 (add) 
Cl( 2, 2) in Cl( 2, 2) CPU =        0.018 ms (setup)        0.138 (comm)        0.003 (pade)        0.003 (series)        0.142 (mix)        0.001 (add) 
Cl( 3, 2) in Cl( 3, 2) CPU =        0.046 ms (setup)        0.476 (comm)        0.005 (pade)        0.005 (series)        0.481 (mix)        0.001 (add) 
Cl( 3, 3) in Cl( 3, 3) CPU =        0.084 ms (setup)        0.753 (comm)        0.005 (pade)        0.005 (series)        0.793 (mix)        0.001 (add) 
Cl( 4, 3) in Cl( 4, 3) CPU =        0.215 ms (setup)        3.204 (comm)        0.013 (pade)        0.014 (series)        3.114 (mix)        0.002 (add) 
Cl( 4, 4) in Cl( 4, 4) CPU =        0.400 ms (setup)        4.660 (comm)        0.013 (pade)        0.013 (series)        4.763 (mix)        0.002 (add) 
Cl( 5, 4) in Cl( 5, 4) CPU =        0.987 ms (setup)       16.932 (comm)        0.052 (pade)        0.058 (series)       16.953 (mix)        0.005 (add) 
Cl( 5, 5) in Cl( 5, 5) CPU =        1.863 ms (setup)       25.085 (comm)        0.052 (pade)        0.058 (series)       24.979 (mix)        0.005 (add) 
Cl( 6, 5) in Cl( 6, 5) CPU =        4.412 ms (setup)       92.781 (comm)        0.696 (pade)        1.820 (series)       93.340 (mix)        0.019 (add) 
Cl( 6, 6) in Cl( 6, 6) CPU =        8.697 ms (setup)      129.375 (comm)        0.246 (pade)        0.315 (series)      130.651 (mix)        0.019 (add) 
Cl( 7, 6) in Cl( 7, 6) CPU =       20.702 ms (setup)      608.687 (comm)        5.987 (pade)        3.863 (series)      604.723 (mix)        0.102 (add) 
Cl( 7, 7) in Cl( 7, 7) CPU =       41.429 ms (setup)      803.267 (comm)        5.973 (pade)        3.856 (series)      797.731 (mix)        0.100 (add) 
Cl( 8, 7) in Cl( 8, 7) CPU =      105.931 ms (setup)     4948.769 (comm)       16.521 (pade)       27.737 (series)     4734.339 (mix)        0.412 (add) 
Cl( 8, 8) in Cl( 8, 8) CPU =      213.325 ms (setup)     4986.151 (comm)       17.335 (pade)       26.311 (series)     4966.776 (mix)        0.430 (add) 
Cl( 1, 0) in Cl( 8, 8) CPU =        0.084 ms (setup)       84.005 (comm)       16.572 (pade)       25.790 (series)       70.307 (mix)        0.423 (add) 
Cl( 1, 1) in Cl( 8, 8) CPU =        0.129 ms (setup)      129.601 (comm)       18.048 (pade)       26.258 (series)      115.138 (mix)        0.418 (add) 
Cl( 2, 1) in Cl( 8, 8) CPU =        0.263 ms (setup)      188.519 (comm)       18.343 (pade)       24.282 (series)      176.579 (mix)        0.422 (add) 
Cl( 2, 2) in Cl( 8, 8) CPU =        2.973 ms (setup)      265.217 (comm)       17.651 (pade)       25.813 (series)      252.976 (mix)        0.404 (add) 
Cl( 3, 2) in Cl( 8, 8) CPU =        3.117 ms (setup)      362.423 (comm)       19.034 (pade)       24.294 (series)      376.241 (mix)        0.407 (add) 
Cl( 3, 3) in Cl( 8, 8) CPU =        3.211 ms (setup)      488.240 (comm)       17.572 (pade)       25.922 (series)      475.738 (mix)        0.404 (add) 
Cl( 4, 3) in Cl( 8, 8) CPU =        3.686 ms (setup)      639.693 (comm)       17.317 (pade)       25.834 (series)      627.655 (mix)        0.411 (add) 
Cl( 4, 4) in Cl( 8, 8) CPU =        4.330 ms (setup)      794.292 (comm)       17.497 (pade)       25.914 (series)      780.619 (mix)        0.407 (add) 
Cl( 5, 4) in Cl( 8, 8) CPU =        6.353 ms (setup)      959.764 (comm)       18.404 (pade)       25.910 (series)      947.326 (mix)        0.422 (add) 
Cl( 5, 5) in Cl( 8, 8) CPU =        9.243 ms (setup)     1128.447 (comm)       18.839 (pade)       25.884 (series)     1111.010 (mix)        0.399 (add) 
Cl( 6, 5) in Cl( 8, 8) CPU =       18.328 ms (setup)     1354.538 (comm)       17.401 (pade)       24.403 (series)     1342.123 (mix)        0.404 (add) 
Cl( 6, 6) in Cl( 8, 8) CPU =       32.428 ms (setup)     1546.496 (comm)       19.093 (pade)       24.282 (series)     1531.949 (mix)        0.398 (add) 
Cl( 7, 6) in Cl( 8, 8) CPU =       74.758 ms (setup)     2050.307 (comm)       18.852 (pade)       25.962 (series)     2038.112 (mix)        0.405 (add) 
Cl( 7, 7) in Cl( 8, 8) CPU =      141.036 ms (setup)     2390.142 (comm)       18.980 (pade)       21.916 (series)     2378.346 (mix)        0.399 (add) 
Cl( 8, 7) in Cl( 8, 8) CPU =      345.036 ms (setup)     4051.335 (comm)       18.082 (pade)       22.045 (series)     4037.862 (mix)        0.410 (add) 
Cl( 8, 8) in Cl( 8, 8) CPU =      212.099 ms (setup)     4976.564 (comm)       18.651 (pade)       26.128 (series)     4956.898 (mix)        0.431 (add) 
