expressions/expressions
	linux-vdso.so.1 (0x00007e3ee80ec000)
	libflexiblas.so.3 => /lib/x86_64-linux-gnu/libflexiblas.so.3 (0x00007e3ee7800000)
	libstdc++.so.6 => /lib/x86_64-linux-gnu/libstdc++.so.6 (0x00007e3ee7400000)
	libm.so.6 => /lib/x86_64-linux-gnu/libm.so.6 (0x00007e3ee7709000)
	libgcc_s.so.1 => /lib/x86_64-linux-gnu/libgcc_s.so.1 (0x00007e3ee7fa4000)
	libc.so.6 => /lib/x86_64-linux-gnu/libc.so.6 (0x00007e3ee7000000)
	/lib64/ld-linux-x86-64.so.2 (0x00007e3ee80ee000)
gfft_test/gfft_test
	linux-vdso.so.1 (0x00007992aaf19000)
	libflexiblas.so.3 => /lib/x86_64-linux-gnu/libflexiblas.so.3 (0x00007992aa600000)
	libstdc++.so.6 => /lib/x86_64-linux-gnu/libstdc++.so.6 (0x00007992aa200000)
	libm.so.6 => /lib/x86_64-linux-gnu/libm.so.6 (0x00007992aad78000)
	libgcc_s.so.1 => /lib/x86_64-linux-gnu/libgcc_s.so.1 (0x00007992aad4b000)
	libc.so.6 => /lib/x86_64-linux-gnu/libc.so.6 (0x00007992a9e00000)
	/lib64/ld-linux-x86-64.so.2 (0x00007992aaf1b000)
products/products
	linux-vdso.so.1 (0x000075aaaac7d000)
	libflexiblas.so.3 => /lib/x86_64-linux-gnu/libflexiblas.so.3 (0x000075aaaa400000)
	libstdc++.so.6 => /lib/x86_64-linux-gnu/libstdc++.so.6 (0x000075aaaa000000)
	libm.so.6 => /lib/x86_64-linux-gnu/libm.so.6 (0x000075aaaa309000)
	libgcc_s.so.1 => /lib/x86_64-linux-gnu/libgcc_s.so.1 (0x000075aaaab48000)
	libc.so.6 => /lib/x86_64-linux-gnu/libc.so.6 (0x000075aaa9c00000)
	/lib64/ld-linux-x86-64.so.2 (0x000075aaaac7f000)
squaring/squaring
	linux-vdso.so.1 (0x000075e1e0c94000)
	libflexiblas.so.3 => /lib/x86_64-linux-gnu/libflexiblas.so.3 (0x000075e1e0400000)
	libstdc++.so.6 => /lib/x86_64-linux-gnu/libstdc++.so.6 (0x000075e1e0000000)
	libm.so.6 => /lib/x86_64-linux-gnu/libm.so.6 (0x000075e1e0309000)
	libgcc_s.so.1 => /lib/x86_64-linux-gnu/libgcc_s.so.1 (0x000075e1e0bba000)
	libc.so.6 => /lib/x86_64-linux-gnu/libc.so.6 (0x000075e1dfc00000)
	/lib64/ld-linux-x86-64.so.2 (0x000075e1e0c96000)
transforms/transforms
	linux-vdso.so.1 (0x00007b08a6db8000)
	libflexiblas.so.3 => /lib/x86_64-linux-gnu/libflexiblas.so.3 (0x00007b08a6400000)
	libstdc++.so.6 => /lib/x86_64-linux-gnu/libstdc++.so.6 (0x00007b08a6000000)
	libm.so.6 => /lib/x86_64-linux-gnu/libm.so.6 (0x00007b08a6c16000)
	libgcc_s.so.1 => /lib/x86_64-linux-gnu/libgcc_s.so.1 (0x00007b08a6be9000)
	libc.so.6 => /lib/x86_64-linux-gnu/libc.so.6 (0x00007b08a5c00000)
	/lib64/ld-linux-x86-64.so.2 (0x00007b08a6dba000)
versor/versor
	linux-vdso.so.1 (0x0000794242c96000)
	libflexiblas.so.3 => /lib/x86_64-linux-gnu/libflexiblas.so.3 (0x0000794242400000)
	libstdc++.so.6 => /lib/x86_64-linux-gnu/libstdc++.so.6 (0x0000794242000000)
	libm.so.6 => /lib/x86_64-linux-gnu/libm.so.6 (0x0000794242309000)
	libgcc_s.so.1 => /lib/x86_64-linux-gnu/libgcc_s.so.1 (0x0000794242bba000)
	libc.so.6 => /lib/x86_64-linux-gnu/libc.so.6 (0x0000794241c00000)
	/lib64/ld-linux-x86-64.so.2 (0x0000794242c98000)
