
framed_multi<double>
Clifford algebra squaring test:
Fill: 0.5
Cl( 1, 0) in Cl( 1, 0) CPU =        0.044 ms (setup)        0.007 (*) 
Cl( 1, 1) in Cl( 1, 1) CPU =        0.002 ms (setup)        0.002 (*) 
Cl( 2, 1) in Cl( 2, 1) CPU =        0.002 ms (setup)        0.004 (*) 
Cl( 2, 2) in Cl( 2, 2) CPU =        0.002 ms (setup)        0.006 (*) 
Cl( 3, 2) in Cl( 3, 2) CPU =        0.004 ms (setup)        0.013 (*) 
Cl( 3, 3) in Cl( 3, 3) CPU =        0.011 ms (setup)        0.034 (*) 
Cl( 4, 3) in Cl( 4, 3) CPU =        0.016 ms (setup)        0.105 (*) 
Cl( 4, 4) in Cl( 4, 4) CPU =        0.033 ms (setup)        0.622 (*) 
Cl( 5, 4) in Cl( 5, 4) CPU =        0.069 ms (setup)        1.846 (*) 
Cl( 5, 5) in Cl( 5, 5) CPU =        0.133 ms (setup)        2.362 (*) 
Cl( 6, 5) in Cl( 6, 5) CPU =        0.303 ms (setup)        8.717 (*) 
Cl( 6, 6) in Cl( 6, 6) CPU =        0.502 ms (setup)       10.528 (*) 
Cl( 7, 6) in Cl( 7, 6) CPU =        1.008 ms (setup)       41.673 (*) 
Cl( 7, 7) in Cl( 7, 7) CPU =        2.008 ms (setup)       54.138 (*) 
Cl( 8, 7) in Cl( 8, 7) CPU =        4.060 ms (setup)      187.954 (*) 
Cl( 8, 8) in Cl( 8, 8) CPU =        8.320 ms (setup)      253.406 (*) 
Cl( 9, 8) in Cl( 9, 8) CPU =       16.624 ms (setup)      705.668 (*) 
Cl( 9, 9) in Cl( 9, 9) CPU =       39.470 ms (setup)     1292.989 (*) 
Cl(10, 9) in Cl(10, 9) CPU =       73.005 ms (setup)     4952.203 (*) 
Cl(10,10) in Cl(10,10) CPU =      161.743 ms (setup)     7064.995 (*) 
Cl(11,10) in Cl(11,10) CPU =      353.479 ms (setup)    28979.744 (*) 
Cl(11,11) in Cl(11,11) CPU =      646.494 ms (setup)    42889.100 (*) 
Fill: 1
Cl( 1, 0) in Cl( 1, 0) CPU =        0.006 ms (setup)        0.005 (*) 
Cl( 1, 1) in Cl( 1, 1) CPU =        0.002 ms (setup)        0.004 (*) 
Cl( 2, 1) in Cl( 2, 1) CPU =        0.003 ms (setup)        0.007 (*) 
Cl( 2, 2) in Cl( 2, 2) CPU =        0.004 ms (setup)        0.010 (*) 
Cl( 3, 2) in Cl( 3, 2) CPU =        0.009 ms (setup)        0.025 (*) 
Cl( 3, 3) in Cl( 3, 3) CPU =        0.014 ms (setup)        0.071 (*) 
Cl( 4, 3) in Cl( 4, 3) CPU =        0.028 ms (setup)        0.230 (*) 
Cl( 4, 4) in Cl( 4, 4) CPU =        0.055 ms (setup)       46.607 (*) 
Cl( 5, 4) in Cl( 5, 4) CPU =        0.117 ms (setup)        1.877 (*) 
Cl( 5, 5) in Cl( 5, 5) CPU =        0.215 ms (setup)        2.742 (*) 
Cl( 6, 5) in Cl( 6, 5) CPU =        0.418 ms (setup)        9.175 (*) 
Cl( 6, 6) in Cl( 6, 6) CPU =        0.818 ms (setup)       13.357 (*) 
Cl( 7, 6) in Cl( 7, 6) CPU =        1.954 ms (setup)       48.558 (*) 
Cl( 7, 7) in Cl( 7, 7) CPU =        3.477 ms (setup)       70.079 (*) 
Cl( 8, 7) in Cl( 8, 7) CPU =        7.049 ms (setup)      225.641 (*) 
Cl( 8, 8) in Cl( 8, 8) CPU =       14.058 ms (setup)      340.640 (*) 
Cl( 9, 8) in Cl( 9, 8) CPU =       29.339 ms (setup)      932.429 (*) 
Cl( 9, 9) in Cl( 9, 9) CPU =       67.664 ms (setup)     1856.991 (*) 
Cl(10, 9) in Cl(10, 9) CPU =      150.012 ms (setup)     6519.549 (*) 
Cl(10,10) in Cl(10,10) CPU =      318.108 ms (setup)    10532.814 (*) 
Cl(11,10) in Cl(11,10) CPU =      603.795 ms (setup)    39721.552 (*) 
Cl(11,11) in Cl(11,11) CPU =     1343.277 ms (setup)    67766.743 (*) 

matrix_multi<double>
Clifford algebra squaring test:
Fill: 0.5
Cl( 1, 0) in Cl( 1, 0) CPU =        0.045 ms (setup)        0.003 (*) 
Cl( 1, 1) in Cl( 1, 1) CPU =        0.006 ms (setup)        0.002 (*) 
Cl( 2, 1) in Cl( 2, 1) CPU =        0.020 ms (setup)        0.001 (*) 
Cl( 2, 2) in Cl( 2, 2) CPU =        0.017 ms (setup)        0.001 (*) 
Cl( 3, 2) in Cl( 3, 2) CPU =        0.047 ms (setup)        0.008 (*) 
Cl( 3, 3) in Cl( 3, 3) CPU =       33.099 ms (setup)        0.010 (*) 
Cl( 4, 3) in Cl( 4, 3) CPU =        0.088 ms (setup)        0.006 (*) 
Cl( 4, 4) in Cl( 4, 4) CPU =        0.153 ms (setup)        0.005 (*) 
Cl( 5, 4) in Cl( 5, 4) CPU =        0.379 ms (setup)        0.014 (*) 
Cl( 5, 5) in Cl( 5, 5) CPU =        0.643 ms (setup)        0.023 (*) 
Cl( 6, 5) in Cl( 6, 5) CPU =        1.525 ms (setup)        0.064 (*) 
Cl( 6, 6) in Cl( 6, 6) CPU =        3.008 ms (setup)        0.063 (*) 
Cl( 7, 6) in Cl( 7, 6) CPU =        6.887 ms (setup)        0.286 (*) 
Cl( 7, 7) in Cl( 7, 7) CPU =       18.114 ms (setup)        0.463 (*) 
Cl( 8, 7) in Cl( 8, 7) CPU =       35.527 ms (setup)        1.239 (*) 
Cl( 8, 8) in Cl( 8, 8) CPU =       70.003 ms (setup)        1.484 (*) 
Cl( 9, 8) in Cl( 9, 8) CPU =      164.867 ms (setup)       26.030 (*) 
Cl( 9, 9) in Cl( 9, 9) CPU =      308.962 ms (setup)       26.887 (*) 
Cl(10, 9) in Cl(10, 9) CPU =      791.837 ms (setup)      206.691 (*) 
Cl(10,10) in Cl(10,10) CPU =     1564.589 ms (setup)      212.358 (*) 
Cl(11,10) in Cl(11,10) CPU =     4290.633 ms (setup)     1648.230 (*) 
Cl(11,11) in Cl(11,11) CPU =     8538.355 ms (setup)     1630.954 (*) 
Fill: 1
Cl( 1, 0) in Cl( 1, 0) CPU =        0.019 ms (setup)        0.004 (*) 
Cl( 1, 1) in Cl( 1, 1) CPU =        0.013 ms (setup)        0.001 (*) 
Cl( 2, 1) in Cl( 2, 1) CPU =        0.017 ms (setup)        0.001 (*) 
Cl( 2, 2) in Cl( 2, 2) CPU =        0.019 ms (setup)        0.002 (*) 
Cl( 3, 2) in Cl( 3, 2) CPU =       32.035 ms (setup)        0.012 (*) 
Cl( 3, 3) in Cl( 3, 3) CPU =        0.065 ms (setup)        0.005 (*) 
Cl( 4, 3) in Cl( 4, 3) CPU =        0.118 ms (setup)        0.005 (*) 
Cl( 4, 4) in Cl( 4, 4) CPU =        0.214 ms (setup)        0.004 (*) 
Cl( 5, 4) in Cl( 5, 4) CPU =        0.504 ms (setup)        0.014 (*) 
Cl( 5, 5) in Cl( 5, 5) CPU =        0.957 ms (setup)        0.014 (*) 
Cl( 6, 5) in Cl( 6, 5) CPU =        2.254 ms (setup)        0.064 (*) 
Cl( 6, 6) in Cl( 6, 6) CPU =        4.438 ms (setup)        0.063 (*) 
Cl( 7, 6) in Cl( 7, 6) CPU =       10.519 ms (setup)        0.256 (*) 
Cl( 7, 7) in Cl( 7, 7) CPU =       25.180 ms (setup)        0.233 (*) 
Cl( 8, 7) in Cl( 8, 7) CPU =       55.968 ms (setup)        3.705 (*) 
Cl( 8, 8) in Cl( 8, 8) CPU =      107.767 ms (setup)        3.584 (*) 
Cl( 9, 8) in Cl( 9, 8) CPU =      275.847 ms (setup)       25.469 (*) 
Cl( 9, 9) in Cl( 9, 9) CPU =      538.259 ms (setup)       26.080 (*) 
Cl(10, 9) in Cl(10, 9) CPU =     1462.976 ms (setup)      210.047 (*) 
Cl(10,10) in Cl(10,10) CPU =     2983.115 ms (setup)      206.372 (*) 
Cl(11,10) in Cl(11,10) CPU =     8527.025 ms (setup)     1627.739 (*) 
Cl(11,11) in Cl(11,11) CPU =    17679.625 ms (setup)     1623.632 (*) 
