framed_multi<double,DEFAULT_LO,DEFAULT_HI,tuning_naive_p>
Clifford algebra transform test:
Fill: 0.5
Cl( 1, 0) in Cl(16, 0) CPU = mm:       1.52 (old)       7.58 (new) fm:    3820.17 (old)       0.52 (new)  diff: old: 6.43e-15 new: 0.00e+00 fm: 0.00e+00 mm: 6.43e-15
Cl( 2, 0) in Cl(16, 0) CPU = mm:       0.04 (old)       3.31 (new) fm:     114.62 (old)       0.43 (new)  diff: old: 5.10e-15 new: 3.36e-17 fm: 0.00e+00 mm: 5.10e-15
Cl( 3, 0) in Cl(16, 0) CPU = mm:       0.04 (old)       3.33 (new) fm:     114.76 (old)       0.43 (new)  diff: old: 2.68e-15 new: 0.00e+00 fm: 0.00e+00 mm: 2.68e-15
Cl( 4, 0) in Cl(16, 0) CPU = mm:       0.04 (old)       3.46 (new) fm:     114.57 (old)       0.43 (new)  diff: old: 2.34e-15 new: 6.47e-17 fm: 0.00e+00 mm: 2.35e-15
Cl( 5, 0) in Cl(16, 0) CPU = mm:       0.06 (old)       3.37 (new) fm:     115.11 (old)       0.47 (new)  diff: old: 2.83e-15 new: 2.38e-16 fm: 0.00e+00 mm: 2.82e-15
Cl( 6, 0) in Cl(16, 0) CPU = mm:       0.10 (old)       3.56 (new) fm:     116.96 (old)       0.56 (new)  diff: old: 3.08e-15 new: 1.72e-16 fm: 0.00e+00 mm: 3.15e-15
Cl( 7, 0) in Cl(16, 0) CPU = mm:       0.20 (old)       3.60 (new) fm:     115.69 (old)       0.77 (new)  diff: old: 3.97e-15 new: 1.26e-16 fm: 0.00e+00 mm: 3.98e-15
Cl( 8, 0) in Cl(16, 0) CPU = mm:       0.34 (old)       4.40 (new) fm:     115.28 (old)       1.20 (new)  diff: old: 3.04e-15 new: 1.57e-16 fm: 0.00e+00 mm: 3.04e-15
Cl( 9, 0) in Cl(16, 0) CPU = mm:       0.75 (old)       5.50 (new) fm:     115.24 (old)       2.09 (new)  diff: old: 3.16e-15 new: 2.40e-16 fm: 0.00e+00 mm: 2.95e-15
Cl(10, 0) in Cl(16, 0) CPU = mm:       1.56 (old)       8.08 (new) fm:     120.80 (old)       3.62 (new)  diff: old: 2.68e-15 new: 2.15e-16 fm: 5.10e-17 mm: 2.48e-15
Cl(11, 0) in Cl(16, 0) CPU = mm:       2.89 (old)      10.17 (new) fm:     121.20 (old)       7.05 (new)  diff: old: 2.12e-15 new: 3.56e-16 fm: 1.00e-16 mm: 1.99e-15
Cl(12, 0) in Cl(16, 0) CPU = mm:       5.86 (old)      13.46 (new) fm:     121.00 (old)      12.82 (new)  diff: old: 2.12e-15 new: 7.06e-16 fm: 1.36e-16 mm: 1.99e-15
Cl(13, 0) in Cl(16, 0) CPU = mm:      11.89 (old)      17.76 (new) fm:     121.79 (old)      26.43 (new)  diff: old: 2.23e-15 new: 1.39e-15 fm: 1.76e-16 mm: 1.36e-15
Cl(14, 0) in Cl(16, 0) CPU = mm:      24.74 (old)      28.44 (new) fm:     124.71 (old)      41.55 (new)  diff: old: 1.63e-15 new: 9.98e-16 fm: 2.30e-16 mm: 9.81e-16
Cl(15, 0) in Cl(16, 0) CPU = mm:      52.43 (old)      40.66 (new) fm:     128.67 (old)      67.09 (new)  diff: old: 1.15e-15 new: 7.50e-16 fm: 3.03e-16 mm: 7.03e-16
Cl(16, 0) in Cl(16, 0) CPU = mm:     110.80 (old)      64.10 (new) fm:     135.95 (old)     114.89 (new)  diff: old: 6.43e-16 new: 4.09e-16 fm: 4.07e-16 mm: 6.08e-16
Cl( 1, 0) in Cl( 8, 8) CPU = mm:       0.08 (old)       1.63 (new) fm:    3855.73 (old)       0.52 (new)  diff: old: 1.59e-15 new: 0.00e+00 fm: 0.00e+00 mm: 1.59e-15
Cl( 1, 1) in Cl( 8, 8) CPU = mm:       0.03 (old)       2.06 (new) fm:     138.44 (old)       0.36 (new)  diff: old: 3.96e-15 new: 0.00e+00 fm: 0.00e+00 mm: 3.96e-15
Cl( 2, 1) in Cl( 8, 8) CPU = mm:       0.04 (old)       2.98 (new) fm:     138.88 (old)       0.44 (new)  diff: old: 2.92e-15 new: 4.13e-17 fm: 0.00e+00 mm: 2.89e-15
Cl( 2, 2) in Cl( 8, 8) CPU = mm:       0.05 (old)       3.23 (new) fm:     139.36 (old)       0.45 (new)  diff: old: 8.17e-16 new: 2.79e-17 fm: 5.57e-17 mm: 7.93e-16
Cl( 3, 2) in Cl( 8, 8) CPU = mm:       0.07 (old)       3.21 (new) fm:     139.94 (old)       0.44 (new)  diff: old: 3.95e-15 new: 1.93e-16 fm: 4.45e-17 mm: 4.07e-15
Cl( 3, 3) in Cl( 8, 8) CPU = mm:       0.12 (old)       3.49 (new) fm:     138.96 (old)       0.49 (new)  diff: old: 2.47e-15 new: 1.28e-16 fm: 7.87e-17 mm: 2.46e-15
Cl( 4, 3) in Cl( 8, 8) CPU = mm:       0.18 (old)       3.34 (new) fm:     141.24 (old)       0.53 (new)  diff: old: 2.16e-15 new: 1.47e-16 fm: 8.07e-17 mm: 2.21e-15
Cl( 4, 4) in Cl( 8, 8) CPU = mm:       0.31 (old)       3.49 (new) fm:     139.48 (old)       0.71 (new)  diff: old: 8.73e-16 new: 2.05e-16 fm: 1.31e-16 mm: 8.68e-16
Cl( 5, 4) in Cl( 8, 8) CPU = mm:       0.68 (old)       3.66 (new) fm:     139.96 (old)       1.10 (new)  diff: old: 1.04e-15 new: 2.22e-16 fm: 1.16e-16 mm: 1.03e-15
Cl( 5, 5) in Cl( 8, 8) CPU = mm:       1.29 (old)       4.19 (new) fm:     140.49 (old)       1.93 (new)  diff: old: 7.03e-16 new: 2.85e-16 fm: 1.79e-16 mm: 6.79e-16
Cl( 6, 5) in Cl( 8, 8) CPU = mm:       2.70 (old)       4.25 (new) fm:     141.28 (old)       3.58 (new)  diff: old: 7.71e-16 new: 3.09e-16 fm: 1.75e-16 mm: 7.00e-16
Cl( 6, 6) in Cl( 8, 8) CPU = mm:       5.78 (old)       5.80 (new) fm:     148.02 (old)       7.38 (new)  diff: old: 5.35e-16 new: 3.86e-16 fm: 2.33e-16 mm: 5.36e-16
Cl( 7, 6) in Cl( 8, 8) CPU = mm:      12.78 (old)       9.17 (new) fm:     145.76 (old)      14.36 (new)  diff: old: 5.17e-16 new: 4.19e-16 fm: 2.32e-16 mm: 5.13e-16
Cl( 7, 7) in Cl( 8, 8) CPU = mm:      25.02 (old)      15.28 (new) fm:     145.76 (old)      29.61 (new)  diff: old: 5.32e-16 new: 5.15e-16 fm: 3.01e-16 mm: 5.10e-16
Cl( 8, 7) in Cl( 8, 8) CPU = mm:      55.64 (old)      29.30 (new) fm:     153.28 (old)      59.86 (new)  diff: old: 5.31e-16 new: 5.75e-16 fm: 3.04e-16 mm: 5.10e-16
Cl( 8, 8) in Cl( 8, 8) CPU = mm:     111.53 (old)      56.41 (new) fm:     160.51 (old)     104.44 (new)  diff: old: 6.44e-16 new: 4.07e-16 fm: 4.06e-16 mm: 6.03e-16
Cl( 1, 0) in Cl( 1, 0) CPU = mm:       0.01 (old)       0.00 (new) fm:       0.01 (old)       0.01 (new)  diff: old: 0.00e+00 new: 0.00e+00 fm: 0.00e+00 mm: 0.00e+00
Cl( 1, 1) in Cl( 1, 1) CPU = mm:       0.02 (old)       0.00 (new) fm:       0.01 (old)       0.00 (new)  diff: old: 0.00e+00 new: 0.00e+00 fm: 0.00e+00 mm: 0.00e+00
Cl( 2, 1) in Cl( 2, 1) CPU = mm:       0.01 (old)       0.01 (new) fm:       0.01 (old)       0.01 (new)  diff: old: 3.59e-17 new: 3.59e-17 fm: 0.00e+00 mm: 0.00e+00
Cl( 2, 2) in Cl( 2, 2) CPU = mm:       0.02 (old)       0.01 (new) fm:       0.02 (old)       0.01 (new)  diff: old: 5.64e-17 new: 4.57e-17 fm: 9.97e-18 mm: 4.46e-17
Cl( 3, 2) in Cl( 3, 2) CPU = mm:       0.03 (old)       0.02 (new) fm:       0.03 (old)       0.03 (new)  diff: old: 9.33e-17 new: 3.24e-17 fm: 0.00e+00 mm: 7.62e-17
Cl( 3, 3) in Cl( 3, 3) CPU = mm:       0.04 (old)       0.03 (new) fm:       0.07 (old)       0.04 (new)  diff: old: 1.07e-16 new: 1.19e-16 fm: 1.42e-16 mm: 1.67e-16
Cl( 4, 3) in Cl( 4, 3) CPU = mm:       0.08 (old)       0.07 (new) fm:       0.12 (old)       0.11 (new)  diff: old: 1.82e-16 new: 6.91e-17 fm: 8.87e-17 mm: 1.96e-16
Cl( 4, 4) in Cl( 4, 4) CPU = mm:       0.16 (old)       0.14 (new) fm:       0.24 (old)       0.17 (new)  diff: old: 1.49e-16 new: 1.40e-16 fm: 1.37e-16 mm: 1.83e-16
Cl( 5, 4) in Cl( 5, 4) CPU = mm:       0.35 (old)       0.32 (new) fm:       0.53 (old)       0.58 (new)  diff: old: 2.08e-16 new: 1.27e-16 fm: 1.33e-16 mm: 2.04e-16
Cl( 5, 5) in Cl( 5, 5) CPU = mm:       0.69 (old)       0.59 (new) fm:       1.08 (old)       0.91 (new)  diff: old: 2.40e-16 new: 1.83e-16 fm: 1.91e-16 mm: 2.61e-16
Cl( 6, 5) in Cl( 6, 5) CPU = mm:       1.56 (old)       1.32 (new) fm:       2.39 (old)       2.59 (new)  diff: old: 2.85e-16 new: 1.76e-16 fm: 1.79e-16 mm: 2.86e-16
Cl( 6, 6) in Cl( 6, 6) CPU = mm:       3.09 (old)       2.56 (new) fm:       4.96 (old)       4.47 (new)  diff: old: 3.31e-16 new: 2.39e-16 fm: 2.33e-16 mm: 3.31e-16
Cl( 7, 6) in Cl( 7, 6) CPU = mm:       8.67 (old)       5.97 (new) fm:      13.74 (old)      13.20 (new)  diff: old: 3.71e-16 new: 2.29e-16 fm: 2.30e-16 mm: 3.71e-16
Cl( 7, 7) in Cl( 7, 7) CPU = mm:      17.40 (old)      11.90 (new) fm:      29.20 (old)      21.74 (new)  diff: old: 4.56e-16 new: 3.05e-16 fm: 3.02e-16 mm: 4.40e-16
Cl( 8, 7) in Cl( 8, 7) CPU = mm:      55.74 (old)      28.29 (new) fm:      86.52 (old)      59.11 (new)  diff: old: 5.26e-16 new: 3.05e-16 fm: 3.05e-16 mm: 5.07e-16
Cl( 8, 8) in Cl( 8, 8) CPU = mm:     111.00 (old)      55.29 (new) fm:     161.03 (old)     103.12 (new)  diff: old: 6.38e-16 new: 4.09e-16 fm: 4.08e-16 mm: 6.06e-16
Fill: 1
Cl( 1, 0) in Cl(16, 0) CPU = mm:       0.06 (old)       1.66 (new) fm:     125.70 (old)       0.44 (new)  diff: old: 4.99e-15 new: 0.00e+00 fm: 0.00e+00 mm: 4.99e-15
Cl( 2, 0) in Cl(16, 0) CPU = mm:       0.04 (old)       1.65 (new) fm:     130.40 (old)       0.44 (new)  diff: old: 3.56e-15 new: 3.91e-17 fm: 0.00e+00 mm: 3.56e-15
Cl( 3, 0) in Cl(16, 0) CPU = mm:       0.05 (old)       1.65 (new) fm:     127.00 (old)       0.44 (new)  diff: old: 2.13e-15 new: 1.15e-17 fm: 0.00e+00 mm: 2.13e-15
Cl( 4, 0) in Cl(16, 0) CPU = mm:       0.07 (old)       1.62 (new) fm:     131.79 (old)       0.47 (new)  diff: old: 3.30e-15 new: 1.64e-16 fm: 0.00e+00 mm: 3.26e-15
Cl( 5, 0) in Cl(16, 0) CPU = mm:       0.12 (old)       1.65 (new) fm:     126.25 (old)       0.52 (new)  diff: old: 3.33e-15 new: 1.70e-16 fm: 0.00e+00 mm: 3.31e-15
Cl( 6, 0) in Cl(16, 0) CPU = mm:       0.23 (old)       1.74 (new) fm:     125.30 (old)       0.64 (new)  diff: old: 3.27e-15 new: 1.48e-16 fm: 0.00e+00 mm: 3.25e-15
Cl( 7, 0) in Cl(16, 0) CPU = mm:       0.42 (old)       2.06 (new) fm:     126.26 (old)       0.93 (new)  diff: old: 3.58e-15 new: 1.71e-16 fm: 0.00e+00 mm: 3.59e-15
Cl( 8, 0) in Cl(16, 0) CPU = mm:       0.81 (old)       2.84 (new) fm:     126.70 (old)       1.55 (new)  diff: old: 3.19e-15 new: 2.07e-16 fm: 0.00e+00 mm: 3.16e-15
Cl( 9, 0) in Cl(16, 0) CPU = mm:       1.59 (old)       3.90 (new) fm:     125.62 (old)       2.72 (new)  diff: old: 2.92e-15 new: 3.00e-16 fm: 0.00e+00 mm: 2.65e-15
Cl(10, 0) in Cl(16, 0) CPU = mm:       3.16 (old)       6.35 (new) fm:     125.20 (old)       4.75 (new)  diff: old: 2.55e-15 new: 3.08e-16 fm: 9.24e-17 mm: 2.31e-15
Cl(11, 0) in Cl(16, 0) CPU = mm:       6.40 (old)       9.08 (new) fm:     125.21 (old)       8.52 (new)  diff: old: 1.95e-15 new: 4.36e-16 fm: 1.36e-16 mm: 1.83e-15
Cl(12, 0) in Cl(16, 0) CPU = mm:      13.22 (old)      14.87 (new) fm:     125.65 (old)      14.67 (new)  diff: old: 2.14e-15 new: 7.81e-16 fm: 1.74e-16 mm: 2.01e-15
Cl(13, 0) in Cl(16, 0) CPU = mm:      26.54 (old)      22.87 (new) fm:     130.32 (old)      29.07 (new)  diff: old: 2.21e-15 new: 1.38e-15 fm: 2.26e-16 mm: 1.38e-15
Cl(14, 0) in Cl(16, 0) CPU = mm:      54.56 (old)      40.56 (new) fm:     136.91 (old)      45.69 (new)  diff: old: 1.55e-15 new: 1.02e-15 fm: 2.98e-16 mm: 9.83e-16
Cl(15, 0) in Cl(16, 0) CPU = mm:     110.66 (old)      59.60 (new) fm:     135.02 (old)      69.74 (new)  diff: old: 1.23e-15 new: 8.97e-16 fm: 4.07e-16 mm: 8.02e-16
Cl(16, 0) in Cl(16, 0) CPU = mm:     225.67 (old)     110.35 (new) fm:     142.35 (old)     122.92 (new)  diff: old: 7.38e-16 new: 5.53e-16 fm: 5.56e-16 mm: 7.78e-16
Cl( 1, 0) in Cl( 8, 8) CPU = mm:       0.07 (old)       1.71 (new) fm:     149.77 (old)       0.43 (new)  diff: old: 4.52e-15 new: 0.00e+00 fm: 0.00e+00 mm: 4.52e-15
Cl( 1, 1) in Cl( 8, 8) CPU = mm:       0.04 (old)       1.62 (new) fm:     151.58 (old)       0.42 (new)  diff: old: 2.02e-15 new: 0.00e+00 fm: 0.00e+00 mm: 2.01e-15
Cl( 2, 1) in Cl( 8, 8) CPU = mm:       0.05 (old)       1.59 (new) fm:     148.67 (old)       0.44 (new)  diff: old: 1.68e-15 new: 4.26e-17 fm: 0.00e+00 mm: 1.64e-15
Cl( 2, 2) in Cl( 8, 8) CPU = mm:       0.07 (old)       1.58 (new) fm:     151.21 (old)       0.44 (new)  diff: old: 1.45e-15 new: 1.48e-16 fm: 1.01e-16 mm: 1.44e-15
Cl( 3, 2) in Cl( 8, 8) CPU = mm:       0.12 (old)       1.60 (new) fm:     149.56 (old)       0.45 (new)  diff: old: 1.82e-15 new: 1.08e-16 fm: 6.92e-17 mm: 1.89e-15
Cl( 3, 3) in Cl( 8, 8) CPU = mm:       0.20 (old)       1.62 (new) fm:     150.56 (old)       0.50 (new)  diff: old: 1.34e-15 new: 1.51e-16 fm: 1.18e-16 mm: 1.30e-15
Cl( 4, 3) in Cl( 8, 8) CPU = mm:       0.38 (old)       1.69 (new) fm:     150.64 (old)       0.59 (new)  diff: old: 1.25e-15 new: 2.15e-16 fm: 1.22e-16 mm: 1.24e-15
Cl( 4, 4) in Cl( 8, 8) CPU = mm:       0.89 (old)       3.16 (new) fm:     150.58 (old)       0.77 (new)  diff: old: 9.27e-16 new: 2.63e-16 fm: 1.61e-16 mm: 9.11e-16
Cl( 5, 4) in Cl( 8, 8) CPU = mm:       1.43 (old)       2.25 (new) fm:     150.18 (old)       1.20 (new)  diff: old: 8.91e-16 new: 2.96e-16 fm: 1.89e-16 mm: 8.68e-16
Cl( 5, 5) in Cl( 8, 8) CPU = mm:       2.86 (old)       2.72 (new) fm:     149.42 (old)       2.04 (new)  diff: old: 7.33e-16 new: 3.66e-16 fm: 2.31e-16 mm: 7.02e-16
Cl( 6, 5) in Cl( 8, 8) CPU = mm:       6.25 (old)       4.31 (new) fm:     151.78 (old)       3.87 (new)  diff: old: 7.62e-16 new: 3.84e-16 fm: 2.29e-16 mm: 6.80e-16
Cl( 6, 6) in Cl( 8, 8) CPU = mm:      12.66 (old)       7.98 (new) fm:     154.53 (old)       7.54 (new)  diff: old: 5.52e-16 new: 5.04e-16 fm: 3.02e-16 mm: 5.83e-16
Cl( 7, 6) in Cl( 8, 8) CPU = mm:      28.41 (old)      11.95 (new) fm:     156.56 (old)      15.75 (new)  diff: old: 5.56e-16 new: 5.35e-16 fm: 3.07e-16 mm: 5.83e-16
Cl( 7, 7) in Cl( 8, 8) CPU = mm:      53.40 (old)      22.70 (new) fm:     157.04 (old)      31.01 (new)  diff: old: 5.83e-16 new: 7.05e-16 fm: 4.06e-16 mm: 6.11e-16
Cl( 8, 7) in Cl( 8, 8) CPU = mm:     117.42 (old)      46.20 (new) fm:     162.32 (old)      64.65 (new)  diff: old: 5.85e-16 new: 7.41e-16 fm: 4.07e-16 mm: 6.19e-16
Cl( 8, 8) in Cl( 8, 8) CPU = mm:     234.66 (old)      92.85 (new) fm:     169.95 (old)     109.70 (new)  diff: old: 7.42e-16 new: 5.54e-16 fm: 5.57e-16 mm: 7.83e-16
Cl( 1, 0) in Cl( 1, 0) CPU = mm:       0.01 (old)       0.00 (new) fm:       0.01 (old)       0.00 (new)  diff: old: 0.00e+00 new: 0.00e+00 fm: 0.00e+00 mm: 0.00e+00
Cl( 1, 1) in Cl( 1, 1) CPU = mm:       0.01 (old)       0.01 (new) fm:       0.00 (old)       0.00 (new)  diff: old: 0.00e+00 new: 0.00e+00 fm: 0.00e+00 mm: 0.00e+00
Cl( 2, 1) in Cl( 2, 1) CPU = mm:       0.01 (old)       0.01 (new) fm:       0.01 (old)       0.01 (new)  diff: old: 4.15e-17 new: 2.07e-17 fm: 0.00e+00 mm: 2.93e-17
Cl( 2, 2) in Cl( 2, 2) CPU = mm:       0.02 (old)       0.01 (new) fm:       0.01 (old)       0.01 (new)  diff: old: 6.72e-17 new: 7.99e-17 fm: 1.37e-16 mm: 1.65e-16
Cl( 3, 2) in Cl( 3, 2) CPU = mm:       0.05 (old)       0.03 (new) fm:       0.03 (old)       0.04 (new)  diff: old: 1.14e-16 new: 5.76e-17 fm: 1.15e-16 mm: 1.36e-16
Cl( 3, 3) in Cl( 3, 3) CPU = mm:       0.09 (old)       0.04 (new) fm:       0.05 (old)       0.04 (new)  diff: old: 1.39e-16 new: 7.99e-17 fm: 1.08e-16 mm: 1.70e-16
Cl( 4, 3) in Cl( 4, 3) CPU = mm:       0.16 (old)       0.09 (new) fm:       0.11 (old)       0.14 (new)  diff: old: 1.54e-16 new: 1.37e-16 fm: 1.34e-16 mm: 1.92e-16
Cl( 4, 4) in Cl( 4, 4) CPU = mm:       0.30 (old)       0.18 (new) fm:       0.22 (old)       0.22 (new)  diff: old: 1.94e-16 new: 1.64e-16 fm: 1.70e-16 mm: 2.24e-16
Cl( 5, 4) in Cl( 5, 4) CPU = mm:       0.69 (old)       0.42 (new) fm:       0.50 (old)       0.63 (new)  diff: old: 2.07e-16 new: 1.76e-16 fm: 1.70e-16 mm: 2.45e-16
Cl( 5, 5) in Cl( 5, 5) CPU = mm:       1.34 (old)       0.94 (new) fm:       1.17 (old)       1.17 (new)  diff: old: 2.77e-16 new: 2.10e-16 fm: 2.31e-16 mm: 3.18e-16
Cl( 6, 5) in Cl( 6, 5) CPU = mm:       3.35 (old)       2.02 (new) fm:       2.25 (old)       2.95 (new)  diff: old: 3.00e-16 new: 2.13e-16 fm: 2.35e-16 mm: 3.41e-16
Cl( 6, 6) in Cl( 6, 6) CPU = mm:       6.19 (old)       3.79 (new) fm:       4.84 (old)       4.62 (new)  diff: old: 3.78e-16 new: 2.95e-16 fm: 3.06e-16 mm: 4.27e-16
Cl( 7, 6) in Cl( 7, 6) CPU = mm:      18.23 (old)       9.10 (new) fm:      15.10 (old)      13.94 (new)  diff: old: 4.10e-16 new: 2.98e-16 fm: 3.04e-16 mm: 4.47e-16
Cl( 7, 7) in Cl( 7, 7) CPU = mm:      36.04 (old)      18.14 (new) fm:      30.87 (old)      22.39 (new)  diff: old: 5.32e-16 new: 4.02e-16 fm: 4.08e-16 mm: 5.65e-16
Cl( 8, 7) in Cl( 8, 7) CPU = mm:     111.05 (old)      46.93 (new) fm:      88.90 (old)      64.76 (new)  diff: old: 5.80e-16 new: 4.05e-16 fm: 4.13e-16 mm: 6.19e-16
Cl( 8, 8) in Cl( 8, 8) CPU = mm:     230.28 (old)      92.13 (new) fm:     167.80 (old)     110.89 (new)  diff: old: 7.39e-16 new: 5.57e-16 fm: 5.59e-16 mm: 7.84e-16
