
framed_multi<float,-4,4>
Clifford algebra expressions test:
Fill: 0.5
Cl( 1, 0) in Cl( 1, 0) CPU =        0.002 ms (setup)        0.002 (comm)        0.004 (pade)        0.002 (series)        0.001 (mix)        0.002 (add) 
Cl( 1, 1) in Cl( 1, 1) CPU =        0.001 ms (setup)        0.001 (comm)        0.004 (pade)        0.001 (series)        0.000 (mix)        0.001 (add) 
Cl( 2, 1) in Cl( 2, 1) CPU =        0.001 ms (setup)        0.005 (comm)        0.009 (pade)        0.007 (series)        0.002 (mix)        0.002 (add) 
Cl( 2, 2) in Cl( 2, 2) CPU =        0.002 ms (setup)        0.009 (comm)        0.011 (pade)        0.013 (series)        0.003 (mix)        0.002 (add) 
Cl( 3, 2) in Cl( 3, 2) CPU =        0.004 ms (setup)        0.021 (comm)        0.053 (pade)        0.022 (series)        0.006 (mix)        0.004 (add) 
Cl( 3, 3) in Cl( 3, 3) CPU =        0.011 ms (setup)        0.057 (comm)        0.071 (pade)        0.089 (series)        0.018 (mix)        0.005 (add) 
Cl( 4, 3) in Cl( 4, 3) CPU =        0.022 ms (setup)        0.152 (comm)        0.266 (pade)        0.267 (series)        0.052 (mix)        0.015 (add) 
Cl( 4, 4) in Cl( 4, 4) CPU =        0.047 ms (setup)        0.457 (comm)        0.189 (pade)        0.707 (series)        0.087 (mix)        0.015 (add) 
Cl( 1, 0) in Cl( 4, 4) CPU =        0.001 ms (setup)        0.000 (comm)        0.002 (pade)        0.002 (series)        0.001 (mix)        0.001 (add) 
Cl( 1, 1) in Cl( 4, 4) CPU =        0.001 ms (setup)        0.001 (comm)        0.002 (pade)        0.001 (series)        0.001 (mix)        0.001 (add) 
Cl( 2, 1) in Cl( 4, 4) CPU =        0.001 ms (setup)        0.003 (comm)        0.005 (pade)        0.004 (series)        0.001 (mix)        0.001 (add) 
Cl( 2, 2) in Cl( 4, 4) CPU =        0.002 ms (setup)        0.005 (comm)        0.005 (pade)        0.006 (series)        0.002 (mix)        0.001 (add) 
Cl( 3, 2) in Cl( 4, 4) CPU =        0.003 ms (setup)        0.011 (comm)        0.026 (pade)        0.015 (series)        0.003 (mix)        0.002 (add) 
Cl( 3, 3) in Cl( 4, 4) CPU =        0.006 ms (setup)        0.026 (comm)        0.037 (pade)        0.041 (series)        0.007 (mix)        0.004 (add) 
Cl( 4, 3) in Cl( 4, 4) CPU =        0.013 ms (setup)        0.062 (comm)        0.134 (pade)        0.099 (series)        0.018 (mix)        0.005 (add) 
Cl( 4, 4) in Cl( 4, 4) CPU =        0.026 ms (setup)        0.425 (comm)        0.184 (pade)        0.712 (series)        0.082 (mix)        0.012 (add) 
Fill: 1
Cl( 1, 0) in Cl( 1, 0) CPU =        0.001 ms (setup)        0.002 (comm)        0.002 (pade)        0.002 (series)        0.001 (mix)        0.001 (add) 
Cl( 1, 1) in Cl( 1, 1) CPU =        0.001 ms (setup)        0.002 (comm)        0.002 (pade)        0.003 (series)        0.001 (mix)        0.001 (add) 
Cl( 2, 1) in Cl( 2, 1) CPU =        0.001 ms (setup)        0.003 (comm)        0.005 (pade)        0.004 (series)        0.001 (mix)        0.001 (add) 
Cl( 2, 2) in Cl( 2, 2) CPU =        0.001 ms (setup)        0.006 (comm)        0.007 (pade)        0.007 (series)        0.002 (mix)        0.001 (add) 
Cl( 3, 2) in Cl( 3, 2) CPU =        0.004 ms (setup)        0.015 (comm)        0.026 (pade)        0.019 (series)        0.005 (mix)        0.002 (add) 
Cl( 3, 3) in Cl( 3, 3) CPU =        0.007 ms (setup)        0.041 (comm)        0.038 (pade)        0.058 (series)        0.011 (mix)        0.004 (add) 
Cl( 4, 3) in Cl( 4, 3) CPU =        0.015 ms (setup)        0.120 (comm)        0.142 (pade)        0.179 (series)        0.030 (mix)        0.007 (add) 
Cl( 4, 4) in Cl( 4, 4) CPU =        0.033 ms (setup)        0.480 (comm)        0.202 (pade)        0.789 (series)        0.080 (mix)        0.019 (add) 
Cl( 1, 0) in Cl( 4, 4) CPU =        0.001 ms (setup)        0.002 (comm)        0.002 (pade)        0.002 (series)        0.001 (mix)        0.001 (add) 
Cl( 1, 1) in Cl( 4, 4) CPU =        0.001 ms (setup)        0.002 (comm)        0.002 (pade)        0.003 (series)        0.001 (mix)        0.001 (add) 
Cl( 2, 1) in Cl( 4, 4) CPU =        0.001 ms (setup)        0.003 (comm)        0.005 (pade)        0.004 (series)        0.001 (mix)        0.001 (add) 
Cl( 2, 2) in Cl( 4, 4) CPU =        0.002 ms (setup)        0.006 (comm)        0.007 (pade)        0.007 (series)        0.002 (mix)        0.001 (add) 
Cl( 3, 2) in Cl( 4, 4) CPU =        0.004 ms (setup)        0.015 (comm)        0.026 (pade)        0.019 (series)        0.005 (mix)        0.001 (add) 
Cl( 3, 3) in Cl( 4, 4) CPU =        0.007 ms (setup)        0.041 (comm)        0.038 (pade)        0.058 (series)        0.011 (mix)        0.003 (add) 
Cl( 4, 3) in Cl( 4, 4) CPU =        0.015 ms (setup)        0.120 (comm)        0.143 (pade)        0.182 (series)        0.029 (mix)        0.007 (add) 
Cl( 4, 4) in Cl( 4, 4) CPU =        0.034 ms (setup)        0.477 (comm)        0.202 (pade)        0.787 (series)        0.081 (mix)        0.019 (add) 

matrix_multi<float,-4,4>
Clifford algebra expressions test:
Fill: 0.5
Cl( 1, 0) in Cl( 1, 0) CPU =        0.001 ms (setup)        0.002 (comm)        0.000 (pade)        0.001 (series)        0.002 (mix)        0.000 (add) 
Cl( 1, 1) in Cl( 1, 1) CPU =        0.001 ms (setup)        0.005 (comm)        0.001 (pade)        0.000 (series)        0.004 (mix)        0.000 (add) 
Cl( 2, 1) in Cl( 2, 1) CPU =        0.002 ms (setup)        0.019 (comm)        0.001 (pade)        0.001 (series)        0.018 (mix)        0.001 (add) 
Cl( 2, 2) in Cl( 2, 2) CPU =        0.003 ms (setup)        0.030 (comm)        0.001 (pade)        0.001 (series)        0.029 (mix)        0.000 (add) 
Cl( 3, 2) in Cl( 3, 2) CPU =        0.012 ms (setup)        0.116 (comm)        0.002 (pade)        0.001 (series)        0.111 (mix)        0.000 (add) 
Cl( 3, 3) in Cl( 3, 3) CPU =        0.021 ms (setup)        0.190 (comm)        0.002 (pade)        0.001 (series)        0.179 (mix)        0.000 (add) 
Cl( 4, 3) in Cl( 4, 3) CPU =        0.051 ms (setup)        0.875 (comm)        0.005 (pade)        0.002 (series)        0.850 (mix)        0.001 (add) 
Cl( 4, 4) in Cl( 4, 4) CPU =        0.103 ms (setup)        1.353 (comm)        0.005 (pade)        0.002 (series)        1.329 (mix)        0.001 (add) 
Cl( 1, 0) in Cl( 4, 4) CPU =        0.002 ms (setup)        0.016 (comm)        0.005 (pade)        0.003 (series)        0.015 (mix)        0.001 (add) 
Cl( 1, 1) in Cl( 4, 4) CPU =        0.002 ms (setup)        0.022 (comm)        0.004 (pade)        0.002 (series)        0.021 (mix)        0.000 (add) 
Cl( 2, 1) in Cl( 4, 4) CPU =        0.005 ms (setup)        0.052 (comm)        0.004 (pade)        0.002 (series)        0.051 (mix)        0.001 (add) 
Cl( 2, 2) in Cl( 4, 4) CPU =        0.011 ms (setup)        0.068 (comm)        0.004 (pade)        0.002 (series)        0.066 (mix)        0.001 (add) 
Cl( 3, 2) in Cl( 4, 4) CPU =        0.043 ms (setup)        0.200 (comm)        0.004 (pade)        0.002 (series)        0.195 (mix)        0.001 (add) 
Cl( 3, 3) in Cl( 4, 4) CPU =        0.071 ms (setup)        0.292 (comm)        0.004 (pade)        0.002 (series)        0.281 (mix)        0.001 (add) 
Cl( 4, 3) in Cl( 4, 4) CPU =        0.180 ms (setup)        0.823 (comm)        0.005 (pade)        0.003 (series)        0.802 (mix)        0.001 (add) 
Cl( 4, 4) in Cl( 4, 4) CPU =        0.103 ms (setup)        1.371 (comm)        0.005 (pade)        0.002 (series)        1.347 (mix)        0.001 (add) 
Fill: 1
Cl( 1, 0) in Cl( 1, 0) CPU =        0.001 ms (setup)        0.004 (comm)        0.001 (pade)        0.001 (series)        0.004 (mix)        0.000 (add) 
Cl( 1, 1) in Cl( 1, 1) CPU =        0.001 ms (setup)        0.007 (comm)        0.000 (pade)        0.001 (series)        0.007 (mix)        0.000 (add) 
Cl( 2, 1) in Cl( 2, 1) CPU =        0.002 ms (setup)        0.024 (comm)        0.001 (pade)        0.001 (series)        0.024 (mix)        0.001 (add) 
Cl( 2, 2) in Cl( 2, 2) CPU =        0.005 ms (setup)        0.039 (comm)        0.001 (pade)        0.001 (series)        0.038 (mix)        0.000 (add) 
Cl( 3, 2) in Cl( 3, 2) CPU =        0.012 ms (setup)        0.145 (comm)        0.002 (pade)        0.001 (series)        0.142 (mix)        0.001 (add) 
Cl( 3, 3) in Cl( 3, 3) CPU =        0.024 ms (setup)        0.229 (comm)        0.002 (pade)        0.001 (series)        0.225 (mix)        0.000 (add) 
Cl( 4, 3) in Cl( 4, 3) CPU =        0.064 ms (setup)        0.986 (comm)        0.005 (pade)        0.002 (series)        0.977 (mix)        0.001 (add) 
Cl( 4, 4) in Cl( 4, 4) CPU =        0.125 ms (setup)        1.543 (comm)        0.005 (pade)        0.002 (series)        1.531 (mix)        0.001 (add) 
Cl( 1, 0) in Cl( 4, 4) CPU =        0.002 ms (setup)        0.033 (comm)        0.004 (pade)        0.002 (series)        0.031 (mix)        0.000 (add) 
Cl( 1, 1) in Cl( 4, 4) CPU =        0.004 ms (setup)        0.045 (comm)        0.004 (pade)        0.002 (series)        0.044 (mix)        0.001 (add) 
Cl( 2, 1) in Cl( 4, 4) CPU =        0.007 ms (setup)        0.068 (comm)        0.004 (pade)        0.002 (series)        0.066 (mix)        0.000 (add) 
Cl( 2, 2) in Cl( 4, 4) CPU =        0.019 ms (setup)        0.104 (comm)        0.004 (pade)        0.002 (series)        0.102 (mix)        0.001 (add) 
Cl( 3, 2) in Cl( 4, 4) CPU =        0.046 ms (setup)        0.221 (comm)        0.004 (pade)        0.002 (series)        0.215 (mix)        0.000 (add) 
Cl( 3, 3) in Cl( 4, 4) CPU =        0.083 ms (setup)        0.343 (comm)        0.004 (pade)        0.002 (series)        0.339 (mix)        0.001 (add) 
Cl( 4, 3) in Cl( 4, 4) CPU =        0.217 ms (setup)        1.045 (comm)        0.005 (pade)        0.002 (series)        1.032 (mix)        0.000 (add) 
Cl( 4, 4) in Cl( 4, 4) CPU =        0.127 ms (setup)        1.534 (comm)        0.005 (pade)        0.002 (series)        1.522 (mix)        0.001 (add) 

framed_multi<double>
Clifford algebra expressions test:
Fill: 0.5
Cl( 1, 0) in Cl( 1, 0) CPU =        0.001 ms (setup)        0.001 (comm)        0.002 (pade)        0.001 (series)        0.000 (mix)        0.001 (add) 
Cl( 1, 1) in Cl( 1, 1) CPU =        0.001 ms (setup)        0.001 (comm)        0.002 (pade)        0.001 (series)        0.001 (mix)        0.001 (add) 
Cl( 2, 1) in Cl( 2, 1) CPU =        0.001 ms (setup)        0.004 (comm)        0.005 (pade)        0.004 (series)        0.001 (mix)        0.001 (add) 
Cl( 2, 2) in Cl( 2, 2) CPU =        0.002 ms (setup)        0.005 (comm)        0.006 (pade)        0.007 (series)        0.002 (mix)        0.001 (add) 
Cl( 3, 2) in Cl( 3, 2) CPU =        0.003 ms (setup)        0.013 (comm)        0.028 (pade)        0.012 (series)        0.004 (mix)        0.002 (add) 
Cl( 3, 3) in Cl( 3, 3) CPU =        0.007 ms (setup)        0.038 (comm)        0.035 (pade)        0.049 (series)        0.009 (mix)        0.002 (add) 
Cl( 4, 3) in Cl( 4, 3) CPU =        0.013 ms (setup)        0.100 (comm)        0.135 (pade)        0.137 (series)        0.033 (mix)        0.005 (add) 
Cl( 4, 4) in Cl( 4, 4) CPU =        0.027 ms (setup)        0.441 (comm)        0.183 (pade)        0.689 (series)        0.105 (mix)        0.007 (add) 
Cl( 5, 4) in Cl( 5, 4) CPU =        0.054 ms (setup)        1.506 (comm)        0.642 (pade)        2.481 (series)        0.300 (mix)        0.015 (add) 
Cl( 5, 5) in Cl( 5, 5) CPU =        0.113 ms (setup)        2.567 (comm)        0.927 (pade)        3.558 (series)        0.854 (mix)        0.028 (add) 
Cl( 6, 5) in Cl( 6, 5) CPU =        0.237 ms (setup)       42.111 (comm)       16.479 (pade)       63.225 (series)       11.941 (mix)        0.300 (add) 
Cl( 6, 6) in Cl( 6, 6) CPU =        2.394 ms (setup)       75.276 (comm)       23.338 (pade)       89.969 (series)       33.806 (mix)        0.677 (add) 
Cl( 7, 6) in Cl( 7, 6) CPU =        4.865 ms (setup)      291.005 (comm)       96.354 (pade)      371.113 (series)      117.386 (mix)        1.872 (add) 
Cl( 7, 7) in Cl( 7, 7) CPU =       11.816 ms (setup)      583.982 (comm)      136.764 (pade)      530.575 (series)      344.032 (mix)        3.744 (add) 
Cl( 8, 7) in Cl( 8, 7) CPU =       23.847 ms (setup)     1667.015 (comm)       82.031 (pade)     1860.682 (series)      167.358 (mix)        1.320 (add) 
Cl( 8, 8) in Cl( 8, 8) CPU =        8.031 ms (setup)     2205.403 (comm)      118.332 (pade)     2705.097 (series)      504.028 (mix)        2.808 (add) 
Cl( 1, 0) in Cl( 8, 8) CPU =        0.001 ms (setup)        0.001 (comm)        0.001 (pade)        0.001 (series)        0.001 (mix)        0.001 (add) 
Cl( 1, 1) in Cl( 8, 8) CPU =        0.001 ms (setup)        0.001 (comm)        0.002 (pade)        0.000 (series)        0.000 (mix)        0.001 (add) 
Cl( 2, 1) in Cl( 8, 8) CPU =        0.001 ms (setup)        0.003 (comm)        0.005 (pade)        0.004 (series)        0.001 (mix)        0.001 (add) 
Cl( 2, 2) in Cl( 8, 8) CPU =        0.001 ms (setup)        0.006 (comm)        0.007 (pade)        0.007 (series)        0.002 (mix)        0.001 (add) 
Cl( 3, 2) in Cl( 8, 8) CPU =        0.003 ms (setup)        0.011 (comm)        0.019 (pade)        0.011 (series)        0.003 (mix)        0.001 (add) 
Cl( 3, 3) in Cl( 8, 8) CPU =        0.006 ms (setup)        0.035 (comm)        0.035 (pade)        0.046 (series)        0.009 (mix)        0.002 (add) 
Cl( 4, 3) in Cl( 8, 8) CPU =        0.012 ms (setup)        0.096 (comm)        0.131 (pade)        0.133 (series)        0.033 (mix)        0.004 (add) 
Cl( 4, 4) in Cl( 8, 8) CPU =        0.026 ms (setup)        0.429 (comm)        0.178 (pade)        0.676 (series)        0.103 (mix)        0.007 (add) 
Cl( 5, 4) in Cl( 8, 8) CPU =        0.055 ms (setup)        1.482 (comm)        0.638 (pade)        2.441 (series)        0.296 (mix)        0.013 (add) 
Cl( 5, 5) in Cl( 8, 8) CPU =        0.112 ms (setup)        2.490 (comm)        0.900 (pade)        3.489 (series)        0.809 (mix)        0.027 (add) 
Cl( 6, 5) in Cl( 8, 8) CPU =        0.234 ms (setup)       41.669 (comm)       16.196 (pade)       62.986 (series)       11.793 (mix)        0.297 (add) 
Cl( 6, 6) in Cl( 8, 8) CPU =        2.365 ms (setup)       74.347 (comm)       22.931 (pade)       89.123 (series)       33.477 (mix)        0.667 (add) 
Cl( 7, 6) in Cl( 8, 8) CPU =        4.855 ms (setup)      290.077 (comm)       95.593 (pade)      367.969 (series)      117.699 (mix)        1.868 (add) 
Cl( 7, 7) in Cl( 8, 8) CPU =       11.865 ms (setup)      586.433 (comm)      136.899 (pade)      530.077 (series)      345.538 (mix)        3.775 (add) 
Cl( 8, 7) in Cl( 8, 8) CPU =       23.949 ms (setup)     1672.005 (comm)       82.133 (pade)     1856.238 (series)      170.802 (mix)        1.352 (add) 
Cl( 8, 8) in Cl( 8, 8) CPU =        8.012 ms (setup)     2201.070 (comm)      117.877 (pade)     2700.598 (series)      501.360 (mix)        2.821 (add) 
Fill: 1
Cl( 1, 0) in Cl( 1, 0) CPU =        0.001 ms (setup)        0.002 (comm)        0.001 (pade)        0.003 (series)        0.001 (mix)        0.001 (add) 
Cl( 1, 1) in Cl( 1, 1) CPU =        0.001 ms (setup)        0.003 (comm)        0.002 (pade)        0.003 (series)        0.001 (mix)        0.001 (add) 
Cl( 2, 1) in Cl( 2, 1) CPU =        0.001 ms (setup)        0.004 (comm)        0.005 (pade)        0.005 (series)        0.001 (mix)        0.001 (add) 
Cl( 2, 2) in Cl( 2, 2) CPU =        0.002 ms (setup)        0.008 (comm)        0.007 (pade)        0.009 (series)        0.003 (mix)        0.001 (add) 
Cl( 3, 2) in Cl( 3, 2) CPU =        0.004 ms (setup)        0.020 (comm)        0.028 (pade)        0.024 (series)        0.005 (mix)        0.002 (add) 
Cl( 3, 3) in Cl( 3, 3) CPU =        0.008 ms (setup)        0.057 (comm)        0.039 (pade)        0.072 (series)        0.015 (mix)        0.003 (add) 
Cl( 4, 3) in Cl( 4, 3) CPU =        0.018 ms (setup)        0.174 (comm)        0.145 (pade)        0.230 (series)        0.046 (mix)        0.005 (add) 
Cl( 4, 4) in Cl( 4, 4) CPU =        0.039 ms (setup)        0.511 (comm)        0.198 (pade)        0.771 (series)        0.119 (mix)        0.010 (add) 
Cl( 5, 4) in Cl( 5, 4) CPU =        0.086 ms (setup)        1.693 (comm)        0.699 (pade)        2.720 (series)        0.299 (mix)        0.020 (add) 
Cl( 5, 5) in Cl( 5, 5) CPU =        0.183 ms (setup)        2.844 (comm)        1.040 (pade)        4.061 (series)        0.773 (mix)        0.040 (add) 
Cl( 6, 5) in Cl( 6, 5) CPU =        0.375 ms (setup)       46.185 (comm)       18.340 (pade)       71.595 (series)       10.171 (mix)        0.397 (add) 
Cl( 6, 6) in Cl( 6, 6) CPU =        3.816 ms (setup)       82.146 (comm)       27.419 (pade)      108.168 (series)       28.064 (mix)        0.839 (add) 
Cl( 7, 6) in Cl( 7, 6) CPU =        7.797 ms (setup)      307.804 (comm)      109.759 (pade)      427.272 (series)       94.137 (mix)        2.041 (add) 
Cl( 7, 7) in Cl( 7, 7) CPU =       18.715 ms (setup)      596.958 (comm)      167.013 (pade)      654.995 (series)      270.197 (mix)        4.459 (add) 
Cl( 8, 7) in Cl( 8, 7) CPU =       38.107 ms (setup)     1768.227 (comm)       96.402 (pade)     2193.698 (series)      183.881 (mix)        1.510 (add) 
Cl( 8, 8) in Cl( 8, 8) CPU =       12.754 ms (setup)     2379.725 (comm)      147.371 (pade)     3429.448 (series)      383.945 (mix)        2.731 (add) 
Cl( 1, 0) in Cl( 8, 8) CPU =        0.001 ms (setup)        0.002 (comm)        0.002 (pade)        0.002 (series)        0.001 (mix)        0.001 (add) 
Cl( 1, 1) in Cl( 8, 8) CPU =        0.001 ms (setup)        0.002 (comm)        0.002 (pade)        0.003 (series)        0.001 (mix)        0.001 (add) 
Cl( 2, 1) in Cl( 8, 8) CPU =        0.002 ms (setup)        0.004 (comm)        0.005 (pade)        0.005 (series)        0.001 (mix)        0.001 (add) 
Cl( 2, 2) in Cl( 8, 8) CPU =        0.002 ms (setup)        0.007 (comm)        0.007 (pade)        0.009 (series)        0.002 (mix)        0.001 (add) 
Cl( 3, 2) in Cl( 8, 8) CPU =        0.004 ms (setup)        0.019 (comm)        0.028 (pade)        0.024 (series)        0.005 (mix)        0.002 (add) 
Cl( 3, 3) in Cl( 8, 8) CPU =        0.009 ms (setup)        0.056 (comm)        0.039 (pade)        0.072 (series)        0.014 (mix)        0.003 (add) 
Cl( 4, 3) in Cl( 8, 8) CPU =        0.018 ms (setup)        0.170 (comm)        0.144 (pade)        0.228 (series)        0.044 (mix)        0.005 (add) 
Cl( 4, 4) in Cl( 8, 8) CPU =        0.040 ms (setup)        0.510 (comm)        0.198 (pade)        0.774 (series)        0.120 (mix)        0.010 (add) 
Cl( 5, 4) in Cl( 8, 8) CPU =        0.085 ms (setup)        1.675 (comm)        0.695 (pade)        2.728 (series)        0.303 (mix)        0.019 (add) 
Cl( 5, 5) in Cl( 8, 8) CPU =        0.183 ms (setup)        2.857 (comm)        1.054 (pade)        4.064 (series)        0.776 (mix)        0.039 (add) 
Cl( 6, 5) in Cl( 8, 8) CPU =        0.374 ms (setup)       46.141 (comm)       18.325 (pade)       71.701 (series)       10.248 (mix)        0.397 (add) 
Cl( 6, 6) in Cl( 8, 8) CPU =        3.821 ms (setup)       82.171 (comm)       27.368 (pade)      108.129 (series)       28.082 (mix)        0.844 (add) 
Cl( 7, 6) in Cl( 8, 8) CPU =        7.769 ms (setup)      307.603 (comm)      109.874 (pade)      427.692 (series)       94.158 (mix)        2.038 (add) 
Cl( 7, 7) in Cl( 8, 8) CPU =       18.861 ms (setup)      596.984 (comm)      167.004 (pade)      655.005 (series)      269.689 (mix)        4.418 (add) 
Cl( 8, 7) in Cl( 8, 8) CPU =       38.157 ms (setup)     1768.343 (comm)       96.244 (pade)     2194.826 (series)      183.863 (mix)        1.508 (add) 
Cl( 8, 8) in Cl( 8, 8) CPU =       12.733 ms (setup)     2379.466 (comm)      147.437 (pade)     3428.553 (series)      383.929 (mix)        2.735 (add) 

matrix_multi<double>
Clifford algebra expressions test:
Fill: 0.5
Cl( 1, 0) in Cl( 1, 0) CPU =        0.002 ms (setup)        0.003 (comm)        0.001 (pade)        0.001 (series)        0.003 (mix)        0.001 (add) 
Cl( 1, 1) in Cl( 1, 1) CPU =        0.004 ms (setup)        0.002 (comm)        0.001 (pade)        0.001 (series)        0.003 (mix)        0.000 (add) 
Cl( 2, 1) in Cl( 2, 1) CPU =        0.003 ms (setup)        0.019 (comm)        0.001 (pade)        0.001 (series)        0.018 (mix)        0.000 (add) 
Cl( 2, 2) in Cl( 2, 2) CPU =        0.003 ms (setup)        0.032 (comm)        0.001 (pade)        0.001 (series)        0.030 (mix)        0.001 (add) 
Cl( 3, 2) in Cl( 3, 2) CPU =        0.015 ms (setup)        0.105 (comm)        0.002 (pade)        0.001 (series)        0.102 (mix)        0.001 (add) 
Cl( 3, 3) in Cl( 3, 3) CPU =        0.022 ms (setup)        0.182 (comm)        0.002 (pade)        0.001 (series)        0.176 (mix)        0.001 (add) 
Cl( 4, 3) in Cl( 4, 3) CPU =        0.056 ms (setup)        0.846 (comm)        0.005 (pade)        0.005 (series)        0.829 (mix)        0.001 (add) 
Cl( 4, 4) in Cl( 4, 4) CPU =        0.106 ms (setup)        1.310 (comm)        0.005 (pade)        0.004 (series)        1.296 (mix)        0.001 (add) 
Cl( 5, 4) in Cl( 5, 4) CPU =        0.253 ms (setup)        5.383 (comm)        0.020 (pade)        0.015 (series)        5.362 (mix)        0.002 (add) 
Cl( 5, 5) in Cl( 5, 5) CPU =        0.496 ms (setup)        8.055 (comm)        0.020 (pade)        0.015 (series)        8.058 (mix)        0.003 (add) 
Cl( 6, 5) in Cl( 6, 5) CPU =        1.157 ms (setup)      158.383 (comm)        0.472 (pade)        0.370 (series)      159.280 (mix)        0.036 (add) 
Cl( 6, 6) in Cl( 6, 6) CPU =       11.684 ms (setup)      227.987 (comm)        0.471 (pade)        0.423 (series)      226.593 (mix)        0.039 (add) 
Cl( 7, 6) in Cl( 7, 6) CPU =       27.422 ms (setup)     1002.361 (comm)        3.335 (pade)        1.387 (series)     1001.404 (mix)        0.159 (add) 
Cl( 7, 7) in Cl( 7, 7) CPU =       65.709 ms (setup)     1386.176 (comm)        3.326 (pade)        1.399 (series)     1385.170 (mix)        0.158 (add) 
Cl( 8, 7) in Cl( 8, 7) CPU =      155.644 ms (setup)     3793.156 (comm)        4.471 (pade)        7.635 (series)     3308.108 (mix)        0.103 (add) 
Cl( 8, 8) in Cl( 8, 8) CPU =       52.041 ms (setup)     4578.793 (comm)        4.471 (pade)        6.928 (series)     3659.528 (mix)        0.106 (add) 
Cl( 1, 0) in Cl( 8, 8) CPU =        0.011 ms (setup)       29.992 (comm)       25.412 (pade)        7.716 (series)       26.306 (mix)        0.617 (add) 
Cl( 1, 1) in Cl( 8, 8) CPU =        0.146 ms (setup)       48.265 (comm)       25.915 (pade)        7.663 (series)       45.150 (mix)        0.635 (add) 
Cl( 2, 1) in Cl( 8, 8) CPU =        0.268 ms (setup)       77.776 (comm)       26.573 (pade)        7.662 (series)       74.231 (mix)        0.660 (add) 
Cl( 2, 2) in Cl( 8, 8) CPU =        0.520 ms (setup)      112.377 (comm)       26.448 (pade)        7.665 (series)      108.778 (mix)        0.620 (add) 
Cl( 3, 2) in Cl( 8, 8) CPU =        3.820 ms (setup)      145.940 (comm)       26.973 (pade)        7.662 (series)      142.424 (mix)        0.621 (add) 
Cl( 3, 3) in Cl( 8, 8) CPU =        6.513 ms (setup)      192.573 (comm)       26.687 (pade)        7.684 (series)      188.739 (mix)        0.643 (add) 
Cl( 4, 3) in Cl( 8, 8) CPU =        7.248 ms (setup)      309.130 (comm)       26.720 (pade)        7.707 (series)      305.759 (mix)        0.626 (add) 
Cl( 4, 4) in Cl( 8, 8) CPU =        8.301 ms (setup)      422.244 (comm)       26.765 (pade)        7.701 (series)      418.368 (mix)        0.627 (add) 
Cl( 5, 4) in Cl( 8, 8) CPU =       10.940 ms (setup)      676.557 (comm)       26.851 (pade)        6.996 (series)      671.238 (mix)        0.618 (add) 
Cl( 5, 5) in Cl( 8, 8) CPU =       16.944 ms (setup)      784.399 (comm)       26.718 (pade)        7.656 (series)      780.213 (mix)        0.625 (add) 
Cl( 6, 5) in Cl( 8, 8) CPU =       32.778 ms (setup)     1311.899 (comm)       27.003 (pade)        6.972 (series)     1306.666 (mix)        0.619 (add) 
Cl( 6, 6) in Cl( 8, 8) CPU =       59.001 ms (setup)     1469.339 (comm)       26.767 (pade)        7.653 (series)     1465.396 (mix)        0.627 (add) 
Cl( 7, 6) in Cl( 8, 8) CPU =      133.865 ms (setup)     2538.138 (comm)       26.790 (pade)        7.609 (series)     2533.051 (mix)        0.611 (add) 
Cl( 7, 7) in Cl( 8, 8) CPU =       41.772 ms (setup)     2907.964 (comm)       26.837 (pade)        6.965 (series)     2869.850 (mix)        0.629 (add) 
Cl( 8, 7) in Cl( 8, 8) CPU =      100.097 ms (setup)     3835.936 (comm)        4.498 (pade)        6.962 (series)     3357.414 (mix)        0.103 (add) 
Cl( 8, 8) in Cl( 8, 8) CPU =       52.222 ms (setup)     4558.293 (comm)        4.481 (pade)        6.941 (series)     3636.720 (mix)        0.107 (add) 
Fill: 1
Cl( 1, 0) in Cl( 1, 0) CPU =        0.002 ms (setup)        0.005 (comm)        0.001 (pade)        0.001 (series)        0.004 (mix)        0.000 (add) 
Cl( 1, 1) in Cl( 1, 1) CPU =        0.002 ms (setup)        0.007 (comm)        0.001 (pade)        0.001 (series)        0.007 (mix)        0.000 (add) 
Cl( 2, 1) in Cl( 2, 1) CPU =        0.003 ms (setup)        0.025 (comm)        0.001 (pade)        0.001 (series)        0.024 (mix)        0.000 (add) 
Cl( 2, 2) in Cl( 2, 2) CPU =        0.005 ms (setup)        0.040 (comm)        0.001 (pade)        0.001 (series)        0.039 (mix)        0.000 (add) 
Cl( 3, 2) in Cl( 3, 2) CPU =        0.013 ms (setup)        0.150 (comm)        0.002 (pade)        0.001 (series)        0.145 (mix)        0.001 (add) 
Cl( 3, 3) in Cl( 3, 3) CPU =        0.026 ms (setup)        0.234 (comm)        0.001 (pade)        0.001 (series)        0.231 (mix)        0.001 (add) 
Cl( 4, 3) in Cl( 4, 3) CPU =        0.073 ms (setup)        1.010 (comm)        0.005 (pade)        0.005 (series)        1.003 (mix)        0.001 (add) 
Cl( 4, 4) in Cl( 4, 4) CPU =        0.141 ms (setup)        1.542 (comm)        0.005 (pade)        0.005 (series)        1.526 (mix)        0.001 (add) 
Cl( 5, 4) in Cl( 5, 4) CPU =        0.361 ms (setup)        5.917 (comm)        0.020 (pade)        0.015 (series)        5.886 (mix)        0.002 (add) 
Cl( 5, 5) in Cl( 5, 5) CPU =        0.740 ms (setup)        8.816 (comm)        0.021 (pade)        0.015 (series)        8.803 (mix)        0.003 (add) 
Cl( 6, 5) in Cl( 6, 5) CPU =        1.790 ms (setup)      172.432 (comm)        0.470 (pade)        0.368 (series)      172.545 (mix)        0.035 (add) 
Cl( 6, 6) in Cl( 6, 6) CPU =       18.239 ms (setup)      245.724 (comm)        0.470 (pade)        0.379 (series)      246.412 (mix)        0.035 (add) 
Cl( 7, 6) in Cl( 7, 6) CPU =       44.638 ms (setup)     1070.340 (comm)        3.339 (pade)        1.351 (series)     1069.690 (mix)        0.174 (add) 
Cl( 7, 7) in Cl( 7, 7) CPU =      108.153 ms (setup)     1491.030 (comm)        3.337 (pade)        1.369 (series)     1491.716 (mix)        0.159 (add) 
Cl( 8, 7) in Cl( 8, 7) CPU =      255.073 ms (setup)     3977.945 (comm)        4.482 (pade)        7.623 (series)     3395.657 (mix)        0.104 (add) 
Cl( 8, 8) in Cl( 8, 8) CPU =       91.240 ms (setup)     4813.197 (comm)        4.468 (pade)        7.625 (series)     3809.521 (mix)        0.105 (add) 
Cl( 1, 0) in Cl( 8, 8) CPU =        0.018 ms (setup)       52.289 (comm)       26.107 (pade)        7.671 (series)       49.366 (mix)        0.624 (add) 
Cl( 1, 1) in Cl( 8, 8) CPU =        0.203 ms (setup)       70.909 (comm)       25.949 (pade)        7.761 (series)       67.431 (mix)        0.625 (add) 
Cl( 2, 1) in Cl( 8, 8) CPU =        0.417 ms (setup)       94.050 (comm)       26.620 (pade)        7.684 (series)       90.450 (mix)        0.626 (add) 
Cl( 2, 2) in Cl( 8, 8) CPU =        6.253 ms (setup)      122.865 (comm)       26.444 (pade)        7.681 (series)      119.163 (mix)        0.625 (add) 
Cl( 3, 2) in Cl( 8, 8) CPU =        6.391 ms (setup)      159.112 (comm)       26.505 (pade)        7.653 (series)      155.290 (mix)        0.626 (add) 
Cl( 3, 3) in Cl( 8, 8) CPU =        6.694 ms (setup)      212.370 (comm)       26.649 (pade)        7.681 (series)      208.906 (mix)        0.627 (add) 
Cl( 4, 3) in Cl( 8, 8) CPU =        7.712 ms (setup)      390.841 (comm)       26.860 (pade)        7.696 (series)      387.287 (mix)        0.630 (add) 
Cl( 4, 4) in Cl( 8, 8) CPU =        8.493 ms (setup)      480.380 (comm)       26.883 (pade)        7.000 (series)      474.562 (mix)        0.641 (add) 
Cl( 5, 4) in Cl( 8, 8) CPU =       13.661 ms (setup)      740.108 (comm)       26.785 (pade)        7.695 (series)      736.193 (mix)        0.628 (add) 
Cl( 5, 5) in Cl( 8, 8) CPU =       20.564 ms (setup)      857.269 (comm)       27.018 (pade)        7.033 (series)      851.859 (mix)        0.673 (add) 
Cl( 6, 5) in Cl( 8, 8) CPU =       44.078 ms (setup)     1381.540 (comm)       26.877 (pade)        7.630 (series)     1375.430 (mix)        0.619 (add) 
Cl( 6, 6) in Cl( 8, 8) CPU =       77.581 ms (setup)     1568.553 (comm)       26.900 (pade)        7.692 (series)     1564.015 (mix)        0.621 (add) 
Cl( 7, 6) in Cl( 8, 8) CPU =      183.010 ms (setup)     2665.968 (comm)       26.838 (pade)        6.976 (series)     2663.169 (mix)        0.633 (add) 
Cl( 7, 7) in Cl( 8, 8) CPU =       58.444 ms (setup)     3037.349 (comm)       24.019 (pade)        6.990 (series)     2937.412 (mix)        0.626 (add) 
Cl( 8, 7) in Cl( 8, 8) CPU =      143.625 ms (setup)     4034.678 (comm)        4.492 (pade)        6.967 (series)     3444.631 (mix)        0.107 (add) 
Cl( 8, 8) in Cl( 8, 8) CPU =       91.335 ms (setup)     4813.025 (comm)        4.463 (pade)        7.647 (series)     3809.258 (mix)        0.105 (add) 
