
framed_multi<float,-4,4>
Clifford algebra products test:
Fill: 0.5
Cl( 1, 0) in Cl( 1, 0) CPU =        0.001 ms (setup)        0.001 (*)        0.001 (^)        0.001 (&)        0.001 (%) 
Cl( 1, 1) in Cl( 1, 1) CPU =        0.001 ms (setup)        0.001 (*)        0.001 (^)        0.001 (&)        0.001 (%) 
Cl( 2, 1) in Cl( 2, 1) CPU =        0.001 ms (setup)        0.002 (*)        0.002 (^)        0.001 (&)        0.001 (%) 
Cl( 2, 2) in Cl( 2, 2) CPU =        0.001 ms (setup)        0.003 (*)        0.002 (^)        0.002 (&)        0.002 (%) 
Cl( 3, 2) in Cl( 3, 2) CPU =        0.003 ms (setup)        0.007 (*)        0.003 (^)        0.004 (&)        0.003 (%) 
Cl( 3, 3) in Cl( 3, 3) CPU =        0.005 ms (setup)        0.017 (*)        0.009 (^)        0.007 (&)        0.006 (%) 
Cl( 4, 3) in Cl( 4, 3) CPU =        0.012 ms (setup)        0.050 (*)        0.025 (^)        0.024 (&)        0.018 (%) 
Cl( 4, 4) in Cl( 4, 4) CPU =        0.024 ms (setup)        0.182 (*)        0.041 (^)        0.032 (&)        0.023 (%) 
Cl( 1, 0) in Cl( 4, 4) CPU =        0.001 ms (setup)        0.000 (*)        0.001 (^)        0.000 (&)        0.001 (%) 
Cl( 1, 1) in Cl( 4, 4) CPU =        0.000 ms (setup)        0.000 (*)        0.000 (^)        0.001 (&)        0.000 (%) 
Cl( 2, 1) in Cl( 4, 4) CPU =        0.000 ms (setup)        0.001 (*)        0.001 (^)        0.001 (&)        0.001 (%) 
Cl( 2, 2) in Cl( 4, 4) CPU =        0.001 ms (setup)        0.002 (*)        0.001 (^)        0.001 (&)        0.001 (%) 
Cl( 3, 2) in Cl( 4, 4) CPU =        0.001 ms (setup)        0.003 (*)        0.002 (^)        0.002 (&)        0.002 (%) 
Cl( 3, 3) in Cl( 4, 4) CPU =        0.003 ms (setup)        0.009 (*)        0.004 (^)        0.004 (&)        0.004 (%) 
Cl( 4, 3) in Cl( 4, 4) CPU =        0.007 ms (setup)        0.022 (*)        0.012 (^)        0.011 (&)        0.009 (%) 
Cl( 4, 4) in Cl( 4, 4) CPU =        0.013 ms (setup)        0.161 (*)        0.043 (^)        0.036 (&)        0.026 (%) 
Fill: 1
Cl( 1, 0) in Cl( 1, 0) CPU =        0.001 ms (setup)        0.001 (*)        0.000 (^)        0.001 (&)        0.000 (%) 
Cl( 1, 1) in Cl( 1, 1) CPU =        0.001 ms (setup)        0.001 (*)        0.001 (^)        0.001 (&)        0.001 (%) 
Cl( 2, 1) in Cl( 2, 1) CPU =        0.001 ms (setup)        0.001 (*)        0.001 (^)        0.001 (&)        0.001 (%) 
Cl( 2, 2) in Cl( 2, 2) CPU =        0.001 ms (setup)        0.002 (*)        0.001 (^)        0.002 (&)        0.001 (%) 
Cl( 3, 2) in Cl( 3, 2) CPU =        0.002 ms (setup)        0.005 (*)        0.002 (^)        0.003 (&)        0.003 (%) 
Cl( 3, 3) in Cl( 3, 3) CPU =        0.004 ms (setup)        0.014 (*)        0.005 (^)        0.006 (&)        0.005 (%) 
Cl( 4, 3) in Cl( 4, 3) CPU =        0.009 ms (setup)        0.045 (*)        0.013 (^)        0.016 (&)        0.012 (%) 
Cl( 4, 4) in Cl( 4, 4) CPU =        0.018 ms (setup)        0.200 (*)        0.036 (^)        0.043 (&)        0.030 (%) 
Cl( 1, 0) in Cl( 4, 4) CPU =        0.000 ms (setup)        0.001 (*)        0.001 (^)        0.000 (&)        0.000 (%) 
Cl( 1, 1) in Cl( 4, 4) CPU =        0.000 ms (setup)        0.001 (*)        0.001 (^)        0.001 (&)        0.001 (%) 
Cl( 2, 1) in Cl( 4, 4) CPU =        0.001 ms (setup)        0.001 (*)        0.001 (^)        0.001 (&)        0.001 (%) 
Cl( 2, 2) in Cl( 4, 4) CPU =        0.001 ms (setup)        0.002 (*)        0.001 (^)        0.001 (&)        0.001 (%) 
Cl( 3, 2) in Cl( 4, 4) CPU =        0.002 ms (setup)        0.005 (*)        0.002 (^)        0.003 (&)        0.002 (%) 
Cl( 3, 3) in Cl( 4, 4) CPU =        0.004 ms (setup)        0.015 (*)        0.005 (^)        0.006 (&)        0.005 (%) 
Cl( 4, 3) in Cl( 4, 4) CPU =        0.008 ms (setup)        0.045 (*)        0.013 (^)        0.015 (&)        0.011 (%) 
Cl( 4, 4) in Cl( 4, 4) CPU =        0.018 ms (setup)        0.197 (*)        0.036 (^)        0.042 (&)        0.030 (%) 

matrix_multi<float,-4,4>
Clifford algebra products test:
Fill: 0.5
Cl( 1, 0) in Cl( 1, 0) CPU =        0.001 ms (setup)        0.001 (*)        0.003 (^)        0.002 (&)        0.003 (%) 
Cl( 1, 1) in Cl( 1, 1) CPU =        0.002 ms (setup)        0.000 (*)        0.002 (^)        0.001 (&)        0.002 (%) 
Cl( 2, 1) in Cl( 2, 1) CPU =        0.001 ms (setup)        0.001 (*)        0.007 (^)        0.005 (&)        0.007 (%) 
Cl( 2, 2) in Cl( 2, 2) CPU =        0.004 ms (setup)        0.000 (*)        0.016 (^)        0.013 (&)        0.017 (%) 
Cl( 3, 2) in Cl( 3, 2) CPU =        0.008 ms (setup)        0.000 (*)        0.054 (^)        0.053 (&)        0.056 (%) 
Cl( 3, 3) in Cl( 3, 3) CPU =        0.011 ms (setup)        0.000 (*)        0.082 (^)        0.086 (&)        0.091 (%) 
Cl( 4, 3) in Cl( 4, 3) CPU =        0.026 ms (setup)        0.001 (*)        0.374 (^)        0.389 (&)        0.401 (%) 
Cl( 4, 4) in Cl( 4, 4) CPU =        0.054 ms (setup)        0.001 (*)        0.667 (^)        0.662 (&)        0.684 (%) 
Cl( 1, 0) in Cl( 4, 4) CPU =        0.001 ms (setup)        0.001 (*)        0.009 (^)        0.006 (&)        0.009 (%) 
Cl( 1, 1) in Cl( 4, 4) CPU =        0.002 ms (setup)        0.001 (*)        0.017 (^)        0.015 (&)        0.017 (%) 
Cl( 2, 1) in Cl( 4, 4) CPU =        0.004 ms (setup)        0.001 (*)        0.016 (^)        0.014 (&)        0.017 (%) 
Cl( 2, 2) in Cl( 4, 4) CPU =        0.006 ms (setup)        0.001 (*)        0.026 (^)        0.023 (&)        0.024 (%) 
Cl( 3, 2) in Cl( 4, 4) CPU =        0.022 ms (setup)        0.001 (*)        0.110 (^)        0.080 (&)        0.086 (%) 
Cl( 3, 3) in Cl( 4, 4) CPU =        0.034 ms (setup)        0.001 (*)        0.122 (^)        0.096 (&)        0.107 (%) 
Cl( 4, 3) in Cl( 4, 4) CPU =        0.085 ms (setup)        0.001 (*)        0.389 (^)        0.345 (&)        0.370 (%) 
Cl( 4, 4) in Cl( 4, 4) CPU =        0.054 ms (setup)        0.001 (*)        0.665 (^)        0.667 (&)        0.690 (%) 
Fill: 1
Cl( 1, 0) in Cl( 1, 0) CPU =        0.001 ms (setup)        0.000 (*)        0.003 (^)        0.002 (&)        0.003 (%) 
Cl( 1, 1) in Cl( 1, 1) CPU =        0.001 ms (setup)        0.000 (*)        0.004 (^)        0.003 (&)        0.004 (%) 
Cl( 2, 1) in Cl( 2, 1) CPU =        0.002 ms (setup)        0.001 (*)        0.011 (^)        0.011 (&)        0.011 (%) 
Cl( 2, 2) in Cl( 2, 2) CPU =        0.003 ms (setup)        0.000 (*)        0.021 (^)        0.017 (&)        0.020 (%) 
Cl( 3, 2) in Cl( 3, 2) CPU =        0.007 ms (setup)        0.001 (*)        0.069 (^)        0.070 (&)        0.070 (%) 
Cl( 3, 3) in Cl( 3, 3) CPU =        0.013 ms (setup)        0.000 (*)        0.114 (^)        0.106 (&)        0.115 (%) 
Cl( 4, 3) in Cl( 4, 3) CPU =        0.034 ms (setup)        0.001 (*)        0.480 (^)        0.482 (&)        0.487 (%) 
Cl( 4, 4) in Cl( 4, 4) CPU =        0.069 ms (setup)        0.001 (*)        0.756 (^)        0.746 (&)        0.760 (%) 
Cl( 1, 0) in Cl( 4, 4) CPU =        0.001 ms (setup)        0.001 (*)        0.019 (^)        0.013 (&)        0.016 (%) 
Cl( 1, 1) in Cl( 4, 4) CPU =        0.002 ms (setup)        0.001 (*)        0.024 (^)        0.015 (&)        0.021 (%) 
Cl( 2, 1) in Cl( 4, 4) CPU =        0.004 ms (setup)        0.001 (*)        0.038 (^)        0.026 (&)        0.030 (%) 
Cl( 2, 2) in Cl( 4, 4) CPU =        0.010 ms (setup)        0.001 (*)        0.056 (^)        0.037 (&)        0.044 (%) 
Cl( 3, 2) in Cl( 4, 4) CPU =        0.024 ms (setup)        0.001 (*)        0.121 (^)        0.092 (&)        0.093 (%) 
Cl( 3, 3) in Cl( 4, 4) CPU =        0.042 ms (setup)        0.001 (*)        0.178 (^)        0.148 (&)        0.155 (%) 
Cl( 4, 3) in Cl( 4, 4) CPU =        0.111 ms (setup)        0.001 (*)        0.529 (^)        0.487 (&)        0.486 (%) 
Cl( 4, 4) in Cl( 4, 4) CPU =        0.068 ms (setup)        0.001 (*)        0.762 (^)        0.747 (&)        0.758 (%) 

framed_multi<double>
Clifford algebra products test:
Fill: 0.5
Cl( 1, 0) in Cl( 1, 0) CPU =        0.000 ms (setup)        0.001 (*)        0.001 (^)        0.000 (&)        0.000 (%) 
Cl( 1, 1) in Cl( 1, 1) CPU =        0.001 ms (setup)        0.000 (*)        0.001 (^)        0.001 (&)        0.001 (%) 
Cl( 2, 1) in Cl( 2, 1) CPU =        0.001 ms (setup)        0.001 (*)        0.001 (^)        0.001 (&)        0.001 (%) 
Cl( 2, 2) in Cl( 2, 2) CPU =        0.001 ms (setup)        0.002 (*)        0.001 (^)        0.001 (&)        0.002 (%) 
Cl( 3, 2) in Cl( 3, 2) CPU =        0.002 ms (setup)        0.004 (*)        0.002 (^)        0.003 (&)        0.002 (%) 
Cl( 3, 3) in Cl( 3, 3) CPU =        0.003 ms (setup)        0.011 (*)        0.005 (^)        0.005 (&)        0.005 (%) 
Cl( 4, 3) in Cl( 4, 3) CPU =        0.007 ms (setup)        0.032 (*)        0.018 (^)        0.017 (&)        0.012 (%) 
Cl( 4, 4) in Cl( 4, 4) CPU =        0.013 ms (setup)        0.159 (*)        0.057 (^)        0.043 (&)        0.034 (%) 
Cl( 5, 4) in Cl( 5, 4) CPU =        0.028 ms (setup)        0.577 (*)        0.162 (^)        0.123 (&)        0.087 (%) 
Cl( 5, 5) in Cl( 5, 5) CPU =        0.057 ms (setup)        0.800 (*)        0.471 (^)        0.332 (&)        0.220 (%) 
Cl( 6, 5) in Cl( 6, 5) CPU =        0.119 ms (setup)       14.829 (*)        6.721 (^)        4.942 (&)        2.979 (%) 
Cl( 6, 6) in Cl( 6, 6) CPU =        1.220 ms (setup)       20.323 (*)       18.910 (^)       13.843 (&)        7.959 (%) 
Cl( 7, 6) in Cl( 7, 6) CPU =        2.488 ms (setup)       86.282 (*)       68.201 (^)       50.306 (&)       28.353 (%) 
Cl( 7, 7) in Cl( 7, 7) CPU =        5.971 ms (setup)      119.877 (*)      198.245 (^)      144.169 (&)       27.814 (%) 
Cl( 8, 7) in Cl( 8, 7) CPU =        2.007 ms (setup)      429.396 (*)      234.495 (^)       70.862 (&)       37.569 (%) 
Cl( 8, 8) in Cl( 8, 8) CPU =        4.017 ms (setup)      600.517 (*)      289.130 (^)      210.648 (&)      108.556 (%) 
Cl( 1, 0) in Cl( 8, 8) CPU =        0.000 ms (setup)        0.000 (*)        0.000 (^)        0.000 (&)        0.001 (%) 
Cl( 1, 1) in Cl( 8, 8) CPU =        0.001 ms (setup)        0.000 (*)        0.001 (^)        0.000 (&)        0.000 (%) 
Cl( 2, 1) in Cl( 8, 8) CPU =        0.001 ms (setup)        0.001 (*)        0.001 (^)        0.001 (&)        0.001 (%) 
Cl( 2, 2) in Cl( 8, 8) CPU =        0.001 ms (setup)        0.001 (*)        0.001 (^)        0.001 (&)        0.001 (%) 
Cl( 3, 2) in Cl( 8, 8) CPU =        0.001 ms (setup)        0.004 (*)        0.002 (^)        0.002 (&)        0.002 (%) 
Cl( 3, 3) in Cl( 8, 8) CPU =        0.003 ms (setup)        0.010 (*)        0.005 (^)        0.005 (&)        0.005 (%) 
Cl( 4, 3) in Cl( 8, 8) CPU =        0.007 ms (setup)        0.025 (*)        0.015 (^)        0.012 (&)        0.011 (%) 
Cl( 4, 4) in Cl( 8, 8) CPU =        0.013 ms (setup)        0.158 (*)        0.056 (^)        0.040 (&)        0.033 (%) 
Cl( 5, 4) in Cl( 8, 8) CPU =        0.027 ms (setup)        0.576 (*)        0.170 (^)        0.124 (&)        0.086 (%) 
Cl( 5, 5) in Cl( 8, 8) CPU =        0.057 ms (setup)        0.798 (*)        0.454 (^)        0.322 (&)        0.211 (%) 
Cl( 6, 5) in Cl( 8, 8) CPU =        0.119 ms (setup)       14.763 (*)        6.579 (^)        4.821 (&)        2.848 (%) 
Cl( 6, 6) in Cl( 8, 8) CPU =        1.192 ms (setup)       20.102 (*)       19.074 (^)       13.704 (&)        7.993 (%) 
Cl( 7, 6) in Cl( 8, 8) CPU =        2.452 ms (setup)       85.534 (*)       67.013 (^)       49.030 (&)       27.274 (%) 
Cl( 7, 7) in Cl( 8, 8) CPU =        5.954 ms (setup)      118.594 (*)      198.755 (^)      145.273 (&)       25.735 (%) 
Cl( 8, 7) in Cl( 8, 8) CPU =        1.999 ms (setup)      427.962 (*)      235.056 (^)       71.129 (&)       37.698 (%) 
Cl( 8, 8) in Cl( 8, 8) CPU =        4.034 ms (setup)      601.056 (*)      288.884 (^)      210.079 (&)      108.422 (%) 
Fill: 1
Cl( 1, 0) in Cl( 1, 0) CPU =        0.000 ms (setup)        0.001 (*)        0.001 (^)        0.000 (&)        0.001 (%) 
Cl( 1, 1) in Cl( 1, 1) CPU =        0.001 ms (setup)        0.001 (*)        0.000 (^)        0.001 (&)        0.001 (%) 
Cl( 2, 1) in Cl( 2, 1) CPU =        0.001 ms (setup)        0.001 (*)        0.001 (^)        0.001 (&)        0.001 (%) 
Cl( 2, 2) in Cl( 2, 2) CPU =        0.002 ms (setup)        0.003 (*)        0.001 (^)        0.002 (&)        0.002 (%) 
Cl( 3, 2) in Cl( 3, 2) CPU =        0.002 ms (setup)        0.007 (*)        0.004 (^)        0.004 (&)        0.003 (%) 
Cl( 3, 3) in Cl( 3, 3) CPU =        0.005 ms (setup)        0.021 (*)        0.007 (^)        0.009 (&)        0.007 (%) 
Cl( 4, 3) in Cl( 4, 3) CPU =        0.009 ms (setup)        0.067 (*)        0.022 (^)        0.025 (&)        0.019 (%) 
Cl( 4, 4) in Cl( 4, 4) CPU =        0.021 ms (setup)        0.198 (*)        0.056 (^)        0.062 (&)        0.048 (%) 
Cl( 5, 4) in Cl( 5, 4) CPU =        0.044 ms (setup)        0.690 (*)        0.141 (^)        0.156 (&)        0.120 (%) 
Cl( 5, 5) in Cl( 5, 5) CPU =        0.093 ms (setup)        1.029 (*)        0.363 (^)        0.403 (&)        0.292 (%) 
Cl( 6, 5) in Cl( 6, 5) CPU =        0.190 ms (setup)       17.883 (*)        4.835 (^)        5.332 (&)        3.627 (%) 
Cl( 6, 6) in Cl( 6, 6) CPU =        1.907 ms (setup)       26.922 (*)       13.120 (^)       14.482 (&)        9.261 (%) 
Cl( 7, 6) in Cl( 7, 6) CPU =        3.933 ms (setup)      106.442 (*)       44.069 (^)       50.809 (&)       30.197 (%) 
Cl( 7, 7) in Cl( 7, 7) CPU =        9.441 ms (setup)      163.020 (*)      123.871 (^)      143.983 (&)       81.451 (%) 
Cl( 8, 7) in Cl( 8, 7) CPU =       19.177 ms (setup)      548.872 (*)      292.897 (^)       71.773 (&)       39.102 (%) 
Cl( 8, 8) in Cl( 8, 8) CPU =        6.470 ms (setup)      857.261 (*)      172.481 (^)      210.836 (&)      112.498 (%) 
Cl( 1, 0) in Cl( 8, 8) CPU =        0.000 ms (setup)        0.001 (*)        0.001 (^)        0.000 (&)        0.000 (%) 
Cl( 1, 1) in Cl( 8, 8) CPU =        0.001 ms (setup)        0.001 (*)        0.001 (^)        0.001 (&)        0.001 (%) 
Cl( 2, 1) in Cl( 8, 8) CPU =        0.001 ms (setup)        0.002 (*)        0.001 (^)        0.001 (&)        0.001 (%) 
Cl( 2, 2) in Cl( 8, 8) CPU =        0.001 ms (setup)        0.003 (*)        0.002 (^)        0.002 (&)        0.002 (%) 
Cl( 3, 2) in Cl( 8, 8) CPU =        0.003 ms (setup)        0.007 (*)        0.003 (^)        0.004 (&)        0.003 (%) 
Cl( 3, 3) in Cl( 8, 8) CPU =        0.005 ms (setup)        0.020 (*)        0.008 (^)        0.009 (&)        0.007 (%) 
Cl( 4, 3) in Cl( 8, 8) CPU =        0.009 ms (setup)        0.067 (*)        0.019 (^)        0.022 (&)        0.019 (%) 
Cl( 4, 4) in Cl( 8, 8) CPU =        0.021 ms (setup)        0.198 (*)        0.055 (^)        0.061 (&)        0.050 (%) 
Cl( 5, 4) in Cl( 8, 8) CPU =        0.044 ms (setup)        0.694 (*)        0.142 (^)        0.157 (&)        0.118 (%) 
Cl( 5, 5) in Cl( 8, 8) CPU =        0.093 ms (setup)        1.018 (*)        0.365 (^)        0.405 (&)        0.292 (%) 
Cl( 6, 5) in Cl( 8, 8) CPU =        0.191 ms (setup)       17.909 (*)        4.845 (^)        5.336 (&)        3.625 (%) 
Cl( 6, 6) in Cl( 8, 8) CPU =        1.899 ms (setup)       26.902 (*)       13.101 (^)       14.504 (&)        9.274 (%) 
Cl( 7, 6) in Cl( 8, 8) CPU =        3.938 ms (setup)      106.490 (*)       44.139 (^)       50.788 (&)       30.215 (%) 
Cl( 7, 7) in Cl( 8, 8) CPU =        9.456 ms (setup)      163.083 (*)      123.981 (^)      143.975 (&)       81.507 (%) 
Cl( 8, 7) in Cl( 8, 8) CPU =       19.223 ms (setup)      548.910 (*)      292.911 (^)       71.745 (&)       39.093 (%) 
Cl( 8, 8) in Cl( 8, 8) CPU =        6.467 ms (setup)      857.315 (*)      172.506 (^)      210.840 (&)      112.532 (%) 

matrix_multi<double>
Clifford algebra products test:
Fill: 0.5
Cl( 1, 0) in Cl( 1, 0) CPU =        0.002 ms (setup)        0.000 (*)        0.002 (^)        0.001 (&)        0.002 (%) 
Cl( 1, 1) in Cl( 1, 1) CPU =        0.002 ms (setup)        0.000 (*)        0.002 (^)        0.002 (&)        0.002 (%) 
Cl( 2, 1) in Cl( 2, 1) CPU =        0.005 ms (setup)        0.000 (*)        0.009 (^)        0.006 (&)        0.009 (%) 
Cl( 2, 2) in Cl( 2, 2) CPU =        0.004 ms (setup)        0.000 (*)        0.015 (^)        0.014 (&)        0.016 (%) 
Cl( 3, 2) in Cl( 3, 2) CPU =        0.014 ms (setup)        0.001 (*)        0.052 (^)        0.044 (&)        0.059 (%) 
Cl( 3, 3) in Cl( 3, 3) CPU =        0.011 ms (setup)        0.001 (*)        0.080 (^)        0.085 (&)        0.088 (%) 
Cl( 4, 3) in Cl( 4, 3) CPU =        0.028 ms (setup)        0.001 (*)        0.386 (^)        0.397 (&)        0.410 (%) 
Cl( 4, 4) in Cl( 4, 4) CPU =        0.052 ms (setup)        0.001 (*)        0.634 (^)        0.635 (&)        0.666 (%) 
Cl( 5, 4) in Cl( 5, 4) CPU =        0.129 ms (setup)        0.003 (*)        2.486 (^)        2.566 (&)        2.541 (%) 
Cl( 5, 5) in Cl( 5, 5) CPU =        0.248 ms (setup)        0.004 (*)        3.778 (^)        3.984 (&)        3.928 (%) 
Cl( 6, 5) in Cl( 6, 5) CPU =        0.589 ms (setup)        0.075 (*)       72.653 (^)       81.108 (&)       76.642 (%) 
Cl( 6, 6) in Cl( 6, 6) CPU =        5.870 ms (setup)        0.076 (*)      110.744 (^)      114.224 (&)      110.878 (%) 
Cl( 7, 6) in Cl( 7, 6) CPU =       13.769 ms (setup)        0.301 (*)      484.832 (^)      503.529 (&)      488.368 (%) 
Cl( 7, 7) in Cl( 7, 7) CPU =       32.974 ms (setup)        0.308 (*)      670.466 (^)      690.580 (&)      674.683 (%) 
Cl( 8, 7) in Cl( 8, 7) CPU =       77.252 ms (setup)        1.429 (*)     1572.978 (^)     1720.688 (&)     1584.137 (%) 
Cl( 8, 8) in Cl( 8, 8) CPU =       26.073 ms (setup)        1.504 (*)     1791.415 (^)     1915.534 (&)     1783.885 (%) 
Cl( 1, 0) in Cl( 8, 8) CPU =        0.009 ms (setup)        1.421 (*)       24.558 (^)       16.047 (&)       22.294 (%) 
Cl( 1, 1) in Cl( 8, 8) CPU =        0.072 ms (setup)        1.419 (*)       24.788 (^)       16.466 (&)       22.510 (%) 
Cl( 2, 1) in Cl( 8, 8) CPU =        0.122 ms (setup)        1.422 (*)       48.538 (^)       32.797 (&)       37.249 (%) 
Cl( 2, 2) in Cl( 8, 8) CPU =        0.277 ms (setup)        1.446 (*)       35.949 (^)       33.111 (&)       29.425 (%) 
Cl( 3, 2) in Cl( 8, 8) CPU =        1.687 ms (setup)        1.415 (*)       65.400 (^)       43.993 (&)       47.321 (%) 
Cl( 3, 3) in Cl( 8, 8) CPU =        2.687 ms (setup)        1.502 (*)       85.978 (^)       62.050 (&)       62.397 (%) 
Cl( 4, 3) in Cl( 8, 8) CPU =        3.076 ms (setup)        1.496 (*)      203.898 (^)      148.707 (&)      135.739 (%) 
Cl( 4, 4) in Cl( 8, 8) CPU =        3.647 ms (setup)        1.512 (*)      208.728 (^)      166.285 (&)      139.520 (%) 
Cl( 5, 4) in Cl( 8, 8) CPU =        5.282 ms (setup)        1.471 (*)      404.147 (^)      283.615 (&)      251.522 (%) 
Cl( 5, 5) in Cl( 8, 8) CPU =        8.106 ms (setup)        1.416 (*)      475.557 (^)      346.269 (&)      306.421 (%) 
Cl( 6, 5) in Cl( 8, 8) CPU =       16.061 ms (setup)        1.440 (*)      749.814 (^)      559.435 (&)      503.630 (%) 
Cl( 6, 6) in Cl( 8, 8) CPU =       28.867 ms (setup)        1.411 (*)      775.419 (^)      649.053 (&)      580.214 (%) 
Cl( 7, 6) in Cl( 8, 8) CPU =       66.896 ms (setup)        1.458 (*)     1385.444 (^)     1165.050 (&)     1107.275 (%) 
Cl( 7, 7) in Cl( 8, 8) CPU =      124.192 ms (setup)        1.407 (*)     1439.387 (^)     1468.851 (&)     1369.876 (%) 
Cl( 8, 7) in Cl( 8, 8) CPU =       49.988 ms (setup)        1.402 (*)     1662.347 (^)     1721.707 (&)     1608.526 (%) 
Cl( 8, 8) in Cl( 8, 8) CPU =       26.089 ms (setup)        1.334 (*)     1745.524 (^)     1874.411 (&)     1742.132 (%) 
Fill: 1
Cl( 1, 0) in Cl( 1, 0) CPU =        0.001 ms (setup)        0.000 (*)        0.003 (^)        0.002 (&)        0.003 (%) 
Cl( 1, 1) in Cl( 1, 1) CPU =        0.001 ms (setup)        0.000 (*)        0.004 (^)        0.003 (&)        0.004 (%) 
Cl( 2, 1) in Cl( 2, 1) CPU =        0.002 ms (setup)        0.000 (*)        0.013 (^)        0.011 (&)        0.011 (%) 
Cl( 2, 2) in Cl( 2, 2) CPU =        0.003 ms (setup)        0.000 (*)        0.021 (^)        0.017 (&)        0.021 (%) 
Cl( 3, 2) in Cl( 3, 2) CPU =        0.007 ms (setup)        0.000 (*)        0.070 (^)        0.073 (&)        0.071 (%) 
Cl( 3, 3) in Cl( 3, 3) CPU =        0.015 ms (setup)        0.000 (*)        0.116 (^)        0.110 (&)        0.117 (%) 
Cl( 4, 3) in Cl( 4, 3) CPU =        0.038 ms (setup)        0.001 (*)        0.498 (^)        0.505 (&)        0.504 (%) 
Cl( 4, 4) in Cl( 4, 4) CPU =        0.074 ms (setup)        0.001 (*)        0.765 (^)        0.752 (&)        0.762 (%) 
Cl( 5, 4) in Cl( 5, 4) CPU =        0.188 ms (setup)        0.003 (*)        2.913 (^)        2.974 (&)        2.921 (%) 
Cl( 5, 5) in Cl( 5, 5) CPU =        0.379 ms (setup)        0.003 (*)        4.333 (^)        4.413 (&)        4.355 (%) 
Cl( 6, 5) in Cl( 6, 5) CPU =        0.908 ms (setup)        0.075 (*)       83.380 (^)       87.492 (&)       83.666 (%) 
Cl( 6, 6) in Cl( 6, 6) CPU =        9.143 ms (setup)        0.073 (*)      119.453 (^)      128.137 (&)      120.349 (%) 
Cl( 7, 6) in Cl( 7, 6) CPU =       22.417 ms (setup)        0.263 (*)      519.989 (^)      539.519 (&)      524.158 (%) 
Cl( 7, 7) in Cl( 7, 7) CPU =       54.207 ms (setup)        0.312 (*)      730.934 (^)      744.979 (&)      732.922 (%) 
Cl( 8, 7) in Cl( 8, 7) CPU =      134.110 ms (setup)        1.400 (*)     1640.191 (^)     1744.469 (&)     1628.970 (%) 
Cl( 8, 8) in Cl( 8, 8) CPU =       45.581 ms (setup)        1.430 (*)     1837.116 (^)     1955.806 (&)     1826.552 (%) 
Cl( 1, 0) in Cl( 8, 8) CPU =        0.009 ms (setup)        1.429 (*)       24.391 (^)       15.944 (&)       22.206 (%) 
Cl( 1, 1) in Cl( 8, 8) CPU =        0.100 ms (setup)        1.409 (*)       34.163 (^)       22.075 (&)       29.278 (%) 
Cl( 2, 1) in Cl( 8, 8) CPU =        0.218 ms (setup)        1.440 (*)       48.766 (^)       32.946 (&)       37.369 (%) 
Cl( 2, 2) in Cl( 8, 8) CPU =        2.512 ms (setup)        1.429 (*)       63.835 (^)       44.032 (&)       47.014 (%) 
Cl( 3, 2) in Cl( 8, 8) CPU =        2.639 ms (setup)        1.425 (*)       84.937 (^)       61.383 (&)       58.983 (%) 
Cl( 3, 3) in Cl( 8, 8) CPU =        2.807 ms (setup)        1.425 (*)      111.816 (^)       84.041 (&)       77.784 (%) 
Cl( 4, 3) in Cl( 8, 8) CPU =        3.329 ms (setup)        1.425 (*)      218.206 (^)      157.376 (&)      142.501 (%) 
Cl( 4, 4) in Cl( 8, 8) CPU =        4.059 ms (setup)        1.435 (*)      267.974 (^)      193.467 (&)      171.543 (%) 
Cl( 5, 4) in Cl( 8, 8) CPU =        6.366 ms (setup)        1.505 (*)      425.247 (^)      295.856 (&)      262.956 (%) 
Cl( 5, 5) in Cl( 8, 8) CPU =       10.043 ms (setup)        1.395 (*)      486.098 (^)      353.581 (&)      312.659 (%) 
Cl( 6, 5) in Cl( 8, 8) CPU =       21.288 ms (setup)        1.472 (*)      778.482 (^)      581.203 (&)      525.552 (%) 
Cl( 6, 6) in Cl( 8, 8) CPU =       38.968 ms (setup)        1.423 (*)      844.061 (^)      697.311 (&)      631.877 (%) 
Cl( 7, 6) in Cl( 8, 8) CPU =       91.587 ms (setup)        1.413 (*)     1406.349 (^)     1247.185 (&)     1167.193 (%) 
Cl( 7, 7) in Cl( 8, 8) CPU =      107.492 ms (setup)        1.480 (*)     1450.039 (^)     1479.001 (&)     1381.399 (%) 
Cl( 8, 7) in Cl( 8, 8) CPU =       71.674 ms (setup)        1.403 (*)     1685.380 (^)     1747.109 (&)     1631.840 (%) 
Cl( 8, 8) in Cl( 8, 8) CPU =       45.532 ms (setup)        1.426 (*)     1836.873 (^)     1955.792 (&)     1825.606 (%) 
