
framed_multi<double>
Clifford algebra squaring test:
Fill: 0.5
Cl( 1, 0) in Cl( 1, 0) CPU =        0.037 ms (setup)        0.006 (*) 
Cl( 1, 1) in Cl( 1, 1) CPU =        0.001 ms (setup)        0.001 (*) 
Cl( 2, 1) in Cl( 2, 1) CPU =        0.001 ms (setup)        0.003 (*) 
Cl( 2, 2) in Cl( 2, 2) CPU =        0.002 ms (setup)        0.004 (*) 
Cl( 3, 2) in Cl( 3, 2) CPU =        0.003 ms (setup)        0.010 (*) 
Cl( 3, 3) in Cl( 3, 3) CPU =        0.006 ms (setup)        0.027 (*) 
Cl( 4, 3) in Cl( 4, 3) CPU =        0.012 ms (setup)        0.070 (*) 
Cl( 4, 4) in Cl( 4, 4) CPU =        0.023 ms (setup)        1.086 (*) 
Cl( 5, 4) in Cl( 5, 4) CPU =        0.030 ms (setup)        0.660 (*) 
Cl( 5, 5) in Cl( 5, 5) CPU =        0.057 ms (setup)        0.847 (*) 
Cl( 6, 5) in Cl( 6, 5) CPU =        0.115 ms (setup)       11.412 (*) 
Cl( 6, 6) in Cl( 6, 6) CPU =        1.147 ms (setup)       20.831 (*) 
Cl( 7, 6) in Cl( 7, 6) CPU =        2.370 ms (setup)       83.674 (*) 
Cl( 7, 7) in Cl( 7, 7) CPU =        5.726 ms (setup)      121.759 (*) 
Cl( 8, 7) in Cl( 8, 7) CPU =       11.677 ms (setup)      439.169 (*) 
Cl( 8, 8) in Cl( 8, 8) CPU =       23.582 ms (setup)      609.070 (*) 
Cl( 9, 8) in Cl( 9, 8) CPU =       48.584 ms (setup)     2019.267 (*) 
Cl( 9, 9) in Cl( 9, 9) CPU =       16.644 ms (setup)     1537.914 (*) 
Cl(10, 9) in Cl(10, 9) CPU =       35.113 ms (setup)     3083.545 (*) 
Cl(10,10) in Cl(10,10) CPU =       73.068 ms (setup)     4054.399 (*) 
Cl(11,10) in Cl(11,10) CPU =      148.447 ms (setup)    13455.652 (*) 
Cl(11,11) in Cl(11,11) CPU =      291.394 ms (setup)    19851.090 (*) 
Fill: 1
Cl( 1, 0) in Cl( 1, 0) CPU =        0.002 ms (setup)        0.005 (*) 
Cl( 1, 1) in Cl( 1, 1) CPU =        0.001 ms (setup)        0.002 (*) 
Cl( 2, 1) in Cl( 2, 1) CPU =        0.001 ms (setup)        0.003 (*) 
Cl( 2, 2) in Cl( 2, 2) CPU =        0.002 ms (setup)        0.004 (*) 
Cl( 3, 2) in Cl( 3, 2) CPU =        0.003 ms (setup)        0.012 (*) 
Cl( 3, 3) in Cl( 3, 3) CPU =        0.005 ms (setup)        0.024 (*) 
Cl( 4, 3) in Cl( 4, 3) CPU =        0.012 ms (setup)        0.072 (*) 
Cl( 4, 4) in Cl( 4, 4) CPU =        0.023 ms (setup)        0.244 (*) 
Cl( 5, 4) in Cl( 5, 4) CPU =        0.049 ms (setup)        0.760 (*) 
Cl( 5, 5) in Cl( 5, 5) CPU =        0.093 ms (setup)        1.100 (*) 
Cl( 6, 5) in Cl( 6, 5) CPU =        0.187 ms (setup)       11.580 (*) 
Cl( 6, 6) in Cl( 6, 6) CPU =        1.807 ms (setup)       27.519 (*) 
Cl( 7, 6) in Cl( 7, 6) CPU =        3.771 ms (setup)       99.865 (*) 
Cl( 7, 7) in Cl( 7, 7) CPU =        9.095 ms (setup)      165.343 (*) 
Cl( 8, 7) in Cl( 8, 7) CPU =       18.659 ms (setup)      555.487 (*) 
Cl( 8, 8) in Cl( 8, 8) CPU =       37.436 ms (setup)      864.930 (*) 
Cl( 9, 8) in Cl( 9, 8) CPU =       79.793 ms (setup)     2174.057 (*) 
Cl( 9, 9) in Cl( 9, 9) CPU =       28.096 ms (setup)     1800.576 (*) 
Cl(10, 9) in Cl(10, 9) CPU =       60.308 ms (setup)     3854.604 (*) 
Cl(10,10) in Cl(10,10) CPU =      125.663 ms (setup)     5791.426 (*) 
Cl(11,10) in Cl(11,10) CPU =      255.567 ms (setup)    18877.680 (*) 
Cl(11,11) in Cl(11,11) CPU =      499.097 ms (setup)    32145.819 (*) 

matrix_multi<double>
Clifford algebra squaring test:
Fill: 0.5
Cl( 1, 0) in Cl( 1, 0) CPU =        0.003 ms (setup)        0.002 (*) 
Cl( 1, 1) in Cl( 1, 1) CPU =        0.016 ms (setup)        0.000 (*) 
Cl( 2, 1) in Cl( 2, 1) CPU =        0.011 ms (setup)        0.001 (*) 
Cl( 2, 2) in Cl( 2, 2) CPU =        0.007 ms (setup)        0.000 (*) 
Cl( 3, 2) in Cl( 3, 2) CPU =        0.024 ms (setup)        0.003 (*) 
Cl( 3, 3) in Cl( 3, 3) CPU =        0.019 ms (setup)        0.001 (*) 
Cl( 4, 3) in Cl( 4, 3) CPU =        0.029 ms (setup)        0.002 (*) 
Cl( 4, 4) in Cl( 4, 4) CPU =        0.058 ms (setup)        0.001 (*) 
Cl( 5, 4) in Cl( 5, 4) CPU =        0.133 ms (setup)        0.004 (*) 
Cl( 5, 5) in Cl( 5, 5) CPU =        0.248 ms (setup)        0.003 (*) 
Cl( 6, 5) in Cl( 6, 5) CPU =        0.600 ms (setup)        0.041 (*) 
Cl( 6, 6) in Cl( 6, 6) CPU =        5.987 ms (setup)        0.048 (*) 
Cl( 7, 6) in Cl( 7, 6) CPU =       13.927 ms (setup)        0.357 (*) 
Cl( 7, 7) in Cl( 7, 7) CPU =       33.192 ms (setup)        0.183 (*) 
Cl( 8, 7) in Cl( 8, 7) CPU =       77.980 ms (setup)        1.431 (*) 
Cl( 8, 8) in Cl( 8, 8) CPU =      157.447 ms (setup)        1.251 (*) 
Cl( 9, 8) in Cl( 9, 8) CPU =      387.059 ms (setup)        7.520 (*) 
Cl( 9, 9) in Cl( 9, 9) CPU =      773.403 ms (setup)        8.042 (*) 
Cl(10, 9) in Cl(10, 9) CPU =     1330.036 ms (setup)       50.277 (*) 
Cl(10,10) in Cl(10,10) CPU =     1675.838 ms (setup)       50.608 (*) 
Cl(11,10) in Cl(11,10) CPU =     2861.750 ms (setup)      384.961 (*) 
Cl(11,11) in Cl(11,11) CPU =     4853.371 ms (setup)      382.602 (*) 
Fill: 1
Cl( 1, 0) in Cl( 1, 0) CPU =        0.048 ms (setup)        0.007 (*) 
Cl( 1, 1) in Cl( 1, 1) CPU =        0.029 ms (setup)        0.001 (*) 
Cl( 2, 1) in Cl( 2, 1) CPU =        0.031 ms (setup)        0.001 (*) 
Cl( 2, 2) in Cl( 2, 2) CPU =        0.039 ms (setup)        0.002 (*) 
Cl( 3, 2) in Cl( 3, 2) CPU =        0.058 ms (setup)        0.011 (*) 
Cl( 3, 3) in Cl( 3, 3) CPU =        0.095 ms (setup)        0.004 (*) 
Cl( 4, 3) in Cl( 4, 3) CPU =        2.973 ms (setup)        0.014 (*) 
Cl( 4, 4) in Cl( 4, 4) CPU =        0.479 ms (setup)        0.009 (*) 
Cl( 5, 4) in Cl( 5, 4) CPU =        1.182 ms (setup)        0.023 (*) 
Cl( 5, 5) in Cl( 5, 5) CPU =        2.355 ms (setup)        0.024 (*) 
Cl( 6, 5) in Cl( 6, 5) CPU =        5.610 ms (setup)        0.073 (*) 
Cl( 6, 6) in Cl( 6, 6) CPU =       11.166 ms (setup)        0.078 (*) 
Cl( 7, 6) in Cl( 7, 6) CPU =       27.166 ms (setup)        0.273 (*) 
Cl( 7, 7) in Cl( 7, 7) CPU =       54.705 ms (setup)        0.259 (*) 
Cl( 8, 7) in Cl( 8, 7) CPU =      134.766 ms (setup)        1.267 (*) 
Cl( 8, 8) in Cl( 8, 8) CPU =      273.822 ms (setup)        1.249 (*) 
Cl( 9, 8) in Cl( 9, 8) CPU =      710.840 ms (setup)        7.474 (*) 
Cl( 9, 9) in Cl( 9, 9) CPU =     1240.468 ms (setup)        6.256 (*) 
Cl(10, 9) in Cl(10, 9) CPU =     1665.113 ms (setup)       50.318 (*) 
Cl(10,10) in Cl(10,10) CPU =     2389.094 ms (setup)       50.701 (*) 
Cl(11,10) in Cl(11,10) CPU =     5105.357 ms (setup)      387.119 (*) 
Cl(11,11) in Cl(11,11) CPU =     9619.804 ms (setup)      384.120 (*) 
