
framed_multi<float,-4,4>
Clifford algebra expressions test:
Fill: 0.5
Cl( 1, 0) in Cl( 1, 0) CPU =        0.003 ms (setup)        0.003 (comm)        0.009 (pade)        0.003 (series)        0.001 (mix)        0.007 (add) 
Cl( 1, 1) in Cl( 1, 1) CPU =        0.001 ms (setup)        0.001 (comm)        0.004 (pade)        0.001 (series)        0.001 (mix)        0.002 (add) 
Cl( 2, 1) in Cl( 2, 1) CPU =        0.002 ms (setup)        0.007 (comm)        0.009 (pade)        0.011 (series)        0.003 (mix)        0.003 (add) 
Cl( 2, 2) in Cl( 2, 2) CPU =        0.003 ms (setup)        0.009 (comm)        0.011 (pade)        0.009 (series)        0.003 (mix)        0.003 (add) 
Cl( 3, 2) in Cl( 3, 2) CPU =        0.005 ms (setup)        0.018 (comm)        0.049 (pade)        0.015 (series)        0.006 (mix)        0.005 (add) 
Cl( 3, 3) in Cl( 3, 3) CPU =        0.011 ms (setup)        0.042 (comm)        0.046 (pade)        0.036 (series)        0.007 (mix)        0.005 (add) 
Cl( 4, 3) in Cl( 4, 3) CPU =        0.012 ms (setup)        0.058 (comm)        0.129 (pade)        0.148 (series)        0.017 (mix)        0.011 (add) 
Cl( 4, 4) in Cl( 4, 4) CPU =        0.024 ms (setup)        0.414 (comm)        0.184 (pade)        0.670 (series)        0.052 (mix)        0.023 (add) 
Cl( 1, 0) in Cl( 4, 4) CPU =        0.001 ms (setup)        0.001 (comm)        0.003 (pade)        0.002 (series)        0.000 (mix)        0.001 (add) 
Cl( 1, 1) in Cl( 4, 4) CPU =        0.001 ms (setup)        0.002 (comm)        0.003 (pade)        0.001 (series)        0.001 (mix)        0.001 (add) 
Cl( 2, 1) in Cl( 4, 4) CPU =        0.001 ms (setup)        0.004 (comm)        0.006 (pade)        0.004 (series)        0.001 (mix)        0.002 (add) 
Cl( 2, 2) in Cl( 4, 4) CPU =        0.001 ms (setup)        0.005 (comm)        0.006 (pade)        0.006 (series)        0.002 (mix)        0.002 (add) 
Cl( 3, 2) in Cl( 4, 4) CPU =        0.003 ms (setup)        0.011 (comm)        0.028 (pade)        0.014 (series)        0.004 (mix)        0.004 (add) 
Cl( 3, 3) in Cl( 4, 4) CPU =        0.007 ms (setup)        0.024 (comm)        0.038 (pade)        0.035 (series)        0.007 (mix)        0.006 (add) 
Cl( 4, 3) in Cl( 4, 4) CPU =        0.012 ms (setup)        0.052 (comm)        0.132 (pade)        0.087 (series)        0.014 (mix)        0.009 (add) 
Cl( 4, 4) in Cl( 4, 4) CPU =        0.025 ms (setup)        0.393 (comm)        0.179 (pade)        0.675 (series)        0.051 (mix)        0.025 (add) 
Fill: 1
Cl( 1, 0) in Cl( 1, 0) CPU =        0.001 ms (setup)        0.003 (comm)        0.004 (pade)        0.003 (series)        0.001 (mix)        0.006 (add) 
Cl( 1, 1) in Cl( 1, 1) CPU =        0.001 ms (setup)        0.003 (comm)        0.003 (pade)        0.003 (series)        0.001 (mix)        0.001 (add) 
Cl( 2, 1) in Cl( 2, 1) CPU =        0.001 ms (setup)        0.004 (comm)        0.005 (pade)        0.004 (series)        0.002 (mix)        0.001 (add) 
Cl( 2, 2) in Cl( 2, 2) CPU =        0.002 ms (setup)        0.007 (comm)        0.008 (pade)        0.007 (series)        0.003 (mix)        0.002 (add) 
Cl( 3, 2) in Cl( 3, 2) CPU =        0.004 ms (setup)        0.015 (comm)        0.028 (pade)        0.021 (series)        0.005 (mix)        0.003 (add) 
Cl( 3, 3) in Cl( 3, 3) CPU =        0.007 ms (setup)        0.040 (comm)        0.038 (pade)        0.053 (series)        0.011 (mix)        0.005 (add) 
Cl( 4, 3) in Cl( 4, 3) CPU =        0.015 ms (setup)        0.119 (comm)        0.139 (pade)        0.172 (series)        0.029 (mix)        0.011 (add) 
Cl( 4, 4) in Cl( 4, 4) CPU =        0.034 ms (setup)        0.455 (comm)        0.200 (pade)        0.752 (series)        0.068 (mix)        0.028 (add) 
Cl( 1, 0) in Cl( 4, 4) CPU =        0.001 ms (setup)        0.002 (comm)        0.003 (pade)        0.002 (series)        0.001 (mix)        0.002 (add) 
Cl( 1, 1) in Cl( 4, 4) CPU =        0.001 ms (setup)        0.003 (comm)        0.002 (pade)        0.003 (series)        0.001 (mix)        0.001 (add) 
Cl( 2, 1) in Cl( 4, 4) CPU =        0.001 ms (setup)        0.004 (comm)        0.005 (pade)        0.004 (series)        0.001 (mix)        0.002 (add) 
Cl( 2, 2) in Cl( 4, 4) CPU =        0.002 ms (setup)        0.006 (comm)        0.008 (pade)        0.007 (series)        0.006 (mix)        0.002 (add) 
Cl( 3, 2) in Cl( 4, 4) CPU =        0.004 ms (setup)        0.015 (comm)        0.027 (pade)        0.018 (series)        0.005 (mix)        0.003 (add) 
Cl( 3, 3) in Cl( 4, 4) CPU =        0.007 ms (setup)        0.039 (comm)        0.038 (pade)        0.053 (series)        0.010 (mix)        0.005 (add) 
Cl( 4, 3) in Cl( 4, 4) CPU =        0.015 ms (setup)        0.128 (comm)        0.140 (pade)        0.185 (series)        0.026 (mix)        0.011 (add) 
Cl( 4, 4) in Cl( 4, 4) CPU =        0.034 ms (setup)        0.456 (comm)        0.197 (pade)        0.742 (series)        0.067 (mix)        0.028 (add) 

matrix_multi<float,-4,4>
Clifford algebra expressions test:
Fill: 0.5
Cl( 1, 0) in Cl( 1, 0) CPU =        0.005 ms (setup)        0.005 (comm)        0.003 (pade)        0.007 (series)        0.003 (mix)        0.001 (add) 
Cl( 1, 1) in Cl( 1, 1) CPU =        0.003 ms (setup)        0.006 (comm)        0.001 (pade)        0.001 (series)        0.005 (mix)        0.001 (add) 
Cl( 2, 1) in Cl( 2, 1) CPU =        0.002 ms (setup)        0.024 (comm)        0.001 (pade)        0.001 (series)        0.022 (mix)        0.001 (add) 
Cl( 2, 2) in Cl( 2, 2) CPU =        0.003 ms (setup)        0.032 (comm)        0.001 (pade)        0.001 (series)        0.031 (mix)        0.001 (add) 
Cl( 3, 2) in Cl( 3, 2) CPU =        0.014 ms (setup)        0.108 (comm)        0.003 (pade)        0.002 (series)        0.104 (mix)        0.001 (add) 
Cl( 3, 3) in Cl( 3, 3) CPU =        0.022 ms (setup)        0.191 (comm)        0.003 (pade)        0.003 (series)        0.176 (mix)        0.001 (add) 
Cl( 4, 3) in Cl( 4, 3) CPU =        0.051 ms (setup)        0.864 (comm)        0.006 (pade)        0.004 (series)        0.846 (mix)        0.001 (add) 
Cl( 4, 4) in Cl( 4, 4) CPU =        0.101 ms (setup)        1.331 (comm)        0.007 (pade)        0.003 (series)        1.330 (mix)        0.001 (add) 
Cl( 1, 0) in Cl( 4, 4) CPU =        0.003 ms (setup)        0.018 (comm)        0.006 (pade)        0.003 (series)        0.017 (mix)        0.001 (add) 
Cl( 1, 1) in Cl( 4, 4) CPU =        0.003 ms (setup)        0.024 (comm)        0.005 (pade)        0.003 (series)        0.022 (mix)        0.001 (add) 
Cl( 2, 1) in Cl( 4, 4) CPU =        0.007 ms (setup)        0.063 (comm)        0.005 (pade)        0.003 (series)        0.053 (mix)        0.001 (add) 
Cl( 2, 2) in Cl( 4, 4) CPU =        0.011 ms (setup)        0.069 (comm)        0.005 (pade)        0.003 (series)        0.066 (mix)        0.001 (add) 
Cl( 3, 2) in Cl( 4, 4) CPU =        0.047 ms (setup)        0.188 (comm)        0.005 (pade)        0.003 (series)        0.184 (mix)        0.001 (add) 
Cl( 3, 3) in Cl( 4, 4) CPU =        0.071 ms (setup)        0.287 (comm)        0.006 (pade)        0.004 (series)        0.283 (mix)        0.001 (add) 
Cl( 4, 3) in Cl( 4, 4) CPU =        0.182 ms (setup)        0.818 (comm)        0.006 (pade)        0.003 (series)        0.798 (mix)        0.001 (add) 
Cl( 4, 4) in Cl( 4, 4) CPU =        0.108 ms (setup)        1.373 (comm)        0.006 (pade)        0.004 (series)        1.373 (mix)        0.001 (add) 
Fill: 1
Cl( 1, 0) in Cl( 1, 0) CPU =        0.003 ms (setup)        0.009 (comm)        0.002 (pade)        0.004 (series)        0.005 (mix)        0.002 (add) 
Cl( 1, 1) in Cl( 1, 1) CPU =        0.002 ms (setup)        0.009 (comm)        0.001 (pade)        0.001 (series)        0.008 (mix)        0.001 (add) 
Cl( 2, 1) in Cl( 2, 1) CPU =        0.002 ms (setup)        0.028 (comm)        0.002 (pade)        0.002 (series)        0.026 (mix)        0.001 (add) 
Cl( 2, 2) in Cl( 2, 2) CPU =        0.005 ms (setup)        0.041 (comm)        0.001 (pade)        0.001 (series)        0.046 (mix)        0.001 (add) 
Cl( 3, 2) in Cl( 3, 2) CPU =        0.013 ms (setup)        0.141 (comm)        0.002 (pade)        0.002 (series)        0.136 (mix)        0.001 (add) 
Cl( 3, 3) in Cl( 3, 3) CPU =        0.030 ms (setup)        0.224 (comm)        0.002 (pade)        0.002 (series)        0.222 (mix)        0.001 (add) 
Cl( 4, 3) in Cl( 4, 3) CPU =        0.062 ms (setup)        1.002 (comm)        0.006 (pade)        0.004 (series)        0.979 (mix)        0.001 (add) 
Cl( 4, 4) in Cl( 4, 4) CPU =        0.132 ms (setup)        1.509 (comm)        0.006 (pade)        0.004 (series)        1.498 (mix)        0.001 (add) 
Cl( 1, 0) in Cl( 4, 4) CPU =        0.003 ms (setup)        0.036 (comm)        0.006 (pade)        0.003 (series)        0.035 (mix)        0.001 (add) 
Cl( 1, 1) in Cl( 4, 4) CPU =        0.004 ms (setup)        0.048 (comm)        0.005 (pade)        0.003 (series)        0.046 (mix)        0.001 (add) 
Cl( 2, 1) in Cl( 4, 4) CPU =        0.008 ms (setup)        0.075 (comm)        0.005 (pade)        0.003 (series)        0.066 (mix)        0.001 (add) 
Cl( 2, 2) in Cl( 4, 4) CPU =        0.021 ms (setup)        0.099 (comm)        0.005 (pade)        0.003 (series)        0.101 (mix)        0.001 (add) 
Cl( 3, 2) in Cl( 4, 4) CPU =        0.049 ms (setup)        0.210 (comm)        0.005 (pade)        0.004 (series)        0.199 (mix)        0.001 (add) 
Cl( 3, 3) in Cl( 4, 4) CPU =        0.079 ms (setup)        0.327 (comm)        0.005 (pade)        0.004 (series)        0.332 (mix)        0.001 (add) 
Cl( 4, 3) in Cl( 4, 4) CPU =        0.217 ms (setup)        1.050 (comm)        0.006 (pade)        0.004 (series)        1.030 (mix)        0.001 (add) 
Cl( 4, 4) in Cl( 4, 4) CPU =        0.129 ms (setup)        1.501 (comm)        0.006 (pade)        0.004 (series)        1.490 (mix)        0.001 (add) 

framed_multi<double>
Clifford algebra expressions test:
Fill: 0.5
Cl( 1, 0) in Cl( 1, 0) CPU =        0.001 ms (setup)        0.002 (comm)        0.007 (pade)        0.005 (series)        0.001 (mix)        0.001 (add) 
Cl( 1, 1) in Cl( 1, 1) CPU =        0.001 ms (setup)        0.001 (comm)        0.002 (pade)        0.001 (series)        0.001 (mix)        0.001 (add) 
Cl( 2, 1) in Cl( 2, 1) CPU =        0.001 ms (setup)        0.004 (comm)        0.005 (pade)        0.004 (series)        0.002 (mix)        0.001 (add) 
Cl( 2, 2) in Cl( 2, 2) CPU =        0.002 ms (setup)        0.005 (comm)        0.006 (pade)        0.007 (series)        0.002 (mix)        0.001 (add) 
Cl( 3, 2) in Cl( 3, 2) CPU =        0.003 ms (setup)        0.011 (comm)        0.027 (pade)        0.011 (series)        0.004 (mix)        0.002 (add) 
Cl( 3, 3) in Cl( 3, 3) CPU =        0.007 ms (setup)        0.031 (comm)        0.041 (pade)        0.048 (series)        0.009 (mix)        0.003 (add) 
Cl( 4, 3) in Cl( 4, 3) CPU =        0.013 ms (setup)        0.080 (comm)        0.120 (pade)        0.141 (series)        0.020 (mix)        0.004 (add) 
Cl( 4, 4) in Cl( 4, 4) CPU =        0.027 ms (setup)        0.391 (comm)        0.162 (pade)        0.645 (series)        0.069 (mix)        0.008 (add) 
Cl( 5, 4) in Cl( 5, 4) CPU =        0.056 ms (setup)        1.415 (comm)        0.592 (pade)        2.260 (series)        0.269 (mix)        0.013 (add) 
Cl( 5, 5) in Cl( 5, 5) CPU =        0.113 ms (setup)        2.355 (comm)        0.855 (pade)        3.242 (series)        0.774 (mix)        0.033 (add) 
Cl( 6, 5) in Cl( 6, 5) CPU =        0.239 ms (setup)       34.188 (comm)        2.956 (pade)       57.422 (series)        2.978 (mix)        0.057 (add) 
Cl( 6, 6) in Cl( 6, 6) CPU =        0.487 ms (setup)       44.710 (comm)        4.236 (pade)       77.429 (series)        6.208 (mix)        0.130 (add) 
Cl( 7, 6) in Cl( 7, 6) CPU =        0.988 ms (setup)      109.800 (comm)       14.732 (pade)      182.291 (series)       18.061 (mix)        0.231 (add) 
Cl( 7, 7) in Cl( 7, 7) CPU =        2.022 ms (setup)      159.531 (comm)       20.369 (pade)      204.016 (series)       55.858 (mix)        0.542 (add) 
Cl( 8, 7) in Cl( 8, 7) CPU =        4.091 ms (setup)      358.748 (comm)       74.392 (pade)      407.422 (series)      161.606 (mix)        1.188 (add) 
Cl( 8, 8) in Cl( 8, 8) CPU =        8.397 ms (setup)      733.791 (comm)      105.806 (pade)      522.862 (series)      493.285 (mix)        2.253 (add) 
Cl( 1, 0) in Cl( 8, 8) CPU =        0.002 ms (setup)        0.002 (comm)        0.004 (pade)        0.004 (series)        0.001 (mix)        0.002 (add) 
Cl( 1, 1) in Cl( 8, 8) CPU =        0.002 ms (setup)        0.001 (comm)        0.004 (pade)        0.001 (series)        0.001 (mix)        0.001 (add) 
Cl( 2, 1) in Cl( 8, 8) CPU =        0.001 ms (setup)        0.004 (comm)        0.007 (pade)        0.004 (series)        0.001 (mix)        0.001 (add) 
Cl( 2, 2) in Cl( 8, 8) CPU =        0.002 ms (setup)        0.006 (comm)        0.006 (pade)        0.006 (series)        0.002 (mix)        0.001 (add) 
Cl( 3, 2) in Cl( 8, 8) CPU =        0.003 ms (setup)        0.009 (comm)        0.019 (pade)        0.010 (series)        0.003 (mix)        0.002 (add) 
Cl( 3, 3) in Cl( 8, 8) CPU =        0.007 ms (setup)        0.031 (comm)        0.034 (pade)        0.048 (series)        0.009 (mix)        0.003 (add) 
Cl( 4, 3) in Cl( 8, 8) CPU =        0.013 ms (setup)        0.083 (comm)        0.122 (pade)        0.148 (series)        0.022 (mix)        0.005 (add) 
Cl( 4, 4) in Cl( 8, 8) CPU =        0.028 ms (setup)        0.398 (comm)        0.169 (pade)        0.623 (series)        0.067 (mix)        0.009 (add) 
Cl( 5, 4) in Cl( 8, 8) CPU =        0.056 ms (setup)        1.405 (comm)        0.588 (pade)        2.239 (series)        0.261 (mix)        0.015 (add) 
Cl( 5, 5) in Cl( 8, 8) CPU =        0.114 ms (setup)        2.277 (comm)        0.817 (pade)        3.155 (series)        0.739 (mix)        0.024 (add) 
Cl( 6, 5) in Cl( 8, 8) CPU =        0.238 ms (setup)       34.283 (comm)        2.923 (pade)       57.227 (series)        3.386 (mix)        0.059 (add) 
Cl( 6, 6) in Cl( 8, 8) CPU =        0.484 ms (setup)       44.588 (comm)        4.112 (pade)       77.409 (series)        6.141 (mix)        0.116 (add) 
Cl( 7, 6) in Cl( 8, 8) CPU =        0.991 ms (setup)      107.780 (comm)       14.327 (pade)      181.668 (series)       18.134 (mix)        0.230 (add) 
Cl( 7, 7) in Cl( 8, 8) CPU =        2.026 ms (setup)      153.444 (comm)       21.175 (pade)      202.616 (series)       54.986 (mix)        0.490 (add) 
Cl( 8, 7) in Cl( 8, 8) CPU =        4.115 ms (setup)      352.213 (comm)       75.120 (pade)      405.887 (series)      163.751 (mix)        1.061 (add) 
Cl( 8, 8) in Cl( 8, 8) CPU =        8.268 ms (setup)      731.901 (comm)      106.775 (pade)      525.094 (series)      491.894 (mix)        2.265 (add) 
Fill: 1
Cl( 1, 0) in Cl( 1, 0) CPU =        0.001 ms (setup)        0.003 (comm)        0.005 (pade)        0.006 (series)        0.001 (mix)        0.001 (add) 
Cl( 1, 1) in Cl( 1, 1) CPU =        0.001 ms (setup)        0.003 (comm)        0.003 (pade)        0.003 (series)        0.001 (mix)        0.002 (add) 
Cl( 2, 1) in Cl( 2, 1) CPU =        0.002 ms (setup)        0.004 (comm)        0.006 (pade)        0.004 (series)        0.001 (mix)        0.001 (add) 
Cl( 2, 2) in Cl( 2, 2) CPU =        0.002 ms (setup)        0.007 (comm)        0.009 (pade)        0.009 (series)        0.003 (mix)        0.001 (add) 
Cl( 3, 2) in Cl( 3, 2) CPU =        0.005 ms (setup)        0.019 (comm)        0.028 (pade)        0.025 (series)        0.005 (mix)        0.002 (add) 
Cl( 3, 3) in Cl( 3, 3) CPU =        0.009 ms (setup)        0.053 (comm)        0.036 (pade)        0.074 (series)        0.013 (mix)        0.003 (add) 
Cl( 4, 3) in Cl( 4, 3) CPU =        0.024 ms (setup)        0.164 (comm)        0.130 (pade)        0.254 (series)        0.034 (mix)        0.005 (add) 
Cl( 4, 4) in Cl( 4, 4) CPU =        0.041 ms (setup)        0.467 (comm)        0.185 (pade)        0.704 (series)        0.093 (mix)        0.009 (add) 
Cl( 5, 4) in Cl( 5, 4) CPU =        0.072 ms (setup)        1.528 (comm)        0.636 (pade)        2.453 (series)        0.261 (mix)        0.018 (add) 
Cl( 5, 5) in Cl( 5, 5) CPU =        0.153 ms (setup)        2.575 (comm)        0.924 (pade)        3.647 (series)        0.694 (mix)        0.033 (add) 
Cl( 6, 5) in Cl( 6, 5) CPU =        0.355 ms (setup)       37.855 (comm)        3.308 (pade)       62.805 (series)        4.497 (mix)        0.065 (add) 
Cl( 6, 6) in Cl( 6, 6) CPU =        0.729 ms (setup)       48.900 (comm)        4.806 (pade)       84.374 (series)        5.351 (mix)        0.137 (add) 
Cl( 7, 6) in Cl( 7, 6) CPU =        1.449 ms (setup)      110.067 (comm)       16.128 (pade)      191.941 (series)       15.393 (mix)        0.671 (add) 
Cl( 7, 7) in Cl( 7, 7) CPU =        2.924 ms (setup)      155.571 (comm)       24.614 (pade)      221.150 (series)       44.279 (mix)        1.359 (add) 
Cl( 8, 7) in Cl( 8, 7) CPU =        6.276 ms (setup)      350.416 (comm)       88.020 (pade)      440.969 (series)      128.805 (mix)        1.269 (add) 
Cl( 8, 8) in Cl( 8, 8) CPU =       12.472 ms (setup)      702.859 (comm)      132.489 (pade)      621.697 (series)      394.109 (mix)        3.876 (add) 
Cl( 1, 0) in Cl( 8, 8) CPU =        0.001 ms (setup)        0.004 (comm)        0.005 (pade)        0.005 (series)        0.002 (mix)        0.001 (add) 
Cl( 1, 1) in Cl( 8, 8) CPU =        0.001 ms (setup)        0.003 (comm)        0.002 (pade)        0.003 (series)        0.001 (mix)        0.001 (add) 
Cl( 2, 1) in Cl( 8, 8) CPU =        0.001 ms (setup)        0.007 (comm)        0.007 (pade)        0.005 (series)        0.002 (mix)        0.001 (add) 
Cl( 2, 2) in Cl( 8, 8) CPU =        0.003 ms (setup)        0.007 (comm)        0.009 (pade)        0.009 (series)        0.003 (mix)        0.001 (add) 
Cl( 3, 2) in Cl( 8, 8) CPU =        0.005 ms (setup)        0.018 (comm)        0.027 (pade)        0.025 (series)        0.005 (mix)        0.002 (add) 
Cl( 3, 3) in Cl( 8, 8) CPU =        0.009 ms (setup)        0.053 (comm)        0.036 (pade)        0.084 (series)        0.013 (mix)        0.003 (add) 
Cl( 4, 3) in Cl( 8, 8) CPU =        0.018 ms (setup)        0.169 (comm)        0.138 (pade)        0.252 (series)        0.034 (mix)        0.007 (add) 
Cl( 4, 4) in Cl( 8, 8) CPU =        0.034 ms (setup)        0.459 (comm)        0.186 (pade)        0.721 (series)        0.090 (mix)        0.009 (add) 
Cl( 5, 4) in Cl( 8, 8) CPU =        0.075 ms (setup)        1.542 (comm)        0.631 (pade)        2.470 (series)        0.254 (mix)        0.018 (add) 
Cl( 5, 5) in Cl( 8, 8) CPU =        0.163 ms (setup)        2.585 (comm)        0.950 (pade)        3.660 (series)        0.694 (mix)        0.033 (add) 
Cl( 6, 5) in Cl( 8, 8) CPU =        0.341 ms (setup)       36.161 (comm)        3.300 (pade)       64.760 (series)        4.739 (mix)        0.066 (add) 
Cl( 6, 6) in Cl( 8, 8) CPU =        0.725 ms (setup)       49.144 (comm)        4.776 (pade)       82.422 (series)        5.293 (mix)        0.146 (add) 
Cl( 7, 6) in Cl( 8, 8) CPU =        1.431 ms (setup)      109.209 (comm)       16.081 (pade)      191.489 (series)       15.305 (mix)        0.659 (add) 
Cl( 7, 7) in Cl( 8, 8) CPU =        2.926 ms (setup)      155.715 (comm)       24.593 (pade)      220.263 (series)       44.131 (mix)        1.391 (add) 
Cl( 8, 7) in Cl( 8, 8) CPU =        6.279 ms (setup)      352.936 (comm)       88.459 (pade)      457.031 (series)      129.873 (mix)        1.257 (add) 
Cl( 8, 8) in Cl( 8, 8) CPU =       12.489 ms (setup)      704.927 (comm)      133.721 (pade)      620.945 (series)      392.887 (mix)        3.977 (add) 

matrix_multi<double>
Clifford algebra expressions test:
Fill: 0.5
Cl( 1, 0) in Cl( 1, 0) CPU =        0.005 ms (setup)        0.007 (comm)        0.003 (pade)        0.002 (series)        0.003 (mix)        0.002 (add) 
Cl( 1, 1) in Cl( 1, 1) CPU =        0.007 ms (setup)        0.004 (comm)        0.001 (pade)        0.001 (series)        0.003 (mix)        0.001 (add) 
Cl( 2, 1) in Cl( 2, 1) CPU =        0.002 ms (setup)        0.022 (comm)        0.002 (pade)        0.001 (series)        0.021 (mix)        0.001 (add) 
Cl( 2, 2) in Cl( 2, 2) CPU =        0.003 ms (setup)        0.034 (comm)        0.001 (pade)        0.001 (series)        0.032 (mix)        0.001 (add) 
Cl( 3, 2) in Cl( 3, 2) CPU =        0.015 ms (setup)        0.089 (comm)        0.003 (pade)        0.002 (series)        0.087 (mix)        0.001 (add) 
Cl( 3, 3) in Cl( 3, 3) CPU =        0.022 ms (setup)        0.172 (comm)        0.002 (pade)        0.002 (series)        0.165 (mix)        0.001 (add) 
Cl( 4, 3) in Cl( 4, 3) CPU =        0.052 ms (setup)        0.837 (comm)        0.007 (pade)        0.004 (series)        0.822 (mix)        0.001 (add) 
Cl( 4, 4) in Cl( 4, 4) CPU =        0.111 ms (setup)        1.299 (comm)        0.007 (pade)        0.004 (series)        1.277 (mix)        0.001 (add) 
Cl( 5, 4) in Cl( 5, 4) CPU =        0.241 ms (setup)        5.335 (comm)        0.021 (pade)        0.014 (series)        5.240 (mix)        0.001 (add) 
Cl( 5, 5) in Cl( 5, 5) CPU =        0.482 ms (setup)        7.511 (comm)        0.021 (pade)        0.010 (series)        7.453 (mix)        0.001 (add) 
Cl( 6, 5) in Cl( 6, 5) CPU =        1.104 ms (setup)       81.795 (comm)        0.106 (pade)        0.064 (series)       68.202 (mix)        0.005 (add) 
Cl( 6, 6) in Cl( 6, 6) CPU =        2.232 ms (setup)      100.230 (comm)        0.114 (pade)        0.063 (series)       86.764 (mix)        0.007 (add) 
Cl( 7, 6) in Cl( 7, 6) CPU =        5.321 ms (setup)      318.929 (comm)        0.757 (pade)        0.239 (series)      283.206 (mix)        0.022 (add) 
Cl( 7, 7) in Cl( 7, 7) CPU =       11.277 ms (setup)      384.175 (comm)        0.754 (pade)        1.917 (series)      356.156 (mix)        0.026 (add) 
Cl( 8, 7) in Cl( 8, 7) CPU =       28.302 ms (setup)     1533.093 (comm)        5.713 (pade)        7.919 (series)     1457.019 (mix)        0.169 (add) 
Cl( 8, 8) in Cl( 8, 8) CPU =       52.552 ms (setup)     1662.129 (comm)        5.726 (pade)        7.931 (series)     1626.378 (mix)        0.098 (add) 
Cl( 1, 0) in Cl( 8, 8) CPU =        0.014 ms (setup)       53.088 (comm)        5.163 (pade)        7.935 (series)       19.893 (mix)        0.111 (add) 
Cl( 1, 1) in Cl( 8, 8) CPU =        0.025 ms (setup)       92.453 (comm)        5.345 (pade)        7.899 (series)       64.024 (mix)        0.096 (add) 
Cl( 2, 1) in Cl( 8, 8) CPU =        0.055 ms (setup)      140.484 (comm)        5.449 (pade)        7.913 (series)      122.724 (mix)        0.107 (add) 
Cl( 2, 2) in Cl( 8, 8) CPU =        0.110 ms (setup)      167.755 (comm)        5.458 (pade)        7.939 (series)      149.542 (mix)        0.096 (add) 
Cl( 3, 2) in Cl( 8, 8) CPU =        1.359 ms (setup)      197.098 (comm)        5.556 (pade)        4.397 (series)      174.518 (mix)        0.094 (add) 
Cl( 3, 3) in Cl( 8, 8) CPU =        0.767 ms (setup)      238.132 (comm)        5.503 (pade)        7.958 (series)      212.133 (mix)        0.093 (add) 
Cl( 4, 3) in Cl( 8, 8) CPU =        0.903 ms (setup)      257.514 (comm)        5.579 (pade)        7.924 (series)      213.618 (mix)        0.090 (add) 
Cl( 4, 4) in Cl( 8, 8) CPU =        1.069 ms (setup)      308.716 (comm)        5.530 (pade)        7.917 (series)      262.589 (mix)        0.093 (add) 
Cl( 5, 4) in Cl( 8, 8) CPU =        1.590 ms (setup)      364.114 (comm)        5.567 (pade)        7.941 (series)      327.185 (mix)        0.093 (add) 
Cl( 5, 5) in Cl( 8, 8) CPU =        2.416 ms (setup)      411.571 (comm)        5.559 (pade)        4.412 (series)      366.940 (mix)        0.091 (add) 
Cl( 6, 5) in Cl( 8, 8) CPU =        5.000 ms (setup)      490.145 (comm)        5.607 (pade)        4.402 (series)      468.556 (mix)        0.091 (add) 
Cl( 6, 6) in Cl( 8, 8) CPU =       10.575 ms (setup)      530.119 (comm)        5.591 (pade)        7.910 (series)      502.187 (mix)        0.093 (add) 
Cl( 7, 6) in Cl( 8, 8) CPU =       20.547 ms (setup)      697.022 (comm)        5.632 (pade)        7.899 (series)      646.721 (mix)        0.095 (add) 
Cl( 7, 7) in Cl( 8, 8) CPU =       38.575 ms (setup)      828.775 (comm)        5.577 (pade)        4.427 (series)      778.111 (mix)        0.100 (add) 
Cl( 8, 7) in Cl( 8, 8) CPU =       90.737 ms (setup)     1384.055 (comm)        5.790 (pade)        7.965 (series)     1345.439 (mix)        0.098 (add) 
Cl( 8, 8) in Cl( 8, 8) CPU =       53.556 ms (setup)     1632.528 (comm)        5.534 (pade)        4.425 (series)     1605.461 (mix)        0.102 (add) 
Fill: 1
Cl( 1, 0) in Cl( 1, 0) CPU =        0.002 ms (setup)        0.007 (comm)        0.002 (pade)        0.003 (series)        0.005 (mix)        0.001 (add) 
Cl( 1, 1) in Cl( 1, 1) CPU =        0.001 ms (setup)        0.009 (comm)        0.001 (pade)        0.001 (series)        0.007 (mix)        0.001 (add) 
Cl( 2, 1) in Cl( 2, 1) CPU =        0.002 ms (setup)        0.027 (comm)        0.002 (pade)        0.001 (series)        0.025 (mix)        0.001 (add) 
Cl( 2, 2) in Cl( 2, 2) CPU =        0.005 ms (setup)        0.039 (comm)        0.001 (pade)        0.001 (series)        0.037 (mix)        0.001 (add) 
Cl( 3, 2) in Cl( 3, 2) CPU =        0.013 ms (setup)        0.131 (comm)        0.003 (pade)        0.002 (series)        0.124 (mix)        0.001 (add) 
Cl( 3, 3) in Cl( 3, 3) CPU =        0.025 ms (setup)        0.213 (comm)        0.002 (pade)        0.002 (series)        0.209 (mix)        0.001 (add) 
Cl( 4, 3) in Cl( 4, 3) CPU =        0.064 ms (setup)        1.415 (comm)        0.060 (pade)        0.034 (series)        0.986 (mix)        0.001 (add) 
Cl( 4, 4) in Cl( 4, 4) CPU =        0.135 ms (setup)        1.480 (comm)        0.007 (pade)        0.004 (series)        1.468 (mix)        0.001 (add) 
Cl( 5, 4) in Cl( 5, 4) CPU =        0.323 ms (setup)        5.638 (comm)        0.021 (pade)        0.010 (series)        5.654 (mix)        0.002 (add) 
Cl( 5, 5) in Cl( 5, 5) CPU =        0.640 ms (setup)        8.150 (comm)        0.021 (pade)        0.011 (series)        8.055 (mix)        0.002 (add) 
Cl( 6, 5) in Cl( 6, 5) CPU =        1.649 ms (setup)       87.847 (comm)        0.108 (pade)        0.352 (series)       70.844 (mix)        0.005 (add) 
Cl( 6, 6) in Cl( 6, 6) CPU =        3.307 ms (setup)      102.210 (comm)        0.112 (pade)        0.065 (series)       89.398 (mix)        0.005 (add) 
Cl( 7, 6) in Cl( 7, 6) CPU =        7.915 ms (setup)      334.252 (comm)        0.760 (pade)        2.855 (series)      302.946 (mix)        0.023 (add) 
Cl( 7, 7) in Cl( 7, 7) CPU =       15.760 ms (setup)      410.267 (comm)        0.733 (pade)        0.258 (series)      372.130 (mix)        0.024 (add) 
Cl( 8, 7) in Cl( 8, 7) CPU =       46.147 ms (setup)     1576.563 (comm)        5.691 (pade)        4.425 (series)     1526.939 (mix)        0.176 (add) 
Cl( 8, 8) in Cl( 8, 8) CPU =       90.593 ms (setup)     1777.772 (comm)        5.584 (pade)        7.924 (series)     1741.067 (mix)        0.092 (add) 
Cl( 1, 0) in Cl( 8, 8) CPU =        0.021 ms (setup)      114.700 (comm)        5.352 (pade)        4.398 (series)       98.275 (mix)        0.093 (add) 
Cl( 1, 1) in Cl( 8, 8) CPU =        0.041 ms (setup)      134.175 (comm)        5.352 (pade)        7.877 (series)      114.041 (mix)        0.100 (add) 
Cl( 2, 1) in Cl( 8, 8) CPU =        0.087 ms (setup)      153.228 (comm)        5.473 (pade)        7.946 (series)      135.288 (mix)        0.096 (add) 
Cl( 2, 2) in Cl( 8, 8) CPU =        0.689 ms (setup)      175.604 (comm)        5.468 (pade)        4.441 (series)      158.391 (mix)        0.092 (add) 
Cl( 3, 2) in Cl( 8, 8) CPU =        0.736 ms (setup)      207.143 (comm)        5.514 (pade)        7.902 (series)      185.427 (mix)        0.091 (add) 
Cl( 3, 3) in Cl( 8, 8) CPU =        0.773 ms (setup)      257.349 (comm)        5.503 (pade)        4.418 (series)      216.661 (mix)        0.090 (add) 
Cl( 4, 3) in Cl( 8, 8) CPU =        0.960 ms (setup)      307.257 (comm)        5.585 (pade)        4.408 (series)      271.820 (mix)        0.097 (add) 
Cl( 4, 4) in Cl( 8, 8) CPU =        1.178 ms (setup)      352.033 (comm)        5.558 (pade)        7.894 (series)      317.756 (mix)        0.090 (add) 
Cl( 5, 4) in Cl( 8, 8) CPU =        1.873 ms (setup)      410.976 (comm)        5.612 (pade)        4.429 (series)      379.921 (mix)        0.104 (add) 
Cl( 5, 5) in Cl( 8, 8) CPU =        2.994 ms (setup)      453.798 (comm)        5.575 (pade)        7.903 (series)      430.688 (mix)        0.094 (add) 
Cl( 6, 5) in Cl( 8, 8) CPU =        6.534 ms (setup)      543.359 (comm)        5.533 (pade)        7.947 (series)      497.031 (mix)        0.095 (add) 
Cl( 6, 6) in Cl( 8, 8) CPU =       11.545 ms (setup)      595.154 (comm)        5.596 (pade)        7.892 (series)      557.590 (mix)        0.093 (add) 
Cl( 7, 6) in Cl( 8, 8) CPU =       27.305 ms (setup)      764.601 (comm)        5.554 (pade)        7.921 (series)      730.784 (mix)        0.097 (add) 
Cl( 7, 7) in Cl( 8, 8) CPU =       54.770 ms (setup)      874.993 (comm)        5.671 (pade)        4.409 (series)      839.556 (mix)        0.093 (add) 
Cl( 8, 7) in Cl( 8, 8) CPU =      128.611 ms (setup)     1463.068 (comm)        5.817 (pade)        7.964 (series)     1429.030 (mix)        0.104 (add) 
Cl( 8, 8) in Cl( 8, 8) CPU =       91.189 ms (setup)     1793.783 (comm)        5.585 (pade)        7.993 (series)     1742.540 (mix)        0.237 (add) 
