
framed_multi<float,-4,4>
Clifford algebra products test:
Fill: 0.5
Cl( 1, 0) in Cl( 1, 0) CPU =        0.002 ms (setup)        0.001 (*)        0.003 (^)        0.001 (&)        0.001 (%) 
Cl( 1, 1) in Cl( 1, 1) CPU =        0.001 ms (setup)        0.001 (*)        0.001 (^)        0.001 (&)        0.001 (%) 
Cl( 2, 1) in Cl( 2, 1) CPU =        0.001 ms (setup)        0.002 (*)        0.003 (^)        0.002 (&)        0.001 (%) 
Cl( 2, 2) in Cl( 2, 2) CPU =        0.002 ms (setup)        0.003 (*)        0.003 (^)        0.002 (&)        0.002 (%) 
Cl( 3, 2) in Cl( 3, 2) CPU =        0.003 ms (setup)        0.005 (*)        0.004 (^)        0.003 (&)        0.003 (%) 
Cl( 3, 3) in Cl( 3, 3) CPU =        0.004 ms (setup)        0.011 (*)        0.007 (^)        0.005 (&)        0.005 (%) 
Cl( 4, 3) in Cl( 4, 3) CPU =        0.008 ms (setup)        0.021 (*)        0.016 (^)        0.011 (&)        0.006 (%) 
Cl( 4, 4) in Cl( 4, 4) CPU =        0.013 ms (setup)        0.168 (*)        0.034 (^)        0.024 (&)        0.015 (%) 
Cl( 1, 0) in Cl( 4, 4) CPU =        0.001 ms (setup)        0.001 (*)        0.001 (^)        0.000 (&)        0.001 (%) 
Cl( 1, 1) in Cl( 4, 4) CPU =        0.001 ms (setup)        0.001 (*)        0.001 (^)        0.001 (&)        0.001 (%) 
Cl( 2, 1) in Cl( 4, 4) CPU =        0.001 ms (setup)        0.002 (*)        0.001 (^)        0.001 (&)        0.001 (%) 
Cl( 2, 2) in Cl( 4, 4) CPU =        0.001 ms (setup)        0.002 (*)        0.002 (^)        0.001 (&)        0.001 (%) 
Cl( 3, 2) in Cl( 4, 4) CPU =        0.003 ms (setup)        0.004 (*)        0.003 (^)        0.002 (&)        0.002 (%) 
Cl( 3, 3) in Cl( 4, 4) CPU =        0.004 ms (setup)        0.007 (*)        0.005 (^)        0.004 (&)        0.003 (%) 
Cl( 4, 3) in Cl( 4, 4) CPU =        0.007 ms (setup)        0.021 (*)        0.013 (^)        0.009 (&)        0.007 (%) 
Cl( 4, 4) in Cl( 4, 4) CPU =        0.013 ms (setup)        0.155 (*)        0.036 (^)        0.021 (&)        0.015 (%) 
Fill: 1
Cl( 1, 0) in Cl( 1, 0) CPU =        0.002 ms (setup)        0.001 (*)        0.002 (^)        0.001 (&)        0.001 (%) 
Cl( 1, 1) in Cl( 1, 1) CPU =        0.001 ms (setup)        0.001 (*)        0.001 (^)        0.001 (&)        0.001 (%) 
Cl( 2, 1) in Cl( 2, 1) CPU =        0.001 ms (setup)        0.002 (*)        0.001 (^)        0.001 (&)        0.001 (%) 
Cl( 2, 2) in Cl( 2, 2) CPU =        0.002 ms (setup)        0.003 (*)        0.002 (^)        0.002 (&)        0.002 (%) 
Cl( 3, 2) in Cl( 3, 2) CPU =        0.003 ms (setup)        0.005 (*)        0.003 (^)        0.003 (&)        0.002 (%) 
Cl( 3, 3) in Cl( 3, 3) CPU =        0.005 ms (setup)        0.015 (*)        0.005 (^)        0.006 (&)        0.005 (%) 
Cl( 4, 3) in Cl( 4, 3) CPU =        0.009 ms (setup)        0.048 (*)        0.011 (^)        0.015 (&)        0.011 (%) 
Cl( 4, 4) in Cl( 4, 4) CPU =        0.018 ms (setup)        0.192 (*)        0.029 (^)        0.043 (&)        0.026 (%) 
Cl( 1, 0) in Cl( 4, 4) CPU =        0.001 ms (setup)        0.002 (*)        0.001 (^)        0.001 (&)        0.001 (%) 
Cl( 1, 1) in Cl( 4, 4) CPU =        0.001 ms (setup)        0.002 (*)        0.001 (^)        0.001 (&)        0.001 (%) 
Cl( 2, 1) in Cl( 4, 4) CPU =        0.001 ms (setup)        0.002 (*)        0.001 (^)        0.001 (&)        0.001 (%) 
Cl( 2, 2) in Cl( 4, 4) CPU =        0.002 ms (setup)        0.002 (*)        0.002 (^)        0.001 (&)        0.001 (%) 
Cl( 3, 2) in Cl( 4, 4) CPU =        0.003 ms (setup)        0.005 (*)        0.003 (^)        0.003 (&)        0.002 (%) 
Cl( 3, 3) in Cl( 4, 4) CPU =        0.005 ms (setup)        0.014 (*)        0.005 (^)        0.005 (&)        0.005 (%) 
Cl( 4, 3) in Cl( 4, 4) CPU =        0.008 ms (setup)        0.044 (*)        0.011 (^)        0.014 (&)        0.010 (%) 
Cl( 4, 4) in Cl( 4, 4) CPU =        0.018 ms (setup)        0.186 (*)        0.026 (^)        0.040 (&)        0.026 (%) 

matrix_multi<float,-4,4>
Clifford algebra products test:
Fill: 0.5
Cl( 1, 0) in Cl( 1, 0) CPU =        0.018 ms (setup)        0.001 (*)        0.004 (^)        0.003 (&)        0.003 (%) 
Cl( 1, 1) in Cl( 1, 1) CPU =        0.003 ms (setup)        0.001 (*)        0.003 (^)        0.003 (&)        0.002 (%) 
Cl( 2, 1) in Cl( 2, 1) CPU =        0.001 ms (setup)        0.000 (*)        0.005 (^)        0.007 (&)        0.007 (%) 
Cl( 2, 2) in Cl( 2, 2) CPU =        0.004 ms (setup)        0.001 (*)        0.024 (^)        0.011 (&)        0.015 (%) 
Cl( 3, 2) in Cl( 3, 2) CPU =        0.007 ms (setup)        0.001 (*)        0.061 (^)        0.047 (&)        0.056 (%) 
Cl( 3, 3) in Cl( 3, 3) CPU =        0.012 ms (setup)        0.001 (*)        0.091 (^)        0.088 (&)        0.087 (%) 
Cl( 4, 3) in Cl( 4, 3) CPU =        0.028 ms (setup)        0.001 (*)        0.402 (^)        0.382 (&)        0.394 (%) 
Cl( 4, 4) in Cl( 4, 4) CPU =        0.054 ms (setup)        0.001 (*)        0.676 (^)        0.672 (&)        0.691 (%) 
Cl( 1, 0) in Cl( 4, 4) CPU =        0.001 ms (setup)        0.001 (*)        0.003 (^)        0.003 (&)        0.003 (%) 
Cl( 1, 1) in Cl( 4, 4) CPU =        0.004 ms (setup)        0.001 (*)        0.027 (^)        0.018 (&)        0.022 (%) 
Cl( 2, 1) in Cl( 4, 4) CPU =        0.005 ms (setup)        0.001 (*)        0.030 (^)        0.019 (&)        0.025 (%) 
Cl( 2, 2) in Cl( 4, 4) CPU =        0.011 ms (setup)        0.001 (*)        0.052 (^)        0.034 (&)        0.041 (%) 
Cl( 3, 2) in Cl( 4, 4) CPU =        0.026 ms (setup)        0.001 (*)        0.074 (^)        0.063 (&)        0.063 (%) 
Cl( 3, 3) in Cl( 4, 4) CPU =        0.037 ms (setup)        0.001 (*)        0.146 (^)        0.115 (&)        0.116 (%) 
Cl( 4, 3) in Cl( 4, 4) CPU =        0.101 ms (setup)        0.001 (*)        0.422 (^)        0.416 (&)        0.403 (%) 
Cl( 4, 4) in Cl( 4, 4) CPU =        0.053 ms (setup)        0.001 (*)        0.651 (^)        0.690 (&)        0.686 (%) 
Fill: 1
Cl( 1, 0) in Cl( 1, 0) CPU =        0.004 ms (setup)        0.002 (*)        0.005 (^)        0.003 (&)        0.004 (%) 
Cl( 1, 1) in Cl( 1, 1) CPU =        0.001 ms (setup)        0.001 (*)        0.005 (^)        0.004 (&)        0.004 (%) 
Cl( 2, 1) in Cl( 2, 1) CPU =        0.002 ms (setup)        0.001 (*)        0.014 (^)        0.013 (&)        0.013 (%) 
Cl( 2, 2) in Cl( 2, 2) CPU =        0.004 ms (setup)        0.001 (*)        0.021 (^)        0.018 (&)        0.021 (%) 
Cl( 3, 2) in Cl( 3, 2) CPU =        0.009 ms (setup)        0.001 (*)        0.070 (^)        0.062 (&)        0.066 (%) 
Cl( 3, 3) in Cl( 3, 3) CPU =        0.015 ms (setup)        0.001 (*)        0.112 (^)        0.106 (&)        0.113 (%) 
Cl( 4, 3) in Cl( 4, 3) CPU =        0.035 ms (setup)        0.001 (*)        0.499 (^)        0.499 (&)        0.499 (%) 
Cl( 4, 4) in Cl( 4, 4) CPU =        0.067 ms (setup)        0.001 (*)        0.768 (^)        0.753 (&)        0.769 (%) 
Cl( 1, 0) in Cl( 4, 4) CPU =        0.004 ms (setup)        0.001 (*)        0.022 (^)        0.014 (&)        0.018 (%) 
Cl( 1, 1) in Cl( 4, 4) CPU =        0.004 ms (setup)        0.001 (*)        0.026 (^)        0.016 (&)        0.022 (%) 
Cl( 2, 1) in Cl( 4, 4) CPU =        0.007 ms (setup)        0.001 (*)        0.040 (^)        0.030 (&)        0.030 (%) 
Cl( 2, 2) in Cl( 4, 4) CPU =        0.013 ms (setup)        0.001 (*)        0.056 (^)        0.036 (&)        0.043 (%) 
Cl( 3, 2) in Cl( 4, 4) CPU =        0.026 ms (setup)        0.001 (*)        0.116 (^)        0.081 (&)        0.082 (%) 
Cl( 3, 3) in Cl( 4, 4) CPU =        0.044 ms (setup)        0.001 (*)        0.184 (^)        0.146 (&)        0.158 (%) 
Cl( 4, 3) in Cl( 4, 4) CPU =        0.115 ms (setup)        0.001 (*)        0.538 (^)        0.493 (&)        0.489 (%) 
Cl( 4, 4) in Cl( 4, 4) CPU =        0.068 ms (setup)        0.001 (*)        0.765 (^)        0.759 (&)        0.780 (%) 

framed_multi<double>
Clifford algebra products test:
Fill: 0.5
Cl( 1, 0) in Cl( 1, 0) CPU =        0.002 ms (setup)        0.001 (*)        0.001 (^)        0.001 (&)        0.002 (%) 
Cl( 1, 1) in Cl( 1, 1) CPU =        0.001 ms (setup)        0.001 (*)        0.001 (^)        0.001 (&)        0.001 (%) 
Cl( 2, 1) in Cl( 2, 1) CPU =        0.001 ms (setup)        0.002 (*)        0.002 (^)        0.001 (&)        0.002 (%) 
Cl( 2, 2) in Cl( 2, 2) CPU =        0.002 ms (setup)        0.003 (*)        0.001 (^)        0.001 (&)        0.002 (%) 
Cl( 3, 2) in Cl( 3, 2) CPU =        0.002 ms (setup)        0.005 (*)        0.002 (^)        0.003 (&)        0.003 (%) 
Cl( 3, 3) in Cl( 3, 3) CPU =        0.004 ms (setup)        0.009 (*)        0.005 (^)        0.005 (&)        0.007 (%) 
Cl( 4, 3) in Cl( 4, 3) CPU =        0.007 ms (setup)        0.028 (*)        0.010 (^)        0.013 (&)        0.017 (%) 
Cl( 4, 4) in Cl( 4, 4) CPU =        0.013 ms (setup)        0.155 (*)        0.026 (^)        0.030 (&)        0.030 (%) 
Cl( 5, 4) in Cl( 5, 4) CPU =        0.030 ms (setup)        0.558 (*)        0.109 (^)        0.098 (&)        0.091 (%) 
Cl( 5, 5) in Cl( 5, 5) CPU =        0.054 ms (setup)        0.752 (*)        0.432 (^)        0.303 (&)        0.226 (%) 
Cl( 6, 5) in Cl( 6, 5) CPU =        0.115 ms (setup)       14.947 (*)        4.444 (^)        0.925 (&)        0.647 (%) 
Cl( 6, 6) in Cl( 6, 6) CPU =        0.228 ms (setup)       19.857 (*)        3.580 (^)        2.675 (&)        1.685 (%) 
Cl( 7, 6) in Cl( 7, 6) CPU =        0.485 ms (setup)       45.838 (*)       10.482 (^)        8.396 (&)        5.046 (%) 
Cl( 7, 7) in Cl( 7, 7) CPU =        0.978 ms (setup)       51.218 (*)       30.959 (^)       24.232 (&)       13.750 (%) 
Cl( 8, 7) in Cl( 8, 7) CPU =        1.907 ms (setup)       99.052 (*)       91.871 (^)       73.466 (&)       39.764 (%) 
Cl( 8, 8) in Cl( 8, 8) CPU =        4.024 ms (setup)      124.335 (*)      275.815 (^)      217.298 (&)      116.073 (%) 
Cl( 1, 0) in Cl( 8, 8) CPU =        0.002 ms (setup)        0.001 (*)        0.001 (^)        0.000 (&)        0.001 (%) 
Cl( 1, 1) in Cl( 8, 8) CPU =        0.001 ms (setup)        0.001 (*)        0.001 (^)        0.001 (&)        0.001 (%) 
Cl( 2, 1) in Cl( 8, 8) CPU =        0.002 ms (setup)        0.001 (*)        0.001 (^)        0.001 (&)        0.001 (%) 
Cl( 2, 2) in Cl( 8, 8) CPU =        0.001 ms (setup)        0.003 (*)        0.001 (^)        0.001 (&)        0.004 (%) 
Cl( 3, 2) in Cl( 8, 8) CPU =        0.003 ms (setup)        0.005 (*)        0.002 (^)        0.002 (&)        0.003 (%) 
Cl( 3, 3) in Cl( 8, 8) CPU =        0.004 ms (setup)        0.009 (*)        0.005 (^)        0.005 (&)        0.005 (%) 
Cl( 4, 3) in Cl( 8, 8) CPU =        0.008 ms (setup)        0.024 (*)        0.009 (^)        0.009 (&)        0.013 (%) 
Cl( 4, 4) in Cl( 8, 8) CPU =        0.015 ms (setup)        0.149 (*)        0.026 (^)        0.036 (&)        0.032 (%) 
Cl( 5, 4) in Cl( 8, 8) CPU =        0.027 ms (setup)        0.537 (*)        0.104 (^)        0.105 (&)        0.088 (%) 
Cl( 5, 5) in Cl( 8, 8) CPU =        0.057 ms (setup)        0.751 (*)        0.415 (^)        0.320 (&)        0.218 (%) 
Cl( 6, 5) in Cl( 8, 8) CPU =        0.109 ms (setup)       12.678 (*)        3.653 (^)        0.913 (&)        0.613 (%) 
Cl( 6, 6) in Cl( 8, 8) CPU =        0.223 ms (setup)       17.672 (*)        3.506 (^)        2.613 (&)        1.635 (%) 
Cl( 7, 6) in Cl( 8, 8) CPU =        0.461 ms (setup)       44.816 (*)       10.338 (^)        9.091 (&)        4.759 (%) 
Cl( 7, 7) in Cl( 8, 8) CPU =        0.948 ms (setup)       49.685 (*)       30.607 (^)       23.700 (&)       13.585 (%) 
Cl( 8, 7) in Cl( 8, 8) CPU =        1.883 ms (setup)       96.384 (*)       92.531 (^)       71.233 (&)       40.273 (%) 
Cl( 8, 8) in Cl( 8, 8) CPU =        4.018 ms (setup)      123.038 (*)      274.793 (^)      217.526 (&)      117.850 (%) 
Fill: 1
Cl( 1, 0) in Cl( 1, 0) CPU =        0.002 ms (setup)        0.002 (*)        0.001 (^)        0.001 (&)        0.006 (%) 
Cl( 1, 1) in Cl( 1, 1) CPU =        0.001 ms (setup)        0.002 (*)        0.001 (^)        0.001 (&)        0.001 (%) 
Cl( 2, 1) in Cl( 2, 1) CPU =        0.002 ms (setup)        0.002 (*)        0.001 (^)        0.001 (&)        0.001 (%) 
Cl( 2, 2) in Cl( 2, 2) CPU =        0.002 ms (setup)        0.004 (*)        0.002 (^)        0.002 (&)        0.002 (%) 
Cl( 3, 2) in Cl( 3, 2) CPU =        0.004 ms (setup)        0.007 (*)        0.003 (^)        0.003 (&)        0.004 (%) 
Cl( 3, 3) in Cl( 3, 3) CPU =        0.007 ms (setup)        0.021 (*)        0.006 (^)        0.007 (&)        0.007 (%) 
Cl( 4, 3) in Cl( 4, 3) CPU =        0.012 ms (setup)        0.072 (*)        0.014 (^)        0.018 (&)        0.018 (%) 
Cl( 4, 4) in Cl( 4, 4) CPU =        0.022 ms (setup)        0.178 (*)        0.036 (^)        0.050 (&)        0.043 (%) 
Cl( 5, 4) in Cl( 5, 4) CPU =        0.038 ms (setup)        0.621 (*)        0.089 (^)        0.149 (&)        0.107 (%) 
Cl( 5, 5) in Cl( 5, 5) CPU =        0.083 ms (setup)        0.910 (*)        0.258 (^)        0.405 (&)        0.275 (%) 
Cl( 6, 5) in Cl( 6, 5) CPU =        0.166 ms (setup)       15.162 (*)        2.711 (^)        1.175 (&)        0.743 (%) 
Cl( 6, 6) in Cl( 6, 6) CPU =        0.336 ms (setup)       21.306 (*)        3.490 (^)        3.433 (&)        2.011 (%) 
Cl( 7, 6) in Cl( 7, 6) CPU =        0.693 ms (setup)       46.325 (*)        5.412 (^)        9.872 (&)        5.591 (%) 
Cl( 7, 7) in Cl( 7, 7) CPU =        1.359 ms (setup)       55.154 (*)       15.172 (^)       29.155 (&)       15.782 (%) 
Cl( 8, 7) in Cl( 8, 7) CPU =        2.972 ms (setup)      112.603 (*)       44.392 (^)       85.872 (&)       45.833 (%) 
Cl( 8, 8) in Cl( 8, 8) CPU =        6.064 ms (setup)      161.832 (*)      128.680 (^)      262.537 (&)      136.252 (%) 
Cl( 1, 0) in Cl( 8, 8) CPU =        0.001 ms (setup)        0.001 (*)        0.001 (^)        0.001 (&)        0.001 (%) 
Cl( 1, 1) in Cl( 8, 8) CPU =        0.001 ms (setup)        0.001 (*)        0.001 (^)        0.001 (&)        0.001 (%) 
Cl( 2, 1) in Cl( 8, 8) CPU =        0.002 ms (setup)        0.002 (*)        0.001 (^)        0.001 (&)        0.001 (%) 
Cl( 2, 2) in Cl( 8, 8) CPU =        0.002 ms (setup)        0.003 (*)        0.002 (^)        0.002 (&)        0.002 (%) 
Cl( 3, 2) in Cl( 8, 8) CPU =        0.004 ms (setup)        0.007 (*)        0.003 (^)        0.004 (&)        0.004 (%) 
Cl( 3, 3) in Cl( 8, 8) CPU =        0.007 ms (setup)        0.023 (*)        0.006 (^)        0.008 (&)        0.007 (%) 
Cl( 4, 3) in Cl( 8, 8) CPU =        0.012 ms (setup)        0.066 (*)        0.014 (^)        0.019 (&)        0.018 (%) 
Cl( 4, 4) in Cl( 8, 8) CPU =        0.020 ms (setup)        0.178 (*)        0.035 (^)        0.051 (&)        0.044 (%) 
Cl( 5, 4) in Cl( 8, 8) CPU =        0.040 ms (setup)        0.619 (*)        0.095 (^)        0.138 (&)        0.108 (%) 
Cl( 5, 5) in Cl( 8, 8) CPU =        0.082 ms (setup)        0.922 (*)        0.256 (^)        0.392 (&)        0.270 (%) 
Cl( 6, 5) in Cl( 8, 8) CPU =        0.164 ms (setup)       17.130 (*)        4.712 (^)        1.177 (&)        0.746 (%) 
Cl( 6, 6) in Cl( 8, 8) CPU =        0.329 ms (setup)       22.643 (*)        3.550 (^)        3.417 (&)        1.990 (%) 
Cl( 7, 6) in Cl( 8, 8) CPU =        0.683 ms (setup)       48.151 (*)        5.470 (^)        9.996 (&)        5.647 (%) 
Cl( 7, 7) in Cl( 8, 8) CPU =        1.395 ms (setup)       54.732 (*)       15.049 (^)       28.706 (&)       15.764 (%) 
Cl( 8, 7) in Cl( 8, 8) CPU =        2.954 ms (setup)      113.746 (*)       43.434 (^)       85.861 (&)       45.849 (%) 
Cl( 8, 8) in Cl( 8, 8) CPU =        6.009 ms (setup)      158.483 (*)      127.334 (^)      261.836 (&)      137.279 (%) 

matrix_multi<double>
Clifford algebra products test:
Fill: 0.5
Cl( 1, 0) in Cl( 1, 0) CPU =        0.007 ms (setup)        0.001 (*)        0.004 (^)        0.003 (&)        0.003 (%) 
Cl( 1, 1) in Cl( 1, 1) CPU =        0.005 ms (setup)        0.001 (*)        0.002 (^)        0.002 (&)        0.003 (%) 
Cl( 2, 1) in Cl( 2, 1) CPU =        0.004 ms (setup)        0.001 (*)        0.013 (^)        0.009 (&)        0.011 (%) 
Cl( 2, 2) in Cl( 2, 2) CPU =        0.005 ms (setup)        0.001 (*)        0.009 (^)        0.012 (&)        0.015 (%) 
Cl( 3, 2) in Cl( 3, 2) CPU =        0.017 ms (setup)        0.001 (*)        0.044 (^)        0.046 (&)        0.054 (%) 
Cl( 3, 3) in Cl( 3, 3) CPU =        0.013 ms (setup)        0.001 (*)        0.072 (^)        0.082 (&)        0.080 (%) 
Cl( 4, 3) in Cl( 4, 3) CPU =        0.028 ms (setup)        0.001 (*)        0.379 (^)        0.411 (&)        0.417 (%) 
Cl( 4, 4) in Cl( 4, 4) CPU =        0.052 ms (setup)        0.001 (*)        0.605 (^)        0.607 (&)        0.627 (%) 
Cl( 5, 4) in Cl( 5, 4) CPU =        0.122 ms (setup)        0.002 (*)        2.339 (^)        2.565 (&)        2.528 (%) 
Cl( 5, 5) in Cl( 5, 5) CPU =        0.231 ms (setup)        0.003 (*)        3.659 (^)        3.698 (&)        3.719 (%) 
Cl( 6, 5) in Cl( 6, 5) CPU =        0.554 ms (setup)        0.107 (*)       32.593 (^)       34.740 (&)       33.489 (%) 
Cl( 6, 6) in Cl( 6, 6) CPU =        1.089 ms (setup)        0.013 (*)       39.812 (^)       40.542 (&)       39.892 (%) 
Cl( 7, 6) in Cl( 7, 6) CPU =        2.607 ms (setup)        0.052 (*)      135.292 (^)      154.845 (&)      135.308 (%) 
Cl( 7, 7) in Cl( 7, 7) CPU =        5.040 ms (setup)        0.047 (*)      157.910 (^)      190.294 (&)      161.165 (%) 
Cl( 8, 7) in Cl( 8, 7) CPU =       13.718 ms (setup)        1.639 (*)      607.359 (^)      702.418 (&)      585.269 (%) 
Cl( 8, 8) in Cl( 8, 8) CPU =       25.982 ms (setup)        1.866 (*)      765.981 (^)      870.470 (&)      745.712 (%) 
Cl( 1, 0) in Cl( 8, 8) CPU =        0.019 ms (setup)        0.255 (*)       35.806 (^)       34.675 (&)       38.530 (%) 
Cl( 1, 1) in Cl( 8, 8) CPU =        0.031 ms (setup)        2.185 (*)       42.934 (^)       38.387 (&)       45.976 (%) 
Cl( 2, 1) in Cl( 8, 8) CPU =        0.034 ms (setup)        0.215 (*)       51.941 (^)       45.904 (&)       62.136 (%) 
Cl( 2, 2) in Cl( 8, 8) CPU =        0.086 ms (setup)        0.240 (*)       68.555 (^)       53.105 (&)       60.157 (%) 
Cl( 3, 2) in Cl( 8, 8) CPU =        0.326 ms (setup)        1.466 (*)       75.844 (^)       62.825 (&)       68.732 (%) 
Cl( 3, 3) in Cl( 8, 8) CPU =        0.408 ms (setup)        0.188 (*)       98.796 (^)       82.032 (&)       80.304 (%) 
Cl( 4, 3) in Cl( 8, 8) CPU =        0.619 ms (setup)        1.531 (*)      118.296 (^)      119.377 (&)       93.311 (%) 
Cl( 4, 4) in Cl( 8, 8) CPU =        0.596 ms (setup)        0.198 (*)      141.358 (^)      117.850 (&)      107.263 (%) 
Cl( 5, 4) in Cl( 8, 8) CPU =        1.009 ms (setup)        0.267 (*)      173.781 (^)      148.476 (&)      123.544 (%) 
Cl( 5, 5) in Cl( 8, 8) CPU =        1.379 ms (setup)        0.193 (*)      215.666 (^)      190.767 (&)      160.885 (%) 
Cl( 6, 5) in Cl( 8, 8) CPU =        2.720 ms (setup)        0.181 (*)      233.141 (^)      202.855 (&)      167.661 (%) 
Cl( 6, 6) in Cl( 8, 8) CPU =        5.221 ms (setup)        1.492 (*)      269.973 (^)      269.000 (&)      203.924 (%) 
Cl( 7, 6) in Cl( 8, 8) CPU =       10.396 ms (setup)        0.256 (*)      312.709 (^)      355.885 (&)      251.480 (%) 
Cl( 7, 7) in Cl( 8, 8) CPU =       19.729 ms (setup)        0.182 (*)      383.379 (^)      419.401 (&)      319.642 (%) 
Cl( 8, 7) in Cl( 8, 8) CPU =       46.505 ms (setup)        0.785 (*)      612.351 (^)      671.252 (&)      552.360 (%) 
Cl( 8, 8) in Cl( 8, 8) CPU =       25.415 ms (setup)        0.183 (*)      714.192 (^)      878.168 (&)      718.166 (%) 
Fill: 1
Cl( 1, 0) in Cl( 1, 0) CPU =        0.003 ms (setup)        0.001 (*)        0.004 (^)        0.003 (&)        0.003 (%) 
Cl( 1, 1) in Cl( 1, 1) CPU =        0.001 ms (setup)        0.001 (*)        0.007 (^)        0.003 (&)        0.004 (%) 
Cl( 2, 1) in Cl( 2, 1) CPU =        0.002 ms (setup)        0.000 (*)        0.015 (^)        0.012 (&)        0.014 (%) 
Cl( 2, 2) in Cl( 2, 2) CPU =        0.004 ms (setup)        0.001 (*)        0.021 (^)        0.017 (&)        0.020 (%) 
Cl( 3, 2) in Cl( 3, 2) CPU =        0.007 ms (setup)        0.001 (*)        0.062 (^)        0.064 (&)        0.062 (%) 
Cl( 3, 3) in Cl( 3, 3) CPU =        0.013 ms (setup)        0.001 (*)        0.107 (^)        0.100 (&)        0.108 (%) 
Cl( 4, 3) in Cl( 4, 3) CPU =        0.035 ms (setup)        0.001 (*)        0.465 (^)        0.475 (&)        0.484 (%) 
Cl( 4, 4) in Cl( 4, 4) CPU =        0.067 ms (setup)        0.001 (*)        0.719 (^)        0.725 (&)        0.731 (%) 
Cl( 5, 4) in Cl( 5, 4) CPU =        0.164 ms (setup)        0.002 (*)        2.751 (^)        2.812 (&)        2.775 (%) 
Cl( 5, 5) in Cl( 5, 5) CPU =        0.328 ms (setup)        0.003 (*)        4.064 (^)        4.079 (&)        4.050 (%) 
Cl( 6, 5) in Cl( 6, 5) CPU =        0.803 ms (setup)        0.089 (*)       35.182 (^)       36.678 (&)       34.803 (%) 
Cl( 6, 6) in Cl( 6, 6) CPU =        1.600 ms (setup)        0.013 (*)       41.168 (^)       44.072 (&)       41.687 (%) 
Cl( 7, 6) in Cl( 7, 6) CPU =        4.011 ms (setup)        0.045 (*)      141.137 (^)      159.331 (&)      139.162 (%) 
Cl( 7, 7) in Cl( 7, 7) CPU =        7.848 ms (setup)        0.231 (*)      178.949 (^)      195.844 (&)      171.683 (%) 
Cl( 8, 7) in Cl( 8, 7) CPU =       21.913 ms (setup)        0.201 (*)      626.192 (^)      722.030 (&)      610.090 (%) 
Cl( 8, 8) in Cl( 8, 8) CPU =       43.311 ms (setup)        1.681 (*)      807.808 (^)      914.370 (&)      780.663 (%) 
Cl( 1, 0) in Cl( 8, 8) CPU =        0.020 ms (setup)        0.259 (*)       45.730 (^)       36.507 (&)       48.555 (%) 
Cl( 1, 1) in Cl( 8, 8) CPU =        0.028 ms (setup)        1.929 (*)       55.510 (^)       46.102 (&)       53.807 (%) 
Cl( 2, 1) in Cl( 8, 8) CPU =        0.053 ms (setup)        1.820 (*)       63.653 (^)       54.273 (&)       62.579 (%) 
Cl( 2, 2) in Cl( 8, 8) CPU =        0.494 ms (setup)        0.238 (*)       77.856 (^)       63.646 (&)       65.446 (%) 
Cl( 3, 2) in Cl( 8, 8) CPU =        0.419 ms (setup)        0.181 (*)       92.454 (^)       75.246 (&)       78.365 (%) 
Cl( 3, 3) in Cl( 8, 8) CPU =        0.437 ms (setup)        1.292 (*)      118.463 (^)       96.672 (&)       92.132 (%) 
Cl( 4, 3) in Cl( 8, 8) CPU =        0.513 ms (setup)        0.192 (*)      141.625 (^)      117.213 (&)      110.412 (%) 
Cl( 4, 4) in Cl( 8, 8) CPU =        0.625 ms (setup)        1.640 (*)      165.769 (^)      138.444 (&)      118.115 (%) 
Cl( 5, 4) in Cl( 8, 8) CPU =        0.983 ms (setup)        0.190 (*)      194.238 (^)      168.239 (&)      135.108 (%) 
Cl( 5, 5) in Cl( 8, 8) CPU =        1.532 ms (setup)        0.190 (*)      217.015 (^)      193.739 (&)      153.957 (%) 
Cl( 6, 5) in Cl( 8, 8) CPU =        3.308 ms (setup)        1.295 (*)      251.335 (^)      231.899 (&)      181.307 (%) 
Cl( 6, 6) in Cl( 8, 8) CPU =        5.748 ms (setup)        0.920 (*)      273.267 (^)      274.306 (&)      204.635 (%) 
Cl( 7, 6) in Cl( 8, 8) CPU =       13.811 ms (setup)        1.950 (*)      356.870 (^)      361.680 (&)      286.310 (%) 
Cl( 7, 7) in Cl( 8, 8) CPU =       26.998 ms (setup)        1.094 (*)      395.791 (^)      431.880 (&)      334.675 (%) 
Cl( 8, 7) in Cl( 8, 8) CPU =       62.672 ms (setup)        1.884 (*)      691.565 (^)      729.393 (&)      607.371 (%) 
Cl( 8, 8) in Cl( 8, 8) CPU =       42.270 ms (setup)        0.208 (*)      805.077 (^)      903.649 (&)      776.688 (%) 
