
framed_multi<float,-4,4>
Clifford algebra expressions test:
Fill: 0.5
Cl( 1, 0) in Cl( 1, 0) CPU =        0.001 ms (setup)        0.002 (comm)        0.003 (pade)        0.001 (series)        0.001 (mix)        0.001 (add) 
Cl( 1, 1) in Cl( 1, 1) CPU =        0.001 ms (setup)        0.001 (comm)        0.002 (pade)        0.001 (series)        0.000 (mix)        0.001 (add) 
Cl( 2, 1) in Cl( 2, 1) CPU =        0.001 ms (setup)        0.003 (comm)        0.005 (pade)        0.003 (series)        0.001 (mix)        0.001 (add) 
Cl( 2, 2) in Cl( 2, 2) CPU =        0.002 ms (setup)        0.005 (comm)        0.006 (pade)        0.005 (series)        0.002 (mix)        0.001 (add) 
Cl( 3, 2) in Cl( 3, 2) CPU =        0.002 ms (setup)        0.011 (comm)        0.027 (pade)        0.009 (series)        0.004 (mix)        0.002 (add) 
Cl( 3, 3) in Cl( 3, 3) CPU =        0.005 ms (setup)        0.025 (comm)        0.034 (pade)        0.037 (series)        0.006 (mix)        0.003 (add) 
Cl( 4, 3) in Cl( 4, 3) CPU =        0.011 ms (setup)        0.059 (comm)        0.142 (pade)        0.114 (series)        3.521 (mix)        0.006 (add) 
Cl( 4, 4) in Cl( 4, 4) CPU =        0.024 ms (setup)        3.978 (comm)        3.713 (pade)        4.321 (series)        3.562 (mix)        0.013 (add) 
Cl( 1, 0) in Cl( 4, 4) CPU =        0.001 ms (setup)        0.001 (comm)        0.002 (pade)        0.002 (series)        0.000 (mix)        0.001 (add) 
Cl( 1, 1) in Cl( 4, 4) CPU =        0.001 ms (setup)        0.002 (comm)        0.003 (pade)        0.002 (series)        0.001 (mix)        0.001 (add) 
Cl( 2, 1) in Cl( 4, 4) CPU =        0.001 ms (setup)        0.003 (comm)        0.006 (pade)        0.004 (series)        0.001 (mix)        0.001 (add) 
Cl( 2, 2) in Cl( 4, 4) CPU =        0.002 ms (setup)        0.005 (comm)        0.007 (pade)        0.007 (series)        0.002 (mix)        0.001 (add) 
Cl( 3, 2) in Cl( 4, 4) CPU =        0.003 ms (setup)        0.011 (comm)        0.030 (pade)        0.018 (series)        0.003 (mix)        0.003 (add) 
Cl( 3, 3) in Cl( 4, 4) CPU =        0.006 ms (setup)        0.027 (comm)        0.043 (pade)        0.044 (series)        0.007 (mix)        0.005 (add) 
Cl( 4, 3) in Cl( 4, 4) CPU =        0.012 ms (setup)        0.058 (comm)        0.150 (pade)        3.617 (series)        0.017 (mix)        0.005 (add) 
Cl( 4, 4) in Cl( 4, 4) CPU =        0.024 ms (setup)        3.958 (comm)        3.707 (pade)        4.328 (series)        0.055 (mix)        0.011 (add) 
Fill: 1
Cl( 1, 0) in Cl( 1, 0) CPU =        0.001 ms (setup)        0.002 (comm)        0.002 (pade)        0.002 (series)        0.001 (mix)        0.001 (add) 
Cl( 1, 1) in Cl( 1, 1) CPU =        0.001 ms (setup)        0.003 (comm)        0.003 (pade)        0.003 (series)        0.001 (mix)        0.001 (add) 
Cl( 2, 1) in Cl( 2, 1) CPU =        0.001 ms (setup)        0.004 (comm)        0.006 (pade)        0.004 (series)        0.001 (mix)        0.001 (add) 
Cl( 2, 2) in Cl( 2, 2) CPU =        0.002 ms (setup)        0.007 (comm)        0.009 (pade)        0.008 (series)        0.003 (mix)        0.001 (add) 
Cl( 3, 2) in Cl( 3, 2) CPU =        0.004 ms (setup)        0.017 (comm)        0.030 (pade)        0.022 (series)        0.005 (mix)        0.002 (add) 
Cl( 3, 3) in Cl( 3, 3) CPU =        0.008 ms (setup)        0.044 (comm)        0.044 (pade)        3.567 (series)        0.011 (mix)        0.004 (add) 
Cl( 4, 3) in Cl( 4, 3) CPU =        0.016 ms (setup)        0.134 (comm)        3.666 (pade)        0.207 (series)        0.029 (mix)        0.007 (add) 
Cl( 4, 4) in Cl( 4, 4) CPU =        0.036 ms (setup)        4.045 (comm)        3.738 (pade)        7.932 (series)        0.079 (mix)        0.018 (add) 
Cl( 1, 0) in Cl( 4, 4) CPU =        0.001 ms (setup)        0.002 (comm)        0.003 (pade)        0.002 (series)        0.001 (mix)        0.001 (add) 
Cl( 1, 1) in Cl( 4, 4) CPU =        0.001 ms (setup)        0.002 (comm)        0.003 (pade)        0.003 (series)        0.001 (mix)        0.001 (add) 
Cl( 2, 1) in Cl( 4, 4) CPU =        0.001 ms (setup)        0.003 (comm)        0.006 (pade)        0.004 (series)        0.001 (mix)        0.001 (add) 
Cl( 2, 2) in Cl( 4, 4) CPU =        0.002 ms (setup)        0.007 (comm)        0.009 (pade)        0.008 (series)        0.003 (mix)        0.002 (add) 
Cl( 3, 2) in Cl( 4, 4) CPU =        0.004 ms (setup)        0.017 (comm)        0.030 (pade)        0.022 (series)        0.005 (mix)        0.002 (add) 
Cl( 3, 3) in Cl( 4, 4) CPU =        0.009 ms (setup)        0.045 (comm)        0.044 (pade)        0.065 (series)        0.011 (mix)        0.004 (add) 
Cl( 4, 3) in Cl( 4, 4) CPU =        0.018 ms (setup)        0.134 (comm)        0.167 (pade)        3.712 (series)        0.030 (mix)        0.007 (add) 
Cl( 4, 4) in Cl( 4, 4) CPU =        0.034 ms (setup)        7.561 (comm)        0.237 (pade)        7.929 (series)        0.080 (mix)        0.018 (add) 

matrix_multi<float,-4,4>
Clifford algebra expressions test:
Fill: 0.5
Cl( 1, 0) in Cl( 1, 0) CPU =        0.001 ms (setup)        0.003 (comm)        0.001 (pade)        0.001 (series)        0.002 (mix)        0.001 (add) 
Cl( 1, 1) in Cl( 1, 1) CPU =        0.002 ms (setup)        0.005 (comm)        0.001 (pade)        0.001 (series)        0.005 (mix)        3.502 (add) 
Cl( 2, 1) in Cl( 2, 1) CPU =        0.002 ms (setup)        0.024 (comm)        0.002 (pade)        0.001 (series)        0.022 (mix)        0.001 (add) 
Cl( 2, 2) in Cl( 2, 2) CPU =        0.003 ms (setup)        0.035 (comm)        0.002 (pade)        0.001 (series)        0.034 (mix)        0.001 (add) 
Cl( 3, 2) in Cl( 3, 2) CPU =        0.013 ms (setup)        0.128 (comm)        0.002 (pade)        0.002 (series)        0.124 (mix)        0.001 (add) 
Cl( 3, 3) in Cl( 3, 3) CPU =        0.022 ms (setup)        3.709 (comm)        0.002 (pade)        0.001 (series)        0.202 (mix)        0.000 (add) 
Cl( 4, 3) in Cl( 4, 3) CPU =        0.055 ms (setup)        4.463 (comm)        0.006 (pade)        0.003 (series)        7.963 (mix)        0.001 (add) 
Cl( 4, 4) in Cl( 4, 4) CPU =        3.611 ms (setup)       12.005 (comm)        0.006 (pade)        0.003 (series)       11.981 (mix)        0.001 (add) 
Cl( 1, 0) in Cl( 4, 4) CPU =        0.002 ms (setup)        0.020 (comm)        0.006 (pade)        0.003 (series)        0.018 (mix)        0.001 (add) 
Cl( 1, 1) in Cl( 4, 4) CPU =        0.003 ms (setup)        0.026 (comm)        0.005 (pade)        0.003 (series)        0.025 (mix)        0.001 (add) 
Cl( 2, 1) in Cl( 4, 4) CPU =        0.007 ms (setup)        0.061 (comm)        0.005 (pade)        0.003 (series)        0.059 (mix)        0.001 (add) 
Cl( 2, 2) in Cl( 4, 4) CPU =        0.011 ms (setup)        0.074 (comm)        0.005 (pade)        0.003 (series)        0.073 (mix)        0.001 (add) 
Cl( 3, 2) in Cl( 4, 4) CPU =        0.049 ms (setup)        0.212 (comm)        0.005 (pade)        0.003 (series)        3.711 (mix)        0.001 (add) 
Cl( 3, 3) in Cl( 4, 4) CPU =        0.076 ms (setup)        3.818 (comm)        0.006 (pade)        0.003 (series)        3.808 (mix)        0.001 (add) 
Cl( 4, 3) in Cl( 4, 4) CPU =        3.702 ms (setup)        4.405 (comm)        0.006 (pade)        0.003 (series)        7.905 (mix)        0.001 (add) 
Cl( 4, 4) in Cl( 4, 4) CPU =        0.110 ms (setup)       12.030 (comm)        0.006 (pade)        0.003 (series)       12.026 (mix)        0.001 (add) 
Fill: 1
Cl( 1, 0) in Cl( 1, 0) CPU =        0.001 ms (setup)        0.005 (comm)        0.001 (pade)        0.001 (series)        0.005 (mix)        0.001 (add) 
Cl( 1, 1) in Cl( 1, 1) CPU =        0.002 ms (setup)        0.009 (comm)        0.001 (pade)        0.001 (series)        0.008 (mix)        0.001 (add) 
Cl( 2, 1) in Cl( 2, 1) CPU =        0.002 ms (setup)        0.028 (comm)        0.001 (pade)        0.001 (series)        0.027 (mix)        0.001 (add) 
Cl( 2, 2) in Cl( 2, 2) CPU =        0.007 ms (setup)        0.044 (comm)        0.001 (pade)        0.001 (series)        0.043 (mix)        0.001 (add) 
Cl( 3, 2) in Cl( 3, 2) CPU =        0.013 ms (setup)        0.162 (comm)        0.002 (pade)        0.002 (series)        0.160 (mix)        0.001 (add) 
Cl( 3, 3) in Cl( 3, 3) CPU =        3.521 ms (setup)        7.866 (comm)        0.002 (pade)        0.001 (series)        3.783 (mix)        0.001 (add) 
Cl( 4, 3) in Cl( 4, 3) CPU =        0.073 ms (setup)        8.093 (comm)        0.006 (pade)        0.003 (series)        9.377 (mix)        0.001 (add) 
Cl( 4, 4) in Cl( 4, 4) CPU =        0.142 ms (setup)        1.592 (comm)        0.005 (pade)        0.003 (series)        1.586 (mix)        0.001 (add) 
Cl( 1, 0) in Cl( 4, 4) CPU =        0.003 ms (setup)        0.035 (comm)        0.005 (pade)        0.003 (series)        0.034 (mix)        0.001 (add) 
Cl( 1, 1) in Cl( 4, 4) CPU =        0.003 ms (setup)        0.047 (comm)        0.005 (pade)        0.003 (series)        0.046 (mix)        0.001 (add) 
Cl( 2, 1) in Cl( 4, 4) CPU =        0.007 ms (setup)        0.069 (comm)        0.005 (pade)        0.003 (series)        0.067 (mix)        0.001 (add) 
Cl( 2, 2) in Cl( 4, 4) CPU =        0.021 ms (setup)        0.100 (comm)        0.005 (pade)        0.003 (series)        0.099 (mix)        0.001 (add) 
Cl( 3, 2) in Cl( 4, 4) CPU =        0.052 ms (setup)        0.213 (comm)        0.005 (pade)        0.003 (series)        0.211 (mix)        0.001 (add) 
Cl( 3, 3) in Cl( 4, 4) CPU =        0.086 ms (setup)        0.345 (comm)        0.005 (pade)        0.003 (series)        0.339 (mix)        0.001 (add) 
Cl( 4, 3) in Cl( 4, 4) CPU =        0.239 ms (setup)        1.084 (comm)        0.005 (pade)        0.003 (series)        1.077 (mix)        0.001 (add) 
Cl( 4, 4) in Cl( 4, 4) CPU =        0.131 ms (setup)        1.600 (comm)        0.005 (pade)        0.003 (series)        1.588 (mix)        0.001 (add) 

framed_multi<double>
Clifford algebra expressions test:
Fill: 0.5
Cl( 1, 0) in Cl( 1, 0) CPU =        0.001 ms (setup)        0.001 (comm)        0.002 (pade)        0.001 (series)        0.001 (mix)        0.001 (add) 
Cl( 1, 1) in Cl( 1, 1) CPU =        0.001 ms (setup)        0.001 (comm)        0.002 (pade)        0.001 (series)        0.001 (mix)        0.001 (add) 
Cl( 2, 1) in Cl( 2, 1) CPU =        0.001 ms (setup)        0.004 (comm)        0.005 (pade)        0.004 (series)        0.001 (mix)        0.001 (add) 
Cl( 2, 2) in Cl( 2, 2) CPU =        0.002 ms (setup)        0.005 (comm)        0.007 (pade)        0.007 (series)        0.002 (mix)        0.001 (add) 
Cl( 3, 2) in Cl( 3, 2) CPU =        0.003 ms (setup)        0.013 (comm)        0.029 (pade)        0.012 (series)        0.004 (mix)        0.003 (add) 
Cl( 3, 3) in Cl( 3, 3) CPU =        0.006 ms (setup)        0.030 (comm)        0.036 (pade)        0.050 (series)        0.008 (mix)        0.002 (add) 
Cl( 4, 3) in Cl( 4, 3) CPU =        0.011 ms (setup)        0.074 (comm)        0.136 (pade)        0.135 (series)        0.020 (mix)        0.005 (add) 
Cl( 4, 4) in Cl( 4, 4) CPU =        0.026 ms (setup)        0.438 (comm)        0.191 (pade)        0.712 (series)        0.067 (mix)        0.009 (add) 
Cl( 5, 4) in Cl( 5, 4) CPU =        0.052 ms (setup)        1.576 (comm)        3.892 (pade)       23.819 (series)        3.785 (mix)        0.016 (add) 
Cl( 5, 5) in Cl( 5, 5) CPU =        0.122 ms (setup)       20.227 (comm)        8.040 (pade)       31.992 (series)        7.841 (mix)        0.049 (add) 
Cl( 6, 5) in Cl( 6, 5) CPU =        3.751 ms (setup)       68.378 (comm)       31.759 (pade)      111.865 (series)       19.809 (mix)        0.064 (add) 
Cl( 6, 6) in Cl( 6, 6) CPU =        3.974 ms (setup)       57.986 (comm)       39.986 (pade)      159.996 (series)       50.816 (mix)        0.132 (add) 
Cl( 7, 6) in Cl( 7, 6) CPU =        0.928 ms (setup)      407.919 (comm)      144.000 (pade)      528.145 (series)      156.162 (mix)        3.783 (add) 
Cl( 7, 7) in Cl( 7, 7) CPU =       16.008 ms (setup)      815.953 (comm)      192.133 (pade)      748.133 (series)       90.250 (mix)        0.522 (add) 
Cl( 8, 7) in Cl( 8, 7) CPU =        3.692 ms (setup)     1410.110 (comm)      667.634 (pade)     2528.077 (series)      155.553 (mix)        1.282 (add) 
Cl( 8, 8) in Cl( 8, 8) CPU =        7.452 ms (setup)     1822.853 (comm)      686.490 (pade)     2735.845 (series)      472.863 (mix)        2.939 (add) 
Cl( 1, 0) in Cl( 8, 8) CPU =        0.002 ms (setup)        0.001 (comm)        0.002 (pade)        0.001 (series)        0.001 (mix)        0.001 (add) 
Cl( 1, 1) in Cl( 8, 8) CPU =        0.001 ms (setup)        0.001 (comm)        0.002 (pade)        0.001 (series)        0.000 (mix)        0.001 (add) 
Cl( 2, 1) in Cl( 8, 8) CPU =        0.001 ms (setup)        0.003 (comm)        0.005 (pade)        0.003 (series)        0.001 (mix)        0.001 (add) 
Cl( 2, 2) in Cl( 8, 8) CPU =        0.002 ms (setup)        0.005 (comm)        0.006 (pade)        0.006 (series)        0.002 (mix)        0.001 (add) 
Cl( 3, 2) in Cl( 8, 8) CPU =        0.003 ms (setup)        0.010 (comm)        0.019 (pade)        0.010 (series)        0.004 (mix)        0.002 (add) 
Cl( 3, 3) in Cl( 8, 8) CPU =        0.008 ms (setup)        0.030 (comm)        0.035 (pade)        0.043 (series)        0.008 (mix)        0.002 (add) 
Cl( 4, 3) in Cl( 8, 8) CPU =        0.013 ms (setup)        0.072 (comm)        0.135 (pade)        0.126 (series)        0.020 (mix)        0.004 (add) 
Cl( 4, 4) in Cl( 8, 8) CPU =        0.026 ms (setup)        0.417 (comm)        0.182 (pade)        0.693 (series)        0.065 (mix)        0.008 (add) 
Cl( 5, 4) in Cl( 8, 8) CPU =        0.057 ms (setup)        1.509 (comm)        4.180 (pade)       20.325 (series)        0.278 (mix)        0.015 (add) 
Cl( 5, 5) in Cl( 8, 8) CPU =        3.621 ms (setup)       23.692 (comm)        8.001 (pade)       28.413 (series)        7.809 (mix)        0.029 (add) 
Cl( 6, 5) in Cl( 8, 8) CPU =        3.728 ms (setup)       68.403 (comm)       28.056 (pade)      111.889 (series)       19.816 (mix)        0.060 (add) 
Cl( 6, 6) in Cl( 8, 8) CPU =        3.981 ms (setup)       64.047 (comm)       39.914 (pade)      155.909 (series)       52.139 (mix)        0.121 (add) 
Cl( 7, 6) in Cl( 8, 8) CPU =        0.953 ms (setup)      411.938 (comm)      139.758 (pade)      531.937 (series)      156.264 (mix)        0.280 (add) 
Cl( 7, 7) in Cl( 8, 8) CPU =       16.000 ms (setup)      820.886 (comm)      195.886 (pade)      752.206 (series)       90.166 (mix)        0.531 (add) 
Cl( 8, 7) in Cl( 8, 8) CPU =        3.679 ms (setup)     1420.174 (comm)      651.425 (pade)     2541.904 (series)      158.558 (mix)        1.447 (add) 
Cl( 8, 8) in Cl( 8, 8) CPU =        7.458 ms (setup)     1822.339 (comm)      693.953 (pade)     2744.232 (series)      471.615 (mix)        2.918 (add) 
Fill: 1
Cl( 1, 0) in Cl( 1, 0) CPU =        0.001 ms (setup)        0.002 (comm)        0.002 (pade)        0.002 (series)        0.001 (mix)        0.001 (add) 
Cl( 1, 1) in Cl( 1, 1) CPU =        0.001 ms (setup)        0.002 (comm)        0.002 (pade)        0.003 (series)        0.001 (mix)        0.001 (add) 
Cl( 2, 1) in Cl( 2, 1) CPU =        0.001 ms (setup)        0.004 (comm)        0.007 (pade)        0.005 (series)        0.002 (mix)        0.001 (add) 
Cl( 2, 2) in Cl( 2, 2) CPU =        0.002 ms (setup)        0.007 (comm)        0.007 (pade)        0.009 (series)        0.003 (mix)        0.001 (add) 
Cl( 3, 2) in Cl( 3, 2) CPU =        0.004 ms (setup)        0.017 (comm)        0.028 (pade)        0.024 (series)        0.005 (mix)        0.002 (add) 
Cl( 3, 3) in Cl( 3, 3) CPU =        0.009 ms (setup)        0.050 (comm)        0.044 (pade)        0.070 (series)        0.012 (mix)        0.003 (add) 
Cl( 4, 3) in Cl( 4, 3) CPU =        0.018 ms (setup)        0.146 (comm)        0.148 (pade)        0.222 (series)        0.030 (mix)        0.005 (add) 
Cl( 4, 4) in Cl( 4, 4) CPU =        0.035 ms (setup)        0.512 (comm)        0.210 (pade)        0.819 (series)        0.085 (mix)        0.009 (add) 
Cl( 5, 4) in Cl( 5, 4) CPU =        0.074 ms (setup)        1.685 (comm)        4.272 (pade)       27.704 (series)        0.277 (mix)        3.521 (add) 
Cl( 5, 5) in Cl( 5, 5) CPU =        0.151 ms (setup)       24.041 (comm)       11.684 (pade)       39.612 (series)        7.715 (mix)        0.037 (add) 
Cl( 6, 5) in Cl( 6, 5) CPU =        3.863 ms (setup)       79.936 (comm)       32.079 (pade)      124.335 (series)       15.970 (mix)        3.581 (add) 
Cl( 6, 6) in Cl( 6, 6) CPU =        7.819 ms (setup)       39.730 (comm)       47.894 (pade)      188.033 (series)       20.157 (mix)        0.137 (add) 
Cl( 7, 6) in Cl( 7, 6) CPU =        1.530 ms (setup)      431.889 (comm)      156.129 (pade)      619.760 (series)      120.239 (mix)        0.305 (add) 
Cl( 7, 7) in Cl( 7, 7) CPU =       24.343 ms (setup)      808.375 (comm)      239.883 (pade)      932.273 (series)      137.536 (mix)        0.610 (add) 
Cl( 8, 7) in Cl( 8, 7) CPU =        6.365 ms (setup)     1449.486 (comm)      675.538 (pade)     2657.309 (series)      116.067 (mix)        2.845 (add) 
Cl( 8, 8) in Cl( 8, 8) CPU =       12.819 ms (setup)     1764.304 (comm)      729.927 (pade)     2856.388 (series)      331.723 (mix)        6.660 (add) 
Cl( 1, 0) in Cl( 8, 8) CPU =        0.001 ms (setup)        0.002 (comm)        0.002 (pade)        0.002 (series)        0.001 (mix)        0.001 (add) 
Cl( 1, 1) in Cl( 8, 8) CPU =        0.001 ms (setup)        0.003 (comm)        0.002 (pade)        0.003 (series)        0.001 (mix)        0.001 (add) 
Cl( 2, 1) in Cl( 8, 8) CPU =        0.002 ms (setup)        0.004 (comm)        0.006 (pade)        0.004 (series)        0.001 (mix)        0.001 (add) 
Cl( 2, 2) in Cl( 8, 8) CPU =        0.003 ms (setup)        0.007 (comm)        0.007 (pade)        0.008 (series)        0.003 (mix)        0.001 (add) 
Cl( 3, 2) in Cl( 8, 8) CPU =        0.004 ms (setup)        0.017 (comm)        0.028 (pade)        0.023 (series)        0.005 (mix)        0.002 (add) 
Cl( 3, 3) in Cl( 8, 8) CPU =        0.008 ms (setup)        0.046 (comm)        0.038 (pade)        0.068 (series)        0.013 (mix)        0.003 (add) 
Cl( 4, 3) in Cl( 8, 8) CPU =        0.018 ms (setup)        0.143 (comm)        0.145 (pade)        0.224 (series)        0.030 (mix)        0.005 (add) 
Cl( 4, 4) in Cl( 8, 8) CPU =        0.034 ms (setup)        0.511 (comm)        0.209 (pade)        0.824 (series)        0.080 (mix)        0.009 (add) 
Cl( 5, 4) in Cl( 8, 8) CPU =        0.070 ms (setup)        1.708 (comm)        4.226 (pade)       24.157 (series)        0.274 (mix)        0.018 (add) 
Cl( 5, 5) in Cl( 8, 8) CPU =        3.658 ms (setup)       24.111 (comm)       11.667 (pade)       36.092 (series)        7.737 (mix)        0.037 (add) 
Cl( 6, 5) in Cl( 8, 8) CPU =        3.867 ms (setup)       79.957 (comm)       32.075 (pade)      127.937 (series)       16.009 (mix)        0.074 (add) 
Cl( 6, 6) in Cl( 8, 8) CPU =        4.311 ms (setup)       40.587 (comm)       44.410 (pade)      188.117 (series)       16.271 (mix)        0.137 (add) 
Cl( 7, 6) in Cl( 8, 8) CPU =        1.486 ms (setup)      431.832 (comm)      156.335 (pade)      627.990 (series)      123.802 (mix)        3.809 (add) 
Cl( 7, 7) in Cl( 8, 8) CPU =       27.825 ms (setup)      808.209 (comm)      247.856 (pade)      931.540 (series)      137.750 (mix)        0.701 (add) 
Cl( 8, 7) in Cl( 8, 8) CPU =        6.390 ms (setup)     1448.668 (comm)      682.642 (pade)     2675.428 (series)      114.815 (mix)        2.865 (add) 
Cl( 8, 8) in Cl( 8, 8) CPU =       13.008 ms (setup)     1763.847 (comm)      723.519 (pade)     2864.590 (series)      334.106 (mix)        6.834 (add) 

matrix_multi<double>
Clifford algebra expressions test:
Fill: 0.5
Cl( 1, 0) in Cl( 1, 0) CPU =        0.003 ms (setup)        0.004 (comm)        0.001 (pade)        0.001 (series)        0.003 (mix)        0.001 (add) 
Cl( 1, 1) in Cl( 1, 1) CPU =        0.005 ms (setup)        0.003 (comm)        0.001 (pade)        0.001 (series)        0.003 (mix)        0.000 (add) 
Cl( 2, 1) in Cl( 2, 1) CPU =        0.002 ms (setup)        0.018 (comm)        0.001 (pade)        0.001 (series)        0.018 (mix)        0.000 (add) 
Cl( 2, 2) in Cl( 2, 2) CPU =        0.003 ms (setup)        0.030 (comm)        0.001 (pade)        0.001 (series)        0.030 (mix)        0.000 (add) 
Cl( 3, 2) in Cl( 3, 2) CPU =        0.013 ms (setup)        0.098 (comm)        0.002 (pade)        0.001 (series)        0.093 (mix)        0.001 (add) 
Cl( 3, 3) in Cl( 3, 3) CPU =        0.019 ms (setup)        0.172 (comm)        0.002 (pade)        0.001 (series)        0.172 (mix)        0.000 (add) 
Cl( 4, 3) in Cl( 4, 3) CPU =        0.055 ms (setup)        0.843 (comm)        0.006 (pade)        0.004 (series)        0.829 (mix)        0.001 (add) 
Cl( 4, 4) in Cl( 4, 4) CPU =        0.098 ms (setup)        1.341 (comm)        0.005 (pade)        0.004 (series)        1.324 (mix)        0.001 (add) 
Cl( 5, 4) in Cl( 5, 4) CPU =        0.245 ms (setup)        5.304 (comm)        0.018 (pade)        0.013 (series)       52.035 (mix)        0.002 (add) 
Cl( 5, 5) in Cl( 5, 5) CPU =        4.024 ms (setup)       71.549 (comm)        0.018 (pade)        0.013 (series)       68.291 (mix)        0.001 (add) 
Cl( 6, 5) in Cl( 6, 5) CPU =        8.239 ms (setup)       93.222 (comm)        0.074 (pade)        0.064 (series)      202.826 (mix)        0.005 (add) 
Cl( 6, 6) in Cl( 6, 6) CPU =        2.248 ms (setup)       42.831 (comm)        0.075 (pade)        0.063 (series)      167.624 (mix)        0.005 (add) 
Cl( 7, 6) in Cl( 7, 6) CPU =        5.489 ms (setup)     1404.667 (comm)        4.019 (pade)        0.246 (series)     1368.371 (mix)        0.023 (add) 
Cl( 7, 7) in Cl( 7, 7) CPU =       34.037 ms (setup)     1697.324 (comm)        4.022 (pade)        3.750 (series)     1435.120 (mix)        0.023 (add) 
Cl( 8, 7) in Cl( 8, 7) CPU =       28.707 ms (setup)     3063.782 (comm)       44.432 (pade)       16.106 (series)     2541.157 (mix)        0.150 (add) 
Cl( 8, 8) in Cl( 8, 8) CPU =       55.813 ms (setup)     3420.885 (comm)       31.936 (pade)       15.552 (series)     2813.598 (mix)        0.112 (add) 
Cl( 1, 0) in Cl( 8, 8) CPU =        0.013 ms (setup)      168.200 (comm)       24.436 (pade)       11.988 (series)      152.160 (mix)        3.628 (add) 
Cl( 1, 1) in Cl( 8, 8) CPU =        0.026 ms (setup)      207.781 (comm)       31.707 (pade)       11.982 (series)      196.008 (mix)        3.611 (add) 
Cl( 2, 1) in Cl( 8, 8) CPU =        0.051 ms (setup)      228.215 (comm)       28.294 (pade)       11.978 (series)      220.229 (mix)        0.101 (add) 
Cl( 2, 2) in Cl( 8, 8) CPU =        0.103 ms (setup)      264.325 (comm)       31.865 (pade)       12.000 (series)      248.174 (mix)        3.606 (add) 
Cl( 3, 2) in Cl( 8, 8) CPU =        8.350 ms (setup)      288.334 (comm)       31.913 (pade)       12.011 (series)      280.161 (mix)        0.101 (add) 
Cl( 3, 3) in Cl( 8, 8) CPU =        4.298 ms (setup)      372.050 (comm)       31.952 (pade)       11.976 (series)      356.147 (mix)        0.100 (add) 
Cl( 4, 3) in Cl( 8, 8) CPU =        7.940 ms (setup)      439.870 (comm)       31.886 (pade)       11.976 (series)      435.774 (mix)        0.101 (add) 
Cl( 4, 4) in Cl( 8, 8) CPU =       11.642 ms (setup)      543.905 (comm)       31.851 (pade)       11.976 (series)      535.601 (mix)        0.100 (add) 
Cl( 5, 4) in Cl( 8, 8) CPU =       12.268 ms (setup)      691.777 (comm)       31.896 (pade)       11.996 (series)      679.892 (mix)        0.104 (add) 
Cl( 5, 5) in Cl( 8, 8) CPU =       23.854 ms (setup)      776.153 (comm)       28.433 (pade)       11.998 (series)      776.154 (mix)        0.101 (add) 
Cl( 6, 5) in Cl( 8, 8) CPU =       47.889 ms (setup)     1155.683 (comm)       31.927 (pade)       12.065 (series)     1135.812 (mix)        2.604 (add) 
Cl( 6, 6) in Cl( 8, 8) CPU =       91.906 ms (setup)     1332.076 (comm)       31.946 (pade)       12.015 (series)     1331.842 (mix)        0.104 (add) 
Cl( 7, 6) in Cl( 8, 8) CPU =       51.549 ms (setup)     1969.457 (comm)       28.302 (pade)       12.005 (series)     1768.544 (mix)        0.099 (add) 
Cl( 7, 7) in Cl( 8, 8) CPU =       44.516 ms (setup)     2298.934 (comm)       30.922 (pade)       12.015 (series)     1914.830 (mix)        0.098 (add) 
Cl( 8, 7) in Cl( 8, 8) CPU =      103.927 ms (setup)     3119.996 (comm)       31.863 (pade)        8.166 (series)     2529.559 (mix)        0.101 (add) 
Cl( 8, 8) in Cl( 8, 8) CPU =       54.769 ms (setup)     3422.122 (comm)       30.942 (pade)       12.027 (series)     2810.363 (mix)        0.091 (add) 
Fill: 1
Cl( 1, 0) in Cl( 1, 0) CPU =        0.002 ms (setup)        0.005 (comm)        0.001 (pade)        0.001 (series)        0.004 (mix)        0.001 (add) 
Cl( 1, 1) in Cl( 1, 1) CPU =        0.002 ms (setup)        0.007 (comm)        0.001 (pade)        0.001 (series)        0.007 (mix)        0.001 (add) 
Cl( 2, 1) in Cl( 2, 1) CPU =        0.003 ms (setup)        0.025 (comm)        0.001 (pade)        0.001 (series)        0.023 (mix)        0.001 (add) 
Cl( 2, 2) in Cl( 2, 2) CPU =        0.005 ms (setup)        0.038 (comm)        0.001 (pade)        0.001 (series)        0.040 (mix)        0.001 (add) 
Cl( 3, 2) in Cl( 3, 2) CPU =        0.013 ms (setup)        0.133 (comm)        0.002 (pade)        0.001 (series)        0.131 (mix)        0.001 (add) 
Cl( 3, 3) in Cl( 3, 3) CPU =        0.024 ms (setup)        0.215 (comm)        0.002 (pade)        0.002 (series)        0.222 (mix)        0.001 (add) 
Cl( 4, 3) in Cl( 4, 3) CPU =        0.067 ms (setup)        0.988 (comm)        0.006 (pade)        0.004 (series)        0.973 (mix)        0.001 (add) 
Cl( 4, 4) in Cl( 4, 4) CPU =        0.134 ms (setup)        1.552 (comm)        0.005 (pade)        0.004 (series)        1.522 (mix)        0.001 (add) 
Cl( 5, 4) in Cl( 5, 4) CPU =        0.353 ms (setup)        5.822 (comm)        0.017 (pade)        0.013 (series)       48.431 (mix)        0.001 (add) 
Cl( 5, 5) in Cl( 5, 5) CPU =        7.763 ms (setup)       79.662 (comm)        0.018 (pade)        0.014 (series)       76.160 (mix)        0.002 (add) 
Cl( 6, 5) in Cl( 6, 5) CPU =       16.008 ms (setup)       71.058 (comm)        0.076 (pade)        1.238 (series)      196.827 (mix)        0.006 (add) 
Cl( 6, 6) in Cl( 6, 6) CPU =        3.618 ms (setup)       46.373 (comm)        0.075 (pade)        0.062 (series)      155.101 (mix)        0.005 (add) 
Cl( 7, 6) in Cl( 7, 6) CPU =        8.838 ms (setup)     1446.335 (comm)        4.016 (pade)        3.748 (series)     1379.276 (mix)        0.022 (add) 
Cl( 7, 7) in Cl( 7, 7) CPU =       17.633 ms (setup)     1773.364 (comm)        4.020 (pade)        3.748 (series)     1454.333 (mix)        0.025 (add) 
Cl( 8, 7) in Cl( 8, 7) CPU =       46.985 ms (setup)     3147.093 (comm)       31.851 (pade)       12.040 (series)     2558.020 (mix)        0.090 (add) 
Cl( 8, 8) in Cl( 8, 8) CPU =       95.085 ms (setup)     3567.479 (comm)       31.742 (pade)       12.046 (series)     2974.222 (mix)        0.149 (add) 
Cl( 1, 0) in Cl( 8, 8) CPU =        0.018 ms (setup)      208.069 (comm)       28.111 (pade)       11.983 (series)      206.898 (mix)        0.100 (add) 
Cl( 1, 1) in Cl( 8, 8) CPU =        0.036 ms (setup)      223.910 (comm)       31.690 (pade)       11.989 (series)      216.235 (mix)        3.605 (add) 
Cl( 2, 1) in Cl( 8, 8) CPU =        0.084 ms (setup)      243.928 (comm)       28.355 (pade)       11.992 (series)      235.797 (mix)        3.605 (add) 
Cl( 2, 2) in Cl( 8, 8) CPU =        7.753 ms (setup)      256.375 (comm)       35.691 (pade)       15.482 (series)      248.150 (mix)        3.601 (add) 
Cl( 3, 2) in Cl( 8, 8) CPU =        4.274 ms (setup)      295.999 (comm)       28.315 (pade)       11.982 (series)      284.066 (mix)        0.098 (add) 
Cl( 3, 3) in Cl( 8, 8) CPU =        7.829 ms (setup)      384.082 (comm)       28.366 (pade)       19.459 (series)      376.137 (mix)        3.601 (add) 
Cl( 4, 3) in Cl( 8, 8) CPU =        8.008 ms (setup)      524.108 (comm)       31.884 (pade)       11.982 (series)      523.993 (mix)        0.107 (add) 
Cl( 4, 4) in Cl( 8, 8) CPU =       11.873 ms (setup)      608.249 (comm)       31.906 (pade)       11.989 (series)      608.118 (mix)        0.108 (add) 
Cl( 5, 4) in Cl( 8, 8) CPU =       16.262 ms (setup)      743.822 (comm)       28.387 (pade)       12.013 (series)      752.295 (mix)        3.610 (add) 
Cl( 5, 5) in Cl( 8, 8) CPU =       35.950 ms (setup)      863.922 (comm)       31.933 (pade)       11.982 (series)      852.144 (mix)        0.101 (add) 
Cl( 6, 5) in Cl( 8, 8) CPU =       60.226 ms (setup)     1224.041 (comm)       28.456 (pade)       11.997 (series)     1211.947 (mix)        0.103 (add) 
Cl( 6, 6) in Cl( 8, 8) CPU =      102.362 ms (setup)     1451.207 (comm)       31.954 (pade)       12.005 (series)     1431.832 (mix)        0.106 (add) 
Cl( 7, 6) in Cl( 8, 8) CPU =       40.255 ms (setup)     2110.088 (comm)       31.848 (pade)       12.024 (series)     1860.676 (mix)        0.093 (add) 
Cl( 7, 7) in Cl( 8, 8) CPU =       57.672 ms (setup)     2473.651 (comm)       31.333 (pade)        8.139 (series)     1980.567 (mix)        0.095 (add) 
Cl( 8, 7) in Cl( 8, 8) CPU =      145.501 ms (setup)     3211.381 (comm)       31.862 (pade)       11.663 (series)     2621.727 (mix)        0.092 (add) 
Cl( 8, 8) in Cl( 8, 8) CPU =       93.559 ms (setup)     3574.963 (comm)       31.544 (pade)       12.025 (series)     2976.224 (mix)        0.103 (add) 
