
framed_multi<float,-4,4>
Clifford algebra expressions test:
Fill: 0.5
Cl( 1, 0) in Cl( 1, 0) CPU =        0.001 ms (setup)        0.003 (comm)        0.007 (pade)        0.002 (series)        0.001 (mix)        0.005 (add) 
Cl( 1, 1) in Cl( 1, 1) CPU =        0.001 ms (setup)        0.001 (comm)        0.003 (pade)        0.001 (series)        0.001 (mix)        0.001 (add) 
Cl( 2, 1) in Cl( 2, 1) CPU =        0.001 ms (setup)        0.004 (comm)        0.005 (pade)        0.004 (series)        0.001 (mix)        0.001 (add) 
Cl( 2, 2) in Cl( 2, 2) CPU =        0.002 ms (setup)        0.005 (comm)        0.006 (pade)        0.005 (series)        0.002 (mix)        0.002 (add) 
Cl( 3, 2) in Cl( 3, 2) CPU =        0.003 ms (setup)        0.011 (comm)        0.027 (pade)        0.009 (series)        0.004 (mix)        0.003 (add) 
Cl( 3, 3) in Cl( 3, 3) CPU =        0.007 ms (setup)        0.024 (comm)        0.034 (pade)        0.038 (series)        0.007 (mix)        0.005 (add) 
Cl( 4, 3) in Cl( 4, 3) CPU =        0.012 ms (setup)        0.060 (comm)        0.127 (pade)        0.110 (series)        0.016 (mix)        0.010 (add) 
Cl( 4, 4) in Cl( 4, 4) CPU =        0.025 ms (setup)        0.400 (comm)        0.179 (pade)        0.662 (series)        0.052 (mix)        0.022 (add) 
Cl( 1, 0) in Cl( 4, 4) CPU =        0.001 ms (setup)        0.001 (comm)        0.003 (pade)        0.002 (series)        0.001 (mix)        0.001 (add) 
Cl( 1, 1) in Cl( 4, 4) CPU =        0.001 ms (setup)        0.002 (comm)        0.003 (pade)        0.001 (series)        0.001 (mix)        0.001 (add) 
Cl( 2, 1) in Cl( 4, 4) CPU =        0.001 ms (setup)        0.004 (comm)        0.006 (pade)        0.004 (series)        0.001 (mix)        0.002 (add) 
Cl( 2, 2) in Cl( 4, 4) CPU =        0.001 ms (setup)        0.005 (comm)        0.006 (pade)        0.005 (series)        0.002 (mix)        0.002 (add) 
Cl( 3, 2) in Cl( 4, 4) CPU =        0.003 ms (setup)        0.010 (comm)        0.026 (pade)        0.014 (series)        0.003 (mix)        0.003 (add) 
Cl( 3, 3) in Cl( 4, 4) CPU =        0.006 ms (setup)        0.024 (comm)        0.048 (pade)        0.036 (series)        0.006 (mix)        0.005 (add) 
Cl( 4, 3) in Cl( 4, 4) CPU =        0.013 ms (setup)        0.051 (comm)        0.124 (pade)        0.098 (series)        0.015 (mix)        0.009 (add) 
Cl( 4, 4) in Cl( 4, 4) CPU =        0.025 ms (setup)        0.387 (comm)        0.181 (pade)        0.655 (series)        0.049 (mix)        0.019 (add) 
Fill: 1
Cl( 1, 0) in Cl( 1, 0) CPU =        0.001 ms (setup)        0.002 (comm)        0.004 (pade)        0.003 (series)        0.001 (mix)        0.006 (add) 
Cl( 1, 1) in Cl( 1, 1) CPU =        0.001 ms (setup)        0.003 (comm)        0.003 (pade)        0.003 (series)        0.001 (mix)        0.001 (add) 
Cl( 2, 1) in Cl( 2, 1) CPU =        0.001 ms (setup)        0.004 (comm)        0.006 (pade)        0.004 (series)        0.002 (mix)        0.001 (add) 
Cl( 2, 2) in Cl( 2, 2) CPU =        0.002 ms (setup)        0.006 (comm)        0.008 (pade)        0.007 (series)        0.003 (mix)        0.002 (add) 
Cl( 3, 2) in Cl( 3, 2) CPU =        0.004 ms (setup)        0.015 (comm)        0.027 (pade)        0.018 (series)        0.005 (mix)        0.003 (add) 
Cl( 3, 3) in Cl( 3, 3) CPU =        0.007 ms (setup)        0.040 (comm)        0.042 (pade)        0.053 (series)        0.010 (mix)        0.005 (add) 
Cl( 4, 3) in Cl( 4, 3) CPU =        0.015 ms (setup)        0.117 (comm)        0.143 (pade)        0.173 (series)        0.026 (mix)        0.011 (add) 
Cl( 4, 4) in Cl( 4, 4) CPU =        0.033 ms (setup)        0.447 (comm)        0.192 (pade)        0.735 (series)        0.068 (mix)        0.029 (add) 
Cl( 1, 0) in Cl( 4, 4) CPU =        0.001 ms (setup)        0.002 (comm)        0.003 (pade)        0.002 (series)        0.001 (mix)        0.001 (add) 
Cl( 1, 1) in Cl( 4, 4) CPU =        0.001 ms (setup)        0.003 (comm)        0.003 (pade)        0.003 (series)        0.001 (mix)        0.001 (add) 
Cl( 2, 1) in Cl( 4, 4) CPU =        0.001 ms (setup)        0.004 (comm)        0.006 (pade)        0.004 (series)        0.001 (mix)        0.002 (add) 
Cl( 2, 2) in Cl( 4, 4) CPU =        0.002 ms (setup)        0.007 (comm)        0.008 (pade)        0.007 (series)        0.003 (mix)        0.002 (add) 
Cl( 3, 2) in Cl( 4, 4) CPU =        0.004 ms (setup)        0.015 (comm)        0.026 (pade)        0.018 (series)        0.005 (mix)        0.003 (add) 
Cl( 3, 3) in Cl( 4, 4) CPU =        0.007 ms (setup)        0.049 (comm)        0.037 (pade)        0.054 (series)        0.011 (mix)        0.005 (add) 
Cl( 4, 3) in Cl( 4, 4) CPU =        0.015 ms (setup)        0.116 (comm)        0.144 (pade)        0.175 (series)        0.026 (mix)        0.011 (add) 
Cl( 4, 4) in Cl( 4, 4) CPU =        0.036 ms (setup)        0.447 (comm)        0.188 (pade)        0.733 (series)        0.068 (mix)        0.028 (add) 

matrix_multi<float,-4,4>
Clifford algebra expressions test:
Fill: 0.5
Cl( 1, 0) in Cl( 1, 0) CPU =        0.004 ms (setup)        0.004 (comm)        0.002 (pade)        0.003 (series)        0.003 (mix)        0.002 (add) 
Cl( 1, 1) in Cl( 1, 1) CPU =        0.002 ms (setup)        0.007 (comm)        0.001 (pade)        0.001 (series)        0.005 (mix)        0.001 (add) 
Cl( 2, 1) in Cl( 2, 1) CPU =        0.002 ms (setup)        0.024 (comm)        0.002 (pade)        0.001 (series)        0.022 (mix)        0.001 (add) 
Cl( 2, 2) in Cl( 2, 2) CPU =        0.003 ms (setup)        0.033 (comm)        0.001 (pade)        0.001 (series)        0.040 (mix)        0.001 (add) 
Cl( 3, 2) in Cl( 3, 2) CPU =        0.012 ms (setup)        0.120 (comm)        0.002 (pade)        0.002 (series)        0.115 (mix)        0.001 (add) 
Cl( 3, 3) in Cl( 3, 3) CPU =        0.021 ms (setup)        0.182 (comm)        0.002 (pade)        0.002 (series)        0.184 (mix)        0.001 (add) 
Cl( 4, 3) in Cl( 4, 3) CPU =        0.049 ms (setup)        0.860 (comm)        0.007 (pade)        0.004 (series)        0.848 (mix)        0.001 (add) 
Cl( 4, 4) in Cl( 4, 4) CPU =        0.100 ms (setup)        1.301 (comm)        0.005 (pade)        0.003 (series)        1.303 (mix)        0.001 (add) 
Cl( 1, 0) in Cl( 4, 4) CPU =        0.003 ms (setup)        0.019 (comm)        0.006 (pade)        0.003 (series)        0.016 (mix)        0.001 (add) 
Cl( 1, 1) in Cl( 4, 4) CPU =        0.003 ms (setup)        0.025 (comm)        0.005 (pade)        0.003 (series)        0.022 (mix)        0.001 (add) 
Cl( 2, 1) in Cl( 4, 4) CPU =        0.007 ms (setup)        0.054 (comm)        0.005 (pade)        0.003 (series)        0.053 (mix)        0.001 (add) 
Cl( 2, 2) in Cl( 4, 4) CPU =        0.011 ms (setup)        0.068 (comm)        0.005 (pade)        0.003 (series)        0.066 (mix)        0.001 (add) 
Cl( 3, 2) in Cl( 4, 4) CPU =        0.045 ms (setup)        0.189 (comm)        0.005 (pade)        0.003 (series)        0.186 (mix)        0.001 (add) 
Cl( 3, 3) in Cl( 4, 4) CPU =        0.070 ms (setup)        0.276 (comm)        0.005 (pade)        0.003 (series)        0.276 (mix)        0.001 (add) 
Cl( 4, 3) in Cl( 4, 4) CPU =        0.188 ms (setup)        0.818 (comm)        0.005 (pade)        0.003 (series)        0.798 (mix)        0.001 (add) 
Cl( 4, 4) in Cl( 4, 4) CPU =        0.097 ms (setup)        1.333 (comm)        0.006 (pade)        0.003 (series)        1.325 (mix)        0.001 (add) 
Fill: 1
Cl( 1, 0) in Cl( 1, 0) CPU =        0.002 ms (setup)        0.007 (comm)        0.002 (pade)        0.004 (series)        0.005 (mix)        0.002 (add) 
Cl( 1, 1) in Cl( 1, 1) CPU =        0.001 ms (setup)        0.009 (comm)        0.001 (pade)        0.001 (series)        0.008 (mix)        0.001 (add) 
Cl( 2, 1) in Cl( 2, 1) CPU =        0.002 ms (setup)        0.028 (comm)        0.002 (pade)        0.001 (series)        0.026 (mix)        0.001 (add) 
Cl( 2, 2) in Cl( 2, 2) CPU =        0.005 ms (setup)        0.040 (comm)        0.001 (pade)        0.001 (series)        0.048 (mix)        0.001 (add) 
Cl( 3, 2) in Cl( 3, 2) CPU =        0.012 ms (setup)        0.146 (comm)        0.002 (pade)        0.002 (series)        0.147 (mix)        0.001 (add) 
Cl( 3, 3) in Cl( 3, 3) CPU =        0.023 ms (setup)        0.222 (comm)        0.002 (pade)        0.002 (series)        0.215 (mix)        0.001 (add) 
Cl( 4, 3) in Cl( 4, 3) CPU =        0.060 ms (setup)        0.977 (comm)        0.006 (pade)        0.003 (series)        0.962 (mix)        0.001 (add) 
Cl( 4, 4) in Cl( 4, 4) CPU =        0.121 ms (setup)        1.490 (comm)        0.006 (pade)        0.003 (series)        1.476 (mix)        0.001 (add) 
Cl( 1, 0) in Cl( 4, 4) CPU =        0.003 ms (setup)        0.037 (comm)        0.005 (pade)        0.004 (series)        0.033 (mix)        0.001 (add) 
Cl( 1, 1) in Cl( 4, 4) CPU =        0.004 ms (setup)        0.046 (comm)        0.005 (pade)        0.003 (series)        0.045 (mix)        0.001 (add) 
Cl( 2, 1) in Cl( 4, 4) CPU =        0.008 ms (setup)        0.066 (comm)        0.005 (pade)        0.003 (series)        0.073 (mix)        0.001 (add) 
Cl( 2, 2) in Cl( 4, 4) CPU =        0.020 ms (setup)        0.097 (comm)        0.005 (pade)        0.003 (series)        0.095 (mix)        0.001 (add) 
Cl( 3, 2) in Cl( 4, 4) CPU =        0.046 ms (setup)        0.207 (comm)        0.005 (pade)        0.003 (series)        0.210 (mix)        0.001 (add) 
Cl( 3, 3) in Cl( 4, 4) CPU =        0.077 ms (setup)        0.332 (comm)        0.005 (pade)        0.004 (series)        0.330 (mix)        0.001 (add) 
Cl( 4, 3) in Cl( 4, 4) CPU =        0.221 ms (setup)        1.028 (comm)        0.005 (pade)        0.003 (series)        1.015 (mix)        0.001 (add) 
Cl( 4, 4) in Cl( 4, 4) CPU =        0.120 ms (setup)        1.476 (comm)        0.005 (pade)        0.003 (series)        1.474 (mix)        0.001 (add) 

framed_multi<double>
Clifford algebra expressions test:
Fill: 0.5
Cl( 1, 0) in Cl( 1, 0) CPU =        0.001 ms (setup)        0.002 (comm)        0.020 (pade)        0.010 (series)        0.002 (mix)        0.002 (add) 
Cl( 1, 1) in Cl( 1, 1) CPU =        0.002 ms (setup)        0.002 (comm)        0.004 (pade)        0.001 (series)        0.001 (mix)        0.002 (add) 
Cl( 2, 1) in Cl( 2, 1) CPU =        0.002 ms (setup)        0.007 (comm)        0.012 (pade)        0.009 (series)        0.003 (mix)        0.002 (add) 
Cl( 2, 2) in Cl( 2, 2) CPU =        0.004 ms (setup)        0.009 (comm)        0.011 (pade)        0.007 (series)        0.002 (mix)        0.001 (add) 
Cl( 3, 2) in Cl( 3, 2) CPU =        0.003 ms (setup)        0.011 (comm)        0.029 (pade)        0.011 (series)        0.004 (mix)        0.002 (add) 
Cl( 3, 3) in Cl( 3, 3) CPU =        0.007 ms (setup)        0.030 (comm)        0.032 (pade)        0.046 (series)        0.007 (mix)        0.003 (add) 
Cl( 4, 3) in Cl( 4, 3) CPU =        0.014 ms (setup)        0.077 (comm)        0.117 (pade)        0.141 (series)        0.021 (mix)        0.004 (add) 
Cl( 4, 4) in Cl( 4, 4) CPU =        0.027 ms (setup)        0.382 (comm)        0.157 (pade)        0.589 (series)        0.064 (mix)        0.007 (add) 
Cl( 5, 4) in Cl( 5, 4) CPU =        0.054 ms (setup)        1.359 (comm)        3.774 (pade)       10.477 (series)        0.244 (mix)        0.014 (add) 
Cl( 5, 5) in Cl( 5, 5) CPU =        0.113 ms (setup)        2.241 (comm)        4.351 (pade)        5.411 (series)        0.745 (mix)        0.028 (add) 
Cl( 6, 5) in Cl( 6, 5) CPU =        0.241 ms (setup)        7.260 (comm)       23.966 (pade)       10.978 (series)        2.001 (mix)        0.072 (add) 
Cl( 6, 6) in Cl( 6, 6) CPU =        0.489 ms (setup)       13.035 (comm)       35.185 (pade)       15.498 (series)        5.825 (mix)        0.135 (add) 
Cl( 7, 6) in Cl( 7, 6) CPU =        0.999 ms (setup)      106.993 (comm)       45.685 (pade)      179.698 (series)       16.877 (mix)        0.243 (add) 
Cl( 7, 7) in Cl( 7, 7) CPU =        1.986 ms (setup)      151.157 (comm)       51.595 (pade)      202.560 (series)       51.363 (mix)        0.507 (add) 
Cl( 8, 7) in Cl( 8, 7) CPU =        4.131 ms (setup)      339.505 (comm)      106.693 (pade)      396.341 (series)      148.342 (mix)        1.058 (add) 
Cl( 8, 8) in Cl( 8, 8) CPU =        8.207 ms (setup)      692.888 (comm)      138.828 (pade)      515.742 (series)      455.494 (mix)        2.255 (add) 
Cl( 1, 0) in Cl( 8, 8) CPU =        0.002 ms (setup)        0.002 (comm)        0.004 (pade)        0.004 (series)        0.002 (mix)        0.001 (add) 
Cl( 1, 1) in Cl( 8, 8) CPU =        0.001 ms (setup)        0.001 (comm)        0.004 (pade)        0.001 (series)        0.000 (mix)        0.001 (add) 
Cl( 2, 1) in Cl( 8, 8) CPU =        0.001 ms (setup)        0.004 (comm)        0.006 (pade)        0.004 (series)        0.001 (mix)        0.001 (add) 
Cl( 2, 2) in Cl( 8, 8) CPU =        0.002 ms (setup)        0.006 (comm)        0.006 (pade)        0.006 (series)        0.002 (mix)        0.001 (add) 
Cl( 3, 2) in Cl( 8, 8) CPU =        0.003 ms (setup)        0.009 (comm)        0.019 (pade)        0.010 (series)        0.003 (mix)        0.001 (add) 
Cl( 3, 3) in Cl( 8, 8) CPU =        0.007 ms (setup)        0.032 (comm)        0.033 (pade)        0.045 (series)        0.008 (mix)        0.002 (add) 
Cl( 4, 3) in Cl( 8, 8) CPU =        0.013 ms (setup)        0.080 (comm)        0.118 (pade)        0.143 (series)        0.022 (mix)        0.005 (add) 
Cl( 4, 4) in Cl( 8, 8) CPU =        0.027 ms (setup)        0.387 (comm)        0.158 (pade)        0.596 (series)        0.075 (mix)        0.009 (add) 
Cl( 5, 4) in Cl( 8, 8) CPU =        0.056 ms (setup)        1.336 (comm)        5.841 (pade)        8.598 (series)        0.241 (mix)        0.013 (add) 
Cl( 5, 5) in Cl( 8, 8) CPU =        0.113 ms (setup)        2.180 (comm)        4.335 (pade)        5.295 (series)        0.696 (mix)        0.026 (add) 
Cl( 6, 5) in Cl( 8, 8) CPU =        0.240 ms (setup)        7.226 (comm)       23.939 (pade)       11.013 (series)        1.978 (mix)        0.053 (add) 
Cl( 6, 6) in Cl( 8, 8) CPU =        0.476 ms (setup)       12.919 (comm)       35.589 (pade)       15.412 (series)        5.738 (mix)        0.116 (add) 
Cl( 7, 6) in Cl( 8, 8) CPU =        0.981 ms (setup)      105.232 (comm)       51.440 (pade)      178.496 (series)       17.062 (mix)        0.236 (add) 
Cl( 7, 7) in Cl( 8, 8) CPU =        1.992 ms (setup)      149.424 (comm)       53.644 (pade)      200.686 (series)       50.829 (mix)        0.490 (add) 
Cl( 8, 7) in Cl( 8, 8) CPU =        4.051 ms (setup)      340.659 (comm)      108.021 (pade)      396.611 (series)      153.339 (mix)        1.075 (add) 
Cl( 8, 8) in Cl( 8, 8) CPU =        8.243 ms (setup)      690.089 (comm)      136.667 (pade)      515.034 (series)      454.794 (mix)        2.313 (add) 
Fill: 1
Cl( 1, 0) in Cl( 1, 0) CPU =        0.001 ms (setup)        0.004 (comm)        0.005 (pade)        0.005 (series)        0.001 (mix)        0.001 (add) 
Cl( 1, 1) in Cl( 1, 1) CPU =        0.001 ms (setup)        0.003 (comm)        0.003 (pade)        0.003 (series)        0.001 (mix)        0.001 (add) 
Cl( 2, 1) in Cl( 2, 1) CPU =        0.001 ms (setup)        0.004 (comm)        0.007 (pade)        0.005 (series)        0.002 (mix)        0.001 (add) 
Cl( 2, 2) in Cl( 2, 2) CPU =        0.003 ms (setup)        0.007 (comm)        0.008 (pade)        0.009 (series)        0.003 (mix)        0.001 (add) 
Cl( 3, 2) in Cl( 3, 2) CPU =        0.005 ms (setup)        0.018 (comm)        0.026 (pade)        0.026 (series)        0.005 (mix)        0.002 (add) 
Cl( 3, 3) in Cl( 3, 3) CPU =        0.010 ms (setup)        0.053 (comm)        0.036 (pade)        0.077 (series)        0.013 (mix)        0.003 (add) 
Cl( 4, 3) in Cl( 4, 3) CPU =        0.018 ms (setup)        0.179 (comm)        0.131 (pade)        0.264 (series)        0.034 (mix)        0.005 (add) 
Cl( 4, 4) in Cl( 4, 4) CPU =        0.035 ms (setup)        0.460 (comm)        0.178 (pade)        0.692 (series)        0.098 (mix)        0.009 (add) 
Cl( 5, 4) in Cl( 5, 4) CPU =        0.075 ms (setup)        1.520 (comm)        6.064 (pade)        9.533 (series)        0.256 (mix)        0.018 (add) 
Cl( 5, 5) in Cl( 5, 5) CPU =        0.164 ms (setup)        2.511 (comm)        7.795 (pade)        6.915 (series)        0.689 (mix)        0.034 (add) 
Cl( 6, 5) in Cl( 6, 5) CPU =        0.359 ms (setup)        8.171 (comm)       27.747 (pade)       12.452 (series)        1.887 (mix)        0.068 (add) 
Cl( 6, 6) in Cl( 6, 6) CPU =        0.734 ms (setup)       14.529 (comm)       33.764 (pade)       18.358 (series)        5.375 (mix)        0.135 (add) 
Cl( 7, 6) in Cl( 7, 6) CPU =        1.446 ms (setup)      108.553 (comm)       48.211 (pade)      188.273 (series)       15.243 (mix)        0.279 (add) 
Cl( 7, 7) in Cl( 7, 7) CPU =        2.950 ms (setup)      153.583 (comm)       55.882 (pade)      228.584 (series)       44.035 (mix)        0.582 (add) 
Cl( 8, 7) in Cl( 8, 7) CPU =        7.077 ms (setup)      346.639 (comm)      126.112 (pade)      441.291 (series)      131.315 (mix)        1.274 (add) 
Cl( 8, 8) in Cl( 8, 8) CPU =       13.436 ms (setup)      697.412 (comm)      165.257 (pade)      618.818 (series)      386.940 (mix)        6.835 (add) 
Cl( 1, 0) in Cl( 8, 8) CPU =        0.001 ms (setup)        0.004 (comm)        0.005 (pade)        0.005 (series)        0.001 (mix)        0.001 (add) 
Cl( 1, 1) in Cl( 8, 8) CPU =        0.002 ms (setup)        0.003 (comm)        0.003 (pade)        0.003 (series)        0.001 (mix)        0.001 (add) 
Cl( 2, 1) in Cl( 8, 8) CPU =        0.002 ms (setup)        0.004 (comm)        0.007 (pade)        0.004 (series)        0.002 (mix)        0.001 (add) 
Cl( 2, 2) in Cl( 8, 8) CPU =        0.002 ms (setup)        0.007 (comm)        0.007 (pade)        0.009 (series)        0.003 (mix)        0.001 (add) 
Cl( 3, 2) in Cl( 8, 8) CPU =        0.005 ms (setup)        0.018 (comm)        0.026 (pade)        0.025 (series)        0.005 (mix)        0.002 (add) 
Cl( 3, 3) in Cl( 8, 8) CPU =        0.009 ms (setup)        0.053 (comm)        0.036 (pade)        0.076 (series)        0.013 (mix)        0.003 (add) 
Cl( 4, 3) in Cl( 8, 8) CPU =        0.018 ms (setup)        0.168 (comm)        0.128 (pade)        0.263 (series)        0.034 (mix)        0.005 (add) 
Cl( 4, 4) in Cl( 8, 8) CPU =        0.034 ms (setup)        0.452 (comm)        0.181 (pade)        0.689 (series)        0.092 (mix)        0.009 (add) 
Cl( 5, 4) in Cl( 8, 8) CPU =        0.072 ms (setup)        1.502 (comm)        4.162 (pade)        8.802 (series)        0.258 (mix)        0.018 (add) 
Cl( 5, 5) in Cl( 8, 8) CPU =        0.157 ms (setup)        2.592 (comm)        7.595 (pade)        4.069 (series)        0.713 (mix)        0.035 (add) 
Cl( 6, 5) in Cl( 8, 8) CPU =        0.365 ms (setup)        8.401 (comm)       24.198 (pade)       12.456 (series)        1.909 (mix)        0.068 (add) 
Cl( 6, 6) in Cl( 8, 8) CPU =        0.708 ms (setup)       14.629 (comm)       36.989 (pade)       18.468 (series)        5.454 (mix)        0.137 (add) 
Cl( 7, 6) in Cl( 8, 8) CPU =        1.451 ms (setup)      111.438 (comm)       47.444 (pade)      191.480 (series)       15.362 (mix)        0.288 (add) 
Cl( 7, 7) in Cl( 8, 8) CPU =        2.948 ms (setup)      155.575 (comm)       57.057 (pade)      219.953 (series)       44.186 (mix)        0.661 (add) 
Cl( 8, 7) in Cl( 8, 8) CPU =        6.092 ms (setup)      348.703 (comm)      124.261 (pade)      441.032 (series)      128.240 (mix)        2.731 (add) 
Cl( 8, 8) in Cl( 8, 8) CPU =       12.443 ms (setup)      705.402 (comm)      166.564 (pade)      617.744 (series)      390.010 (mix)        6.631 (add) 

matrix_multi<double>
Clifford algebra expressions test:
Fill: 0.5
Cl( 1, 0) in Cl( 1, 0) CPU =        0.005 ms (setup)        0.005 (comm)        0.002 (pade)        0.003 (series)        0.003 (mix)        0.002 (add) 
Cl( 1, 1) in Cl( 1, 1) CPU =        0.006 ms (setup)        0.003 (comm)        0.001 (pade)        0.001 (series)        0.003 (mix)        0.000 (add) 
Cl( 2, 1) in Cl( 2, 1) CPU =        0.002 ms (setup)        0.022 (comm)        0.001 (pade)        0.001 (series)        0.020 (mix)        0.001 (add) 
Cl( 2, 2) in Cl( 2, 2) CPU =        0.003 ms (setup)        0.032 (comm)        0.001 (pade)        0.001 (series)        0.031 (mix)        0.001 (add) 
Cl( 3, 2) in Cl( 3, 2) CPU =        0.014 ms (setup)        0.102 (comm)        0.002 (pade)        0.002 (series)        0.096 (mix)        0.001 (add) 
Cl( 3, 3) in Cl( 3, 3) CPU =        0.020 ms (setup)        0.173 (comm)        0.002 (pade)        0.001 (series)        0.158 (mix)        0.001 (add) 
Cl( 4, 3) in Cl( 4, 3) CPU =        0.052 ms (setup)        0.809 (comm)        0.006 (pade)        0.003 (series)        0.811 (mix)        0.001 (add) 
Cl( 4, 4) in Cl( 4, 4) CPU =        0.104 ms (setup)        1.262 (comm)        0.005 (pade)        0.003 (series)        1.245 (mix)        0.001 (add) 
Cl( 5, 4) in Cl( 5, 4) CPU =        0.230 ms (setup)        4.950 (comm)        0.021 (pade)        0.009 (series)        5.820 (mix)        0.002 (add) 
Cl( 5, 5) in Cl( 5, 5) CPU =        0.462 ms (setup)        7.369 (comm)        0.021 (pade)        0.009 (series)        7.359 (mix)        0.002 (add) 
Cl( 6, 5) in Cl( 6, 5) CPU =        1.095 ms (setup)       27.355 (comm)        0.093 (pade)        0.048 (series)       27.224 (mix)        0.005 (add) 
Cl( 6, 6) in Cl( 6, 6) CPU =        2.123 ms (setup)       40.044 (comm)        0.095 (pade)        0.049 (series)       38.348 (mix)        0.006 (add) 
Cl( 7, 6) in Cl( 7, 6) CPU =        5.000 ms (setup)      290.659 (comm)        3.442 (pade)        3.702 (series)      256.310 (mix)        0.019 (add) 
Cl( 7, 7) in Cl( 7, 7) CPU =       10.056 ms (setup)      353.473 (comm)        3.933 (pade)        3.688 (series)      319.462 (mix)        0.020 (add) 
Cl( 8, 7) in Cl( 8, 7) CPU =       26.878 ms (setup)     1527.949 (comm)       29.285 (pade)       11.796 (series)     1456.443 (mix)        0.100 (add) 
Cl( 8, 8) in Cl( 8, 8) CPU =       51.963 ms (setup)     1650.736 (comm)       35.192 (pade)        8.267 (series)     1600.571 (mix)        0.111 (add) 
Cl( 1, 0) in Cl( 8, 8) CPU =        0.014 ms (setup)       58.908 (comm)       37.438 (pade)        8.243 (series)       18.089 (mix)        0.125 (add) 
Cl( 1, 1) in Cl( 8, 8) CPU =        0.026 ms (setup)       92.468 (comm)       36.608 (pade)       11.735 (series)       62.279 (mix)        0.092 (add) 
Cl( 2, 1) in Cl( 8, 8) CPU =        0.055 ms (setup)      140.024 (comm)       35.947 (pade)        8.204 (series)      122.421 (mix)        0.101 (add) 
Cl( 2, 2) in Cl( 8, 8) CPU =        0.106 ms (setup)      177.174 (comm)       37.005 (pade)       11.717 (series)      148.569 (mix)        0.096 (add) 
Cl( 3, 2) in Cl( 8, 8) CPU =        0.520 ms (setup)      198.760 (comm)       35.857 (pade)        8.360 (series)      181.304 (mix)        0.100 (add) 
Cl( 3, 3) in Cl( 8, 8) CPU =        0.742 ms (setup)      244.710 (comm)       35.864 (pade)        8.215 (series)      216.175 (mix)        0.093 (add) 
Cl( 4, 3) in Cl( 8, 8) CPU =        0.843 ms (setup)      262.186 (comm)       37.724 (pade)       11.735 (series)      219.542 (mix)        0.095 (add) 
Cl( 4, 4) in Cl( 8, 8) CPU =        1.040 ms (setup)      311.245 (comm)       36.910 (pade)       11.765 (series)      265.921 (mix)        0.093 (add) 
Cl( 5, 4) in Cl( 8, 8) CPU =        1.535 ms (setup)      374.779 (comm)       37.104 (pade)       11.900 (series)      335.606 (mix)        0.094 (add) 
Cl( 5, 5) in Cl( 8, 8) CPU =        2.375 ms (setup)      409.144 (comm)       36.730 (pade)        4.280 (series)      379.737 (mix)        0.093 (add) 
Cl( 6, 5) in Cl( 8, 8) CPU =        4.947 ms (setup)      501.076 (comm)       34.932 (pade)        8.142 (series)      464.178 (mix)        0.096 (add) 
Cl( 6, 6) in Cl( 8, 8) CPU =        8.653 ms (setup)      537.760 (comm)       35.862 (pade)        8.223 (series)      505.969 (mix)        0.091 (add) 
Cl( 7, 6) in Cl( 8, 8) CPU =       20.178 ms (setup)      681.219 (comm)       36.921 (pade)       11.684 (series)      647.484 (mix)        0.094 (add) 
Cl( 7, 7) in Cl( 8, 8) CPU =       38.163 ms (setup)      839.906 (comm)       36.533 (pade)        7.805 (series)      790.983 (mix)        0.098 (add) 
Cl( 8, 7) in Cl( 8, 8) CPU =       90.599 ms (setup)     1383.306 (comm)       39.428 (pade)        7.867 (series)     1345.641 (mix)        0.095 (add) 
Cl( 8, 8) in Cl( 8, 8) CPU =       53.035 ms (setup)     1634.259 (comm)       36.930 (pade)       11.798 (series)     1572.336 (mix)        0.120 (add) 
Fill: 1
Cl( 1, 0) in Cl( 1, 0) CPU =        0.002 ms (setup)        0.007 (comm)        0.002 (pade)        0.002 (series)        0.005 (mix)        0.002 (add) 
Cl( 1, 1) in Cl( 1, 1) CPU =        0.001 ms (setup)        0.009 (comm)        0.001 (pade)        0.001 (series)        0.007 (mix)        0.001 (add) 
Cl( 2, 1) in Cl( 2, 1) CPU =        0.002 ms (setup)        0.026 (comm)        0.002 (pade)        0.001 (series)        0.025 (mix)        0.001 (add) 
Cl( 2, 2) in Cl( 2, 2) CPU =        0.005 ms (setup)        0.039 (comm)        0.002 (pade)        0.001 (series)        0.038 (mix)        0.000 (add) 
Cl( 3, 2) in Cl( 3, 2) CPU =        0.013 ms (setup)        0.130 (comm)        0.002 (pade)        0.002 (series)        0.127 (mix)        0.001 (add) 
Cl( 3, 3) in Cl( 3, 3) CPU =        0.024 ms (setup)        0.210 (comm)        0.002 (pade)        0.002 (series)        0.214 (mix)        0.001 (add) 
Cl( 4, 3) in Cl( 4, 3) CPU =        0.064 ms (setup)        0.978 (comm)        0.006 (pade)        0.004 (series)        0.959 (mix)        0.001 (add) 
Cl( 4, 4) in Cl( 4, 4) CPU =        0.128 ms (setup)        1.435 (comm)        0.007 (pade)        0.004 (series)        1.427 (mix)        0.001 (add) 
Cl( 5, 4) in Cl( 5, 4) CPU =        0.331 ms (setup)        5.515 (comm)        0.021 (pade)        0.009 (series)        5.495 (mix)        0.002 (add) 
Cl( 5, 5) in Cl( 5, 5) CPU =        0.645 ms (setup)        8.079 (comm)        0.019 (pade)        0.009 (series)        8.005 (mix)        0.002 (add) 
Cl( 6, 5) in Cl( 6, 5) CPU =        1.702 ms (setup)       30.021 (comm)        0.094 (pade)        0.048 (series)       31.305 (mix)        0.006 (add) 
Cl( 6, 6) in Cl( 6, 6) CPU =        3.373 ms (setup)       41.635 (comm)        0.281 (pade)        0.047 (series)       41.880 (mix)        0.010 (add) 
Cl( 7, 6) in Cl( 7, 6) CPU =        7.998 ms (setup)      353.308 (comm)        5.013 (pade)        0.180 (series)      308.371 (mix)        0.021 (add) 
Cl( 7, 7) in Cl( 7, 7) CPU =       16.152 ms (setup)      376.488 (comm)        3.238 (pade)        3.719 (series)      341.690 (mix)        0.021 (add) 
Cl( 8, 7) in Cl( 8, 7) CPU =       45.219 ms (setup)     1582.988 (comm)       29.387 (pade)       11.815 (series)     1501.880 (mix)        0.097 (add) 
Cl( 8, 8) in Cl( 8, 8) CPU =       88.630 ms (setup)     1783.541 (comm)       35.627 (pade)       11.854 (series)     1757.647 (mix)        0.100 (add) 
Cl( 1, 0) in Cl( 8, 8) CPU =        0.022 ms (setup)      115.209 (comm)       37.988 (pade)        8.206 (series)       98.201 (mix)        0.094 (add) 
Cl( 1, 1) in Cl( 8, 8) CPU =        0.037 ms (setup)      132.690 (comm)       34.706 (pade)       11.783 (series)      114.192 (mix)        0.095 (add) 
Cl( 2, 1) in Cl( 8, 8) CPU =        0.085 ms (setup)      162.367 (comm)       35.900 (pade)        8.226 (series)      133.218 (mix)        0.096 (add) 
Cl( 2, 2) in Cl( 8, 8) CPU =        0.688 ms (setup)      179.204 (comm)       36.403 (pade)       11.851 (series)      159.311 (mix)        0.098 (add) 
Cl( 3, 2) in Cl( 8, 8) CPU =        0.720 ms (setup)      210.258 (comm)       35.947 (pade)        4.284 (series)      186.846 (mix)        0.097 (add) 
Cl( 3, 3) in Cl( 8, 8) CPU =        0.745 ms (setup)      260.533 (comm)       37.123 (pade)        7.794 (series)      224.215 (mix)        0.090 (add) 
Cl( 4, 3) in Cl( 8, 8) CPU =        0.893 ms (setup)      315.653 (comm)       37.701 (pade)        8.133 (series)      277.114 (mix)        0.097 (add) 
Cl( 4, 4) in Cl( 8, 8) CPU =        1.122 ms (setup)      361.920 (comm)       35.954 (pade)        7.800 (series)      324.802 (mix)        0.093 (add) 
Cl( 5, 4) in Cl( 8, 8) CPU =        1.814 ms (setup)      418.253 (comm)       39.314 (pade)        7.796 (series)      376.474 (mix)        0.098 (add) 
Cl( 5, 5) in Cl( 8, 8) CPU =        2.930 ms (setup)      462.408 (comm)       35.663 (pade)        8.158 (series)      426.934 (mix)        0.096 (add) 
Cl( 6, 5) in Cl( 8, 8) CPU =        7.473 ms (setup)      536.841 (comm)       36.276 (pade)        8.184 (series)      502.891 (mix)        0.093 (add) 
Cl( 6, 6) in Cl( 8, 8) CPU =       12.723 ms (setup)      603.174 (comm)       37.541 (pade)        8.253 (series)      563.195 (mix)        0.095 (add) 
Cl( 7, 6) in Cl( 8, 8) CPU =       27.224 ms (setup)      780.883 (comm)       35.954 (pade)        4.340 (series)      736.255 (mix)        0.098 (add) 
Cl( 7, 7) in Cl( 8, 8) CPU =       51.479 ms (setup)      894.706 (comm)       36.428 (pade)        4.290 (series)      866.503 (mix)        0.093 (add) 
Cl( 8, 7) in Cl( 8, 8) CPU =      129.648 ms (setup)     1472.138 (comm)       36.414 (pade)        4.285 (series)     1429.251 (mix)        0.100 (add) 
Cl( 8, 8) in Cl( 8, 8) CPU =       87.383 ms (setup)     1789.284 (comm)       38.668 (pade)        4.313 (series)     1739.904 (mix)        0.105 (add) 
