
framed_multi<float,-4,4>
Clifford algebra products test:
Fill: 0.5
Cl( 1, 0) in Cl( 1, 0) CPU =        0.001 ms (setup)        0.001 (*)        0.003 (^)        0.001 (&)        0.001 (%) 
Cl( 1, 1) in Cl( 1, 1) CPU =        0.001 ms (setup)        0.001 (*)        0.001 (^)        0.001 (&)        0.001 (%) 
Cl( 2, 1) in Cl( 2, 1) CPU =        0.001 ms (setup)        0.001 (*)        0.002 (^)        0.001 (&)        0.001 (%) 
Cl( 2, 2) in Cl( 2, 2) CPU =        0.002 ms (setup)        0.002 (*)        0.002 (^)        0.001 (&)        0.001 (%) 
Cl( 3, 2) in Cl( 3, 2) CPU =        0.003 ms (setup)        0.003 (*)        0.003 (^)        0.002 (&)        0.002 (%) 
Cl( 3, 3) in Cl( 3, 3) CPU =        0.004 ms (setup)        0.008 (*)        0.005 (^)        0.003 (&)        0.003 (%) 
Cl( 4, 3) in Cl( 4, 3) CPU =        0.007 ms (setup)        0.021 (*)        0.013 (^)        0.008 (&)        0.006 (%) 
Cl( 4, 4) in Cl( 4, 4) CPU =        0.013 ms (setup)        0.153 (*)        0.033 (^)        0.022 (&)        0.015 (%) 
Cl( 1, 0) in Cl( 4, 4) CPU =        0.001 ms (setup)        0.000 (*)        0.001 (^)        0.001 (&)        0.001 (%) 
Cl( 1, 1) in Cl( 4, 4) CPU =        0.001 ms (setup)        0.000 (*)        0.001 (^)        0.001 (&)        0.001 (%) 
Cl( 2, 1) in Cl( 4, 4) CPU =        0.001 ms (setup)        0.001 (*)        0.001 (^)        0.001 (&)        0.001 (%) 
Cl( 2, 2) in Cl( 4, 4) CPU =        0.001 ms (setup)        0.002 (*)        0.002 (^)        0.001 (&)        0.001 (%) 
Cl( 3, 2) in Cl( 4, 4) CPU =        0.002 ms (setup)        0.003 (*)        0.003 (^)        0.002 (&)        0.002 (%) 
Cl( 3, 3) in Cl( 4, 4) CPU =        0.004 ms (setup)        0.007 (*)        0.008 (^)        0.003 (&)        0.003 (%) 
Cl( 4, 3) in Cl( 4, 4) CPU =        0.007 ms (setup)        0.021 (*)        0.012 (^)        0.008 (&)        0.006 (%) 
Cl( 4, 4) in Cl( 4, 4) CPU =        0.013 ms (setup)        0.147 (*)        0.035 (^)        0.021 (&)        0.021 (%) 
Fill: 1
Cl( 1, 0) in Cl( 1, 0) CPU =        0.002 ms (setup)        0.001 (*)        0.002 (^)        0.001 (&)        0.001 (%) 
Cl( 1, 1) in Cl( 1, 1) CPU =        0.001 ms (setup)        0.001 (*)        0.001 (^)        0.001 (&)        0.001 (%) 
Cl( 2, 1) in Cl( 2, 1) CPU =        0.001 ms (setup)        0.001 (*)        0.001 (^)        0.001 (&)        0.001 (%) 
Cl( 2, 2) in Cl( 2, 2) CPU =        0.001 ms (setup)        0.002 (*)        0.002 (^)        0.001 (&)        0.001 (%) 
Cl( 3, 2) in Cl( 3, 2) CPU =        0.002 ms (setup)        0.005 (*)        0.003 (^)        0.003 (&)        0.002 (%) 
Cl( 3, 3) in Cl( 3, 3) CPU =        0.005 ms (setup)        0.013 (*)        0.005 (^)        0.005 (&)        0.005 (%) 
Cl( 4, 3) in Cl( 4, 3) CPU =        0.009 ms (setup)        0.045 (*)        0.011 (^)        0.014 (&)        0.013 (%) 
Cl( 4, 4) in Cl( 4, 4) CPU =        0.018 ms (setup)        0.190 (*)        0.027 (^)        0.039 (&)        0.026 (%) 
Cl( 1, 0) in Cl( 4, 4) CPU =        0.001 ms (setup)        0.001 (*)        0.001 (^)        0.000 (&)        0.001 (%) 
Cl( 1, 1) in Cl( 4, 4) CPU =        0.001 ms (setup)        0.001 (*)        0.001 (^)        0.001 (&)        0.001 (%) 
Cl( 2, 1) in Cl( 4, 4) CPU =        0.001 ms (setup)        0.002 (*)        0.001 (^)        0.001 (&)        0.001 (%) 
Cl( 2, 2) in Cl( 4, 4) CPU =        0.001 ms (setup)        0.002 (*)        0.002 (^)        0.001 (&)        0.002 (%) 
Cl( 3, 2) in Cl( 4, 4) CPU =        0.002 ms (setup)        0.005 (*)        0.003 (^)        0.003 (&)        0.002 (%) 
Cl( 3, 3) in Cl( 4, 4) CPU =        0.005 ms (setup)        0.014 (*)        0.005 (^)        0.005 (&)        0.005 (%) 
Cl( 4, 3) in Cl( 4, 4) CPU =        0.008 ms (setup)        0.045 (*)        0.015 (^)        0.015 (&)        0.011 (%) 
Cl( 4, 4) in Cl( 4, 4) CPU =        0.018 ms (setup)        0.181 (*)        0.027 (^)        0.039 (&)        0.036 (%) 

matrix_multi<float,-4,4>
Clifford algebra products test:
Fill: 0.5
Cl( 1, 0) in Cl( 1, 0) CPU =        0.018 ms (setup)        0.001 (*)        0.004 (^)        0.003 (&)        0.004 (%) 
Cl( 1, 1) in Cl( 1, 1) CPU =        0.002 ms (setup)        0.001 (*)        0.002 (^)        0.003 (&)        0.003 (%) 
Cl( 2, 1) in Cl( 2, 1) CPU =        0.001 ms (setup)        0.001 (*)        0.004 (^)        0.007 (&)        0.007 (%) 
Cl( 2, 2) in Cl( 2, 2) CPU =        0.004 ms (setup)        0.001 (*)        0.018 (^)        0.011 (&)        0.015 (%) 
Cl( 3, 2) in Cl( 3, 2) CPU =        0.007 ms (setup)        0.001 (*)        0.065 (^)        0.053 (&)        0.063 (%) 
Cl( 3, 3) in Cl( 3, 3) CPU =        0.011 ms (setup)        0.001 (*)        0.087 (^)        0.086 (&)        0.085 (%) 
Cl( 4, 3) in Cl( 4, 3) CPU =        0.026 ms (setup)        0.001 (*)        0.385 (^)        0.372 (&)        0.387 (%) 
Cl( 4, 4) in Cl( 4, 4) CPU =        0.051 ms (setup)        0.001 (*)        0.650 (^)        0.640 (&)        0.662 (%) 
Cl( 1, 0) in Cl( 4, 4) CPU =        0.001 ms (setup)        0.001 (*)        0.003 (^)        0.003 (&)        0.003 (%) 
Cl( 1, 1) in Cl( 4, 4) CPU =        0.004 ms (setup)        0.001 (*)        0.026 (^)        0.016 (&)        0.031 (%) 
Cl( 2, 1) in Cl( 4, 4) CPU =        0.005 ms (setup)        0.001 (*)        0.030 (^)        0.020 (&)        0.024 (%) 
Cl( 2, 2) in Cl( 4, 4) CPU =        0.011 ms (setup)        0.001 (*)        0.051 (^)        0.034 (&)        0.041 (%) 
Cl( 3, 2) in Cl( 4, 4) CPU =        0.025 ms (setup)        0.001 (*)        0.073 (^)        0.062 (&)        0.064 (%) 
Cl( 3, 3) in Cl( 4, 4) CPU =        0.036 ms (setup)        0.001 (*)        0.143 (^)        0.113 (&)        0.115 (%) 
Cl( 4, 3) in Cl( 4, 4) CPU =        0.088 ms (setup)        0.001 (*)        0.422 (^)        0.407 (&)        0.408 (%) 
Cl( 4, 4) in Cl( 4, 4) CPU =        0.050 ms (setup)        0.001 (*)        0.621 (^)        0.661 (&)        0.664 (%) 
Fill: 1
Cl( 1, 0) in Cl( 1, 0) CPU =        0.003 ms (setup)        0.001 (*)        0.004 (^)        0.003 (&)        0.004 (%) 
Cl( 1, 1) in Cl( 1, 1) CPU =        0.002 ms (setup)        0.001 (*)        0.005 (^)        0.004 (&)        0.005 (%) 
Cl( 2, 1) in Cl( 2, 1) CPU =        0.001 ms (setup)        0.001 (*)        0.021 (^)        0.013 (&)        0.013 (%) 
Cl( 2, 2) in Cl( 2, 2) CPU =        0.003 ms (setup)        0.001 (*)        0.021 (^)        0.017 (&)        0.021 (%) 
Cl( 3, 2) in Cl( 3, 2) CPU =        0.007 ms (setup)        0.001 (*)        0.069 (^)        0.072 (&)        0.082 (%) 
Cl( 3, 3) in Cl( 3, 3) CPU =        0.013 ms (setup)        0.001 (*)        0.111 (^)        0.104 (&)        0.119 (%) 
Cl( 4, 3) in Cl( 4, 3) CPU =        0.032 ms (setup)        0.001 (*)        0.480 (^)        0.486 (&)        0.490 (%) 
Cl( 4, 4) in Cl( 4, 4) CPU =        0.065 ms (setup)        0.001 (*)        0.745 (^)        0.724 (&)        0.745 (%) 
Cl( 1, 0) in Cl( 4, 4) CPU =        0.003 ms (setup)        0.001 (*)        0.021 (^)        0.015 (&)        0.018 (%) 
Cl( 1, 1) in Cl( 4, 4) CPU =        0.003 ms (setup)        0.001 (*)        0.025 (^)        0.015 (&)        0.022 (%) 
Cl( 2, 1) in Cl( 4, 4) CPU =        0.005 ms (setup)        0.001 (*)        0.046 (^)        0.027 (&)        0.031 (%) 
Cl( 2, 2) in Cl( 4, 4) CPU =        0.011 ms (setup)        0.001 (*)        0.054 (^)        0.036 (&)        0.043 (%) 
Cl( 3, 2) in Cl( 4, 4) CPU =        0.025 ms (setup)        0.001 (*)        0.128 (^)        0.086 (&)        0.091 (%) 
Cl( 3, 3) in Cl( 4, 4) CPU =        0.041 ms (setup)        0.001 (*)        0.176 (^)        0.143 (&)        0.153 (%) 
Cl( 4, 3) in Cl( 4, 4) CPU =        0.110 ms (setup)        0.001 (*)        0.529 (^)        0.489 (&)        0.490 (%) 
Cl( 4, 4) in Cl( 4, 4) CPU =        0.064 ms (setup)        0.001 (*)        0.728 (^)        0.731 (&)        0.746 (%) 

framed_multi<double>
Clifford algebra products test:
Fill: 0.5
Cl( 1, 0) in Cl( 1, 0) CPU =        0.001 ms (setup)        0.001 (*)        0.001 (^)        0.003 (&)        0.002 (%) 
Cl( 1, 1) in Cl( 1, 1) CPU =        0.001 ms (setup)        0.001 (*)        0.001 (^)        0.001 (&)        0.001 (%) 
Cl( 2, 1) in Cl( 2, 1) CPU =        0.001 ms (setup)        0.002 (*)        0.001 (^)        0.002 (&)        0.001 (%) 
Cl( 2, 2) in Cl( 2, 2) CPU =        0.001 ms (setup)        0.002 (*)        0.002 (^)        0.002 (&)        0.002 (%) 
Cl( 3, 2) in Cl( 3, 2) CPU =        0.002 ms (setup)        0.005 (*)        0.002 (^)        0.003 (&)        0.003 (%) 
Cl( 3, 3) in Cl( 3, 3) CPU =        0.003 ms (setup)        0.009 (*)        0.004 (^)        0.007 (&)        0.005 (%) 
Cl( 4, 3) in Cl( 4, 3) CPU =        0.007 ms (setup)        0.028 (*)        0.011 (^)        0.018 (&)        0.013 (%) 
Cl( 4, 4) in Cl( 4, 4) CPU =        0.014 ms (setup)        0.155 (*)        0.026 (^)        0.041 (&)        0.030 (%) 
Cl( 5, 4) in Cl( 5, 4) CPU =        0.028 ms (setup)        0.554 (*)        0.106 (^)        0.142 (&)        0.082 (%) 
Cl( 5, 5) in Cl( 5, 5) CPU =        0.058 ms (setup)        0.734 (*)        0.420 (^)        0.334 (&)        0.202 (%) 
Cl( 6, 5) in Cl( 6, 5) CPU =        0.122 ms (setup)        2.831 (*)        1.240 (^)        0.988 (&)        0.572 (%) 
Cl( 6, 6) in Cl( 6, 6) CPU =        0.240 ms (setup)        3.704 (*)        3.514 (^)        2.792 (&)        1.519 (%) 
Cl( 7, 6) in Cl( 7, 6) CPU =        0.528 ms (setup)       44.531 (*)       10.674 (^)        8.324 (&)        4.532 (%) 
Cl( 7, 7) in Cl( 7, 7) CPU =        1.014 ms (setup)       49.968 (*)       30.886 (^)       24.724 (&)       12.468 (%) 
Cl( 8, 7) in Cl( 8, 7) CPU =        2.097 ms (setup)      101.709 (*)       92.046 (^)       75.212 (&)       36.746 (%) 
Cl( 8, 8) in Cl( 8, 8) CPU =        4.066 ms (setup)      123.709 (*)      276.053 (^)      222.409 (&)      108.737 (%) 
Cl( 1, 0) in Cl( 8, 8) CPU =        0.001 ms (setup)        0.001 (*)        0.001 (^)        0.001 (&)        0.001 (%) 
Cl( 1, 1) in Cl( 8, 8) CPU =        0.001 ms (setup)        0.001 (*)        0.000 (^)        0.001 (&)        0.001 (%) 
Cl( 2, 1) in Cl( 8, 8) CPU =        0.001 ms (setup)        0.001 (*)        0.000 (^)        0.001 (&)        0.000 (%) 
Cl( 2, 2) in Cl( 8, 8) CPU =        0.001 ms (setup)        0.003 (*)        0.001 (^)        0.003 (&)        0.002 (%) 
Cl( 3, 2) in Cl( 8, 8) CPU =        0.002 ms (setup)        0.004 (*)        0.002 (^)        0.003 (&)        0.003 (%) 
Cl( 3, 3) in Cl( 8, 8) CPU =        0.003 ms (setup)        0.009 (*)        0.004 (^)        0.007 (&)        0.005 (%) 
Cl( 4, 3) in Cl( 8, 8) CPU =        0.007 ms (setup)        0.022 (*)        0.009 (^)        0.014 (&)        0.015 (%) 
Cl( 4, 4) in Cl( 8, 8) CPU =        0.015 ms (setup)        0.144 (*)        0.026 (^)        0.049 (&)        0.030 (%) 
Cl( 5, 4) in Cl( 8, 8) CPU =        0.030 ms (setup)        0.522 (*)        0.107 (^)        0.132 (&)        0.079 (%) 
Cl( 5, 5) in Cl( 8, 8) CPU =        0.059 ms (setup)        0.722 (*)        0.406 (^)        0.330 (&)        0.194 (%) 
Cl( 6, 5) in Cl( 8, 8) CPU =        0.126 ms (setup)        2.659 (*)        1.192 (^)        0.970 (&)        0.548 (%) 
Cl( 6, 6) in Cl( 8, 8) CPU =        0.235 ms (setup)        3.616 (*)        3.510 (^)        2.676 (&)        1.446 (%) 
Cl( 7, 6) in Cl( 8, 8) CPU =        0.489 ms (setup)       43.852 (*)       10.346 (^)        8.072 (&)        4.248 (%) 
Cl( 7, 7) in Cl( 8, 8) CPU =        0.986 ms (setup)       53.808 (*)       31.085 (^)       23.966 (&)       12.419 (%) 
Cl( 8, 7) in Cl( 8, 8) CPU =        2.017 ms (setup)       96.529 (*)       92.999 (^)       72.118 (&)       36.633 (%) 
Cl( 8, 8) in Cl( 8, 8) CPU =        4.072 ms (setup)      121.491 (*)      275.070 (^)      223.974 (&)      109.868 (%) 
Fill: 1
Cl( 1, 0) in Cl( 1, 0) CPU =        0.001 ms (setup)        0.001 (*)        0.001 (^)        0.007 (&)        0.002 (%) 
Cl( 1, 1) in Cl( 1, 1) CPU =        0.001 ms (setup)        0.001 (*)        0.001 (^)        0.001 (&)        0.001 (%) 
Cl( 2, 1) in Cl( 2, 1) CPU =        0.001 ms (setup)        0.002 (*)        0.001 (^)        0.002 (&)        0.002 (%) 
Cl( 2, 2) in Cl( 2, 2) CPU =        0.002 ms (setup)        0.004 (*)        0.002 (^)        0.002 (&)        0.002 (%) 
Cl( 3, 2) in Cl( 3, 2) CPU =        0.004 ms (setup)        0.007 (*)        0.003 (^)        0.004 (&)        0.004 (%) 
Cl( 3, 3) in Cl( 3, 3) CPU =        0.005 ms (setup)        0.021 (*)        0.006 (^)        0.009 (&)        0.008 (%) 
Cl( 4, 3) in Cl( 4, 3) CPU =        0.009 ms (setup)        0.069 (*)        0.015 (^)        0.022 (&)        0.018 (%) 
Cl( 4, 4) in Cl( 4, 4) CPU =        0.019 ms (setup)        0.177 (*)        0.034 (^)        0.059 (&)        0.043 (%) 
Cl( 5, 4) in Cl( 5, 4) CPU =        0.039 ms (setup)        0.608 (*)        0.092 (^)        0.151 (&)        0.106 (%) 
Cl( 5, 5) in Cl( 5, 5) CPU =        0.082 ms (setup)        0.883 (*)        0.263 (^)        0.412 (&)        0.275 (%) 
Cl( 6, 5) in Cl( 6, 5) CPU =        0.181 ms (setup)        3.099 (*)        0.713 (^)        1.179 (&)        0.739 (%) 
Cl( 6, 6) in Cl( 6, 6) CPU =        0.359 ms (setup)        4.575 (*)        1.919 (^)        3.391 (&)        1.987 (%) 
Cl( 7, 6) in Cl( 7, 6) CPU =        0.736 ms (setup)       46.624 (*)        5.362 (^)        9.763 (&)        5.560 (%) 
Cl( 7, 7) in Cl( 7, 7) CPU =        1.454 ms (setup)       54.038 (*)       15.150 (^)       29.436 (&)       17.242 (%) 
Cl( 8, 7) in Cl( 8, 7) CPU =        3.154 ms (setup)      109.619 (*)       43.392 (^)       87.733 (&)       46.197 (%) 
Cl( 8, 8) in Cl( 8, 8) CPU =        6.017 ms (setup)      162.330 (*)      128.271 (^)      256.633 (&)      135.526 (%) 
Cl( 1, 0) in Cl( 8, 8) CPU =        0.001 ms (setup)        0.001 (*)        0.001 (^)        0.002 (&)        0.001 (%) 
Cl( 1, 1) in Cl( 8, 8) CPU =        0.001 ms (setup)        0.001 (*)        0.001 (^)        0.001 (&)        0.001 (%) 
Cl( 2, 1) in Cl( 8, 8) CPU =        0.002 ms (setup)        0.001 (*)        0.001 (^)        0.001 (&)        0.001 (%) 
Cl( 2, 2) in Cl( 8, 8) CPU =        0.001 ms (setup)        0.003 (*)        0.002 (^)        0.003 (&)        0.002 (%) 
Cl( 3, 2) in Cl( 8, 8) CPU =        0.003 ms (setup)        0.011 (*)        0.003 (^)        0.004 (&)        0.004 (%) 
Cl( 3, 3) in Cl( 8, 8) CPU =        0.005 ms (setup)        0.021 (*)        0.005 (^)        0.009 (&)        0.007 (%) 
Cl( 4, 3) in Cl( 8, 8) CPU =        0.010 ms (setup)        0.068 (*)        0.015 (^)        0.023 (&)        0.018 (%) 
Cl( 4, 4) in Cl( 8, 8) CPU =        0.019 ms (setup)        0.176 (*)        0.035 (^)        0.059 (&)        0.044 (%) 
Cl( 5, 4) in Cl( 8, 8) CPU =        0.038 ms (setup)        0.600 (*)        0.090 (^)        0.153 (&)        0.112 (%) 
Cl( 5, 5) in Cl( 8, 8) CPU =        0.083 ms (setup)        0.874 (*)        0.256 (^)        0.421 (&)        0.280 (%) 
Cl( 6, 5) in Cl( 8, 8) CPU =        0.178 ms (setup)        3.106 (*)        0.726 (^)        1.159 (&)        0.746 (%) 
Cl( 6, 6) in Cl( 8, 8) CPU =        0.359 ms (setup)        4.601 (*)        1.915 (^)        3.365 (&)        1.973 (%) 
Cl( 7, 6) in Cl( 8, 8) CPU =        0.741 ms (setup)       46.781 (*)        5.351 (^)        9.736 (&)        5.561 (%) 
Cl( 7, 7) in Cl( 8, 8) CPU =        1.465 ms (setup)       54.496 (*)       15.376 (^)       28.986 (&)       16.181 (%) 
Cl( 8, 7) in Cl( 8, 8) CPU =        3.055 ms (setup)      109.576 (*)       44.883 (^)       85.073 (&)       45.444 (%) 
Cl( 8, 8) in Cl( 8, 8) CPU =        5.981 ms (setup)      160.614 (*)      128.849 (^)      265.627 (&)      138.408 (%) 

matrix_multi<double>
Clifford algebra products test:
Fill: 0.5
Cl( 1, 0) in Cl( 1, 0) CPU =        0.007 ms (setup)        0.001 (*)        0.004 (^)        0.003 (&)        0.004 (%) 
Cl( 1, 1) in Cl( 1, 1) CPU =        0.004 ms (setup)        0.000 (*)        0.002 (^)        0.002 (&)        0.003 (%) 
Cl( 2, 1) in Cl( 2, 1) CPU =        0.003 ms (setup)        0.001 (*)        0.013 (^)        0.009 (&)        0.013 (%) 
Cl( 2, 2) in Cl( 2, 2) CPU =        0.005 ms (setup)        0.001 (*)        0.009 (^)        0.011 (&)        0.014 (%) 
Cl( 3, 2) in Cl( 3, 2) CPU =        0.012 ms (setup)        0.001 (*)        0.050 (^)        0.052 (&)        0.058 (%) 
Cl( 3, 3) in Cl( 3, 3) CPU =        0.011 ms (setup)        0.001 (*)        0.071 (^)        0.081 (&)        0.083 (%) 
Cl( 4, 3) in Cl( 4, 3) CPU =        0.026 ms (setup)        0.001 (*)        0.367 (^)        0.400 (&)        0.409 (%) 
Cl( 4, 4) in Cl( 4, 4) CPU =        0.050 ms (setup)        0.001 (*)        0.577 (^)        0.585 (&)        0.604 (%) 
Cl( 5, 4) in Cl( 5, 4) CPU =        0.120 ms (setup)        0.003 (*)        2.288 (^)        2.476 (&)        2.432 (%) 
Cl( 5, 5) in Cl( 5, 5) CPU =        0.224 ms (setup)        0.002 (*)        3.581 (^)        3.591 (&)        4.455 (%) 
Cl( 6, 5) in Cl( 6, 5) CPU =        0.542 ms (setup)        0.011 (*)       13.123 (^)       13.804 (&)       13.404 (%) 
Cl( 6, 6) in Cl( 6, 6) CPU =        1.058 ms (setup)        0.011 (*)       18.933 (^)       19.311 (&)       18.941 (%) 
Cl( 7, 6) in Cl( 7, 6) CPU =        2.450 ms (setup)        0.034 (*)      125.186 (^)      137.810 (&)      122.969 (%) 
Cl( 7, 7) in Cl( 7, 7) CPU =        4.918 ms (setup)        0.032 (*)      145.558 (^)      174.371 (&)      147.644 (%) 
Cl( 8, 7) in Cl( 8, 7) CPU =       11.481 ms (setup)        1.728 (*)      610.270 (^)      714.878 (&)      588.686 (%) 
Cl( 8, 8) in Cl( 8, 8) CPU =       23.409 ms (setup)        0.170 (*)      759.038 (^)      874.089 (&)      747.127 (%) 
Cl( 1, 0) in Cl( 8, 8) CPU =        0.019 ms (setup)        0.855 (*)       37.916 (^)       36.252 (&)       38.609 (%) 
Cl( 1, 1) in Cl( 8, 8) CPU =        0.033 ms (setup)        0.173 (*)       46.508 (^)       46.528 (&)       45.130 (%) 
Cl( 2, 1) in Cl( 8, 8) CPU =        0.034 ms (setup)        0.156 (*)       54.663 (^)       45.947 (&)       49.769 (%) 
Cl( 2, 2) in Cl( 8, 8) CPU =        0.084 ms (setup)        0.159 (*)       66.532 (^)       55.485 (&)       58.127 (%) 
Cl( 3, 2) in Cl( 8, 8) CPU =        0.234 ms (setup)        0.164 (*)       79.753 (^)       67.270 (&)       68.975 (%) 
Cl( 3, 3) in Cl( 8, 8) CPU =        0.340 ms (setup)        0.159 (*)      101.269 (^)       82.801 (&)       81.177 (%) 
Cl( 4, 3) in Cl( 8, 8) CPU =        0.395 ms (setup)        0.172 (*)      124.370 (^)      117.221 (&)       94.522 (%) 
Cl( 4, 4) in Cl( 8, 8) CPU =        0.478 ms (setup)        0.175 (*)      145.307 (^)      120.817 (&)      109.388 (%) 
Cl( 5, 4) in Cl( 8, 8) CPU =        0.744 ms (setup)        1.486 (*)      183.984 (^)      145.747 (&)      125.941 (%) 
Cl( 5, 5) in Cl( 8, 8) CPU =        1.153 ms (setup)        0.177 (*)      221.457 (^)      197.448 (&)      157.229 (%) 
Cl( 6, 5) in Cl( 8, 8) CPU =        2.363 ms (setup)        0.162 (*)      238.776 (^)      207.828 (&)      168.434 (%) 
Cl( 6, 6) in Cl( 8, 8) CPU =        4.218 ms (setup)        0.791 (*)      277.382 (^)      276.108 (&)      208.468 (%) 
Cl( 7, 6) in Cl( 8, 8) CPU =        9.918 ms (setup)        0.162 (*)      325.442 (^)      364.117 (&)      275.048 (%) 
Cl( 7, 7) in Cl( 8, 8) CPU =       19.601 ms (setup)        0.168 (*)      390.951 (^)      427.024 (&)      325.372 (%) 
Cl( 8, 7) in Cl( 8, 8) CPU =       44.407 ms (setup)        0.164 (*)      607.472 (^)      670.999 (&)      556.745 (%) 
Cl( 8, 8) in Cl( 8, 8) CPU =       23.034 ms (setup)        0.164 (*)      720.008 (^)      879.125 (&)      718.841 (%) 
Fill: 1
Cl( 1, 0) in Cl( 1, 0) CPU =        0.003 ms (setup)        0.001 (*)        0.004 (^)        0.003 (&)        0.003 (%) 
Cl( 1, 1) in Cl( 1, 1) CPU =        0.002 ms (setup)        0.000 (*)        0.005 (^)        0.003 (&)        0.004 (%) 
Cl( 2, 1) in Cl( 2, 1) CPU =        0.002 ms (setup)        0.001 (*)        0.014 (^)        0.011 (&)        0.013 (%) 
Cl( 2, 2) in Cl( 2, 2) CPU =        0.004 ms (setup)        0.000 (*)        0.021 (^)        0.017 (&)        0.020 (%) 
Cl( 3, 2) in Cl( 3, 2) CPU =        0.007 ms (setup)        0.001 (*)        0.068 (^)        0.066 (&)        0.068 (%) 
Cl( 3, 3) in Cl( 3, 3) CPU =        0.013 ms (setup)        0.001 (*)        0.105 (^)        0.099 (&)        0.104 (%) 
Cl( 4, 3) in Cl( 4, 3) CPU =        0.033 ms (setup)        0.001 (*)        0.450 (^)        0.459 (&)        0.468 (%) 
Cl( 4, 4) in Cl( 4, 4) CPU =        0.063 ms (setup)        0.001 (*)        0.702 (^)        0.686 (&)        0.699 (%) 
Cl( 5, 4) in Cl( 5, 4) CPU =        0.153 ms (setup)        0.002 (*)        2.624 (^)        2.670 (&)        2.647 (%) 
Cl( 5, 5) in Cl( 5, 5) CPU =        0.312 ms (setup)        0.002 (*)        3.828 (^)        3.852 (&)        3.855 (%) 
Cl( 6, 5) in Cl( 6, 5) CPU =        0.774 ms (setup)        0.010 (*)       14.312 (^)       14.770 (&)       14.451 (%) 
Cl( 6, 6) in Cl( 6, 6) CPU =        1.558 ms (setup)        0.011 (*)       19.932 (^)       20.491 (&)       21.077 (%) 
Cl( 7, 6) in Cl( 7, 6) CPU =        3.869 ms (setup)        0.032 (*)      129.557 (^)      143.275 (&)      127.226 (%) 
Cl( 7, 7) in Cl( 7, 7) CPU =        7.697 ms (setup)        0.210 (*)      159.778 (^)      174.318 (&)      160.974 (%) 
Cl( 8, 7) in Cl( 8, 7) CPU =       19.230 ms (setup)        0.174 (*)      623.655 (^)      723.518 (&)      608.055 (%) 
Cl( 8, 8) in Cl( 8, 8) CPU =       40.710 ms (setup)        0.176 (*)      794.605 (^)      912.038 (&)      774.594 (%) 
Cl( 1, 0) in Cl( 8, 8) CPU =        0.022 ms (setup)        0.200 (*)       42.946 (^)       36.751 (&)       46.227 (%) 
Cl( 1, 1) in Cl( 8, 8) CPU =        0.029 ms (setup)        0.170 (*)       55.541 (^)       43.192 (&)       53.805 (%) 
Cl( 2, 1) in Cl( 8, 8) CPU =        0.052 ms (setup)        0.176 (*)       63.177 (^)       55.575 (&)       62.280 (%) 
Cl( 2, 2) in Cl( 8, 8) CPU =        0.320 ms (setup)        0.185 (*)       78.250 (^)       62.807 (&)       65.308 (%) 
Cl( 3, 2) in Cl( 8, 8) CPU =        0.328 ms (setup)        0.164 (*)       93.722 (^)       79.127 (&)       75.201 (%) 
Cl( 3, 3) in Cl( 8, 8) CPU =        0.348 ms (setup)        0.907 (*)      119.892 (^)       99.667 (&)       93.416 (%) 
Cl( 4, 3) in Cl( 8, 8) CPU =        0.441 ms (setup)        0.176 (*)      147.288 (^)      122.170 (&)      109.071 (%) 
Cl( 4, 4) in Cl( 8, 8) CPU =        0.534 ms (setup)        0.177 (*)      170.794 (^)      142.954 (&)      121.952 (%) 
Cl( 5, 4) in Cl( 8, 8) CPU =        0.873 ms (setup)        1.235 (*)      208.356 (^)      170.998 (&)      140.154 (%) 
Cl( 5, 5) in Cl( 8, 8) CPU =        1.399 ms (setup)        1.023 (*)      221.027 (^)      209.389 (&)      156.145 (%) 
Cl( 6, 5) in Cl( 8, 8) CPU =        3.046 ms (setup)        0.161 (*)      257.555 (^)      239.244 (&)      185.204 (%) 
Cl( 6, 6) in Cl( 8, 8) CPU =        5.479 ms (setup)        1.870 (*)      279.232 (^)      275.062 (&)      208.719 (%) 
Cl( 7, 6) in Cl( 8, 8) CPU =       13.210 ms (setup)        0.161 (*)      359.032 (^)      364.206 (&)      284.053 (%) 
Cl( 7, 7) in Cl( 8, 8) CPU =       25.029 ms (setup)        0.909 (*)      400.564 (^)      437.183 (&)      337.903 (%) 
Cl( 8, 7) in Cl( 8, 8) CPU =       63.065 ms (setup)        1.681 (*)      685.025 (^)      737.005 (&)      609.654 (%) 
Cl( 8, 8) in Cl( 8, 8) CPU =       42.349 ms (setup)        0.176 (*)      799.946 (^)      922.140 (&)      780.542 (%) 
